[INFO] [launch]: All log files can be found below /home/ecem/.ros/log/2026-04-22-09-22-58-460890-ecem-pc-95518
[INFO] [launch]: Default logging verbosity is set to INFO
[INFO] [ign gazebo-1]: process started with pid [95533]
[INFO] [coverage_counter-2]: process started with pid [95535]
[INFO] [bump_counter-3]: process started with pid [95538]
[INFO] [parameter_bridge-4]: process started with pid [95540]
[INFO] [robot_state_publisher-5]: process started with pid [95542]
[INFO] [create-6]: process started with pid [95544]
[INFO] [robot_supervisor-7]: process started with pid [95547]
[INFO] [robot_state_publisher-8]: process started with pid [95550]
[INFO] [create-9]: process started with pid [95552]
[INFO] [robot_supervisor-10]: process started with pid [95554]
[INFO] [robot_state_publisher-11]: process started with pid [95556]
[INFO] [create-12]: process started with pid [95558]
[INFO] [robot_supervisor-13]: process started with pid [95560]
[INFO] [robot_state_publisher-14]: process started with pid [95562]
[INFO] [create-15]: process started with pid [95564]
[INFO] [robot_supervisor-16]: process started with pid [95566]
[INFO] [robot_state_publisher-17]: process started with pid [95568]
[INFO] [create-18]: process started with pid [95579]
[INFO] [robot_supervisor-19]: process started with pid [95581]
[INFO] [parameter_bridge-20]: process started with pid [95583]
[parameter_bridge-4] [ros_ign_bridge] is deprecated! Redirecting to use [ros_gz_bridge] instead!
[parameter_bridge-4] 
[create-9] [INFO] [1776842578.898260099] [robot_1.ros_gz_sim]: Requesting list of world names.
[create-6] [INFO] [1776842578.898260805] [robot_0.ros_gz_sim]: Requesting list of world names.
[create-15] [INFO] [1776842578.899376433] [robot_3.ros_gz_sim]: Requesting list of world names.
[create-12] [INFO] [1776842578.903295902] [robot_2.ros_gz_sim]: Requesting list of world names.
[parameter_bridge-4] [INFO] [1776842578.904142213] [all_robots_bridge]: Creating ROS->GZ Bridge: [/robot_0/cmd_vel (geometry_msgs/msg/Twist) -> /robot_0/cmd_vel (ignition.msgs.Twist)] (Lazy 0)
[parameter_bridge-4] [INFO] [1776842578.906310276] [all_robots_bridge]: Creating GZ->ROS Bridge: [/robot_0/odom (ignition.msgs.Odometry) -> /robot_0/odom (nav_msgs/msg/Odometry)] (Lazy 0)
[parameter_bridge-4] [INFO] [1776842578.906871213] [all_robots_bridge]: Creating GZ->ROS Bridge: [/robot_0/depth_camera/depth_image (ignition.msgs.Image) -> /robot_0/depth_camera/depth_image (sensor_msgs/msg/Image)] (Lazy 0)
[parameter_bridge-4] [INFO] [1776842578.907549724] [all_robots_bridge]: Creating GZ->ROS Bridge: [/world/random_world/model/robot_0/link/robot_0/base_footprint/sensor/contact_sensor/contact (ignition.msgs.Contacts) -> /world/random_world/model/robot_0/link/robot_0/base_footprint/sensor/contact_sensor/contact (ros_gz_interfaces/msg/Contacts)] (Lazy 0)
[parameter_bridge-4] [INFO] [1776842578.908490479] [all_robots_bridge]: Creating ROS->GZ Bridge: [/robot_1/cmd_vel (geometry_msgs/msg/Twist) -> /robot_1/cmd_vel (ignition.msgs.Twist)] (Lazy 0)
[parameter_bridge-4] [INFO] [1776842578.908942207] [all_robots_bridge]: Creating GZ->ROS Bridge: [/robot_1/odom (ignition.msgs.Odometry) -> /robot_1/odom (nav_msgs/msg/Odometry)] (Lazy 0)
[parameter_bridge-4] [INFO] [1776842578.909471256] [all_robots_bridge]: Creating GZ->ROS Bridge: [/robot_1/depth_camera/depth_image (ignition.msgs.Image) -> /robot_1/depth_camera/depth_image (sensor_msgs/msg/Image)] (Lazy 0)
[parameter_bridge-4] [INFO] [1776842578.910384734] [all_robots_bridge]: Creating GZ->ROS Bridge: [/world/random_world/model/robot_1/link/robot_1/base_footprint/sensor/contact_sensor/contact (ignition.msgs.Contacts) -> /world/random_world/model/robot_1/link/robot_1/base_footprint/sensor/contact_sensor/contact (ros_gz_interfaces/msg/Contacts)] (Lazy 0)
[robot_state_publisher-14] [INFO] [1776842578.911062622] [robot_3.robot_state_publisher]: got segment robot_3/antenna_link
[robot_state_publisher-14] [INFO] [1776842578.911271155] [robot_3.robot_state_publisher]: got segment robot_3/base_footprint
[robot_state_publisher-14] [INFO] [1776842578.911278791] [robot_3.robot_state_publisher]: got segment robot_3/base_link
[robot_state_publisher-14] [INFO] [1776842578.911282781] [robot_3.robot_state_publisher]: got segment robot_3/realsense_link
[robot_state_publisher-14] [INFO] [1776842578.911286451] [robot_3.robot_state_publisher]: got segment robot_3/rocker_L_link
[robot_state_publisher-14] [INFO] [1776842578.911289501] [robot_3.robot_state_publisher]: got segment robot_3/rocker_R_link
[robot_state_publisher-14] [INFO] [1776842578.911292462] [robot_3.robot_state_publisher]: got segment robot_3/wheel_FL_link
[robot_state_publisher-14] [INFO] [1776842578.911295730] [robot_3.robot_state_publisher]: got segment robot_3/wheel_FR_link
[robot_state_publisher-14] [INFO] [1776842578.911298861] [robot_3.robot_state_publisher]: got segment robot_3/wheel_RL_link
[robot_state_publisher-14] [INFO] [1776842578.911301848] [robot_3.robot_state_publisher]: got segment robot_3/wheel_RR_link
[parameter_bridge-4] [INFO] [1776842578.911420469] [all_robots_bridge]: Creating ROS->GZ Bridge: [/robot_2/cmd_vel (geometry_msgs/msg/Twist) -> /robot_2/cmd_vel (ignition.msgs.Twist)] (Lazy 0)
[parameter_bridge-4] [INFO] [1776842578.912558896] [all_robots_bridge]: Creating GZ->ROS Bridge: [/robot_2/odom (ignition.msgs.Odometry) -> /robot_2/odom (nav_msgs/msg/Odometry)] (Lazy 0)
[robot_state_publisher-5] [INFO] [1776842578.913485040] [robot_0.robot_state_publisher]: got segment robot_0/antenna_link
[robot_state_publisher-5] [INFO] [1776842578.913598656] [robot_0.robot_state_publisher]: got segment robot_0/base_footprint
[robot_state_publisher-5] [INFO] [1776842578.913612685] [robot_0.robot_state_publisher]: got segment robot_0/base_link
[robot_state_publisher-5] [INFO] [1776842578.913622302] [robot_0.robot_state_publisher]: got segment robot_0/realsense_link
[robot_state_publisher-5] [INFO] [1776842578.913630115] [robot_0.robot_state_publisher]: got segment robot_0/rocker_L_link
[robot_state_publisher-5] [INFO] [1776842578.913637747] [robot_0.robot_state_publisher]: got segment robot_0/rocker_R_link
[robot_state_publisher-5] [INFO] [1776842578.913645283] [robot_0.robot_state_publisher]: got segment robot_0/wheel_FL_link
[robot_state_publisher-5] [INFO] [1776842578.913652813] [robot_0.robot_state_publisher]: got segment robot_0/wheel_FR_link
[robot_state_publisher-5] [INFO] [1776842578.913660092] [robot_0.robot_state_publisher]: got segment robot_0/wheel_RL_link
[robot_state_publisher-5] [INFO] [1776842578.913667287] [robot_0.robot_state_publisher]: got segment robot_0/wheel_RR_link
[parameter_bridge-4] [INFO] [1776842578.914044476] [all_robots_bridge]: Creating GZ->ROS Bridge: [/robot_2/depth_camera/depth_image (ignition.msgs.Image) -> /robot_2/depth_camera/depth_image (sensor_msgs/msg/Image)] (Lazy 0)
[parameter_bridge-4] [INFO] [1776842578.914782709] [all_robots_bridge]: Creating GZ->ROS Bridge: [/world/random_world/model/robot_2/link/robot_2/base_footprint/sensor/contact_sensor/contact (ignition.msgs.Contacts) -> /world/random_world/model/robot_2/link/robot_2/base_footprint/sensor/contact_sensor/contact (ros_gz_interfaces/msg/Contacts)] (Lazy 0)
[parameter_bridge-4] [INFO] [1776842578.915604585] [all_robots_bridge]: Creating ROS->GZ Bridge: [/robot_3/cmd_vel (geometry_msgs/msg/Twist) -> /robot_3/cmd_vel (ignition.msgs.Twist)] (Lazy 0)
[parameter_bridge-4] [INFO] [1776842578.916290360] [all_robots_bridge]: Creating GZ->ROS Bridge: [/robot_3/odom (ignition.msgs.Odometry) -> /robot_3/odom (nav_msgs/msg/Odometry)] (Lazy 0)
[parameter_bridge-4] [INFO] [1776842578.917209519] [all_robots_bridge]: Creating GZ->ROS Bridge: [/robot_3/depth_camera/depth_image (ignition.msgs.Image) -> /robot_3/depth_camera/depth_image (sensor_msgs/msg/Image)] (Lazy 0)
[parameter_bridge-4] [INFO] [1776842578.917818129] [all_robots_bridge]: Creating GZ->ROS Bridge: [/world/random_world/model/robot_3/link/robot_3/base_footprint/sensor/contact_sensor/contact (ignition.msgs.Contacts) -> /world/random_world/model/robot_3/link/robot_3/base_footprint/sensor/contact_sensor/contact (ros_gz_interfaces/msg/Contacts)] (Lazy 0)
[parameter_bridge-4] [INFO] [1776842578.918483664] [all_robots_bridge]: Creating ROS->GZ Bridge: [/robot_4/cmd_vel (geometry_msgs/msg/Twist) -> /robot_4/cmd_vel (ignition.msgs.Twist)] (Lazy 0)
[parameter_bridge-4] [INFO] [1776842578.919063417] [all_robots_bridge]: Creating GZ->ROS Bridge: [/robot_4/odom (ignition.msgs.Odometry) -> /robot_4/odom (nav_msgs/msg/Odometry)] (Lazy 0)
[parameter_bridge-4] [INFO] [1776842578.919546352] [all_robots_bridge]: Creating GZ->ROS Bridge: [/robot_4/depth_camera/depth_image (ignition.msgs.Image) -> /robot_4/depth_camera/depth_image (sensor_msgs/msg/Image)] (Lazy 0)
[parameter_bridge-4] [INFO] [1776842578.919956198] [all_robots_bridge]: Creating GZ->ROS Bridge: [/world/random_world/model/robot_4/link/robot_4/base_footprint/sensor/contact_sensor/contact (ignition.msgs.Contacts) -> /world/random_world/model/robot_4/link/robot_4/base_footprint/sensor/contact_sensor/contact (ros_gz_interfaces/msg/Contacts)] (Lazy 0)
[parameter_bridge-4] [INFO] [1776842578.920356835] [all_robots_bridge]: Creating GZ->ROS Bridge: [/world/random_world/dynamic_pose/info (ignition.msgs.Pose_V) -> /world/random_world/dynamic_pose/info (tf2_msgs/msg/TFMessage)] (Lazy 0)
[create-18] [INFO] [1776842578.920791194] [robot_4.ros_gz_sim]: Requesting list of world names.
[robot_state_publisher-17] [INFO] [1776842578.923190832] [robot_4.robot_state_publisher]: got segment robot_4/antenna_link
[robot_state_publisher-17] [INFO] [1776842578.923275949] [robot_4.robot_state_publisher]: got segment robot_4/base_footprint
[robot_state_publisher-17] [INFO] [1776842578.923285861] [robot_4.robot_state_publisher]: got segment robot_4/base_link
[robot_state_publisher-17] [INFO] [1776842578.923292226] [robot_4.robot_state_publisher]: got segment robot_4/realsense_link
[robot_state_publisher-17] [INFO] [1776842578.923297755] [robot_4.robot_state_publisher]: got segment robot_4/rocker_L_link
[robot_state_publisher-17] [INFO] [1776842578.923303426] [robot_4.robot_state_publisher]: got segment robot_4/rocker_R_link
[robot_state_publisher-17] [INFO] [1776842578.923308788] [robot_4.robot_state_publisher]: got segment robot_4/wheel_FL_link
[robot_state_publisher-17] [INFO] [1776842578.923314494] [robot_4.robot_state_publisher]: got segment robot_4/wheel_FR_link
[robot_state_publisher-17] [INFO] [1776842578.923319692] [robot_4.robot_state_publisher]: got segment robot_4/wheel_RL_link
[robot_state_publisher-17] [INFO] [1776842578.923325077] [robot_4.robot_state_publisher]: got segment robot_4/wheel_RR_link
[robot_state_publisher-11] [INFO] [1776842578.928644710] [robot_2.robot_state_publisher]: got segment robot_2/antenna_link
[robot_state_publisher-11] [INFO] [1776842578.928777521] [robot_2.robot_state_publisher]: got segment robot_2/base_footprint
[robot_state_publisher-11] [INFO] [1776842578.928792121] [robot_2.robot_state_publisher]: got segment robot_2/base_link
[robot_state_publisher-11] [INFO] [1776842578.928801442] [robot_2.robot_state_publisher]: got segment robot_2/realsense_link
[robot_state_publisher-11] [INFO] [1776842578.928809649] [robot_2.robot_state_publisher]: got segment robot_2/rocker_L_link
[robot_state_publisher-11] [INFO] [1776842578.928817198] [robot_2.robot_state_publisher]: got segment robot_2/rocker_R_link
[robot_state_publisher-11] [INFO] [1776842578.928825052] [robot_2.robot_state_publisher]: got segment robot_2/wheel_FL_link
[robot_state_publisher-11] [INFO] [1776842578.928832462] [robot_2.robot_state_publisher]: got segment robot_2/wheel_FR_link
[robot_state_publisher-11] [INFO] [1776842578.928839684] [robot_2.robot_state_publisher]: got segment robot_2/wheel_RL_link
[robot_state_publisher-11] [INFO] [1776842578.928847025] [robot_2.robot_state_publisher]: got segment robot_2/wheel_RR_link
[robot_state_publisher-8] [INFO] [1776842578.933512674] [robot_1.robot_state_publisher]: got segment robot_1/antenna_link
[robot_state_publisher-8] [INFO] [1776842578.933586664] [robot_1.robot_state_publisher]: got segment robot_1/base_footprint
[robot_state_publisher-8] [INFO] [1776842578.933592451] [robot_1.robot_state_publisher]: got segment robot_1/base_link
[robot_state_publisher-8] [INFO] [1776842578.933602717] [robot_1.robot_state_publisher]: got segment robot_1/realsense_link
[robot_state_publisher-8] [INFO] [1776842578.933606322] [robot_1.robot_state_publisher]: got segment robot_1/rocker_L_link
[robot_state_publisher-8] [INFO] [1776842578.933609393] [robot_1.robot_state_publisher]: got segment robot_1/rocker_R_link
[robot_state_publisher-8] [INFO] [1776842578.933612360] [robot_1.robot_state_publisher]: got segment robot_1/wheel_FL_link
[robot_state_publisher-8] [INFO] [1776842578.933615553] [robot_1.robot_state_publisher]: got segment robot_1/wheel_FR_link
[robot_state_publisher-8] [INFO] [1776842578.933618670] [robot_1.robot_state_publisher]: got segment robot_1/wheel_RL_link
[robot_state_publisher-8] [INFO] [1776842578.933621731] [robot_1.robot_state_publisher]: got segment robot_1/wheel_RR_link
[parameter_bridge-20] [INFO] [1776842578.936482922] [clock_bridge]: Creating GZ->ROS Bridge: [/clock (ignition.msgs.Clock) -> /clock (rosgraph_msgs/msg/Clock)] (Lazy 0)
[bump_counter-3] [INFO] [1776842579.105688932] [bump_counter]: [global] global_mode=True cooldown(robot)=0.80s cooldown(obs)=0.50s Logging to /home/ecem/ros2_ws/src/Leo_sct/results_exp/explore/vague/prompt_3/run_7/middle_circle/trial_2/run_20260422_092258/bumps_global_092259.csv
[robot_supervisor-10] [INFO] [1776842579.184734721] [robot_1.robot_supervisor]: Loaded initial mission 'explore' from explicit YAML explore_sup_gpt_vague_3_run_7_183.yaml
[robot_supervisor-7] [INFO] [1776842579.190555451] [robot_0.robot_supervisor]: Loaded initial mission 'explore' from explicit YAML explore_sup_gpt_vague_3_run_7_183.yaml
[robot_supervisor-13] [INFO] [1776842579.200117422] [robot_2.robot_supervisor]: Loaded initial mission 'explore' from explicit YAML explore_sup_gpt_vague_3_run_7_183.yaml
[robot_supervisor-19] [INFO] [1776842579.212641532] [robot_4.robot_supervisor]: Loaded initial mission 'explore' from explicit YAML explore_sup_gpt_vague_3_run_7_183.yaml
[robot_supervisor-16] [INFO] [1776842579.232495318] [robot_3.robot_supervisor]: Loaded initial mission 'explore' from explicit YAML explore_sup_gpt_vague_3_run_7_183.yaml
[robot_supervisor-10] [INFO] [1776842579.289513558] [robot_1.robot_supervisor]: Selected controllable event: EV_random_walk
[parameter_bridge-4] [INFO] [1776842579.289895681] [all_robots_bridge]: Passing message from ROS geometry_msgs/msg/Twist to Gazebo gz.msgs.Twist (showing msg only once per type)
[create-6] [INFO] [1776842579.292493263] [robot_0.ros_gz_sim]: Waiting messages on topic [/robot_0/robot_description].
[robot_supervisor-7] [INFO] [1776842579.294738505] [robot_0.robot_supervisor]: Selected controllable event: EV_random_walk
[robot_supervisor-13] [INFO] [1776842579.306362850] [robot_2.robot_supervisor]: Selected controllable event: EV_random_walk
[robot_supervisor-19] [INFO] [1776842579.316533535] [robot_4.robot_supervisor]: Selected controllable event: EV_random_walk
[robot_supervisor-16] [INFO] [1776842579.336126187] [robot_3.robot_supervisor]: Selected controllable event: EV_random_walk
[create-12] [INFO] [1776842579.392699643] [robot_2.ros_gz_sim]: Waiting messages on topic [/robot_2/robot_description].
[create-15] [INFO] [1776842579.493119787] [robot_3.ros_gz_sim]: Waiting messages on topic [/robot_3/robot_description].
[create-18] [INFO] [1776842579.593591591] [robot_4.ros_gz_sim]: Waiting messages on topic [/robot_4/robot_description].
[create-6] [INFO] [1776842579.692785256] [robot_0.ros_gz_sim]: Requested creation of entity.
[create-6] [INFO] [1776842579.692839454] [robot_0.ros_gz_sim]: OK creation of entity.
[create-18] [INFO] [1776842579.693001563] [robot_4.ros_gz_sim]: Requested creation of entity.
[create-18] [INFO] [1776842579.693053230] [robot_4.ros_gz_sim]: OK creation of entity.
[create-15] [INFO] [1776842579.693156384] [robot_3.ros_gz_sim]: Requested creation of entity.
[create-15] [INFO] [1776842579.693211325] [robot_3.ros_gz_sim]: OK creation of entity.
[create-12] [INFO] [1776842579.693425413] [robot_2.ros_gz_sim]: Requested creation of entity.
[create-12] [INFO] [1776842579.693476178] [robot_2.ros_gz_sim]: OK creation of entity.
[create-9] [INFO] [1776842579.693512765] [robot_1.ros_gz_sim]: Waiting messages on topic [/robot_1/robot_description].
[create-9] [INFO] [1776842579.696663234] [robot_1.ros_gz_sim]: Requested creation of entity.
[create-9] [INFO] [1776842579.696713763] [robot_1.ros_gz_sim]: OK creation of entity.
[INFO] [create-12]: process has finished cleanly [pid 95558]
[INFO] [create-18]: process has finished cleanly [pid 95579]
[INFO] [create-9]: process has finished cleanly [pid 95552]
[INFO] [create-6]: process has finished cleanly [pid 95544]
[INFO] [create-15]: process has finished cleanly [pid 95564]
[bump_counter-3] [INFO] [1776842580.165410133] [bump_counter]: [global] subscribed: /world/random_world/model/robot_0/link/robot_0/base_footprint/sensor/contact_sensor/contact
[bump_counter-3] [INFO] [1776842580.167381590] [bump_counter]: [global] subscribed: /world/random_world/model/robot_1/link/robot_1/base_footprint/sensor/contact_sensor/contact
[bump_counter-3] [INFO] [1776842580.168060006] [bump_counter]: [global] subscribed: /world/random_world/model/robot_2/link/robot_2/base_footprint/sensor/contact_sensor/contact
[bump_counter-3] [INFO] [1776842580.169199580] [bump_counter]: [global] subscribed: /world/random_world/model/robot_3/link/robot_3/base_footprint/sensor/contact_sensor/contact
[bump_counter-3] [INFO] [1776842580.170536139] [bump_counter]: [global] subscribed: /world/random_world/model/robot_4/link/robot_4/base_footprint/sensor/contact_sensor/contact
[INFO] [image_processor-21]: process started with pid [95929]
[INFO] [image_processor-22]: process started with pid [95931]
[INFO] [image_processor-23]: process started with pid [95933]
[INFO] [image_processor-24]: process started with pid [95935]
[INFO] [image_processor-25]: process started with pid [95937]
[image_processor-21] [INFO] [1776842580.903690101] [robot_0.image_processor]: image_processor: depth='/robot_0/depth_camera/depth_image' aruco_runtime=disabled
[image_processor-22] [INFO] [1776842580.910703223] [robot_1.image_processor]: image_processor: depth='/robot_1/depth_camera/depth_image' aruco_runtime=disabled
[image_processor-23] [INFO] [1776842580.919860999] [robot_2.image_processor]: image_processor: depth='/robot_2/depth_camera/depth_image' aruco_runtime=disabled
[image_processor-24] [INFO] [1776842580.920794658] [robot_3.image_processor]: image_processor: depth='/robot_3/depth_camera/depth_image' aruco_runtime=disabled
[image_processor-25] [INFO] [1776842580.946767244] [robot_4.image_processor]: image_processor: depth='/robot_4/depth_camera/depth_image' aruco_runtime=disabled
[image_processor-21] [INFO] [1776842584.357257197] [robot_0.image_processor]: Zone=CLEAR  left[p=1.026 near=0 v=7650]  front[p=1.493 near=0 v=13500]  right[p=2.221 near=0 v=7740]
[image_processor-23] [INFO] [1776842584.365187366] [robot_2.image_processor]: Zone=CLEAR  left[p=1.875 near=0 v=7650]  front[p=2.263 near=0 v=12349]  right[p=1.628 near=0 v=7740]
[image_processor-24] [INFO] [1776842584.375015155] [robot_3.image_processor]: Zone=CLEAR  left[p=0.894 near=0 v=7620]  front[p=3.072 near=0 v=13297]  right[p=2.913 near=0 v=7740]
[image_processor-22] [INFO] [1776842584.391781341] [robot_1.image_processor]: Zone=CLEAR  left[p=3.007 near=0 v=7650]  front[p=3.426 near=0 v=13244]  right[p=2.532 near=0 v=7517]
[image_processor-25] [INFO] [1776842584.482793212] [robot_4.image_processor]: Zone=CLEAR  left[p=2.299 near=0 v=7157]  front[p=2.450 near=0 v=13239]  right[p=3.007 near=0 v=7740]
[image_processor-21] [INFO] [1776842586.861056663] [robot_0.image_processor]: Zone=CLEAR
[image_processor-23] [INFO] [1776842586.874971501] [robot_2.image_processor]: Zone=CLEAR
[image_processor-24] [INFO] [1776842586.883332805] [robot_3.image_processor]: Zone=CLEAR
[image_processor-25] [INFO] [1776842586.892505910] [robot_4.image_processor]: Zone=CLEAR
[image_processor-22] [INFO] [1776842586.906526761] [robot_1.image_processor]: Zone=CLEAR
[image_processor-21] [INFO] [1776842589.362105182] [robot_0.image_processor]: Zone=CLEAR
[image_processor-23] [INFO] [1776842589.375680694] [robot_2.image_processor]: Zone=CLEAR
[image_processor-24] [INFO] [1776842589.383279728] [robot_3.image_processor]: Zone=CLEAR
[image_processor-25] [INFO] [1776842589.394293874] [robot_4.image_processor]: Zone=CLEAR
[image_processor-22] [INFO] [1776842589.401539315] [robot_1.image_processor]: Zone=CLEAR
[image_processor-21] [INFO] [1776842591.860293239] [robot_0.image_processor]: Zone=CLEAR
[image_processor-24] [INFO] [1776842591.880019963] [robot_3.image_processor]: Zone=CLEAR
[image_processor-25] [INFO] [1776842591.892952526] [robot_4.image_processor]: Zone=CLEAR
[image_processor-22] [INFO] [1776842591.912331303] [robot_1.image_processor]: Zone=CLEAR
[image_processor-23] [INFO] [1776842591.975042766] [robot_2.image_processor]: Zone=CLEAR
[image_processor-21] [INFO] [1776842594.356475913] [robot_0.image_processor]: Zone=CLEAR
[image_processor-23] [INFO] [1776842594.365959981] [robot_2.image_processor]: Zone=CLEAR
[image_processor-24] [INFO] [1776842594.373151621] [robot_3.image_processor]: Zone=CLEAR
[image_processor-25] [INFO] [1776842594.382077723] [robot_4.image_processor]: Zone=CLEAR
[image_processor-22] [INFO] [1776842594.392041596] [robot_1.image_processor]: Zone=CLEAR
[image_processor-23] [INFO] [1776842596.862695091] [robot_2.image_processor]: Zone=CLEAR
[image_processor-24] [INFO] [1776842596.870757940] [robot_3.image_processor]: Zone=CLEAR
[image_processor-25] [INFO] [1776842596.879589300] [robot_4.image_processor]: Zone=CLEAR
[image_processor-22] [INFO] [1776842596.888579806] [robot_1.image_processor]: Zone=CLEAR
[image_processor-21] [INFO] [1776842596.955285905] [robot_0.image_processor]: Zone=CLEAR
[image_processor-21] [INFO] [1776842599.357126490] [robot_0.image_processor]: Zone=CLEAR
[image_processor-24] [INFO] [1776842599.371791886] [robot_3.image_processor]: Zone=CLEAR
[image_processor-25] [INFO] [1776842599.380936829] [robot_4.image_processor]: Zone=CLEAR
[image_processor-22] [INFO] [1776842599.390246650] [robot_1.image_processor]: Zone=CLEAR
[image_processor-23] [INFO] [1776842599.465945349] [robot_2.image_processor]: Zone=CLEAR
[image_processor-21] [INFO] [1776842601.858440181] [robot_0.image_processor]: Zone=CLEAR
[image_processor-23] [INFO] [1776842601.866250444] [robot_2.image_processor]: Zone=CLEAR
[image_processor-24] [INFO] [1776842601.874792854] [robot_3.image_processor]: Zone=CLEAR
[image_processor-25] [INFO] [1776842601.883212508] [robot_4.image_processor]: Zone=CLEAR
[image_processor-22] [INFO] [1776842601.991862476] [robot_1.image_processor]: Zone=CLEAR
[image_processor-21] [INFO] [1776842604.356419490] [robot_0.image_processor]: Zone=CLEAR
[image_processor-23] [INFO] [1776842604.365663263] [robot_2.image_processor]: Zone=CLEAR
[image_processor-24] [INFO] [1776842604.373948936] [robot_3.image_processor]: Zone=CLEAR
[image_processor-25] [INFO] [1776842604.383576391] [robot_4.image_processor]: Zone=CLEAR
[image_processor-22] [INFO] [1776842604.394687548] [robot_1.image_processor]: Zone=CLEAR
[image_processor-21] [INFO] [1776842606.856203550] [robot_0.image_processor]: Zone=CLEAR
[image_processor-23] [INFO] [1776842606.865055590] [robot_2.image_processor]: Zone=CLEAR
[image_processor-24] [INFO] [1776842606.874747500] [robot_3.image_processor]: Zone=CLEAR
[image_processor-25] [INFO] [1776842606.882158310] [robot_4.image_processor]: Zone=CLEAR
[image_processor-22] [INFO] [1776842606.891220151] [robot_1.image_processor]: Zone=CLEAR
[image_processor-21] [INFO] [1776842609.353718200] [robot_0.image_processor]: Zone=CLEAR
[image_processor-23] [INFO] [1776842609.363834308] [robot_2.image_processor]: Zone=CLEAR
[image_processor-24] [INFO] [1776842609.372454876] [robot_3.image_processor]: Zone=CLEAR
[image_processor-25] [INFO] [1776842609.381478892] [robot_4.image_processor]: Zone=CLEAR
[image_processor-22] [INFO] [1776842609.390733541] [robot_1.image_processor]: Zone=CLEAR
[image_processor-23] [INFO] [1776842611.863486271] [robot_2.image_processor]: Zone=CLEAR
[image_processor-24] [INFO] [1776842611.872447236] [robot_3.image_processor]: Zone=CLEAR
[image_processor-25] [INFO] [1776842611.882210676] [robot_4.image_processor]: Zone=CLEAR
[image_processor-22] [INFO] [1776842611.889545193] [robot_1.image_processor]: Zone=CLEAR
[image_processor-21] [INFO] [1776842611.958719704] [robot_0.image_processor]: Zone=CLEAR
[image_processor-21] [INFO] [1776842614.355367766] [robot_0.image_processor]: Zone=CLEAR
[image_processor-23] [INFO] [1776842614.365152621] [robot_2.image_processor]: Zone=CLEAR
[image_processor-24] [INFO] [1776842614.371479819] [robot_3.image_processor]: Zone=CLEAR
[image_processor-25] [INFO] [1776842614.380294561] [robot_4.image_processor]: Zone=CLEAR
[image_processor-22] [INFO] [1776842614.489295489] [robot_1.image_processor]: Zone=CLEAR
[image_processor-21] [INFO] [1776842616.861359884] [robot_0.image_processor]: Zone=CLEAR
[image_processor-23] [INFO] [1776842616.869078164] [robot_2.image_processor]: Zone=CLEAR
[image_processor-24] [INFO] [1776842616.882781674] [robot_3.image_processor]: Zone=CLEAR
[image_processor-25] [INFO] [1776842616.892135462] [robot_4.image_processor]: Zone=CLEAR
[image_processor-22] [INFO] [1776842616.901958973] [robot_1.image_processor]: Zone=CLEAR
[image_processor-21] [INFO] [1776842619.359341339] [robot_0.image_processor]: Zone=CLEAR
[image_processor-23] [INFO] [1776842619.365510240] [robot_2.image_processor]: Zone=CLEAR
[image_processor-24] [INFO] [1776842619.373498539] [robot_3.image_processor]: Zone=CLEAR
[image_processor-25] [INFO] [1776842619.383016338] [robot_4.image_processor]: Zone=CLEAR
[image_processor-22] [INFO] [1776842619.392430120] [robot_1.image_processor]: Zone=CLEAR
[image_processor-21] [INFO] [1776842621.857311961] [robot_0.image_processor]: Zone=CLEAR
[image_processor-24] [INFO] [1776842621.878828336] [robot_3.image_processor]: Zone=CLEAR
[image_processor-25] [INFO] [1776842621.888258383] [robot_4.image_processor]: Zone=CLEAR
[image_processor-22] [INFO] [1776842621.897923383] [robot_1.image_processor]: Zone=CLEAR
[image_processor-23] [INFO] [1776842621.966576512] [robot_2.image_processor]: Zone=CLEAR
[image_processor-21] [INFO] [1776842624.357775518] [robot_0.image_processor]: Zone=CLEAR
[image_processor-23] [INFO] [1776842624.366631884] [robot_2.image_processor]: Zone=CLEAR
[image_processor-24] [INFO] [1776842624.376455891] [robot_3.image_processor]: Zone=CLEAR
[image_processor-25] [INFO] [1776842624.388098154] [robot_4.image_processor]: Zone=CLEAR
[image_processor-22] [INFO] [1776842624.396830978] [robot_1.image_processor]: Zone=CLEAR
[image_processor-21] [INFO] [1776842626.858899704] [robot_0.image_processor]: Zone=CLEAR
[image_processor-23] [INFO] [1776842626.868425925] [robot_2.image_processor]: Zone=CLEAR
[image_processor-24] [INFO] [1776842626.877099365] [robot_3.image_processor]: Zone=CLEAR
[image_processor-25] [INFO] [1776842626.888187999] [robot_4.image_processor]: Zone=CLEAR
[image_processor-22] [INFO] [1776842626.896695519] [robot_1.image_processor]: Zone=CLEAR
[image_processor-21] [INFO] [1776842629.357131612] [robot_0.image_processor]: Zone=CLEAR
[image_processor-23] [INFO] [1776842629.364860076] [robot_2.image_processor]: Zone=CLEAR
[image_processor-24] [INFO] [1776842629.372475185] [robot_3.image_processor]: Zone=CLEAR
[image_processor-25] [INFO] [1776842629.381829766] [robot_4.image_processor]: Zone=CLEAR
[image_processor-22] [INFO] [1776842629.389078063] [robot_1.image_processor]: Zone=CLEAR
[image_processor-21] [INFO] [1776842631.854715067] [robot_0.image_processor]: Zone=CLEAR
[image_processor-23] [INFO] [1776842631.865049739] [robot_2.image_processor]: Zone=CLEAR
[image_processor-24] [INFO] [1776842631.872201723] [robot_3.image_processor]: Zone=CLEAR
[image_processor-25] [INFO] [1776842631.879246397] [robot_4.image_processor]: Zone=CLEAR
[image_processor-22] [INFO] [1776842631.887313920] [robot_1.image_processor]: Zone=CLEAR
[image_processor-23] [INFO] [1776842634.362318222] [robot_2.image_processor]: Zone=CLEAR
[image_processor-24] [INFO] [1776842634.369836337] [robot_3.image_processor]: Zone=CLEAR
[image_processor-25] [INFO] [1776842634.377961487] [robot_4.image_processor]: Zone=CLEAR
[image_processor-22] [INFO] [1776842634.387251171] [robot_1.image_processor]: Zone=CLEAR
[image_processor-21] [INFO] [1776842634.456368913] [robot_0.image_processor]: Zone=CLEAR
[image_processor-21] [INFO] [1776842636.872453366] [robot_0.image_processor]: Zone=CLEAR
[image_processor-23] [INFO] [1776842636.910334786] [robot_2.image_processor]: Zone=CLEAR
[image_processor-24] [INFO] [1776842636.926866982] [robot_3.image_processor]: Zone=CLEAR
[image_processor-22] [INFO] [1776842636.955585179] [robot_1.image_processor]: Zone=CLEAR
[image_processor-25] [INFO] [1776842637.043043183] [robot_4.image_processor]: Zone=CLEAR
[image_processor-21] [INFO] [1776842639.359469548] [robot_0.image_processor]: Zone=CLEAR
[image_processor-23] [INFO] [1776842639.365548071] [robot_2.image_processor]: Zone=CLEAR
[image_processor-24] [INFO] [1776842639.374750545] [robot_3.image_processor]: Zone=CLEAR
[image_processor-25] [INFO] [1776842639.382714035] [robot_4.image_processor]: Zone=CLEAR
[image_processor-22] [INFO] [1776842639.392277478] [robot_1.image_processor]: Zone=CLEAR
[image_processor-21] [INFO] [1776842641.860979058] [robot_0.image_processor]: Zone=CLEAR
[image_processor-23] [INFO] [1776842641.867041489] [robot_2.image_processor]: Zone=CLEAR
[image_processor-24] [INFO] [1776842641.877554261] [robot_3.image_processor]: Zone=CLEAR
[image_processor-25] [INFO] [1776842641.885633480] [robot_4.image_processor]: Zone=CLEAR
[image_processor-22] [INFO] [1776842641.898650180] [robot_1.image_processor]: Zone=CLEAR
[image_processor-21] [INFO] [1776842644.359756371] [robot_0.image_processor]: Zone=CLEAR
[image_processor-23] [INFO] [1776842644.370005623] [robot_2.image_processor]: Zone=CLEAR
[image_processor-24] [INFO] [1776842644.379010785] [robot_3.image_processor]: Zone=CLEAR
[image_processor-25] [INFO] [1776842644.387304350] [robot_4.image_processor]: Zone=CLEAR
[image_processor-22] [INFO] [1776842644.396305084] [robot_1.image_processor]: Zone=CLEAR
[image_processor-21] [INFO] [1776842646.856582131] [robot_0.image_processor]: Zone=CLEAR
[image_processor-23] [INFO] [1776842646.864820172] [robot_2.image_processor]: Zone=CLEAR
[image_processor-24] [INFO] [1776842646.874419490] [robot_3.image_processor]: Zone=CLEAR
[image_processor-25] [INFO] [1776842646.882319817] [robot_4.image_processor]: Zone=CLEAR
[image_processor-22] [INFO] [1776842646.890516796] [robot_1.image_processor]: Zone=CLEAR
[image_processor-21] [INFO] [1776842649.355020903] [robot_0.image_processor]: Zone=CLEAR
[image_processor-23] [INFO] [1776842649.363813651] [robot_2.image_processor]: Zone=CLEAR
[image_processor-24] [INFO] [1776842649.373042195] [robot_3.image_processor]: Zone=CLEAR
[image_processor-25] [INFO] [1776842649.380935034] [robot_4.image_processor]: Zone=CLEAR
[image_processor-22] [INFO] [1776842649.392112567] [robot_1.image_processor]: Zone=CLEAR
[image_processor-21] [INFO] [1776842651.857868448] [robot_0.image_processor]: Zone=CLEAR
[image_processor-23] [INFO] [1776842651.864861828] [robot_2.image_processor]: Zone=CLEAR
[image_processor-24] [INFO] [1776842651.872482333] [robot_3.image_processor]: Zone=CLEAR
[image_processor-25] [INFO] [1776842651.879538972] [robot_4.image_processor]: Zone=CLEAR
[image_processor-22] [INFO] [1776842651.888802097] [robot_1.image_processor]: Zone=CLEAR
[image_processor-21] [INFO] [1776842654.358448743] [robot_0.image_processor]: Zone=CLEAR
[image_processor-23] [INFO] [1776842654.366092909] [robot_2.image_processor]: Zone=CLEAR
[image_processor-25] [INFO] [1776842654.386917442] [robot_4.image_processor]: Zone=CLEAR
[image_processor-22] [INFO] [1776842654.400165646] [robot_1.image_processor]: Zone=CLEAR
[image_processor-24] [INFO] [1776842654.476439548] [robot_3.image_processor]: Zone=CLEAR
[image_processor-21] [INFO] [1776842656.856824417] [robot_0.image_processor]: Zone=CLEAR
[image_processor-23] [INFO] [1776842656.863796921] [robot_2.image_processor]: Zone=CLEAR
[image_processor-24] [INFO] [1776842656.872898231] [robot_3.image_processor]: Zone=CLEAR
[image_processor-25] [INFO] [1776842656.882671692] [robot_4.image_processor]: Zone=CLEAR
[image_processor-22] [INFO] [1776842656.892068201] [robot_1.image_processor]: Zone=CLEAR
[image_processor-21] [INFO] [1776842659.358528272] [robot_0.image_processor]: Zone=CLEAR
[image_processor-23] [INFO] [1776842659.365303411] [robot_2.image_processor]: Zone=CLEAR
[image_processor-25] [INFO] [1776842659.382701815] [robot_4.image_processor]: Zone=CLEAR
[image_processor-22] [INFO] [1776842659.390600585] [robot_1.image_processor]: Zone=CLEAR
[image_processor-24] [INFO] [1776842659.476245654] [robot_3.image_processor]: Zone=CLEAR
[image_processor-21] [INFO] [1776842661.863380067] [robot_0.image_processor]: Zone=CLEAR
[image_processor-23] [INFO] [1776842661.877514994] [robot_2.image_processor]: Zone=CLEAR
[image_processor-24] [INFO] [1776842661.884798173] [robot_3.image_processor]: Zone=CLEAR
[image_processor-25] [INFO] [1776842661.892632185] [robot_4.image_processor]: Zone=CLEAR
[image_processor-22] [INFO] [1776842661.906193501] [robot_1.image_processor]: Zone=CLEAR
[image_processor-21] [INFO] [1776842664.354605423] [robot_0.image_processor]: Zone=CLEAR
[image_processor-23] [INFO] [1776842664.364183902] [robot_2.image_processor]: Zone=CLEAR
[image_processor-25] [INFO] [1776842664.380062401] [robot_4.image_processor]: Zone=CLEAR
[image_processor-22] [INFO] [1776842664.387139257] [robot_1.image_processor]: Zone=CLEAR
[image_processor-24] [INFO] [1776842664.474325967] [robot_3.image_processor]: Zone=CLEAR
[image_processor-21] [INFO] [1776842666.855618472] [robot_0.image_processor]: Zone=CLEAR
[image_processor-23] [INFO] [1776842666.863323846] [robot_2.image_processor]: Zone=CLEAR
[image_processor-24] [INFO] [1776842666.874133522] [robot_3.image_processor]: Zone=CLEAR
[image_processor-25] [INFO] [1776842666.881560369] [robot_4.image_processor]: Zone=CLEAR
[image_processor-22] [INFO] [1776842666.891490833] [robot_1.image_processor]: Zone=CLEAR
[image_processor-21] [INFO] [1776842669.355774245] [robot_0.image_processor]: Zone=CLEAR
[image_processor-23] [INFO] [1776842669.364120664] [robot_2.image_processor]: Zone=CLEAR
[image_processor-24] [INFO] [1776842669.372945315] [robot_3.image_processor]: Zone=CLEAR
[image_processor-25] [INFO] [1776842669.381098657] [robot_4.image_processor]: Zone=CLEAR
[image_processor-22] [INFO] [1776842669.491145690] [robot_1.image_processor]: Zone=CLEAR
[image_processor-21] [INFO] [1776842671.858383302] [robot_0.image_processor]: Zone=CLEAR
[image_processor-23] [INFO] [1776842671.865355008] [robot_2.image_processor]: Zone=CLEAR
[image_processor-24] [INFO] [1776842671.873045799] [robot_3.image_processor]: Zone=CLEAR
[image_processor-25] [INFO] [1776842671.881763504] [robot_4.image_processor]: Zone=CLEAR
[image_processor-22] [INFO] [1776842671.991380307] [robot_1.image_processor]: Zone=CLEAR
[image_processor-21] [INFO] [1776842674.358407535] [robot_0.image_processor]: Zone=CLEAR
[image_processor-23] [INFO] [1776842674.365260254] [robot_2.image_processor]: Zone=CLEAR
[image_processor-24] [INFO] [1776842674.372678110] [robot_3.image_processor]: Zone=CLEAR
[image_processor-25] [INFO] [1776842674.382219477] [robot_4.image_processor]: Zone=CLEAR
[image_processor-22] [INFO] [1776842674.389492588] [robot_1.image_processor]: Zone=CLEAR
[image_processor-21] [INFO] [1776842676.864650554] [robot_0.image_processor]: Zone=CLEAR
[image_processor-23] [INFO] [1776842676.871097188] [robot_2.image_processor]: Zone=CLEAR
[image_processor-24] [INFO] [1776842676.878107085] [robot_3.image_processor]: Zone=CLEAR
[image_processor-25] [INFO] [1776842676.887353540] [robot_4.image_processor]: Zone=CLEAR
[image_processor-22] [INFO] [1776842676.897498711] [robot_1.image_processor]: Zone=CLEAR
[image_processor-21] [INFO] [1776842679.356565753] [robot_0.image_processor]: Zone=CLEAR
[image_processor-23] [INFO] [1776842679.363852826] [robot_2.image_processor]: Zone=CLEAR
[image_processor-24] [INFO] [1776842679.371555661] [robot_3.image_processor]: Zone=CLEAR
[image_processor-25] [INFO] [1776842679.380678389] [robot_4.image_processor]: Zone=CLEAR
[image_processor-22] [INFO] [1776842679.388642452] [robot_1.image_processor]: Zone=CLEAR
[image_processor-21] [INFO] [1776842681.855393880] [robot_0.image_processor]: Zone=CLEAR
[image_processor-23] [INFO] [1776842681.862476794] [robot_2.image_processor]: Zone=CLEAR
[image_processor-24] [INFO] [1776842681.871713270] [robot_3.image_processor]: Zone=CLEAR
[image_processor-22] [INFO] [1776842681.888344731] [robot_1.image_processor]: Zone=CLEAR
[image_processor-25] [INFO] [1776842681.980628182] [robot_4.image_processor]: Zone=CLEAR
[image_processor-21] [INFO] [1776842684.356848872] [robot_0.image_processor]: Zone=CLEAR
[image_processor-23] [INFO] [1776842684.364637279] [robot_2.image_processor]: Zone=CLEAR
[image_processor-24] [INFO] [1776842684.373204826] [robot_3.image_processor]: Zone=CLEAR
[image_processor-25] [INFO] [1776842684.381580978] [robot_4.image_processor]: Zone=CLEAR
[image_processor-22] [INFO] [1776842684.492418775] [robot_1.image_processor]: Zone=CLEAR
[image_processor-21] [INFO] [1776842686.855202039] [robot_0.image_processor]: Zone=CLEAR
[image_processor-24] [INFO] [1776842686.871214323] [robot_3.image_processor]: Zone=CLEAR
[image_processor-23] [INFO] [1776842686.964197025] [robot_2.image_processor]: Zone=CLEAR
[image_processor-25] [INFO] [1776842686.980812881] [robot_4.image_processor]: Zone=CLEAR
[image_processor-22] [INFO] [1776842686.990072622] [robot_1.image_processor]: Zone=CLEAR
[image_processor-21] [INFO] [1776842689.361112209] [robot_0.image_processor]: Zone=CLEAR
[image_processor-23] [INFO] [1776842689.371875616] [robot_2.image_processor]: Zone=CLEAR
[image_processor-25] [INFO] [1776842689.387870882] [robot_4.image_processor]: Zone=CLEAR
[image_processor-22] [INFO] [1776842689.396207187] [robot_1.image_processor]: Zone=CLEAR
[image_processor-24] [INFO] [1776842689.479593389] [robot_3.image_processor]: Zone=CLEAR
[image_processor-21] [INFO] [1776842691.856328031] [robot_0.image_processor]: Zone=CLEAR
[image_processor-23] [INFO] [1776842691.864888309] [robot_2.image_processor]: Zone=CLEAR
[image_processor-24] [INFO] [1776842691.873755457] [robot_3.image_processor]: Zone=CLEAR
[image_processor-25] [INFO] [1776842691.881936900] [robot_4.image_processor]: Zone=CLEAR
[image_processor-22] [INFO] [1776842691.891213625] [robot_1.image_processor]: Zone=CLEAR
[image_processor-21] [INFO] [1776842694.356048337] [robot_0.image_processor]: Zone=CLEAR
[image_processor-23] [INFO] [1776842694.364113128] [robot_2.image_processor]: Zone=CLEAR
[image_processor-24] [INFO] [1776842694.371118806] [robot_3.image_processor]: Zone=CLEAR
[image_processor-25] [INFO] [1776842694.378579853] [robot_4.image_processor]: Zone=CLEAR
[image_processor-22] [INFO] [1776842694.385169696] [robot_1.image_processor]: Zone=CLEAR
[image_processor-21] [INFO] [1776842696.856443265] [robot_0.image_processor]: Zone=CLEAR
[image_processor-23] [INFO] [1776842696.863639229] [robot_2.image_processor]: Zone=CLEAR
[image_processor-24] [INFO] [1776842696.871385993] [robot_3.image_processor]: Zone=CLEAR
[image_processor-25] [INFO] [1776842696.879947369] [robot_4.image_processor]: Zone=CLEAR
[image_processor-22] [INFO] [1776842696.888471439] [robot_1.image_processor]: Zone=CLEAR
[image_processor-21] [INFO] [1776842699.357248189] [robot_0.image_processor]: Zone=CLEAR
[image_processor-23] [INFO] [1776842699.364253397] [robot_2.image_processor]: Zone=CLEAR
[image_processor-24] [INFO] [1776842699.373117316] [robot_3.image_processor]: Zone=CLEAR
[image_processor-25] [INFO] [1776842699.384315236] [robot_4.image_processor]: Zone=CLEAR
[image_processor-22] [INFO] [1776842699.395400144] [robot_1.image_processor]: Zone=CLEAR
[image_processor-21] [INFO] [1776842701.858250430] [robot_0.image_processor]: Zone=CLEAR
[image_processor-23] [INFO] [1776842701.869294849] [robot_2.image_processor]: Zone=CLEAR
[image_processor-24] [INFO] [1776842701.877360157] [robot_3.image_processor]: Zone=CLEAR
[image_processor-25] [INFO] [1776842701.885708858] [robot_4.image_processor]: Zone=CLEAR
[image_processor-22] [INFO] [1776842701.897717241] [robot_1.image_processor]: Zone=CLEAR
[image_processor-21] [INFO] [1776842704.357414102] [robot_0.image_processor]: Zone=CLEAR
[image_processor-23] [INFO] [1776842704.364689266] [robot_2.image_processor]: Zone=CLEAR
[image_processor-24] [INFO] [1776842704.372343012] [robot_3.image_processor]: Zone=CLEAR
[image_processor-25] [INFO] [1776842704.381716571] [robot_4.image_processor]: Zone=CLEAR
[image_processor-22] [INFO] [1776842704.390778554] [robot_1.image_processor]: Zone=CLEAR
[image_processor-21] [INFO] [1776842706.857273727] [robot_0.image_processor]: Zone=CLEAR
[image_processor-23] [INFO] [1776842706.866027979] [robot_2.image_processor]: Zone=CLEAR
[image_processor-24] [INFO] [1776842706.872339374] [robot_3.image_processor]: Zone=CLEAR
[image_processor-25] [INFO] [1776842706.880885464] [robot_4.image_processor]: Zone=CLEAR
[image_processor-22] [INFO] [1776842706.890172510] [robot_1.image_processor]: Zone=CLEAR
[image_processor-21] [INFO] [1776842709.358584147] [robot_0.image_processor]: Zone=CLEAR
[image_processor-23] [INFO] [1776842709.363317304] [robot_2.image_processor]: Zone=CLEAR
[image_processor-24] [INFO] [1776842709.372138112] [robot_3.image_processor]: Zone=CLEAR
[image_processor-25] [INFO] [1776842709.381171414] [robot_4.image_processor]: Zone=CLEAR
[image_processor-22] [INFO] [1776842709.391339418] [robot_1.image_processor]: Zone=CLEAR
[image_processor-21] [INFO] [1776842711.860183692] [robot_0.image_processor]: Zone=CLEAR
[image_processor-23] [INFO] [1776842711.870691459] [robot_2.image_processor]: Zone=CLEAR
[image_processor-24] [INFO] [1776842711.881306551] [robot_3.image_processor]: Zone=CLEAR
[image_processor-25] [INFO] [1776842711.888933182] [robot_4.image_processor]: Zone=CLEAR
[image_processor-22] [INFO] [1776842711.897565549] [robot_1.image_processor]: Zone=CLEAR
[image_processor-21] [INFO] [1776842714.358916457] [robot_0.image_processor]: Zone=CLEAR
[image_processor-23] [INFO] [1776842714.369301904] [robot_2.image_processor]: Zone=CLEAR
[image_processor-24] [INFO] [1776842714.380479792] [robot_3.image_processor]: Zone=CLEAR
[image_processor-25] [INFO] [1776842714.389940964] [robot_4.image_processor]: Zone=CLEAR
[image_processor-22] [INFO] [1776842714.400657939] [robot_1.image_processor]: Zone=CLEAR
[image_processor-21] [INFO] [1776842716.855874836] [robot_0.image_processor]: Zone=CLEAR
[image_processor-23] [INFO] [1776842716.864461705] [robot_2.image_processor]: Zone=CLEAR
[image_processor-24] [INFO] [1776842716.874479527] [robot_3.image_processor]: Zone=CLEAR
[image_processor-25] [INFO] [1776842716.883495149] [robot_4.image_processor]: Zone=CLEAR
[image_processor-22] [INFO] [1776842716.893347737] [robot_1.image_processor]: Zone=CLEAR
[image_processor-21] [INFO] [1776842719.356734117] [robot_0.image_processor]: Zone=CLEAR
[image_processor-23] [INFO] [1776842719.364566982] [robot_2.image_processor]: Zone=CLEAR
[image_processor-24] [INFO] [1776842719.374486236] [robot_3.image_processor]: Zone=CLEAR
[image_processor-25] [INFO] [1776842719.383272735] [robot_4.image_processor]: Zone=CLEAR
[image_processor-22] [INFO] [1776842719.392006108] [robot_1.image_processor]: Zone=CLEAR
[image_processor-21] [INFO] [1776842721.855352273] [robot_0.image_processor]: Zone=CLEAR
[image_processor-23] [INFO] [1776842721.863003271] [robot_2.image_processor]: Zone=CLEAR
[image_processor-24] [INFO] [1776842721.873077857] [robot_3.image_processor]: Zone=CLEAR
[image_processor-25] [INFO] [1776842721.881390255] [robot_4.image_processor]: Zone=CLEAR
[image_processor-22] [INFO] [1776842721.889975432] [robot_1.image_processor]: Zone=CLEAR
[image_processor-21] [INFO] [1776842724.358776962] [robot_0.image_processor]: Zone=CLEAR
[image_processor-23] [INFO] [1776842724.365787238] [robot_2.image_processor]: Zone=CLEAR
[image_processor-24] [INFO] [1776842724.474014567] [robot_3.image_processor]: Zone=CLEAR
[image_processor-25] [INFO] [1776842724.481730078] [robot_4.image_processor]: Zone=CLEAR
[image_processor-22] [INFO] [1776842724.491235773] [robot_1.image_processor]: Zone=CLEAR
[image_processor-21] [INFO] [1776842726.857226072] [robot_0.image_processor]: Zone=CLEAR
[image_processor-23] [INFO] [1776842726.864333948] [robot_2.image_processor]: Zone=CLEAR
[image_processor-24] [INFO] [1776842726.873410233] [robot_3.image_processor]: Zone=CLEAR
[image_processor-25] [INFO] [1776842726.880778093] [robot_4.image_processor]: Zone=CLEAR
[image_processor-22] [INFO] [1776842726.890375330] [robot_1.image_processor]: Zone=CLEAR
[image_processor-21] [INFO] [1776842729.357255414] [robot_0.image_processor]: Zone=CLEAR
[image_processor-23] [INFO] [1776842729.365056620] [robot_2.image_processor]: Zone=CLEAR
[image_processor-24] [INFO] [1776842729.371980359] [robot_3.image_processor]: Zone=CLEAR
[image_processor-25] [INFO] [1776842729.380371905] [robot_4.image_processor]: Zone=CLEAR
[image_processor-22] [INFO] [1776842729.390237557] [robot_1.image_processor]: Zone=CLEAR
[image_processor-21] [INFO] [1776842731.857224317] [robot_0.image_processor]: Zone=CLEAR
[image_processor-23] [INFO] [1776842731.863573269] [robot_2.image_processor]: Zone=CLEAR
[image_processor-24] [INFO] [1776842731.874798227] [robot_3.image_processor]: Zone=CLEAR
[image_processor-25] [INFO] [1776842731.884547311] [robot_4.image_processor]: Zone=CLEAR
[image_processor-22] [INFO] [1776842731.893114585] [robot_1.image_processor]: Zone=CLEAR
[image_processor-21] [INFO] [1776842734.359826369] [robot_0.image_processor]: Zone=CLEAR
[image_processor-23] [INFO] [1776842734.367803106] [robot_2.image_processor]: Zone=CLEAR
[image_processor-24] [INFO] [1776842734.377562508] [robot_3.image_processor]: Zone=CLEAR
[image_processor-25] [INFO] [1776842734.385439473] [robot_4.image_processor]: Zone=CLEAR
[image_processor-22] [INFO] [1776842734.398520439] [robot_1.image_processor]: Zone=CLEAR
[image_processor-21] [INFO] [1776842736.858053378] [robot_0.image_processor]: Zone=CLEAR
[image_processor-23] [INFO] [1776842736.865536507] [robot_2.image_processor]: Zone=CLEAR
[image_processor-24] [INFO] [1776842736.872333364] [robot_3.image_processor]: Zone=CLEAR
[image_processor-22] [INFO] [1776842736.888569622] [robot_1.image_processor]: Zone=CLEAR
[image_processor-25] [INFO] [1776842736.983428796] [robot_4.image_processor]: Zone=CLEAR
[image_processor-21] [INFO] [1776842739.356766290] [robot_0.image_processor]: Zone=CLEAR
[image_processor-24] [INFO] [1776842739.372581311] [robot_3.image_processor]: Zone=CLEAR
[image_processor-25] [INFO] [1776842739.380393628] [robot_4.image_processor]: Zone=CLEAR
[image_processor-22] [INFO] [1776842739.389723745] [robot_1.image_processor]: Zone=CLEAR
[image_processor-23] [INFO] [1776842739.464234321] [robot_2.image_processor]: Zone=CLEAR
[image_processor-23] [INFO] [1776842741.864655562] [robot_2.image_processor]: Zone=CLEAR
[image_processor-24] [INFO] [1776842741.871018396] [robot_3.image_processor]: Zone=CLEAR
[image_processor-25] [INFO] [1776842741.879974461] [robot_4.image_processor]: Zone=CLEAR
[image_processor-22] [INFO] [1776842741.889357351] [robot_1.image_processor]: Zone=CLEAR
[image_processor-21] [INFO] [1776842741.958171817] [robot_0.image_processor]: Zone=CLEAR
[image_processor-21] [INFO] [1776842744.357058859] [robot_0.image_processor]: Zone=CLEAR
[image_processor-24] [INFO] [1776842744.372299407] [robot_3.image_processor]: Zone=CLEAR
[image_processor-25] [INFO] [1776842744.379993558] [robot_4.image_processor]: Zone=CLEAR
[image_processor-22] [INFO] [1776842744.388632865] [robot_1.image_processor]: Zone=CLEAR
[image_processor-23] [INFO] [1776842744.465668792] [robot_2.image_processor]: Zone=CLEAR
[image_processor-21] [INFO] [1776842746.856451798] [robot_0.image_processor]: Zone=CLEAR
[image_processor-23] [INFO] [1776842746.864070418] [robot_2.image_processor]: Zone=CLEAR
[image_processor-24] [INFO] [1776842746.871490875] [robot_3.image_processor]: Zone=CLEAR
[image_processor-25] [INFO] [1776842746.880314742] [robot_4.image_processor]: Zone=CLEAR
[image_processor-22] [INFO] [1776842746.888511000] [robot_1.image_processor]: Zone=CLEAR
[image_processor-21] [INFO] [1776842749.357379033] [robot_0.image_processor]: Zone=CLEAR
[image_processor-23] [INFO] [1776842749.364881674] [robot_2.image_processor]: Zone=CLEAR
[image_processor-25] [INFO] [1776842749.383995300] [robot_4.image_processor]: Zone=CLEAR
[image_processor-22] [INFO] [1776842749.392142151] [robot_1.image_processor]: Zone=CLEAR
[image_processor-24] [INFO] [1776842749.475506710] [robot_3.image_processor]: Zone=CLEAR
[image_processor-21] [INFO] [1776842751.859202308] [robot_0.image_processor]: Zone=CLEAR
[image_processor-23] [INFO] [1776842751.865882856] [robot_2.image_processor]: Zone=CLEAR
[image_processor-24] [INFO] [1776842751.875083290] [robot_3.image_processor]: Zone=CLEAR
[image_processor-25] [INFO] [1776842751.886490088] [robot_4.image_processor]: Zone=CLEAR
[image_processor-22] [INFO] [1776842751.894948948] [robot_1.image_processor]: Zone=CLEAR
[image_processor-21] [INFO] [1776842754.356423081] [robot_0.image_processor]: Zone=CLEAR
[image_processor-23] [INFO] [1776842754.366813616] [robot_2.image_processor]: Zone=CLEAR
[image_processor-24] [INFO] [1776842754.375698229] [robot_3.image_processor]: Zone=CLEAR
[image_processor-25] [INFO] [1776842754.384487422] [robot_4.image_processor]: Zone=CLEAR
[image_processor-22] [INFO] [1776842754.393860296] [robot_1.image_processor]: Zone=CLEAR
[image_processor-23] [INFO] [1776842756.863730127] [robot_2.image_processor]: Zone=CLEAR
[image_processor-24] [INFO] [1776842756.871531397] [robot_3.image_processor]: Zone=CLEAR
[image_processor-25] [INFO] [1776842756.879741159] [robot_4.image_processor]: Zone=CLEAR
[image_processor-22] [INFO] [1776842756.888047348] [robot_1.image_processor]: Zone=CLEAR
[image_processor-21] [INFO] [1776842756.957427326] [robot_0.image_processor]: Zone=CLEAR
[image_processor-21] [INFO] [1776842759.355995647] [robot_0.image_processor]: Zone=CLEAR
[image_processor-23] [INFO] [1776842759.362523993] [robot_2.image_processor]: Zone=CLEAR
[image_processor-24] [INFO] [1776842759.371804160] [robot_3.image_processor]: Zone=CLEAR
[image_processor-25] [INFO] [1776842759.379062551] [robot_4.image_processor]: Zone=CLEAR
[image_processor-22] [INFO] [1776842759.388498612] [robot_1.image_processor]: Zone=CLEAR
[image_processor-21] [INFO] [1776842761.854465040] [robot_0.image_processor]: Zone=CLEAR
[image_processor-23] [INFO] [1776842761.863345617] [robot_2.image_processor]: Zone=CLEAR
[image_processor-25] [INFO] [1776842761.878610225] [robot_4.image_processor]: Zone=CLEAR
[image_processor-22] [INFO] [1776842761.885754683] [robot_1.image_processor]: Zone=CLEAR
[image_processor-24] [INFO] [1776842761.973555012] [robot_3.image_processor]: Zone=CLEAR
[image_processor-21] [INFO] [1776842764.354901825] [robot_0.image_processor]: Zone=CLEAR
[image_processor-23] [INFO] [1776842764.362296919] [robot_2.image_processor]: Zone=CLEAR
[image_processor-24] [INFO] [1776842764.374555408] [robot_3.image_processor]: Zone=CLEAR
[image_processor-25] [INFO] [1776842764.386584383] [robot_4.image_processor]: Zone=CLEAR
[image_processor-22] [INFO] [1776842764.398573049] [robot_1.image_processor]: Zone=CLEAR
[image_processor-21] [INFO] [1776842766.855240027] [robot_0.image_processor]: Zone=CLEAR
[image_processor-23] [INFO] [1776842766.862153790] [robot_2.image_processor]: Zone=CLEAR
[image_processor-24] [INFO] [1776842766.872943089] [robot_3.image_processor]: Zone=CLEAR
[image_processor-25] [INFO] [1776842766.878884676] [robot_4.image_processor]: Zone=CLEAR
[image_processor-22] [INFO] [1776842766.888407486] [robot_1.image_processor]: Zone=CLEAR
[image_processor-21] [INFO] [1776842769.355728629] [robot_0.image_processor]: Zone=CLEAR
[image_processor-23] [INFO] [1776842769.365985623] [robot_2.image_processor]: Zone=CLEAR
[image_processor-24] [INFO] [1776842769.375816425] [robot_3.image_processor]: Zone=CLEAR
[image_processor-25] [INFO] [1776842769.383549121] [robot_4.image_processor]: Zone=CLEAR
[image_processor-22] [INFO] [1776842769.492032748] [robot_1.image_processor]: Zone=CLEAR
[image_processor-21] [INFO] [1776842771.858512338] [robot_0.image_processor]: Zone=CLEAR
[image_processor-23] [INFO] [1776842771.862936863] [robot_2.image_processor]: Zone=CLEAR
[image_processor-24] [INFO] [1776842771.872674737] [robot_3.image_processor]: Zone=CLEAR
[image_processor-25] [INFO] [1776842771.879610222] [robot_4.image_processor]: Zone=CLEAR
[image_processor-22] [INFO] [1776842771.888471022] [robot_1.image_processor]: Zone=CLEAR
[image_processor-21] [INFO] [1776842774.356702208] [robot_0.image_processor]: Zone=CLEAR
[image_processor-23] [INFO] [1776842774.367197918] [robot_2.image_processor]: Zone=CLEAR
[image_processor-24] [INFO] [1776842774.375577801] [robot_3.image_processor]: Zone=CLEAR
[image_processor-25] [INFO] [1776842774.383971159] [robot_4.image_processor]: Zone=CLEAR
[image_processor-22] [INFO] [1776842774.395194974] [robot_1.image_processor]: Zone=CLEAR
[image_processor-23] [INFO] [1776842776.869765732] [robot_2.image_processor]: Zone=CLEAR
[image_processor-24] [INFO] [1776842776.878636105] [robot_3.image_processor]: Zone=CLEAR
[image_processor-22] [INFO] [1776842776.893720792] [robot_1.image_processor]: Zone=CLEAR
[image_processor-21] [INFO] [1776842776.960111066] [robot_0.image_processor]: Zone=CLEAR
[image_processor-25] [INFO] [1776842776.985937934] [robot_4.image_processor]: Zone=CLEAR
[INFO] [image_processor-25]: sending signal 'SIGINT' to process[image_processor-25]
[ERROR] [ign gazebo-1]: process has died [pid 95533, exit code -15, cmd 'ruby /usr/bin/ign gazebo /home/ecem/ros2_ws/install/swarm_basics/share/swarm_basics/worlds/random_world.sdf -s -r --force-version 6'].
[ERROR] [parameter_bridge-4]: process has died [pid 95540, exit code -15, cmd '/opt/ros/humble/lib/ros_ign_bridge/parameter_bridge /robot_0/cmd_vel@geometry_msgs/msg/Twist]ignition.msgs.Twist /robot_0/odom@nav_msgs/msg/Odometry[ignition.msgs.Odometry /robot_0/depth_camera/depth_image@sensor_msgs/msg/Image[ignition.msgs.Image /world/random_world/model/robot_0/link/robot_0/base_footprint/sensor/contact_sensor/contact@ros_gz_interfaces/msg/Contacts[ignition.msgs.Contacts /robot_1/cmd_vel@geometry_msgs/msg/Twist]ignition.msgs.Twist /robot_1/odom@nav_msgs/msg/Odometry[ignition.msgs.Odometry /robot_1/depth_camera/depth_image@sensor_msgs/msg/Image[ignition.msgs.Image /world/random_world/model/robot_1/link/robot_1/base_footprint/sensor/contact_sensor/contact@ros_gz_interfaces/msg/Contacts[ignition.msgs.Contacts /robot_2/cmd_vel@geometry_msgs/msg/Twist]ignition.msgs.Twist /robot_2/odom@nav_msgs/msg/Odometry[ignition.msgs.Odometry /robot_2/depth_camera/depth_image@sensor_msgs/msg/Image[ignition.msgs.Image /world/random_world/model/robot_2/link/robot_2/base_footprint/sensor/contact_sensor/contact@ros_gz_interfaces/msg/Contacts[ignition.msgs.Contacts /robot_3/cmd_vel@geometry_msgs/msg/Twist]ignition.msgs.Twist /robot_3/odom@nav_msgs/msg/Odometry[ignition.msgs.Odometry /robot_3/depth_camera/depth_image@sensor_msgs/msg/Image[ignition.msgs.Image /world/random_world/model/robot_3/link/robot_3/base_footprint/sensor/contact_sensor/contact@ros_gz_interfaces/msg/Contacts[ignition.msgs.Contacts /robot_4/cmd_vel@geometry_msgs/msg/Twist]ignition.msgs.Twist /robot_4/odom@nav_msgs/msg/Odometry[ignition.msgs.Odometry /robot_4/depth_camera/depth_image@sensor_msgs/msg/Image[ignition.msgs.Image /world/random_world/model/robot_4/link/robot_4/base_footprint/sensor/contact_sensor/contact@ros_gz_interfaces/msg/Contacts[ignition.msgs.Contacts /world/random_world/dynamic_pose/info@tf2_msgs/msg/TFMessage[ignition.msgs.Pose_V --ros-args -r __node:=all_robots_bridge --params-file /tmp/launch_params_k0qk1p35'].
[INFO] [parameter_bridge-20]: process has finished cleanly [pid 95583]
[INFO] [image_processor-24]: sending signal 'SIGINT' to process[image_processor-24]
[INFO] [bash-26]: process started with pid [96206]
[INFO] [image_processor-23]: sending signal 'SIGINT' to process[image_processor-23]
[INFO] [image_processor-22]: sending signal 'SIGINT' to process[image_processor-22]
[INFO] [image_processor-21]: sending signal 'SIGINT' to process[image_processor-21]
[INFO] [robot_supervisor-19]: sending signal 'SIGINT' to process[robot_supervisor-19]
[INFO] [robot_state_publisher-17]: sending signal 'SIGINT' to process[robot_state_publisher-17]
[INFO] [robot_supervisor-16]: sending signal 'SIGINT' to process[robot_supervisor-16]
[INFO] [robot_state_publisher-14]: sending signal 'SIGINT' to process[robot_state_publisher-14]
[INFO] [robot_supervisor-13]: sending signal 'SIGINT' to process[robot_supervisor-13]
[ERROR] [bash-26]: process has died [pid 96206, exit code -15, cmd 'bash -lc pkill -f parameter_bridge || true'].
[INFO] [robot_state_publisher-11]: sending signal 'SIGINT' to process[robot_state_publisher-11]
[INFO] [robot_supervisor-10]: sending signal 'SIGINT' to process[robot_supervisor-10]
[INFO] [robot_state_publisher-8]: sending signal 'SIGINT' to process[robot_state_publisher-8]
[INFO] [robot_supervisor-7]: sending signal 'SIGINT' to process[robot_supervisor-7]
[INFO] [robot_state_publisher-5]: sending signal 'SIGINT' to process[robot_state_publisher-5]
[INFO] [bump_counter-3]: sending signal 'SIGINT' to process[bump_counter-3]
[INFO] [coverage_counter-2]: sending signal 'SIGINT' to process[coverage_counter-2]
[parameter_bridge-4] [INFO] [1776842778.926921714] [rclcpp]: signal_handler(SIGINT/SIGTERM)
[parameter_bridge-20] [INFO] [1776842778.927007918] [rclcpp]: signal_handler(SIGINT/SIGTERM)
[INFO] [launch]: process[ign gazebo-1] was required: shutting down launched system
[image_processor-25] [INFO] [1776842779.608457697] [rclcpp]: signal_handler(SIGINT/SIGTERM)
[image_processor-24] [INFO] [1776842779.612643309] [rclcpp]: signal_handler(SIGINT/SIGTERM)
[image_processor-23] [INFO] [1776842779.616155158] [rclcpp]: signal_handler(SIGINT/SIGTERM)
[image_processor-22] [INFO] [1776842779.619755716] [rclcpp]: signal_handler(SIGINT/SIGTERM)
[image_processor-21] [INFO] [1776842779.623086464] [rclcpp]: signal_handler(SIGINT/SIGTERM)
[robot_supervisor-19] Traceback (most recent call last):
[robot_supervisor-19]   File "/home/ecem/ros2_ws/install/swarm_basics/lib/swarm_basics/robot_supervisor", line 33, in <module>
[robot_supervisor-19]     sys.exit(load_entry_point('swarm-basics==0.0.0', 'console_scripts', 'robot_supervisor')())
[robot_supervisor-19]   File "/home/ecem/ros2_ws/install/swarm_basics/lib/python3.10/site-packages/swarm_basics/robot_supervisor.py", line 867, in main
[robot_supervisor-19]     rclpy.spin(node)
[robot_supervisor-19]   File "/opt/ros/humble/local/lib/python3.10/dist-packages/rclpy/__init__.py", line 229, in spin
[robot_supervisor-19]     executor.spin_once()
[robot_supervisor-19]   File "/opt/ros/humble/local/lib/python3.10/dist-packages/rclpy/executors.py", line 773, in spin_once
[robot_supervisor-19]     self._spin_once_impl(timeout_sec)
[robot_supervisor-19]   File "/opt/ros/humble/local/lib/python3.10/dist-packages/rclpy/executors.py", line 762, in _spin_once_impl
[robot_supervisor-19]     handler, entity, node = self.wait_for_ready_callbacks(timeout_sec=timeout_sec)
[robot_supervisor-19]   File "/opt/ros/humble/local/lib/python3.10/dist-packages/rclpy/executors.py", line 745, in wait_for_ready_callbacks
[robot_supervisor-19]     return next(self._cb_iter)
[robot_supervisor-19]   File "/opt/ros/humble/local/lib/python3.10/dist-packages/rclpy/executors.py", line 642, in _wait_for_ready_callbacks
[robot_supervisor-19]     wait_set.wait(timeout_nsec)
[robot_supervisor-19] KeyboardInterrupt
[robot_state_publisher-17] [INFO] [1776842779.630132660] [rclcpp]: signal_handler(SIGINT/SIGTERM)
[robot_supervisor-16] Traceback (most recent call last):
[robot_supervisor-16]   File "/home/ecem/ros2_ws/install/swarm_basics/lib/swarm_basics/robot_supervisor", line 33, in <module>
[robot_supervisor-16]     sys.exit(load_entry_point('swarm-basics==0.0.0', 'console_scripts', 'robot_supervisor')())
[robot_supervisor-16]   File "/home/ecem/ros2_ws/install/swarm_basics/lib/python3.10/site-packages/swarm_basics/robot_supervisor.py", line 867, in main
[robot_supervisor-16]     rclpy.spin(node)
[robot_supervisor-16]   File "/opt/ros/humble/local/lib/python3.10/dist-packages/rclpy/__init__.py", line 229, in spin
[robot_supervisor-16]     executor.spin_once()
[robot_supervisor-16]   File "/opt/ros/humble/local/lib/python3.10/dist-packages/rclpy/executors.py", line 773, in spin_once
[robot_supervisor-16]     self._spin_once_impl(timeout_sec)
[robot_supervisor-16]   File "/opt/ros/humble/local/lib/python3.10/dist-packages/rclpy/executors.py", line 762, in _spin_once_impl
[robot_supervisor-16]     handler, entity, node = self.wait_for_ready_callbacks(timeout_sec=timeout_sec)
[robot_supervisor-16]   File "/opt/ros/humble/local/lib/python3.10/dist-packages/rclpy/executors.py", line 745, in wait_for_ready_callbacks
[robot_supervisor-16]     return next(self._cb_iter)
[robot_supervisor-16]   File "/opt/ros/humble/local/lib/python3.10/dist-packages/rclpy/executors.py", line 642, in _wait_for_ready_callbacks
[robot_supervisor-16]     wait_set.wait(timeout_nsec)
[robot_supervisor-16] KeyboardInterrupt
[robot_state_publisher-14] [INFO] [1776842779.634863162] [rclcpp]: signal_handler(SIGINT/SIGTERM)
[robot_supervisor-13] Traceback (most recent call last):
[robot_supervisor-13]   File "/home/ecem/ros2_ws/install/swarm_basics/lib/swarm_basics/robot_supervisor", line 33, in <module>
[robot_supervisor-13]     sys.exit(load_entry_point('swarm-basics==0.0.0', 'console_scripts', 'robot_supervisor')())
[robot_supervisor-13]   File "/home/ecem/ros2_ws/install/swarm_basics/lib/python3.10/site-packages/swarm_basics/robot_supervisor.py", line 867, in main
[robot_supervisor-13]     rclpy.spin(node)
[robot_supervisor-13]   File "/opt/ros/humble/local/lib/python3.10/dist-packages/rclpy/__init__.py", line 229, in spin
[robot_supervisor-13]     executor.spin_once()
[robot_supervisor-13]   File "/opt/ros/humble/local/lib/python3.10/dist-packages/rclpy/executors.py", line 773, in spin_once
[robot_supervisor-13]     self._spin_once_impl(timeout_sec)
[robot_supervisor-13]   File "/opt/ros/humble/local/lib/python3.10/dist-packages/rclpy/executors.py", line 762, in _spin_once_impl
[robot_supervisor-13]     handler, entity, node = self.wait_for_ready_callbacks(timeout_sec=timeout_sec)
[robot_supervisor-13]   File "/opt/ros/humble/local/lib/python3.10/dist-packages/rclpy/executors.py", line 745, in wait_for_ready_callbacks
[robot_supervisor-13]     return next(self._cb_iter)
[robot_supervisor-13]   File "/opt/ros/humble/local/lib/python3.10/dist-packages/rclpy/executors.py", line 642, in _wait_for_ready_callbacks
[robot_supervisor-13]     wait_set.wait(timeout_nsec)
[robot_supervisor-13] KeyboardInterrupt
[robot_state_publisher-11] [INFO] [1776842779.640159317] [rclcpp]: signal_handler(SIGINT/SIGTERM)
[robot_supervisor-10] Traceback (most recent call last):
[robot_supervisor-10]   File "/home/ecem/ros2_ws/install/swarm_basics/lib/swarm_basics/robot_supervisor", line 33, in <module>
[robot_supervisor-10]     sys.exit(load_entry_point('swarm-basics==0.0.0', 'console_scripts', 'robot_supervisor')())
[robot_supervisor-10]   File "/home/ecem/ros2_ws/install/swarm_basics/lib/python3.10/site-packages/swarm_basics/robot_supervisor.py", line 867, in main
[robot_supervisor-10]     rclpy.spin(node)
[robot_supervisor-10]   File "/opt/ros/humble/local/lib/python3.10/dist-packages/rclpy/__init__.py", line 229, in spin
[robot_supervisor-10]     executor.spin_once()
[robot_supervisor-10]   File "/opt/ros/humble/local/lib/python3.10/dist-packages/rclpy/executors.py", line 773, in spin_once
[robot_supervisor-10]     self._spin_once_impl(timeout_sec)
[robot_supervisor-10]   File "/opt/ros/humble/local/lib/python3.10/dist-packages/rclpy/executors.py", line 762, in _spin_once_impl
[robot_supervisor-10]     handler, entity, node = self.wait_for_ready_callbacks(timeout_sec=timeout_sec)
[robot_supervisor-10]   File "/opt/ros/humble/local/lib/python3.10/dist-packages/rclpy/executors.py", line 745, in wait_for_ready_callbacks
[robot_supervisor-10]     return next(self._cb_iter)
[robot_supervisor-10]   File "/opt/ros/humble/local/lib/python3.10/dist-packages/rclpy/executors.py", line 642, in _wait_for_ready_callbacks
[robot_supervisor-10]     wait_set.wait(timeout_nsec)
[robot_supervisor-10] KeyboardInterrupt
[robot_state_publisher-8] [INFO] [1776842779.645058958] [rclcpp]: signal_handler(SIGINT/SIGTERM)
[robot_supervisor-7] Traceback (most recent call last):
[robot_supervisor-7]   File "/home/ecem/ros2_ws/install/swarm_basics/lib/swarm_basics/robot_supervisor", line 33, in <module>
[robot_supervisor-7]     sys.exit(load_entry_point('swarm-basics==0.0.0', 'console_scripts', 'robot_supervisor')())
[robot_supervisor-7]   File "/home/ecem/ros2_ws/install/swarm_basics/lib/python3.10/site-packages/swarm_basics/robot_supervisor.py", line 867, in main
[robot_supervisor-7]     rclpy.spin(node)
[robot_supervisor-7]   File "/opt/ros/humble/local/lib/python3.10/dist-packages/rclpy/__init__.py", line 229, in spin
[robot_supervisor-7]     executor.spin_once()
[robot_supervisor-7]   File "/opt/ros/humble/local/lib/python3.10/dist-packages/rclpy/executors.py", line 773, in spin_once
[robot_supervisor-7]     self._spin_once_impl(timeout_sec)
[robot_supervisor-7]   File "/opt/ros/humble/local/lib/python3.10/dist-packages/rclpy/executors.py", line 762, in _spin_once_impl
[robot_supervisor-7]     handler, entity, node = self.wait_for_ready_callbacks(timeout_sec=timeout_sec)
[robot_supervisor-7]   File "/opt/ros/humble/local/lib/python3.10/dist-packages/rclpy/executors.py", line 745, in wait_for_ready_callbacks
[robot_supervisor-7]     return next(self._cb_iter)
[robot_supervisor-7]   File "/opt/ros/humble/local/lib/python3.10/dist-packages/rclpy/executors.py", line 642, in _wait_for_ready_callbacks
[robot_supervisor-7]     wait_set.wait(timeout_nsec)
[robot_supervisor-7] KeyboardInterrupt
[robot_state_publisher-5] [INFO] [1776842779.649693223] [rclcpp]: signal_handler(SIGINT/SIGTERM)
[ERROR] [launch]: Caught exception in launch (see debug for traceback): ExecuteLocal action 'bash-27': executed more than once: <launch.actions.execute_process.ExecuteProcess object at 0x707cf88c4850>
[INFO] [image_processor-25]: process has finished cleanly [pid 95937]
[INFO] [image_processor-24]: process has finished cleanly [pid 95935]
[INFO] [image_processor-23]: process has finished cleanly [pid 95933]
[INFO] [image_processor-22]: process has finished cleanly [pid 95931]
[INFO] [image_processor-21]: process has finished cleanly [pid 95929]
[INFO] [robot_state_publisher-17]: process has finished cleanly [pid 95568]
[INFO] [robot_state_publisher-14]: process has finished cleanly [pid 95562]
[INFO] [robot_state_publisher-11]: process has finished cleanly [pid 95556]
[INFO] [robot_state_publisher-8]: process has finished cleanly [pid 95550]
[INFO] [robot_state_publisher-5]: process has finished cleanly [pid 95542]
[coverage_counter-2] Traceback (most recent call last):
[coverage_counter-2]   File "/home/ecem/ros2_ws/install/swarm_basics/lib/python3.10/site-packages/swarm_basics/coverage_counter.py", line 418, in main
[coverage_counter-2]     rclpy.spin(node)
[coverage_counter-2]   File "/opt/ros/humble/local/lib/python3.10/dist-packages/rclpy/__init__.py", line 229, in spin
[coverage_counter-2]     executor.spin_once()
[coverage_counter-2]   File "/opt/ros/humble/local/lib/python3.10/dist-packages/rclpy/executors.py", line 773, in spin_once
[coverage_counter-2]     self._spin_once_impl(timeout_sec)
[coverage_counter-2]   File "/opt/ros/humble/local/lib/python3.10/dist-packages/rclpy/executors.py", line 768, in _spin_once_impl
[coverage_counter-2]     handler()
[coverage_counter-2]   File "/opt/ros/humble/local/lib/python3.10/dist-packages/rclpy/task.py", line 254, in __call__
[coverage_counter-2]     self._handler.send(None)
[coverage_counter-2]   File "/opt/ros/humble/local/lib/python3.10/dist-packages/rclpy/executors.py", line 463, in handler
[coverage_counter-2]     await call_coroutine(entity, arg)
[coverage_counter-2]   File "/opt/ros/humble/local/lib/python3.10/dist-packages/rclpy/executors.py", line 371, in _execute_timer
[coverage_counter-2]     await await_or_execute(tmr.callback)
[coverage_counter-2]   File "/opt/ros/humble/local/lib/python3.10/dist-packages/rclpy/executors.py", line 107, in await_or_execute
[coverage_counter-2]     return callback(*args)
[coverage_counter-2]   File "/home/ecem/ros2_ws/install/swarm_basics/lib/python3.10/site-packages/swarm_basics/coverage_counter.py", line 152, in _on_timeout_timer
[coverage_counter-2]     self.shutdown_and_save()
[coverage_counter-2]   File "/home/ecem/ros2_ws/install/swarm_basics/lib/python3.10/site-packages/swarm_basics/coverage_counter.py", line 174, in shutdown_and_save
[coverage_counter-2]     rclpy.shutdown()
[coverage_counter-2]   File "/opt/ros/humble/local/lib/python3.10/dist-packages/rclpy/__init__.py", line 130, in shutdown
[coverage_counter-2]     _shutdown(context=context)
[coverage_counter-2]   File "/opt/ros/humble/local/lib/python3.10/dist-packages/rclpy/utilities.py", line 58, in shutdown
[coverage_counter-2]     return context.shutdown()
[coverage_counter-2]   File "/opt/ros/humble/local/lib/python3.10/dist-packages/rclpy/context.py", line 103, in shutdown
[coverage_counter-2]     self._call_on_shutdown_callbacks()
[coverage_counter-2]   File "/opt/ros/humble/local/lib/python3.10/dist-packages/rclpy/context.py", line 92, in _call_on_shutdown_callbacks
[coverage_counter-2]     callback = weak_method()
[coverage_counter-2]   File "/opt/ros/humble/local/lib/python3.10/dist-packages/rclpy/__init__.py", line 111, in reset_executor
[coverage_counter-2]     __executor.shutdown()
[coverage_counter-2]   File "/opt/ros/humble/local/lib/python3.10/dist-packages/rclpy/executors.py", line 227, in shutdown
[coverage_counter-2]     if not self._work_tracker.wait(timeout_sec):
[coverage_counter-2]   File "/opt/ros/humble/local/lib/python3.10/dist-packages/rclpy/executors.py", line 94, in wait
[coverage_counter-2]     if not self._work_condition.wait_for(
[coverage_counter-2]   File "/usr/lib/python3.10/threading.py", line 355, in wait_for
[coverage_counter-2]     self.wait(waittime)
[coverage_counter-2]   File "/usr/lib/python3.10/threading.py", line 320, in wait
[coverage_counter-2]     waiter.acquire()
[coverage_counter-2] KeyboardInterrupt
[coverage_counter-2] 
[coverage_counter-2] During handling of the above exception, another exception occurred:
[coverage_counter-2] 
[coverage_counter-2] Traceback (most recent call last):
[coverage_counter-2]   File "/home/ecem/ros2_ws/install/swarm_basics/lib/swarm_basics/coverage_counter", line 33, in <module>
[coverage_counter-2]     sys.exit(load_entry_point('swarm-basics==0.0.0', 'console_scripts', 'coverage_counter')())
[coverage_counter-2]   File "/home/ecem/ros2_ws/install/swarm_basics/lib/python3.10/site-packages/swarm_basics/coverage_counter.py", line 421, in main
[coverage_counter-2]     node.shutdown_and_save()
[coverage_counter-2]   File "/home/ecem/ros2_ws/install/swarm_basics/lib/python3.10/site-packages/swarm_basics/coverage_counter.py", line 174, in shutdown_and_save
[coverage_counter-2]     rclpy.shutdown()
[coverage_counter-2]   File "/opt/ros/humble/local/lib/python3.10/dist-packages/rclpy/__init__.py", line 130, in shutdown
[coverage_counter-2]     _shutdown(context=context)
[coverage_counter-2]   File "/opt/ros/humble/local/lib/python3.10/dist-packages/rclpy/utilities.py", line 58, in shutdown
[coverage_counter-2]     return context.shutdown()
[coverage_counter-2]   File "/opt/ros/humble/local/lib/python3.10/dist-packages/rclpy/context.py", line 100, in shutdown
[coverage_counter-2]     raise RuntimeError('Context must be initialized before it can be shutdown')
[coverage_counter-2] RuntimeError: Context must be initialized before it can be shutdown
[bump_counter-3] Traceback (most recent call last):
[bump_counter-3]   File "/home/ecem/ros2_ws/install/swarm_basics/lib/swarm_basics/bump_counter", line 33, in <module>
[bump_counter-3]     sys.exit(load_entry_point('swarm-basics==0.0.0', 'console_scripts', 'bump_counter')())
[bump_counter-3]   File "/home/ecem/ros2_ws/install/swarm_basics/lib/python3.10/site-packages/swarm_basics/bump_counter.py", line 384, in main
[bump_counter-3]     rclpy.shutdown()
[bump_counter-3]   File "/opt/ros/humble/local/lib/python3.10/dist-packages/rclpy/__init__.py", line 130, in shutdown
[bump_counter-3]     _shutdown(context=context)
[bump_counter-3]   File "/opt/ros/humble/local/lib/python3.10/dist-packages/rclpy/utilities.py", line 58, in shutdown
[bump_counter-3]     return context.shutdown()
[bump_counter-3]   File "/opt/ros/humble/local/lib/python3.10/dist-packages/rclpy/context.py", line 102, in shutdown
[bump_counter-3]     self.__context.shutdown()
[bump_counter-3] rclpy._rclpy_pybind11.RCLError: failed to shutdown: rcl_shutdown already called on the given context, at ./src/rcl/init.c:241
[ERROR] [coverage_counter-2]: process has died [pid 95535, exit code 1, cmd '/home/ecem/ros2_ws/install/swarm_basics/lib/swarm_basics/coverage_counter --ros-args -r __node:=coverage_counter --params-file /tmp/launch_params_91mckg93 --params-file /tmp/launch_params_o5jlh9dd --params-file /tmp/launch_params_c2fcttuo --params-file /tmp/launch_params_1hqy_fh6 --params-file /tmp/launch_params_qk0z1b30 --params-file /tmp/launch_params_svmtv9up'].
[ERROR] [bump_counter-3]: process has died [pid 95538, exit code 1, cmd '/home/ecem/ros2_ws/install/swarm_basics/lib/swarm_basics/bump_counter --ros-args -r __node:=bump_counter --params-file /tmp/launch_params_vdqydlr5 --params-file /tmp/launch_params_nmx7dw34 --params-file /tmp/launch_params_ao3wjpi9'].
[ERROR] [robot_supervisor-19]: process has died [pid 95581, exit code -2, cmd '/home/ecem/ros2_ws/install/swarm_basics/lib/swarm_basics/robot_supervisor --ros-args -r __node:=robot_supervisor -r __ns:=/robot_4 --params-file /tmp/launch_params_0z220scj --params-file /tmp/launch_params_kzil69ai --params-file /tmp/launch_params_j8y2e67h --params-file /tmp/launch_params_6va3kyha'].
[ERROR] [robot_supervisor-16]: process has died [pid 95566, exit code -2, cmd '/home/ecem/ros2_ws/install/swarm_basics/lib/swarm_basics/robot_supervisor --ros-args -r __node:=robot_supervisor -r __ns:=/robot_3 --params-file /tmp/launch_params_5_oy6oo6 --params-file /tmp/launch_params_mzk1dzy7 --params-file /tmp/launch_params_0phsjdna --params-file /tmp/launch_params_czrkxx98'].
[ERROR] [robot_supervisor-13]: process has died [pid 95560, exit code -2, cmd '/home/ecem/ros2_ws/install/swarm_basics/lib/swarm_basics/robot_supervisor --ros-args -r __node:=robot_supervisor -r __ns:=/robot_2 --params-file /tmp/launch_params_1zczo4am --params-file /tmp/launch_params_q20r9o7q --params-file /tmp/launch_params_2diz06xt --params-file /tmp/launch_params_m276s6nu'].
[ERROR] [robot_supervisor-10]: process has died [pid 95554, exit code -2, cmd '/home/ecem/ros2_ws/install/swarm_basics/lib/swarm_basics/robot_supervisor --ros-args -r __node:=robot_supervisor -r __ns:=/robot_1 --params-file /tmp/launch_params_jxrplyaa --params-file /tmp/launch_params_sdmd1ouq --params-file /tmp/launch_params_cuoo8s1g --params-file /tmp/launch_params_blhqk3f_'].
[ERROR] [robot_supervisor-7]: process has died [pid 95547, exit code -2, cmd '/home/ecem/ros2_ws/install/swarm_basics/lib/swarm_basics/robot_supervisor --ros-args -r __node:=robot_supervisor -r __ns:=/robot_0 --params-file /tmp/launch_params_gt0_p8zk --params-file /tmp/launch_params_6q3qr_nc --params-file /tmp/launch_params_sjm2df_t --params-file /tmp/launch_params_33dko88p'].
