[5.631s] Invoking command in '/home/ecem/ros2_real_ws/src/Leo_sct_real/Leo_sct/leo_real': PYTHONPATH=/home/ecem/ros2_real_ws/src/Leo_sct_real/Leo_sct/build/leo_real/prefix_override:/usr/lib/python3/dist-packages/colcon_core/task/python/colcon_distutils_commands:/home/ecem/ros2_real_ws/src/Leo_sct_real/Leo_sct/install/leo_real/lib/python3.10/site-packages:${PYTHONPATH} /usr/bin/python3 -W ignore:setup.py install is deprecated -W ignore:easy_install command is deprecated setup.py egg_info --egg-base ../build/leo_real build --build-base /home/ecem/ros2_real_ws/src/Leo_sct_real/Leo_sct/build/leo_real/build install --record /home/ecem/ros2_real_ws/src/Leo_sct_real/Leo_sct/build/leo_real/install.log --single-version-externally-managed install_data
[5.789s] running egg_info
[5.790s] writing ../build/leo_real/leo_real.egg-info/PKG-INFO
[5.790s] writing dependency_links to ../build/leo_real/leo_real.egg-info/dependency_links.txt
[5.790s] writing entry points to ../build/leo_real/leo_real.egg-info/entry_points.txt
[5.790s] writing requirements to ../build/leo_real/leo_real.egg-info/requires.txt
[5.790s] writing top-level names to ../build/leo_real/leo_real.egg-info/top_level.txt
[5.791s] reading manifest file '../build/leo_real/leo_real.egg-info/SOURCES.txt'
[5.791s] writing manifest file '../build/leo_real/leo_real.egg-info/SOURCES.txt'
[5.791s] running build
[5.791s] running build_py
[5.792s] running install
[5.792s] running install_lib
[5.792s] running install_data
[5.792s] copying config/real_camera.yaml -> /home/ecem/ros2_real_ws/src/Leo_sct_real/Leo_sct/install/leo_real/share/leo_real/config
[5.793s] running install_egg_info
[5.794s] removing '/home/ecem/ros2_real_ws/src/Leo_sct_real/Leo_sct/install/leo_real/lib/python3.10/site-packages/leo_real-0.0.0-py3.10.egg-info' (and everything under it)
[5.794s] Copying ../build/leo_real/leo_real.egg-info to /home/ecem/ros2_real_ws/src/Leo_sct_real/Leo_sct/install/leo_real/lib/python3.10/site-packages/leo_real-0.0.0-py3.10.egg-info
[5.794s] running install_scripts
[5.806s] Installing robot_supervisor script to /home/ecem/ros2_real_ws/src/Leo_sct_real/Leo_sct/install/leo_real/lib/leo_real
[5.806s] Installing robot_supervisor_rgb script to /home/ecem/ros2_real_ws/src/Leo_sct_real/Leo_sct/install/leo_real/lib/leo_real
[5.806s] writing list of installed files to '/home/ecem/ros2_real_ws/src/Leo_sct_real/Leo_sct/build/leo_real/install.log'
[5.821s] Invoked command in '/home/ecem/ros2_real_ws/src/Leo_sct_real/Leo_sct/leo_real' returned '0': PYTHONPATH=/home/ecem/ros2_real_ws/src/Leo_sct_real/Leo_sct/build/leo_real/prefix_override:/usr/lib/python3/dist-packages/colcon_core/task/python/colcon_distutils_commands:/home/ecem/ros2_real_ws/src/Leo_sct_real/Leo_sct/install/leo_real/lib/python3.10/site-packages:${PYTHONPATH} /usr/bin/python3 -W ignore:setup.py install is deprecated -W ignore:easy_install command is deprecated setup.py egg_info --egg-base ../build/leo_real build --build-base /home/ecem/ros2_real_ws/src/Leo_sct_real/Leo_sct/build/leo_real/build install --record /home/ecem/ros2_real_ws/src/Leo_sct_real/Leo_sct/build/leo_real/install.log --single-version-externally-managed install_data
