running egg_info
creating ../build/leo_real/leo_real.egg-info
writing ../build/leo_real/leo_real.egg-info/PKG-INFO
writing dependency_links to ../build/leo_real/leo_real.egg-info/dependency_links.txt
writing entry points to ../build/leo_real/leo_real.egg-info/entry_points.txt
writing requirements to ../build/leo_real/leo_real.egg-info/requires.txt
writing top-level names to ../build/leo_real/leo_real.egg-info/top_level.txt
writing manifest file '../build/leo_real/leo_real.egg-info/SOURCES.txt'
reading manifest file '../build/leo_real/leo_real.egg-info/SOURCES.txt'
writing manifest file '../build/leo_real/leo_real.egg-info/SOURCES.txt'
running build
running build_py
creating /home/ecem/ros2_real_ws/src/Leo_sct_real/Leo_sct/build/leo_real/build
creating /home/ecem/ros2_real_ws/src/Leo_sct_real/Leo_sct/build/leo_real/build/lib
creating /home/ecem/ros2_real_ws/src/Leo_sct_real/Leo_sct/build/leo_real/build/lib/leo_real
copying leo_real/robot_supervisor.py -> /home/ecem/ros2_real_ws/src/Leo_sct_real/Leo_sct/build/leo_real/build/lib/leo_real
copying leo_real/robot_supervisor_rgb.py -> /home/ecem/ros2_real_ws/src/Leo_sct_real/Leo_sct/build/leo_real/build/lib/leo_real
copying leo_real/__init__.py -> /home/ecem/ros2_real_ws/src/Leo_sct_real/Leo_sct/build/leo_real/build/lib/leo_real
copying leo_real/sct.py -> /home/ecem/ros2_real_ws/src/Leo_sct_real/Leo_sct/build/leo_real/build/lib/leo_real
running install
running install_lib
creating /home/ecem/ros2_real_ws/src/Leo_sct_real/Leo_sct/install/leo_real/lib/python3.10/site-packages/leo_real
copying /home/ecem/ros2_real_ws/src/Leo_sct_real/Leo_sct/build/leo_real/build/lib/leo_real/robot_supervisor.py -> /home/ecem/ros2_real_ws/src/Leo_sct_real/Leo_sct/install/leo_real/lib/python3.10/site-packages/leo_real
copying /home/ecem/ros2_real_ws/src/Leo_sct_real/Leo_sct/build/leo_real/build/lib/leo_real/robot_supervisor_rgb.py -> /home/ecem/ros2_real_ws/src/Leo_sct_real/Leo_sct/install/leo_real/lib/python3.10/site-packages/leo_real
copying /home/ecem/ros2_real_ws/src/Leo_sct_real/Leo_sct/build/leo_real/build/lib/leo_real/__init__.py -> /home/ecem/ros2_real_ws/src/Leo_sct_real/Leo_sct/install/leo_real/lib/python3.10/site-packages/leo_real
copying /home/ecem/ros2_real_ws/src/Leo_sct_real/Leo_sct/build/leo_real/build/lib/leo_real/sct.py -> /home/ecem/ros2_real_ws/src/Leo_sct_real/Leo_sct/install/leo_real/lib/python3.10/site-packages/leo_real
byte-compiling /home/ecem/ros2_real_ws/src/Leo_sct_real/Leo_sct/install/leo_real/lib/python3.10/site-packages/leo_real/robot_supervisor.py to robot_supervisor.cpython-310.pyc
byte-compiling /home/ecem/ros2_real_ws/src/Leo_sct_real/Leo_sct/install/leo_real/lib/python3.10/site-packages/leo_real/robot_supervisor_rgb.py to robot_supervisor_rgb.cpython-310.pyc
byte-compiling /home/ecem/ros2_real_ws/src/Leo_sct_real/Leo_sct/install/leo_real/lib/python3.10/site-packages/leo_real/__init__.py to __init__.cpython-310.pyc
byte-compiling /home/ecem/ros2_real_ws/src/Leo_sct_real/Leo_sct/install/leo_real/lib/python3.10/site-packages/leo_real/sct.py to sct.cpython-310.pyc
running install_data
creating /home/ecem/ros2_real_ws/src/Leo_sct_real/Leo_sct/install/leo_real/share/ament_index
creating /home/ecem/ros2_real_ws/src/Leo_sct_real/Leo_sct/install/leo_real/share/ament_index/resource_index
creating /home/ecem/ros2_real_ws/src/Leo_sct_real/Leo_sct/install/leo_real/share/ament_index/resource_index/packages
copying resource/leo_real -> /home/ecem/ros2_real_ws/src/Leo_sct_real/Leo_sct/install/leo_real/share/ament_index/resource_index/packages
copying package.xml -> /home/ecem/ros2_real_ws/src/Leo_sct_real/Leo_sct/install/leo_real/share/leo_real
creating /home/ecem/ros2_real_ws/src/Leo_sct_real/Leo_sct/install/leo_real/share/leo_real/launch
copying launch/leo_real.launch.py -> /home/ecem/ros2_real_ws/src/Leo_sct_real/Leo_sct/install/leo_real/share/leo_real/launch
creating /home/ecem/ros2_real_ws/src/Leo_sct_real/Leo_sct/install/leo_real/share/leo_real/config
copying config/sup_gpt.yaml -> /home/ecem/ros2_real_ws/src/Leo_sct_real/Leo_sct/install/leo_real/share/leo_real/config
copying config/find_marker_sup_gpt_4.yaml -> /home/ecem/ros2_real_ws/src/Leo_sct_real/Leo_sct/install/leo_real/share/leo_real/config
copying config/find_marker_sup_gpt_6.yaml -> /home/ecem/ros2_real_ws/src/Leo_sct_real/Leo_sct/install/leo_real/share/leo_real/config
copying config/explore_sup_gpt_3.yaml -> /home/ecem/ros2_real_ws/src/Leo_sct_real/Leo_sct/install/leo_real/share/leo_real/config
copying config/prompt_9_run_002.yaml -> /home/ecem/ros2_real_ws/src/Leo_sct_real/Leo_sct/install/leo_real/share/leo_real/config
copying config/prompt_8_run_003.yaml -> /home/ecem/ros2_real_ws/src/Leo_sct_real/Leo_sct/install/leo_real/share/leo_real/config
copying config/real_camera.yaml -> /home/ecem/ros2_real_ws/src/Leo_sct_real/Leo_sct/install/leo_real/share/leo_real/config
copying config/prompt_1_run_001.yaml -> /home/ecem/ros2_real_ws/src/Leo_sct_real/Leo_sct/install/leo_real/share/leo_real/config
copying config/find_marker_sup_gpt_5.yaml -> /home/ecem/ros2_real_ws/src/Leo_sct_real/Leo_sct/install/leo_real/share/leo_real/config
copying config/prompt_9_run_001.yaml -> /home/ecem/ros2_real_ws/src/Leo_sct_real/Leo_sct/install/leo_real/share/leo_real/config
running install_egg_info
Copying ../build/leo_real/leo_real.egg-info to /home/ecem/ros2_real_ws/src/Leo_sct_real/Leo_sct/install/leo_real/lib/python3.10/site-packages/leo_real-0.0.0-py3.10.egg-info
running install_scripts
Installing robot_supervisor script to /home/ecem/ros2_real_ws/src/Leo_sct_real/Leo_sct/install/leo_real/lib/leo_real
Installing robot_supervisor_rgb script to /home/ecem/ros2_real_ws/src/Leo_sct_real/Leo_sct/install/leo_real/lib/leo_real
writing list of installed files to '/home/ecem/ros2_real_ws/src/Leo_sct_real/Leo_sct/build/leo_real/install.log'
