[0.469s] Invoking command in '/home/ecem/ros2_real_ws/src/Leo_sct_real/Leo_sct/leo_real': PYTHONPATH=/home/ecem/ros2_real_ws/src/Leo_sct_real/Leo_sct/build/leo_real/prefix_override:/usr/lib/python3/dist-packages/colcon_core/task/python/colcon_distutils_commands:/home/ecem/ros2_real_ws/src/Leo_sct_real/Leo_sct/install/leo_real/lib/python3.10/site-packages:${PYTHONPATH} /usr/bin/python3 -W ignore:setup.py install is deprecated -W ignore:easy_install command is deprecated setup.py egg_info --egg-base ../build/leo_real build --build-base /home/ecem/ros2_real_ws/src/Leo_sct_real/Leo_sct/build/leo_real/build install --record /home/ecem/ros2_real_ws/src/Leo_sct_real/Leo_sct/build/leo_real/install.log --single-version-externally-managed install_data
[0.631s] running egg_info
[0.632s] creating ../build/leo_real/leo_real.egg-info
[0.632s] writing ../build/leo_real/leo_real.egg-info/PKG-INFO
[0.632s] writing dependency_links to ../build/leo_real/leo_real.egg-info/dependency_links.txt
[0.632s] writing entry points to ../build/leo_real/leo_real.egg-info/entry_points.txt
[0.632s] writing requirements to ../build/leo_real/leo_real.egg-info/requires.txt
[0.632s] writing top-level names to ../build/leo_real/leo_real.egg-info/top_level.txt
[0.632s] writing manifest file '../build/leo_real/leo_real.egg-info/SOURCES.txt'
[0.633s] reading manifest file '../build/leo_real/leo_real.egg-info/SOURCES.txt'
[0.633s] writing manifest file '../build/leo_real/leo_real.egg-info/SOURCES.txt'
[0.633s] running build
[0.634s] running build_py
[0.634s] creating /home/ecem/ros2_real_ws/src/Leo_sct_real/Leo_sct/build/leo_real/build
[0.634s] creating /home/ecem/ros2_real_ws/src/Leo_sct_real/Leo_sct/build/leo_real/build/lib
[0.634s] creating /home/ecem/ros2_real_ws/src/Leo_sct_real/Leo_sct/build/leo_real/build/lib/leo_real
[0.634s] copying leo_real/robot_supervisor.py -> /home/ecem/ros2_real_ws/src/Leo_sct_real/Leo_sct/build/leo_real/build/lib/leo_real
[0.634s] copying leo_real/robot_supervisor_rgb.py -> /home/ecem/ros2_real_ws/src/Leo_sct_real/Leo_sct/build/leo_real/build/lib/leo_real
[0.634s] copying leo_real/__init__.py -> /home/ecem/ros2_real_ws/src/Leo_sct_real/Leo_sct/build/leo_real/build/lib/leo_real
[0.634s] copying leo_real/sct.py -> /home/ecem/ros2_real_ws/src/Leo_sct_real/Leo_sct/build/leo_real/build/lib/leo_real
[0.634s] running install
[0.634s] running install_lib
[0.635s] creating /home/ecem/ros2_real_ws/src/Leo_sct_real/Leo_sct/install/leo_real/lib/python3.10/site-packages/leo_real
[0.635s] copying /home/ecem/ros2_real_ws/src/Leo_sct_real/Leo_sct/build/leo_real/build/lib/leo_real/robot_supervisor.py -> /home/ecem/ros2_real_ws/src/Leo_sct_real/Leo_sct/install/leo_real/lib/python3.10/site-packages/leo_real
[0.635s] copying /home/ecem/ros2_real_ws/src/Leo_sct_real/Leo_sct/build/leo_real/build/lib/leo_real/robot_supervisor_rgb.py -> /home/ecem/ros2_real_ws/src/Leo_sct_real/Leo_sct/install/leo_real/lib/python3.10/site-packages/leo_real
[0.635s] copying /home/ecem/ros2_real_ws/src/Leo_sct_real/Leo_sct/build/leo_real/build/lib/leo_real/__init__.py -> /home/ecem/ros2_real_ws/src/Leo_sct_real/Leo_sct/install/leo_real/lib/python3.10/site-packages/leo_real
[0.635s] copying /home/ecem/ros2_real_ws/src/Leo_sct_real/Leo_sct/build/leo_real/build/lib/leo_real/sct.py -> /home/ecem/ros2_real_ws/src/Leo_sct_real/Leo_sct/install/leo_real/lib/python3.10/site-packages/leo_real
[0.635s] byte-compiling /home/ecem/ros2_real_ws/src/Leo_sct_real/Leo_sct/install/leo_real/lib/python3.10/site-packages/leo_real/robot_supervisor.py to robot_supervisor.cpython-310.pyc
[0.638s] byte-compiling /home/ecem/ros2_real_ws/src/Leo_sct_real/Leo_sct/install/leo_real/lib/python3.10/site-packages/leo_real/robot_supervisor_rgb.py to robot_supervisor_rgb.cpython-310.pyc
[0.641s] byte-compiling /home/ecem/ros2_real_ws/src/Leo_sct_real/Leo_sct/install/leo_real/lib/python3.10/site-packages/leo_real/__init__.py to __init__.cpython-310.pyc
[0.641s] byte-compiling /home/ecem/ros2_real_ws/src/Leo_sct_real/Leo_sct/install/leo_real/lib/python3.10/site-packages/leo_real/sct.py to sct.cpython-310.pyc
[0.641s] running install_data
[0.641s] creating /home/ecem/ros2_real_ws/src/Leo_sct_real/Leo_sct/install/leo_real/share/ament_index
[0.642s] creating /home/ecem/ros2_real_ws/src/Leo_sct_real/Leo_sct/install/leo_real/share/ament_index/resource_index
[0.642s] creating /home/ecem/ros2_real_ws/src/Leo_sct_real/Leo_sct/install/leo_real/share/ament_index/resource_index/packages
[0.642s] copying resource/leo_real -> /home/ecem/ros2_real_ws/src/Leo_sct_real/Leo_sct/install/leo_real/share/ament_index/resource_index/packages
[0.642s] copying package.xml -> /home/ecem/ros2_real_ws/src/Leo_sct_real/Leo_sct/install/leo_real/share/leo_real
[0.642s] creating /home/ecem/ros2_real_ws/src/Leo_sct_real/Leo_sct/install/leo_real/share/leo_real/launch
[0.642s] copying launch/leo_real.launch.py -> /home/ecem/ros2_real_ws/src/Leo_sct_real/Leo_sct/install/leo_real/share/leo_real/launch
[0.642s] creating /home/ecem/ros2_real_ws/src/Leo_sct_real/Leo_sct/install/leo_real/share/leo_real/config
[0.642s] copying config/sup_gpt.yaml -> /home/ecem/ros2_real_ws/src/Leo_sct_real/Leo_sct/install/leo_real/share/leo_real/config
[0.642s] copying config/find_marker_sup_gpt_4.yaml -> /home/ecem/ros2_real_ws/src/Leo_sct_real/Leo_sct/install/leo_real/share/leo_real/config
[0.642s] copying config/find_marker_sup_gpt_6.yaml -> /home/ecem/ros2_real_ws/src/Leo_sct_real/Leo_sct/install/leo_real/share/leo_real/config
[0.642s] copying config/explore_sup_gpt_3.yaml -> /home/ecem/ros2_real_ws/src/Leo_sct_real/Leo_sct/install/leo_real/share/leo_real/config
[0.642s] copying config/prompt_9_run_002.yaml -> /home/ecem/ros2_real_ws/src/Leo_sct_real/Leo_sct/install/leo_real/share/leo_real/config
[0.642s] copying config/prompt_8_run_003.yaml -> /home/ecem/ros2_real_ws/src/Leo_sct_real/Leo_sct/install/leo_real/share/leo_real/config
[0.642s] copying config/real_camera.yaml -> /home/ecem/ros2_real_ws/src/Leo_sct_real/Leo_sct/install/leo_real/share/leo_real/config
[0.642s] copying config/prompt_1_run_001.yaml -> /home/ecem/ros2_real_ws/src/Leo_sct_real/Leo_sct/install/leo_real/share/leo_real/config
[0.643s] copying config/find_marker_sup_gpt_5.yaml -> /home/ecem/ros2_real_ws/src/Leo_sct_real/Leo_sct/install/leo_real/share/leo_real/config
[0.643s] copying config/prompt_9_run_001.yaml -> /home/ecem/ros2_real_ws/src/Leo_sct_real/Leo_sct/install/leo_real/share/leo_real/config
[0.643s] running install_egg_info
[0.643s] Copying ../build/leo_real/leo_real.egg-info to /home/ecem/ros2_real_ws/src/Leo_sct_real/Leo_sct/install/leo_real/lib/python3.10/site-packages/leo_real-0.0.0-py3.10.egg-info
[0.643s] running install_scripts
[0.655s] Installing robot_supervisor script to /home/ecem/ros2_real_ws/src/Leo_sct_real/Leo_sct/install/leo_real/lib/leo_real
[0.655s] Installing robot_supervisor_rgb script to /home/ecem/ros2_real_ws/src/Leo_sct_real/Leo_sct/install/leo_real/lib/leo_real
[0.655s] writing list of installed files to '/home/ecem/ros2_real_ws/src/Leo_sct_real/Leo_sct/build/leo_real/install.log'
[0.702s] Invoked command in '/home/ecem/ros2_real_ws/src/Leo_sct_real/Leo_sct/leo_real' returned '0': PYTHONPATH=/home/ecem/ros2_real_ws/src/Leo_sct_real/Leo_sct/build/leo_real/prefix_override:/usr/lib/python3/dist-packages/colcon_core/task/python/colcon_distutils_commands:/home/ecem/ros2_real_ws/src/Leo_sct_real/Leo_sct/install/leo_real/lib/python3.10/site-packages:${PYTHONPATH} /usr/bin/python3 -W ignore:setup.py install is deprecated -W ignore:easy_install command is deprecated setup.py egg_info --egg-base ../build/leo_real build --build-base /home/ecem/ros2_real_ws/src/Leo_sct_real/Leo_sct/build/leo_real/build install --record /home/ecem/ros2_real_ws/src/Leo_sct_real/Leo_sct/build/leo_real/install.log --single-version-externally-managed install_data
