[0.459s] Invoking command in '/home/ecem/ros2_real_ws/src/Leo_sct_real/Leo_sct/leo_real': PYTHONPATH=/home/ecem/ros2_real_ws/src/Leo_sct_real/Leo_sct/build/leo_real/prefix_override:/usr/lib/python3/dist-packages/colcon_core/task/python/colcon_distutils_commands:/home/ecem/ros2_real_ws/src/Leo_sct_real/Leo_sct/install/leo_real/lib/python3.10/site-packages:${PYTHONPATH} /usr/bin/python3 -W ignore:setup.py install is deprecated -W ignore:easy_install command is deprecated setup.py egg_info --egg-base ../build/leo_real build --build-base /home/ecem/ros2_real_ws/src/Leo_sct_real/Leo_sct/build/leo_real/build install --record /home/ecem/ros2_real_ws/src/Leo_sct_real/Leo_sct/build/leo_real/install.log --single-version-externally-managed install_data
[0.618s] running egg_info
[0.619s] writing ../build/leo_real/leo_real.egg-info/PKG-INFO
[0.619s] writing dependency_links to ../build/leo_real/leo_real.egg-info/dependency_links.txt
[0.619s] writing entry points to ../build/leo_real/leo_real.egg-info/entry_points.txt
[0.619s] writing requirements to ../build/leo_real/leo_real.egg-info/requires.txt
[0.620s] writing top-level names to ../build/leo_real/leo_real.egg-info/top_level.txt
[0.620s] reading manifest file '../build/leo_real/leo_real.egg-info/SOURCES.txt'
[0.621s] writing manifest file '../build/leo_real/leo_real.egg-info/SOURCES.txt'
[0.621s] running build
[0.621s] running build_py
[0.621s] copying leo_real/robot_supervisor_rgb.py -> /home/ecem/ros2_real_ws/src/Leo_sct_real/Leo_sct/build/leo_real/build/lib/leo_real
[0.622s] running install
[0.622s] running install_lib
[0.622s] copying /home/ecem/ros2_real_ws/src/Leo_sct_real/Leo_sct/build/leo_real/build/lib/leo_real/robot_supervisor_rgb.py -> /home/ecem/ros2_real_ws/src/Leo_sct_real/Leo_sct/install/leo_real/lib/python3.10/site-packages/leo_real
[0.622s] byte-compiling /home/ecem/ros2_real_ws/src/Leo_sct_real/Leo_sct/install/leo_real/lib/python3.10/site-packages/leo_real/robot_supervisor_rgb.py to robot_supervisor_rgb.cpython-310.pyc
[0.625s] running install_data
[0.625s] copying config/sup_gpt.yaml -> /home/ecem/ros2_real_ws/src/Leo_sct_real/Leo_sct/install/leo_real/share/leo_real/config
[0.625s] copying config/real_camera.yaml -> /home/ecem/ros2_real_ws/src/Leo_sct_real/Leo_sct/install/leo_real/share/leo_real/config
[0.626s] copying config/prompt_9_run_001.yaml -> /home/ecem/ros2_real_ws/src/Leo_sct_real/Leo_sct/install/leo_real/share/leo_real/config
[0.626s] running install_egg_info
[0.626s] removing '/home/ecem/ros2_real_ws/src/Leo_sct_real/Leo_sct/install/leo_real/lib/python3.10/site-packages/leo_real-0.0.0-py3.10.egg-info' (and everything under it)
[0.627s] Copying ../build/leo_real/leo_real.egg-info to /home/ecem/ros2_real_ws/src/Leo_sct_real/Leo_sct/install/leo_real/lib/python3.10/site-packages/leo_real-0.0.0-py3.10.egg-info
[0.627s] running install_scripts
[0.639s] Installing robot_supervisor script to /home/ecem/ros2_real_ws/src/Leo_sct_real/Leo_sct/install/leo_real/lib/leo_real
[0.639s] Installing robot_supervisor_rgb script to /home/ecem/ros2_real_ws/src/Leo_sct_real/Leo_sct/install/leo_real/lib/leo_real
[0.639s] writing list of installed files to '/home/ecem/ros2_real_ws/src/Leo_sct_real/Leo_sct/build/leo_real/install.log'
[0.653s] Invoked command in '/home/ecem/ros2_real_ws/src/Leo_sct_real/Leo_sct/leo_real' returned '0': PYTHONPATH=/home/ecem/ros2_real_ws/src/Leo_sct_real/Leo_sct/build/leo_real/prefix_override:/usr/lib/python3/dist-packages/colcon_core/task/python/colcon_distutils_commands:/home/ecem/ros2_real_ws/src/Leo_sct_real/Leo_sct/install/leo_real/lib/python3.10/site-packages:${PYTHONPATH} /usr/bin/python3 -W ignore:setup.py install is deprecated -W ignore:easy_install command is deprecated setup.py egg_info --egg-base ../build/leo_real build --build-base /home/ecem/ros2_real_ws/src/Leo_sct_real/Leo_sct/build/leo_real/build install --record /home/ecem/ros2_real_ws/src/Leo_sct_real/Leo_sct/build/leo_real/install.log --single-version-externally-managed install_data
