[INFO] [launch]: All log files can be found below /home/ecem/.ros/log/2026-04-23-13-20-53-279420-ecem-pc-329970
[INFO] [launch]: Default logging verbosity is set to INFO
[INFO] [ign gazebo-1]: process started with pid [329985]
[INFO] [coverage_counter-2]: process started with pid [329987]
[INFO] [bump_counter-3]: process started with pid [329990]
[INFO] [parameter_bridge-4]: process started with pid [329992]
[INFO] [robot_state_publisher-5]: process started with pid [329994]
[INFO] [create-6]: process started with pid [329996]
[INFO] [robot_supervisor-7]: process started with pid [329999]
[INFO] [robot_state_publisher-8]: process started with pid [330002]
[INFO] [create-9]: process started with pid [330004]
[INFO] [robot_supervisor-10]: process started with pid [330006]
[INFO] [robot_state_publisher-11]: process started with pid [330008]
[INFO] [create-12]: process started with pid [330010]
[INFO] [robot_supervisor-13]: process started with pid [330012]
[INFO] [robot_state_publisher-14]: process started with pid [330014]
[INFO] [create-15]: process started with pid [330016]
[INFO] [robot_supervisor-16]: process started with pid [330018]
[INFO] [robot_state_publisher-17]: process started with pid [330021]
[INFO] [create-18]: process started with pid [330030]
[INFO] [robot_supervisor-19]: process started with pid [330032]
[INFO] [parameter_bridge-20]: process started with pid [330034]
[parameter_bridge-4] [ros_ign_bridge] is deprecated! Redirecting to use [ros_gz_bridge] instead!
[parameter_bridge-4] 
[create-18] [INFO] [1776943253.727937296] [robot_4.ros_gz_sim]: Requesting list of world names.
[parameter_bridge-4] [INFO] [1776943253.727954704] [all_robots_bridge]: Creating ROS->GZ Bridge: [/robot_0/cmd_vel (geometry_msgs/msg/Twist) -> /robot_0/cmd_vel (ignition.msgs.Twist)] (Lazy 0)
[create-9] [INFO] [1776943253.728351722] [robot_1.ros_gz_sim]: Requesting list of world names.
[create-12] [INFO] [1776943253.728628563] [robot_2.ros_gz_sim]: Requesting list of world names.
[parameter_bridge-4] [INFO] [1776943253.729988437] [all_robots_bridge]: Creating GZ->ROS Bridge: [/robot_0/odom (ignition.msgs.Odometry) -> /robot_0/odom (nav_msgs/msg/Odometry)] (Lazy 0)
[create-15] [INFO] [1776943253.730103857] [robot_3.ros_gz_sim]: Requesting list of world names.
[parameter_bridge-4] [INFO] [1776943253.731573260] [all_robots_bridge]: Creating GZ->ROS Bridge: [/robot_0/depth_camera/depth_image (ignition.msgs.Image) -> /robot_0/depth_camera/depth_image (sensor_msgs/msg/Image)] (Lazy 0)
[parameter_bridge-4] [INFO] [1776943253.733137231] [all_robots_bridge]: Creating GZ->ROS Bridge: [/world/random_world/model/robot_0/link/robot_0/base_footprint/sensor/contact_sensor/contact (ignition.msgs.Contacts) -> /world/random_world/model/robot_0/link/robot_0/base_footprint/sensor/contact_sensor/contact (ros_gz_interfaces/msg/Contacts)] (Lazy 0)
[robot_state_publisher-5] [INFO] [1776943253.734041405] [robot_0.robot_state_publisher]: got segment robot_0/antenna_link
[create-6] [INFO] [1776943253.734069825] [robot_0.ros_gz_sim]: Requesting list of world names.
[robot_state_publisher-5] [INFO] [1776943253.734130444] [robot_0.robot_state_publisher]: got segment robot_0/base_footprint
[robot_state_publisher-5] [INFO] [1776943253.734141409] [robot_0.robot_state_publisher]: got segment robot_0/base_link
[robot_state_publisher-5] [INFO] [1776943253.734149459] [robot_0.robot_state_publisher]: got segment robot_0/realsense_link
[robot_state_publisher-5] [INFO] [1776943253.734164194] [robot_0.robot_state_publisher]: got segment robot_0/rocker_L_link
[robot_state_publisher-5] [INFO] [1776943253.734196848] [robot_0.robot_state_publisher]: got segment robot_0/rocker_R_link
[robot_state_publisher-5] [INFO] [1776943253.734203436] [robot_0.robot_state_publisher]: got segment robot_0/wheel_FL_link
[robot_state_publisher-5] [INFO] [1776943253.734207927] [robot_0.robot_state_publisher]: got segment robot_0/wheel_FR_link
[robot_state_publisher-5] [INFO] [1776943253.734212864] [robot_0.robot_state_publisher]: got segment robot_0/wheel_RL_link
[robot_state_publisher-5] [INFO] [1776943253.734271939] [robot_0.robot_state_publisher]: got segment robot_0/wheel_RR_link
[parameter_bridge-4] [INFO] [1776943253.734484072] [all_robots_bridge]: Creating ROS->GZ Bridge: [/robot_1/cmd_vel (geometry_msgs/msg/Twist) -> /robot_1/cmd_vel (ignition.msgs.Twist)] (Lazy 0)
[parameter_bridge-20] [INFO] [1776943253.734846096] [clock_bridge]: Creating GZ->ROS Bridge: [/clock (ignition.msgs.Clock) -> /clock (rosgraph_msgs/msg/Clock)] (Lazy 0)
[parameter_bridge-4] [INFO] [1776943253.734966854] [all_robots_bridge]: Creating GZ->ROS Bridge: [/robot_1/odom (ignition.msgs.Odometry) -> /robot_1/odom (nav_msgs/msg/Odometry)] (Lazy 0)
[parameter_bridge-4] [INFO] [1776943253.736353258] [all_robots_bridge]: Creating GZ->ROS Bridge: [/robot_1/depth_camera/depth_image (ignition.msgs.Image) -> /robot_1/depth_camera/depth_image (sensor_msgs/msg/Image)] (Lazy 0)
[parameter_bridge-4] [INFO] [1776943253.736976024] [all_robots_bridge]: Creating GZ->ROS Bridge: [/world/random_world/model/robot_1/link/robot_1/base_footprint/sensor/contact_sensor/contact (ignition.msgs.Contacts) -> /world/random_world/model/robot_1/link/robot_1/base_footprint/sensor/contact_sensor/contact (ros_gz_interfaces/msg/Contacts)] (Lazy 0)
[parameter_bridge-4] [INFO] [1776943253.738085596] [all_robots_bridge]: Creating ROS->GZ Bridge: [/robot_2/cmd_vel (geometry_msgs/msg/Twist) -> /robot_2/cmd_vel (ignition.msgs.Twist)] (Lazy 0)
[parameter_bridge-4] [INFO] [1776943253.738618364] [all_robots_bridge]: Creating GZ->ROS Bridge: [/robot_2/odom (ignition.msgs.Odometry) -> /robot_2/odom (nav_msgs/msg/Odometry)] (Lazy 0)
[parameter_bridge-4] [INFO] [1776943253.739135866] [all_robots_bridge]: Creating GZ->ROS Bridge: [/robot_2/depth_camera/depth_image (ignition.msgs.Image) -> /robot_2/depth_camera/depth_image (sensor_msgs/msg/Image)] (Lazy 0)
[parameter_bridge-4] [INFO] [1776943253.739626563] [all_robots_bridge]: Creating GZ->ROS Bridge: [/world/random_world/model/robot_2/link/robot_2/base_footprint/sensor/contact_sensor/contact (ignition.msgs.Contacts) -> /world/random_world/model/robot_2/link/robot_2/base_footprint/sensor/contact_sensor/contact (ros_gz_interfaces/msg/Contacts)] (Lazy 0)
[parameter_bridge-4] [INFO] [1776943253.740298097] [all_robots_bridge]: Creating ROS->GZ Bridge: [/robot_3/cmd_vel (geometry_msgs/msg/Twist) -> /robot_3/cmd_vel (ignition.msgs.Twist)] (Lazy 0)
[parameter_bridge-4] [INFO] [1776943253.741274113] [all_robots_bridge]: Creating GZ->ROS Bridge: [/robot_3/odom (ignition.msgs.Odometry) -> /robot_3/odom (nav_msgs/msg/Odometry)] (Lazy 0)
[parameter_bridge-4] [INFO] [1776943253.742351108] [all_robots_bridge]: Creating GZ->ROS Bridge: [/robot_3/depth_camera/depth_image (ignition.msgs.Image) -> /robot_3/depth_camera/depth_image (sensor_msgs/msg/Image)] (Lazy 0)
[parameter_bridge-4] [INFO] [1776943253.743348658] [all_robots_bridge]: Creating GZ->ROS Bridge: [/world/random_world/model/robot_3/link/robot_3/base_footprint/sensor/contact_sensor/contact (ignition.msgs.Contacts) -> /world/random_world/model/robot_3/link/robot_3/base_footprint/sensor/contact_sensor/contact (ros_gz_interfaces/msg/Contacts)] (Lazy 0)
[robot_state_publisher-8] [INFO] [1776943253.743558751] [robot_1.robot_state_publisher]: got segment robot_1/antenna_link
[robot_state_publisher-8] [INFO] [1776943253.743660997] [robot_1.robot_state_publisher]: got segment robot_1/base_footprint
[robot_state_publisher-8] [INFO] [1776943253.743675458] [robot_1.robot_state_publisher]: got segment robot_1/base_link
[robot_state_publisher-8] [INFO] [1776943253.743685541] [robot_1.robot_state_publisher]: got segment robot_1/realsense_link
[robot_state_publisher-8] [INFO] [1776943253.743693569] [robot_1.robot_state_publisher]: got segment robot_1/rocker_L_link
[robot_state_publisher-8] [INFO] [1776943253.743701341] [robot_1.robot_state_publisher]: got segment robot_1/rocker_R_link
[robot_state_publisher-8] [INFO] [1776943253.743708782] [robot_1.robot_state_publisher]: got segment robot_1/wheel_FL_link
[robot_state_publisher-8] [INFO] [1776943253.743716383] [robot_1.robot_state_publisher]: got segment robot_1/wheel_FR_link
[robot_state_publisher-8] [INFO] [1776943253.743723671] [robot_1.robot_state_publisher]: got segment robot_1/wheel_RL_link
[robot_state_publisher-8] [INFO] [1776943253.743730879] [robot_1.robot_state_publisher]: got segment robot_1/wheel_RR_link
[parameter_bridge-4] [INFO] [1776943253.744989447] [all_robots_bridge]: Creating ROS->GZ Bridge: [/robot_4/cmd_vel (geometry_msgs/msg/Twist) -> /robot_4/cmd_vel (ignition.msgs.Twist)] (Lazy 0)
[parameter_bridge-4] [INFO] [1776943253.745622801] [all_robots_bridge]: Creating GZ->ROS Bridge: [/robot_4/odom (ignition.msgs.Odometry) -> /robot_4/odom (nav_msgs/msg/Odometry)] (Lazy 0)
[robot_state_publisher-17] [INFO] [1776943253.746258984] [robot_4.robot_state_publisher]: got segment robot_4/antenna_link
[robot_state_publisher-17] [INFO] [1776943253.746342367] [robot_4.robot_state_publisher]: got segment robot_4/base_footprint
[robot_state_publisher-17] [INFO] [1776943253.746352213] [robot_4.robot_state_publisher]: got segment robot_4/base_link
[robot_state_publisher-17] [INFO] [1776943253.746358406] [robot_4.robot_state_publisher]: got segment robot_4/realsense_link
[robot_state_publisher-17] [INFO] [1776943253.746363850] [robot_4.robot_state_publisher]: got segment robot_4/rocker_L_link
[robot_state_publisher-17] [INFO] [1776943253.746369610] [robot_4.robot_state_publisher]: got segment robot_4/rocker_R_link
[robot_state_publisher-17] [INFO] [1776943253.746375073] [robot_4.robot_state_publisher]: got segment robot_4/wheel_FL_link
[robot_state_publisher-17] [INFO] [1776943253.746380332] [robot_4.robot_state_publisher]: got segment robot_4/wheel_FR_link
[robot_state_publisher-17] [INFO] [1776943253.746385742] [robot_4.robot_state_publisher]: got segment robot_4/wheel_RL_link
[robot_state_publisher-17] [INFO] [1776943253.746391603] [robot_4.robot_state_publisher]: got segment robot_4/wheel_RR_link
[robot_state_publisher-14] [INFO] [1776943253.746376759] [robot_3.robot_state_publisher]: got segment robot_3/antenna_link
[robot_state_publisher-14] [INFO] [1776943253.746445768] [robot_3.robot_state_publisher]: got segment robot_3/base_footprint
[robot_state_publisher-14] [INFO] [1776943253.746454913] [robot_3.robot_state_publisher]: got segment robot_3/base_link
[robot_state_publisher-14] [INFO] [1776943253.746461134] [robot_3.robot_state_publisher]: got segment robot_3/realsense_link
[robot_state_publisher-14] [INFO] [1776943253.746467133] [robot_3.robot_state_publisher]: got segment robot_3/rocker_L_link
[robot_state_publisher-14] [INFO] [1776943253.746472447] [robot_3.robot_state_publisher]: got segment robot_3/rocker_R_link
[robot_state_publisher-14] [INFO] [1776943253.746478081] [robot_3.robot_state_publisher]: got segment robot_3/wheel_FL_link
[robot_state_publisher-14] [INFO] [1776943253.746483619] [robot_3.robot_state_publisher]: got segment robot_3/wheel_FR_link
[robot_state_publisher-14] [INFO] [1776943253.746489348] [robot_3.robot_state_publisher]: got segment robot_3/wheel_RL_link
[robot_state_publisher-14] [INFO] [1776943253.746494712] [robot_3.robot_state_publisher]: got segment robot_3/wheel_RR_link
[parameter_bridge-4] [INFO] [1776943253.746493930] [all_robots_bridge]: Creating GZ->ROS Bridge: [/robot_4/depth_camera/depth_image (ignition.msgs.Image) -> /robot_4/depth_camera/depth_image (sensor_msgs/msg/Image)] (Lazy 0)
[parameter_bridge-4] [INFO] [1776943253.747377950] [all_robots_bridge]: Creating GZ->ROS Bridge: [/world/random_world/model/robot_4/link/robot_4/base_footprint/sensor/contact_sensor/contact (ignition.msgs.Contacts) -> /world/random_world/model/robot_4/link/robot_4/base_footprint/sensor/contact_sensor/contact (ros_gz_interfaces/msg/Contacts)] (Lazy 0)
[parameter_bridge-4] [INFO] [1776943253.748287873] [all_robots_bridge]: Creating GZ->ROS Bridge: [/world/random_world/dynamic_pose/info (ignition.msgs.Pose_V) -> /world/random_world/dynamic_pose/info (tf2_msgs/msg/TFMessage)] (Lazy 0)
[robot_state_publisher-11] [INFO] [1776943253.755971058] [robot_2.robot_state_publisher]: got segment robot_2/antenna_link
[robot_state_publisher-11] [INFO] [1776943253.756146677] [robot_2.robot_state_publisher]: got segment robot_2/base_footprint
[robot_state_publisher-11] [INFO] [1776943253.756174164] [robot_2.robot_state_publisher]: got segment robot_2/base_link
[robot_state_publisher-11] [INFO] [1776943253.756191551] [robot_2.robot_state_publisher]: got segment robot_2/realsense_link
[robot_state_publisher-11] [INFO] [1776943253.756204753] [robot_2.robot_state_publisher]: got segment robot_2/rocker_L_link
[robot_state_publisher-11] [INFO] [1776943253.756215158] [robot_2.robot_state_publisher]: got segment robot_2/rocker_R_link
[robot_state_publisher-11] [INFO] [1776943253.756226810] [robot_2.robot_state_publisher]: got segment robot_2/wheel_FL_link
[robot_state_publisher-11] [INFO] [1776943253.756237864] [robot_2.robot_state_publisher]: got segment robot_2/wheel_FR_link
[robot_state_publisher-11] [INFO] [1776943253.756249234] [robot_2.robot_state_publisher]: got segment robot_2/wheel_RL_link
[robot_state_publisher-11] [INFO] [1776943253.756261098] [robot_2.robot_state_publisher]: got segment robot_2/wheel_RR_link
[bump_counter-3] [INFO] [1776943253.951828026] [bump_counter]: [global] global_mode=True cooldown(robot)=0.80s cooldown(obs)=0.50s Logging to /home/ecem/ros2_ws/src/Leo_sct/results_exp/explore_gpt54_repeat3_once/medium/prompt_5/run_2/middle_circle/trial_1/run_20260423_132053/bumps_global_132053.csv
[robot_supervisor-10] [INFO] [1776943253.967503492] [robot_1.robot_supervisor]: Loaded initial mission 'explore' from explicit YAML explore_sup_gpt_medium_5_run_2_241.yaml
[robot_supervisor-13] [INFO] [1776943253.990815829] [robot_2.robot_supervisor]: Loaded initial mission 'explore' from explicit YAML explore_sup_gpt_medium_5_run_2_241.yaml
[robot_supervisor-16] [INFO] [1776943253.994145794] [robot_3.robot_supervisor]: Loaded initial mission 'explore' from explicit YAML explore_sup_gpt_medium_5_run_2_241.yaml
[robot_supervisor-19] [INFO] [1776943254.014295550] [robot_4.robot_supervisor]: Loaded initial mission 'explore' from explicit YAML explore_sup_gpt_medium_5_run_2_241.yaml
[robot_supervisor-7] [INFO] [1776943254.022986058] [robot_0.robot_supervisor]: Loaded initial mission 'explore' from explicit YAML explore_sup_gpt_medium_5_run_2_241.yaml
[robot_supervisor-10] [INFO] [1776943254.072463213] [robot_1.robot_supervisor]: Selected controllable event: EV_random_walk
[parameter_bridge-4] [INFO] [1776943254.072784037] [all_robots_bridge]: Passing message from ROS geometry_msgs/msg/Twist to Gazebo gz.msgs.Twist (showing msg only once per type)
[robot_supervisor-13] [INFO] [1776943254.094896090] [robot_2.robot_supervisor]: Selected controllable event: EV_random_walk
[robot_supervisor-16] [INFO] [1776943254.098244009] [robot_3.robot_supervisor]: Selected controllable event: EV_random_walk
[robot_supervisor-19] [INFO] [1776943254.118180983] [robot_4.robot_supervisor]: Selected controllable event: EV_random_walk
[robot_supervisor-7] [INFO] [1776943254.126343265] [robot_0.robot_supervisor]: Selected controllable event: EV_random_walk
[create-12] [INFO] [1776943254.165472440] [robot_2.ros_gz_sim]: Waiting messages on topic [/robot_2/robot_description].
[create-6] [INFO] [1776943254.265758535] [robot_0.ros_gz_sim]: Waiting messages on topic [/robot_0/robot_description].
[create-15] [INFO] [1776943254.365848277] [robot_3.ros_gz_sim]: Waiting messages on topic [/robot_3/robot_description].
[robot_supervisor-10] [INFO] [1776943254.372102999] [robot_1.robot_supervisor]: Selected controllable event: EV_random_walk
[robot_supervisor-13] [INFO] [1776943254.395006573] [robot_2.robot_supervisor]: Selected controllable event: EV_random_walk
[robot_supervisor-16] [INFO] [1776943254.398186951] [robot_3.robot_supervisor]: Selected controllable event: EV_random_walk
[robot_supervisor-19] [INFO] [1776943254.418214220] [robot_4.robot_supervisor]: Selected controllable event: EV_random_walk
[robot_supervisor-7] [INFO] [1776943254.426421678] [robot_0.robot_supervisor]: Selected controllable event: EV_random_walk
[create-9] [INFO] [1776943254.466376998] [robot_1.ros_gz_sim]: Waiting messages on topic [/robot_1/robot_description].
[create-15] [INFO] [1776943254.565467387] [robot_3.ros_gz_sim]: Requested creation of entity.
[create-15] [INFO] [1776943254.565519820] [robot_3.ros_gz_sim]: OK creation of entity.
[create-6] [INFO] [1776943254.565534125] [robot_0.ros_gz_sim]: Requested creation of entity.
[create-6] [INFO] [1776943254.565582889] [robot_0.ros_gz_sim]: OK creation of entity.
[create-12] [INFO] [1776943254.565689142] [robot_2.ros_gz_sim]: Requested creation of entity.
[create-12] [INFO] [1776943254.565743111] [robot_2.ros_gz_sim]: OK creation of entity.
[create-9] [INFO] [1776943254.565758084] [robot_1.ros_gz_sim]: Requested creation of entity.
[create-9] [INFO] [1776943254.565862295] [robot_1.ros_gz_sim]: OK creation of entity.
[create-18] [INFO] [1776943254.566431090] [robot_4.ros_gz_sim]: Waiting messages on topic [/robot_4/robot_description].
[create-18] [INFO] [1776943254.568882940] [robot_4.ros_gz_sim]: Requested creation of entity.
[create-18] [INFO] [1776943254.568908591] [robot_4.ros_gz_sim]: OK creation of entity.
[robot_supervisor-10] [INFO] [1776943254.672147830] [robot_1.robot_supervisor]: Selected controllable event: EV_move_forward
[robot_supervisor-13] [INFO] [1776943254.695066953] [robot_2.robot_supervisor]: Selected controllable event: EV_move_forward
[robot_supervisor-16] [INFO] [1776943254.698114415] [robot_3.robot_supervisor]: Selected controllable event: EV_move_forward
[robot_supervisor-19] [INFO] [1776943254.718227976] [robot_4.robot_supervisor]: Selected controllable event: EV_move_forward
[robot_supervisor-7] [INFO] [1776943254.726363043] [robot_0.robot_supervisor]: Selected controllable event: EV_move_forward
[INFO] [create-9]: process has finished cleanly [pid 330004]
[INFO] [create-12]: process has finished cleanly [pid 330010]
[INFO] [create-15]: process has finished cleanly [pid 330016]
[INFO] [create-18]: process has finished cleanly [pid 330030]
[INFO] [create-6]: process has finished cleanly [pid 329996]
[bump_counter-3] [INFO] [1776943255.008714575] [bump_counter]: [global] subscribed: /world/random_world/model/robot_0/link/robot_0/base_footprint/sensor/contact_sensor/contact
[bump_counter-3] [INFO] [1776943255.010724701] [bump_counter]: [global] subscribed: /world/random_world/model/robot_1/link/robot_1/base_footprint/sensor/contact_sensor/contact
[bump_counter-3] [INFO] [1776943255.011776388] [bump_counter]: [global] subscribed: /world/random_world/model/robot_2/link/robot_2/base_footprint/sensor/contact_sensor/contact
[bump_counter-3] [INFO] [1776943255.013329646] [bump_counter]: [global] subscribed: /world/random_world/model/robot_3/link/robot_3/base_footprint/sensor/contact_sensor/contact
[bump_counter-3] [INFO] [1776943255.014834375] [bump_counter]: [global] subscribed: /world/random_world/model/robot_4/link/robot_4/base_footprint/sensor/contact_sensor/contact
[INFO] [image_processor-21]: process started with pid [330387]
[INFO] [image_processor-22]: process started with pid [330389]
[INFO] [image_processor-23]: process started with pid [330391]
[INFO] [image_processor-24]: process started with pid [330393]
[INFO] [image_processor-25]: process started with pid [330395]
[image_processor-24] [INFO] [1776943255.740361321] [robot_3.image_processor]: image_processor: depth='/robot_3/depth_camera/depth_image' aruco_runtime=disabled
[image_processor-21] [INFO] [1776943255.740677521] [robot_0.image_processor]: image_processor: depth='/robot_0/depth_camera/depth_image' aruco_runtime=disabled
[image_processor-22] [INFO] [1776943255.741335328] [robot_1.image_processor]: image_processor: depth='/robot_1/depth_camera/depth_image' aruco_runtime=disabled
[image_processor-23] [INFO] [1776943255.741931706] [robot_2.image_processor]: image_processor: depth='/robot_2/depth_camera/depth_image' aruco_runtime=disabled
[image_processor-25] [INFO] [1776943255.742037908] [robot_4.image_processor]: image_processor: depth='/robot_4/depth_camera/depth_image' aruco_runtime=disabled
[image_processor-23] [INFO] [1776943259.239648916] [robot_2.image_processor]: Zone=CLEAR  left[p=1.875 near=0 v=7650]  front[p=2.263 near=0 v=12349]  right[p=1.628 near=0 v=7740]
[image_processor-21] [INFO] [1776943259.248346278] [robot_0.image_processor]: Zone=CLEAR  left[p=1.026 near=0 v=7650]  front[p=1.493 near=0 v=13500]  right[p=2.221 near=0 v=7740]
[image_processor-24] [INFO] [1776943259.255134534] [robot_3.image_processor]: Zone=CLEAR  left[p=0.894 near=0 v=7620]  front[p=3.072 near=0 v=13297]  right[p=2.913 near=0 v=7740]
[image_processor-22] [INFO] [1776943259.263037026] [robot_1.image_processor]: Zone=CLEAR  left[p=3.007 near=0 v=7650]  front[p=3.426 near=0 v=13244]  right[p=2.532 near=0 v=7517]
[image_processor-25] [INFO] [1776943259.271253163] [robot_4.image_processor]: Zone=CLEAR  left[p=2.299 near=0 v=7157]  front[p=2.450 near=0 v=13239]  right[p=3.007 near=0 v=7740]
[image_processor-23] [INFO] [1776943261.737941222] [robot_2.image_processor]: Zone=CLEAR
[image_processor-21] [INFO] [1776943261.746778079] [robot_0.image_processor]: Zone=CLEAR
[image_processor-24] [INFO] [1776943261.754112940] [robot_3.image_processor]: Zone=CLEAR
[image_processor-22] [INFO] [1776943261.763661244] [robot_1.image_processor]: Zone=CLEAR
[image_processor-25] [INFO] [1776943261.771295328] [robot_4.image_processor]: Zone=CLEAR
[image_processor-23] [INFO] [1776943264.238414990] [robot_2.image_processor]: Zone=CLEAR
[image_processor-21] [INFO] [1776943264.246938242] [robot_0.image_processor]: Zone=CLEAR
[image_processor-24] [INFO] [1776943264.254832766] [robot_3.image_processor]: Zone=CLEAR
[image_processor-22] [INFO] [1776943264.264219255] [robot_1.image_processor]: Zone=CLEAR
[image_processor-25] [INFO] [1776943264.273769630] [robot_4.image_processor]: Zone=CLEAR
[image_processor-23] [INFO] [1776943266.740840561] [robot_2.image_processor]: Zone=CLEAR
[image_processor-21] [INFO] [1776943266.750469091] [robot_0.image_processor]: Zone=CLEAR
[image_processor-24] [INFO] [1776943266.757732380] [robot_3.image_processor]: Zone=CLEAR
[image_processor-22] [INFO] [1776943266.765659140] [robot_1.image_processor]: Zone=CLEAR
[image_processor-25] [INFO] [1776943266.773058032] [robot_4.image_processor]: Zone=CLEAR
[image_processor-23] [INFO] [1776943269.239737556] [robot_2.image_processor]: Zone=CLEAR
[image_processor-21] [INFO] [1776943269.246786489] [robot_0.image_processor]: Zone=CLEAR
[image_processor-24] [INFO] [1776943269.255838701] [robot_3.image_processor]: Zone=CLEAR
[image_processor-22] [INFO] [1776943269.263408921] [robot_1.image_processor]: Zone=CLEAR
[image_processor-25] [INFO] [1776943269.273376649] [robot_4.image_processor]: Zone=CLEAR
[image_processor-23] [INFO] [1776943271.739320506] [robot_2.image_processor]: Zone=CLEAR
[image_processor-21] [INFO] [1776943271.747064853] [robot_0.image_processor]: Zone=CLEAR
[image_processor-25] [INFO] [1776943271.773199857] [robot_4.image_processor]: Zone=CLEAR
[image_processor-24] [INFO] [1776943271.857207164] [robot_3.image_processor]: Zone=CLEAR
[image_processor-22] [INFO] [1776943271.865499138] [robot_1.image_processor]: Zone=CLEAR
[image_processor-23] [INFO] [1776943274.240209553] [robot_2.image_processor]: Zone=CLEAR
[image_processor-24] [INFO] [1776943274.254472866] [robot_3.image_processor]: Zone=CLEAR
[image_processor-22] [INFO] [1776943274.265263481] [robot_1.image_processor]: Zone=CLEAR
[image_processor-25] [INFO] [1776943274.271553992] [robot_4.image_processor]: Zone=CLEAR
[image_processor-21] [INFO] [1776943274.348273391] [robot_0.image_processor]: Zone=CLEAR
[image_processor-23] [INFO] [1776943276.740868009] [robot_2.image_processor]: Zone=CLEAR
[image_processor-21] [INFO] [1776943276.748337050] [robot_0.image_processor]: Zone=CLEAR
[image_processor-24] [INFO] [1776943276.757523284] [robot_3.image_processor]: Zone=CLEAR
[image_processor-22] [INFO] [1776943276.766307646] [robot_1.image_processor]: Zone=CLEAR
[image_processor-25] [INFO] [1776943276.774149486] [robot_4.image_processor]: Zone=CLEAR
[image_processor-23] [INFO] [1776943279.241783063] [robot_2.image_processor]: Zone=CLEAR
[image_processor-21] [INFO] [1776943279.253815698] [robot_0.image_processor]: Zone=CLEAR
[image_processor-24] [INFO] [1776943279.262980612] [robot_3.image_processor]: Zone=CLEAR
[image_processor-22] [INFO] [1776943279.273296488] [robot_1.image_processor]: Zone=CLEAR
[image_processor-25] [INFO] [1776943279.382128348] [robot_4.image_processor]: Zone=CLEAR
[image_processor-23] [INFO] [1776943281.739575732] [robot_2.image_processor]: Zone=CLEAR
[image_processor-21] [INFO] [1776943281.748114032] [robot_0.image_processor]: Zone=CLEAR
[image_processor-24] [INFO] [1776943281.757161270] [robot_3.image_processor]: Zone=CLEAR
[image_processor-22] [INFO] [1776943281.766314684] [robot_1.image_processor]: Zone=CLEAR
[image_processor-25] [INFO] [1776943281.773934876] [robot_4.image_processor]: Zone=CLEAR
[image_processor-23] [INFO] [1776943284.241470025] [robot_2.image_processor]: Zone=CLEAR
[image_processor-21] [INFO] [1776943284.249943810] [robot_0.image_processor]: Zone=CLEAR
[image_processor-24] [INFO] [1776943284.257709881] [robot_3.image_processor]: Zone=CLEAR
[image_processor-25] [INFO] [1776943284.274810501] [robot_4.image_processor]: Zone=CLEAR
[image_processor-22] [INFO] [1776943284.368538757] [robot_1.image_processor]: Zone=CLEAR
[image_processor-23] [INFO] [1776943286.739685246] [robot_2.image_processor]: Zone=CLEAR
[image_processor-21] [INFO] [1776943286.748029887] [robot_0.image_processor]: Zone=CLEAR
[image_processor-24] [INFO] [1776943286.755013026] [robot_3.image_processor]: Zone=CLEAR
[image_processor-22] [INFO] [1776943286.763643237] [robot_1.image_processor]: Zone=CLEAR
[image_processor-25] [INFO] [1776943286.772423164] [robot_4.image_processor]: Zone=CLEAR
[image_processor-23] [INFO] [1776943289.239178073] [robot_2.image_processor]: Zone=CLEAR
[image_processor-21] [INFO] [1776943289.248905472] [robot_0.image_processor]: Zone=CLEAR
[image_processor-24] [INFO] [1776943289.255816199] [robot_3.image_processor]: Zone=CLEAR
[image_processor-22] [INFO] [1776943289.263710804] [robot_1.image_processor]: Zone=CLEAR
[image_processor-25] [INFO] [1776943289.271566128] [robot_4.image_processor]: Zone=CLEAR
[image_processor-23] [INFO] [1776943291.739429749] [robot_2.image_processor]: Zone=CLEAR
[image_processor-21] [INFO] [1776943291.747588968] [robot_0.image_processor]: Zone=CLEAR
[image_processor-24] [INFO] [1776943291.755843408] [robot_3.image_processor]: Zone=CLEAR
[image_processor-22] [INFO] [1776943291.763428955] [robot_1.image_processor]: Zone=CLEAR
[image_processor-25] [INFO] [1776943291.771746773] [robot_4.image_processor]: Zone=CLEAR
[image_processor-23] [INFO] [1776943294.241261422] [robot_2.image_processor]: Zone=CLEAR
[image_processor-21] [INFO] [1776943294.248026161] [robot_0.image_processor]: Zone=CLEAR
[image_processor-24] [INFO] [1776943294.255166282] [robot_3.image_processor]: Zone=CLEAR
[image_processor-22] [INFO] [1776943294.264190071] [robot_1.image_processor]: Zone=CLEAR
[image_processor-25] [INFO] [1776943294.272915547] [robot_4.image_processor]: Zone=CLEAR
[image_processor-23] [INFO] [1776943296.739828607] [robot_2.image_processor]: Zone=CLEAR
[image_processor-21] [INFO] [1776943296.748461778] [robot_0.image_processor]: Zone=CLEAR
[image_processor-24] [INFO] [1776943296.757344125] [robot_3.image_processor]: Zone=CLEAR
[image_processor-22] [INFO] [1776943296.865054628] [robot_1.image_processor]: Zone=CLEAR
[image_processor-25] [INFO] [1776943296.873314267] [robot_4.image_processor]: Zone=CLEAR
[image_processor-23] [INFO] [1776943299.238047246] [robot_2.image_processor]: Zone=CLEAR
[image_processor-21] [INFO] [1776943299.244994108] [robot_0.image_processor]: Zone=CLEAR
[image_processor-24] [INFO] [1776943299.255787776] [robot_3.image_processor]: Zone=CLEAR
[image_processor-22] [INFO] [1776943299.268622677] [robot_1.image_processor]: Zone=CLEAR
[image_processor-25] [INFO] [1776943299.278122090] [robot_4.image_processor]: Zone=CLEAR
[image_processor-23] [INFO] [1776943301.738723561] [robot_2.image_processor]: Zone=CLEAR
[image_processor-21] [INFO] [1776943301.746812854] [robot_0.image_processor]: Zone=CLEAR
[image_processor-22] [INFO] [1776943301.763584129] [robot_1.image_processor]: Zone=CLEAR
[image_processor-25] [INFO] [1776943301.771631887] [robot_4.image_processor]: Zone=CLEAR
[image_processor-24] [INFO] [1776943301.856857616] [robot_3.image_processor]: Zone=CLEAR
[image_processor-23] [INFO] [1776943304.238911500] [robot_2.image_processor]: Zone=CLEAR
[image_processor-21] [INFO] [1776943304.248573661] [robot_0.image_processor]: Zone=CLEAR
[image_processor-24] [INFO] [1776943304.255667690] [robot_3.image_processor]: Zone=CLEAR
[image_processor-22] [INFO] [1776943304.265450006] [robot_1.image_processor]: Zone=CLEAR
[image_processor-25] [INFO] [1776943304.275342619] [robot_4.image_processor]: Zone=CLEAR
[image_processor-23] [INFO] [1776943306.739800692] [robot_2.image_processor]: Zone=CLEAR
[image_processor-21] [INFO] [1776943306.748119192] [robot_0.image_processor]: Zone=CLEAR
[image_processor-24] [INFO] [1776943306.755636668] [robot_3.image_processor]: Zone=CLEAR
[image_processor-22] [INFO] [1776943306.765229694] [robot_1.image_processor]: Zone=CLEAR
[image_processor-25] [INFO] [1776943306.773339875] [robot_4.image_processor]: Zone=CLEAR
[image_processor-23] [INFO] [1776943309.239084299] [robot_2.image_processor]: Zone=CLEAR
[image_processor-21] [INFO] [1776943309.248623466] [robot_0.image_processor]: Zone=CLEAR
[image_processor-24] [INFO] [1776943309.256717453] [robot_3.image_processor]: Zone=CLEAR
[image_processor-22] [INFO] [1776943309.265709122] [robot_1.image_processor]: Zone=CLEAR
[image_processor-25] [INFO] [1776943309.277137768] [robot_4.image_processor]: Zone=CLEAR
[image_processor-23] [INFO] [1776943311.741204651] [robot_2.image_processor]: Zone=CLEAR
[image_processor-21] [INFO] [1776943311.749071669] [robot_0.image_processor]: Zone=CLEAR
[image_processor-24] [INFO] [1776943311.757369241] [robot_3.image_processor]: Zone=CLEAR
[image_processor-22] [INFO] [1776943311.766288484] [robot_1.image_processor]: Zone=CLEAR
[image_processor-25] [INFO] [1776943311.876327782] [robot_4.image_processor]: Zone=CLEAR
[image_processor-23] [INFO] [1776943314.239311695] [robot_2.image_processor]: Zone=CLEAR
[image_processor-21] [INFO] [1776943314.250876775] [robot_0.image_processor]: Zone=CLEAR
[image_processor-24] [INFO] [1776943314.259332395] [robot_3.image_processor]: Zone=CLEAR
[image_processor-22] [INFO] [1776943314.268450990] [robot_1.image_processor]: Zone=CLEAR
[image_processor-25] [INFO] [1776943314.279676413] [robot_4.image_processor]: Zone=CLEAR
[image_processor-23] [INFO] [1776943316.738735376] [robot_2.image_processor]: Zone=CLEAR
[image_processor-21] [INFO] [1776943316.747404052] [robot_0.image_processor]: Zone=CLEAR
[image_processor-25] [INFO] [1776943316.774025622] [robot_4.image_processor]: Zone=CLEAR
[image_processor-24] [INFO] [1776943316.855929626] [robot_3.image_processor]: Zone=CLEAR
[image_processor-22] [INFO] [1776943316.864873998] [robot_1.image_processor]: Zone=CLEAR
[image_processor-23] [INFO] [1776943319.239250160] [robot_2.image_processor]: Zone=CLEAR
[image_processor-21] [INFO] [1776943319.246932323] [robot_0.image_processor]: Zone=CLEAR
[image_processor-24] [INFO] [1776943319.256717169] [robot_3.image_processor]: Zone=CLEAR
[image_processor-22] [INFO] [1776943319.264799318] [robot_1.image_processor]: Zone=CLEAR
[image_processor-25] [INFO] [1776943319.272458448] [robot_4.image_processor]: Zone=CLEAR
[image_processor-23] [INFO] [1776943321.741006187] [robot_2.image_processor]: Zone=CLEAR
[image_processor-24] [INFO] [1776943321.757593734] [robot_3.image_processor]: Zone=CLEAR
[image_processor-22] [INFO] [1776943321.765520420] [robot_1.image_processor]: Zone=CLEAR
[image_processor-25] [INFO] [1776943321.773165037] [robot_4.image_processor]: Zone=CLEAR
[image_processor-21] [INFO] [1776943321.849390244] [robot_0.image_processor]: Zone=CLEAR
[image_processor-23] [INFO] [1776943324.240523897] [robot_2.image_processor]: Zone=CLEAR
[image_processor-21] [INFO] [1776943324.248361343] [robot_0.image_processor]: Zone=CLEAR
[image_processor-24] [INFO] [1776943324.256121954] [robot_3.image_processor]: Zone=CLEAR
[image_processor-22] [INFO] [1776943324.265984885] [robot_1.image_processor]: Zone=CLEAR
[image_processor-25] [INFO] [1776943324.375311411] [robot_4.image_processor]: Zone=CLEAR
[image_processor-23] [INFO] [1776943326.744299843] [robot_2.image_processor]: Zone=CLEAR
[image_processor-21] [INFO] [1776943326.751759490] [robot_0.image_processor]: Zone=CLEAR
[image_processor-24] [INFO] [1776943326.761427601] [robot_3.image_processor]: Zone=CLEAR
[image_processor-22] [INFO] [1776943326.770778675] [robot_1.image_processor]: Zone=CLEAR
[image_processor-25] [INFO] [1776943326.779162485] [robot_4.image_processor]: Zone=CLEAR
[image_processor-23] [INFO] [1776943329.241905544] [robot_2.image_processor]: Zone=CLEAR
[image_processor-21] [INFO] [1776943329.248211072] [robot_0.image_processor]: Zone=CLEAR
[image_processor-24] [INFO] [1776943329.256775476] [robot_3.image_processor]: Zone=CLEAR
[image_processor-22] [INFO] [1776943329.264768533] [robot_1.image_processor]: Zone=CLEAR
[image_processor-25] [INFO] [1776943329.276302350] [robot_4.image_processor]: Zone=CLEAR
[image_processor-23] [INFO] [1776943331.739613444] [robot_2.image_processor]: Zone=CLEAR
[image_processor-21] [INFO] [1776943331.747110611] [robot_0.image_processor]: Zone=CLEAR
[image_processor-24] [INFO] [1776943331.755045255] [robot_3.image_processor]: Zone=CLEAR
[image_processor-22] [INFO] [1776943331.763287694] [robot_1.image_processor]: Zone=CLEAR
[image_processor-25] [INFO] [1776943331.771856173] [robot_4.image_processor]: Zone=CLEAR
[image_processor-23] [INFO] [1776943334.238670765] [robot_2.image_processor]: Zone=CLEAR
[image_processor-21] [INFO] [1776943334.248621896] [robot_0.image_processor]: Zone=CLEAR
[image_processor-24] [INFO] [1776943334.257318405] [robot_3.image_processor]: Zone=CLEAR
[image_processor-22] [INFO] [1776943334.269965673] [robot_1.image_processor]: Zone=CLEAR
[image_processor-25] [INFO] [1776943334.282982206] [robot_4.image_processor]: Zone=CLEAR
[image_processor-23] [INFO] [1776943336.742797311] [robot_2.image_processor]: Zone=CLEAR
[image_processor-21] [INFO] [1776943336.753208724] [robot_0.image_processor]: Zone=CLEAR
[image_processor-22] [INFO] [1776943336.769868920] [robot_1.image_processor]: Zone=CLEAR
[image_processor-25] [INFO] [1776943336.779771563] [robot_4.image_processor]: Zone=CLEAR
[image_processor-24] [INFO] [1776943336.863174798] [robot_3.image_processor]: Zone=CLEAR
[image_processor-23] [INFO] [1776943339.239779924] [robot_2.image_processor]: Zone=CLEAR
[image_processor-21] [INFO] [1776943339.248583861] [robot_0.image_processor]: Zone=CLEAR
[image_processor-24] [INFO] [1776943339.257359164] [robot_3.image_processor]: Zone=CLEAR
[image_processor-22] [INFO] [1776943339.266603454] [robot_1.image_processor]: Zone=CLEAR
[image_processor-25] [INFO] [1776943339.275215944] [robot_4.image_processor]: Zone=CLEAR
[image_processor-23] [INFO] [1776943341.738519874] [robot_2.image_processor]: Zone=CLEAR
[image_processor-21] [INFO] [1776943341.746014314] [robot_0.image_processor]: Zone=CLEAR
[image_processor-24] [INFO] [1776943341.759575119] [robot_3.image_processor]: Zone=CLEAR
[image_processor-22] [INFO] [1776943341.772798068] [robot_1.image_processor]: Zone=CLEAR
[image_processor-25] [INFO] [1776943341.781886426] [robot_4.image_processor]: Zone=CLEAR
[image_processor-23] [INFO] [1776943344.241811996] [robot_2.image_processor]: Zone=CLEAR
[image_processor-21] [INFO] [1776943344.249952647] [robot_0.image_processor]: Zone=CLEAR
[image_processor-22] [INFO] [1776943344.266009944] [robot_1.image_processor]: Zone=CLEAR
[image_processor-25] [INFO] [1776943344.273189485] [robot_4.image_processor]: Zone=CLEAR
[image_processor-24] [INFO] [1776943344.358191655] [robot_3.image_processor]: Zone=CLEAR
[image_processor-23] [INFO] [1776943346.738235861] [robot_2.image_processor]: Zone=CLEAR
[image_processor-21] [INFO] [1776943346.746217719] [robot_0.image_processor]: Zone=CLEAR
[image_processor-24] [INFO] [1776943346.753980645] [robot_3.image_processor]: Zone=CLEAR
[image_processor-22] [INFO] [1776943346.763594627] [robot_1.image_processor]: Zone=CLEAR
[image_processor-25] [INFO] [1776943346.770595132] [robot_4.image_processor]: Zone=CLEAR
[image_processor-23] [INFO] [1776943349.240373085] [robot_2.image_processor]: Zone=CLEAR
[image_processor-24] [INFO] [1776943349.253582976] [robot_3.image_processor]: Zone=CLEAR
[image_processor-22] [INFO] [1776943349.262109584] [robot_1.image_processor]: Zone=CLEAR
[image_processor-25] [INFO] [1776943349.270003258] [robot_4.image_processor]: Zone=CLEAR
[image_processor-21] [INFO] [1776943349.349513200] [robot_0.image_processor]: Zone=CLEAR
[image_processor-23] [INFO] [1776943351.740446136] [robot_2.image_processor]: Zone=CLEAR
[image_processor-21] [INFO] [1776943351.748451584] [robot_0.image_processor]: Zone=CLEAR
[image_processor-22] [INFO] [1776943351.762825112] [robot_1.image_processor]: Zone=CLEAR
[image_processor-25] [INFO] [1776943351.772798009] [robot_4.image_processor]: Zone=CLEAR
[image_processor-24] [INFO] [1776943351.855338426] [robot_3.image_processor]: Zone=CLEAR
[image_processor-23] [INFO] [1776943354.243320589] [robot_2.image_processor]: Zone=CLEAR
[image_processor-21] [INFO] [1776943354.251814324] [robot_0.image_processor]: Zone=CLEAR
[image_processor-22] [INFO] [1776943354.269059805] [robot_1.image_processor]: Zone=CLEAR
[image_processor-25] [INFO] [1776943354.277065620] [robot_4.image_processor]: Zone=CLEAR
[image_processor-24] [INFO] [1776943354.361434639] [robot_3.image_processor]: Zone=CLEAR
[image_processor-23] [INFO] [1776943356.739565653] [robot_2.image_processor]: Zone=CLEAR
[image_processor-21] [INFO] [1776943356.747349916] [robot_0.image_processor]: Zone=CLEAR
[image_processor-24] [INFO] [1776943356.759143570] [robot_3.image_processor]: Zone=CLEAR
[image_processor-22] [INFO] [1776943356.772831785] [robot_1.image_processor]: Zone=CLEAR
[image_processor-25] [INFO] [1776943356.781098029] [robot_4.image_processor]: Zone=CLEAR
[image_processor-23] [INFO] [1776943359.240175743] [robot_2.image_processor]: Zone=CLEAR
[image_processor-21] [INFO] [1776943359.246682030] [robot_0.image_processor]: Zone=CLEAR
[image_processor-24] [INFO] [1776943359.256086746] [robot_3.image_processor]: Zone=CLEAR
[image_processor-25] [INFO] [1776943359.272105774] [robot_4.image_processor]: Zone=CLEAR
[image_processor-22] [INFO] [1776943359.364307226] [robot_1.image_processor]: Zone=CLEAR
[image_processor-23] [INFO] [1776943361.741293779] [robot_2.image_processor]: Zone=CLEAR
[image_processor-21] [INFO] [1776943361.747762104] [robot_0.image_processor]: Zone=CLEAR
[image_processor-24] [INFO] [1776943361.756496133] [robot_3.image_processor]: Zone=CLEAR
[image_processor-22] [INFO] [1776943361.768583752] [robot_1.image_processor]: Zone=CLEAR
[image_processor-25] [INFO] [1776943361.778535227] [robot_4.image_processor]: Zone=CLEAR
[image_processor-23] [INFO] [1776943364.241747928] [robot_2.image_processor]: Zone=CLEAR
[image_processor-21] [INFO] [1776943364.250583503] [robot_0.image_processor]: Zone=CLEAR
[image_processor-24] [INFO] [1776943364.260694012] [robot_3.image_processor]: Zone=CLEAR
[image_processor-22] [INFO] [1776943364.274761711] [robot_1.image_processor]: Zone=CLEAR
[image_processor-25] [INFO] [1776943364.285037416] [robot_4.image_processor]: Zone=CLEAR
[image_processor-23] [INFO] [1776943366.740282381] [robot_2.image_processor]: Zone=CLEAR
[image_processor-21] [INFO] [1776943366.750750773] [robot_0.image_processor]: Zone=CLEAR
[image_processor-24] [INFO] [1776943366.757886071] [robot_3.image_processor]: Zone=CLEAR
[image_processor-22] [INFO] [1776943366.767605692] [robot_1.image_processor]: Zone=CLEAR
[image_processor-25] [INFO] [1776943366.776413256] [robot_4.image_processor]: Zone=CLEAR
[image_processor-23] [INFO] [1776943369.239741317] [robot_2.image_processor]: Zone=CLEAR
[image_processor-21] [INFO] [1776943369.249325125] [robot_0.image_processor]: Zone=CLEAR
[image_processor-24] [INFO] [1776943369.257392369] [robot_3.image_processor]: Zone=CLEAR
[image_processor-22] [INFO] [1776943369.265440929] [robot_1.image_processor]: Zone=CLEAR
[image_processor-25] [INFO] [1776943369.274341090] [robot_4.image_processor]: Zone=CLEAR
[image_processor-23] [INFO] [1776943371.740926393] [robot_2.image_processor]: Zone=CLEAR
[image_processor-21] [INFO] [1776943371.749098979] [robot_0.image_processor]: Zone=CLEAR
[image_processor-24] [INFO] [1776943371.757200107] [robot_3.image_processor]: Zone=CLEAR
[image_processor-22] [INFO] [1776943371.765274482] [robot_1.image_processor]: Zone=CLEAR
[image_processor-25] [INFO] [1776943371.773164715] [robot_4.image_processor]: Zone=CLEAR
[image_processor-23] [INFO] [1776943374.239691282] [robot_2.image_processor]: Zone=CLEAR
[image_processor-21] [INFO] [1776943374.247218405] [robot_0.image_processor]: Zone=CLEAR
[image_processor-24] [INFO] [1776943374.256550464] [robot_3.image_processor]: Zone=CLEAR
[image_processor-25] [INFO] [1776943374.274696050] [robot_4.image_processor]: Zone=CLEAR
[image_processor-22] [INFO] [1776943374.365336546] [robot_1.image_processor]: Zone=CLEAR
[image_processor-21] [INFO] [1776943376.746073862] [robot_0.image_processor]: Zone=CLEAR
[image_processor-24] [INFO] [1776943376.754511015] [robot_3.image_processor]: Zone=CLEAR
[image_processor-22] [INFO] [1776943376.762984987] [robot_1.image_processor]: Zone=CLEAR
[image_processor-25] [INFO] [1776943376.771875032] [robot_4.image_processor]: Zone=CLEAR
[image_processor-23] [INFO] [1776943376.840351349] [robot_2.image_processor]: Zone=CLEAR
[image_processor-23] [INFO] [1776943379.238753331] [robot_2.image_processor]: Zone=CLEAR
[image_processor-21] [INFO] [1776943379.250422124] [robot_0.image_processor]: Zone=CLEAR
[image_processor-24] [INFO] [1776943379.258521806] [robot_3.image_processor]: Zone=CLEAR
[image_processor-22] [INFO] [1776943379.267453041] [robot_1.image_processor]: Zone=CLEAR
[image_processor-25] [INFO] [1776943379.274844745] [robot_4.image_processor]: Zone=CLEAR
[image_processor-23] [INFO] [1776943381.738725297] [robot_2.image_processor]: Zone=CLEAR
[image_processor-21] [INFO] [1776943381.747089652] [robot_0.image_processor]: Zone=CLEAR
[image_processor-24] [INFO] [1776943381.755028577] [robot_3.image_processor]: Zone=CLEAR
[image_processor-22] [INFO] [1776943381.763589621] [robot_1.image_processor]: Zone=CLEAR
[image_processor-25] [INFO] [1776943381.772215853] [robot_4.image_processor]: Zone=CLEAR
[image_processor-21] [INFO] [1776943384.247307968] [robot_0.image_processor]: Zone=CLEAR
[image_processor-24] [INFO] [1776943384.254980815] [robot_3.image_processor]: Zone=CLEAR
[image_processor-22] [INFO] [1776943384.263916542] [robot_1.image_processor]: Zone=CLEAR
[image_processor-25] [INFO] [1776943384.272242830] [robot_4.image_processor]: Zone=CLEAR
[image_processor-23] [INFO] [1776943384.340465246] [robot_2.image_processor]: Zone=CLEAR
[image_processor-23] [INFO] [1776943386.738459213] [robot_2.image_processor]: Zone=CLEAR
[image_processor-21] [INFO] [1776943386.748336240] [robot_0.image_processor]: Zone=CLEAR
[image_processor-24] [INFO] [1776943386.754307276] [robot_3.image_processor]: Zone=CLEAR
[image_processor-22] [INFO] [1776943386.763054836] [robot_1.image_processor]: Zone=CLEAR
[image_processor-25] [INFO] [1776943386.771356911] [robot_4.image_processor]: Zone=CLEAR
[image_processor-23] [INFO] [1776943389.239803165] [robot_2.image_processor]: Zone=CLEAR
[image_processor-21] [INFO] [1776943389.248435502] [robot_0.image_processor]: Zone=CLEAR
[image_processor-24] [INFO] [1776943389.256276618] [robot_3.image_processor]: Zone=CLEAR
[image_processor-22] [INFO] [1776943389.264009290] [robot_1.image_processor]: Zone=CLEAR
[image_processor-25] [INFO] [1776943389.272981671] [robot_4.image_processor]: Zone=CLEAR
[image_processor-23] [INFO] [1776943391.739980382] [robot_2.image_processor]: Zone=CLEAR
[image_processor-21] [INFO] [1776943391.753763713] [robot_0.image_processor]: Zone=CLEAR
[image_processor-24] [INFO] [1776943391.764318137] [robot_3.image_processor]: Zone=CLEAR
[image_processor-22] [INFO] [1776943391.772396085] [robot_1.image_processor]: Zone=CLEAR
[image_processor-25] [INFO] [1776943391.783470341] [robot_4.image_processor]: Zone=CLEAR
[image_processor-23] [INFO] [1776943394.242249431] [robot_2.image_processor]: Zone=CLEAR
[image_processor-21] [INFO] [1776943394.254799055] [robot_0.image_processor]: Zone=CLEAR
[image_processor-24] [INFO] [1776943394.264712833] [robot_3.image_processor]: Zone=CLEAR
[image_processor-22] [INFO] [1776943394.272445876] [robot_1.image_processor]: Zone=CLEAR
[image_processor-25] [INFO] [1776943394.281376381] [robot_4.image_processor]: Zone=CLEAR
[image_processor-23] [INFO] [1776943396.739904346] [robot_2.image_processor]: Zone=CLEAR
[image_processor-21] [INFO] [1776943396.746853938] [robot_0.image_processor]: Zone=CLEAR
[image_processor-24] [INFO] [1776943396.755329671] [robot_3.image_processor]: Zone=CLEAR
[image_processor-22] [INFO] [1776943396.764411370] [robot_1.image_processor]: Zone=CLEAR
[image_processor-25] [INFO] [1776943396.773108717] [robot_4.image_processor]: Zone=CLEAR
[image_processor-21] [INFO] [1776943399.247435700] [robot_0.image_processor]: Zone=CLEAR
[image_processor-24] [INFO] [1776943399.254186881] [robot_3.image_processor]: Zone=CLEAR
[image_processor-22] [INFO] [1776943399.263052796] [robot_1.image_processor]: Zone=CLEAR
[image_processor-25] [INFO] [1776943399.271485738] [robot_4.image_processor]: Zone=CLEAR
[image_processor-23] [INFO] [1776943399.341420198] [robot_2.image_processor]: Zone=CLEAR
[image_processor-23] [INFO] [1776943401.742778254] [robot_2.image_processor]: Zone=CLEAR
[image_processor-21] [INFO] [1776943401.749661688] [robot_0.image_processor]: Zone=CLEAR
[image_processor-22] [INFO] [1776943401.768313728] [robot_1.image_processor]: Zone=CLEAR
[image_processor-25] [INFO] [1776943401.776028447] [robot_4.image_processor]: Zone=CLEAR
[image_processor-24] [INFO] [1776943401.861014613] [robot_3.image_processor]: Zone=CLEAR
[image_processor-23] [INFO] [1776943404.240254423] [robot_2.image_processor]: Zone=CLEAR
[image_processor-21] [INFO] [1776943404.247965334] [robot_0.image_processor]: Zone=CLEAR
[image_processor-22] [INFO] [1776943404.264674204] [robot_1.image_processor]: Zone=CLEAR
[image_processor-25] [INFO] [1776943404.272255153] [robot_4.image_processor]: Zone=CLEAR
[image_processor-24] [INFO] [1776943404.356769333] [robot_3.image_processor]: Zone=CLEAR
[image_processor-23] [INFO] [1776943406.742111459] [robot_2.image_processor]: Zone=CLEAR
[image_processor-21] [INFO] [1776943406.748700782] [robot_0.image_processor]: Zone=CLEAR
[image_processor-24] [INFO] [1776943406.755799332] [robot_3.image_processor]: Zone=CLEAR
[image_processor-22] [INFO] [1776943406.764208540] [robot_1.image_processor]: Zone=CLEAR
[image_processor-25] [INFO] [1776943406.772861662] [robot_4.image_processor]: Zone=CLEAR
[image_processor-23] [INFO] [1776943409.242469566] [robot_2.image_processor]: Zone=CLEAR
[image_processor-21] [INFO] [1776943409.248858455] [robot_0.image_processor]: Zone=CLEAR
[image_processor-24] [INFO] [1776943409.258237364] [robot_3.image_processor]: Zone=CLEAR
[image_processor-22] [INFO] [1776943409.268166136] [robot_1.image_processor]: Zone=CLEAR
[image_processor-25] [INFO] [1776943409.277725880] [robot_4.image_processor]: Zone=CLEAR
[image_processor-23] [INFO] [1776943411.739691198] [robot_2.image_processor]: Zone=CLEAR
[image_processor-21] [INFO] [1776943411.746264761] [robot_0.image_processor]: Zone=CLEAR
[image_processor-24] [INFO] [1776943411.754601675] [robot_3.image_processor]: Zone=CLEAR
[image_processor-22] [INFO] [1776943411.763755277] [robot_1.image_processor]: Zone=CLEAR
[image_processor-25] [INFO] [1776943411.772991343] [robot_4.image_processor]: Zone=CLEAR
[image_processor-23] [INFO] [1776943414.240232745] [robot_2.image_processor]: Zone=CLEAR
[image_processor-21] [INFO] [1776943414.249741086] [robot_0.image_processor]: Zone=CLEAR
[image_processor-24] [INFO] [1776943414.256198608] [robot_3.image_processor]: Zone=CLEAR
[image_processor-25] [INFO] [1776943414.271481248] [robot_4.image_processor]: Zone=CLEAR
[image_processor-22] [INFO] [1776943414.365067245] [robot_1.image_processor]: Zone=CLEAR
[image_processor-23] [INFO] [1776943416.739455304] [robot_2.image_processor]: Zone=CLEAR
[image_processor-21] [INFO] [1776943416.748835051] [robot_0.image_processor]: Zone=CLEAR
[image_processor-24] [INFO] [1776943416.755817611] [robot_3.image_processor]: Zone=CLEAR
[image_processor-22] [INFO] [1776943416.764269443] [robot_1.image_processor]: Zone=CLEAR
[image_processor-25] [INFO] [1776943416.772927574] [robot_4.image_processor]: Zone=CLEAR
[image_processor-23] [INFO] [1776943419.239591585] [robot_2.image_processor]: Zone=CLEAR
[image_processor-21] [INFO] [1776943419.247741271] [robot_0.image_processor]: Zone=CLEAR
[image_processor-24] [INFO] [1776943419.256315060] [robot_3.image_processor]: Zone=CLEAR
[image_processor-22] [INFO] [1776943419.266420540] [robot_1.image_processor]: Zone=CLEAR
[image_processor-25] [INFO] [1776943419.274821440] [robot_4.image_processor]: Zone=CLEAR
[image_processor-23] [INFO] [1776943421.741030837] [robot_2.image_processor]: Zone=CLEAR
[image_processor-21] [INFO] [1776943421.749637127] [robot_0.image_processor]: Zone=CLEAR
[image_processor-24] [INFO] [1776943421.758278933] [robot_3.image_processor]: Zone=CLEAR
[image_processor-22] [INFO] [1776943421.766216507] [robot_1.image_processor]: Zone=CLEAR
[image_processor-25] [INFO] [1776943421.777868410] [robot_4.image_processor]: Zone=CLEAR
[image_processor-23] [INFO] [1776943424.238899993] [robot_2.image_processor]: Zone=CLEAR
[image_processor-21] [INFO] [1776943424.247936140] [robot_0.image_processor]: Zone=CLEAR
[image_processor-24] [INFO] [1776943424.255211422] [robot_3.image_processor]: Zone=CLEAR
[image_processor-25] [INFO] [1776943424.271443874] [robot_4.image_processor]: Zone=CLEAR
[image_processor-22] [INFO] [1776943424.365768900] [robot_1.image_processor]: Zone=CLEAR
[image_processor-23] [INFO] [1776943426.742028161] [robot_2.image_processor]: Zone=CLEAR
[image_processor-21] [INFO] [1776943426.748774300] [robot_0.image_processor]: Zone=CLEAR
[image_processor-24] [INFO] [1776943426.757187014] [robot_3.image_processor]: Zone=CLEAR
[image_processor-22] [INFO] [1776943426.765303868] [robot_1.image_processor]: Zone=CLEAR
[image_processor-25] [INFO] [1776943426.775587492] [robot_4.image_processor]: Zone=CLEAR
[image_processor-23] [INFO] [1776943429.241078445] [robot_2.image_processor]: Zone=CLEAR
[image_processor-21] [INFO] [1776943429.248540606] [robot_0.image_processor]: Zone=CLEAR
[image_processor-24] [INFO] [1776943429.257442444] [robot_3.image_processor]: Zone=CLEAR
[image_processor-22] [INFO] [1776943429.266403501] [robot_1.image_processor]: Zone=CLEAR
[image_processor-25] [INFO] [1776943429.275284128] [robot_4.image_processor]: Zone=CLEAR
[image_processor-23] [INFO] [1776943431.738140166] [robot_2.image_processor]: Zone=CLEAR
[image_processor-21] [INFO] [1776943431.748017027] [robot_0.image_processor]: Zone=CLEAR
[image_processor-24] [INFO] [1776943431.754693547] [robot_3.image_processor]: Zone=CLEAR
[image_processor-22] [INFO] [1776943431.763691312] [robot_1.image_processor]: Zone=CLEAR
[image_processor-25] [INFO] [1776943431.771527251] [robot_4.image_processor]: Zone=CLEAR
[image_processor-23] [INFO] [1776943434.239559112] [robot_2.image_processor]: Zone=CLEAR
[image_processor-21] [INFO] [1776943434.248537322] [robot_0.image_processor]: Zone=CLEAR
[image_processor-25] [INFO] [1776943434.274567623] [robot_4.image_processor]: Zone=CLEAR
[image_processor-24] [INFO] [1776943434.357335766] [robot_3.image_processor]: Zone=CLEAR
[image_processor-22] [INFO] [1776943434.366311409] [robot_1.image_processor]: Zone=CLEAR
[image_processor-23] [INFO] [1776943436.739746963] [robot_2.image_processor]: Zone=CLEAR
[image_processor-21] [INFO] [1776943436.747370867] [robot_0.image_processor]: Zone=CLEAR
[image_processor-24] [INFO] [1776943436.755966242] [robot_3.image_processor]: Zone=CLEAR
[image_processor-22] [INFO] [1776943436.764507028] [robot_1.image_processor]: Zone=CLEAR
[image_processor-25] [INFO] [1776943436.773489732] [robot_4.image_processor]: Zone=CLEAR
[image_processor-23] [INFO] [1776943439.238989547] [robot_2.image_processor]: Zone=CLEAR
[image_processor-21] [INFO] [1776943439.247281753] [robot_0.image_processor]: Zone=CLEAR
[image_processor-24] [INFO] [1776943439.253550155] [robot_3.image_processor]: Zone=CLEAR
[image_processor-22] [INFO] [1776943439.263594198] [robot_1.image_processor]: Zone=CLEAR
[image_processor-25] [INFO] [1776943439.271003481] [robot_4.image_processor]: Zone=CLEAR
[image_processor-23] [INFO] [1776943441.738904581] [robot_2.image_processor]: Zone=CLEAR
[image_processor-21] [INFO] [1776943441.746767866] [robot_0.image_processor]: Zone=CLEAR
[image_processor-24] [INFO] [1776943441.752919368] [robot_3.image_processor]: Zone=CLEAR
[image_processor-22] [INFO] [1776943441.762020457] [robot_1.image_processor]: Zone=CLEAR
[image_processor-25] [INFO] [1776943441.770310087] [robot_4.image_processor]: Zone=CLEAR
[image_processor-23] [INFO] [1776943444.238167128] [robot_2.image_processor]: Zone=CLEAR
[image_processor-21] [INFO] [1776943444.248989002] [robot_0.image_processor]: Zone=CLEAR
[image_processor-24] [INFO] [1776943444.256334430] [robot_3.image_processor]: Zone=CLEAR
[image_processor-22] [INFO] [1776943444.263585876] [robot_1.image_processor]: Zone=CLEAR
[image_processor-25] [INFO] [1776943444.272845049] [robot_4.image_processor]: Zone=CLEAR
[image_processor-23] [INFO] [1776943446.739710481] [robot_2.image_processor]: Zone=CLEAR
[image_processor-21] [INFO] [1776943446.748408698] [robot_0.image_processor]: Zone=CLEAR
[image_processor-24] [INFO] [1776943446.755696840] [robot_3.image_processor]: Zone=CLEAR
[image_processor-22] [INFO] [1776943446.764356693] [robot_1.image_processor]: Zone=CLEAR
[image_processor-25] [INFO] [1776943446.772248421] [robot_4.image_processor]: Zone=CLEAR
[image_processor-23] [INFO] [1776943449.240139337] [robot_2.image_processor]: Zone=CLEAR
[image_processor-21] [INFO] [1776943449.248474740] [robot_0.image_processor]: Zone=CLEAR
[image_processor-24] [INFO] [1776943449.255604080] [robot_3.image_processor]: Zone=CLEAR
[image_processor-22] [INFO] [1776943449.267113715] [robot_1.image_processor]: Zone=CLEAR
[image_processor-25] [INFO] [1776943449.275047068] [robot_4.image_processor]: Zone=CLEAR
[image_processor-23] [INFO] [1776943451.741832544] [robot_2.image_processor]: Zone=CLEAR
[image_processor-24] [INFO] [1776943451.756791010] [robot_3.image_processor]: Zone=CLEAR
[image_processor-22] [INFO] [1776943451.765296847] [robot_1.image_processor]: Zone=CLEAR
[image_processor-25] [INFO] [1776943451.775621100] [robot_4.image_processor]: Zone=CLEAR
[image_processor-21] [INFO] [1776943451.850300105] [robot_0.image_processor]: Zone=CLEAR
[INFO] [image_processor-25]: sending signal 'SIGINT' to process[image_processor-25]
[ERROR] [ign gazebo-1]: process has died [pid 329985, exit code -15, cmd 'ruby /usr/bin/ign gazebo /home/ecem/ros2_ws/install/swarm_basics/share/swarm_basics/worlds/random_world.sdf -s -r --force-version 6'].
[ERROR] [parameter_bridge-4]: process has died [pid 329992, exit code -15, cmd '/opt/ros/humble/lib/ros_ign_bridge/parameter_bridge /robot_0/cmd_vel@geometry_msgs/msg/Twist]ignition.msgs.Twist /robot_0/odom@nav_msgs/msg/Odometry[ignition.msgs.Odometry /robot_0/depth_camera/depth_image@sensor_msgs/msg/Image[ignition.msgs.Image /world/random_world/model/robot_0/link/robot_0/base_footprint/sensor/contact_sensor/contact@ros_gz_interfaces/msg/Contacts[ignition.msgs.Contacts /robot_1/cmd_vel@geometry_msgs/msg/Twist]ignition.msgs.Twist /robot_1/odom@nav_msgs/msg/Odometry[ignition.msgs.Odometry /robot_1/depth_camera/depth_image@sensor_msgs/msg/Image[ignition.msgs.Image /world/random_world/model/robot_1/link/robot_1/base_footprint/sensor/contact_sensor/contact@ros_gz_interfaces/msg/Contacts[ignition.msgs.Contacts /robot_2/cmd_vel@geometry_msgs/msg/Twist]ignition.msgs.Twist /robot_2/odom@nav_msgs/msg/Odometry[ignition.msgs.Odometry /robot_2/depth_camera/depth_image@sensor_msgs/msg/Image[ignition.msgs.Image /world/random_world/model/robot_2/link/robot_2/base_footprint/sensor/contact_sensor/contact@ros_gz_interfaces/msg/Contacts[ignition.msgs.Contacts /robot_3/cmd_vel@geometry_msgs/msg/Twist]ignition.msgs.Twist /robot_3/odom@nav_msgs/msg/Odometry[ignition.msgs.Odometry /robot_3/depth_camera/depth_image@sensor_msgs/msg/Image[ignition.msgs.Image /world/random_world/model/robot_3/link/robot_3/base_footprint/sensor/contact_sensor/contact@ros_gz_interfaces/msg/Contacts[ignition.msgs.Contacts /robot_4/cmd_vel@geometry_msgs/msg/Twist]ignition.msgs.Twist /robot_4/odom@nav_msgs/msg/Odometry[ignition.msgs.Odometry /robot_4/depth_camera/depth_image@sensor_msgs/msg/Image[ignition.msgs.Image /world/random_world/model/robot_4/link/robot_4/base_footprint/sensor/contact_sensor/contact@ros_gz_interfaces/msg/Contacts[ignition.msgs.Contacts /world/random_world/dynamic_pose/info@tf2_msgs/msg/TFMessage[ignition.msgs.Pose_V --ros-args -r __node:=all_robots_bridge --params-file /tmp/launch_params_bodqpuko'].
[ERROR] [parameter_bridge-20]: process has died [pid 330034, exit code -9, cmd '/opt/ros/humble/lib/ros_gz_bridge/parameter_bridge /clock@rosgraph_msgs/msg/Clock[ignition.msgs.Clock --ros-args -r __node:=clock_bridge --params-file /tmp/launch_params_xfov09y9'].
[INFO] [image_processor-24]: sending signal 'SIGINT' to process[image_processor-24]
[INFO] [bash-26]: process started with pid [330809]
[INFO] [image_processor-23]: sending signal 'SIGINT' to process[image_processor-23]
[INFO] [image_processor-22]: sending signal 'SIGINT' to process[image_processor-22]
[INFO] [image_processor-21]: sending signal 'SIGINT' to process[image_processor-21]
[INFO] [robot_supervisor-19]: sending signal 'SIGINT' to process[robot_supervisor-19]
[INFO] [robot_state_publisher-17]: sending signal 'SIGINT' to process[robot_state_publisher-17]
[INFO] [robot_supervisor-16]: sending signal 'SIGINT' to process[robot_supervisor-16]
[INFO] [robot_state_publisher-14]: sending signal 'SIGINT' to process[robot_state_publisher-14]
[INFO] [robot_supervisor-13]: sending signal 'SIGINT' to process[robot_supervisor-13]
[INFO] [robot_state_publisher-11]: sending signal 'SIGINT' to process[robot_state_publisher-11]
[ERROR] [bash-26]: process has died [pid 330809, exit code -15, cmd 'bash -lc pkill -f parameter_bridge || true'].
[INFO] [robot_supervisor-10]: sending signal 'SIGINT' to process[robot_supervisor-10]
[INFO] [robot_state_publisher-8]: sending signal 'SIGINT' to process[robot_state_publisher-8]
[INFO] [robot_supervisor-7]: sending signal 'SIGINT' to process[robot_supervisor-7]
[INFO] [robot_state_publisher-5]: sending signal 'SIGINT' to process[robot_state_publisher-5]
[INFO] [bump_counter-3]: sending signal 'SIGINT' to process[bump_counter-3]
[INFO] [coverage_counter-2]: sending signal 'SIGINT' to process[coverage_counter-2]
[parameter_bridge-20] [INFO] [1776943453.741764226] [rclcpp]: signal_handler(SIGINT/SIGTERM)
[parameter_bridge-4] [INFO] [1776943453.741777055] [rclcpp]: signal_handler(SIGINT/SIGTERM)
[INFO] [launch]: process[ign gazebo-1] was required: shutting down launched system
[image_processor-25] [INFO] [1776943454.434372647] [rclcpp]: signal_handler(SIGINT/SIGTERM)
[image_processor-24] [INFO] [1776943454.438053508] [rclcpp]: signal_handler(SIGINT/SIGTERM)
[image_processor-23] [INFO] [1776943454.440992470] [rclcpp]: signal_handler(SIGINT/SIGTERM)
[image_processor-22] [INFO] [1776943454.444729411] [rclcpp]: signal_handler(SIGINT/SIGTERM)
[image_processor-21] [INFO] [1776943454.448251347] [rclcpp]: signal_handler(SIGINT/SIGTERM)
[robot_supervisor-19] Traceback (most recent call last):
[robot_supervisor-19]   File "/home/ecem/ros2_ws/install/swarm_basics/lib/swarm_basics/robot_supervisor", line 33, in <module>
[robot_supervisor-19]     sys.exit(load_entry_point('swarm-basics==0.0.0', 'console_scripts', 'robot_supervisor')())
[robot_supervisor-19]   File "/home/ecem/ros2_ws/install/swarm_basics/lib/python3.10/site-packages/swarm_basics/robot_supervisor.py", line 867, in main
[robot_supervisor-19]     rclpy.spin(node)
[robot_supervisor-19]   File "/opt/ros/humble/local/lib/python3.10/dist-packages/rclpy/__init__.py", line 229, in spin
[robot_supervisor-19]     executor.spin_once()
[robot_supervisor-19]   File "/opt/ros/humble/local/lib/python3.10/dist-packages/rclpy/executors.py", line 773, in spin_once
[robot_supervisor-19]     self._spin_once_impl(timeout_sec)
[robot_supervisor-19]   File "/opt/ros/humble/local/lib/python3.10/dist-packages/rclpy/executors.py", line 762, in _spin_once_impl
[robot_supervisor-19]     handler, entity, node = self.wait_for_ready_callbacks(timeout_sec=timeout_sec)
[robot_supervisor-19]   File "/opt/ros/humble/local/lib/python3.10/dist-packages/rclpy/executors.py", line 745, in wait_for_ready_callbacks
[robot_supervisor-19]     return next(self._cb_iter)
[robot_supervisor-19]   File "/opt/ros/humble/local/lib/python3.10/dist-packages/rclpy/executors.py", line 642, in _wait_for_ready_callbacks
[robot_supervisor-19]     wait_set.wait(timeout_nsec)
[robot_supervisor-19] KeyboardInterrupt
[robot_state_publisher-17] [INFO] [1776943454.456438137] [rclcpp]: signal_handler(SIGINT/SIGTERM)
[robot_supervisor-16] Traceback (most recent call last):
[robot_supervisor-16]   File "/home/ecem/ros2_ws/install/swarm_basics/lib/swarm_basics/robot_supervisor", line 33, in <module>
[robot_supervisor-16]     sys.exit(load_entry_point('swarm-basics==0.0.0', 'console_scripts', 'robot_supervisor')())
[robot_supervisor-16]   File "/home/ecem/ros2_ws/install/swarm_basics/lib/python3.10/site-packages/swarm_basics/robot_supervisor.py", line 867, in main
[robot_supervisor-16]     rclpy.spin(node)
[robot_supervisor-16]   File "/opt/ros/humble/local/lib/python3.10/dist-packages/rclpy/__init__.py", line 229, in spin
[robot_supervisor-16]     executor.spin_once()
[robot_supervisor-16]   File "/opt/ros/humble/local/lib/python3.10/dist-packages/rclpy/executors.py", line 773, in spin_once
[robot_supervisor-16]     self._spin_once_impl(timeout_sec)
[robot_supervisor-16]   File "/opt/ros/humble/local/lib/python3.10/dist-packages/rclpy/executors.py", line 762, in _spin_once_impl
[robot_supervisor-16]     handler, entity, node = self.wait_for_ready_callbacks(timeout_sec=timeout_sec)
[robot_supervisor-16]   File "/opt/ros/humble/local/lib/python3.10/dist-packages/rclpy/executors.py", line 745, in wait_for_ready_callbacks
[robot_supervisor-16]     return next(self._cb_iter)
[robot_supervisor-16]   File "/opt/ros/humble/local/lib/python3.10/dist-packages/rclpy/executors.py", line 642, in _wait_for_ready_callbacks
[robot_supervisor-16]     wait_set.wait(timeout_nsec)
[robot_supervisor-16] KeyboardInterrupt
[robot_state_publisher-14] [INFO] [1776943454.463739929] [rclcpp]: signal_handler(SIGINT/SIGTERM)
[robot_supervisor-13] Traceback (most recent call last):
[robot_supervisor-13]   File "/home/ecem/ros2_ws/install/swarm_basics/lib/swarm_basics/robot_supervisor", line 33, in <module>
[robot_supervisor-13]     sys.exit(load_entry_point('swarm-basics==0.0.0', 'console_scripts', 'robot_supervisor')())
[robot_supervisor-13]   File "/home/ecem/ros2_ws/install/swarm_basics/lib/python3.10/site-packages/swarm_basics/robot_supervisor.py", line 867, in main
[robot_supervisor-13]     rclpy.spin(node)
[robot_supervisor-13]   File "/opt/ros/humble/local/lib/python3.10/dist-packages/rclpy/__init__.py", line 229, in spin
[robot_supervisor-13]     executor.spin_once()
[robot_supervisor-13]   File "/opt/ros/humble/local/lib/python3.10/dist-packages/rclpy/executors.py", line 773, in spin_once
[robot_supervisor-13]     self._spin_once_impl(timeout_sec)
[robot_supervisor-13]   File "/opt/ros/humble/local/lib/python3.10/dist-packages/rclpy/executors.py", line 762, in _spin_once_impl
[robot_supervisor-13]     handler, entity, node = self.wait_for_ready_callbacks(timeout_sec=timeout_sec)
[robot_supervisor-13]   File "/opt/ros/humble/local/lib/python3.10/dist-packages/rclpy/executors.py", line 745, in wait_for_ready_callbacks
[robot_supervisor-13]     return next(self._cb_iter)
[robot_supervisor-13]   File "/opt/ros/humble/local/lib/python3.10/dist-packages/rclpy/executors.py", line 642, in _wait_for_ready_callbacks
[robot_supervisor-13]     wait_set.wait(timeout_nsec)
[robot_supervisor-13] KeyboardInterrupt
[robot_state_publisher-11] [INFO] [1776943454.471919078] [rclcpp]: signal_handler(SIGINT/SIGTERM)
[robot_supervisor-10] Traceback (most recent call last):
[robot_supervisor-10]   File "/home/ecem/ros2_ws/install/swarm_basics/lib/swarm_basics/robot_supervisor", line 33, in <module>
[robot_supervisor-10]     sys.exit(load_entry_point('swarm-basics==0.0.0', 'console_scripts', 'robot_supervisor')())
[robot_supervisor-10]   File "/home/ecem/ros2_ws/install/swarm_basics/lib/python3.10/site-packages/swarm_basics/robot_supervisor.py", line 867, in main
[robot_supervisor-10]     rclpy.spin(node)
[robot_supervisor-10]   File "/opt/ros/humble/local/lib/python3.10/dist-packages/rclpy/__init__.py", line 229, in spin
[robot_supervisor-10]     executor.spin_once()
[robot_supervisor-10]   File "/opt/ros/humble/local/lib/python3.10/dist-packages/rclpy/executors.py", line 773, in spin_once
[robot_supervisor-10]     self._spin_once_impl(timeout_sec)
[robot_supervisor-10]   File "/opt/ros/humble/local/lib/python3.10/dist-packages/rclpy/executors.py", line 762, in _spin_once_impl
[robot_supervisor-10]     handler, entity, node = self.wait_for_ready_callbacks(timeout_sec=timeout_sec)
[robot_supervisor-10]   File "/opt/ros/humble/local/lib/python3.10/dist-packages/rclpy/executors.py", line 745, in wait_for_ready_callbacks
[robot_supervisor-10]     return next(self._cb_iter)
[robot_supervisor-10]   File "/opt/ros/humble/local/lib/python3.10/dist-packages/rclpy/executors.py", line 642, in _wait_for_ready_callbacks
[robot_supervisor-10]     wait_set.wait(timeout_nsec)
[robot_supervisor-10] KeyboardInterrupt
[robot_state_publisher-8] [INFO] [1776943454.479825795] [rclcpp]: signal_handler(SIGINT/SIGTERM)
[robot_supervisor-7] Traceback (most recent call last):
[robot_supervisor-7]   File "/home/ecem/ros2_ws/install/swarm_basics/lib/swarm_basics/robot_supervisor", line 33, in <module>
[robot_supervisor-7]     sys.exit(load_entry_point('swarm-basics==0.0.0', 'console_scripts', 'robot_supervisor')())
[robot_supervisor-7]   File "/home/ecem/ros2_ws/install/swarm_basics/lib/python3.10/site-packages/swarm_basics/robot_supervisor.py", line 867, in main
[robot_supervisor-7]     rclpy.spin(node)
[robot_supervisor-7]   File "/opt/ros/humble/local/lib/python3.10/dist-packages/rclpy/__init__.py", line 229, in spin
[robot_supervisor-7]     executor.spin_once()
[robot_supervisor-7]   File "/opt/ros/humble/local/lib/python3.10/dist-packages/rclpy/executors.py", line 773, in spin_once
[robot_supervisor-7]     self._spin_once_impl(timeout_sec)
[robot_supervisor-7]   File "/opt/ros/humble/local/lib/python3.10/dist-packages/rclpy/executors.py", line 762, in _spin_once_impl
[robot_supervisor-7]     handler, entity, node = self.wait_for_ready_callbacks(timeout_sec=timeout_sec)
[robot_supervisor-7]   File "/opt/ros/humble/local/lib/python3.10/dist-packages/rclpy/executors.py", line 745, in wait_for_ready_callbacks
[robot_supervisor-7]     return next(self._cb_iter)
[robot_supervisor-7]   File "/opt/ros/humble/local/lib/python3.10/dist-packages/rclpy/executors.py", line 642, in _wait_for_ready_callbacks
[robot_supervisor-7]     wait_set.wait(timeout_nsec)
[robot_supervisor-7] KeyboardInterrupt
[robot_state_publisher-5] [INFO] [1776943454.487176725] [rclcpp]: signal_handler(SIGINT/SIGTERM)
[ERROR] [launch]: Caught exception in launch (see debug for traceback): ExecuteLocal action 'bash-27': executed more than once: <launch.actions.execute_process.ExecuteProcess object at 0x74de364c4850>
[INFO] [image_processor-25]: process has finished cleanly [pid 330395]
[INFO] [image_processor-23]: process has finished cleanly [pid 330391]
[INFO] [image_processor-24]: process has finished cleanly [pid 330393]
[INFO] [image_processor-22]: process has finished cleanly [pid 330389]
[INFO] [image_processor-21]: process has finished cleanly [pid 330387]
[INFO] [robot_state_publisher-17]: process has finished cleanly [pid 330021]
[INFO] [robot_state_publisher-14]: process has finished cleanly [pid 330014]
[INFO] [robot_state_publisher-11]: process has finished cleanly [pid 330008]
[INFO] [robot_state_publisher-8]: process has finished cleanly [pid 330002]
[INFO] [robot_state_publisher-5]: process has finished cleanly [pid 329994]
[coverage_counter-2] Traceback (most recent call last):
[coverage_counter-2]   File "/home/ecem/ros2_ws/install/swarm_basics/lib/python3.10/site-packages/swarm_basics/coverage_counter.py", line 418, in main
[coverage_counter-2]     rclpy.spin(node)
[coverage_counter-2]   File "/opt/ros/humble/local/lib/python3.10/dist-packages/rclpy/__init__.py", line 229, in spin
[coverage_counter-2]     executor.spin_once()
[coverage_counter-2]   File "/opt/ros/humble/local/lib/python3.10/dist-packages/rclpy/executors.py", line 773, in spin_once
[coverage_counter-2]     self._spin_once_impl(timeout_sec)
[coverage_counter-2]   File "/opt/ros/humble/local/lib/python3.10/dist-packages/rclpy/executors.py", line 768, in _spin_once_impl
[coverage_counter-2]     handler()
[coverage_counter-2]   File "/opt/ros/humble/local/lib/python3.10/dist-packages/rclpy/task.py", line 254, in __call__
[coverage_counter-2]     self._handler.send(None)
[coverage_counter-2]   File "/opt/ros/humble/local/lib/python3.10/dist-packages/rclpy/executors.py", line 463, in handler
[coverage_counter-2]     await call_coroutine(entity, arg)
[coverage_counter-2]   File "/opt/ros/humble/local/lib/python3.10/dist-packages/rclpy/executors.py", line 371, in _execute_timer
[coverage_counter-2]     await await_or_execute(tmr.callback)
[coverage_counter-2]   File "/opt/ros/humble/local/lib/python3.10/dist-packages/rclpy/executors.py", line 107, in await_or_execute
[coverage_counter-2]     return callback(*args)
[coverage_counter-2]   File "/home/ecem/ros2_ws/install/swarm_basics/lib/python3.10/site-packages/swarm_basics/coverage_counter.py", line 152, in _on_timeout_timer
[coverage_counter-2]     self.shutdown_and_save()
[coverage_counter-2]   File "/home/ecem/ros2_ws/install/swarm_basics/lib/python3.10/site-packages/swarm_basics/coverage_counter.py", line 174, in shutdown_and_save
[coverage_counter-2]     rclpy.shutdown()
[coverage_counter-2]   File "/opt/ros/humble/local/lib/python3.10/dist-packages/rclpy/__init__.py", line 130, in shutdown
[coverage_counter-2]     _shutdown(context=context)
[coverage_counter-2]   File "/opt/ros/humble/local/lib/python3.10/dist-packages/rclpy/utilities.py", line 58, in shutdown
[coverage_counter-2]     return context.shutdown()
[coverage_counter-2]   File "/opt/ros/humble/local/lib/python3.10/dist-packages/rclpy/context.py", line 103, in shutdown
[coverage_counter-2]     self._call_on_shutdown_callbacks()
[coverage_counter-2]   File "/opt/ros/humble/local/lib/python3.10/dist-packages/rclpy/context.py", line 92, in _call_on_shutdown_callbacks
[coverage_counter-2]     callback = weak_method()
[coverage_counter-2]   File "/opt/ros/humble/local/lib/python3.10/dist-packages/rclpy/__init__.py", line 111, in reset_executor
[coverage_counter-2]     __executor.shutdown()
[coverage_counter-2]   File "/opt/ros/humble/local/lib/python3.10/dist-packages/rclpy/executors.py", line 227, in shutdown
[coverage_counter-2]     if not self._work_tracker.wait(timeout_sec):
[coverage_counter-2]   File "/opt/ros/humble/local/lib/python3.10/dist-packages/rclpy/executors.py", line 94, in wait
[coverage_counter-2]     if not self._work_condition.wait_for(
[coverage_counter-2]   File "/usr/lib/python3.10/threading.py", line 355, in wait_for
[coverage_counter-2]     self.wait(waittime)
[coverage_counter-2]   File "/usr/lib/python3.10/threading.py", line 320, in wait
[coverage_counter-2]     waiter.acquire()
[coverage_counter-2] KeyboardInterrupt
[coverage_counter-2] 
[coverage_counter-2] During handling of the above exception, another exception occurred:
[coverage_counter-2] 
[coverage_counter-2] Traceback (most recent call last):
[coverage_counter-2]   File "/home/ecem/ros2_ws/install/swarm_basics/lib/swarm_basics/coverage_counter", line 33, in <module>
[coverage_counter-2]     sys.exit(load_entry_point('swarm-basics==0.0.0', 'console_scripts', 'coverage_counter')())
[coverage_counter-2]   File "/home/ecem/ros2_ws/install/swarm_basics/lib/python3.10/site-packages/swarm_basics/coverage_counter.py", line 421, in main
[coverage_counter-2]     node.shutdown_and_save()
[coverage_counter-2]   File "/home/ecem/ros2_ws/install/swarm_basics/lib/python3.10/site-packages/swarm_basics/coverage_counter.py", line 174, in shutdown_and_save
[coverage_counter-2]     rclpy.shutdown()
[coverage_counter-2]   File "/opt/ros/humble/local/lib/python3.10/dist-packages/rclpy/__init__.py", line 130, in shutdown
[coverage_counter-2]     _shutdown(context=context)
[coverage_counter-2]   File "/opt/ros/humble/local/lib/python3.10/dist-packages/rclpy/utilities.py", line 58, in shutdown
[coverage_counter-2]     return context.shutdown()
[coverage_counter-2]   File "/opt/ros/humble/local/lib/python3.10/dist-packages/rclpy/context.py", line 100, in shutdown
[coverage_counter-2]     raise RuntimeError('Context must be initialized before it can be shutdown')
[coverage_counter-2] RuntimeError: Context must be initialized before it can be shutdown
[bump_counter-3] Traceback (most recent call last):
[bump_counter-3]   File "/home/ecem/ros2_ws/install/swarm_basics/lib/swarm_basics/bump_counter", line 33, in <module>
[bump_counter-3]     sys.exit(load_entry_point('swarm-basics==0.0.0', 'console_scripts', 'bump_counter')())
[bump_counter-3]   File "/home/ecem/ros2_ws/install/swarm_basics/lib/python3.10/site-packages/swarm_basics/bump_counter.py", line 384, in main
[bump_counter-3]     rclpy.shutdown()
[bump_counter-3]   File "/opt/ros/humble/local/lib/python3.10/dist-packages/rclpy/__init__.py", line 130, in shutdown
[bump_counter-3]     _shutdown(context=context)
[bump_counter-3]   File "/opt/ros/humble/local/lib/python3.10/dist-packages/rclpy/utilities.py", line 58, in shutdown
[bump_counter-3]     return context.shutdown()
[bump_counter-3]   File "/opt/ros/humble/local/lib/python3.10/dist-packages/rclpy/context.py", line 102, in shutdown
[bump_counter-3]     self.__context.shutdown()
[bump_counter-3] rclpy._rclpy_pybind11.RCLError: failed to shutdown: rcl_shutdown already called on the given context, at ./src/rcl/init.c:241
[ERROR] [coverage_counter-2]: process has died [pid 329987, exit code 1, cmd '/home/ecem/ros2_ws/install/swarm_basics/lib/swarm_basics/coverage_counter --ros-args -r __node:=coverage_counter --params-file /tmp/launch_params_g4dvf92g --params-file /tmp/launch_params_3brosjmo --params-file /tmp/launch_params_q0xa5pql --params-file /tmp/launch_params_rikuy2ri --params-file /tmp/launch_params_jv7iqkq3 --params-file /tmp/launch_params_dxkg6dz6'].
[ERROR] [bump_counter-3]: process has died [pid 329990, exit code 1, cmd '/home/ecem/ros2_ws/install/swarm_basics/lib/swarm_basics/bump_counter --ros-args -r __node:=bump_counter --params-file /tmp/launch_params_0ooth7jt --params-file /tmp/launch_params_v1ipb9qf --params-file /tmp/launch_params_i0a405nj'].
[ERROR] [robot_supervisor-19]: process has died [pid 330032, exit code -2, cmd '/home/ecem/ros2_ws/install/swarm_basics/lib/swarm_basics/robot_supervisor --ros-args -r __node:=robot_supervisor -r __ns:=/robot_4 --params-file /tmp/launch_params_iv27gcvs --params-file /tmp/launch_params_cegpperm --params-file /tmp/launch_params__jv87rf8 --params-file /tmp/launch_params_2ykduh6m'].
[ERROR] [robot_supervisor-16]: process has died [pid 330018, exit code -2, cmd '/home/ecem/ros2_ws/install/swarm_basics/lib/swarm_basics/robot_supervisor --ros-args -r __node:=robot_supervisor -r __ns:=/robot_3 --params-file /tmp/launch_params_oxk3a_0a --params-file /tmp/launch_params_ocworln5 --params-file /tmp/launch_params_o055buh6 --params-file /tmp/launch_params_50ao86an'].
[ERROR] [robot_supervisor-13]: process has died [pid 330012, exit code -2, cmd '/home/ecem/ros2_ws/install/swarm_basics/lib/swarm_basics/robot_supervisor --ros-args -r __node:=robot_supervisor -r __ns:=/robot_2 --params-file /tmp/launch_params_1s96g5kx --params-file /tmp/launch_params_4nero32z --params-file /tmp/launch_params_1j9d9u36 --params-file /tmp/launch_params_5puqosz1'].
[ERROR] [robot_supervisor-7]: process has died [pid 329999, exit code -2, cmd '/home/ecem/ros2_ws/install/swarm_basics/lib/swarm_basics/robot_supervisor --ros-args -r __node:=robot_supervisor -r __ns:=/robot_0 --params-file /tmp/launch_params_8r9fujti --params-file /tmp/launch_params_ds042gf1 --params-file /tmp/launch_params_1ctih6er --params-file /tmp/launch_params_katbt9zk'].
[ERROR] [robot_supervisor-10]: process has died [pid 330006, exit code -2, cmd '/home/ecem/ros2_ws/install/swarm_basics/lib/swarm_basics/robot_supervisor --ros-args -r __node:=robot_supervisor -r __ns:=/robot_1 --params-file /tmp/launch_params_d0lgrj4o --params-file /tmp/launch_params_keo5odro --params-file /tmp/launch_params_nmdu40d3 --params-file /tmp/launch_params_cx74tain'].
