Writing simulation log to /home/ecem/ros2_ws/src/Leo_sct/basic_sim/logs/grid_sim_20260518_144151_669054.log
Step 1: collisions total=0 
Step 2: collisions total=0 
Step 3: collisions total=0 
Step 4: collisions total=0 
Step 5: collisions total=1 
Step 6: collisions total=2 
Step 7: collisions total=2 
Step 8: collisions total=2 
Step 9: collisions total=2 
Step 10: collisions total=2 
Step 11: collisions total=2 
Step 12: collisions total=2 
Step 13: collisions total=5 
Step 14: collisions total=6 
Step 15: collisions total=7 
Step 16: collisions total=8 
Step 17: collisions total=8 
Step 18: collisions total=8 
Step 19: collisions total=8 
Exception in Tkinter callback
Traceback (most recent call last):
  File "/usr/lib/python3.10/tkinter/__init__.py", line 1919, in __call__
    if self.subst:
KeyboardInterrupt
Step 20: collisions total=8 
Step 21: collisions total=8 
Step 22: collisions total=8 
Step 23: collisions total=9 
Step 24: collisions total=10 
Step 25: collisions total=10 
Step 26: collisions total=10 
Step 27: collisions total=11 
Step 28: collisions total=12 
Step 29: collisions total=13 
Step 30: collisions total=14 
Step 31: collisions total=15 
Step 32: collisions total=17 
Step 33: collisions total=19 
Step 34: collisions total=21 
Step 35: collisions total=23 
Step 36: collisions total=24 
Step 37: collisions total=25 
Step 38: collisions total=27 
Step 39: collisions total=27 
Step 40: collisions total=27 
Step 41: collisions total=27 
Step 42: collisions total=28 
Step 43: collisions total=28 
Step 44: collisions total=29 
Step 45: collisions total=30 
Step 46: collisions total=31 
Step 47: collisions total=33 
Step 48: collisions total=33 
Step 49: collisions total=34 
Step 50: collisions total=34 
Visited 43/48 free cells (89.6%) in 50 steps.
Collisions: 34 total
  agent_0: 9 (wall=4, obstacle=0, agent=5; events=move_backward=9; hits=agent_2=2, agent_3=2, agent_4=1, wall=4)
  agent_1: 9 (wall=8, obstacle=0, agent=1; events=move_backward=9; hits=agent_3=1, wall=8)
  agent_2: 1 (wall=0, obstacle=0, agent=1; events=move_backward=1; hits=agent_0=1)
  agent_3: 7 (wall=1, obstacle=0, agent=6; events=move_backward=7; hits=agent_0=1, agent_2=1, agent_4=4, wall=1)
  agent_4: 8 (wall=0, obstacle=0, agent=8; events=move_backward=8; hits=agent_1=4, agent_2=2, agent_3=2)
Actions overall: move_backward=42.0% (105), move_forward=43.2% (108), rotate_clockwise=14.8% (37)
  agent_0: move_backward=42.0% (21), move_forward=44.0% (22), rotate_clockwise=14.0% (7)
  agent_1: move_backward=46.0% (23), move_forward=38.0% (19), rotate_clockwise=16.0% (8)
  agent_2: move_backward=32.0% (16), move_forward=54.0% (27), rotate_clockwise=14.0% (7)
  agent_3: move_backward=38.0% (19), move_forward=46.0% (23), rotate_clockwise=16.0% (8)
  agent_4: move_backward=52.0% (26), move_forward=34.0% (17), rotate_clockwise=14.0% (7)
