Writing simulation log to /home/ecem/ros2_ws/src/Leo_sct/basic_sim/logs/grid_sim_20260518_130830_459429.log
Step 1: collisions total=0 
Step 2: collisions total=0 
Step 3: collisions total=1 
Step 4: collisions total=1 
Step 5: collisions total=2 
Step 6: collisions total=3 
Step 7: collisions total=4 
Step 8: collisions total=4 
Step 9: collisions total=4 
Step 10: collisions total=5 
Step 11: collisions total=5 
Step 12: collisions total=5 
Step 13: collisions total=5 
Step 14: collisions total=5 
Step 15: collisions total=5 
Step 16: collisions total=6 
Step 17: collisions total=6 
Step 18: collisions total=7 
Step 19: collisions total=8 
Step 20: collisions total=9 
Step 21: collisions total=11 
Step 22: collisions total=12 
Step 23: collisions total=13 
Step 24: collisions total=14 
Step 25: collisions total=14 
Step 26: collisions total=14 
Step 27: collisions total=15 
Step 28: collisions total=15 
Step 29: collisions total=15 
Step 30: collisions total=15 
Step 31: collisions total=15 
Step 32: collisions total=16 
Step 33: collisions total=18 
Step 34: collisions total=18 
Step 35: collisions total=18 
Step 36: collisions total=18 
Step 37: collisions total=19 
Step 38: collisions total=21 
Step 39: collisions total=22 
Step 40: collisions total=24 
Step 41: collisions total=26 
Step 42: collisions total=28 
Step 43: collisions total=28 
Step 44: collisions total=28 
Step 45: collisions total=28 
Step 46: collisions total=28 
Step 47: collisions total=28 
Step 48: collisions total=28 
Step 49: collisions total=29 
Step 50: collisions total=29 
Visited 33/48 free cells (68.8%) in 50 steps.
Collisions: 29 total
  agent_0: 7 (wall=1, obstacle=0, agent=6; events=move_backward=7; hits=agent_1=2, agent_4=4, wall=1)
  agent_1: 3 (wall=1, obstacle=0, agent=2; events=move_backward=3; hits=agent_0=2, wall=1)
  agent_2: 0 (wall=0, obstacle=0, agent=0; events=none; hits=none)
  agent_3: 9 (wall=0, obstacle=0, agent=9; events=move_backward=9; hits=agent_4=9)
  agent_4: 10 (wall=2, obstacle=0, agent=8; events=move_backward=10; hits=agent_3=8, wall=2)
Actions overall: escape_blue=3.2% (8), move_backward=30.0% (75), move_forward=32.4% (81), rotate_clockwise=34.4% (86)
  agent_0: move_backward=32.0% (16), move_forward=30.0% (15), rotate_clockwise=38.0% (19)
  agent_1: move_backward=28.0% (14), move_forward=36.0% (18), rotate_clockwise=36.0% (18)
  agent_2: escape_blue=16.0% (8), move_backward=16.0% (8), move_forward=38.0% (19), rotate_clockwise=30.0% (15)
  agent_3: move_backward=34.0% (17), move_forward=36.0% (18), rotate_clockwise=30.0% (15)
  agent_4: move_backward=40.0% (20), move_forward=22.0% (11), rotate_clockwise=38.0% (19)
