Writing simulation log to /home/ecem/ros2_ws/src/Leo_sct/basic_sim/logs/grid_sim_20260518_131255_724236.log
Step 1: collisions total=0 
Step 2: collisions total=0 
Step 3: collisions total=0 
Step 4: collisions total=0 
Step 5: collisions total=0 
Step 6: collisions total=0 
Step 7: collisions total=0 
Step 8: collisions total=0 
Step 9: collisions total=0 
Step 10: collisions total=1 
Step 11: collisions total=1 
Step 12: collisions total=1 
Step 13: collisions total=1 
Step 14: collisions total=1 
Step 15: collisions total=1 
Step 16: collisions total=1 
Step 17: collisions total=1 
Step 18: collisions total=1 
Step 19: collisions total=2 
Step 20: collisions total=2 
Step 21: collisions total=2 
Step 22: collisions total=2 
Step 23: collisions total=2 
Step 24: collisions total=2 
Step 25: collisions total=2 
Step 26: collisions total=2 
Step 27: collisions total=2 
Step 28: collisions total=2 
Step 29: collisions total=2 
Step 30: collisions total=2 
Step 31: collisions total=2 
Step 32: collisions total=2 
Step 33: collisions total=2 
Step 34: collisions total=2 
Step 35: collisions total=2 
Step 36: collisions total=2 
Step 37: collisions total=3 
Step 38: collisions total=3 
Step 39: collisions total=3 
Step 40: collisions total=3 
Step 41: collisions total=3 
Step 42: collisions total=3 
Step 43: collisions total=3 
Step 44: collisions total=3 
Step 45: collisions total=3 
Step 46: collisions total=3 
Step 47: collisions total=3 
Step 48: collisions total=3 
Step 49: collisions total=3 
Step 50: collisions total=3 
Visited 24/48 free cells (50.0%) in 50 steps.
Collisions: 3 total
  agent_0: 2 (wall=2, obstacle=0, agent=0; events=move_backward=2; hits=wall=2)
  agent_1: 0 (wall=0, obstacle=0, agent=0; events=none; hits=none)
  agent_2: 0 (wall=0, obstacle=0, agent=0; events=none; hits=none)
  agent_3: 0 (wall=0, obstacle=0, agent=0; events=none; hits=none)
  agent_4: 1 (wall=1, obstacle=0, agent=0; events=move_backward=1; hits=wall=1)
Actions overall: escape_blue=16.0% (40), move_backward=26.0% (65), move_forward=22.8% (57), rotate_clockwise=35.2% (88)
  agent_0: move_backward=24.0% (12), move_forward=38.0% (19), rotate_clockwise=38.0% (19)
  agent_1: escape_blue=30.0% (15), move_backward=30.0% (15), move_forward=8.0% (4), rotate_clockwise=32.0% (16)
  agent_2: escape_blue=16.0% (8), move_backward=16.0% (8), move_forward=36.0% (18), rotate_clockwise=32.0% (16)
  agent_3: escape_blue=34.0% (17), move_backward=34.0% (17), rotate_clockwise=32.0% (16)
  agent_4: move_backward=26.0% (13), move_forward=32.0% (16), rotate_clockwise=42.0% (21)
