Writing simulation log to /home/ecem/ros2_ws/src/Leo_sct/basic_sim/logs/grid_sim_20260518_151102_812390.log
Step 1: collisions total=0 
Step 2: collisions total=0 
Step 3: collisions total=0 
Step 4: collisions total=0 
Step 5: collisions total=0 
Step 6: collisions total=0 
Step 7: collisions total=0 
Step 8: collisions total=0 
Step 9: collisions total=0 
Step 10: collisions total=0 
Step 11: collisions total=1 
Step 12: collisions total=1 
Step 13: collisions total=2 
Step 14: collisions total=2 
Step 15: collisions total=3 
Step 16: collisions total=3 
Step 17: collisions total=4 
Step 18: collisions total=4 
Step 19: collisions total=5 
Step 20: collisions total=5 
Step 21: collisions total=6 
Step 22: collisions total=6 
Step 23: collisions total=7 
Step 24: collisions total=7 
Step 25: collisions total=8 
Step 26: collisions total=8 
Step 27: collisions total=9 
Step 28: collisions total=9 
Step 29: collisions total=10 
Step 30: collisions total=10 
Step 31: collisions total=11 
Step 32: collisions total=11 
Step 33: collisions total=12 
Step 34: collisions total=12 
Step 35: collisions total=13 
Step 36: collisions total=13 
Step 37: collisions total=14 
Step 38: collisions total=14 
Step 39: collisions total=15 
Step 40: collisions total=15 
Step 41: collisions total=16 
Step 42: collisions total=16 
Step 43: collisions total=17 
Step 44: collisions total=17 
Step 45: collisions total=18 
Step 46: collisions total=18 
Step 47: collisions total=19 
Step 48: collisions total=19 
Step 49: collisions total=20 
Step 50: collisions total=20 
Visited 12/48 free cells (25.0%) in 50 steps.
Collisions: 20 total
  agent_0: 20 (wall=0, obstacle=0, agent=0, object=20; events=move_forward=20; hits=object@(6, 2)=1, object@(6, 3)=1, object@(6, 4)=1, object@(6, 5)=17)
Actions overall: move_backward=2.0% (1), move_forward=46.0% (23), push=50.0% (25), rotate_clockwise=2.0% (1)
  agent_0: move_backward=2.0% (1), move_forward=46.0% (23), push=50.0% (25), rotate_clockwise=2.0% (1)
