Writing simulation log to /home/ecem/ros2_ws/src/Leo_sct/basic_sim/logs/grid_sim_20260518_151744_140849.log
Step 1: collisions total=0 
Step 2: collisions total=0 
Step 3: collisions total=0 
Step 4: collisions total=0 
Step 5: collisions total=0 
Step 6: collisions total=0 
Step 7: collisions total=0 
Step 8: collisions total=0 
Step 9: collisions total=0 
Step 10: collisions total=0 
Step 11: collisions total=0 
Step 12: collisions total=0 
Step 13: collisions total=0 
Step 14: collisions total=0 
Step 15: collisions total=0 
Step 16: collisions total=0 
Step 17: collisions total=1 
Step 18: collisions total=1 
Step 19: collisions total=1 
Step 20: collisions total=1 
Step 21: collisions total=2 
Step 22: collisions total=2 
Step 23: collisions total=2 
Step 24: collisions total=2 
Step 25: collisions total=2 
Step 26: collisions total=2 
Step 27: collisions total=2 
Step 28: collisions total=2 
Step 29: collisions total=2 
Step 30: collisions total=2 
Step 31: collisions total=2 
Step 32: collisions total=2 
Step 33: collisions total=2 
Step 34: collisions total=2 
Step 35: collisions total=2 
Step 36: collisions total=2 
Step 37: collisions total=2 
Step 38: collisions total=2 
Step 39: collisions total=2 
Step 40: collisions total=2 
Step 41: collisions total=2 
Step 42: collisions total=2 
Step 43: collisions total=2 
Step 44: collisions total=2 
Step 45: collisions total=2 
Step 46: collisions total=2 
Step 47: collisions total=2 
Step 48: collisions total=2 
Step 49: collisions total=3 
Step 50: collisions total=3 
Visited 27/48 free cells (56.2%) in 50 steps.
Collisions: 3 total
  agent_0: 3 (wall=0, obstacle=0, agent=0, object=3; events=move_forward=3; hits=object@(1, 2)=1, object@(2, 1)=1, object@(2, 2)=1)
  agent_1: 0 (wall=0, obstacle=0, agent=0, object=0; events=none; hits=none)
  agent_2: 0 (wall=0, obstacle=0, agent=0, object=0; events=none; hits=none)
Actions overall: full_rotate=18.0% (27), go_to_red=16.0% (24), move_backward=4.7% (7), move_forward=10.0% (15), push=15.3% (23), rotate_clockwise=14.0% (21), rotate_counterclockwise=11.3% (17), stop=10.7% (16)
  agent_0: full_rotate=16.0% (8), go_to_red=16.0% (8), move_backward=2.0% (1), move_forward=10.0% (5), push=14.0% (7), rotate_clockwise=18.0% (9), rotate_counterclockwise=12.0% (6), stop=12.0% (6)
  agent_1: full_rotate=22.0% (11), go_to_red=14.0% (7), move_backward=6.0% (3), move_forward=4.0% (2), push=16.0% (8), rotate_clockwise=16.0% (8), rotate_counterclockwise=10.0% (5), stop=12.0% (6)
  agent_2: full_rotate=16.0% (8), go_to_red=18.0% (9), move_backward=6.0% (3), move_forward=16.0% (8), push=16.0% (8), rotate_clockwise=8.0% (4), rotate_counterclockwise=12.0% (6), stop=8.0% (4)
