Writing simulation log to /home/ecem/ros2_ws/src/Leo_sct/basic_sim/logs/grid_sim_20260515_170642_819668.log
Step 1: collisions total=0 
Step 2: collisions total=0 
Step 3: collisions total=0 
Step 4: collisions total=0 
Step 5: collisions total=0 
Step 6: collisions total=0 
Step 7: collisions total=0 
Step 8: collisions total=0 
Step 9: collisions total=0 
Step 10: collisions total=0 
Step 11: collisions total=0 
Step 12: collisions total=0 
Step 13: collisions total=0 
Step 14: collisions total=0 
Step 15: collisions total=0 
Step 16: collisions total=0 
Step 17: collisions total=1 
Step 18: collisions total=1 
Step 19: collisions total=2 
Step 20: collisions total=2 
Step 21: collisions total=2 
Step 22: collisions total=2 
Step 23: collisions total=2 
Step 24: collisions total=2 
Step 25: collisions total=2 
Step 26: collisions total=2 
Step 27: collisions total=2 
Step 28: collisions total=2 
Step 29: collisions total=2 
Step 30: collisions total=2 
Step 31: collisions total=2 
Step 32: collisions total=2 
Step 33: collisions total=3 
Step 34: collisions total=3 
Step 35: collisions total=3 
Step 36: collisions total=3 
Step 37: collisions total=3 
Step 38: collisions total=3 
Step 39: collisions total=4 
Step 40: collisions total=4 
Step 41: collisions total=4 
Step 42: collisions total=4 
Step 43: collisions total=4 
Step 44: collisions total=5 
Step 45: collisions total=5 
Step 46: collisions total=5 
Step 47: collisions total=5 
Step 48: collisions total=5 
Step 49: collisions total=5 
Step 50: collisions total=5 
Visited 4/48 free cells (8.3%) in 50 steps.
Collisions: 5 total
  agent_0: 5 (wall=5, obstacle=0, agent=0; events=random_walk=5; hits=wall=5)
Actions overall: move_backward=2.0% (1), random_walk=30.0% (15), rotate_clockwise=42.0% (21), rotate_counterclockwise=26.0% (13)
  agent_0: move_backward=2.0% (1), random_walk=30.0% (15), rotate_clockwise=42.0% (21), rotate_counterclockwise=26.0% (13)
