Writing simulation log to /home/ecem/ros2_ws/src/Leo_sct/basic_sim/logs/grid_sim_20260518_160256_815543.log
Step 1: collisions total=0 
Step 2: collisions total=0 
Step 3: collisions total=0 
Step 4: collisions total=0 
Step 5: collisions total=0 
Step 6: collisions total=0 
Step 7: collisions total=0 
Step 8: collisions total=0 
Step 9: collisions total=0 
Step 10: collisions total=0 
Step 11: collisions total=0 
Step 12: collisions total=0 
Step 13: collisions total=0 
Step 14: collisions total=0 
Step 15: collisions total=0 
Step 16: collisions total=0 
Step 17: collisions total=0 
Step 18: collisions total=0 
Step 19: collisions total=0 
Step 20: collisions total=0 
Step 21: collisions total=0 
Step 22: collisions total=0 
Step 23: collisions total=0 
Step 24: collisions total=0 
Step 25: collisions total=0 
Step 26: collisions total=0 
Step 27: collisions total=0 
Step 28: collisions total=0 
Step 29: collisions total=0 
Step 30: collisions total=0 
Step 31: collisions total=0 
Step 32: collisions total=0 
Step 33: collisions total=0 
Step 34: collisions total=0 
Step 35: collisions total=0 
Step 36: collisions total=0 
Step 37: collisions total=0 
Step 38: collisions total=0 
Step 39: collisions total=0 
Step 40: collisions total=0 
Step 41: collisions total=0 
Step 42: collisions total=0 
Step 43: collisions total=0 
Step 44: collisions total=0 
Step 45: collisions total=0 
Step 46: collisions total=0 
Step 47: collisions total=0 
Step 48: collisions total=0 
Step 49: collisions total=0 
Step 50: collisions total=0 
Visited 42/48 free cells (87.5%) in 50 steps.
Collisions: 0 total
  agent_0: 0 (wall=0, obstacle=0, agent=0, object=0; events=none; hits=none)
  agent_1: 0 (wall=0, obstacle=0, agent=0, object=0; events=none; hits=none)
  agent_2: 0 (wall=0, obstacle=0, agent=0, object=0; events=none; hits=none)
  agent_3: 0 (wall=0, obstacle=0, agent=0, object=0; events=none; hits=none)
  agent_4: 0 (wall=0, obstacle=0, agent=0, object=0; events=none; hits=none)
Actions overall: move_forward=28.0% (70), rotate_clockwise=37.2% (93), rotate_counterclockwise=34.8% (87)
  agent_0: move_forward=42.0% (21), rotate_clockwise=34.0% (17), rotate_counterclockwise=24.0% (12)
  agent_1: move_forward=44.0% (22), rotate_clockwise=28.0% (14), rotate_counterclockwise=28.0% (14)
  agent_2: move_forward=26.0% (13), rotate_clockwise=40.0% (20), rotate_counterclockwise=34.0% (17)
  agent_3: move_forward=28.0% (14), rotate_clockwise=34.0% (17), rotate_counterclockwise=38.0% (19)
  agent_4: rotate_clockwise=50.0% (25), rotate_counterclockwise=50.0% (25)
