Writing simulation log to /home/ecem/ros2_ws/src/Leo_sct/basic_sim/logs/grid_sim_20260518_124149_836433.log
Step 1: collisions total=0 
Step 2: collisions total=0 
Step 3: collisions total=0 
Step 4: collisions total=0 
Step 5: collisions total=0 
Step 6: collisions total=0 
Step 7: collisions total=1 
Step 8: collisions total=1 
Step 9: collisions total=1 
Step 10: collisions total=2 
Step 11: collisions total=4 
Step 12: collisions total=4 
Step 13: collisions total=4 
Step 14: collisions total=4 
Step 15: collisions total=4 
Step 16: collisions total=4 
Step 17: collisions total=5 
Step 18: collisions total=5 
Step 19: collisions total=5 
Step 20: collisions total=5 
Step 21: collisions total=5 
Step 22: collisions total=6 
Step 23: collisions total=6 
Step 24: collisions total=6 
Step 25: collisions total=6 
Step 26: collisions total=6 
Step 27: collisions total=6 
Step 28: collisions total=7 
Step 29: collisions total=7 
Step 30: collisions total=7 
Step 31: collisions total=7 
Step 32: collisions total=9 
Step 33: collisions total=9 
Step 34: collisions total=10 
Step 35: collisions total=10 
Step 36: collisions total=10 
Step 37: collisions total=11 
Step 38: collisions total=12 
Step 39: collisions total=12 
Step 40: collisions total=13 
Step 41: collisions total=14 
Step 42: collisions total=14 
Step 43: collisions total=14 
Step 44: collisions total=14 
Step 45: collisions total=14 
Step 46: collisions total=14 
Step 47: collisions total=15 
Step 48: collisions total=15 
Step 49: collisions total=16 
Step 50: collisions total=17 
Visited 32/48 free cells (66.7%) in 50 steps.
Collisions: 17 total
  agent_0: 5 (wall=0, obstacle=0, agent=5; events=move_backward=1, move_forward=4; hits=agent_2=1, agent_3=1, agent_4=3)
  agent_1: 1 (wall=0, obstacle=0, agent=1; events=move_forward=1; hits=agent_0=1)
  agent_2: 2 (wall=1, obstacle=0, agent=1; events=move_backward=1, move_forward=1; hits=agent_0=1, wall=1)
  agent_3: 2 (wall=0, obstacle=0, agent=2; events=move_backward=1, move_forward=1; hits=agent_0=1, agent_2=1)
  agent_4: 7 (wall=0, obstacle=0, agent=7; events=move_backward=1, move_forward=6; hits=agent_0=1, agent_1=1, agent_2=3, agent_3=2)
Actions overall: full_rotate=18.8% (47), go_to_red=18.4% (46), move_backward=13.2% (33), move_forward=18.8% (47), rotate_clockwise=14.8% (37), rotate_counterclockwise=16.0% (40)
  agent_0: full_rotate=18.0% (9), go_to_red=28.0% (14), move_backward=10.0% (5), move_forward=18.0% (9), rotate_clockwise=10.0% (5), rotate_counterclockwise=16.0% (8)
  agent_1: full_rotate=24.0% (12), go_to_red=12.0% (6), move_backward=14.0% (7), move_forward=18.0% (9), rotate_clockwise=12.0% (6), rotate_counterclockwise=20.0% (10)
  agent_2: full_rotate=16.0% (8), go_to_red=18.0% (9), move_backward=12.0% (6), move_forward=24.0% (12), rotate_clockwise=16.0% (8), rotate_counterclockwise=14.0% (7)
  agent_3: full_rotate=20.0% (10), go_to_red=20.0% (10), move_backward=18.0% (9), move_forward=8.0% (4), rotate_clockwise=16.0% (8), rotate_counterclockwise=18.0% (9)
  agent_4: full_rotate=16.0% (8), go_to_red=14.0% (7), move_backward=12.0% (6), move_forward=26.0% (13), rotate_clockwise=20.0% (10), rotate_counterclockwise=12.0% (6)
