Writing simulation log to /home/ecem/ros2_ws/src/Leo_sct/basic_sim/logs/grid_sim_20260518_125705_605592.log
Step 1: collisions total=0 
Step 2: collisions total=0 
Step 3: collisions total=1 
Step 4: collisions total=1 
Step 5: collisions total=2 
Step 6: collisions total=2 
Step 7: collisions total=2 
Step 8: collisions total=2 
Step 9: collisions total=2 
Step 10: collisions total=3 
Step 11: collisions total=3 
Step 12: collisions total=4 
Step 13: collisions total=4 
Step 14: collisions total=4 
Step 15: collisions total=4 
Step 16: collisions total=4 
Step 17: collisions total=4 
Step 18: collisions total=4 
Step 19: collisions total=4 
Step 20: collisions total=4 
Step 21: collisions total=4 
Step 22: collisions total=4 
Step 23: collisions total=4 
Step 24: collisions total=4 
Step 25: collisions total=4 
Step 26: collisions total=4 
Step 27: collisions total=4 
Step 28: collisions total=4 
Step 29: collisions total=4 
Step 30: collisions total=4 
Step 31: collisions total=4 
Step 32: collisions total=4 
Step 33: collisions total=4 
Step 34: collisions total=4 
Step 35: collisions total=4 
Step 36: collisions total=5 
Step 37: collisions total=5 
Step 38: collisions total=5 
Step 39: collisions total=5 
Step 40: collisions total=6 
Step 41: collisions total=6 
Step 42: collisions total=6 
Step 43: collisions total=6 
Step 44: collisions total=6 
Step 45: collisions total=6 
Step 46: collisions total=6 
Step 47: collisions total=6 
Step 48: collisions total=6 
Step 49: collisions total=6 
Step 50: collisions total=6 
Visited 45/48 free cells (93.8%) in 50 steps.
Collisions: 6 total
  agent_0: 0 (wall=0, obstacle=0, agent=0; events=none; hits=none)
  agent_1: 0 (wall=0, obstacle=0, agent=0; events=none; hits=none)
  agent_2: 1 (wall=0, obstacle=0, agent=1; events=move_backward=1; hits=agent_3=1)
  agent_3: 3 (wall=0, obstacle=0, agent=3; events=move_backward=2, move_forward=1; hits=agent_2=1, agent_4=2)
  agent_4: 2 (wall=1, obstacle=0, agent=1; events=move_backward=1, move_forward=1; hits=agent_2=1, wall=1)
Actions overall: move_backward=19.2% (48), move_forward=61.6% (154), rotate_clockwise=19.2% (48)
  agent_0: move_backward=18.0% (9), move_forward=64.0% (32), rotate_clockwise=18.0% (9)
  agent_1: move_backward=22.0% (11), move_forward=56.0% (28), rotate_clockwise=22.0% (11)
  agent_2: move_backward=16.0% (8), move_forward=68.0% (34), rotate_clockwise=16.0% (8)
  agent_3: move_backward=16.0% (8), move_forward=68.0% (34), rotate_clockwise=16.0% (8)
  agent_4: move_backward=24.0% (12), move_forward=52.0% (26), rotate_clockwise=24.0% (12)
