Writing simulation log to /home/ecem/ros2_ws/src/Leo_sct/basic_sim/logs/grid_sim_20260518_150958_731333.log
Step 1: collisions total=0 
Step 2: collisions total=0 
Step 3: collisions total=0 
Step 4: collisions total=0 
Step 5: collisions total=0 
Step 6: collisions total=0 
Step 7: collisions total=0 
Step 8: collisions total=2 
Step 9: collisions total=2 
Step 10: collisions total=2 
Step 11: collisions total=3 
Step 12: collisions total=3 
Step 13: collisions total=5 
Step 14: collisions total=5 
Step 15: collisions total=7 
Step 16: collisions total=7 
Step 17: collisions total=9 
Step 18: collisions total=9 
Step 19: collisions total=11 
Step 20: collisions total=11 
Step 21: collisions total=13 
Step 22: collisions total=13 
Step 23: collisions total=15 
Step 24: collisions total=15 
Step 25: collisions total=17 
Step 26: collisions total=17 
Step 27: collisions total=19 
Step 28: collisions total=19 
Step 29: collisions total=21 
Step 30: collisions total=21 
Step 31: collisions total=23 
Step 32: collisions total=23 
Step 33: collisions total=25 
Step 34: collisions total=25 
Step 35: collisions total=27 
Step 36: collisions total=27 
Step 37: collisions total=29 
Step 38: collisions total=29 
Step 39: collisions total=31 
Step 40: collisions total=31 
Step 41: collisions total=33 
Step 42: collisions total=33 
Step 43: collisions total=35 
Step 44: collisions total=35 
Step 45: collisions total=37 
Step 46: collisions total=37 
Step 47: collisions total=39 
Step 48: collisions total=39 
Step 49: collisions total=41 
Step 50: collisions total=41 
Visited 14/48 free cells (29.2%) in 50 steps.
Collisions: 41 total
  agent_0: 21 (wall=0, obstacle=0, agent=0, object=21; events=move_backward=1, move_forward=20; hits=object@(0, 0)=15, object@(1, 0)=1, object@(2, 0)=1, object@(3, 0)=1, object@(4, 0)=1, object@(5, 0)=1, object@(6, 0)=1)
  agent_1: 20 (wall=0, obstacle=0, agent=0, object=20; events=move_forward=20; hits=object@(6, 0)=1, object@(7, 2)=19)
Actions overall: full_rotate=1.0% (1), move_backward=4.0% (4), move_forward=44.0% (44), push=48.0% (48), rotate_clockwise=3.0% (3)
  agent_0: full_rotate=2.0% (1), move_backward=2.0% (1), move_forward=46.0% (23), push=50.0% (25)
  agent_1: move_backward=6.0% (3), move_forward=42.0% (21), push=46.0% (23), rotate_clockwise=6.0% (3)
