Writing simulation log to /home/ecem/ros2_ws/src/Leo_sct/basic_sim/logs/grid_sim_20260515_162314_530664.log
Step 1: collisions total=0 
Step 2: collisions total=0 
Step 3: collisions total=0 
Step 4: collisions total=1 
Step 5: collisions total=1 
Step 6: collisions total=1 
Step 7: collisions total=1 
Step 8: collisions total=1 
Step 9: collisions total=1 
Step 10: collisions total=1 
Step 11: collisions total=1 
Step 12: collisions total=1 
Step 13: collisions total=1 
Step 14: collisions total=1 
Step 15: collisions total=1 
Step 16: collisions total=1 
Step 17: collisions total=1 
Step 18: collisions total=1 
Step 19: collisions total=1 
Step 20: collisions total=1 
Step 21: collisions total=1 
Step 22: collisions total=1 
Step 23: collisions total=1 
Step 24: collisions total=1 
Step 25: collisions total=1 
Step 26: collisions total=1 
Step 27: collisions total=1 
Step 28: collisions total=1 
Step 29: collisions total=2 
Step 30: collisions total=3 
Step 31: collisions total=3 
Step 32: collisions total=3 
Step 33: collisions total=3 
Step 34: collisions total=3 
Step 35: collisions total=3 
Step 36: collisions total=3 
Step 37: collisions total=3 
Step 38: collisions total=5 
Step 39: collisions total=5 
Step 40: collisions total=5 
Step 41: collisions total=5 
Step 42: collisions total=5 
Step 43: collisions total=5 
Step 44: collisions total=5 
Step 45: collisions total=5 
Step 46: collisions total=5 
Step 47: collisions total=5 
Step 48: collisions total=6 
Step 49: collisions total=6 
Step 50: collisions total=6 
Visited 37/48 free cells (77.1%) in 50 steps.
Collisions: 6 total
  agent_0: 2 (wall=1, obstacle=0, agent=1; events=random_walk=2; hits=agent_1=1, wall=1)
  agent_1: 3 (wall=1, obstacle=0, agent=2; events=random_walk=3; hits=agent_0=1, agent_2=1, wall=1)
  agent_2: 1 (wall=0, obstacle=0, agent=1; events=move_backward=1; hits=agent_1=1)
Actions overall: full_rotate=1.3% (2), move_backward=14.0% (21), move_forward=30.7% (46), random_walk=29.3% (44), rotate_clockwise=14.7% (22), rotate_counterclockwise=10.0% (15)
  agent_0: full_rotate=4.0% (2), move_backward=10.0% (5), move_forward=30.0% (15), random_walk=32.0% (16), rotate_clockwise=8.0% (4), rotate_counterclockwise=16.0% (8)
  agent_1: move_backward=12.0% (6), move_forward=22.0% (11), random_walk=38.0% (19), rotate_clockwise=18.0% (9), rotate_counterclockwise=10.0% (5)
  agent_2: move_backward=20.0% (10), move_forward=40.0% (20), random_walk=18.0% (9), rotate_clockwise=18.0% (9), rotate_counterclockwise=4.0% (2)
