Writing simulation log to /home/ecem/ros2_ws/src/Leo_sct/basic_sim/logs/grid_sim_20260518_150247_049350.log
Step 1: collisions total=1 
Step 2: collisions total=1 
Step 3: collisions total=2 
Step 4: collisions total=2 
Step 5: collisions total=4 
Step 6: collisions total=4 
Step 7: collisions total=5 
Step 8: collisions total=5 
Step 9: collisions total=7 
Step 10: collisions total=7 
Step 11: collisions total=8 
Step 12: collisions total=8 
Step 13: collisions total=10 
Step 14: collisions total=10 
Step 15: collisions total=11 
Step 16: collisions total=11 
Step 17: collisions total=13 
Step 18: collisions total=13 
Step 19: collisions total=14 
Step 20: collisions total=14 
Step 21: collisions total=16 
Step 22: collisions total=16 
Step 23: collisions total=17 
Step 24: collisions total=17 
Step 25: collisions total=18 
Step 26: collisions total=18 
Step 27: collisions total=19 
Step 28: collisions total=19 
Step 29: collisions total=20 
Step 30: collisions total=20 
Step 31: collisions total=21 
Step 32: collisions total=21 
Step 33: collisions total=22 
Step 34: collisions total=22 
Step 35: collisions total=23 
Step 36: collisions total=23 
Step 37: collisions total=24 
Step 38: collisions total=24 
Step 39: collisions total=25 
Step 40: collisions total=25 
Step 41: collisions total=26 
Step 42: collisions total=26 
Step 43: collisions total=27 
Step 44: collisions total=27 
Step 45: collisions total=28 
Step 46: collisions total=28 
Step 47: collisions total=29 
Step 48: collisions total=29 
Step 49: collisions total=30 
Step 50: collisions total=30 
Visited 20/48 free cells (41.7%) in 50 steps.
Collisions: 30 total
  agent_0: 5 (wall=5, obstacle=0, agent=0, object=0; events=move_backward=5; hits=wall=5)
  agent_1: 0 (wall=0, obstacle=0, agent=0, object=0; events=none; hits=none)
  agent_2: 25 (wall=13, obstacle=0, agent=0, object=12; events=move_backward=25; hits=object@(1, 3)=12, wall=13)
  agent_3: 0 (wall=0, obstacle=0, agent=0, object=0; events=none; hits=none)
  agent_4: 0 (wall=0, obstacle=0, agent=0, object=0; events=none; hits=none)
Actions overall: full_rotate=10.0% (25), go_to_red=4.4% (11), move_backward=22.8% (57), move_forward=4.0% (10), push=3.6% (9), rotate_clockwise=6.4% (16), stop=48.8% (122)
  agent_0: go_to_red=6.0% (3), move_backward=20.0% (10), move_forward=6.0% (3), push=10.0% (5), rotate_clockwise=10.0% (5), stop=48.0% (24)
  agent_1: push=2.0% (1), stop=98.0% (49)
  agent_2: full_rotate=50.0% (25), move_backward=50.0% (25)
  agent_3: go_to_red=2.0% (1), stop=98.0% (49)
  agent_4: go_to_red=14.0% (7), move_backward=44.0% (22), move_forward=14.0% (7), push=6.0% (3), rotate_clockwise=22.0% (11)
