Writing simulation log to /home/ecem/ros2_ws/src/Leo_sct/basic_sim/logs/grid_sim_20260515_163048_642279.log
Step 1: collisions total=0 
Step 2: collisions total=0 
Step 3: collisions total=0 
Step 4: collisions total=1 
Step 5: collisions total=1 
Step 6: collisions total=1 
Step 7: collisions total=1 
Step 8: collisions total=1 
Step 9: collisions total=1 
Step 10: collisions total=1 
Step 11: collisions total=1 
Step 12: collisions total=1 
Step 13: collisions total=1 
Step 14: collisions total=3 
Step 15: collisions total=4 
Step 16: collisions total=6 
Step 17: collisions total=6 
Step 18: collisions total=6 
Step 19: collisions total=7 
Step 20: collisions total=7 
Step 21: collisions total=7 
Step 22: collisions total=7 
Step 23: collisions total=7 
Step 24: collisions total=7 
Step 25: collisions total=7 
Step 26: collisions total=7 
Step 27: collisions total=7 
Step 28: collisions total=7 
Step 29: collisions total=7 
Step 30: collisions total=7 
Step 31: collisions total=7 
Step 32: collisions total=7 
Step 33: collisions total=7 
Step 34: collisions total=7 
Step 35: collisions total=7 
Step 36: collisions total=7 
Step 37: collisions total=8 
Step 38: collisions total=8 
Step 39: collisions total=8 
Step 40: collisions total=8 
Step 41: collisions total=8 
Step 42: collisions total=9 
Step 43: collisions total=9 
Step 44: collisions total=9 
Step 45: collisions total=9 
Step 46: collisions total=9 
Step 47: collisions total=9 
Step 48: collisions total=9 
Step 49: collisions total=9 
Step 50: collisions total=9 
Visited 43/48 free cells (89.6%) in 50 steps.
Collisions: 9 total
  agent_0: 2 (wall=1, obstacle=0, agent=1; events=random_walk=2; hits=agent_1=1, wall=1)
  agent_1: 4 (wall=0, obstacle=0, agent=4; events=move_backward=3, random_walk=1; hits=agent_0=4)
  agent_2: 3 (wall=3, obstacle=0, agent=0; events=random_walk=3; hits=wall=3)
Actions overall: move_backward=18.7% (28), move_forward=24.7% (37), random_walk=30.7% (46), rotate_clockwise=26.0% (39)
  agent_0: move_backward=20.0% (10), move_forward=26.0% (13), random_walk=28.0% (14), rotate_clockwise=26.0% (13)
  agent_1: move_backward=16.0% (8), move_forward=28.0% (14), random_walk=34.0% (17), rotate_clockwise=22.0% (11)
  agent_2: move_backward=20.0% (10), move_forward=20.0% (10), random_walk=30.0% (15), rotate_clockwise=30.0% (15)
