Writing simulation log to /home/ecem/ros2_ws/src/Leo_sct/basic_sim/logs/grid_sim_20260518_160905_946629.log
Step 1: collisions total=0 
Step 2: collisions total=0 
Step 3: collisions total=0 
Step 4: collisions total=0 
Step 5: collisions total=0 
Step 6: collisions total=1 
Step 7: collisions total=1 
Step 8: collisions total=2 
Step 9: collisions total=3 
Step 10: collisions total=3 
Step 11: collisions total=3 
Step 12: collisions total=3 
Step 13: collisions total=3 
Step 14: collisions total=3 
Step 15: collisions total=3 
Step 16: collisions total=4 
Step 17: collisions total=5 
Step 18: collisions total=6 
Step 19: collisions total=7 
Step 20: collisions total=8 
Step 21: collisions total=9 
Step 22: collisions total=9 
Step 23: collisions total=9 
Step 24: collisions total=10 
Step 25: collisions total=10 
Step 26: collisions total=10 
Step 27: collisions total=10 
Step 28: collisions total=10 
Step 29: collisions total=10 
Step 30: collisions total=10 
Step 31: collisions total=10 
Step 32: collisions total=10 
Step 33: collisions total=10 
Step 34: collisions total=10 
Step 35: collisions total=10 
Step 36: collisions total=10 
Step 37: collisions total=10 
Step 38: collisions total=10 
Step 39: collisions total=10 
Step 40: collisions total=10 
Step 41: collisions total=10 
Step 42: collisions total=10 
Step 43: collisions total=11 
Step 44: collisions total=11 
Step 45: collisions total=11 
Step 46: collisions total=11 
Step 47: collisions total=11 
Step 48: collisions total=11 
Step 49: collisions total=11 
Step 50: collisions total=11 
Visited 29/48 free cells (60.4%) in 50 steps.
Collisions: 11 total
  agent_0: 7 (wall=0, obstacle=0, agent=0, object=7; events=move_backward=7; hits=object@(0, 1)=7)
  agent_1: 4 (wall=2, obstacle=0, agent=1, object=1; events=move_backward=4; hits=agent_2=1, object@(2, 5)=1, wall=2)
  agent_2: 0 (wall=0, obstacle=0, agent=0, object=0; events=none; hits=none)
  agent_3: 0 (wall=0, obstacle=0, agent=0, object=0; events=none; hits=none)
  agent_4: 0 (wall=0, obstacle=0, agent=0, object=0; events=none; hits=none)
Actions overall: full_rotate=49.2% (123), move_backward=12.0% (30), push=38.8% (97)
  agent_0: full_rotate=44.0% (22), move_backward=30.0% (15), push=26.0% (13)
  agent_1: full_rotate=50.0% (25), move_backward=12.0% (6), push=38.0% (19)
  agent_2: full_rotate=46.0% (23), move_backward=10.0% (5), push=44.0% (22)
  agent_3: full_rotate=56.0% (28), move_backward=2.0% (1), push=42.0% (21)
  agent_4: full_rotate=50.0% (25), move_backward=6.0% (3), push=44.0% (22)
