Writing simulation log to /home/ecem/ros2_ws/src/Leo_sct/basic_sim/logs/grid_sim_20260515_165724_190881.log
Step 1: collisions total=0 
Step 2: collisions total=0 
Step 3: collisions total=0 
Step 4: collisions total=1 
Step 5: collisions total=1 
Step 6: collisions total=1 
Step 7: collisions total=1 
Step 8: collisions total=1 
Step 9: collisions total=1 
Step 10: collisions total=1 
Step 11: collisions total=1 
Step 12: collisions total=1 
Step 13: collisions total=1 
Step 14: collisions total=1 
Step 15: collisions total=1 
Step 16: collisions total=1 
Step 17: collisions total=1 
Step 18: collisions total=1 
Step 19: collisions total=1 
Step 20: collisions total=1 
Step 21: collisions total=1 
Step 22: collisions total=1 
Step 23: collisions total=1 
Step 24: collisions total=1 
Step 25: collisions total=1 
Step 26: collisions total=1 
Step 27: collisions total=1 
Step 28: collisions total=1 
Step 29: collisions total=1 
Step 30: collisions total=1 
Step 31: collisions total=1 
Step 32: collisions total=1 
Step 33: collisions total=1 
Step 34: collisions total=1 
Step 35: collisions total=1 
Step 36: collisions total=1 
Step 37: collisions total=2 
Step 38: collisions total=2 
Step 39: collisions total=2 
Step 40: collisions total=2 
Step 41: collisions total=2 
Step 42: collisions total=2 
Step 43: collisions total=2 
Step 44: collisions total=2 
Step 45: collisions total=2 
Step 46: collisions total=2 
Step 47: collisions total=2 
Step 48: collisions total=2 
Step 49: collisions total=2 
Step 50: collisions total=2 
Visited 31/48 free cells (64.6%) in 50 steps.
Collisions: 2 total
  agent_0: 0 (wall=0, obstacle=0, agent=0; events=none; hits=none)
  agent_1: 2 (wall=1, obstacle=0, agent=1; events=random_walk=2; hits=agent_0=1, wall=1)
  agent_2: 0 (wall=0, obstacle=0, agent=0; events=none; hits=none)
Actions overall: full_rotate=0.7% (1), move_backward=33.3% (50), move_forward=33.3% (50), random_walk=22.7% (34), rotate_clockwise=6.7% (10), rotate_counterclockwise=3.3% (5)
  agent_0: move_backward=34.0% (17), move_forward=32.0% (16), random_walk=22.0% (11), rotate_clockwise=8.0% (4), rotate_counterclockwise=4.0% (2)
  agent_1: move_backward=30.0% (15), move_forward=34.0% (17), random_walk=26.0% (13), rotate_clockwise=8.0% (4), rotate_counterclockwise=2.0% (1)
  agent_2: full_rotate=2.0% (1), move_backward=36.0% (18), move_forward=34.0% (17), random_walk=20.0% (10), rotate_clockwise=4.0% (2), rotate_counterclockwise=4.0% (2)
