Writing simulation log to /home/ecem/ros2_ws/src/Leo_sct/basic_sim/logs/grid_sim_20260518_142844_675757.log
Step 1: collisions total=0 
Step 2: collisions total=0 
Step 3: collisions total=0 
Step 4: collisions total=0 
Step 5: collisions total=0 
Step 6: collisions total=0 
Step 7: collisions total=0 
Step 8: collisions total=0 
Step 9: collisions total=0 
Step 10: collisions total=0 
Step 11: collisions total=0 
Step 12: collisions total=0 
Step 13: collisions total=0 
Step 14: collisions total=0 
Step 15: collisions total=0 
Step 16: collisions total=0 
Step 17: collisions total=0 
Step 18: collisions total=0 
Step 19: collisions total=0 
Step 20: collisions total=0 
Step 21: collisions total=0 
Step 22: collisions total=0 
Step 23: collisions total=0 
Step 24: collisions total=0 
Step 25: collisions total=0 
Step 26: collisions total=0 
Step 27: collisions total=0 
Step 28: collisions total=0 
Step 29: collisions total=0 
Step 30: collisions total=0 
Step 31: collisions total=0 
Step 32: collisions total=0 
Step 33: collisions total=0 
Step 34: collisions total=0 
Step 35: collisions total=0 
Step 36: collisions total=0 
Step 37: collisions total=0 
Step 38: collisions total=0 
Step 39: collisions total=0 
Step 40: collisions total=0 
Step 41: collisions total=0 
Step 42: collisions total=0 
Step 43: collisions total=0 
Step 44: collisions total=0 
Step 45: collisions total=0 
Step 46: collisions total=0 
Step 47: collisions total=0 
Step 48: collisions total=0 
Step 49: collisions total=0 
Step 50: collisions total=0 
Visited 12/48 free cells (25.0%) in 50 steps.
Collisions: 0 total
  agent_0: 0 (wall=0, obstacle=0, agent=0; events=none; hits=none)
  agent_1: 0 (wall=0, obstacle=0, agent=0; events=none; hits=none)
  agent_2: 0 (wall=0, obstacle=0, agent=0; events=none; hits=none)
  agent_3: 0 (wall=0, obstacle=0, agent=0; events=none; hits=none)
  agent_4: 0 (wall=0, obstacle=0, agent=0; events=none; hits=none)
Actions overall: escape_blue=19.2% (48), go_to_red=20.4% (51), move_forward=0.8% (2), rotate_clockwise=1.2% (3), stop=58.4% (146)
  agent_0: go_to_red=4.0% (2), move_forward=2.0% (1), stop=94.0% (47)
  agent_1: escape_blue=50.0% (25), go_to_red=50.0% (25)
  agent_2: stop=100.0% (50)
  agent_3: go_to_red=2.0% (1), stop=98.0% (49)
  agent_4: escape_blue=46.0% (23), go_to_red=46.0% (23), move_forward=2.0% (1), rotate_clockwise=6.0% (3)
