Writing simulation log to /home/ecem/ros2_ws/src/Leo_sct/basic_sim/logs/grid_sim_20260515_154727_684399.log
Step 1: collisions total=0 
Step 2: collisions total=0 
Step 3: collisions total=0 
Step 4: collisions total=0 
Step 5: collisions total=0 
Step 6: collisions total=2 
Step 7: collisions total=2 
Step 8: collisions total=2 
Step 9: collisions total=3 
Step 10: collisions total=3 
Step 11: collisions total=3 
Step 12: collisions total=4 
Step 13: collisions total=5 
Step 14: collisions total=6 
Step 15: collisions total=6 
Step 16: collisions total=6 
Step 17: collisions total=6 
Step 18: collisions total=6 
Step 19: collisions total=6 
Step 20: collisions total=6 
Step 21: collisions total=7 
Step 22: collisions total=7 
Step 23: collisions total=7 
Step 24: collisions total=7 
Step 25: collisions total=7 
Step 26: collisions total=7 
Step 27: collisions total=8 
Step 28: collisions total=8 
Step 29: collisions total=9 
Step 30: collisions total=10 
Step 31: collisions total=10 
Step 32: collisions total=10 
Step 33: collisions total=10 
Step 34: collisions total=10 
Step 35: collisions total=10 
Step 36: collisions total=10 
Step 37: collisions total=10 
Step 38: collisions total=10 
Step 39: collisions total=10 
Step 40: collisions total=10 
Step 41: collisions total=10 
Step 42: collisions total=10 
Step 43: collisions total=10 
Step 44: collisions total=10 
Step 45: collisions total=10 
Step 46: collisions total=10 
Step 47: collisions total=10 
Step 48: collisions total=10 
Step 49: collisions total=10 
Step 50: collisions total=10 
Visited 33/46 free cells (71.7%) in 50 steps.
Collisions: 10 total
  agent_0: 1 (wall=1, obstacle=0, agent=0; events=random_walk=1; hits=wall=1)
  agent_1: 4 (wall=0, obstacle=1, agent=3; events=move_backward=1, random_walk=3; hits=agent_2=2, agent_3=1, obstacle@(5, 0)=1)
  agent_2: 5 (wall=1, obstacle=0, agent=4; events=move_backward=2, random_walk=3; hits=agent_0=2, agent_1=2, wall=1)
  agent_3: 0 (wall=0, obstacle=0, agent=0; events=none; hits=none)
Actions overall: full_rotate=5.0% (10), move_backward=32.0% (64), move_forward=27.5% (55), random_walk=35.5% (71)
  agent_0: full_rotate=4.0% (2), move_backward=42.0% (21), move_forward=42.0% (21), random_walk=12.0% (6)
  agent_1: full_rotate=4.0% (2), move_backward=26.0% (13), move_forward=24.0% (12), random_walk=46.0% (23)
  agent_2: full_rotate=4.0% (2), move_backward=26.0% (13), move_forward=14.0% (7), random_walk=56.0% (28)
  agent_3: full_rotate=8.0% (4), move_backward=34.0% (17), move_forward=30.0% (15), random_walk=28.0% (14)
