Writing simulation log to /home/ecem/ros2_ws/src/Leo_sct/basic_sim/logs/grid_sim_20260518_150139_820095.log
Step 1: collisions total=1 
Step 2: collisions total=1 
Step 3: collisions total=2 
Step 4: collisions total=2 
Step 5: collisions total=3 
Step 6: collisions total=3 
Step 7: collisions total=4 
Step 8: collisions total=4 
Step 9: collisions total=5 
Step 10: collisions total=5 
Step 11: collisions total=6 
Step 12: collisions total=6 
Step 13: collisions total=7 
Step 14: collisions total=7 
Step 15: collisions total=8 
Step 16: collisions total=8 
Step 17: collisions total=9 
Step 18: collisions total=9 
Step 19: collisions total=10 
Step 20: collisions total=10 
Step 21: collisions total=11 
Step 22: collisions total=11 
Step 23: collisions total=12 
Step 24: collisions total=12 
Step 25: collisions total=13 
Step 26: collisions total=13 
Step 27: collisions total=14 
Step 28: collisions total=14 
Step 29: collisions total=15 
Step 30: collisions total=15 
Step 31: collisions total=16 
Step 32: collisions total=16 
Step 33: collisions total=17 
Step 34: collisions total=17 
Step 35: collisions total=18 
Step 36: collisions total=18 
Step 37: collisions total=19 
Step 38: collisions total=19 
Step 39: collisions total=20 
Step 40: collisions total=20 
Step 41: collisions total=21 
Step 42: collisions total=21 
Step 43: collisions total=22 
Step 44: collisions total=22 
Step 45: collisions total=23 
Step 46: collisions total=23 
Step 47: collisions total=24 
Step 48: collisions total=24 
Step 49: collisions total=25 
Step 50: collisions total=25 
Visited 13/48 free cells (27.1%) in 50 steps.
Collisions: 25 total
  agent_0: 0 (wall=0, obstacle=0, agent=0, object=0; events=none; hits=none)
  agent_1: 0 (wall=0, obstacle=0, agent=0, object=0; events=none; hits=none)
  agent_2: 25 (wall=13, obstacle=0, agent=0, object=12; events=move_backward=25; hits=object@(1, 3)=12, wall=13)
  agent_3: 0 (wall=0, obstacle=0, agent=0, object=0; events=none; hits=none)
  agent_4: 0 (wall=0, obstacle=0, agent=0, object=0; events=none; hits=none)
Actions overall: full_rotate=10.0% (25), go_to_red=39.2% (98), move_backward=29.2% (73), push=21.6% (54)
  agent_0: move_backward=48.0% (24), push=52.0% (26)
  agent_1: go_to_red=98.0% (49), push=2.0% (1)
  agent_2: full_rotate=50.0% (25), move_backward=50.0% (25)
  agent_3: go_to_red=98.0% (49), push=2.0% (1)
  agent_4: move_backward=48.0% (24), push=52.0% (26)
