Writing simulation log to /home/ecem/ros2_ws/src/Leo_sct/basic_sim/logs/grid_sim_20260515_171002_660123.log
Step 1: collisions total=0 
Step 2: collisions total=0 
Step 3: collisions total=0 
Step 4: collisions total=0 
Step 5: collisions total=0 
Step 6: collisions total=0 
Step 7: collisions total=0 
Step 8: collisions total=0 
Step 9: collisions total=0 
Step 10: collisions total=0 
Step 11: collisions total=0 
Step 12: collisions total=1 
Step 13: collisions total=1 
Step 14: collisions total=1 
Step 15: collisions total=1 
Step 16: collisions total=1 
Step 17: collisions total=1 
Step 18: collisions total=2 
Step 19: collisions total=2 
Step 20: collisions total=2 
Step 21: collisions total=3 
Step 22: collisions total=4 
Step 23: collisions total=4 
Step 24: collisions total=4 
Step 25: collisions total=4 
Step 26: collisions total=5 
Step 27: collisions total=5 
Step 28: collisions total=5 
Step 29: collisions total=6 
Step 30: collisions total=6 
Step 31: collisions total=6 
Step 32: collisions total=7 
Step 33: collisions total=7 
Step 34: collisions total=7 
Step 35: collisions total=7 
Step 36: collisions total=7 
Step 37: collisions total=8 
Step 38: collisions total=9 
Step 39: collisions total=9 
Step 40: collisions total=10 
Step 41: collisions total=11 
Step 42: collisions total=11 
Step 43: collisions total=12 
Step 44: collisions total=12 
Step 45: collisions total=12 
Step 46: collisions total=12 
Step 47: collisions total=12 
Step 48: collisions total=12 
Step 49: collisions total=12 
Step 50: collisions total=12 
Visited 35/48 free cells (72.9%) in 50 steps.
Collisions: 12 total
  agent_0: 6 (wall=6, obstacle=0, agent=0; events=random_walk=6; hits=wall=6)
  agent_1: 6 (wall=6, obstacle=0, agent=0; events=random_walk=6; hits=wall=6)
Actions overall: move_forward=33.0% (33), random_walk=38.0% (38), rotate_clockwise=29.0% (29)
  agent_0: move_forward=30.0% (15), random_walk=44.0% (22), rotate_clockwise=26.0% (13)
  agent_1: move_forward=36.0% (18), random_walk=32.0% (16), rotate_clockwise=32.0% (16)
