Writing simulation log to /home/ecem/ros2_ws/src/Leo_sct/basic_sim/logs/grid_sim_20260515_172431_017789.log
Step 1: collisions total=0 
Step 2: collisions total=0 
Step 3: collisions total=1 
Step 4: collisions total=1 
Step 5: collisions total=2 
Step 6: collisions total=2 
Step 7: collisions total=2 
Step 8: collisions total=3 
Step 9: collisions total=3 
Step 10: collisions total=3 
Step 11: collisions total=3 
Step 12: collisions total=3 
Step 13: collisions total=4 
Step 14: collisions total=5 
Step 15: collisions total=5 
Step 16: collisions total=6 
Step 17: collisions total=6 
Step 18: collisions total=8 
Step 19: collisions total=8 
Step 20: collisions total=9 
Step 21: collisions total=10 
Step 22: collisions total=10 
Step 23: collisions total=10 
Step 24: collisions total=10 
Step 25: collisions total=10 
Step 26: collisions total=10 
Step 27: collisions total=10 
Step 28: collisions total=11 
Step 29: collisions total=11 
Step 30: collisions total=11 
Step 31: collisions total=11 
Step 32: collisions total=11 
Step 33: collisions total=11 
Step 34: collisions total=11 
Step 35: collisions total=11 
Step 36: collisions total=11 
Step 37: collisions total=11 
Step 38: collisions total=11 
Step 39: collisions total=11 
Step 40: collisions total=11 
Step 41: collisions total=11 
Step 42: collisions total=11 
Step 43: collisions total=11 
Step 44: collisions total=13 
Step 45: collisions total=13 
Step 46: collisions total=14 
Step 47: collisions total=14 
Step 48: collisions total=14 
Step 49: collisions total=14 
Step 50: collisions total=14 
Visited 44/48 free cells (91.7%) in 50 steps.
Collisions: 14 total
  agent_0: 1 (wall=1, obstacle=0, agent=0; events=random_walk=1; hits=wall=1)
  agent_1: 5 (wall=1, obstacle=0, agent=4; events=move_backward=3, random_walk=2; hits=agent_0=2, agent_4=2, wall=1)
  agent_2: 2 (wall=0, obstacle=0, agent=2; events=move_backward=1, random_walk=1; hits=agent_0=1, agent_3=1)
  agent_3: 3 (wall=1, obstacle=0, agent=2; events=move_backward=2, random_walk=1; hits=agent_2=1, agent_4=1, wall=1)
  agent_4: 3 (wall=0, obstacle=0, agent=3; events=random_walk=3; hits=agent_1=2, agent_3=1)
Actions overall: full_rotate=2.8% (7), move_backward=28.8% (72), move_forward=30.8% (77), random_walk=37.6% (94)
  agent_0: move_backward=20.0% (10), move_forward=30.0% (15), random_walk=50.0% (25)
  agent_1: full_rotate=6.0% (3), move_backward=32.0% (16), move_forward=32.0% (16), random_walk=30.0% (15)
  agent_2: full_rotate=4.0% (2), move_backward=30.0% (15), move_forward=22.0% (11), random_walk=44.0% (22)
  agent_3: full_rotate=4.0% (2), move_backward=28.0% (14), move_forward=38.0% (19), random_walk=30.0% (15)
  agent_4: move_backward=34.0% (17), move_forward=32.0% (16), random_walk=34.0% (17)
