Writing simulation log to /home/ecem/ros2_ws/src/Leo_sct/basic_sim/logs/grid_sim_20260518_162139_383564.log
Step 1: collisions total=0 
Step 2: collisions total=0 
Step 3: collisions total=0 
Step 4: collisions total=0 
Step 5: collisions total=0 
Step 6: collisions total=0 
Step 7: collisions total=0 
Step 8: collisions total=0 
Step 9: collisions total=0 
Step 10: collisions total=0 
Step 11: collisions total=0 
Step 12: collisions total=0 
Step 13: collisions total=0 
Step 14: collisions total=1 
Step 15: collisions total=1 
Step 16: collisions total=2 
Step 17: collisions total=2 
Step 18: collisions total=3 
Step 19: collisions total=3 
Step 20: collisions total=3 
Step 21: collisions total=3 
Step 22: collisions total=3 
Step 23: collisions total=3 
Step 24: collisions total=3 
Step 25: collisions total=3 
Step 26: collisions total=3 
Step 27: collisions total=3 
Step 28: collisions total=3 
Step 29: collisions total=3 
Step 30: collisions total=3 
Step 31: collisions total=3 
Step 32: collisions total=3 
Step 33: collisions total=3 
Step 34: collisions total=3 
Step 35: collisions total=3 
Step 36: collisions total=3 
Step 37: collisions total=3 
Step 38: collisions total=3 
Step 39: collisions total=3 
Step 40: collisions total=3 
Step 41: collisions total=3 
Step 42: collisions total=3 
Step 43: collisions total=3 
Step 44: collisions total=4 
Step 45: collisions total=4 
Step 46: collisions total=4 
Step 47: collisions total=4 
Step 48: collisions total=4 
Step 49: collisions total=4 
Step 50: collisions total=4 
Visited 34/48 free cells (70.8%) in 50 steps.
Collisions: 4 total
  agent_0: 0 (wall=0, obstacle=0, agent=0, object=0; events=none; hits=none)
  agent_1: 1 (wall=0, obstacle=0, agent=0, object=1; events=move_forward=1; hits=object@(3, 5)=1)
  agent_2: 0 (wall=0, obstacle=0, agent=0, object=0; events=none; hits=none)
  agent_3: 1 (wall=0, obstacle=0, agent=0, object=1; events=move_forward=1; hits=object@(2, 5)=1)
  agent_4: 2 (wall=0, obstacle=0, agent=0, object=2; events=move_forward=2; hits=object@(7, 2)=2)
Actions overall: full_rotate=17.2% (43), go_to_red=10.8% (27), move_backward=3.2% (8), move_forward=10.4% (26), push=12.0% (30), rotate_clockwise=16.8% (42), rotate_counterclockwise=14.8% (37), stop=14.8% (37)
  agent_0: full_rotate=20.0% (10), go_to_red=10.0% (5), move_backward=2.0% (1), move_forward=4.0% (2), push=10.0% (5), rotate_clockwise=22.0% (11), rotate_counterclockwise=18.0% (9), stop=14.0% (7)
  agent_1: full_rotate=8.0% (4), go_to_red=16.0% (8), move_forward=12.0% (6), push=16.0% (8), rotate_clockwise=18.0% (9), rotate_counterclockwise=14.0% (7), stop=16.0% (8)
  agent_2: full_rotate=24.0% (12), go_to_red=4.0% (2), move_backward=4.0% (2), move_forward=10.0% (5), push=10.0% (5), rotate_clockwise=16.0% (8), rotate_counterclockwise=18.0% (9), stop=14.0% (7)
  agent_3: full_rotate=16.0% (8), go_to_red=18.0% (9), move_backward=4.0% (2), move_forward=16.0% (8), push=14.0% (7), rotate_clockwise=12.0% (6), rotate_counterclockwise=14.0% (7), stop=6.0% (3)
  agent_4: full_rotate=18.0% (9), go_to_red=6.0% (3), move_backward=6.0% (3), move_forward=10.0% (5), push=10.0% (5), rotate_clockwise=16.0% (8), rotate_counterclockwise=10.0% (5), stop=24.0% (12)
