Starting >>> leo_image
Starting >>> swarm_basics
Finished <<< leo_image [0.21s]
Finished <<< swarm_basics [0.57s]

Summary: 2 packages finished [1.42s]
[INFO] [launch]: All log files can be found below /home/ecem/.ros/log/2026-04-18-03-51-18-022450-ecem-pc-503729
[INFO] [launch]: Default logging verbosity is set to INFO
[INFO] [ign gazebo-1]: process started with pid [503793]
[INFO] [coverage_counter-2]: process started with pid [503795]
[INFO] [bump_counter-3]: process started with pid [503798]
[INFO] [parameter_bridge-4]: process started with pid [503800]
[INFO] [robot_state_publisher-5]: process started with pid [503802]
[INFO] [create-6]: process started with pid [503804]
[INFO] [robot_supervisor-7]: process started with pid [503806]
[INFO] [robot_state_publisher-8]: process started with pid [503808]
[INFO] [create-9]: process started with pid [503811]
[INFO] [robot_supervisor-10]: process started with pid [503814]
[INFO] [robot_state_publisher-11]: process started with pid [503816]
[INFO] [create-12]: process started with pid [503818]
[INFO] [robot_supervisor-13]: process started with pid [503820]
[INFO] [robot_state_publisher-14]: process started with pid [503822]
[INFO] [create-15]: process started with pid [503824]
[INFO] [robot_supervisor-16]: process started with pid [503826]
[INFO] [robot_state_publisher-17]: process started with pid [503828]
[INFO] [create-18]: process started with pid [503839]
[INFO] [robot_supervisor-19]: process started with pid [503841]
[INFO] [parameter_bridge-20]: process started with pid [503843]
[parameter_bridge-4] [ros_ign_bridge] is deprecated! Redirecting to use [ros_gz_bridge] instead!
[parameter_bridge-4] 
[create-15] [INFO] [1776477078.475374239] [robot_3.ros_gz_sim]: Requesting list of world names.
[parameter_bridge-4] [INFO] [1776477078.475440242] [all_robots_bridge]: Creating ROS->GZ Bridge: [/robot_0/cmd_vel (geometry_msgs/msg/Twist) -> /robot_0/cmd_vel (ignition.msgs.Twist)] (Lazy 0)
[create-9] [INFO] [1776477078.475640491] [robot_1.ros_gz_sim]: Requesting list of world names.
[create-18] [INFO] [1776477078.476727076] [robot_4.ros_gz_sim]: Requesting list of world names.
[parameter_bridge-4] [INFO] [1776477078.476811183] [all_robots_bridge]: Creating GZ->ROS Bridge: [/robot_0/odom (ignition.msgs.Odometry) -> /robot_0/odom (nav_msgs/msg/Odometry)] (Lazy 0)
[create-12] [INFO] [1776477078.477239206] [robot_2.ros_gz_sim]: Requesting list of world names.
[create-6] [INFO] [1776477078.477865630] [robot_0.ros_gz_sim]: Requesting list of world names.
[parameter_bridge-4] [INFO] [1776477078.478293824] [all_robots_bridge]: Creating GZ->ROS Bridge: [/robot_0/depth_camera/depth_image (ignition.msgs.Image) -> /robot_0/depth_camera/depth_image (sensor_msgs/msg/Image)] (Lazy 0)
[parameter_bridge-4] [INFO] [1776477078.479088465] [all_robots_bridge]: Creating GZ->ROS Bridge: [/world/random_world/model/robot_0/link/robot_0/base_footprint/sensor/contact_sensor/contact (ignition.msgs.Contacts) -> /world/random_world/model/robot_0/link/robot_0/base_footprint/sensor/contact_sensor/contact (ros_gz_interfaces/msg/Contacts)] (Lazy 0)
[parameter_bridge-4] [INFO] [1776477078.479879859] [all_robots_bridge]: Creating ROS->GZ Bridge: [/robot_1/cmd_vel (geometry_msgs/msg/Twist) -> /robot_1/cmd_vel (ignition.msgs.Twist)] (Lazy 0)
[parameter_bridge-4] [INFO] [1776477078.480277280] [all_robots_bridge]: Creating GZ->ROS Bridge: [/robot_1/odom (ignition.msgs.Odometry) -> /robot_1/odom (nav_msgs/msg/Odometry)] (Lazy 0)
[parameter_bridge-4] [INFO] [1776477078.480743277] [all_robots_bridge]: Creating GZ->ROS Bridge: [/robot_1/depth_camera/depth_image (ignition.msgs.Image) -> /robot_1/depth_camera/depth_image (sensor_msgs/msg/Image)] (Lazy 0)
[parameter_bridge-4] [INFO] [1776477078.481454578] [all_robots_bridge]: Creating GZ->ROS Bridge: [/world/random_world/model/robot_1/link/robot_1/base_footprint/sensor/contact_sensor/contact (ignition.msgs.Contacts) -> /world/random_world/model/robot_1/link/robot_1/base_footprint/sensor/contact_sensor/contact (ros_gz_interfaces/msg/Contacts)] (Lazy 0)
[parameter_bridge-4] [INFO] [1776477078.482181347] [all_robots_bridge]: Creating ROS->GZ Bridge: [/robot_2/cmd_vel (geometry_msgs/msg/Twist) -> /robot_2/cmd_vel (ignition.msgs.Twist)] (Lazy 0)
[parameter_bridge-4] [INFO] [1776477078.482751045] [all_robots_bridge]: Creating GZ->ROS Bridge: [/robot_2/odom (ignition.msgs.Odometry) -> /robot_2/odom (nav_msgs/msg/Odometry)] (Lazy 0)
[parameter_bridge-4] [INFO] [1776477078.483335948] [all_robots_bridge]: Creating GZ->ROS Bridge: [/robot_2/depth_camera/depth_image (ignition.msgs.Image) -> /robot_2/depth_camera/depth_image (sensor_msgs/msg/Image)] (Lazy 0)
[parameter_bridge-4] [INFO] [1776477078.484542984] [all_robots_bridge]: Creating GZ->ROS Bridge: [/world/random_world/model/robot_2/link/robot_2/base_footprint/sensor/contact_sensor/contact (ignition.msgs.Contacts) -> /world/random_world/model/robot_2/link/robot_2/base_footprint/sensor/contact_sensor/contact (ros_gz_interfaces/msg/Contacts)] (Lazy 0)
[parameter_bridge-4] [INFO] [1776477078.485169767] [all_robots_bridge]: Creating ROS->GZ Bridge: [/robot_3/cmd_vel (geometry_msgs/msg/Twist) -> /robot_3/cmd_vel (ignition.msgs.Twist)] (Lazy 0)
[parameter_bridge-4] [INFO] [1776477078.485569754] [all_robots_bridge]: Creating GZ->ROS Bridge: [/robot_3/odom (ignition.msgs.Odometry) -> /robot_3/odom (nav_msgs/msg/Odometry)] (Lazy 0)
[parameter_bridge-4] [INFO] [1776477078.486423261] [all_robots_bridge]: Creating GZ->ROS Bridge: [/robot_3/depth_camera/depth_image (ignition.msgs.Image) -> /robot_3/depth_camera/depth_image (sensor_msgs/msg/Image)] (Lazy 0)
[parameter_bridge-4] [INFO] [1776477078.487390806] [all_robots_bridge]: Creating GZ->ROS Bridge: [/world/random_world/model/robot_3/link/robot_3/base_footprint/sensor/contact_sensor/contact (ignition.msgs.Contacts) -> /world/random_world/model/robot_3/link/robot_3/base_footprint/sensor/contact_sensor/contact (ros_gz_interfaces/msg/Contacts)] (Lazy 0)
[parameter_bridge-4] [INFO] [1776477078.488394264] [all_robots_bridge]: Creating ROS->GZ Bridge: [/robot_4/cmd_vel (geometry_msgs/msg/Twist) -> /robot_4/cmd_vel (ignition.msgs.Twist)] (Lazy 0)
[parameter_bridge-4] [INFO] [1776477078.488880821] [all_robots_bridge]: Creating GZ->ROS Bridge: [/robot_4/odom (ignition.msgs.Odometry) -> /robot_4/odom (nav_msgs/msg/Odometry)] (Lazy 0)
[parameter_bridge-4] [INFO] [1776477078.489775978] [all_robots_bridge]: Creating GZ->ROS Bridge: [/robot_4/depth_camera/depth_image (ignition.msgs.Image) -> /robot_4/depth_camera/depth_image (sensor_msgs/msg/Image)] (Lazy 0)
[parameter_bridge-4] [INFO] [1776477078.490718746] [all_robots_bridge]: Creating GZ->ROS Bridge: [/world/random_world/model/robot_4/link/robot_4/base_footprint/sensor/contact_sensor/contact (ignition.msgs.Contacts) -> /world/random_world/model/robot_4/link/robot_4/base_footprint/sensor/contact_sensor/contact (ros_gz_interfaces/msg/Contacts)] (Lazy 0)
[parameter_bridge-4] [INFO] [1776477078.491928524] [all_robots_bridge]: Creating GZ->ROS Bridge: [/world/random_world/dynamic_pose/info (ignition.msgs.Pose_V) -> /world/random_world/dynamic_pose/info (tf2_msgs/msg/TFMessage)] (Lazy 0)
[robot_state_publisher-11] [INFO] [1776477078.492399451] [robot_2.robot_state_publisher]: got segment robot_2/antenna_link
[robot_state_publisher-11] [INFO] [1776477078.492468400] [robot_2.robot_state_publisher]: got segment robot_2/base_footprint
[robot_state_publisher-11] [INFO] [1776477078.492475765] [robot_2.robot_state_publisher]: got segment robot_2/base_link
[robot_state_publisher-11] [INFO] [1776477078.492479902] [robot_2.robot_state_publisher]: got segment robot_2/realsense_link
[robot_state_publisher-11] [INFO] [1776477078.492483893] [robot_2.robot_state_publisher]: got segment robot_2/rocker_L_link
[robot_state_publisher-11] [INFO] [1776477078.492488890] [robot_2.robot_state_publisher]: got segment robot_2/rocker_R_link
[robot_state_publisher-11] [INFO] [1776477078.492491818] [robot_2.robot_state_publisher]: got segment robot_2/wheel_FL_link
[robot_state_publisher-11] [INFO] [1776477078.492494561] [robot_2.robot_state_publisher]: got segment robot_2/wheel_FR_link
[robot_state_publisher-11] [INFO] [1776477078.492497262] [robot_2.robot_state_publisher]: got segment robot_2/wheel_RL_link
[robot_state_publisher-11] [INFO] [1776477078.492499869] [robot_2.robot_state_publisher]: got segment robot_2/wheel_RR_link
[parameter_bridge-20] [INFO] [1776477078.492617914] [clock_bridge]: Creating GZ->ROS Bridge: [/clock (ignition.msgs.Clock) -> /clock (rosgraph_msgs/msg/Clock)] (Lazy 0)
[robot_state_publisher-8] [INFO] [1776477078.503870619] [robot_1.robot_state_publisher]: got segment robot_1/antenna_link
[robot_state_publisher-8] [INFO] [1776477078.504046208] [robot_1.robot_state_publisher]: got segment robot_1/base_footprint
[robot_state_publisher-8] [INFO] [1776477078.504061696] [robot_1.robot_state_publisher]: got segment robot_1/base_link
[robot_state_publisher-8] [INFO] [1776477078.504071871] [robot_1.robot_state_publisher]: got segment robot_1/realsense_link
[robot_state_publisher-8] [INFO] [1776477078.504080255] [robot_1.robot_state_publisher]: got segment robot_1/rocker_L_link
[robot_state_publisher-8] [INFO] [1776477078.504088270] [robot_1.robot_state_publisher]: got segment robot_1/rocker_R_link
[robot_state_publisher-8] [INFO] [1776477078.504096069] [robot_1.robot_state_publisher]: got segment robot_1/wheel_FL_link
[robot_state_publisher-8] [INFO] [1776477078.504103959] [robot_1.robot_state_publisher]: got segment robot_1/wheel_FR_link
[robot_state_publisher-8] [INFO] [1776477078.504112143] [robot_1.robot_state_publisher]: got segment robot_1/wheel_RL_link
[robot_state_publisher-8] [INFO] [1776477078.504119698] [robot_1.robot_state_publisher]: got segment robot_1/wheel_RR_link
[robot_state_publisher-14] [INFO] [1776477078.510922814] [robot_3.robot_state_publisher]: got segment robot_3/antenna_link
[robot_state_publisher-14] [INFO] [1776477078.510996428] [robot_3.robot_state_publisher]: got segment robot_3/base_footprint
[robot_state_publisher-14] [INFO] [1776477078.511001577] [robot_3.robot_state_publisher]: got segment robot_3/base_link
[robot_state_publisher-14] [INFO] [1776477078.511004557] [robot_3.robot_state_publisher]: got segment robot_3/realsense_link
[robot_state_publisher-14] [INFO] [1776477078.511007301] [robot_3.robot_state_publisher]: got segment robot_3/rocker_L_link
[robot_state_publisher-14] [INFO] [1776477078.511009956] [robot_3.robot_state_publisher]: got segment robot_3/rocker_R_link
[robot_state_publisher-14] [INFO] [1776477078.511012495] [robot_3.robot_state_publisher]: got segment robot_3/wheel_FL_link
[robot_state_publisher-14] [INFO] [1776477078.511015136] [robot_3.robot_state_publisher]: got segment robot_3/wheel_FR_link
[robot_state_publisher-14] [INFO] [1776477078.511017573] [robot_3.robot_state_publisher]: got segment robot_3/wheel_RL_link
[robot_state_publisher-14] [INFO] [1776477078.511020062] [robot_3.robot_state_publisher]: got segment robot_3/wheel_RR_link
[robot_state_publisher-5] [INFO] [1776477078.514744611] [robot_0.robot_state_publisher]: got segment robot_0/antenna_link
[robot_state_publisher-5] [INFO] [1776477078.514828255] [robot_0.robot_state_publisher]: got segment robot_0/base_footprint
[robot_state_publisher-5] [INFO] [1776477078.514835977] [robot_0.robot_state_publisher]: got segment robot_0/base_link
[robot_state_publisher-5] [INFO] [1776477078.514841128] [robot_0.robot_state_publisher]: got segment robot_0/realsense_link
[robot_state_publisher-5] [INFO] [1776477078.514845293] [robot_0.robot_state_publisher]: got segment robot_0/rocker_L_link
[robot_state_publisher-5] [INFO] [1776477078.514849148] [robot_0.robot_state_publisher]: got segment robot_0/rocker_R_link
[robot_state_publisher-5] [INFO] [1776477078.514852530] [robot_0.robot_state_publisher]: got segment robot_0/wheel_FL_link
[robot_state_publisher-5] [INFO] [1776477078.514855140] [robot_0.robot_state_publisher]: got segment robot_0/wheel_FR_link
[robot_state_publisher-5] [INFO] [1776477078.514859182] [robot_0.robot_state_publisher]: got segment robot_0/wheel_RL_link
[robot_state_publisher-5] [INFO] [1776477078.514862008] [robot_0.robot_state_publisher]: got segment robot_0/wheel_RR_link
[robot_state_publisher-17] [INFO] [1776477078.536592019] [robot_4.robot_state_publisher]: got segment robot_4/antenna_link
[robot_state_publisher-17] [INFO] [1776477078.539759914] [robot_4.robot_state_publisher]: got segment robot_4/base_footprint
[robot_state_publisher-17] [INFO] [1776477078.539784857] [robot_4.robot_state_publisher]: got segment robot_4/base_link
[robot_state_publisher-17] [INFO] [1776477078.539795720] [robot_4.robot_state_publisher]: got segment robot_4/realsense_link
[robot_state_publisher-17] [INFO] [1776477078.539803804] [robot_4.robot_state_publisher]: got segment robot_4/rocker_L_link
[robot_state_publisher-17] [INFO] [1776477078.539811320] [robot_4.robot_state_publisher]: got segment robot_4/rocker_R_link
[robot_state_publisher-17] [INFO] [1776477078.539818413] [robot_4.robot_state_publisher]: got segment robot_4/wheel_FL_link
[robot_state_publisher-17] [INFO] [1776477078.539825821] [robot_4.robot_state_publisher]: got segment robot_4/wheel_FR_link
[robot_state_publisher-17] [INFO] [1776477078.539832777] [robot_4.robot_state_publisher]: got segment robot_4/wheel_RL_link
[robot_state_publisher-17] [INFO] [1776477078.539839984] [robot_4.robot_state_publisher]: got segment robot_4/wheel_RR_link
[robot_supervisor-16] [INFO] [1776477078.797231975] [robot_3.robot_supervisor]: Loaded initial mission 'explore' from explicit YAML explore_sup_gpt_vague_4_run_2_99.yaml
[robot_supervisor-7] [INFO] [1776477078.816901898] [robot_0.robot_supervisor]: Loaded initial mission 'explore' from explicit YAML explore_sup_gpt_vague_4_run_2_99.yaml
[bump_counter-3] [INFO] [1776477078.823563685] [bump_counter]: [global] global_mode=True cooldown(robot)=0.80s cooldown(obs)=0.50s Logging to /home/ecem/ros2_ws/src/Leo_sct/results_exp/explore/vague/prompt_4/run_2/spread/trial_2/run_20260418_035118/bumps_global_035118.csv
[robot_supervisor-13] [INFO] [1776477078.832357695] [robot_2.robot_supervisor]: Loaded initial mission 'explore' from explicit YAML explore_sup_gpt_vague_4_run_2_99.yaml
[robot_supervisor-19] [INFO] [1776477078.862511713] [robot_4.robot_supervisor]: Loaded initial mission 'explore' from explicit YAML explore_sup_gpt_vague_4_run_2_99.yaml
[robot_supervisor-10] [INFO] [1776477078.904743717] [robot_1.robot_supervisor]: Loaded initial mission 'explore' from explicit YAML explore_sup_gpt_vague_4_run_2_99.yaml
[parameter_bridge-4] [INFO] [1776477078.916710379] [all_robots_bridge]: Passing message from ROS geometry_msgs/msg/Twist to Gazebo gz.msgs.Twist (showing msg only once per type)
[create-12] [INFO] [1776477079.017843633] [robot_2.ros_gz_sim]: Waiting messages on topic [/robot_2/robot_description].
[create-18] [INFO] [1776477079.118312267] [robot_4.ros_gz_sim]: Waiting messages on topic [/robot_4/robot_description].
[create-15] [INFO] [1776477079.218497935] [robot_3.ros_gz_sim]: Waiting messages on topic [/robot_3/robot_description].
[create-9] [INFO] [1776477079.319113516] [robot_1.ros_gz_sim]: Waiting messages on topic [/robot_1/robot_description].
[create-15] [INFO] [1776477079.418615901] [robot_3.ros_gz_sim]: Requested creation of entity.
[create-15] [INFO] [1776477079.418687886] [robot_3.ros_gz_sim]: OK creation of entity.
[create-18] [INFO] [1776477079.418721919] [robot_4.ros_gz_sim]: Requested creation of entity.
[create-18] [INFO] [1776477079.418781011] [robot_4.ros_gz_sim]: OK creation of entity.
[create-9] [INFO] [1776477079.418723452] [robot_1.ros_gz_sim]: Requested creation of entity.
[create-9] [INFO] [1776477079.418778565] [robot_1.ros_gz_sim]: OK creation of entity.
[create-12] [INFO] [1776477079.418777231] [robot_2.ros_gz_sim]: Requested creation of entity.
[create-12] [INFO] [1776477079.418864934] [robot_2.ros_gz_sim]: OK creation of entity.
[create-6] [INFO] [1776477079.419470949] [robot_0.ros_gz_sim]: Waiting messages on topic [/robot_0/robot_description].
[create-6] [INFO] [1776477079.422720828] [robot_0.ros_gz_sim]: Requested creation of entity.
[create-6] [INFO] [1776477079.422760025] [robot_0.ros_gz_sim]: OK creation of entity.
[INFO] [create-15]: process has finished cleanly [pid 503824]
[INFO] [create-18]: process has finished cleanly [pid 503839]
[INFO] [create-9]: process has finished cleanly [pid 503811]
[INFO] [create-12]: process has finished cleanly [pid 503818]
[INFO] [create-6]: process has finished cleanly [pid 503804]
[bump_counter-3] [INFO] [1776477079.880672545] [bump_counter]: [global] subscribed: /world/random_world/model/robot_0/link/robot_0/base_footprint/sensor/contact_sensor/contact
[bump_counter-3] [INFO] [1776477079.881575480] [bump_counter]: [global] subscribed: /world/random_world/model/robot_1/link/robot_1/base_footprint/sensor/contact_sensor/contact
[bump_counter-3] [INFO] [1776477079.882145199] [bump_counter]: [global] subscribed: /world/random_world/model/robot_2/link/robot_2/base_footprint/sensor/contact_sensor/contact
[bump_counter-3] [INFO] [1776477079.883372162] [bump_counter]: [global] subscribed: /world/random_world/model/robot_3/link/robot_3/base_footprint/sensor/contact_sensor/contact
[bump_counter-3] [INFO] [1776477079.884048733] [bump_counter]: [global] subscribed: /world/random_world/model/robot_4/link/robot_4/base_footprint/sensor/contact_sensor/contact
[INFO] [image_processor-21]: process started with pid [504189]
[INFO] [image_processor-22]: process started with pid [504191]
[INFO] [image_processor-23]: process started with pid [504193]
[INFO] [image_processor-24]: process started with pid [504195]
[INFO] [image_processor-25]: process started with pid [504197]
[image_processor-21] [INFO] [1776477080.484180606] [robot_0.image_processor]: image_processor: depth='/robot_0/depth_camera/depth_image' aruco_runtime=disabled
[image_processor-24] [INFO] [1776477080.484301107] [robot_3.image_processor]: image_processor: depth='/robot_3/depth_camera/depth_image' aruco_runtime=disabled
[image_processor-25] [INFO] [1776477080.485597285] [robot_4.image_processor]: image_processor: depth='/robot_4/depth_camera/depth_image' aruco_runtime=disabled
[image_processor-23] [INFO] [1776477080.486995243] [robot_2.image_processor]: image_processor: depth='/robot_2/depth_camera/depth_image' aruco_runtime=disabled
[image_processor-22] [INFO] [1776477080.487697030] [robot_1.image_processor]: image_processor: depth='/robot_1/depth_camera/depth_image' aruco_runtime=disabled
[image_processor-23] [INFO] [1776477083.967301614] [robot_2.image_processor]: Zone=CLEAR  left[p=2.745 near=0 v=5011]  front[p=1.644 near=0 v=8425]  right[p=1.700 near=0 v=6986]
[image_processor-25] [INFO] [1776477083.979928691] [robot_4.image_processor]: Zone=CLEAR  left[p=3.196 near=0 v=6573]  front[p=2.953 near=0 v=9956]  right[p=2.658 near=0 v=5511]
[image_processor-24] [INFO] [1776477083.988789726] [robot_3.image_processor]: Zone=CLEAR  left[p=1.102 near=0 v=7650]  front[p=1.719 near=0 v=13500]  right[p=2.172 near=0 v=7740]
[image_processor-22] [INFO] [1776477083.997200307] [robot_1.image_processor]: Zone=CLEAR  left[p=1.667 near=0 v=7650]  front[p=3.100 near=0 v=12175]  right[p=2.607 near=0 v=7450]
[image_processor-21] [INFO] [1776477084.005930601] [robot_0.image_processor]: Zone=CLEAR  left[p=0.904 near=0 v=7650]  front[p=1.356 near=0 v=13500]  right[p=1.356 near=0 v=7740]
[image_processor-23] [INFO] [1776477086.466352686] [robot_2.image_processor]: Zone=CLEAR
[image_processor-25] [INFO] [1776477086.481778901] [robot_4.image_processor]: Zone=CLEAR
[image_processor-24] [INFO] [1776477086.491897530] [robot_3.image_processor]: Zone=CLEAR
[image_processor-22] [INFO] [1776477086.500326842] [robot_1.image_processor]: Zone=CLEAR
[image_processor-21] [INFO] [1776477086.508369303] [robot_0.image_processor]: Zone=CLEAR
[image_processor-23] [INFO] [1776477088.968416981] [robot_2.image_processor]: Zone=CLEAR
[image_processor-25] [INFO] [1776477088.981008433] [robot_4.image_processor]: Zone=CLEAR
[image_processor-24] [INFO] [1776477088.988834292] [robot_3.image_processor]: Zone=CLEAR
[image_processor-22] [INFO] [1776477089.001005155] [robot_1.image_processor]: Zone=CLEAR
[image_processor-21] [INFO] [1776477089.008854070] [robot_0.image_processor]: Zone=CLEAR
[image_processor-23] [INFO] [1776477091.467948511] [robot_2.image_processor]: Zone=CLEAR
[image_processor-25] [INFO] [1776477091.483745659] [robot_4.image_processor]: Zone=CLEAR
[image_processor-24] [INFO] [1776477091.492780525] [robot_3.image_processor]: Zone=CLEAR
[image_processor-22] [INFO] [1776477091.500264597] [robot_1.image_processor]: Zone=CLEAR
[image_processor-21] [INFO] [1776477091.508721506] [robot_0.image_processor]: Zone=CLEAR
[image_processor-23] [INFO] [1776477093.969174407] [robot_2.image_processor]: Zone=CLEAR
[image_processor-25] [INFO] [1776477093.984965465] [robot_4.image_processor]: Zone=CLEAR
[image_processor-24] [INFO] [1776477093.994013326] [robot_3.image_processor]: Zone=CLEAR
[image_processor-22] [INFO] [1776477094.002335432] [robot_1.image_processor]: Zone=CLEAR
[image_processor-21] [INFO] [1776477094.009692749] [robot_0.image_processor]: Zone=CLEAR
[image_processor-23] [INFO] [1776477096.466164214] [robot_2.image_processor]: Zone=CLEAR
[image_processor-25] [INFO] [1776477096.480766906] [robot_4.image_processor]: Zone=CLEAR
[image_processor-24] [INFO] [1776477096.490060824] [robot_3.image_processor]: Zone=CLEAR
[image_processor-22] [INFO] [1776477096.499032655] [robot_1.image_processor]: Zone=CLEAR
[image_processor-21] [INFO] [1776477096.508480115] [robot_0.image_processor]: Zone=CLEAR
[image_processor-23] [INFO] [1776477098.965614624] [robot_2.image_processor]: Zone=CLEAR
[image_processor-25] [INFO] [1776477098.979574242] [robot_4.image_processor]: Zone=CLEAR
[image_processor-24] [INFO] [1776477098.989006873] [robot_3.image_processor]: Zone=CLEAR
[image_processor-22] [INFO] [1776477098.998093218] [robot_1.image_processor]: Zone=CLEAR
[image_processor-21] [INFO] [1776477099.006634470] [robot_0.image_processor]: Zone=CLEAR
[image_processor-23] [INFO] [1776477101.468846688] [robot_2.image_processor]: Zone=CLEAR
[image_processor-25] [INFO] [1776477101.481400155] [robot_4.image_processor]: Zone=CLEAR
[image_processor-24] [INFO] [1776477101.489762871] [robot_3.image_processor]: Zone=CLEAR
[image_processor-22] [INFO] [1776477101.499173866] [robot_1.image_processor]: Zone=CLEAR
[image_processor-21] [INFO] [1776477101.509856323] [robot_0.image_processor]: Zone=CLEAR
[image_processor-23] [INFO] [1776477103.968182415] [robot_2.image_processor]: Zone=CLEAR
[image_processor-25] [INFO] [1776477103.981530219] [robot_4.image_processor]: Zone=CLEAR
[image_processor-24] [INFO] [1776477103.990151150] [robot_3.image_processor]: Zone=CLEAR
[image_processor-22] [INFO] [1776477104.000769631] [robot_1.image_processor]: Zone=CLEAR
[image_processor-21] [INFO] [1776477104.007903941] [robot_0.image_processor]: Zone=CLEAR
[image_processor-23] [INFO] [1776477106.466753596] [robot_2.image_processor]: Zone=CLEAR
[image_processor-25] [INFO] [1776477106.479970830] [robot_4.image_processor]: Zone=CLEAR
[image_processor-24] [INFO] [1776477106.489646293] [robot_3.image_processor]: Zone=CLEAR
[image_processor-22] [INFO] [1776477106.498613500] [robot_1.image_processor]: Zone=CLEAR
[image_processor-21] [INFO] [1776477106.507452723] [robot_0.image_processor]: Zone=CLEAR
[image_processor-23] [INFO] [1776477108.966241910] [robot_2.image_processor]: Zone=CLEAR
[image_processor-25] [INFO] [1776477108.980855061] [robot_4.image_processor]: Zone=CLEAR
[image_processor-24] [INFO] [1776477108.988836748] [robot_3.image_processor]: Zone=CLEAR
[image_processor-22] [INFO] [1776477108.997480180] [robot_1.image_processor]: Zone=CLEAR
[image_processor-21] [INFO] [1776477109.005956538] [robot_0.image_processor]: Zone=CLEAR
[image_processor-23] [INFO] [1776477111.465710452] [robot_2.image_processor]: Zone=CLEAR
[image_processor-25] [INFO] [1776477111.479472567] [robot_4.image_processor]: Zone=CLEAR
[image_processor-24] [INFO] [1776477111.488053774] [robot_3.image_processor]: Zone=CLEAR
[image_processor-22] [INFO] [1776477111.497438081] [robot_1.image_processor]: Zone=CLEAR
[image_processor-21] [INFO] [1776477111.506498744] [robot_0.image_processor]: Zone=CLEAR
[image_processor-23] [INFO] [1776477113.968098162] [robot_2.image_processor]: Zone=CLEAR
[image_processor-25] [INFO] [1776477113.981714850] [robot_4.image_processor]: Zone=CLEAR
[image_processor-24] [INFO] [1776477113.990150506] [robot_3.image_processor]: Zone=CLEAR
[image_processor-22] [INFO] [1776477113.999809513] [robot_1.image_processor]: Zone=CLEAR
[image_processor-21] [INFO] [1776477114.006760618] [robot_0.image_processor]: Zone=CLEAR
[image_processor-23] [INFO] [1776477116.466303312] [robot_2.image_processor]: Zone=CLEAR
[image_processor-25] [INFO] [1776477116.479783943] [robot_4.image_processor]: Zone=CLEAR
[image_processor-24] [INFO] [1776477116.489436510] [robot_3.image_processor]: Zone=CLEAR
[image_processor-22] [INFO] [1776477116.498212199] [robot_1.image_processor]: Zone=CLEAR
[image_processor-21] [INFO] [1776477116.505215764] [robot_0.image_processor]: Zone=CLEAR
[image_processor-23] [INFO] [1776477118.967482740] [robot_2.image_processor]: Zone=CLEAR
[image_processor-25] [INFO] [1776477118.980198179] [robot_4.image_processor]: Zone=CLEAR
[image_processor-24] [INFO] [1776477118.994584599] [robot_3.image_processor]: Zone=CLEAR
[image_processor-22] [INFO] [1776477119.005480391] [robot_1.image_processor]: Zone=CLEAR
[image_processor-21] [INFO] [1776477119.013918656] [robot_0.image_processor]: Zone=CLEAR
[image_processor-23] [INFO] [1776477121.467259259] [robot_2.image_processor]: Zone=CLEAR
[image_processor-25] [INFO] [1776477121.480345752] [robot_4.image_processor]: Zone=CLEAR
[image_processor-24] [INFO] [1776477121.488842936] [robot_3.image_processor]: Zone=CLEAR
[image_processor-22] [INFO] [1776477121.499807968] [robot_1.image_processor]: Zone=CLEAR
[image_processor-21] [INFO] [1776477121.509479480] [robot_0.image_processor]: Zone=CLEAR
[image_processor-23] [INFO] [1776477123.966221980] [robot_2.image_processor]: Zone=CLEAR
[image_processor-25] [INFO] [1776477123.981888363] [robot_4.image_processor]: Zone=CLEAR
[image_processor-24] [INFO] [1776477123.992276884] [robot_3.image_processor]: Zone=CLEAR
[image_processor-22] [INFO] [1776477123.999782563] [robot_1.image_processor]: Zone=CLEAR
[image_processor-21] [INFO] [1776477124.007706408] [robot_0.image_processor]: Zone=CLEAR
[image_processor-23] [INFO] [1776477126.465554211] [robot_2.image_processor]: Zone=CLEAR
[image_processor-25] [INFO] [1776477126.480681102] [robot_4.image_processor]: Zone=CLEAR
[image_processor-24] [INFO] [1776477126.488527734] [robot_3.image_processor]: Zone=CLEAR
[image_processor-22] [INFO] [1776477126.497956398] [robot_1.image_processor]: Zone=CLEAR
[image_processor-21] [INFO] [1776477126.505837162] [robot_0.image_processor]: Zone=CLEAR
[image_processor-23] [INFO] [1776477128.966514738] [robot_2.image_processor]: Zone=CLEAR
[image_processor-25] [INFO] [1776477128.984646827] [robot_4.image_processor]: Zone=CLEAR
[image_processor-24] [INFO] [1776477128.996131775] [robot_3.image_processor]: Zone=CLEAR
[image_processor-22] [INFO] [1776477129.004216383] [robot_1.image_processor]: Zone=CLEAR
[image_processor-21] [INFO] [1776477129.011990394] [robot_0.image_processor]: Zone=CLEAR
[image_processor-23] [INFO] [1776477131.469804310] [robot_2.image_processor]: Zone=CLEAR
[image_processor-25] [INFO] [1776477131.485717065] [robot_4.image_processor]: Zone=CLEAR
[image_processor-24] [INFO] [1776477131.497947902] [robot_3.image_processor]: Zone=CLEAR
[image_processor-21] [INFO] [1776477131.514460803] [robot_0.image_processor]: Zone=CLEAR
[image_processor-22] [INFO] [1776477131.606661633] [robot_1.image_processor]: Zone=CLEAR
[image_processor-23] [INFO] [1776477133.965922792] [robot_2.image_processor]: Zone=CLEAR
[image_processor-25] [INFO] [1776477133.979751238] [robot_4.image_processor]: Zone=CLEAR
[image_processor-24] [INFO] [1776477133.989763187] [robot_3.image_processor]: Zone=CLEAR
[image_processor-21] [INFO] [1776477134.003628849] [robot_0.image_processor]: Zone=CLEAR
[image_processor-22] [INFO] [1776477134.098254747] [robot_1.image_processor]: Zone=CLEAR
[image_processor-23] [INFO] [1776477136.467373024] [robot_2.image_processor]: Zone=CLEAR
[image_processor-25] [INFO] [1776477136.482574986] [robot_4.image_processor]: Zone=CLEAR
[image_processor-24] [INFO] [1776477136.489865054] [robot_3.image_processor]: Zone=CLEAR
[image_processor-22] [INFO] [1776477136.497730977] [robot_1.image_processor]: Zone=CLEAR
[image_processor-21] [INFO] [1776477136.507197629] [robot_0.image_processor]: Zone=CLEAR
[image_processor-23] [INFO] [1776477138.967124077] [robot_2.image_processor]: Zone=CLEAR
[image_processor-25] [INFO] [1776477138.980949325] [robot_4.image_processor]: Zone=CLEAR
[image_processor-24] [INFO] [1776477138.990171166] [robot_3.image_processor]: Zone=CLEAR
[image_processor-22] [INFO] [1776477138.997707712] [robot_1.image_processor]: Zone=CLEAR
[image_processor-21] [INFO] [1776477139.006572686] [robot_0.image_processor]: Zone=CLEAR
[image_processor-23] [INFO] [1776477141.467060284] [robot_2.image_processor]: Zone=CLEAR
[image_processor-25] [INFO] [1776477141.479911084] [robot_4.image_processor]: Zone=CLEAR
[image_processor-24] [INFO] [1776477141.489701630] [robot_3.image_processor]: Zone=CLEAR
[image_processor-22] [INFO] [1776477141.497420776] [robot_1.image_processor]: Zone=CLEAR
[image_processor-21] [INFO] [1776477141.506104698] [robot_0.image_processor]: Zone=CLEAR
[image_processor-23] [INFO] [1776477143.967728399] [robot_2.image_processor]: Zone=CLEAR
[image_processor-25] [INFO] [1776477143.983056526] [robot_4.image_processor]: Zone=CLEAR
[image_processor-24] [INFO] [1776477143.990403073] [robot_3.image_processor]: Zone=CLEAR
[image_processor-22] [INFO] [1776477143.999076074] [robot_1.image_processor]: Zone=CLEAR
[image_processor-21] [INFO] [1776477144.006739463] [robot_0.image_processor]: Zone=CLEAR
[image_processor-23] [INFO] [1776477146.466206317] [robot_2.image_processor]: Zone=CLEAR
[image_processor-25] [INFO] [1776477146.480552016] [robot_4.image_processor]: Zone=CLEAR
[image_processor-24] [INFO] [1776477146.488204865] [robot_3.image_processor]: Zone=CLEAR
[image_processor-22] [INFO] [1776477146.496576636] [robot_1.image_processor]: Zone=CLEAR
[image_processor-21] [INFO] [1776477146.504819524] [robot_0.image_processor]: Zone=CLEAR
[image_processor-23] [INFO] [1776477148.968387762] [robot_2.image_processor]: Zone=CLEAR
[image_processor-25] [INFO] [1776477148.984145102] [robot_4.image_processor]: Zone=CLEAR
[image_processor-24] [INFO] [1776477148.993108260] [robot_3.image_processor]: Zone=CLEAR
[image_processor-22] [INFO] [1776477149.001026068] [robot_1.image_processor]: Zone=CLEAR
[image_processor-21] [INFO] [1776477149.010431789] [robot_0.image_processor]: Zone=CLEAR
[image_processor-23] [INFO] [1776477151.464471118] [robot_2.image_processor]: Zone=CLEAR
[image_processor-25] [INFO] [1776477151.480022864] [robot_4.image_processor]: Zone=CLEAR
[image_processor-24] [INFO] [1776477151.488915851] [robot_3.image_processor]: Zone=CLEAR
[image_processor-22] [INFO] [1776477151.497894190] [robot_1.image_processor]: Zone=CLEAR
[image_processor-21] [INFO] [1776477151.506088822] [robot_0.image_processor]: Zone=CLEAR
[image_processor-23] [INFO] [1776477153.967196240] [robot_2.image_processor]: Zone=CLEAR
[image_processor-25] [INFO] [1776477153.981104864] [robot_4.image_processor]: Zone=CLEAR
[image_processor-22] [INFO] [1776477153.998504828] [robot_1.image_processor]: Zone=CLEAR
[image_processor-21] [INFO] [1776477154.006520619] [robot_0.image_processor]: Zone=CLEAR
[image_processor-24] [INFO] [1776477154.088725907] [robot_3.image_processor]: Zone=CLEAR
[image_processor-23] [INFO] [1776477156.465670002] [robot_2.image_processor]: Zone=CLEAR
[image_processor-25] [INFO] [1776477156.479524682] [robot_4.image_processor]: Zone=CLEAR
[image_processor-24] [INFO] [1776477156.487259260] [robot_3.image_processor]: Zone=CLEAR
[image_processor-22] [INFO] [1776477156.494426519] [robot_1.image_processor]: Zone=CLEAR
[image_processor-21] [INFO] [1776477156.502797410] [robot_0.image_processor]: Zone=CLEAR
[image_processor-23] [INFO] [1776477158.968038993] [robot_2.image_processor]: Zone=CLEAR
[image_processor-25] [INFO] [1776477158.981516636] [robot_4.image_processor]: Zone=CLEAR
[image_processor-24] [INFO] [1776477158.990152906] [robot_3.image_processor]: Zone=CLEAR
[image_processor-22] [INFO] [1776477158.998947980] [robot_1.image_processor]: Zone=CLEAR
[image_processor-21] [INFO] [1776477159.007253120] [robot_0.image_processor]: Zone=CLEAR
[image_processor-23] [INFO] [1776477161.466458726] [robot_2.image_processor]: Zone=CLEAR
[image_processor-25] [INFO] [1776477161.479749319] [robot_4.image_processor]: Zone=CLEAR
[image_processor-24] [INFO] [1776477161.488154417] [robot_3.image_processor]: Zone=CLEAR
[image_processor-22] [INFO] [1776477161.499006255] [robot_1.image_processor]: Zone=CLEAR
[image_processor-21] [INFO] [1776477161.508119989] [robot_0.image_processor]: Zone=CLEAR
[image_processor-23] [INFO] [1776477163.967883009] [robot_2.image_processor]: Zone=CLEAR
[image_processor-24] [INFO] [1776477163.989028111] [robot_3.image_processor]: Zone=CLEAR
[image_processor-21] [INFO] [1776477164.006450105] [robot_0.image_processor]: Zone=CLEAR
[image_processor-25] [INFO] [1776477164.083599173] [robot_4.image_processor]: Zone=CLEAR
[image_processor-22] [INFO] [1776477164.099574447] [robot_1.image_processor]: Zone=CLEAR
[image_processor-23] [INFO] [1776477166.466954538] [robot_2.image_processor]: Zone=CLEAR
[image_processor-24] [INFO] [1776477166.491454376] [robot_3.image_processor]: Zone=CLEAR
[image_processor-22] [INFO] [1776477166.500693816] [robot_1.image_processor]: Zone=CLEAR
[image_processor-21] [INFO] [1776477166.508187621] [robot_0.image_processor]: Zone=CLEAR
[image_processor-25] [INFO] [1776477166.583239158] [robot_4.image_processor]: Zone=CLEAR
[image_processor-23] [INFO] [1776477168.966033829] [robot_2.image_processor]: Zone=CLEAR
[image_processor-25] [INFO] [1776477168.980174165] [robot_4.image_processor]: Zone=CLEAR
[image_processor-24] [INFO] [1776477168.991332395] [robot_3.image_processor]: Zone=CLEAR
[image_processor-22] [INFO] [1776477168.998629261] [robot_1.image_processor]: Zone=CLEAR
[image_processor-21] [INFO] [1776477169.007375032] [robot_0.image_processor]: Zone=CLEAR
[image_processor-23] [INFO] [1776477171.466712149] [robot_2.image_processor]: Zone=CLEAR
[image_processor-24] [INFO] [1776477171.489295346] [robot_3.image_processor]: Zone=CLEAR
[image_processor-21] [INFO] [1776477171.505716618] [robot_0.image_processor]: Zone=CLEAR
[image_processor-25] [INFO] [1776477171.580377231] [robot_4.image_processor]: Zone=CLEAR
[image_processor-22] [INFO] [1776477171.598743412] [robot_1.image_processor]: Zone=CLEAR
[image_processor-23] [INFO] [1776477173.966055798] [robot_2.image_processor]: Zone=CLEAR
[image_processor-25] [INFO] [1776477173.981015868] [robot_4.image_processor]: Zone=CLEAR
[image_processor-24] [INFO] [1776477173.987970025] [robot_3.image_processor]: Zone=CLEAR
[image_processor-22] [INFO] [1776477173.996119435] [robot_1.image_processor]: Zone=CLEAR
[image_processor-21] [INFO] [1776477174.005670573] [robot_0.image_processor]: Zone=CLEAR
[image_processor-23] [INFO] [1776477176.467384928] [robot_2.image_processor]: Zone=CLEAR
[image_processor-25] [INFO] [1776477176.481343469] [robot_4.image_processor]: Zone=CLEAR
[image_processor-24] [INFO] [1776477176.489067145] [robot_3.image_processor]: Zone=CLEAR
[image_processor-22] [INFO] [1776477176.497790202] [robot_1.image_processor]: Zone=CLEAR
[image_processor-21] [INFO] [1776477176.505973328] [robot_0.image_processor]: Zone=CLEAR
[image_processor-23] [INFO] [1776477178.965251037] [robot_2.image_processor]: Zone=CLEAR
[image_processor-25] [INFO] [1776477178.980820136] [robot_4.image_processor]: Zone=CLEAR
[image_processor-24] [INFO] [1776477178.987976090] [robot_3.image_processor]: Zone=CLEAR
[image_processor-22] [INFO] [1776477178.998170903] [robot_1.image_processor]: Zone=CLEAR
[image_processor-21] [INFO] [1776477179.004439292] [robot_0.image_processor]: Zone=CLEAR
[image_processor-23] [INFO] [1776477181.470099252] [robot_2.image_processor]: Zone=CLEAR
[image_processor-25] [INFO] [1776477181.483880827] [robot_4.image_processor]: Zone=CLEAR
[image_processor-24] [INFO] [1776477181.490984036] [robot_3.image_processor]: Zone=CLEAR
[image_processor-22] [INFO] [1776477181.498810706] [robot_1.image_processor]: Zone=CLEAR
[image_processor-21] [INFO] [1776477181.508062438] [robot_0.image_processor]: Zone=CLEAR
[image_processor-23] [INFO] [1776477183.970849796] [robot_2.image_processor]: Zone=CLEAR
[image_processor-25] [INFO] [1776477183.988804736] [robot_4.image_processor]: Zone=CLEAR
[image_processor-24] [INFO] [1776477183.997048100] [robot_3.image_processor]: Zone=CLEAR
[image_processor-22] [INFO] [1776477184.007531000] [robot_1.image_processor]: Zone=CLEAR
[image_processor-21] [INFO] [1776477184.015694404] [robot_0.image_processor]: Zone=CLEAR
[image_processor-23] [INFO] [1776477186.467253622] [robot_2.image_processor]: Zone=CLEAR
[image_processor-25] [INFO] [1776477186.479685517] [robot_4.image_processor]: Zone=CLEAR
[image_processor-22] [INFO] [1776477186.496893130] [robot_1.image_processor]: Zone=CLEAR
[image_processor-21] [INFO] [1776477186.505054845] [robot_0.image_processor]: Zone=CLEAR
[image_processor-24] [INFO] [1776477186.589764739] [robot_3.image_processor]: Zone=CLEAR
[image_processor-23] [INFO] [1776477188.966297245] [robot_2.image_processor]: Zone=CLEAR
[image_processor-24] [INFO] [1776477188.989410372] [robot_3.image_processor]: Zone=CLEAR
[image_processor-22] [INFO] [1776477188.996497887] [robot_1.image_processor]: Zone=CLEAR
[image_processor-21] [INFO] [1776477189.005553760] [robot_0.image_processor]: Zone=CLEAR
[image_processor-25] [INFO] [1776477189.078697619] [robot_4.image_processor]: Zone=CLEAR
[image_processor-23] [INFO] [1776477191.466848190] [robot_2.image_processor]: Zone=CLEAR
[image_processor-25] [INFO] [1776477191.480112557] [robot_4.image_processor]: Zone=CLEAR
[image_processor-24] [INFO] [1776477191.489099097] [robot_3.image_processor]: Zone=CLEAR
[image_processor-22] [INFO] [1776477191.497435907] [robot_1.image_processor]: Zone=CLEAR
[image_processor-21] [INFO] [1776477191.505910837] [robot_0.image_processor]: Zone=CLEAR
[image_processor-23] [INFO] [1776477193.967928726] [robot_2.image_processor]: Zone=CLEAR
[image_processor-25] [INFO] [1776477193.982729208] [robot_4.image_processor]: Zone=CLEAR
[image_processor-24] [INFO] [1776477193.990296646] [robot_3.image_processor]: Zone=CLEAR
[image_processor-22] [INFO] [1776477194.001683995] [robot_1.image_processor]: Zone=CLEAR
[image_processor-21] [INFO] [1776477194.008066918] [robot_0.image_processor]: Zone=CLEAR
[image_processor-23] [INFO] [1776477196.466603943] [robot_2.image_processor]: Zone=CLEAR
[image_processor-25] [INFO] [1776477196.480479288] [robot_4.image_processor]: Zone=CLEAR
[image_processor-24] [INFO] [1776477196.491290009] [robot_3.image_processor]: Zone=CLEAR
[image_processor-22] [INFO] [1776477196.500316610] [robot_1.image_processor]: Zone=CLEAR
[image_processor-21] [INFO] [1776477196.507870442] [robot_0.image_processor]: Zone=CLEAR
[image_processor-23] [INFO] [1776477198.967910102] [robot_2.image_processor]: Zone=CLEAR
[image_processor-25] [INFO] [1776477198.980379392] [robot_4.image_processor]: Zone=CLEAR
[image_processor-24] [INFO] [1776477198.990741418] [robot_3.image_processor]: Zone=CLEAR
[image_processor-22] [INFO] [1776477198.999439098] [robot_1.image_processor]: Zone=CLEAR
[image_processor-21] [INFO] [1776477199.009733052] [robot_0.image_processor]: Zone=CLEAR
[image_processor-23] [INFO] [1776477201.466905532] [robot_2.image_processor]: Zone=CLEAR
[image_processor-24] [INFO] [1776477201.488172466] [robot_3.image_processor]: Zone=CLEAR
[image_processor-22] [INFO] [1776477201.497413515] [robot_1.image_processor]: Zone=CLEAR
[image_processor-21] [INFO] [1776477201.505582913] [robot_0.image_processor]: Zone=CLEAR
[image_processor-25] [INFO] [1776477201.582090028] [robot_4.image_processor]: Zone=CLEAR
[image_processor-23] [INFO] [1776477203.967945664] [robot_2.image_processor]: Zone=CLEAR
[image_processor-25] [INFO] [1776477203.982007334] [robot_4.image_processor]: Zone=CLEAR
[image_processor-24] [INFO] [1776477203.989258147] [robot_3.image_processor]: Zone=CLEAR
[image_processor-21] [INFO] [1776477204.010048505] [robot_0.image_processor]: Zone=CLEAR
[image_processor-22] [INFO] [1776477204.099198784] [robot_1.image_processor]: Zone=CLEAR
[image_processor-23] [INFO] [1776477206.468934132] [robot_2.image_processor]: Zone=CLEAR
[image_processor-25] [INFO] [1776477206.485314399] [robot_4.image_processor]: Zone=CLEAR
[image_processor-24] [INFO] [1776477206.494575346] [robot_3.image_processor]: Zone=CLEAR
[image_processor-22] [INFO] [1776477206.502724628] [robot_1.image_processor]: Zone=CLEAR
[image_processor-21] [INFO] [1776477206.612554833] [robot_0.image_processor]: Zone=CLEAR
[image_processor-23] [INFO] [1776477208.965850541] [robot_2.image_processor]: Zone=CLEAR
[image_processor-25] [INFO] [1776477208.979602419] [robot_4.image_processor]: Zone=CLEAR
[image_processor-24] [INFO] [1776477208.990561563] [robot_3.image_processor]: Zone=CLEAR
[image_processor-22] [INFO] [1776477208.995739264] [robot_1.image_processor]: Zone=CLEAR
[image_processor-21] [INFO] [1776477209.104591309] [robot_0.image_processor]: Zone=CLEAR
[image_processor-23] [INFO] [1776477211.466981090] [robot_2.image_processor]: Zone=CLEAR
[image_processor-25] [INFO] [1776477211.482064798] [robot_4.image_processor]: Zone=CLEAR
[image_processor-24] [INFO] [1776477211.490871339] [robot_3.image_processor]: Zone=CLEAR
[image_processor-22] [INFO] [1776477211.499144108] [robot_1.image_processor]: Zone=CLEAR
[image_processor-21] [INFO] [1776477211.506970401] [robot_0.image_processor]: Zone=CLEAR
[image_processor-23] [INFO] [1776477213.967890942] [robot_2.image_processor]: Zone=CLEAR
[image_processor-25] [INFO] [1776477213.981881464] [robot_4.image_processor]: Zone=CLEAR
[image_processor-24] [INFO] [1776477213.989637085] [robot_3.image_processor]: Zone=CLEAR
[image_processor-22] [INFO] [1776477213.998632233] [robot_1.image_processor]: Zone=CLEAR
[image_processor-21] [INFO] [1776477214.108581401] [robot_0.image_processor]: Zone=CLEAR
[image_processor-23] [INFO] [1776477216.467675592] [robot_2.image_processor]: Zone=CLEAR
[image_processor-25] [INFO] [1776477216.482287786] [robot_4.image_processor]: Zone=CLEAR
[image_processor-24] [INFO] [1776477216.489511027] [robot_3.image_processor]: Zone=CLEAR
[image_processor-21] [INFO] [1776477216.506620772] [robot_0.image_processor]: Zone=CLEAR
[image_processor-22] [INFO] [1776477216.598467323] [robot_1.image_processor]: Zone=CLEAR
[image_processor-25] [INFO] [1776477218.980812346] [robot_4.image_processor]: Zone=CLEAR
[image_processor-24] [INFO] [1776477218.990185205] [robot_3.image_processor]: Zone=CLEAR
[image_processor-21] [INFO] [1776477219.007230844] [robot_0.image_processor]: Zone=CLEAR
[image_processor-23] [INFO] [1776477219.068431739] [robot_2.image_processor]: Zone=CLEAR
[image_processor-22] [INFO] [1776477219.099789612] [robot_1.image_processor]: Zone=CLEAR
[image_processor-23] [INFO] [1776477221.466569830] [robot_2.image_processor]: Zone=CLEAR
[image_processor-24] [INFO] [1776477221.487902429] [robot_3.image_processor]: Zone=CLEAR
[image_processor-22] [INFO] [1776477221.497120760] [robot_1.image_processor]: Zone=CLEAR
[image_processor-21] [INFO] [1776477221.505064992] [robot_0.image_processor]: Zone=CLEAR
[image_processor-25] [INFO] [1776477221.581160649] [robot_4.image_processor]: Zone=CLEAR
[image_processor-25] [INFO] [1776477223.982359310] [robot_4.image_processor]: Zone=CLEAR
[image_processor-24] [INFO] [1776477223.991909093] [robot_3.image_processor]: Zone=CLEAR
[image_processor-22] [INFO] [1776477224.001109197] [robot_1.image_processor]: Zone=CLEAR
[image_processor-21] [INFO] [1776477224.011213968] [robot_0.image_processor]: Zone=CLEAR
[image_processor-23] [INFO] [1776477224.069902695] [robot_2.image_processor]: Zone=CLEAR
[image_processor-25] [INFO] [1776477226.479284401] [robot_4.image_processor]: Zone=CLEAR
[image_processor-24] [INFO] [1776477226.488243520] [robot_3.image_processor]: Zone=CLEAR
[image_processor-22] [INFO] [1776477226.495453680] [robot_1.image_processor]: Zone=CLEAR
[image_processor-21] [INFO] [1776477226.504227005] [robot_0.image_processor]: Zone=CLEAR
[image_processor-23] [INFO] [1776477226.566731204] [robot_2.image_processor]: Zone=CLEAR
[image_processor-23] [INFO] [1776477228.967320966] [robot_2.image_processor]: Zone=CLEAR
[image_processor-25] [INFO] [1776477228.982409531] [robot_4.image_processor]: Zone=CLEAR
[image_processor-24] [INFO] [1776477228.988894551] [robot_3.image_processor]: Zone=CLEAR
[image_processor-22] [INFO] [1776477228.997599859] [robot_1.image_processor]: Zone=CLEAR
[image_processor-21] [INFO] [1776477229.007748131] [robot_0.image_processor]: Zone=CLEAR
[image_processor-23] [INFO] [1776477231.468058070] [robot_2.image_processor]: Zone=CLEAR
[image_processor-25] [INFO] [1776477231.482930986] [robot_4.image_processor]: Zone=CLEAR
[image_processor-24] [INFO] [1776477231.491049480] [robot_3.image_processor]: Zone=CLEAR
[image_processor-22] [INFO] [1776477231.498142075] [robot_1.image_processor]: Zone=CLEAR
[image_processor-21] [INFO] [1776477231.509914597] [robot_0.image_processor]: Zone=CLEAR
[image_processor-23] [INFO] [1776477233.967776462] [robot_2.image_processor]: Zone=CLEAR
[image_processor-24] [INFO] [1776477233.988112196] [robot_3.image_processor]: Zone=CLEAR
[image_processor-22] [INFO] [1776477233.996933317] [robot_1.image_processor]: Zone=CLEAR
[image_processor-21] [INFO] [1776477234.004767817] [robot_0.image_processor]: Zone=CLEAR
[image_processor-25] [INFO] [1776477234.082987203] [robot_4.image_processor]: Zone=CLEAR
[image_processor-23] [INFO] [1776477236.466250532] [robot_2.image_processor]: Zone=CLEAR
[image_processor-25] [INFO] [1776477236.480739007] [robot_4.image_processor]: Zone=CLEAR
[image_processor-24] [INFO] [1776477236.488633815] [robot_3.image_processor]: Zone=CLEAR
[image_processor-22] [INFO] [1776477236.497898042] [robot_1.image_processor]: Zone=CLEAR
[image_processor-21] [INFO] [1776477236.506380676] [robot_0.image_processor]: Zone=CLEAR
[image_processor-25] [INFO] [1776477238.979950098] [robot_4.image_processor]: Zone=CLEAR
[image_processor-24] [INFO] [1776477238.987511970] [robot_3.image_processor]: Zone=CLEAR
[image_processor-22] [INFO] [1776477238.996232566] [robot_1.image_processor]: Zone=CLEAR
[image_processor-23] [INFO] [1776477239.068678941] [robot_2.image_processor]: Zone=CLEAR
[image_processor-21] [INFO] [1776477239.106229838] [robot_0.image_processor]: Zone=CLEAR
[image_processor-23] [INFO] [1776477241.466486229] [robot_2.image_processor]: Zone=CLEAR
[image_processor-24] [INFO] [1776477241.487533488] [robot_3.image_processor]: Zone=CLEAR
[image_processor-22] [INFO] [1776477241.496988795] [robot_1.image_processor]: Zone=CLEAR
[image_processor-21] [INFO] [1776477241.503993145] [robot_0.image_processor]: Zone=CLEAR
[image_processor-25] [INFO] [1776477241.581452511] [robot_4.image_processor]: Zone=CLEAR
[image_processor-23] [INFO] [1776477243.967405724] [robot_2.image_processor]: Zone=CLEAR
[image_processor-25] [INFO] [1776477243.980663090] [robot_4.image_processor]: Zone=CLEAR
[image_processor-24] [INFO] [1776477243.989925913] [robot_3.image_processor]: Zone=CLEAR
[image_processor-22] [INFO] [1776477243.997394830] [robot_1.image_processor]: Zone=CLEAR
[image_processor-21] [INFO] [1776477244.006030157] [robot_0.image_processor]: Zone=CLEAR
[image_processor-23] [INFO] [1776477246.466467310] [robot_2.image_processor]: Zone=CLEAR
[image_processor-25] [INFO] [1776477246.484278938] [robot_4.image_processor]: Zone=CLEAR
[image_processor-24] [INFO] [1776477246.492034218] [robot_3.image_processor]: Zone=CLEAR
[image_processor-21] [INFO] [1776477246.507647304] [robot_0.image_processor]: Zone=CLEAR
[image_processor-22] [INFO] [1776477246.601634682] [robot_1.image_processor]: Zone=CLEAR
[image_processor-23] [INFO] [1776477248.966538502] [robot_2.image_processor]: Zone=CLEAR
[image_processor-25] [INFO] [1776477248.981766280] [robot_4.image_processor]: Zone=CLEAR
[image_processor-24] [INFO] [1776477248.992276668] [robot_3.image_processor]: Zone=CLEAR
[image_processor-22] [INFO] [1776477249.001256329] [robot_1.image_processor]: Zone=CLEAR
[image_processor-21] [INFO] [1776477249.009760507] [robot_0.image_processor]: Zone=CLEAR
[image_processor-23] [INFO] [1776477251.466506442] [robot_2.image_processor]: Zone=CLEAR
[image_processor-25] [INFO] [1776477251.479952304] [robot_4.image_processor]: Zone=CLEAR
[image_processor-24] [INFO] [1776477251.488517767] [robot_3.image_processor]: Zone=CLEAR
[image_processor-22] [INFO] [1776477251.496921420] [robot_1.image_processor]: Zone=CLEAR
[image_processor-21] [INFO] [1776477251.506235629] [robot_0.image_processor]: Zone=CLEAR
[image_processor-23] [INFO] [1776477253.966272313] [robot_2.image_processor]: Zone=CLEAR
[image_processor-25] [INFO] [1776477253.980086097] [robot_4.image_processor]: Zone=CLEAR
[image_processor-24] [INFO] [1776477253.989853200] [robot_3.image_processor]: Zone=CLEAR
[image_processor-22] [INFO] [1776477253.996796374] [robot_1.image_processor]: Zone=CLEAR
[image_processor-21] [INFO] [1776477254.006142547] [robot_0.image_processor]: Zone=CLEAR
[image_processor-23] [INFO] [1776477256.466518192] [robot_2.image_processor]: Zone=CLEAR
[image_processor-25] [INFO] [1776477256.484950220] [robot_4.image_processor]: Zone=CLEAR
[image_processor-24] [INFO] [1776477256.493163067] [robot_3.image_processor]: Zone=CLEAR
[image_processor-22] [INFO] [1776477256.501807988] [robot_1.image_processor]: Zone=CLEAR
[image_processor-21] [INFO] [1776477256.510049099] [robot_0.image_processor]: Zone=CLEAR
[image_processor-23] [INFO] [1776477258.966909218] [robot_2.image_processor]: Zone=CLEAR
[image_processor-25] [INFO] [1776477258.980521085] [robot_4.image_processor]: Zone=CLEAR
[image_processor-22] [INFO] [1776477258.997702982] [robot_1.image_processor]: Zone=CLEAR
[image_processor-24] [INFO] [1776477259.090633311] [robot_3.image_processor]: Zone=CLEAR
[image_processor-21] [INFO] [1776477259.106445610] [robot_0.image_processor]: Zone=CLEAR
[image_processor-23] [INFO] [1776477261.465966229] [robot_2.image_processor]: Zone=CLEAR
[image_processor-25] [INFO] [1776477261.480516452] [robot_4.image_processor]: Zone=CLEAR
[image_processor-24] [INFO] [1776477261.488142364] [robot_3.image_processor]: Zone=CLEAR
[image_processor-22] [INFO] [1776477261.498213932] [robot_1.image_processor]: Zone=CLEAR
[image_processor-21] [INFO] [1776477261.505285752] [robot_0.image_processor]: Zone=CLEAR
[image_processor-23] [INFO] [1776477263.968290200] [robot_2.image_processor]: Zone=CLEAR
[image_processor-25] [INFO] [1776477263.985413202] [robot_4.image_processor]: Zone=CLEAR
[image_processor-24] [INFO] [1776477263.993094090] [robot_3.image_processor]: Zone=CLEAR
[image_processor-22] [INFO] [1776477264.001064236] [robot_1.image_processor]: Zone=CLEAR
[image_processor-21] [INFO] [1776477264.008696789] [robot_0.image_processor]: Zone=CLEAR
[image_processor-23] [INFO] [1776477266.466469409] [robot_2.image_processor]: Zone=CLEAR
[image_processor-25] [INFO] [1776477266.482143148] [robot_4.image_processor]: Zone=CLEAR
[image_processor-22] [INFO] [1776477266.499223315] [robot_1.image_processor]: Zone=CLEAR
[image_processor-21] [INFO] [1776477266.508250208] [robot_0.image_processor]: Zone=CLEAR
[image_processor-24] [INFO] [1776477266.591777441] [robot_3.image_processor]: Zone=CLEAR
[image_processor-23] [INFO] [1776477268.965888443] [robot_2.image_processor]: Zone=CLEAR
[image_processor-25] [INFO] [1776477268.980197299] [robot_4.image_processor]: Zone=CLEAR
[image_processor-24] [INFO] [1776477268.989379775] [robot_3.image_processor]: Zone=CLEAR
[image_processor-22] [INFO] [1776477268.997603134] [robot_1.image_processor]: Zone=CLEAR
[image_processor-21] [INFO] [1776477269.006804647] [robot_0.image_processor]: Zone=CLEAR
[image_processor-23] [INFO] [1776477271.466465272] [robot_2.image_processor]: Zone=CLEAR
[image_processor-25] [INFO] [1776477271.480525947] [robot_4.image_processor]: Zone=CLEAR
[image_processor-24] [INFO] [1776477271.489031762] [robot_3.image_processor]: Zone=CLEAR
[image_processor-22] [INFO] [1776477271.496182707] [robot_1.image_processor]: Zone=CLEAR
[image_processor-21] [INFO] [1776477271.505481957] [robot_0.image_processor]: Zone=CLEAR
[image_processor-23] [INFO] [1776477273.969043840] [robot_2.image_processor]: Zone=CLEAR
[image_processor-25] [INFO] [1776477273.983206457] [robot_4.image_processor]: Zone=CLEAR
[image_processor-24] [INFO] [1776477273.991350214] [robot_3.image_processor]: Zone=CLEAR
[image_processor-22] [INFO] [1776477273.999642920] [robot_1.image_processor]: Zone=CLEAR
[image_processor-21] [INFO] [1776477274.008157818] [robot_0.image_processor]: Zone=CLEAR
[image_processor-23] [INFO] [1776477276.466849397] [robot_2.image_processor]: Zone=CLEAR
[image_processor-25] [INFO] [1776477276.479542108] [robot_4.image_processor]: Zone=CLEAR
[image_processor-24] [INFO] [1776477276.487568682] [robot_3.image_processor]: Zone=CLEAR
[image_processor-22] [INFO] [1776477276.495281173] [robot_1.image_processor]: Zone=CLEAR
[image_processor-21] [INFO] [1776477276.504299819] [robot_0.image_processor]: Zone=CLEAR
[INFO] [image_processor-25]: sending signal 'SIGINT' to process[image_processor-25]
[ERROR] [ign gazebo-1]: process has died [pid 503793, exit code -15, cmd 'ruby /usr/bin/ign gazebo /home/ecem/ros2_ws/install/swarm_basics/share/swarm_basics/worlds/random_world.sdf -s -r --force-version 6'].
[ERROR] [parameter_bridge-4]: process has died [pid 503800, exit code -15, cmd '/opt/ros/humble/lib/ros_ign_bridge/parameter_bridge /robot_0/cmd_vel@geometry_msgs/msg/Twist]ignition.msgs.Twist /robot_0/odom@nav_msgs/msg/Odometry[ignition.msgs.Odometry /robot_0/depth_camera/depth_image@sensor_msgs/msg/Image[ignition.msgs.Image /world/random_world/model/robot_0/link/robot_0/base_footprint/sensor/contact_sensor/contact@ros_gz_interfaces/msg/Contacts[ignition.msgs.Contacts /robot_1/cmd_vel@geometry_msgs/msg/Twist]ignition.msgs.Twist /robot_1/odom@nav_msgs/msg/Odometry[ignition.msgs.Odometry /robot_1/depth_camera/depth_image@sensor_msgs/msg/Image[ignition.msgs.Image /world/random_world/model/robot_1/link/robot_1/base_footprint/sensor/contact_sensor/contact@ros_gz_interfaces/msg/Contacts[ignition.msgs.Contacts /robot_2/cmd_vel@geometry_msgs/msg/Twist]ignition.msgs.Twist /robot_2/odom@nav_msgs/msg/Odometry[ignition.msgs.Odometry /robot_2/depth_camera/depth_image@sensor_msgs/msg/Image[ignition.msgs.Image /world/random_world/model/robot_2/link/robot_2/base_footprint/sensor/contact_sensor/contact@ros_gz_interfaces/msg/Contacts[ignition.msgs.Contacts /robot_3/cmd_vel@geometry_msgs/msg/Twist]ignition.msgs.Twist /robot_3/odom@nav_msgs/msg/Odometry[ignition.msgs.Odometry /robot_3/depth_camera/depth_image@sensor_msgs/msg/Image[ignition.msgs.Image /world/random_world/model/robot_3/link/robot_3/base_footprint/sensor/contact_sensor/contact@ros_gz_interfaces/msg/Contacts[ignition.msgs.Contacts /robot_4/cmd_vel@geometry_msgs/msg/Twist]ignition.msgs.Twist /robot_4/odom@nav_msgs/msg/Odometry[ignition.msgs.Odometry /robot_4/depth_camera/depth_image@sensor_msgs/msg/Image[ignition.msgs.Image /world/random_world/model/robot_4/link/robot_4/base_footprint/sensor/contact_sensor/contact@ros_gz_interfaces/msg/Contacts[ignition.msgs.Contacts /world/random_world/dynamic_pose/info@tf2_msgs/msg/TFMessage[ignition.msgs.Pose_V --ros-args -r __node:=all_robots_bridge --params-file /tmp/launch_params_rtilszkm'].
[INFO] [parameter_bridge-20]: process has finished cleanly [pid 503843]
[INFO] [image_processor-24]: sending signal 'SIGINT' to process[image_processor-24]
[INFO] [bash-26]: process started with pid [504355]
[INFO] [image_processor-23]: sending signal 'SIGINT' to process[image_processor-23]
[INFO] [image_processor-22]: sending signal 'SIGINT' to process[image_processor-22]
[INFO] [image_processor-21]: sending signal 'SIGINT' to process[image_processor-21]
[INFO] [robot_supervisor-19]: sending signal 'SIGINT' to process[robot_supervisor-19]
[INFO] [robot_state_publisher-17]: sending signal 'SIGINT' to process[robot_state_publisher-17]
[INFO] [robot_supervisor-16]: sending signal 'SIGINT' to process[robot_supervisor-16]
[INFO] [robot_state_publisher-14]: sending signal 'SIGINT' to process[robot_state_publisher-14]
[INFO] [robot_supervisor-13]: sending signal 'SIGINT' to process[robot_supervisor-13]
[ERROR] [bash-26]: process has died [pid 504355, exit code -15, cmd 'bash -lc pkill -f parameter_bridge || true'].
[INFO] [robot_state_publisher-11]: sending signal 'SIGINT' to process[robot_state_publisher-11]
[INFO] [robot_supervisor-10]: sending signal 'SIGINT' to process[robot_supervisor-10]
[INFO] [robot_state_publisher-8]: sending signal 'SIGINT' to process[robot_state_publisher-8]
[INFO] [robot_supervisor-7]: sending signal 'SIGINT' to process[robot_supervisor-7]
[INFO] [robot_state_publisher-5]: sending signal 'SIGINT' to process[robot_state_publisher-5]
[INFO] [bump_counter-3]: sending signal 'SIGINT' to process[bump_counter-3]
[INFO] [coverage_counter-2]: sending signal 'SIGINT' to process[coverage_counter-2]
[parameter_bridge-20] [INFO] [1776477278.482139804] [rclcpp]: signal_handler(SIGINT/SIGTERM)
[parameter_bridge-4] [INFO] [1776477278.482161019] [rclcpp]: signal_handler(SIGINT/SIGTERM)
[INFO] [launch]: process[ign gazebo-1] was required: shutting down launched system
[image_processor-25] [INFO] [1776477279.161185265] [rclcpp]: signal_handler(SIGINT/SIGTERM)
[image_processor-24] [INFO] [1776477279.165815334] [rclcpp]: signal_handler(SIGINT/SIGTERM)
[image_processor-23] [INFO] [1776477279.168779404] [rclcpp]: signal_handler(SIGINT/SIGTERM)
[image_processor-22] [INFO] [1776477279.173057307] [rclcpp]: signal_handler(SIGINT/SIGTERM)
[image_processor-21] [INFO] [1776477279.176491350] [rclcpp]: signal_handler(SIGINT/SIGTERM)
[robot_supervisor-19] Traceback (most recent call last):
[robot_supervisor-19]   File "/home/ecem/ros2_ws/install/swarm_basics/lib/swarm_basics/robot_supervisor", line 33, in <module>
[robot_supervisor-19]     sys.exit(load_entry_point('swarm-basics==0.0.0', 'console_scripts', 'robot_supervisor')())
[robot_supervisor-19]   File "/home/ecem/ros2_ws/install/swarm_basics/lib/python3.10/site-packages/swarm_basics/robot_supervisor.py", line 867, in main
[robot_supervisor-19]     rclpy.spin(node)
[robot_supervisor-19]   File "/opt/ros/humble/local/lib/python3.10/dist-packages/rclpy/__init__.py", line 229, in spin
[robot_supervisor-19]     executor.spin_once()
[robot_supervisor-19]   File "/opt/ros/humble/local/lib/python3.10/dist-packages/rclpy/executors.py", line 773, in spin_once
[robot_supervisor-19]     self._spin_once_impl(timeout_sec)
[robot_supervisor-19]   File "/opt/ros/humble/local/lib/python3.10/dist-packages/rclpy/executors.py", line 762, in _spin_once_impl
[robot_supervisor-19]     handler, entity, node = self.wait_for_ready_callbacks(timeout_sec=timeout_sec)
[robot_supervisor-19]   File "/opt/ros/humble/local/lib/python3.10/dist-packages/rclpy/executors.py", line 745, in wait_for_ready_callbacks
[robot_supervisor-19]     return next(self._cb_iter)
[robot_supervisor-19]   File "/opt/ros/humble/local/lib/python3.10/dist-packages/rclpy/executors.py", line 642, in _wait_for_ready_callbacks
[robot_supervisor-19]     wait_set.wait(timeout_nsec)
[robot_supervisor-19] KeyboardInterrupt
[robot_state_publisher-17] [INFO] [1776477279.186578454] [rclcpp]: signal_handler(SIGINT/SIGTERM)
[robot_supervisor-16] Traceback (most recent call last):
[robot_supervisor-16]   File "/home/ecem/ros2_ws/install/swarm_basics/lib/swarm_basics/robot_supervisor", line 33, in <module>
[robot_supervisor-16]     sys.exit(load_entry_point('swarm-basics==0.0.0', 'console_scripts', 'robot_supervisor')())
[robot_supervisor-16]   File "/home/ecem/ros2_ws/install/swarm_basics/lib/python3.10/site-packages/swarm_basics/robot_supervisor.py", line 867, in main
[robot_supervisor-16]     rclpy.spin(node)
[robot_supervisor-16]   File "/opt/ros/humble/local/lib/python3.10/dist-packages/rclpy/__init__.py", line 229, in spin
[robot_supervisor-16]     executor.spin_once()
[robot_supervisor-16]   File "/opt/ros/humble/local/lib/python3.10/dist-packages/rclpy/executors.py", line 773, in spin_once
[robot_supervisor-16]     self._spin_once_impl(timeout_sec)
[robot_supervisor-16]   File "/opt/ros/humble/local/lib/python3.10/dist-packages/rclpy/executors.py", line 762, in _spin_once_impl
[robot_supervisor-16]     handler, entity, node = self.wait_for_ready_callbacks(timeout_sec=timeout_sec)
[robot_supervisor-16]   File "/opt/ros/humble/local/lib/python3.10/dist-packages/rclpy/executors.py", line 745, in wait_for_ready_callbacks
[robot_supervisor-16]     return next(self._cb_iter)
[robot_supervisor-16]   File "/opt/ros/humble/local/lib/python3.10/dist-packages/rclpy/executors.py", line 642, in _wait_for_ready_callbacks
[robot_supervisor-16]     wait_set.wait(timeout_nsec)
[robot_supervisor-16] KeyboardInterrupt
[robot_state_publisher-14] [INFO] [1776477279.193995470] [rclcpp]: signal_handler(SIGINT/SIGTERM)
[robot_supervisor-13] Traceback (most recent call last):
[robot_supervisor-13]   File "/home/ecem/ros2_ws/install/swarm_basics/lib/swarm_basics/robot_supervisor", line 33, in <module>
[robot_supervisor-13]     sys.exit(load_entry_point('swarm-basics==0.0.0', 'console_scripts', 'robot_supervisor')())
[robot_supervisor-13]   File "/home/ecem/ros2_ws/install/swarm_basics/lib/python3.10/site-packages/swarm_basics/robot_supervisor.py", line 867, in main
[robot_supervisor-13]     rclpy.spin(node)
[robot_supervisor-13]   File "/opt/ros/humble/local/lib/python3.10/dist-packages/rclpy/__init__.py", line 229, in spin
[robot_supervisor-13]     executor.spin_once()
[robot_supervisor-13]   File "/opt/ros/humble/local/lib/python3.10/dist-packages/rclpy/executors.py", line 773, in spin_once
[robot_supervisor-13]     self._spin_once_impl(timeout_sec)
[robot_supervisor-13]   File "/opt/ros/humble/local/lib/python3.10/dist-packages/rclpy/executors.py", line 762, in _spin_once_impl
[robot_supervisor-13]     handler, entity, node = self.wait_for_ready_callbacks(timeout_sec=timeout_sec)
[robot_supervisor-13]   File "/opt/ros/humble/local/lib/python3.10/dist-packages/rclpy/executors.py", line 745, in wait_for_ready_callbacks
[robot_supervisor-13]     return next(self._cb_iter)
[robot_supervisor-13]   File "/opt/ros/humble/local/lib/python3.10/dist-packages/rclpy/executors.py", line 642, in _wait_for_ready_callbacks
[robot_supervisor-13]     wait_set.wait(timeout_nsec)
[robot_supervisor-13] KeyboardInterrupt
[robot_state_publisher-11] [INFO] [1776477279.201625156] [rclcpp]: signal_handler(SIGINT/SIGTERM)
[robot_supervisor-10] Traceback (most recent call last):
[robot_supervisor-10]   File "/home/ecem/ros2_ws/install/swarm_basics/lib/swarm_basics/robot_supervisor", line 33, in <module>
[robot_supervisor-10]     sys.exit(load_entry_point('swarm-basics==0.0.0', 'console_scripts', 'robot_supervisor')())
[robot_supervisor-10]   File "/home/ecem/ros2_ws/install/swarm_basics/lib/python3.10/site-packages/swarm_basics/robot_supervisor.py", line 867, in main
[robot_supervisor-10]     rclpy.spin(node)
[robot_supervisor-10]   File "/opt/ros/humble/local/lib/python3.10/dist-packages/rclpy/__init__.py", line 229, in spin
[robot_supervisor-10]     executor.spin_once()
[robot_supervisor-10]   File "/opt/ros/humble/local/lib/python3.10/dist-packages/rclpy/executors.py", line 773, in spin_once
[robot_supervisor-10]     self._spin_once_impl(timeout_sec)
[robot_supervisor-10]   File "/opt/ros/humble/local/lib/python3.10/dist-packages/rclpy/executors.py", line 762, in _spin_once_impl
[robot_supervisor-10]     handler, entity, node = self.wait_for_ready_callbacks(timeout_sec=timeout_sec)
[robot_supervisor-10]   File "/opt/ros/humble/local/lib/python3.10/dist-packages/rclpy/executors.py", line 745, in wait_for_ready_callbacks
[robot_supervisor-10]     return next(self._cb_iter)
[robot_supervisor-10]   File "/opt/ros/humble/local/lib/python3.10/dist-packages/rclpy/executors.py", line 642, in _wait_for_ready_callbacks
[robot_supervisor-10]     wait_set.wait(timeout_nsec)
[robot_supervisor-10] KeyboardInterrupt
[robot_state_publisher-8] [INFO] [1776477279.209310748] [rclcpp]: signal_handler(SIGINT/SIGTERM)
[robot_supervisor-7] Traceback (most recent call last):
[robot_supervisor-7]   File "/home/ecem/ros2_ws/install/swarm_basics/lib/swarm_basics/robot_supervisor", line 33, in <module>
[robot_supervisor-7]     sys.exit(load_entry_point('swarm-basics==0.0.0', 'console_scripts', 'robot_supervisor')())
[robot_supervisor-7]   File "/home/ecem/ros2_ws/install/swarm_basics/lib/python3.10/site-packages/swarm_basics/robot_supervisor.py", line 867, in main
[robot_supervisor-7]     rclpy.spin(node)
[robot_supervisor-7]   File "/opt/ros/humble/local/lib/python3.10/dist-packages/rclpy/__init__.py", line 229, in spin
[robot_supervisor-7]     executor.spin_once()
[robot_supervisor-7]   File "/opt/ros/humble/local/lib/python3.10/dist-packages/rclpy/executors.py", line 773, in spin_once
[robot_supervisor-7]     self._spin_once_impl(timeout_sec)
[robot_supervisor-7]   File "/opt/ros/humble/local/lib/python3.10/dist-packages/rclpy/executors.py", line 762, in _spin_once_impl
[robot_supervisor-7]     handler, entity, node = self.wait_for_ready_callbacks(timeout_sec=timeout_sec)
[robot_supervisor-7]   File "/opt/ros/humble/local/lib/python3.10/dist-packages/rclpy/executors.py", line 745, in wait_for_ready_callbacks
[robot_supervisor-7]     return next(self._cb_iter)
[robot_supervisor-7]   File "/opt/ros/humble/local/lib/python3.10/dist-packages/rclpy/executors.py", line 642, in _wait_for_ready_callbacks
[robot_supervisor-7]     wait_set.wait(timeout_nsec)
[robot_supervisor-7] KeyboardInterrupt
[robot_state_publisher-5] [INFO] [1776477279.214617407] [rclcpp]: signal_handler(SIGINT/SIGTERM)
[ERROR] [launch]: Caught exception in launch (see debug for traceback): ExecuteLocal action 'bash-27': executed more than once: <launch.actions.execute_process.ExecuteProcess object at 0x7af2fe98c850>
[INFO] [image_processor-25]: process has finished cleanly [pid 504197]
[INFO] [image_processor-24]: process has finished cleanly [pid 504195]
[INFO] [image_processor-23]: process has finished cleanly [pid 504193]
[INFO] [image_processor-22]: process has finished cleanly [pid 504191]
[INFO] [image_processor-21]: process has finished cleanly [pid 504189]
[INFO] [robot_state_publisher-17]: process has finished cleanly [pid 503828]
[INFO] [robot_state_publisher-14]: process has finished cleanly [pid 503822]
[INFO] [robot_state_publisher-11]: process has finished cleanly [pid 503816]
[INFO] [robot_state_publisher-8]: process has finished cleanly [pid 503808]
[INFO] [robot_state_publisher-5]: process has finished cleanly [pid 503802]
[coverage_counter-2] Traceback (most recent call last):
[coverage_counter-2]   File "/home/ecem/ros2_ws/install/swarm_basics/lib/python3.10/site-packages/swarm_basics/coverage_counter.py", line 418, in main
[coverage_counter-2]     rclpy.spin(node)
[coverage_counter-2]   File "/opt/ros/humble/local/lib/python3.10/dist-packages/rclpy/__init__.py", line 229, in spin
[coverage_counter-2]     executor.spin_once()
[coverage_counter-2]   File "/opt/ros/humble/local/lib/python3.10/dist-packages/rclpy/executors.py", line 773, in spin_once
[coverage_counter-2]     self._spin_once_impl(timeout_sec)
[coverage_counter-2]   File "/opt/ros/humble/local/lib/python3.10/dist-packages/rclpy/executors.py", line 768, in _spin_once_impl
[coverage_counter-2]     handler()
[coverage_counter-2]   File "/opt/ros/humble/local/lib/python3.10/dist-packages/rclpy/task.py", line 254, in __call__
[coverage_counter-2]     self._handler.send(None)
[coverage_counter-2]   File "/opt/ros/humble/local/lib/python3.10/dist-packages/rclpy/executors.py", line 463, in handler
[coverage_counter-2]     await call_coroutine(entity, arg)
[coverage_counter-2]   File "/opt/ros/humble/local/lib/python3.10/dist-packages/rclpy/executors.py", line 371, in _execute_timer
[coverage_counter-2]     await await_or_execute(tmr.callback)
[coverage_counter-2]   File "/opt/ros/humble/local/lib/python3.10/dist-packages/rclpy/executors.py", line 107, in await_or_execute
[coverage_counter-2]     return callback(*args)
[coverage_counter-2]   File "/home/ecem/ros2_ws/install/swarm_basics/lib/python3.10/site-packages/swarm_basics/coverage_counter.py", line 152, in _on_timeout_timer
[coverage_counter-2]     self.shutdown_and_save()
[coverage_counter-2]   File "/home/ecem/ros2_ws/install/swarm_basics/lib/python3.10/site-packages/swarm_basics/coverage_counter.py", line 174, in shutdown_and_save
[coverage_counter-2]     rclpy.shutdown()
[coverage_counter-2]   File "/opt/ros/humble/local/lib/python3.10/dist-packages/rclpy/__init__.py", line 130, in shutdown
[coverage_counter-2]     _shutdown(context=context)
[coverage_counter-2]   File "/opt/ros/humble/local/lib/python3.10/dist-packages/rclpy/utilities.py", line 58, in shutdown
[coverage_counter-2]     return context.shutdown()
[coverage_counter-2]   File "/opt/ros/humble/local/lib/python3.10/dist-packages/rclpy/context.py", line 103, in shutdown
[coverage_counter-2]     self._call_on_shutdown_callbacks()
[coverage_counter-2]   File "/opt/ros/humble/local/lib/python3.10/dist-packages/rclpy/context.py", line 92, in _call_on_shutdown_callbacks
[coverage_counter-2]     callback = weak_method()
[coverage_counter-2]   File "/opt/ros/humble/local/lib/python3.10/dist-packages/rclpy/__init__.py", line 111, in reset_executor
[coverage_counter-2]     __executor.shutdown()
[coverage_counter-2]   File "/opt/ros/humble/local/lib/python3.10/dist-packages/rclpy/executors.py", line 227, in shutdown
[coverage_counter-2]     if not self._work_tracker.wait(timeout_sec):
[coverage_counter-2]   File "/opt/ros/humble/local/lib/python3.10/dist-packages/rclpy/executors.py", line 94, in wait
[coverage_counter-2]     if not self._work_condition.wait_for(
[coverage_counter-2]   File "/usr/lib/python3.10/threading.py", line 355, in wait_for
[coverage_counter-2]     self.wait(waittime)
[coverage_counter-2]   File "/usr/lib/python3.10/threading.py", line 320, in wait
[coverage_counter-2]     waiter.acquire()
[coverage_counter-2] KeyboardInterrupt
[coverage_counter-2] 
[coverage_counter-2] During handling of the above exception, another exception occurred:
[coverage_counter-2] 
[coverage_counter-2] Traceback (most recent call last):
[coverage_counter-2]   File "/home/ecem/ros2_ws/install/swarm_basics/lib/swarm_basics/coverage_counter", line 33, in <module>
[coverage_counter-2]     sys.exit(load_entry_point('swarm-basics==0.0.0', 'console_scripts', 'coverage_counter')())
[coverage_counter-2]   File "/home/ecem/ros2_ws/install/swarm_basics/lib/python3.10/site-packages/swarm_basics/coverage_counter.py", line 421, in main
[coverage_counter-2]     node.shutdown_and_save()
[coverage_counter-2]   File "/home/ecem/ros2_ws/install/swarm_basics/lib/python3.10/site-packages/swarm_basics/coverage_counter.py", line 174, in shutdown_and_save
[coverage_counter-2]     rclpy.shutdown()
[coverage_counter-2]   File "/opt/ros/humble/local/lib/python3.10/dist-packages/rclpy/__init__.py", line 130, in shutdown
[coverage_counter-2]     _shutdown(context=context)
[coverage_counter-2]   File "/opt/ros/humble/local/lib/python3.10/dist-packages/rclpy/utilities.py", line 58, in shutdown
[coverage_counter-2]     return context.shutdown()
[coverage_counter-2]   File "/opt/ros/humble/local/lib/python3.10/dist-packages/rclpy/context.py", line 100, in shutdown
[coverage_counter-2]     raise RuntimeError('Context must be initialized before it can be shutdown')
[coverage_counter-2] RuntimeError: Context must be initialized before it can be shutdown
[bump_counter-3] Traceback (most recent call last):
[bump_counter-3]   File "/home/ecem/ros2_ws/install/swarm_basics/lib/swarm_basics/bump_counter", line 33, in <module>
[bump_counter-3]     sys.exit(load_entry_point('swarm-basics==0.0.0', 'console_scripts', 'bump_counter')())
[bump_counter-3]   File "/home/ecem/ros2_ws/install/swarm_basics/lib/python3.10/site-packages/swarm_basics/bump_counter.py", line 384, in main
[bump_counter-3]     rclpy.shutdown()
[bump_counter-3]   File "/opt/ros/humble/local/lib/python3.10/dist-packages/rclpy/__init__.py", line 130, in shutdown
[bump_counter-3]     _shutdown(context=context)
[bump_counter-3]   File "/opt/ros/humble/local/lib/python3.10/dist-packages/rclpy/utilities.py", line 58, in shutdown
[bump_counter-3]     return context.shutdown()
[bump_counter-3]   File "/opt/ros/humble/local/lib/python3.10/dist-packages/rclpy/context.py", line 102, in shutdown
[bump_counter-3]     self.__context.shutdown()
[bump_counter-3] rclpy._rclpy_pybind11.RCLError: failed to shutdown: rcl_shutdown already called on the given context, at ./src/rcl/init.c:241
[ERROR] [coverage_counter-2]: process has died [pid 503795, exit code 1, cmd '/home/ecem/ros2_ws/install/swarm_basics/lib/swarm_basics/coverage_counter --ros-args -r __node:=coverage_counter --params-file /tmp/launch_params_nuprq591 --params-file /tmp/launch_params_l66a2yed --params-file /tmp/launch_params_bpbo7akx --params-file /tmp/launch_params_u5w6zs9g --params-file /tmp/launch_params_a4qh9653 --params-file /tmp/launch_params_puytnu94'].
[ERROR] [bump_counter-3]: process has died [pid 503798, exit code 1, cmd '/home/ecem/ros2_ws/install/swarm_basics/lib/swarm_basics/bump_counter --ros-args -r __node:=bump_counter --params-file /tmp/launch_params_cnswxzon --params-file /tmp/launch_params_ezq2yux3 --params-file /tmp/launch_params_asn10vf8'].
[ERROR] [robot_supervisor-16]: process has died [pid 503826, exit code -2, cmd '/home/ecem/ros2_ws/install/swarm_basics/lib/swarm_basics/robot_supervisor --ros-args -r __node:=robot_supervisor -r __ns:=/robot_3 --params-file /tmp/launch_params_205cn94_ --params-file /tmp/launch_params_st1yca2y --params-file /tmp/launch_params_0sdccacr --params-file /tmp/launch_params_2jcz0llc'].
[ERROR] [robot_supervisor-19]: process has died [pid 503841, exit code -2, cmd '/home/ecem/ros2_ws/install/swarm_basics/lib/swarm_basics/robot_supervisor --ros-args -r __node:=robot_supervisor -r __ns:=/robot_4 --params-file /tmp/launch_params_8dped_z4 --params-file /tmp/launch_params_bb8q7_ns --params-file /tmp/launch_params_mbeujwvf --params-file /tmp/launch_params_ankog15x'].
[ERROR] [robot_supervisor-13]: process has died [pid 503820, exit code -2, cmd '/home/ecem/ros2_ws/install/swarm_basics/lib/swarm_basics/robot_supervisor --ros-args -r __node:=robot_supervisor -r __ns:=/robot_2 --params-file /tmp/launch_params_zxr0s61d --params-file /tmp/launch_params_m05_qi95 --params-file /tmp/launch_params_338hvs9n --params-file /tmp/launch_params_i8c22o0u'].
[ERROR] [robot_supervisor-10]: process has died [pid 503814, exit code -2, cmd '/home/ecem/ros2_ws/install/swarm_basics/lib/swarm_basics/robot_supervisor --ros-args -r __node:=robot_supervisor -r __ns:=/robot_1 --params-file /tmp/launch_params_jdflono6 --params-file /tmp/launch_params_a83_zveo --params-file /tmp/launch_params_uaywv4si --params-file /tmp/launch_params_fynwjb1r'].
[ERROR] [robot_supervisor-7]: process has died [pid 503806, exit code -2, cmd '/home/ecem/ros2_ws/install/swarm_basics/lib/swarm_basics/robot_supervisor --ros-args -r __node:=robot_supervisor -r __ns:=/robot_0 --params-file /tmp/launch_params_cddlx9k4 --params-file /tmp/launch_params__vh80727 --params-file /tmp/launch_params_zuyrjisb --params-file /tmp/launch_params_ddgctcee'].
