[INFO] [launch]: All log files can be found below /home/ecem/.ros/log/2026-04-21-15-29-34-250220-ecem-pc-308374
[INFO] [launch]: Default logging verbosity is set to INFO
[INFO] [ign gazebo-1]: process started with pid [308389]
[INFO] [coverage_counter-2]: process started with pid [308391]
[INFO] [bump_counter-3]: process started with pid [308394]
[INFO] [parameter_bridge-4]: process started with pid [308396]
[INFO] [robot_state_publisher-5]: process started with pid [308398]
[INFO] [create-6]: process started with pid [308400]
[INFO] [robot_supervisor-7]: process started with pid [308402]
[INFO] [robot_state_publisher-8]: process started with pid [308405]
[INFO] [create-9]: process started with pid [308408]
[INFO] [robot_supervisor-10]: process started with pid [308410]
[INFO] [robot_state_publisher-11]: process started with pid [308412]
[INFO] [create-12]: process started with pid [308414]
[INFO] [robot_supervisor-13]: process started with pid [308416]
[INFO] [robot_state_publisher-14]: process started with pid [308418]
[INFO] [create-15]: process started with pid [308420]
[INFO] [robot_supervisor-16]: process started with pid [308422]
[INFO] [robot_state_publisher-17]: process started with pid [308424]
[INFO] [create-18]: process started with pid [308430]
[INFO] [robot_supervisor-19]: process started with pid [308432]
[INFO] [parameter_bridge-20]: process started with pid [308434]
[parameter_bridge-4] [ros_ign_bridge] is deprecated! Redirecting to use [ros_gz_bridge] instead!
[parameter_bridge-4] 
[create-9] [INFO] [1776778174.693882966] [robot_1.ros_gz_sim]: Requesting list of world names.
[create-12] [INFO] [1776778174.694010240] [robot_2.ros_gz_sim]: Requesting list of world names.
[create-18] [INFO] [1776778174.701895184] [robot_4.ros_gz_sim]: Requesting list of world names.
[robot_state_publisher-8] [INFO] [1776778174.701919034] [robot_1.robot_state_publisher]: got segment robot_1/antenna_link
[robot_state_publisher-8] [INFO] [1776778174.702026048] [robot_1.robot_state_publisher]: got segment robot_1/base_footprint
[robot_state_publisher-8] [INFO] [1776778174.702039339] [robot_1.robot_state_publisher]: got segment robot_1/base_link
[robot_state_publisher-8] [INFO] [1776778174.702049896] [robot_1.robot_state_publisher]: got segment robot_1/realsense_link
[robot_state_publisher-8] [INFO] [1776778174.702058278] [robot_1.robot_state_publisher]: got segment robot_1/rocker_L_link
[robot_state_publisher-8] [INFO] [1776778174.702066095] [robot_1.robot_state_publisher]: got segment robot_1/rocker_R_link
[robot_state_publisher-8] [INFO] [1776778174.702073678] [robot_1.robot_state_publisher]: got segment robot_1/wheel_FL_link
[robot_state_publisher-8] [INFO] [1776778174.702081638] [robot_1.robot_state_publisher]: got segment robot_1/wheel_FR_link
[robot_state_publisher-8] [INFO] [1776778174.702089395] [robot_1.robot_state_publisher]: got segment robot_1/wheel_RL_link
[robot_state_publisher-8] [INFO] [1776778174.702096585] [robot_1.robot_state_publisher]: got segment robot_1/wheel_RR_link
[create-6] [INFO] [1776778174.702760993] [robot_0.ros_gz_sim]: Requesting list of world names.
[create-15] [INFO] [1776778174.703840552] [robot_3.ros_gz_sim]: Requesting list of world names.
[parameter_bridge-4] [INFO] [1776778174.704649748] [all_robots_bridge]: Creating ROS->GZ Bridge: [/robot_0/cmd_vel (geometry_msgs/msg/Twist) -> /robot_0/cmd_vel (ignition.msgs.Twist)] (Lazy 0)
[parameter_bridge-4] [INFO] [1776778174.707083178] [all_robots_bridge]: Creating GZ->ROS Bridge: [/robot_0/odom (ignition.msgs.Odometry) -> /robot_0/odom (nav_msgs/msg/Odometry)] (Lazy 0)
[parameter_bridge-4] [INFO] [1776778174.708923848] [all_robots_bridge]: Creating GZ->ROS Bridge: [/robot_0/depth_camera/depth_image (ignition.msgs.Image) -> /robot_0/depth_camera/depth_image (sensor_msgs/msg/Image)] (Lazy 0)
[parameter_bridge-4] [INFO] [1776778174.710265240] [all_robots_bridge]: Creating GZ->ROS Bridge: [/world/random_world/model/robot_0/link/robot_0/base_footprint/sensor/contact_sensor/contact (ignition.msgs.Contacts) -> /world/random_world/model/robot_0/link/robot_0/base_footprint/sensor/contact_sensor/contact (ros_gz_interfaces/msg/Contacts)] (Lazy 0)
[robot_state_publisher-11] [INFO] [1776778174.710582142] [robot_2.robot_state_publisher]: got segment robot_2/antenna_link
[robot_state_publisher-11] [INFO] [1776778174.710690839] [robot_2.robot_state_publisher]: got segment robot_2/base_footprint
[robot_state_publisher-11] [INFO] [1776778174.710705096] [robot_2.robot_state_publisher]: got segment robot_2/base_link
[robot_state_publisher-11] [INFO] [1776778174.710714512] [robot_2.robot_state_publisher]: got segment robot_2/realsense_link
[robot_state_publisher-11] [INFO] [1776778174.710723099] [robot_2.robot_state_publisher]: got segment robot_2/rocker_L_link
[robot_state_publisher-11] [INFO] [1776778174.710731221] [robot_2.robot_state_publisher]: got segment robot_2/rocker_R_link
[robot_state_publisher-11] [INFO] [1776778174.710738722] [robot_2.robot_state_publisher]: got segment robot_2/wheel_FL_link
[robot_state_publisher-11] [INFO] [1776778174.710746178] [robot_2.robot_state_publisher]: got segment robot_2/wheel_FR_link
[robot_state_publisher-11] [INFO] [1776778174.710753530] [robot_2.robot_state_publisher]: got segment robot_2/wheel_RL_link
[robot_state_publisher-11] [INFO] [1776778174.710761199] [robot_2.robot_state_publisher]: got segment robot_2/wheel_RR_link
[parameter_bridge-20] [INFO] [1776778174.711461619] [clock_bridge]: Creating GZ->ROS Bridge: [/clock (ignition.msgs.Clock) -> /clock (rosgraph_msgs/msg/Clock)] (Lazy 0)
[parameter_bridge-4] [INFO] [1776778174.712054659] [all_robots_bridge]: Creating ROS->GZ Bridge: [/robot_1/cmd_vel (geometry_msgs/msg/Twist) -> /robot_1/cmd_vel (ignition.msgs.Twist)] (Lazy 0)
[parameter_bridge-4] [INFO] [1776778174.713002994] [all_robots_bridge]: Creating GZ->ROS Bridge: [/robot_1/odom (ignition.msgs.Odometry) -> /robot_1/odom (nav_msgs/msg/Odometry)] (Lazy 0)
[robot_state_publisher-14] [INFO] [1776778174.714455270] [robot_3.robot_state_publisher]: got segment robot_3/antenna_link
[parameter_bridge-4] [INFO] [1776778174.714513769] [all_robots_bridge]: Creating GZ->ROS Bridge: [/robot_1/depth_camera/depth_image (ignition.msgs.Image) -> /robot_1/depth_camera/depth_image (sensor_msgs/msg/Image)] (Lazy 0)
[robot_state_publisher-14] [INFO] [1776778174.714572948] [robot_3.robot_state_publisher]: got segment robot_3/base_footprint
[robot_state_publisher-14] [INFO] [1776778174.714589477] [robot_3.robot_state_publisher]: got segment robot_3/base_link
[robot_state_publisher-14] [INFO] [1776778174.714599748] [robot_3.robot_state_publisher]: got segment robot_3/realsense_link
[robot_state_publisher-14] [INFO] [1776778174.714608083] [robot_3.robot_state_publisher]: got segment robot_3/rocker_L_link
[robot_state_publisher-14] [INFO] [1776778174.714616311] [robot_3.robot_state_publisher]: got segment robot_3/rocker_R_link
[robot_state_publisher-14] [INFO] [1776778174.714623951] [robot_3.robot_state_publisher]: got segment robot_3/wheel_FL_link
[robot_state_publisher-14] [INFO] [1776778174.714631705] [robot_3.robot_state_publisher]: got segment robot_3/wheel_FR_link
[robot_state_publisher-14] [INFO] [1776778174.714639186] [robot_3.robot_state_publisher]: got segment robot_3/wheel_RL_link
[robot_state_publisher-14] [INFO] [1776778174.714646676] [robot_3.robot_state_publisher]: got segment robot_3/wheel_RR_link
[parameter_bridge-4] [INFO] [1776778174.715859286] [all_robots_bridge]: Creating GZ->ROS Bridge: [/world/random_world/model/robot_1/link/robot_1/base_footprint/sensor/contact_sensor/contact (ignition.msgs.Contacts) -> /world/random_world/model/robot_1/link/robot_1/base_footprint/sensor/contact_sensor/contact (ros_gz_interfaces/msg/Contacts)] (Lazy 0)
[robot_state_publisher-5] [INFO] [1776778174.715864397] [robot_0.robot_state_publisher]: got segment robot_0/antenna_link
[robot_state_publisher-5] [INFO] [1776778174.715928633] [robot_0.robot_state_publisher]: got segment robot_0/base_footprint
[robot_state_publisher-5] [INFO] [1776778174.715934907] [robot_0.robot_state_publisher]: got segment robot_0/base_link
[robot_state_publisher-5] [INFO] [1776778174.715939082] [robot_0.robot_state_publisher]: got segment robot_0/realsense_link
[robot_state_publisher-5] [INFO] [1776778174.715942547] [robot_0.robot_state_publisher]: got segment robot_0/rocker_L_link
[robot_state_publisher-5] [INFO] [1776778174.715945839] [robot_0.robot_state_publisher]: got segment robot_0/rocker_R_link
[robot_state_publisher-5] [INFO] [1776778174.715949228] [robot_0.robot_state_publisher]: got segment robot_0/wheel_FL_link
[robot_state_publisher-5] [INFO] [1776778174.715952672] [robot_0.robot_state_publisher]: got segment robot_0/wheel_FR_link
[robot_state_publisher-5] [INFO] [1776778174.715955821] [robot_0.robot_state_publisher]: got segment robot_0/wheel_RL_link
[robot_state_publisher-5] [INFO] [1776778174.715959159] [robot_0.robot_state_publisher]: got segment robot_0/wheel_RR_link
[parameter_bridge-4] [INFO] [1776778174.716519371] [all_robots_bridge]: Creating ROS->GZ Bridge: [/robot_2/cmd_vel (geometry_msgs/msg/Twist) -> /robot_2/cmd_vel (ignition.msgs.Twist)] (Lazy 0)
[parameter_bridge-4] [INFO] [1776778174.716961065] [all_robots_bridge]: Creating GZ->ROS Bridge: [/robot_2/odom (ignition.msgs.Odometry) -> /robot_2/odom (nav_msgs/msg/Odometry)] (Lazy 0)
[parameter_bridge-4] [INFO] [1776778174.717454602] [all_robots_bridge]: Creating GZ->ROS Bridge: [/robot_2/depth_camera/depth_image (ignition.msgs.Image) -> /robot_2/depth_camera/depth_image (sensor_msgs/msg/Image)] (Lazy 0)
[parameter_bridge-4] [INFO] [1776778174.717926970] [all_robots_bridge]: Creating GZ->ROS Bridge: [/world/random_world/model/robot_2/link/robot_2/base_footprint/sensor/contact_sensor/contact (ignition.msgs.Contacts) -> /world/random_world/model/robot_2/link/robot_2/base_footprint/sensor/contact_sensor/contact (ros_gz_interfaces/msg/Contacts)] (Lazy 0)
[parameter_bridge-4] [INFO] [1776778174.718456368] [all_robots_bridge]: Creating ROS->GZ Bridge: [/robot_3/cmd_vel (geometry_msgs/msg/Twist) -> /robot_3/cmd_vel (ignition.msgs.Twist)] (Lazy 0)
[parameter_bridge-4] [INFO] [1776778174.719924575] [all_robots_bridge]: Creating GZ->ROS Bridge: [/robot_3/odom (ignition.msgs.Odometry) -> /robot_3/odom (nav_msgs/msg/Odometry)] (Lazy 0)
[parameter_bridge-4] [INFO] [1776778174.720813316] [all_robots_bridge]: Creating GZ->ROS Bridge: [/robot_3/depth_camera/depth_image (ignition.msgs.Image) -> /robot_3/depth_camera/depth_image (sensor_msgs/msg/Image)] (Lazy 0)
[parameter_bridge-4] [INFO] [1776778174.721677654] [all_robots_bridge]: Creating GZ->ROS Bridge: [/world/random_world/model/robot_3/link/robot_3/base_footprint/sensor/contact_sensor/contact (ignition.msgs.Contacts) -> /world/random_world/model/robot_3/link/robot_3/base_footprint/sensor/contact_sensor/contact (ros_gz_interfaces/msg/Contacts)] (Lazy 0)
[parameter_bridge-4] [INFO] [1776778174.722813069] [all_robots_bridge]: Creating ROS->GZ Bridge: [/robot_4/cmd_vel (geometry_msgs/msg/Twist) -> /robot_4/cmd_vel (ignition.msgs.Twist)] (Lazy 0)
[parameter_bridge-4] [INFO] [1776778174.723513073] [all_robots_bridge]: Creating GZ->ROS Bridge: [/robot_4/odom (ignition.msgs.Odometry) -> /robot_4/odom (nav_msgs/msg/Odometry)] (Lazy 0)
[parameter_bridge-4] [INFO] [1776778174.724478301] [all_robots_bridge]: Creating GZ->ROS Bridge: [/robot_4/depth_camera/depth_image (ignition.msgs.Image) -> /robot_4/depth_camera/depth_image (sensor_msgs/msg/Image)] (Lazy 0)
[parameter_bridge-4] [INFO] [1776778174.725218431] [all_robots_bridge]: Creating GZ->ROS Bridge: [/world/random_world/model/robot_4/link/robot_4/base_footprint/sensor/contact_sensor/contact (ignition.msgs.Contacts) -> /world/random_world/model/robot_4/link/robot_4/base_footprint/sensor/contact_sensor/contact (ros_gz_interfaces/msg/Contacts)] (Lazy 0)
[parameter_bridge-4] [INFO] [1776778174.726155979] [all_robots_bridge]: Creating GZ->ROS Bridge: [/world/random_world/dynamic_pose/info (ignition.msgs.Pose_V) -> /world/random_world/dynamic_pose/info (tf2_msgs/msg/TFMessage)] (Lazy 0)
[robot_state_publisher-17] [INFO] [1776778174.737660921] [robot_4.robot_state_publisher]: got segment robot_4/antenna_link
[robot_state_publisher-17] [INFO] [1776778174.737809421] [robot_4.robot_state_publisher]: got segment robot_4/base_footprint
[robot_state_publisher-17] [INFO] [1776778174.737826099] [robot_4.robot_state_publisher]: got segment robot_4/base_link
[robot_state_publisher-17] [INFO] [1776778174.737835097] [robot_4.robot_state_publisher]: got segment robot_4/realsense_link
[robot_state_publisher-17] [INFO] [1776778174.737842822] [robot_4.robot_state_publisher]: got segment robot_4/rocker_L_link
[robot_state_publisher-17] [INFO] [1776778174.737850069] [robot_4.robot_state_publisher]: got segment robot_4/rocker_R_link
[robot_state_publisher-17] [INFO] [1776778174.737857178] [robot_4.robot_state_publisher]: got segment robot_4/wheel_FL_link
[robot_state_publisher-17] [INFO] [1776778174.737864562] [robot_4.robot_state_publisher]: got segment robot_4/wheel_FR_link
[robot_state_publisher-17] [INFO] [1776778174.737871587] [robot_4.robot_state_publisher]: got segment robot_4/wheel_RL_link
[robot_state_publisher-17] [INFO] [1776778174.737878850] [robot_4.robot_state_publisher]: got segment robot_4/wheel_RR_link
[bump_counter-3] [INFO] [1776778175.052515784] [bump_counter]: [global] global_mode=True cooldown(robot)=0.80s cooldown(obs)=0.50s Logging to /home/ecem/ros2_ws/src/Leo_sct/results_exp/explore/medium/prompt_4/run_9/spread/trial_3/run_20260421_152934/bumps_global_152935.csv
[robot_supervisor-13] [INFO] [1776778175.178377671] [robot_2.robot_supervisor]: Loaded initial mission 'explore' from explicit YAML explore_sup_gpt_medium_4_run_9_202.yaml
[robot_supervisor-19] [INFO] [1776778175.195137215] [robot_4.robot_supervisor]: Loaded initial mission 'explore' from explicit YAML explore_sup_gpt_medium_4_run_9_202.yaml
[robot_supervisor-7] [INFO] [1776778175.200460627] [robot_0.robot_supervisor]: Loaded initial mission 'explore' from explicit YAML explore_sup_gpt_medium_4_run_9_202.yaml
[create-6] [INFO] [1776778175.216716965] [robot_0.ros_gz_sim]: Waiting messages on topic [/robot_0/robot_description].
[robot_supervisor-16] [INFO] [1776778175.245706019] [robot_3.robot_supervisor]: Loaded initial mission 'explore' from explicit YAML explore_sup_gpt_medium_4_run_9_202.yaml
[robot_supervisor-13] [INFO] [1776778175.285894352] [robot_2.robot_supervisor]: Selected controllable event: EV_random_walk
[parameter_bridge-4] [INFO] [1776778175.286260087] [all_robots_bridge]: Passing message from ROS geometry_msgs/msg/Twist to Gazebo gz.msgs.Twist (showing msg only once per type)
[robot_supervisor-10] [INFO] [1776778175.288371064] [robot_1.robot_supervisor]: Loaded initial mission 'explore' from explicit YAML explore_sup_gpt_medium_4_run_9_202.yaml
[robot_supervisor-19] [INFO] [1776778175.302659368] [robot_4.robot_supervisor]: Selected controllable event: EV_random_walk
[robot_supervisor-7] [INFO] [1776778175.308945661] [robot_0.robot_supervisor]: Selected controllable event: EV_random_walk
[create-15] [INFO] [1776778175.317270534] [robot_3.ros_gz_sim]: Waiting messages on topic [/robot_3/robot_description].
[robot_supervisor-16] [INFO] [1776778175.354048673] [robot_3.robot_supervisor]: Selected controllable event: EV_random_walk
[robot_supervisor-10] [INFO] [1776778175.395636846] [robot_1.robot_supervisor]: Selected controllable event: EV_random_walk
[create-18] [INFO] [1776778175.417688210] [robot_4.ros_gz_sim]: Waiting messages on topic [/robot_4/robot_description].
[create-9] [INFO] [1776778175.517831791] [robot_1.ros_gz_sim]: Waiting messages on topic [/robot_1/robot_description].
[robot_supervisor-13] [INFO] [1776778175.586216075] [robot_2.robot_supervisor]: Selected controllable event: EV_random_walk
[robot_supervisor-19] [INFO] [1776778175.602664014] [robot_4.robot_supervisor]: Selected controllable event: EV_random_walk
[robot_supervisor-7] [INFO] [1776778175.608958363] [robot_0.robot_supervisor]: Selected controllable event: EV_random_walk
[create-6] [INFO] [1776778175.617116316] [robot_0.ros_gz_sim]: Requested creation of entity.
[create-6] [INFO] [1776778175.617174778] [robot_0.ros_gz_sim]: OK creation of entity.
[create-15] [INFO] [1776778175.617210534] [robot_3.ros_gz_sim]: Requested creation of entity.
[create-15] [INFO] [1776778175.617270642] [robot_3.ros_gz_sim]: OK creation of entity.
[create-9] [INFO] [1776778175.617263665] [robot_1.ros_gz_sim]: Requested creation of entity.
[create-9] [INFO] [1776778175.617315484] [robot_1.ros_gz_sim]: OK creation of entity.
[create-18] [INFO] [1776778175.617394439] [robot_4.ros_gz_sim]: Requested creation of entity.
[create-18] [INFO] [1776778175.617456398] [robot_4.ros_gz_sim]: OK creation of entity.
[create-12] [INFO] [1776778175.618340407] [robot_2.ros_gz_sim]: Waiting messages on topic [/robot_2/robot_description].
[create-12] [INFO] [1776778175.620833153] [robot_2.ros_gz_sim]: Requested creation of entity.
[create-12] [INFO] [1776778175.620883680] [robot_2.ros_gz_sim]: OK creation of entity.
[robot_supervisor-16] [INFO] [1776778175.653599526] [robot_3.robot_supervisor]: Selected controllable event: EV_random_walk
[robot_supervisor-10] [INFO] [1776778175.695921136] [robot_1.robot_supervisor]: Selected controllable event: EV_random_walk
[INFO] [create-9]: process has finished cleanly [pid 308408]
[INFO] [create-6]: process has finished cleanly [pid 308400]
[INFO] [create-12]: process has finished cleanly [pid 308414]
[INFO] [create-18]: process has finished cleanly [pid 308430]
[INFO] [create-15]: process has finished cleanly [pid 308420]
[robot_supervisor-13] [INFO] [1776778175.885829686] [robot_2.robot_supervisor]: Selected controllable event: EV_move_forward
[robot_supervisor-19] [INFO] [1776778175.902497699] [robot_4.robot_supervisor]: Selected controllable event: EV_move_forward
[robot_supervisor-7] [INFO] [1776778175.908901297] [robot_0.robot_supervisor]: Selected controllable event: EV_move_forward
[robot_supervisor-16] [INFO] [1776778175.953697082] [robot_3.robot_supervisor]: Selected controllable event: EV_move_forward
[robot_supervisor-10] [INFO] [1776778175.995697033] [robot_1.robot_supervisor]: Selected controllable event: EV_move_forward
[bump_counter-3] [INFO] [1776778176.189164952] [bump_counter]: [global] subscribed: /world/random_world/model/robot_0/link/robot_0/base_footprint/sensor/contact_sensor/contact
[bump_counter-3] [INFO] [1776778176.190169241] [bump_counter]: [global] subscribed: /world/random_world/model/robot_1/link/robot_1/base_footprint/sensor/contact_sensor/contact
[bump_counter-3] [INFO] [1776778176.191243662] [bump_counter]: [global] subscribed: /world/random_world/model/robot_2/link/robot_2/base_footprint/sensor/contact_sensor/contact
[bump_counter-3] [INFO] [1776778176.191930133] [bump_counter]: [global] subscribed: /world/random_world/model/robot_3/link/robot_3/base_footprint/sensor/contact_sensor/contact
[bump_counter-3] [INFO] [1776778176.192628867] [bump_counter]: [global] subscribed: /world/random_world/model/robot_4/link/robot_4/base_footprint/sensor/contact_sensor/contact
[INFO] [image_processor-21]: process started with pid [308808]
[INFO] [image_processor-22]: process started with pid [308810]
[INFO] [image_processor-23]: process started with pid [308812]
[INFO] [image_processor-24]: process started with pid [308814]
[INFO] [image_processor-25]: process started with pid [308816]
[image_processor-21] [INFO] [1776778176.717662141] [robot_0.image_processor]: image_processor: depth='/robot_0/depth_camera/depth_image' aruco_runtime=disabled
[image_processor-22] [INFO] [1776778176.719088997] [robot_1.image_processor]: image_processor: depth='/robot_1/depth_camera/depth_image' aruco_runtime=disabled
[image_processor-23] [INFO] [1776778176.723260822] [robot_2.image_processor]: image_processor: depth='/robot_2/depth_camera/depth_image' aruco_runtime=disabled
[image_processor-24] [INFO] [1776778176.726594989] [robot_3.image_processor]: image_processor: depth='/robot_3/depth_camera/depth_image' aruco_runtime=disabled
[image_processor-25] [INFO] [1776778176.728807648] [robot_4.image_processor]: image_processor: depth='/robot_4/depth_camera/depth_image' aruco_runtime=disabled
[image_processor-21] [INFO] [1776778180.499777989] [robot_0.image_processor]: Zone=CLEAR  left[p=0.904 near=0 v=7650]  front[p=1.356 near=0 v=13500]  right[p=1.356 near=0 v=7740]
[image_processor-24] [INFO] [1776778180.507418843] [robot_3.image_processor]: Zone=CLEAR  left[p=1.102 near=0 v=7650]  front[p=1.719 near=0 v=13500]  right[p=2.172 near=0 v=7740]
[image_processor-25] [INFO] [1776778180.522651728] [robot_4.image_processor]: Zone=CLEAR  left[p=3.196 near=0 v=6573]  front[p=2.953 near=0 v=9956]  right[p=2.658 near=0 v=5511]
[image_processor-23] [INFO] [1776778180.546666715] [robot_2.image_processor]: Zone=CLEAR  left[p=2.745 near=0 v=5011]  front[p=1.644 near=0 v=8425]  right[p=1.700 near=0 v=6986]
[image_processor-22] [INFO] [1776778180.633596270] [robot_1.image_processor]: Zone=CLEAR  left[p=1.667 near=0 v=7650]  front[p=3.100 near=0 v=12175]  right[p=2.607 near=0 v=7450]
[image_processor-21] [INFO] [1776778182.998225784] [robot_0.image_processor]: Zone=CLEAR
[image_processor-24] [INFO] [1776778183.008338901] [robot_3.image_processor]: Zone=CLEAR
[image_processor-25] [INFO] [1776778183.022227853] [robot_4.image_processor]: Zone=CLEAR
[image_processor-22] [INFO] [1776778183.032392357] [robot_1.image_processor]: Zone=CLEAR
[image_processor-23] [INFO] [1776778183.046322714] [robot_2.image_processor]: Zone=CLEAR
[image_processor-21] [INFO] [1776778185.502006936] [robot_0.image_processor]: Zone=CLEAR
[image_processor-24] [INFO] [1776778185.509072665] [robot_3.image_processor]: Zone=CLEAR
[image_processor-25] [INFO] [1776778185.523903328] [robot_4.image_processor]: Zone=CLEAR
[image_processor-22] [INFO] [1776778185.533074429] [robot_1.image_processor]: Zone=CLEAR
[image_processor-23] [INFO] [1776778185.547702417] [robot_2.image_processor]: Zone=CLEAR
[image_processor-24] [INFO] [1776778188.005889092] [robot_3.image_processor]: Zone=CLEAR
[image_processor-22] [INFO] [1776778188.029974687] [robot_1.image_processor]: Zone=CLEAR
[image_processor-23] [INFO] [1776778188.047193710] [robot_2.image_processor]: Zone=CLEAR
[image_processor-21] [INFO] [1776778188.100043067] [robot_0.image_processor]: Zone=CLEAR
[image_processor-25] [INFO] [1776778188.122323109] [robot_4.image_processor]: Zone=CLEAR
[image_processor-21] [INFO] [1776778190.496666715] [robot_0.image_processor]: Zone=CLEAR
[image_processor-24] [INFO] [1776778190.505574129] [robot_3.image_processor]: Zone=CLEAR
[image_processor-25] [INFO] [1776778190.521781356] [robot_4.image_processor]: Zone=CLEAR
[image_processor-22] [INFO] [1776778190.531956593] [robot_1.image_processor]: Zone=CLEAR
[image_processor-23] [INFO] [1776778190.547585161] [robot_2.image_processor]: Zone=CLEAR
[image_processor-21] [INFO] [1776778192.999948064] [robot_0.image_processor]: Zone=CLEAR
[image_processor-24] [INFO] [1776778193.008521418] [robot_3.image_processor]: Zone=CLEAR
[image_processor-25] [INFO] [1776778193.023090673] [robot_4.image_processor]: Zone=CLEAR
[image_processor-22] [INFO] [1776778193.031003848] [robot_1.image_processor]: Zone=CLEAR
[image_processor-23] [INFO] [1776778193.046783504] [robot_2.image_processor]: Zone=CLEAR
[image_processor-21] [INFO] [1776778195.497409163] [robot_0.image_processor]: Zone=CLEAR
[image_processor-24] [INFO] [1776778195.507699119] [robot_3.image_processor]: Zone=CLEAR
[image_processor-25] [INFO] [1776778195.522703645] [robot_4.image_processor]: Zone=CLEAR
[image_processor-22] [INFO] [1776778195.533475050] [robot_1.image_processor]: Zone=CLEAR
[image_processor-23] [INFO] [1776778195.552983531] [robot_2.image_processor]: Zone=CLEAR
[image_processor-21] [INFO] [1776778198.001822562] [robot_0.image_processor]: Zone=CLEAR
[image_processor-24] [INFO] [1776778198.011914568] [robot_3.image_processor]: Zone=CLEAR
[image_processor-25] [INFO] [1776778198.029802019] [robot_4.image_processor]: Zone=CLEAR
[image_processor-22] [INFO] [1776778198.037758332] [robot_1.image_processor]: Zone=CLEAR
[image_processor-23] [INFO] [1776778198.052328823] [robot_2.image_processor]: Zone=CLEAR
[image_processor-21] [INFO] [1776778200.498694365] [robot_0.image_processor]: Zone=CLEAR
[image_processor-24] [INFO] [1776778200.503851377] [robot_3.image_processor]: Zone=CLEAR
[image_processor-25] [INFO] [1776778200.516855468] [robot_4.image_processor]: Zone=CLEAR
[image_processor-22] [INFO] [1776778200.522817238] [robot_1.image_processor]: Zone=CLEAR
[image_processor-23] [INFO] [1776778200.533530583] [robot_2.image_processor]: Zone=CLEAR
[image_processor-21] [INFO] [1776778203.002262421] [robot_0.image_processor]: Zone=CLEAR
[image_processor-24] [INFO] [1776778203.011518678] [robot_3.image_processor]: Zone=CLEAR
[image_processor-25] [INFO] [1776778203.025239520] [robot_4.image_processor]: Zone=CLEAR
[image_processor-22] [INFO] [1776778203.033262545] [robot_1.image_processor]: Zone=CLEAR
[image_processor-23] [INFO] [1776778203.048963471] [robot_2.image_processor]: Zone=CLEAR
[image_processor-21] [INFO] [1776778205.500089480] [robot_0.image_processor]: Zone=CLEAR
[image_processor-24] [INFO] [1776778205.508635637] [robot_3.image_processor]: Zone=CLEAR
[image_processor-25] [INFO] [1776778205.523247068] [robot_4.image_processor]: Zone=CLEAR
[image_processor-22] [INFO] [1776778205.531318981] [robot_1.image_processor]: Zone=CLEAR
[image_processor-23] [INFO] [1776778205.546332004] [robot_2.image_processor]: Zone=CLEAR
[image_processor-21] [INFO] [1776778208.001748460] [robot_0.image_processor]: Zone=CLEAR
[image_processor-24] [INFO] [1776778208.012094780] [robot_3.image_processor]: Zone=CLEAR
[image_processor-25] [INFO] [1776778208.025741028] [robot_4.image_processor]: Zone=CLEAR
[image_processor-22] [INFO] [1776778208.036297329] [robot_1.image_processor]: Zone=CLEAR
[image_processor-23] [INFO] [1776778208.050490871] [robot_2.image_processor]: Zone=CLEAR
[image_processor-21] [INFO] [1776778210.500234635] [robot_0.image_processor]: Zone=CLEAR
[image_processor-24] [INFO] [1776778210.509045805] [robot_3.image_processor]: Zone=CLEAR
[image_processor-25] [INFO] [1776778210.523605385] [robot_4.image_processor]: Zone=CLEAR
[image_processor-22] [INFO] [1776778210.532428568] [robot_1.image_processor]: Zone=CLEAR
[image_processor-23] [INFO] [1776778210.548976727] [robot_2.image_processor]: Zone=CLEAR
[image_processor-21] [INFO] [1776778212.997374545] [robot_0.image_processor]: Zone=CLEAR
[image_processor-24] [INFO] [1776778213.007369212] [robot_3.image_processor]: Zone=CLEAR
[image_processor-25] [INFO] [1776778213.022520487] [robot_4.image_processor]: Zone=CLEAR
[image_processor-22] [INFO] [1776778213.029309242] [robot_1.image_processor]: Zone=CLEAR
[image_processor-23] [INFO] [1776778213.044372495] [robot_2.image_processor]: Zone=CLEAR
[image_processor-21] [INFO] [1776778215.499076559] [robot_0.image_processor]: Zone=CLEAR
[image_processor-24] [INFO] [1776778215.507836757] [robot_3.image_processor]: Zone=CLEAR
[image_processor-25] [INFO] [1776778215.523350614] [robot_4.image_processor]: Zone=CLEAR
[image_processor-22] [INFO] [1776778215.532092753] [robot_1.image_processor]: Zone=CLEAR
[image_processor-23] [INFO] [1776778215.547630379] [robot_2.image_processor]: Zone=CLEAR
[image_processor-21] [INFO] [1776778218.000871549] [robot_0.image_processor]: Zone=CLEAR
[image_processor-24] [INFO] [1776778218.009820934] [robot_3.image_processor]: Zone=CLEAR
[image_processor-25] [INFO] [1776778218.030077024] [robot_4.image_processor]: Zone=CLEAR
[image_processor-22] [INFO] [1776778218.039635282] [robot_1.image_processor]: Zone=CLEAR
[image_processor-23] [INFO] [1776778218.157347464] [robot_2.image_processor]: Zone=CLEAR
[image_processor-21] [INFO] [1776778220.499017907] [robot_0.image_processor]: Zone=CLEAR
[image_processor-24] [INFO] [1776778220.507935484] [robot_3.image_processor]: Zone=CLEAR
[image_processor-25] [INFO] [1776778220.521102134] [robot_4.image_processor]: Zone=CLEAR
[image_processor-22] [INFO] [1776778220.528336947] [robot_1.image_processor]: Zone=CLEAR
[image_processor-23] [INFO] [1776778220.540005983] [robot_2.image_processor]: Zone=CLEAR
[image_processor-21] [INFO] [1776778223.024979012] [robot_0.image_processor]: Zone=CLEAR
[image_processor-24] [INFO] [1776778223.075733325] [robot_3.image_processor]: Zone=CLEAR
[image_processor-25] [INFO] [1776778223.105882418] [robot_4.image_processor]: Zone=CLEAR
[image_processor-22] [INFO] [1776778223.115708241] [robot_1.image_processor]: Zone=CLEAR
[image_processor-23] [INFO] [1776778223.129728081] [robot_2.image_processor]: Zone=CLEAR
[image_processor-21] [INFO] [1776778225.500356936] [robot_0.image_processor]: Zone=CLEAR
[image_processor-24] [INFO] [1776778225.509619112] [robot_3.image_processor]: Zone=CLEAR
[image_processor-22] [INFO] [1776778225.536271582] [robot_1.image_processor]: Zone=CLEAR
[image_processor-23] [INFO] [1776778225.552490624] [robot_2.image_processor]: Zone=CLEAR
[image_processor-25] [INFO] [1776778225.625905315] [robot_4.image_processor]: Zone=CLEAR
[image_processor-21] [INFO] [1776778228.002466059] [robot_0.image_processor]: Zone=CLEAR
[image_processor-24] [INFO] [1776778228.011026403] [robot_3.image_processor]: Zone=CLEAR
[image_processor-25] [INFO] [1776778228.028021410] [robot_4.image_processor]: Zone=CLEAR
[image_processor-22] [INFO] [1776778228.036846987] [robot_1.image_processor]: Zone=CLEAR
[image_processor-23] [INFO] [1776778228.052121434] [robot_2.image_processor]: Zone=CLEAR
[image_processor-21] [INFO] [1776778230.500051443] [robot_0.image_processor]: Zone=CLEAR
[image_processor-25] [INFO] [1776778230.521225195] [robot_4.image_processor]: Zone=CLEAR
[image_processor-22] [INFO] [1776778230.530744745] [robot_1.image_processor]: Zone=CLEAR
[image_processor-23] [INFO] [1776778230.544421229] [robot_2.image_processor]: Zone=CLEAR
[image_processor-24] [INFO] [1776778230.607718230] [robot_3.image_processor]: Zone=CLEAR
[image_processor-24] [INFO] [1776778233.006459526] [robot_3.image_processor]: Zone=CLEAR
[image_processor-25] [INFO] [1776778233.020819560] [robot_4.image_processor]: Zone=CLEAR
[image_processor-22] [INFO] [1776778233.028500863] [robot_1.image_processor]: Zone=CLEAR
[image_processor-23] [INFO] [1776778233.044231230] [robot_2.image_processor]: Zone=CLEAR
[image_processor-21] [INFO] [1776778233.100173683] [robot_0.image_processor]: Zone=CLEAR
[image_processor-21] [INFO] [1776778235.501722209] [robot_0.image_processor]: Zone=CLEAR
[image_processor-24] [INFO] [1776778235.511587875] [robot_3.image_processor]: Zone=CLEAR
[image_processor-25] [INFO] [1776778235.530219755] [robot_4.image_processor]: Zone=CLEAR
[image_processor-22] [INFO] [1776778235.538846986] [robot_1.image_processor]: Zone=CLEAR
[image_processor-23] [INFO] [1776778235.554869807] [robot_2.image_processor]: Zone=CLEAR
[image_processor-21] [INFO] [1776778238.001029504] [robot_0.image_processor]: Zone=CLEAR
[image_processor-24] [INFO] [1776778238.008047524] [robot_3.image_processor]: Zone=CLEAR
[image_processor-25] [INFO] [1776778238.022065728] [robot_4.image_processor]: Zone=CLEAR
[image_processor-22] [INFO] [1776778238.029337779] [robot_1.image_processor]: Zone=CLEAR
[image_processor-23] [INFO] [1776778238.043988383] [robot_2.image_processor]: Zone=CLEAR
[image_processor-21] [INFO] [1776778240.499397662] [robot_0.image_processor]: Zone=CLEAR
[image_processor-24] [INFO] [1776778240.513269277] [robot_3.image_processor]: Zone=CLEAR
[image_processor-25] [INFO] [1776778240.526514515] [robot_4.image_processor]: Zone=CLEAR
[image_processor-22] [INFO] [1776778240.534886175] [robot_1.image_processor]: Zone=CLEAR
[image_processor-23] [INFO] [1776778240.549506888] [robot_2.image_processor]: Zone=CLEAR
[image_processor-24] [INFO] [1776778243.007761852] [robot_3.image_processor]: Zone=CLEAR
[image_processor-25] [INFO] [1776778243.021495830] [robot_4.image_processor]: Zone=CLEAR
[image_processor-23] [INFO] [1776778243.045768337] [robot_2.image_processor]: Zone=CLEAR
[image_processor-21] [INFO] [1776778243.097686650] [robot_0.image_processor]: Zone=CLEAR
[image_processor-22] [INFO] [1776778243.130706021] [robot_1.image_processor]: Zone=CLEAR
[image_processor-21] [INFO] [1776778245.500481073] [robot_0.image_processor]: Zone=CLEAR
[image_processor-24] [INFO] [1776778245.508030184] [robot_3.image_processor]: Zone=CLEAR
[image_processor-25] [INFO] [1776778245.521337550] [robot_4.image_processor]: Zone=CLEAR
[image_processor-22] [INFO] [1776778245.529732265] [robot_1.image_processor]: Zone=CLEAR
[image_processor-23] [INFO] [1776778245.542936198] [robot_2.image_processor]: Zone=CLEAR
[image_processor-21] [INFO] [1776778248.000681247] [robot_0.image_processor]: Zone=CLEAR
[image_processor-24] [INFO] [1776778248.012043918] [robot_3.image_processor]: Zone=CLEAR
[image_processor-25] [INFO] [1776778248.025971020] [robot_4.image_processor]: Zone=CLEAR
[image_processor-22] [INFO] [1776778248.034173778] [robot_1.image_processor]: Zone=CLEAR
[image_processor-23] [INFO] [1776778248.049359767] [robot_2.image_processor]: Zone=CLEAR
[image_processor-24] [INFO] [1776778250.506623475] [robot_3.image_processor]: Zone=CLEAR
[image_processor-25] [INFO] [1776778250.521461398] [robot_4.image_processor]: Zone=CLEAR
[image_processor-22] [INFO] [1776778250.530147070] [robot_1.image_processor]: Zone=CLEAR
[image_processor-23] [INFO] [1776778250.546942899] [robot_2.image_processor]: Zone=CLEAR
[image_processor-21] [INFO] [1776778250.600973497] [robot_0.image_processor]: Zone=CLEAR
[image_processor-21] [INFO] [1776778253.001618493] [robot_0.image_processor]: Zone=CLEAR
[image_processor-24] [INFO] [1776778253.009373023] [robot_3.image_processor]: Zone=CLEAR
[image_processor-25] [INFO] [1776778253.026623171] [robot_4.image_processor]: Zone=CLEAR
[image_processor-22] [INFO] [1776778253.035503134] [robot_1.image_processor]: Zone=CLEAR
[image_processor-23] [INFO] [1776778253.154274226] [robot_2.image_processor]: Zone=CLEAR
[image_processor-21] [INFO] [1776778255.498791779] [robot_0.image_processor]: Zone=CLEAR
[image_processor-24] [INFO] [1776778255.505961507] [robot_3.image_processor]: Zone=CLEAR
[image_processor-25] [INFO] [1776778255.520487881] [robot_4.image_processor]: Zone=CLEAR
[image_processor-23] [INFO] [1776778255.541775701] [robot_2.image_processor]: Zone=CLEAR
[image_processor-22] [INFO] [1776778255.629021031] [robot_1.image_processor]: Zone=CLEAR
[image_processor-21] [INFO] [1776778258.000559941] [robot_0.image_processor]: Zone=CLEAR
[image_processor-24] [INFO] [1776778258.008272217] [robot_3.image_processor]: Zone=CLEAR
[image_processor-25] [INFO] [1776778258.023214051] [robot_4.image_processor]: Zone=CLEAR
[image_processor-22] [INFO] [1776778258.032780288] [robot_1.image_processor]: Zone=CLEAR
[image_processor-23] [INFO] [1776778258.048692105] [robot_2.image_processor]: Zone=CLEAR
[image_processor-21] [INFO] [1776778260.498420244] [robot_0.image_processor]: Zone=CLEAR
[image_processor-24] [INFO] [1776778260.508206490] [robot_3.image_processor]: Zone=CLEAR
[image_processor-25] [INFO] [1776778260.521471346] [robot_4.image_processor]: Zone=CLEAR
[image_processor-22] [INFO] [1776778260.530950468] [robot_1.image_processor]: Zone=CLEAR
[image_processor-23] [INFO] [1776778260.545440923] [robot_2.image_processor]: Zone=CLEAR
[image_processor-21] [INFO] [1776778262.996752512] [robot_0.image_processor]: Zone=CLEAR
[image_processor-24] [INFO] [1776778263.012848301] [robot_3.image_processor]: Zone=CLEAR
[image_processor-25] [INFO] [1776778263.042604713] [robot_4.image_processor]: Zone=CLEAR
[image_processor-22] [INFO] [1776778263.058193985] [robot_1.image_processor]: Zone=CLEAR
[image_processor-23] [INFO] [1776778263.076139530] [robot_2.image_processor]: Zone=CLEAR
[image_processor-21] [INFO] [1776778265.500254582] [robot_0.image_processor]: Zone=CLEAR
[image_processor-25] [INFO] [1776778265.526804210] [robot_4.image_processor]: Zone=CLEAR
[image_processor-22] [INFO] [1776778265.536587111] [robot_1.image_processor]: Zone=CLEAR
[image_processor-23] [INFO] [1776778265.553485737] [robot_2.image_processor]: Zone=CLEAR
[image_processor-24] [INFO] [1776778265.609468898] [robot_3.image_processor]: Zone=CLEAR
[image_processor-21] [INFO] [1776778267.999295834] [robot_0.image_processor]: Zone=CLEAR
[image_processor-24] [INFO] [1776778268.007580584] [robot_3.image_processor]: Zone=CLEAR
[image_processor-25] [INFO] [1776778268.025163870] [robot_4.image_processor]: Zone=CLEAR
[image_processor-22] [INFO] [1776778268.038480920] [robot_1.image_processor]: Zone=CLEAR
[image_processor-23] [INFO] [1776778268.056102397] [robot_2.image_processor]: Zone=CLEAR
[image_processor-24] [INFO] [1776778270.509153348] [robot_3.image_processor]: Zone=CLEAR
[image_processor-25] [INFO] [1776778270.524356807] [robot_4.image_processor]: Zone=CLEAR
[image_processor-23] [INFO] [1776778270.547740070] [robot_2.image_processor]: Zone=CLEAR
[image_processor-21] [INFO] [1776778270.604028268] [robot_0.image_processor]: Zone=CLEAR
[image_processor-22] [INFO] [1776778270.632607697] [robot_1.image_processor]: Zone=CLEAR
[image_processor-21] [INFO] [1776778273.000363883] [robot_0.image_processor]: Zone=CLEAR
[image_processor-24] [INFO] [1776778273.007191299] [robot_3.image_processor]: Zone=CLEAR
[image_processor-25] [INFO] [1776778273.019750387] [robot_4.image_processor]: Zone=CLEAR
[image_processor-22] [INFO] [1776778273.028128178] [robot_1.image_processor]: Zone=CLEAR
[image_processor-23] [INFO] [1776778273.039420166] [robot_2.image_processor]: Zone=CLEAR
[image_processor-21] [INFO] [1776778275.497098332] [robot_0.image_processor]: Zone=CLEAR
[image_processor-24] [INFO] [1776778275.509324443] [robot_3.image_processor]: Zone=CLEAR
[image_processor-25] [INFO] [1776778275.524978783] [robot_4.image_processor]: Zone=CLEAR
[image_processor-22] [INFO] [1776778275.536005185] [robot_1.image_processor]: Zone=CLEAR
[image_processor-23] [INFO] [1776778275.650743182] [robot_2.image_processor]: Zone=CLEAR
[image_processor-21] [INFO] [1776778278.006792712] [robot_0.image_processor]: Zone=CLEAR
[image_processor-24] [INFO] [1776778278.022634032] [robot_3.image_processor]: Zone=CLEAR
[image_processor-25] [INFO] [1776778278.050301520] [robot_4.image_processor]: Zone=CLEAR
[image_processor-22] [INFO] [1776778278.059780167] [robot_1.image_processor]: Zone=CLEAR
[image_processor-23] [INFO] [1776778278.081313222] [robot_2.image_processor]: Zone=CLEAR
[image_processor-21] [INFO] [1776778280.502195598] [robot_0.image_processor]: Zone=CLEAR
[image_processor-24] [INFO] [1776778280.513452695] [robot_3.image_processor]: Zone=CLEAR
[image_processor-25] [INFO] [1776778280.530423489] [robot_4.image_processor]: Zone=CLEAR
[image_processor-22] [INFO] [1776778280.539977915] [robot_1.image_processor]: Zone=CLEAR
[image_processor-23] [INFO] [1776778280.555239880] [robot_2.image_processor]: Zone=CLEAR
[image_processor-21] [INFO] [1776778282.997948709] [robot_0.image_processor]: Zone=CLEAR
[image_processor-24] [INFO] [1776778283.007133377] [robot_3.image_processor]: Zone=CLEAR
[image_processor-25] [INFO] [1776778283.025622079] [robot_4.image_processor]: Zone=CLEAR
[image_processor-22] [INFO] [1776778283.034514697] [robot_1.image_processor]: Zone=CLEAR
[image_processor-23] [INFO] [1776778283.161459748] [robot_2.image_processor]: Zone=CLEAR
[image_processor-21] [INFO] [1776778285.500766221] [robot_0.image_processor]: Zone=CLEAR
[image_processor-24] [INFO] [1776778285.509177894] [robot_3.image_processor]: Zone=CLEAR
[image_processor-25] [INFO] [1776778285.524485985] [robot_4.image_processor]: Zone=CLEAR
[image_processor-22] [INFO] [1776778285.533430226] [robot_1.image_processor]: Zone=CLEAR
[image_processor-23] [INFO] [1776778285.551067910] [robot_2.image_processor]: Zone=CLEAR
[image_processor-21] [INFO] [1776778287.999102819] [robot_0.image_processor]: Zone=CLEAR
[image_processor-24] [INFO] [1776778288.007001457] [robot_3.image_processor]: Zone=CLEAR
[image_processor-25] [INFO] [1776778288.026027417] [robot_4.image_processor]: Zone=CLEAR
[image_processor-22] [INFO] [1776778288.036669351] [robot_1.image_processor]: Zone=CLEAR
[image_processor-23] [INFO] [1776778288.053692337] [robot_2.image_processor]: Zone=CLEAR
[image_processor-21] [INFO] [1776778290.524102834] [robot_0.image_processor]: Zone=CLEAR
[image_processor-24] [INFO] [1776778290.558368121] [robot_3.image_processor]: Zone=CLEAR
[image_processor-25] [INFO] [1776778290.586258344] [robot_4.image_processor]: Zone=CLEAR
[image_processor-22] [INFO] [1776778290.598696441] [robot_1.image_processor]: Zone=CLEAR
[image_processor-23] [INFO] [1776778290.618948597] [robot_2.image_processor]: Zone=CLEAR
[image_processor-21] [INFO] [1776778293.007152625] [robot_0.image_processor]: Zone=CLEAR
[image_processor-24] [INFO] [1776778293.022349913] [robot_3.image_processor]: Zone=CLEAR
[image_processor-25] [INFO] [1776778293.050522188] [robot_4.image_processor]: Zone=CLEAR
[image_processor-22] [INFO] [1776778293.065245419] [robot_1.image_processor]: Zone=CLEAR
[image_processor-23] [INFO] [1776778293.092145796] [robot_2.image_processor]: Zone=CLEAR
[image_processor-21] [INFO] [1776778295.498420387] [robot_0.image_processor]: Zone=CLEAR
[image_processor-24] [INFO] [1776778295.507276595] [robot_3.image_processor]: Zone=CLEAR
[image_processor-25] [INFO] [1776778295.523446099] [robot_4.image_processor]: Zone=CLEAR
[image_processor-22] [INFO] [1776778295.536300203] [robot_1.image_processor]: Zone=CLEAR
[image_processor-23] [INFO] [1776778295.549974971] [robot_2.image_processor]: Zone=CLEAR
[image_processor-21] [INFO] [1776778298.789778386] [robot_0.image_processor]: Zone=CLEAR
[image_processor-24] [INFO] [1776778298.934921629] [robot_3.image_processor]: Zone=CLEAR
[image_processor-25] [INFO] [1776778299.090352802] [robot_4.image_processor]: Zone=CLEAR
[image_processor-22] [INFO] [1776778299.175250841] [robot_1.image_processor]: Zone=CLEAR
[image_processor-23] [INFO] [1776778299.246059857] [robot_2.image_processor]: Zone=CLEAR
[image_processor-21] [INFO] [1776778301.403320329] [robot_0.image_processor]: Zone=CLEAR
[image_processor-24] [INFO] [1776778301.417265935] [robot_3.image_processor]: Zone=CLEAR
[image_processor-25] [INFO] [1776778301.441522638] [robot_4.image_processor]: Zone=CLEAR
[image_processor-22] [INFO] [1776778301.453147224] [robot_1.image_processor]: Zone=CLEAR
[image_processor-23] [INFO] [1776778301.474269561] [robot_2.image_processor]: Zone=CLEAR
[image_processor-21] [INFO] [1776778303.900688134] [robot_0.image_processor]: Zone=CLEAR
[image_processor-24] [INFO] [1776778303.908910948] [robot_3.image_processor]: Zone=CLEAR
[image_processor-25] [INFO] [1776778303.923699935] [robot_4.image_processor]: Zone=CLEAR
[image_processor-22] [INFO] [1776778303.932481867] [robot_1.image_processor]: Zone=CLEAR
[image_processor-23] [INFO] [1776778303.947261953] [robot_2.image_processor]: Zone=CLEAR
[image_processor-21] [INFO] [1776778306.404509988] [robot_0.image_processor]: Zone=CLEAR
[image_processor-24] [INFO] [1776778306.417068061] [robot_3.image_processor]: Zone=CLEAR
[image_processor-25] [INFO] [1776778306.435576762] [robot_4.image_processor]: Zone=CLEAR
[image_processor-22] [INFO] [1776778306.450407353] [robot_1.image_processor]: Zone=CLEAR
[image_processor-23] [INFO] [1776778306.472683746] [robot_2.image_processor]: Zone=CLEAR
[image_processor-21] [INFO] [1776778308.898934433] [robot_0.image_processor]: Zone=CLEAR
[image_processor-25] [INFO] [1776778308.922654713] [robot_4.image_processor]: Zone=CLEAR
[image_processor-22] [INFO] [1776778308.931478463] [robot_1.image_processor]: Zone=CLEAR
[image_processor-23] [INFO] [1776778308.946407218] [robot_2.image_processor]: Zone=CLEAR
[image_processor-24] [INFO] [1776778309.010276155] [robot_3.image_processor]: Zone=CLEAR
[image_processor-21] [INFO] [1776778311.400976699] [robot_0.image_processor]: Zone=CLEAR
[image_processor-24] [INFO] [1776778311.411609353] [robot_3.image_processor]: Zone=CLEAR
[image_processor-25] [INFO] [1776778311.430903205] [robot_4.image_processor]: Zone=CLEAR
[image_processor-22] [INFO] [1776778311.438729938] [robot_1.image_processor]: Zone=CLEAR
[image_processor-23] [INFO] [1776778311.455645430] [robot_2.image_processor]: Zone=CLEAR
[image_processor-21] [INFO] [1776778313.900586250] [robot_0.image_processor]: Zone=CLEAR
[image_processor-24] [INFO] [1776778313.910948928] [robot_3.image_processor]: Zone=CLEAR
[image_processor-25] [INFO] [1776778313.923036317] [robot_4.image_processor]: Zone=CLEAR
[image_processor-23] [INFO] [1776778313.946434344] [robot_2.image_processor]: Zone=CLEAR
[image_processor-22] [INFO] [1776778314.031908438] [robot_1.image_processor]: Zone=CLEAR
[image_processor-24] [INFO] [1776778316.407711695] [robot_3.image_processor]: Zone=CLEAR
[image_processor-25] [INFO] [1776778316.421255762] [robot_4.image_processor]: Zone=CLEAR
[image_processor-22] [INFO] [1776778316.430862225] [robot_1.image_processor]: Zone=CLEAR
[image_processor-23] [INFO] [1776778316.445320463] [robot_2.image_processor]: Zone=CLEAR
[image_processor-21] [INFO] [1776778316.500895528] [robot_0.image_processor]: Zone=CLEAR
[image_processor-21] [INFO] [1776778318.901492458] [robot_0.image_processor]: Zone=CLEAR
[image_processor-25] [INFO] [1776778318.923873099] [robot_4.image_processor]: Zone=CLEAR
[image_processor-22] [INFO] [1776778318.932434070] [robot_1.image_processor]: Zone=CLEAR
[image_processor-23] [INFO] [1776778318.948732561] [robot_2.image_processor]: Zone=CLEAR
[image_processor-24] [INFO] [1776778319.010825036] [robot_3.image_processor]: Zone=CLEAR
[image_processor-21] [INFO] [1776778321.401151008] [robot_0.image_processor]: Zone=CLEAR
[image_processor-24] [INFO] [1776778321.410824083] [robot_3.image_processor]: Zone=CLEAR
[image_processor-25] [INFO] [1776778321.422782395] [robot_4.image_processor]: Zone=CLEAR
[image_processor-23] [INFO] [1776778321.447007406] [robot_2.image_processor]: Zone=CLEAR
[image_processor-22] [INFO] [1776778321.533855984] [robot_1.image_processor]: Zone=CLEAR
[image_processor-21] [INFO] [1776778323.900630031] [robot_0.image_processor]: Zone=CLEAR
[image_processor-24] [INFO] [1776778323.913645424] [robot_3.image_processor]: Zone=CLEAR
[image_processor-25] [INFO] [1776778323.927393528] [robot_4.image_processor]: Zone=CLEAR
[image_processor-22] [INFO] [1776778323.935985682] [robot_1.image_processor]: Zone=CLEAR
[image_processor-23] [INFO] [1776778323.950869722] [robot_2.image_processor]: Zone=CLEAR
[image_processor-21] [INFO] [1776778326.400525856] [robot_0.image_processor]: Zone=CLEAR
[image_processor-24] [INFO] [1776778326.409953874] [robot_3.image_processor]: Zone=CLEAR
[image_processor-25] [INFO] [1776778326.424996087] [robot_4.image_processor]: Zone=CLEAR
[image_processor-22] [INFO] [1776778326.433762312] [robot_1.image_processor]: Zone=CLEAR
[image_processor-23] [INFO] [1776778326.447684099] [robot_2.image_processor]: Zone=CLEAR
[image_processor-24] [INFO] [1776778328.908564197] [robot_3.image_processor]: Zone=CLEAR
[image_processor-25] [INFO] [1776778328.921865039] [robot_4.image_processor]: Zone=CLEAR
[image_processor-22] [INFO] [1776778328.931918643] [robot_1.image_processor]: Zone=CLEAR
[image_processor-23] [INFO] [1776778328.944545482] [robot_2.image_processor]: Zone=CLEAR
[image_processor-21] [INFO] [1776778329.002861865] [robot_0.image_processor]: Zone=CLEAR
[image_processor-21] [INFO] [1776778331.402671265] [robot_0.image_processor]: Zone=CLEAR
[image_processor-24] [INFO] [1776778331.412909515] [robot_3.image_processor]: Zone=CLEAR
[image_processor-25] [INFO] [1776778331.426928237] [robot_4.image_processor]: Zone=CLEAR
[image_processor-22] [INFO] [1776778331.435565152] [robot_1.image_processor]: Zone=CLEAR
[image_processor-23] [INFO] [1776778331.451398950] [robot_2.image_processor]: Zone=CLEAR
[image_processor-21] [INFO] [1776778333.900820663] [robot_0.image_processor]: Zone=CLEAR
[image_processor-24] [INFO] [1776778333.911433464] [robot_3.image_processor]: Zone=CLEAR
[image_processor-25] [INFO] [1776778333.925784039] [robot_4.image_processor]: Zone=CLEAR
[image_processor-22] [INFO] [1776778333.932995445] [robot_1.image_processor]: Zone=CLEAR
[image_processor-23] [INFO] [1776778334.047987458] [robot_2.image_processor]: Zone=CLEAR
[image_processor-21] [INFO] [1776778336.403107030] [robot_0.image_processor]: Zone=CLEAR
[image_processor-24] [INFO] [1776778336.410438162] [robot_3.image_processor]: Zone=CLEAR
[image_processor-25] [INFO] [1776778336.424633162] [robot_4.image_processor]: Zone=CLEAR
[image_processor-22] [INFO] [1776778336.432521646] [robot_1.image_processor]: Zone=CLEAR
[image_processor-23] [INFO] [1776778336.547571612] [robot_2.image_processor]: Zone=CLEAR
[image_processor-21] [INFO] [1776778338.901446377] [robot_0.image_processor]: Zone=CLEAR
[image_processor-24] [INFO] [1776778338.910480186] [robot_3.image_processor]: Zone=CLEAR
[image_processor-25] [INFO] [1776778338.923392475] [robot_4.image_processor]: Zone=CLEAR
[image_processor-22] [INFO] [1776778338.931551317] [robot_1.image_processor]: Zone=CLEAR
[image_processor-23] [INFO] [1776778338.946863332] [robot_2.image_processor]: Zone=CLEAR
[image_processor-21] [INFO] [1776778341.401654105] [robot_0.image_processor]: Zone=CLEAR
[image_processor-24] [INFO] [1776778341.408792824] [robot_3.image_processor]: Zone=CLEAR
[image_processor-25] [INFO] [1776778341.422801137] [robot_4.image_processor]: Zone=CLEAR
[image_processor-22] [INFO] [1776778341.431178965] [robot_1.image_processor]: Zone=CLEAR
[image_processor-23] [INFO] [1776778341.446248893] [robot_2.image_processor]: Zone=CLEAR
[image_processor-21] [INFO] [1776778343.903518111] [robot_0.image_processor]: Zone=CLEAR
[image_processor-24] [INFO] [1776778343.910223166] [robot_3.image_processor]: Zone=CLEAR
[image_processor-25] [INFO] [1776778343.924771118] [robot_4.image_processor]: Zone=CLEAR
[image_processor-22] [INFO] [1776778343.932316781] [robot_1.image_processor]: Zone=CLEAR
[image_processor-23] [INFO] [1776778343.946195413] [robot_2.image_processor]: Zone=CLEAR
[image_processor-21] [INFO] [1776778346.401069271] [robot_0.image_processor]: Zone=CLEAR
[image_processor-24] [INFO] [1776778346.411739365] [robot_3.image_processor]: Zone=CLEAR
[image_processor-25] [INFO] [1776778346.425151555] [robot_4.image_processor]: Zone=CLEAR
[image_processor-22] [INFO] [1776778346.433166270] [robot_1.image_processor]: Zone=CLEAR
[image_processor-23] [INFO] [1776778346.448910994] [robot_2.image_processor]: Zone=CLEAR
[image_processor-21] [INFO] [1776778348.904720856] [robot_0.image_processor]: Zone=CLEAR
[image_processor-24] [INFO] [1776778348.917161558] [robot_3.image_processor]: Zone=CLEAR
[image_processor-25] [INFO] [1776778348.931664090] [robot_4.image_processor]: Zone=CLEAR
[image_processor-22] [INFO] [1776778348.941005339] [robot_1.image_processor]: Zone=CLEAR
[image_processor-23] [INFO] [1776778348.953853377] [robot_2.image_processor]: Zone=CLEAR
[image_processor-21] [INFO] [1776778351.403413546] [robot_0.image_processor]: Zone=CLEAR
[image_processor-24] [INFO] [1776778351.411723663] [robot_3.image_processor]: Zone=CLEAR
[image_processor-25] [INFO] [1776778351.426981209] [robot_4.image_processor]: Zone=CLEAR
[image_processor-22] [INFO] [1776778351.435840716] [robot_1.image_processor]: Zone=CLEAR
[image_processor-23] [INFO] [1776778351.452760785] [robot_2.image_processor]: Zone=CLEAR
[image_processor-21] [INFO] [1776778353.900765537] [robot_0.image_processor]: Zone=CLEAR
[image_processor-24] [INFO] [1776778353.910009278] [robot_3.image_processor]: Zone=CLEAR
[image_processor-25] [INFO] [1776778353.923334430] [robot_4.image_processor]: Zone=CLEAR
[image_processor-22] [INFO] [1776778353.931793669] [robot_1.image_processor]: Zone=CLEAR
[image_processor-23] [INFO] [1776778353.945713573] [robot_2.image_processor]: Zone=CLEAR
[image_processor-21] [INFO] [1776778356.401892881] [robot_0.image_processor]: Zone=CLEAR
[image_processor-24] [INFO] [1776778356.408736882] [robot_3.image_processor]: Zone=CLEAR
[image_processor-25] [INFO] [1776778356.423501804] [robot_4.image_processor]: Zone=CLEAR
[image_processor-22] [INFO] [1776778356.431172659] [robot_1.image_processor]: Zone=CLEAR
[image_processor-23] [INFO] [1776778356.447086455] [robot_2.image_processor]: Zone=CLEAR
[image_processor-21] [INFO] [1776778358.905390847] [robot_0.image_processor]: Zone=CLEAR
[image_processor-24] [INFO] [1776778358.917074586] [robot_3.image_processor]: Zone=CLEAR
[image_processor-25] [INFO] [1776778358.929964110] [robot_4.image_processor]: Zone=CLEAR
[image_processor-22] [INFO] [1776778358.938918359] [robot_1.image_processor]: Zone=CLEAR
[image_processor-23] [INFO] [1776778358.952603169] [robot_2.image_processor]: Zone=CLEAR
[image_processor-21] [INFO] [1776778361.405957114] [robot_0.image_processor]: Zone=CLEAR
[image_processor-24] [INFO] [1776778361.414028061] [robot_3.image_processor]: Zone=CLEAR
[image_processor-25] [INFO] [1776778361.427013403] [robot_4.image_processor]: Zone=CLEAR
[image_processor-22] [INFO] [1776778361.436085670] [robot_1.image_processor]: Zone=CLEAR
[image_processor-23] [INFO] [1776778361.451373233] [robot_2.image_processor]: Zone=CLEAR
[image_processor-21] [INFO] [1776778363.902798720] [robot_0.image_processor]: Zone=CLEAR
[image_processor-25] [INFO] [1776778363.924121980] [robot_4.image_processor]: Zone=CLEAR
[image_processor-22] [INFO] [1776778363.932942001] [robot_1.image_processor]: Zone=CLEAR
[image_processor-23] [INFO] [1776778363.947598239] [robot_2.image_processor]: Zone=CLEAR
[image_processor-24] [INFO] [1776778364.012744505] [robot_3.image_processor]: Zone=CLEAR
[image_processor-21] [INFO] [1776778366.399718947] [robot_0.image_processor]: Zone=CLEAR
[image_processor-24] [INFO] [1776778366.409542435] [robot_3.image_processor]: Zone=CLEAR
[image_processor-25] [INFO] [1776778366.423765798] [robot_4.image_processor]: Zone=CLEAR
[image_processor-22] [INFO] [1776778366.432389760] [robot_1.image_processor]: Zone=CLEAR
[image_processor-23] [INFO] [1776778366.446213860] [robot_2.image_processor]: Zone=CLEAR
[image_processor-21] [INFO] [1776778368.900076082] [robot_0.image_processor]: Zone=CLEAR
[image_processor-24] [INFO] [1776778368.909415096] [robot_3.image_processor]: Zone=CLEAR
[image_processor-25] [INFO] [1776778368.923156346] [robot_4.image_processor]: Zone=CLEAR
[image_processor-22] [INFO] [1776778368.931084591] [robot_1.image_processor]: Zone=CLEAR
[image_processor-23] [INFO] [1776778368.945430670] [robot_2.image_processor]: Zone=CLEAR
[image_processor-21] [INFO] [1776778371.399642722] [robot_0.image_processor]: Zone=CLEAR
[image_processor-24] [INFO] [1776778371.409693612] [robot_3.image_processor]: Zone=CLEAR
[image_processor-25] [INFO] [1776778371.423936039] [robot_4.image_processor]: Zone=CLEAR
[image_processor-22] [INFO] [1776778371.431960805] [robot_1.image_processor]: Zone=CLEAR
[image_processor-23] [INFO] [1776778371.548031027] [robot_2.image_processor]: Zone=CLEAR
[image_processor-21] [INFO] [1776778373.903679764] [robot_0.image_processor]: Zone=CLEAR
[image_processor-24] [INFO] [1776778373.911258975] [robot_3.image_processor]: Zone=CLEAR
[image_processor-25] [INFO] [1776778373.924562071] [robot_4.image_processor]: Zone=CLEAR
[image_processor-22] [INFO] [1776778373.933565042] [robot_1.image_processor]: Zone=CLEAR
[image_processor-23] [INFO] [1776778373.947439481] [robot_2.image_processor]: Zone=CLEAR
[INFO] [image_processor-25]: sending signal 'SIGINT' to process[image_processor-25]
[ERROR] [ign gazebo-1]: process has died [pid 308389, exit code -15, cmd 'ruby /usr/bin/ign gazebo /home/ecem/ros2_ws/install/swarm_basics/share/swarm_basics/worlds/random_world.sdf -s -r --force-version 6'].
[ERROR] [parameter_bridge-4]: process has died [pid 308396, exit code -15, cmd '/opt/ros/humble/lib/ros_ign_bridge/parameter_bridge /robot_0/cmd_vel@geometry_msgs/msg/Twist]ignition.msgs.Twist /robot_0/odom@nav_msgs/msg/Odometry[ignition.msgs.Odometry /robot_0/depth_camera/depth_image@sensor_msgs/msg/Image[ignition.msgs.Image /world/random_world/model/robot_0/link/robot_0/base_footprint/sensor/contact_sensor/contact@ros_gz_interfaces/msg/Contacts[ignition.msgs.Contacts /robot_1/cmd_vel@geometry_msgs/msg/Twist]ignition.msgs.Twist /robot_1/odom@nav_msgs/msg/Odometry[ignition.msgs.Odometry /robot_1/depth_camera/depth_image@sensor_msgs/msg/Image[ignition.msgs.Image /world/random_world/model/robot_1/link/robot_1/base_footprint/sensor/contact_sensor/contact@ros_gz_interfaces/msg/Contacts[ignition.msgs.Contacts /robot_2/cmd_vel@geometry_msgs/msg/Twist]ignition.msgs.Twist /robot_2/odom@nav_msgs/msg/Odometry[ignition.msgs.Odometry /robot_2/depth_camera/depth_image@sensor_msgs/msg/Image[ignition.msgs.Image /world/random_world/model/robot_2/link/robot_2/base_footprint/sensor/contact_sensor/contact@ros_gz_interfaces/msg/Contacts[ignition.msgs.Contacts /robot_3/cmd_vel@geometry_msgs/msg/Twist]ignition.msgs.Twist /robot_3/odom@nav_msgs/msg/Odometry[ignition.msgs.Odometry /robot_3/depth_camera/depth_image@sensor_msgs/msg/Image[ignition.msgs.Image /world/random_world/model/robot_3/link/robot_3/base_footprint/sensor/contact_sensor/contact@ros_gz_interfaces/msg/Contacts[ignition.msgs.Contacts /robot_4/cmd_vel@geometry_msgs/msg/Twist]ignition.msgs.Twist /robot_4/odom@nav_msgs/msg/Odometry[ignition.msgs.Odometry /robot_4/depth_camera/depth_image@sensor_msgs/msg/Image[ignition.msgs.Image /world/random_world/model/robot_4/link/robot_4/base_footprint/sensor/contact_sensor/contact@ros_gz_interfaces/msg/Contacts[ignition.msgs.Contacts /world/random_world/dynamic_pose/info@tf2_msgs/msg/TFMessage[ignition.msgs.Pose_V --ros-args -r __node:=all_robots_bridge --params-file /tmp/launch_params_zxkcf4t_'].
[INFO] [parameter_bridge-20]: process has finished cleanly [pid 308434]
[INFO] [image_processor-24]: sending signal 'SIGINT' to process[image_processor-24]
[INFO] [bash-26]: process started with pid [309116]
[INFO] [image_processor-23]: sending signal 'SIGINT' to process[image_processor-23]
[INFO] [image_processor-22]: sending signal 'SIGINT' to process[image_processor-22]
[INFO] [image_processor-21]: sending signal 'SIGINT' to process[image_processor-21]
[INFO] [robot_supervisor-19]: sending signal 'SIGINT' to process[robot_supervisor-19]
[INFO] [robot_state_publisher-17]: sending signal 'SIGINT' to process[robot_state_publisher-17]
[INFO] [robot_supervisor-16]: sending signal 'SIGINT' to process[robot_supervisor-16]
[INFO] [robot_state_publisher-14]: sending signal 'SIGINT' to process[robot_state_publisher-14]
[INFO] [robot_supervisor-13]: sending signal 'SIGINT' to process[robot_supervisor-13]
[INFO] [robot_state_publisher-11]: sending signal 'SIGINT' to process[robot_state_publisher-11]
[INFO] [robot_supervisor-10]: sending signal 'SIGINT' to process[robot_supervisor-10]
[INFO] [robot_state_publisher-8]: sending signal 'SIGINT' to process[robot_state_publisher-8]
[INFO] [robot_supervisor-7]: sending signal 'SIGINT' to process[robot_supervisor-7]
[INFO] [robot_state_publisher-5]: sending signal 'SIGINT' to process[robot_state_publisher-5]
[INFO] [bump_counter-3]: sending signal 'SIGINT' to process[bump_counter-3]
[INFO] [coverage_counter-2]: sending signal 'SIGINT' to process[coverage_counter-2]
[ERROR] [bash-26]: process has died [pid 309116, exit code -15, cmd 'bash -lc pkill -f parameter_bridge || true'].
[parameter_bridge-4] [INFO] [1776778374.705689382] [rclcpp]: signal_handler(SIGINT/SIGTERM)
[parameter_bridge-20] [INFO] [1776778374.705689152] [rclcpp]: signal_handler(SIGINT/SIGTERM)
[INFO] [launch]: process[ign gazebo-1] was required: shutting down launched system
[image_processor-25] [INFO] [1776778375.385974060] [rclcpp]: signal_handler(SIGINT/SIGTERM)
[image_processor-24] [INFO] [1776778375.388219713] [rclcpp]: signal_handler(SIGINT/SIGTERM)
[image_processor-23] [INFO] [1776778375.392134143] [rclcpp]: signal_handler(SIGINT/SIGTERM)
[image_processor-22] [INFO] [1776778375.394213948] [rclcpp]: signal_handler(SIGINT/SIGTERM)
[image_processor-21] [INFO] [1776778375.396166749] [rclcpp]: signal_handler(SIGINT/SIGTERM)
[robot_supervisor-19] Traceback (most recent call last):
[robot_supervisor-19]   File "/home/ecem/ros2_ws/install/swarm_basics/lib/swarm_basics/robot_supervisor", line 33, in <module>
[robot_supervisor-19]     sys.exit(load_entry_point('swarm-basics==0.0.0', 'console_scripts', 'robot_supervisor')())
[robot_supervisor-19]   File "/home/ecem/ros2_ws/install/swarm_basics/lib/python3.10/site-packages/swarm_basics/robot_supervisor.py", line 867, in main
[robot_supervisor-19]     rclpy.spin(node)
[robot_supervisor-19]   File "/opt/ros/humble/local/lib/python3.10/dist-packages/rclpy/__init__.py", line 229, in spin
[robot_supervisor-19]     executor.spin_once()
[robot_supervisor-19]   File "/opt/ros/humble/local/lib/python3.10/dist-packages/rclpy/executors.py", line 773, in spin_once
[robot_supervisor-19]     self._spin_once_impl(timeout_sec)
[robot_supervisor-19]   File "/opt/ros/humble/local/lib/python3.10/dist-packages/rclpy/executors.py", line 762, in _spin_once_impl
[robot_supervisor-19]     handler, entity, node = self.wait_for_ready_callbacks(timeout_sec=timeout_sec)
[robot_supervisor-19]   File "/opt/ros/humble/local/lib/python3.10/dist-packages/rclpy/executors.py", line 745, in wait_for_ready_callbacks
[robot_supervisor-19]     return next(self._cb_iter)
[robot_supervisor-19]   File "/opt/ros/humble/local/lib/python3.10/dist-packages/rclpy/executors.py", line 642, in _wait_for_ready_callbacks
[robot_supervisor-19]     wait_set.wait(timeout_nsec)
[robot_supervisor-19] KeyboardInterrupt
[robot_state_publisher-17] [INFO] [1776778375.402144963] [rclcpp]: signal_handler(SIGINT/SIGTERM)
[robot_supervisor-16] Traceback (most recent call last):
[robot_supervisor-16]   File "/home/ecem/ros2_ws/install/swarm_basics/lib/swarm_basics/robot_supervisor", line 33, in <module>
[robot_supervisor-16]     sys.exit(load_entry_point('swarm-basics==0.0.0', 'console_scripts', 'robot_supervisor')())
[robot_supervisor-16]   File "/home/ecem/ros2_ws/install/swarm_basics/lib/python3.10/site-packages/swarm_basics/robot_supervisor.py", line 867, in main
[robot_supervisor-16]     rclpy.spin(node)
[robot_supervisor-16]   File "/opt/ros/humble/local/lib/python3.10/dist-packages/rclpy/__init__.py", line 229, in spin
[robot_supervisor-16]     executor.spin_once()
[robot_supervisor-16]   File "/opt/ros/humble/local/lib/python3.10/dist-packages/rclpy/executors.py", line 773, in spin_once
[robot_supervisor-16]     self._spin_once_impl(timeout_sec)
[robot_supervisor-16]   File "/opt/ros/humble/local/lib/python3.10/dist-packages/rclpy/executors.py", line 762, in _spin_once_impl
[robot_supervisor-16]     handler, entity, node = self.wait_for_ready_callbacks(timeout_sec=timeout_sec)
[robot_supervisor-16]   File "/opt/ros/humble/local/lib/python3.10/dist-packages/rclpy/executors.py", line 745, in wait_for_ready_callbacks
[robot_supervisor-16]     return next(self._cb_iter)
[robot_supervisor-16]   File "/opt/ros/humble/local/lib/python3.10/dist-packages/rclpy/executors.py", line 642, in _wait_for_ready_callbacks
[robot_supervisor-16]     wait_set.wait(timeout_nsec)
[robot_supervisor-16] KeyboardInterrupt
[robot_state_publisher-14] [INFO] [1776778375.406356152] [rclcpp]: signal_handler(SIGINT/SIGTERM)
[robot_supervisor-13] Traceback (most recent call last):
[robot_supervisor-13]   File "/home/ecem/ros2_ws/install/swarm_basics/lib/swarm_basics/robot_supervisor", line 33, in <module>
[robot_supervisor-13]     sys.exit(load_entry_point('swarm-basics==0.0.0', 'console_scripts', 'robot_supervisor')())
[robot_supervisor-13]   File "/home/ecem/ros2_ws/install/swarm_basics/lib/python3.10/site-packages/swarm_basics/robot_supervisor.py", line 867, in main
[robot_supervisor-13]     rclpy.spin(node)
[robot_supervisor-13]   File "/opt/ros/humble/local/lib/python3.10/dist-packages/rclpy/__init__.py", line 229, in spin
[robot_supervisor-13]     executor.spin_once()
[robot_supervisor-13]   File "/opt/ros/humble/local/lib/python3.10/dist-packages/rclpy/executors.py", line 773, in spin_once
[robot_supervisor-13]     self._spin_once_impl(timeout_sec)
[robot_supervisor-13]   File "/opt/ros/humble/local/lib/python3.10/dist-packages/rclpy/executors.py", line 762, in _spin_once_impl
[robot_supervisor-13]     handler, entity, node = self.wait_for_ready_callbacks(timeout_sec=timeout_sec)
[robot_supervisor-13]   File "/opt/ros/humble/local/lib/python3.10/dist-packages/rclpy/executors.py", line 745, in wait_for_ready_callbacks
[robot_supervisor-13]     return next(self._cb_iter)
[robot_supervisor-13]   File "/opt/ros/humble/local/lib/python3.10/dist-packages/rclpy/executors.py", line 642, in _wait_for_ready_callbacks
[robot_supervisor-13]     wait_set.wait(timeout_nsec)
[robot_supervisor-13] KeyboardInterrupt
[robot_state_publisher-11] [INFO] [1776778375.410654142] [rclcpp]: signal_handler(SIGINT/SIGTERM)
[robot_supervisor-10] Traceback (most recent call last):
[robot_supervisor-10]   File "/home/ecem/ros2_ws/install/swarm_basics/lib/swarm_basics/robot_supervisor", line 33, in <module>
[robot_supervisor-10]     sys.exit(load_entry_point('swarm-basics==0.0.0', 'console_scripts', 'robot_supervisor')())
[robot_supervisor-10]   File "/home/ecem/ros2_ws/install/swarm_basics/lib/python3.10/site-packages/swarm_basics/robot_supervisor.py", line 867, in main
[robot_supervisor-10]     rclpy.spin(node)
[robot_supervisor-10]   File "/opt/ros/humble/local/lib/python3.10/dist-packages/rclpy/__init__.py", line 229, in spin
[robot_supervisor-10]     executor.spin_once()
[robot_supervisor-10]   File "/opt/ros/humble/local/lib/python3.10/dist-packages/rclpy/executors.py", line 773, in spin_once
[robot_supervisor-10]     self._spin_once_impl(timeout_sec)
[robot_supervisor-10]   File "/opt/ros/humble/local/lib/python3.10/dist-packages/rclpy/executors.py", line 762, in _spin_once_impl
[robot_supervisor-10]     handler, entity, node = self.wait_for_ready_callbacks(timeout_sec=timeout_sec)
[robot_supervisor-10]   File "/opt/ros/humble/local/lib/python3.10/dist-packages/rclpy/executors.py", line 745, in wait_for_ready_callbacks
[robot_supervisor-10]     return next(self._cb_iter)
[robot_supervisor-10]   File "/opt/ros/humble/local/lib/python3.10/dist-packages/rclpy/executors.py", line 642, in _wait_for_ready_callbacks
[robot_supervisor-10]     wait_set.wait(timeout_nsec)
[robot_supervisor-10] KeyboardInterrupt
[robot_state_publisher-8] [INFO] [1776778375.414952120] [rclcpp]: signal_handler(SIGINT/SIGTERM)
[robot_supervisor-7] Traceback (most recent call last):
[robot_supervisor-7]   File "/home/ecem/ros2_ws/install/swarm_basics/lib/swarm_basics/robot_supervisor", line 33, in <module>
[robot_supervisor-7]     sys.exit(load_entry_point('swarm-basics==0.0.0', 'console_scripts', 'robot_supervisor')())
[robot_supervisor-7]   File "/home/ecem/ros2_ws/install/swarm_basics/lib/python3.10/site-packages/swarm_basics/robot_supervisor.py", line 867, in main
[robot_supervisor-7]     rclpy.spin(node)
[robot_supervisor-7]   File "/opt/ros/humble/local/lib/python3.10/dist-packages/rclpy/__init__.py", line 229, in spin
[robot_supervisor-7]     executor.spin_once()
[robot_supervisor-7]   File "/opt/ros/humble/local/lib/python3.10/dist-packages/rclpy/executors.py", line 773, in spin_once
[robot_supervisor-7]     self._spin_once_impl(timeout_sec)
[robot_supervisor-7]   File "/opt/ros/humble/local/lib/python3.10/dist-packages/rclpy/executors.py", line 762, in _spin_once_impl
[robot_supervisor-7]     handler, entity, node = self.wait_for_ready_callbacks(timeout_sec=timeout_sec)
[robot_supervisor-7]   File "/opt/ros/humble/local/lib/python3.10/dist-packages/rclpy/executors.py", line 745, in wait_for_ready_callbacks
[robot_supervisor-7]     return next(self._cb_iter)
[robot_supervisor-7]   File "/opt/ros/humble/local/lib/python3.10/dist-packages/rclpy/executors.py", line 642, in _wait_for_ready_callbacks
[robot_supervisor-7]     wait_set.wait(timeout_nsec)
[robot_supervisor-7] KeyboardInterrupt
[robot_state_publisher-5] [INFO] [1776778375.419224475] [rclcpp]: signal_handler(SIGINT/SIGTERM)
[ERROR] [launch]: Caught exception in launch (see debug for traceback): ExecuteLocal action 'bash-27': executed more than once: <launch.actions.execute_process.ExecuteProcess object at 0x72900b60c880>
[INFO] [image_processor-25]: process has finished cleanly [pid 308816]
[INFO] [image_processor-22]: process has finished cleanly [pid 308810]
[INFO] [image_processor-24]: process has finished cleanly [pid 308814]
[INFO] [image_processor-23]: process has finished cleanly [pid 308812]
[INFO] [image_processor-21]: process has finished cleanly [pid 308808]
[INFO] [robot_state_publisher-17]: process has finished cleanly [pid 308424]
[INFO] [robot_state_publisher-14]: process has finished cleanly [pid 308418]
[INFO] [robot_state_publisher-11]: process has finished cleanly [pid 308412]
[INFO] [robot_state_publisher-8]: process has finished cleanly [pid 308405]
[INFO] [robot_state_publisher-5]: process has finished cleanly [pid 308398]
[coverage_counter-2] Traceback (most recent call last):
[coverage_counter-2]   File "/home/ecem/ros2_ws/install/swarm_basics/lib/python3.10/site-packages/swarm_basics/coverage_counter.py", line 418, in main
[coverage_counter-2]     rclpy.spin(node)
[coverage_counter-2]   File "/opt/ros/humble/local/lib/python3.10/dist-packages/rclpy/__init__.py", line 229, in spin
[coverage_counter-2]     executor.spin_once()
[coverage_counter-2]   File "/opt/ros/humble/local/lib/python3.10/dist-packages/rclpy/executors.py", line 773, in spin_once
[coverage_counter-2]     self._spin_once_impl(timeout_sec)
[coverage_counter-2]   File "/opt/ros/humble/local/lib/python3.10/dist-packages/rclpy/executors.py", line 768, in _spin_once_impl
[coverage_counter-2]     handler()
[coverage_counter-2]   File "/opt/ros/humble/local/lib/python3.10/dist-packages/rclpy/task.py", line 254, in __call__
[coverage_counter-2]     self._handler.send(None)
[coverage_counter-2]   File "/opt/ros/humble/local/lib/python3.10/dist-packages/rclpy/executors.py", line 463, in handler
[coverage_counter-2]     await call_coroutine(entity, arg)
[coverage_counter-2]   File "/opt/ros/humble/local/lib/python3.10/dist-packages/rclpy/executors.py", line 371, in _execute_timer
[coverage_counter-2]     await await_or_execute(tmr.callback)
[coverage_counter-2]   File "/opt/ros/humble/local/lib/python3.10/dist-packages/rclpy/executors.py", line 107, in await_or_execute
[coverage_counter-2]     return callback(*args)
[coverage_counter-2]   File "/home/ecem/ros2_ws/install/swarm_basics/lib/python3.10/site-packages/swarm_basics/coverage_counter.py", line 152, in _on_timeout_timer
[coverage_counter-2]     self.shutdown_and_save()
[coverage_counter-2]   File "/home/ecem/ros2_ws/install/swarm_basics/lib/python3.10/site-packages/swarm_basics/coverage_counter.py", line 174, in shutdown_and_save
[coverage_counter-2]     rclpy.shutdown()
[coverage_counter-2]   File "/opt/ros/humble/local/lib/python3.10/dist-packages/rclpy/__init__.py", line 130, in shutdown
[coverage_counter-2]     _shutdown(context=context)
[coverage_counter-2]   File "/opt/ros/humble/local/lib/python3.10/dist-packages/rclpy/utilities.py", line 58, in shutdown
[coverage_counter-2]     return context.shutdown()
[coverage_counter-2]   File "/opt/ros/humble/local/lib/python3.10/dist-packages/rclpy/context.py", line 103, in shutdown
[coverage_counter-2]     self._call_on_shutdown_callbacks()
[coverage_counter-2]   File "/opt/ros/humble/local/lib/python3.10/dist-packages/rclpy/context.py", line 92, in _call_on_shutdown_callbacks
[coverage_counter-2]     callback = weak_method()
[coverage_counter-2]   File "/opt/ros/humble/local/lib/python3.10/dist-packages/rclpy/__init__.py", line 111, in reset_executor
[coverage_counter-2]     __executor.shutdown()
[coverage_counter-2]   File "/opt/ros/humble/local/lib/python3.10/dist-packages/rclpy/executors.py", line 227, in shutdown
[coverage_counter-2]     if not self._work_tracker.wait(timeout_sec):
[coverage_counter-2]   File "/opt/ros/humble/local/lib/python3.10/dist-packages/rclpy/executors.py", line 94, in wait
[coverage_counter-2]     if not self._work_condition.wait_for(
[coverage_counter-2]   File "/usr/lib/python3.10/threading.py", line 355, in wait_for
[coverage_counter-2]     self.wait(waittime)
[coverage_counter-2]   File "/usr/lib/python3.10/threading.py", line 320, in wait
[coverage_counter-2]     waiter.acquire()
[coverage_counter-2] KeyboardInterrupt
[coverage_counter-2] 
[coverage_counter-2] During handling of the above exception, another exception occurred:
[coverage_counter-2] 
[coverage_counter-2] Traceback (most recent call last):
[coverage_counter-2]   File "/home/ecem/ros2_ws/install/swarm_basics/lib/swarm_basics/coverage_counter", line 33, in <module>
[coverage_counter-2]     sys.exit(load_entry_point('swarm-basics==0.0.0', 'console_scripts', 'coverage_counter')())
[coverage_counter-2]   File "/home/ecem/ros2_ws/install/swarm_basics/lib/python3.10/site-packages/swarm_basics/coverage_counter.py", line 421, in main
[coverage_counter-2]     node.shutdown_and_save()
[coverage_counter-2]   File "/home/ecem/ros2_ws/install/swarm_basics/lib/python3.10/site-packages/swarm_basics/coverage_counter.py", line 174, in shutdown_and_save
[coverage_counter-2]     rclpy.shutdown()
[coverage_counter-2]   File "/opt/ros/humble/local/lib/python3.10/dist-packages/rclpy/__init__.py", line 130, in shutdown
[coverage_counter-2]     _shutdown(context=context)
[coverage_counter-2]   File "/opt/ros/humble/local/lib/python3.10/dist-packages/rclpy/utilities.py", line 58, in shutdown
[coverage_counter-2]     return context.shutdown()
[coverage_counter-2]   File "/opt/ros/humble/local/lib/python3.10/dist-packages/rclpy/context.py", line 100, in shutdown
[coverage_counter-2]     raise RuntimeError('Context must be initialized before it can be shutdown')
[coverage_counter-2] RuntimeError: Context must be initialized before it can be shutdown
[bump_counter-3] Traceback (most recent call last):
[bump_counter-3]   File "/home/ecem/ros2_ws/install/swarm_basics/lib/swarm_basics/bump_counter", line 33, in <module>
[bump_counter-3]     sys.exit(load_entry_point('swarm-basics==0.0.0', 'console_scripts', 'bump_counter')())
[bump_counter-3]   File "/home/ecem/ros2_ws/install/swarm_basics/lib/python3.10/site-packages/swarm_basics/bump_counter.py", line 384, in main
[bump_counter-3]     rclpy.shutdown()
[bump_counter-3]   File "/opt/ros/humble/local/lib/python3.10/dist-packages/rclpy/__init__.py", line 130, in shutdown
[bump_counter-3]     _shutdown(context=context)
[bump_counter-3]   File "/opt/ros/humble/local/lib/python3.10/dist-packages/rclpy/utilities.py", line 58, in shutdown
[bump_counter-3]     return context.shutdown()
[bump_counter-3]   File "/opt/ros/humble/local/lib/python3.10/dist-packages/rclpy/context.py", line 102, in shutdown
[bump_counter-3]     self.__context.shutdown()
[bump_counter-3] rclpy._rclpy_pybind11.RCLError: failed to shutdown: rcl_shutdown already called on the given context, at ./src/rcl/init.c:241
[ERROR] [coverage_counter-2]: process has died [pid 308391, exit code 1, cmd '/home/ecem/ros2_ws/install/swarm_basics/lib/swarm_basics/coverage_counter --ros-args -r __node:=coverage_counter --params-file /tmp/launch_params_j6hl29b9 --params-file /tmp/launch_params_dm6vf1uz --params-file /tmp/launch_params_rf_hgika --params-file /tmp/launch_params_6o50rgx3 --params-file /tmp/launch_params_iluvdzo5 --params-file /tmp/launch_params_8dr4oihr'].
[ERROR] [bump_counter-3]: process has died [pid 308394, exit code 1, cmd '/home/ecem/ros2_ws/install/swarm_basics/lib/swarm_basics/bump_counter --ros-args -r __node:=bump_counter --params-file /tmp/launch_params_0wocyq4j --params-file /tmp/launch_params_w6hp1r3r --params-file /tmp/launch_params_9qhkiktz'].
[ERROR] [robot_supervisor-19]: process has died [pid 308432, exit code -2, cmd '/home/ecem/ros2_ws/install/swarm_basics/lib/swarm_basics/robot_supervisor --ros-args -r __node:=robot_supervisor -r __ns:=/robot_4 --params-file /tmp/launch_params_krw6gll2 --params-file /tmp/launch_params_4q407vc4 --params-file /tmp/launch_params_gx8jkxh_ --params-file /tmp/launch_params_2k9f0ghx'].
[ERROR] [robot_supervisor-13]: process has died [pid 308416, exit code -2, cmd '/home/ecem/ros2_ws/install/swarm_basics/lib/swarm_basics/robot_supervisor --ros-args -r __node:=robot_supervisor -r __ns:=/robot_2 --params-file /tmp/launch_params_xxm7hckj --params-file /tmp/launch_params_twz4gzkr --params-file /tmp/launch_params_d18uaacl --params-file /tmp/launch_params_4ga0vryc'].
[ERROR] [robot_supervisor-10]: process has died [pid 308410, exit code -2, cmd '/home/ecem/ros2_ws/install/swarm_basics/lib/swarm_basics/robot_supervisor --ros-args -r __node:=robot_supervisor -r __ns:=/robot_1 --params-file /tmp/launch_params__5raj7i4 --params-file /tmp/launch_params_c15n4qru --params-file /tmp/launch_params_8hqg1lar --params-file /tmp/launch_params_zequm99g'].
[ERROR] [robot_supervisor-7]: process has died [pid 308402, exit code -2, cmd '/home/ecem/ros2_ws/install/swarm_basics/lib/swarm_basics/robot_supervisor --ros-args -r __node:=robot_supervisor -r __ns:=/robot_0 --params-file /tmp/launch_params_1hnqcnys --params-file /tmp/launch_params_yqnm5esv --params-file /tmp/launch_params_xqcjntyi --params-file /tmp/launch_params_nfu0unjv'].
[ERROR] [robot_supervisor-16]: process has died [pid 308422, exit code -2, cmd '/home/ecem/ros2_ws/install/swarm_basics/lib/swarm_basics/robot_supervisor --ros-args -r __node:=robot_supervisor -r __ns:=/robot_3 --params-file /tmp/launch_params_np_60fwh --params-file /tmp/launch_params_x0kworz9 --params-file /tmp/launch_params_7xye53ib --params-file /tmp/launch_params_r_fm88la'].
