[INFO] [launch]: All log files can be found below /home/ecem/.ros/log/2026-04-20-17-43-46-659585-ecem-pc-26000
[INFO] [launch]: Default logging verbosity is set to INFO
[INFO] [ign gazebo-1]: process started with pid [26015]
[INFO] [coverage_counter-2]: process started with pid [26018]
[INFO] [bump_counter-3]: process started with pid [26020]
[INFO] [parameter_bridge-4]: process started with pid [26022]
[INFO] [robot_state_publisher-5]: process started with pid [26024]
[INFO] [create-6]: process started with pid [26026]
[INFO] [robot_supervisor-7]: process started with pid [26029]
[INFO] [robot_state_publisher-8]: process started with pid [26032]
[INFO] [create-9]: process started with pid [26034]
[INFO] [robot_supervisor-10]: process started with pid [26036]
[INFO] [robot_state_publisher-11]: process started with pid [26038]
[INFO] [create-12]: process started with pid [26040]
[INFO] [robot_supervisor-13]: process started with pid [26042]
[INFO] [robot_state_publisher-14]: process started with pid [26044]
[INFO] [create-15]: process started with pid [26046]
[INFO] [robot_supervisor-16]: process started with pid [26048]
[INFO] [robot_state_publisher-17]: process started with pid [26050]
[INFO] [create-18]: process started with pid [26061]
[INFO] [robot_supervisor-19]: process started with pid [26063]
[INFO] [parameter_bridge-20]: process started with pid [26065]
[parameter_bridge-4] [ros_ign_bridge] is deprecated! Redirecting to use [ros_gz_bridge] instead!
[parameter_bridge-4] 
[create-12] [INFO] [1776699827.088020089] [robot_2.ros_gz_sim]: Requesting list of world names.
[robot_state_publisher-5] [INFO] [1776699827.102853290] [robot_0.robot_state_publisher]: got segment robot_0/antenna_link
[create-15] [INFO] [1776699827.103742191] [robot_3.ros_gz_sim]: Requesting list of world names.
[create-18] [INFO] [1776699827.104253802] [robot_4.ros_gz_sim]: Requesting list of world names.
[create-9] [INFO] [1776699827.104678076] [robot_1.ros_gz_sim]: Requesting list of world names.
[robot_state_publisher-5] [INFO] [1776699827.104821787] [robot_0.robot_state_publisher]: got segment robot_0/base_footprint
[robot_state_publisher-5] [INFO] [1776699827.104839376] [robot_0.robot_state_publisher]: got segment robot_0/base_link
[robot_state_publisher-5] [INFO] [1776699827.104849957] [robot_0.robot_state_publisher]: got segment robot_0/realsense_link
[robot_state_publisher-5] [INFO] [1776699827.104858886] [robot_0.robot_state_publisher]: got segment robot_0/rocker_L_link
[robot_state_publisher-5] [INFO] [1776699827.104866784] [robot_0.robot_state_publisher]: got segment robot_0/rocker_R_link
[robot_state_publisher-5] [INFO] [1776699827.104874803] [robot_0.robot_state_publisher]: got segment robot_0/wheel_FL_link
[robot_state_publisher-5] [INFO] [1776699827.104883109] [robot_0.robot_state_publisher]: got segment robot_0/wheel_FR_link
[robot_state_publisher-5] [INFO] [1776699827.104890592] [robot_0.robot_state_publisher]: got segment robot_0/wheel_RL_link
[robot_state_publisher-5] [INFO] [1776699827.104898518] [robot_0.robot_state_publisher]: got segment robot_0/wheel_RR_link
[robot_state_publisher-14] [INFO] [1776699827.110171929] [robot_3.robot_state_publisher]: got segment robot_3/antenna_link
[robot_state_publisher-14] [INFO] [1776699827.110250634] [robot_3.robot_state_publisher]: got segment robot_3/base_footprint
[robot_state_publisher-14] [INFO] [1776699827.110258240] [robot_3.robot_state_publisher]: got segment robot_3/base_link
[robot_state_publisher-14] [INFO] [1776699827.110262230] [robot_3.robot_state_publisher]: got segment robot_3/realsense_link
[robot_state_publisher-14] [INFO] [1776699827.110266115] [robot_3.robot_state_publisher]: got segment robot_3/rocker_L_link
[robot_state_publisher-14] [INFO] [1776699827.110269795] [robot_3.robot_state_publisher]: got segment robot_3/rocker_R_link
[robot_state_publisher-14] [INFO] [1776699827.110273496] [robot_3.robot_state_publisher]: got segment robot_3/wheel_FL_link
[robot_state_publisher-14] [INFO] [1776699827.110277053] [robot_3.robot_state_publisher]: got segment robot_3/wheel_FR_link
[robot_state_publisher-14] [INFO] [1776699827.110280518] [robot_3.robot_state_publisher]: got segment robot_3/wheel_RL_link
[robot_state_publisher-14] [INFO] [1776699827.110283804] [robot_3.robot_state_publisher]: got segment robot_3/wheel_RR_link
[create-6] [INFO] [1776699827.115793142] [robot_0.ros_gz_sim]: Requesting list of world names.
[parameter_bridge-4] [INFO] [1776699827.116541953] [all_robots_bridge]: Creating ROS->GZ Bridge: [/robot_0/cmd_vel (geometry_msgs/msg/Twist) -> /robot_0/cmd_vel (ignition.msgs.Twist)] (Lazy 0)
[parameter_bridge-4] [INFO] [1776699827.117829141] [all_robots_bridge]: Creating GZ->ROS Bridge: [/robot_0/odom (ignition.msgs.Odometry) -> /robot_0/odom (nav_msgs/msg/Odometry)] (Lazy 0)
[robot_state_publisher-17] [INFO] [1776699827.118184001] [robot_4.robot_state_publisher]: got segment robot_4/antenna_link
[robot_state_publisher-17] [INFO] [1776699827.118259692] [robot_4.robot_state_publisher]: got segment robot_4/base_footprint
[robot_state_publisher-17] [INFO] [1776699827.118269179] [robot_4.robot_state_publisher]: got segment robot_4/base_link
[robot_state_publisher-17] [INFO] [1776699827.118275932] [robot_4.robot_state_publisher]: got segment robot_4/realsense_link
[robot_state_publisher-17] [INFO] [1776699827.118281577] [robot_4.robot_state_publisher]: got segment robot_4/rocker_L_link
[robot_state_publisher-17] [INFO] [1776699827.118287172] [robot_4.robot_state_publisher]: got segment robot_4/rocker_R_link
[robot_state_publisher-17] [INFO] [1776699827.118292281] [robot_4.robot_state_publisher]: got segment robot_4/wheel_FL_link
[robot_state_publisher-17] [INFO] [1776699827.118297751] [robot_4.robot_state_publisher]: got segment robot_4/wheel_FR_link
[robot_state_publisher-17] [INFO] [1776699827.118302155] [robot_4.robot_state_publisher]: got segment robot_4/wheel_RL_link
[robot_state_publisher-17] [INFO] [1776699827.118307075] [robot_4.robot_state_publisher]: got segment robot_4/wheel_RR_link
[parameter_bridge-4] [INFO] [1776699827.118745395] [all_robots_bridge]: Creating GZ->ROS Bridge: [/robot_0/depth_camera/depth_image (ignition.msgs.Image) -> /robot_0/depth_camera/depth_image (sensor_msgs/msg/Image)] (Lazy 0)
[parameter_bridge-4] [INFO] [1776699827.119923835] [all_robots_bridge]: Creating GZ->ROS Bridge: [/world/random_world/model/robot_0/link/robot_0/base_footprint/sensor/contact_sensor/contact (ignition.msgs.Contacts) -> /world/random_world/model/robot_0/link/robot_0/base_footprint/sensor/contact_sensor/contact (ros_gz_interfaces/msg/Contacts)] (Lazy 0)
[parameter_bridge-4] [INFO] [1776699827.120929694] [all_robots_bridge]: Creating ROS->GZ Bridge: [/robot_1/cmd_vel (geometry_msgs/msg/Twist) -> /robot_1/cmd_vel (ignition.msgs.Twist)] (Lazy 0)
[parameter_bridge-4] [INFO] [1776699827.121560502] [all_robots_bridge]: Creating GZ->ROS Bridge: [/robot_1/odom (ignition.msgs.Odometry) -> /robot_1/odom (nav_msgs/msg/Odometry)] (Lazy 0)
[parameter_bridge-4] [INFO] [1776699827.122008748] [all_robots_bridge]: Creating GZ->ROS Bridge: [/robot_1/depth_camera/depth_image (ignition.msgs.Image) -> /robot_1/depth_camera/depth_image (sensor_msgs/msg/Image)] (Lazy 0)
[parameter_bridge-4] [INFO] [1776699827.122676880] [all_robots_bridge]: Creating GZ->ROS Bridge: [/world/random_world/model/robot_1/link/robot_1/base_footprint/sensor/contact_sensor/contact (ignition.msgs.Contacts) -> /world/random_world/model/robot_1/link/robot_1/base_footprint/sensor/contact_sensor/contact (ros_gz_interfaces/msg/Contacts)] (Lazy 0)
[parameter_bridge-4] [INFO] [1776699827.123260230] [all_robots_bridge]: Creating ROS->GZ Bridge: [/robot_2/cmd_vel (geometry_msgs/msg/Twist) -> /robot_2/cmd_vel (ignition.msgs.Twist)] (Lazy 0)
[parameter_bridge-4] [INFO] [1776699827.123542946] [all_robots_bridge]: Creating GZ->ROS Bridge: [/robot_2/odom (ignition.msgs.Odometry) -> /robot_2/odom (nav_msgs/msg/Odometry)] (Lazy 0)
[parameter_bridge-4] [INFO] [1776699827.124407857] [all_robots_bridge]: Creating GZ->ROS Bridge: [/robot_2/depth_camera/depth_image (ignition.msgs.Image) -> /robot_2/depth_camera/depth_image (sensor_msgs/msg/Image)] (Lazy 0)
[parameter_bridge-4] [INFO] [1776699827.125015245] [all_robots_bridge]: Creating GZ->ROS Bridge: [/world/random_world/model/robot_2/link/robot_2/base_footprint/sensor/contact_sensor/contact (ignition.msgs.Contacts) -> /world/random_world/model/robot_2/link/robot_2/base_footprint/sensor/contact_sensor/contact (ros_gz_interfaces/msg/Contacts)] (Lazy 0)
[parameter_bridge-4] [INFO] [1776699827.125514206] [all_robots_bridge]: Creating ROS->GZ Bridge: [/robot_3/cmd_vel (geometry_msgs/msg/Twist) -> /robot_3/cmd_vel (ignition.msgs.Twist)] (Lazy 0)
[parameter_bridge-4] [INFO] [1776699827.126086284] [all_robots_bridge]: Creating GZ->ROS Bridge: [/robot_3/odom (ignition.msgs.Odometry) -> /robot_3/odom (nav_msgs/msg/Odometry)] (Lazy 0)
[parameter_bridge-4] [INFO] [1776699827.126946329] [all_robots_bridge]: Creating GZ->ROS Bridge: [/robot_3/depth_camera/depth_image (ignition.msgs.Image) -> /robot_3/depth_camera/depth_image (sensor_msgs/msg/Image)] (Lazy 0)
[robot_state_publisher-11] [INFO] [1776699827.127225975] [robot_2.robot_state_publisher]: got segment robot_2/antenna_link
[robot_state_publisher-11] [INFO] [1776699827.127344801] [robot_2.robot_state_publisher]: got segment robot_2/base_footprint
[robot_state_publisher-11] [INFO] [1776699827.127358552] [robot_2.robot_state_publisher]: got segment robot_2/base_link
[robot_state_publisher-11] [INFO] [1776699827.127367923] [robot_2.robot_state_publisher]: got segment robot_2/realsense_link
[robot_state_publisher-11] [INFO] [1776699827.127375972] [robot_2.robot_state_publisher]: got segment robot_2/rocker_L_link
[robot_state_publisher-11] [INFO] [1776699827.127383411] [robot_2.robot_state_publisher]: got segment robot_2/rocker_R_link
[robot_state_publisher-11] [INFO] [1776699827.127390857] [robot_2.robot_state_publisher]: got segment robot_2/wheel_FL_link
[robot_state_publisher-11] [INFO] [1776699827.127398414] [robot_2.robot_state_publisher]: got segment robot_2/wheel_FR_link
[robot_state_publisher-11] [INFO] [1776699827.127405562] [robot_2.robot_state_publisher]: got segment robot_2/wheel_RL_link
[robot_state_publisher-11] [INFO] [1776699827.127413107] [robot_2.robot_state_publisher]: got segment robot_2/wheel_RR_link
[parameter_bridge-4] [INFO] [1776699827.127599245] [all_robots_bridge]: Creating GZ->ROS Bridge: [/world/random_world/model/robot_3/link/robot_3/base_footprint/sensor/contact_sensor/contact (ignition.msgs.Contacts) -> /world/random_world/model/robot_3/link/robot_3/base_footprint/sensor/contact_sensor/contact (ros_gz_interfaces/msg/Contacts)] (Lazy 0)
[parameter_bridge-4] [INFO] [1776699827.128274897] [all_robots_bridge]: Creating ROS->GZ Bridge: [/robot_4/cmd_vel (geometry_msgs/msg/Twist) -> /robot_4/cmd_vel (ignition.msgs.Twist)] (Lazy 0)
[parameter_bridge-4] [INFO] [1776699827.128848348] [all_robots_bridge]: Creating GZ->ROS Bridge: [/robot_4/odom (ignition.msgs.Odometry) -> /robot_4/odom (nav_msgs/msg/Odometry)] (Lazy 0)
[parameter_bridge-4] [INFO] [1776699827.129178844] [all_robots_bridge]: Creating GZ->ROS Bridge: [/robot_4/depth_camera/depth_image (ignition.msgs.Image) -> /robot_4/depth_camera/depth_image (sensor_msgs/msg/Image)] (Lazy 0)
[parameter_bridge-4] [INFO] [1776699827.129470966] [all_robots_bridge]: Creating GZ->ROS Bridge: [/world/random_world/model/robot_4/link/robot_4/base_footprint/sensor/contact_sensor/contact (ignition.msgs.Contacts) -> /world/random_world/model/robot_4/link/robot_4/base_footprint/sensor/contact_sensor/contact (ros_gz_interfaces/msg/Contacts)] (Lazy 0)
[parameter_bridge-4] [INFO] [1776699827.129983748] [all_robots_bridge]: Creating GZ->ROS Bridge: [/world/random_world/dynamic_pose/info (ignition.msgs.Pose_V) -> /world/random_world/dynamic_pose/info (tf2_msgs/msg/TFMessage)] (Lazy 0)
[robot_state_publisher-8] [INFO] [1776699827.131474111] [robot_1.robot_state_publisher]: got segment robot_1/antenna_link
[robot_state_publisher-8] [INFO] [1776699827.131589249] [robot_1.robot_state_publisher]: got segment robot_1/base_footprint
[robot_state_publisher-8] [INFO] [1776699827.131605827] [robot_1.robot_state_publisher]: got segment robot_1/base_link
[robot_state_publisher-8] [INFO] [1776699827.131615223] [robot_1.robot_state_publisher]: got segment robot_1/realsense_link
[robot_state_publisher-8] [INFO] [1776699827.131623412] [robot_1.robot_state_publisher]: got segment robot_1/rocker_L_link
[robot_state_publisher-8] [INFO] [1776699827.131642629] [robot_1.robot_state_publisher]: got segment robot_1/rocker_R_link
[robot_state_publisher-8] [INFO] [1776699827.131651187] [robot_1.robot_state_publisher]: got segment robot_1/wheel_FL_link
[robot_state_publisher-8] [INFO] [1776699827.131659168] [robot_1.robot_state_publisher]: got segment robot_1/wheel_FR_link
[robot_state_publisher-8] [INFO] [1776699827.131666700] [robot_1.robot_state_publisher]: got segment robot_1/wheel_RL_link
[robot_state_publisher-8] [INFO] [1776699827.131674263] [robot_1.robot_state_publisher]: got segment robot_1/wheel_RR_link
[parameter_bridge-20] [INFO] [1776699827.132662116] [clock_bridge]: Creating GZ->ROS Bridge: [/clock (ignition.msgs.Clock) -> /clock (rosgraph_msgs/msg/Clock)] (Lazy 0)
[bump_counter-3] [INFO] [1776699827.434244019] [bump_counter]: [global] global_mode=True cooldown(robot)=0.80s cooldown(obs)=0.50s Logging to /home/ecem/ros2_ws/src/Leo_sct/results_exp/explore/long/prompt_1/run_7/middle_circle/trial_3/run_20260420_174346/bumps_global_174347.csv
[robot_supervisor-10] [INFO] [1776699827.459398459] [robot_1.robot_supervisor]: Loaded initial mission 'explore' from explicit YAML explore_sup_gpt_long_1_run_7_196.yaml
[robot_supervisor-7] [INFO] [1776699827.466931361] [robot_0.robot_supervisor]: Loaded initial mission 'explore' from explicit YAML explore_sup_gpt_long_1_run_7_196.yaml
[robot_supervisor-13] [INFO] [1776699827.470862672] [robot_2.robot_supervisor]: Loaded initial mission 'explore' from explicit YAML explore_sup_gpt_long_1_run_7_196.yaml
[robot_supervisor-19] [INFO] [1776699827.509563181] [robot_4.robot_supervisor]: Loaded initial mission 'explore' from explicit YAML explore_sup_gpt_long_1_run_7_196.yaml
[robot_supervisor-16] [INFO] [1776699827.520189965] [robot_3.robot_supervisor]: Loaded initial mission 'explore' from explicit YAML explore_sup_gpt_long_1_run_7_196.yaml
[robot_supervisor-10] [INFO] [1776699827.563696145] [robot_1.robot_supervisor]: Selected controllable event: EV_random_walk
[parameter_bridge-4] [INFO] [1776699827.564085863] [all_robots_bridge]: Passing message from ROS geometry_msgs/msg/Twist to Gazebo gz.msgs.Twist (showing msg only once per type)
[robot_supervisor-7] [INFO] [1776699827.570626618] [robot_0.robot_supervisor]: Selected controllable event: EV_random_walk
[robot_supervisor-13] [INFO] [1776699827.574880559] [robot_2.robot_supervisor]: Selected controllable event: EV_random_walk
[create-18] [INFO] [1776699827.600585965] [robot_4.ros_gz_sim]: Waiting messages on topic [/robot_4/robot_description].
[robot_supervisor-19] [INFO] [1776699827.613451027] [robot_4.robot_supervisor]: Selected controllable event: EV_random_walk
[robot_supervisor-16] [INFO] [1776699827.624881805] [robot_3.robot_supervisor]: Selected controllable event: EV_random_walk
[create-18] [INFO] [1776699827.700048145] [robot_4.ros_gz_sim]: Requested creation of entity.
[create-18] [INFO] [1776699827.700116058] [robot_4.ros_gz_sim]: OK creation of entity.
[create-6] [INFO] [1776699827.700877078] [robot_0.ros_gz_sim]: Waiting messages on topic [/robot_0/robot_description].
[create-15] [INFO] [1776699827.801060133] [robot_3.ros_gz_sim]: Waiting messages on topic [/robot_3/robot_description].
[robot_supervisor-10] [INFO] [1776699827.863479956] [robot_1.robot_supervisor]: Selected controllable event: EV_move_forward
[robot_supervisor-7] [INFO] [1776699827.870658935] [robot_0.robot_supervisor]: Selected controllable event: EV_move_forward
[robot_supervisor-13] [INFO] [1776699827.874624359] [robot_2.robot_supervisor]: Selected controllable event: EV_move_forward
[create-9] [INFO] [1776699827.901405527] [robot_1.ros_gz_sim]: Waiting messages on topic [/robot_1/robot_description].
[INFO] [create-18]: process has finished cleanly [pid 26061]
[robot_supervisor-19] [INFO] [1776699827.913332980] [robot_4.robot_supervisor]: Selected controllable event: EV_move_forward
[robot_supervisor-16] [INFO] [1776699827.924906236] [robot_3.robot_supervisor]: Selected controllable event: EV_move_forward
[create-9] [INFO] [1776699828.000646751] [robot_1.ros_gz_sim]: Requested creation of entity.
[create-9] [INFO] [1776699828.000699025] [robot_1.ros_gz_sim]: OK creation of entity.
[create-6] [INFO] [1776699828.000815368] [robot_0.ros_gz_sim]: Requested creation of entity.
[create-6] [INFO] [1776699828.000872180] [robot_0.ros_gz_sim]: OK creation of entity.
[create-15] [INFO] [1776699828.000886925] [robot_3.ros_gz_sim]: Requested creation of entity.
[create-15] [INFO] [1776699828.000938952] [robot_3.ros_gz_sim]: OK creation of entity.
[create-12] [INFO] [1776699828.001563788] [robot_2.ros_gz_sim]: Waiting messages on topic [/robot_2/robot_description].
[create-12] [INFO] [1776699828.003946185] [robot_2.ros_gz_sim]: Requested creation of entity.
[create-12] [INFO] [1776699828.003971684] [robot_2.ros_gz_sim]: OK creation of entity.
[INFO] [create-12]: process has finished cleanly [pid 26040]
[INFO] [create-15]: process has finished cleanly [pid 26046]
[INFO] [create-9]: process has finished cleanly [pid 26034]
[INFO] [create-6]: process has finished cleanly [pid 26026]
[bump_counter-3] [INFO] [1776699828.493984617] [bump_counter]: [global] subscribed: /world/random_world/model/robot_0/link/robot_0/base_footprint/sensor/contact_sensor/contact
[bump_counter-3] [INFO] [1776699828.494978915] [bump_counter]: [global] subscribed: /world/random_world/model/robot_1/link/robot_1/base_footprint/sensor/contact_sensor/contact
[bump_counter-3] [INFO] [1776699828.495756324] [bump_counter]: [global] subscribed: /world/random_world/model/robot_2/link/robot_2/base_footprint/sensor/contact_sensor/contact
[bump_counter-3] [INFO] [1776699828.496508684] [bump_counter]: [global] subscribed: /world/random_world/model/robot_3/link/robot_3/base_footprint/sensor/contact_sensor/contact
[bump_counter-3] [INFO] [1776699828.497349633] [bump_counter]: [global] subscribed: /world/random_world/model/robot_4/link/robot_4/base_footprint/sensor/contact_sensor/contact
[INFO] [image_processor-21]: process started with pid [26411]
[INFO] [image_processor-22]: process started with pid [26413]
[INFO] [image_processor-23]: process started with pid [26415]
[INFO] [image_processor-24]: process started with pid [26417]
[INFO] [image_processor-25]: process started with pid [26419]
[image_processor-21] [INFO] [1776699829.122451040] [robot_0.image_processor]: image_processor: depth='/robot_0/depth_camera/depth_image' aruco_runtime=disabled
[image_processor-25] [INFO] [1776699829.128829250] [robot_4.image_processor]: image_processor: depth='/robot_4/depth_camera/depth_image' aruco_runtime=disabled
[image_processor-22] [INFO] [1776699829.130089448] [robot_1.image_processor]: image_processor: depth='/robot_1/depth_camera/depth_image' aruco_runtime=disabled
[image_processor-24] [INFO] [1776699829.131095423] [robot_3.image_processor]: image_processor: depth='/robot_3/depth_camera/depth_image' aruco_runtime=disabled
[image_processor-23] [INFO] [1776699829.141422895] [robot_2.image_processor]: image_processor: depth='/robot_2/depth_camera/depth_image' aruco_runtime=disabled
[image_processor-25] [INFO] [1776699832.558291385] [robot_4.image_processor]: Zone=CLEAR  left[p=2.299 near=0 v=7157]  front[p=2.450 near=0 v=13239]  right[p=3.007 near=0 v=7740]
[image_processor-21] [INFO] [1776699832.566669299] [robot_0.image_processor]: Zone=CLEAR  left[p=1.026 near=0 v=7650]  front[p=1.493 near=0 v=13500]  right[p=2.221 near=0 v=7740]
[image_processor-22] [INFO] [1776699832.574746951] [robot_1.image_processor]: Zone=CLEAR  left[p=3.007 near=0 v=7650]  front[p=3.426 near=0 v=13244]  right[p=2.532 near=0 v=7517]
[image_processor-24] [INFO] [1776699832.584818049] [robot_3.image_processor]: Zone=CLEAR  left[p=0.894 near=0 v=7620]  front[p=3.072 near=0 v=13297]  right[p=2.913 near=0 v=7740]
[image_processor-23] [INFO] [1776699832.594521539] [robot_2.image_processor]: Zone=CLEAR  left[p=1.875 near=0 v=7650]  front[p=2.263 near=0 v=12349]  right[p=1.628 near=0 v=7740]
[image_processor-25] [INFO] [1776699835.058590432] [robot_4.image_processor]: Zone=CLEAR
[image_processor-21] [INFO] [1776699835.068670339] [robot_0.image_processor]: Zone=CLEAR
[image_processor-22] [INFO] [1776699835.077846731] [robot_1.image_processor]: Zone=CLEAR
[image_processor-24] [INFO] [1776699835.086263955] [robot_3.image_processor]: Zone=CLEAR
[image_processor-23] [INFO] [1776699835.093807454] [robot_2.image_processor]: Zone=CLEAR
[image_processor-25] [INFO] [1776699837.555932086] [robot_4.image_processor]: Zone=CLEAR
[image_processor-21] [INFO] [1776699837.565251102] [robot_0.image_processor]: Zone=CLEAR
[image_processor-22] [INFO] [1776699837.574771847] [robot_1.image_processor]: Zone=CLEAR
[image_processor-24] [INFO] [1776699837.583269660] [robot_3.image_processor]: Zone=CLEAR
[image_processor-23] [INFO] [1776699837.589729911] [robot_2.image_processor]: Zone=CLEAR
[image_processor-25] [INFO] [1776699840.057377559] [robot_4.image_processor]: Zone=CLEAR
[image_processor-21] [INFO] [1776699840.064848245] [robot_0.image_processor]: Zone=CLEAR
[image_processor-22] [INFO] [1776699840.075170116] [robot_1.image_processor]: Zone=CLEAR
[image_processor-24] [INFO] [1776699840.081779524] [robot_3.image_processor]: Zone=CLEAR
[image_processor-23] [INFO] [1776699840.090270260] [robot_2.image_processor]: Zone=CLEAR
[image_processor-25] [INFO] [1776699842.556244382] [robot_4.image_processor]: Zone=CLEAR
[image_processor-21] [INFO] [1776699842.564524295] [robot_0.image_processor]: Zone=CLEAR
[image_processor-22] [INFO] [1776699842.573307734] [robot_1.image_processor]: Zone=CLEAR
[image_processor-24] [INFO] [1776699842.579660476] [robot_3.image_processor]: Zone=CLEAR
[image_processor-23] [INFO] [1776699842.587265316] [robot_2.image_processor]: Zone=CLEAR
[image_processor-21] [INFO] [1776699845.066031986] [robot_0.image_processor]: Zone=CLEAR
[image_processor-22] [INFO] [1776699845.075806056] [robot_1.image_processor]: Zone=CLEAR
[image_processor-24] [INFO] [1776699845.084382563] [robot_3.image_processor]: Zone=CLEAR
[image_processor-23] [INFO] [1776699845.093883389] [robot_2.image_processor]: Zone=CLEAR
[image_processor-25] [INFO] [1776699845.157727339] [robot_4.image_processor]: Zone=CLEAR
[image_processor-25] [INFO] [1776699847.560551646] [robot_4.image_processor]: Zone=CLEAR
[image_processor-21] [INFO] [1776699847.570061038] [robot_0.image_processor]: Zone=CLEAR
[image_processor-22] [INFO] [1776699847.578789280] [robot_1.image_processor]: Zone=CLEAR
[image_processor-24] [INFO] [1776699847.586707456] [robot_3.image_processor]: Zone=CLEAR
[image_processor-23] [INFO] [1776699847.596470072] [robot_2.image_processor]: Zone=CLEAR
[image_processor-25] [INFO] [1776699850.056378112] [robot_4.image_processor]: Zone=CLEAR
[image_processor-22] [INFO] [1776699850.073100787] [robot_1.image_processor]: Zone=CLEAR
[image_processor-24] [INFO] [1776699850.082279560] [robot_3.image_processor]: Zone=CLEAR
[image_processor-23] [INFO] [1776699850.089946953] [robot_2.image_processor]: Zone=CLEAR
[image_processor-21] [INFO] [1776699850.164958911] [robot_0.image_processor]: Zone=CLEAR
[image_processor-25] [INFO] [1776699852.554929995] [robot_4.image_processor]: Zone=CLEAR
[image_processor-21] [INFO] [1776699852.564797028] [robot_0.image_processor]: Zone=CLEAR
[image_processor-22] [INFO] [1776699852.573085133] [robot_1.image_processor]: Zone=CLEAR
[image_processor-24] [INFO] [1776699852.584236623] [robot_3.image_processor]: Zone=CLEAR
[image_processor-23] [INFO] [1776699852.592700312] [robot_2.image_processor]: Zone=CLEAR
[image_processor-25] [INFO] [1776699855.058985388] [robot_4.image_processor]: Zone=CLEAR
[image_processor-21] [INFO] [1776699855.067784944] [robot_0.image_processor]: Zone=CLEAR
[image_processor-22] [INFO] [1776699855.076099212] [robot_1.image_processor]: Zone=CLEAR
[image_processor-24] [INFO] [1776699855.086059095] [robot_3.image_processor]: Zone=CLEAR
[image_processor-23] [INFO] [1776699855.096436219] [robot_2.image_processor]: Zone=CLEAR
[image_processor-25] [INFO] [1776699857.558013313] [robot_4.image_processor]: Zone=CLEAR
[image_processor-21] [INFO] [1776699857.569790162] [robot_0.image_processor]: Zone=CLEAR
[image_processor-22] [INFO] [1776699857.580925991] [robot_1.image_processor]: Zone=CLEAR
[image_processor-24] [INFO] [1776699857.589370434] [robot_3.image_processor]: Zone=CLEAR
[image_processor-23] [INFO] [1776699857.600910527] [robot_2.image_processor]: Zone=CLEAR
[image_processor-25] [INFO] [1776699860.057876658] [robot_4.image_processor]: Zone=CLEAR
[image_processor-21] [INFO] [1776699860.066469079] [robot_0.image_processor]: Zone=CLEAR
[image_processor-22] [INFO] [1776699860.077553871] [robot_1.image_processor]: Zone=CLEAR
[image_processor-24] [INFO] [1776699860.089230575] [robot_3.image_processor]: Zone=CLEAR
[image_processor-23] [INFO] [1776699860.100814360] [robot_2.image_processor]: Zone=CLEAR
[image_processor-25] [INFO] [1776699862.557071017] [robot_4.image_processor]: Zone=CLEAR
[image_processor-21] [INFO] [1776699862.566658906] [robot_0.image_processor]: Zone=CLEAR
[image_processor-22] [INFO] [1776699862.575813808] [robot_1.image_processor]: Zone=CLEAR
[image_processor-24] [INFO] [1776699862.585974964] [robot_3.image_processor]: Zone=CLEAR
[image_processor-23] [INFO] [1776699862.594352094] [robot_2.image_processor]: Zone=CLEAR
[image_processor-25] [INFO] [1776699865.059005190] [robot_4.image_processor]: Zone=CLEAR
[image_processor-21] [INFO] [1776699865.066035576] [robot_0.image_processor]: Zone=CLEAR
[image_processor-22] [INFO] [1776699865.075891276] [robot_1.image_processor]: Zone=CLEAR
[image_processor-24] [INFO] [1776699865.084363725] [robot_3.image_processor]: Zone=CLEAR
[image_processor-23] [INFO] [1776699865.092267655] [robot_2.image_processor]: Zone=CLEAR
[image_processor-25] [INFO] [1776699867.557037125] [robot_4.image_processor]: Zone=CLEAR
[image_processor-21] [INFO] [1776699867.566879568] [robot_0.image_processor]: Zone=CLEAR
[image_processor-22] [INFO] [1776699867.575554499] [robot_1.image_processor]: Zone=CLEAR
[image_processor-24] [INFO] [1776699867.584543312] [robot_3.image_processor]: Zone=CLEAR
[image_processor-23] [INFO] [1776699867.593137837] [robot_2.image_processor]: Zone=CLEAR
[image_processor-25] [INFO] [1776699870.057938685] [robot_4.image_processor]: Zone=CLEAR
[image_processor-21] [INFO] [1776699870.066556768] [robot_0.image_processor]: Zone=CLEAR
[image_processor-22] [INFO] [1776699870.076365169] [robot_1.image_processor]: Zone=CLEAR
[image_processor-24] [INFO] [1776699870.085901651] [robot_3.image_processor]: Zone=CLEAR
[image_processor-23] [INFO] [1776699870.094499315] [robot_2.image_processor]: Zone=CLEAR
[image_processor-25] [INFO] [1776699872.557753232] [robot_4.image_processor]: Zone=CLEAR
[image_processor-21] [INFO] [1776699872.567968562] [robot_0.image_processor]: Zone=CLEAR
[image_processor-22] [INFO] [1776699872.575209246] [robot_1.image_processor]: Zone=CLEAR
[image_processor-24] [INFO] [1776699872.587590248] [robot_3.image_processor]: Zone=CLEAR
[image_processor-23] [INFO] [1776699872.594978886] [robot_2.image_processor]: Zone=CLEAR
[image_processor-25] [INFO] [1776699875.059802264] [robot_4.image_processor]: Zone=CLEAR
[image_processor-21] [INFO] [1776699875.070072248] [robot_0.image_processor]: Zone=CLEAR
[image_processor-22] [INFO] [1776699875.079761928] [robot_1.image_processor]: Zone=CLEAR
[image_processor-24] [INFO] [1776699875.091944947] [robot_3.image_processor]: Zone=CLEAR
[image_processor-23] [INFO] [1776699875.100299784] [robot_2.image_processor]: Zone=CLEAR
[image_processor-25] [INFO] [1776699877.556246273] [robot_4.image_processor]: Zone=CLEAR
[image_processor-21] [INFO] [1776699877.564459638] [robot_0.image_processor]: Zone=CLEAR
[image_processor-22] [INFO] [1776699877.572908456] [robot_1.image_processor]: Zone=CLEAR
[image_processor-24] [INFO] [1776699877.581689895] [robot_3.image_processor]: Zone=CLEAR
[image_processor-23] [INFO] [1776699877.589628210] [robot_2.image_processor]: Zone=CLEAR
[image_processor-25] [INFO] [1776699880.055578058] [robot_4.image_processor]: Zone=CLEAR
[image_processor-21] [INFO] [1776699880.065157497] [robot_0.image_processor]: Zone=CLEAR
[image_processor-22] [INFO] [1776699880.073180046] [robot_1.image_processor]: Zone=CLEAR
[image_processor-23] [INFO] [1776699880.088131930] [robot_2.image_processor]: Zone=CLEAR
[image_processor-24] [INFO] [1776699880.182351421] [robot_3.image_processor]: Zone=CLEAR
[image_processor-25] [INFO] [1776699882.559038272] [robot_4.image_processor]: Zone=CLEAR
[image_processor-21] [INFO] [1776699882.567066195] [robot_0.image_processor]: Zone=CLEAR
[image_processor-22] [INFO] [1776699882.575157557] [robot_1.image_processor]: Zone=CLEAR
[image_processor-24] [INFO] [1776699882.585439457] [robot_3.image_processor]: Zone=CLEAR
[image_processor-23] [INFO] [1776699882.596266093] [robot_2.image_processor]: Zone=CLEAR
[image_processor-25] [INFO] [1776699885.056014810] [robot_4.image_processor]: Zone=CLEAR
[image_processor-22] [INFO] [1776699885.073032167] [robot_1.image_processor]: Zone=CLEAR
[image_processor-24] [INFO] [1776699885.080702563] [robot_3.image_processor]: Zone=CLEAR
[image_processor-23] [INFO] [1776699885.088910991] [robot_2.image_processor]: Zone=CLEAR
[image_processor-21] [INFO] [1776699885.163452726] [robot_0.image_processor]: Zone=CLEAR
[image_processor-25] [INFO] [1776699887.556478665] [robot_4.image_processor]: Zone=CLEAR
[image_processor-21] [INFO] [1776699887.564009443] [robot_0.image_processor]: Zone=CLEAR
[image_processor-22] [INFO] [1776699887.573224314] [robot_1.image_processor]: Zone=CLEAR
[image_processor-24] [INFO] [1776699887.581460304] [robot_3.image_processor]: Zone=CLEAR
[image_processor-23] [INFO] [1776699887.590961323] [robot_2.image_processor]: Zone=CLEAR
[image_processor-25] [INFO] [1776699890.066117992] [robot_4.image_processor]: Zone=CLEAR
[image_processor-21] [INFO] [1776699890.083026511] [robot_0.image_processor]: Zone=CLEAR
[image_processor-22] [INFO] [1776699890.093879269] [robot_1.image_processor]: Zone=CLEAR
[image_processor-24] [INFO] [1776699890.115078911] [robot_3.image_processor]: Zone=CLEAR
[image_processor-23] [INFO] [1776699890.124779872] [robot_2.image_processor]: Zone=CLEAR
[image_processor-25] [INFO] [1776699892.560504465] [robot_4.image_processor]: Zone=CLEAR
[image_processor-21] [INFO] [1776699892.582006856] [robot_0.image_processor]: Zone=CLEAR
[image_processor-22] [INFO] [1776699892.599500562] [robot_1.image_processor]: Zone=CLEAR
[image_processor-24] [INFO] [1776699892.609784668] [robot_3.image_processor]: Zone=CLEAR
[image_processor-23] [INFO] [1776699892.619636782] [robot_2.image_processor]: Zone=CLEAR
[image_processor-25] [INFO] [1776699895.074308975] [robot_4.image_processor]: Zone=CLEAR
[image_processor-21] [INFO] [1776699895.089281065] [robot_0.image_processor]: Zone=CLEAR
[image_processor-22] [INFO] [1776699895.099814260] [robot_1.image_processor]: Zone=CLEAR
[image_processor-24] [INFO] [1776699895.119729166] [robot_3.image_processor]: Zone=CLEAR
[image_processor-23] [INFO] [1776699895.135403817] [robot_2.image_processor]: Zone=CLEAR
[image_processor-25] [INFO] [1776699897.555014205] [robot_4.image_processor]: Zone=CLEAR
[image_processor-21] [INFO] [1776699897.564162629] [robot_0.image_processor]: Zone=CLEAR
[image_processor-22] [INFO] [1776699897.575418321] [robot_1.image_processor]: Zone=CLEAR
[image_processor-24] [INFO] [1776699897.583874597] [robot_3.image_processor]: Zone=CLEAR
[image_processor-23] [INFO] [1776699897.595270190] [robot_2.image_processor]: Zone=CLEAR
[image_processor-25] [INFO] [1776699900.057988968] [robot_4.image_processor]: Zone=CLEAR
[image_processor-22] [INFO] [1776699900.073291289] [robot_1.image_processor]: Zone=CLEAR
[image_processor-24] [INFO] [1776699900.081960436] [robot_3.image_processor]: Zone=CLEAR
[image_processor-23] [INFO] [1776699900.089810159] [robot_2.image_processor]: Zone=CLEAR
[image_processor-21] [INFO] [1776699900.165431089] [robot_0.image_processor]: Zone=CLEAR
[image_processor-25] [INFO] [1776699902.556724604] [robot_4.image_processor]: Zone=CLEAR
[image_processor-21] [INFO] [1776699902.564138805] [robot_0.image_processor]: Zone=CLEAR
[image_processor-22] [INFO] [1776699902.574919931] [robot_1.image_processor]: Zone=CLEAR
[image_processor-23] [INFO] [1776699902.590088597] [robot_2.image_processor]: Zone=CLEAR
[image_processor-24] [INFO] [1776699902.683897790] [robot_3.image_processor]: Zone=CLEAR
[image_processor-25] [INFO] [1776699905.062098396] [robot_4.image_processor]: Zone=CLEAR
[image_processor-22] [INFO] [1776699905.078171689] [robot_1.image_processor]: Zone=CLEAR
[image_processor-24] [INFO] [1776699905.086958154] [robot_3.image_processor]: Zone=CLEAR
[image_processor-23] [INFO] [1776699905.093387659] [robot_2.image_processor]: Zone=CLEAR
[image_processor-21] [INFO] [1776699905.172098153] [robot_0.image_processor]: Zone=CLEAR
[image_processor-25] [INFO] [1776699907.561600629] [robot_4.image_processor]: Zone=CLEAR
[image_processor-21] [INFO] [1776699907.569642999] [robot_0.image_processor]: Zone=CLEAR
[image_processor-22] [INFO] [1776699907.579536844] [robot_1.image_processor]: Zone=CLEAR
[image_processor-24] [INFO] [1776699907.593415123] [robot_3.image_processor]: Zone=CLEAR
[image_processor-23] [INFO] [1776699907.602532783] [robot_2.image_processor]: Zone=CLEAR
[image_processor-25] [INFO] [1776699910.057916970] [robot_4.image_processor]: Zone=CLEAR
[image_processor-21] [INFO] [1776699910.067054625] [robot_0.image_processor]: Zone=CLEAR
[image_processor-22] [INFO] [1776699910.075953595] [robot_1.image_processor]: Zone=CLEAR
[image_processor-24] [INFO] [1776699910.084877443] [robot_3.image_processor]: Zone=CLEAR
[image_processor-23] [INFO] [1776699910.093086902] [robot_2.image_processor]: Zone=CLEAR
[image_processor-25] [INFO] [1776699912.554743297] [robot_4.image_processor]: Zone=CLEAR
[image_processor-21] [INFO] [1776699912.563288247] [robot_0.image_processor]: Zone=CLEAR
[image_processor-22] [INFO] [1776699912.573179609] [robot_1.image_processor]: Zone=CLEAR
[image_processor-24] [INFO] [1776699912.580641515] [robot_3.image_processor]: Zone=CLEAR
[image_processor-23] [INFO] [1776699912.588043647] [robot_2.image_processor]: Zone=CLEAR
[image_processor-25] [INFO] [1776699915.056620282] [robot_4.image_processor]: Zone=CLEAR
[image_processor-21] [INFO] [1776699915.064447048] [robot_0.image_processor]: Zone=CLEAR
[image_processor-22] [INFO] [1776699915.072144748] [robot_1.image_processor]: Zone=CLEAR
[image_processor-24] [INFO] [1776699915.078847301] [robot_3.image_processor]: Zone=CLEAR
[image_processor-23] [INFO] [1776699915.087257836] [robot_2.image_processor]: Zone=CLEAR
[image_processor-25] [INFO] [1776699917.555925409] [robot_4.image_processor]: Zone=CLEAR
[image_processor-21] [INFO] [1776699917.564748726] [robot_0.image_processor]: Zone=CLEAR
[image_processor-22] [INFO] [1776699917.577880546] [robot_1.image_processor]: Zone=CLEAR
[image_processor-24] [INFO] [1776699917.586806326] [robot_3.image_processor]: Zone=CLEAR
[image_processor-23] [INFO] [1776699917.597180845] [robot_2.image_processor]: Zone=CLEAR
[image_processor-25] [INFO] [1776699920.059087554] [robot_4.image_processor]: Zone=CLEAR
[image_processor-21] [INFO] [1776699920.065853399] [robot_0.image_processor]: Zone=CLEAR
[image_processor-22] [INFO] [1776699920.074550326] [robot_1.image_processor]: Zone=CLEAR
[image_processor-24] [INFO] [1776699920.083589743] [robot_3.image_processor]: Zone=CLEAR
[image_processor-23] [INFO] [1776699920.091771747] [robot_2.image_processor]: Zone=CLEAR
[image_processor-25] [INFO] [1776699922.559680064] [robot_4.image_processor]: Zone=CLEAR
[image_processor-21] [INFO] [1776699922.569175205] [robot_0.image_processor]: Zone=CLEAR
[image_processor-22] [INFO] [1776699922.578628555] [robot_1.image_processor]: Zone=CLEAR
[image_processor-24] [INFO] [1776699922.586048431] [robot_3.image_processor]: Zone=CLEAR
[image_processor-23] [INFO] [1776699922.594131574] [robot_2.image_processor]: Zone=CLEAR
[image_processor-25] [INFO] [1776699925.057142088] [robot_4.image_processor]: Zone=CLEAR
[image_processor-21] [INFO] [1776699925.066527584] [robot_0.image_processor]: Zone=CLEAR
[image_processor-22] [INFO] [1776699925.076346523] [robot_1.image_processor]: Zone=CLEAR
[image_processor-24] [INFO] [1776699925.083521636] [robot_3.image_processor]: Zone=CLEAR
[image_processor-23] [INFO] [1776699925.090728760] [robot_2.image_processor]: Zone=CLEAR
[image_processor-25] [INFO] [1776699927.560283920] [robot_4.image_processor]: Zone=CLEAR
[image_processor-22] [INFO] [1776699927.583853461] [robot_1.image_processor]: Zone=CLEAR
[image_processor-24] [INFO] [1776699927.594364527] [robot_3.image_processor]: Zone=CLEAR
[image_processor-21] [INFO] [1776699927.674089024] [robot_0.image_processor]: Zone=CLEAR
[image_processor-23] [INFO] [1776699927.705531716] [robot_2.image_processor]: Zone=CLEAR
[image_processor-25] [INFO] [1776699930.058174727] [robot_4.image_processor]: Zone=CLEAR
[image_processor-22] [INFO] [1776699930.082750875] [robot_1.image_processor]: Zone=CLEAR
[image_processor-24] [INFO] [1776699930.097418758] [robot_3.image_processor]: Zone=CLEAR
[image_processor-23] [INFO] [1776699930.107106449] [robot_2.image_processor]: Zone=CLEAR
[image_processor-21] [INFO] [1776699930.372497289] [robot_0.image_processor]: Zone=CLEAR
[image_processor-21] [INFO] [1776699932.565698514] [robot_0.image_processor]: Zone=CLEAR
[image_processor-22] [INFO] [1776699932.575856827] [robot_1.image_processor]: Zone=CLEAR
[image_processor-24] [INFO] [1776699932.586123283] [robot_3.image_processor]: Zone=CLEAR
[image_processor-23] [INFO] [1776699932.594890633] [robot_2.image_processor]: Zone=CLEAR
[image_processor-25] [INFO] [1776699932.657712730] [robot_4.image_processor]: Zone=CLEAR
[image_processor-25] [INFO] [1776699935.055228969] [robot_4.image_processor]: Zone=CLEAR
[image_processor-21] [INFO] [1776699935.065533337] [robot_0.image_processor]: Zone=CLEAR
[image_processor-23] [INFO] [1776699935.090743253] [robot_2.image_processor]: Zone=CLEAR
[image_processor-22] [INFO] [1776699935.175191236] [robot_1.image_processor]: Zone=CLEAR
[image_processor-24] [INFO] [1776699935.184478790] [robot_3.image_processor]: Zone=CLEAR
[image_processor-25] [INFO] [1776699937.558191045] [robot_4.image_processor]: Zone=CLEAR
[image_processor-21] [INFO] [1776699937.566168317] [robot_0.image_processor]: Zone=CLEAR
[image_processor-22] [INFO] [1776699937.573435266] [robot_1.image_processor]: Zone=CLEAR
[image_processor-24] [INFO] [1776699937.581387400] [robot_3.image_processor]: Zone=CLEAR
[image_processor-23] [INFO] [1776699937.587956458] [robot_2.image_processor]: Zone=CLEAR
[image_processor-25] [INFO] [1776699940.054926926] [robot_4.image_processor]: Zone=CLEAR
[image_processor-21] [INFO] [1776699940.063025854] [robot_0.image_processor]: Zone=CLEAR
[image_processor-22] [INFO] [1776699940.070473464] [robot_1.image_processor]: Zone=CLEAR
[image_processor-24] [INFO] [1776699940.078781280] [robot_3.image_processor]: Zone=CLEAR
[image_processor-23] [INFO] [1776699940.086379821] [robot_2.image_processor]: Zone=CLEAR
[image_processor-21] [INFO] [1776699942.564407532] [robot_0.image_processor]: Zone=CLEAR
[image_processor-22] [INFO] [1776699942.574532635] [robot_1.image_processor]: Zone=CLEAR
[image_processor-24] [INFO] [1776699942.582531355] [robot_3.image_processor]: Zone=CLEAR
[image_processor-23] [INFO] [1776699942.592572095] [robot_2.image_processor]: Zone=CLEAR
[image_processor-25] [INFO] [1776699942.657286309] [robot_4.image_processor]: Zone=CLEAR
[image_processor-25] [INFO] [1776699945.055685567] [robot_4.image_processor]: Zone=CLEAR
[image_processor-21] [INFO] [1776699945.065304975] [robot_0.image_processor]: Zone=CLEAR
[image_processor-22] [INFO] [1776699945.076927051] [robot_1.image_processor]: Zone=CLEAR
[image_processor-24] [INFO] [1776699945.086393392] [robot_3.image_processor]: Zone=CLEAR
[image_processor-23] [INFO] [1776699945.094842885] [robot_2.image_processor]: Zone=CLEAR
[image_processor-25] [INFO] [1776699947.555328282] [robot_4.image_processor]: Zone=CLEAR
[image_processor-21] [INFO] [1776699947.563189891] [robot_0.image_processor]: Zone=CLEAR
[image_processor-22] [INFO] [1776699947.571709669] [robot_1.image_processor]: Zone=CLEAR
[image_processor-24] [INFO] [1776699947.579290882] [robot_3.image_processor]: Zone=CLEAR
[image_processor-23] [INFO] [1776699947.587685022] [robot_2.image_processor]: Zone=CLEAR
[image_processor-25] [INFO] [1776699950.057955566] [robot_4.image_processor]: Zone=CLEAR
[image_processor-21] [INFO] [1776699950.066609668] [robot_0.image_processor]: Zone=CLEAR
[image_processor-22] [INFO] [1776699950.074926762] [robot_1.image_processor]: Zone=CLEAR
[image_processor-24] [INFO] [1776699950.084385940] [robot_3.image_processor]: Zone=CLEAR
[image_processor-23] [INFO] [1776699950.092908042] [robot_2.image_processor]: Zone=CLEAR
[image_processor-25] [INFO] [1776699952.558807971] [robot_4.image_processor]: Zone=CLEAR
[image_processor-21] [INFO] [1776699952.575160990] [robot_0.image_processor]: Zone=CLEAR
[image_processor-22] [INFO] [1776699952.585841684] [robot_1.image_processor]: Zone=CLEAR
[image_processor-24] [INFO] [1776699952.593693424] [robot_3.image_processor]: Zone=CLEAR
[image_processor-23] [INFO] [1776699952.602181575] [robot_2.image_processor]: Zone=CLEAR
[image_processor-25] [INFO] [1776699955.056094638] [robot_4.image_processor]: Zone=CLEAR
[image_processor-21] [INFO] [1776699955.066034698] [robot_0.image_processor]: Zone=CLEAR
[image_processor-22] [INFO] [1776699955.074507242] [robot_1.image_processor]: Zone=CLEAR
[image_processor-24] [INFO] [1776699955.084918031] [robot_3.image_processor]: Zone=CLEAR
[image_processor-23] [INFO] [1776699955.093509626] [robot_2.image_processor]: Zone=CLEAR
[image_processor-25] [INFO] [1776699957.555941538] [robot_4.image_processor]: Zone=CLEAR
[image_processor-21] [INFO] [1776699957.564944713] [robot_0.image_processor]: Zone=CLEAR
[image_processor-22] [INFO] [1776699957.571466731] [robot_1.image_processor]: Zone=CLEAR
[image_processor-24] [INFO] [1776699957.578763121] [robot_3.image_processor]: Zone=CLEAR
[image_processor-23] [INFO] [1776699957.688323599] [robot_2.image_processor]: Zone=CLEAR
[image_processor-25] [INFO] [1776699960.057768988] [robot_4.image_processor]: Zone=CLEAR
[image_processor-21] [INFO] [1776699960.067273797] [robot_0.image_processor]: Zone=CLEAR
[image_processor-22] [INFO] [1776699960.075819530] [robot_1.image_processor]: Zone=CLEAR
[image_processor-24] [INFO] [1776699960.082920261] [robot_3.image_processor]: Zone=CLEAR
[image_processor-23] [INFO] [1776699960.090841488] [robot_2.image_processor]: Zone=CLEAR
[image_processor-25] [INFO] [1776699962.555354898] [robot_4.image_processor]: Zone=CLEAR
[image_processor-21] [INFO] [1776699962.565173649] [robot_0.image_processor]: Zone=CLEAR
[image_processor-22] [INFO] [1776699962.576075485] [robot_1.image_processor]: Zone=CLEAR
[image_processor-24] [INFO] [1776699962.583260620] [robot_3.image_processor]: Zone=CLEAR
[image_processor-23] [INFO] [1776699962.591424830] [robot_2.image_processor]: Zone=CLEAR
[image_processor-25] [INFO] [1776699965.063245424] [robot_4.image_processor]: Zone=CLEAR
[image_processor-21] [INFO] [1776699965.072686057] [robot_0.image_processor]: Zone=CLEAR
[image_processor-22] [INFO] [1776699965.080169805] [robot_1.image_processor]: Zone=CLEAR
[image_processor-24] [INFO] [1776699965.088249087] [robot_3.image_processor]: Zone=CLEAR
[image_processor-23] [INFO] [1776699965.097192795] [robot_2.image_processor]: Zone=CLEAR
[image_processor-25] [INFO] [1776699967.558307584] [robot_4.image_processor]: Zone=CLEAR
[image_processor-21] [INFO] [1776699967.566975647] [robot_0.image_processor]: Zone=CLEAR
[image_processor-22] [INFO] [1776699967.574856735] [robot_1.image_processor]: Zone=CLEAR
[image_processor-24] [INFO] [1776699967.582026143] [robot_3.image_processor]: Zone=CLEAR
[image_processor-23] [INFO] [1776699967.589456800] [robot_2.image_processor]: Zone=CLEAR
[image_processor-25] [INFO] [1776699970.055622028] [robot_4.image_processor]: Zone=CLEAR
[image_processor-21] [INFO] [1776699970.065325490] [robot_0.image_processor]: Zone=CLEAR
[image_processor-22] [INFO] [1776699970.072722814] [robot_1.image_processor]: Zone=CLEAR
[image_processor-24] [INFO] [1776699970.081758692] [robot_3.image_processor]: Zone=CLEAR
[image_processor-23] [INFO] [1776699970.087720917] [robot_2.image_processor]: Zone=CLEAR
[image_processor-25] [INFO] [1776699972.556111341] [robot_4.image_processor]: Zone=CLEAR
[image_processor-21] [INFO] [1776699972.564525679] [robot_0.image_processor]: Zone=CLEAR
[image_processor-22] [INFO] [1776699972.572669388] [robot_1.image_processor]: Zone=CLEAR
[image_processor-24] [INFO] [1776699972.582475227] [robot_3.image_processor]: Zone=CLEAR
[image_processor-23] [INFO] [1776699972.589685984] [robot_2.image_processor]: Zone=CLEAR
[image_processor-25] [INFO] [1776699975.056388580] [robot_4.image_processor]: Zone=CLEAR
[image_processor-21] [INFO] [1776699975.065031487] [robot_0.image_processor]: Zone=CLEAR
[image_processor-22] [INFO] [1776699975.073115475] [robot_1.image_processor]: Zone=CLEAR
[image_processor-24] [INFO] [1776699975.080973291] [robot_3.image_processor]: Zone=CLEAR
[image_processor-23] [INFO] [1776699975.088522365] [robot_2.image_processor]: Zone=CLEAR
[image_processor-25] [INFO] [1776699977.555779537] [robot_4.image_processor]: Zone=CLEAR
[image_processor-22] [INFO] [1776699977.578084337] [robot_1.image_processor]: Zone=CLEAR
[image_processor-23] [INFO] [1776699977.597699467] [robot_2.image_processor]: Zone=CLEAR
[image_processor-21] [INFO] [1776699977.666640720] [robot_0.image_processor]: Zone=CLEAR
[image_processor-24] [INFO] [1776699977.686714499] [robot_3.image_processor]: Zone=CLEAR
[image_processor-25] [INFO] [1776699980.057637321] [robot_4.image_processor]: Zone=CLEAR
[image_processor-21] [INFO] [1776699980.064538356] [robot_0.image_processor]: Zone=CLEAR
[image_processor-22] [INFO] [1776699980.073778106] [robot_1.image_processor]: Zone=CLEAR
[image_processor-24] [INFO] [1776699980.081381090] [robot_3.image_processor]: Zone=CLEAR
[image_processor-23] [INFO] [1776699980.089326925] [robot_2.image_processor]: Zone=CLEAR
[image_processor-25] [INFO] [1776699982.556458638] [robot_4.image_processor]: Zone=CLEAR
[image_processor-21] [INFO] [1776699982.570582718] [robot_0.image_processor]: Zone=CLEAR
[image_processor-22] [INFO] [1776699982.582991545] [robot_1.image_processor]: Zone=CLEAR
[image_processor-24] [INFO] [1776699982.590276783] [robot_3.image_processor]: Zone=CLEAR
[image_processor-23] [INFO] [1776699982.598229934] [robot_2.image_processor]: Zone=CLEAR
[image_processor-25] [INFO] [1776699985.058053014] [robot_4.image_processor]: Zone=CLEAR
[image_processor-21] [INFO] [1776699985.066331410] [robot_0.image_processor]: Zone=CLEAR
[image_processor-22] [INFO] [1776699985.074511983] [robot_1.image_processor]: Zone=CLEAR
[image_processor-24] [INFO] [1776699985.085771913] [robot_3.image_processor]: Zone=CLEAR
[image_processor-23] [INFO] [1776699985.091812844] [robot_2.image_processor]: Zone=CLEAR
[image_processor-25] [INFO] [1776699987.555645903] [robot_4.image_processor]: Zone=CLEAR
[image_processor-21] [INFO] [1776699987.564291236] [robot_0.image_processor]: Zone=CLEAR
[image_processor-22] [INFO] [1776699987.573029823] [robot_1.image_processor]: Zone=CLEAR
[image_processor-24] [INFO] [1776699987.581839625] [robot_3.image_processor]: Zone=CLEAR
[image_processor-23] [INFO] [1776699987.593033520] [robot_2.image_processor]: Zone=CLEAR
[image_processor-25] [INFO] [1776699990.057451642] [robot_4.image_processor]: Zone=CLEAR
[image_processor-24] [INFO] [1776699990.082782309] [robot_3.image_processor]: Zone=CLEAR
[image_processor-23] [INFO] [1776699990.090848096] [robot_2.image_processor]: Zone=CLEAR
[image_processor-21] [INFO] [1776699990.166480167] [robot_0.image_processor]: Zone=CLEAR
[image_processor-22] [INFO] [1776699990.175157286] [robot_1.image_processor]: Zone=CLEAR
[image_processor-25] [INFO] [1776699992.556472955] [robot_4.image_processor]: Zone=CLEAR
[image_processor-21] [INFO] [1776699992.566073847] [robot_0.image_processor]: Zone=CLEAR
[image_processor-22] [INFO] [1776699992.573415654] [robot_1.image_processor]: Zone=CLEAR
[image_processor-24] [INFO] [1776699992.583962026] [robot_3.image_processor]: Zone=CLEAR
[image_processor-23] [INFO] [1776699992.594389996] [robot_2.image_processor]: Zone=CLEAR
[image_processor-25] [INFO] [1776699995.056139740] [robot_4.image_processor]: Zone=CLEAR
[image_processor-21] [INFO] [1776699995.066008508] [robot_0.image_processor]: Zone=CLEAR
[image_processor-22] [INFO] [1776699995.074844709] [robot_1.image_processor]: Zone=CLEAR
[image_processor-24] [INFO] [1776699995.084248654] [robot_3.image_processor]: Zone=CLEAR
[image_processor-23] [INFO] [1776699995.093739505] [robot_2.image_processor]: Zone=CLEAR
[image_processor-25] [INFO] [1776699997.556939915] [robot_4.image_processor]: Zone=CLEAR
[image_processor-21] [INFO] [1776699997.566696887] [robot_0.image_processor]: Zone=CLEAR
[image_processor-22] [INFO] [1776699997.574570467] [robot_1.image_processor]: Zone=CLEAR
[image_processor-24] [INFO] [1776699997.583996545] [robot_3.image_processor]: Zone=CLEAR
[image_processor-23] [INFO] [1776699997.591955643] [robot_2.image_processor]: Zone=CLEAR
[image_processor-25] [INFO] [1776700000.058679860] [robot_4.image_processor]: Zone=CLEAR
[image_processor-21] [INFO] [1776700000.067365333] [robot_0.image_processor]: Zone=CLEAR
[image_processor-22] [INFO] [1776700000.077643419] [robot_1.image_processor]: Zone=CLEAR
[image_processor-24] [INFO] [1776700000.087174257] [robot_3.image_processor]: Zone=CLEAR
[image_processor-23] [INFO] [1776700000.097341297] [robot_2.image_processor]: Zone=CLEAR
[image_processor-25] [INFO] [1776700002.556444554] [robot_4.image_processor]: Zone=CLEAR
[image_processor-21] [INFO] [1776700002.563668218] [robot_0.image_processor]: Zone=CLEAR
[image_processor-22] [INFO] [1776700002.573552267] [robot_1.image_processor]: Zone=CLEAR
[image_processor-24] [INFO] [1776700002.581794181] [robot_3.image_processor]: Zone=CLEAR
[image_processor-23] [INFO] [1776700002.690887030] [robot_2.image_processor]: Zone=CLEAR
[image_processor-25] [INFO] [1776700005.056221760] [robot_4.image_processor]: Zone=CLEAR
[image_processor-21] [INFO] [1776700005.065897813] [robot_0.image_processor]: Zone=CLEAR
[image_processor-22] [INFO] [1776700005.075050862] [robot_1.image_processor]: Zone=CLEAR
[image_processor-24] [INFO] [1776700005.081705774] [robot_3.image_processor]: Zone=CLEAR
[image_processor-23] [INFO] [1776700005.090743643] [robot_2.image_processor]: Zone=CLEAR
[image_processor-25] [INFO] [1776700007.556338165] [robot_4.image_processor]: Zone=CLEAR
[image_processor-21] [INFO] [1776700007.564398431] [robot_0.image_processor]: Zone=CLEAR
[image_processor-22] [INFO] [1776700007.573734372] [robot_1.image_processor]: Zone=CLEAR
[image_processor-24] [INFO] [1776700007.581457666] [robot_3.image_processor]: Zone=CLEAR
[image_processor-23] [INFO] [1776700007.589588899] [robot_2.image_processor]: Zone=CLEAR
[image_processor-25] [INFO] [1776700010.056743825] [robot_4.image_processor]: Zone=CLEAR
[image_processor-21] [INFO] [1776700010.067891430] [robot_0.image_processor]: Zone=CLEAR
[image_processor-22] [INFO] [1776700010.078153495] [robot_1.image_processor]: Zone=CLEAR
[image_processor-24] [INFO] [1776700010.085952495] [robot_3.image_processor]: Zone=CLEAR
[image_processor-23] [INFO] [1776700010.094198634] [robot_2.image_processor]: Zone=CLEAR
[image_processor-25] [INFO] [1776700012.557304035] [robot_4.image_processor]: Zone=CLEAR
[image_processor-21] [INFO] [1776700012.564682629] [robot_0.image_processor]: Zone=CLEAR
[image_processor-22] [INFO] [1776700012.574770897] [robot_1.image_processor]: Zone=CLEAR
[image_processor-24] [INFO] [1776700012.582009076] [robot_3.image_processor]: Zone=CLEAR
[image_processor-23] [INFO] [1776700012.590705247] [robot_2.image_processor]: Zone=CLEAR
[image_processor-25] [INFO] [1776700015.056901896] [robot_4.image_processor]: Zone=CLEAR
[image_processor-21] [INFO] [1776700015.067743754] [robot_0.image_processor]: Zone=CLEAR
[image_processor-22] [INFO] [1776700015.079470739] [robot_1.image_processor]: Zone=CLEAR
[image_processor-23] [INFO] [1776700015.094665602] [robot_2.image_processor]: Zone=CLEAR
[image_processor-24] [INFO] [1776700015.189092887] [robot_3.image_processor]: Zone=CLEAR
[image_processor-25] [INFO] [1776700017.559470609] [robot_4.image_processor]: Zone=CLEAR
[image_processor-22] [INFO] [1776700017.576605916] [robot_1.image_processor]: Zone=CLEAR
[image_processor-24] [INFO] [1776700017.585948289] [robot_3.image_processor]: Zone=CLEAR
[image_processor-21] [INFO] [1776700017.668956315] [robot_0.image_processor]: Zone=CLEAR
[image_processor-23] [INFO] [1776700017.695130869] [robot_2.image_processor]: Zone=CLEAR
[image_processor-25] [INFO] [1776700020.055912102] [robot_4.image_processor]: Zone=CLEAR
[image_processor-21] [INFO] [1776700020.065321277] [robot_0.image_processor]: Zone=CLEAR
[image_processor-22] [INFO] [1776700020.078199955] [robot_1.image_processor]: Zone=CLEAR
[image_processor-24] [INFO] [1776700020.086802106] [robot_3.image_processor]: Zone=CLEAR
[image_processor-23] [INFO] [1776700020.093646451] [robot_2.image_processor]: Zone=CLEAR
[image_processor-25] [INFO] [1776700022.558067184] [robot_4.image_processor]: Zone=CLEAR
[image_processor-21] [INFO] [1776700022.568640745] [robot_0.image_processor]: Zone=CLEAR
[image_processor-22] [INFO] [1776700022.576864660] [robot_1.image_processor]: Zone=CLEAR
[image_processor-24] [INFO] [1776700022.586909098] [robot_3.image_processor]: Zone=CLEAR
[image_processor-23] [INFO] [1776700022.596055907] [robot_2.image_processor]: Zone=CLEAR
[image_processor-25] [INFO] [1776700025.060296508] [robot_4.image_processor]: Zone=CLEAR
[image_processor-21] [INFO] [1776700025.071649617] [robot_0.image_processor]: Zone=CLEAR
[image_processor-22] [INFO] [1776700025.084776495] [robot_1.image_processor]: Zone=CLEAR
[image_processor-24] [INFO] [1776700025.094055497] [robot_3.image_processor]: Zone=CLEAR
[image_processor-23] [INFO] [1776700025.103545464] [robot_2.image_processor]: Zone=CLEAR
[INFO] [image_processor-25]: sending signal 'SIGINT' to process[image_processor-25]
[ERROR] [ign gazebo-1]: process has died [pid 26015, exit code -15, cmd 'ruby /usr/bin/ign gazebo /home/ecem/ros2_ws/install/swarm_basics/share/swarm_basics/worlds/random_world.sdf -s -r --force-version 6'].
[ERROR] [parameter_bridge-4]: process has died [pid 26022, exit code -15, cmd '/opt/ros/humble/lib/ros_ign_bridge/parameter_bridge /robot_0/cmd_vel@geometry_msgs/msg/Twist]ignition.msgs.Twist /robot_0/odom@nav_msgs/msg/Odometry[ignition.msgs.Odometry /robot_0/depth_camera/depth_image@sensor_msgs/msg/Image[ignition.msgs.Image /world/random_world/model/robot_0/link/robot_0/base_footprint/sensor/contact_sensor/contact@ros_gz_interfaces/msg/Contacts[ignition.msgs.Contacts /robot_1/cmd_vel@geometry_msgs/msg/Twist]ignition.msgs.Twist /robot_1/odom@nav_msgs/msg/Odometry[ignition.msgs.Odometry /robot_1/depth_camera/depth_image@sensor_msgs/msg/Image[ignition.msgs.Image /world/random_world/model/robot_1/link/robot_1/base_footprint/sensor/contact_sensor/contact@ros_gz_interfaces/msg/Contacts[ignition.msgs.Contacts /robot_2/cmd_vel@geometry_msgs/msg/Twist]ignition.msgs.Twist /robot_2/odom@nav_msgs/msg/Odometry[ignition.msgs.Odometry /robot_2/depth_camera/depth_image@sensor_msgs/msg/Image[ignition.msgs.Image /world/random_world/model/robot_2/link/robot_2/base_footprint/sensor/contact_sensor/contact@ros_gz_interfaces/msg/Contacts[ignition.msgs.Contacts /robot_3/cmd_vel@geometry_msgs/msg/Twist]ignition.msgs.Twist /robot_3/odom@nav_msgs/msg/Odometry[ignition.msgs.Odometry /robot_3/depth_camera/depth_image@sensor_msgs/msg/Image[ignition.msgs.Image /world/random_world/model/robot_3/link/robot_3/base_footprint/sensor/contact_sensor/contact@ros_gz_interfaces/msg/Contacts[ignition.msgs.Contacts /robot_4/cmd_vel@geometry_msgs/msg/Twist]ignition.msgs.Twist /robot_4/odom@nav_msgs/msg/Odometry[ignition.msgs.Odometry /robot_4/depth_camera/depth_image@sensor_msgs/msg/Image[ignition.msgs.Image /world/random_world/model/robot_4/link/robot_4/base_footprint/sensor/contact_sensor/contact@ros_gz_interfaces/msg/Contacts[ignition.msgs.Contacts /world/random_world/dynamic_pose/info@tf2_msgs/msg/TFMessage[ignition.msgs.Pose_V --ros-args -r __node:=all_robots_bridge --params-file /tmp/launch_params_6q26414w'].
[INFO] [parameter_bridge-20]: process has finished cleanly [pid 26065]
[INFO] [image_processor-24]: sending signal 'SIGINT' to process[image_processor-24]
[INFO] [bash-26]: process started with pid [26692]
[INFO] [image_processor-23]: sending signal 'SIGINT' to process[image_processor-23]
[INFO] [image_processor-22]: sending signal 'SIGINT' to process[image_processor-22]
[INFO] [image_processor-21]: sending signal 'SIGINT' to process[image_processor-21]
[INFO] [robot_supervisor-19]: sending signal 'SIGINT' to process[robot_supervisor-19]
[INFO] [robot_state_publisher-17]: sending signal 'SIGINT' to process[robot_state_publisher-17]
[INFO] [robot_supervisor-16]: sending signal 'SIGINT' to process[robot_supervisor-16]
[ERROR] [bash-26]: process has died [pid 26692, exit code -15, cmd 'bash -lc pkill -f parameter_bridge || true'].
[INFO] [robot_state_publisher-14]: sending signal 'SIGINT' to process[robot_state_publisher-14]
[INFO] [robot_supervisor-13]: sending signal 'SIGINT' to process[robot_supervisor-13]
[INFO] [robot_state_publisher-11]: sending signal 'SIGINT' to process[robot_state_publisher-11]
[INFO] [robot_supervisor-10]: sending signal 'SIGINT' to process[robot_supervisor-10]
[INFO] [robot_state_publisher-8]: sending signal 'SIGINT' to process[robot_state_publisher-8]
[INFO] [robot_supervisor-7]: sending signal 'SIGINT' to process[robot_supervisor-7]
[INFO] [robot_state_publisher-5]: sending signal 'SIGINT' to process[robot_state_publisher-5]
[INFO] [bump_counter-3]: sending signal 'SIGINT' to process[bump_counter-3]
[INFO] [coverage_counter-2]: sending signal 'SIGINT' to process[coverage_counter-2]
[parameter_bridge-20] [INFO] [1776700027.127621253] [rclcpp]: signal_handler(SIGINT/SIGTERM)
[parameter_bridge-4] [INFO] [1776700027.127644159] [rclcpp]: signal_handler(SIGINT/SIGTERM)
[INFO] [launch]: process[ign gazebo-1] was required: shutting down launched system
[image_processor-25] [INFO] [1776700027.812953616] [rclcpp]: signal_handler(SIGINT/SIGTERM)
[image_processor-24] [INFO] [1776700027.818229520] [rclcpp]: signal_handler(SIGINT/SIGTERM)
[image_processor-23] [INFO] [1776700027.822852523] [rclcpp]: signal_handler(SIGINT/SIGTERM)
[image_processor-22] [INFO] [1776700027.827423083] [rclcpp]: signal_handler(SIGINT/SIGTERM)
[image_processor-21] [INFO] [1776700027.832082912] [rclcpp]: signal_handler(SIGINT/SIGTERM)
[robot_supervisor-19] Traceback (most recent call last):
[robot_supervisor-19]   File "/home/ecem/ros2_ws/install/swarm_basics/lib/swarm_basics/robot_supervisor", line 33, in <module>
[robot_supervisor-19]     sys.exit(load_entry_point('swarm-basics==0.0.0', 'console_scripts', 'robot_supervisor')())
[robot_supervisor-19]   File "/home/ecem/ros2_ws/install/swarm_basics/lib/python3.10/site-packages/swarm_basics/robot_supervisor.py", line 867, in main
[robot_supervisor-19]     rclpy.spin(node)
[robot_supervisor-19]   File "/opt/ros/humble/local/lib/python3.10/dist-packages/rclpy/__init__.py", line 229, in spin
[robot_supervisor-19]     executor.spin_once()
[robot_supervisor-19]   File "/opt/ros/humble/local/lib/python3.10/dist-packages/rclpy/executors.py", line 773, in spin_once
[robot_supervisor-19]     self._spin_once_impl(timeout_sec)
[robot_supervisor-19]   File "/opt/ros/humble/local/lib/python3.10/dist-packages/rclpy/executors.py", line 762, in _spin_once_impl
[robot_supervisor-19]     handler, entity, node = self.wait_for_ready_callbacks(timeout_sec=timeout_sec)
[robot_supervisor-19]   File "/opt/ros/humble/local/lib/python3.10/dist-packages/rclpy/executors.py", line 745, in wait_for_ready_callbacks
[robot_supervisor-19]     return next(self._cb_iter)
[robot_supervisor-19]   File "/opt/ros/humble/local/lib/python3.10/dist-packages/rclpy/executors.py", line 642, in _wait_for_ready_callbacks
[robot_supervisor-19]     wait_set.wait(timeout_nsec)
[robot_supervisor-19] KeyboardInterrupt
[robot_state_publisher-17] [INFO] [1776700027.845076089] [rclcpp]: signal_handler(SIGINT/SIGTERM)
[robot_supervisor-16] Traceback (most recent call last):
[robot_supervisor-16]   File "/home/ecem/ros2_ws/install/swarm_basics/lib/swarm_basics/robot_supervisor", line 33, in <module>
[robot_supervisor-16]     sys.exit(load_entry_point('swarm-basics==0.0.0', 'console_scripts', 'robot_supervisor')())
[robot_supervisor-16]   File "/home/ecem/ros2_ws/install/swarm_basics/lib/python3.10/site-packages/swarm_basics/robot_supervisor.py", line 867, in main
[robot_supervisor-16]     rclpy.spin(node)
[robot_supervisor-16]   File "/opt/ros/humble/local/lib/python3.10/dist-packages/rclpy/__init__.py", line 229, in spin
[robot_supervisor-16]     executor.spin_once()
[robot_supervisor-16]   File "/opt/ros/humble/local/lib/python3.10/dist-packages/rclpy/executors.py", line 773, in spin_once
[robot_supervisor-16]     self._spin_once_impl(timeout_sec)
[robot_supervisor-16]   File "/opt/ros/humble/local/lib/python3.10/dist-packages/rclpy/executors.py", line 762, in _spin_once_impl
[robot_supervisor-16]     handler, entity, node = self.wait_for_ready_callbacks(timeout_sec=timeout_sec)
[robot_supervisor-16]   File "/opt/ros/humble/local/lib/python3.10/dist-packages/rclpy/executors.py", line 745, in wait_for_ready_callbacks
[robot_supervisor-16]     return next(self._cb_iter)
[robot_supervisor-16]   File "/opt/ros/humble/local/lib/python3.10/dist-packages/rclpy/executors.py", line 642, in _wait_for_ready_callbacks
[robot_supervisor-16]     wait_set.wait(timeout_nsec)
[robot_supervisor-16] KeyboardInterrupt
[robot_state_publisher-14] [INFO] [1776700027.854296872] [rclcpp]: signal_handler(SIGINT/SIGTERM)
[robot_supervisor-13] Traceback (most recent call last):
[robot_supervisor-13]   File "/home/ecem/ros2_ws/install/swarm_basics/lib/swarm_basics/robot_supervisor", line 33, in <module>
[robot_supervisor-13]     sys.exit(load_entry_point('swarm-basics==0.0.0', 'console_scripts', 'robot_supervisor')())
[robot_supervisor-13]   File "/home/ecem/ros2_ws/install/swarm_basics/lib/python3.10/site-packages/swarm_basics/robot_supervisor.py", line 867, in main
[robot_supervisor-13]     rclpy.spin(node)
[robot_supervisor-13]   File "/opt/ros/humble/local/lib/python3.10/dist-packages/rclpy/__init__.py", line 229, in spin
[robot_supervisor-13]     executor.spin_once()
[robot_supervisor-13]   File "/opt/ros/humble/local/lib/python3.10/dist-packages/rclpy/executors.py", line 773, in spin_once
[robot_supervisor-13]     self._spin_once_impl(timeout_sec)
[robot_supervisor-13]   File "/opt/ros/humble/local/lib/python3.10/dist-packages/rclpy/executors.py", line 762, in _spin_once_impl
[robot_supervisor-13]     handler, entity, node = self.wait_for_ready_callbacks(timeout_sec=timeout_sec)
[robot_supervisor-13]   File "/opt/ros/humble/local/lib/python3.10/dist-packages/rclpy/executors.py", line 745, in wait_for_ready_callbacks
[robot_supervisor-13]     return next(self._cb_iter)
[robot_supervisor-13]   File "/opt/ros/humble/local/lib/python3.10/dist-packages/rclpy/executors.py", line 642, in _wait_for_ready_callbacks
[robot_supervisor-13]     wait_set.wait(timeout_nsec)
[robot_supervisor-13] KeyboardInterrupt
[robot_state_publisher-11] [INFO] [1776700027.863681653] [rclcpp]: signal_handler(SIGINT/SIGTERM)
[robot_supervisor-10] Traceback (most recent call last):
[robot_supervisor-10]   File "/home/ecem/ros2_ws/install/swarm_basics/lib/swarm_basics/robot_supervisor", line 33, in <module>
[robot_supervisor-10]     sys.exit(load_entry_point('swarm-basics==0.0.0', 'console_scripts', 'robot_supervisor')())
[robot_supervisor-10]   File "/home/ecem/ros2_ws/install/swarm_basics/lib/python3.10/site-packages/swarm_basics/robot_supervisor.py", line 867, in main
[robot_supervisor-10]     rclpy.spin(node)
[robot_supervisor-10]   File "/opt/ros/humble/local/lib/python3.10/dist-packages/rclpy/__init__.py", line 229, in spin
[robot_supervisor-10]     executor.spin_once()
[robot_supervisor-10]   File "/opt/ros/humble/local/lib/python3.10/dist-packages/rclpy/executors.py", line 773, in spin_once
[robot_supervisor-10]     self._spin_once_impl(timeout_sec)
[robot_supervisor-10]   File "/opt/ros/humble/local/lib/python3.10/dist-packages/rclpy/executors.py", line 762, in _spin_once_impl
[robot_supervisor-10]     handler, entity, node = self.wait_for_ready_callbacks(timeout_sec=timeout_sec)
[robot_supervisor-10]   File "/opt/ros/humble/local/lib/python3.10/dist-packages/rclpy/executors.py", line 745, in wait_for_ready_callbacks
[robot_supervisor-10]     return next(self._cb_iter)
[robot_supervisor-10]   File "/opt/ros/humble/local/lib/python3.10/dist-packages/rclpy/executors.py", line 642, in _wait_for_ready_callbacks
[robot_supervisor-10]     wait_set.wait(timeout_nsec)
[robot_supervisor-10] KeyboardInterrupt
[robot_state_publisher-8] [INFO] [1776700027.872858039] [rclcpp]: signal_handler(SIGINT/SIGTERM)
[robot_supervisor-7] Traceback (most recent call last):
[robot_supervisor-7]   File "/home/ecem/ros2_ws/install/swarm_basics/lib/swarm_basics/robot_supervisor", line 33, in <module>
[robot_supervisor-7]     sys.exit(load_entry_point('swarm-basics==0.0.0', 'console_scripts', 'robot_supervisor')())
[robot_supervisor-7]   File "/home/ecem/ros2_ws/install/swarm_basics/lib/python3.10/site-packages/swarm_basics/robot_supervisor.py", line 867, in main
[robot_supervisor-7]     rclpy.spin(node)
[robot_supervisor-7]   File "/opt/ros/humble/local/lib/python3.10/dist-packages/rclpy/__init__.py", line 229, in spin
[robot_supervisor-7]     executor.spin_once()
[robot_supervisor-7]   File "/opt/ros/humble/local/lib/python3.10/dist-packages/rclpy/executors.py", line 773, in spin_once
[robot_supervisor-7]     self._spin_once_impl(timeout_sec)
[robot_supervisor-7]   File "/opt/ros/humble/local/lib/python3.10/dist-packages/rclpy/executors.py", line 762, in _spin_once_impl
[robot_supervisor-7]     handler, entity, node = self.wait_for_ready_callbacks(timeout_sec=timeout_sec)
[robot_supervisor-7]   File "/opt/ros/humble/local/lib/python3.10/dist-packages/rclpy/executors.py", line 745, in wait_for_ready_callbacks
[robot_supervisor-7]     return next(self._cb_iter)
[robot_supervisor-7]   File "/opt/ros/humble/local/lib/python3.10/dist-packages/rclpy/executors.py", line 642, in _wait_for_ready_callbacks
[robot_supervisor-7]     wait_set.wait(timeout_nsec)
[robot_supervisor-7] KeyboardInterrupt
[robot_state_publisher-5] [INFO] [1776700027.881675352] [rclcpp]: signal_handler(SIGINT/SIGTERM)
[ERROR] [launch]: Caught exception in launch (see debug for traceback): ExecuteLocal action 'bash-27': executed more than once: <launch.actions.execute_process.ExecuteProcess object at 0x7761c2404880>
[INFO] [image_processor-25]: process has finished cleanly [pid 26419]
[INFO] [image_processor-24]: process has finished cleanly [pid 26417]
[INFO] [image_processor-23]: process has finished cleanly [pid 26415]
[INFO] [image_processor-22]: process has finished cleanly [pid 26413]
[INFO] [image_processor-21]: process has finished cleanly [pid 26411]
[INFO] [robot_state_publisher-17]: process has finished cleanly [pid 26050]
[INFO] [robot_state_publisher-14]: process has finished cleanly [pid 26044]
[INFO] [robot_state_publisher-11]: process has finished cleanly [pid 26038]
[INFO] [robot_state_publisher-8]: process has finished cleanly [pid 26032]
[INFO] [robot_state_publisher-5]: process has finished cleanly [pid 26024]
[coverage_counter-2] Traceback (most recent call last):
[coverage_counter-2]   File "/home/ecem/ros2_ws/install/swarm_basics/lib/python3.10/site-packages/swarm_basics/coverage_counter.py", line 418, in main
[coverage_counter-2]     rclpy.spin(node)
[coverage_counter-2]   File "/opt/ros/humble/local/lib/python3.10/dist-packages/rclpy/__init__.py", line 229, in spin
[coverage_counter-2]     executor.spin_once()
[coverage_counter-2]   File "/opt/ros/humble/local/lib/python3.10/dist-packages/rclpy/executors.py", line 773, in spin_once
[coverage_counter-2]     self._spin_once_impl(timeout_sec)
[coverage_counter-2]   File "/opt/ros/humble/local/lib/python3.10/dist-packages/rclpy/executors.py", line 768, in _spin_once_impl
[coverage_counter-2]     handler()
[coverage_counter-2]   File "/opt/ros/humble/local/lib/python3.10/dist-packages/rclpy/task.py", line 254, in __call__
[coverage_counter-2]     self._handler.send(None)
[coverage_counter-2]   File "/opt/ros/humble/local/lib/python3.10/dist-packages/rclpy/executors.py", line 463, in handler
[coverage_counter-2]     await call_coroutine(entity, arg)
[coverage_counter-2]   File "/opt/ros/humble/local/lib/python3.10/dist-packages/rclpy/executors.py", line 371, in _execute_timer
[coverage_counter-2]     await await_or_execute(tmr.callback)
[coverage_counter-2]   File "/opt/ros/humble/local/lib/python3.10/dist-packages/rclpy/executors.py", line 107, in await_or_execute
[coverage_counter-2]     return callback(*args)
[coverage_counter-2]   File "/home/ecem/ros2_ws/install/swarm_basics/lib/python3.10/site-packages/swarm_basics/coverage_counter.py", line 152, in _on_timeout_timer
[coverage_counter-2]     self.shutdown_and_save()
[coverage_counter-2]   File "/home/ecem/ros2_ws/install/swarm_basics/lib/python3.10/site-packages/swarm_basics/coverage_counter.py", line 174, in shutdown_and_save
[coverage_counter-2]     rclpy.shutdown()
[coverage_counter-2]   File "/opt/ros/humble/local/lib/python3.10/dist-packages/rclpy/__init__.py", line 130, in shutdown
[coverage_counter-2]     _shutdown(context=context)
[coverage_counter-2]   File "/opt/ros/humble/local/lib/python3.10/dist-packages/rclpy/utilities.py", line 58, in shutdown
[coverage_counter-2]     return context.shutdown()
[coverage_counter-2]   File "/opt/ros/humble/local/lib/python3.10/dist-packages/rclpy/context.py", line 103, in shutdown
[coverage_counter-2]     self._call_on_shutdown_callbacks()
[coverage_counter-2]   File "/opt/ros/humble/local/lib/python3.10/dist-packages/rclpy/context.py", line 92, in _call_on_shutdown_callbacks
[coverage_counter-2]     callback = weak_method()
[coverage_counter-2]   File "/opt/ros/humble/local/lib/python3.10/dist-packages/rclpy/__init__.py", line 111, in reset_executor
[coverage_counter-2]     __executor.shutdown()
[coverage_counter-2]   File "/opt/ros/humble/local/lib/python3.10/dist-packages/rclpy/executors.py", line 227, in shutdown
[coverage_counter-2]     if not self._work_tracker.wait(timeout_sec):
[coverage_counter-2]   File "/opt/ros/humble/local/lib/python3.10/dist-packages/rclpy/executors.py", line 94, in wait
[coverage_counter-2]     if not self._work_condition.wait_for(
[coverage_counter-2]   File "/usr/lib/python3.10/threading.py", line 355, in wait_for
[coverage_counter-2]     self.wait(waittime)
[coverage_counter-2]   File "/usr/lib/python3.10/threading.py", line 320, in wait
[coverage_counter-2]     waiter.acquire()
[coverage_counter-2] KeyboardInterrupt
[coverage_counter-2] 
[coverage_counter-2] During handling of the above exception, another exception occurred:
[coverage_counter-2] 
[coverage_counter-2] Traceback (most recent call last):
[coverage_counter-2]   File "/home/ecem/ros2_ws/install/swarm_basics/lib/swarm_basics/coverage_counter", line 33, in <module>
[coverage_counter-2]     sys.exit(load_entry_point('swarm-basics==0.0.0', 'console_scripts', 'coverage_counter')())
[coverage_counter-2]   File "/home/ecem/ros2_ws/install/swarm_basics/lib/python3.10/site-packages/swarm_basics/coverage_counter.py", line 421, in main
[coverage_counter-2]     node.shutdown_and_save()
[coverage_counter-2]   File "/home/ecem/ros2_ws/install/swarm_basics/lib/python3.10/site-packages/swarm_basics/coverage_counter.py", line 174, in shutdown_and_save
[coverage_counter-2]     rclpy.shutdown()
[coverage_counter-2]   File "/opt/ros/humble/local/lib/python3.10/dist-packages/rclpy/__init__.py", line 130, in shutdown
[coverage_counter-2]     _shutdown(context=context)
[coverage_counter-2]   File "/opt/ros/humble/local/lib/python3.10/dist-packages/rclpy/utilities.py", line 58, in shutdown
[coverage_counter-2]     return context.shutdown()
[coverage_counter-2]   File "/opt/ros/humble/local/lib/python3.10/dist-packages/rclpy/context.py", line 100, in shutdown
[coverage_counter-2]     raise RuntimeError('Context must be initialized before it can be shutdown')
[coverage_counter-2] RuntimeError: Context must be initialized before it can be shutdown
[bump_counter-3] Traceback (most recent call last):
[bump_counter-3]   File "/home/ecem/ros2_ws/install/swarm_basics/lib/swarm_basics/bump_counter", line 33, in <module>
[bump_counter-3]     sys.exit(load_entry_point('swarm-basics==0.0.0', 'console_scripts', 'bump_counter')())
[bump_counter-3]   File "/home/ecem/ros2_ws/install/swarm_basics/lib/python3.10/site-packages/swarm_basics/bump_counter.py", line 384, in main
[bump_counter-3]     rclpy.shutdown()
[bump_counter-3]   File "/opt/ros/humble/local/lib/python3.10/dist-packages/rclpy/__init__.py", line 130, in shutdown
[bump_counter-3]     _shutdown(context=context)
[bump_counter-3]   File "/opt/ros/humble/local/lib/python3.10/dist-packages/rclpy/utilities.py", line 58, in shutdown
[bump_counter-3]     return context.shutdown()
[bump_counter-3]   File "/opt/ros/humble/local/lib/python3.10/dist-packages/rclpy/context.py", line 102, in shutdown
[bump_counter-3]     self.__context.shutdown()
[bump_counter-3] rclpy._rclpy_pybind11.RCLError: failed to shutdown: rcl_shutdown already called on the given context, at ./src/rcl/init.c:241
[ERROR] [coverage_counter-2]: process has died [pid 26018, exit code 1, cmd '/home/ecem/ros2_ws/install/swarm_basics/lib/swarm_basics/coverage_counter --ros-args -r __node:=coverage_counter --params-file /tmp/launch_params_doncz8gl --params-file /tmp/launch_params_q4w7h75a --params-file /tmp/launch_params_osc_6c20 --params-file /tmp/launch_params_4fj4iskn --params-file /tmp/launch_params_rrw0ulh_ --params-file /tmp/launch_params_a8513y55'].
[ERROR] [bump_counter-3]: process has died [pid 26020, exit code 1, cmd '/home/ecem/ros2_ws/install/swarm_basics/lib/swarm_basics/bump_counter --ros-args -r __node:=bump_counter --params-file /tmp/launch_params_jm08pziy --params-file /tmp/launch_params_o2pp33vb --params-file /tmp/launch_params_o9s0zp40'].
[ERROR] [robot_supervisor-19]: process has died [pid 26063, exit code -2, cmd '/home/ecem/ros2_ws/install/swarm_basics/lib/swarm_basics/robot_supervisor --ros-args -r __node:=robot_supervisor -r __ns:=/robot_4 --params-file /tmp/launch_params_7hd95fkk --params-file /tmp/launch_params_s3o13r1l --params-file /tmp/launch_params_vzkw2ke1 --params-file /tmp/launch_params_991oufc5'].
[ERROR] [robot_supervisor-10]: process has died [pid 26036, exit code -2, cmd '/home/ecem/ros2_ws/install/swarm_basics/lib/swarm_basics/robot_supervisor --ros-args -r __node:=robot_supervisor -r __ns:=/robot_1 --params-file /tmp/launch_params_7qjpc2uu --params-file /tmp/launch_params_x5opq_lc --params-file /tmp/launch_params_mrk178gp --params-file /tmp/launch_params_v20n9965'].
[ERROR] [robot_supervisor-16]: process has died [pid 26048, exit code -2, cmd '/home/ecem/ros2_ws/install/swarm_basics/lib/swarm_basics/robot_supervisor --ros-args -r __node:=robot_supervisor -r __ns:=/robot_3 --params-file /tmp/launch_params_rn1lmr97 --params-file /tmp/launch_params_zle9vz9f --params-file /tmp/launch_params_jsrzbcfc --params-file /tmp/launch_params_r13jzez7'].
[ERROR] [robot_supervisor-7]: process has died [pid 26029, exit code -2, cmd '/home/ecem/ros2_ws/install/swarm_basics/lib/swarm_basics/robot_supervisor --ros-args -r __node:=robot_supervisor -r __ns:=/robot_0 --params-file /tmp/launch_params_v5tjvn47 --params-file /tmp/launch_params_cm5lvo7j --params-file /tmp/launch_params_4het46xi --params-file /tmp/launch_params_cc2si2ib'].
[ERROR] [robot_supervisor-13]: process has died [pid 26042, exit code -2, cmd '/home/ecem/ros2_ws/install/swarm_basics/lib/swarm_basics/robot_supervisor --ros-args -r __node:=robot_supervisor -r __ns:=/robot_2 --params-file /tmp/launch_params_o9krbd0p --params-file /tmp/launch_params_cu5uvy76 --params-file /tmp/launch_params_iskcpxum --params-file /tmp/launch_params_wv0kplgw'].
