[INFO] [launch]: All log files can be found below /home/ecem/.ros/log/2026-04-21-16-00-06-350006-ecem-pc-314075
[INFO] [launch]: Default logging verbosity is set to INFO
[INFO] [ign gazebo-1]: process started with pid [314090]
[INFO] [coverage_counter-2]: process started with pid [314092]
[INFO] [bump_counter-3]: process started with pid [314095]
[INFO] [parameter_bridge-4]: process started with pid [314097]
[INFO] [robot_state_publisher-5]: process started with pid [314099]
[INFO] [create-6]: process started with pid [314101]
[INFO] [robot_supervisor-7]: process started with pid [314104]
[INFO] [robot_state_publisher-8]: process started with pid [314107]
[INFO] [create-9]: process started with pid [314109]
[INFO] [robot_supervisor-10]: process started with pid [314111]
[INFO] [robot_state_publisher-11]: process started with pid [314113]
[INFO] [create-12]: process started with pid [314115]
[INFO] [robot_supervisor-13]: process started with pid [314117]
[INFO] [robot_state_publisher-14]: process started with pid [314119]
[INFO] [create-15]: process started with pid [314121]
[INFO] [robot_supervisor-16]: process started with pid [314123]
[INFO] [robot_state_publisher-17]: process started with pid [314125]
[INFO] [create-18]: process started with pid [314168]
[INFO] [robot_supervisor-19]: process started with pid [314177]
[INFO] [parameter_bridge-20]: process started with pid [314200]
[parameter_bridge-4] [ros_ign_bridge] is deprecated! Redirecting to use [ros_gz_bridge] instead!
[parameter_bridge-4] 
[create-15] [INFO] [1776780006.773851180] [robot_3.ros_gz_sim]: Requesting list of world names.
[create-12] [INFO] [1776780006.775006233] [robot_2.ros_gz_sim]: Requesting list of world names.
[create-6] [INFO] [1776780006.775444055] [robot_0.ros_gz_sim]: Requesting list of world names.
[create-9] [INFO] [1776780006.780774189] [robot_1.ros_gz_sim]: Requesting list of world names.
[robot_state_publisher-11] [INFO] [1776780006.793635252] [robot_2.robot_state_publisher]: got segment robot_2/antenna_link
[robot_state_publisher-11] [INFO] [1776780006.793715395] [robot_2.robot_state_publisher]: got segment robot_2/base_footprint
[robot_state_publisher-11] [INFO] [1776780006.793721742] [robot_2.robot_state_publisher]: got segment robot_2/base_link
[robot_state_publisher-11] [INFO] [1776780006.793725685] [robot_2.robot_state_publisher]: got segment robot_2/realsense_link
[robot_state_publisher-11] [INFO] [1776780006.793729171] [robot_2.robot_state_publisher]: got segment robot_2/rocker_L_link
[robot_state_publisher-11] [INFO] [1776780006.793732616] [robot_2.robot_state_publisher]: got segment robot_2/rocker_R_link
[robot_state_publisher-11] [INFO] [1776780006.793735848] [robot_2.robot_state_publisher]: got segment robot_2/wheel_FL_link
[robot_state_publisher-11] [INFO] [1776780006.793739115] [robot_2.robot_state_publisher]: got segment robot_2/wheel_FR_link
[robot_state_publisher-11] [INFO] [1776780006.793742345] [robot_2.robot_state_publisher]: got segment robot_2/wheel_RL_link
[robot_state_publisher-11] [INFO] [1776780006.793745566] [robot_2.robot_state_publisher]: got segment robot_2/wheel_RR_link
[parameter_bridge-4] [INFO] [1776780006.794985758] [all_robots_bridge]: Creating ROS->GZ Bridge: [/robot_0/cmd_vel (geometry_msgs/msg/Twist) -> /robot_0/cmd_vel (ignition.msgs.Twist)] (Lazy 0)
[parameter_bridge-4] [INFO] [1776780006.796429728] [all_robots_bridge]: Creating GZ->ROS Bridge: [/robot_0/odom (ignition.msgs.Odometry) -> /robot_0/odom (nav_msgs/msg/Odometry)] (Lazy 0)
[parameter_bridge-4] [INFO] [1776780006.797204509] [all_robots_bridge]: Creating GZ->ROS Bridge: [/robot_0/depth_camera/depth_image (ignition.msgs.Image) -> /robot_0/depth_camera/depth_image (sensor_msgs/msg/Image)] (Lazy 0)
[parameter_bridge-4] [INFO] [1776780006.798229928] [all_robots_bridge]: Creating GZ->ROS Bridge: [/world/random_world/model/robot_0/link/robot_0/base_footprint/sensor/contact_sensor/contact (ignition.msgs.Contacts) -> /world/random_world/model/robot_0/link/robot_0/base_footprint/sensor/contact_sensor/contact (ros_gz_interfaces/msg/Contacts)] (Lazy 0)
[parameter_bridge-4] [INFO] [1776780006.799229456] [all_robots_bridge]: Creating ROS->GZ Bridge: [/robot_1/cmd_vel (geometry_msgs/msg/Twist) -> /robot_1/cmd_vel (ignition.msgs.Twist)] (Lazy 0)
[parameter_bridge-4] [INFO] [1776780006.799706520] [all_robots_bridge]: Creating GZ->ROS Bridge: [/robot_1/odom (ignition.msgs.Odometry) -> /robot_1/odom (nav_msgs/msg/Odometry)] (Lazy 0)
[parameter_bridge-4] [INFO] [1776780006.800191222] [all_robots_bridge]: Creating GZ->ROS Bridge: [/robot_1/depth_camera/depth_image (ignition.msgs.Image) -> /robot_1/depth_camera/depth_image (sensor_msgs/msg/Image)] (Lazy 0)
[robot_state_publisher-5] [INFO] [1776780006.800333757] [robot_0.robot_state_publisher]: got segment robot_0/antenna_link
[robot_state_publisher-5] [INFO] [1776780006.800449843] [robot_0.robot_state_publisher]: got segment robot_0/base_footprint
[robot_state_publisher-5] [INFO] [1776780006.800464622] [robot_0.robot_state_publisher]: got segment robot_0/base_link
[robot_state_publisher-5] [INFO] [1776780006.800474874] [robot_0.robot_state_publisher]: got segment robot_0/realsense_link
[robot_state_publisher-5] [INFO] [1776780006.800483318] [robot_0.robot_state_publisher]: got segment robot_0/rocker_L_link
[robot_state_publisher-5] [INFO] [1776780006.800491268] [robot_0.robot_state_publisher]: got segment robot_0/rocker_R_link
[robot_state_publisher-5] [INFO] [1776780006.800498897] [robot_0.robot_state_publisher]: got segment robot_0/wheel_FL_link
[robot_state_publisher-5] [INFO] [1776780006.800507093] [robot_0.robot_state_publisher]: got segment robot_0/wheel_FR_link
[robot_state_publisher-5] [INFO] [1776780006.800514354] [robot_0.robot_state_publisher]: got segment robot_0/wheel_RL_link
[robot_state_publisher-5] [INFO] [1776780006.800521813] [robot_0.robot_state_publisher]: got segment robot_0/wheel_RR_link
[parameter_bridge-4] [INFO] [1776780006.801054286] [all_robots_bridge]: Creating GZ->ROS Bridge: [/world/random_world/model/robot_1/link/robot_1/base_footprint/sensor/contact_sensor/contact (ignition.msgs.Contacts) -> /world/random_world/model/robot_1/link/robot_1/base_footprint/sensor/contact_sensor/contact (ros_gz_interfaces/msg/Contacts)] (Lazy 0)
[parameter_bridge-4] [INFO] [1776780006.802098949] [all_robots_bridge]: Creating ROS->GZ Bridge: [/robot_2/cmd_vel (geometry_msgs/msg/Twist) -> /robot_2/cmd_vel (ignition.msgs.Twist)] (Lazy 0)
[parameter_bridge-4] [INFO] [1776780006.802813032] [all_robots_bridge]: Creating GZ->ROS Bridge: [/robot_2/odom (ignition.msgs.Odometry) -> /robot_2/odom (nav_msgs/msg/Odometry)] (Lazy 0)
[parameter_bridge-4] [INFO] [1776780006.803915648] [all_robots_bridge]: Creating GZ->ROS Bridge: [/robot_2/depth_camera/depth_image (ignition.msgs.Image) -> /robot_2/depth_camera/depth_image (sensor_msgs/msg/Image)] (Lazy 0)
[robot_state_publisher-17] [INFO] [1776780006.805205107] [robot_4.robot_state_publisher]: got segment robot_4/antenna_link
[robot_state_publisher-17] [INFO] [1776780006.805315595] [robot_4.robot_state_publisher]: got segment robot_4/base_footprint
[robot_state_publisher-17] [INFO] [1776780006.805330761] [robot_4.robot_state_publisher]: got segment robot_4/base_link
[robot_state_publisher-17] [INFO] [1776780006.805340265] [robot_4.robot_state_publisher]: got segment robot_4/realsense_link
[robot_state_publisher-17] [INFO] [1776780006.805348566] [robot_4.robot_state_publisher]: got segment robot_4/rocker_L_link
[robot_state_publisher-17] [INFO] [1776780006.805356139] [robot_4.robot_state_publisher]: got segment robot_4/rocker_R_link
[robot_state_publisher-17] [INFO] [1776780006.805363734] [robot_4.robot_state_publisher]: got segment robot_4/wheel_FL_link
[robot_state_publisher-17] [INFO] [1776780006.805371298] [robot_4.robot_state_publisher]: got segment robot_4/wheel_FR_link
[robot_state_publisher-17] [INFO] [1776780006.805378854] [robot_4.robot_state_publisher]: got segment robot_4/wheel_RL_link
[robot_state_publisher-17] [INFO] [1776780006.805386279] [robot_4.robot_state_publisher]: got segment robot_4/wheel_RR_link
[parameter_bridge-4] [INFO] [1776780006.805791661] [all_robots_bridge]: Creating GZ->ROS Bridge: [/world/random_world/model/robot_2/link/robot_2/base_footprint/sensor/contact_sensor/contact (ignition.msgs.Contacts) -> /world/random_world/model/robot_2/link/robot_2/base_footprint/sensor/contact_sensor/contact (ros_gz_interfaces/msg/Contacts)] (Lazy 0)
[parameter_bridge-4] [INFO] [1776780006.807098477] [all_robots_bridge]: Creating ROS->GZ Bridge: [/robot_3/cmd_vel (geometry_msgs/msg/Twist) -> /robot_3/cmd_vel (ignition.msgs.Twist)] (Lazy 0)
[parameter_bridge-4] [INFO] [1776780006.808291983] [all_robots_bridge]: Creating GZ->ROS Bridge: [/robot_3/odom (ignition.msgs.Odometry) -> /robot_3/odom (nav_msgs/msg/Odometry)] (Lazy 0)
[parameter_bridge-4] [INFO] [1776780006.809479798] [all_robots_bridge]: Creating GZ->ROS Bridge: [/robot_3/depth_camera/depth_image (ignition.msgs.Image) -> /robot_3/depth_camera/depth_image (sensor_msgs/msg/Image)] (Lazy 0)
[robot_state_publisher-14] [INFO] [1776780006.809473292] [robot_3.robot_state_publisher]: got segment robot_3/antenna_link
[robot_state_publisher-14] [INFO] [1776780006.809588091] [robot_3.robot_state_publisher]: got segment robot_3/base_footprint
[robot_state_publisher-14] [INFO] [1776780006.809602810] [robot_3.robot_state_publisher]: got segment robot_3/base_link
[robot_state_publisher-14] [INFO] [1776780006.809613280] [robot_3.robot_state_publisher]: got segment robot_3/realsense_link
[robot_state_publisher-14] [INFO] [1776780006.809623049] [robot_3.robot_state_publisher]: got segment robot_3/rocker_L_link
[robot_state_publisher-14] [INFO] [1776780006.809630898] [robot_3.robot_state_publisher]: got segment robot_3/rocker_R_link
[robot_state_publisher-14] [INFO] [1776780006.809638225] [robot_3.robot_state_publisher]: got segment robot_3/wheel_FL_link
[robot_state_publisher-14] [INFO] [1776780006.809646056] [robot_3.robot_state_publisher]: got segment robot_3/wheel_FR_link
[robot_state_publisher-14] [INFO] [1776780006.809653684] [robot_3.robot_state_publisher]: got segment robot_3/wheel_RL_link
[robot_state_publisher-14] [INFO] [1776780006.809660707] [robot_3.robot_state_publisher]: got segment robot_3/wheel_RR_link
[create-18] [INFO] [1776780006.809515977] [robot_4.ros_gz_sim]: Requesting list of world names.
[parameter_bridge-4] [INFO] [1776780006.810090515] [all_robots_bridge]: Creating GZ->ROS Bridge: [/world/random_world/model/robot_3/link/robot_3/base_footprint/sensor/contact_sensor/contact (ignition.msgs.Contacts) -> /world/random_world/model/robot_3/link/robot_3/base_footprint/sensor/contact_sensor/contact (ros_gz_interfaces/msg/Contacts)] (Lazy 0)
[parameter_bridge-4] [INFO] [1776780006.810921244] [all_robots_bridge]: Creating ROS->GZ Bridge: [/robot_4/cmd_vel (geometry_msgs/msg/Twist) -> /robot_4/cmd_vel (ignition.msgs.Twist)] (Lazy 0)
[parameter_bridge-4] [INFO] [1776780006.811420822] [all_robots_bridge]: Creating GZ->ROS Bridge: [/robot_4/odom (ignition.msgs.Odometry) -> /robot_4/odom (nav_msgs/msg/Odometry)] (Lazy 0)
[robot_state_publisher-8] [INFO] [1776780006.811714181] [robot_1.robot_state_publisher]: got segment robot_1/antenna_link
[robot_state_publisher-8] [INFO] [1776780006.811770074] [robot_1.robot_state_publisher]: got segment robot_1/base_footprint
[robot_state_publisher-8] [INFO] [1776780006.811776382] [robot_1.robot_state_publisher]: got segment robot_1/base_link
[robot_state_publisher-8] [INFO] [1776780006.811780122] [robot_1.robot_state_publisher]: got segment robot_1/realsense_link
[robot_state_publisher-8] [INFO] [1776780006.811783499] [robot_1.robot_state_publisher]: got segment robot_1/rocker_L_link
[robot_state_publisher-8] [INFO] [1776780006.811786855] [robot_1.robot_state_publisher]: got segment robot_1/rocker_R_link
[robot_state_publisher-8] [INFO] [1776780006.811789922] [robot_1.robot_state_publisher]: got segment robot_1/wheel_FL_link
[robot_state_publisher-8] [INFO] [1776780006.811793086] [robot_1.robot_state_publisher]: got segment robot_1/wheel_FR_link
[robot_state_publisher-8] [INFO] [1776780006.811796388] [robot_1.robot_state_publisher]: got segment robot_1/wheel_RL_link
[robot_state_publisher-8] [INFO] [1776780006.811799343] [robot_1.robot_state_publisher]: got segment robot_1/wheel_RR_link
[parameter_bridge-4] [INFO] [1776780006.812205891] [all_robots_bridge]: Creating GZ->ROS Bridge: [/robot_4/depth_camera/depth_image (ignition.msgs.Image) -> /robot_4/depth_camera/depth_image (sensor_msgs/msg/Image)] (Lazy 0)
[parameter_bridge-4] [INFO] [1776780006.812872642] [all_robots_bridge]: Creating GZ->ROS Bridge: [/world/random_world/model/robot_4/link/robot_4/base_footprint/sensor/contact_sensor/contact (ignition.msgs.Contacts) -> /world/random_world/model/robot_4/link/robot_4/base_footprint/sensor/contact_sensor/contact (ros_gz_interfaces/msg/Contacts)] (Lazy 0)
[parameter_bridge-4] [INFO] [1776780006.813461597] [all_robots_bridge]: Creating GZ->ROS Bridge: [/world/random_world/dynamic_pose/info (ignition.msgs.Pose_V) -> /world/random_world/dynamic_pose/info (tf2_msgs/msg/TFMessage)] (Lazy 0)
[parameter_bridge-20] [INFO] [1776780006.822216449] [clock_bridge]: Creating GZ->ROS Bridge: [/clock (ignition.msgs.Clock) -> /clock (rosgraph_msgs/msg/Clock)] (Lazy 0)
[bump_counter-3] [INFO] [1776780007.167885295] [bump_counter]: [global] global_mode=True cooldown(robot)=0.80s cooldown(obs)=0.50s Logging to /home/ecem/ros2_ws/src/Leo_sct/results_exp/explore/medium/prompt_5/run_10/middle_circle/trial_3/run_20260421_160006/bumps_global_160007.csv
[robot_supervisor-19] [INFO] [1776780007.169745127] [robot_4.robot_supervisor]: Loaded initial mission 'explore' from explicit YAML explore_sup_gpt_medium_5_run_10_166.yaml
[robot_supervisor-16] [INFO] [1776780007.176712696] [robot_3.robot_supervisor]: Loaded initial mission 'explore' from explicit YAML explore_sup_gpt_medium_5_run_10_166.yaml
[robot_supervisor-7] [INFO] [1776780007.188083005] [robot_0.robot_supervisor]: Loaded initial mission 'explore' from explicit YAML explore_sup_gpt_medium_5_run_10_166.yaml
[robot_supervisor-13] [INFO] [1776780007.196676690] [robot_2.robot_supervisor]: Loaded initial mission 'explore' from explicit YAML explore_sup_gpt_medium_5_run_10_166.yaml
[robot_supervisor-10] [INFO] [1776780007.216081095] [robot_1.robot_supervisor]: Loaded initial mission 'explore' from explicit YAML explore_sup_gpt_medium_5_run_10_166.yaml
[create-18] [INFO] [1776780007.221831529] [robot_4.ros_gz_sim]: Waiting messages on topic [/robot_4/robot_description].
[parameter_bridge-4] [INFO] [1776780007.274068274] [all_robots_bridge]: Passing message from ROS geometry_msgs/msg/Twist to Gazebo gz.msgs.Twist (showing msg only once per type)
[create-6] [INFO] [1776780007.322362082] [robot_0.ros_gz_sim]: Waiting messages on topic [/robot_0/robot_description].
[create-15] [INFO] [1776780007.422790453] [robot_3.ros_gz_sim]: Waiting messages on topic [/robot_3/robot_description].
[create-9] [INFO] [1776780007.523493870] [robot_1.ros_gz_sim]: Waiting messages on topic [/robot_1/robot_description].
[create-18] [INFO] [1776780007.622867449] [robot_4.ros_gz_sim]: Requested creation of entity.
[create-18] [INFO] [1776780007.622926324] [robot_4.ros_gz_sim]: OK creation of entity.
[create-6] [INFO] [1776780007.623413883] [robot_0.ros_gz_sim]: Requested creation of entity.
[create-6] [INFO] [1776780007.623468973] [robot_0.ros_gz_sim]: OK creation of entity.
[create-15] [INFO] [1776780007.623483634] [robot_3.ros_gz_sim]: Requested creation of entity.
[create-15] [INFO] [1776780007.623529293] [robot_3.ros_gz_sim]: OK creation of entity.
[create-9] [INFO] [1776780007.623607925] [robot_1.ros_gz_sim]: Requested creation of entity.
[create-9] [INFO] [1776780007.623652225] [robot_1.ros_gz_sim]: OK creation of entity.
[create-12] [INFO] [1776780007.623816425] [robot_2.ros_gz_sim]: Waiting messages on topic [/robot_2/robot_description].
[create-12] [INFO] [1776780007.626925171] [robot_2.ros_gz_sim]: Requested creation of entity.
[create-12] [INFO] [1776780007.626962763] [robot_2.ros_gz_sim]: OK creation of entity.
[INFO] [create-15]: process has finished cleanly [pid 314121]
[INFO] [create-6]: process has finished cleanly [pid 314101]
[INFO] [create-18]: process has finished cleanly [pid 314168]
[INFO] [create-9]: process has finished cleanly [pid 314109]
[INFO] [create-12]: process has finished cleanly [pid 314115]
[bump_counter-3] [INFO] [1776780008.262188213] [bump_counter]: [global] subscribed: /world/random_world/model/robot_0/link/robot_0/base_footprint/sensor/contact_sensor/contact
[bump_counter-3] [INFO] [1776780008.262792385] [bump_counter]: [global] subscribed: /world/random_world/model/robot_1/link/robot_1/base_footprint/sensor/contact_sensor/contact
[bump_counter-3] [INFO] [1776780008.263245010] [bump_counter]: [global] subscribed: /world/random_world/model/robot_2/link/robot_2/base_footprint/sensor/contact_sensor/contact
[bump_counter-3] [INFO] [1776780008.263670155] [bump_counter]: [global] subscribed: /world/random_world/model/robot_3/link/robot_3/base_footprint/sensor/contact_sensor/contact
[bump_counter-3] [INFO] [1776780008.264135838] [bump_counter]: [global] subscribed: /world/random_world/model/robot_4/link/robot_4/base_footprint/sensor/contact_sensor/contact
[INFO] [image_processor-21]: process started with pid [314486]
[INFO] [image_processor-22]: process started with pid [314488]
[INFO] [image_processor-23]: process started with pid [314490]
[INFO] [image_processor-24]: process started with pid [314492]
[INFO] [image_processor-25]: process started with pid [314494]
[image_processor-24] [INFO] [1776780008.808469806] [robot_3.image_processor]: image_processor: depth='/robot_3/depth_camera/depth_image' aruco_runtime=disabled
[image_processor-21] [INFO] [1776780008.809221965] [robot_0.image_processor]: image_processor: depth='/robot_0/depth_camera/depth_image' aruco_runtime=disabled
[image_processor-23] [INFO] [1776780008.810885197] [robot_2.image_processor]: image_processor: depth='/robot_2/depth_camera/depth_image' aruco_runtime=disabled
[image_processor-22] [INFO] [1776780008.813395199] [robot_1.image_processor]: image_processor: depth='/robot_1/depth_camera/depth_image' aruco_runtime=disabled
[image_processor-25] [INFO] [1776780008.829463076] [robot_4.image_processor]: image_processor: depth='/robot_4/depth_camera/depth_image' aruco_runtime=disabled
[image_processor-25] [INFO] [1776780012.168876468] [robot_4.image_processor]: Zone=CLEAR  left[p=2.299 near=0 v=7157]  front[p=2.450 near=0 v=13239]  right[p=3.007 near=0 v=7740]
[image_processor-21] [INFO] [1776780012.178905498] [robot_0.image_processor]: Zone=CLEAR  left[p=1.026 near=0 v=7650]  front[p=1.493 near=0 v=13500]  right[p=2.221 near=0 v=7740]
[image_processor-24] [INFO] [1776780012.186219861] [robot_3.image_processor]: Zone=CLEAR  left[p=0.894 near=0 v=7620]  front[p=3.072 near=0 v=13297]  right[p=2.913 near=0 v=7740]
[image_processor-22] [INFO] [1776780012.194072946] [robot_1.image_processor]: Zone=CLEAR  left[p=3.007 near=0 v=7650]  front[p=3.426 near=0 v=13244]  right[p=2.532 near=0 v=7517]
[image_processor-23] [INFO] [1776780012.202459941] [robot_2.image_processor]: Zone=CLEAR  left[p=1.875 near=0 v=7650]  front[p=2.263 near=0 v=12349]  right[p=1.628 near=0 v=7740]
[image_processor-25] [INFO] [1776780014.669999026] [robot_4.image_processor]: Zone=CLEAR
[image_processor-21] [INFO] [1776780014.679801180] [robot_0.image_processor]: Zone=CLEAR
[image_processor-24] [INFO] [1776780014.687917305] [robot_3.image_processor]: Zone=CLEAR
[image_processor-22] [INFO] [1776780014.696687671] [robot_1.image_processor]: Zone=CLEAR
[image_processor-23] [INFO] [1776780014.704881072] [robot_2.image_processor]: Zone=CLEAR
[image_processor-25] [INFO] [1776780017.170719258] [robot_4.image_processor]: Zone=CLEAR
[image_processor-21] [INFO] [1776780017.180140939] [robot_0.image_processor]: Zone=CLEAR
[image_processor-24] [INFO] [1776780017.187183247] [robot_3.image_processor]: Zone=CLEAR
[image_processor-22] [INFO] [1776780017.198479947] [robot_1.image_processor]: Zone=CLEAR
[image_processor-23] [INFO] [1776780017.206492607] [robot_2.image_processor]: Zone=CLEAR
[image_processor-25] [INFO] [1776780019.671374072] [robot_4.image_processor]: Zone=CLEAR
[image_processor-21] [INFO] [1776780019.680615025] [robot_0.image_processor]: Zone=CLEAR
[image_processor-24] [INFO] [1776780019.689412035] [robot_3.image_processor]: Zone=CLEAR
[image_processor-22] [INFO] [1776780019.697719506] [robot_1.image_processor]: Zone=CLEAR
[image_processor-23] [INFO] [1776780019.707439535] [robot_2.image_processor]: Zone=CLEAR
[image_processor-25] [INFO] [1776780022.169584724] [robot_4.image_processor]: Zone=CLEAR
[image_processor-21] [INFO] [1776780022.181605853] [robot_0.image_processor]: Zone=CLEAR
[image_processor-24] [INFO] [1776780022.189098594] [robot_3.image_processor]: Zone=CLEAR
[image_processor-22] [INFO] [1776780022.198355653] [robot_1.image_processor]: Zone=CLEAR
[image_processor-23] [INFO] [1776780022.205730045] [robot_2.image_processor]: Zone=CLEAR
[image_processor-21] [INFO] [1776780024.679663627] [robot_0.image_processor]: Zone=CLEAR
[image_processor-24] [INFO] [1776780024.688273060] [robot_3.image_processor]: Zone=CLEAR
[image_processor-22] [INFO] [1776780024.696116536] [robot_1.image_processor]: Zone=CLEAR
[image_processor-23] [INFO] [1776780024.704071301] [robot_2.image_processor]: Zone=CLEAR
[image_processor-25] [INFO] [1776780024.770831012] [robot_4.image_processor]: Zone=CLEAR
[image_processor-25] [INFO] [1776780027.171336134] [robot_4.image_processor]: Zone=CLEAR
[image_processor-21] [INFO] [1776780027.178712564] [robot_0.image_processor]: Zone=CLEAR
[image_processor-24] [INFO] [1776780027.186910626] [robot_3.image_processor]: Zone=CLEAR
[image_processor-22] [INFO] [1776780027.193903678] [robot_1.image_processor]: Zone=CLEAR
[image_processor-23] [INFO] [1776780027.202786303] [robot_2.image_processor]: Zone=CLEAR
[image_processor-25] [INFO] [1776780029.671498071] [robot_4.image_processor]: Zone=CLEAR
[image_processor-21] [INFO] [1776780029.679892618] [robot_0.image_processor]: Zone=CLEAR
[image_processor-24] [INFO] [1776780029.688666321] [robot_3.image_processor]: Zone=CLEAR
[image_processor-22] [INFO] [1776780029.698715368] [robot_1.image_processor]: Zone=CLEAR
[image_processor-23] [INFO] [1776780029.707319141] [robot_2.image_processor]: Zone=CLEAR
[image_processor-25] [INFO] [1776780032.171770915] [robot_4.image_processor]: Zone=CLEAR
[image_processor-21] [INFO] [1776780032.179489857] [robot_0.image_processor]: Zone=CLEAR
[image_processor-24] [INFO] [1776780032.189767178] [robot_3.image_processor]: Zone=CLEAR
[image_processor-22] [INFO] [1776780032.197691437] [robot_1.image_processor]: Zone=CLEAR
[image_processor-23] [INFO] [1776780032.205238701] [robot_2.image_processor]: Zone=CLEAR
[image_processor-25] [INFO] [1776780034.671335265] [robot_4.image_processor]: Zone=CLEAR
[image_processor-21] [INFO] [1776780034.681316580] [robot_0.image_processor]: Zone=CLEAR
[image_processor-24] [INFO] [1776780034.691299619] [robot_3.image_processor]: Zone=CLEAR
[image_processor-22] [INFO] [1776780034.699963634] [robot_1.image_processor]: Zone=CLEAR
[image_processor-23] [INFO] [1776780034.707962077] [robot_2.image_processor]: Zone=CLEAR
[image_processor-25] [INFO] [1776780037.171099734] [robot_4.image_processor]: Zone=CLEAR
[image_processor-21] [INFO] [1776780037.179813549] [robot_0.image_processor]: Zone=CLEAR
[image_processor-24] [INFO] [1776780037.186691794] [robot_3.image_processor]: Zone=CLEAR
[image_processor-22] [INFO] [1776780037.195278129] [robot_1.image_processor]: Zone=CLEAR
[image_processor-23] [INFO] [1776780037.203198620] [robot_2.image_processor]: Zone=CLEAR
[image_processor-25] [INFO] [1776780039.670134531] [robot_4.image_processor]: Zone=CLEAR
[image_processor-21] [INFO] [1776780039.678629664] [robot_0.image_processor]: Zone=CLEAR
[image_processor-24] [INFO] [1776780039.687055029] [robot_3.image_processor]: Zone=CLEAR
[image_processor-22] [INFO] [1776780039.695841330] [robot_1.image_processor]: Zone=CLEAR
[image_processor-23] [INFO] [1776780039.803690375] [robot_2.image_processor]: Zone=CLEAR
[image_processor-25] [INFO] [1776780042.169774527] [robot_4.image_processor]: Zone=CLEAR
[image_processor-21] [INFO] [1776780042.179022621] [robot_0.image_processor]: Zone=CLEAR
[image_processor-24] [INFO] [1776780042.187424552] [robot_3.image_processor]: Zone=CLEAR
[image_processor-22] [INFO] [1776780042.195729366] [robot_1.image_processor]: Zone=CLEAR
[image_processor-23] [INFO] [1776780042.203166041] [robot_2.image_processor]: Zone=CLEAR
[image_processor-25] [INFO] [1776780044.669065856] [robot_4.image_processor]: Zone=CLEAR
[image_processor-21] [INFO] [1776780044.677859904] [robot_0.image_processor]: Zone=CLEAR
[image_processor-24] [INFO] [1776780044.686024299] [robot_3.image_processor]: Zone=CLEAR
[image_processor-22] [INFO] [1776780044.694673557] [robot_1.image_processor]: Zone=CLEAR
[image_processor-23] [INFO] [1776780044.702311483] [robot_2.image_processor]: Zone=CLEAR
[image_processor-25] [INFO] [1776780047.171309256] [robot_4.image_processor]: Zone=CLEAR
[image_processor-21] [INFO] [1776780047.180166825] [robot_0.image_processor]: Zone=CLEAR
[image_processor-24] [INFO] [1776780047.190027083] [robot_3.image_processor]: Zone=CLEAR
[image_processor-22] [INFO] [1776780047.197356971] [robot_1.image_processor]: Zone=CLEAR
[image_processor-23] [INFO] [1776780047.205971163] [robot_2.image_processor]: Zone=CLEAR
[image_processor-25] [INFO] [1776780049.670784180] [robot_4.image_processor]: Zone=CLEAR
[image_processor-21] [INFO] [1776780049.679553434] [robot_0.image_processor]: Zone=CLEAR
[image_processor-24] [INFO] [1776780049.689816784] [robot_3.image_processor]: Zone=CLEAR
[image_processor-22] [INFO] [1776780049.697459331] [robot_1.image_processor]: Zone=CLEAR
[image_processor-23] [INFO] [1776780049.706503362] [robot_2.image_processor]: Zone=CLEAR
[image_processor-25] [INFO] [1776780052.170600838] [robot_4.image_processor]: Zone=CLEAR
[image_processor-21] [INFO] [1776780052.178031169] [robot_0.image_processor]: Zone=CLEAR
[image_processor-24] [INFO] [1776780052.186645222] [robot_3.image_processor]: Zone=CLEAR
[image_processor-22] [INFO] [1776780052.196062038] [robot_1.image_processor]: Zone=CLEAR
[image_processor-23] [INFO] [1776780052.203233422] [robot_2.image_processor]: Zone=CLEAR
[image_processor-25] [INFO] [1776780054.670021060] [robot_4.image_processor]: Zone=CLEAR
[image_processor-21] [INFO] [1776780054.678580509] [robot_0.image_processor]: Zone=CLEAR
[image_processor-24] [INFO] [1776780054.686506750] [robot_3.image_processor]: Zone=CLEAR
[image_processor-22] [INFO] [1776780054.695106609] [robot_1.image_processor]: Zone=CLEAR
[image_processor-23] [INFO] [1776780054.702951494] [robot_2.image_processor]: Zone=CLEAR
[image_processor-25] [INFO] [1776780057.170762437] [robot_4.image_processor]: Zone=CLEAR
[image_processor-21] [INFO] [1776780057.180601166] [robot_0.image_processor]: Zone=CLEAR
[image_processor-24] [INFO] [1776780057.187979000] [robot_3.image_processor]: Zone=CLEAR
[image_processor-22] [INFO] [1776780057.197929440] [robot_1.image_processor]: Zone=CLEAR
[image_processor-23] [INFO] [1776780057.209484603] [robot_2.image_processor]: Zone=CLEAR
[image_processor-21] [INFO] [1776780059.677225715] [robot_0.image_processor]: Zone=CLEAR
[image_processor-24] [INFO] [1776780059.685660633] [robot_3.image_processor]: Zone=CLEAR
[image_processor-22] [INFO] [1776780059.694668776] [robot_1.image_processor]: Zone=CLEAR
[image_processor-25] [INFO] [1776780059.770940638] [robot_4.image_processor]: Zone=CLEAR
[image_processor-23] [INFO] [1776780059.804435779] [robot_2.image_processor]: Zone=CLEAR
[image_processor-25] [INFO] [1776780062.169411319] [robot_4.image_processor]: Zone=CLEAR
[image_processor-21] [INFO] [1776780062.181069286] [robot_0.image_processor]: Zone=CLEAR
[image_processor-24] [INFO] [1776780062.189302848] [robot_3.image_processor]: Zone=CLEAR
[image_processor-22] [INFO] [1776780062.197838580] [robot_1.image_processor]: Zone=CLEAR
[image_processor-23] [INFO] [1776780062.207029073] [robot_2.image_processor]: Zone=CLEAR
[image_processor-25] [INFO] [1776780064.671645098] [robot_4.image_processor]: Zone=CLEAR
[image_processor-21] [INFO] [1776780064.681204906] [robot_0.image_processor]: Zone=CLEAR
[image_processor-24] [INFO] [1776780064.689580252] [robot_3.image_processor]: Zone=CLEAR
[image_processor-22] [INFO] [1776780064.697555987] [robot_1.image_processor]: Zone=CLEAR
[image_processor-23] [INFO] [1776780064.708749856] [robot_2.image_processor]: Zone=CLEAR
[image_processor-25] [INFO] [1776780067.169435849] [robot_4.image_processor]: Zone=CLEAR
[image_processor-21] [INFO] [1776780067.179121674] [robot_0.image_processor]: Zone=CLEAR
[image_processor-24] [INFO] [1776780067.187646231] [robot_3.image_processor]: Zone=CLEAR
[image_processor-22] [INFO] [1776780067.197535258] [robot_1.image_processor]: Zone=CLEAR
[image_processor-23] [INFO] [1776780067.207716744] [robot_2.image_processor]: Zone=CLEAR
[image_processor-25] [INFO] [1776780069.671045552] [robot_4.image_processor]: Zone=CLEAR
[image_processor-21] [INFO] [1776780069.682962613] [robot_0.image_processor]: Zone=CLEAR
[image_processor-22] [INFO] [1776780069.698343946] [robot_1.image_processor]: Zone=CLEAR
[image_processor-23] [INFO] [1776780069.707618888] [robot_2.image_processor]: Zone=CLEAR
[image_processor-24] [INFO] [1776780069.790835699] [robot_3.image_processor]: Zone=CLEAR
[image_processor-25] [INFO] [1776780072.170134760] [robot_4.image_processor]: Zone=CLEAR
[image_processor-21] [INFO] [1776780072.179432320] [robot_0.image_processor]: Zone=CLEAR
[image_processor-24] [INFO] [1776780072.185990571] [robot_3.image_processor]: Zone=CLEAR
[image_processor-22] [INFO] [1776780072.194496397] [robot_1.image_processor]: Zone=CLEAR
[image_processor-23] [INFO] [1776780072.202878043] [robot_2.image_processor]: Zone=CLEAR
[image_processor-25] [INFO] [1776780074.670404907] [robot_4.image_processor]: Zone=CLEAR
[image_processor-21] [INFO] [1776780074.678285601] [robot_0.image_processor]: Zone=CLEAR
[image_processor-24] [INFO] [1776780074.684985698] [robot_3.image_processor]: Zone=CLEAR
[image_processor-22] [INFO] [1776780074.694219720] [robot_1.image_processor]: Zone=CLEAR
[image_processor-23] [INFO] [1776780074.702278792] [robot_2.image_processor]: Zone=CLEAR
[image_processor-25] [INFO] [1776780077.171529683] [robot_4.image_processor]: Zone=CLEAR
[image_processor-21] [INFO] [1776780077.179912728] [robot_0.image_processor]: Zone=CLEAR
[image_processor-22] [INFO] [1776780077.194863837] [robot_1.image_processor]: Zone=CLEAR
[image_processor-23] [INFO] [1776780077.203129857] [robot_2.image_processor]: Zone=CLEAR
[image_processor-24] [INFO] [1776780077.288435152] [robot_3.image_processor]: Zone=CLEAR
[image_processor-25] [INFO] [1776780079.671602901] [robot_4.image_processor]: Zone=CLEAR
[image_processor-21] [INFO] [1776780079.679593285] [robot_0.image_processor]: Zone=CLEAR
[image_processor-24] [INFO] [1776780079.687663525] [robot_3.image_processor]: Zone=CLEAR
[image_processor-22] [INFO] [1776780079.697595985] [robot_1.image_processor]: Zone=CLEAR
[image_processor-23] [INFO] [1776780079.707418318] [robot_2.image_processor]: Zone=CLEAR
[image_processor-25] [INFO] [1776780082.170494080] [robot_4.image_processor]: Zone=CLEAR
[image_processor-21] [INFO] [1776780082.178561595] [robot_0.image_processor]: Zone=CLEAR
[image_processor-24] [INFO] [1776780082.187431062] [robot_3.image_processor]: Zone=CLEAR
[image_processor-22] [INFO] [1776780082.195806770] [robot_1.image_processor]: Zone=CLEAR
[image_processor-23] [INFO] [1776780082.203714437] [robot_2.image_processor]: Zone=CLEAR
[image_processor-25] [INFO] [1776780084.669939192] [robot_4.image_processor]: Zone=CLEAR
[image_processor-21] [INFO] [1776780084.678155545] [robot_0.image_processor]: Zone=CLEAR
[image_processor-24] [INFO] [1776780084.686105002] [robot_3.image_processor]: Zone=CLEAR
[image_processor-22] [INFO] [1776780084.694611496] [robot_1.image_processor]: Zone=CLEAR
[image_processor-23] [INFO] [1776780084.703862646] [robot_2.image_processor]: Zone=CLEAR
[image_processor-25] [INFO] [1776780087.172298773] [robot_4.image_processor]: Zone=CLEAR
[image_processor-21] [INFO] [1776780087.181938312] [robot_0.image_processor]: Zone=CLEAR
[image_processor-24] [INFO] [1776780087.189534346] [robot_3.image_processor]: Zone=CLEAR
[image_processor-22] [INFO] [1776780087.197392830] [robot_1.image_processor]: Zone=CLEAR
[image_processor-23] [INFO] [1776780087.205389653] [robot_2.image_processor]: Zone=CLEAR
[image_processor-25] [INFO] [1776780089.670194718] [robot_4.image_processor]: Zone=CLEAR
[image_processor-21] [INFO] [1776780089.679365691] [robot_0.image_processor]: Zone=CLEAR
[image_processor-24] [INFO] [1776780089.689050528] [robot_3.image_processor]: Zone=CLEAR
[image_processor-22] [INFO] [1776780089.697253862] [robot_1.image_processor]: Zone=CLEAR
[image_processor-23] [INFO] [1776780089.705702737] [robot_2.image_processor]: Zone=CLEAR
[image_processor-25] [INFO] [1776780092.171305652] [robot_4.image_processor]: Zone=CLEAR
[image_processor-21] [INFO] [1776780092.179640104] [robot_0.image_processor]: Zone=CLEAR
[image_processor-24] [INFO] [1776780092.187031973] [robot_3.image_processor]: Zone=CLEAR
[image_processor-22] [INFO] [1776780092.195341347] [robot_1.image_processor]: Zone=CLEAR
[image_processor-23] [INFO] [1776780092.203941288] [robot_2.image_processor]: Zone=CLEAR
[image_processor-25] [INFO] [1776780094.671465329] [robot_4.image_processor]: Zone=CLEAR
[image_processor-21] [INFO] [1776780094.679076809] [robot_0.image_processor]: Zone=CLEAR
[image_processor-24] [INFO] [1776780094.686007907] [robot_3.image_processor]: Zone=CLEAR
[image_processor-22] [INFO] [1776780094.696057750] [robot_1.image_processor]: Zone=CLEAR
[image_processor-23] [INFO] [1776780094.702808412] [robot_2.image_processor]: Zone=CLEAR
[image_processor-25] [INFO] [1776780097.170622113] [robot_4.image_processor]: Zone=CLEAR
[image_processor-21] [INFO] [1776780097.179008606] [robot_0.image_processor]: Zone=CLEAR
[image_processor-24] [INFO] [1776780097.187467260] [robot_3.image_processor]: Zone=CLEAR
[image_processor-22] [INFO] [1776780097.197251801] [robot_1.image_processor]: Zone=CLEAR
[image_processor-23] [INFO] [1776780097.205021321] [robot_2.image_processor]: Zone=CLEAR
[image_processor-25] [INFO] [1776780099.671165453] [robot_4.image_processor]: Zone=CLEAR
[image_processor-21] [INFO] [1776780099.679006598] [robot_0.image_processor]: Zone=CLEAR
[image_processor-24] [INFO] [1776780099.687047575] [robot_3.image_processor]: Zone=CLEAR
[image_processor-22] [INFO] [1776780099.695845530] [robot_1.image_processor]: Zone=CLEAR
[image_processor-23] [INFO] [1776780099.704332956] [robot_2.image_processor]: Zone=CLEAR
[image_processor-25] [INFO] [1776780102.170177163] [robot_4.image_processor]: Zone=CLEAR
[image_processor-21] [INFO] [1776780102.179734386] [robot_0.image_processor]: Zone=CLEAR
[image_processor-24] [INFO] [1776780102.187962417] [robot_3.image_processor]: Zone=CLEAR
[image_processor-22] [INFO] [1776780102.195529209] [robot_1.image_processor]: Zone=CLEAR
[image_processor-23] [INFO] [1776780102.203641398] [robot_2.image_processor]: Zone=CLEAR
[image_processor-25] [INFO] [1776780104.670230673] [robot_4.image_processor]: Zone=CLEAR
[image_processor-21] [INFO] [1776780104.679899284] [robot_0.image_processor]: Zone=CLEAR
[image_processor-24] [INFO] [1776780104.686831838] [robot_3.image_processor]: Zone=CLEAR
[image_processor-22] [INFO] [1776780104.696015846] [robot_1.image_processor]: Zone=CLEAR
[image_processor-23] [INFO] [1776780104.704119242] [robot_2.image_processor]: Zone=CLEAR
[image_processor-25] [INFO] [1776780107.169445231] [robot_4.image_processor]: Zone=CLEAR
[image_processor-21] [INFO] [1776780107.178673130] [robot_0.image_processor]: Zone=CLEAR
[image_processor-24] [INFO] [1776780107.187091242] [robot_3.image_processor]: Zone=CLEAR
[image_processor-22] [INFO] [1776780107.197363181] [robot_1.image_processor]: Zone=CLEAR
[image_processor-23] [INFO] [1776780107.205410311] [robot_2.image_processor]: Zone=CLEAR
[image_processor-25] [INFO] [1776780109.670622317] [robot_4.image_processor]: Zone=CLEAR
[image_processor-21] [INFO] [1776780109.680061651] [robot_0.image_processor]: Zone=CLEAR
[image_processor-24] [INFO] [1776780109.688821905] [robot_3.image_processor]: Zone=CLEAR
[image_processor-22] [INFO] [1776780109.697425977] [robot_1.image_processor]: Zone=CLEAR
[image_processor-23] [INFO] [1776780109.706687443] [robot_2.image_processor]: Zone=CLEAR
[image_processor-25] [INFO] [1776780112.172055711] [robot_4.image_processor]: Zone=CLEAR
[image_processor-21] [INFO] [1776780112.179488550] [robot_0.image_processor]: Zone=CLEAR
[image_processor-22] [INFO] [1776780112.196414960] [robot_1.image_processor]: Zone=CLEAR
[image_processor-23] [INFO] [1776780112.203632682] [robot_2.image_processor]: Zone=CLEAR
[image_processor-24] [INFO] [1776780112.288334832] [robot_3.image_processor]: Zone=CLEAR
[image_processor-25] [INFO] [1776780114.670936573] [robot_4.image_processor]: Zone=CLEAR
[image_processor-21] [INFO] [1776780114.678737628] [robot_0.image_processor]: Zone=CLEAR
[image_processor-24] [INFO] [1776780114.687562364] [robot_3.image_processor]: Zone=CLEAR
[image_processor-22] [INFO] [1776780114.694377704] [robot_1.image_processor]: Zone=CLEAR
[image_processor-23] [INFO] [1776780114.702894698] [robot_2.image_processor]: Zone=CLEAR
[image_processor-25] [INFO] [1776780117.169757004] [robot_4.image_processor]: Zone=CLEAR
[image_processor-21] [INFO] [1776780117.178270057] [robot_0.image_processor]: Zone=CLEAR
[image_processor-24] [INFO] [1776780117.187325570] [robot_3.image_processor]: Zone=CLEAR
[image_processor-22] [INFO] [1776780117.195277141] [robot_1.image_processor]: Zone=CLEAR
[image_processor-23] [INFO] [1776780117.304586900] [robot_2.image_processor]: Zone=CLEAR
[image_processor-25] [INFO] [1776780119.669139069] [robot_4.image_processor]: Zone=CLEAR
[image_processor-21] [INFO] [1776780119.678673356] [robot_0.image_processor]: Zone=CLEAR
[image_processor-24] [INFO] [1776780119.685434062] [robot_3.image_processor]: Zone=CLEAR
[image_processor-22] [INFO] [1776780119.695270315] [robot_1.image_processor]: Zone=CLEAR
[image_processor-23] [INFO] [1776780119.703693899] [robot_2.image_processor]: Zone=CLEAR
[image_processor-25] [INFO] [1776780122.170978087] [robot_4.image_processor]: Zone=CLEAR
[image_processor-21] [INFO] [1776780122.179424144] [robot_0.image_processor]: Zone=CLEAR
[image_processor-24] [INFO] [1776780122.188360725] [robot_3.image_processor]: Zone=CLEAR
[image_processor-22] [INFO] [1776780122.196811573] [robot_1.image_processor]: Zone=CLEAR
[image_processor-23] [INFO] [1776780122.205652095] [robot_2.image_processor]: Zone=CLEAR
[image_processor-25] [INFO] [1776780124.669952158] [robot_4.image_processor]: Zone=CLEAR
[image_processor-21] [INFO] [1776780124.678359855] [robot_0.image_processor]: Zone=CLEAR
[image_processor-24] [INFO] [1776780124.688052084] [robot_3.image_processor]: Zone=CLEAR
[image_processor-22] [INFO] [1776780124.696079753] [robot_1.image_processor]: Zone=CLEAR
[image_processor-23] [INFO] [1776780124.703766704] [robot_2.image_processor]: Zone=CLEAR
[image_processor-25] [INFO] [1776780127.171770962] [robot_4.image_processor]: Zone=CLEAR
[image_processor-21] [INFO] [1776780127.181474031] [robot_0.image_processor]: Zone=CLEAR
[image_processor-24] [INFO] [1776780127.192419485] [robot_3.image_processor]: Zone=CLEAR
[image_processor-22] [INFO] [1776780127.199964622] [robot_1.image_processor]: Zone=CLEAR
[image_processor-23] [INFO] [1776780127.208581094] [robot_2.image_processor]: Zone=CLEAR
[image_processor-25] [INFO] [1776780129.669123487] [robot_4.image_processor]: Zone=CLEAR
[image_processor-21] [INFO] [1776780129.678164821] [robot_0.image_processor]: Zone=CLEAR
[image_processor-24] [INFO] [1776780129.686057254] [robot_3.image_processor]: Zone=CLEAR
[image_processor-22] [INFO] [1776780129.695366086] [robot_1.image_processor]: Zone=CLEAR
[image_processor-23] [INFO] [1776780129.705244716] [robot_2.image_processor]: Zone=CLEAR
[image_processor-25] [INFO] [1776780132.171087341] [robot_4.image_processor]: Zone=CLEAR
[image_processor-21] [INFO] [1776780132.180312582] [robot_0.image_processor]: Zone=CLEAR
[image_processor-24] [INFO] [1776780132.187838865] [robot_3.image_processor]: Zone=CLEAR
[image_processor-22] [INFO] [1776780132.196924548] [robot_1.image_processor]: Zone=CLEAR
[image_processor-23] [INFO] [1776780132.205207977] [robot_2.image_processor]: Zone=CLEAR
[image_processor-25] [INFO] [1776780134.669305258] [robot_4.image_processor]: Zone=CLEAR
[image_processor-21] [INFO] [1776780134.677659892] [robot_0.image_processor]: Zone=CLEAR
[image_processor-24] [INFO] [1776780134.686704130] [robot_3.image_processor]: Zone=CLEAR
[image_processor-22] [INFO] [1776780134.694696400] [robot_1.image_processor]: Zone=CLEAR
[image_processor-23] [INFO] [1776780134.702147185] [robot_2.image_processor]: Zone=CLEAR
[image_processor-25] [INFO] [1776780137.169758242] [robot_4.image_processor]: Zone=CLEAR
[image_processor-21] [INFO] [1776780137.178059099] [robot_0.image_processor]: Zone=CLEAR
[image_processor-24] [INFO] [1776780137.185267273] [robot_3.image_processor]: Zone=CLEAR
[image_processor-22] [INFO] [1776780137.194795139] [robot_1.image_processor]: Zone=CLEAR
[image_processor-23] [INFO] [1776780137.203084305] [robot_2.image_processor]: Zone=CLEAR
[image_processor-25] [INFO] [1776780139.670848739] [robot_4.image_processor]: Zone=CLEAR
[image_processor-21] [INFO] [1776780139.680415187] [robot_0.image_processor]: Zone=CLEAR
[image_processor-24] [INFO] [1776780139.689272272] [robot_3.image_processor]: Zone=CLEAR
[image_processor-22] [INFO] [1776780139.698924154] [robot_1.image_processor]: Zone=CLEAR
[image_processor-23] [INFO] [1776780139.706152269] [robot_2.image_processor]: Zone=CLEAR
[image_processor-25] [INFO] [1776780142.170513293] [robot_4.image_processor]: Zone=CLEAR
[image_processor-21] [INFO] [1776780142.179973225] [robot_0.image_processor]: Zone=CLEAR
[image_processor-24] [INFO] [1776780142.188345314] [robot_3.image_processor]: Zone=CLEAR
[image_processor-22] [INFO] [1776780142.196960253] [robot_1.image_processor]: Zone=CLEAR
[image_processor-23] [INFO] [1776780142.204074490] [robot_2.image_processor]: Zone=CLEAR
[image_processor-25] [INFO] [1776780144.675386983] [robot_4.image_processor]: Zone=CLEAR
[image_processor-21] [INFO] [1776780144.686671124] [robot_0.image_processor]: Zone=CLEAR
[image_processor-22] [INFO] [1776780144.707749389] [robot_1.image_processor]: Zone=CLEAR
[image_processor-23] [INFO] [1776780144.716372442] [robot_2.image_processor]: Zone=CLEAR
[image_processor-24] [INFO] [1776780144.801118127] [robot_3.image_processor]: Zone=CLEAR
[image_processor-21] [INFO] [1776780147.179789610] [robot_0.image_processor]: Zone=CLEAR
[image_processor-24] [INFO] [1776780147.187052673] [robot_3.image_processor]: Zone=CLEAR
[image_processor-22] [INFO] [1776780147.195121424] [robot_1.image_processor]: Zone=CLEAR
[image_processor-23] [INFO] [1776780147.203347129] [robot_2.image_processor]: Zone=CLEAR
[image_processor-25] [INFO] [1776780147.271970981] [robot_4.image_processor]: Zone=CLEAR
[image_processor-25] [INFO] [1776780149.669443014] [robot_4.image_processor]: Zone=CLEAR
[image_processor-21] [INFO] [1776780149.679827042] [robot_0.image_processor]: Zone=CLEAR
[image_processor-24] [INFO] [1776780149.690376999] [robot_3.image_processor]: Zone=CLEAR
[image_processor-22] [INFO] [1776780149.696681973] [robot_1.image_processor]: Zone=CLEAR
[image_processor-23] [INFO] [1776780149.704141364] [robot_2.image_processor]: Zone=CLEAR
[image_processor-25] [INFO] [1776780152.172300150] [robot_4.image_processor]: Zone=CLEAR
[image_processor-21] [INFO] [1776780152.180272141] [robot_0.image_processor]: Zone=CLEAR
[image_processor-24] [INFO] [1776780152.188959326] [robot_3.image_processor]: Zone=CLEAR
[image_processor-22] [INFO] [1776780152.196387300] [robot_1.image_processor]: Zone=CLEAR
[image_processor-23] [INFO] [1776780152.207100743] [robot_2.image_processor]: Zone=CLEAR
[image_processor-25] [INFO] [1776780154.668834723] [robot_4.image_processor]: Zone=CLEAR
[image_processor-24] [INFO] [1776780154.684736795] [robot_3.image_processor]: Zone=CLEAR
[image_processor-22] [INFO] [1776780154.693508423] [robot_1.image_processor]: Zone=CLEAR
[image_processor-23] [INFO] [1776780154.701201510] [robot_2.image_processor]: Zone=CLEAR
[image_processor-21] [INFO] [1776780154.779749278] [robot_0.image_processor]: Zone=CLEAR
[image_processor-25] [INFO] [1776780157.171458885] [robot_4.image_processor]: Zone=CLEAR
[image_processor-21] [INFO] [1776780157.180848278] [robot_0.image_processor]: Zone=CLEAR
[image_processor-24] [INFO] [1776780157.189194741] [robot_3.image_processor]: Zone=CLEAR
[image_processor-22] [INFO] [1776780157.197166207] [robot_1.image_processor]: Zone=CLEAR
[image_processor-23] [INFO] [1776780157.207253371] [robot_2.image_processor]: Zone=CLEAR
[image_processor-25] [INFO] [1776780159.670123342] [robot_4.image_processor]: Zone=CLEAR
[image_processor-21] [INFO] [1776780159.687365396] [robot_0.image_processor]: Zone=CLEAR
[image_processor-24] [INFO] [1776780159.699983270] [robot_3.image_processor]: Zone=CLEAR
[image_processor-22] [INFO] [1776780159.711321868] [robot_1.image_processor]: Zone=CLEAR
[image_processor-23] [INFO] [1776780159.720016328] [robot_2.image_processor]: Zone=CLEAR
[image_processor-25] [INFO] [1776780162.169876596] [robot_4.image_processor]: Zone=CLEAR
[image_processor-21] [INFO] [1776780162.180373486] [robot_0.image_processor]: Zone=CLEAR
[image_processor-24] [INFO] [1776780162.186055960] [robot_3.image_processor]: Zone=CLEAR
[image_processor-22] [INFO] [1776780162.193871980] [robot_1.image_processor]: Zone=CLEAR
[image_processor-23] [INFO] [1776780162.304174789] [robot_2.image_processor]: Zone=CLEAR
[image_processor-25] [INFO] [1776780164.670689265] [robot_4.image_processor]: Zone=CLEAR
[image_processor-21] [INFO] [1776780164.680174147] [robot_0.image_processor]: Zone=CLEAR
[image_processor-24] [INFO] [1776780164.688223501] [robot_3.image_processor]: Zone=CLEAR
[image_processor-22] [INFO] [1776780164.698410289] [robot_1.image_processor]: Zone=CLEAR
[image_processor-23] [INFO] [1776780164.706257264] [robot_2.image_processor]: Zone=CLEAR
[image_processor-25] [INFO] [1776780167.173578005] [robot_4.image_processor]: Zone=CLEAR
[image_processor-21] [INFO] [1776780167.183707046] [robot_0.image_processor]: Zone=CLEAR
[image_processor-24] [INFO] [1776780167.192266116] [robot_3.image_processor]: Zone=CLEAR
[image_processor-22] [INFO] [1776780167.201166194] [robot_1.image_processor]: Zone=CLEAR
[image_processor-23] [INFO] [1776780167.210232381] [robot_2.image_processor]: Zone=CLEAR
[image_processor-25] [INFO] [1776780169.671293126] [robot_4.image_processor]: Zone=CLEAR
[image_processor-21] [INFO] [1776780169.679156389] [robot_0.image_processor]: Zone=CLEAR
[image_processor-24] [INFO] [1776780169.686936440] [robot_3.image_processor]: Zone=CLEAR
[image_processor-22] [INFO] [1776780169.695211488] [robot_1.image_processor]: Zone=CLEAR
[image_processor-23] [INFO] [1776780169.702546192] [robot_2.image_processor]: Zone=CLEAR
[image_processor-25] [INFO] [1776780172.171499824] [robot_4.image_processor]: Zone=CLEAR
[image_processor-21] [INFO] [1776780172.181440848] [robot_0.image_processor]: Zone=CLEAR
[image_processor-24] [INFO] [1776780172.188374144] [robot_3.image_processor]: Zone=CLEAR
[image_processor-22] [INFO] [1776780172.197107400] [robot_1.image_processor]: Zone=CLEAR
[image_processor-23] [INFO] [1776780172.205427879] [robot_2.image_processor]: Zone=CLEAR
[image_processor-25] [INFO] [1776780174.672158089] [robot_4.image_processor]: Zone=CLEAR
[image_processor-21] [INFO] [1776780174.680671184] [robot_0.image_processor]: Zone=CLEAR
[image_processor-24] [INFO] [1776780174.687317462] [robot_3.image_processor]: Zone=CLEAR
[image_processor-22] [INFO] [1776780174.700772092] [robot_1.image_processor]: Zone=CLEAR
[image_processor-23] [INFO] [1776780174.709008756] [robot_2.image_processor]: Zone=CLEAR
[image_processor-25] [INFO] [1776780177.170307814] [robot_4.image_processor]: Zone=CLEAR
[image_processor-21] [INFO] [1776780177.179645290] [robot_0.image_processor]: Zone=CLEAR
[image_processor-24] [INFO] [1776780177.191170893] [robot_3.image_processor]: Zone=CLEAR
[image_processor-22] [INFO] [1776780177.201413998] [robot_1.image_processor]: Zone=CLEAR
[image_processor-23] [INFO] [1776780177.208857907] [robot_2.image_processor]: Zone=CLEAR
[image_processor-21] [INFO] [1776780179.680449083] [robot_0.image_processor]: Zone=CLEAR
[image_processor-24] [INFO] [1776780179.687565458] [robot_3.image_processor]: Zone=CLEAR
[image_processor-22] [INFO] [1776780179.696840852] [robot_1.image_processor]: Zone=CLEAR
[image_processor-25] [INFO] [1776780179.772969602] [robot_4.image_processor]: Zone=CLEAR
[image_processor-23] [INFO] [1776780179.805834653] [robot_2.image_processor]: Zone=CLEAR
[image_processor-25] [INFO] [1776780182.171927045] [robot_4.image_processor]: Zone=CLEAR
[image_processor-21] [INFO] [1776780182.180998624] [robot_0.image_processor]: Zone=CLEAR
[image_processor-24] [INFO] [1776780182.189400150] [robot_3.image_processor]: Zone=CLEAR
[image_processor-22] [INFO] [1776780182.198963542] [robot_1.image_processor]: Zone=CLEAR
[image_processor-23] [INFO] [1776780182.208087448] [robot_2.image_processor]: Zone=CLEAR
[image_processor-25] [INFO] [1776780184.670765286] [robot_4.image_processor]: Zone=CLEAR
[image_processor-21] [INFO] [1776780184.681670281] [robot_0.image_processor]: Zone=CLEAR
[image_processor-24] [INFO] [1776780184.687850028] [robot_3.image_processor]: Zone=CLEAR
[image_processor-22] [INFO] [1776780184.695899271] [robot_1.image_processor]: Zone=CLEAR
[image_processor-23] [INFO] [1776780184.705349868] [robot_2.image_processor]: Zone=CLEAR
[image_processor-25] [INFO] [1776780187.171054976] [robot_4.image_processor]: Zone=CLEAR
[image_processor-21] [INFO] [1776780187.180315477] [robot_0.image_processor]: Zone=CLEAR
[image_processor-24] [INFO] [1776780187.187318677] [robot_3.image_processor]: Zone=CLEAR
[image_processor-22] [INFO] [1776780187.195489212] [robot_1.image_processor]: Zone=CLEAR
[image_processor-23] [INFO] [1776780187.204850553] [robot_2.image_processor]: Zone=CLEAR
[image_processor-25] [INFO] [1776780189.670508914] [robot_4.image_processor]: Zone=CLEAR
[image_processor-21] [INFO] [1776780189.679341651] [robot_0.image_processor]: Zone=CLEAR
[image_processor-22] [INFO] [1776780189.698132927] [robot_1.image_processor]: Zone=CLEAR
[image_processor-23] [INFO] [1776780189.705321727] [robot_2.image_processor]: Zone=CLEAR
[image_processor-24] [INFO] [1776780189.790623468] [robot_3.image_processor]: Zone=CLEAR
[image_processor-25] [INFO] [1776780192.171332539] [robot_4.image_processor]: Zone=CLEAR
[image_processor-21] [INFO] [1776780192.179748809] [robot_0.image_processor]: Zone=CLEAR
[image_processor-24] [INFO] [1776780192.186722566] [robot_3.image_processor]: Zone=CLEAR
[image_processor-22] [INFO] [1776780192.195659673] [robot_1.image_processor]: Zone=CLEAR
[image_processor-23] [INFO] [1776780192.203082437] [robot_2.image_processor]: Zone=CLEAR
[image_processor-25] [INFO] [1776780194.672273743] [robot_4.image_processor]: Zone=CLEAR
[image_processor-21] [INFO] [1776780194.679470837] [robot_0.image_processor]: Zone=CLEAR
[image_processor-24] [INFO] [1776780194.687678676] [robot_3.image_processor]: Zone=CLEAR
[image_processor-22] [INFO] [1776780194.696732188] [robot_1.image_processor]: Zone=CLEAR
[image_processor-23] [INFO] [1776780194.706619635] [robot_2.image_processor]: Zone=CLEAR
[image_processor-25] [INFO] [1776780197.173133568] [robot_4.image_processor]: Zone=CLEAR
[image_processor-21] [INFO] [1776780197.181698982] [robot_0.image_processor]: Zone=CLEAR
[image_processor-24] [INFO] [1776780197.191035406] [robot_3.image_processor]: Zone=CLEAR
[image_processor-22] [INFO] [1776780197.202290475] [robot_1.image_processor]: Zone=CLEAR
[image_processor-23] [INFO] [1776780197.210511122] [robot_2.image_processor]: Zone=CLEAR
[image_processor-25] [INFO] [1776780199.669909293] [robot_4.image_processor]: Zone=CLEAR
[image_processor-21] [INFO] [1776780199.678069517] [robot_0.image_processor]: Zone=CLEAR
[image_processor-24] [INFO] [1776780199.685302791] [robot_3.image_processor]: Zone=CLEAR
[image_processor-22] [INFO] [1776780199.694318663] [robot_1.image_processor]: Zone=CLEAR
[image_processor-23] [INFO] [1776780199.703390802] [robot_2.image_processor]: Zone=CLEAR
[image_processor-25] [INFO] [1776780202.171936450] [robot_4.image_processor]: Zone=CLEAR
[image_processor-21] [INFO] [1776780202.180313793] [robot_0.image_processor]: Zone=CLEAR
[image_processor-24] [INFO] [1776780202.189529642] [robot_3.image_processor]: Zone=CLEAR
[image_processor-23] [INFO] [1776780202.205520581] [robot_2.image_processor]: Zone=CLEAR
[image_processor-22] [INFO] [1776780202.298211878] [robot_1.image_processor]: Zone=CLEAR
[image_processor-25] [INFO] [1776780204.672378447] [robot_4.image_processor]: Zone=CLEAR
[image_processor-24] [INFO] [1776780204.688861575] [robot_3.image_processor]: Zone=CLEAR
[image_processor-22] [INFO] [1776780204.697121634] [robot_1.image_processor]: Zone=CLEAR
[image_processor-23] [INFO] [1776780204.705411942] [robot_2.image_processor]: Zone=CLEAR
[image_processor-21] [INFO] [1776780204.779609332] [robot_0.image_processor]: Zone=CLEAR
[INFO] [image_processor-25]: sending signal 'SIGINT' to process[image_processor-25]
[ERROR] [ign gazebo-1]: process has died [pid 314090, exit code -15, cmd 'ruby /usr/bin/ign gazebo /home/ecem/ros2_ws/install/swarm_basics/share/swarm_basics/worlds/random_world.sdf -s -r --force-version 6'].
[ERROR] [parameter_bridge-4]: process has died [pid 314097, exit code -15, cmd '/opt/ros/humble/lib/ros_ign_bridge/parameter_bridge /robot_0/cmd_vel@geometry_msgs/msg/Twist]ignition.msgs.Twist /robot_0/odom@nav_msgs/msg/Odometry[ignition.msgs.Odometry /robot_0/depth_camera/depth_image@sensor_msgs/msg/Image[ignition.msgs.Image /world/random_world/model/robot_0/link/robot_0/base_footprint/sensor/contact_sensor/contact@ros_gz_interfaces/msg/Contacts[ignition.msgs.Contacts /robot_1/cmd_vel@geometry_msgs/msg/Twist]ignition.msgs.Twist /robot_1/odom@nav_msgs/msg/Odometry[ignition.msgs.Odometry /robot_1/depth_camera/depth_image@sensor_msgs/msg/Image[ignition.msgs.Image /world/random_world/model/robot_1/link/robot_1/base_footprint/sensor/contact_sensor/contact@ros_gz_interfaces/msg/Contacts[ignition.msgs.Contacts /robot_2/cmd_vel@geometry_msgs/msg/Twist]ignition.msgs.Twist /robot_2/odom@nav_msgs/msg/Odometry[ignition.msgs.Odometry /robot_2/depth_camera/depth_image@sensor_msgs/msg/Image[ignition.msgs.Image /world/random_world/model/robot_2/link/robot_2/base_footprint/sensor/contact_sensor/contact@ros_gz_interfaces/msg/Contacts[ignition.msgs.Contacts /robot_3/cmd_vel@geometry_msgs/msg/Twist]ignition.msgs.Twist /robot_3/odom@nav_msgs/msg/Odometry[ignition.msgs.Odometry /robot_3/depth_camera/depth_image@sensor_msgs/msg/Image[ignition.msgs.Image /world/random_world/model/robot_3/link/robot_3/base_footprint/sensor/contact_sensor/contact@ros_gz_interfaces/msg/Contacts[ignition.msgs.Contacts /robot_4/cmd_vel@geometry_msgs/msg/Twist]ignition.msgs.Twist /robot_4/odom@nav_msgs/msg/Odometry[ignition.msgs.Odometry /robot_4/depth_camera/depth_image@sensor_msgs/msg/Image[ignition.msgs.Image /world/random_world/model/robot_4/link/robot_4/base_footprint/sensor/contact_sensor/contact@ros_gz_interfaces/msg/Contacts[ignition.msgs.Contacts /world/random_world/dynamic_pose/info@tf2_msgs/msg/TFMessage[ignition.msgs.Pose_V --ros-args -r __node:=all_robots_bridge --params-file /tmp/launch_params_dj2tvxym'].
[INFO] [parameter_bridge-20]: process has finished cleanly [pid 314200]
[INFO] [image_processor-24]: sending signal 'SIGINT' to process[image_processor-24]
[INFO] [bash-26]: process started with pid [314658]
[INFO] [image_processor-23]: sending signal 'SIGINT' to process[image_processor-23]
[INFO] [image_processor-22]: sending signal 'SIGINT' to process[image_processor-22]
[INFO] [image_processor-21]: sending signal 'SIGINT' to process[image_processor-21]
[INFO] [robot_supervisor-19]: sending signal 'SIGINT' to process[robot_supervisor-19]
[INFO] [robot_state_publisher-17]: sending signal 'SIGINT' to process[robot_state_publisher-17]
[ERROR] [bash-26]: process has died [pid 314658, exit code -15, cmd 'bash -lc pkill -f parameter_bridge || true'].
[INFO] [robot_supervisor-16]: sending signal 'SIGINT' to process[robot_supervisor-16]
[INFO] [robot_state_publisher-14]: sending signal 'SIGINT' to process[robot_state_publisher-14]
[INFO] [robot_supervisor-13]: sending signal 'SIGINT' to process[robot_supervisor-13]
[INFO] [robot_state_publisher-11]: sending signal 'SIGINT' to process[robot_state_publisher-11]
[INFO] [robot_supervisor-10]: sending signal 'SIGINT' to process[robot_supervisor-10]
[INFO] [robot_state_publisher-8]: sending signal 'SIGINT' to process[robot_state_publisher-8]
[INFO] [robot_supervisor-7]: sending signal 'SIGINT' to process[robot_supervisor-7]
[INFO] [robot_state_publisher-5]: sending signal 'SIGINT' to process[robot_state_publisher-5]
[INFO] [bump_counter-3]: sending signal 'SIGINT' to process[bump_counter-3]
[INFO] [coverage_counter-2]: sending signal 'SIGINT' to process[coverage_counter-2]
[parameter_bridge-20] [INFO] [1776780206.813213410] [rclcpp]: signal_handler(SIGINT/SIGTERM)
[parameter_bridge-4] [INFO] [1776780206.813222096] [rclcpp]: signal_handler(SIGINT/SIGTERM)
[INFO] [launch]: process[ign gazebo-1] was required: shutting down launched system
[image_processor-25] [INFO] [1776780207.494032564] [rclcpp]: signal_handler(SIGINT/SIGTERM)
[image_processor-24] [INFO] [1776780207.498705126] [rclcpp]: signal_handler(SIGINT/SIGTERM)
[image_processor-23] [INFO] [1776780207.502280220] [rclcpp]: signal_handler(SIGINT/SIGTERM)
[image_processor-22] [INFO] [1776780207.505789606] [rclcpp]: signal_handler(SIGINT/SIGTERM)
[image_processor-21] [INFO] [1776780207.509170501] [rclcpp]: signal_handler(SIGINT/SIGTERM)
[robot_supervisor-19] Traceback (most recent call last):
[robot_supervisor-19]   File "/home/ecem/ros2_ws/install/swarm_basics/lib/swarm_basics/robot_supervisor", line 33, in <module>
[robot_supervisor-19]     sys.exit(load_entry_point('swarm-basics==0.0.0', 'console_scripts', 'robot_supervisor')())
[robot_supervisor-19]   File "/home/ecem/ros2_ws/install/swarm_basics/lib/python3.10/site-packages/swarm_basics/robot_supervisor.py", line 867, in main
[robot_supervisor-19]     rclpy.spin(node)
[robot_supervisor-19]   File "/opt/ros/humble/local/lib/python3.10/dist-packages/rclpy/__init__.py", line 229, in spin
[robot_supervisor-19]     executor.spin_once()
[robot_supervisor-19]   File "/opt/ros/humble/local/lib/python3.10/dist-packages/rclpy/executors.py", line 773, in spin_once
[robot_supervisor-19]     self._spin_once_impl(timeout_sec)
[robot_supervisor-19]   File "/opt/ros/humble/local/lib/python3.10/dist-packages/rclpy/executors.py", line 762, in _spin_once_impl
[robot_supervisor-19]     handler, entity, node = self.wait_for_ready_callbacks(timeout_sec=timeout_sec)
[robot_supervisor-19]   File "/opt/ros/humble/local/lib/python3.10/dist-packages/rclpy/executors.py", line 745, in wait_for_ready_callbacks
[robot_supervisor-19]     return next(self._cb_iter)
[robot_supervisor-19]   File "/opt/ros/humble/local/lib/python3.10/dist-packages/rclpy/executors.py", line 642, in _wait_for_ready_callbacks
[robot_supervisor-19]     wait_set.wait(timeout_nsec)
[robot_supervisor-19] KeyboardInterrupt
[robot_state_publisher-17] [INFO] [1776780207.519771865] [rclcpp]: signal_handler(SIGINT/SIGTERM)
[robot_supervisor-16] Traceback (most recent call last):
[robot_supervisor-16]   File "/home/ecem/ros2_ws/install/swarm_basics/lib/swarm_basics/robot_supervisor", line 33, in <module>
[robot_supervisor-16]     sys.exit(load_entry_point('swarm-basics==0.0.0', 'console_scripts', 'robot_supervisor')())
[robot_supervisor-16]   File "/home/ecem/ros2_ws/install/swarm_basics/lib/python3.10/site-packages/swarm_basics/robot_supervisor.py", line 867, in main
[robot_supervisor-16]     rclpy.spin(node)
[robot_supervisor-16]   File "/opt/ros/humble/local/lib/python3.10/dist-packages/rclpy/__init__.py", line 229, in spin
[robot_supervisor-16]     executor.spin_once()
[robot_supervisor-16]   File "/opt/ros/humble/local/lib/python3.10/dist-packages/rclpy/executors.py", line 773, in spin_once
[robot_supervisor-16]     self._spin_once_impl(timeout_sec)
[robot_supervisor-16]   File "/opt/ros/humble/local/lib/python3.10/dist-packages/rclpy/executors.py", line 762, in _spin_once_impl
[robot_supervisor-16]     handler, entity, node = self.wait_for_ready_callbacks(timeout_sec=timeout_sec)
[robot_supervisor-16]   File "/opt/ros/humble/local/lib/python3.10/dist-packages/rclpy/executors.py", line 745, in wait_for_ready_callbacks
[robot_supervisor-16]     return next(self._cb_iter)
[robot_supervisor-16]   File "/opt/ros/humble/local/lib/python3.10/dist-packages/rclpy/executors.py", line 642, in _wait_for_ready_callbacks
[robot_supervisor-16]     wait_set.wait(timeout_nsec)
[robot_supervisor-16] KeyboardInterrupt
[robot_state_publisher-14] [INFO] [1776780207.527312446] [rclcpp]: signal_handler(SIGINT/SIGTERM)
[robot_supervisor-13] Traceback (most recent call last):
[robot_supervisor-13]   File "/home/ecem/ros2_ws/install/swarm_basics/lib/swarm_basics/robot_supervisor", line 33, in <module>
[robot_supervisor-13]     sys.exit(load_entry_point('swarm-basics==0.0.0', 'console_scripts', 'robot_supervisor')())
[robot_supervisor-13]   File "/home/ecem/ros2_ws/install/swarm_basics/lib/python3.10/site-packages/swarm_basics/robot_supervisor.py", line 867, in main
[robot_supervisor-13]     rclpy.spin(node)
[robot_supervisor-13]   File "/opt/ros/humble/local/lib/python3.10/dist-packages/rclpy/__init__.py", line 229, in spin
[robot_supervisor-13]     executor.spin_once()
[robot_supervisor-13]   File "/opt/ros/humble/local/lib/python3.10/dist-packages/rclpy/executors.py", line 773, in spin_once
[robot_supervisor-13]     self._spin_once_impl(timeout_sec)
[robot_supervisor-13]   File "/opt/ros/humble/local/lib/python3.10/dist-packages/rclpy/executors.py", line 762, in _spin_once_impl
[robot_supervisor-13]     handler, entity, node = self.wait_for_ready_callbacks(timeout_sec=timeout_sec)
[robot_supervisor-13]   File "/opt/ros/humble/local/lib/python3.10/dist-packages/rclpy/executors.py", line 745, in wait_for_ready_callbacks
[robot_supervisor-13]     return next(self._cb_iter)
[robot_supervisor-13]   File "/opt/ros/humble/local/lib/python3.10/dist-packages/rclpy/executors.py", line 642, in _wait_for_ready_callbacks
[robot_supervisor-13]     wait_set.wait(timeout_nsec)
[robot_supervisor-13] KeyboardInterrupt
[robot_state_publisher-11] [INFO] [1776780207.534693804] [rclcpp]: signal_handler(SIGINT/SIGTERM)
[robot_supervisor-10] Traceback (most recent call last):
[robot_supervisor-10]   File "/home/ecem/ros2_ws/install/swarm_basics/lib/swarm_basics/robot_supervisor", line 33, in <module>
[robot_supervisor-10]     sys.exit(load_entry_point('swarm-basics==0.0.0', 'console_scripts', 'robot_supervisor')())
[robot_supervisor-10]   File "/home/ecem/ros2_ws/install/swarm_basics/lib/python3.10/site-packages/swarm_basics/robot_supervisor.py", line 867, in main
[robot_supervisor-10]     rclpy.spin(node)
[robot_supervisor-10]   File "/opt/ros/humble/local/lib/python3.10/dist-packages/rclpy/__init__.py", line 229, in spin
[robot_supervisor-10]     executor.spin_once()
[robot_supervisor-10]   File "/opt/ros/humble/local/lib/python3.10/dist-packages/rclpy/executors.py", line 773, in spin_once
[robot_supervisor-10]     self._spin_once_impl(timeout_sec)
[robot_supervisor-10]   File "/opt/ros/humble/local/lib/python3.10/dist-packages/rclpy/executors.py", line 762, in _spin_once_impl
[robot_supervisor-10]     handler, entity, node = self.wait_for_ready_callbacks(timeout_sec=timeout_sec)
[robot_supervisor-10]   File "/opt/ros/humble/local/lib/python3.10/dist-packages/rclpy/executors.py", line 745, in wait_for_ready_callbacks
[robot_supervisor-10]     return next(self._cb_iter)
[robot_supervisor-10]   File "/opt/ros/humble/local/lib/python3.10/dist-packages/rclpy/executors.py", line 642, in _wait_for_ready_callbacks
[robot_supervisor-10]     wait_set.wait(timeout_nsec)
[robot_supervisor-10] KeyboardInterrupt
[robot_state_publisher-8] [INFO] [1776780207.542037489] [rclcpp]: signal_handler(SIGINT/SIGTERM)
[robot_supervisor-7] Traceback (most recent call last):
[robot_supervisor-7]   File "/home/ecem/ros2_ws/install/swarm_basics/lib/swarm_basics/robot_supervisor", line 33, in <module>
[robot_supervisor-7]     sys.exit(load_entry_point('swarm-basics==0.0.0', 'console_scripts', 'robot_supervisor')())
[robot_supervisor-7]   File "/home/ecem/ros2_ws/install/swarm_basics/lib/python3.10/site-packages/swarm_basics/robot_supervisor.py", line 867, in main
[robot_supervisor-7]     rclpy.spin(node)
[robot_supervisor-7]   File "/opt/ros/humble/local/lib/python3.10/dist-packages/rclpy/__init__.py", line 229, in spin
[robot_supervisor-7]     executor.spin_once()
[robot_supervisor-7]   File "/opt/ros/humble/local/lib/python3.10/dist-packages/rclpy/executors.py", line 773, in spin_once
[robot_supervisor-7]     self._spin_once_impl(timeout_sec)
[robot_supervisor-7]   File "/opt/ros/humble/local/lib/python3.10/dist-packages/rclpy/executors.py", line 762, in _spin_once_impl
[robot_supervisor-7]     handler, entity, node = self.wait_for_ready_callbacks(timeout_sec=timeout_sec)
[robot_supervisor-7]   File "/opt/ros/humble/local/lib/python3.10/dist-packages/rclpy/executors.py", line 745, in wait_for_ready_callbacks
[robot_supervisor-7]     return next(self._cb_iter)
[robot_supervisor-7]   File "/opt/ros/humble/local/lib/python3.10/dist-packages/rclpy/executors.py", line 642, in _wait_for_ready_callbacks
[robot_supervisor-7]     wait_set.wait(timeout_nsec)
[robot_supervisor-7] KeyboardInterrupt
[robot_state_publisher-5] [INFO] [1776780207.549261621] [rclcpp]: signal_handler(SIGINT/SIGTERM)
[ERROR] [launch]: Caught exception in launch (see debug for traceback): ExecuteLocal action 'bash-27': executed more than once: <launch.actions.execute_process.ExecuteProcess object at 0x7c0806d90880>
[INFO] [image_processor-25]: process has finished cleanly [pid 314494]
[INFO] [image_processor-24]: process has finished cleanly [pid 314492]
[INFO] [image_processor-23]: process has finished cleanly [pid 314490]
[INFO] [image_processor-22]: process has finished cleanly [pid 314488]
[INFO] [image_processor-21]: process has finished cleanly [pid 314486]
[INFO] [robot_state_publisher-17]: process has finished cleanly [pid 314125]
[INFO] [robot_state_publisher-14]: process has finished cleanly [pid 314119]
[INFO] [robot_state_publisher-11]: process has finished cleanly [pid 314113]
[INFO] [robot_state_publisher-8]: process has finished cleanly [pid 314107]
[INFO] [robot_state_publisher-5]: process has finished cleanly [pid 314099]
[coverage_counter-2] Traceback (most recent call last):
[coverage_counter-2]   File "/home/ecem/ros2_ws/install/swarm_basics/lib/python3.10/site-packages/swarm_basics/coverage_counter.py", line 418, in main
[coverage_counter-2]     rclpy.spin(node)
[coverage_counter-2]   File "/opt/ros/humble/local/lib/python3.10/dist-packages/rclpy/__init__.py", line 229, in spin
[coverage_counter-2]     executor.spin_once()
[coverage_counter-2]   File "/opt/ros/humble/local/lib/python3.10/dist-packages/rclpy/executors.py", line 773, in spin_once
[coverage_counter-2]     self._spin_once_impl(timeout_sec)
[coverage_counter-2]   File "/opt/ros/humble/local/lib/python3.10/dist-packages/rclpy/executors.py", line 768, in _spin_once_impl
[coverage_counter-2]     handler()
[coverage_counter-2]   File "/opt/ros/humble/local/lib/python3.10/dist-packages/rclpy/task.py", line 254, in __call__
[coverage_counter-2]     self._handler.send(None)
[coverage_counter-2]   File "/opt/ros/humble/local/lib/python3.10/dist-packages/rclpy/executors.py", line 463, in handler
[coverage_counter-2]     await call_coroutine(entity, arg)
[coverage_counter-2]   File "/opt/ros/humble/local/lib/python3.10/dist-packages/rclpy/executors.py", line 371, in _execute_timer
[coverage_counter-2]     await await_or_execute(tmr.callback)
[coverage_counter-2]   File "/opt/ros/humble/local/lib/python3.10/dist-packages/rclpy/executors.py", line 107, in await_or_execute
[coverage_counter-2]     return callback(*args)
[coverage_counter-2]   File "/home/ecem/ros2_ws/install/swarm_basics/lib/python3.10/site-packages/swarm_basics/coverage_counter.py", line 152, in _on_timeout_timer
[coverage_counter-2]     self.shutdown_and_save()
[coverage_counter-2]   File "/home/ecem/ros2_ws/install/swarm_basics/lib/python3.10/site-packages/swarm_basics/coverage_counter.py", line 174, in shutdown_and_save
[coverage_counter-2]     rclpy.shutdown()
[coverage_counter-2]   File "/opt/ros/humble/local/lib/python3.10/dist-packages/rclpy/__init__.py", line 130, in shutdown
[coverage_counter-2]     _shutdown(context=context)
[coverage_counter-2]   File "/opt/ros/humble/local/lib/python3.10/dist-packages/rclpy/utilities.py", line 58, in shutdown
[coverage_counter-2]     return context.shutdown()
[coverage_counter-2]   File "/opt/ros/humble/local/lib/python3.10/dist-packages/rclpy/context.py", line 103, in shutdown
[coverage_counter-2]     self._call_on_shutdown_callbacks()
[coverage_counter-2]   File "/opt/ros/humble/local/lib/python3.10/dist-packages/rclpy/context.py", line 92, in _call_on_shutdown_callbacks
[coverage_counter-2]     callback = weak_method()
[coverage_counter-2]   File "/opt/ros/humble/local/lib/python3.10/dist-packages/rclpy/__init__.py", line 111, in reset_executor
[coverage_counter-2]     __executor.shutdown()
[coverage_counter-2]   File "/opt/ros/humble/local/lib/python3.10/dist-packages/rclpy/executors.py", line 227, in shutdown
[coverage_counter-2]     if not self._work_tracker.wait(timeout_sec):
[coverage_counter-2]   File "/opt/ros/humble/local/lib/python3.10/dist-packages/rclpy/executors.py", line 94, in wait
[coverage_counter-2]     if not self._work_condition.wait_for(
[coverage_counter-2]   File "/usr/lib/python3.10/threading.py", line 355, in wait_for
[coverage_counter-2]     self.wait(waittime)
[coverage_counter-2]   File "/usr/lib/python3.10/threading.py", line 320, in wait
[coverage_counter-2]     waiter.acquire()
[coverage_counter-2] KeyboardInterrupt
[coverage_counter-2] 
[coverage_counter-2] During handling of the above exception, another exception occurred:
[coverage_counter-2] 
[coverage_counter-2] Traceback (most recent call last):
[coverage_counter-2]   File "/home/ecem/ros2_ws/install/swarm_basics/lib/swarm_basics/coverage_counter", line 33, in <module>
[coverage_counter-2]     sys.exit(load_entry_point('swarm-basics==0.0.0', 'console_scripts', 'coverage_counter')())
[coverage_counter-2]   File "/home/ecem/ros2_ws/install/swarm_basics/lib/python3.10/site-packages/swarm_basics/coverage_counter.py", line 421, in main
[coverage_counter-2]     node.shutdown_and_save()
[coverage_counter-2]   File "/home/ecem/ros2_ws/install/swarm_basics/lib/python3.10/site-packages/swarm_basics/coverage_counter.py", line 174, in shutdown_and_save
[coverage_counter-2]     rclpy.shutdown()
[coverage_counter-2]   File "/opt/ros/humble/local/lib/python3.10/dist-packages/rclpy/__init__.py", line 130, in shutdown
[coverage_counter-2]     _shutdown(context=context)
[coverage_counter-2]   File "/opt/ros/humble/local/lib/python3.10/dist-packages/rclpy/utilities.py", line 58, in shutdown
[coverage_counter-2]     return context.shutdown()
[coverage_counter-2]   File "/opt/ros/humble/local/lib/python3.10/dist-packages/rclpy/context.py", line 100, in shutdown
[coverage_counter-2]     raise RuntimeError('Context must be initialized before it can be shutdown')
[coverage_counter-2] RuntimeError: Context must be initialized before it can be shutdown
[bump_counter-3] Traceback (most recent call last):
[bump_counter-3]   File "/home/ecem/ros2_ws/install/swarm_basics/lib/swarm_basics/bump_counter", line 33, in <module>
[bump_counter-3]     sys.exit(load_entry_point('swarm-basics==0.0.0', 'console_scripts', 'bump_counter')())
[bump_counter-3]   File "/home/ecem/ros2_ws/install/swarm_basics/lib/python3.10/site-packages/swarm_basics/bump_counter.py", line 384, in main
[bump_counter-3]     rclpy.shutdown()
[bump_counter-3]   File "/opt/ros/humble/local/lib/python3.10/dist-packages/rclpy/__init__.py", line 130, in shutdown
[bump_counter-3]     _shutdown(context=context)
[bump_counter-3]   File "/opt/ros/humble/local/lib/python3.10/dist-packages/rclpy/utilities.py", line 58, in shutdown
[bump_counter-3]     return context.shutdown()
[bump_counter-3]   File "/opt/ros/humble/local/lib/python3.10/dist-packages/rclpy/context.py", line 102, in shutdown
[bump_counter-3]     self.__context.shutdown()
[bump_counter-3] rclpy._rclpy_pybind11.RCLError: failed to shutdown: rcl_shutdown already called on the given context, at ./src/rcl/init.c:241
[ERROR] [coverage_counter-2]: process has died [pid 314092, exit code 1, cmd '/home/ecem/ros2_ws/install/swarm_basics/lib/swarm_basics/coverage_counter --ros-args -r __node:=coverage_counter --params-file /tmp/launch_params_m35dy_xu --params-file /tmp/launch_params_zm02wf2j --params-file /tmp/launch_params_kp8hlq2x --params-file /tmp/launch_params_nxrgl6p9 --params-file /tmp/launch_params_skwonlxb --params-file /tmp/launch_params_6t29bsih'].
[ERROR] [bump_counter-3]: process has died [pid 314095, exit code 1, cmd '/home/ecem/ros2_ws/install/swarm_basics/lib/swarm_basics/bump_counter --ros-args -r __node:=bump_counter --params-file /tmp/launch_params_atz5bt44 --params-file /tmp/launch_params_7sndsu5d --params-file /tmp/launch_params_9j1rab_v'].
[ERROR] [robot_supervisor-19]: process has died [pid 314177, exit code -2, cmd '/home/ecem/ros2_ws/install/swarm_basics/lib/swarm_basics/robot_supervisor --ros-args -r __node:=robot_supervisor -r __ns:=/robot_4 --params-file /tmp/launch_params_e1f82egy --params-file /tmp/launch_params_88z8aodb --params-file /tmp/launch_params_p5wzau9n --params-file /tmp/launch_params_x4j1ijg0'].
[ERROR] [robot_supervisor-13]: process has died [pid 314117, exit code -2, cmd '/home/ecem/ros2_ws/install/swarm_basics/lib/swarm_basics/robot_supervisor --ros-args -r __node:=robot_supervisor -r __ns:=/robot_2 --params-file /tmp/launch_params_8mtuw9h0 --params-file /tmp/launch_params_9fbdah1p --params-file /tmp/launch_params_c8dfpmmw --params-file /tmp/launch_params_zgj7x53p'].
[ERROR] [robot_supervisor-10]: process has died [pid 314111, exit code -2, cmd '/home/ecem/ros2_ws/install/swarm_basics/lib/swarm_basics/robot_supervisor --ros-args -r __node:=robot_supervisor -r __ns:=/robot_1 --params-file /tmp/launch_params_xy0_saot --params-file /tmp/launch_params_bdart849 --params-file /tmp/launch_params_i__vucjd --params-file /tmp/launch_params_lua4bmm0'].
[ERROR] [robot_supervisor-7]: process has died [pid 314104, exit code -2, cmd '/home/ecem/ros2_ws/install/swarm_basics/lib/swarm_basics/robot_supervisor --ros-args -r __node:=robot_supervisor -r __ns:=/robot_0 --params-file /tmp/launch_params_d1mp8yzv --params-file /tmp/launch_params_2pc1r43k --params-file /tmp/launch_params_li7ag_63 --params-file /tmp/launch_params_zsn6pwft'].
[ERROR] [robot_supervisor-16]: process has died [pid 314123, exit code -2, cmd '/home/ecem/ros2_ws/install/swarm_basics/lib/swarm_basics/robot_supervisor --ros-args -r __node:=robot_supervisor -r __ns:=/robot_3 --params-file /tmp/launch_params_tn_cm2n3 --params-file /tmp/launch_params_ny7udzmu --params-file /tmp/launch_params_lyaeoq2o --params-file /tmp/launch_params_3n1e_nq_'].
