[INFO] [launch]: All log files can be found below /home/ecem/.ros/log/2026-04-20-17-33-35-462883-ecem-pc-24060
[INFO] [launch]: Default logging verbosity is set to INFO
[INFO] [ign gazebo-1]: process started with pid [24079]
[INFO] [coverage_counter-2]: process started with pid [24082]
[INFO] [bump_counter-3]: process started with pid [24084]
[INFO] [parameter_bridge-4]: process started with pid [24086]
[INFO] [robot_state_publisher-5]: process started with pid [24088]
[INFO] [create-6]: process started with pid [24090]
[INFO] [robot_supervisor-7]: process started with pid [24092]
[INFO] [robot_state_publisher-8]: process started with pid [24094]
[INFO] [create-9]: process started with pid [24097]
[INFO] [robot_supervisor-10]: process started with pid [24100]
[INFO] [robot_state_publisher-11]: process started with pid [24102]
[INFO] [create-12]: process started with pid [24104]
[INFO] [robot_supervisor-13]: process started with pid [24106]
[INFO] [robot_state_publisher-14]: process started with pid [24108]
[INFO] [create-15]: process started with pid [24110]
[INFO] [robot_supervisor-16]: process started with pid [24112]
[INFO] [robot_state_publisher-17]: process started with pid [24114]
[INFO] [create-18]: process started with pid [24116]
[INFO] [robot_supervisor-19]: process started with pid [24120]
[INFO] [parameter_bridge-20]: process started with pid [24125]
[parameter_bridge-4] [ros_ign_bridge] is deprecated! Redirecting to use [ros_gz_bridge] instead!
[parameter_bridge-4] 
[create-12] [INFO] [1776699216.426887224] [robot_2.ros_gz_sim]: Requesting list of world names.
[create-6] [INFO] [1776699216.430479370] [robot_0.ros_gz_sim]: Requesting list of world names.
[create-9] [INFO] [1776699216.434916023] [robot_1.ros_gz_sim]: Requesting list of world names.
[create-15] [INFO] [1776699216.436731128] [robot_3.ros_gz_sim]: Requesting list of world names.
[create-18] [INFO] [1776699216.438978741] [robot_4.ros_gz_sim]: Requesting list of world names.
[robot_state_publisher-17] [INFO] [1776699216.446469880] [robot_4.robot_state_publisher]: got segment robot_4/antenna_link
[robot_state_publisher-17] [INFO] [1776699216.446703489] [robot_4.robot_state_publisher]: got segment robot_4/base_footprint
[robot_state_publisher-17] [INFO] [1776699216.446735631] [robot_4.robot_state_publisher]: got segment robot_4/base_link
[robot_state_publisher-17] [INFO] [1776699216.446757007] [robot_4.robot_state_publisher]: got segment robot_4/realsense_link
[robot_state_publisher-17] [INFO] [1776699216.446774863] [robot_4.robot_state_publisher]: got segment robot_4/rocker_L_link
[robot_state_publisher-17] [INFO] [1776699216.446792131] [robot_4.robot_state_publisher]: got segment robot_4/rocker_R_link
[robot_state_publisher-17] [INFO] [1776699216.446809210] [robot_4.robot_state_publisher]: got segment robot_4/wheel_FL_link
[robot_state_publisher-17] [INFO] [1776699216.446826344] [robot_4.robot_state_publisher]: got segment robot_4/wheel_FR_link
[robot_state_publisher-17] [INFO] [1776699216.446843178] [robot_4.robot_state_publisher]: got segment robot_4/wheel_RL_link
[robot_state_publisher-17] [INFO] [1776699216.446859722] [robot_4.robot_state_publisher]: got segment robot_4/wheel_RR_link
[robot_state_publisher-5] [INFO] [1776699216.450896266] [robot_0.robot_state_publisher]: got segment robot_0/antenna_link
[robot_state_publisher-5] [INFO] [1776699216.451025068] [robot_0.robot_state_publisher]: got segment robot_0/base_footprint
[robot_state_publisher-5] [INFO] [1776699216.451042533] [robot_0.robot_state_publisher]: got segment robot_0/base_link
[robot_state_publisher-5] [INFO] [1776699216.451054059] [robot_0.robot_state_publisher]: got segment robot_0/realsense_link
[robot_state_publisher-5] [INFO] [1776699216.451063713] [robot_0.robot_state_publisher]: got segment robot_0/rocker_L_link
[robot_state_publisher-5] [INFO] [1776699216.451072693] [robot_0.robot_state_publisher]: got segment robot_0/rocker_R_link
[robot_state_publisher-5] [INFO] [1776699216.451269653] [robot_0.robot_state_publisher]: got segment robot_0/wheel_FL_link
[robot_state_publisher-5] [INFO] [1776699216.451287233] [robot_0.robot_state_publisher]: got segment robot_0/wheel_FR_link
[robot_state_publisher-5] [INFO] [1776699216.451297021] [robot_0.robot_state_publisher]: got segment robot_0/wheel_RL_link
[robot_state_publisher-5] [INFO] [1776699216.451306518] [robot_0.robot_state_publisher]: got segment robot_0/wheel_RR_link
[robot_state_publisher-14] [INFO] [1776699216.453267633] [robot_3.robot_state_publisher]: got segment robot_3/antenna_link
[robot_state_publisher-14] [INFO] [1776699216.453373933] [robot_3.robot_state_publisher]: got segment robot_3/base_footprint
[robot_state_publisher-14] [INFO] [1776699216.453385760] [robot_3.robot_state_publisher]: got segment robot_3/base_link
[robot_state_publisher-14] [INFO] [1776699216.453395580] [robot_3.robot_state_publisher]: got segment robot_3/realsense_link
[robot_state_publisher-14] [INFO] [1776699216.453402760] [robot_3.robot_state_publisher]: got segment robot_3/rocker_L_link
[robot_state_publisher-14] [INFO] [1776699216.453408775] [robot_3.robot_state_publisher]: got segment robot_3/rocker_R_link
[robot_state_publisher-14] [INFO] [1776699216.453414426] [robot_3.robot_state_publisher]: got segment robot_3/wheel_FL_link
[robot_state_publisher-14] [INFO] [1776699216.453420460] [robot_3.robot_state_publisher]: got segment robot_3/wheel_FR_link
[robot_state_publisher-14] [INFO] [1776699216.453426548] [robot_3.robot_state_publisher]: got segment robot_3/wheel_RL_link
[robot_state_publisher-14] [INFO] [1776699216.453432577] [robot_3.robot_state_publisher]: got segment robot_3/wheel_RR_link
[robot_state_publisher-11] [INFO] [1776699216.464723216] [robot_2.robot_state_publisher]: got segment robot_2/antenna_link
[robot_state_publisher-11] [INFO] [1776699216.464951985] [robot_2.robot_state_publisher]: got segment robot_2/base_footprint
[robot_state_publisher-11] [INFO] [1776699216.464984341] [robot_2.robot_state_publisher]: got segment robot_2/base_link
[robot_state_publisher-11] [INFO] [1776699216.465004543] [robot_2.robot_state_publisher]: got segment robot_2/realsense_link
[robot_state_publisher-11] [INFO] [1776699216.465022310] [robot_2.robot_state_publisher]: got segment robot_2/rocker_L_link
[robot_state_publisher-11] [INFO] [1776699216.465038872] [robot_2.robot_state_publisher]: got segment robot_2/rocker_R_link
[robot_state_publisher-11] [INFO] [1776699216.465055018] [robot_2.robot_state_publisher]: got segment robot_2/wheel_FL_link
[robot_state_publisher-11] [INFO] [1776699216.465071437] [robot_2.robot_state_publisher]: got segment robot_2/wheel_FR_link
[robot_state_publisher-11] [INFO] [1776699216.465087372] [robot_2.robot_state_publisher]: got segment robot_2/wheel_RL_link
[robot_state_publisher-11] [INFO] [1776699216.465103143] [robot_2.robot_state_publisher]: got segment robot_2/wheel_RR_link
[parameter_bridge-4] [INFO] [1776699216.465671300] [all_robots_bridge]: Creating ROS->GZ Bridge: [/robot_0/cmd_vel (geometry_msgs/msg/Twist) -> /robot_0/cmd_vel (ignition.msgs.Twist)] (Lazy 0)
[robot_state_publisher-8] [INFO] [1776699216.467442572] [robot_1.robot_state_publisher]: got segment robot_1/antenna_link
[robot_state_publisher-8] [INFO] [1776699216.467543547] [robot_1.robot_state_publisher]: got segment robot_1/base_footprint
[robot_state_publisher-8] [INFO] [1776699216.467556378] [robot_1.robot_state_publisher]: got segment robot_1/base_link
[robot_state_publisher-8] [INFO] [1776699216.467564224] [robot_1.robot_state_publisher]: got segment robot_1/realsense_link
[robot_state_publisher-8] [INFO] [1776699216.467571335] [robot_1.robot_state_publisher]: got segment robot_1/rocker_L_link
[robot_state_publisher-8] [INFO] [1776699216.467577694] [robot_1.robot_state_publisher]: got segment robot_1/rocker_R_link
[robot_state_publisher-8] [INFO] [1776699216.467583749] [robot_1.robot_state_publisher]: got segment robot_1/wheel_FL_link
[robot_state_publisher-8] [INFO] [1776699216.467590014] [robot_1.robot_state_publisher]: got segment robot_1/wheel_FR_link
[robot_state_publisher-8] [INFO] [1776699216.467596160] [robot_1.robot_state_publisher]: got segment robot_1/wheel_RL_link
[robot_state_publisher-8] [INFO] [1776699216.467602129] [robot_1.robot_state_publisher]: got segment robot_1/wheel_RR_link
[parameter_bridge-4] [INFO] [1776699216.468933249] [all_robots_bridge]: Creating GZ->ROS Bridge: [/robot_0/odom (ignition.msgs.Odometry) -> /robot_0/odom (nav_msgs/msg/Odometry)] (Lazy 0)
[parameter_bridge-4] [INFO] [1776699216.473714626] [all_robots_bridge]: Creating GZ->ROS Bridge: [/robot_0/depth_camera/depth_image (ignition.msgs.Image) -> /robot_0/depth_camera/depth_image (sensor_msgs/msg/Image)] (Lazy 0)
[parameter_bridge-4] [INFO] [1776699216.476559865] [all_robots_bridge]: Creating GZ->ROS Bridge: [/world/random_world/model/robot_0/link/robot_0/base_footprint/sensor/contact_sensor/contact (ignition.msgs.Contacts) -> /world/random_world/model/robot_0/link/robot_0/base_footprint/sensor/contact_sensor/contact (ros_gz_interfaces/msg/Contacts)] (Lazy 0)
[parameter_bridge-4] [INFO] [1776699216.478697389] [all_robots_bridge]: Creating ROS->GZ Bridge: [/robot_1/cmd_vel (geometry_msgs/msg/Twist) -> /robot_1/cmd_vel (ignition.msgs.Twist)] (Lazy 0)
[parameter_bridge-4] [INFO] [1776699216.480063579] [all_robots_bridge]: Creating GZ->ROS Bridge: [/robot_1/odom (ignition.msgs.Odometry) -> /robot_1/odom (nav_msgs/msg/Odometry)] (Lazy 0)
[parameter_bridge-4] [INFO] [1776699216.481352342] [all_robots_bridge]: Creating GZ->ROS Bridge: [/robot_1/depth_camera/depth_image (ignition.msgs.Image) -> /robot_1/depth_camera/depth_image (sensor_msgs/msg/Image)] (Lazy 0)
[parameter_bridge-4] [INFO] [1776699216.482592564] [all_robots_bridge]: Creating GZ->ROS Bridge: [/world/random_world/model/robot_1/link/robot_1/base_footprint/sensor/contact_sensor/contact (ignition.msgs.Contacts) -> /world/random_world/model/robot_1/link/robot_1/base_footprint/sensor/contact_sensor/contact (ros_gz_interfaces/msg/Contacts)] (Lazy 0)
[parameter_bridge-4] [INFO] [1776699216.484871739] [all_robots_bridge]: Creating ROS->GZ Bridge: [/robot_2/cmd_vel (geometry_msgs/msg/Twist) -> /robot_2/cmd_vel (ignition.msgs.Twist)] (Lazy 0)
[parameter_bridge-4] [INFO] [1776699216.485854118] [all_robots_bridge]: Creating GZ->ROS Bridge: [/robot_2/odom (ignition.msgs.Odometry) -> /robot_2/odom (nav_msgs/msg/Odometry)] (Lazy 0)
[parameter_bridge-4] [INFO] [1776699216.487684934] [all_robots_bridge]: Creating GZ->ROS Bridge: [/robot_2/depth_camera/depth_image (ignition.msgs.Image) -> /robot_2/depth_camera/depth_image (sensor_msgs/msg/Image)] (Lazy 0)
[parameter_bridge-4] [INFO] [1776699216.488728830] [all_robots_bridge]: Creating GZ->ROS Bridge: [/world/random_world/model/robot_2/link/robot_2/base_footprint/sensor/contact_sensor/contact (ignition.msgs.Contacts) -> /world/random_world/model/robot_2/link/robot_2/base_footprint/sensor/contact_sensor/contact (ros_gz_interfaces/msg/Contacts)] (Lazy 0)
[parameter_bridge-4] [INFO] [1776699216.490097531] [all_robots_bridge]: Creating ROS->GZ Bridge: [/robot_3/cmd_vel (geometry_msgs/msg/Twist) -> /robot_3/cmd_vel (ignition.msgs.Twist)] (Lazy 0)
[parameter_bridge-4] [INFO] [1776699216.491359883] [all_robots_bridge]: Creating GZ->ROS Bridge: [/robot_3/odom (ignition.msgs.Odometry) -> /robot_3/odom (nav_msgs/msg/Odometry)] (Lazy 0)
[parameter_bridge-4] [INFO] [1776699216.492401718] [all_robots_bridge]: Creating GZ->ROS Bridge: [/robot_3/depth_camera/depth_image (ignition.msgs.Image) -> /robot_3/depth_camera/depth_image (sensor_msgs/msg/Image)] (Lazy 0)
[parameter_bridge-4] [INFO] [1776699216.493400998] [all_robots_bridge]: Creating GZ->ROS Bridge: [/world/random_world/model/robot_3/link/robot_3/base_footprint/sensor/contact_sensor/contact (ignition.msgs.Contacts) -> /world/random_world/model/robot_3/link/robot_3/base_footprint/sensor/contact_sensor/contact (ros_gz_interfaces/msg/Contacts)] (Lazy 0)
[parameter_bridge-4] [INFO] [1776699216.494548943] [all_robots_bridge]: Creating ROS->GZ Bridge: [/robot_4/cmd_vel (geometry_msgs/msg/Twist) -> /robot_4/cmd_vel (ignition.msgs.Twist)] (Lazy 0)
[parameter_bridge-4] [INFO] [1776699216.495328097] [all_robots_bridge]: Creating GZ->ROS Bridge: [/robot_4/odom (ignition.msgs.Odometry) -> /robot_4/odom (nav_msgs/msg/Odometry)] (Lazy 0)
[parameter_bridge-4] [INFO] [1776699216.496093306] [all_robots_bridge]: Creating GZ->ROS Bridge: [/robot_4/depth_camera/depth_image (ignition.msgs.Image) -> /robot_4/depth_camera/depth_image (sensor_msgs/msg/Image)] (Lazy 0)
[parameter_bridge-4] [INFO] [1776699216.496819276] [all_robots_bridge]: Creating GZ->ROS Bridge: [/world/random_world/model/robot_4/link/robot_4/base_footprint/sensor/contact_sensor/contact (ignition.msgs.Contacts) -> /world/random_world/model/robot_4/link/robot_4/base_footprint/sensor/contact_sensor/contact (ros_gz_interfaces/msg/Contacts)] (Lazy 0)
[parameter_bridge-20] [INFO] [1776699216.497804112] [clock_bridge]: Creating GZ->ROS Bridge: [/clock (ignition.msgs.Clock) -> /clock (rosgraph_msgs/msg/Clock)] (Lazy 0)
[parameter_bridge-4] [INFO] [1776699216.497881623] [all_robots_bridge]: Creating GZ->ROS Bridge: [/world/random_world/dynamic_pose/info (ignition.msgs.Pose_V) -> /world/random_world/dynamic_pose/info (tf2_msgs/msg/TFMessage)] (Lazy 0)
[bump_counter-3] [INFO] [1776699216.889863460] [bump_counter]: [global] global_mode=True cooldown(robot)=0.80s cooldown(obs)=0.50s Logging to /home/ecem/ros2_ws/src/Leo_sct/results_exp/explore/long/prompt_1/run_7/spread/trial_3/run_20260420_173335/bumps_global_173336.csv
[robot_supervisor-19] [INFO] [1776699217.101421381] [robot_4.robot_supervisor]: Loaded initial mission 'explore' from explicit YAML explore_sup_gpt_long_1_run_7_196.yaml
[robot_supervisor-13] [INFO] [1776699217.139772252] [robot_2.robot_supervisor]: Loaded initial mission 'explore' from explicit YAML explore_sup_gpt_long_1_run_7_196.yaml
[robot_supervisor-16] [INFO] [1776699217.177816728] [robot_3.robot_supervisor]: Loaded initial mission 'explore' from explicit YAML explore_sup_gpt_long_1_run_7_196.yaml
[robot_supervisor-19] [INFO] [1776699217.212609905] [robot_4.robot_supervisor]: Selected controllable event: EV_random_walk
[parameter_bridge-4] [INFO] [1776699217.213314230] [all_robots_bridge]: Passing message from ROS geometry_msgs/msg/Twist to Gazebo gz.msgs.Twist (showing msg only once per type)
[robot_supervisor-7] [INFO] [1776699217.220720786] [robot_0.robot_supervisor]: Loaded initial mission 'explore' from explicit YAML explore_sup_gpt_long_1_run_7_196.yaml
[create-18] [INFO] [1776699217.233693330] [robot_4.ros_gz_sim]: Waiting messages on topic [/robot_4/robot_description].
[robot_supervisor-13] [INFO] [1776699217.252405839] [robot_2.robot_supervisor]: Selected controllable event: EV_random_walk
[robot_supervisor-10] [INFO] [1776699217.282487582] [robot_1.robot_supervisor]: Loaded initial mission 'explore' from explicit YAML explore_sup_gpt_long_1_run_7_196.yaml
[robot_supervisor-16] [INFO] [1776699217.288938122] [robot_3.robot_supervisor]: Selected controllable event: EV_random_walk
[robot_supervisor-7] [INFO] [1776699217.330783962] [robot_0.robot_supervisor]: Selected controllable event: EV_random_walk
[create-6] [INFO] [1776699217.334786898] [robot_0.ros_gz_sim]: Waiting messages on topic [/robot_0/robot_description].
[robot_supervisor-10] [INFO] [1776699217.391349876] [robot_1.robot_supervisor]: Selected controllable event: EV_random_walk
[create-15] [INFO] [1776699217.434845423] [robot_3.ros_gz_sim]: Waiting messages on topic [/robot_3/robot_description].
[robot_supervisor-19] [INFO] [1776699217.511350647] [robot_4.robot_supervisor]: Selected controllable event: EV_move_forward
[create-9] [INFO] [1776699217.534524698] [robot_1.ros_gz_sim]: Waiting messages on topic [/robot_1/robot_description].
[robot_supervisor-13] [INFO] [1776699217.551520986] [robot_2.robot_supervisor]: Selected controllable event: EV_move_forward
[robot_supervisor-16] [INFO] [1776699217.587926968] [robot_3.robot_supervisor]: Selected controllable event: EV_move_forward
[robot_supervisor-7] [INFO] [1776699217.631317641] [robot_0.robot_supervisor]: Selected controllable event: EV_move_forward
[create-6] [INFO] [1776699217.633382777] [robot_0.ros_gz_sim]: Requested creation of entity.
[create-6] [INFO] [1776699217.633483185] [robot_0.ros_gz_sim]: OK creation of entity.
[create-9] [INFO] [1776699217.633427496] [robot_1.ros_gz_sim]: Requested creation of entity.
[create-9] [INFO] [1776699217.633492292] [robot_1.ros_gz_sim]: OK creation of entity.
[create-15] [INFO] [1776699217.633445707] [robot_3.ros_gz_sim]: Requested creation of entity.
[create-15] [INFO] [1776699217.633499570] [robot_3.ros_gz_sim]: OK creation of entity.
[create-18] [INFO] [1776699217.633434136] [robot_4.ros_gz_sim]: Requested creation of entity.
[create-18] [INFO] [1776699217.633531792] [robot_4.ros_gz_sim]: OK creation of entity.
[create-12] [INFO] [1776699217.635337547] [robot_2.ros_gz_sim]: Waiting messages on topic [/robot_2/robot_description].
[create-12] [INFO] [1776699217.640048537] [robot_2.ros_gz_sim]: Requested creation of entity.
[create-12] [INFO] [1776699217.640138567] [robot_2.ros_gz_sim]: OK creation of entity.
[robot_supervisor-10] [INFO] [1776699217.691165902] [robot_1.robot_supervisor]: Selected controllable event: EV_move_forward
[INFO] [create-9]: process has finished cleanly [pid 24097]
[INFO] [create-15]: process has finished cleanly [pid 24110]
[INFO] [create-12]: process has finished cleanly [pid 24104]
[INFO] [create-6]: process has finished cleanly [pid 24090]
[INFO] [create-18]: process has finished cleanly [pid 24116]
[bump_counter-3] [INFO] [1776699218.042519435] [bump_counter]: [global] subscribed: /world/random_world/model/robot_0/link/robot_0/base_footprint/sensor/contact_sensor/contact
[bump_counter-3] [INFO] [1776699218.043515332] [bump_counter]: [global] subscribed: /world/random_world/model/robot_1/link/robot_1/base_footprint/sensor/contact_sensor/contact
[bump_counter-3] [INFO] [1776699218.044445722] [bump_counter]: [global] subscribed: /world/random_world/model/robot_2/link/robot_2/base_footprint/sensor/contact_sensor/contact
[bump_counter-3] [INFO] [1776699218.046068355] [bump_counter]: [global] subscribed: /world/random_world/model/robot_3/link/robot_3/base_footprint/sensor/contact_sensor/contact
[bump_counter-3] [INFO] [1776699218.048063515] [bump_counter]: [global] subscribed: /world/random_world/model/robot_4/link/robot_4/base_footprint/sensor/contact_sensor/contact
[INFO] [image_processor-21]: process started with pid [24479]
[INFO] [image_processor-22]: process started with pid [24481]
[INFO] [image_processor-23]: process started with pid [24483]
[INFO] [image_processor-24]: process started with pid [24485]
[INFO] [image_processor-25]: process started with pid [24487]
[image_processor-21] [INFO] [1776699218.486011000] [robot_0.image_processor]: image_processor: depth='/robot_0/depth_camera/depth_image' aruco_runtime=disabled
[image_processor-23] [INFO] [1776699218.491295691] [robot_2.image_processor]: image_processor: depth='/robot_2/depth_camera/depth_image' aruco_runtime=disabled
[image_processor-22] [INFO] [1776699218.496657261] [robot_1.image_processor]: image_processor: depth='/robot_1/depth_camera/depth_image' aruco_runtime=disabled
[image_processor-24] [INFO] [1776699218.500063891] [robot_3.image_processor]: image_processor: depth='/robot_3/depth_camera/depth_image' aruco_runtime=disabled
[image_processor-25] [INFO] [1776699218.516820039] [robot_4.image_processor]: image_processor: depth='/robot_4/depth_camera/depth_image' aruco_runtime=disabled
[image_processor-25] [INFO] [1776699223.309983847] [robot_4.image_processor]: Zone=CLEAR  left[p=3.196 near=0 v=6573]  front[p=2.953 near=0 v=9956]  right[p=2.658 near=0 v=5511]
[image_processor-21] [INFO] [1776699223.321759199] [robot_0.image_processor]: Zone=CLEAR  left[p=0.904 near=0 v=7650]  front[p=1.356 near=0 v=13500]  right[p=1.356 near=0 v=7740]
[image_processor-24] [INFO] [1776699223.331964078] [robot_3.image_processor]: Zone=CLEAR  left[p=1.102 near=0 v=7650]  front[p=1.719 near=0 v=13500]  right[p=2.172 near=0 v=7740]
[image_processor-22] [INFO] [1776699223.341987716] [robot_1.image_processor]: Zone=CLEAR  left[p=1.667 near=0 v=7650]  front[p=3.100 near=0 v=12175]  right[p=2.607 near=0 v=7450]
[image_processor-23] [INFO] [1776699223.358048411] [robot_2.image_processor]: Zone=CLEAR  left[p=2.745 near=0 v=5011]  front[p=1.644 near=0 v=8425]  right[p=1.700 near=0 v=6986]
[image_processor-25] [INFO] [1776699225.810500312] [robot_4.image_processor]: Zone=CLEAR
[image_processor-21] [INFO] [1776699225.819357001] [robot_0.image_processor]: Zone=CLEAR
[image_processor-23] [INFO] [1776699225.851437285] [robot_2.image_processor]: Zone=CLEAR
[image_processor-24] [INFO] [1776699225.928479686] [robot_3.image_processor]: Zone=CLEAR
[image_processor-22] [INFO] [1776699225.937344972] [robot_1.image_processor]: Zone=CLEAR
[image_processor-25] [INFO] [1776699228.316250341] [robot_4.image_processor]: Zone=CLEAR
[image_processor-21] [INFO] [1776699228.326968589] [robot_0.image_processor]: Zone=CLEAR
[image_processor-24] [INFO] [1776699228.338483723] [robot_3.image_processor]: Zone=CLEAR
[image_processor-22] [INFO] [1776699228.349077766] [robot_1.image_processor]: Zone=CLEAR
[image_processor-23] [INFO] [1776699228.367177727] [robot_2.image_processor]: Zone=CLEAR
[image_processor-25] [INFO] [1776699230.817986452] [robot_4.image_processor]: Zone=CLEAR
[image_processor-21] [INFO] [1776699230.828924834] [robot_0.image_processor]: Zone=CLEAR
[image_processor-24] [INFO] [1776699230.839618177] [robot_3.image_processor]: Zone=CLEAR
[image_processor-22] [INFO] [1776699230.849570559] [robot_1.image_processor]: Zone=CLEAR
[image_processor-23] [INFO] [1776699230.865778591] [robot_2.image_processor]: Zone=CLEAR
[image_processor-25] [INFO] [1776699233.312090463] [robot_4.image_processor]: Zone=CLEAR
[image_processor-21] [INFO] [1776699233.321150822] [robot_0.image_processor]: Zone=CLEAR
[image_processor-24] [INFO] [1776699233.332740470] [robot_3.image_processor]: Zone=CLEAR
[image_processor-22] [INFO] [1776699233.342266907] [robot_1.image_processor]: Zone=CLEAR
[image_processor-23] [INFO] [1776699233.358779840] [robot_2.image_processor]: Zone=CLEAR
[image_processor-25] [INFO] [1776699235.815700090] [robot_4.image_processor]: Zone=CLEAR
[image_processor-21] [INFO] [1776699235.824428662] [robot_0.image_processor]: Zone=CLEAR
[image_processor-24] [INFO] [1776699235.833076562] [robot_3.image_processor]: Zone=CLEAR
[image_processor-22] [INFO] [1776699235.843055135] [robot_1.image_processor]: Zone=CLEAR
[image_processor-23] [INFO] [1776699235.859116844] [robot_2.image_processor]: Zone=CLEAR
[image_processor-25] [INFO] [1776699238.312357163] [robot_4.image_processor]: Zone=CLEAR
[image_processor-21] [INFO] [1776699238.323012992] [robot_0.image_processor]: Zone=CLEAR
[image_processor-24] [INFO] [1776699238.334723551] [robot_3.image_processor]: Zone=CLEAR
[image_processor-22] [INFO] [1776699238.344027604] [robot_1.image_processor]: Zone=CLEAR
[image_processor-23] [INFO] [1776699238.362201118] [robot_2.image_processor]: Zone=CLEAR
[image_processor-25] [INFO] [1776699240.814949910] [robot_4.image_processor]: Zone=CLEAR
[image_processor-21] [INFO] [1776699240.823102263] [robot_0.image_processor]: Zone=CLEAR
[image_processor-24] [INFO] [1776699240.831529617] [robot_3.image_processor]: Zone=CLEAR
[image_processor-22] [INFO] [1776699240.840361139] [robot_1.image_processor]: Zone=CLEAR
[image_processor-23] [INFO] [1776699240.855546958] [robot_2.image_processor]: Zone=CLEAR
[image_processor-25] [INFO] [1776699243.309657894] [robot_4.image_processor]: Zone=CLEAR
[image_processor-21] [INFO] [1776699243.320999166] [robot_0.image_processor]: Zone=CLEAR
[image_processor-24] [INFO] [1776699243.329915998] [robot_3.image_processor]: Zone=CLEAR
[image_processor-22] [INFO] [1776699243.338592322] [robot_1.image_processor]: Zone=CLEAR
[image_processor-23] [INFO] [1776699243.353989880] [robot_2.image_processor]: Zone=CLEAR
[image_processor-25] [INFO] [1776699245.810807661] [robot_4.image_processor]: Zone=CLEAR
[image_processor-21] [INFO] [1776699245.818474092] [robot_0.image_processor]: Zone=CLEAR
[image_processor-24] [INFO] [1776699245.827465154] [robot_3.image_processor]: Zone=CLEAR
[image_processor-22] [INFO] [1776699245.838680199] [robot_1.image_processor]: Zone=CLEAR
[image_processor-23] [INFO] [1776699245.857377888] [robot_2.image_processor]: Zone=CLEAR
[image_processor-25] [INFO] [1776699248.313166542] [robot_4.image_processor]: Zone=CLEAR
[image_processor-21] [INFO] [1776699248.324547319] [robot_0.image_processor]: Zone=CLEAR
[image_processor-24] [INFO] [1776699248.336098153] [robot_3.image_processor]: Zone=CLEAR
[image_processor-22] [INFO] [1776699248.345535563] [robot_1.image_processor]: Zone=CLEAR
[image_processor-23] [INFO] [1776699248.365597598] [robot_2.image_processor]: Zone=CLEAR
[image_processor-25] [INFO] [1776699250.812505553] [robot_4.image_processor]: Zone=CLEAR
[image_processor-21] [INFO] [1776699250.822954495] [robot_0.image_processor]: Zone=CLEAR
[image_processor-24] [INFO] [1776699250.833094560] [robot_3.image_processor]: Zone=CLEAR
[image_processor-22] [INFO] [1776699250.844837156] [robot_1.image_processor]: Zone=CLEAR
[image_processor-23] [INFO] [1776699250.862433151] [robot_2.image_processor]: Zone=CLEAR
[image_processor-25] [INFO] [1776699253.311317616] [robot_4.image_processor]: Zone=CLEAR
[image_processor-21] [INFO] [1776699253.320114499] [robot_0.image_processor]: Zone=CLEAR
[image_processor-24] [INFO] [1776699253.330805396] [robot_3.image_processor]: Zone=CLEAR
[image_processor-22] [INFO] [1776699253.340654447] [robot_1.image_processor]: Zone=CLEAR
[image_processor-23] [INFO] [1776699253.355198937] [robot_2.image_processor]: Zone=CLEAR
[image_processor-25] [INFO] [1776699255.817657303] [robot_4.image_processor]: Zone=CLEAR
[image_processor-21] [INFO] [1776699255.828442935] [robot_0.image_processor]: Zone=CLEAR
[image_processor-24] [INFO] [1776699255.839149084] [robot_3.image_processor]: Zone=CLEAR
[image_processor-22] [INFO] [1776699255.848254884] [robot_1.image_processor]: Zone=CLEAR
[image_processor-23] [INFO] [1776699255.868072712] [robot_2.image_processor]: Zone=CLEAR
[image_processor-25] [INFO] [1776699258.312865855] [robot_4.image_processor]: Zone=CLEAR
[image_processor-21] [INFO] [1776699258.322890270] [robot_0.image_processor]: Zone=CLEAR
[image_processor-24] [INFO] [1776699258.331787903] [robot_3.image_processor]: Zone=CLEAR
[image_processor-22] [INFO] [1776699258.340098365] [robot_1.image_processor]: Zone=CLEAR
[image_processor-23] [INFO] [1776699258.355382835] [robot_2.image_processor]: Zone=CLEAR
[image_processor-25] [INFO] [1776699260.812267146] [robot_4.image_processor]: Zone=CLEAR
[image_processor-21] [INFO] [1776699260.822338616] [robot_0.image_processor]: Zone=CLEAR
[image_processor-24] [INFO] [1776699260.831673138] [robot_3.image_processor]: Zone=CLEAR
[image_processor-22] [INFO] [1776699260.840133611] [robot_1.image_processor]: Zone=CLEAR
[image_processor-23] [INFO] [1776699260.956170404] [robot_2.image_processor]: Zone=CLEAR
[image_processor-25] [INFO] [1776699263.311596515] [robot_4.image_processor]: Zone=CLEAR
[image_processor-21] [INFO] [1776699263.320112674] [robot_0.image_processor]: Zone=CLEAR
[image_processor-24] [INFO] [1776699263.329034205] [robot_3.image_processor]: Zone=CLEAR
[image_processor-22] [INFO] [1776699263.336696144] [robot_1.image_processor]: Zone=CLEAR
[image_processor-23] [INFO] [1776699263.350788736] [robot_2.image_processor]: Zone=CLEAR
[image_processor-25] [INFO] [1776699265.809295099] [robot_4.image_processor]: Zone=CLEAR
[image_processor-21] [INFO] [1776699265.818336646] [robot_0.image_processor]: Zone=CLEAR
[image_processor-24] [INFO] [1776699265.826639248] [robot_3.image_processor]: Zone=CLEAR
[image_processor-22] [INFO] [1776699265.834386294] [robot_1.image_processor]: Zone=CLEAR
[image_processor-23] [INFO] [1776699265.849031022] [robot_2.image_processor]: Zone=CLEAR
[image_processor-25] [INFO] [1776699268.313830527] [robot_4.image_processor]: Zone=CLEAR
[image_processor-21] [INFO] [1776699268.323119796] [robot_0.image_processor]: Zone=CLEAR
[image_processor-24] [INFO] [1776699268.331861335] [robot_3.image_processor]: Zone=CLEAR
[image_processor-22] [INFO] [1776699268.339402694] [robot_1.image_processor]: Zone=CLEAR
[image_processor-23] [INFO] [1776699268.354552509] [robot_2.image_processor]: Zone=CLEAR
[image_processor-25] [INFO] [1776699270.811390966] [robot_4.image_processor]: Zone=CLEAR
[image_processor-21] [INFO] [1776699270.817629009] [robot_0.image_processor]: Zone=CLEAR
[image_processor-24] [INFO] [1776699270.826869150] [robot_3.image_processor]: Zone=CLEAR
[image_processor-22] [INFO] [1776699270.834792022] [robot_1.image_processor]: Zone=CLEAR
[image_processor-23] [INFO] [1776699270.950903287] [robot_2.image_processor]: Zone=CLEAR
[image_processor-25] [INFO] [1776699273.310909364] [robot_4.image_processor]: Zone=CLEAR
[image_processor-21] [INFO] [1776699273.318470653] [robot_0.image_processor]: Zone=CLEAR
[image_processor-24] [INFO] [1776699273.326371900] [robot_3.image_processor]: Zone=CLEAR
[image_processor-22] [INFO] [1776699273.335568891] [robot_1.image_processor]: Zone=CLEAR
[image_processor-23] [INFO] [1776699273.350061277] [robot_2.image_processor]: Zone=CLEAR
[image_processor-25] [INFO] [1776699275.808322486] [robot_4.image_processor]: Zone=CLEAR
[image_processor-21] [INFO] [1776699275.816062887] [robot_0.image_processor]: Zone=CLEAR
[image_processor-24] [INFO] [1776699275.825327395] [robot_3.image_processor]: Zone=CLEAR
[image_processor-22] [INFO] [1776699275.834197239] [robot_1.image_processor]: Zone=CLEAR
[image_processor-23] [INFO] [1776699275.848102477] [robot_2.image_processor]: Zone=CLEAR
[image_processor-25] [INFO] [1776699278.310804727] [robot_4.image_processor]: Zone=CLEAR
[image_processor-21] [INFO] [1776699278.318961971] [robot_0.image_processor]: Zone=CLEAR
[image_processor-24] [INFO] [1776699278.328082761] [robot_3.image_processor]: Zone=CLEAR
[image_processor-22] [INFO] [1776699278.336039241] [robot_1.image_processor]: Zone=CLEAR
[image_processor-23] [INFO] [1776699278.350988194] [robot_2.image_processor]: Zone=CLEAR
[image_processor-25] [INFO] [1776699280.809026159] [robot_4.image_processor]: Zone=CLEAR
[image_processor-21] [INFO] [1776699280.818362241] [robot_0.image_processor]: Zone=CLEAR
[image_processor-24] [INFO] [1776699280.828064581] [robot_3.image_processor]: Zone=CLEAR
[image_processor-22] [INFO] [1776699280.837127036] [robot_1.image_processor]: Zone=CLEAR
[image_processor-23] [INFO] [1776699280.851752410] [robot_2.image_processor]: Zone=CLEAR
[image_processor-25] [INFO] [1776699283.311101763] [robot_4.image_processor]: Zone=CLEAR
[image_processor-21] [INFO] [1776699283.320435853] [robot_0.image_processor]: Zone=CLEAR
[image_processor-24] [INFO] [1776699283.330143798] [robot_3.image_processor]: Zone=CLEAR
[image_processor-22] [INFO] [1776699283.338452694] [robot_1.image_processor]: Zone=CLEAR
[image_processor-23] [INFO] [1776699283.353683946] [robot_2.image_processor]: Zone=CLEAR
[image_processor-25] [INFO] [1776699285.812827144] [robot_4.image_processor]: Zone=CLEAR
[image_processor-21] [INFO] [1776699285.821135294] [robot_0.image_processor]: Zone=CLEAR
[image_processor-24] [INFO] [1776699285.828426191] [robot_3.image_processor]: Zone=CLEAR
[image_processor-23] [INFO] [1776699285.851481092] [robot_2.image_processor]: Zone=CLEAR
[image_processor-22] [INFO] [1776699285.936821622] [robot_1.image_processor]: Zone=CLEAR
[image_processor-25] [INFO] [1776699288.313480653] [robot_4.image_processor]: Zone=CLEAR
[image_processor-21] [INFO] [1776699288.327915234] [robot_0.image_processor]: Zone=CLEAR
[image_processor-24] [INFO] [1776699288.335572193] [robot_3.image_processor]: Zone=CLEAR
[image_processor-22] [INFO] [1776699288.347139295] [robot_1.image_processor]: Zone=CLEAR
[image_processor-23] [INFO] [1776699288.366458293] [robot_2.image_processor]: Zone=CLEAR
[image_processor-25] [INFO] [1776699290.811114114] [robot_4.image_processor]: Zone=CLEAR
[image_processor-21] [INFO] [1776699290.822119611] [robot_0.image_processor]: Zone=CLEAR
[image_processor-24] [INFO] [1776699290.831134615] [robot_3.image_processor]: Zone=CLEAR
[image_processor-22] [INFO] [1776699290.843974386] [robot_1.image_processor]: Zone=CLEAR
[image_processor-23] [INFO] [1776699290.862009845] [robot_2.image_processor]: Zone=CLEAR
[image_processor-25] [INFO] [1776699293.319094525] [robot_4.image_processor]: Zone=CLEAR
[image_processor-21] [INFO] [1776699293.334450186] [robot_0.image_processor]: Zone=CLEAR
[image_processor-24] [INFO] [1776699293.349585408] [robot_3.image_processor]: Zone=CLEAR
[image_processor-22] [INFO] [1776699293.362366635] [robot_1.image_processor]: Zone=CLEAR
[image_processor-23] [INFO] [1776699293.384068298] [robot_2.image_processor]: Zone=CLEAR
[image_processor-25] [INFO] [1776699295.813582886] [robot_4.image_processor]: Zone=CLEAR
[image_processor-21] [INFO] [1776699295.822669075] [robot_0.image_processor]: Zone=CLEAR
[image_processor-24] [INFO] [1776699295.834998292] [robot_3.image_processor]: Zone=CLEAR
[image_processor-22] [INFO] [1776699295.847952051] [robot_1.image_processor]: Zone=CLEAR
[image_processor-23] [INFO] [1776699295.866643768] [robot_2.image_processor]: Zone=CLEAR
[image_processor-25] [INFO] [1776699298.311409739] [robot_4.image_processor]: Zone=CLEAR
[image_processor-21] [INFO] [1776699298.319955011] [robot_0.image_processor]: Zone=CLEAR
[image_processor-24] [INFO] [1776699298.327334276] [robot_3.image_processor]: Zone=CLEAR
[image_processor-22] [INFO] [1776699298.336327737] [robot_1.image_processor]: Zone=CLEAR
[image_processor-23] [INFO] [1776699298.351275828] [robot_2.image_processor]: Zone=CLEAR
[image_processor-25] [INFO] [1776699300.811724695] [robot_4.image_processor]: Zone=CLEAR
[image_processor-21] [INFO] [1776699300.824695828] [robot_0.image_processor]: Zone=CLEAR
[image_processor-24] [INFO] [1776699300.833700151] [robot_3.image_processor]: Zone=CLEAR
[image_processor-22] [INFO] [1776699300.842380308] [robot_1.image_processor]: Zone=CLEAR
[image_processor-23] [INFO] [1776699300.857829386] [robot_2.image_processor]: Zone=CLEAR
[image_processor-25] [INFO] [1776699303.312307803] [robot_4.image_processor]: Zone=CLEAR
[image_processor-21] [INFO] [1776699303.318553384] [robot_0.image_processor]: Zone=CLEAR
[image_processor-24] [INFO] [1776699303.326307312] [robot_3.image_processor]: Zone=CLEAR
[image_processor-22] [INFO] [1776699303.335135432] [robot_1.image_processor]: Zone=CLEAR
[image_processor-23] [INFO] [1776699303.348956911] [robot_2.image_processor]: Zone=CLEAR
[image_processor-25] [INFO] [1776699305.812596471] [robot_4.image_processor]: Zone=CLEAR
[image_processor-21] [INFO] [1776699305.821413984] [robot_0.image_processor]: Zone=CLEAR
[image_processor-24] [INFO] [1776699305.832259511] [robot_3.image_processor]: Zone=CLEAR
[image_processor-22] [INFO] [1776699305.843100323] [robot_1.image_processor]: Zone=CLEAR
[image_processor-23] [INFO] [1776699305.859324617] [robot_2.image_processor]: Zone=CLEAR
[image_processor-25] [INFO] [1776699308.310073140] [robot_4.image_processor]: Zone=CLEAR
[image_processor-21] [INFO] [1776699308.318041612] [robot_0.image_processor]: Zone=CLEAR
[image_processor-24] [INFO] [1776699308.325407735] [robot_3.image_processor]: Zone=CLEAR
[image_processor-22] [INFO] [1776699308.335232961] [robot_1.image_processor]: Zone=CLEAR
[image_processor-23] [INFO] [1776699308.349594952] [robot_2.image_processor]: Zone=CLEAR
[image_processor-25] [INFO] [1776699310.811864826] [robot_4.image_processor]: Zone=CLEAR
[image_processor-21] [INFO] [1776699310.819310201] [robot_0.image_processor]: Zone=CLEAR
[image_processor-24] [INFO] [1776699310.827054835] [robot_3.image_processor]: Zone=CLEAR
[image_processor-22] [INFO] [1776699310.836122815] [robot_1.image_processor]: Zone=CLEAR
[image_processor-23] [INFO] [1776699310.851134916] [robot_2.image_processor]: Zone=CLEAR
[image_processor-25] [INFO] [1776699313.312979834] [robot_4.image_processor]: Zone=CLEAR
[image_processor-21] [INFO] [1776699313.320150503] [robot_0.image_processor]: Zone=CLEAR
[image_processor-24] [INFO] [1776699313.331127803] [robot_3.image_processor]: Zone=CLEAR
[image_processor-22] [INFO] [1776699313.341597825] [robot_1.image_processor]: Zone=CLEAR
[image_processor-23] [INFO] [1776699313.356161441] [robot_2.image_processor]: Zone=CLEAR
[image_processor-25] [INFO] [1776699315.811096859] [robot_4.image_processor]: Zone=CLEAR
[image_processor-21] [INFO] [1776699315.817724735] [robot_0.image_processor]: Zone=CLEAR
[image_processor-24] [INFO] [1776699315.826757500] [robot_3.image_processor]: Zone=CLEAR
[image_processor-22] [INFO] [1776699315.836816459] [robot_1.image_processor]: Zone=CLEAR
[image_processor-23] [INFO] [1776699315.849217361] [robot_2.image_processor]: Zone=CLEAR
[image_processor-25] [INFO] [1776699318.311324370] [robot_4.image_processor]: Zone=CLEAR
[image_processor-21] [INFO] [1776699318.319743566] [robot_0.image_processor]: Zone=CLEAR
[image_processor-24] [INFO] [1776699318.327702168] [robot_3.image_processor]: Zone=CLEAR
[image_processor-22] [INFO] [1776699318.336116294] [robot_1.image_processor]: Zone=CLEAR
[image_processor-23] [INFO] [1776699318.350667570] [robot_2.image_processor]: Zone=CLEAR
[image_processor-25] [INFO] [1776699320.811466507] [robot_4.image_processor]: Zone=CLEAR
[image_processor-21] [INFO] [1776699320.819740022] [robot_0.image_processor]: Zone=CLEAR
[image_processor-24] [INFO] [1776699320.834900898] [robot_3.image_processor]: Zone=CLEAR
[image_processor-22] [INFO] [1776699320.841721121] [robot_1.image_processor]: Zone=CLEAR
[image_processor-23] [INFO] [1776699320.857079862] [robot_2.image_processor]: Zone=CLEAR
[image_processor-25] [INFO] [1776699323.310481769] [robot_4.image_processor]: Zone=CLEAR
[image_processor-21] [INFO] [1776699323.319839913] [robot_0.image_processor]: Zone=CLEAR
[image_processor-24] [INFO] [1776699323.328459389] [robot_3.image_processor]: Zone=CLEAR
[image_processor-22] [INFO] [1776699323.336854934] [robot_1.image_processor]: Zone=CLEAR
[image_processor-23] [INFO] [1776699323.352833107] [robot_2.image_processor]: Zone=CLEAR
[image_processor-25] [INFO] [1776699325.811276079] [robot_4.image_processor]: Zone=CLEAR
[image_processor-21] [INFO] [1776699325.819858091] [robot_0.image_processor]: Zone=CLEAR
[image_processor-24] [INFO] [1776699325.827909492] [robot_3.image_processor]: Zone=CLEAR
[image_processor-22] [INFO] [1776699325.836261059] [robot_1.image_processor]: Zone=CLEAR
[image_processor-23] [INFO] [1776699325.851540441] [robot_2.image_processor]: Zone=CLEAR
[image_processor-25] [INFO] [1776699328.309841049] [robot_4.image_processor]: Zone=CLEAR
[image_processor-21] [INFO] [1776699328.318691391] [robot_0.image_processor]: Zone=CLEAR
[image_processor-24] [INFO] [1776699328.327258471] [robot_3.image_processor]: Zone=CLEAR
[image_processor-22] [INFO] [1776699328.335422473] [robot_1.image_processor]: Zone=CLEAR
[image_processor-23] [INFO] [1776699328.351492159] [robot_2.image_processor]: Zone=CLEAR
[image_processor-25] [INFO] [1776699330.812049490] [robot_4.image_processor]: Zone=CLEAR
[image_processor-21] [INFO] [1776699330.825436480] [robot_0.image_processor]: Zone=CLEAR
[image_processor-24] [INFO] [1776699330.839126169] [robot_3.image_processor]: Zone=CLEAR
[image_processor-22] [INFO] [1776699330.851691950] [robot_1.image_processor]: Zone=CLEAR
[image_processor-23] [INFO] [1776699330.871895961] [robot_2.image_processor]: Zone=CLEAR
[image_processor-25] [INFO] [1776699333.310270750] [robot_4.image_processor]: Zone=CLEAR
[image_processor-21] [INFO] [1776699333.317610874] [robot_0.image_processor]: Zone=CLEAR
[image_processor-24] [INFO] [1776699333.326847085] [robot_3.image_processor]: Zone=CLEAR
[image_processor-22] [INFO] [1776699333.335009706] [robot_1.image_processor]: Zone=CLEAR
[image_processor-23] [INFO] [1776699333.348271865] [robot_2.image_processor]: Zone=CLEAR
[image_processor-25] [INFO] [1776699335.807565574] [robot_4.image_processor]: Zone=CLEAR
[image_processor-21] [INFO] [1776699335.815019061] [robot_0.image_processor]: Zone=CLEAR
[image_processor-24] [INFO] [1776699335.821396705] [robot_3.image_processor]: Zone=CLEAR
[image_processor-22] [INFO] [1776699335.832282106] [robot_1.image_processor]: Zone=CLEAR
[image_processor-23] [INFO] [1776699335.847587902] [robot_2.image_processor]: Zone=CLEAR
[image_processor-25] [INFO] [1776699338.316105137] [robot_4.image_processor]: Zone=CLEAR
[image_processor-21] [INFO] [1776699338.325823902] [robot_0.image_processor]: Zone=CLEAR
[image_processor-24] [INFO] [1776699338.333575348] [robot_3.image_processor]: Zone=CLEAR
[image_processor-22] [INFO] [1776699338.342050571] [robot_1.image_processor]: Zone=CLEAR
[image_processor-23] [INFO] [1776699338.457052882] [robot_2.image_processor]: Zone=CLEAR
[image_processor-25] [INFO] [1776699340.811986032] [robot_4.image_processor]: Zone=CLEAR
[image_processor-21] [INFO] [1776699340.821413961] [robot_0.image_processor]: Zone=CLEAR
[image_processor-24] [INFO] [1776699340.831117825] [robot_3.image_processor]: Zone=CLEAR
[image_processor-22] [INFO] [1776699340.841126508] [robot_1.image_processor]: Zone=CLEAR
[image_processor-23] [INFO] [1776699340.855479036] [robot_2.image_processor]: Zone=CLEAR
[image_processor-25] [INFO] [1776699343.311522327] [robot_4.image_processor]: Zone=CLEAR
[image_processor-21] [INFO] [1776699343.318687092] [robot_0.image_processor]: Zone=CLEAR
[image_processor-24] [INFO] [1776699343.327441127] [robot_3.image_processor]: Zone=CLEAR
[image_processor-22] [INFO] [1776699343.335571813] [robot_1.image_processor]: Zone=CLEAR
[image_processor-23] [INFO] [1776699343.350241106] [robot_2.image_processor]: Zone=CLEAR
[image_processor-25] [INFO] [1776699345.811091825] [robot_4.image_processor]: Zone=CLEAR
[image_processor-21] [INFO] [1776699345.819111649] [robot_0.image_processor]: Zone=CLEAR
[image_processor-24] [INFO] [1776699345.828273302] [robot_3.image_processor]: Zone=CLEAR
[image_processor-22] [INFO] [1776699345.836941737] [robot_1.image_processor]: Zone=CLEAR
[image_processor-23] [INFO] [1776699345.851905579] [robot_2.image_processor]: Zone=CLEAR
[image_processor-25] [INFO] [1776699348.311294855] [robot_4.image_processor]: Zone=CLEAR
[image_processor-21] [INFO] [1776699348.319431993] [robot_0.image_processor]: Zone=CLEAR
[image_processor-24] [INFO] [1776699348.327778868] [robot_3.image_processor]: Zone=CLEAR
[image_processor-22] [INFO] [1776699348.336158908] [robot_1.image_processor]: Zone=CLEAR
[image_processor-23] [INFO] [1776699348.349723706] [robot_2.image_processor]: Zone=CLEAR
[image_processor-25] [INFO] [1776699350.812491496] [robot_4.image_processor]: Zone=CLEAR
[image_processor-21] [INFO] [1776699350.820772147] [robot_0.image_processor]: Zone=CLEAR
[image_processor-24] [INFO] [1776699350.831962843] [robot_3.image_processor]: Zone=CLEAR
[image_processor-22] [INFO] [1776699350.840148206] [robot_1.image_processor]: Zone=CLEAR
[image_processor-23] [INFO] [1776699350.854626573] [robot_2.image_processor]: Zone=CLEAR
[image_processor-25] [INFO] [1776699353.310793285] [robot_4.image_processor]: Zone=CLEAR
[image_processor-21] [INFO] [1776699353.318990997] [robot_0.image_processor]: Zone=CLEAR
[image_processor-24] [INFO] [1776699353.328078426] [robot_3.image_processor]: Zone=CLEAR
[image_processor-22] [INFO] [1776699353.336043970] [robot_1.image_processor]: Zone=CLEAR
[image_processor-23] [INFO] [1776699353.349831424] [robot_2.image_processor]: Zone=CLEAR
[image_processor-25] [INFO] [1776699355.811154528] [robot_4.image_processor]: Zone=CLEAR
[image_processor-21] [INFO] [1776699355.818842248] [robot_0.image_processor]: Zone=CLEAR
[image_processor-24] [INFO] [1776699355.828670719] [robot_3.image_processor]: Zone=CLEAR
[image_processor-22] [INFO] [1776699355.836561166] [robot_1.image_processor]: Zone=CLEAR
[image_processor-23] [INFO] [1776699355.852219668] [robot_2.image_processor]: Zone=CLEAR
[image_processor-25] [INFO] [1776699358.310304035] [robot_4.image_processor]: Zone=CLEAR
[image_processor-21] [INFO] [1776699358.318863604] [robot_0.image_processor]: Zone=CLEAR
[image_processor-24] [INFO] [1776699358.326994925] [robot_3.image_processor]: Zone=CLEAR
[image_processor-22] [INFO] [1776699358.335886255] [robot_1.image_processor]: Zone=CLEAR
[image_processor-23] [INFO] [1776699358.350440309] [robot_2.image_processor]: Zone=CLEAR
[image_processor-25] [INFO] [1776699360.813889214] [robot_4.image_processor]: Zone=CLEAR
[image_processor-21] [INFO] [1776699360.822246580] [robot_0.image_processor]: Zone=CLEAR
[image_processor-24] [INFO] [1776699360.831075480] [robot_3.image_processor]: Zone=CLEAR
[image_processor-22] [INFO] [1776699360.842462944] [robot_1.image_processor]: Zone=CLEAR
[image_processor-23] [INFO] [1776699360.857118722] [robot_2.image_processor]: Zone=CLEAR
[image_processor-25] [INFO] [1776699363.312023483] [robot_4.image_processor]: Zone=CLEAR
[image_processor-21] [INFO] [1776699363.320831107] [robot_0.image_processor]: Zone=CLEAR
[image_processor-24] [INFO] [1776699363.335004605] [robot_3.image_processor]: Zone=CLEAR
[image_processor-22] [INFO] [1776699363.349176123] [robot_1.image_processor]: Zone=CLEAR
[image_processor-23] [INFO] [1776699363.369873244] [robot_2.image_processor]: Zone=CLEAR
[image_processor-25] [INFO] [1776699365.813904851] [robot_4.image_processor]: Zone=CLEAR
[image_processor-21] [INFO] [1776699365.824712350] [robot_0.image_processor]: Zone=CLEAR
[image_processor-24] [INFO] [1776699365.832698645] [robot_3.image_processor]: Zone=CLEAR
[image_processor-22] [INFO] [1776699365.845612454] [robot_1.image_processor]: Zone=CLEAR
[image_processor-23] [INFO] [1776699365.867465306] [robot_2.image_processor]: Zone=CLEAR
[image_processor-25] [INFO] [1776699368.312849887] [robot_4.image_processor]: Zone=CLEAR
[image_processor-21] [INFO] [1776699368.324341320] [robot_0.image_processor]: Zone=CLEAR
[image_processor-24] [INFO] [1776699368.335585808] [robot_3.image_processor]: Zone=CLEAR
[image_processor-22] [INFO] [1776699368.344351167] [robot_1.image_processor]: Zone=CLEAR
[image_processor-23] [INFO] [1776699368.362204356] [robot_2.image_processor]: Zone=CLEAR
[image_processor-25] [INFO] [1776699370.813606093] [robot_4.image_processor]: Zone=CLEAR
[image_processor-21] [INFO] [1776699370.821336167] [robot_0.image_processor]: Zone=CLEAR
[image_processor-24] [INFO] [1776699370.836071481] [robot_3.image_processor]: Zone=CLEAR
[image_processor-22] [INFO] [1776699370.848869869] [robot_1.image_processor]: Zone=CLEAR
[image_processor-23] [INFO] [1776699370.869285445] [robot_2.image_processor]: Zone=CLEAR
[image_processor-25] [INFO] [1776699373.315732558] [robot_4.image_processor]: Zone=CLEAR
[image_processor-21] [INFO] [1776699373.325011943] [robot_0.image_processor]: Zone=CLEAR
[image_processor-24] [INFO] [1776699373.332635957] [robot_3.image_processor]: Zone=CLEAR
[image_processor-22] [INFO] [1776699373.342849800] [robot_1.image_processor]: Zone=CLEAR
[image_processor-23] [INFO] [1776699373.357347101] [robot_2.image_processor]: Zone=CLEAR
[image_processor-25] [INFO] [1776699375.810465077] [robot_4.image_processor]: Zone=CLEAR
[image_processor-21] [INFO] [1776699375.818824123] [robot_0.image_processor]: Zone=CLEAR
[image_processor-24] [INFO] [1776699375.832541165] [robot_3.image_processor]: Zone=CLEAR
[image_processor-22] [INFO] [1776699375.840337545] [robot_1.image_processor]: Zone=CLEAR
[image_processor-23] [INFO] [1776699375.856850570] [robot_2.image_processor]: Zone=CLEAR
[image_processor-25] [INFO] [1776699378.311976196] [robot_4.image_processor]: Zone=CLEAR
[image_processor-21] [INFO] [1776699378.321336268] [robot_0.image_processor]: Zone=CLEAR
[image_processor-24] [INFO] [1776699378.329705061] [robot_3.image_processor]: Zone=CLEAR
[image_processor-22] [INFO] [1776699378.338314430] [robot_1.image_processor]: Zone=CLEAR
[image_processor-23] [INFO] [1776699378.352906343] [robot_2.image_processor]: Zone=CLEAR
[image_processor-25] [INFO] [1776699380.811541717] [robot_4.image_processor]: Zone=CLEAR
[image_processor-21] [INFO] [1776699380.820754762] [robot_0.image_processor]: Zone=CLEAR
[image_processor-24] [INFO] [1776699380.831430903] [robot_3.image_processor]: Zone=CLEAR
[image_processor-22] [INFO] [1776699380.841091746] [robot_1.image_processor]: Zone=CLEAR
[image_processor-23] [INFO] [1776699380.957372871] [robot_2.image_processor]: Zone=CLEAR
[image_processor-25] [INFO] [1776699383.308841059] [robot_4.image_processor]: Zone=CLEAR
[image_processor-21] [INFO] [1776699383.317724898] [robot_0.image_processor]: Zone=CLEAR
[image_processor-24] [INFO] [1776699383.325674907] [robot_3.image_processor]: Zone=CLEAR
[image_processor-22] [INFO] [1776699383.334788851] [robot_1.image_processor]: Zone=CLEAR
[image_processor-23] [INFO] [1776699383.348396900] [robot_2.image_processor]: Zone=CLEAR
[image_processor-25] [INFO] [1776699385.810355027] [robot_4.image_processor]: Zone=CLEAR
[image_processor-21] [INFO] [1776699385.817589945] [robot_0.image_processor]: Zone=CLEAR
[image_processor-24] [INFO] [1776699385.827239726] [robot_3.image_processor]: Zone=CLEAR
[image_processor-22] [INFO] [1776699385.836294729] [robot_1.image_processor]: Zone=CLEAR
[image_processor-23] [INFO] [1776699385.850712803] [robot_2.image_processor]: Zone=CLEAR
[image_processor-25] [INFO] [1776699388.308683901] [robot_4.image_processor]: Zone=CLEAR
[image_processor-21] [INFO] [1776699388.317958652] [robot_0.image_processor]: Zone=CLEAR
[image_processor-24] [INFO] [1776699388.326287612] [robot_3.image_processor]: Zone=CLEAR
[image_processor-22] [INFO] [1776699388.334365350] [robot_1.image_processor]: Zone=CLEAR
[image_processor-23] [INFO] [1776699388.348053348] [robot_2.image_processor]: Zone=CLEAR
[image_processor-25] [INFO] [1776699390.807034525] [robot_4.image_processor]: Zone=CLEAR
[image_processor-21] [INFO] [1776699390.814385119] [robot_0.image_processor]: Zone=CLEAR
[image_processor-24] [INFO] [1776699390.823816333] [robot_3.image_processor]: Zone=CLEAR
[image_processor-22] [INFO] [1776699390.834997854] [robot_1.image_processor]: Zone=CLEAR
[image_processor-23] [INFO] [1776699390.844904428] [robot_2.image_processor]: Zone=CLEAR
[image_processor-25] [INFO] [1776699393.311093485] [robot_4.image_processor]: Zone=CLEAR
[image_processor-21] [INFO] [1776699393.320955889] [robot_0.image_processor]: Zone=CLEAR
[image_processor-24] [INFO] [1776699393.336053213] [robot_3.image_processor]: Zone=CLEAR
[image_processor-22] [INFO] [1776699393.347737940] [robot_1.image_processor]: Zone=CLEAR
[image_processor-23] [INFO] [1776699393.364177180] [robot_2.image_processor]: Zone=CLEAR
[image_processor-25] [INFO] [1776699395.812541500] [robot_4.image_processor]: Zone=CLEAR
[image_processor-21] [INFO] [1776699395.821835383] [robot_0.image_processor]: Zone=CLEAR
[image_processor-24] [INFO] [1776699395.831431419] [robot_3.image_processor]: Zone=CLEAR
[image_processor-22] [INFO] [1776699395.840741542] [robot_1.image_processor]: Zone=CLEAR
[image_processor-23] [INFO] [1776699395.861089593] [robot_2.image_processor]: Zone=CLEAR
[image_processor-25] [INFO] [1776699398.310154669] [robot_4.image_processor]: Zone=CLEAR
[image_processor-21] [INFO] [1776699398.320415841] [robot_0.image_processor]: Zone=CLEAR
[image_processor-24] [INFO] [1776699398.332650719] [robot_3.image_processor]: Zone=CLEAR
[image_processor-22] [INFO] [1776699398.340211533] [robot_1.image_processor]: Zone=CLEAR
[image_processor-23] [INFO] [1776699398.365480556] [robot_2.image_processor]: Zone=CLEAR
[image_processor-25] [INFO] [1776699400.809072432] [robot_4.image_processor]: Zone=CLEAR
[image_processor-21] [INFO] [1776699400.817473051] [robot_0.image_processor]: Zone=CLEAR
[image_processor-24] [INFO] [1776699400.831958239] [robot_3.image_processor]: Zone=CLEAR
[image_processor-22] [INFO] [1776699400.839043844] [robot_1.image_processor]: Zone=CLEAR
[image_processor-23] [INFO] [1776699400.853561219] [robot_2.image_processor]: Zone=CLEAR
[image_processor-25] [INFO] [1776699403.313023552] [robot_4.image_processor]: Zone=CLEAR
[image_processor-21] [INFO] [1776699403.321852025] [robot_0.image_processor]: Zone=CLEAR
[image_processor-24] [INFO] [1776699403.330519905] [robot_3.image_processor]: Zone=CLEAR
[image_processor-22] [INFO] [1776699403.338488078] [robot_1.image_processor]: Zone=CLEAR
[image_processor-23] [INFO] [1776699403.357949778] [robot_2.image_processor]: Zone=CLEAR
[image_processor-25] [INFO] [1776699405.808782496] [robot_4.image_processor]: Zone=CLEAR
[image_processor-21] [INFO] [1776699405.819778715] [robot_0.image_processor]: Zone=CLEAR
[image_processor-24] [INFO] [1776699405.831164114] [robot_3.image_processor]: Zone=CLEAR
[image_processor-22] [INFO] [1776699405.839914800] [robot_1.image_processor]: Zone=CLEAR
[image_processor-23] [INFO] [1776699405.859498289] [robot_2.image_processor]: Zone=CLEAR
[image_processor-25] [INFO] [1776699408.311853468] [robot_4.image_processor]: Zone=CLEAR
[image_processor-21] [INFO] [1776699408.319868218] [robot_0.image_processor]: Zone=CLEAR
[image_processor-24] [INFO] [1776699408.328115607] [robot_3.image_processor]: Zone=CLEAR
[image_processor-22] [INFO] [1776699408.336374059] [robot_1.image_processor]: Zone=CLEAR
[image_processor-23] [INFO] [1776699408.351580450] [robot_2.image_processor]: Zone=CLEAR
[image_processor-25] [INFO] [1776699410.810796848] [robot_4.image_processor]: Zone=CLEAR
[image_processor-21] [INFO] [1776699410.822643097] [robot_0.image_processor]: Zone=CLEAR
[image_processor-24] [INFO] [1776699410.831305382] [robot_3.image_processor]: Zone=CLEAR
[image_processor-22] [INFO] [1776699410.840284304] [robot_1.image_processor]: Zone=CLEAR
[image_processor-23] [INFO] [1776699410.854178833] [robot_2.image_processor]: Zone=CLEAR
[image_processor-25] [INFO] [1776699413.309123744] [robot_4.image_processor]: Zone=CLEAR
[image_processor-21] [INFO] [1776699413.318965523] [robot_0.image_processor]: Zone=CLEAR
[image_processor-24] [INFO] [1776699413.326917040] [robot_3.image_processor]: Zone=CLEAR
[image_processor-22] [INFO] [1776699413.336842830] [robot_1.image_processor]: Zone=CLEAR
[image_processor-23] [INFO] [1776699413.350849438] [robot_2.image_processor]: Zone=CLEAR
[image_processor-25] [INFO] [1776699415.810611402] [robot_4.image_processor]: Zone=CLEAR
[image_processor-21] [INFO] [1776699415.818867639] [robot_0.image_processor]: Zone=CLEAR
[image_processor-24] [INFO] [1776699415.826624832] [robot_3.image_processor]: Zone=CLEAR
[image_processor-22] [INFO] [1776699415.834263039] [robot_1.image_processor]: Zone=CLEAR
[image_processor-23] [INFO] [1776699415.848913509] [robot_2.image_processor]: Zone=CLEAR
[INFO] [image_processor-25]: sending signal 'SIGINT' to process[image_processor-25]
[ERROR] [ign gazebo-1]: process has died [pid 24079, exit code -15, cmd 'ruby /usr/bin/ign gazebo /home/ecem/ros2_ws/install/swarm_basics/share/swarm_basics/worlds/random_world.sdf -s -r --force-version 6'].
[ERROR] [parameter_bridge-4]: process has died [pid 24086, exit code -15, cmd '/opt/ros/humble/lib/ros_ign_bridge/parameter_bridge /robot_0/cmd_vel@geometry_msgs/msg/Twist]ignition.msgs.Twist /robot_0/odom@nav_msgs/msg/Odometry[ignition.msgs.Odometry /robot_0/depth_camera/depth_image@sensor_msgs/msg/Image[ignition.msgs.Image /world/random_world/model/robot_0/link/robot_0/base_footprint/sensor/contact_sensor/contact@ros_gz_interfaces/msg/Contacts[ignition.msgs.Contacts /robot_1/cmd_vel@geometry_msgs/msg/Twist]ignition.msgs.Twist /robot_1/odom@nav_msgs/msg/Odometry[ignition.msgs.Odometry /robot_1/depth_camera/depth_image@sensor_msgs/msg/Image[ignition.msgs.Image /world/random_world/model/robot_1/link/robot_1/base_footprint/sensor/contact_sensor/contact@ros_gz_interfaces/msg/Contacts[ignition.msgs.Contacts /robot_2/cmd_vel@geometry_msgs/msg/Twist]ignition.msgs.Twist /robot_2/odom@nav_msgs/msg/Odometry[ignition.msgs.Odometry /robot_2/depth_camera/depth_image@sensor_msgs/msg/Image[ignition.msgs.Image /world/random_world/model/robot_2/link/robot_2/base_footprint/sensor/contact_sensor/contact@ros_gz_interfaces/msg/Contacts[ignition.msgs.Contacts /robot_3/cmd_vel@geometry_msgs/msg/Twist]ignition.msgs.Twist /robot_3/odom@nav_msgs/msg/Odometry[ignition.msgs.Odometry /robot_3/depth_camera/depth_image@sensor_msgs/msg/Image[ignition.msgs.Image /world/random_world/model/robot_3/link/robot_3/base_footprint/sensor/contact_sensor/contact@ros_gz_interfaces/msg/Contacts[ignition.msgs.Contacts /robot_4/cmd_vel@geometry_msgs/msg/Twist]ignition.msgs.Twist /robot_4/odom@nav_msgs/msg/Odometry[ignition.msgs.Odometry /robot_4/depth_camera/depth_image@sensor_msgs/msg/Image[ignition.msgs.Image /world/random_world/model/robot_4/link/robot_4/base_footprint/sensor/contact_sensor/contact@ros_gz_interfaces/msg/Contacts[ignition.msgs.Contacts /world/random_world/dynamic_pose/info@tf2_msgs/msg/TFMessage[ignition.msgs.Pose_V --ros-args -r __node:=all_robots_bridge --params-file /tmp/launch_params_fyrs5wns'].
[INFO] [parameter_bridge-20]: process has finished cleanly [pid 24125]
[INFO] [image_processor-24]: sending signal 'SIGINT' to process[image_processor-24]
[INFO] [bash-26]: process started with pid [24693]
[INFO] [image_processor-23]: sending signal 'SIGINT' to process[image_processor-23]
[INFO] [image_processor-22]: sending signal 'SIGINT' to process[image_processor-22]
[INFO] [image_processor-21]: sending signal 'SIGINT' to process[image_processor-21]
[INFO] [robot_supervisor-19]: sending signal 'SIGINT' to process[robot_supervisor-19]
[INFO] [robot_state_publisher-17]: sending signal 'SIGINT' to process[robot_state_publisher-17]
[INFO] [robot_supervisor-16]: sending signal 'SIGINT' to process[robot_supervisor-16]
[INFO] [robot_state_publisher-14]: sending signal 'SIGINT' to process[robot_state_publisher-14]
[INFO] [robot_supervisor-13]: sending signal 'SIGINT' to process[robot_supervisor-13]
[INFO] [robot_state_publisher-11]: sending signal 'SIGINT' to process[robot_state_publisher-11]
[INFO] [robot_supervisor-10]: sending signal 'SIGINT' to process[robot_supervisor-10]
[INFO] [robot_state_publisher-8]: sending signal 'SIGINT' to process[robot_state_publisher-8]
[INFO] [robot_supervisor-7]: sending signal 'SIGINT' to process[robot_supervisor-7]
[INFO] [robot_state_publisher-5]: sending signal 'SIGINT' to process[robot_state_publisher-5]
[INFO] [bump_counter-3]: sending signal 'SIGINT' to process[bump_counter-3]
[INFO] [coverage_counter-2]: sending signal 'SIGINT' to process[coverage_counter-2]
[ERROR] [bash-26]: process has died [pid 24693, exit code -15, cmd 'bash -lc pkill -f parameter_bridge || true'].
[parameter_bridge-4] [INFO] [1776699416.420115889] [rclcpp]: signal_handler(SIGINT/SIGTERM)
[parameter_bridge-20] [INFO] [1776699416.420116484] [rclcpp]: signal_handler(SIGINT/SIGTERM)
[INFO] [launch]: process[ign gazebo-1] was required: shutting down launched system
[image_processor-25] [INFO] [1776699417.095857803] [rclcpp]: signal_handler(SIGINT/SIGTERM)
[image_processor-24] [INFO] [1776699417.098394429] [rclcpp]: signal_handler(SIGINT/SIGTERM)
[image_processor-23] [INFO] [1776699417.100573955] [rclcpp]: signal_handler(SIGINT/SIGTERM)
[image_processor-22] [INFO] [1776699417.102663192] [rclcpp]: signal_handler(SIGINT/SIGTERM)
[image_processor-21] [INFO] [1776699417.104909416] [rclcpp]: signal_handler(SIGINT/SIGTERM)
[robot_supervisor-19] Traceback (most recent call last):
[robot_supervisor-19]   File "/home/ecem/ros2_ws/install/swarm_basics/lib/swarm_basics/robot_supervisor", line 33, in <module>
[robot_supervisor-19]     sys.exit(load_entry_point('swarm-basics==0.0.0', 'console_scripts', 'robot_supervisor')())
[robot_supervisor-19]   File "/home/ecem/ros2_ws/install/swarm_basics/lib/python3.10/site-packages/swarm_basics/robot_supervisor.py", line 867, in main
[robot_supervisor-19]     rclpy.spin(node)
[robot_supervisor-19]   File "/opt/ros/humble/local/lib/python3.10/dist-packages/rclpy/__init__.py", line 229, in spin
[robot_supervisor-19]     executor.spin_once()
[robot_supervisor-19]   File "/opt/ros/humble/local/lib/python3.10/dist-packages/rclpy/executors.py", line 773, in spin_once
[robot_supervisor-19]     self._spin_once_impl(timeout_sec)
[robot_supervisor-19]   File "/opt/ros/humble/local/lib/python3.10/dist-packages/rclpy/executors.py", line 762, in _spin_once_impl
[robot_supervisor-19]     handler, entity, node = self.wait_for_ready_callbacks(timeout_sec=timeout_sec)
[robot_supervisor-19]   File "/opt/ros/humble/local/lib/python3.10/dist-packages/rclpy/executors.py", line 745, in wait_for_ready_callbacks
[robot_supervisor-19]     return next(self._cb_iter)
[robot_supervisor-19]   File "/opt/ros/humble/local/lib/python3.10/dist-packages/rclpy/executors.py", line 642, in _wait_for_ready_callbacks
[robot_supervisor-19]     wait_set.wait(timeout_nsec)
[robot_supervisor-19] KeyboardInterrupt
[robot_state_publisher-17] [INFO] [1776699417.111239173] [rclcpp]: signal_handler(SIGINT/SIGTERM)
[robot_supervisor-16] Traceback (most recent call last):
[robot_supervisor-16]   File "/home/ecem/ros2_ws/install/swarm_basics/lib/swarm_basics/robot_supervisor", line 33, in <module>
[robot_supervisor-16]     sys.exit(load_entry_point('swarm-basics==0.0.0', 'console_scripts', 'robot_supervisor')())
[robot_supervisor-16]   File "/home/ecem/ros2_ws/install/swarm_basics/lib/python3.10/site-packages/swarm_basics/robot_supervisor.py", line 867, in main
[robot_supervisor-16]     rclpy.spin(node)
[robot_supervisor-16]   File "/opt/ros/humble/local/lib/python3.10/dist-packages/rclpy/__init__.py", line 229, in spin
[robot_supervisor-16]     executor.spin_once()
[robot_supervisor-16]   File "/opt/ros/humble/local/lib/python3.10/dist-packages/rclpy/executors.py", line 773, in spin_once
[robot_supervisor-16]     self._spin_once_impl(timeout_sec)
[robot_supervisor-16]   File "/opt/ros/humble/local/lib/python3.10/dist-packages/rclpy/executors.py", line 762, in _spin_once_impl
[robot_supervisor-16]     handler, entity, node = self.wait_for_ready_callbacks(timeout_sec=timeout_sec)
[robot_supervisor-16]   File "/opt/ros/humble/local/lib/python3.10/dist-packages/rclpy/executors.py", line 745, in wait_for_ready_callbacks
[robot_supervisor-16]     return next(self._cb_iter)
[robot_supervisor-16]   File "/opt/ros/humble/local/lib/python3.10/dist-packages/rclpy/executors.py", line 642, in _wait_for_ready_callbacks
[robot_supervisor-16]     wait_set.wait(timeout_nsec)
[robot_supervisor-16] KeyboardInterrupt
[robot_state_publisher-14] [INFO] [1776699417.115649416] [rclcpp]: signal_handler(SIGINT/SIGTERM)
[robot_supervisor-13] Traceback (most recent call last):
[robot_supervisor-13]   File "/home/ecem/ros2_ws/install/swarm_basics/lib/swarm_basics/robot_supervisor", line 33, in <module>
[robot_supervisor-13]     sys.exit(load_entry_point('swarm-basics==0.0.0', 'console_scripts', 'robot_supervisor')())
[robot_supervisor-13]   File "/home/ecem/ros2_ws/install/swarm_basics/lib/python3.10/site-packages/swarm_basics/robot_supervisor.py", line 867, in main
[robot_supervisor-13]     rclpy.spin(node)
[robot_supervisor-13]   File "/opt/ros/humble/local/lib/python3.10/dist-packages/rclpy/__init__.py", line 229, in spin
[robot_supervisor-13]     executor.spin_once()
[robot_supervisor-13]   File "/opt/ros/humble/local/lib/python3.10/dist-packages/rclpy/executors.py", line 773, in spin_once
[robot_supervisor-13]     self._spin_once_impl(timeout_sec)
[robot_supervisor-13]   File "/opt/ros/humble/local/lib/python3.10/dist-packages/rclpy/executors.py", line 762, in _spin_once_impl
[robot_supervisor-13]     handler, entity, node = self.wait_for_ready_callbacks(timeout_sec=timeout_sec)
[robot_supervisor-13]   File "/opt/ros/humble/local/lib/python3.10/dist-packages/rclpy/executors.py", line 745, in wait_for_ready_callbacks
[robot_supervisor-13]     return next(self._cb_iter)
[robot_supervisor-13]   File "/opt/ros/humble/local/lib/python3.10/dist-packages/rclpy/executors.py", line 642, in _wait_for_ready_callbacks
[robot_supervisor-13]     wait_set.wait(timeout_nsec)
[robot_supervisor-13] KeyboardInterrupt
[robot_state_publisher-11] [INFO] [1776699417.121040729] [rclcpp]: signal_handler(SIGINT/SIGTERM)
[robot_supervisor-10] Traceback (most recent call last):
[robot_supervisor-10]   File "/home/ecem/ros2_ws/install/swarm_basics/lib/swarm_basics/robot_supervisor", line 33, in <module>
[robot_supervisor-10]     sys.exit(load_entry_point('swarm-basics==0.0.0', 'console_scripts', 'robot_supervisor')())
[robot_supervisor-10]   File "/home/ecem/ros2_ws/install/swarm_basics/lib/python3.10/site-packages/swarm_basics/robot_supervisor.py", line 867, in main
[robot_supervisor-10]     rclpy.spin(node)
[robot_supervisor-10]   File "/opt/ros/humble/local/lib/python3.10/dist-packages/rclpy/__init__.py", line 229, in spin
[robot_supervisor-10]     executor.spin_once()
[robot_supervisor-10]   File "/opt/ros/humble/local/lib/python3.10/dist-packages/rclpy/executors.py", line 773, in spin_once
[robot_supervisor-10]     self._spin_once_impl(timeout_sec)
[robot_supervisor-10]   File "/opt/ros/humble/local/lib/python3.10/dist-packages/rclpy/executors.py", line 762, in _spin_once_impl
[robot_supervisor-10]     handler, entity, node = self.wait_for_ready_callbacks(timeout_sec=timeout_sec)
[robot_supervisor-10]   File "/opt/ros/humble/local/lib/python3.10/dist-packages/rclpy/executors.py", line 745, in wait_for_ready_callbacks
[robot_supervisor-10]     return next(self._cb_iter)
[robot_supervisor-10]   File "/opt/ros/humble/local/lib/python3.10/dist-packages/rclpy/executors.py", line 642, in _wait_for_ready_callbacks
[robot_supervisor-10]     wait_set.wait(timeout_nsec)
[robot_supervisor-10] KeyboardInterrupt
[robot_state_publisher-8] [INFO] [1776699417.125694076] [rclcpp]: signal_handler(SIGINT/SIGTERM)
[robot_supervisor-7] Traceback (most recent call last):
[robot_supervisor-7]   File "/home/ecem/ros2_ws/install/swarm_basics/lib/swarm_basics/robot_supervisor", line 33, in <module>
[robot_supervisor-7]     sys.exit(load_entry_point('swarm-basics==0.0.0', 'console_scripts', 'robot_supervisor')())
[robot_supervisor-7]   File "/home/ecem/ros2_ws/install/swarm_basics/lib/python3.10/site-packages/swarm_basics/robot_supervisor.py", line 867, in main
[robot_supervisor-7]     rclpy.spin(node)
[robot_supervisor-7]   File "/opt/ros/humble/local/lib/python3.10/dist-packages/rclpy/__init__.py", line 229, in spin
[robot_supervisor-7]     executor.spin_once()
[robot_supervisor-7]   File "/opt/ros/humble/local/lib/python3.10/dist-packages/rclpy/executors.py", line 773, in spin_once
[robot_supervisor-7]     self._spin_once_impl(timeout_sec)
[robot_supervisor-7]   File "/opt/ros/humble/local/lib/python3.10/dist-packages/rclpy/executors.py", line 762, in _spin_once_impl
[robot_supervisor-7]     handler, entity, node = self.wait_for_ready_callbacks(timeout_sec=timeout_sec)
[robot_supervisor-7]   File "/opt/ros/humble/local/lib/python3.10/dist-packages/rclpy/executors.py", line 745, in wait_for_ready_callbacks
[robot_supervisor-7]     return next(self._cb_iter)
[robot_supervisor-7]   File "/opt/ros/humble/local/lib/python3.10/dist-packages/rclpy/executors.py", line 642, in _wait_for_ready_callbacks
[robot_supervisor-7]     wait_set.wait(timeout_nsec)
[robot_supervisor-7] KeyboardInterrupt
[robot_state_publisher-5] [INFO] [1776699417.129998994] [rclcpp]: signal_handler(SIGINT/SIGTERM)
[ERROR] [launch]: Caught exception in launch (see debug for traceback): ExecuteLocal action 'bash-27': executed more than once: <launch.actions.execute_process.ExecuteProcess object at 0x743cb4ff8880>
[INFO] [image_processor-25]: process has finished cleanly [pid 24487]
[INFO] [image_processor-24]: process has finished cleanly [pid 24485]
[INFO] [image_processor-22]: process has finished cleanly [pid 24481]
[INFO] [image_processor-23]: process has finished cleanly [pid 24483]
[INFO] [image_processor-21]: process has finished cleanly [pid 24479]
[INFO] [robot_state_publisher-8]: process has finished cleanly [pid 24094]
[INFO] [robot_state_publisher-17]: process has finished cleanly [pid 24114]
[INFO] [robot_state_publisher-14]: process has finished cleanly [pid 24108]
[INFO] [robot_state_publisher-11]: process has finished cleanly [pid 24102]
[INFO] [robot_state_publisher-5]: process has finished cleanly [pid 24088]
[coverage_counter-2] Traceback (most recent call last):
[coverage_counter-2]   File "/home/ecem/ros2_ws/install/swarm_basics/lib/python3.10/site-packages/swarm_basics/coverage_counter.py", line 418, in main
[coverage_counter-2]     rclpy.spin(node)
[coverage_counter-2]   File "/opt/ros/humble/local/lib/python3.10/dist-packages/rclpy/__init__.py", line 229, in spin
[coverage_counter-2]     executor.spin_once()
[coverage_counter-2]   File "/opt/ros/humble/local/lib/python3.10/dist-packages/rclpy/executors.py", line 773, in spin_once
[coverage_counter-2]     self._spin_once_impl(timeout_sec)
[coverage_counter-2]   File "/opt/ros/humble/local/lib/python3.10/dist-packages/rclpy/executors.py", line 768, in _spin_once_impl
[coverage_counter-2]     handler()
[coverage_counter-2]   File "/opt/ros/humble/local/lib/python3.10/dist-packages/rclpy/task.py", line 254, in __call__
[coverage_counter-2]     self._handler.send(None)
[coverage_counter-2]   File "/opt/ros/humble/local/lib/python3.10/dist-packages/rclpy/executors.py", line 463, in handler
[coverage_counter-2]     await call_coroutine(entity, arg)
[coverage_counter-2]   File "/opt/ros/humble/local/lib/python3.10/dist-packages/rclpy/executors.py", line 371, in _execute_timer
[coverage_counter-2]     await await_or_execute(tmr.callback)
[coverage_counter-2]   File "/opt/ros/humble/local/lib/python3.10/dist-packages/rclpy/executors.py", line 107, in await_or_execute
[coverage_counter-2]     return callback(*args)
[coverage_counter-2]   File "/home/ecem/ros2_ws/install/swarm_basics/lib/python3.10/site-packages/swarm_basics/coverage_counter.py", line 152, in _on_timeout_timer
[coverage_counter-2]     self.shutdown_and_save()
[coverage_counter-2]   File "/home/ecem/ros2_ws/install/swarm_basics/lib/python3.10/site-packages/swarm_basics/coverage_counter.py", line 174, in shutdown_and_save
[coverage_counter-2]     rclpy.shutdown()
[coverage_counter-2]   File "/opt/ros/humble/local/lib/python3.10/dist-packages/rclpy/__init__.py", line 130, in shutdown
[coverage_counter-2]     _shutdown(context=context)
[coverage_counter-2]   File "/opt/ros/humble/local/lib/python3.10/dist-packages/rclpy/utilities.py", line 58, in shutdown
[coverage_counter-2]     return context.shutdown()
[coverage_counter-2]   File "/opt/ros/humble/local/lib/python3.10/dist-packages/rclpy/context.py", line 103, in shutdown
[coverage_counter-2]     self._call_on_shutdown_callbacks()
[coverage_counter-2]   File "/opt/ros/humble/local/lib/python3.10/dist-packages/rclpy/context.py", line 92, in _call_on_shutdown_callbacks
[coverage_counter-2]     callback = weak_method()
[coverage_counter-2]   File "/opt/ros/humble/local/lib/python3.10/dist-packages/rclpy/__init__.py", line 111, in reset_executor
[coverage_counter-2]     __executor.shutdown()
[coverage_counter-2]   File "/opt/ros/humble/local/lib/python3.10/dist-packages/rclpy/executors.py", line 227, in shutdown
[coverage_counter-2]     if not self._work_tracker.wait(timeout_sec):
[coverage_counter-2]   File "/opt/ros/humble/local/lib/python3.10/dist-packages/rclpy/executors.py", line 94, in wait
[coverage_counter-2]     if not self._work_condition.wait_for(
[coverage_counter-2]   File "/usr/lib/python3.10/threading.py", line 355, in wait_for
[coverage_counter-2]     self.wait(waittime)
[coverage_counter-2]   File "/usr/lib/python3.10/threading.py", line 320, in wait
[coverage_counter-2]     waiter.acquire()
[coverage_counter-2] KeyboardInterrupt
[coverage_counter-2] 
[coverage_counter-2] During handling of the above exception, another exception occurred:
[coverage_counter-2] 
[coverage_counter-2] Traceback (most recent call last):
[coverage_counter-2]   File "/home/ecem/ros2_ws/install/swarm_basics/lib/swarm_basics/coverage_counter", line 33, in <module>
[coverage_counter-2]     sys.exit(load_entry_point('swarm-basics==0.0.0', 'console_scripts', 'coverage_counter')())
[coverage_counter-2]   File "/home/ecem/ros2_ws/install/swarm_basics/lib/python3.10/site-packages/swarm_basics/coverage_counter.py", line 421, in main
[coverage_counter-2]     node.shutdown_and_save()
[coverage_counter-2]   File "/home/ecem/ros2_ws/install/swarm_basics/lib/python3.10/site-packages/swarm_basics/coverage_counter.py", line 174, in shutdown_and_save
[coverage_counter-2]     rclpy.shutdown()
[coverage_counter-2]   File "/opt/ros/humble/local/lib/python3.10/dist-packages/rclpy/__init__.py", line 130, in shutdown
[coverage_counter-2]     _shutdown(context=context)
[coverage_counter-2]   File "/opt/ros/humble/local/lib/python3.10/dist-packages/rclpy/utilities.py", line 58, in shutdown
[coverage_counter-2]     return context.shutdown()
[coverage_counter-2]   File "/opt/ros/humble/local/lib/python3.10/dist-packages/rclpy/context.py", line 100, in shutdown
[coverage_counter-2]     raise RuntimeError('Context must be initialized before it can be shutdown')
[coverage_counter-2] RuntimeError: Context must be initialized before it can be shutdown
[bump_counter-3] Traceback (most recent call last):
[bump_counter-3]   File "/home/ecem/ros2_ws/install/swarm_basics/lib/swarm_basics/bump_counter", line 33, in <module>
[bump_counter-3]     sys.exit(load_entry_point('swarm-basics==0.0.0', 'console_scripts', 'bump_counter')())
[bump_counter-3]   File "/home/ecem/ros2_ws/install/swarm_basics/lib/python3.10/site-packages/swarm_basics/bump_counter.py", line 384, in main
[bump_counter-3]     rclpy.shutdown()
[bump_counter-3]   File "/opt/ros/humble/local/lib/python3.10/dist-packages/rclpy/__init__.py", line 130, in shutdown
[bump_counter-3]     _shutdown(context=context)
[bump_counter-3]   File "/opt/ros/humble/local/lib/python3.10/dist-packages/rclpy/utilities.py", line 58, in shutdown
[bump_counter-3]     return context.shutdown()
[bump_counter-3]   File "/opt/ros/humble/local/lib/python3.10/dist-packages/rclpy/context.py", line 102, in shutdown
[bump_counter-3]     self.__context.shutdown()
[bump_counter-3] rclpy._rclpy_pybind11.RCLError: failed to shutdown: rcl_shutdown already called on the given context, at ./src/rcl/init.c:241
[ERROR] [coverage_counter-2]: process has died [pid 24082, exit code 1, cmd '/home/ecem/ros2_ws/install/swarm_basics/lib/swarm_basics/coverage_counter --ros-args -r __node:=coverage_counter --params-file /tmp/launch_params_t1go5d5j --params-file /tmp/launch_params_ce_ef1e0 --params-file /tmp/launch_params_mb_hv5h9 --params-file /tmp/launch_params_n2wetvgh --params-file /tmp/launch_params_e_s5g_0t --params-file /tmp/launch_params_2uo_rjhq'].
[ERROR] [bump_counter-3]: process has died [pid 24084, exit code 1, cmd '/home/ecem/ros2_ws/install/swarm_basics/lib/swarm_basics/bump_counter --ros-args -r __node:=bump_counter --params-file /tmp/launch_params_nkk735js --params-file /tmp/launch_params_3y4e4ljx --params-file /tmp/launch_params_8y5mlem9'].
[ERROR] [robot_supervisor-16]: process has died [pid 24112, exit code -2, cmd '/home/ecem/ros2_ws/install/swarm_basics/lib/swarm_basics/robot_supervisor --ros-args -r __node:=robot_supervisor -r __ns:=/robot_3 --params-file /tmp/launch_params_1zprzkzn --params-file /tmp/launch_params_2rtqe1te --params-file /tmp/launch_params_eet1cdo9 --params-file /tmp/launch_params_lpqunofd'].
[ERROR] [robot_supervisor-19]: process has died [pid 24120, exit code -2, cmd '/home/ecem/ros2_ws/install/swarm_basics/lib/swarm_basics/robot_supervisor --ros-args -r __node:=robot_supervisor -r __ns:=/robot_4 --params-file /tmp/launch_params_20746d82 --params-file /tmp/launch_params_pepd_j4c --params-file /tmp/launch_params_i6o_yfsr --params-file /tmp/launch_params_kzsinnyf'].
[ERROR] [robot_supervisor-10]: process has died [pid 24100, exit code -2, cmd '/home/ecem/ros2_ws/install/swarm_basics/lib/swarm_basics/robot_supervisor --ros-args -r __node:=robot_supervisor -r __ns:=/robot_1 --params-file /tmp/launch_params_hhe7rtx_ --params-file /tmp/launch_params_w6ft0lxb --params-file /tmp/launch_params_v193luju --params-file /tmp/launch_params_gpyz_1mz'].
[ERROR] [robot_supervisor-7]: process has died [pid 24092, exit code -2, cmd '/home/ecem/ros2_ws/install/swarm_basics/lib/swarm_basics/robot_supervisor --ros-args -r __node:=robot_supervisor -r __ns:=/robot_0 --params-file /tmp/launch_params_ks3aaxsp --params-file /tmp/launch_params__dnfaaug --params-file /tmp/launch_params_ndn3h_jw --params-file /tmp/launch_params_4wbhd7qs'].
[ERROR] [robot_supervisor-13]: process has died [pid 24106, exit code -2, cmd '/home/ecem/ros2_ws/install/swarm_basics/lib/swarm_basics/robot_supervisor --ros-args -r __node:=robot_supervisor -r __ns:=/robot_2 --params-file /tmp/launch_params_izb8ukpo --params-file /tmp/launch_params_jm92ii2y --params-file /tmp/launch_params_yvs13x1n --params-file /tmp/launch_params_zmcdal9q'].
