running egg_info
creating ../build/swarm_basics/swarm_basics.egg-info
writing ../build/swarm_basics/swarm_basics.egg-info/PKG-INFO
writing dependency_links to ../build/swarm_basics/swarm_basics.egg-info/dependency_links.txt
writing entry points to ../build/swarm_basics/swarm_basics.egg-info/entry_points.txt
writing requirements to ../build/swarm_basics/swarm_basics.egg-info/requires.txt
writing top-level names to ../build/swarm_basics/swarm_basics.egg-info/top_level.txt
writing manifest file '../build/swarm_basics/swarm_basics.egg-info/SOURCES.txt'
reading manifest file '../build/swarm_basics/swarm_basics.egg-info/SOURCES.txt'
writing manifest file '../build/swarm_basics/swarm_basics.egg-info/SOURCES.txt'
running build
running build_py
creating /home/ecem/ros2_ws/src/Leo_sct/build/swarm_basics/build
creating /home/ecem/ros2_ws/src/Leo_sct/build/swarm_basics/build/lib
creating /home/ecem/ros2_ws/src/Leo_sct/build/swarm_basics/build/lib/swarm_basics
copying swarm_basics/launch_defaults.py -> /home/ecem/ros2_ws/src/Leo_sct/build/swarm_basics/build/lib/swarm_basics
copying swarm_basics/robot_supervisor.py -> /home/ecem/ros2_ws/src/Leo_sct/build/swarm_basics/build/lib/swarm_basics
copying swarm_basics/__init__.py -> /home/ecem/ros2_ws/src/Leo_sct/build/swarm_basics/build/lib/swarm_basics
copying swarm_basics/coverage_counter.py -> /home/ecem/ros2_ws/src/Leo_sct/build/swarm_basics/build/lib/swarm_basics
copying swarm_basics/analyze_run_from_logs.py -> /home/ecem/ros2_ws/src/Leo_sct/build/swarm_basics/build/lib/swarm_basics
copying swarm_basics/bump_counter.py -> /home/ecem/ros2_ws/src/Leo_sct/build/swarm_basics/build/lib/swarm_basics
copying swarm_basics/sct.py -> /home/ecem/ros2_ws/src/Leo_sct/build/swarm_basics/build/lib/swarm_basics
copying swarm_basics/aruco_mover.py -> /home/ecem/ros2_ws/src/Leo_sct/build/swarm_basics/build/lib/swarm_basics
copying swarm_basics/aggregate_runs.py -> /home/ecem/ros2_ws/src/Leo_sct/build/swarm_basics/build/lib/swarm_basics
running install
running install_lib
creating /usr/local/lib/python3.10/dist-packages/swarm_basics
error: could not create '/usr/local/lib/python3.10/dist-packages/swarm_basics': Permission denied
