[0.454s] Invoking command in '/home/ecem/ros2_ws/src/Leo_sct/swarm_basics': AMENT_PREFIX_PATH=/home/ecem/ros2_ws/src/Leo_sct/install/leo_example_follow_aruco_marker:/home/ecem/ros2_ws/src/Leo_sct/install/aruco_opencv:/home/ecem/ros2_ws/src/Leo_sct/install/aruco_opencv_msgs:${AMENT_PREFIX_PATH} CMAKE_PREFIX_PATH=/home/ecem/ros2_ws/src/Leo_sct/install/leo_example_follow_aruco_marker:/home/ecem/ros2_ws/src/Leo_sct/install/aruco_opencv:/home/ecem/ros2_ws/src/Leo_sct/install/aruco_opencv_msgs:${CMAKE_PREFIX_PATH} LD_LIBRARY_PATH=/home/ecem/ros2_ws/src/Leo_sct/install/aruco_opencv/lib:/home/ecem/ros2_ws/src/Leo_sct/install/aruco_opencv_msgs/lib:${LD_LIBRARY_PATH} PYTHONPATH=/home/ecem/ros2_ws/src/Leo_sct/build/swarm_basics/prefix_override:/usr/lib/python3/dist-packages/colcon_core/task/python/colcon_distutils_commands:/home/ecem/ros2_ws/src/Leo_sct/install/swarm_basics/lib/python3.10/site-packages:/home/ecem/ros2_ws/src/Leo_sct/install/leo_example_follow_aruco_marker/local/lib/python3.10/dist-packages:/home/ecem/ros2_ws/src/Leo_sct/install/aruco_opencv_msgs/local/lib/python3.10/dist-packages:${PYTHONPATH} /usr/bin/python3 -W ignore:setup.py install is deprecated -W ignore:easy_install command is deprecated setup.py egg_info --egg-base ../build/swarm_basics build --build-base /home/ecem/ros2_ws/src/Leo_sct/build/swarm_basics/build install --record /home/ecem/ros2_ws/src/Leo_sct/build/swarm_basics/install.log --single-version-externally-managed install_data
[0.608s] running egg_info
[0.608s] creating ../build/swarm_basics/swarm_basics.egg-info
[0.608s] writing ../build/swarm_basics/swarm_basics.egg-info/PKG-INFO
[0.609s] writing dependency_links to ../build/swarm_basics/swarm_basics.egg-info/dependency_links.txt
[0.609s] writing entry points to ../build/swarm_basics/swarm_basics.egg-info/entry_points.txt
[0.609s] writing requirements to ../build/swarm_basics/swarm_basics.egg-info/requires.txt
[0.609s] writing top-level names to ../build/swarm_basics/swarm_basics.egg-info/top_level.txt
[0.609s] writing manifest file '../build/swarm_basics/swarm_basics.egg-info/SOURCES.txt'
[0.610s] reading manifest file '../build/swarm_basics/swarm_basics.egg-info/SOURCES.txt'
[0.610s] writing manifest file '../build/swarm_basics/swarm_basics.egg-info/SOURCES.txt'
[0.610s] running build
[0.611s] running build_py
[0.611s] creating /home/ecem/ros2_ws/src/Leo_sct/build/swarm_basics/build
[0.611s] creating /home/ecem/ros2_ws/src/Leo_sct/build/swarm_basics/build/lib
[0.611s] creating /home/ecem/ros2_ws/src/Leo_sct/build/swarm_basics/build/lib/swarm_basics
[0.611s] copying swarm_basics/launch_defaults.py -> /home/ecem/ros2_ws/src/Leo_sct/build/swarm_basics/build/lib/swarm_basics
[0.619s] copying swarm_basics/robot_supervisor.py -> /home/ecem/ros2_ws/src/Leo_sct/build/swarm_basics/build/lib/swarm_basics
[0.619s] copying swarm_basics/__init__.py -> /home/ecem/ros2_ws/src/Leo_sct/build/swarm_basics/build/lib/swarm_basics
[0.619s] copying swarm_basics/coverage_counter.py -> /home/ecem/ros2_ws/src/Leo_sct/build/swarm_basics/build/lib/swarm_basics
[0.620s] copying swarm_basics/analyze_run_from_logs.py -> /home/ecem/ros2_ws/src/Leo_sct/build/swarm_basics/build/lib/swarm_basics
[0.620s] copying swarm_basics/bump_counter.py -> /home/ecem/ros2_ws/src/Leo_sct/build/swarm_basics/build/lib/swarm_basics
[0.620s] copying swarm_basics/sct.py -> /home/ecem/ros2_ws/src/Leo_sct/build/swarm_basics/build/lib/swarm_basics
[0.620s] copying swarm_basics/aruco_mover.py -> /home/ecem/ros2_ws/src/Leo_sct/build/swarm_basics/build/lib/swarm_basics
[0.621s] copying swarm_basics/aggregate_runs.py -> /home/ecem/ros2_ws/src/Leo_sct/build/swarm_basics/build/lib/swarm_basics
[0.621s] running install
[0.621s] running install_lib
[0.622s] creating /usr/local/lib/python3.10/dist-packages/swarm_basics
[0.622s] error: could not create '/usr/local/lib/python3.10/dist-packages/swarm_basics': Permission denied
[0.636s] Invoked command in '/home/ecem/ros2_ws/src/Leo_sct/swarm_basics' returned '1': AMENT_PREFIX_PATH=/home/ecem/ros2_ws/src/Leo_sct/install/leo_example_follow_aruco_marker:/home/ecem/ros2_ws/src/Leo_sct/install/aruco_opencv:/home/ecem/ros2_ws/src/Leo_sct/install/aruco_opencv_msgs:${AMENT_PREFIX_PATH} CMAKE_PREFIX_PATH=/home/ecem/ros2_ws/src/Leo_sct/install/leo_example_follow_aruco_marker:/home/ecem/ros2_ws/src/Leo_sct/install/aruco_opencv:/home/ecem/ros2_ws/src/Leo_sct/install/aruco_opencv_msgs:${CMAKE_PREFIX_PATH} LD_LIBRARY_PATH=/home/ecem/ros2_ws/src/Leo_sct/install/aruco_opencv/lib:/home/ecem/ros2_ws/src/Leo_sct/install/aruco_opencv_msgs/lib:${LD_LIBRARY_PATH} PYTHONPATH=/home/ecem/ros2_ws/src/Leo_sct/build/swarm_basics/prefix_override:/usr/lib/python3/dist-packages/colcon_core/task/python/colcon_distutils_commands:/home/ecem/ros2_ws/src/Leo_sct/install/swarm_basics/lib/python3.10/site-packages:/home/ecem/ros2_ws/src/Leo_sct/install/leo_example_follow_aruco_marker/local/lib/python3.10/dist-packages:/home/ecem/ros2_ws/src/Leo_sct/install/aruco_opencv_msgs/local/lib/python3.10/dist-packages:${PYTHONPATH} /usr/bin/python3 -W ignore:setup.py install is deprecated -W ignore:easy_install command is deprecated setup.py egg_info --egg-base ../build/swarm_basics build --build-base /home/ecem/ros2_ws/src/Leo_sct/build/swarm_basics/build install --record /home/ecem/ros2_ws/src/Leo_sct/build/swarm_basics/install.log --single-version-externally-managed install_data
