[INFO] [launch]: All log files can be found below /home/ecem/.ros/log/2026-04-22-08-35-29-492080-ecem-pc-92457
[INFO] [launch]: Default logging verbosity is set to INFO
[INFO] [ign gazebo-1]: process started with pid [92472]
[INFO] [coverage_counter-2]: process started with pid [92474]
[INFO] [bump_counter-3]: process started with pid [92477]
[INFO] [parameter_bridge-4]: process started with pid [92479]
[INFO] [robot_state_publisher-5]: process started with pid [92481]
[INFO] [create-6]: process started with pid [92483]
[INFO] [robot_supervisor-7]: process started with pid [92485]
[INFO] [robot_state_publisher-8]: process started with pid [92488]
[INFO] [create-9]: process started with pid [92490]
[INFO] [robot_supervisor-10]: process started with pid [92493]
[INFO] [robot_state_publisher-11]: process started with pid [92495]
[INFO] [create-12]: process started with pid [92497]
[INFO] [robot_supervisor-13]: process started with pid [92499]
[INFO] [robot_state_publisher-14]: process started with pid [92501]
[INFO] [create-15]: process started with pid [92503]
[INFO] [robot_supervisor-16]: process started with pid [92505]
[INFO] [robot_state_publisher-17]: process started with pid [92507]
[INFO] [create-18]: process started with pid [92518]
[INFO] [robot_supervisor-19]: process started with pid [92520]
[INFO] [parameter_bridge-20]: process started with pid [92522]
[parameter_bridge-4] [ros_ign_bridge] is deprecated! Redirecting to use [ros_gz_bridge] instead!
[parameter_bridge-4] 
[create-6] [INFO] [1776839729.917236924] [robot_0.ros_gz_sim]: Requesting list of world names.
[create-9] [INFO] [1776839729.917385140] [robot_1.ros_gz_sim]: Requesting list of world names.
[create-15] [INFO] [1776839729.917385990] [robot_3.ros_gz_sim]: Requesting list of world names.
[create-12] [INFO] [1776839729.918297981] [robot_2.ros_gz_sim]: Requesting list of world names.
[robot_state_publisher-8] [INFO] [1776839729.935397967] [robot_1.robot_state_publisher]: got segment robot_1/antenna_link
[robot_state_publisher-8] [INFO] [1776839729.935477682] [robot_1.robot_state_publisher]: got segment robot_1/base_footprint
[robot_state_publisher-8] [INFO] [1776839729.935484080] [robot_1.robot_state_publisher]: got segment robot_1/base_link
[robot_state_publisher-8] [INFO] [1776839729.935487444] [robot_1.robot_state_publisher]: got segment robot_1/realsense_link
[robot_state_publisher-8] [INFO] [1776839729.935491150] [robot_1.robot_state_publisher]: got segment robot_1/rocker_L_link
[robot_state_publisher-8] [INFO] [1776839729.935494198] [robot_1.robot_state_publisher]: got segment robot_1/rocker_R_link
[robot_state_publisher-8] [INFO] [1776839729.935497584] [robot_1.robot_state_publisher]: got segment robot_1/wheel_FL_link
[robot_state_publisher-8] [INFO] [1776839729.935500889] [robot_1.robot_state_publisher]: got segment robot_1/wheel_FR_link
[robot_state_publisher-8] [INFO] [1776839729.935503793] [robot_1.robot_state_publisher]: got segment robot_1/wheel_RL_link
[robot_state_publisher-8] [INFO] [1776839729.935507513] [robot_1.robot_state_publisher]: got segment robot_1/wheel_RR_link
[create-18] [INFO] [1776839729.939799214] [robot_4.ros_gz_sim]: Requesting list of world names.
[parameter_bridge-4] [INFO] [1776839729.944138556] [all_robots_bridge]: Creating ROS->GZ Bridge: [/robot_0/cmd_vel (geometry_msgs/msg/Twist) -> /robot_0/cmd_vel (ignition.msgs.Twist)] (Lazy 0)
[robot_state_publisher-5] [INFO] [1776839729.946370191] [robot_0.robot_state_publisher]: got segment robot_0/antenna_link
[robot_state_publisher-5] [INFO] [1776839729.946482992] [robot_0.robot_state_publisher]: got segment robot_0/base_footprint
[robot_state_publisher-5] [INFO] [1776839729.946493044] [robot_0.robot_state_publisher]: got segment robot_0/base_link
[robot_state_publisher-5] [INFO] [1776839729.946499005] [robot_0.robot_state_publisher]: got segment robot_0/realsense_link
[robot_state_publisher-5] [INFO] [1776839729.946503995] [robot_0.robot_state_publisher]: got segment robot_0/rocker_L_link
[robot_state_publisher-5] [INFO] [1776839729.946508931] [robot_0.robot_state_publisher]: got segment robot_0/rocker_R_link
[robot_state_publisher-5] [INFO] [1776839729.946513628] [robot_0.robot_state_publisher]: got segment robot_0/wheel_FL_link
[robot_state_publisher-5] [INFO] [1776839729.946518881] [robot_0.robot_state_publisher]: got segment robot_0/wheel_FR_link
[robot_state_publisher-5] [INFO] [1776839729.946523908] [robot_0.robot_state_publisher]: got segment robot_0/wheel_RL_link
[robot_state_publisher-5] [INFO] [1776839729.946528823] [robot_0.robot_state_publisher]: got segment robot_0/wheel_RR_link
[parameter_bridge-4] [INFO] [1776839729.947494810] [all_robots_bridge]: Creating GZ->ROS Bridge: [/robot_0/odom (ignition.msgs.Odometry) -> /robot_0/odom (nav_msgs/msg/Odometry)] (Lazy 0)
[robot_state_publisher-14] [INFO] [1776839729.948121632] [robot_3.robot_state_publisher]: got segment robot_3/antenna_link
[robot_state_publisher-14] [INFO] [1776839729.948191514] [robot_3.robot_state_publisher]: got segment robot_3/base_footprint
[robot_state_publisher-14] [INFO] [1776839729.948196897] [robot_3.robot_state_publisher]: got segment robot_3/base_link
[robot_state_publisher-14] [INFO] [1776839729.948200049] [robot_3.robot_state_publisher]: got segment robot_3/realsense_link
[robot_state_publisher-14] [INFO] [1776839729.948202872] [robot_3.robot_state_publisher]: got segment robot_3/rocker_L_link
[robot_state_publisher-14] [INFO] [1776839729.948205688] [robot_3.robot_state_publisher]: got segment robot_3/rocker_R_link
[robot_state_publisher-14] [INFO] [1776839729.948208346] [robot_3.robot_state_publisher]: got segment robot_3/wheel_FL_link
[robot_state_publisher-14] [INFO] [1776839729.948211026] [robot_3.robot_state_publisher]: got segment robot_3/wheel_FR_link
[robot_state_publisher-14] [INFO] [1776839729.948213699] [robot_3.robot_state_publisher]: got segment robot_3/wheel_RL_link
[robot_state_publisher-14] [INFO] [1776839729.948216348] [robot_3.robot_state_publisher]: got segment robot_3/wheel_RR_link
[parameter_bridge-4] [INFO] [1776839729.949100296] [all_robots_bridge]: Creating GZ->ROS Bridge: [/robot_0/depth_camera/depth_image (ignition.msgs.Image) -> /robot_0/depth_camera/depth_image (sensor_msgs/msg/Image)] (Lazy 0)
[parameter_bridge-4] [INFO] [1776839729.949852504] [all_robots_bridge]: Creating GZ->ROS Bridge: [/world/random_world/model/robot_0/link/robot_0/base_footprint/sensor/contact_sensor/contact (ignition.msgs.Contacts) -> /world/random_world/model/robot_0/link/robot_0/base_footprint/sensor/contact_sensor/contact (ros_gz_interfaces/msg/Contacts)] (Lazy 0)
[parameter_bridge-4] [INFO] [1776839729.951002832] [all_robots_bridge]: Creating ROS->GZ Bridge: [/robot_1/cmd_vel (geometry_msgs/msg/Twist) -> /robot_1/cmd_vel (ignition.msgs.Twist)] (Lazy 0)
[parameter_bridge-4] [INFO] [1776839729.951643632] [all_robots_bridge]: Creating GZ->ROS Bridge: [/robot_1/odom (ignition.msgs.Odometry) -> /robot_1/odom (nav_msgs/msg/Odometry)] (Lazy 0)
[parameter_bridge-4] [INFO] [1776839729.952294439] [all_robots_bridge]: Creating GZ->ROS Bridge: [/robot_1/depth_camera/depth_image (ignition.msgs.Image) -> /robot_1/depth_camera/depth_image (sensor_msgs/msg/Image)] (Lazy 0)
[parameter_bridge-4] [INFO] [1776839729.953440328] [all_robots_bridge]: Creating GZ->ROS Bridge: [/world/random_world/model/robot_1/link/robot_1/base_footprint/sensor/contact_sensor/contact (ignition.msgs.Contacts) -> /world/random_world/model/robot_1/link/robot_1/base_footprint/sensor/contact_sensor/contact (ros_gz_interfaces/msg/Contacts)] (Lazy 0)
[parameter_bridge-20] [INFO] [1776839729.954499372] [clock_bridge]: Creating GZ->ROS Bridge: [/clock (ignition.msgs.Clock) -> /clock (rosgraph_msgs/msg/Clock)] (Lazy 0)
[parameter_bridge-4] [INFO] [1776839729.954663062] [all_robots_bridge]: Creating ROS->GZ Bridge: [/robot_2/cmd_vel (geometry_msgs/msg/Twist) -> /robot_2/cmd_vel (ignition.msgs.Twist)] (Lazy 0)
[parameter_bridge-4] [INFO] [1776839729.955496652] [all_robots_bridge]: Creating GZ->ROS Bridge: [/robot_2/odom (ignition.msgs.Odometry) -> /robot_2/odom (nav_msgs/msg/Odometry)] (Lazy 0)
[robot_state_publisher-17] [INFO] [1776839729.955499999] [robot_4.robot_state_publisher]: got segment robot_4/antenna_link
[robot_state_publisher-17] [INFO] [1776839729.955563757] [robot_4.robot_state_publisher]: got segment robot_4/base_footprint
[robot_state_publisher-17] [INFO] [1776839729.955584880] [robot_4.robot_state_publisher]: got segment robot_4/base_link
[robot_state_publisher-17] [INFO] [1776839729.955590685] [robot_4.robot_state_publisher]: got segment robot_4/realsense_link
[robot_state_publisher-17] [INFO] [1776839729.955595401] [robot_4.robot_state_publisher]: got segment robot_4/rocker_L_link
[robot_state_publisher-17] [INFO] [1776839729.955599732] [robot_4.robot_state_publisher]: got segment robot_4/rocker_R_link
[robot_state_publisher-17] [INFO] [1776839729.955603761] [robot_4.robot_state_publisher]: got segment robot_4/wheel_FL_link
[robot_state_publisher-17] [INFO] [1776839729.955607930] [robot_4.robot_state_publisher]: got segment robot_4/wheel_FR_link
[robot_state_publisher-17] [INFO] [1776839729.955612257] [robot_4.robot_state_publisher]: got segment robot_4/wheel_RL_link
[robot_state_publisher-17] [INFO] [1776839729.955616380] [robot_4.robot_state_publisher]: got segment robot_4/wheel_RR_link
[parameter_bridge-4] [INFO] [1776839729.955927325] [all_robots_bridge]: Creating GZ->ROS Bridge: [/robot_2/depth_camera/depth_image (ignition.msgs.Image) -> /robot_2/depth_camera/depth_image (sensor_msgs/msg/Image)] (Lazy 0)
[parameter_bridge-4] [INFO] [1776839729.956404756] [all_robots_bridge]: Creating GZ->ROS Bridge: [/world/random_world/model/robot_2/link/robot_2/base_footprint/sensor/contact_sensor/contact (ignition.msgs.Contacts) -> /world/random_world/model/robot_2/link/robot_2/base_footprint/sensor/contact_sensor/contact (ros_gz_interfaces/msg/Contacts)] (Lazy 0)
[parameter_bridge-4] [INFO] [1776839729.956734849] [all_robots_bridge]: Creating ROS->GZ Bridge: [/robot_3/cmd_vel (geometry_msgs/msg/Twist) -> /robot_3/cmd_vel (ignition.msgs.Twist)] (Lazy 0)
[parameter_bridge-4] [INFO] [1776839729.957050897] [all_robots_bridge]: Creating GZ->ROS Bridge: [/robot_3/odom (ignition.msgs.Odometry) -> /robot_3/odom (nav_msgs/msg/Odometry)] (Lazy 0)
[parameter_bridge-4] [INFO] [1776839729.957320120] [all_robots_bridge]: Creating GZ->ROS Bridge: [/robot_3/depth_camera/depth_image (ignition.msgs.Image) -> /robot_3/depth_camera/depth_image (sensor_msgs/msg/Image)] (Lazy 0)
[parameter_bridge-4] [INFO] [1776839729.958033516] [all_robots_bridge]: Creating GZ->ROS Bridge: [/world/random_world/model/robot_3/link/robot_3/base_footprint/sensor/contact_sensor/contact (ignition.msgs.Contacts) -> /world/random_world/model/robot_3/link/robot_3/base_footprint/sensor/contact_sensor/contact (ros_gz_interfaces/msg/Contacts)] (Lazy 0)
[parameter_bridge-4] [INFO] [1776839729.959248151] [all_robots_bridge]: Creating ROS->GZ Bridge: [/robot_4/cmd_vel (geometry_msgs/msg/Twist) -> /robot_4/cmd_vel (ignition.msgs.Twist)] (Lazy 0)
[parameter_bridge-4] [INFO] [1776839729.959875112] [all_robots_bridge]: Creating GZ->ROS Bridge: [/robot_4/odom (ignition.msgs.Odometry) -> /robot_4/odom (nav_msgs/msg/Odometry)] (Lazy 0)
[robot_state_publisher-11] [INFO] [1776839729.960267456] [robot_2.robot_state_publisher]: got segment robot_2/antenna_link
[robot_state_publisher-11] [INFO] [1776839729.960329682] [robot_2.robot_state_publisher]: got segment robot_2/base_footprint
[robot_state_publisher-11] [INFO] [1776839729.960335894] [robot_2.robot_state_publisher]: got segment robot_2/base_link
[robot_state_publisher-11] [INFO] [1776839729.960340241] [robot_2.robot_state_publisher]: got segment robot_2/realsense_link
[robot_state_publisher-11] [INFO] [1776839729.960344690] [robot_2.robot_state_publisher]: got segment robot_2/rocker_L_link
[robot_state_publisher-11] [INFO] [1776839729.960348834] [robot_2.robot_state_publisher]: got segment robot_2/rocker_R_link
[robot_state_publisher-11] [INFO] [1776839729.960353131] [robot_2.robot_state_publisher]: got segment robot_2/wheel_FL_link
[robot_state_publisher-11] [INFO] [1776839729.960357092] [robot_2.robot_state_publisher]: got segment robot_2/wheel_FR_link
[robot_state_publisher-11] [INFO] [1776839729.960361134] [robot_2.robot_state_publisher]: got segment robot_2/wheel_RL_link
[robot_state_publisher-11] [INFO] [1776839729.960365151] [robot_2.robot_state_publisher]: got segment robot_2/wheel_RR_link
[parameter_bridge-4] [INFO] [1776839729.960382203] [all_robots_bridge]: Creating GZ->ROS Bridge: [/robot_4/depth_camera/depth_image (ignition.msgs.Image) -> /robot_4/depth_camera/depth_image (sensor_msgs/msg/Image)] (Lazy 0)
[parameter_bridge-4] [INFO] [1776839729.960842657] [all_robots_bridge]: Creating GZ->ROS Bridge: [/world/random_world/model/robot_4/link/robot_4/base_footprint/sensor/contact_sensor/contact (ignition.msgs.Contacts) -> /world/random_world/model/robot_4/link/robot_4/base_footprint/sensor/contact_sensor/contact (ros_gz_interfaces/msg/Contacts)] (Lazy 0)
[parameter_bridge-4] [INFO] [1776839729.961981161] [all_robots_bridge]: Creating GZ->ROS Bridge: [/world/random_world/dynamic_pose/info (ignition.msgs.Pose_V) -> /world/random_world/dynamic_pose/info (tf2_msgs/msg/TFMessage)] (Lazy 0)
[bump_counter-3] [INFO] [1776839730.086223610] [bump_counter]: [global] global_mode=True cooldown(robot)=0.80s cooldown(obs)=0.50s Logging to /home/ecem/ros2_ws/src/Leo_sct/results_exp/explore/vague/prompt_3/run_7/spread/trial_1/run_20260422_083529/bumps_global_083530.csv
[robot_supervisor-13] [INFO] [1776839730.184354189] [robot_2.robot_supervisor]: Loaded initial mission 'explore' from explicit YAML explore_sup_gpt_vague_3_run_7_183.yaml
[robot_supervisor-16] [INFO] [1776839730.220260130] [robot_3.robot_supervisor]: Loaded initial mission 'explore' from explicit YAML explore_sup_gpt_vague_3_run_7_183.yaml
[robot_supervisor-19] [INFO] [1776839730.242829303] [robot_4.robot_supervisor]: Loaded initial mission 'explore' from explicit YAML explore_sup_gpt_vague_3_run_7_183.yaml
[robot_supervisor-7] [INFO] [1776839730.245400574] [robot_0.robot_supervisor]: Loaded initial mission 'explore' from explicit YAML explore_sup_gpt_vague_3_run_7_183.yaml
[robot_supervisor-10] [INFO] [1776839730.268049694] [robot_1.robot_supervisor]: Loaded initial mission 'explore' from explicit YAML explore_sup_gpt_vague_3_run_7_183.yaml
[create-15] [INFO] [1776839730.281178675] [robot_3.ros_gz_sim]: Waiting messages on topic [/robot_3/robot_description].
[robot_supervisor-13] [INFO] [1776839730.292084866] [robot_2.robot_supervisor]: Selected controllable event: EV_random_walk
[parameter_bridge-4] [INFO] [1776839730.292275081] [all_robots_bridge]: Passing message from ROS geometry_msgs/msg/Twist to Gazebo gz.msgs.Twist (showing msg only once per type)
[robot_supervisor-16] [INFO] [1776839730.328307392] [robot_3.robot_supervisor]: Selected controllable event: EV_random_walk
[robot_supervisor-19] [INFO] [1776839730.347080883] [robot_4.robot_supervisor]: Selected controllable event: EV_random_walk
[robot_supervisor-7] [INFO] [1776839730.349645014] [robot_0.robot_supervisor]: Selected controllable event: EV_random_walk
[robot_supervisor-10] [INFO] [1776839730.372093896] [robot_1.robot_supervisor]: Selected controllable event: EV_random_walk
[create-15] [INFO] [1776839730.380869513] [robot_3.ros_gz_sim]: Requested creation of entity.
[create-15] [INFO] [1776839730.380927085] [robot_3.ros_gz_sim]: OK creation of entity.
[create-9] [INFO] [1776839730.381611408] [robot_1.ros_gz_sim]: Waiting messages on topic [/robot_1/robot_description].
[create-6] [INFO] [1776839730.481684200] [robot_0.ros_gz_sim]: Waiting messages on topic [/robot_0/robot_description].
[INFO] [create-15]: process has finished cleanly [pid 92503]
[create-18] [INFO] [1776839730.582377157] [robot_4.ros_gz_sim]: Waiting messages on topic [/robot_4/robot_description].
[create-9] [INFO] [1776839730.681695722] [robot_1.ros_gz_sim]: Requested creation of entity.
[create-9] [INFO] [1776839730.681755155] [robot_1.ros_gz_sim]: OK creation of entity.
[create-18] [INFO] [1776839730.681738281] [robot_4.ros_gz_sim]: Requested creation of entity.
[create-18] [INFO] [1776839730.681782142] [robot_4.ros_gz_sim]: OK creation of entity.
[create-6] [INFO] [1776839730.681758121] [robot_0.ros_gz_sim]: Requested creation of entity.
[create-6] [INFO] [1776839730.681808812] [robot_0.ros_gz_sim]: OK creation of entity.
[create-12] [INFO] [1776839730.682581504] [robot_2.ros_gz_sim]: Waiting messages on topic [/robot_2/robot_description].
[create-12] [INFO] [1776839730.684705891] [robot_2.ros_gz_sim]: Requested creation of entity.
[create-12] [INFO] [1776839730.684746840] [robot_2.ros_gz_sim]: OK creation of entity.
[INFO] [create-18]: process has finished cleanly [pid 92518]
[INFO] [create-6]: process has finished cleanly [pid 92483]
[INFO] [create-9]: process has finished cleanly [pid 92490]
[INFO] [create-12]: process has finished cleanly [pid 92497]
[bump_counter-3] [INFO] [1776839731.138740337] [bump_counter]: [global] subscribed: /world/random_world/model/robot_0/link/robot_0/base_footprint/sensor/contact_sensor/contact
[bump_counter-3] [INFO] [1776839731.140615887] [bump_counter]: [global] subscribed: /world/random_world/model/robot_1/link/robot_1/base_footprint/sensor/contact_sensor/contact
[bump_counter-3] [INFO] [1776839731.141359578] [bump_counter]: [global] subscribed: /world/random_world/model/robot_2/link/robot_2/base_footprint/sensor/contact_sensor/contact
[bump_counter-3] [INFO] [1776839731.142793231] [bump_counter]: [global] subscribed: /world/random_world/model/robot_3/link/robot_3/base_footprint/sensor/contact_sensor/contact
[bump_counter-3] [INFO] [1776839731.143792775] [bump_counter]: [global] subscribed: /world/random_world/model/robot_4/link/robot_4/base_footprint/sensor/contact_sensor/contact
[INFO] [image_processor-21]: process started with pid [92868]
[INFO] [image_processor-22]: process started with pid [92870]
[INFO] [image_processor-23]: process started with pid [92872]
[INFO] [image_processor-24]: process started with pid [92874]
[INFO] [image_processor-25]: process started with pid [92876]
[image_processor-21] [INFO] [1776839731.943876806] [robot_0.image_processor]: image_processor: depth='/robot_0/depth_camera/depth_image' aruco_runtime=disabled
[image_processor-22] [INFO] [1776839731.948532264] [robot_1.image_processor]: image_processor: depth='/robot_1/depth_camera/depth_image' aruco_runtime=disabled
[image_processor-23] [INFO] [1776839731.949458997] [robot_2.image_processor]: image_processor: depth='/robot_2/depth_camera/depth_image' aruco_runtime=disabled
[image_processor-24] [INFO] [1776839731.952592305] [robot_3.image_processor]: image_processor: depth='/robot_3/depth_camera/depth_image' aruco_runtime=disabled
[image_processor-25] [INFO] [1776839731.968355563] [robot_4.image_processor]: image_processor: depth='/robot_4/depth_camera/depth_image' aruco_runtime=disabled
[image_processor-24] [INFO] [1776839735.304030426] [robot_3.image_processor]: Zone=CLEAR  left[p=1.102 near=0 v=7650]  front[p=1.719 near=0 v=13500]  right[p=2.172 near=0 v=7740]
[image_processor-22] [INFO] [1776839735.312706423] [robot_1.image_processor]: Zone=CLEAR  left[p=1.667 near=0 v=7650]  front[p=3.100 near=0 v=12175]  right[p=2.607 near=0 v=7450]
[image_processor-25] [INFO] [1776839735.329182530] [robot_4.image_processor]: Zone=CLEAR  left[p=3.196 near=0 v=6573]  front[p=2.953 near=0 v=9956]  right[p=2.658 near=0 v=5511]
[image_processor-21] [INFO] [1776839735.336295899] [robot_0.image_processor]: Zone=CLEAR  left[p=0.904 near=0 v=7650]  front[p=1.356 near=0 v=13500]  right[p=1.356 near=0 v=7740]
[image_processor-23] [INFO] [1776839735.354314975] [robot_2.image_processor]: Zone=CLEAR  left[p=2.745 near=0 v=5011]  front[p=1.644 near=0 v=8425]  right[p=1.700 near=0 v=6986]
[image_processor-24] [INFO] [1776839737.802251047] [robot_3.image_processor]: Zone=CLEAR
[image_processor-22] [INFO] [1776839737.811002194] [robot_1.image_processor]: Zone=CLEAR
[image_processor-25] [INFO] [1776839737.825516246] [robot_4.image_processor]: Zone=CLEAR
[image_processor-21] [INFO] [1776839737.832787667] [robot_0.image_processor]: Zone=CLEAR
[image_processor-23] [INFO] [1776839737.847884249] [robot_2.image_processor]: Zone=CLEAR
[image_processor-24] [INFO] [1776839740.303506409] [robot_3.image_processor]: Zone=CLEAR
[image_processor-22] [INFO] [1776839740.310628789] [robot_1.image_processor]: Zone=CLEAR
[image_processor-25] [INFO] [1776839740.326075171] [robot_4.image_processor]: Zone=CLEAR
[image_processor-21] [INFO] [1776839740.332975431] [robot_0.image_processor]: Zone=CLEAR
[image_processor-23] [INFO] [1776839740.347779671] [robot_2.image_processor]: Zone=CLEAR
[image_processor-24] [INFO] [1776839742.802482226] [robot_3.image_processor]: Zone=CLEAR
[image_processor-22] [INFO] [1776839742.809006913] [robot_1.image_processor]: Zone=CLEAR
[image_processor-25] [INFO] [1776839742.825487921] [robot_4.image_processor]: Zone=CLEAR
[image_processor-21] [INFO] [1776839742.834672832] [robot_0.image_processor]: Zone=CLEAR
[image_processor-23] [INFO] [1776839742.852120347] [robot_2.image_processor]: Zone=CLEAR
[image_processor-24] [INFO] [1776839745.301631755] [robot_3.image_processor]: Zone=CLEAR
[image_processor-22] [INFO] [1776839745.310867258] [robot_1.image_processor]: Zone=CLEAR
[image_processor-25] [INFO] [1776839745.325837384] [robot_4.image_processor]: Zone=CLEAR
[image_processor-21] [INFO] [1776839745.334278933] [robot_0.image_processor]: Zone=CLEAR
[image_processor-23] [INFO] [1776839745.349370219] [robot_2.image_processor]: Zone=CLEAR
[image_processor-24] [INFO] [1776839747.803579335] [robot_3.image_processor]: Zone=CLEAR
[image_processor-22] [INFO] [1776839747.811612222] [robot_1.image_processor]: Zone=CLEAR
[image_processor-25] [INFO] [1776839747.828011391] [robot_4.image_processor]: Zone=CLEAR
[image_processor-21] [INFO] [1776839747.834304167] [robot_0.image_processor]: Zone=CLEAR
[image_processor-23] [INFO] [1776839748.049091855] [robot_2.image_processor]: Zone=CLEAR
[image_processor-24] [INFO] [1776839750.301251426] [robot_3.image_processor]: Zone=CLEAR
[image_processor-22] [INFO] [1776839750.310256166] [robot_1.image_processor]: Zone=CLEAR
[image_processor-25] [INFO] [1776839750.324641191] [robot_4.image_processor]: Zone=CLEAR
[image_processor-21] [INFO] [1776839750.332426296] [robot_0.image_processor]: Zone=CLEAR
[image_processor-23] [INFO] [1776839750.346594104] [robot_2.image_processor]: Zone=CLEAR
[image_processor-24] [INFO] [1776839752.802345673] [robot_3.image_processor]: Zone=CLEAR
[image_processor-22] [INFO] [1776839752.809970284] [robot_1.image_processor]: Zone=CLEAR
[image_processor-25] [INFO] [1776839752.824040796] [robot_4.image_processor]: Zone=CLEAR
[image_processor-21] [INFO] [1776839752.830982501] [robot_0.image_processor]: Zone=CLEAR
[image_processor-23] [INFO] [1776839752.848205009] [robot_2.image_processor]: Zone=CLEAR
[image_processor-24] [INFO] [1776839755.302537402] [robot_3.image_processor]: Zone=CLEAR
[image_processor-22] [INFO] [1776839755.311898164] [robot_1.image_processor]: Zone=CLEAR
[image_processor-25] [INFO] [1776839755.325587072] [robot_4.image_processor]: Zone=CLEAR
[image_processor-21] [INFO] [1776839755.333221461] [robot_0.image_processor]: Zone=CLEAR
[image_processor-23] [INFO] [1776839755.347668147] [robot_2.image_processor]: Zone=CLEAR
[image_processor-24] [INFO] [1776839757.800730300] [robot_3.image_processor]: Zone=CLEAR
[image_processor-22] [INFO] [1776839757.810431948] [robot_1.image_processor]: Zone=CLEAR
[image_processor-25] [INFO] [1776839757.825473480] [robot_4.image_processor]: Zone=CLEAR
[image_processor-21] [INFO] [1776839757.834822578] [robot_0.image_processor]: Zone=CLEAR
[image_processor-23] [INFO] [1776839757.853482297] [robot_2.image_processor]: Zone=CLEAR
[image_processor-24] [INFO] [1776839760.306622541] [robot_3.image_processor]: Zone=CLEAR
[image_processor-22] [INFO] [1776839760.316171066] [robot_1.image_processor]: Zone=CLEAR
[image_processor-25] [INFO] [1776839760.331615682] [robot_4.image_processor]: Zone=CLEAR
[image_processor-21] [INFO] [1776839760.339613495] [robot_0.image_processor]: Zone=CLEAR
[image_processor-23] [INFO] [1776839760.353573345] [robot_2.image_processor]: Zone=CLEAR
[image_processor-24] [INFO] [1776839762.801423629] [robot_3.image_processor]: Zone=CLEAR
[image_processor-22] [INFO] [1776839762.810013585] [robot_1.image_processor]: Zone=CLEAR
[image_processor-25] [INFO] [1776839762.825598510] [robot_4.image_processor]: Zone=CLEAR
[image_processor-21] [INFO] [1776839762.833414900] [robot_0.image_processor]: Zone=CLEAR
[image_processor-23] [INFO] [1776839762.848125717] [robot_2.image_processor]: Zone=CLEAR
[image_processor-24] [INFO] [1776839765.301722482] [robot_3.image_processor]: Zone=CLEAR
[image_processor-22] [INFO] [1776839765.310086653] [robot_1.image_processor]: Zone=CLEAR
[image_processor-25] [INFO] [1776839765.325159403] [robot_4.image_processor]: Zone=CLEAR
[image_processor-21] [INFO] [1776839765.333255006] [robot_0.image_processor]: Zone=CLEAR
[image_processor-23] [INFO] [1776839765.347390134] [robot_2.image_processor]: Zone=CLEAR
[image_processor-24] [INFO] [1776839767.801815675] [robot_3.image_processor]: Zone=CLEAR
[image_processor-22] [INFO] [1776839767.811540857] [robot_1.image_processor]: Zone=CLEAR
[image_processor-25] [INFO] [1776839767.825525802] [robot_4.image_processor]: Zone=CLEAR
[image_processor-21] [INFO] [1776839767.833319826] [robot_0.image_processor]: Zone=CLEAR
[image_processor-23] [INFO] [1776839767.846731268] [robot_2.image_processor]: Zone=CLEAR
[image_processor-24] [INFO] [1776839770.301647336] [robot_3.image_processor]: Zone=CLEAR
[image_processor-22] [INFO] [1776839770.308791994] [robot_1.image_processor]: Zone=CLEAR
[image_processor-25] [INFO] [1776839770.323181567] [robot_4.image_processor]: Zone=CLEAR
[image_processor-21] [INFO] [1776839770.330203195] [robot_0.image_processor]: Zone=CLEAR
[image_processor-23] [INFO] [1776839770.346779328] [robot_2.image_processor]: Zone=CLEAR
[image_processor-24] [INFO] [1776839772.804132070] [robot_3.image_processor]: Zone=CLEAR
[image_processor-22] [INFO] [1776839772.812264890] [robot_1.image_processor]: Zone=CLEAR
[image_processor-25] [INFO] [1776839772.827344916] [robot_4.image_processor]: Zone=CLEAR
[image_processor-21] [INFO] [1776839772.834416561] [robot_0.image_processor]: Zone=CLEAR
[image_processor-23] [INFO] [1776839772.950760523] [robot_2.image_processor]: Zone=CLEAR
[image_processor-24] [INFO] [1776839775.302678827] [robot_3.image_processor]: Zone=CLEAR
[image_processor-22] [INFO] [1776839775.311005603] [robot_1.image_processor]: Zone=CLEAR
[image_processor-25] [INFO] [1776839775.328769297] [robot_4.image_processor]: Zone=CLEAR
[image_processor-21] [INFO] [1776839775.335675783] [robot_0.image_processor]: Zone=CLEAR
[image_processor-23] [INFO] [1776839775.351616899] [robot_2.image_processor]: Zone=CLEAR
[image_processor-24] [INFO] [1776839777.801498782] [robot_3.image_processor]: Zone=CLEAR
[image_processor-22] [INFO] [1776839777.810225165] [robot_1.image_processor]: Zone=CLEAR
[image_processor-25] [INFO] [1776839777.825442409] [robot_4.image_processor]: Zone=CLEAR
[image_processor-21] [INFO] [1776839777.836613886] [robot_0.image_processor]: Zone=CLEAR
[image_processor-23] [INFO] [1776839777.849881427] [robot_2.image_processor]: Zone=CLEAR
[image_processor-24] [INFO] [1776839780.302371918] [robot_3.image_processor]: Zone=CLEAR
[image_processor-22] [INFO] [1776839780.310287957] [robot_1.image_processor]: Zone=CLEAR
[image_processor-25] [INFO] [1776839780.325941283] [robot_4.image_processor]: Zone=CLEAR
[image_processor-21] [INFO] [1776839780.333470544] [robot_0.image_processor]: Zone=CLEAR
[image_processor-23] [INFO] [1776839780.351164921] [robot_2.image_processor]: Zone=CLEAR
[image_processor-24] [INFO] [1776839782.802788387] [robot_3.image_processor]: Zone=CLEAR
[image_processor-22] [INFO] [1776839782.811702117] [robot_1.image_processor]: Zone=CLEAR
[image_processor-25] [INFO] [1776839782.826054122] [robot_4.image_processor]: Zone=CLEAR
[image_processor-21] [INFO] [1776839782.835027261] [robot_0.image_processor]: Zone=CLEAR
[image_processor-23] [INFO] [1776839782.849520696] [robot_2.image_processor]: Zone=CLEAR
[image_processor-24] [INFO] [1776839785.304523700] [robot_3.image_processor]: Zone=CLEAR
[image_processor-22] [INFO] [1776839785.313951120] [robot_1.image_processor]: Zone=CLEAR
[image_processor-25] [INFO] [1776839785.327774365] [robot_4.image_processor]: Zone=CLEAR
[image_processor-21] [INFO] [1776839785.336832354] [robot_0.image_processor]: Zone=CLEAR
[image_processor-23] [INFO] [1776839785.351051512] [robot_2.image_processor]: Zone=CLEAR
[image_processor-24] [INFO] [1776839787.803475451] [robot_3.image_processor]: Zone=CLEAR
[image_processor-22] [INFO] [1776839787.813269771] [robot_1.image_processor]: Zone=CLEAR
[image_processor-25] [INFO] [1776839787.827140041] [robot_4.image_processor]: Zone=CLEAR
[image_processor-21] [INFO] [1776839787.835395759] [robot_0.image_processor]: Zone=CLEAR
[image_processor-23] [INFO] [1776839787.849194641] [robot_2.image_processor]: Zone=CLEAR
[image_processor-24] [INFO] [1776839790.303023419] [robot_3.image_processor]: Zone=CLEAR
[image_processor-22] [INFO] [1776839790.310833516] [robot_1.image_processor]: Zone=CLEAR
[image_processor-25] [INFO] [1776839790.325514699] [robot_4.image_processor]: Zone=CLEAR
[image_processor-21] [INFO] [1776839790.332776485] [robot_0.image_processor]: Zone=CLEAR
[image_processor-23] [INFO] [1776839790.348182429] [robot_2.image_processor]: Zone=CLEAR
[image_processor-24] [INFO] [1776839792.804777980] [robot_3.image_processor]: Zone=CLEAR
[image_processor-22] [INFO] [1776839792.815392177] [robot_1.image_processor]: Zone=CLEAR
[image_processor-25] [INFO] [1776839792.829680779] [robot_4.image_processor]: Zone=CLEAR
[image_processor-21] [INFO] [1776839792.839031074] [robot_0.image_processor]: Zone=CLEAR
[image_processor-23] [INFO] [1776839792.853962426] [robot_2.image_processor]: Zone=CLEAR
[image_processor-24] [INFO] [1776839795.301981144] [robot_3.image_processor]: Zone=CLEAR
[image_processor-22] [INFO] [1776839795.310525720] [robot_1.image_processor]: Zone=CLEAR
[image_processor-25] [INFO] [1776839795.325141217] [robot_4.image_processor]: Zone=CLEAR
[image_processor-21] [INFO] [1776839795.333884961] [robot_0.image_processor]: Zone=CLEAR
[image_processor-23] [INFO] [1776839795.350429318] [robot_2.image_processor]: Zone=CLEAR
[image_processor-24] [INFO] [1776839797.800961939] [robot_3.image_processor]: Zone=CLEAR
[image_processor-22] [INFO] [1776839797.810988223] [robot_1.image_processor]: Zone=CLEAR
[image_processor-25] [INFO] [1776839797.826627327] [robot_4.image_processor]: Zone=CLEAR
[image_processor-21] [INFO] [1776839797.833910302] [robot_0.image_processor]: Zone=CLEAR
[image_processor-23] [INFO] [1776839797.847575370] [robot_2.image_processor]: Zone=CLEAR
[image_processor-24] [INFO] [1776839800.302117162] [robot_3.image_processor]: Zone=CLEAR
[image_processor-22] [INFO] [1776839800.310206763] [robot_1.image_processor]: Zone=CLEAR
[image_processor-25] [INFO] [1776839800.326689564] [robot_4.image_processor]: Zone=CLEAR
[image_processor-21] [INFO] [1776839800.335430693] [robot_0.image_processor]: Zone=CLEAR
[image_processor-23] [INFO] [1776839800.349549070] [robot_2.image_processor]: Zone=CLEAR
[image_processor-24] [INFO] [1776839802.802475138] [robot_3.image_processor]: Zone=CLEAR
[image_processor-22] [INFO] [1776839802.810384506] [robot_1.image_processor]: Zone=CLEAR
[image_processor-25] [INFO] [1776839802.824996523] [robot_4.image_processor]: Zone=CLEAR
[image_processor-21] [INFO] [1776839802.832784995] [robot_0.image_processor]: Zone=CLEAR
[image_processor-23] [INFO] [1776839802.948231500] [robot_2.image_processor]: Zone=CLEAR
[image_processor-24] [INFO] [1776839805.309144113] [robot_3.image_processor]: Zone=CLEAR
[image_processor-22] [INFO] [1776839805.321518882] [robot_1.image_processor]: Zone=CLEAR
[image_processor-25] [INFO] [1776839805.335384509] [robot_4.image_processor]: Zone=CLEAR
[image_processor-21] [INFO] [1776839805.343230823] [robot_0.image_processor]: Zone=CLEAR
[image_processor-23] [INFO] [1776839805.356806515] [robot_2.image_processor]: Zone=CLEAR
[image_processor-24] [INFO] [1776839807.804185086] [robot_3.image_processor]: Zone=CLEAR
[image_processor-22] [INFO] [1776839807.813593836] [robot_1.image_processor]: Zone=CLEAR
[image_processor-25] [INFO] [1776839807.828711970] [robot_4.image_processor]: Zone=CLEAR
[image_processor-21] [INFO] [1776839807.837400772] [robot_0.image_processor]: Zone=CLEAR
[image_processor-23] [INFO] [1776839807.852442246] [robot_2.image_processor]: Zone=CLEAR
[image_processor-24] [INFO] [1776839810.302353086] [robot_3.image_processor]: Zone=CLEAR
[image_processor-22] [INFO] [1776839810.310677359] [robot_1.image_processor]: Zone=CLEAR
[image_processor-25] [INFO] [1776839810.330797452] [robot_4.image_processor]: Zone=CLEAR
[image_processor-21] [INFO] [1776839810.339227232] [robot_0.image_processor]: Zone=CLEAR
[image_processor-23] [INFO] [1776839810.352517846] [robot_2.image_processor]: Zone=CLEAR
[image_processor-24] [INFO] [1776839812.803976257] [robot_3.image_processor]: Zone=CLEAR
[image_processor-22] [INFO] [1776839812.811404517] [robot_1.image_processor]: Zone=CLEAR
[image_processor-25] [INFO] [1776839812.826703661] [robot_4.image_processor]: Zone=CLEAR
[image_processor-21] [INFO] [1776839812.834354184] [robot_0.image_processor]: Zone=CLEAR
[image_processor-23] [INFO] [1776839812.849572690] [robot_2.image_processor]: Zone=CLEAR
[image_processor-24] [INFO] [1776839815.300070067] [robot_3.image_processor]: Zone=CLEAR
[image_processor-22] [INFO] [1776839815.308187559] [robot_1.image_processor]: Zone=CLEAR
[image_processor-25] [INFO] [1776839815.323026822] [robot_4.image_processor]: Zone=CLEAR
[image_processor-21] [INFO] [1776839815.332085276] [robot_0.image_processor]: Zone=CLEAR
[image_processor-23] [INFO] [1776839815.346576293] [robot_2.image_processor]: Zone=CLEAR
[image_processor-24] [INFO] [1776839817.806029886] [robot_3.image_processor]: Zone=CLEAR
[image_processor-22] [INFO] [1776839817.814112842] [robot_1.image_processor]: Zone=CLEAR
[image_processor-25] [INFO] [1776839817.828125390] [robot_4.image_processor]: Zone=CLEAR
[image_processor-21] [INFO] [1776839817.836692661] [robot_0.image_processor]: Zone=CLEAR
[image_processor-23] [INFO] [1776839817.851424173] [robot_2.image_processor]: Zone=CLEAR
[image_processor-24] [INFO] [1776839820.304158203] [robot_3.image_processor]: Zone=CLEAR
[image_processor-22] [INFO] [1776839820.312048275] [robot_1.image_processor]: Zone=CLEAR
[image_processor-25] [INFO] [1776839820.325991294] [robot_4.image_processor]: Zone=CLEAR
[image_processor-21] [INFO] [1776839820.334341100] [robot_0.image_processor]: Zone=CLEAR
[image_processor-23] [INFO] [1776839820.350013176] [robot_2.image_processor]: Zone=CLEAR
[image_processor-22] [INFO] [1776839822.812633153] [robot_1.image_processor]: Zone=CLEAR
[image_processor-25] [INFO] [1776839822.827563333] [robot_4.image_processor]: Zone=CLEAR
[image_processor-21] [INFO] [1776839822.835071944] [robot_0.image_processor]: Zone=CLEAR
[image_processor-23] [INFO] [1776839822.850581442] [robot_2.image_processor]: Zone=CLEAR
[image_processor-24] [INFO] [1776839822.904735567] [robot_3.image_processor]: Zone=CLEAR
[image_processor-24] [INFO] [1776839825.302943989] [robot_3.image_processor]: Zone=CLEAR
[image_processor-22] [INFO] [1776839825.316910521] [robot_1.image_processor]: Zone=CLEAR
[image_processor-25] [INFO] [1776839825.330778540] [robot_4.image_processor]: Zone=CLEAR
[image_processor-21] [INFO] [1776839825.339248794] [robot_0.image_processor]: Zone=CLEAR
[image_processor-23] [INFO] [1776839825.354302391] [robot_2.image_processor]: Zone=CLEAR
[image_processor-24] [INFO] [1776839827.802761100] [robot_3.image_processor]: Zone=CLEAR
[image_processor-22] [INFO] [1776839827.811495094] [robot_1.image_processor]: Zone=CLEAR
[image_processor-25] [INFO] [1776839827.826378378] [robot_4.image_processor]: Zone=CLEAR
[image_processor-21] [INFO] [1776839827.837360231] [robot_0.image_processor]: Zone=CLEAR
[image_processor-23] [INFO] [1776839827.852065472] [robot_2.image_processor]: Zone=CLEAR
[image_processor-24] [INFO] [1776839830.301818611] [robot_3.image_processor]: Zone=CLEAR
[image_processor-22] [INFO] [1776839830.310168339] [robot_1.image_processor]: Zone=CLEAR
[image_processor-25] [INFO] [1776839830.327551815] [robot_4.image_processor]: Zone=CLEAR
[image_processor-21] [INFO] [1776839830.336501694] [robot_0.image_processor]: Zone=CLEAR
[image_processor-23] [INFO] [1776839830.354307205] [robot_2.image_processor]: Zone=CLEAR
[image_processor-24] [INFO] [1776839832.801431021] [robot_3.image_processor]: Zone=CLEAR
[image_processor-22] [INFO] [1776839832.810227594] [robot_1.image_processor]: Zone=CLEAR
[image_processor-25] [INFO] [1776839832.825488664] [robot_4.image_processor]: Zone=CLEAR
[image_processor-21] [INFO] [1776839832.834243120] [robot_0.image_processor]: Zone=CLEAR
[image_processor-23] [INFO] [1776839832.848356455] [robot_2.image_processor]: Zone=CLEAR
[image_processor-24] [INFO] [1776839835.301222932] [robot_3.image_processor]: Zone=CLEAR
[image_processor-22] [INFO] [1776839835.309959814] [robot_1.image_processor]: Zone=CLEAR
[image_processor-25] [INFO] [1776839835.324277730] [robot_4.image_processor]: Zone=CLEAR
[image_processor-21] [INFO] [1776839835.332009437] [robot_0.image_processor]: Zone=CLEAR
[image_processor-23] [INFO] [1776839835.346485524] [robot_2.image_processor]: Zone=CLEAR
[image_processor-24] [INFO] [1776839837.801844846] [robot_3.image_processor]: Zone=CLEAR
[image_processor-22] [INFO] [1776839837.810835924] [robot_1.image_processor]: Zone=CLEAR
[image_processor-25] [INFO] [1776839837.827047206] [robot_4.image_processor]: Zone=CLEAR
[image_processor-21] [INFO] [1776839837.833617828] [robot_0.image_processor]: Zone=CLEAR
[image_processor-23] [INFO] [1776839837.848113452] [robot_2.image_processor]: Zone=CLEAR
[image_processor-24] [INFO] [1776839840.301008174] [robot_3.image_processor]: Zone=CLEAR
[image_processor-22] [INFO] [1776839840.310245183] [robot_1.image_processor]: Zone=CLEAR
[image_processor-25] [INFO] [1776839840.324717488] [robot_4.image_processor]: Zone=CLEAR
[image_processor-21] [INFO] [1776839840.332781078] [robot_0.image_processor]: Zone=CLEAR
[image_processor-23] [INFO] [1776839840.347426837] [robot_2.image_processor]: Zone=CLEAR
[image_processor-24] [INFO] [1776839842.802324803] [robot_3.image_processor]: Zone=CLEAR
[image_processor-22] [INFO] [1776839842.810186883] [robot_1.image_processor]: Zone=CLEAR
[image_processor-25] [INFO] [1776839842.824982367] [robot_4.image_processor]: Zone=CLEAR
[image_processor-21] [INFO] [1776839842.833041785] [robot_0.image_processor]: Zone=CLEAR
[image_processor-23] [INFO] [1776839842.948246947] [robot_2.image_processor]: Zone=CLEAR
[image_processor-24] [INFO] [1776839845.304140446] [robot_3.image_processor]: Zone=CLEAR
[image_processor-22] [INFO] [1776839845.312457466] [robot_1.image_processor]: Zone=CLEAR
[image_processor-25] [INFO] [1776839845.328461665] [robot_4.image_processor]: Zone=CLEAR
[image_processor-21] [INFO] [1776839845.335591377] [robot_0.image_processor]: Zone=CLEAR
[image_processor-23] [INFO] [1776839845.350216111] [robot_2.image_processor]: Zone=CLEAR
[image_processor-24] [INFO] [1776839847.803486884] [robot_3.image_processor]: Zone=CLEAR
[image_processor-22] [INFO] [1776839847.812565785] [robot_1.image_processor]: Zone=CLEAR
[image_processor-25] [INFO] [1776839847.827007813] [robot_4.image_processor]: Zone=CLEAR
[image_processor-21] [INFO] [1776839847.835563371] [robot_0.image_processor]: Zone=CLEAR
[image_processor-23] [INFO] [1776839847.850530905] [robot_2.image_processor]: Zone=CLEAR
[image_processor-24] [INFO] [1776839850.302974467] [robot_3.image_processor]: Zone=CLEAR
[image_processor-22] [INFO] [1776839850.310231678] [robot_1.image_processor]: Zone=CLEAR
[image_processor-25] [INFO] [1776839850.326528545] [robot_4.image_processor]: Zone=CLEAR
[image_processor-21] [INFO] [1776839850.333977988] [robot_0.image_processor]: Zone=CLEAR
[image_processor-23] [INFO] [1776839850.349613366] [robot_2.image_processor]: Zone=CLEAR
[image_processor-24] [INFO] [1776839852.803712007] [robot_3.image_processor]: Zone=CLEAR
[image_processor-22] [INFO] [1776839852.810629142] [robot_1.image_processor]: Zone=CLEAR
[image_processor-25] [INFO] [1776839852.825418626] [robot_4.image_processor]: Zone=CLEAR
[image_processor-21] [INFO] [1776839852.833383765] [robot_0.image_processor]: Zone=CLEAR
[image_processor-23] [INFO] [1776839852.848055781] [robot_2.image_processor]: Zone=CLEAR
[image_processor-24] [INFO] [1776839855.301722782] [robot_3.image_processor]: Zone=CLEAR
[image_processor-22] [INFO] [1776839855.309785521] [robot_1.image_processor]: Zone=CLEAR
[image_processor-25] [INFO] [1776839855.325757596] [robot_4.image_processor]: Zone=CLEAR
[image_processor-21] [INFO] [1776839855.333856294] [robot_0.image_processor]: Zone=CLEAR
[image_processor-23] [INFO] [1776839855.346907786] [robot_2.image_processor]: Zone=CLEAR
[image_processor-24] [INFO] [1776839857.800822680] [robot_3.image_processor]: Zone=CLEAR
[image_processor-22] [INFO] [1776839857.809681070] [robot_1.image_processor]: Zone=CLEAR
[image_processor-25] [INFO] [1776839857.824063837] [robot_4.image_processor]: Zone=CLEAR
[image_processor-21] [INFO] [1776839857.832498396] [robot_0.image_processor]: Zone=CLEAR
[image_processor-23] [INFO] [1776839857.847501790] [robot_2.image_processor]: Zone=CLEAR
[image_processor-24] [INFO] [1776839860.303833934] [robot_3.image_processor]: Zone=CLEAR
[image_processor-22] [INFO] [1776839860.311974772] [robot_1.image_processor]: Zone=CLEAR
[image_processor-25] [INFO] [1776839860.327281019] [robot_4.image_processor]: Zone=CLEAR
[image_processor-21] [INFO] [1776839860.334808873] [robot_0.image_processor]: Zone=CLEAR
[image_processor-23] [INFO] [1776839860.350314769] [robot_2.image_processor]: Zone=CLEAR
[image_processor-24] [INFO] [1776839862.802151261] [robot_3.image_processor]: Zone=CLEAR
[image_processor-22] [INFO] [1776839862.809982378] [robot_1.image_processor]: Zone=CLEAR
[image_processor-25] [INFO] [1776839862.828755368] [robot_4.image_processor]: Zone=CLEAR
[image_processor-21] [INFO] [1776839862.837612631] [robot_0.image_processor]: Zone=CLEAR
[image_processor-23] [INFO] [1776839862.850753343] [robot_2.image_processor]: Zone=CLEAR
[image_processor-24] [INFO] [1776839865.303119044] [robot_3.image_processor]: Zone=CLEAR
[image_processor-22] [INFO] [1776839865.310493355] [robot_1.image_processor]: Zone=CLEAR
[image_processor-25] [INFO] [1776839865.324835563] [robot_4.image_processor]: Zone=CLEAR
[image_processor-21] [INFO] [1776839865.335626208] [robot_0.image_processor]: Zone=CLEAR
[image_processor-23] [INFO] [1776839865.349578168] [robot_2.image_processor]: Zone=CLEAR
[image_processor-24] [INFO] [1776839867.804012259] [robot_3.image_processor]: Zone=CLEAR
[image_processor-22] [INFO] [1776839867.811516403] [robot_1.image_processor]: Zone=CLEAR
[image_processor-25] [INFO] [1776839867.825953122] [robot_4.image_processor]: Zone=CLEAR
[image_processor-21] [INFO] [1776839867.839980772] [robot_0.image_processor]: Zone=CLEAR
[image_processor-23] [INFO] [1776839867.863236874] [robot_2.image_processor]: Zone=CLEAR
[image_processor-24] [INFO] [1776839870.304852683] [robot_3.image_processor]: Zone=CLEAR
[image_processor-22] [INFO] [1776839870.312710795] [robot_1.image_processor]: Zone=CLEAR
[image_processor-25] [INFO] [1776839870.328192740] [robot_4.image_processor]: Zone=CLEAR
[image_processor-21] [INFO] [1776839870.336535609] [robot_0.image_processor]: Zone=CLEAR
[image_processor-23] [INFO] [1776839870.350085651] [robot_2.image_processor]: Zone=CLEAR
[image_processor-24] [INFO] [1776839872.802434588] [robot_3.image_processor]: Zone=CLEAR
[image_processor-22] [INFO] [1776839872.811273711] [robot_1.image_processor]: Zone=CLEAR
[image_processor-25] [INFO] [1776839872.825719808] [robot_4.image_processor]: Zone=CLEAR
[image_processor-21] [INFO] [1776839872.834406334] [robot_0.image_processor]: Zone=CLEAR
[image_processor-23] [INFO] [1776839872.848379662] [robot_2.image_processor]: Zone=CLEAR
[image_processor-24] [INFO] [1776839875.301378093] [robot_3.image_processor]: Zone=CLEAR
[image_processor-22] [INFO] [1776839875.312832063] [robot_1.image_processor]: Zone=CLEAR
[image_processor-25] [INFO] [1776839875.329766934] [robot_4.image_processor]: Zone=CLEAR
[image_processor-21] [INFO] [1776839875.338242801] [robot_0.image_processor]: Zone=CLEAR
[image_processor-23] [INFO] [1776839875.352842803] [robot_2.image_processor]: Zone=CLEAR
[image_processor-24] [INFO] [1776839877.804595321] [robot_3.image_processor]: Zone=CLEAR
[image_processor-22] [INFO] [1776839877.813774842] [robot_1.image_processor]: Zone=CLEAR
[image_processor-21] [INFO] [1776839877.836661623] [robot_0.image_processor]: Zone=CLEAR
[image_processor-23] [INFO] [1776839877.850384334] [robot_2.image_processor]: Zone=CLEAR
[image_processor-25] [INFO] [1776839877.927149976] [robot_4.image_processor]: Zone=CLEAR
[image_processor-24] [INFO] [1776839880.303438891] [robot_3.image_processor]: Zone=CLEAR
[image_processor-22] [INFO] [1776839880.311127745] [robot_1.image_processor]: Zone=CLEAR
[image_processor-25] [INFO] [1776839880.325101487] [robot_4.image_processor]: Zone=CLEAR
[image_processor-21] [INFO] [1776839880.334735884] [robot_0.image_processor]: Zone=CLEAR
[image_processor-23] [INFO] [1776839880.348837129] [robot_2.image_processor]: Zone=CLEAR
[image_processor-24] [INFO] [1776839882.801463014] [robot_3.image_processor]: Zone=CLEAR
[image_processor-22] [INFO] [1776839882.810030488] [robot_1.image_processor]: Zone=CLEAR
[image_processor-25] [INFO] [1776839882.824590110] [robot_4.image_processor]: Zone=CLEAR
[image_processor-21] [INFO] [1776839882.836981604] [robot_0.image_processor]: Zone=CLEAR
[image_processor-23] [INFO] [1776839882.850795403] [robot_2.image_processor]: Zone=CLEAR
[image_processor-24] [INFO] [1776839885.302448804] [robot_3.image_processor]: Zone=CLEAR
[image_processor-22] [INFO] [1776839885.311300268] [robot_1.image_processor]: Zone=CLEAR
[image_processor-25] [INFO] [1776839885.326355397] [robot_4.image_processor]: Zone=CLEAR
[image_processor-21] [INFO] [1776839885.337007075] [robot_0.image_processor]: Zone=CLEAR
[image_processor-23] [INFO] [1776839885.350080649] [robot_2.image_processor]: Zone=CLEAR
[image_processor-24] [INFO] [1776839887.802792580] [robot_3.image_processor]: Zone=CLEAR
[image_processor-22] [INFO] [1776839887.811844416] [robot_1.image_processor]: Zone=CLEAR
[image_processor-25] [INFO] [1776839887.826988177] [robot_4.image_processor]: Zone=CLEAR
[image_processor-21] [INFO] [1776839887.835802813] [robot_0.image_processor]: Zone=CLEAR
[image_processor-23] [INFO] [1776839887.853205603] [robot_2.image_processor]: Zone=CLEAR
[image_processor-24] [INFO] [1776839890.302704585] [robot_3.image_processor]: Zone=CLEAR
[image_processor-22] [INFO] [1776839890.311373489] [robot_1.image_processor]: Zone=CLEAR
[image_processor-25] [INFO] [1776839890.326827107] [robot_4.image_processor]: Zone=CLEAR
[image_processor-21] [INFO] [1776839890.333878261] [robot_0.image_processor]: Zone=CLEAR
[image_processor-23] [INFO] [1776839890.348276862] [robot_2.image_processor]: Zone=CLEAR
[image_processor-24] [INFO] [1776839892.803252650] [robot_3.image_processor]: Zone=CLEAR
[image_processor-22] [INFO] [1776839892.809751026] [robot_1.image_processor]: Zone=CLEAR
[image_processor-25] [INFO] [1776839892.825415682] [robot_4.image_processor]: Zone=CLEAR
[image_processor-21] [INFO] [1776839892.833586360] [robot_0.image_processor]: Zone=CLEAR
[image_processor-23] [INFO] [1776839892.848127097] [robot_2.image_processor]: Zone=CLEAR
[image_processor-24] [INFO] [1776839895.302538533] [robot_3.image_processor]: Zone=CLEAR
[image_processor-22] [INFO] [1776839895.309906352] [robot_1.image_processor]: Zone=CLEAR
[image_processor-25] [INFO] [1776839895.324831549] [robot_4.image_processor]: Zone=CLEAR
[image_processor-21] [INFO] [1776839895.333284495] [robot_0.image_processor]: Zone=CLEAR
[image_processor-23] [INFO] [1776839895.346816316] [robot_2.image_processor]: Zone=CLEAR
[image_processor-24] [INFO] [1776839897.802152472] [robot_3.image_processor]: Zone=CLEAR
[image_processor-22] [INFO] [1776839897.810559645] [robot_1.image_processor]: Zone=CLEAR
[image_processor-25] [INFO] [1776839897.825462528] [robot_4.image_processor]: Zone=CLEAR
[image_processor-21] [INFO] [1776839897.832771893] [robot_0.image_processor]: Zone=CLEAR
[image_processor-23] [INFO] [1776839897.847046297] [robot_2.image_processor]: Zone=CLEAR
[image_processor-24] [INFO] [1776839900.301689130] [robot_3.image_processor]: Zone=CLEAR
[image_processor-22] [INFO] [1776839900.309719616] [robot_1.image_processor]: Zone=CLEAR
[image_processor-25] [INFO] [1776839900.328665466] [robot_4.image_processor]: Zone=CLEAR
[image_processor-21] [INFO] [1776839900.336045603] [robot_0.image_processor]: Zone=CLEAR
[image_processor-23] [INFO] [1776839900.453158318] [robot_2.image_processor]: Zone=CLEAR
[image_processor-24] [INFO] [1776839902.802419354] [robot_3.image_processor]: Zone=CLEAR
[image_processor-22] [INFO] [1776839902.809828974] [robot_1.image_processor]: Zone=CLEAR
[image_processor-25] [INFO] [1776839902.828728107] [robot_4.image_processor]: Zone=CLEAR
[image_processor-21] [INFO] [1776839902.836854767] [robot_0.image_processor]: Zone=CLEAR
[image_processor-23] [INFO] [1776839902.850861642] [robot_2.image_processor]: Zone=CLEAR
[image_processor-24] [INFO] [1776839905.303825993] [robot_3.image_processor]: Zone=CLEAR
[image_processor-22] [INFO] [1776839905.311356199] [robot_1.image_processor]: Zone=CLEAR
[image_processor-25] [INFO] [1776839905.327009332] [robot_4.image_processor]: Zone=CLEAR
[image_processor-21] [INFO] [1776839905.334719575] [robot_0.image_processor]: Zone=CLEAR
[image_processor-23] [INFO] [1776839905.348433346] [robot_2.image_processor]: Zone=CLEAR
[image_processor-24] [INFO] [1776839907.802744632] [robot_3.image_processor]: Zone=CLEAR
[image_processor-22] [INFO] [1776839907.809909876] [robot_1.image_processor]: Zone=CLEAR
[image_processor-25] [INFO] [1776839907.827606131] [robot_4.image_processor]: Zone=CLEAR
[image_processor-21] [INFO] [1776839907.835269945] [robot_0.image_processor]: Zone=CLEAR
[image_processor-23] [INFO] [1776839907.848582206] [robot_2.image_processor]: Zone=CLEAR
[image_processor-25] [INFO] [1776839910.328884467] [robot_4.image_processor]: Zone=CLEAR
[image_processor-21] [INFO] [1776839910.337231173] [robot_0.image_processor]: Zone=CLEAR
[image_processor-23] [INFO] [1776839910.350857702] [robot_2.image_processor]: Zone=CLEAR
[image_processor-24] [INFO] [1776839910.402732024] [robot_3.image_processor]: Zone=CLEAR
[image_processor-22] [INFO] [1776839910.414082832] [robot_1.image_processor]: Zone=CLEAR
[image_processor-24] [INFO] [1776839912.802309461] [robot_3.image_processor]: Zone=CLEAR
[image_processor-22] [INFO] [1776839912.811073082] [robot_1.image_processor]: Zone=CLEAR
[image_processor-25] [INFO] [1776839912.825883353] [robot_4.image_processor]: Zone=CLEAR
[image_processor-21] [INFO] [1776839912.834797915] [robot_0.image_processor]: Zone=CLEAR
[image_processor-23] [INFO] [1776839912.848245843] [robot_2.image_processor]: Zone=CLEAR
[image_processor-24] [INFO] [1776839915.301458400] [robot_3.image_processor]: Zone=CLEAR
[image_processor-22] [INFO] [1776839915.309020683] [robot_1.image_processor]: Zone=CLEAR
[image_processor-25] [INFO] [1776839915.325122142] [robot_4.image_processor]: Zone=CLEAR
[image_processor-21] [INFO] [1776839915.332476685] [robot_0.image_processor]: Zone=CLEAR
[image_processor-23] [INFO] [1776839915.346421858] [robot_2.image_processor]: Zone=CLEAR
[image_processor-24] [INFO] [1776839917.801608231] [robot_3.image_processor]: Zone=CLEAR
[image_processor-22] [INFO] [1776839917.811271771] [robot_1.image_processor]: Zone=CLEAR
[image_processor-25] [INFO] [1776839917.827718194] [robot_4.image_processor]: Zone=CLEAR
[image_processor-21] [INFO] [1776839917.836334503] [robot_0.image_processor]: Zone=CLEAR
[image_processor-23] [INFO] [1776839917.850305576] [robot_2.image_processor]: Zone=CLEAR
[image_processor-24] [INFO] [1776839920.301428768] [robot_3.image_processor]: Zone=CLEAR
[image_processor-22] [INFO] [1776839920.310858109] [robot_1.image_processor]: Zone=CLEAR
[image_processor-25] [INFO] [1776839920.325296483] [robot_4.image_processor]: Zone=CLEAR
[image_processor-21] [INFO] [1776839920.334038152] [robot_0.image_processor]: Zone=CLEAR
[image_processor-23] [INFO] [1776839920.348649166] [robot_2.image_processor]: Zone=CLEAR
[image_processor-24] [INFO] [1776839922.802005814] [robot_3.image_processor]: Zone=CLEAR
[image_processor-22] [INFO] [1776839922.810350219] [robot_1.image_processor]: Zone=CLEAR
[image_processor-25] [INFO] [1776839922.824539327] [robot_4.image_processor]: Zone=CLEAR
[image_processor-21] [INFO] [1776839922.833288787] [robot_0.image_processor]: Zone=CLEAR
[image_processor-23] [INFO] [1776839922.847385530] [robot_2.image_processor]: Zone=CLEAR
[image_processor-24] [INFO] [1776839925.302390831] [robot_3.image_processor]: Zone=CLEAR
[image_processor-22] [INFO] [1776839925.310458452] [robot_1.image_processor]: Zone=CLEAR
[image_processor-25] [INFO] [1776839925.325692004] [robot_4.image_processor]: Zone=CLEAR
[image_processor-21] [INFO] [1776839925.333745811] [robot_0.image_processor]: Zone=CLEAR
[image_processor-23] [INFO] [1776839925.449565064] [robot_2.image_processor]: Zone=CLEAR
[image_processor-24] [INFO] [1776839927.804415590] [robot_3.image_processor]: Zone=CLEAR
[image_processor-22] [INFO] [1776839927.812350852] [robot_1.image_processor]: Zone=CLEAR
[image_processor-25] [INFO] [1776839927.828699344] [robot_4.image_processor]: Zone=CLEAR
[image_processor-21] [INFO] [1776839927.837437494] [robot_0.image_processor]: Zone=CLEAR
[image_processor-23] [INFO] [1776839927.853616708] [robot_2.image_processor]: Zone=CLEAR
[INFO] [image_processor-25]: sending signal 'SIGINT' to process[image_processor-25]
[ERROR] [ign gazebo-1]: process has died [pid 92472, exit code -15, cmd 'ruby /usr/bin/ign gazebo /home/ecem/ros2_ws/install/swarm_basics/share/swarm_basics/worlds/random_world.sdf -s -r --force-version 6'].
[ERROR] [parameter_bridge-4]: process has died [pid 92479, exit code -15, cmd '/opt/ros/humble/lib/ros_ign_bridge/parameter_bridge /robot_0/cmd_vel@geometry_msgs/msg/Twist]ignition.msgs.Twist /robot_0/odom@nav_msgs/msg/Odometry[ignition.msgs.Odometry /robot_0/depth_camera/depth_image@sensor_msgs/msg/Image[ignition.msgs.Image /world/random_world/model/robot_0/link/robot_0/base_footprint/sensor/contact_sensor/contact@ros_gz_interfaces/msg/Contacts[ignition.msgs.Contacts /robot_1/cmd_vel@geometry_msgs/msg/Twist]ignition.msgs.Twist /robot_1/odom@nav_msgs/msg/Odometry[ignition.msgs.Odometry /robot_1/depth_camera/depth_image@sensor_msgs/msg/Image[ignition.msgs.Image /world/random_world/model/robot_1/link/robot_1/base_footprint/sensor/contact_sensor/contact@ros_gz_interfaces/msg/Contacts[ignition.msgs.Contacts /robot_2/cmd_vel@geometry_msgs/msg/Twist]ignition.msgs.Twist /robot_2/odom@nav_msgs/msg/Odometry[ignition.msgs.Odometry /robot_2/depth_camera/depth_image@sensor_msgs/msg/Image[ignition.msgs.Image /world/random_world/model/robot_2/link/robot_2/base_footprint/sensor/contact_sensor/contact@ros_gz_interfaces/msg/Contacts[ignition.msgs.Contacts /robot_3/cmd_vel@geometry_msgs/msg/Twist]ignition.msgs.Twist /robot_3/odom@nav_msgs/msg/Odometry[ignition.msgs.Odometry /robot_3/depth_camera/depth_image@sensor_msgs/msg/Image[ignition.msgs.Image /world/random_world/model/robot_3/link/robot_3/base_footprint/sensor/contact_sensor/contact@ros_gz_interfaces/msg/Contacts[ignition.msgs.Contacts /robot_4/cmd_vel@geometry_msgs/msg/Twist]ignition.msgs.Twist /robot_4/odom@nav_msgs/msg/Odometry[ignition.msgs.Odometry /robot_4/depth_camera/depth_image@sensor_msgs/msg/Image[ignition.msgs.Image /world/random_world/model/robot_4/link/robot_4/base_footprint/sensor/contact_sensor/contact@ros_gz_interfaces/msg/Contacts[ignition.msgs.Contacts /world/random_world/dynamic_pose/info@tf2_msgs/msg/TFMessage[ignition.msgs.Pose_V --ros-args -r __node:=all_robots_bridge --params-file /tmp/launch_params_x2zvinjn'].
[INFO] [parameter_bridge-20]: process has finished cleanly [pid 92522]
[INFO] [image_processor-24]: sending signal 'SIGINT' to process[image_processor-24]
[INFO] [bash-26]: process started with pid [93054]
[INFO] [image_processor-23]: sending signal 'SIGINT' to process[image_processor-23]
[INFO] [image_processor-22]: sending signal 'SIGINT' to process[image_processor-22]
[INFO] [image_processor-21]: sending signal 'SIGINT' to process[image_processor-21]
[INFO] [robot_supervisor-19]: sending signal 'SIGINT' to process[robot_supervisor-19]
[INFO] [robot_state_publisher-17]: sending signal 'SIGINT' to process[robot_state_publisher-17]
[INFO] [robot_supervisor-16]: sending signal 'SIGINT' to process[robot_supervisor-16]
[INFO] [robot_state_publisher-14]: sending signal 'SIGINT' to process[robot_state_publisher-14]
[INFO] [robot_supervisor-13]: sending signal 'SIGINT' to process[robot_supervisor-13]
[INFO] [robot_state_publisher-11]: sending signal 'SIGINT' to process[robot_state_publisher-11]
[INFO] [robot_supervisor-10]: sending signal 'SIGINT' to process[robot_supervisor-10]
[INFO] [robot_state_publisher-8]: sending signal 'SIGINT' to process[robot_state_publisher-8]
[ERROR] [bash-26]: process has died [pid 93054, exit code -15, cmd 'bash -lc pkill -f parameter_bridge || true'].
[INFO] [robot_supervisor-7]: sending signal 'SIGINT' to process[robot_supervisor-7]
[INFO] [robot_state_publisher-5]: sending signal 'SIGINT' to process[robot_state_publisher-5]
[INFO] [bump_counter-3]: sending signal 'SIGINT' to process[bump_counter-3]
[INFO] [coverage_counter-2]: sending signal 'SIGINT' to process[coverage_counter-2]
[parameter_bridge-4] [INFO] [1776839929.953456366] [rclcpp]: signal_handler(SIGINT/SIGTERM)
[parameter_bridge-20] [INFO] [1776839929.953551680] [rclcpp]: signal_handler(SIGINT/SIGTERM)
[INFO] [launch]: process[ign gazebo-1] was required: shutting down launched system
[image_processor-25] [INFO] [1776839930.640118259] [rclcpp]: signal_handler(SIGINT/SIGTERM)
[image_processor-24] [INFO] [1776839930.642410752] [rclcpp]: signal_handler(SIGINT/SIGTERM)
[image_processor-23] [INFO] [1776839930.644454960] [rclcpp]: signal_handler(SIGINT/SIGTERM)
[image_processor-22] [INFO] [1776839930.647684388] [rclcpp]: signal_handler(SIGINT/SIGTERM)
[image_processor-21] [INFO] [1776839930.650172529] [rclcpp]: signal_handler(SIGINT/SIGTERM)
[robot_supervisor-19] Traceback (most recent call last):
[robot_supervisor-19]   File "/home/ecem/ros2_ws/install/swarm_basics/lib/swarm_basics/robot_supervisor", line 33, in <module>
[robot_supervisor-19]     sys.exit(load_entry_point('swarm-basics==0.0.0', 'console_scripts', 'robot_supervisor')())
[robot_supervisor-19]   File "/home/ecem/ros2_ws/install/swarm_basics/lib/python3.10/site-packages/swarm_basics/robot_supervisor.py", line 867, in main
[robot_supervisor-19]     rclpy.spin(node)
[robot_supervisor-19]   File "/opt/ros/humble/local/lib/python3.10/dist-packages/rclpy/__init__.py", line 229, in spin
[robot_supervisor-19]     executor.spin_once()
[robot_supervisor-19]   File "/opt/ros/humble/local/lib/python3.10/dist-packages/rclpy/executors.py", line 773, in spin_once
[robot_supervisor-19]     self._spin_once_impl(timeout_sec)
[robot_supervisor-19]   File "/opt/ros/humble/local/lib/python3.10/dist-packages/rclpy/executors.py", line 762, in _spin_once_impl
[robot_supervisor-19]     handler, entity, node = self.wait_for_ready_callbacks(timeout_sec=timeout_sec)
[robot_supervisor-19]   File "/opt/ros/humble/local/lib/python3.10/dist-packages/rclpy/executors.py", line 745, in wait_for_ready_callbacks
[robot_supervisor-19]     return next(self._cb_iter)
[robot_supervisor-19]   File "/opt/ros/humble/local/lib/python3.10/dist-packages/rclpy/executors.py", line 642, in _wait_for_ready_callbacks
[robot_supervisor-19]     wait_set.wait(timeout_nsec)
[robot_supervisor-19] KeyboardInterrupt
[robot_state_publisher-17] [INFO] [1776839930.656776044] [rclcpp]: signal_handler(SIGINT/SIGTERM)
[robot_supervisor-16] Traceback (most recent call last):
[robot_supervisor-16]   File "/home/ecem/ros2_ws/install/swarm_basics/lib/swarm_basics/robot_supervisor", line 33, in <module>
[robot_supervisor-16]     sys.exit(load_entry_point('swarm-basics==0.0.0', 'console_scripts', 'robot_supervisor')())
[robot_supervisor-16]   File "/home/ecem/ros2_ws/install/swarm_basics/lib/python3.10/site-packages/swarm_basics/robot_supervisor.py", line 867, in main
[robot_supervisor-16]     rclpy.spin(node)
[robot_supervisor-16]   File "/opt/ros/humble/local/lib/python3.10/dist-packages/rclpy/__init__.py", line 229, in spin
[robot_supervisor-16]     executor.spin_once()
[robot_supervisor-16]   File "/opt/ros/humble/local/lib/python3.10/dist-packages/rclpy/executors.py", line 773, in spin_once
[robot_supervisor-16]     self._spin_once_impl(timeout_sec)
[robot_supervisor-16]   File "/opt/ros/humble/local/lib/python3.10/dist-packages/rclpy/executors.py", line 762, in _spin_once_impl
[robot_supervisor-16]     handler, entity, node = self.wait_for_ready_callbacks(timeout_sec=timeout_sec)
[robot_supervisor-16]   File "/opt/ros/humble/local/lib/python3.10/dist-packages/rclpy/executors.py", line 745, in wait_for_ready_callbacks
[robot_supervisor-16]     return next(self._cb_iter)
[robot_supervisor-16]   File "/opt/ros/humble/local/lib/python3.10/dist-packages/rclpy/executors.py", line 642, in _wait_for_ready_callbacks
[robot_supervisor-16]     wait_set.wait(timeout_nsec)
[robot_supervisor-16] KeyboardInterrupt
[robot_state_publisher-14] [INFO] [1776839930.662529146] [rclcpp]: signal_handler(SIGINT/SIGTERM)
[robot_supervisor-13] Traceback (most recent call last):
[robot_supervisor-13]   File "/home/ecem/ros2_ws/install/swarm_basics/lib/swarm_basics/robot_supervisor", line 33, in <module>
[robot_supervisor-13]     sys.exit(load_entry_point('swarm-basics==0.0.0', 'console_scripts', 'robot_supervisor')())
[robot_supervisor-13]   File "/home/ecem/ros2_ws/install/swarm_basics/lib/python3.10/site-packages/swarm_basics/robot_supervisor.py", line 867, in main
[robot_supervisor-13]     rclpy.spin(node)
[robot_supervisor-13]   File "/opt/ros/humble/local/lib/python3.10/dist-packages/rclpy/__init__.py", line 229, in spin
[robot_supervisor-13]     executor.spin_once()
[robot_supervisor-13]   File "/opt/ros/humble/local/lib/python3.10/dist-packages/rclpy/executors.py", line 773, in spin_once
[robot_supervisor-13]     self._spin_once_impl(timeout_sec)
[robot_supervisor-13]   File "/opt/ros/humble/local/lib/python3.10/dist-packages/rclpy/executors.py", line 762, in _spin_once_impl
[robot_supervisor-13]     handler, entity, node = self.wait_for_ready_callbacks(timeout_sec=timeout_sec)
[robot_supervisor-13]   File "/opt/ros/humble/local/lib/python3.10/dist-packages/rclpy/executors.py", line 745, in wait_for_ready_callbacks
[robot_supervisor-13]     return next(self._cb_iter)
[robot_supervisor-13]   File "/opt/ros/humble/local/lib/python3.10/dist-packages/rclpy/executors.py", line 642, in _wait_for_ready_callbacks
[robot_supervisor-13]     wait_set.wait(timeout_nsec)
[robot_supervisor-13] KeyboardInterrupt
[robot_state_publisher-11] [INFO] [1776839930.667820188] [rclcpp]: signal_handler(SIGINT/SIGTERM)
[robot_supervisor-10] Traceback (most recent call last):
[robot_supervisor-10]   File "/home/ecem/ros2_ws/install/swarm_basics/lib/swarm_basics/robot_supervisor", line 33, in <module>
[robot_supervisor-10]     sys.exit(load_entry_point('swarm-basics==0.0.0', 'console_scripts', 'robot_supervisor')())
[robot_supervisor-10]   File "/home/ecem/ros2_ws/install/swarm_basics/lib/python3.10/site-packages/swarm_basics/robot_supervisor.py", line 867, in main
[robot_supervisor-10]     rclpy.spin(node)
[robot_supervisor-10]   File "/opt/ros/humble/local/lib/python3.10/dist-packages/rclpy/__init__.py", line 229, in spin
[robot_supervisor-10]     executor.spin_once()
[robot_supervisor-10]   File "/opt/ros/humble/local/lib/python3.10/dist-packages/rclpy/executors.py", line 773, in spin_once
[robot_supervisor-10]     self._spin_once_impl(timeout_sec)
[robot_supervisor-10]   File "/opt/ros/humble/local/lib/python3.10/dist-packages/rclpy/executors.py", line 762, in _spin_once_impl
[robot_supervisor-10]     handler, entity, node = self.wait_for_ready_callbacks(timeout_sec=timeout_sec)
[robot_supervisor-10]   File "/opt/ros/humble/local/lib/python3.10/dist-packages/rclpy/executors.py", line 745, in wait_for_ready_callbacks
[robot_supervisor-10]     return next(self._cb_iter)
[robot_supervisor-10]   File "/opt/ros/humble/local/lib/python3.10/dist-packages/rclpy/executors.py", line 642, in _wait_for_ready_callbacks
[robot_supervisor-10]     wait_set.wait(timeout_nsec)
[robot_supervisor-10] KeyboardInterrupt
[robot_state_publisher-8] [INFO] [1776839930.673475316] [rclcpp]: signal_handler(SIGINT/SIGTERM)
[robot_supervisor-7] Traceback (most recent call last):
[robot_supervisor-7]   File "/home/ecem/ros2_ws/install/swarm_basics/lib/swarm_basics/robot_supervisor", line 33, in <module>
[robot_supervisor-7]     sys.exit(load_entry_point('swarm-basics==0.0.0', 'console_scripts', 'robot_supervisor')())
[robot_supervisor-7]   File "/home/ecem/ros2_ws/install/swarm_basics/lib/python3.10/site-packages/swarm_basics/robot_supervisor.py", line 867, in main
[robot_supervisor-7]     rclpy.spin(node)
[robot_supervisor-7]   File "/opt/ros/humble/local/lib/python3.10/dist-packages/rclpy/__init__.py", line 229, in spin
[robot_supervisor-7]     executor.spin_once()
[robot_supervisor-7]   File "/opt/ros/humble/local/lib/python3.10/dist-packages/rclpy/executors.py", line 773, in spin_once
[robot_supervisor-7]     self._spin_once_impl(timeout_sec)
[robot_supervisor-7]   File "/opt/ros/humble/local/lib/python3.10/dist-packages/rclpy/executors.py", line 762, in _spin_once_impl
[robot_supervisor-7]     handler, entity, node = self.wait_for_ready_callbacks(timeout_sec=timeout_sec)
[robot_supervisor-7]   File "/opt/ros/humble/local/lib/python3.10/dist-packages/rclpy/executors.py", line 745, in wait_for_ready_callbacks
[robot_supervisor-7]     return next(self._cb_iter)
[robot_supervisor-7]   File "/opt/ros/humble/local/lib/python3.10/dist-packages/rclpy/executors.py", line 642, in _wait_for_ready_callbacks
[robot_supervisor-7]     wait_set.wait(timeout_nsec)
[robot_supervisor-7] KeyboardInterrupt
[robot_state_publisher-5] [INFO] [1776839930.678566308] [rclcpp]: signal_handler(SIGINT/SIGTERM)
[ERROR] [launch]: Caught exception in launch (see debug for traceback): ExecuteLocal action 'bash-27': executed more than once: <launch.actions.execute_process.ExecuteProcess object at 0x7f87eeec4850>
[INFO] [image_processor-24]: process has finished cleanly [pid 92874]
[INFO] [image_processor-25]: process has finished cleanly [pid 92876]
[INFO] [image_processor-23]: process has finished cleanly [pid 92872]
[INFO] [image_processor-22]: process has finished cleanly [pid 92870]
[INFO] [image_processor-21]: process has finished cleanly [pid 92868]
[INFO] [robot_state_publisher-17]: process has finished cleanly [pid 92507]
[INFO] [robot_state_publisher-14]: process has finished cleanly [pid 92501]
[INFO] [robot_state_publisher-11]: process has finished cleanly [pid 92495]
[INFO] [robot_state_publisher-8]: process has finished cleanly [pid 92488]
[INFO] [robot_state_publisher-5]: process has finished cleanly [pid 92481]
[coverage_counter-2] Traceback (most recent call last):
[coverage_counter-2]   File "/home/ecem/ros2_ws/install/swarm_basics/lib/python3.10/site-packages/swarm_basics/coverage_counter.py", line 418, in main
[coverage_counter-2]     rclpy.spin(node)
[coverage_counter-2]   File "/opt/ros/humble/local/lib/python3.10/dist-packages/rclpy/__init__.py", line 229, in spin
[coverage_counter-2]     executor.spin_once()
[coverage_counter-2]   File "/opt/ros/humble/local/lib/python3.10/dist-packages/rclpy/executors.py", line 773, in spin_once
[coverage_counter-2]     self._spin_once_impl(timeout_sec)
[coverage_counter-2]   File "/opt/ros/humble/local/lib/python3.10/dist-packages/rclpy/executors.py", line 768, in _spin_once_impl
[coverage_counter-2]     handler()
[coverage_counter-2]   File "/opt/ros/humble/local/lib/python3.10/dist-packages/rclpy/task.py", line 254, in __call__
[coverage_counter-2]     self._handler.send(None)
[coverage_counter-2]   File "/opt/ros/humble/local/lib/python3.10/dist-packages/rclpy/executors.py", line 463, in handler
[coverage_counter-2]     await call_coroutine(entity, arg)
[coverage_counter-2]   File "/opt/ros/humble/local/lib/python3.10/dist-packages/rclpy/executors.py", line 371, in _execute_timer
[coverage_counter-2]     await await_or_execute(tmr.callback)
[coverage_counter-2]   File "/opt/ros/humble/local/lib/python3.10/dist-packages/rclpy/executors.py", line 107, in await_or_execute
[coverage_counter-2]     return callback(*args)
[coverage_counter-2]   File "/home/ecem/ros2_ws/install/swarm_basics/lib/python3.10/site-packages/swarm_basics/coverage_counter.py", line 152, in _on_timeout_timer
[coverage_counter-2]     self.shutdown_and_save()
[coverage_counter-2]   File "/home/ecem/ros2_ws/install/swarm_basics/lib/python3.10/site-packages/swarm_basics/coverage_counter.py", line 174, in shutdown_and_save
[coverage_counter-2]     rclpy.shutdown()
[coverage_counter-2]   File "/opt/ros/humble/local/lib/python3.10/dist-packages/rclpy/__init__.py", line 130, in shutdown
[coverage_counter-2]     _shutdown(context=context)
[coverage_counter-2]   File "/opt/ros/humble/local/lib/python3.10/dist-packages/rclpy/utilities.py", line 58, in shutdown
[coverage_counter-2]     return context.shutdown()
[coverage_counter-2]   File "/opt/ros/humble/local/lib/python3.10/dist-packages/rclpy/context.py", line 103, in shutdown
[coverage_counter-2]     self._call_on_shutdown_callbacks()
[coverage_counter-2]   File "/opt/ros/humble/local/lib/python3.10/dist-packages/rclpy/context.py", line 92, in _call_on_shutdown_callbacks
[coverage_counter-2]     callback = weak_method()
[coverage_counter-2]   File "/opt/ros/humble/local/lib/python3.10/dist-packages/rclpy/__init__.py", line 111, in reset_executor
[coverage_counter-2]     __executor.shutdown()
[coverage_counter-2]   File "/opt/ros/humble/local/lib/python3.10/dist-packages/rclpy/executors.py", line 227, in shutdown
[coverage_counter-2]     if not self._work_tracker.wait(timeout_sec):
[coverage_counter-2]   File "/opt/ros/humble/local/lib/python3.10/dist-packages/rclpy/executors.py", line 94, in wait
[coverage_counter-2]     if not self._work_condition.wait_for(
[coverage_counter-2]   File "/usr/lib/python3.10/threading.py", line 355, in wait_for
[coverage_counter-2]     self.wait(waittime)
[coverage_counter-2]   File "/usr/lib/python3.10/threading.py", line 320, in wait
[coverage_counter-2]     waiter.acquire()
[coverage_counter-2] KeyboardInterrupt
[coverage_counter-2] 
[coverage_counter-2] During handling of the above exception, another exception occurred:
[coverage_counter-2] 
[coverage_counter-2] Traceback (most recent call last):
[coverage_counter-2]   File "/home/ecem/ros2_ws/install/swarm_basics/lib/swarm_basics/coverage_counter", line 33, in <module>
[coverage_counter-2]     sys.exit(load_entry_point('swarm-basics==0.0.0', 'console_scripts', 'coverage_counter')())
[coverage_counter-2]   File "/home/ecem/ros2_ws/install/swarm_basics/lib/python3.10/site-packages/swarm_basics/coverage_counter.py", line 421, in main
[coverage_counter-2]     node.shutdown_and_save()
[coverage_counter-2]   File "/home/ecem/ros2_ws/install/swarm_basics/lib/python3.10/site-packages/swarm_basics/coverage_counter.py", line 174, in shutdown_and_save
[coverage_counter-2]     rclpy.shutdown()
[coverage_counter-2]   File "/opt/ros/humble/local/lib/python3.10/dist-packages/rclpy/__init__.py", line 130, in shutdown
[coverage_counter-2]     _shutdown(context=context)
[coverage_counter-2]   File "/opt/ros/humble/local/lib/python3.10/dist-packages/rclpy/utilities.py", line 58, in shutdown
[coverage_counter-2]     return context.shutdown()
[coverage_counter-2]   File "/opt/ros/humble/local/lib/python3.10/dist-packages/rclpy/context.py", line 100, in shutdown
[coverage_counter-2]     raise RuntimeError('Context must be initialized before it can be shutdown')
[coverage_counter-2] RuntimeError: Context must be initialized before it can be shutdown
[bump_counter-3] Traceback (most recent call last):
[bump_counter-3]   File "/home/ecem/ros2_ws/install/swarm_basics/lib/swarm_basics/bump_counter", line 33, in <module>
[bump_counter-3]     sys.exit(load_entry_point('swarm-basics==0.0.0', 'console_scripts', 'bump_counter')())
[bump_counter-3]   File "/home/ecem/ros2_ws/install/swarm_basics/lib/python3.10/site-packages/swarm_basics/bump_counter.py", line 384, in main
[bump_counter-3]     rclpy.shutdown()
[bump_counter-3]   File "/opt/ros/humble/local/lib/python3.10/dist-packages/rclpy/__init__.py", line 130, in shutdown
[bump_counter-3]     _shutdown(context=context)
[bump_counter-3]   File "/opt/ros/humble/local/lib/python3.10/dist-packages/rclpy/utilities.py", line 58, in shutdown
[bump_counter-3]     return context.shutdown()
[bump_counter-3]   File "/opt/ros/humble/local/lib/python3.10/dist-packages/rclpy/context.py", line 102, in shutdown
[bump_counter-3]     self.__context.shutdown()
[bump_counter-3] rclpy._rclpy_pybind11.RCLError: failed to shutdown: rcl_shutdown already called on the given context, at ./src/rcl/init.c:241
[ERROR] [coverage_counter-2]: process has died [pid 92474, exit code 1, cmd '/home/ecem/ros2_ws/install/swarm_basics/lib/swarm_basics/coverage_counter --ros-args -r __node:=coverage_counter --params-file /tmp/launch_params_zt06shos --params-file /tmp/launch_params_8sv6vwhe --params-file /tmp/launch_params_j1vc3ivt --params-file /tmp/launch_params_pmb4li8s --params-file /tmp/launch_params_qrace5ar --params-file /tmp/launch_params_ftlx7zpm'].
[ERROR] [bump_counter-3]: process has died [pid 92477, exit code 1, cmd '/home/ecem/ros2_ws/install/swarm_basics/lib/swarm_basics/bump_counter --ros-args -r __node:=bump_counter --params-file /tmp/launch_params_wgcm52kn --params-file /tmp/launch_params_vqu8kzbq --params-file /tmp/launch_params_qt5udo24'].
[ERROR] [robot_supervisor-19]: process has died [pid 92520, exit code -2, cmd '/home/ecem/ros2_ws/install/swarm_basics/lib/swarm_basics/robot_supervisor --ros-args -r __node:=robot_supervisor -r __ns:=/robot_4 --params-file /tmp/launch_params_cr2c36c1 --params-file /tmp/launch_params_3aknk_xg --params-file /tmp/launch_params_u7el6egb --params-file /tmp/launch_params_cbtpwq6m'].
[ERROR] [robot_supervisor-16]: process has died [pid 92505, exit code -2, cmd '/home/ecem/ros2_ws/install/swarm_basics/lib/swarm_basics/robot_supervisor --ros-args -r __node:=robot_supervisor -r __ns:=/robot_3 --params-file /tmp/launch_params_t4kvb9wj --params-file /tmp/launch_params_auqr9hcb --params-file /tmp/launch_params_88zzq4__ --params-file /tmp/launch_params_ax72jfft'].
[ERROR] [robot_supervisor-10]: process has died [pid 92493, exit code -2, cmd '/home/ecem/ros2_ws/install/swarm_basics/lib/swarm_basics/robot_supervisor --ros-args -r __node:=robot_supervisor -r __ns:=/robot_1 --params-file /tmp/launch_params_7pkw8kao --params-file /tmp/launch_params_vzf4e0a1 --params-file /tmp/launch_params_n1_q6431 --params-file /tmp/launch_params_6sk41ly8'].
[ERROR] [robot_supervisor-13]: process has died [pid 92499, exit code -2, cmd '/home/ecem/ros2_ws/install/swarm_basics/lib/swarm_basics/robot_supervisor --ros-args -r __node:=robot_supervisor -r __ns:=/robot_2 --params-file /tmp/launch_params_l2l77ba3 --params-file /tmp/launch_params_fyv3no44 --params-file /tmp/launch_params_50gxr098 --params-file /tmp/launch_params_n03w2urc'].
[ERROR] [robot_supervisor-7]: process has died [pid 92485, exit code -2, cmd '/home/ecem/ros2_ws/install/swarm_basics/lib/swarm_basics/robot_supervisor --ros-args -r __node:=robot_supervisor -r __ns:=/robot_0 --params-file /tmp/launch_params_y5qqf9i7 --params-file /tmp/launch_params_3m79gmb3 --params-file /tmp/launch_params_tmon7x0p --params-file /tmp/launch_params_zd17agg5'].
