[INFO] [launch]: All log files can be found below /home/ecem/.ros/log/2026-04-22-09-26-22-047198-ecem-pc-96230
[INFO] [launch]: Default logging verbosity is set to INFO
[INFO] [ign gazebo-1]: process started with pid [96245]
[INFO] [coverage_counter-2]: process started with pid [96247]
[INFO] [bump_counter-3]: process started with pid [96250]
[INFO] [parameter_bridge-4]: process started with pid [96252]
[INFO] [robot_state_publisher-5]: process started with pid [96254]
[INFO] [create-6]: process started with pid [96256]
[INFO] [robot_supervisor-7]: process started with pid [96259]
[INFO] [robot_state_publisher-8]: process started with pid [96262]
[INFO] [create-9]: process started with pid [96264]
[INFO] [robot_supervisor-10]: process started with pid [96266]
[INFO] [robot_state_publisher-11]: process started with pid [96268]
[INFO] [create-12]: process started with pid [96270]
[INFO] [robot_supervisor-13]: process started with pid [96272]
[INFO] [robot_state_publisher-14]: process started with pid [96275]
[INFO] [create-15]: process started with pid [96277]
[INFO] [robot_supervisor-16]: process started with pid [96280]
[INFO] [robot_state_publisher-17]: process started with pid [96282]
[INFO] [create-18]: process started with pid [96291]
[INFO] [robot_supervisor-19]: process started with pid [96293]
[INFO] [parameter_bridge-20]: process started with pid [96295]
[parameter_bridge-4] [ros_ign_bridge] is deprecated! Redirecting to use [ros_gz_bridge] instead!
[parameter_bridge-4] 
[create-15] [INFO] [1776842782.487431825] [robot_3.ros_gz_sim]: Requesting list of world names.
[create-9] [INFO] [1776842782.488333838] [robot_1.ros_gz_sim]: Requesting list of world names.
[create-6] [INFO] [1776842782.488586857] [robot_0.ros_gz_sim]: Requesting list of world names.
[parameter_bridge-4] [INFO] [1776842782.488981994] [all_robots_bridge]: Creating ROS->GZ Bridge: [/robot_0/cmd_vel (geometry_msgs/msg/Twist) -> /robot_0/cmd_vel (ignition.msgs.Twist)] (Lazy 0)
[parameter_bridge-4] [INFO] [1776842782.490572016] [all_robots_bridge]: Creating GZ->ROS Bridge: [/robot_0/odom (ignition.msgs.Odometry) -> /robot_0/odom (nav_msgs/msg/Odometry)] (Lazy 0)
[parameter_bridge-4] [INFO] [1776842782.491448505] [all_robots_bridge]: Creating GZ->ROS Bridge: [/robot_0/depth_camera/depth_image (ignition.msgs.Image) -> /robot_0/depth_camera/depth_image (sensor_msgs/msg/Image)] (Lazy 0)
[parameter_bridge-4] [INFO] [1776842782.492478913] [all_robots_bridge]: Creating GZ->ROS Bridge: [/world/random_world/model/robot_0/link/robot_0/base_footprint/sensor/contact_sensor/contact (ignition.msgs.Contacts) -> /world/random_world/model/robot_0/link/robot_0/base_footprint/sensor/contact_sensor/contact (ros_gz_interfaces/msg/Contacts)] (Lazy 0)
[create-12] [INFO] [1776842782.490581513] [robot_2.ros_gz_sim]: Requesting list of world names.
[create-18] [INFO] [1776842782.494169659] [robot_4.ros_gz_sim]: Requesting list of world names.
[parameter_bridge-4] [INFO] [1776842782.494311362] [all_robots_bridge]: Creating ROS->GZ Bridge: [/robot_1/cmd_vel (geometry_msgs/msg/Twist) -> /robot_1/cmd_vel (ignition.msgs.Twist)] (Lazy 0)
[parameter_bridge-4] [INFO] [1776842782.496256022] [all_robots_bridge]: Creating GZ->ROS Bridge: [/robot_1/odom (ignition.msgs.Odometry) -> /robot_1/odom (nav_msgs/msg/Odometry)] (Lazy 0)
[parameter_bridge-4] [INFO] [1776842782.498022370] [all_robots_bridge]: Creating GZ->ROS Bridge: [/robot_1/depth_camera/depth_image (ignition.msgs.Image) -> /robot_1/depth_camera/depth_image (sensor_msgs/msg/Image)] (Lazy 0)
[parameter_bridge-4] [INFO] [1776842782.498540303] [all_robots_bridge]: Creating GZ->ROS Bridge: [/world/random_world/model/robot_1/link/robot_1/base_footprint/sensor/contact_sensor/contact (ignition.msgs.Contacts) -> /world/random_world/model/robot_1/link/robot_1/base_footprint/sensor/contact_sensor/contact (ros_gz_interfaces/msg/Contacts)] (Lazy 0)
[parameter_bridge-4] [INFO] [1776842782.499409042] [all_robots_bridge]: Creating ROS->GZ Bridge: [/robot_2/cmd_vel (geometry_msgs/msg/Twist) -> /robot_2/cmd_vel (ignition.msgs.Twist)] (Lazy 0)
[parameter_bridge-4] [INFO] [1776842782.500163538] [all_robots_bridge]: Creating GZ->ROS Bridge: [/robot_2/odom (ignition.msgs.Odometry) -> /robot_2/odom (nav_msgs/msg/Odometry)] (Lazy 0)
[parameter_bridge-4] [INFO] [1776842782.501201218] [all_robots_bridge]: Creating GZ->ROS Bridge: [/robot_2/depth_camera/depth_image (ignition.msgs.Image) -> /robot_2/depth_camera/depth_image (sensor_msgs/msg/Image)] (Lazy 0)
[parameter_bridge-4] [INFO] [1776842782.502762472] [all_robots_bridge]: Creating GZ->ROS Bridge: [/world/random_world/model/robot_2/link/robot_2/base_footprint/sensor/contact_sensor/contact (ignition.msgs.Contacts) -> /world/random_world/model/robot_2/link/robot_2/base_footprint/sensor/contact_sensor/contact (ros_gz_interfaces/msg/Contacts)] (Lazy 0)
[parameter_bridge-4] [INFO] [1776842782.503871878] [all_robots_bridge]: Creating ROS->GZ Bridge: [/robot_3/cmd_vel (geometry_msgs/msg/Twist) -> /robot_3/cmd_vel (ignition.msgs.Twist)] (Lazy 0)
[parameter_bridge-4] [INFO] [1776842782.505200983] [all_robots_bridge]: Creating GZ->ROS Bridge: [/robot_3/odom (ignition.msgs.Odometry) -> /robot_3/odom (nav_msgs/msg/Odometry)] (Lazy 0)
[parameter_bridge-4] [INFO] [1776842782.506503202] [all_robots_bridge]: Creating GZ->ROS Bridge: [/robot_3/depth_camera/depth_image (ignition.msgs.Image) -> /robot_3/depth_camera/depth_image (sensor_msgs/msg/Image)] (Lazy 0)
[parameter_bridge-4] [INFO] [1776842782.508218981] [all_robots_bridge]: Creating GZ->ROS Bridge: [/world/random_world/model/robot_3/link/robot_3/base_footprint/sensor/contact_sensor/contact (ignition.msgs.Contacts) -> /world/random_world/model/robot_3/link/robot_3/base_footprint/sensor/contact_sensor/contact (ros_gz_interfaces/msg/Contacts)] (Lazy 0)
[parameter_bridge-4] [INFO] [1776842782.509401812] [all_robots_bridge]: Creating ROS->GZ Bridge: [/robot_4/cmd_vel (geometry_msgs/msg/Twist) -> /robot_4/cmd_vel (ignition.msgs.Twist)] (Lazy 0)
[parameter_bridge-4] [INFO] [1776842782.510093046] [all_robots_bridge]: Creating GZ->ROS Bridge: [/robot_4/odom (ignition.msgs.Odometry) -> /robot_4/odom (nav_msgs/msg/Odometry)] (Lazy 0)
[parameter_bridge-4] [INFO] [1776842782.510636719] [all_robots_bridge]: Creating GZ->ROS Bridge: [/robot_4/depth_camera/depth_image (ignition.msgs.Image) -> /robot_4/depth_camera/depth_image (sensor_msgs/msg/Image)] (Lazy 0)
[parameter_bridge-4] [INFO] [1776842782.511102196] [all_robots_bridge]: Creating GZ->ROS Bridge: [/world/random_world/model/robot_4/link/robot_4/base_footprint/sensor/contact_sensor/contact (ignition.msgs.Contacts) -> /world/random_world/model/robot_4/link/robot_4/base_footprint/sensor/contact_sensor/contact (ros_gz_interfaces/msg/Contacts)] (Lazy 0)
[parameter_bridge-20] [INFO] [1776842782.510834289] [clock_bridge]: Creating GZ->ROS Bridge: [/clock (ignition.msgs.Clock) -> /clock (rosgraph_msgs/msg/Clock)] (Lazy 0)
[parameter_bridge-4] [INFO] [1776842782.511563877] [all_robots_bridge]: Creating GZ->ROS Bridge: [/world/random_world/dynamic_pose/info (ignition.msgs.Pose_V) -> /world/random_world/dynamic_pose/info (tf2_msgs/msg/TFMessage)] (Lazy 0)
[robot_state_publisher-11] [INFO] [1776842782.512804794] [robot_2.robot_state_publisher]: got segment robot_2/antenna_link
[robot_state_publisher-11] [INFO] [1776842782.512890314] [robot_2.robot_state_publisher]: got segment robot_2/base_footprint
[robot_state_publisher-11] [INFO] [1776842782.512900842] [robot_2.robot_state_publisher]: got segment robot_2/base_link
[robot_state_publisher-11] [INFO] [1776842782.512907570] [robot_2.robot_state_publisher]: got segment robot_2/realsense_link
[robot_state_publisher-11] [INFO] [1776842782.512913130] [robot_2.robot_state_publisher]: got segment robot_2/rocker_L_link
[robot_state_publisher-11] [INFO] [1776842782.512918877] [robot_2.robot_state_publisher]: got segment robot_2/rocker_R_link
[robot_state_publisher-11] [INFO] [1776842782.512923773] [robot_2.robot_state_publisher]: got segment robot_2/wheel_FL_link
[robot_state_publisher-11] [INFO] [1776842782.512928897] [robot_2.robot_state_publisher]: got segment robot_2/wheel_FR_link
[robot_state_publisher-11] [INFO] [1776842782.512934317] [robot_2.robot_state_publisher]: got segment robot_2/wheel_RL_link
[robot_state_publisher-11] [INFO] [1776842782.512939362] [robot_2.robot_state_publisher]: got segment robot_2/wheel_RR_link
[robot_state_publisher-8] [INFO] [1776842782.513983057] [robot_1.robot_state_publisher]: got segment robot_1/antenna_link
[robot_state_publisher-8] [INFO] [1776842782.514053756] [robot_1.robot_state_publisher]: got segment robot_1/base_footprint
[robot_state_publisher-8] [INFO] [1776842782.514060586] [robot_1.robot_state_publisher]: got segment robot_1/base_link
[robot_state_publisher-8] [INFO] [1776842782.514064534] [robot_1.robot_state_publisher]: got segment robot_1/realsense_link
[robot_state_publisher-8] [INFO] [1776842782.514067683] [robot_1.robot_state_publisher]: got segment robot_1/rocker_L_link
[robot_state_publisher-8] [INFO] [1776842782.514070731] [robot_1.robot_state_publisher]: got segment robot_1/rocker_R_link
[robot_state_publisher-8] [INFO] [1776842782.514074066] [robot_1.robot_state_publisher]: got segment robot_1/wheel_FL_link
[robot_state_publisher-8] [INFO] [1776842782.514077299] [robot_1.robot_state_publisher]: got segment robot_1/wheel_FR_link
[robot_state_publisher-8] [INFO] [1776842782.514080300] [robot_1.robot_state_publisher]: got segment robot_1/wheel_RL_link
[robot_state_publisher-8] [INFO] [1776842782.514083296] [robot_1.robot_state_publisher]: got segment robot_1/wheel_RR_link
[robot_state_publisher-5] [INFO] [1776842782.515751823] [robot_0.robot_state_publisher]: got segment robot_0/antenna_link
[robot_state_publisher-5] [INFO] [1776842782.515861978] [robot_0.robot_state_publisher]: got segment robot_0/base_footprint
[robot_state_publisher-5] [INFO] [1776842782.515876457] [robot_0.robot_state_publisher]: got segment robot_0/base_link
[robot_state_publisher-5] [INFO] [1776842782.515885608] [robot_0.robot_state_publisher]: got segment robot_0/realsense_link
[robot_state_publisher-5] [INFO] [1776842782.515893772] [robot_0.robot_state_publisher]: got segment robot_0/rocker_L_link
[robot_state_publisher-5] [INFO] [1776842782.515901226] [robot_0.robot_state_publisher]: got segment robot_0/rocker_R_link
[robot_state_publisher-5] [INFO] [1776842782.515908511] [robot_0.robot_state_publisher]: got segment robot_0/wheel_FL_link
[robot_state_publisher-5] [INFO] [1776842782.515915921] [robot_0.robot_state_publisher]: got segment robot_0/wheel_FR_link
[robot_state_publisher-5] [INFO] [1776842782.515923517] [robot_0.robot_state_publisher]: got segment robot_0/wheel_RL_link
[robot_state_publisher-5] [INFO] [1776842782.515930496] [robot_0.robot_state_publisher]: got segment robot_0/wheel_RR_link
[robot_state_publisher-17] [INFO] [1776842782.518826561] [robot_4.robot_state_publisher]: got segment robot_4/antenna_link
[robot_state_publisher-17] [INFO] [1776842782.518895458] [robot_4.robot_state_publisher]: got segment robot_4/base_footprint
[robot_state_publisher-17] [INFO] [1776842782.518901303] [robot_4.robot_state_publisher]: got segment robot_4/base_link
[robot_state_publisher-17] [INFO] [1776842782.518904690] [robot_4.robot_state_publisher]: got segment robot_4/realsense_link
[robot_state_publisher-17] [INFO] [1776842782.518907875] [robot_4.robot_state_publisher]: got segment robot_4/rocker_L_link
[robot_state_publisher-17] [INFO] [1776842782.518910941] [robot_4.robot_state_publisher]: got segment robot_4/rocker_R_link
[robot_state_publisher-17] [INFO] [1776842782.518913940] [robot_4.robot_state_publisher]: got segment robot_4/wheel_FL_link
[robot_state_publisher-17] [INFO] [1776842782.518917094] [robot_4.robot_state_publisher]: got segment robot_4/wheel_FR_link
[robot_state_publisher-17] [INFO] [1776842782.518920171] [robot_4.robot_state_publisher]: got segment robot_4/wheel_RL_link
[robot_state_publisher-17] [INFO] [1776842782.518923001] [robot_4.robot_state_publisher]: got segment robot_4/wheel_RR_link
[robot_state_publisher-14] [INFO] [1776842782.520333616] [robot_3.robot_state_publisher]: got segment robot_3/antenna_link
[robot_state_publisher-14] [INFO] [1776842782.520410483] [robot_3.robot_state_publisher]: got segment robot_3/base_footprint
[robot_state_publisher-14] [INFO] [1776842782.520418256] [robot_3.robot_state_publisher]: got segment robot_3/base_link
[robot_state_publisher-14] [INFO] [1776842782.520422047] [robot_3.robot_state_publisher]: got segment robot_3/realsense_link
[robot_state_publisher-14] [INFO] [1776842782.520425460] [robot_3.robot_state_publisher]: got segment robot_3/rocker_L_link
[robot_state_publisher-14] [INFO] [1776842782.520428980] [robot_3.robot_state_publisher]: got segment robot_3/rocker_R_link
[robot_state_publisher-14] [INFO] [1776842782.520432186] [robot_3.robot_state_publisher]: got segment robot_3/wheel_FL_link
[robot_state_publisher-14] [INFO] [1776842782.520435395] [robot_3.robot_state_publisher]: got segment robot_3/wheel_FR_link
[robot_state_publisher-14] [INFO] [1776842782.520438559] [robot_3.robot_state_publisher]: got segment robot_3/wheel_RL_link
[robot_state_publisher-14] [INFO] [1776842782.520442254] [robot_3.robot_state_publisher]: got segment robot_3/wheel_RR_link
[robot_supervisor-16] [INFO] [1776842782.741690424] [robot_3.robot_supervisor]: Loaded initial mission 'explore' from explicit YAML explore_sup_gpt_vague_3_run_7_183.yaml
[robot_supervisor-7] [INFO] [1776842782.750744496] [robot_0.robot_supervisor]: Loaded initial mission 'explore' from explicit YAML explore_sup_gpt_vague_3_run_7_183.yaml
[robot_supervisor-19] [INFO] [1776842782.771388350] [robot_4.robot_supervisor]: Loaded initial mission 'explore' from explicit YAML explore_sup_gpt_vague_3_run_7_183.yaml
[bump_counter-3] [INFO] [1776842782.773082745] [bump_counter]: [global] global_mode=True cooldown(robot)=0.80s cooldown(obs)=0.50s Logging to /home/ecem/ros2_ws/src/Leo_sct/results_exp/explore/vague/prompt_3/run_7/middle_circle/trial_3/run_20260422_092622/bumps_global_092622.csv
[robot_supervisor-10] [INFO] [1776842782.801826649] [robot_1.robot_supervisor]: Loaded initial mission 'explore' from explicit YAML explore_sup_gpt_vague_3_run_7_183.yaml
[robot_supervisor-13] [INFO] [1776842782.819728620] [robot_2.robot_supervisor]: Loaded initial mission 'explore' from explicit YAML explore_sup_gpt_vague_3_run_7_183.yaml
[robot_supervisor-16] [INFO] [1776842782.846446968] [robot_3.robot_supervisor]: Selected controllable event: EV_random_walk
[parameter_bridge-4] [INFO] [1776842782.846694973] [all_robots_bridge]: Passing message from ROS geometry_msgs/msg/Twist to Gazebo gz.msgs.Twist (showing msg only once per type)
[robot_supervisor-7] [INFO] [1776842782.855425165] [robot_0.robot_supervisor]: Selected controllable event: EV_random_walk
[robot_supervisor-19] [INFO] [1776842782.876119695] [robot_4.robot_supervisor]: Selected controllable event: EV_random_walk
[robot_supervisor-10] [INFO] [1776842782.905709077] [robot_1.robot_supervisor]: Selected controllable event: EV_random_walk
[create-9] [INFO] [1776842782.910490156] [robot_1.ros_gz_sim]: Waiting messages on topic [/robot_1/robot_description].
[robot_supervisor-13] [INFO] [1776842782.924012456] [robot_2.robot_supervisor]: Selected controllable event: EV_random_walk
[create-15] [INFO] [1776842783.011062586] [robot_3.ros_gz_sim]: Waiting messages on topic [/robot_3/robot_description].
[create-12] [INFO] [1776842783.111498431] [robot_2.ros_gz_sim]: Waiting messages on topic [/robot_2/robot_description].
[create-18] [INFO] [1776842783.211611602] [robot_4.ros_gz_sim]: Waiting messages on topic [/robot_4/robot_description].
[create-18] [INFO] [1776842783.310799813] [robot_4.ros_gz_sim]: Requested creation of entity.
[create-18] [INFO] [1776842783.310867238] [robot_4.ros_gz_sim]: OK creation of entity.
[create-15] [INFO] [1776842783.310837616] [robot_3.ros_gz_sim]: Requested creation of entity.
[create-15] [INFO] [1776842783.310892827] [robot_3.ros_gz_sim]: OK creation of entity.
[create-9] [INFO] [1776842783.310882168] [robot_1.ros_gz_sim]: Requested creation of entity.
[create-9] [INFO] [1776842783.310940206] [robot_1.ros_gz_sim]: OK creation of entity.
[create-12] [INFO] [1776842783.310927746] [robot_2.ros_gz_sim]: Requested creation of entity.
[create-12] [INFO] [1776842783.310967396] [robot_2.ros_gz_sim]: OK creation of entity.
[create-6] [INFO] [1776842783.311785582] [robot_0.ros_gz_sim]: Waiting messages on topic [/robot_0/robot_description].
[create-6] [INFO] [1776842783.314710081] [robot_0.ros_gz_sim]: Requested creation of entity.
[create-6] [INFO] [1776842783.314742773] [robot_0.ros_gz_sim]: OK creation of entity.
[INFO] [create-9]: process has finished cleanly [pid 96264]
[INFO] [create-15]: process has finished cleanly [pid 96277]
[INFO] [create-12]: process has finished cleanly [pid 96270]
[INFO] [create-18]: process has finished cleanly [pid 96291]
[INFO] [create-6]: process has finished cleanly [pid 96256]
[bump_counter-3] [INFO] [1776842783.832514218] [bump_counter]: [global] subscribed: /world/random_world/model/robot_0/link/robot_0/base_footprint/sensor/contact_sensor/contact
[bump_counter-3] [INFO] [1776842783.834341225] [bump_counter]: [global] subscribed: /world/random_world/model/robot_1/link/robot_1/base_footprint/sensor/contact_sensor/contact
[bump_counter-3] [INFO] [1776842783.835307502] [bump_counter]: [global] subscribed: /world/random_world/model/robot_2/link/robot_2/base_footprint/sensor/contact_sensor/contact
[bump_counter-3] [INFO] [1776842783.836821001] [bump_counter]: [global] subscribed: /world/random_world/model/robot_3/link/robot_3/base_footprint/sensor/contact_sensor/contact
[bump_counter-3] [INFO] [1776842783.837695524] [bump_counter]: [global] subscribed: /world/random_world/model/robot_4/link/robot_4/base_footprint/sensor/contact_sensor/contact
[INFO] [image_processor-21]: process started with pid [96642]
[INFO] [image_processor-22]: process started with pid [96644]
[INFO] [image_processor-23]: process started with pid [96646]
[INFO] [image_processor-24]: process started with pid [96648]
[INFO] [image_processor-25]: process started with pid [96650]
[image_processor-22] [INFO] [1776842784.500357996] [robot_1.image_processor]: image_processor: depth='/robot_1/depth_camera/depth_image' aruco_runtime=disabled
[image_processor-21] [INFO] [1776842784.501972604] [robot_0.image_processor]: image_processor: depth='/robot_0/depth_camera/depth_image' aruco_runtime=disabled
[image_processor-24] [INFO] [1776842784.502323230] [robot_3.image_processor]: image_processor: depth='/robot_3/depth_camera/depth_image' aruco_runtime=disabled
[image_processor-23] [INFO] [1776842784.503550798] [robot_2.image_processor]: image_processor: depth='/robot_2/depth_camera/depth_image' aruco_runtime=disabled
[image_processor-25] [INFO] [1776842784.517813206] [robot_4.image_processor]: image_processor: depth='/robot_4/depth_camera/depth_image' aruco_runtime=disabled
[image_processor-22] [INFO] [1776842787.914426221] [robot_1.image_processor]: Zone=CLEAR  left[p=3.007 near=0 v=7650]  front[p=3.426 near=0 v=13244]  right[p=2.532 near=0 v=7517]
[image_processor-24] [INFO] [1776842787.922895393] [robot_3.image_processor]: Zone=CLEAR  left[p=0.894 near=0 v=7620]  front[p=3.072 near=0 v=13297]  right[p=2.913 near=0 v=7740]
[image_processor-23] [INFO] [1776842787.932331326] [robot_2.image_processor]: Zone=CLEAR  left[p=1.875 near=0 v=7650]  front[p=2.263 near=0 v=12349]  right[p=1.628 near=0 v=7740]
[image_processor-25] [INFO] [1776842787.939779824] [robot_4.image_processor]: Zone=CLEAR  left[p=2.299 near=0 v=7157]  front[p=2.450 near=0 v=13239]  right[p=3.007 near=0 v=7740]
[image_processor-21] [INFO] [1776842787.947707085] [robot_0.image_processor]: Zone=CLEAR  left[p=1.026 near=0 v=7650]  front[p=1.493 near=0 v=13500]  right[p=2.221 near=0 v=7740]
[image_processor-23] [INFO] [1776842790.435400583] [robot_2.image_processor]: Zone=CLEAR
[image_processor-25] [INFO] [1776842790.442797356] [robot_4.image_processor]: Zone=CLEAR
[image_processor-21] [INFO] [1776842790.451200781] [robot_0.image_processor]: Zone=CLEAR
[image_processor-22] [INFO] [1776842790.516716630] [robot_1.image_processor]: Zone=CLEAR
[image_processor-24] [INFO] [1776842790.526624603] [robot_3.image_processor]: Zone=CLEAR
[image_processor-22] [INFO] [1776842792.914865878] [robot_1.image_processor]: Zone=CLEAR
[image_processor-24] [INFO] [1776842792.924822561] [robot_3.image_processor]: Zone=CLEAR
[image_processor-23] [INFO] [1776842792.934696528] [robot_2.image_processor]: Zone=CLEAR
[image_processor-25] [INFO] [1776842792.942147180] [robot_4.image_processor]: Zone=CLEAR
[image_processor-21] [INFO] [1776842792.952417056] [robot_0.image_processor]: Zone=CLEAR
[image_processor-22] [INFO] [1776842795.413700294] [robot_1.image_processor]: Zone=CLEAR
[image_processor-24] [INFO] [1776842795.422647929] [robot_3.image_processor]: Zone=CLEAR
[image_processor-23] [INFO] [1776842795.431584081] [robot_2.image_processor]: Zone=CLEAR
[image_processor-25] [INFO] [1776842795.438864334] [robot_4.image_processor]: Zone=CLEAR
[image_processor-21] [INFO] [1776842795.447876744] [robot_0.image_processor]: Zone=CLEAR
[image_processor-22] [INFO] [1776842797.918672005] [robot_1.image_processor]: Zone=CLEAR
[image_processor-24] [INFO] [1776842797.929305254] [robot_3.image_processor]: Zone=CLEAR
[image_processor-23] [INFO] [1776842797.937292427] [robot_2.image_processor]: Zone=CLEAR
[image_processor-21] [INFO] [1776842797.955109386] [robot_0.image_processor]: Zone=CLEAR
[image_processor-25] [INFO] [1776842798.048099513] [robot_4.image_processor]: Zone=CLEAR
[image_processor-22] [INFO] [1776842800.415785789] [robot_1.image_processor]: Zone=CLEAR
[image_processor-24] [INFO] [1776842800.426775856] [robot_3.image_processor]: Zone=CLEAR
[image_processor-23] [INFO] [1776842800.438457477] [robot_2.image_processor]: Zone=CLEAR
[image_processor-25] [INFO] [1776842800.446753253] [robot_4.image_processor]: Zone=CLEAR
[image_processor-21] [INFO] [1776842800.455080151] [robot_0.image_processor]: Zone=CLEAR
[image_processor-22] [INFO] [1776842802.913375455] [robot_1.image_processor]: Zone=CLEAR
[image_processor-24] [INFO] [1776842802.924087709] [robot_3.image_processor]: Zone=CLEAR
[image_processor-25] [INFO] [1776842802.940750404] [robot_4.image_processor]: Zone=CLEAR
[image_processor-21] [INFO] [1776842802.948662647] [robot_0.image_processor]: Zone=CLEAR
[image_processor-23] [INFO] [1776842803.032806162] [robot_2.image_processor]: Zone=CLEAR
[image_processor-22] [INFO] [1776842805.415951632] [robot_1.image_processor]: Zone=CLEAR
[image_processor-24] [INFO] [1776842805.425440664] [robot_3.image_processor]: Zone=CLEAR
[image_processor-23] [INFO] [1776842805.436287607] [robot_2.image_processor]: Zone=CLEAR
[image_processor-25] [INFO] [1776842805.444830527] [robot_4.image_processor]: Zone=CLEAR
[image_processor-21] [INFO] [1776842805.454154394] [robot_0.image_processor]: Zone=CLEAR
[image_processor-22] [INFO] [1776842807.915063137] [robot_1.image_processor]: Zone=CLEAR
[image_processor-24] [INFO] [1776842807.923019587] [robot_3.image_processor]: Zone=CLEAR
[image_processor-23] [INFO] [1776842807.930914649] [robot_2.image_processor]: Zone=CLEAR
[image_processor-21] [INFO] [1776842807.948041545] [robot_0.image_processor]: Zone=CLEAR
[image_processor-25] [INFO] [1776842808.041300088] [robot_4.image_processor]: Zone=CLEAR
[image_processor-22] [INFO] [1776842810.417232749] [robot_1.image_processor]: Zone=CLEAR
[image_processor-23] [INFO] [1776842810.435619563] [robot_2.image_processor]: Zone=CLEAR
[image_processor-25] [INFO] [1776842810.444494634] [robot_4.image_processor]: Zone=CLEAR
[image_processor-21] [INFO] [1776842810.452985046] [robot_0.image_processor]: Zone=CLEAR
[image_processor-24] [INFO] [1776842810.526782317] [robot_3.image_processor]: Zone=CLEAR
[image_processor-22] [INFO] [1776842812.915210676] [robot_1.image_processor]: Zone=CLEAR
[image_processor-24] [INFO] [1776842812.923196472] [robot_3.image_processor]: Zone=CLEAR
[image_processor-23] [INFO] [1776842812.933420683] [robot_2.image_processor]: Zone=CLEAR
[image_processor-25] [INFO] [1776842812.942345156] [robot_4.image_processor]: Zone=CLEAR
[image_processor-21] [INFO] [1776842812.948761004] [robot_0.image_processor]: Zone=CLEAR
[image_processor-22] [INFO] [1776842815.414373788] [robot_1.image_processor]: Zone=CLEAR
[image_processor-24] [INFO] [1776842815.421173428] [robot_3.image_processor]: Zone=CLEAR
[image_processor-23] [INFO] [1776842815.428901613] [robot_2.image_processor]: Zone=CLEAR
[image_processor-25] [INFO] [1776842815.436621053] [robot_4.image_processor]: Zone=CLEAR
[image_processor-21] [INFO] [1776842815.444754811] [robot_0.image_processor]: Zone=CLEAR
[image_processor-22] [INFO] [1776842817.919201059] [robot_1.image_processor]: Zone=CLEAR
[image_processor-24] [INFO] [1776842817.928042119] [robot_3.image_processor]: Zone=CLEAR
[image_processor-23] [INFO] [1776842817.939007808] [robot_2.image_processor]: Zone=CLEAR
[image_processor-25] [INFO] [1776842817.948013527] [robot_4.image_processor]: Zone=CLEAR
[image_processor-21] [INFO] [1776842817.961105001] [robot_0.image_processor]: Zone=CLEAR
[image_processor-22] [INFO] [1776842820.413881697] [robot_1.image_processor]: Zone=CLEAR
[image_processor-24] [INFO] [1776842820.423097703] [robot_3.image_processor]: Zone=CLEAR
[image_processor-23] [INFO] [1776842820.431698299] [robot_2.image_processor]: Zone=CLEAR
[image_processor-25] [INFO] [1776842820.439603154] [robot_4.image_processor]: Zone=CLEAR
[image_processor-21] [INFO] [1776842820.447791650] [robot_0.image_processor]: Zone=CLEAR
[image_processor-22] [INFO] [1776842822.917427493] [robot_1.image_processor]: Zone=CLEAR
[image_processor-24] [INFO] [1776842822.925911176] [robot_3.image_processor]: Zone=CLEAR
[image_processor-23] [INFO] [1776842822.935472021] [robot_2.image_processor]: Zone=CLEAR
[image_processor-25] [INFO] [1776842822.943667007] [robot_4.image_processor]: Zone=CLEAR
[image_processor-21] [INFO] [1776842822.959536134] [robot_0.image_processor]: Zone=CLEAR
[image_processor-22] [INFO] [1776842825.413977361] [robot_1.image_processor]: Zone=CLEAR
[image_processor-24] [INFO] [1776842825.423919059] [robot_3.image_processor]: Zone=CLEAR
[image_processor-23] [INFO] [1776842825.432601118] [robot_2.image_processor]: Zone=CLEAR
[image_processor-21] [INFO] [1776842825.452268399] [robot_0.image_processor]: Zone=CLEAR
[image_processor-25] [INFO] [1776842825.541790262] [robot_4.image_processor]: Zone=CLEAR
[image_processor-22] [INFO] [1776842827.915275908] [robot_1.image_processor]: Zone=CLEAR
[image_processor-23] [INFO] [1776842827.932480180] [robot_2.image_processor]: Zone=CLEAR
[image_processor-25] [INFO] [1776842827.941162585] [robot_4.image_processor]: Zone=CLEAR
[image_processor-21] [INFO] [1776842827.949803443] [robot_0.image_processor]: Zone=CLEAR
[image_processor-24] [INFO] [1776842828.025880219] [robot_3.image_processor]: Zone=CLEAR
[image_processor-22] [INFO] [1776842830.415555418] [robot_1.image_processor]: Zone=CLEAR
[image_processor-24] [INFO] [1776842830.423865993] [robot_3.image_processor]: Zone=CLEAR
[image_processor-23] [INFO] [1776842830.432850184] [robot_2.image_processor]: Zone=CLEAR
[image_processor-25] [INFO] [1776842830.441188925] [robot_4.image_processor]: Zone=CLEAR
[image_processor-21] [INFO] [1776842830.449757592] [robot_0.image_processor]: Zone=CLEAR
[image_processor-22] [INFO] [1776842832.914790867] [robot_1.image_processor]: Zone=CLEAR
[image_processor-24] [INFO] [1776842832.924045289] [robot_3.image_processor]: Zone=CLEAR
[image_processor-23] [INFO] [1776842832.933286588] [robot_2.image_processor]: Zone=CLEAR
[image_processor-25] [INFO] [1776842832.943126759] [robot_4.image_processor]: Zone=CLEAR
[image_processor-21] [INFO] [1776842832.952691153] [robot_0.image_processor]: Zone=CLEAR
[image_processor-22] [INFO] [1776842835.414760235] [robot_1.image_processor]: Zone=CLEAR
[image_processor-24] [INFO] [1776842835.422947195] [robot_3.image_processor]: Zone=CLEAR
[image_processor-23] [INFO] [1776842835.435450511] [robot_2.image_processor]: Zone=CLEAR
[image_processor-25] [INFO] [1776842835.449268167] [robot_4.image_processor]: Zone=CLEAR
[image_processor-21] [INFO] [1776842835.462432959] [robot_0.image_processor]: Zone=CLEAR
[image_processor-22] [INFO] [1776842837.915638216] [robot_1.image_processor]: Zone=CLEAR
[image_processor-24] [INFO] [1776842837.923877831] [robot_3.image_processor]: Zone=CLEAR
[image_processor-23] [INFO] [1776842837.930795442] [robot_2.image_processor]: Zone=CLEAR
[image_processor-25] [INFO] [1776842837.940759358] [robot_4.image_processor]: Zone=CLEAR
[image_processor-21] [INFO] [1776842837.948858997] [robot_0.image_processor]: Zone=CLEAR
[image_processor-22] [INFO] [1776842840.414871884] [robot_1.image_processor]: Zone=CLEAR
[image_processor-24] [INFO] [1776842840.423335261] [robot_3.image_processor]: Zone=CLEAR
[image_processor-23] [INFO] [1776842840.431815417] [robot_2.image_processor]: Zone=CLEAR
[image_processor-25] [INFO] [1776842840.439624555] [robot_4.image_processor]: Zone=CLEAR
[image_processor-21] [INFO] [1776842840.447727414] [robot_0.image_processor]: Zone=CLEAR
[image_processor-22] [INFO] [1776842842.913430277] [robot_1.image_processor]: Zone=CLEAR
[image_processor-24] [INFO] [1776842842.921911611] [robot_3.image_processor]: Zone=CLEAR
[image_processor-23] [INFO] [1776842842.931283956] [robot_2.image_processor]: Zone=CLEAR
[image_processor-25] [INFO] [1776842842.939865692] [robot_4.image_processor]: Zone=CLEAR
[image_processor-21] [INFO] [1776842842.947938547] [robot_0.image_processor]: Zone=CLEAR
[image_processor-22] [INFO] [1776842845.414706590] [robot_1.image_processor]: Zone=CLEAR
[image_processor-23] [INFO] [1776842845.432201469] [robot_2.image_processor]: Zone=CLEAR
[image_processor-25] [INFO] [1776842845.440438603] [robot_4.image_processor]: Zone=CLEAR
[image_processor-24] [INFO] [1776842845.523314181] [robot_3.image_processor]: Zone=CLEAR
[image_processor-21] [INFO] [1776842845.550181935] [robot_0.image_processor]: Zone=CLEAR
[image_processor-22] [INFO] [1776842847.918336962] [robot_1.image_processor]: Zone=CLEAR
[image_processor-24] [INFO] [1776842847.929689769] [robot_3.image_processor]: Zone=CLEAR
[image_processor-23] [INFO] [1776842847.938529781] [robot_2.image_processor]: Zone=CLEAR
[image_processor-25] [INFO] [1776842847.947050881] [robot_4.image_processor]: Zone=CLEAR
[image_processor-21] [INFO] [1776842847.957196716] [robot_0.image_processor]: Zone=CLEAR
[image_processor-22] [INFO] [1776842850.416169053] [robot_1.image_processor]: Zone=CLEAR
[image_processor-24] [INFO] [1776842850.424987311] [robot_3.image_processor]: Zone=CLEAR
[image_processor-23] [INFO] [1776842850.433190136] [robot_2.image_processor]: Zone=CLEAR
[image_processor-25] [INFO] [1776842850.440937546] [robot_4.image_processor]: Zone=CLEAR
[image_processor-21] [INFO] [1776842850.450151413] [robot_0.image_processor]: Zone=CLEAR
[image_processor-22] [INFO] [1776842852.914805695] [robot_1.image_processor]: Zone=CLEAR
[image_processor-24] [INFO] [1776842852.926192133] [robot_3.image_processor]: Zone=CLEAR
[image_processor-23] [INFO] [1776842852.939503662] [robot_2.image_processor]: Zone=CLEAR
[image_processor-25] [INFO] [1776842852.954511253] [robot_4.image_processor]: Zone=CLEAR
[image_processor-21] [INFO] [1776842852.974646528] [robot_0.image_processor]: Zone=CLEAR
[image_processor-22] [INFO] [1776842855.414863009] [robot_1.image_processor]: Zone=CLEAR
[image_processor-24] [INFO] [1776842855.423948033] [robot_3.image_processor]: Zone=CLEAR
[image_processor-23] [INFO] [1776842855.432484167] [robot_2.image_processor]: Zone=CLEAR
[image_processor-25] [INFO] [1776842855.440856313] [robot_4.image_processor]: Zone=CLEAR
[image_processor-21] [INFO] [1776842855.449646142] [robot_0.image_processor]: Zone=CLEAR
[image_processor-24] [INFO] [1776842857.921353604] [robot_3.image_processor]: Zone=CLEAR
[image_processor-23] [INFO] [1776842857.929124472] [robot_2.image_processor]: Zone=CLEAR
[image_processor-25] [INFO] [1776842857.937351401] [robot_4.image_processor]: Zone=CLEAR
[image_processor-21] [INFO] [1776842857.945427150] [robot_0.image_processor]: Zone=CLEAR
[image_processor-22] [INFO] [1776842858.013661799] [robot_1.image_processor]: Zone=CLEAR
[image_processor-22] [INFO] [1776842860.425092423] [robot_1.image_processor]: Zone=CLEAR
[image_processor-24] [INFO] [1776842860.434824566] [robot_3.image_processor]: Zone=CLEAR
[image_processor-23] [INFO] [1776842860.443257729] [robot_2.image_processor]: Zone=CLEAR
[image_processor-25] [INFO] [1776842860.451094851] [robot_4.image_processor]: Zone=CLEAR
[image_processor-21] [INFO] [1776842860.460016936] [robot_0.image_processor]: Zone=CLEAR
[image_processor-22] [INFO] [1776842862.917638693] [robot_1.image_processor]: Zone=CLEAR
[image_processor-24] [INFO] [1776842862.925860810] [robot_3.image_processor]: Zone=CLEAR
[image_processor-23] [INFO] [1776842862.934868139] [robot_2.image_processor]: Zone=CLEAR
[image_processor-25] [INFO] [1776842862.942866908] [robot_4.image_processor]: Zone=CLEAR
[image_processor-21] [INFO] [1776842862.952346080] [robot_0.image_processor]: Zone=CLEAR
[image_processor-22] [INFO] [1776842865.416196374] [robot_1.image_processor]: Zone=CLEAR
[image_processor-24] [INFO] [1776842865.423153980] [robot_3.image_processor]: Zone=CLEAR
[image_processor-23] [INFO] [1776842865.431597245] [robot_2.image_processor]: Zone=CLEAR
[image_processor-25] [INFO] [1776842865.439578382] [robot_4.image_processor]: Zone=CLEAR
[image_processor-21] [INFO] [1776842865.447250133] [robot_0.image_processor]: Zone=CLEAR
[image_processor-22] [INFO] [1776842867.912662872] [robot_1.image_processor]: Zone=CLEAR
[image_processor-24] [INFO] [1776842867.920579536] [robot_3.image_processor]: Zone=CLEAR
[image_processor-23] [INFO] [1776842867.927507852] [robot_2.image_processor]: Zone=CLEAR
[image_processor-25] [INFO] [1776842867.934885734] [robot_4.image_processor]: Zone=CLEAR
[image_processor-21] [INFO] [1776842867.943509626] [robot_0.image_processor]: Zone=CLEAR
[image_processor-22] [INFO] [1776842870.415973851] [robot_1.image_processor]: Zone=CLEAR
[image_processor-24] [INFO] [1776842870.424633172] [robot_3.image_processor]: Zone=CLEAR
[image_processor-23] [INFO] [1776842870.433154332] [robot_2.image_processor]: Zone=CLEAR
[image_processor-25] [INFO] [1776842870.441776387] [robot_4.image_processor]: Zone=CLEAR
[image_processor-21] [INFO] [1776842870.450325357] [robot_0.image_processor]: Zone=CLEAR
[image_processor-22] [INFO] [1776842872.917205804] [robot_1.image_processor]: Zone=CLEAR
[image_processor-24] [INFO] [1776842872.926000388] [robot_3.image_processor]: Zone=CLEAR
[image_processor-23] [INFO] [1776842872.939673231] [robot_2.image_processor]: Zone=CLEAR
[image_processor-25] [INFO] [1776842872.947875565] [robot_4.image_processor]: Zone=CLEAR
[image_processor-21] [INFO] [1776842872.955924432] [robot_0.image_processor]: Zone=CLEAR
[image_processor-22] [INFO] [1776842875.416313904] [robot_1.image_processor]: Zone=CLEAR
[image_processor-24] [INFO] [1776842875.425324044] [robot_3.image_processor]: Zone=CLEAR
[image_processor-23] [INFO] [1776842875.434618104] [robot_2.image_processor]: Zone=CLEAR
[image_processor-25] [INFO] [1776842875.443711131] [robot_4.image_processor]: Zone=CLEAR
[image_processor-21] [INFO] [1776842875.451363131] [robot_0.image_processor]: Zone=CLEAR
[image_processor-22] [INFO] [1776842877.917261390] [robot_1.image_processor]: Zone=CLEAR
[image_processor-24] [INFO] [1776842877.925646908] [robot_3.image_processor]: Zone=CLEAR
[image_processor-23] [INFO] [1776842877.934685601] [robot_2.image_processor]: Zone=CLEAR
[image_processor-25] [INFO] [1776842877.941446272] [robot_4.image_processor]: Zone=CLEAR
[image_processor-21] [INFO] [1776842877.950183547] [robot_0.image_processor]: Zone=CLEAR
[image_processor-22] [INFO] [1776842880.416478992] [robot_1.image_processor]: Zone=CLEAR
[image_processor-24] [INFO] [1776842880.428296106] [robot_3.image_processor]: Zone=CLEAR
[image_processor-23] [INFO] [1776842880.441753236] [robot_2.image_processor]: Zone=CLEAR
[image_processor-25] [INFO] [1776842880.454725566] [robot_4.image_processor]: Zone=CLEAR
[image_processor-21] [INFO] [1776842880.467976952] [robot_0.image_processor]: Zone=CLEAR
[image_processor-22] [INFO] [1776842882.913698978] [robot_1.image_processor]: Zone=CLEAR
[image_processor-24] [INFO] [1776842882.927590386] [robot_3.image_processor]: Zone=CLEAR
[image_processor-23] [INFO] [1776842882.939172187] [robot_2.image_processor]: Zone=CLEAR
[image_processor-25] [INFO] [1776842882.947668663] [robot_4.image_processor]: Zone=CLEAR
[image_processor-21] [INFO] [1776842882.960258689] [robot_0.image_processor]: Zone=CLEAR
[image_processor-22] [INFO] [1776842885.415498061] [robot_1.image_processor]: Zone=CLEAR
[image_processor-24] [INFO] [1776842885.423268618] [robot_3.image_processor]: Zone=CLEAR
[image_processor-23] [INFO] [1776842885.431803211] [robot_2.image_processor]: Zone=CLEAR
[image_processor-25] [INFO] [1776842885.441016835] [robot_4.image_processor]: Zone=CLEAR
[image_processor-21] [INFO] [1776842885.448987730] [robot_0.image_processor]: Zone=CLEAR
[image_processor-22] [INFO] [1776842887.913142886] [robot_1.image_processor]: Zone=CLEAR
[image_processor-24] [INFO] [1776842887.923643382] [robot_3.image_processor]: Zone=CLEAR
[image_processor-23] [INFO] [1776842887.931651558] [robot_2.image_processor]: Zone=CLEAR
[image_processor-25] [INFO] [1776842887.940305323] [robot_4.image_processor]: Zone=CLEAR
[image_processor-21] [INFO] [1776842887.948762129] [robot_0.image_processor]: Zone=CLEAR
[image_processor-22] [INFO] [1776842890.413316021] [robot_1.image_processor]: Zone=CLEAR
[image_processor-24] [INFO] [1776842890.421644324] [robot_3.image_processor]: Zone=CLEAR
[image_processor-23] [INFO] [1776842890.429978534] [robot_2.image_processor]: Zone=CLEAR
[image_processor-25] [INFO] [1776842890.438383059] [robot_4.image_processor]: Zone=CLEAR
[image_processor-21] [INFO] [1776842890.546730227] [robot_0.image_processor]: Zone=CLEAR
[image_processor-22] [INFO] [1776842892.917345823] [robot_1.image_processor]: Zone=CLEAR
[image_processor-24] [INFO] [1776842892.926318224] [robot_3.image_processor]: Zone=CLEAR
[image_processor-23] [INFO] [1776842892.936395966] [robot_2.image_processor]: Zone=CLEAR
[image_processor-25] [INFO] [1776842892.943599990] [robot_4.image_processor]: Zone=CLEAR
[image_processor-21] [INFO] [1776842892.952744019] [robot_0.image_processor]: Zone=CLEAR
[image_processor-22] [INFO] [1776842895.422251409] [robot_1.image_processor]: Zone=CLEAR
[image_processor-24] [INFO] [1776842895.434379472] [robot_3.image_processor]: Zone=CLEAR
[image_processor-23] [INFO] [1776842895.443132615] [robot_2.image_processor]: Zone=CLEAR
[image_processor-25] [INFO] [1776842895.451256305] [robot_4.image_processor]: Zone=CLEAR
[image_processor-21] [INFO] [1776842895.460883974] [robot_0.image_processor]: Zone=CLEAR
[image_processor-22] [INFO] [1776842897.914815442] [robot_1.image_processor]: Zone=CLEAR
[image_processor-24] [INFO] [1776842897.923546497] [robot_3.image_processor]: Zone=CLEAR
[image_processor-23] [INFO] [1776842897.932785433] [robot_2.image_processor]: Zone=CLEAR
[image_processor-25] [INFO] [1776842897.945244522] [robot_4.image_processor]: Zone=CLEAR
[image_processor-21] [INFO] [1776842897.955928376] [robot_0.image_processor]: Zone=CLEAR
[image_processor-22] [INFO] [1776842900.415441570] [robot_1.image_processor]: Zone=CLEAR
[image_processor-24] [INFO] [1776842900.423770669] [robot_3.image_processor]: Zone=CLEAR
[image_processor-23] [INFO] [1776842900.435043352] [robot_2.image_processor]: Zone=CLEAR
[image_processor-25] [INFO] [1776842900.442944530] [robot_4.image_processor]: Zone=CLEAR
[image_processor-21] [INFO] [1776842900.451462009] [robot_0.image_processor]: Zone=CLEAR
[image_processor-22] [INFO] [1776842902.913225116] [robot_1.image_processor]: Zone=CLEAR
[image_processor-24] [INFO] [1776842902.923082453] [robot_3.image_processor]: Zone=CLEAR
[image_processor-23] [INFO] [1776842902.932781249] [robot_2.image_processor]: Zone=CLEAR
[image_processor-25] [INFO] [1776842902.941523621] [robot_4.image_processor]: Zone=CLEAR
[image_processor-21] [INFO] [1776842902.950496462] [robot_0.image_processor]: Zone=CLEAR
[image_processor-22] [INFO] [1776842905.415115862] [robot_1.image_processor]: Zone=CLEAR
[image_processor-24] [INFO] [1776842905.426792676] [robot_3.image_processor]: Zone=CLEAR
[image_processor-23] [INFO] [1776842905.442208192] [robot_2.image_processor]: Zone=CLEAR
[image_processor-25] [INFO] [1776842905.455402813] [robot_4.image_processor]: Zone=CLEAR
[image_processor-21] [INFO] [1776842905.468825202] [robot_0.image_processor]: Zone=CLEAR
[image_processor-22] [INFO] [1776842907.914960452] [robot_1.image_processor]: Zone=CLEAR
[image_processor-24] [INFO] [1776842907.922884997] [robot_3.image_processor]: Zone=CLEAR
[image_processor-23] [INFO] [1776842907.931452141] [robot_2.image_processor]: Zone=CLEAR
[image_processor-25] [INFO] [1776842907.939035150] [robot_4.image_processor]: Zone=CLEAR
[image_processor-21] [INFO] [1776842907.948830840] [robot_0.image_processor]: Zone=CLEAR
[image_processor-22] [INFO] [1776842910.415049912] [robot_1.image_processor]: Zone=CLEAR
[image_processor-21] [INFO] [1776842910.455909859] [robot_0.image_processor]: Zone=CLEAR
[image_processor-24] [INFO] [1776842910.523810108] [robot_3.image_processor]: Zone=CLEAR
[image_processor-23] [INFO] [1776842910.532482826] [robot_2.image_processor]: Zone=CLEAR
[image_processor-25] [INFO] [1776842910.546579822] [robot_4.image_processor]: Zone=CLEAR
[image_processor-22] [INFO] [1776842912.914202551] [robot_1.image_processor]: Zone=CLEAR
[image_processor-24] [INFO] [1776842912.922659434] [robot_3.image_processor]: Zone=CLEAR
[image_processor-23] [INFO] [1776842912.930222205] [robot_2.image_processor]: Zone=CLEAR
[image_processor-25] [INFO] [1776842912.938725855] [robot_4.image_processor]: Zone=CLEAR
[image_processor-21] [INFO] [1776842912.947142469] [robot_0.image_processor]: Zone=CLEAR
[image_processor-22] [INFO] [1776842915.416947930] [robot_1.image_processor]: Zone=CLEAR
[image_processor-24] [INFO] [1776842915.430715934] [robot_3.image_processor]: Zone=CLEAR
[image_processor-23] [INFO] [1776842915.439861184] [robot_2.image_processor]: Zone=CLEAR
[image_processor-25] [INFO] [1776842915.447985539] [robot_4.image_processor]: Zone=CLEAR
[image_processor-21] [INFO] [1776842915.455340503] [robot_0.image_processor]: Zone=CLEAR
[image_processor-22] [INFO] [1776842917.915494604] [robot_1.image_processor]: Zone=CLEAR
[image_processor-24] [INFO] [1776842917.923312671] [robot_3.image_processor]: Zone=CLEAR
[image_processor-23] [INFO] [1776842917.931421561] [robot_2.image_processor]: Zone=CLEAR
[image_processor-25] [INFO] [1776842917.939208361] [robot_4.image_processor]: Zone=CLEAR
[image_processor-21] [INFO] [1776842917.946736201] [robot_0.image_processor]: Zone=CLEAR
[image_processor-24] [INFO] [1776842920.424183163] [robot_3.image_processor]: Zone=CLEAR
[image_processor-23] [INFO] [1776842920.432542669] [robot_2.image_processor]: Zone=CLEAR
[image_processor-25] [INFO] [1776842920.441049765] [robot_4.image_processor]: Zone=CLEAR
[image_processor-21] [INFO] [1776842920.448513006] [robot_0.image_processor]: Zone=CLEAR
[image_processor-22] [INFO] [1776842920.515772134] [robot_1.image_processor]: Zone=CLEAR
[image_processor-22] [INFO] [1776842922.914004895] [robot_1.image_processor]: Zone=CLEAR
[image_processor-24] [INFO] [1776842922.922494490] [robot_3.image_processor]: Zone=CLEAR
[image_processor-23] [INFO] [1776842922.933588049] [robot_2.image_processor]: Zone=CLEAR
[image_processor-25] [INFO] [1776842922.944400245] [robot_4.image_processor]: Zone=CLEAR
[image_processor-21] [INFO] [1776842922.956153297] [robot_0.image_processor]: Zone=CLEAR
[image_processor-22] [INFO] [1776842925.414917398] [robot_1.image_processor]: Zone=CLEAR
[image_processor-24] [INFO] [1776842925.425846722] [robot_3.image_processor]: Zone=CLEAR
[image_processor-23] [INFO] [1776842925.434211765] [robot_2.image_processor]: Zone=CLEAR
[image_processor-25] [INFO] [1776842925.447323925] [robot_4.image_processor]: Zone=CLEAR
[image_processor-21] [INFO] [1776842925.458473873] [robot_0.image_processor]: Zone=CLEAR
[image_processor-22] [INFO] [1776842927.915805086] [robot_1.image_processor]: Zone=CLEAR
[image_processor-24] [INFO] [1776842927.924279850] [robot_3.image_processor]: Zone=CLEAR
[image_processor-23] [INFO] [1776842927.932071231] [robot_2.image_processor]: Zone=CLEAR
[image_processor-25] [INFO] [1776842927.940687029] [robot_4.image_processor]: Zone=CLEAR
[image_processor-21] [INFO] [1776842927.948664823] [robot_0.image_processor]: Zone=CLEAR
[image_processor-22] [INFO] [1776842930.415526187] [robot_1.image_processor]: Zone=CLEAR
[image_processor-24] [INFO] [1776842930.423498863] [robot_3.image_processor]: Zone=CLEAR
[image_processor-23] [INFO] [1776842930.433050995] [robot_2.image_processor]: Zone=CLEAR
[image_processor-25] [INFO] [1776842930.442394022] [robot_4.image_processor]: Zone=CLEAR
[image_processor-21] [INFO] [1776842930.452577941] [robot_0.image_processor]: Zone=CLEAR
[image_processor-22] [INFO] [1776842932.917912990] [robot_1.image_processor]: Zone=CLEAR
[image_processor-24] [INFO] [1776842932.928862309] [robot_3.image_processor]: Zone=CLEAR
[image_processor-23] [INFO] [1776842932.936337143] [robot_2.image_processor]: Zone=CLEAR
[image_processor-25] [INFO] [1776842932.943708147] [robot_4.image_processor]: Zone=CLEAR
[image_processor-21] [INFO] [1776842932.952928464] [robot_0.image_processor]: Zone=CLEAR
[image_processor-22] [INFO] [1776842935.415853303] [robot_1.image_processor]: Zone=CLEAR
[image_processor-24] [INFO] [1776842935.423513493] [robot_3.image_processor]: Zone=CLEAR
[image_processor-23] [INFO] [1776842935.436128612] [robot_2.image_processor]: Zone=CLEAR
[image_processor-25] [INFO] [1776842935.443925802] [robot_4.image_processor]: Zone=CLEAR
[image_processor-21] [INFO] [1776842935.451955601] [robot_0.image_processor]: Zone=CLEAR
[image_processor-22] [INFO] [1776842937.915865648] [robot_1.image_processor]: Zone=CLEAR
[image_processor-24] [INFO] [1776842937.925774046] [robot_3.image_processor]: Zone=CLEAR
[image_processor-23] [INFO] [1776842937.934252553] [robot_2.image_processor]: Zone=CLEAR
[image_processor-25] [INFO] [1776842937.943023457] [robot_4.image_processor]: Zone=CLEAR
[image_processor-21] [INFO] [1776842937.952123315] [robot_0.image_processor]: Zone=CLEAR
[image_processor-24] [INFO] [1776842940.425377616] [robot_3.image_processor]: Zone=CLEAR
[image_processor-23] [INFO] [1776842940.432784186] [robot_2.image_processor]: Zone=CLEAR
[image_processor-25] [INFO] [1776842940.439409301] [robot_4.image_processor]: Zone=CLEAR
[image_processor-21] [INFO] [1776842940.447348238] [robot_0.image_processor]: Zone=CLEAR
[image_processor-22] [INFO] [1776842940.518590792] [robot_1.image_processor]: Zone=CLEAR
[image_processor-22] [INFO] [1776842942.916012417] [robot_1.image_processor]: Zone=CLEAR
[image_processor-24] [INFO] [1776842942.925411761] [robot_3.image_processor]: Zone=CLEAR
[image_processor-23] [INFO] [1776842942.934021719] [robot_2.image_processor]: Zone=CLEAR
[image_processor-25] [INFO] [1776842942.942351984] [robot_4.image_processor]: Zone=CLEAR
[image_processor-21] [INFO] [1776842942.951621371] [robot_0.image_processor]: Zone=CLEAR
[image_processor-22] [INFO] [1776842945.417933898] [robot_1.image_processor]: Zone=CLEAR
[image_processor-24] [INFO] [1776842945.425343219] [robot_3.image_processor]: Zone=CLEAR
[image_processor-23] [INFO] [1776842945.433537342] [robot_2.image_processor]: Zone=CLEAR
[image_processor-25] [INFO] [1776842945.448702893] [robot_4.image_processor]: Zone=CLEAR
[image_processor-21] [INFO] [1776842945.463091485] [robot_0.image_processor]: Zone=CLEAR
[image_processor-22] [INFO] [1776842947.914077762] [robot_1.image_processor]: Zone=CLEAR
[image_processor-24] [INFO] [1776842947.920672338] [robot_3.image_processor]: Zone=CLEAR
[image_processor-25] [INFO] [1776842947.936317426] [robot_4.image_processor]: Zone=CLEAR
[image_processor-21] [INFO] [1776842947.942990119] [robot_0.image_processor]: Zone=CLEAR
[image_processor-23] [INFO] [1776842948.030237658] [robot_2.image_processor]: Zone=CLEAR
[image_processor-22] [INFO] [1776842950.414861454] [robot_1.image_processor]: Zone=CLEAR
[image_processor-24] [INFO] [1776842950.423616282] [robot_3.image_processor]: Zone=CLEAR
[image_processor-23] [INFO] [1776842950.432212519] [robot_2.image_processor]: Zone=CLEAR
[image_processor-25] [INFO] [1776842950.440418719] [robot_4.image_processor]: Zone=CLEAR
[image_processor-21] [INFO] [1776842950.450131627] [robot_0.image_processor]: Zone=CLEAR
[image_processor-22] [INFO] [1776842952.916729146] [robot_1.image_processor]: Zone=CLEAR
[image_processor-24] [INFO] [1776842952.925345664] [robot_3.image_processor]: Zone=CLEAR
[image_processor-23] [INFO] [1776842952.933348998] [robot_2.image_processor]: Zone=CLEAR
[image_processor-25] [INFO] [1776842952.943176841] [robot_4.image_processor]: Zone=CLEAR
[image_processor-21] [INFO] [1776842952.952157524] [robot_0.image_processor]: Zone=CLEAR
[image_processor-22] [INFO] [1776842955.415530753] [robot_1.image_processor]: Zone=CLEAR
[image_processor-23] [INFO] [1776842955.430993442] [robot_2.image_processor]: Zone=CLEAR
[image_processor-25] [INFO] [1776842955.439411553] [robot_4.image_processor]: Zone=CLEAR
[image_processor-21] [INFO] [1776842955.448859065] [robot_0.image_processor]: Zone=CLEAR
[image_processor-24] [INFO] [1776842955.525068930] [robot_3.image_processor]: Zone=CLEAR
[image_processor-22] [INFO] [1776842957.914591351] [robot_1.image_processor]: Zone=CLEAR
[image_processor-24] [INFO] [1776842957.922312286] [robot_3.image_processor]: Zone=CLEAR
[image_processor-23] [INFO] [1776842957.931082134] [robot_2.image_processor]: Zone=CLEAR
[image_processor-25] [INFO] [1776842957.938999764] [robot_4.image_processor]: Zone=CLEAR
[image_processor-21] [INFO] [1776842957.947501458] [robot_0.image_processor]: Zone=CLEAR
[image_processor-22] [INFO] [1776842960.412114267] [robot_1.image_processor]: Zone=CLEAR
[image_processor-24] [INFO] [1776842960.420947732] [robot_3.image_processor]: Zone=CLEAR
[image_processor-23] [INFO] [1776842960.429341591] [robot_2.image_processor]: Zone=CLEAR
[image_processor-25] [INFO] [1776842960.437586170] [robot_4.image_processor]: Zone=CLEAR
[image_processor-21] [INFO] [1776842960.447498221] [robot_0.image_processor]: Zone=CLEAR
[image_processor-22] [INFO] [1776842962.917642482] [robot_1.image_processor]: Zone=CLEAR
[image_processor-24] [INFO] [1776842962.929146228] [robot_3.image_processor]: Zone=CLEAR
[image_processor-23] [INFO] [1776842962.937197164] [robot_2.image_processor]: Zone=CLEAR
[image_processor-25] [INFO] [1776842962.947022354] [robot_4.image_processor]: Zone=CLEAR
[image_processor-21] [INFO] [1776842962.956161417] [robot_0.image_processor]: Zone=CLEAR
[image_processor-22] [INFO] [1776842965.419151756] [robot_1.image_processor]: Zone=CLEAR
[image_processor-24] [INFO] [1776842965.430191993] [robot_3.image_processor]: Zone=CLEAR
[image_processor-23] [INFO] [1776842965.438090923] [robot_2.image_processor]: Zone=CLEAR
[image_processor-25] [INFO] [1776842965.447275060] [robot_4.image_processor]: Zone=CLEAR
[image_processor-21] [INFO] [1776842965.458009717] [robot_0.image_processor]: Zone=CLEAR
[image_processor-22] [INFO] [1776842967.913612126] [robot_1.image_processor]: Zone=CLEAR
[image_processor-24] [INFO] [1776842967.923061388] [robot_3.image_processor]: Zone=CLEAR
[image_processor-23] [INFO] [1776842967.930209375] [robot_2.image_processor]: Zone=CLEAR
[image_processor-25] [INFO] [1776842967.939679996] [robot_4.image_processor]: Zone=CLEAR
[image_processor-21] [INFO] [1776842967.949653498] [robot_0.image_processor]: Zone=CLEAR
[image_processor-22] [INFO] [1776842970.419741622] [robot_1.image_processor]: Zone=CLEAR
[image_processor-24] [INFO] [1776842970.431777953] [robot_3.image_processor]: Zone=CLEAR
[image_processor-23] [INFO] [1776842970.440391106] [robot_2.image_processor]: Zone=CLEAR
[image_processor-25] [INFO] [1776842970.552085261] [robot_4.image_processor]: Zone=CLEAR
[image_processor-21] [INFO] [1776842970.562715405] [robot_0.image_processor]: Zone=CLEAR
[image_processor-22] [INFO] [1776842972.918781572] [robot_1.image_processor]: Zone=CLEAR
[image_processor-24] [INFO] [1776842972.931773013] [robot_3.image_processor]: Zone=CLEAR
[image_processor-23] [INFO] [1776842972.945282817] [robot_2.image_processor]: Zone=CLEAR
[image_processor-25] [INFO] [1776842972.957440541] [robot_4.image_processor]: Zone=CLEAR
[image_processor-21] [INFO] [1776842972.970358252] [robot_0.image_processor]: Zone=CLEAR
[image_processor-22] [INFO] [1776842975.414449050] [robot_1.image_processor]: Zone=CLEAR
[image_processor-24] [INFO] [1776842975.423970137] [robot_3.image_processor]: Zone=CLEAR
[image_processor-23] [INFO] [1776842975.432548492] [robot_2.image_processor]: Zone=CLEAR
[image_processor-25] [INFO] [1776842975.441212226] [robot_4.image_processor]: Zone=CLEAR
[image_processor-21] [INFO] [1776842975.449141418] [robot_0.image_processor]: Zone=CLEAR
[image_processor-22] [INFO] [1776842977.914384478] [robot_1.image_processor]: Zone=CLEAR
[image_processor-23] [INFO] [1776842977.937374582] [robot_2.image_processor]: Zone=CLEAR
[image_processor-25] [INFO] [1776842977.946840112] [robot_4.image_processor]: Zone=CLEAR
[image_processor-21] [INFO] [1776842977.954915488] [robot_0.image_processor]: Zone=CLEAR
[image_processor-24] [INFO] [1776842978.027844690] [robot_3.image_processor]: Zone=CLEAR
[image_processor-22] [INFO] [1776842980.420209587] [robot_1.image_processor]: Zone=CLEAR
[image_processor-24] [INFO] [1776842980.429647140] [robot_3.image_processor]: Zone=CLEAR
[image_processor-23] [INFO] [1776842980.439200752] [robot_2.image_processor]: Zone=CLEAR
[image_processor-25] [INFO] [1776842980.450275502] [robot_4.image_processor]: Zone=CLEAR
[image_processor-21] [INFO] [1776842980.461239531] [robot_0.image_processor]: Zone=CLEAR
[INFO] [image_processor-25]: sending signal 'SIGINT' to process[image_processor-25]
[ERROR] [ign gazebo-1]: process has died [pid 96245, exit code -15, cmd 'ruby /usr/bin/ign gazebo /home/ecem/ros2_ws/install/swarm_basics/share/swarm_basics/worlds/random_world.sdf -s -r --force-version 6'].
[ERROR] [parameter_bridge-4]: process has died [pid 96252, exit code -15, cmd '/opt/ros/humble/lib/ros_ign_bridge/parameter_bridge /robot_0/cmd_vel@geometry_msgs/msg/Twist]ignition.msgs.Twist /robot_0/odom@nav_msgs/msg/Odometry[ignition.msgs.Odometry /robot_0/depth_camera/depth_image@sensor_msgs/msg/Image[ignition.msgs.Image /world/random_world/model/robot_0/link/robot_0/base_footprint/sensor/contact_sensor/contact@ros_gz_interfaces/msg/Contacts[ignition.msgs.Contacts /robot_1/cmd_vel@geometry_msgs/msg/Twist]ignition.msgs.Twist /robot_1/odom@nav_msgs/msg/Odometry[ignition.msgs.Odometry /robot_1/depth_camera/depth_image@sensor_msgs/msg/Image[ignition.msgs.Image /world/random_world/model/robot_1/link/robot_1/base_footprint/sensor/contact_sensor/contact@ros_gz_interfaces/msg/Contacts[ignition.msgs.Contacts /robot_2/cmd_vel@geometry_msgs/msg/Twist]ignition.msgs.Twist /robot_2/odom@nav_msgs/msg/Odometry[ignition.msgs.Odometry /robot_2/depth_camera/depth_image@sensor_msgs/msg/Image[ignition.msgs.Image /world/random_world/model/robot_2/link/robot_2/base_footprint/sensor/contact_sensor/contact@ros_gz_interfaces/msg/Contacts[ignition.msgs.Contacts /robot_3/cmd_vel@geometry_msgs/msg/Twist]ignition.msgs.Twist /robot_3/odom@nav_msgs/msg/Odometry[ignition.msgs.Odometry /robot_3/depth_camera/depth_image@sensor_msgs/msg/Image[ignition.msgs.Image /world/random_world/model/robot_3/link/robot_3/base_footprint/sensor/contact_sensor/contact@ros_gz_interfaces/msg/Contacts[ignition.msgs.Contacts /robot_4/cmd_vel@geometry_msgs/msg/Twist]ignition.msgs.Twist /robot_4/odom@nav_msgs/msg/Odometry[ignition.msgs.Odometry /robot_4/depth_camera/depth_image@sensor_msgs/msg/Image[ignition.msgs.Image /world/random_world/model/robot_4/link/robot_4/base_footprint/sensor/contact_sensor/contact@ros_gz_interfaces/msg/Contacts[ignition.msgs.Contacts /world/random_world/dynamic_pose/info@tf2_msgs/msg/TFMessage[ignition.msgs.Pose_V --ros-args -r __node:=all_robots_bridge --params-file /tmp/launch_params_kccui998'].
[INFO] [parameter_bridge-20]: process has finished cleanly [pid 96295]
[INFO] [image_processor-24]: sending signal 'SIGINT' to process[image_processor-24]
[INFO] [bash-26]: process started with pid [96832]
[INFO] [image_processor-23]: sending signal 'SIGINT' to process[image_processor-23]
[INFO] [image_processor-22]: sending signal 'SIGINT' to process[image_processor-22]
[INFO] [image_processor-21]: sending signal 'SIGINT' to process[image_processor-21]
[INFO] [robot_supervisor-19]: sending signal 'SIGINT' to process[robot_supervisor-19]
[INFO] [robot_state_publisher-17]: sending signal 'SIGINT' to process[robot_state_publisher-17]
[INFO] [robot_supervisor-16]: sending signal 'SIGINT' to process[robot_supervisor-16]
[INFO] [robot_state_publisher-14]: sending signal 'SIGINT' to process[robot_state_publisher-14]
[INFO] [robot_supervisor-13]: sending signal 'SIGINT' to process[robot_supervisor-13]
[INFO] [robot_state_publisher-11]: sending signal 'SIGINT' to process[robot_state_publisher-11]
[INFO] [robot_supervisor-10]: sending signal 'SIGINT' to process[robot_supervisor-10]
[ERROR] [bash-26]: process has died [pid 96832, exit code -15, cmd 'bash -lc pkill -f parameter_bridge || true'].
[INFO] [robot_state_publisher-8]: sending signal 'SIGINT' to process[robot_state_publisher-8]
[INFO] [robot_supervisor-7]: sending signal 'SIGINT' to process[robot_supervisor-7]
[INFO] [robot_state_publisher-5]: sending signal 'SIGINT' to process[robot_state_publisher-5]
[INFO] [bump_counter-3]: sending signal 'SIGINT' to process[bump_counter-3]
[INFO] [coverage_counter-2]: sending signal 'SIGINT' to process[coverage_counter-2]
[parameter_bridge-20] [INFO] [1776842982.508021658] [rclcpp]: signal_handler(SIGINT/SIGTERM)
[parameter_bridge-4] [INFO] [1776842982.508042499] [rclcpp]: signal_handler(SIGINT/SIGTERM)
[INFO] [launch]: process[ign gazebo-1] was required: shutting down launched system
[image_processor-25] [INFO] [1776842983.188716566] [rclcpp]: signal_handler(SIGINT/SIGTERM)
[image_processor-24] [INFO] [1776842983.191181644] [rclcpp]: signal_handler(SIGINT/SIGTERM)
[image_processor-23] [INFO] [1776842983.193362848] [rclcpp]: signal_handler(SIGINT/SIGTERM)
[image_processor-22] [INFO] [1776842983.195535856] [rclcpp]: signal_handler(SIGINT/SIGTERM)
[image_processor-21] [INFO] [1776842983.197788392] [rclcpp]: signal_handler(SIGINT/SIGTERM)
[robot_supervisor-19] Traceback (most recent call last):
[robot_supervisor-19]   File "/home/ecem/ros2_ws/install/swarm_basics/lib/swarm_basics/robot_supervisor", line 33, in <module>
[robot_supervisor-19]     sys.exit(load_entry_point('swarm-basics==0.0.0', 'console_scripts', 'robot_supervisor')())
[robot_supervisor-19]   File "/home/ecem/ros2_ws/install/swarm_basics/lib/python3.10/site-packages/swarm_basics/robot_supervisor.py", line 867, in main
[robot_supervisor-19]     rclpy.spin(node)
[robot_supervisor-19]   File "/opt/ros/humble/local/lib/python3.10/dist-packages/rclpy/__init__.py", line 229, in spin
[robot_supervisor-19]     executor.spin_once()
[robot_supervisor-19]   File "/opt/ros/humble/local/lib/python3.10/dist-packages/rclpy/executors.py", line 773, in spin_once
[robot_supervisor-19]     self._spin_once_impl(timeout_sec)
[robot_supervisor-19]   File "/opt/ros/humble/local/lib/python3.10/dist-packages/rclpy/executors.py", line 762, in _spin_once_impl
[robot_supervisor-19]     handler, entity, node = self.wait_for_ready_callbacks(timeout_sec=timeout_sec)
[robot_supervisor-19]   File "/opt/ros/humble/local/lib/python3.10/dist-packages/rclpy/executors.py", line 745, in wait_for_ready_callbacks
[robot_supervisor-19]     return next(self._cb_iter)
[robot_supervisor-19]   File "/opt/ros/humble/local/lib/python3.10/dist-packages/rclpy/executors.py", line 642, in _wait_for_ready_callbacks
[robot_supervisor-19]     wait_set.wait(timeout_nsec)
[robot_supervisor-19] KeyboardInterrupt
[robot_state_publisher-17] [INFO] [1776842983.205072678] [rclcpp]: signal_handler(SIGINT/SIGTERM)
[robot_supervisor-16] Traceback (most recent call last):
[robot_supervisor-16]   File "/home/ecem/ros2_ws/install/swarm_basics/lib/swarm_basics/robot_supervisor", line 33, in <module>
[robot_supervisor-16]     sys.exit(load_entry_point('swarm-basics==0.0.0', 'console_scripts', 'robot_supervisor')())
[robot_supervisor-16]   File "/home/ecem/ros2_ws/install/swarm_basics/lib/python3.10/site-packages/swarm_basics/robot_supervisor.py", line 867, in main
[robot_supervisor-16]     rclpy.spin(node)
[robot_supervisor-16]   File "/opt/ros/humble/local/lib/python3.10/dist-packages/rclpy/__init__.py", line 229, in spin
[robot_supervisor-16]     executor.spin_once()
[robot_supervisor-16]   File "/opt/ros/humble/local/lib/python3.10/dist-packages/rclpy/executors.py", line 773, in spin_once
[robot_supervisor-16]     self._spin_once_impl(timeout_sec)
[robot_supervisor-16]   File "/opt/ros/humble/local/lib/python3.10/dist-packages/rclpy/executors.py", line 762, in _spin_once_impl
[robot_supervisor-16]     handler, entity, node = self.wait_for_ready_callbacks(timeout_sec=timeout_sec)
[robot_supervisor-16]   File "/opt/ros/humble/local/lib/python3.10/dist-packages/rclpy/executors.py", line 745, in wait_for_ready_callbacks
[robot_supervisor-16]     return next(self._cb_iter)
[robot_supervisor-16]   File "/opt/ros/humble/local/lib/python3.10/dist-packages/rclpy/executors.py", line 642, in _wait_for_ready_callbacks
[robot_supervisor-16]     wait_set.wait(timeout_nsec)
[robot_supervisor-16] KeyboardInterrupt
[robot_state_publisher-14] [INFO] [1776842983.212337817] [rclcpp]: signal_handler(SIGINT/SIGTERM)
[robot_supervisor-13] Traceback (most recent call last):
[robot_supervisor-13]   File "/home/ecem/ros2_ws/install/swarm_basics/lib/swarm_basics/robot_supervisor", line 33, in <module>
[robot_supervisor-13]     sys.exit(load_entry_point('swarm-basics==0.0.0', 'console_scripts', 'robot_supervisor')())
[robot_supervisor-13]   File "/home/ecem/ros2_ws/install/swarm_basics/lib/python3.10/site-packages/swarm_basics/robot_supervisor.py", line 867, in main
[robot_supervisor-13]     rclpy.spin(node)
[robot_supervisor-13]   File "/opt/ros/humble/local/lib/python3.10/dist-packages/rclpy/__init__.py", line 229, in spin
[robot_supervisor-13]     executor.spin_once()
[robot_supervisor-13]   File "/opt/ros/humble/local/lib/python3.10/dist-packages/rclpy/executors.py", line 773, in spin_once
[robot_supervisor-13]     self._spin_once_impl(timeout_sec)
[robot_supervisor-13]   File "/opt/ros/humble/local/lib/python3.10/dist-packages/rclpy/executors.py", line 762, in _spin_once_impl
[robot_supervisor-13]     handler, entity, node = self.wait_for_ready_callbacks(timeout_sec=timeout_sec)
[robot_supervisor-13]   File "/opt/ros/humble/local/lib/python3.10/dist-packages/rclpy/executors.py", line 745, in wait_for_ready_callbacks
[robot_supervisor-13]     return next(self._cb_iter)
[robot_supervisor-13]   File "/opt/ros/humble/local/lib/python3.10/dist-packages/rclpy/executors.py", line 642, in _wait_for_ready_callbacks
[robot_supervisor-13]     wait_set.wait(timeout_nsec)
[robot_supervisor-13] KeyboardInterrupt
[robot_state_publisher-11] [INFO] [1776842983.220254764] [rclcpp]: signal_handler(SIGINT/SIGTERM)
[robot_supervisor-10] Traceback (most recent call last):
[robot_supervisor-10]   File "/home/ecem/ros2_ws/install/swarm_basics/lib/swarm_basics/robot_supervisor", line 33, in <module>
[robot_supervisor-10]     sys.exit(load_entry_point('swarm-basics==0.0.0', 'console_scripts', 'robot_supervisor')())
[robot_supervisor-10]   File "/home/ecem/ros2_ws/install/swarm_basics/lib/python3.10/site-packages/swarm_basics/robot_supervisor.py", line 867, in main
[robot_supervisor-10]     rclpy.spin(node)
[robot_supervisor-10]   File "/opt/ros/humble/local/lib/python3.10/dist-packages/rclpy/__init__.py", line 229, in spin
[robot_supervisor-10]     executor.spin_once()
[robot_supervisor-10]   File "/opt/ros/humble/local/lib/python3.10/dist-packages/rclpy/executors.py", line 773, in spin_once
[robot_supervisor-10]     self._spin_once_impl(timeout_sec)
[robot_supervisor-10]   File "/opt/ros/humble/local/lib/python3.10/dist-packages/rclpy/executors.py", line 762, in _spin_once_impl
[robot_supervisor-10]     handler, entity, node = self.wait_for_ready_callbacks(timeout_sec=timeout_sec)
[robot_supervisor-10]   File "/opt/ros/humble/local/lib/python3.10/dist-packages/rclpy/executors.py", line 745, in wait_for_ready_callbacks
[robot_supervisor-10]     return next(self._cb_iter)
[robot_supervisor-10]   File "/opt/ros/humble/local/lib/python3.10/dist-packages/rclpy/executors.py", line 642, in _wait_for_ready_callbacks
[robot_supervisor-10]     wait_set.wait(timeout_nsec)
[robot_supervisor-10] KeyboardInterrupt
[robot_state_publisher-8] [INFO] [1776842983.228076827] [rclcpp]: signal_handler(SIGINT/SIGTERM)
[robot_supervisor-7] Traceback (most recent call last):
[robot_supervisor-7]   File "/home/ecem/ros2_ws/install/swarm_basics/lib/swarm_basics/robot_supervisor", line 33, in <module>
[robot_supervisor-7]     sys.exit(load_entry_point('swarm-basics==0.0.0', 'console_scripts', 'robot_supervisor')())
[robot_supervisor-7]   File "/home/ecem/ros2_ws/install/swarm_basics/lib/python3.10/site-packages/swarm_basics/robot_supervisor.py", line 867, in main
[robot_supervisor-7]     rclpy.spin(node)
[robot_supervisor-7]   File "/opt/ros/humble/local/lib/python3.10/dist-packages/rclpy/__init__.py", line 229, in spin
[robot_supervisor-7]     executor.spin_once()
[robot_supervisor-7]   File "/opt/ros/humble/local/lib/python3.10/dist-packages/rclpy/executors.py", line 773, in spin_once
[robot_supervisor-7]     self._spin_once_impl(timeout_sec)
[robot_supervisor-7]   File "/opt/ros/humble/local/lib/python3.10/dist-packages/rclpy/executors.py", line 762, in _spin_once_impl
[robot_supervisor-7]     handler, entity, node = self.wait_for_ready_callbacks(timeout_sec=timeout_sec)
[robot_supervisor-7]   File "/opt/ros/humble/local/lib/python3.10/dist-packages/rclpy/executors.py", line 745, in wait_for_ready_callbacks
[robot_supervisor-7]     return next(self._cb_iter)
[robot_supervisor-7]   File "/opt/ros/humble/local/lib/python3.10/dist-packages/rclpy/executors.py", line 642, in _wait_for_ready_callbacks
[robot_supervisor-7]     wait_set.wait(timeout_nsec)
[robot_supervisor-7] KeyboardInterrupt
[robot_state_publisher-5] [INFO] [1776842983.235505958] [rclcpp]: signal_handler(SIGINT/SIGTERM)
[ERROR] [launch]: Caught exception in launch (see debug for traceback): ExecuteLocal action 'bash-27': executed more than once: <launch.actions.execute_process.ExecuteProcess object at 0x7dbcef6ac850>
[INFO] [image_processor-25]: process has finished cleanly [pid 96650]
[INFO] [image_processor-24]: process has finished cleanly [pid 96648]
[INFO] [image_processor-23]: process has finished cleanly [pid 96646]
[INFO] [image_processor-22]: process has finished cleanly [pid 96644]
[INFO] [image_processor-21]: process has finished cleanly [pid 96642]
[INFO] [robot_state_publisher-17]: process has finished cleanly [pid 96282]
[INFO] [robot_state_publisher-14]: process has finished cleanly [pid 96275]
[INFO] [robot_state_publisher-11]: process has finished cleanly [pid 96268]
[INFO] [robot_state_publisher-8]: process has finished cleanly [pid 96262]
[INFO] [robot_state_publisher-5]: process has finished cleanly [pid 96254]
[coverage_counter-2] Traceback (most recent call last):
[coverage_counter-2]   File "/home/ecem/ros2_ws/install/swarm_basics/lib/python3.10/site-packages/swarm_basics/coverage_counter.py", line 418, in main
[coverage_counter-2]     rclpy.spin(node)
[coverage_counter-2]   File "/opt/ros/humble/local/lib/python3.10/dist-packages/rclpy/__init__.py", line 229, in spin
[coverage_counter-2]     executor.spin_once()
[coverage_counter-2]   File "/opt/ros/humble/local/lib/python3.10/dist-packages/rclpy/executors.py", line 773, in spin_once
[bump_counter-3] Traceback (most recent call last):
[bump_counter-3]   File "/home/ecem/ros2_ws/install/swarm_basics/lib/swarm_basics/bump_counter", line 33, in <module>
[bump_counter-3]     sys.exit(load_entry_point('swarm-basics==0.0.0', 'console_scripts', 'bump_counter')())
[bump_counter-3]   File "/home/ecem/ros2_ws/install/swarm_basics/lib/python3.10/site-packages/swarm_basics/bump_counter.py", line 384, in main
[bump_counter-3]     rclpy.shutdown()
[bump_counter-3]   File "/opt/ros/humble/local/lib/python3.10/dist-packages/rclpy/__init__.py", line 130, in shutdown
[bump_counter-3]     _shutdown(context=context)
[bump_counter-3]   File "/opt/ros/humble/local/lib/python3.10/dist-packages/rclpy/utilities.py", line 58, in shutdown
[bump_counter-3]     return context.shutdown()
[bump_counter-3]   File "/opt/ros/humble/local/lib/python3.10/dist-packages/rclpy/context.py", line 102, in shutdown
[bump_counter-3]     self.__context.shutdown()
[bump_counter-3] rclpy._rclpy_pybind11.RCLError: failed to shutdown: rcl_shutdown already called on the given context, at ./src/rcl/init.c:241
[coverage_counter-2]     self._spin_once_impl(timeout_sec)
[coverage_counter-2]   File "/opt/ros/humble/local/lib/python3.10/dist-packages/rclpy/executors.py", line 768, in _spin_once_impl
[coverage_counter-2]     handler()
[coverage_counter-2]   File "/opt/ros/humble/local/lib/python3.10/dist-packages/rclpy/task.py", line 254, in __call__
[coverage_counter-2]     self._handler.send(None)
[coverage_counter-2]   File "/opt/ros/humble/local/lib/python3.10/dist-packages/rclpy/executors.py", line 463, in handler
[coverage_counter-2]     await call_coroutine(entity, arg)
[coverage_counter-2]   File "/opt/ros/humble/local/lib/python3.10/dist-packages/rclpy/executors.py", line 371, in _execute_timer
[coverage_counter-2]     await await_or_execute(tmr.callback)
[coverage_counter-2]   File "/opt/ros/humble/local/lib/python3.10/dist-packages/rclpy/executors.py", line 107, in await_or_execute
[coverage_counter-2]     return callback(*args)
[coverage_counter-2]   File "/home/ecem/ros2_ws/install/swarm_basics/lib/python3.10/site-packages/swarm_basics/coverage_counter.py", line 152, in _on_timeout_timer
[coverage_counter-2]     self.shutdown_and_save()
[coverage_counter-2]   File "/home/ecem/ros2_ws/install/swarm_basics/lib/python3.10/site-packages/swarm_basics/coverage_counter.py", line 174, in shutdown_and_save
[coverage_counter-2]     rclpy.shutdown()
[coverage_counter-2]   File "/opt/ros/humble/local/lib/python3.10/dist-packages/rclpy/__init__.py", line 130, in shutdown
[coverage_counter-2]     _shutdown(context=context)
[coverage_counter-2]   File "/opt/ros/humble/local/lib/python3.10/dist-packages/rclpy/utilities.py", line 58, in shutdown
[coverage_counter-2]     return context.shutdown()
[coverage_counter-2]   File "/opt/ros/humble/local/lib/python3.10/dist-packages/rclpy/context.py", line 103, in shutdown
[coverage_counter-2]     self._call_on_shutdown_callbacks()
[coverage_counter-2]   File "/opt/ros/humble/local/lib/python3.10/dist-packages/rclpy/context.py", line 92, in _call_on_shutdown_callbacks
[coverage_counter-2]     callback = weak_method()
[coverage_counter-2]   File "/opt/ros/humble/local/lib/python3.10/dist-packages/rclpy/__init__.py", line 111, in reset_executor
[coverage_counter-2]     __executor.shutdown()
[coverage_counter-2]   File "/opt/ros/humble/local/lib/python3.10/dist-packages/rclpy/executors.py", line 227, in shutdown
[coverage_counter-2]     if not self._work_tracker.wait(timeout_sec):
[coverage_counter-2]   File "/opt/ros/humble/local/lib/python3.10/dist-packages/rclpy/executors.py", line 94, in wait
[coverage_counter-2]     if not self._work_condition.wait_for(
[coverage_counter-2]   File "/usr/lib/python3.10/threading.py", line 355, in wait_for
[coverage_counter-2]     self.wait(waittime)
[coverage_counter-2]   File "/usr/lib/python3.10/threading.py", line 320, in wait
[coverage_counter-2]     waiter.acquire()
[coverage_counter-2] KeyboardInterrupt
[coverage_counter-2] 
[coverage_counter-2] During handling of the above exception, another exception occurred:
[coverage_counter-2] 
[coverage_counter-2] Traceback (most recent call last):
[coverage_counter-2]   File "/home/ecem/ros2_ws/install/swarm_basics/lib/swarm_basics/coverage_counter", line 33, in <module>
[coverage_counter-2]     sys.exit(load_entry_point('swarm-basics==0.0.0', 'console_scripts', 'coverage_counter')())
[coverage_counter-2]   File "/home/ecem/ros2_ws/install/swarm_basics/lib/python3.10/site-packages/swarm_basics/coverage_counter.py", line 421, in main
[coverage_counter-2]     node.shutdown_and_save()
[coverage_counter-2]   File "/home/ecem/ros2_ws/install/swarm_basics/lib/python3.10/site-packages/swarm_basics/coverage_counter.py", line 174, in shutdown_and_save
[coverage_counter-2]     rclpy.shutdown()
[coverage_counter-2]   File "/opt/ros/humble/local/lib/python3.10/dist-packages/rclpy/__init__.py", line 130, in shutdown
[coverage_counter-2]     _shutdown(context=context)
[coverage_counter-2]   File "/opt/ros/humble/local/lib/python3.10/dist-packages/rclpy/utilities.py", line 58, in shutdown
[coverage_counter-2]     return context.shutdown()
[coverage_counter-2]   File "/opt/ros/humble/local/lib/python3.10/dist-packages/rclpy/context.py", line 100, in shutdown
[coverage_counter-2]     raise RuntimeError('Context must be initialized before it can be shutdown')
[coverage_counter-2] RuntimeError: Context must be initialized before it can be shutdown
[ERROR] [coverage_counter-2]: process has died [pid 96247, exit code 1, cmd '/home/ecem/ros2_ws/install/swarm_basics/lib/swarm_basics/coverage_counter --ros-args -r __node:=coverage_counter --params-file /tmp/launch_params__okwwh66 --params-file /tmp/launch_params_pjqi0_dm --params-file /tmp/launch_params_fquvdi3r --params-file /tmp/launch_params_553ymhwb --params-file /tmp/launch_params_h9vah3l0 --params-file /tmp/launch_params_nc7mfarv'].
[ERROR] [bump_counter-3]: process has died [pid 96250, exit code 1, cmd '/home/ecem/ros2_ws/install/swarm_basics/lib/swarm_basics/bump_counter --ros-args -r __node:=bump_counter --params-file /tmp/launch_params_d9vl3s71 --params-file /tmp/launch_params_ur1z_d3z --params-file /tmp/launch_params_570c_5v2'].
[ERROR] [robot_supervisor-16]: process has died [pid 96280, exit code -2, cmd '/home/ecem/ros2_ws/install/swarm_basics/lib/swarm_basics/robot_supervisor --ros-args -r __node:=robot_supervisor -r __ns:=/robot_3 --params-file /tmp/launch_params_3m8edh8f --params-file /tmp/launch_params_5nf5jmih --params-file /tmp/launch_params_1kchfedt --params-file /tmp/launch_params_jw_fizj8'].
[ERROR] [robot_supervisor-19]: process has died [pid 96293, exit code -2, cmd '/home/ecem/ros2_ws/install/swarm_basics/lib/swarm_basics/robot_supervisor --ros-args -r __node:=robot_supervisor -r __ns:=/robot_4 --params-file /tmp/launch_params_zooct3v5 --params-file /tmp/launch_params_bztzy45m --params-file /tmp/launch_params_01y9ripl --params-file /tmp/launch_params_igb9qqif'].
[ERROR] [robot_supervisor-13]: process has died [pid 96272, exit code -2, cmd '/home/ecem/ros2_ws/install/swarm_basics/lib/swarm_basics/robot_supervisor --ros-args -r __node:=robot_supervisor -r __ns:=/robot_2 --params-file /tmp/launch_params_3fa_dx3_ --params-file /tmp/launch_params_o6afqqyi --params-file /tmp/launch_params_hr853k3g --params-file /tmp/launch_params_ymvqq6yb'].
[ERROR] [robot_supervisor-10]: process has died [pid 96266, exit code -2, cmd '/home/ecem/ros2_ws/install/swarm_basics/lib/swarm_basics/robot_supervisor --ros-args -r __node:=robot_supervisor -r __ns:=/robot_1 --params-file /tmp/launch_params_9ojbfroo --params-file /tmp/launch_params_wzckbdor --params-file /tmp/launch_params_vv01pyvl --params-file /tmp/launch_params__5kih4of'].
[ERROR] [robot_supervisor-7]: process has died [pid 96259, exit code -2, cmd '/home/ecem/ros2_ws/install/swarm_basics/lib/swarm_basics/robot_supervisor --ros-args -r __node:=robot_supervisor -r __ns:=/robot_0 --params-file /tmp/launch_params_zo4xa8x5 --params-file /tmp/launch_params_w934z4fe --params-file /tmp/launch_params_tokon8ju --params-file /tmp/launch_params_fcpt06mv'].
