Starting >>> leo_image
Starting >>> swarm_basics
Finished <<< leo_image [0.21s]
Finished <<< swarm_basics [0.57s]

Summary: 2 packages finished [1.43s]
[INFO] [launch]: All log files can be found below /home/ecem/.ros/log/2026-04-18-03-58-08-297748-ecem-pc-505043
[INFO] [launch]: Default logging verbosity is set to INFO
[INFO] [ign gazebo-1]: process started with pid [505107]
[INFO] [coverage_counter-2]: process started with pid [505109]
[INFO] [bump_counter-3]: process started with pid [505112]
[INFO] [parameter_bridge-4]: process started with pid [505114]
[INFO] [robot_state_publisher-5]: process started with pid [505116]
[INFO] [create-6]: process started with pid [505118]
[INFO] [robot_supervisor-7]: process started with pid [505121]
[INFO] [robot_state_publisher-8]: process started with pid [505124]
[INFO] [create-9]: process started with pid [505126]
[INFO] [robot_supervisor-10]: process started with pid [505128]
[INFO] [robot_state_publisher-11]: process started with pid [505130]
[INFO] [create-12]: process started with pid [505132]
[INFO] [robot_supervisor-13]: process started with pid [505134]
[INFO] [robot_state_publisher-14]: process started with pid [505136]
[INFO] [create-15]: process started with pid [505138]
[INFO] [robot_supervisor-16]: process started with pid [505140]
[INFO] [robot_state_publisher-17]: process started with pid [505143]
[INFO] [create-18]: process started with pid [505151]
[INFO] [robot_supervisor-19]: process started with pid [505155]
[INFO] [parameter_bridge-20]: process started with pid [505157]
[parameter_bridge-4] [ros_ign_bridge] is deprecated! Redirecting to use [ros_gz_bridge] instead!
[parameter_bridge-4] 
[create-9] [INFO] [1776477488.719244516] [robot_1.ros_gz_sim]: Requesting list of world names.
[create-6] [INFO] [1776477488.720936598] [robot_0.ros_gz_sim]: Requesting list of world names.
[create-18] [INFO] [1776477488.723108851] [robot_4.ros_gz_sim]: Requesting list of world names.
[create-15] [INFO] [1776477488.723956431] [robot_3.ros_gz_sim]: Requesting list of world names.
[create-12] [INFO] [1776477488.726238734] [robot_2.ros_gz_sim]: Requesting list of world names.
[parameter_bridge-4] [INFO] [1776477488.727305272] [all_robots_bridge]: Creating ROS->GZ Bridge: [/robot_0/cmd_vel (geometry_msgs/msg/Twist) -> /robot_0/cmd_vel (ignition.msgs.Twist)] (Lazy 0)
[parameter_bridge-4] [INFO] [1776477488.728230939] [all_robots_bridge]: Creating GZ->ROS Bridge: [/robot_0/odom (ignition.msgs.Odometry) -> /robot_0/odom (nav_msgs/msg/Odometry)] (Lazy 0)
[parameter_bridge-4] [INFO] [1776477488.728772011] [all_robots_bridge]: Creating GZ->ROS Bridge: [/robot_0/depth_camera/depth_image (ignition.msgs.Image) -> /robot_0/depth_camera/depth_image (sensor_msgs/msg/Image)] (Lazy 0)
[parameter_bridge-4] [INFO] [1776477488.729404121] [all_robots_bridge]: Creating GZ->ROS Bridge: [/world/random_world/model/robot_0/link/robot_0/base_footprint/sensor/contact_sensor/contact (ignition.msgs.Contacts) -> /world/random_world/model/robot_0/link/robot_0/base_footprint/sensor/contact_sensor/contact (ros_gz_interfaces/msg/Contacts)] (Lazy 0)
[parameter_bridge-4] [INFO] [1776477488.729984046] [all_robots_bridge]: Creating ROS->GZ Bridge: [/robot_1/cmd_vel (geometry_msgs/msg/Twist) -> /robot_1/cmd_vel (ignition.msgs.Twist)] (Lazy 0)
[parameter_bridge-4] [INFO] [1776477488.730326652] [all_robots_bridge]: Creating GZ->ROS Bridge: [/robot_1/odom (ignition.msgs.Odometry) -> /robot_1/odom (nav_msgs/msg/Odometry)] (Lazy 0)
[parameter_bridge-4] [INFO] [1776477488.730634951] [all_robots_bridge]: Creating GZ->ROS Bridge: [/robot_1/depth_camera/depth_image (ignition.msgs.Image) -> /robot_1/depth_camera/depth_image (sensor_msgs/msg/Image)] (Lazy 0)
[parameter_bridge-4] [INFO] [1776477488.731139884] [all_robots_bridge]: Creating GZ->ROS Bridge: [/world/random_world/model/robot_1/link/robot_1/base_footprint/sensor/contact_sensor/contact (ignition.msgs.Contacts) -> /world/random_world/model/robot_1/link/robot_1/base_footprint/sensor/contact_sensor/contact (ros_gz_interfaces/msg/Contacts)] (Lazy 0)
[parameter_bridge-4] [INFO] [1776477488.731570674] [all_robots_bridge]: Creating ROS->GZ Bridge: [/robot_2/cmd_vel (geometry_msgs/msg/Twist) -> /robot_2/cmd_vel (ignition.msgs.Twist)] (Lazy 0)
[parameter_bridge-4] [INFO] [1776477488.731890062] [all_robots_bridge]: Creating GZ->ROS Bridge: [/robot_2/odom (ignition.msgs.Odometry) -> /robot_2/odom (nav_msgs/msg/Odometry)] (Lazy 0)
[parameter_bridge-4] [INFO] [1776477488.732267936] [all_robots_bridge]: Creating GZ->ROS Bridge: [/robot_2/depth_camera/depth_image (ignition.msgs.Image) -> /robot_2/depth_camera/depth_image (sensor_msgs/msg/Image)] (Lazy 0)
[parameter_bridge-4] [INFO] [1776477488.732617921] [all_robots_bridge]: Creating GZ->ROS Bridge: [/world/random_world/model/robot_2/link/robot_2/base_footprint/sensor/contact_sensor/contact (ignition.msgs.Contacts) -> /world/random_world/model/robot_2/link/robot_2/base_footprint/sensor/contact_sensor/contact (ros_gz_interfaces/msg/Contacts)] (Lazy 0)
[parameter_bridge-4] [INFO] [1776477488.733052942] [all_robots_bridge]: Creating ROS->GZ Bridge: [/robot_3/cmd_vel (geometry_msgs/msg/Twist) -> /robot_3/cmd_vel (ignition.msgs.Twist)] (Lazy 0)
[parameter_bridge-4] [INFO] [1776477488.733414196] [all_robots_bridge]: Creating GZ->ROS Bridge: [/robot_3/odom (ignition.msgs.Odometry) -> /robot_3/odom (nav_msgs/msg/Odometry)] (Lazy 0)
[parameter_bridge-4] [INFO] [1776477488.733733094] [all_robots_bridge]: Creating GZ->ROS Bridge: [/robot_3/depth_camera/depth_image (ignition.msgs.Image) -> /robot_3/depth_camera/depth_image (sensor_msgs/msg/Image)] (Lazy 0)
[parameter_bridge-4] [INFO] [1776477488.734055219] [all_robots_bridge]: Creating GZ->ROS Bridge: [/world/random_world/model/robot_3/link/robot_3/base_footprint/sensor/contact_sensor/contact (ignition.msgs.Contacts) -> /world/random_world/model/robot_3/link/robot_3/base_footprint/sensor/contact_sensor/contact (ros_gz_interfaces/msg/Contacts)] (Lazy 0)
[parameter_bridge-4] [INFO] [1776477488.734463521] [all_robots_bridge]: Creating ROS->GZ Bridge: [/robot_4/cmd_vel (geometry_msgs/msg/Twist) -> /robot_4/cmd_vel (ignition.msgs.Twist)] (Lazy 0)
[parameter_bridge-4] [INFO] [1776477488.734776798] [all_robots_bridge]: Creating GZ->ROS Bridge: [/robot_4/odom (ignition.msgs.Odometry) -> /robot_4/odom (nav_msgs/msg/Odometry)] (Lazy 0)
[parameter_bridge-4] [INFO] [1776477488.735117275] [all_robots_bridge]: Creating GZ->ROS Bridge: [/robot_4/depth_camera/depth_image (ignition.msgs.Image) -> /robot_4/depth_camera/depth_image (sensor_msgs/msg/Image)] (Lazy 0)
[parameter_bridge-4] [INFO] [1776477488.735782911] [all_robots_bridge]: Creating GZ->ROS Bridge: [/world/random_world/model/robot_4/link/robot_4/base_footprint/sensor/contact_sensor/contact (ignition.msgs.Contacts) -> /world/random_world/model/robot_4/link/robot_4/base_footprint/sensor/contact_sensor/contact (ros_gz_interfaces/msg/Contacts)] (Lazy 0)
[parameter_bridge-4] [INFO] [1776477488.736246078] [all_robots_bridge]: Creating GZ->ROS Bridge: [/world/random_world/dynamic_pose/info (ignition.msgs.Pose_V) -> /world/random_world/dynamic_pose/info (tf2_msgs/msg/TFMessage)] (Lazy 0)
[robot_state_publisher-14] [INFO] [1776477488.740821899] [robot_3.robot_state_publisher]: got segment robot_3/antenna_link
[robot_state_publisher-14] [INFO] [1776477488.740932909] [robot_3.robot_state_publisher]: got segment robot_3/base_footprint
[robot_state_publisher-14] [INFO] [1776477488.740947829] [robot_3.robot_state_publisher]: got segment robot_3/base_link
[robot_state_publisher-14] [INFO] [1776477488.740957253] [robot_3.robot_state_publisher]: got segment robot_3/realsense_link
[robot_state_publisher-14] [INFO] [1776477488.740965107] [robot_3.robot_state_publisher]: got segment robot_3/rocker_L_link
[robot_state_publisher-14] [INFO] [1776477488.740972807] [robot_3.robot_state_publisher]: got segment robot_3/rocker_R_link
[robot_state_publisher-14] [INFO] [1776477488.740979988] [robot_3.robot_state_publisher]: got segment robot_3/wheel_FL_link
[robot_state_publisher-14] [INFO] [1776477488.740987303] [robot_3.robot_state_publisher]: got segment robot_3/wheel_FR_link
[robot_state_publisher-14] [INFO] [1776477488.740994464] [robot_3.robot_state_publisher]: got segment robot_3/wheel_RL_link
[robot_state_publisher-14] [INFO] [1776477488.741001632] [robot_3.robot_state_publisher]: got segment robot_3/wheel_RR_link
[parameter_bridge-20] [INFO] [1776477488.743446933] [clock_bridge]: Creating GZ->ROS Bridge: [/clock (ignition.msgs.Clock) -> /clock (rosgraph_msgs/msg/Clock)] (Lazy 0)
[robot_state_publisher-11] [INFO] [1776477488.748148272] [robot_2.robot_state_publisher]: got segment robot_2/antenna_link
[robot_state_publisher-11] [INFO] [1776477488.748327200] [robot_2.robot_state_publisher]: got segment robot_2/base_footprint
[robot_state_publisher-11] [INFO] [1776477488.748342659] [robot_2.robot_state_publisher]: got segment robot_2/base_link
[robot_state_publisher-11] [INFO] [1776477488.748352471] [robot_2.robot_state_publisher]: got segment robot_2/realsense_link
[robot_state_publisher-11] [INFO] [1776477488.748360692] [robot_2.robot_state_publisher]: got segment robot_2/rocker_L_link
[robot_state_publisher-11] [INFO] [1776477488.748368716] [robot_2.robot_state_publisher]: got segment robot_2/rocker_R_link
[robot_state_publisher-11] [INFO] [1776477488.748376849] [robot_2.robot_state_publisher]: got segment robot_2/wheel_FL_link
[robot_state_publisher-11] [INFO] [1776477488.748384382] [robot_2.robot_state_publisher]: got segment robot_2/wheel_FR_link
[robot_state_publisher-11] [INFO] [1776477488.748391480] [robot_2.robot_state_publisher]: got segment robot_2/wheel_RL_link
[robot_state_publisher-11] [INFO] [1776477488.748398785] [robot_2.robot_state_publisher]: got segment robot_2/wheel_RR_link
[robot_state_publisher-5] [INFO] [1776477488.750626445] [robot_0.robot_state_publisher]: got segment robot_0/antenna_link
[robot_state_publisher-5] [INFO] [1776477488.750747313] [robot_0.robot_state_publisher]: got segment robot_0/base_footprint
[robot_state_publisher-5] [INFO] [1776477488.750760961] [robot_0.robot_state_publisher]: got segment robot_0/base_link
[robot_state_publisher-5] [INFO] [1776477488.750770477] [robot_0.robot_state_publisher]: got segment robot_0/realsense_link
[robot_state_publisher-5] [INFO] [1776477488.750778673] [robot_0.robot_state_publisher]: got segment robot_0/rocker_L_link
[robot_state_publisher-5] [INFO] [1776477488.750786213] [robot_0.robot_state_publisher]: got segment robot_0/rocker_R_link
[robot_state_publisher-5] [INFO] [1776477488.750793743] [robot_0.robot_state_publisher]: got segment robot_0/wheel_FL_link
[robot_state_publisher-5] [INFO] [1776477488.750801259] [robot_0.robot_state_publisher]: got segment robot_0/wheel_FR_link
[robot_state_publisher-5] [INFO] [1776477488.750808719] [robot_0.robot_state_publisher]: got segment robot_0/wheel_RL_link
[robot_state_publisher-5] [INFO] [1776477488.750816047] [robot_0.robot_state_publisher]: got segment robot_0/wheel_RR_link
[robot_state_publisher-17] [INFO] [1776477488.751500869] [robot_4.robot_state_publisher]: got segment robot_4/antenna_link
[robot_state_publisher-17] [INFO] [1776477488.751559143] [robot_4.robot_state_publisher]: got segment robot_4/base_footprint
[robot_state_publisher-17] [INFO] [1776477488.751564511] [robot_4.robot_state_publisher]: got segment robot_4/base_link
[robot_state_publisher-17] [INFO] [1776477488.751567593] [robot_4.robot_state_publisher]: got segment robot_4/realsense_link
[robot_state_publisher-17] [INFO] [1776477488.751570868] [robot_4.robot_state_publisher]: got segment robot_4/rocker_L_link
[robot_state_publisher-17] [INFO] [1776477488.751573536] [robot_4.robot_state_publisher]: got segment robot_4/rocker_R_link
[robot_state_publisher-17] [INFO] [1776477488.751576331] [robot_4.robot_state_publisher]: got segment robot_4/wheel_FL_link
[robot_state_publisher-17] [INFO] [1776477488.751578877] [robot_4.robot_state_publisher]: got segment robot_4/wheel_FR_link
[robot_state_publisher-17] [INFO] [1776477488.751581279] [robot_4.robot_state_publisher]: got segment robot_4/wheel_RL_link
[robot_state_publisher-17] [INFO] [1776477488.751583927] [robot_4.robot_state_publisher]: got segment robot_4/wheel_RR_link
[robot_state_publisher-8] [INFO] [1776477488.760500817] [robot_1.robot_state_publisher]: got segment robot_1/antenna_link
[robot_state_publisher-8] [INFO] [1776477488.760574855] [robot_1.robot_state_publisher]: got segment robot_1/base_footprint
[robot_state_publisher-8] [INFO] [1776477488.760580326] [robot_1.robot_state_publisher]: got segment robot_1/base_link
[robot_state_publisher-8] [INFO] [1776477488.760583826] [robot_1.robot_state_publisher]: got segment robot_1/realsense_link
[robot_state_publisher-8] [INFO] [1776477488.760586672] [robot_1.robot_state_publisher]: got segment robot_1/rocker_L_link
[robot_state_publisher-8] [INFO] [1776477488.760589299] [robot_1.robot_state_publisher]: got segment robot_1/rocker_R_link
[robot_state_publisher-8] [INFO] [1776477488.760591842] [robot_1.robot_state_publisher]: got segment robot_1/wheel_FL_link
[robot_state_publisher-8] [INFO] [1776477488.760594460] [robot_1.robot_state_publisher]: got segment robot_1/wheel_FR_link
[robot_state_publisher-8] [INFO] [1776477488.760597129] [robot_1.robot_state_publisher]: got segment robot_1/wheel_RL_link
[robot_state_publisher-8] [INFO] [1776477488.760599667] [robot_1.robot_state_publisher]: got segment robot_1/wheel_RR_link
[bump_counter-3] [INFO] [1776477488.907761211] [bump_counter]: [global] global_mode=True cooldown(robot)=0.80s cooldown(obs)=0.50s Logging to /home/ecem/ros2_ws/src/Leo_sct/results_exp/explore/vague/prompt_4/run_2/middle_circle/trial_1/run_20260418_035808/bumps_global_035808.csv
[robot_supervisor-7] [INFO] [1776477489.032829083] [robot_0.robot_supervisor]: Loaded initial mission 'explore' from explicit YAML explore_sup_gpt_vague_4_run_2_99.yaml
[robot_supervisor-13] [INFO] [1776477489.082553415] [robot_2.robot_supervisor]: Loaded initial mission 'explore' from explicit YAML explore_sup_gpt_vague_4_run_2_99.yaml
[robot_supervisor-19] [INFO] [1776477489.106199960] [robot_4.robot_supervisor]: Loaded initial mission 'explore' from explicit YAML explore_sup_gpt_vague_4_run_2_99.yaml
[robot_supervisor-10] [INFO] [1776477489.117114584] [robot_1.robot_supervisor]: Loaded initial mission 'explore' from explicit YAML explore_sup_gpt_vague_4_run_2_99.yaml
[robot_supervisor-16] [INFO] [1776477489.121111852] [robot_3.robot_supervisor]: Loaded initial mission 'explore' from explicit YAML explore_sup_gpt_vague_4_run_2_99.yaml
[parameter_bridge-4] [INFO] [1776477489.137086375] [all_robots_bridge]: Passing message from ROS geometry_msgs/msg/Twist to Gazebo gz.msgs.Twist (showing msg only once per type)
[create-12] [INFO] [1776477489.216831120] [robot_2.ros_gz_sim]: Waiting messages on topic [/robot_2/robot_description].
[create-15] [INFO] [1776477489.316882010] [robot_3.ros_gz_sim]: Waiting messages on topic [/robot_3/robot_description].
[create-6] [INFO] [1776477489.417201583] [robot_0.ros_gz_sim]: Waiting messages on topic [/robot_0/robot_description].
[create-18] [INFO] [1776477489.517494413] [robot_4.ros_gz_sim]: Waiting messages on topic [/robot_4/robot_description].
[create-12] [INFO] [1776477489.617054268] [robot_2.ros_gz_sim]: Requested creation of entity.
[create-12] [INFO] [1776477489.617120724] [robot_2.ros_gz_sim]: OK creation of entity.
[create-6] [INFO] [1776477489.617169454] [robot_0.ros_gz_sim]: Requested creation of entity.
[create-6] [INFO] [1776477489.617248059] [robot_0.ros_gz_sim]: OK creation of entity.
[create-18] [INFO] [1776477489.617174210] [robot_4.ros_gz_sim]: Requested creation of entity.
[create-18] [INFO] [1776477489.617242492] [robot_4.ros_gz_sim]: OK creation of entity.
[create-15] [INFO] [1776477489.617191543] [robot_3.ros_gz_sim]: Requested creation of entity.
[create-15] [INFO] [1776477489.617264771] [robot_3.ros_gz_sim]: OK creation of entity.
[create-9] [INFO] [1776477489.617865665] [robot_1.ros_gz_sim]: Waiting messages on topic [/robot_1/robot_description].
[create-9] [INFO] [1776477489.620729184] [robot_1.ros_gz_sim]: Requested creation of entity.
[create-9] [INFO] [1776477489.620755139] [robot_1.ros_gz_sim]: OK creation of entity.
[INFO] [create-6]: process has finished cleanly [pid 505118]
[INFO] [create-12]: process has finished cleanly [pid 505132]
[INFO] [create-18]: process has finished cleanly [pid 505151]
[INFO] [create-15]: process has finished cleanly [pid 505138]
[INFO] [create-9]: process has finished cleanly [pid 505126]
[bump_counter-3] [INFO] [1776477490.015912698] [bump_counter]: [global] subscribed: /world/random_world/model/robot_0/link/robot_0/base_footprint/sensor/contact_sensor/contact
[bump_counter-3] [INFO] [1776477490.016410628] [bump_counter]: [global] subscribed: /world/random_world/model/robot_1/link/robot_1/base_footprint/sensor/contact_sensor/contact
[bump_counter-3] [INFO] [1776477490.016761333] [bump_counter]: [global] subscribed: /world/random_world/model/robot_2/link/robot_2/base_footprint/sensor/contact_sensor/contact
[bump_counter-3] [INFO] [1776477490.017368167] [bump_counter]: [global] subscribed: /world/random_world/model/robot_3/link/robot_3/base_footprint/sensor/contact_sensor/contact
[bump_counter-3] [INFO] [1776477490.017921620] [bump_counter]: [global] subscribed: /world/random_world/model/robot_4/link/robot_4/base_footprint/sensor/contact_sensor/contact
[INFO] [image_processor-21]: process started with pid [505503]
[INFO] [image_processor-22]: process started with pid [505505]
[INFO] [image_processor-23]: process started with pid [505507]
[INFO] [image_processor-24]: process started with pid [505509]
[INFO] [image_processor-25]: process started with pid [505511]
[image_processor-21] [INFO] [1776477490.741577291] [robot_0.image_processor]: image_processor: depth='/robot_0/depth_camera/depth_image' aruco_runtime=disabled
[image_processor-22] [INFO] [1776477490.742419258] [robot_1.image_processor]: image_processor: depth='/robot_1/depth_camera/depth_image' aruco_runtime=disabled
[image_processor-23] [INFO] [1776477490.743072582] [robot_2.image_processor]: image_processor: depth='/robot_2/depth_camera/depth_image' aruco_runtime=disabled
[image_processor-24] [INFO] [1776477490.743973189] [robot_3.image_processor]: image_processor: depth='/robot_3/depth_camera/depth_image' aruco_runtime=disabled
[image_processor-25] [INFO] [1776477490.755143851] [robot_4.image_processor]: image_processor: depth='/robot_4/depth_camera/depth_image' aruco_runtime=disabled
[image_processor-23] [INFO] [1776477494.125173368] [robot_2.image_processor]: Zone=CLEAR  left[p=1.875 near=0 v=7650]  front[p=2.263 near=0 v=12349]  right[p=1.628 near=0 v=7740]
[image_processor-24] [INFO] [1776477494.133726772] [robot_3.image_processor]: Zone=CLEAR  left[p=0.894 near=0 v=7620]  front[p=3.072 near=0 v=13297]  right[p=2.913 near=0 v=7740]
[image_processor-21] [INFO] [1776477494.143144573] [robot_0.image_processor]: Zone=CLEAR  left[p=1.026 near=0 v=7650]  front[p=1.493 near=0 v=13500]  right[p=2.221 near=0 v=7740]
[image_processor-25] [INFO] [1776477494.152475076] [robot_4.image_processor]: Zone=CLEAR  left[p=2.299 near=0 v=7157]  front[p=2.450 near=0 v=13239]  right[p=3.007 near=0 v=7740]
[image_processor-22] [INFO] [1776477494.160480918] [robot_1.image_processor]: Zone=CLEAR  left[p=3.007 near=0 v=7650]  front[p=3.426 near=0 v=13244]  right[p=2.532 near=0 v=7517]
[image_processor-23] [INFO] [1776477496.627152362] [robot_2.image_processor]: Zone=CLEAR
[image_processor-24] [INFO] [1776477496.633920759] [robot_3.image_processor]: Zone=CLEAR
[image_processor-21] [INFO] [1776477496.642759662] [robot_0.image_processor]: Zone=CLEAR
[image_processor-25] [INFO] [1776477496.652625255] [robot_4.image_processor]: Zone=CLEAR
[image_processor-22] [INFO] [1776477496.761825774] [robot_1.image_processor]: Zone=CLEAR
[image_processor-23] [INFO] [1776477499.124971560] [robot_2.image_processor]: Zone=CLEAR
[image_processor-24] [INFO] [1776477499.132962404] [robot_3.image_processor]: Zone=CLEAR
[image_processor-21] [INFO] [1776477499.141397716] [robot_0.image_processor]: Zone=CLEAR
[image_processor-25] [INFO] [1776477499.150768276] [robot_4.image_processor]: Zone=CLEAR
[image_processor-22] [INFO] [1776477499.159551944] [robot_1.image_processor]: Zone=CLEAR
[image_processor-23] [INFO] [1776477501.627717008] [robot_2.image_processor]: Zone=CLEAR
[image_processor-21] [INFO] [1776477501.646279097] [robot_0.image_processor]: Zone=CLEAR
[image_processor-25] [INFO] [1776477501.654023458] [robot_4.image_processor]: Zone=CLEAR
[image_processor-22] [INFO] [1776477501.662408444] [robot_1.image_processor]: Zone=CLEAR
[image_processor-24] [INFO] [1776477501.737556250] [robot_3.image_processor]: Zone=CLEAR
[image_processor-23] [INFO] [1776477504.126756703] [robot_2.image_processor]: Zone=CLEAR
[image_processor-24] [INFO] [1776477504.134941283] [robot_3.image_processor]: Zone=CLEAR
[image_processor-21] [INFO] [1776477504.143272038] [robot_0.image_processor]: Zone=CLEAR
[image_processor-25] [INFO] [1776477504.152815847] [robot_4.image_processor]: Zone=CLEAR
[image_processor-22] [INFO] [1776477504.160720411] [robot_1.image_processor]: Zone=CLEAR
[image_processor-23] [INFO] [1776477506.624881471] [robot_2.image_processor]: Zone=CLEAR
[image_processor-24] [INFO] [1776477506.633466819] [robot_3.image_processor]: Zone=CLEAR
[image_processor-21] [INFO] [1776477506.643236015] [robot_0.image_processor]: Zone=CLEAR
[image_processor-25] [INFO] [1776477506.651678074] [robot_4.image_processor]: Zone=CLEAR
[image_processor-22] [INFO] [1776477506.661048491] [robot_1.image_processor]: Zone=CLEAR
[image_processor-23] [INFO] [1776477509.126050581] [robot_2.image_processor]: Zone=CLEAR
[image_processor-24] [INFO] [1776477509.133970076] [robot_3.image_processor]: Zone=CLEAR
[image_processor-21] [INFO] [1776477509.142112576] [robot_0.image_processor]: Zone=CLEAR
[image_processor-25] [INFO] [1776477509.151058386] [robot_4.image_processor]: Zone=CLEAR
[image_processor-22] [INFO] [1776477509.159478568] [robot_1.image_processor]: Zone=CLEAR
[image_processor-23] [INFO] [1776477511.626373227] [robot_2.image_processor]: Zone=CLEAR
[image_processor-24] [INFO] [1776477511.636762188] [robot_3.image_processor]: Zone=CLEAR
[image_processor-21] [INFO] [1776477511.645197659] [robot_0.image_processor]: Zone=CLEAR
[image_processor-25] [INFO] [1776477511.653535280] [robot_4.image_processor]: Zone=CLEAR
[image_processor-22] [INFO] [1776477511.663131977] [robot_1.image_processor]: Zone=CLEAR
[image_processor-23] [INFO] [1776477514.124477640] [robot_2.image_processor]: Zone=CLEAR
[image_processor-24] [INFO] [1776477514.132888282] [robot_3.image_processor]: Zone=CLEAR
[image_processor-21] [INFO] [1776477514.142395437] [robot_0.image_processor]: Zone=CLEAR
[image_processor-25] [INFO] [1776477514.150788445] [robot_4.image_processor]: Zone=CLEAR
[image_processor-22] [INFO] [1776477514.159271499] [robot_1.image_processor]: Zone=CLEAR
[image_processor-23] [INFO] [1776477516.625243217] [robot_2.image_processor]: Zone=CLEAR
[image_processor-24] [INFO] [1776477516.634165035] [robot_3.image_processor]: Zone=CLEAR
[image_processor-21] [INFO] [1776477516.641980587] [robot_0.image_processor]: Zone=CLEAR
[image_processor-25] [INFO] [1776477516.651434584] [robot_4.image_processor]: Zone=CLEAR
[image_processor-22] [INFO] [1776477516.659851780] [robot_1.image_processor]: Zone=CLEAR
[image_processor-23] [INFO] [1776477519.126084196] [robot_2.image_processor]: Zone=CLEAR
[image_processor-24] [INFO] [1776477519.133914809] [robot_3.image_processor]: Zone=CLEAR
[image_processor-21] [INFO] [1776477519.142548590] [robot_0.image_processor]: Zone=CLEAR
[image_processor-25] [INFO] [1776477519.151907917] [robot_4.image_processor]: Zone=CLEAR
[image_processor-22] [INFO] [1776477519.160432337] [robot_1.image_processor]: Zone=CLEAR
[image_processor-23] [INFO] [1776477521.624869243] [robot_2.image_processor]: Zone=CLEAR
[image_processor-21] [INFO] [1776477521.644943695] [robot_0.image_processor]: Zone=CLEAR
[image_processor-25] [INFO] [1776477521.651921930] [robot_4.image_processor]: Zone=CLEAR
[image_processor-22] [INFO] [1776477521.661562269] [robot_1.image_processor]: Zone=CLEAR
[image_processor-24] [INFO] [1776477521.734935381] [robot_3.image_processor]: Zone=CLEAR
[image_processor-23] [INFO] [1776477524.127838817] [robot_2.image_processor]: Zone=CLEAR
[image_processor-24] [INFO] [1776477524.135032312] [robot_3.image_processor]: Zone=CLEAR
[image_processor-21] [INFO] [1776477524.143188780] [robot_0.image_processor]: Zone=CLEAR
[image_processor-25] [INFO] [1776477524.151394525] [robot_4.image_processor]: Zone=CLEAR
[image_processor-22] [INFO] [1776477524.160228829] [robot_1.image_processor]: Zone=CLEAR
[image_processor-23] [INFO] [1776477526.624989030] [robot_2.image_processor]: Zone=CLEAR
[image_processor-24] [INFO] [1776477526.632804238] [robot_3.image_processor]: Zone=CLEAR
[image_processor-21] [INFO] [1776477526.641786521] [robot_0.image_processor]: Zone=CLEAR
[image_processor-25] [INFO] [1776477526.650282563] [robot_4.image_processor]: Zone=CLEAR
[image_processor-22] [INFO] [1776477526.657870165] [robot_1.image_processor]: Zone=CLEAR
[image_processor-23] [INFO] [1776477529.126219459] [robot_2.image_processor]: Zone=CLEAR
[image_processor-24] [INFO] [1776477529.134343072] [robot_3.image_processor]: Zone=CLEAR
[image_processor-21] [INFO] [1776477529.142491400] [robot_0.image_processor]: Zone=CLEAR
[image_processor-25] [INFO] [1776477529.154764529] [robot_4.image_processor]: Zone=CLEAR
[image_processor-22] [INFO] [1776477529.163767024] [robot_1.image_processor]: Zone=CLEAR
[image_processor-23] [INFO] [1776477531.624945032] [robot_2.image_processor]: Zone=CLEAR
[image_processor-24] [INFO] [1776477531.632579937] [robot_3.image_processor]: Zone=CLEAR
[image_processor-21] [INFO] [1776477531.641706341] [robot_0.image_processor]: Zone=CLEAR
[image_processor-25] [INFO] [1776477531.650344920] [robot_4.image_processor]: Zone=CLEAR
[image_processor-22] [INFO] [1776477531.659322902] [robot_1.image_processor]: Zone=CLEAR
[image_processor-23] [INFO] [1776477534.124636697] [robot_2.image_processor]: Zone=CLEAR
[image_processor-24] [INFO] [1776477534.131673033] [robot_3.image_processor]: Zone=CLEAR
[image_processor-21] [INFO] [1776477534.140899285] [robot_0.image_processor]: Zone=CLEAR
[image_processor-25] [INFO] [1776477534.150958123] [robot_4.image_processor]: Zone=CLEAR
[image_processor-22] [INFO] [1776477534.157905060] [robot_1.image_processor]: Zone=CLEAR
[image_processor-23] [INFO] [1776477536.625301062] [robot_2.image_processor]: Zone=CLEAR
[image_processor-24] [INFO] [1776477536.633779838] [robot_3.image_processor]: Zone=CLEAR
[image_processor-21] [INFO] [1776477536.640952708] [robot_0.image_processor]: Zone=CLEAR
[image_processor-25] [INFO] [1776477536.650626213] [robot_4.image_processor]: Zone=CLEAR
[image_processor-22] [INFO] [1776477536.658945979] [robot_1.image_processor]: Zone=CLEAR
[image_processor-23] [INFO] [1776477539.127965675] [robot_2.image_processor]: Zone=CLEAR
[image_processor-24] [INFO] [1776477539.134253816] [robot_3.image_processor]: Zone=CLEAR
[image_processor-21] [INFO] [1776477539.142448537] [robot_0.image_processor]: Zone=CLEAR
[image_processor-25] [INFO] [1776477539.151504451] [robot_4.image_processor]: Zone=CLEAR
[image_processor-22] [INFO] [1776477539.160137373] [robot_1.image_processor]: Zone=CLEAR
[image_processor-23] [INFO] [1776477541.630371836] [robot_2.image_processor]: Zone=CLEAR
[image_processor-24] [INFO] [1776477541.643437095] [robot_3.image_processor]: Zone=CLEAR
[image_processor-21] [INFO] [1776477541.654005562] [robot_0.image_processor]: Zone=CLEAR
[image_processor-25] [INFO] [1776477541.663612763] [robot_4.image_processor]: Zone=CLEAR
[image_processor-22] [INFO] [1776477541.672330907] [robot_1.image_processor]: Zone=CLEAR
[image_processor-23] [INFO] [1776477544.127717009] [robot_2.image_processor]: Zone=CLEAR
[image_processor-24] [INFO] [1776477544.139331709] [robot_3.image_processor]: Zone=CLEAR
[image_processor-21] [INFO] [1776477544.149612949] [robot_0.image_processor]: Zone=CLEAR
[image_processor-25] [INFO] [1776477544.160137084] [robot_4.image_processor]: Zone=CLEAR
[image_processor-22] [INFO] [1776477544.168553516] [robot_1.image_processor]: Zone=CLEAR
[image_processor-23] [INFO] [1776477546.626648994] [robot_2.image_processor]: Zone=CLEAR
[image_processor-24] [INFO] [1776477546.634957613] [robot_3.image_processor]: Zone=CLEAR
[image_processor-21] [INFO] [1776477546.642751813] [robot_0.image_processor]: Zone=CLEAR
[image_processor-25] [INFO] [1776477546.652389581] [robot_4.image_processor]: Zone=CLEAR
[image_processor-22] [INFO] [1776477546.660369802] [robot_1.image_processor]: Zone=CLEAR
[image_processor-23] [INFO] [1776477549.126581300] [robot_2.image_processor]: Zone=CLEAR
[image_processor-24] [INFO] [1776477549.134064787] [robot_3.image_processor]: Zone=CLEAR
[image_processor-21] [INFO] [1776477549.143131253] [robot_0.image_processor]: Zone=CLEAR
[image_processor-25] [INFO] [1776477549.151526944] [robot_4.image_processor]: Zone=CLEAR
[image_processor-22] [INFO] [1776477549.160738170] [robot_1.image_processor]: Zone=CLEAR
[image_processor-23] [INFO] [1776477551.625252868] [robot_2.image_processor]: Zone=CLEAR
[image_processor-24] [INFO] [1776477551.632685774] [robot_3.image_processor]: Zone=CLEAR
[image_processor-21] [INFO] [1776477551.642030931] [robot_0.image_processor]: Zone=CLEAR
[image_processor-25] [INFO] [1776477551.650592942] [robot_4.image_processor]: Zone=CLEAR
[image_processor-22] [INFO] [1776477551.658765500] [robot_1.image_processor]: Zone=CLEAR
[image_processor-23] [INFO] [1776477554.126074288] [robot_2.image_processor]: Zone=CLEAR
[image_processor-24] [INFO] [1776477554.132826507] [robot_3.image_processor]: Zone=CLEAR
[image_processor-21] [INFO] [1776477554.142081948] [robot_0.image_processor]: Zone=CLEAR
[image_processor-25] [INFO] [1776477554.150981477] [robot_4.image_processor]: Zone=CLEAR
[image_processor-22] [INFO] [1776477554.158746462] [robot_1.image_processor]: Zone=CLEAR
[image_processor-23] [INFO] [1776477556.625709325] [robot_2.image_processor]: Zone=CLEAR
[image_processor-24] [INFO] [1776477556.633402723] [robot_3.image_processor]: Zone=CLEAR
[image_processor-21] [INFO] [1776477556.641875604] [robot_0.image_processor]: Zone=CLEAR
[image_processor-25] [INFO] [1776477556.651358554] [robot_4.image_processor]: Zone=CLEAR
[image_processor-22] [INFO] [1776477556.659370042] [robot_1.image_processor]: Zone=CLEAR
[image_processor-23] [INFO] [1776477559.125737262] [robot_2.image_processor]: Zone=CLEAR
[image_processor-24] [INFO] [1776477559.133827187] [robot_3.image_processor]: Zone=CLEAR
[image_processor-21] [INFO] [1776477559.145958042] [robot_0.image_processor]: Zone=CLEAR
[image_processor-25] [INFO] [1776477559.153944282] [robot_4.image_processor]: Zone=CLEAR
[image_processor-22] [INFO] [1776477559.162309760] [robot_1.image_processor]: Zone=CLEAR
[image_processor-23] [INFO] [1776477561.625777692] [robot_2.image_processor]: Zone=CLEAR
[image_processor-24] [INFO] [1776477561.633821415] [robot_3.image_processor]: Zone=CLEAR
[image_processor-21] [INFO] [1776477561.642514906] [robot_0.image_processor]: Zone=CLEAR
[image_processor-25] [INFO] [1776477561.651087349] [robot_4.image_processor]: Zone=CLEAR
[image_processor-22] [INFO] [1776477561.659488653] [robot_1.image_processor]: Zone=CLEAR
[image_processor-23] [INFO] [1776477564.124620571] [robot_2.image_processor]: Zone=CLEAR
[image_processor-24] [INFO] [1776477564.132510002] [robot_3.image_processor]: Zone=CLEAR
[image_processor-21] [INFO] [1776477564.142260037] [robot_0.image_processor]: Zone=CLEAR
[image_processor-25] [INFO] [1776477564.151856108] [robot_4.image_processor]: Zone=CLEAR
[image_processor-22] [INFO] [1776477564.159276432] [robot_1.image_processor]: Zone=CLEAR
[image_processor-23] [INFO] [1776477566.624757068] [robot_2.image_processor]: Zone=CLEAR
[image_processor-24] [INFO] [1776477566.635339517] [robot_3.image_processor]: Zone=CLEAR
[image_processor-21] [INFO] [1776477566.644969045] [robot_0.image_processor]: Zone=CLEAR
[image_processor-25] [INFO] [1776477566.653419030] [robot_4.image_processor]: Zone=CLEAR
[image_processor-22] [INFO] [1776477566.662056439] [robot_1.image_processor]: Zone=CLEAR
[image_processor-23] [INFO] [1776477569.128643986] [robot_2.image_processor]: Zone=CLEAR
[image_processor-24] [INFO] [1776477569.137884443] [robot_3.image_processor]: Zone=CLEAR
[image_processor-21] [INFO] [1776477569.146561039] [robot_0.image_processor]: Zone=CLEAR
[image_processor-25] [INFO] [1776477569.154577837] [robot_4.image_processor]: Zone=CLEAR
[image_processor-22] [INFO] [1776477569.163433538] [robot_1.image_processor]: Zone=CLEAR
[image_processor-23] [INFO] [1776477571.625512986] [robot_2.image_processor]: Zone=CLEAR
[image_processor-24] [INFO] [1776477571.635430354] [robot_3.image_processor]: Zone=CLEAR
[image_processor-21] [INFO] [1776477571.643087562] [robot_0.image_processor]: Zone=CLEAR
[image_processor-25] [INFO] [1776477571.654142131] [robot_4.image_processor]: Zone=CLEAR
[image_processor-22] [INFO] [1776477571.663013486] [robot_1.image_processor]: Zone=CLEAR
[image_processor-23] [INFO] [1776477574.123747003] [robot_2.image_processor]: Zone=CLEAR
[image_processor-24] [INFO] [1776477574.133331879] [robot_3.image_processor]: Zone=CLEAR
[image_processor-21] [INFO] [1776477574.142923039] [robot_0.image_processor]: Zone=CLEAR
[image_processor-25] [INFO] [1776477574.151131175] [robot_4.image_processor]: Zone=CLEAR
[image_processor-22] [INFO] [1776477574.160195898] [robot_1.image_processor]: Zone=CLEAR
[image_processor-23] [INFO] [1776477576.625228170] [robot_2.image_processor]: Zone=CLEAR
[image_processor-24] [INFO] [1776477576.633641770] [robot_3.image_processor]: Zone=CLEAR
[image_processor-21] [INFO] [1776477576.642435907] [robot_0.image_processor]: Zone=CLEAR
[image_processor-25] [INFO] [1776477576.652339559] [robot_4.image_processor]: Zone=CLEAR
[image_processor-22] [INFO] [1776477576.661226452] [robot_1.image_processor]: Zone=CLEAR
[image_processor-24] [INFO] [1776477579.133170377] [robot_3.image_processor]: Zone=CLEAR
[image_processor-21] [INFO] [1776477579.144094815] [robot_0.image_processor]: Zone=CLEAR
[image_processor-25] [INFO] [1776477579.152975174] [robot_4.image_processor]: Zone=CLEAR
[image_processor-23] [INFO] [1776477579.225295185] [robot_2.image_processor]: Zone=CLEAR
[image_processor-22] [INFO] [1776477579.263710764] [robot_1.image_processor]: Zone=CLEAR
[image_processor-23] [INFO] [1776477581.629020878] [robot_2.image_processor]: Zone=CLEAR
[image_processor-24] [INFO] [1776477581.640818907] [robot_3.image_processor]: Zone=CLEAR
[image_processor-21] [INFO] [1776477581.653902262] [robot_0.image_processor]: Zone=CLEAR
[image_processor-25] [INFO] [1776477581.665082510] [robot_4.image_processor]: Zone=CLEAR
[image_processor-22] [INFO] [1776477581.675428955] [robot_1.image_processor]: Zone=CLEAR
[image_processor-23] [INFO] [1776477584.129126863] [robot_2.image_processor]: Zone=CLEAR
[image_processor-24] [INFO] [1776477584.141255058] [robot_3.image_processor]: Zone=CLEAR
[image_processor-21] [INFO] [1776477584.150993117] [robot_0.image_processor]: Zone=CLEAR
[image_processor-25] [INFO] [1776477584.159381332] [robot_4.image_processor]: Zone=CLEAR
[image_processor-22] [INFO] [1776477584.167995191] [robot_1.image_processor]: Zone=CLEAR
[image_processor-23] [INFO] [1776477586.622925343] [robot_2.image_processor]: Zone=CLEAR
[image_processor-24] [INFO] [1776477586.632561060] [robot_3.image_processor]: Zone=CLEAR
[image_processor-21] [INFO] [1776477586.641705829] [robot_0.image_processor]: Zone=CLEAR
[image_processor-25] [INFO] [1776477586.649330073] [robot_4.image_processor]: Zone=CLEAR
[image_processor-22] [INFO] [1776477586.658534561] [robot_1.image_processor]: Zone=CLEAR
[image_processor-23] [INFO] [1776477589.125183998] [robot_2.image_processor]: Zone=CLEAR
[image_processor-24] [INFO] [1776477589.132537945] [robot_3.image_processor]: Zone=CLEAR
[image_processor-21] [INFO] [1776477589.141306782] [robot_0.image_processor]: Zone=CLEAR
[image_processor-25] [INFO] [1776477589.149301499] [robot_4.image_processor]: Zone=CLEAR
[image_processor-22] [INFO] [1776477589.157561860] [robot_1.image_processor]: Zone=CLEAR
[image_processor-23] [INFO] [1776477591.625710600] [robot_2.image_processor]: Zone=CLEAR
[image_processor-24] [INFO] [1776477591.632726449] [robot_3.image_processor]: Zone=CLEAR
[image_processor-21] [INFO] [1776477591.640680641] [robot_0.image_processor]: Zone=CLEAR
[image_processor-25] [INFO] [1776477591.648704251] [robot_4.image_processor]: Zone=CLEAR
[image_processor-22] [INFO] [1776477591.657183609] [robot_1.image_processor]: Zone=CLEAR
[image_processor-23] [INFO] [1776477594.125551872] [robot_2.image_processor]: Zone=CLEAR
[image_processor-24] [INFO] [1776477594.133648231] [robot_3.image_processor]: Zone=CLEAR
[image_processor-21] [INFO] [1776477594.142742575] [robot_0.image_processor]: Zone=CLEAR
[image_processor-25] [INFO] [1776477594.151048362] [robot_4.image_processor]: Zone=CLEAR
[image_processor-22] [INFO] [1776477594.159531784] [robot_1.image_processor]: Zone=CLEAR
[image_processor-23] [INFO] [1776477596.627449018] [robot_2.image_processor]: Zone=CLEAR
[image_processor-24] [INFO] [1776477596.635933252] [robot_3.image_processor]: Zone=CLEAR
[image_processor-21] [INFO] [1776477596.644557898] [robot_0.image_processor]: Zone=CLEAR
[image_processor-25] [INFO] [1776477596.653676675] [robot_4.image_processor]: Zone=CLEAR
[image_processor-22] [INFO] [1776477596.662652367] [robot_1.image_processor]: Zone=CLEAR
[image_processor-23] [INFO] [1776477599.124196934] [robot_2.image_processor]: Zone=CLEAR
[image_processor-21] [INFO] [1776477599.143999606] [robot_0.image_processor]: Zone=CLEAR
[image_processor-25] [INFO] [1776477599.153293933] [robot_4.image_processor]: Zone=CLEAR
[image_processor-22] [INFO] [1776477599.161919966] [robot_1.image_processor]: Zone=CLEAR
[image_processor-24] [INFO] [1776477599.233241875] [robot_3.image_processor]: Zone=CLEAR
[image_processor-23] [INFO] [1776477601.628257767] [robot_2.image_processor]: Zone=CLEAR
[image_processor-24] [INFO] [1776477601.637202463] [robot_3.image_processor]: Zone=CLEAR
[image_processor-21] [INFO] [1776477601.646477523] [robot_0.image_processor]: Zone=CLEAR
[image_processor-25] [INFO] [1776477601.655786521] [robot_4.image_processor]: Zone=CLEAR
[image_processor-22] [INFO] [1776477601.665645675] [robot_1.image_processor]: Zone=CLEAR
[image_processor-23] [INFO] [1776477604.123252894] [robot_2.image_processor]: Zone=CLEAR
[image_processor-24] [INFO] [1776477604.131668671] [robot_3.image_processor]: Zone=CLEAR
[image_processor-21] [INFO] [1776477604.140709733] [robot_0.image_processor]: Zone=CLEAR
[image_processor-25] [INFO] [1776477604.151026828] [robot_4.image_processor]: Zone=CLEAR
[image_processor-22] [INFO] [1776477604.158673647] [robot_1.image_processor]: Zone=CLEAR
[image_processor-23] [INFO] [1776477606.625961206] [robot_2.image_processor]: Zone=CLEAR
[image_processor-24] [INFO] [1776477606.634432276] [robot_3.image_processor]: Zone=CLEAR
[image_processor-21] [INFO] [1776477606.643567355] [robot_0.image_processor]: Zone=CLEAR
[image_processor-25] [INFO] [1776477606.654046636] [robot_4.image_processor]: Zone=CLEAR
[image_processor-22] [INFO] [1776477606.662525996] [robot_1.image_processor]: Zone=CLEAR
[image_processor-23] [INFO] [1776477609.125569352] [robot_2.image_processor]: Zone=CLEAR
[image_processor-24] [INFO] [1776477609.134556493] [robot_3.image_processor]: Zone=CLEAR
[image_processor-21] [INFO] [1776477609.143862781] [robot_0.image_processor]: Zone=CLEAR
[image_processor-25] [INFO] [1776477609.153011823] [robot_4.image_processor]: Zone=CLEAR
[image_processor-22] [INFO] [1776477609.161359844] [robot_1.image_processor]: Zone=CLEAR
[image_processor-23] [INFO] [1776477611.625561738] [robot_2.image_processor]: Zone=CLEAR
[image_processor-24] [INFO] [1776477611.634156852] [robot_3.image_processor]: Zone=CLEAR
[image_processor-21] [INFO] [1776477611.642740385] [robot_0.image_processor]: Zone=CLEAR
[image_processor-25] [INFO] [1776477611.651464671] [robot_4.image_processor]: Zone=CLEAR
[image_processor-22] [INFO] [1776477611.659352942] [robot_1.image_processor]: Zone=CLEAR
[image_processor-23] [INFO] [1776477614.125813384] [robot_2.image_processor]: Zone=CLEAR
[image_processor-24] [INFO] [1776477614.133925160] [robot_3.image_processor]: Zone=CLEAR
[image_processor-21] [INFO] [1776477614.143417024] [robot_0.image_processor]: Zone=CLEAR
[image_processor-25] [INFO] [1776477614.150381743] [robot_4.image_processor]: Zone=CLEAR
[image_processor-22] [INFO] [1776477614.158310694] [robot_1.image_processor]: Zone=CLEAR
[image_processor-23] [INFO] [1776477616.625275153] [robot_2.image_processor]: Zone=CLEAR
[image_processor-24] [INFO] [1776477616.634036455] [robot_3.image_processor]: Zone=CLEAR
[image_processor-21] [INFO] [1776477616.642928752] [robot_0.image_processor]: Zone=CLEAR
[image_processor-25] [INFO] [1776477616.651435127] [robot_4.image_processor]: Zone=CLEAR
[image_processor-22] [INFO] [1776477616.659677580] [robot_1.image_processor]: Zone=CLEAR
[image_processor-23] [INFO] [1776477619.125622065] [robot_2.image_processor]: Zone=CLEAR
[image_processor-24] [INFO] [1776477619.133629398] [robot_3.image_processor]: Zone=CLEAR
[image_processor-21] [INFO] [1776477619.144722129] [robot_0.image_processor]: Zone=CLEAR
[image_processor-25] [INFO] [1776477619.152130363] [robot_4.image_processor]: Zone=CLEAR
[image_processor-22] [INFO] [1776477619.160580689] [robot_1.image_processor]: Zone=CLEAR
[image_processor-23] [INFO] [1776477621.625592195] [robot_2.image_processor]: Zone=CLEAR
[image_processor-24] [INFO] [1776477621.633362079] [robot_3.image_processor]: Zone=CLEAR
[image_processor-21] [INFO] [1776477621.642061252] [robot_0.image_processor]: Zone=CLEAR
[image_processor-25] [INFO] [1776477621.651342291] [robot_4.image_processor]: Zone=CLEAR
[image_processor-22] [INFO] [1776477621.659698303] [robot_1.image_processor]: Zone=CLEAR
[image_processor-23] [INFO] [1776477624.128485840] [robot_2.image_processor]: Zone=CLEAR
[image_processor-24] [INFO] [1776477624.138245520] [robot_3.image_processor]: Zone=CLEAR
[image_processor-21] [INFO] [1776477624.148018702] [robot_0.image_processor]: Zone=CLEAR
[image_processor-25] [INFO] [1776477624.157274058] [robot_4.image_processor]: Zone=CLEAR
[image_processor-22] [INFO] [1776477624.167331617] [robot_1.image_processor]: Zone=CLEAR
[image_processor-23] [INFO] [1776477626.625579985] [robot_2.image_processor]: Zone=CLEAR
[image_processor-24] [INFO] [1776477626.632249391] [robot_3.image_processor]: Zone=CLEAR
[image_processor-21] [INFO] [1776477626.641675505] [robot_0.image_processor]: Zone=CLEAR
[image_processor-25] [INFO] [1776477626.650478298] [robot_4.image_processor]: Zone=CLEAR
[image_processor-22] [INFO] [1776477626.659696119] [robot_1.image_processor]: Zone=CLEAR
[image_processor-23] [INFO] [1776477629.124474843] [robot_2.image_processor]: Zone=CLEAR
[image_processor-24] [INFO] [1776477629.133142978] [robot_3.image_processor]: Zone=CLEAR
[image_processor-21] [INFO] [1776477629.141618426] [robot_0.image_processor]: Zone=CLEAR
[image_processor-22] [INFO] [1776477629.159342278] [robot_1.image_processor]: Zone=CLEAR
[image_processor-25] [INFO] [1776477629.252306127] [robot_4.image_processor]: Zone=CLEAR
[image_processor-23] [INFO] [1776477631.627857053] [robot_2.image_processor]: Zone=CLEAR
[image_processor-24] [INFO] [1776477631.634478890] [robot_3.image_processor]: Zone=CLEAR
[image_processor-21] [INFO] [1776477631.644100431] [robot_0.image_processor]: Zone=CLEAR
[image_processor-25] [INFO] [1776477631.652863527] [robot_4.image_processor]: Zone=CLEAR
[image_processor-22] [INFO] [1776477631.762710912] [robot_1.image_processor]: Zone=CLEAR
[image_processor-23] [INFO] [1776477634.126027510] [robot_2.image_processor]: Zone=CLEAR
[image_processor-24] [INFO] [1776477634.134281252] [robot_3.image_processor]: Zone=CLEAR
[image_processor-21] [INFO] [1776477634.145406521] [robot_0.image_processor]: Zone=CLEAR
[image_processor-25] [INFO] [1776477634.153785530] [robot_4.image_processor]: Zone=CLEAR
[image_processor-22] [INFO] [1776477634.163135670] [robot_1.image_processor]: Zone=CLEAR
[image_processor-23] [INFO] [1776477636.625273386] [robot_2.image_processor]: Zone=CLEAR
[image_processor-24] [INFO] [1776477636.634662165] [robot_3.image_processor]: Zone=CLEAR
[image_processor-21] [INFO] [1776477636.644006105] [robot_0.image_processor]: Zone=CLEAR
[image_processor-25] [INFO] [1776477636.653910177] [robot_4.image_processor]: Zone=CLEAR
[image_processor-22] [INFO] [1776477636.664358674] [robot_1.image_processor]: Zone=CLEAR
[image_processor-23] [INFO] [1776477639.124289914] [robot_2.image_processor]: Zone=CLEAR
[image_processor-24] [INFO] [1776477639.132915887] [robot_3.image_processor]: Zone=CLEAR
[image_processor-21] [INFO] [1776477639.141683532] [robot_0.image_processor]: Zone=CLEAR
[image_processor-25] [INFO] [1776477639.152003158] [robot_4.image_processor]: Zone=CLEAR
[image_processor-22] [INFO] [1776477639.262936619] [robot_1.image_processor]: Zone=CLEAR
[image_processor-23] [INFO] [1776477641.625148566] [robot_2.image_processor]: Zone=CLEAR
[image_processor-24] [INFO] [1776477641.633071818] [robot_3.image_processor]: Zone=CLEAR
[image_processor-21] [INFO] [1776477641.641991336] [robot_0.image_processor]: Zone=CLEAR
[image_processor-25] [INFO] [1776477641.651975386] [robot_4.image_processor]: Zone=CLEAR
[image_processor-22] [INFO] [1776477641.659996602] [robot_1.image_processor]: Zone=CLEAR
[image_processor-23] [INFO] [1776477644.125504591] [robot_2.image_processor]: Zone=CLEAR
[image_processor-24] [INFO] [1776477644.133223760] [robot_3.image_processor]: Zone=CLEAR
[image_processor-21] [INFO] [1776477644.142271567] [robot_0.image_processor]: Zone=CLEAR
[image_processor-22] [INFO] [1776477644.161095335] [robot_1.image_processor]: Zone=CLEAR
[image_processor-25] [INFO] [1776477644.252365258] [robot_4.image_processor]: Zone=CLEAR
[image_processor-23] [INFO] [1776477646.624263083] [robot_2.image_processor]: Zone=CLEAR
[image_processor-24] [INFO] [1776477646.633250026] [robot_3.image_processor]: Zone=CLEAR
[image_processor-21] [INFO] [1776477646.642699576] [robot_0.image_processor]: Zone=CLEAR
[image_processor-25] [INFO] [1776477646.650831944] [robot_4.image_processor]: Zone=CLEAR
[image_processor-22] [INFO] [1776477646.660106974] [robot_1.image_processor]: Zone=CLEAR
[image_processor-23] [INFO] [1776477649.124027940] [robot_2.image_processor]: Zone=CLEAR
[image_processor-24] [INFO] [1776477649.133341015] [robot_3.image_processor]: Zone=CLEAR
[image_processor-25] [INFO] [1776477649.150412214] [robot_4.image_processor]: Zone=CLEAR
[image_processor-22] [INFO] [1776477649.159915193] [robot_1.image_processor]: Zone=CLEAR
[image_processor-21] [INFO] [1776477649.242614948] [robot_0.image_processor]: Zone=CLEAR
[image_processor-23] [INFO] [1776477651.624699325] [robot_2.image_processor]: Zone=CLEAR
[image_processor-24] [INFO] [1776477651.634239663] [robot_3.image_processor]: Zone=CLEAR
[image_processor-21] [INFO] [1776477651.643938020] [robot_0.image_processor]: Zone=CLEAR
[image_processor-25] [INFO] [1776477651.653829690] [robot_4.image_processor]: Zone=CLEAR
[image_processor-22] [INFO] [1776477651.661986054] [robot_1.image_processor]: Zone=CLEAR
[image_processor-23] [INFO] [1776477654.123991123] [robot_2.image_processor]: Zone=CLEAR
[image_processor-24] [INFO] [1776477654.133371563] [robot_3.image_processor]: Zone=CLEAR
[image_processor-21] [INFO] [1776477654.241305331] [robot_0.image_processor]: Zone=CLEAR
[image_processor-25] [INFO] [1776477654.250963750] [robot_4.image_processor]: Zone=CLEAR
[image_processor-22] [INFO] [1776477654.259605776] [robot_1.image_processor]: Zone=CLEAR
[image_processor-23] [INFO] [1776477656.626407964] [robot_2.image_processor]: Zone=CLEAR
[image_processor-24] [INFO] [1776477656.634692580] [robot_3.image_processor]: Zone=CLEAR
[image_processor-21] [INFO] [1776477656.643444810] [robot_0.image_processor]: Zone=CLEAR
[image_processor-25] [INFO] [1776477656.652802549] [robot_4.image_processor]: Zone=CLEAR
[image_processor-22] [INFO] [1776477656.660473740] [robot_1.image_processor]: Zone=CLEAR
[image_processor-23] [INFO] [1776477659.126041811] [robot_2.image_processor]: Zone=CLEAR
[image_processor-24] [INFO] [1776477659.133949452] [robot_3.image_processor]: Zone=CLEAR
[image_processor-21] [INFO] [1776477659.143303207] [robot_0.image_processor]: Zone=CLEAR
[image_processor-25] [INFO] [1776477659.151784934] [robot_4.image_processor]: Zone=CLEAR
[image_processor-22] [INFO] [1776477659.159603016] [robot_1.image_processor]: Zone=CLEAR
[image_processor-23] [INFO] [1776477661.624978414] [robot_2.image_processor]: Zone=CLEAR
[image_processor-24] [INFO] [1776477661.632947411] [robot_3.image_processor]: Zone=CLEAR
[image_processor-21] [INFO] [1776477661.643018269] [robot_0.image_processor]: Zone=CLEAR
[image_processor-22] [INFO] [1776477661.660466334] [robot_1.image_processor]: Zone=CLEAR
[image_processor-25] [INFO] [1776477661.752669463] [robot_4.image_processor]: Zone=CLEAR
[image_processor-23] [INFO] [1776477664.124451318] [robot_2.image_processor]: Zone=CLEAR
[image_processor-21] [INFO] [1776477664.140272181] [robot_0.image_processor]: Zone=CLEAR
[image_processor-25] [INFO] [1776477664.149027097] [robot_4.image_processor]: Zone=CLEAR
[image_processor-22] [INFO] [1776477664.156716666] [robot_1.image_processor]: Zone=CLEAR
[image_processor-24] [INFO] [1776477664.232873785] [robot_3.image_processor]: Zone=CLEAR
[image_processor-23] [INFO] [1776477666.624755024] [robot_2.image_processor]: Zone=CLEAR
[image_processor-24] [INFO] [1776477666.632975610] [robot_3.image_processor]: Zone=CLEAR
[image_processor-21] [INFO] [1776477666.641110447] [robot_0.image_processor]: Zone=CLEAR
[image_processor-25] [INFO] [1776477666.650306550] [robot_4.image_processor]: Zone=CLEAR
[image_processor-22] [INFO] [1776477666.658893414] [robot_1.image_processor]: Zone=CLEAR
[image_processor-23] [INFO] [1776477669.124642136] [robot_2.image_processor]: Zone=CLEAR
[image_processor-24] [INFO] [1776477669.131911207] [robot_3.image_processor]: Zone=CLEAR
[image_processor-21] [INFO] [1776477669.143300311] [robot_0.image_processor]: Zone=CLEAR
[image_processor-25] [INFO] [1776477669.152956765] [robot_4.image_processor]: Zone=CLEAR
[image_processor-22] [INFO] [1776477669.161304920] [robot_1.image_processor]: Zone=CLEAR
[image_processor-23] [INFO] [1776477671.624538025] [robot_2.image_processor]: Zone=CLEAR
[image_processor-24] [INFO] [1776477671.637748735] [robot_3.image_processor]: Zone=CLEAR
[image_processor-21] [INFO] [1776477671.646379620] [robot_0.image_processor]: Zone=CLEAR
[image_processor-25] [INFO] [1776477671.654013635] [robot_4.image_processor]: Zone=CLEAR
[image_processor-22] [INFO] [1776477671.663848977] [robot_1.image_processor]: Zone=CLEAR
[image_processor-23] [INFO] [1776477674.125409269] [robot_2.image_processor]: Zone=CLEAR
[image_processor-24] [INFO] [1776477674.133356783] [robot_3.image_processor]: Zone=CLEAR
[image_processor-21] [INFO] [1776477674.142314440] [robot_0.image_processor]: Zone=CLEAR
[image_processor-25] [INFO] [1776477674.150115696] [robot_4.image_processor]: Zone=CLEAR
[image_processor-22] [INFO] [1776477674.159002317] [robot_1.image_processor]: Zone=CLEAR
[image_processor-23] [INFO] [1776477676.626111190] [robot_2.image_processor]: Zone=CLEAR
[image_processor-24] [INFO] [1776477676.632780923] [robot_3.image_processor]: Zone=CLEAR
[image_processor-21] [INFO] [1776477676.640521085] [robot_0.image_processor]: Zone=CLEAR
[image_processor-25] [INFO] [1776477676.649784272] [robot_4.image_processor]: Zone=CLEAR
[image_processor-22] [INFO] [1776477676.659331256] [robot_1.image_processor]: Zone=CLEAR
[image_processor-23] [INFO] [1776477679.124221143] [robot_2.image_processor]: Zone=CLEAR
[image_processor-24] [INFO] [1776477679.132822819] [robot_3.image_processor]: Zone=CLEAR
[image_processor-21] [INFO] [1776477679.141708173] [robot_0.image_processor]: Zone=CLEAR
[image_processor-25] [INFO] [1776477679.150349101] [robot_4.image_processor]: Zone=CLEAR
[image_processor-22] [INFO] [1776477679.158995784] [robot_1.image_processor]: Zone=CLEAR
[image_processor-23] [INFO] [1776477681.625976414] [robot_2.image_processor]: Zone=CLEAR
[image_processor-24] [INFO] [1776477681.633813954] [robot_3.image_processor]: Zone=CLEAR
[image_processor-25] [INFO] [1776477681.650379780] [robot_4.image_processor]: Zone=CLEAR
[image_processor-22] [INFO] [1776477681.660668451] [robot_1.image_processor]: Zone=CLEAR
[image_processor-21] [INFO] [1776477681.743906095] [robot_0.image_processor]: Zone=CLEAR
[image_processor-23] [INFO] [1776477684.125040003] [robot_2.image_processor]: Zone=CLEAR
[image_processor-24] [INFO] [1776477684.133186490] [robot_3.image_processor]: Zone=CLEAR
[image_processor-21] [INFO] [1776477684.141360224] [robot_0.image_processor]: Zone=CLEAR
[image_processor-22] [INFO] [1776477684.157539108] [robot_1.image_processor]: Zone=CLEAR
[image_processor-25] [INFO] [1776477684.250737607] [robot_4.image_processor]: Zone=CLEAR
[image_processor-23] [INFO] [1776477686.626940608] [robot_2.image_processor]: Zone=CLEAR
[image_processor-24] [INFO] [1776477686.634928459] [robot_3.image_processor]: Zone=CLEAR
[image_processor-21] [INFO] [1776477686.644750322] [robot_0.image_processor]: Zone=CLEAR
[image_processor-25] [INFO] [1776477686.653349826] [robot_4.image_processor]: Zone=CLEAR
[image_processor-22] [INFO] [1776477686.661692048] [robot_1.image_processor]: Zone=CLEAR
[INFO] [image_processor-25]: sending signal 'SIGINT' to process[image_processor-25]
[ERROR] [ign gazebo-1]: process has died [pid 505107, exit code -15, cmd 'ruby /usr/bin/ign gazebo /home/ecem/ros2_ws/install/swarm_basics/share/swarm_basics/worlds/random_world.sdf -s -r --force-version 6'].
[ERROR] [parameter_bridge-4]: process has died [pid 505114, exit code -15, cmd '/opt/ros/humble/lib/ros_ign_bridge/parameter_bridge /robot_0/cmd_vel@geometry_msgs/msg/Twist]ignition.msgs.Twist /robot_0/odom@nav_msgs/msg/Odometry[ignition.msgs.Odometry /robot_0/depth_camera/depth_image@sensor_msgs/msg/Image[ignition.msgs.Image /world/random_world/model/robot_0/link/robot_0/base_footprint/sensor/contact_sensor/contact@ros_gz_interfaces/msg/Contacts[ignition.msgs.Contacts /robot_1/cmd_vel@geometry_msgs/msg/Twist]ignition.msgs.Twist /robot_1/odom@nav_msgs/msg/Odometry[ignition.msgs.Odometry /robot_1/depth_camera/depth_image@sensor_msgs/msg/Image[ignition.msgs.Image /world/random_world/model/robot_1/link/robot_1/base_footprint/sensor/contact_sensor/contact@ros_gz_interfaces/msg/Contacts[ignition.msgs.Contacts /robot_2/cmd_vel@geometry_msgs/msg/Twist]ignition.msgs.Twist /robot_2/odom@nav_msgs/msg/Odometry[ignition.msgs.Odometry /robot_2/depth_camera/depth_image@sensor_msgs/msg/Image[ignition.msgs.Image /world/random_world/model/robot_2/link/robot_2/base_footprint/sensor/contact_sensor/contact@ros_gz_interfaces/msg/Contacts[ignition.msgs.Contacts /robot_3/cmd_vel@geometry_msgs/msg/Twist]ignition.msgs.Twist /robot_3/odom@nav_msgs/msg/Odometry[ignition.msgs.Odometry /robot_3/depth_camera/depth_image@sensor_msgs/msg/Image[ignition.msgs.Image /world/random_world/model/robot_3/link/robot_3/base_footprint/sensor/contact_sensor/contact@ros_gz_interfaces/msg/Contacts[ignition.msgs.Contacts /robot_4/cmd_vel@geometry_msgs/msg/Twist]ignition.msgs.Twist /robot_4/odom@nav_msgs/msg/Odometry[ignition.msgs.Odometry /robot_4/depth_camera/depth_image@sensor_msgs/msg/Image[ignition.msgs.Image /world/random_world/model/robot_4/link/robot_4/base_footprint/sensor/contact_sensor/contact@ros_gz_interfaces/msg/Contacts[ignition.msgs.Contacts /world/random_world/dynamic_pose/info@tf2_msgs/msg/TFMessage[ignition.msgs.Pose_V --ros-args -r __node:=all_robots_bridge --params-file /tmp/launch_params_t6b4httq'].
[INFO] [parameter_bridge-20]: process has finished cleanly [pid 505157]
[INFO] [image_processor-24]: sending signal 'SIGINT' to process[image_processor-24]
[INFO] [bash-26]: process started with pid [505674]
[INFO] [image_processor-23]: sending signal 'SIGINT' to process[image_processor-23]
[INFO] [image_processor-22]: sending signal 'SIGINT' to process[image_processor-22]
[INFO] [image_processor-21]: sending signal 'SIGINT' to process[image_processor-21]
[INFO] [robot_supervisor-19]: sending signal 'SIGINT' to process[robot_supervisor-19]
[INFO] [robot_state_publisher-17]: sending signal 'SIGINT' to process[robot_state_publisher-17]
[INFO] [robot_supervisor-16]: sending signal 'SIGINT' to process[robot_supervisor-16]
[INFO] [robot_state_publisher-14]: sending signal 'SIGINT' to process[robot_state_publisher-14]
[INFO] [robot_supervisor-13]: sending signal 'SIGINT' to process[robot_supervisor-13]
[INFO] [robot_state_publisher-11]: sending signal 'SIGINT' to process[robot_state_publisher-11]
[INFO] [robot_supervisor-10]: sending signal 'SIGINT' to process[robot_supervisor-10]
[ERROR] [bash-26]: process has died [pid 505674, exit code -15, cmd 'bash -lc pkill -f parameter_bridge || true'].
[INFO] [robot_state_publisher-8]: sending signal 'SIGINT' to process[robot_state_publisher-8]
[INFO] [robot_supervisor-7]: sending signal 'SIGINT' to process[robot_supervisor-7]
[INFO] [robot_state_publisher-5]: sending signal 'SIGINT' to process[robot_state_publisher-5]
[INFO] [bump_counter-3]: sending signal 'SIGINT' to process[bump_counter-3]
[INFO] [coverage_counter-2]: sending signal 'SIGINT' to process[coverage_counter-2]
[parameter_bridge-20] [INFO] [1776477688.746248407] [rclcpp]: signal_handler(SIGINT/SIGTERM)
[parameter_bridge-4] [INFO] [1776477688.746257924] [rclcpp]: signal_handler(SIGINT/SIGTERM)
[INFO] [launch]: process[ign gazebo-1] was required: shutting down launched system
[image_processor-25] [INFO] [1776477689.420453011] [rclcpp]: signal_handler(SIGINT/SIGTERM)
[image_processor-24] [INFO] [1776477689.424724154] [rclcpp]: signal_handler(SIGINT/SIGTERM)
[image_processor-23] [INFO] [1776477689.428059622] [rclcpp]: signal_handler(SIGINT/SIGTERM)
[image_processor-22] [INFO] [1776477689.430275610] [rclcpp]: signal_handler(SIGINT/SIGTERM)
[image_processor-21] [INFO] [1776477689.432467400] [rclcpp]: signal_handler(SIGINT/SIGTERM)
[robot_supervisor-19] Traceback (most recent call last):
[robot_supervisor-19]   File "/home/ecem/ros2_ws/install/swarm_basics/lib/swarm_basics/robot_supervisor", line 33, in <module>
[robot_supervisor-19]     sys.exit(load_entry_point('swarm-basics==0.0.0', 'console_scripts', 'robot_supervisor')())
[robot_supervisor-19]   File "/home/ecem/ros2_ws/install/swarm_basics/lib/python3.10/site-packages/swarm_basics/robot_supervisor.py", line 867, in main
[robot_supervisor-19]     rclpy.spin(node)
[robot_supervisor-19]   File "/opt/ros/humble/local/lib/python3.10/dist-packages/rclpy/__init__.py", line 229, in spin
[robot_supervisor-19]     executor.spin_once()
[robot_supervisor-19]   File "/opt/ros/humble/local/lib/python3.10/dist-packages/rclpy/executors.py", line 773, in spin_once
[robot_supervisor-19]     self._spin_once_impl(timeout_sec)
[robot_supervisor-19]   File "/opt/ros/humble/local/lib/python3.10/dist-packages/rclpy/executors.py", line 762, in _spin_once_impl
[robot_supervisor-19]     handler, entity, node = self.wait_for_ready_callbacks(timeout_sec=timeout_sec)
[robot_supervisor-19]   File "/opt/ros/humble/local/lib/python3.10/dist-packages/rclpy/executors.py", line 745, in wait_for_ready_callbacks
[robot_supervisor-19]     return next(self._cb_iter)
[robot_supervisor-19]   File "/opt/ros/humble/local/lib/python3.10/dist-packages/rclpy/executors.py", line 642, in _wait_for_ready_callbacks
[robot_supervisor-19]     wait_set.wait(timeout_nsec)
[robot_supervisor-19] KeyboardInterrupt
[robot_state_publisher-17] [INFO] [1776477689.439139854] [rclcpp]: signal_handler(SIGINT/SIGTERM)
[robot_supervisor-16] Traceback (most recent call last):
[robot_supervisor-16]   File "/home/ecem/ros2_ws/install/swarm_basics/lib/swarm_basics/robot_supervisor", line 33, in <module>
[robot_supervisor-16]     sys.exit(load_entry_point('swarm-basics==0.0.0', 'console_scripts', 'robot_supervisor')())
[robot_supervisor-16]   File "/home/ecem/ros2_ws/install/swarm_basics/lib/python3.10/site-packages/swarm_basics/robot_supervisor.py", line 867, in main
[robot_supervisor-16]     rclpy.spin(node)
[robot_supervisor-16]   File "/opt/ros/humble/local/lib/python3.10/dist-packages/rclpy/__init__.py", line 229, in spin
[robot_supervisor-16]     executor.spin_once()
[robot_supervisor-16]   File "/opt/ros/humble/local/lib/python3.10/dist-packages/rclpy/executors.py", line 773, in spin_once
[robot_supervisor-16]     self._spin_once_impl(timeout_sec)
[robot_supervisor-16]   File "/opt/ros/humble/local/lib/python3.10/dist-packages/rclpy/executors.py", line 762, in _spin_once_impl
[robot_supervisor-16]     handler, entity, node = self.wait_for_ready_callbacks(timeout_sec=timeout_sec)
[robot_supervisor-16]   File "/opt/ros/humble/local/lib/python3.10/dist-packages/rclpy/executors.py", line 745, in wait_for_ready_callbacks
[robot_supervisor-16]     return next(self._cb_iter)
[robot_supervisor-16]   File "/opt/ros/humble/local/lib/python3.10/dist-packages/rclpy/executors.py", line 642, in _wait_for_ready_callbacks
[robot_supervisor-16]     wait_set.wait(timeout_nsec)
[robot_supervisor-16] KeyboardInterrupt
[robot_state_publisher-14] [INFO] [1776477689.443610904] [rclcpp]: signal_handler(SIGINT/SIGTERM)
[robot_supervisor-13] Traceback (most recent call last):
[robot_supervisor-13]   File "/home/ecem/ros2_ws/install/swarm_basics/lib/swarm_basics/robot_supervisor", line 33, in <module>
[robot_supervisor-13]     sys.exit(load_entry_point('swarm-basics==0.0.0', 'console_scripts', 'robot_supervisor')())
[robot_supervisor-13]   File "/home/ecem/ros2_ws/install/swarm_basics/lib/python3.10/site-packages/swarm_basics/robot_supervisor.py", line 867, in main
[robot_supervisor-13]     rclpy.spin(node)
[robot_supervisor-13]   File "/opt/ros/humble/local/lib/python3.10/dist-packages/rclpy/__init__.py", line 229, in spin
[robot_supervisor-13]     executor.spin_once()
[robot_supervisor-13]   File "/opt/ros/humble/local/lib/python3.10/dist-packages/rclpy/executors.py", line 773, in spin_once
[robot_supervisor-13]     self._spin_once_impl(timeout_sec)
[robot_supervisor-13]   File "/opt/ros/humble/local/lib/python3.10/dist-packages/rclpy/executors.py", line 762, in _spin_once_impl
[robot_supervisor-13]     handler, entity, node = self.wait_for_ready_callbacks(timeout_sec=timeout_sec)
[robot_supervisor-13]   File "/opt/ros/humble/local/lib/python3.10/dist-packages/rclpy/executors.py", line 745, in wait_for_ready_callbacks
[robot_supervisor-13]     return next(self._cb_iter)
[robot_supervisor-13]   File "/opt/ros/humble/local/lib/python3.10/dist-packages/rclpy/executors.py", line 642, in _wait_for_ready_callbacks
[robot_supervisor-13]     wait_set.wait(timeout_nsec)
[robot_supervisor-13] KeyboardInterrupt
[robot_state_publisher-11] [INFO] [1776477689.448379490] [rclcpp]: signal_handler(SIGINT/SIGTERM)
[robot_supervisor-10] Traceback (most recent call last):
[robot_supervisor-10]   File "/home/ecem/ros2_ws/install/swarm_basics/lib/swarm_basics/robot_supervisor", line 33, in <module>
[robot_supervisor-10]     sys.exit(load_entry_point('swarm-basics==0.0.0', 'console_scripts', 'robot_supervisor')())
[robot_supervisor-10]   File "/home/ecem/ros2_ws/install/swarm_basics/lib/python3.10/site-packages/swarm_basics/robot_supervisor.py", line 867, in main
[robot_supervisor-10]     rclpy.spin(node)
[robot_supervisor-10]   File "/opt/ros/humble/local/lib/python3.10/dist-packages/rclpy/__init__.py", line 229, in spin
[robot_supervisor-10]     executor.spin_once()
[robot_supervisor-10]   File "/opt/ros/humble/local/lib/python3.10/dist-packages/rclpy/executors.py", line 773, in spin_once
[robot_supervisor-10]     self._spin_once_impl(timeout_sec)
[robot_supervisor-10]   File "/opt/ros/humble/local/lib/python3.10/dist-packages/rclpy/executors.py", line 762, in _spin_once_impl
[robot_supervisor-10]     handler, entity, node = self.wait_for_ready_callbacks(timeout_sec=timeout_sec)
[robot_supervisor-10]   File "/opt/ros/humble/local/lib/python3.10/dist-packages/rclpy/executors.py", line 745, in wait_for_ready_callbacks
[robot_supervisor-10]     return next(self._cb_iter)
[robot_supervisor-10]   File "/opt/ros/humble/local/lib/python3.10/dist-packages/rclpy/executors.py", line 642, in _wait_for_ready_callbacks
[robot_supervisor-10]     wait_set.wait(timeout_nsec)
[robot_supervisor-10] KeyboardInterrupt
[robot_state_publisher-8] [INFO] [1776477689.453171150] [rclcpp]: signal_handler(SIGINT/SIGTERM)
[robot_supervisor-7] Traceback (most recent call last):
[robot_supervisor-7]   File "/home/ecem/ros2_ws/install/swarm_basics/lib/swarm_basics/robot_supervisor", line 33, in <module>
[robot_supervisor-7]     sys.exit(load_entry_point('swarm-basics==0.0.0', 'console_scripts', 'robot_supervisor')())
[robot_supervisor-7]   File "/home/ecem/ros2_ws/install/swarm_basics/lib/python3.10/site-packages/swarm_basics/robot_supervisor.py", line 867, in main
[robot_supervisor-7]     rclpy.spin(node)
[robot_supervisor-7]   File "/opt/ros/humble/local/lib/python3.10/dist-packages/rclpy/__init__.py", line 229, in spin
[robot_supervisor-7]     executor.spin_once()
[robot_supervisor-7]   File "/opt/ros/humble/local/lib/python3.10/dist-packages/rclpy/executors.py", line 773, in spin_once
[robot_supervisor-7]     self._spin_once_impl(timeout_sec)
[robot_supervisor-7]   File "/opt/ros/humble/local/lib/python3.10/dist-packages/rclpy/executors.py", line 762, in _spin_once_impl
[robot_supervisor-7]     handler, entity, node = self.wait_for_ready_callbacks(timeout_sec=timeout_sec)
[robot_supervisor-7]   File "/opt/ros/humble/local/lib/python3.10/dist-packages/rclpy/executors.py", line 745, in wait_for_ready_callbacks
[robot_supervisor-7]     return next(self._cb_iter)
[robot_supervisor-7]   File "/opt/ros/humble/local/lib/python3.10/dist-packages/rclpy/executors.py", line 642, in _wait_for_ready_callbacks
[robot_supervisor-7]     wait_set.wait(timeout_nsec)
[robot_supervisor-7] KeyboardInterrupt
[robot_state_publisher-5] [INFO] [1776477689.457777217] [rclcpp]: signal_handler(SIGINT/SIGTERM)
[ERROR] [launch]: Caught exception in launch (see debug for traceback): ExecuteLocal action 'bash-27': executed more than once: <launch.actions.execute_process.ExecuteProcess object at 0x78e03ef94850>
[INFO] [image_processor-25]: process has finished cleanly [pid 505511]
[INFO] [image_processor-24]: process has finished cleanly [pid 505509]
[INFO] [image_processor-23]: process has finished cleanly [pid 505507]
[INFO] [image_processor-22]: process has finished cleanly [pid 505505]
[INFO] [image_processor-21]: process has finished cleanly [pid 505503]
[INFO] [robot_state_publisher-17]: process has finished cleanly [pid 505143]
[INFO] [robot_state_publisher-14]: process has finished cleanly [pid 505136]
[INFO] [robot_state_publisher-11]: process has finished cleanly [pid 505130]
[INFO] [robot_state_publisher-8]: process has finished cleanly [pid 505124]
[INFO] [robot_state_publisher-5]: process has finished cleanly [pid 505116]
[coverage_counter-2] Traceback (most recent call last):
[coverage_counter-2]   File "/home/ecem/ros2_ws/install/swarm_basics/lib/python3.10/site-packages/swarm_basics/coverage_counter.py", line 418, in main
[coverage_counter-2]     rclpy.spin(node)
[coverage_counter-2]   File "/opt/ros/humble/local/lib/python3.10/dist-packages/rclpy/__init__.py", line 229, in spin
[coverage_counter-2]     executor.spin_once()
[coverage_counter-2]   File "/opt/ros/humble/local/lib/python3.10/dist-packages/rclpy/executors.py", line 773, in spin_once
[coverage_counter-2]     self._spin_once_impl(timeout_sec)
[coverage_counter-2]   File "/opt/ros/humble/local/lib/python3.10/dist-packages/rclpy/executors.py", line 768, in _spin_once_impl
[coverage_counter-2]     handler()
[coverage_counter-2]   File "/opt/ros/humble/local/lib/python3.10/dist-packages/rclpy/task.py", line 254, in __call__
[coverage_counter-2]     self._handler.send(None)
[coverage_counter-2]   File "/opt/ros/humble/local/lib/python3.10/dist-packages/rclpy/executors.py", line 463, in handler
[coverage_counter-2]     await call_coroutine(entity, arg)
[coverage_counter-2]   File "/opt/ros/humble/local/lib/python3.10/dist-packages/rclpy/executors.py", line 371, in _execute_timer
[coverage_counter-2]     await await_or_execute(tmr.callback)
[coverage_counter-2]   File "/opt/ros/humble/local/lib/python3.10/dist-packages/rclpy/executors.py", line 107, in await_or_execute
[coverage_counter-2]     return callback(*args)
[coverage_counter-2]   File "/home/ecem/ros2_ws/install/swarm_basics/lib/python3.10/site-packages/swarm_basics/coverage_counter.py", line 152, in _on_timeout_timer
[coverage_counter-2]     self.shutdown_and_save()
[coverage_counter-2]   File "/home/ecem/ros2_ws/install/swarm_basics/lib/python3.10/site-packages/swarm_basics/coverage_counter.py", line 174, in shutdown_and_save
[coverage_counter-2]     rclpy.shutdown()
[coverage_counter-2]   File "/opt/ros/humble/local/lib/python3.10/dist-packages/rclpy/__init__.py", line 130, in shutdown
[coverage_counter-2]     _shutdown(context=context)
[coverage_counter-2]   File "/opt/ros/humble/local/lib/python3.10/dist-packages/rclpy/utilities.py", line 58, in shutdown
[coverage_counter-2]     return context.shutdown()
[coverage_counter-2]   File "/opt/ros/humble/local/lib/python3.10/dist-packages/rclpy/context.py", line 103, in shutdown
[coverage_counter-2]     self._call_on_shutdown_callbacks()
[coverage_counter-2]   File "/opt/ros/humble/local/lib/python3.10/dist-packages/rclpy/context.py", line 92, in _call_on_shutdown_callbacks
[coverage_counter-2]     callback = weak_method()
[coverage_counter-2]   File "/opt/ros/humble/local/lib/python3.10/dist-packages/rclpy/__init__.py", line 111, in reset_executor
[coverage_counter-2]     __executor.shutdown()
[coverage_counter-2]   File "/opt/ros/humble/local/lib/python3.10/dist-packages/rclpy/executors.py", line 227, in shutdown
[coverage_counter-2]     if not self._work_tracker.wait(timeout_sec):
[coverage_counter-2]   File "/opt/ros/humble/local/lib/python3.10/dist-packages/rclpy/executors.py", line 94, in wait
[coverage_counter-2]     if not self._work_condition.wait_for(
[coverage_counter-2]   File "/usr/lib/python3.10/threading.py", line 355, in wait_for
[coverage_counter-2]     self.wait(waittime)
[coverage_counter-2]   File "/usr/lib/python3.10/threading.py", line 320, in wait
[coverage_counter-2]     waiter.acquire()
[coverage_counter-2] KeyboardInterrupt
[coverage_counter-2] 
[coverage_counter-2] During handling of the above exception, another exception occurred:
[coverage_counter-2] 
[coverage_counter-2] Traceback (most recent call last):
[coverage_counter-2]   File "/home/ecem/ros2_ws/install/swarm_basics/lib/swarm_basics/coverage_counter", line 33, in <module>
[coverage_counter-2]     sys.exit(load_entry_point('swarm-basics==0.0.0', 'console_scripts', 'coverage_counter')())
[coverage_counter-2]   File "/home/ecem/ros2_ws/install/swarm_basics/lib/python3.10/site-packages/swarm_basics/coverage_counter.py", line 421, in main
[coverage_counter-2]     node.shutdown_and_save()
[coverage_counter-2]   File "/home/ecem/ros2_ws/install/swarm_basics/lib/python3.10/site-packages/swarm_basics/coverage_counter.py", line 174, in shutdown_and_save
[coverage_counter-2]     rclpy.shutdown()
[coverage_counter-2]   File "/opt/ros/humble/local/lib/python3.10/dist-packages/rclpy/__init__.py", line 130, in shutdown
[coverage_counter-2]     _shutdown(context=context)
[coverage_counter-2]   File "/opt/ros/humble/local/lib/python3.10/dist-packages/rclpy/utilities.py", line 58, in shutdown
[coverage_counter-2]     return context.shutdown()
[coverage_counter-2]   File "/opt/ros/humble/local/lib/python3.10/dist-packages/rclpy/context.py", line 100, in shutdown
[coverage_counter-2]     raise RuntimeError('Context must be initialized before it can be shutdown')
[coverage_counter-2] RuntimeError: Context must be initialized before it can be shutdown
[bump_counter-3] Traceback (most recent call last):
[bump_counter-3]   File "/home/ecem/ros2_ws/install/swarm_basics/lib/swarm_basics/bump_counter", line 33, in <module>
[bump_counter-3]     sys.exit(load_entry_point('swarm-basics==0.0.0', 'console_scripts', 'bump_counter')())
[bump_counter-3]   File "/home/ecem/ros2_ws/install/swarm_basics/lib/python3.10/site-packages/swarm_basics/bump_counter.py", line 384, in main
[bump_counter-3]     rclpy.shutdown()
[bump_counter-3]   File "/opt/ros/humble/local/lib/python3.10/dist-packages/rclpy/__init__.py", line 130, in shutdown
[bump_counter-3]     _shutdown(context=context)
[bump_counter-3]   File "/opt/ros/humble/local/lib/python3.10/dist-packages/rclpy/utilities.py", line 58, in shutdown
[bump_counter-3]     return context.shutdown()
[bump_counter-3]   File "/opt/ros/humble/local/lib/python3.10/dist-packages/rclpy/context.py", line 102, in shutdown
[bump_counter-3]     self.__context.shutdown()
[bump_counter-3] rclpy._rclpy_pybind11.RCLError: failed to shutdown: rcl_shutdown already called on the given context, at ./src/rcl/init.c:241
[ERROR] [coverage_counter-2]: process has died [pid 505109, exit code 1, cmd '/home/ecem/ros2_ws/install/swarm_basics/lib/swarm_basics/coverage_counter --ros-args -r __node:=coverage_counter --params-file /tmp/launch_params_9kaxazk6 --params-file /tmp/launch_params_bd5at5hb --params-file /tmp/launch_params_pr6lca5u --params-file /tmp/launch_params_3b1rkhkk --params-file /tmp/launch_params_q1u6vic7 --params-file /tmp/launch_params_2wcc86of'].
[ERROR] [bump_counter-3]: process has died [pid 505112, exit code 1, cmd '/home/ecem/ros2_ws/install/swarm_basics/lib/swarm_basics/bump_counter --ros-args -r __node:=bump_counter --params-file /tmp/launch_params_dwsxkpup --params-file /tmp/launch_params__h7l4zs2 --params-file /tmp/launch_params_obzl4ebs'].
[ERROR] [robot_supervisor-16]: process has died [pid 505140, exit code -2, cmd '/home/ecem/ros2_ws/install/swarm_basics/lib/swarm_basics/robot_supervisor --ros-args -r __node:=robot_supervisor -r __ns:=/robot_3 --params-file /tmp/launch_params_ne9p4_2l --params-file /tmp/launch_params_hlo6r420 --params-file /tmp/launch_params_fvzrd_gx --params-file /tmp/launch_params_oyyra3rr'].
[ERROR] [robot_supervisor-13]: process has died [pid 505134, exit code -2, cmd '/home/ecem/ros2_ws/install/swarm_basics/lib/swarm_basics/robot_supervisor --ros-args -r __node:=robot_supervisor -r __ns:=/robot_2 --params-file /tmp/launch_params_a4l769gm --params-file /tmp/launch_params_7vdjmeh6 --params-file /tmp/launch_params_5t4u7k2v --params-file /tmp/launch_params_5ecv8cym'].
[ERROR] [robot_supervisor-19]: process has died [pid 505155, exit code -2, cmd '/home/ecem/ros2_ws/install/swarm_basics/lib/swarm_basics/robot_supervisor --ros-args -r __node:=robot_supervisor -r __ns:=/robot_4 --params-file /tmp/launch_params_qpkozntm --params-file /tmp/launch_params_pryte3i1 --params-file /tmp/launch_params_j18wwpeh --params-file /tmp/launch_params_ex4qf2d4'].
[ERROR] [robot_supervisor-7]: process has died [pid 505121, exit code -2, cmd '/home/ecem/ros2_ws/install/swarm_basics/lib/swarm_basics/robot_supervisor --ros-args -r __node:=robot_supervisor -r __ns:=/robot_0 --params-file /tmp/launch_params_2n6_smp_ --params-file /tmp/launch_params_un_zn3qn --params-file /tmp/launch_params_5hj8bqgj --params-file /tmp/launch_params_78ktkzf1'].
[ERROR] [robot_supervisor-10]: process has died [pid 505128, exit code -2, cmd '/home/ecem/ros2_ws/install/swarm_basics/lib/swarm_basics/robot_supervisor --ros-args -r __node:=robot_supervisor -r __ns:=/robot_1 --params-file /tmp/launch_params_0t6knbnc --params-file /tmp/launch_params_eu1eigvt --params-file /tmp/launch_params_s0c4xn09 --params-file /tmp/launch_params_vf8dc7nt'].
