[INFO] [launch]: All log files can be found below /home/ecem/.ros/log/2026-04-21-08-24-39-367292-ecem-pc-206859
[INFO] [launch]: Default logging verbosity is set to INFO
[INFO] [ign gazebo-1]: process started with pid [206874]
[INFO] [coverage_counter-2]: process started with pid [206877]
[INFO] [bump_counter-3]: process started with pid [206879]
[INFO] [parameter_bridge-4]: process started with pid [206881]
[INFO] [robot_state_publisher-5]: process started with pid [206883]
[INFO] [create-6]: process started with pid [206885]
[INFO] [robot_supervisor-7]: process started with pid [206887]
[INFO] [robot_state_publisher-8]: process started with pid [206890]
[INFO] [create-9]: process started with pid [206893]
[INFO] [robot_supervisor-10]: process started with pid [206895]
[INFO] [robot_state_publisher-11]: process started with pid [206897]
[INFO] [create-12]: process started with pid [206899]
[INFO] [robot_supervisor-13]: process started with pid [206901]
[INFO] [robot_state_publisher-14]: process started with pid [206903]
[INFO] [create-15]: process started with pid [206905]
[INFO] [robot_supervisor-16]: process started with pid [206908]
[INFO] [robot_state_publisher-17]: process started with pid [206910]
[INFO] [create-18]: process started with pid [206929]
[INFO] [robot_supervisor-19]: process started with pid [206948]
[INFO] [parameter_bridge-20]: process started with pid [206962]
[parameter_bridge-4] [ros_ign_bridge] is deprecated! Redirecting to use [ros_gz_bridge] instead!
[parameter_bridge-4] 
[create-12] [INFO] [1776752679.781406355] [robot_2.ros_gz_sim]: Requesting list of world names.
[create-6] [INFO] [1776752679.781491090] [robot_0.ros_gz_sim]: Requesting list of world names.
[create-15] [INFO] [1776752679.781491476] [robot_3.ros_gz_sim]: Requesting list of world names.
[create-9] [INFO] [1776752679.783942301] [robot_1.ros_gz_sim]: Requesting list of world names.
[parameter_bridge-4] [INFO] [1776752679.793589203] [all_robots_bridge]: Creating ROS->GZ Bridge: [/robot_0/cmd_vel (geometry_msgs/msg/Twist) -> /robot_0/cmd_vel (ignition.msgs.Twist)] (Lazy 0)
[parameter_bridge-4] [INFO] [1776752679.794772744] [all_robots_bridge]: Creating GZ->ROS Bridge: [/robot_0/odom (ignition.msgs.Odometry) -> /robot_0/odom (nav_msgs/msg/Odometry)] (Lazy 0)
[create-18] [INFO] [1776752679.795432332] [robot_4.ros_gz_sim]: Requesting list of world names.
[parameter_bridge-4] [INFO] [1776752679.795874269] [all_robots_bridge]: Creating GZ->ROS Bridge: [/robot_0/depth_camera/depth_image (ignition.msgs.Image) -> /robot_0/depth_camera/depth_image (sensor_msgs/msg/Image)] (Lazy 0)
[parameter_bridge-4] [INFO] [1776752679.797465227] [all_robots_bridge]: Creating GZ->ROS Bridge: [/world/random_world/model/robot_0/link/robot_0/base_footprint/sensor/contact_sensor/contact (ignition.msgs.Contacts) -> /world/random_world/model/robot_0/link/robot_0/base_footprint/sensor/contact_sensor/contact (ros_gz_interfaces/msg/Contacts)] (Lazy 0)
[robot_state_publisher-14] [INFO] [1776752679.797500605] [robot_3.robot_state_publisher]: got segment robot_3/antenna_link
[robot_state_publisher-14] [INFO] [1776752679.797628335] [robot_3.robot_state_publisher]: got segment robot_3/base_footprint
[robot_state_publisher-14] [INFO] [1776752679.797647228] [robot_3.robot_state_publisher]: got segment robot_3/base_link
[robot_state_publisher-14] [INFO] [1776752679.797656185] [robot_3.robot_state_publisher]: got segment robot_3/realsense_link
[robot_state_publisher-14] [INFO] [1776752679.797665943] [robot_3.robot_state_publisher]: got segment robot_3/rocker_L_link
[robot_state_publisher-14] [INFO] [1776752679.797681913] [robot_3.robot_state_publisher]: got segment robot_3/rocker_R_link
[robot_state_publisher-14] [INFO] [1776752679.797701871] [robot_3.robot_state_publisher]: got segment robot_3/wheel_FL_link
[robot_state_publisher-14] [INFO] [1776752679.797710549] [robot_3.robot_state_publisher]: got segment robot_3/wheel_FR_link
[robot_state_publisher-14] [INFO] [1776752679.797734747] [robot_3.robot_state_publisher]: got segment robot_3/wheel_RL_link
[robot_state_publisher-14] [INFO] [1776752679.797742048] [robot_3.robot_state_publisher]: got segment robot_3/wheel_RR_link
[parameter_bridge-4] [INFO] [1776752679.800466037] [all_robots_bridge]: Creating ROS->GZ Bridge: [/robot_1/cmd_vel (geometry_msgs/msg/Twist) -> /robot_1/cmd_vel (ignition.msgs.Twist)] (Lazy 0)
[robot_state_publisher-11] [INFO] [1776752679.800728483] [robot_2.robot_state_publisher]: got segment robot_2/antenna_link
[robot_state_publisher-11] [INFO] [1776752679.800844222] [robot_2.robot_state_publisher]: got segment robot_2/base_footprint
[robot_state_publisher-11] [INFO] [1776752679.800859309] [robot_2.robot_state_publisher]: got segment robot_2/base_link
[robot_state_publisher-11] [INFO] [1776752679.800869713] [robot_2.robot_state_publisher]: got segment robot_2/realsense_link
[robot_state_publisher-11] [INFO] [1776752679.800878085] [robot_2.robot_state_publisher]: got segment robot_2/rocker_L_link
[robot_state_publisher-11] [INFO] [1776752679.800885791] [robot_2.robot_state_publisher]: got segment robot_2/rocker_R_link
[robot_state_publisher-11] [INFO] [1776752679.800892913] [robot_2.robot_state_publisher]: got segment robot_2/wheel_FL_link
[robot_state_publisher-11] [INFO] [1776752679.800900537] [robot_2.robot_state_publisher]: got segment robot_2/wheel_FR_link
[robot_state_publisher-11] [INFO] [1776752679.800908143] [robot_2.robot_state_publisher]: got segment robot_2/wheel_RL_link
[robot_state_publisher-11] [INFO] [1776752679.800915608] [robot_2.robot_state_publisher]: got segment robot_2/wheel_RR_link
[robot_state_publisher-17] [INFO] [1776752679.801622735] [robot_4.robot_state_publisher]: got segment robot_4/antenna_link
[robot_state_publisher-17] [INFO] [1776752679.801729555] [robot_4.robot_state_publisher]: got segment robot_4/base_footprint
[robot_state_publisher-17] [INFO] [1776752679.801744779] [robot_4.robot_state_publisher]: got segment robot_4/base_link
[robot_state_publisher-17] [INFO] [1776752679.801754155] [robot_4.robot_state_publisher]: got segment robot_4/realsense_link
[robot_state_publisher-17] [INFO] [1776752679.801762402] [robot_4.robot_state_publisher]: got segment robot_4/rocker_L_link
[robot_state_publisher-17] [INFO] [1776752679.801770131] [robot_4.robot_state_publisher]: got segment robot_4/rocker_R_link
[robot_state_publisher-17] [INFO] [1776752679.801777907] [robot_4.robot_state_publisher]: got segment robot_4/wheel_FL_link
[robot_state_publisher-17] [INFO] [1776752679.801785546] [robot_4.robot_state_publisher]: got segment robot_4/wheel_FR_link
[robot_state_publisher-17] [INFO] [1776752679.801793099] [robot_4.robot_state_publisher]: got segment robot_4/wheel_RL_link
[robot_state_publisher-17] [INFO] [1776752679.801800722] [robot_4.robot_state_publisher]: got segment robot_4/wheel_RR_link
[parameter_bridge-4] [INFO] [1776752679.802426426] [all_robots_bridge]: Creating GZ->ROS Bridge: [/robot_1/odom (ignition.msgs.Odometry) -> /robot_1/odom (nav_msgs/msg/Odometry)] (Lazy 0)
[parameter_bridge-20] [INFO] [1776752679.802480107] [clock_bridge]: Creating GZ->ROS Bridge: [/clock (ignition.msgs.Clock) -> /clock (rosgraph_msgs/msg/Clock)] (Lazy 0)
[parameter_bridge-4] [INFO] [1776752679.804041819] [all_robots_bridge]: Creating GZ->ROS Bridge: [/robot_1/depth_camera/depth_image (ignition.msgs.Image) -> /robot_1/depth_camera/depth_image (sensor_msgs/msg/Image)] (Lazy 0)
[robot_state_publisher-5] [INFO] [1776752679.804891239] [robot_0.robot_state_publisher]: got segment robot_0/antenna_link
[parameter_bridge-4] [INFO] [1776752679.804995111] [all_robots_bridge]: Creating GZ->ROS Bridge: [/world/random_world/model/robot_1/link/robot_1/base_footprint/sensor/contact_sensor/contact (ignition.msgs.Contacts) -> /world/random_world/model/robot_1/link/robot_1/base_footprint/sensor/contact_sensor/contact (ros_gz_interfaces/msg/Contacts)] (Lazy 0)
[robot_state_publisher-5] [INFO] [1776752679.805003782] [robot_0.robot_state_publisher]: got segment robot_0/base_footprint
[robot_state_publisher-5] [INFO] [1776752679.805020219] [robot_0.robot_state_publisher]: got segment robot_0/base_link
[robot_state_publisher-5] [INFO] [1776752679.805030218] [robot_0.robot_state_publisher]: got segment robot_0/realsense_link
[robot_state_publisher-5] [INFO] [1776752679.805038397] [robot_0.robot_state_publisher]: got segment robot_0/rocker_L_link
[robot_state_publisher-5] [INFO] [1776752679.805046474] [robot_0.robot_state_publisher]: got segment robot_0/rocker_R_link
[robot_state_publisher-5] [INFO] [1776752679.805054514] [robot_0.robot_state_publisher]: got segment robot_0/wheel_FL_link
[robot_state_publisher-5] [INFO] [1776752679.805062830] [robot_0.robot_state_publisher]: got segment robot_0/wheel_FR_link
[robot_state_publisher-5] [INFO] [1776752679.805070851] [robot_0.robot_state_publisher]: got segment robot_0/wheel_RL_link
[robot_state_publisher-5] [INFO] [1776752679.805079403] [robot_0.robot_state_publisher]: got segment robot_0/wheel_RR_link
[parameter_bridge-4] [INFO] [1776752679.805801748] [all_robots_bridge]: Creating ROS->GZ Bridge: [/robot_2/cmd_vel (geometry_msgs/msg/Twist) -> /robot_2/cmd_vel (ignition.msgs.Twist)] (Lazy 0)
[parameter_bridge-4] [INFO] [1776752679.806476838] [all_robots_bridge]: Creating GZ->ROS Bridge: [/robot_2/odom (ignition.msgs.Odometry) -> /robot_2/odom (nav_msgs/msg/Odometry)] (Lazy 0)
[parameter_bridge-4] [INFO] [1776752679.806871095] [all_robots_bridge]: Creating GZ->ROS Bridge: [/robot_2/depth_camera/depth_image (ignition.msgs.Image) -> /robot_2/depth_camera/depth_image (sensor_msgs/msg/Image)] (Lazy 0)
[parameter_bridge-4] [INFO] [1776752679.807146725] [all_robots_bridge]: Creating GZ->ROS Bridge: [/world/random_world/model/robot_2/link/robot_2/base_footprint/sensor/contact_sensor/contact (ignition.msgs.Contacts) -> /world/random_world/model/robot_2/link/robot_2/base_footprint/sensor/contact_sensor/contact (ros_gz_interfaces/msg/Contacts)] (Lazy 0)
[parameter_bridge-4] [INFO] [1776752679.807685364] [all_robots_bridge]: Creating ROS->GZ Bridge: [/robot_3/cmd_vel (geometry_msgs/msg/Twist) -> /robot_3/cmd_vel (ignition.msgs.Twist)] (Lazy 0)
[parameter_bridge-4] [INFO] [1776752679.808393985] [all_robots_bridge]: Creating GZ->ROS Bridge: [/robot_3/odom (ignition.msgs.Odometry) -> /robot_3/odom (nav_msgs/msg/Odometry)] (Lazy 0)
[parameter_bridge-4] [INFO] [1776752679.809442354] [all_robots_bridge]: Creating GZ->ROS Bridge: [/robot_3/depth_camera/depth_image (ignition.msgs.Image) -> /robot_3/depth_camera/depth_image (sensor_msgs/msg/Image)] (Lazy 0)
[robot_state_publisher-8] [INFO] [1776752679.809793975] [robot_1.robot_state_publisher]: got segment robot_1/antenna_link
[robot_state_publisher-8] [INFO] [1776752679.809906919] [robot_1.robot_state_publisher]: got segment robot_1/base_footprint
[robot_state_publisher-8] [INFO] [1776752679.809923239] [robot_1.robot_state_publisher]: got segment robot_1/base_link
[robot_state_publisher-8] [INFO] [1776752679.809933097] [robot_1.robot_state_publisher]: got segment robot_1/realsense_link
[robot_state_publisher-8] [INFO] [1776752679.809941430] [robot_1.robot_state_publisher]: got segment robot_1/rocker_L_link
[robot_state_publisher-8] [INFO] [1776752679.809949017] [robot_1.robot_state_publisher]: got segment robot_1/rocker_R_link
[robot_state_publisher-8] [INFO] [1776752679.809956503] [robot_1.robot_state_publisher]: got segment robot_1/wheel_FL_link
[robot_state_publisher-8] [INFO] [1776752679.809964606] [robot_1.robot_state_publisher]: got segment robot_1/wheel_FR_link
[robot_state_publisher-8] [INFO] [1776752679.809971758] [robot_1.robot_state_publisher]: got segment robot_1/wheel_RL_link
[robot_state_publisher-8] [INFO] [1776752679.809979222] [robot_1.robot_state_publisher]: got segment robot_1/wheel_RR_link
[parameter_bridge-4] [INFO] [1776752679.810052248] [all_robots_bridge]: Creating GZ->ROS Bridge: [/world/random_world/model/robot_3/link/robot_3/base_footprint/sensor/contact_sensor/contact (ignition.msgs.Contacts) -> /world/random_world/model/robot_3/link/robot_3/base_footprint/sensor/contact_sensor/contact (ros_gz_interfaces/msg/Contacts)] (Lazy 0)
[parameter_bridge-4] [INFO] [1776752679.810670099] [all_robots_bridge]: Creating ROS->GZ Bridge: [/robot_4/cmd_vel (geometry_msgs/msg/Twist) -> /robot_4/cmd_vel (ignition.msgs.Twist)] (Lazy 0)
[parameter_bridge-4] [INFO] [1776752679.811117445] [all_robots_bridge]: Creating GZ->ROS Bridge: [/robot_4/odom (ignition.msgs.Odometry) -> /robot_4/odom (nav_msgs/msg/Odometry)] (Lazy 0)
[parameter_bridge-4] [INFO] [1776752679.811634365] [all_robots_bridge]: Creating GZ->ROS Bridge: [/robot_4/depth_camera/depth_image (ignition.msgs.Image) -> /robot_4/depth_camera/depth_image (sensor_msgs/msg/Image)] (Lazy 0)
[parameter_bridge-4] [INFO] [1776752679.812593810] [all_robots_bridge]: Creating GZ->ROS Bridge: [/world/random_world/model/robot_4/link/robot_4/base_footprint/sensor/contact_sensor/contact (ignition.msgs.Contacts) -> /world/random_world/model/robot_4/link/robot_4/base_footprint/sensor/contact_sensor/contact (ros_gz_interfaces/msg/Contacts)] (Lazy 0)
[parameter_bridge-4] [INFO] [1776752679.813666651] [all_robots_bridge]: Creating GZ->ROS Bridge: [/world/random_world/dynamic_pose/info (ignition.msgs.Pose_V) -> /world/random_world/dynamic_pose/info (tf2_msgs/msg/TFMessage)] (Lazy 0)
[bump_counter-3] [INFO] [1776752680.042136878] [bump_counter]: [global] global_mode=True cooldown(robot)=0.80s cooldown(obs)=0.50s Logging to /home/ecem/ros2_ws/src/Leo_sct/results_exp/explore/medium/prompt_2/run_5/middle_circle/trial_2/run_20260421_082439/bumps_global_082440.csv
[robot_supervisor-7] [INFO] [1776752680.142957328] [robot_0.robot_supervisor]: Loaded initial mission 'explore' from explicit YAML explore_sup_gpt_medium_2_run_5_141.yaml
[robot_supervisor-13] [INFO] [1776752680.164033349] [robot_2.robot_supervisor]: Loaded initial mission 'explore' from explicit YAML explore_sup_gpt_medium_2_run_5_141.yaml
[robot_supervisor-16] [INFO] [1776752680.173385069] [robot_3.robot_supervisor]: Loaded initial mission 'explore' from explicit YAML explore_sup_gpt_medium_2_run_5_141.yaml
[robot_supervisor-10] [INFO] [1776752680.179636039] [robot_1.robot_supervisor]: Loaded initial mission 'explore' from explicit YAML explore_sup_gpt_medium_2_run_5_141.yaml
[robot_supervisor-19] [INFO] [1776752680.181444006] [robot_4.robot_supervisor]: Loaded initial mission 'explore' from explicit YAML explore_sup_gpt_medium_2_run_5_141.yaml
[parameter_bridge-4] [INFO] [1776752680.247459993] [all_robots_bridge]: Passing message from ROS geometry_msgs/msg/Twist to Gazebo gz.msgs.Twist (showing msg only once per type)
[create-9] [INFO] [1776752680.293292125] [robot_1.ros_gz_sim]: Waiting messages on topic [/robot_1/robot_description].
[create-12] [INFO] [1776752680.392448480] [robot_2.ros_gz_sim]: Waiting messages on topic [/robot_2/robot_description].
[create-18] [INFO] [1776752680.492769486] [robot_4.ros_gz_sim]: Waiting messages on topic [/robot_4/robot_description].
[create-15] [INFO] [1776752680.593105661] [robot_3.ros_gz_sim]: Waiting messages on topic [/robot_3/robot_description].
[create-12] [INFO] [1776752680.692362817] [robot_2.ros_gz_sim]: Requested creation of entity.
[create-12] [INFO] [1776752680.692431696] [robot_2.ros_gz_sim]: OK creation of entity.
[create-9] [INFO] [1776752680.692426633] [robot_1.ros_gz_sim]: Requested creation of entity.
[create-9] [INFO] [1776752680.692481317] [robot_1.ros_gz_sim]: OK creation of entity.
[create-15] [INFO] [1776752680.692567479] [robot_3.ros_gz_sim]: Requested creation of entity.
[create-15] [INFO] [1776752680.692624607] [robot_3.ros_gz_sim]: OK creation of entity.
[create-18] [INFO] [1776752680.692609548] [robot_4.ros_gz_sim]: Requested creation of entity.
[create-18] [INFO] [1776752680.692667537] [robot_4.ros_gz_sim]: OK creation of entity.
[create-6] [INFO] [1776752680.692955093] [robot_0.ros_gz_sim]: Waiting messages on topic [/robot_0/robot_description].
[create-6] [INFO] [1776752680.696298717] [robot_0.ros_gz_sim]: Requested creation of entity.
[create-6] [INFO] [1776752680.696343997] [robot_0.ros_gz_sim]: OK creation of entity.
[INFO] [create-12]: process has finished cleanly [pid 206899]
[INFO] [create-6]: process has finished cleanly [pid 206885]
[INFO] [create-9]: process has finished cleanly [pid 206893]
[INFO] [create-15]: process has finished cleanly [pid 206905]
[INFO] [create-18]: process has finished cleanly [pid 206929]
[bump_counter-3] [INFO] [1776752681.087496783] [bump_counter]: [global] subscribed: /world/random_world/model/robot_0/link/robot_0/base_footprint/sensor/contact_sensor/contact
[bump_counter-3] [INFO] [1776752681.089258695] [bump_counter]: [global] subscribed: /world/random_world/model/robot_1/link/robot_1/base_footprint/sensor/contact_sensor/contact
[bump_counter-3] [INFO] [1776752681.090603656] [bump_counter]: [global] subscribed: /world/random_world/model/robot_2/link/robot_2/base_footprint/sensor/contact_sensor/contact
[bump_counter-3] [INFO] [1776752681.091259456] [bump_counter]: [global] subscribed: /world/random_world/model/robot_3/link/robot_3/base_footprint/sensor/contact_sensor/contact
[bump_counter-3] [INFO] [1776752681.092566730] [bump_counter]: [global] subscribed: /world/random_world/model/robot_4/link/robot_4/base_footprint/sensor/contact_sensor/contact
[INFO] [image_processor-21]: process started with pid [207272]
[INFO] [image_processor-22]: process started with pid [207274]
[INFO] [image_processor-23]: process started with pid [207276]
[INFO] [image_processor-24]: process started with pid [207278]
[INFO] [image_processor-25]: process started with pid [207280]
[image_processor-21] [INFO] [1776752681.807556629] [robot_0.image_processor]: image_processor: depth='/robot_0/depth_camera/depth_image' aruco_runtime=disabled
[image_processor-24] [INFO] [1776752681.812452486] [robot_3.image_processor]: image_processor: depth='/robot_3/depth_camera/depth_image' aruco_runtime=disabled
[image_processor-22] [INFO] [1776752681.823399480] [robot_1.image_processor]: image_processor: depth='/robot_1/depth_camera/depth_image' aruco_runtime=disabled
[image_processor-23] [INFO] [1776752681.823399377] [robot_2.image_processor]: image_processor: depth='/robot_2/depth_camera/depth_image' aruco_runtime=disabled
[image_processor-25] [INFO] [1776752681.826345042] [robot_4.image_processor]: image_processor: depth='/robot_4/depth_camera/depth_image' aruco_runtime=disabled
[image_processor-22] [INFO] [1776752685.146567681] [robot_1.image_processor]: Zone=CLEAR  left[p=3.007 near=0 v=7650]  front[p=3.426 near=0 v=13244]  right[p=2.532 near=0 v=7517]
[image_processor-23] [INFO] [1776752685.153864074] [robot_2.image_processor]: Zone=CLEAR  left[p=1.875 near=0 v=7650]  front[p=2.263 near=0 v=12349]  right[p=1.628 near=0 v=7740]
[image_processor-25] [INFO] [1776752685.161764995] [robot_4.image_processor]: Zone=CLEAR  left[p=2.299 near=0 v=7157]  front[p=2.450 near=0 v=13239]  right[p=3.007 near=0 v=7740]
[image_processor-24] [INFO] [1776752685.170193015] [robot_3.image_processor]: Zone=CLEAR  left[p=0.894 near=0 v=7620]  front[p=3.072 near=0 v=13297]  right[p=2.913 near=0 v=7740]
[image_processor-21] [INFO] [1776752685.180595855] [robot_0.image_processor]: Zone=CLEAR  left[p=1.026 near=0 v=7650]  front[p=1.493 near=0 v=13500]  right[p=2.221 near=0 v=7740]
[image_processor-22] [INFO] [1776752687.645038557] [robot_1.image_processor]: Zone=CLEAR
[image_processor-23] [INFO] [1776752687.653542704] [robot_2.image_processor]: Zone=CLEAR
[image_processor-25] [INFO] [1776752687.660146692] [robot_4.image_processor]: Zone=CLEAR
[image_processor-24] [INFO] [1776752687.668540780] [robot_3.image_processor]: Zone=CLEAR
[image_processor-21] [INFO] [1776752687.777548551] [robot_0.image_processor]: Zone=CLEAR
[image_processor-23] [INFO] [1776752690.153038149] [robot_2.image_processor]: Zone=CLEAR
[image_processor-25] [INFO] [1776752690.163394961] [robot_4.image_processor]: Zone=CLEAR
[image_processor-24] [INFO] [1776752690.171453881] [robot_3.image_processor]: Zone=CLEAR
[image_processor-21] [INFO] [1776752690.178821745] [robot_0.image_processor]: Zone=CLEAR
[image_processor-22] [INFO] [1776752690.247502084] [robot_1.image_processor]: Zone=CLEAR
[image_processor-22] [INFO] [1776752692.644362273] [robot_1.image_processor]: Zone=CLEAR
[image_processor-25] [INFO] [1776752692.659212879] [robot_4.image_processor]: Zone=CLEAR
[image_processor-24] [INFO] [1776752692.666644337] [robot_3.image_processor]: Zone=CLEAR
[image_processor-23] [INFO] [1776752692.752467759] [robot_2.image_processor]: Zone=CLEAR
[image_processor-21] [INFO] [1776752692.775706062] [robot_0.image_processor]: Zone=CLEAR
[image_processor-22] [INFO] [1776752695.145364019] [robot_1.image_processor]: Zone=CLEAR
[image_processor-23] [INFO] [1776752695.151818855] [robot_2.image_processor]: Zone=CLEAR
[image_processor-25] [INFO] [1776752695.160765225] [robot_4.image_processor]: Zone=CLEAR
[image_processor-24] [INFO] [1776752695.169418949] [robot_3.image_processor]: Zone=CLEAR
[image_processor-21] [INFO] [1776752695.176698171] [robot_0.image_processor]: Zone=CLEAR
[image_processor-22] [INFO] [1776752697.646887807] [robot_1.image_processor]: Zone=CLEAR
[image_processor-23] [INFO] [1776752697.652933784] [robot_2.image_processor]: Zone=CLEAR
[image_processor-25] [INFO] [1776752697.664017867] [robot_4.image_processor]: Zone=CLEAR
[image_processor-24] [INFO] [1776752697.673922316] [robot_3.image_processor]: Zone=CLEAR
[image_processor-21] [INFO] [1776752697.682256229] [robot_0.image_processor]: Zone=CLEAR
[image_processor-22] [INFO] [1776752700.148663818] [robot_1.image_processor]: Zone=CLEAR
[image_processor-23] [INFO] [1776752700.158219633] [robot_2.image_processor]: Zone=CLEAR
[image_processor-25] [INFO] [1776752700.170211433] [robot_4.image_processor]: Zone=CLEAR
[image_processor-24] [INFO] [1776752700.177843538] [robot_3.image_processor]: Zone=CLEAR
[image_processor-21] [INFO] [1776752700.187694285] [robot_0.image_processor]: Zone=CLEAR
[image_processor-22] [INFO] [1776752702.647709775] [robot_1.image_processor]: Zone=CLEAR
[image_processor-23] [INFO] [1776752702.656371828] [robot_2.image_processor]: Zone=CLEAR
[image_processor-25] [INFO] [1776752702.665107093] [robot_4.image_processor]: Zone=CLEAR
[image_processor-24] [INFO] [1776752702.672596589] [robot_3.image_processor]: Zone=CLEAR
[image_processor-21] [INFO] [1776752702.681019255] [robot_0.image_processor]: Zone=CLEAR
[image_processor-22] [INFO] [1776752705.150202195] [robot_1.image_processor]: Zone=CLEAR
[image_processor-23] [INFO] [1776752705.159068073] [robot_2.image_processor]: Zone=CLEAR
[image_processor-25] [INFO] [1776752705.167106426] [robot_4.image_processor]: Zone=CLEAR
[image_processor-24] [INFO] [1776752705.175251503] [robot_3.image_processor]: Zone=CLEAR
[image_processor-21] [INFO] [1776752705.285299305] [robot_0.image_processor]: Zone=CLEAR
[image_processor-22] [INFO] [1776752707.646189496] [robot_1.image_processor]: Zone=CLEAR
[image_processor-23] [INFO] [1776752707.653628019] [robot_2.image_processor]: Zone=CLEAR
[image_processor-25] [INFO] [1776752707.661542414] [robot_4.image_processor]: Zone=CLEAR
[image_processor-24] [INFO] [1776752707.670508924] [robot_3.image_processor]: Zone=CLEAR
[image_processor-21] [INFO] [1776752707.679789184] [robot_0.image_processor]: Zone=CLEAR
[image_processor-22] [INFO] [1776752710.145497603] [robot_1.image_processor]: Zone=CLEAR
[image_processor-23] [INFO] [1776752710.151837062] [robot_2.image_processor]: Zone=CLEAR
[image_processor-25] [INFO] [1776752710.161777929] [robot_4.image_processor]: Zone=CLEAR
[image_processor-24] [INFO] [1776752710.170665663] [robot_3.image_processor]: Zone=CLEAR
[image_processor-21] [INFO] [1776752710.179761213] [robot_0.image_processor]: Zone=CLEAR
[image_processor-22] [INFO] [1776752712.648887286] [robot_1.image_processor]: Zone=CLEAR
[image_processor-23] [INFO] [1776752712.656598725] [robot_2.image_processor]: Zone=CLEAR
[image_processor-25] [INFO] [1776752712.668322051] [robot_4.image_processor]: Zone=CLEAR
[image_processor-24] [INFO] [1776752712.678789886] [robot_3.image_processor]: Zone=CLEAR
[image_processor-21] [INFO] [1776752712.687293109] [robot_0.image_processor]: Zone=CLEAR
[image_processor-22] [INFO] [1776752715.144978421] [robot_1.image_processor]: Zone=CLEAR
[image_processor-23] [INFO] [1776752715.152460483] [robot_2.image_processor]: Zone=CLEAR
[image_processor-25] [INFO] [1776752715.161770128] [robot_4.image_processor]: Zone=CLEAR
[image_processor-24] [INFO] [1776752715.169642972] [robot_3.image_processor]: Zone=CLEAR
[image_processor-21] [INFO] [1776752715.178457737] [robot_0.image_processor]: Zone=CLEAR
[image_processor-23] [INFO] [1776752717.653045564] [robot_2.image_processor]: Zone=CLEAR
[image_processor-25] [INFO] [1776752717.662601953] [robot_4.image_processor]: Zone=CLEAR
[image_processor-24] [INFO] [1776752717.670577266] [robot_3.image_processor]: Zone=CLEAR
[image_processor-21] [INFO] [1776752717.678138842] [robot_0.image_processor]: Zone=CLEAR
[image_processor-22] [INFO] [1776752717.745957223] [robot_1.image_processor]: Zone=CLEAR
[image_processor-22] [INFO] [1776752720.148163460] [robot_1.image_processor]: Zone=CLEAR
[image_processor-23] [INFO] [1776752720.155778710] [robot_2.image_processor]: Zone=CLEAR
[image_processor-25] [INFO] [1776752720.165480105] [robot_4.image_processor]: Zone=CLEAR
[image_processor-24] [INFO] [1776752720.173863995] [robot_3.image_processor]: Zone=CLEAR
[image_processor-21] [INFO] [1776752720.181607758] [robot_0.image_processor]: Zone=CLEAR
[image_processor-22] [INFO] [1776752722.646379071] [robot_1.image_processor]: Zone=CLEAR
[image_processor-23] [INFO] [1776752722.652138995] [robot_2.image_processor]: Zone=CLEAR
[image_processor-25] [INFO] [1776752722.660994192] [robot_4.image_processor]: Zone=CLEAR
[image_processor-21] [INFO] [1776752722.676291921] [robot_0.image_processor]: Zone=CLEAR
[image_processor-24] [INFO] [1776752722.770999530] [robot_3.image_processor]: Zone=CLEAR
[image_processor-22] [INFO] [1776752725.147038472] [robot_1.image_processor]: Zone=CLEAR
[image_processor-23] [INFO] [1776752725.157057777] [robot_2.image_processor]: Zone=CLEAR
[image_processor-25] [INFO] [1776752725.164917776] [robot_4.image_processor]: Zone=CLEAR
[image_processor-24] [INFO] [1776752725.173535305] [robot_3.image_processor]: Zone=CLEAR
[image_processor-21] [INFO] [1776752725.183066803] [robot_0.image_processor]: Zone=CLEAR
[image_processor-22] [INFO] [1776752727.646411540] [robot_1.image_processor]: Zone=CLEAR
[image_processor-23] [INFO] [1776752727.653125927] [robot_2.image_processor]: Zone=CLEAR
[image_processor-25] [INFO] [1776752727.661274839] [robot_4.image_processor]: Zone=CLEAR
[image_processor-24] [INFO] [1776752727.670424994] [robot_3.image_processor]: Zone=CLEAR
[image_processor-21] [INFO] [1776752727.678382056] [robot_0.image_processor]: Zone=CLEAR
[image_processor-22] [INFO] [1776752730.146474509] [robot_1.image_processor]: Zone=CLEAR
[image_processor-23] [INFO] [1776752730.154167834] [robot_2.image_processor]: Zone=CLEAR
[image_processor-25] [INFO] [1776752730.162237590] [robot_4.image_processor]: Zone=CLEAR
[image_processor-24] [INFO] [1776752730.169835510] [robot_3.image_processor]: Zone=CLEAR
[image_processor-21] [INFO] [1776752730.178829975] [robot_0.image_processor]: Zone=CLEAR
[image_processor-22] [INFO] [1776752732.645587130] [robot_1.image_processor]: Zone=CLEAR
[image_processor-23] [INFO] [1776752732.652460407] [robot_2.image_processor]: Zone=CLEAR
[image_processor-25] [INFO] [1776752732.661649477] [robot_4.image_processor]: Zone=CLEAR
[image_processor-21] [INFO] [1776752732.678655351] [robot_0.image_processor]: Zone=CLEAR
[image_processor-24] [INFO] [1776752732.771999145] [robot_3.image_processor]: Zone=CLEAR
[image_processor-22] [INFO] [1776752735.147937677] [robot_1.image_processor]: Zone=CLEAR
[image_processor-24] [INFO] [1776752735.167963828] [robot_3.image_processor]: Zone=CLEAR
[image_processor-21] [INFO] [1776752735.177167237] [robot_0.image_processor]: Zone=CLEAR
[image_processor-23] [INFO] [1776752735.253928180] [robot_2.image_processor]: Zone=CLEAR
[image_processor-25] [INFO] [1776752735.260821015] [robot_4.image_processor]: Zone=CLEAR
[image_processor-22] [INFO] [1776752737.648013048] [robot_1.image_processor]: Zone=CLEAR
[image_processor-23] [INFO] [1776752737.654357035] [robot_2.image_processor]: Zone=CLEAR
[image_processor-25] [INFO] [1776752737.662733590] [robot_4.image_processor]: Zone=CLEAR
[image_processor-24] [INFO] [1776752737.672658728] [robot_3.image_processor]: Zone=CLEAR
[image_processor-21] [INFO] [1776752737.680944955] [robot_0.image_processor]: Zone=CLEAR
[image_processor-22] [INFO] [1776752740.145793036] [robot_1.image_processor]: Zone=CLEAR
[image_processor-23] [INFO] [1776752740.154955443] [robot_2.image_processor]: Zone=CLEAR
[image_processor-25] [INFO] [1776752740.161269926] [robot_4.image_processor]: Zone=CLEAR
[image_processor-21] [INFO] [1776752740.179113932] [robot_0.image_processor]: Zone=CLEAR
[image_processor-24] [INFO] [1776752740.271058298] [robot_3.image_processor]: Zone=CLEAR
[image_processor-22] [INFO] [1776752742.645534380] [robot_1.image_processor]: Zone=CLEAR
[image_processor-23] [INFO] [1776752742.652987609] [robot_2.image_processor]: Zone=CLEAR
[image_processor-25] [INFO] [1776752742.663162098] [robot_4.image_processor]: Zone=CLEAR
[image_processor-24] [INFO] [1776752742.670811818] [robot_3.image_processor]: Zone=CLEAR
[image_processor-21] [INFO] [1776752742.679161677] [robot_0.image_processor]: Zone=CLEAR
[image_processor-22] [INFO] [1776752745.144354053] [robot_1.image_processor]: Zone=CLEAR
[image_processor-25] [INFO] [1776752745.163190732] [robot_4.image_processor]: Zone=CLEAR
[image_processor-24] [INFO] [1776752745.170501083] [robot_3.image_processor]: Zone=CLEAR
[image_processor-21] [INFO] [1776752745.182030076] [robot_0.image_processor]: Zone=CLEAR
[image_processor-23] [INFO] [1776752745.254598104] [robot_2.image_processor]: Zone=CLEAR
[image_processor-22] [INFO] [1776752747.644859739] [robot_1.image_processor]: Zone=CLEAR
[image_processor-23] [INFO] [1776752747.653436883] [robot_2.image_processor]: Zone=CLEAR
[image_processor-25] [INFO] [1776752747.664145009] [robot_4.image_processor]: Zone=CLEAR
[image_processor-24] [INFO] [1776752747.672632216] [robot_3.image_processor]: Zone=CLEAR
[image_processor-21] [INFO] [1776752747.680831531] [robot_0.image_processor]: Zone=CLEAR
[image_processor-22] [INFO] [1776752750.146087371] [robot_1.image_processor]: Zone=CLEAR
[image_processor-25] [INFO] [1776752750.163008205] [robot_4.image_processor]: Zone=CLEAR
[image_processor-24] [INFO] [1776752750.171674677] [robot_3.image_processor]: Zone=CLEAR
[image_processor-21] [INFO] [1776752750.181635837] [robot_0.image_processor]: Zone=CLEAR
[image_processor-23] [INFO] [1776752750.255363579] [robot_2.image_processor]: Zone=CLEAR
[image_processor-22] [INFO] [1776752752.644641444] [robot_1.image_processor]: Zone=CLEAR
[image_processor-23] [INFO] [1776752752.654392529] [robot_2.image_processor]: Zone=CLEAR
[image_processor-25] [INFO] [1776752752.662208753] [robot_4.image_processor]: Zone=CLEAR
[image_processor-24] [INFO] [1776752752.670982326] [robot_3.image_processor]: Zone=CLEAR
[image_processor-21] [INFO] [1776752752.681227600] [robot_0.image_processor]: Zone=CLEAR
[image_processor-22] [INFO] [1776752755.144507997] [robot_1.image_processor]: Zone=CLEAR
[image_processor-23] [INFO] [1776752755.154805780] [robot_2.image_processor]: Zone=CLEAR
[image_processor-25] [INFO] [1776752755.162401833] [robot_4.image_processor]: Zone=CLEAR
[image_processor-24] [INFO] [1776752755.174223949] [robot_3.image_processor]: Zone=CLEAR
[image_processor-21] [INFO] [1776752755.183556160] [robot_0.image_processor]: Zone=CLEAR
[image_processor-22] [INFO] [1776752757.645283823] [robot_1.image_processor]: Zone=CLEAR
[image_processor-23] [INFO] [1776752757.653215820] [robot_2.image_processor]: Zone=CLEAR
[image_processor-25] [INFO] [1776752757.661495165] [robot_4.image_processor]: Zone=CLEAR
[image_processor-24] [INFO] [1776752757.672319837] [robot_3.image_processor]: Zone=CLEAR
[image_processor-21] [INFO] [1776752757.780981043] [robot_0.image_processor]: Zone=CLEAR
[image_processor-22] [INFO] [1776752760.145067981] [robot_1.image_processor]: Zone=CLEAR
[image_processor-23] [INFO] [1776752760.154033558] [robot_2.image_processor]: Zone=CLEAR
[image_processor-25] [INFO] [1776752760.162985627] [robot_4.image_processor]: Zone=CLEAR
[image_processor-24] [INFO] [1776752760.171415093] [robot_3.image_processor]: Zone=CLEAR
[image_processor-21] [INFO] [1776752760.179388922] [robot_0.image_processor]: Zone=CLEAR
[image_processor-22] [INFO] [1776752762.645181504] [robot_1.image_processor]: Zone=CLEAR
[image_processor-23] [INFO] [1776752762.652042547] [robot_2.image_processor]: Zone=CLEAR
[image_processor-25] [INFO] [1776752762.660911695] [robot_4.image_processor]: Zone=CLEAR
[image_processor-24] [INFO] [1776752762.668823841] [robot_3.image_processor]: Zone=CLEAR
[image_processor-21] [INFO] [1776752762.677313838] [robot_0.image_processor]: Zone=CLEAR
[image_processor-22] [INFO] [1776752765.146605353] [robot_1.image_processor]: Zone=CLEAR
[image_processor-23] [INFO] [1776752765.153873925] [robot_2.image_processor]: Zone=CLEAR
[image_processor-25] [INFO] [1776752765.162016495] [robot_4.image_processor]: Zone=CLEAR
[image_processor-24] [INFO] [1776752765.170155314] [robot_3.image_processor]: Zone=CLEAR
[image_processor-21] [INFO] [1776752765.177332870] [robot_0.image_processor]: Zone=CLEAR
[image_processor-22] [INFO] [1776752767.645393155] [robot_1.image_processor]: Zone=CLEAR
[image_processor-25] [INFO] [1776752767.663085306] [robot_4.image_processor]: Zone=CLEAR
[image_processor-24] [INFO] [1776752767.671329396] [robot_3.image_processor]: Zone=CLEAR
[image_processor-23] [INFO] [1776752767.753954884] [robot_2.image_processor]: Zone=CLEAR
[image_processor-21] [INFO] [1776752767.779503560] [robot_0.image_processor]: Zone=CLEAR
[image_processor-22] [INFO] [1776752770.146313549] [robot_1.image_processor]: Zone=CLEAR
[image_processor-25] [INFO] [1776752770.162427379] [robot_4.image_processor]: Zone=CLEAR
[image_processor-24] [INFO] [1776752770.170336658] [robot_3.image_processor]: Zone=CLEAR
[image_processor-21] [INFO] [1776752770.179709039] [robot_0.image_processor]: Zone=CLEAR
[image_processor-23] [INFO] [1776752770.255264657] [robot_2.image_processor]: Zone=CLEAR
[image_processor-22] [INFO] [1776752772.645714034] [robot_1.image_processor]: Zone=CLEAR
[image_processor-23] [INFO] [1776752772.654846586] [robot_2.image_processor]: Zone=CLEAR
[image_processor-25] [INFO] [1776752772.662184644] [robot_4.image_processor]: Zone=CLEAR
[image_processor-24] [INFO] [1776752772.671829958] [robot_3.image_processor]: Zone=CLEAR
[image_processor-21] [INFO] [1776752772.679275130] [robot_0.image_processor]: Zone=CLEAR
[image_processor-22] [INFO] [1776752775.145070299] [robot_1.image_processor]: Zone=CLEAR
[image_processor-25] [INFO] [1776752775.160509360] [robot_4.image_processor]: Zone=CLEAR
[image_processor-24] [INFO] [1776752775.168810265] [robot_3.image_processor]: Zone=CLEAR
[image_processor-21] [INFO] [1776752775.177294976] [robot_0.image_processor]: Zone=CLEAR
[image_processor-23] [INFO] [1776752775.253706352] [robot_2.image_processor]: Zone=CLEAR
[image_processor-22] [INFO] [1776752777.646023095] [robot_1.image_processor]: Zone=CLEAR
[image_processor-23] [INFO] [1776752777.653231642] [robot_2.image_processor]: Zone=CLEAR
[image_processor-25] [INFO] [1776752777.660727041] [robot_4.image_processor]: Zone=CLEAR
[image_processor-24] [INFO] [1776752777.669990971] [robot_3.image_processor]: Zone=CLEAR
[image_processor-21] [INFO] [1776752777.676797160] [robot_0.image_processor]: Zone=CLEAR
[image_processor-22] [INFO] [1776752780.145645401] [robot_1.image_processor]: Zone=CLEAR
[image_processor-23] [INFO] [1776752780.153338790] [robot_2.image_processor]: Zone=CLEAR
[image_processor-25] [INFO] [1776752780.163246537] [robot_4.image_processor]: Zone=CLEAR
[image_processor-24] [INFO] [1776752780.170066271] [robot_3.image_processor]: Zone=CLEAR
[image_processor-21] [INFO] [1776752780.178732825] [robot_0.image_processor]: Zone=CLEAR
[image_processor-22] [INFO] [1776752782.644705041] [robot_1.image_processor]: Zone=CLEAR
[image_processor-23] [INFO] [1776752782.653538159] [robot_2.image_processor]: Zone=CLEAR
[image_processor-25] [INFO] [1776752782.661602521] [robot_4.image_processor]: Zone=CLEAR
[image_processor-24] [INFO] [1776752782.670170758] [robot_3.image_processor]: Zone=CLEAR
[image_processor-21] [INFO] [1776752782.677895631] [robot_0.image_processor]: Zone=CLEAR
[image_processor-22] [INFO] [1776752785.145775735] [robot_1.image_processor]: Zone=CLEAR
[image_processor-25] [INFO] [1776752785.162538094] [robot_4.image_processor]: Zone=CLEAR
[image_processor-21] [INFO] [1776752785.178712425] [robot_0.image_processor]: Zone=CLEAR
[image_processor-23] [INFO] [1776752785.255138569] [robot_2.image_processor]: Zone=CLEAR
[image_processor-24] [INFO] [1776752785.271505268] [robot_3.image_processor]: Zone=CLEAR
[image_processor-22] [INFO] [1776752787.645996240] [robot_1.image_processor]: Zone=CLEAR
[image_processor-25] [INFO] [1776752787.662088339] [robot_4.image_processor]: Zone=CLEAR
[image_processor-24] [INFO] [1776752787.668934253] [robot_3.image_processor]: Zone=CLEAR
[image_processor-21] [INFO] [1776752787.677926871] [robot_0.image_processor]: Zone=CLEAR
[image_processor-23] [INFO] [1776752787.754067062] [robot_2.image_processor]: Zone=CLEAR
[image_processor-23] [INFO] [1776752790.157682701] [robot_2.image_processor]: Zone=CLEAR
[image_processor-25] [INFO] [1776752790.164754444] [robot_4.image_processor]: Zone=CLEAR
[image_processor-24] [INFO] [1776752790.172209316] [robot_3.image_processor]: Zone=CLEAR
[image_processor-21] [INFO] [1776752790.180689650] [robot_0.image_processor]: Zone=CLEAR
[image_processor-22] [INFO] [1776752790.248544543] [robot_1.image_processor]: Zone=CLEAR
[image_processor-22] [INFO] [1776752792.647243471] [robot_1.image_processor]: Zone=CLEAR
[image_processor-23] [INFO] [1776752792.656761231] [robot_2.image_processor]: Zone=CLEAR
[image_processor-25] [INFO] [1776752792.664693488] [robot_4.image_processor]: Zone=CLEAR
[image_processor-24] [INFO] [1776752792.673291898] [robot_3.image_processor]: Zone=CLEAR
[image_processor-21] [INFO] [1776752792.682367307] [robot_0.image_processor]: Zone=CLEAR
[image_processor-22] [INFO] [1776752795.143739295] [robot_1.image_processor]: Zone=CLEAR
[image_processor-23] [INFO] [1776752795.154503609] [robot_2.image_processor]: Zone=CLEAR
[image_processor-25] [INFO] [1776752795.163179562] [robot_4.image_processor]: Zone=CLEAR
[image_processor-21] [INFO] [1776752795.178228599] [robot_0.image_processor]: Zone=CLEAR
[image_processor-24] [INFO] [1776752795.273831096] [robot_3.image_processor]: Zone=CLEAR
[image_processor-22] [INFO] [1776752797.645923124] [robot_1.image_processor]: Zone=CLEAR
[image_processor-23] [INFO] [1776752797.653716698] [robot_2.image_processor]: Zone=CLEAR
[image_processor-25] [INFO] [1776752797.663440054] [robot_4.image_processor]: Zone=CLEAR
[image_processor-24] [INFO] [1776752797.671951856] [robot_3.image_processor]: Zone=CLEAR
[image_processor-21] [INFO] [1776752797.681778164] [robot_0.image_processor]: Zone=CLEAR
[image_processor-22] [INFO] [1776752800.147864161] [robot_1.image_processor]: Zone=CLEAR
[image_processor-25] [INFO] [1776752800.165522793] [robot_4.image_processor]: Zone=CLEAR
[image_processor-24] [INFO] [1776752800.175682000] [robot_3.image_processor]: Zone=CLEAR
[image_processor-21] [INFO] [1776752800.182072099] [robot_0.image_processor]: Zone=CLEAR
[image_processor-23] [INFO] [1776752800.257951112] [robot_2.image_processor]: Zone=CLEAR
[image_processor-22] [INFO] [1776752802.645486044] [robot_1.image_processor]: Zone=CLEAR
[image_processor-25] [INFO] [1776752802.661046835] [robot_4.image_processor]: Zone=CLEAR
[image_processor-24] [INFO] [1776752802.669459524] [robot_3.image_processor]: Zone=CLEAR
[image_processor-21] [INFO] [1776752802.677964552] [robot_0.image_processor]: Zone=CLEAR
[image_processor-23] [INFO] [1776752802.755217108] [robot_2.image_processor]: Zone=CLEAR
[image_processor-22] [INFO] [1776752805.146268548] [robot_1.image_processor]: Zone=CLEAR
[image_processor-23] [INFO] [1776752805.153717454] [robot_2.image_processor]: Zone=CLEAR
[image_processor-25] [INFO] [1776752805.161896991] [robot_4.image_processor]: Zone=CLEAR
[image_processor-21] [INFO] [1776752805.177802260] [robot_0.image_processor]: Zone=CLEAR
[image_processor-24] [INFO] [1776752805.270452128] [robot_3.image_processor]: Zone=CLEAR
[image_processor-22] [INFO] [1776752807.646873172] [robot_1.image_processor]: Zone=CLEAR
[image_processor-23] [INFO] [1776752807.655904090] [robot_2.image_processor]: Zone=CLEAR
[image_processor-25] [INFO] [1776752807.663842104] [robot_4.image_processor]: Zone=CLEAR
[image_processor-24] [INFO] [1776752807.674613692] [robot_3.image_processor]: Zone=CLEAR
[image_processor-21] [INFO] [1776752807.681854634] [robot_0.image_processor]: Zone=CLEAR
[image_processor-22] [INFO] [1776752810.148706568] [robot_1.image_processor]: Zone=CLEAR
[image_processor-23] [INFO] [1776752810.157311904] [robot_2.image_processor]: Zone=CLEAR
[image_processor-25] [INFO] [1776752810.165669666] [robot_4.image_processor]: Zone=CLEAR
[image_processor-21] [INFO] [1776752810.181023141] [robot_0.image_processor]: Zone=CLEAR
[image_processor-24] [INFO] [1776752810.275107716] [robot_3.image_processor]: Zone=CLEAR
[image_processor-22] [INFO] [1776752812.645181524] [robot_1.image_processor]: Zone=CLEAR
[image_processor-25] [INFO] [1776752812.662572964] [robot_4.image_processor]: Zone=CLEAR
[image_processor-24] [INFO] [1776752812.671319365] [robot_3.image_processor]: Zone=CLEAR
[image_processor-21] [INFO] [1776752812.679261642] [robot_0.image_processor]: Zone=CLEAR
[image_processor-23] [INFO] [1776752812.755349718] [robot_2.image_processor]: Zone=CLEAR
[image_processor-22] [INFO] [1776752815.147104639] [robot_1.image_processor]: Zone=CLEAR
[image_processor-23] [INFO] [1776752815.154237839] [robot_2.image_processor]: Zone=CLEAR
[image_processor-25] [INFO] [1776752815.163906140] [robot_4.image_processor]: Zone=CLEAR
[image_processor-24] [INFO] [1776752815.173122308] [robot_3.image_processor]: Zone=CLEAR
[image_processor-21] [INFO] [1776752815.181062449] [robot_0.image_processor]: Zone=CLEAR
[image_processor-22] [INFO] [1776752817.645920446] [robot_1.image_processor]: Zone=CLEAR
[image_processor-25] [INFO] [1776752817.659971195] [robot_4.image_processor]: Zone=CLEAR
[image_processor-24] [INFO] [1776752817.669887036] [robot_3.image_processor]: Zone=CLEAR
[image_processor-21] [INFO] [1776752817.677418639] [robot_0.image_processor]: Zone=CLEAR
[image_processor-23] [INFO] [1776752817.754000787] [robot_2.image_processor]: Zone=CLEAR
[image_processor-22] [INFO] [1776752820.144836086] [robot_1.image_processor]: Zone=CLEAR
[image_processor-23] [INFO] [1776752820.152229239] [robot_2.image_processor]: Zone=CLEAR
[image_processor-24] [INFO] [1776752820.168897103] [robot_3.image_processor]: Zone=CLEAR
[image_processor-21] [INFO] [1776752820.177657940] [robot_0.image_processor]: Zone=CLEAR
[image_processor-25] [INFO] [1776752820.262896699] [robot_4.image_processor]: Zone=CLEAR
[image_processor-22] [INFO] [1776752822.645545228] [robot_1.image_processor]: Zone=CLEAR
[image_processor-23] [INFO] [1776752822.652603984] [robot_2.image_processor]: Zone=CLEAR
[image_processor-25] [INFO] [1776752822.660507086] [robot_4.image_processor]: Zone=CLEAR
[image_processor-24] [INFO] [1776752822.668581673] [robot_3.image_processor]: Zone=CLEAR
[image_processor-21] [INFO] [1776752822.677402253] [robot_0.image_processor]: Zone=CLEAR
[image_processor-22] [INFO] [1776752825.145096825] [robot_1.image_processor]: Zone=CLEAR
[image_processor-23] [INFO] [1776752825.154342809] [robot_2.image_processor]: Zone=CLEAR
[image_processor-25] [INFO] [1776752825.163072736] [robot_4.image_processor]: Zone=CLEAR
[image_processor-24] [INFO] [1776752825.172273163] [robot_3.image_processor]: Zone=CLEAR
[image_processor-21] [INFO] [1776752825.180119304] [robot_0.image_processor]: Zone=CLEAR
[image_processor-22] [INFO] [1776752827.645346778] [robot_1.image_processor]: Zone=CLEAR
[image_processor-23] [INFO] [1776752827.652749236] [robot_2.image_processor]: Zone=CLEAR
[image_processor-25] [INFO] [1776752827.662670422] [robot_4.image_processor]: Zone=CLEAR
[image_processor-24] [INFO] [1776752827.671618794] [robot_3.image_processor]: Zone=CLEAR
[image_processor-21] [INFO] [1776752827.681586402] [robot_0.image_processor]: Zone=CLEAR
[image_processor-22] [INFO] [1776752830.146817365] [robot_1.image_processor]: Zone=CLEAR
[image_processor-23] [INFO] [1776752830.153580203] [robot_2.image_processor]: Zone=CLEAR
[image_processor-25] [INFO] [1776752830.161581311] [robot_4.image_processor]: Zone=CLEAR
[image_processor-24] [INFO] [1776752830.170080067] [robot_3.image_processor]: Zone=CLEAR
[image_processor-21] [INFO] [1776752830.179702271] [robot_0.image_processor]: Zone=CLEAR
[image_processor-22] [INFO] [1776752832.644541202] [robot_1.image_processor]: Zone=CLEAR
[image_processor-23] [INFO] [1776752832.651704795] [robot_2.image_processor]: Zone=CLEAR
[image_processor-25] [INFO] [1776752832.659432391] [robot_4.image_processor]: Zone=CLEAR
[image_processor-24] [INFO] [1776752832.667276244] [robot_3.image_processor]: Zone=CLEAR
[image_processor-21] [INFO] [1776752832.677092631] [robot_0.image_processor]: Zone=CLEAR
[image_processor-22] [INFO] [1776752835.146532043] [robot_1.image_processor]: Zone=CLEAR
[image_processor-23] [INFO] [1776752835.154037730] [robot_2.image_processor]: Zone=CLEAR
[image_processor-25] [INFO] [1776752835.163258876] [robot_4.image_processor]: Zone=CLEAR
[image_processor-24] [INFO] [1776752835.172681067] [robot_3.image_processor]: Zone=CLEAR
[image_processor-21] [INFO] [1776752835.180426736] [robot_0.image_processor]: Zone=CLEAR
[image_processor-22] [INFO] [1776752837.645770055] [robot_1.image_processor]: Zone=CLEAR
[image_processor-23] [INFO] [1776752837.653656997] [robot_2.image_processor]: Zone=CLEAR
[image_processor-24] [INFO] [1776752837.670452876] [robot_3.image_processor]: Zone=CLEAR
[image_processor-21] [INFO] [1776752837.678635754] [robot_0.image_processor]: Zone=CLEAR
[image_processor-25] [INFO] [1776752837.764724968] [robot_4.image_processor]: Zone=CLEAR
[image_processor-22] [INFO] [1776752840.144483364] [robot_1.image_processor]: Zone=CLEAR
[image_processor-23] [INFO] [1776752840.151113731] [robot_2.image_processor]: Zone=CLEAR
[image_processor-25] [INFO] [1776752840.160711660] [robot_4.image_processor]: Zone=CLEAR
[image_processor-24] [INFO] [1776752840.168062344] [robot_3.image_processor]: Zone=CLEAR
[image_processor-21] [INFO] [1776752840.176088358] [robot_0.image_processor]: Zone=CLEAR
[image_processor-23] [INFO] [1776752842.653545908] [robot_2.image_processor]: Zone=CLEAR
[image_processor-25] [INFO] [1776752842.661540291] [robot_4.image_processor]: Zone=CLEAR
[image_processor-24] [INFO] [1776752842.671305768] [robot_3.image_processor]: Zone=CLEAR
[image_processor-21] [INFO] [1776752842.678282630] [robot_0.image_processor]: Zone=CLEAR
[image_processor-22] [INFO] [1776752842.747534250] [robot_1.image_processor]: Zone=CLEAR
[image_processor-22] [INFO] [1776752845.145148971] [robot_1.image_processor]: Zone=CLEAR
[image_processor-25] [INFO] [1776752845.161772584] [robot_4.image_processor]: Zone=CLEAR
[image_processor-24] [INFO] [1776752845.169656107] [robot_3.image_processor]: Zone=CLEAR
[image_processor-21] [INFO] [1776752845.177492142] [robot_0.image_processor]: Zone=CLEAR
[image_processor-23] [INFO] [1776752845.254044014] [robot_2.image_processor]: Zone=CLEAR
[image_processor-22] [INFO] [1776752847.644896846] [robot_1.image_processor]: Zone=CLEAR
[image_processor-23] [INFO] [1776752847.652800675] [robot_2.image_processor]: Zone=CLEAR
[image_processor-25] [INFO] [1776752847.660925712] [robot_4.image_processor]: Zone=CLEAR
[image_processor-24] [INFO] [1776752847.671473215] [robot_3.image_processor]: Zone=CLEAR
[image_processor-21] [INFO] [1776752847.680398447] [robot_0.image_processor]: Zone=CLEAR
[image_processor-22] [INFO] [1776752850.145500110] [robot_1.image_processor]: Zone=CLEAR
[image_processor-21] [INFO] [1776752850.179565047] [robot_0.image_processor]: Zone=CLEAR
[image_processor-23] [INFO] [1776752850.254122089] [robot_2.image_processor]: Zone=CLEAR
[image_processor-25] [INFO] [1776752850.262420149] [robot_4.image_processor]: Zone=CLEAR
[image_processor-24] [INFO] [1776752850.272135020] [robot_3.image_processor]: Zone=CLEAR
[image_processor-22] [INFO] [1776752852.645772574] [robot_1.image_processor]: Zone=CLEAR
[image_processor-23] [INFO] [1776752852.652564626] [robot_2.image_processor]: Zone=CLEAR
[image_processor-24] [INFO] [1776752852.670302398] [robot_3.image_processor]: Zone=CLEAR
[image_processor-21] [INFO] [1776752852.677068945] [robot_0.image_processor]: Zone=CLEAR
[image_processor-25] [INFO] [1776752852.763266651] [robot_4.image_processor]: Zone=CLEAR
[image_processor-23] [INFO] [1776752855.151331731] [robot_2.image_processor]: Zone=CLEAR
[image_processor-25] [INFO] [1776752855.160705433] [robot_4.image_processor]: Zone=CLEAR
[image_processor-24] [INFO] [1776752855.168517608] [robot_3.image_processor]: Zone=CLEAR
[image_processor-21] [INFO] [1776752855.176697498] [robot_0.image_processor]: Zone=CLEAR
[image_processor-22] [INFO] [1776752855.245365854] [robot_1.image_processor]: Zone=CLEAR
[image_processor-23] [INFO] [1776752857.652925151] [robot_2.image_processor]: Zone=CLEAR
[image_processor-25] [INFO] [1776752857.660119623] [robot_4.image_processor]: Zone=CLEAR
[image_processor-24] [INFO] [1776752857.670309150] [robot_3.image_processor]: Zone=CLEAR
[image_processor-21] [INFO] [1776752857.677568102] [robot_0.image_processor]: Zone=CLEAR
[image_processor-22] [INFO] [1776752857.744740403] [robot_1.image_processor]: Zone=CLEAR
[image_processor-22] [INFO] [1776752860.146449632] [robot_1.image_processor]: Zone=CLEAR
[image_processor-23] [INFO] [1776752860.154373964] [robot_2.image_processor]: Zone=CLEAR
[image_processor-25] [INFO] [1776752860.163226579] [robot_4.image_processor]: Zone=CLEAR
[image_processor-24] [INFO] [1776752860.171643736] [robot_3.image_processor]: Zone=CLEAR
[image_processor-21] [INFO] [1776752860.178909746] [robot_0.image_processor]: Zone=CLEAR
[image_processor-22] [INFO] [1776752862.645099105] [robot_1.image_processor]: Zone=CLEAR
[image_processor-25] [INFO] [1776752862.662135464] [robot_4.image_processor]: Zone=CLEAR
[image_processor-24] [INFO] [1776752862.669770177] [robot_3.image_processor]: Zone=CLEAR
[image_processor-21] [INFO] [1776752862.680455700] [robot_0.image_processor]: Zone=CLEAR
[image_processor-23] [INFO] [1776752862.755852456] [robot_2.image_processor]: Zone=CLEAR
[image_processor-22] [INFO] [1776752865.145988301] [robot_1.image_processor]: Zone=CLEAR
[image_processor-25] [INFO] [1776752865.163007869] [robot_4.image_processor]: Zone=CLEAR
[image_processor-24] [INFO] [1776752865.170555299] [robot_3.image_processor]: Zone=CLEAR
[image_processor-21] [INFO] [1776752865.178791528] [robot_0.image_processor]: Zone=CLEAR
[image_processor-23] [INFO] [1776752865.255625874] [robot_2.image_processor]: Zone=CLEAR
[image_processor-22] [INFO] [1776752867.646589976] [robot_1.image_processor]: Zone=CLEAR
[image_processor-23] [INFO] [1776752867.653450037] [robot_2.image_processor]: Zone=CLEAR
[image_processor-25] [INFO] [1776752867.664261255] [robot_4.image_processor]: Zone=CLEAR
[image_processor-24] [INFO] [1776752867.672765341] [robot_3.image_processor]: Zone=CLEAR
[image_processor-21] [INFO] [1776752867.681002173] [robot_0.image_processor]: Zone=CLEAR
[image_processor-22] [INFO] [1776752870.148823954] [robot_1.image_processor]: Zone=CLEAR
[image_processor-23] [INFO] [1776752870.159342756] [robot_2.image_processor]: Zone=CLEAR
[image_processor-25] [INFO] [1776752870.169722620] [robot_4.image_processor]: Zone=CLEAR
[image_processor-24] [INFO] [1776752870.179315762] [robot_3.image_processor]: Zone=CLEAR
[image_processor-21] [INFO] [1776752870.186415689] [robot_0.image_processor]: Zone=CLEAR
[image_processor-22] [INFO] [1776752872.644802270] [robot_1.image_processor]: Zone=CLEAR
[image_processor-25] [INFO] [1776752872.661732780] [robot_4.image_processor]: Zone=CLEAR
[image_processor-24] [INFO] [1776752872.669650559] [robot_3.image_processor]: Zone=CLEAR
[image_processor-21] [INFO] [1776752872.678156066] [robot_0.image_processor]: Zone=CLEAR
[image_processor-23] [INFO] [1776752872.754478058] [robot_2.image_processor]: Zone=CLEAR
[image_processor-22] [INFO] [1776752875.146565232] [robot_1.image_processor]: Zone=CLEAR
[image_processor-23] [INFO] [1776752875.154261199] [robot_2.image_processor]: Zone=CLEAR
[image_processor-25] [INFO] [1776752875.162548980] [robot_4.image_processor]: Zone=CLEAR
[image_processor-24] [INFO] [1776752875.171798341] [robot_3.image_processor]: Zone=CLEAR
[image_processor-21] [INFO] [1776752875.178388924] [robot_0.image_processor]: Zone=CLEAR
[image_processor-22] [INFO] [1776752877.646146754] [robot_1.image_processor]: Zone=CLEAR
[image_processor-23] [INFO] [1776752877.654711908] [robot_2.image_processor]: Zone=CLEAR
[image_processor-25] [INFO] [1776752877.662773995] [robot_4.image_processor]: Zone=CLEAR
[image_processor-24] [INFO] [1776752877.669893364] [robot_3.image_processor]: Zone=CLEAR
[image_processor-21] [INFO] [1776752877.678301882] [robot_0.image_processor]: Zone=CLEAR
[INFO] [image_processor-25]: sending signal 'SIGINT' to process[image_processor-25]
[ERROR] [ign gazebo-1]: process has died [pid 206874, exit code -15, cmd 'ruby /usr/bin/ign gazebo /home/ecem/ros2_ws/install/swarm_basics/share/swarm_basics/worlds/random_world.sdf -s -r --force-version 6'].
[ERROR] [parameter_bridge-4]: process has died [pid 206881, exit code -15, cmd '/opt/ros/humble/lib/ros_ign_bridge/parameter_bridge /robot_0/cmd_vel@geometry_msgs/msg/Twist]ignition.msgs.Twist /robot_0/odom@nav_msgs/msg/Odometry[ignition.msgs.Odometry /robot_0/depth_camera/depth_image@sensor_msgs/msg/Image[ignition.msgs.Image /world/random_world/model/robot_0/link/robot_0/base_footprint/sensor/contact_sensor/contact@ros_gz_interfaces/msg/Contacts[ignition.msgs.Contacts /robot_1/cmd_vel@geometry_msgs/msg/Twist]ignition.msgs.Twist /robot_1/odom@nav_msgs/msg/Odometry[ignition.msgs.Odometry /robot_1/depth_camera/depth_image@sensor_msgs/msg/Image[ignition.msgs.Image /world/random_world/model/robot_1/link/robot_1/base_footprint/sensor/contact_sensor/contact@ros_gz_interfaces/msg/Contacts[ignition.msgs.Contacts /robot_2/cmd_vel@geometry_msgs/msg/Twist]ignition.msgs.Twist /robot_2/odom@nav_msgs/msg/Odometry[ignition.msgs.Odometry /robot_2/depth_camera/depth_image@sensor_msgs/msg/Image[ignition.msgs.Image /world/random_world/model/robot_2/link/robot_2/base_footprint/sensor/contact_sensor/contact@ros_gz_interfaces/msg/Contacts[ignition.msgs.Contacts /robot_3/cmd_vel@geometry_msgs/msg/Twist]ignition.msgs.Twist /robot_3/odom@nav_msgs/msg/Odometry[ignition.msgs.Odometry /robot_3/depth_camera/depth_image@sensor_msgs/msg/Image[ignition.msgs.Image /world/random_world/model/robot_3/link/robot_3/base_footprint/sensor/contact_sensor/contact@ros_gz_interfaces/msg/Contacts[ignition.msgs.Contacts /robot_4/cmd_vel@geometry_msgs/msg/Twist]ignition.msgs.Twist /robot_4/odom@nav_msgs/msg/Odometry[ignition.msgs.Odometry /robot_4/depth_camera/depth_image@sensor_msgs/msg/Image[ignition.msgs.Image /world/random_world/model/robot_4/link/robot_4/base_footprint/sensor/contact_sensor/contact@ros_gz_interfaces/msg/Contacts[ignition.msgs.Contacts /world/random_world/dynamic_pose/info@tf2_msgs/msg/TFMessage[ignition.msgs.Pose_V --ros-args -r __node:=all_robots_bridge --params-file /tmp/launch_params_saod7hc0'].
[INFO] [parameter_bridge-20]: process has finished cleanly [pid 206962]
[INFO] [image_processor-24]: sending signal 'SIGINT' to process[image_processor-24]
[INFO] [bash-26]: process started with pid [207437]
[INFO] [image_processor-23]: sending signal 'SIGINT' to process[image_processor-23]
[INFO] [image_processor-22]: sending signal 'SIGINT' to process[image_processor-22]
[INFO] [image_processor-21]: sending signal 'SIGINT' to process[image_processor-21]
[INFO] [robot_supervisor-19]: sending signal 'SIGINT' to process[robot_supervisor-19]
[INFO] [robot_state_publisher-17]: sending signal 'SIGINT' to process[robot_state_publisher-17]
[INFO] [robot_supervisor-16]: sending signal 'SIGINT' to process[robot_supervisor-16]
[INFO] [robot_state_publisher-14]: sending signal 'SIGINT' to process[robot_state_publisher-14]
[INFO] [robot_supervisor-13]: sending signal 'SIGINT' to process[robot_supervisor-13]
[INFO] [robot_state_publisher-11]: sending signal 'SIGINT' to process[robot_state_publisher-11]
[INFO] [robot_supervisor-10]: sending signal 'SIGINT' to process[robot_supervisor-10]
[ERROR] [bash-26]: process has died [pid 207437, exit code -15, cmd 'bash -lc pkill -f parameter_bridge || true'].
[INFO] [robot_state_publisher-8]: sending signal 'SIGINT' to process[robot_state_publisher-8]
[INFO] [robot_supervisor-7]: sending signal 'SIGINT' to process[robot_supervisor-7]
[INFO] [robot_state_publisher-5]: sending signal 'SIGINT' to process[robot_state_publisher-5]
[INFO] [bump_counter-3]: sending signal 'SIGINT' to process[bump_counter-3]
[INFO] [coverage_counter-2]: sending signal 'SIGINT' to process[coverage_counter-2]
[parameter_bridge-20] [INFO] [1776752879.812962456] [rclcpp]: signal_handler(SIGINT/SIGTERM)
[parameter_bridge-4] [INFO] [1776752879.813041807] [rclcpp]: signal_handler(SIGINT/SIGTERM)
[INFO] [launch]: process[ign gazebo-1] was required: shutting down launched system
[image_processor-25] [INFO] [1776752880.497720002] [rclcpp]: signal_handler(SIGINT/SIGTERM)
[image_processor-24] [INFO] [1776752880.502964735] [rclcpp]: signal_handler(SIGINT/SIGTERM)
[image_processor-23] [INFO] [1776752880.507767715] [rclcpp]: signal_handler(SIGINT/SIGTERM)
[image_processor-22] [INFO] [1776752880.511251410] [rclcpp]: signal_handler(SIGINT/SIGTERM)
[image_processor-21] [INFO] [1776752880.514533910] [rclcpp]: signal_handler(SIGINT/SIGTERM)
[robot_supervisor-19] Traceback (most recent call last):
[robot_supervisor-19]   File "/home/ecem/ros2_ws/install/swarm_basics/lib/swarm_basics/robot_supervisor", line 33, in <module>
[robot_supervisor-19]     sys.exit(load_entry_point('swarm-basics==0.0.0', 'console_scripts', 'robot_supervisor')())
[robot_supervisor-19]   File "/home/ecem/ros2_ws/install/swarm_basics/lib/python3.10/site-packages/swarm_basics/robot_supervisor.py", line 867, in main
[robot_supervisor-19]     rclpy.spin(node)
[robot_supervisor-19]   File "/opt/ros/humble/local/lib/python3.10/dist-packages/rclpy/__init__.py", line 229, in spin
[robot_supervisor-19]     executor.spin_once()
[robot_supervisor-19]   File "/opt/ros/humble/local/lib/python3.10/dist-packages/rclpy/executors.py", line 773, in spin_once
[robot_supervisor-19]     self._spin_once_impl(timeout_sec)
[robot_supervisor-19]   File "/opt/ros/humble/local/lib/python3.10/dist-packages/rclpy/executors.py", line 762, in _spin_once_impl
[robot_supervisor-19]     handler, entity, node = self.wait_for_ready_callbacks(timeout_sec=timeout_sec)
[robot_supervisor-19]   File "/opt/ros/humble/local/lib/python3.10/dist-packages/rclpy/executors.py", line 745, in wait_for_ready_callbacks
[robot_supervisor-19]     return next(self._cb_iter)
[robot_supervisor-19]   File "/opt/ros/humble/local/lib/python3.10/dist-packages/rclpy/executors.py", line 642, in _wait_for_ready_callbacks
[robot_supervisor-19]     wait_set.wait(timeout_nsec)
[robot_supervisor-19] KeyboardInterrupt
[robot_state_publisher-17] [INFO] [1776752880.522676139] [rclcpp]: signal_handler(SIGINT/SIGTERM)
[robot_supervisor-16] Traceback (most recent call last):
[robot_supervisor-16]   File "/home/ecem/ros2_ws/install/swarm_basics/lib/swarm_basics/robot_supervisor", line 33, in <module>
[robot_supervisor-16]     sys.exit(load_entry_point('swarm-basics==0.0.0', 'console_scripts', 'robot_supervisor')())
[robot_supervisor-16]   File "/home/ecem/ros2_ws/install/swarm_basics/lib/python3.10/site-packages/swarm_basics/robot_supervisor.py", line 867, in main
[robot_supervisor-16]     rclpy.spin(node)
[robot_supervisor-16]   File "/opt/ros/humble/local/lib/python3.10/dist-packages/rclpy/__init__.py", line 229, in spin
[robot_supervisor-16]     executor.spin_once()
[robot_supervisor-16]   File "/opt/ros/humble/local/lib/python3.10/dist-packages/rclpy/executors.py", line 773, in spin_once
[robot_supervisor-16]     self._spin_once_impl(timeout_sec)
[robot_supervisor-16]   File "/opt/ros/humble/local/lib/python3.10/dist-packages/rclpy/executors.py", line 762, in _spin_once_impl
[robot_supervisor-16]     handler, entity, node = self.wait_for_ready_callbacks(timeout_sec=timeout_sec)
[robot_supervisor-16]   File "/opt/ros/humble/local/lib/python3.10/dist-packages/rclpy/executors.py", line 745, in wait_for_ready_callbacks
[robot_supervisor-16]     return next(self._cb_iter)
[robot_supervisor-16]   File "/opt/ros/humble/local/lib/python3.10/dist-packages/rclpy/executors.py", line 642, in _wait_for_ready_callbacks
[robot_supervisor-16]     wait_set.wait(timeout_nsec)
[robot_supervisor-16] KeyboardInterrupt
[robot_state_publisher-14] [INFO] [1776752880.527118547] [rclcpp]: signal_handler(SIGINT/SIGTERM)
[robot_supervisor-13] Traceback (most recent call last):
[robot_supervisor-13]   File "/home/ecem/ros2_ws/install/swarm_basics/lib/swarm_basics/robot_supervisor", line 33, in <module>
[robot_supervisor-13]     sys.exit(load_entry_point('swarm-basics==0.0.0', 'console_scripts', 'robot_supervisor')())
[robot_supervisor-13]   File "/home/ecem/ros2_ws/install/swarm_basics/lib/python3.10/site-packages/swarm_basics/robot_supervisor.py", line 867, in main
[robot_supervisor-13]     rclpy.spin(node)
[robot_supervisor-13]   File "/opt/ros/humble/local/lib/python3.10/dist-packages/rclpy/__init__.py", line 229, in spin
[robot_supervisor-13]     executor.spin_once()
[robot_supervisor-13]   File "/opt/ros/humble/local/lib/python3.10/dist-packages/rclpy/executors.py", line 773, in spin_once
[robot_supervisor-13]     self._spin_once_impl(timeout_sec)
[robot_supervisor-13]   File "/opt/ros/humble/local/lib/python3.10/dist-packages/rclpy/executors.py", line 762, in _spin_once_impl
[robot_supervisor-13]     handler, entity, node = self.wait_for_ready_callbacks(timeout_sec=timeout_sec)
[robot_supervisor-13]   File "/opt/ros/humble/local/lib/python3.10/dist-packages/rclpy/executors.py", line 745, in wait_for_ready_callbacks
[robot_supervisor-13]     return next(self._cb_iter)
[robot_supervisor-13]   File "/opt/ros/humble/local/lib/python3.10/dist-packages/rclpy/executors.py", line 642, in _wait_for_ready_callbacks
[robot_supervisor-13]     wait_set.wait(timeout_nsec)
[robot_supervisor-13] KeyboardInterrupt
[robot_state_publisher-11] [INFO] [1776752880.531776761] [rclcpp]: signal_handler(SIGINT/SIGTERM)
[robot_supervisor-10] Traceback (most recent call last):
[robot_supervisor-10]   File "/home/ecem/ros2_ws/install/swarm_basics/lib/swarm_basics/robot_supervisor", line 33, in <module>
[robot_supervisor-10]     sys.exit(load_entry_point('swarm-basics==0.0.0', 'console_scripts', 'robot_supervisor')())
[robot_supervisor-10]   File "/home/ecem/ros2_ws/install/swarm_basics/lib/python3.10/site-packages/swarm_basics/robot_supervisor.py", line 867, in main
[robot_supervisor-10]     rclpy.spin(node)
[robot_supervisor-10]   File "/opt/ros/humble/local/lib/python3.10/dist-packages/rclpy/__init__.py", line 229, in spin
[robot_supervisor-10]     executor.spin_once()
[robot_supervisor-10]   File "/opt/ros/humble/local/lib/python3.10/dist-packages/rclpy/executors.py", line 773, in spin_once
[robot_supervisor-10]     self._spin_once_impl(timeout_sec)
[robot_supervisor-10]   File "/opt/ros/humble/local/lib/python3.10/dist-packages/rclpy/executors.py", line 762, in _spin_once_impl
[robot_supervisor-10]     handler, entity, node = self.wait_for_ready_callbacks(timeout_sec=timeout_sec)
[robot_supervisor-10]   File "/opt/ros/humble/local/lib/python3.10/dist-packages/rclpy/executors.py", line 745, in wait_for_ready_callbacks
[robot_supervisor-10]     return next(self._cb_iter)
[robot_supervisor-10]   File "/opt/ros/humble/local/lib/python3.10/dist-packages/rclpy/executors.py", line 642, in _wait_for_ready_callbacks
[robot_supervisor-10]     wait_set.wait(timeout_nsec)
[robot_supervisor-10] KeyboardInterrupt
[robot_state_publisher-8] [INFO] [1776752880.536921516] [rclcpp]: signal_handler(SIGINT/SIGTERM)
[robot_supervisor-7] Traceback (most recent call last):
[robot_supervisor-7]   File "/home/ecem/ros2_ws/install/swarm_basics/lib/swarm_basics/robot_supervisor", line 33, in <module>
[robot_supervisor-7]     sys.exit(load_entry_point('swarm-basics==0.0.0', 'console_scripts', 'robot_supervisor')())
[robot_supervisor-7]   File "/home/ecem/ros2_ws/install/swarm_basics/lib/python3.10/site-packages/swarm_basics/robot_supervisor.py", line 867, in main
[robot_supervisor-7]     rclpy.spin(node)
[robot_supervisor-7]   File "/opt/ros/humble/local/lib/python3.10/dist-packages/rclpy/__init__.py", line 229, in spin
[robot_supervisor-7]     executor.spin_once()
[robot_supervisor-7]   File "/opt/ros/humble/local/lib/python3.10/dist-packages/rclpy/executors.py", line 773, in spin_once
[robot_supervisor-7]     self._spin_once_impl(timeout_sec)
[robot_supervisor-7]   File "/opt/ros/humble/local/lib/python3.10/dist-packages/rclpy/executors.py", line 762, in _spin_once_impl
[robot_supervisor-7]     handler, entity, node = self.wait_for_ready_callbacks(timeout_sec=timeout_sec)
[robot_supervisor-7]   File "/opt/ros/humble/local/lib/python3.10/dist-packages/rclpy/executors.py", line 745, in wait_for_ready_callbacks
[robot_supervisor-7]     return next(self._cb_iter)
[robot_supervisor-7]   File "/opt/ros/humble/local/lib/python3.10/dist-packages/rclpy/executors.py", line 642, in _wait_for_ready_callbacks
[robot_supervisor-7]     wait_set.wait(timeout_nsec)
[robot_supervisor-7] KeyboardInterrupt
[robot_state_publisher-5] [INFO] [1776752880.542816990] [rclcpp]: signal_handler(SIGINT/SIGTERM)
[ERROR] [launch]: Caught exception in launch (see debug for traceback): ExecuteLocal action 'bash-27': executed more than once: <launch.actions.execute_process.ExecuteProcess object at 0x776893eb4880>
[INFO] [image_processor-25]: process has finished cleanly [pid 207280]
[INFO] [image_processor-24]: process has finished cleanly [pid 207278]
[INFO] [image_processor-23]: process has finished cleanly [pid 207276]
[INFO] [image_processor-22]: process has finished cleanly [pid 207274]
[INFO] [image_processor-21]: process has finished cleanly [pid 207272]
[INFO] [robot_state_publisher-17]: process has finished cleanly [pid 206910]
[INFO] [robot_state_publisher-14]: process has finished cleanly [pid 206903]
[INFO] [robot_state_publisher-11]: process has finished cleanly [pid 206897]
[INFO] [robot_state_publisher-8]: process has finished cleanly [pid 206890]
[INFO] [robot_state_publisher-5]: process has finished cleanly [pid 206883]
[coverage_counter-2] Traceback (most recent call last):
[coverage_counter-2]   File "/home/ecem/ros2_ws/install/swarm_basics/lib/python3.10/site-packages/swarm_basics/coverage_counter.py", line 418, in main
[coverage_counter-2]     rclpy.spin(node)
[coverage_counter-2]   File "/opt/ros/humble/local/lib/python3.10/dist-packages/rclpy/__init__.py", line 229, in spin
[coverage_counter-2]     executor.spin_once()
[coverage_counter-2]   File "/opt/ros/humble/local/lib/python3.10/dist-packages/rclpy/executors.py", line 773, in spin_once
[coverage_counter-2]     self._spin_once_impl(timeout_sec)
[coverage_counter-2]   File "/opt/ros/humble/local/lib/python3.10/dist-packages/rclpy/executors.py", line 768, in _spin_once_impl
[coverage_counter-2]     handler()
[coverage_counter-2]   File "/opt/ros/humble/local/lib/python3.10/dist-packages/rclpy/task.py", line 254, in __call__
[coverage_counter-2]     self._handler.send(None)
[coverage_counter-2]   File "/opt/ros/humble/local/lib/python3.10/dist-packages/rclpy/executors.py", line 463, in handler
[coverage_counter-2]     await call_coroutine(entity, arg)
[coverage_counter-2]   File "/opt/ros/humble/local/lib/python3.10/dist-packages/rclpy/executors.py", line 371, in _execute_timer
[coverage_counter-2]     await await_or_execute(tmr.callback)
[coverage_counter-2]   File "/opt/ros/humble/local/lib/python3.10/dist-packages/rclpy/executors.py", line 107, in await_or_execute
[coverage_counter-2]     return callback(*args)
[coverage_counter-2]   File "/home/ecem/ros2_ws/install/swarm_basics/lib/python3.10/site-packages/swarm_basics/coverage_counter.py", line 152, in _on_timeout_timer
[coverage_counter-2]     self.shutdown_and_save()
[coverage_counter-2]   File "/home/ecem/ros2_ws/install/swarm_basics/lib/python3.10/site-packages/swarm_basics/coverage_counter.py", line 174, in shutdown_and_save
[coverage_counter-2]     rclpy.shutdown()
[coverage_counter-2]   File "/opt/ros/humble/local/lib/python3.10/dist-packages/rclpy/__init__.py", line 130, in shutdown
[coverage_counter-2]     _shutdown(context=context)
[coverage_counter-2]   File "/opt/ros/humble/local/lib/python3.10/dist-packages/rclpy/utilities.py", line 58, in shutdown
[coverage_counter-2]     return context.shutdown()
[coverage_counter-2]   File "/opt/ros/humble/local/lib/python3.10/dist-packages/rclpy/context.py", line 103, in shutdown
[coverage_counter-2]     self._call_on_shutdown_callbacks()
[coverage_counter-2]   File "/opt/ros/humble/local/lib/python3.10/dist-packages/rclpy/context.py", line 92, in _call_on_shutdown_callbacks
[coverage_counter-2]     callback = weak_method()
[coverage_counter-2]   File "/opt/ros/humble/local/lib/python3.10/dist-packages/rclpy/__init__.py", line 111, in reset_executor
[coverage_counter-2]     __executor.shutdown()
[coverage_counter-2]   File "/opt/ros/humble/local/lib/python3.10/dist-packages/rclpy/executors.py", line 227, in shutdown
[coverage_counter-2]     if not self._work_tracker.wait(timeout_sec):
[coverage_counter-2]   File "/opt/ros/humble/local/lib/python3.10/dist-packages/rclpy/executors.py", line 94, in wait
[coverage_counter-2]     if not self._work_condition.wait_for(
[coverage_counter-2]   File "/usr/lib/python3.10/threading.py", line 355, in wait_for
[coverage_counter-2]     self.wait(waittime)
[coverage_counter-2]   File "/usr/lib/python3.10/threading.py", line 320, in wait
[coverage_counter-2]     waiter.acquire()
[coverage_counter-2] KeyboardInterrupt
[coverage_counter-2] 
[coverage_counter-2] During handling of the above exception, another exception occurred:
[coverage_counter-2] 
[coverage_counter-2] Traceback (most recent call last):
[coverage_counter-2]   File "/home/ecem/ros2_ws/install/swarm_basics/lib/swarm_basics/coverage_counter", line 33, in <module>
[coverage_counter-2]     sys.exit(load_entry_point('swarm-basics==0.0.0', 'console_scripts', 'coverage_counter')())
[coverage_counter-2]   File "/home/ecem/ros2_ws/install/swarm_basics/lib/python3.10/site-packages/swarm_basics/coverage_counter.py", line 421, in main
[coverage_counter-2]     node.shutdown_and_save()
[coverage_counter-2]   File "/home/ecem/ros2_ws/install/swarm_basics/lib/python3.10/site-packages/swarm_basics/coverage_counter.py", line 174, in shutdown_and_save
[coverage_counter-2]     rclpy.shutdown()
[coverage_counter-2]   File "/opt/ros/humble/local/lib/python3.10/dist-packages/rclpy/__init__.py", line 130, in shutdown
[coverage_counter-2]     _shutdown(context=context)
[coverage_counter-2]   File "/opt/ros/humble/local/lib/python3.10/dist-packages/rclpy/utilities.py", line 58, in shutdown
[coverage_counter-2]     return context.shutdown()
[coverage_counter-2]   File "/opt/ros/humble/local/lib/python3.10/dist-packages/rclpy/context.py", line 100, in shutdown
[coverage_counter-2]     raise RuntimeError('Context must be initialized before it can be shutdown')
[coverage_counter-2] RuntimeError: Context must be initialized before it can be shutdown
[bump_counter-3] Traceback (most recent call last):
[bump_counter-3]   File "/home/ecem/ros2_ws/install/swarm_basics/lib/swarm_basics/bump_counter", line 33, in <module>
[bump_counter-3]     sys.exit(load_entry_point('swarm-basics==0.0.0', 'console_scripts', 'bump_counter')())
[bump_counter-3]   File "/home/ecem/ros2_ws/install/swarm_basics/lib/python3.10/site-packages/swarm_basics/bump_counter.py", line 384, in main
[bump_counter-3]     rclpy.shutdown()
[bump_counter-3]   File "/opt/ros/humble/local/lib/python3.10/dist-packages/rclpy/__init__.py", line 130, in shutdown
[bump_counter-3]     _shutdown(context=context)
[bump_counter-3]   File "/opt/ros/humble/local/lib/python3.10/dist-packages/rclpy/utilities.py", line 58, in shutdown
[bump_counter-3]     return context.shutdown()
[bump_counter-3]   File "/opt/ros/humble/local/lib/python3.10/dist-packages/rclpy/context.py", line 102, in shutdown
[bump_counter-3]     self.__context.shutdown()
[bump_counter-3] rclpy._rclpy_pybind11.RCLError: failed to shutdown: rcl_shutdown already called on the given context, at ./src/rcl/init.c:241
[ERROR] [coverage_counter-2]: process has died [pid 206877, exit code 1, cmd '/home/ecem/ros2_ws/install/swarm_basics/lib/swarm_basics/coverage_counter --ros-args -r __node:=coverage_counter --params-file /tmp/launch_params_a_glz_pa --params-file /tmp/launch_params_c7n4hwiv --params-file /tmp/launch_params_cf_ix9vg --params-file /tmp/launch_params_81atrupl --params-file /tmp/launch_params_92d2kops --params-file /tmp/launch_params_hp6t98gf'].
[ERROR] [bump_counter-3]: process has died [pid 206879, exit code 1, cmd '/home/ecem/ros2_ws/install/swarm_basics/lib/swarm_basics/bump_counter --ros-args -r __node:=bump_counter --params-file /tmp/launch_params_qjfqcqsf --params-file /tmp/launch_params_zm6bhqux --params-file /tmp/launch_params_8byi_2jx'].
[ERROR] [robot_supervisor-19]: process has died [pid 206948, exit code -2, cmd '/home/ecem/ros2_ws/install/swarm_basics/lib/swarm_basics/robot_supervisor --ros-args -r __node:=robot_supervisor -r __ns:=/robot_4 --params-file /tmp/launch_params_ncqczkq6 --params-file /tmp/launch_params_14aaqdja --params-file /tmp/launch_params_6svd54eh --params-file /tmp/launch_params_f8in5bwp'].
[ERROR] [robot_supervisor-16]: process has died [pid 206908, exit code -2, cmd '/home/ecem/ros2_ws/install/swarm_basics/lib/swarm_basics/robot_supervisor --ros-args -r __node:=robot_supervisor -r __ns:=/robot_3 --params-file /tmp/launch_params_smn0enp8 --params-file /tmp/launch_params_tve2j8hv --params-file /tmp/launch_params_d6hlsnee --params-file /tmp/launch_params_r7apk4cy'].
[ERROR] [robot_supervisor-13]: process has died [pid 206901, exit code -2, cmd '/home/ecem/ros2_ws/install/swarm_basics/lib/swarm_basics/robot_supervisor --ros-args -r __node:=robot_supervisor -r __ns:=/robot_2 --params-file /tmp/launch_params_6pgg9qm8 --params-file /tmp/launch_params_74y_vmcx --params-file /tmp/launch_params_q92h6022 --params-file /tmp/launch_params_2_jr5htf'].
[ERROR] [robot_supervisor-10]: process has died [pid 206895, exit code -2, cmd '/home/ecem/ros2_ws/install/swarm_basics/lib/swarm_basics/robot_supervisor --ros-args -r __node:=robot_supervisor -r __ns:=/robot_1 --params-file /tmp/launch_params_xxrl05b2 --params-file /tmp/launch_params_o9cc83t6 --params-file /tmp/launch_params_x4rlj24o --params-file /tmp/launch_params_6y2j7ad0'].
[ERROR] [robot_supervisor-7]: process has died [pid 206887, exit code -2, cmd '/home/ecem/ros2_ws/install/swarm_basics/lib/swarm_basics/robot_supervisor --ros-args -r __node:=robot_supervisor -r __ns:=/robot_0 --params-file /tmp/launch_params_krn7z67v --params-file /tmp/launch_params_yg85g73y --params-file /tmp/launch_params_jbjwk4yb --params-file /tmp/launch_params_srjnlna8'].
