-- The C compiler identification is GNU 11.4.0
-- The CXX compiler identification is GNU 11.4.0
-- Detecting C compiler ABI info
-- Detecting C compiler ABI info - done
-- Check for working C compiler: /usr/bin/cc - skipped
-- Detecting C compile features
-- Detecting C compile features - done
-- Detecting CXX compiler ABI info
-- Detecting CXX compiler ABI info - done
-- Check for working CXX compiler: /usr/bin/c++ - skipped
-- Detecting CXX compile features
-- Detecting CXX compile features - done
-- Found ament_cmake: 1.3.12 (/opt/ros/humble/share/ament_cmake/cmake)
-- Found Python3: /usr/bin/python3 (found version "3.10.12") found components: Interpreter 
-- Found rosidl_default_generators: 1.2.0 (/opt/ros/humble/share/rosidl_default_generators/cmake)
-- Using all available rosidl_typesupport_c: rosidl_typesupport_fastrtps_c;rosidl_typesupport_introspection_c
-- Found rosidl_adapter: 3.1.8 (/opt/ros/humble/share/rosidl_adapter/cmake)
-- Using all available rosidl_typesupport_cpp: rosidl_typesupport_fastrtps_cpp;rosidl_typesupport_introspection_cpp
-- Found std_msgs: 4.9.0 (/opt/ros/humble/share/std_msgs/cmake)
-- Found geometry_msgs: 4.9.0 (/opt/ros/humble/share/geometry_msgs/cmake)
-- Found ament_cmake_ros: 0.10.0 (/opt/ros/humble/share/ament_cmake_ros/cmake)
-- Using all available rosidl_typesupport_c: rosidl_typesupport_fastrtps_c;rosidl_typesupport_introspection_c
-- Using all available rosidl_typesupport_cpp: rosidl_typesupport_fastrtps_cpp;rosidl_typesupport_introspection_cpp
-- Found PythonInterp: /usr/bin/python3 (found suitable version "3.10.12", minimum required is "3.6") 
-- Found python_cmake_module: 0.10.0 (/opt/ros/humble/share/python_cmake_module/cmake)
-- Found PythonLibs: /usr/lib/x86_64-linux-gnu/libpython3.10.so (found suitable version "3.10.12", minimum required is "3.5") 
-- Using PYTHON_EXECUTABLE: /usr/bin/python3
-- Using PYTHON_INCLUDE_DIRS: /usr/include/python3.10
-- Using PYTHON_LIBRARIES: /usr/lib/x86_64-linux-gnu/libpython3.10.so
-- Found PythonExtra: .so  
-- Found ament_lint_auto: 0.12.14 (/opt/ros/humble/share/ament_lint_auto/cmake)
-- Added test 'lint_cmake' to check CMake code style
-- Configuring done
-- Generating done
-- Build files have been written to: /home/ecem/ros2_ws/src/Leo_sct/build/aruco_opencv_msgs
[  2%] [34m[1mGenerating C code for ROS interfaces[0m
[  2%] Built target ament_cmake_python_copy_aruco_opencv_msgs
[  4%] [34m[1mGenerating C++ code for ROS interfaces[0m
running egg_info
creating aruco_opencv_msgs.egg-info
writing aruco_opencv_msgs.egg-info/PKG-INFO
writing dependency_links to aruco_opencv_msgs.egg-info/dependency_links.txt
writing top-level names to aruco_opencv_msgs.egg-info/top_level.txt
writing manifest file 'aruco_opencv_msgs.egg-info/SOURCES.txt'
reading manifest file 'aruco_opencv_msgs.egg-info/SOURCES.txt'
writing manifest file 'aruco_opencv_msgs.egg-info/SOURCES.txt'
[  4%] Built target ament_cmake_python_build_aruco_opencv_msgs_egg
[  6%] [32mBuilding C object CMakeFiles/aruco_opencv_msgs__rosidl_generator_c.dir/rosidl_generator_c/aruco_opencv_msgs/msg/detail/aruco_detection__functions.c.o[0m
[  8%] [32mBuilding C object CMakeFiles/aruco_opencv_msgs__rosidl_generator_c.dir/rosidl_generator_c/aruco_opencv_msgs/msg/detail/marker_pose__functions.c.o[0m
[ 10%] [32mBuilding C object CMakeFiles/aruco_opencv_msgs__rosidl_generator_c.dir/rosidl_generator_c/aruco_opencv_msgs/msg/detail/board_pose__functions.c.o[0m
[ 10%] Built target aruco_opencv_msgs__cpp
[ 12%] [34m[1mGenerating C++ type support dispatch for ROS interfaces[0m
[ 14%] [34m[1mGenerating C++ type support for eProsima Fast-RTPS[0m
[ 17%] [34m[1mGenerating C++ introspection for ROS interfaces[0m
[ 19%] [32m[1mLinking C shared library libaruco_opencv_msgs__rosidl_generator_c.so[0m
[ 19%] Built target aruco_opencv_msgs__rosidl_generator_c
[ 21%] [34m[1mGenerating C introspection for ROS interfaces[0m
[ 23%] [34m[1mGenerating C type support for eProsima Fast-RTPS[0m
[ 25%] [34m[1mGenerating C type support dispatch for ROS interfaces[0m
[ 27%] [32mBuilding CXX object CMakeFiles/aruco_opencv_msgs__rosidl_typesupport_introspection_cpp.dir/rosidl_typesupport_introspection_cpp/aruco_opencv_msgs/msg/detail/aruco_detection__type_support.cpp.o[0m
[ 29%] [32mBuilding CXX object CMakeFiles/aruco_opencv_msgs__rosidl_typesupport_introspection_cpp.dir/rosidl_typesupport_introspection_cpp/aruco_opencv_msgs/msg/detail/board_pose__type_support.cpp.o[0m
[ 31%] [32mBuilding CXX object CMakeFiles/aruco_opencv_msgs__rosidl_typesupport_introspection_cpp.dir/rosidl_typesupport_introspection_cpp/aruco_opencv_msgs/msg/detail/marker_pose__type_support.cpp.o[0m
[ 36%] [32mBuilding CXX object CMakeFiles/aruco_opencv_msgs__rosidl_typesupport_fastrtps_cpp.dir/rosidl_typesupport_fastrtps_cpp/aruco_opencv_msgs/msg/detail/dds_fastrtps/marker_pose__type_support.cpp.o[0m
[ 36%] [32mBuilding CXX object CMakeFiles/aruco_opencv_msgs__rosidl_typesupport_fastrtps_cpp.dir/rosidl_typesupport_fastrtps_cpp/aruco_opencv_msgs/msg/detail/dds_fastrtps/board_pose__type_support.cpp.o[0m
[ 38%] [32mBuilding CXX object CMakeFiles/aruco_opencv_msgs__rosidl_typesupport_fastrtps_cpp.dir/rosidl_typesupport_fastrtps_cpp/aruco_opencv_msgs/msg/detail/dds_fastrtps/aruco_detection__type_support.cpp.o[0m
[ 40%] [32mBuilding CXX object CMakeFiles/aruco_opencv_msgs__rosidl_typesupport_c.dir/rosidl_typesupport_c/aruco_opencv_msgs/msg/board_pose__type_support.cpp.o[0m
[ 42%] [32mBuilding CXX object CMakeFiles/aruco_opencv_msgs__rosidl_typesupport_c.dir/rosidl_typesupport_c/aruco_opencv_msgs/msg/aruco_detection__type_support.cpp.o[0m
[ 44%] [32mBuilding CXX object CMakeFiles/aruco_opencv_msgs__rosidl_typesupport_c.dir/rosidl_typesupport_c/aruco_opencv_msgs/msg/marker_pose__type_support.cpp.o[0m
[ 46%] [32m[1mLinking CXX shared library libaruco_opencv_msgs__rosidl_typesupport_c.so[0m
[ 48%] [32mBuilding CXX object CMakeFiles/aruco_opencv_msgs__rosidl_typesupport_cpp.dir/rosidl_typesupport_cpp/aruco_opencv_msgs/msg/aruco_detection__type_support.cpp.o[0m
[ 53%] [32mBuilding CXX object CMakeFiles/aruco_opencv_msgs__rosidl_typesupport_cpp.dir/rosidl_typesupport_cpp/aruco_opencv_msgs/msg/marker_pose__type_support.cpp.o[0m
[ 53%] [32mBuilding CXX object CMakeFiles/aruco_opencv_msgs__rosidl_typesupport_cpp.dir/rosidl_typesupport_cpp/aruco_opencv_msgs/msg/board_pose__type_support.cpp.o[0m
[ 55%] [32mBuilding CXX object CMakeFiles/aruco_opencv_msgs__rosidl_typesupport_fastrtps_c.dir/rosidl_typesupport_fastrtps_c/aruco_opencv_msgs/msg/detail/aruco_detection__type_support_c.cpp.o[0m
[ 57%] [32mBuilding CXX object CMakeFiles/aruco_opencv_msgs__rosidl_typesupport_fastrtps_c.dir/rosidl_typesupport_fastrtps_c/aruco_opencv_msgs/msg/detail/board_pose__type_support_c.cpp.o[0m
[ 59%] [32mBuilding CXX object CMakeFiles/aruco_opencv_msgs__rosidl_typesupport_fastrtps_c.dir/rosidl_typesupport_fastrtps_c/aruco_opencv_msgs/msg/detail/marker_pose__type_support_c.cpp.o[0m
[ 59%] Built target aruco_opencv_msgs__rosidl_typesupport_c
[ 61%] [32mBuilding C object CMakeFiles/aruco_opencv_msgs__rosidl_typesupport_introspection_c.dir/rosidl_typesupport_introspection_c/aruco_opencv_msgs/msg/detail/aruco_detection__type_support.c.o[0m
[ 63%] [32mBuilding C object CMakeFiles/aruco_opencv_msgs__rosidl_typesupport_introspection_c.dir/rosidl_typesupport_introspection_c/aruco_opencv_msgs/msg/detail/board_pose__type_support.c.o[0m
[ 65%] [32mBuilding C object CMakeFiles/aruco_opencv_msgs__rosidl_typesupport_introspection_c.dir/rosidl_typesupport_introspection_c/aruco_opencv_msgs/msg/detail/marker_pose__type_support.c.o[0m
[ 68%] [32m[1mLinking C shared library libaruco_opencv_msgs__rosidl_typesupport_introspection_c.so[0m
[ 68%] Built target aruco_opencv_msgs__rosidl_typesupport_introspection_c
[ 70%] [32m[1mLinking CXX shared library libaruco_opencv_msgs__rosidl_typesupport_cpp.so[0m
[ 72%] [32m[1mLinking CXX shared library libaruco_opencv_msgs__rosidl_typesupport_introspection_cpp.so[0m
[ 72%] Built target aruco_opencv_msgs__rosidl_typesupport_cpp
[ 72%] Built target aruco_opencv_msgs__rosidl_typesupport_introspection_cpp
[ 74%] [32m[1mLinking CXX shared library libaruco_opencv_msgs__rosidl_typesupport_fastrtps_c.so[0m
[ 74%] Built target aruco_opencv_msgs__rosidl_typesupport_fastrtps_c
[ 76%] [32m[1mLinking CXX shared library libaruco_opencv_msgs__rosidl_typesupport_fastrtps_cpp.so[0m
[ 76%] Built target aruco_opencv_msgs__rosidl_typesupport_fastrtps_cpp
[ 76%] Built target aruco_opencv_msgs
[ 78%] [34m[1mGenerating Python code for ROS interfaces[0m
[ 78%] Built target aruco_opencv_msgs__py
[ 85%] [32mBuilding C object CMakeFiles/aruco_opencv_msgs__rosidl_generator_py.dir/rosidl_generator_py/aruco_opencv_msgs/msg/_board_pose_s.c.o[0m
[ 85%] [32mBuilding C object CMakeFiles/aruco_opencv_msgs__rosidl_generator_py.dir/rosidl_generator_py/aruco_opencv_msgs/msg/_marker_pose_s.c.o[0m
[ 85%] [32mBuilding C object CMakeFiles/aruco_opencv_msgs__rosidl_generator_py.dir/rosidl_generator_py/aruco_opencv_msgs/msg/_aruco_detection_s.c.o[0m
[ 87%] [32m[1mLinking C shared library rosidl_generator_py/aruco_opencv_msgs/libaruco_opencv_msgs__rosidl_generator_py.so[0m
[ 87%] Built target aruco_opencv_msgs__rosidl_generator_py
[ 91%] [32mBuilding C object CMakeFiles/aruco_opencv_msgs__rosidl_typesupport_fastrtps_c__pyext.dir/rosidl_generator_py/aruco_opencv_msgs/_aruco_opencv_msgs_s.ep.rosidl_typesupport_fastrtps_c.c.o[0m
[ 91%] [32mBuilding C object CMakeFiles/aruco_opencv_msgs__rosidl_typesupport_c__pyext.dir/rosidl_generator_py/aruco_opencv_msgs/_aruco_opencv_msgs_s.ep.rosidl_typesupport_c.c.o[0m
[ 93%] [32mBuilding C object CMakeFiles/aruco_opencv_msgs__rosidl_typesupport_introspection_c__pyext.dir/rosidl_generator_py/aruco_opencv_msgs/_aruco_opencv_msgs_s.ep.rosidl_typesupport_introspection_c.c.o[0m
[ 97%] [32m[1mLinking C shared library rosidl_generator_py/aruco_opencv_msgs/aruco_opencv_msgs_s__rosidl_typesupport_fastrtps_c.cpython-310-x86_64-linux-gnu.so[0m
[ 97%] [32m[1mLinking C shared library rosidl_generator_py/aruco_opencv_msgs/aruco_opencv_msgs_s__rosidl_typesupport_c.cpython-310-x86_64-linux-gnu.so[0m
[ 97%] Built target aruco_opencv_msgs__rosidl_typesupport_fastrtps_c__pyext
[100%] [32m[1mLinking C shared library rosidl_generator_py/aruco_opencv_msgs/aruco_opencv_msgs_s__rosidl_typesupport_introspection_c.cpython-310-x86_64-linux-gnu.so[0m
[100%] Built target aruco_opencv_msgs__rosidl_typesupport_c__pyext
[100%] Built target aruco_opencv_msgs__rosidl_typesupport_introspection_c__pyext
-- Install configuration: ""
-- Installing: /home/ecem/ros2_ws/src/Leo_sct/install/aruco_opencv_msgs/share/ament_index/resource_index/rosidl_interfaces/aruco_opencv_msgs
-- Installing: /home/ecem/ros2_ws/src/Leo_sct/install/aruco_opencv_msgs/include/aruco_opencv_msgs/aruco_opencv_msgs
-- Installing: /home/ecem/ros2_ws/src/Leo_sct/install/aruco_opencv_msgs/include/aruco_opencv_msgs/aruco_opencv_msgs/msg
-- Installing: /home/ecem/ros2_ws/src/Leo_sct/install/aruco_opencv_msgs/include/aruco_opencv_msgs/aruco_opencv_msgs/msg/rosidl_generator_c__visibility_control.h
-- Installing: /home/ecem/ros2_ws/src/Leo_sct/install/aruco_opencv_msgs/include/aruco_opencv_msgs/aruco_opencv_msgs/msg/board_pose.h
-- Installing: /home/ecem/ros2_ws/src/Leo_sct/install/aruco_opencv_msgs/include/aruco_opencv_msgs/aruco_opencv_msgs/msg/detail
-- Installing: /home/ecem/ros2_ws/src/Leo_sct/install/aruco_opencv_msgs/include/aruco_opencv_msgs/aruco_opencv_msgs/msg/detail/board_pose__functions.h
-- Installing: /home/ecem/ros2_ws/src/Leo_sct/install/aruco_opencv_msgs/include/aruco_opencv_msgs/aruco_opencv_msgs/msg/detail/board_pose__type_support.h
-- Installing: /home/ecem/ros2_ws/src/Leo_sct/install/aruco_opencv_msgs/include/aruco_opencv_msgs/aruco_opencv_msgs/msg/detail/marker_pose__struct.h
-- Installing: /home/ecem/ros2_ws/src/Leo_sct/install/aruco_opencv_msgs/include/aruco_opencv_msgs/aruco_opencv_msgs/msg/detail/aruco_detection__functions.h
-- Installing: /home/ecem/ros2_ws/src/Leo_sct/install/aruco_opencv_msgs/include/aruco_opencv_msgs/aruco_opencv_msgs/msg/detail/marker_pose__functions.c
-- Installing: /home/ecem/ros2_ws/src/Leo_sct/install/aruco_opencv_msgs/include/aruco_opencv_msgs/aruco_opencv_msgs/msg/detail/board_pose__struct.h
-- Installing: /home/ecem/ros2_ws/src/Leo_sct/install/aruco_opencv_msgs/include/aruco_opencv_msgs/aruco_opencv_msgs/msg/detail/aruco_detection__functions.c
-- Installing: /home/ecem/ros2_ws/src/Leo_sct/install/aruco_opencv_msgs/include/aruco_opencv_msgs/aruco_opencv_msgs/msg/detail/marker_pose__type_support.h
-- Installing: /home/ecem/ros2_ws/src/Leo_sct/install/aruco_opencv_msgs/include/aruco_opencv_msgs/aruco_opencv_msgs/msg/detail/aruco_detection__struct.h
-- Installing: /home/ecem/ros2_ws/src/Leo_sct/install/aruco_opencv_msgs/include/aruco_opencv_msgs/aruco_opencv_msgs/msg/detail/board_pose__functions.c
-- Installing: /home/ecem/ros2_ws/src/Leo_sct/install/aruco_opencv_msgs/include/aruco_opencv_msgs/aruco_opencv_msgs/msg/detail/marker_pose__functions.h
-- Installing: /home/ecem/ros2_ws/src/Leo_sct/install/aruco_opencv_msgs/include/aruco_opencv_msgs/aruco_opencv_msgs/msg/detail/aruco_detection__type_support.h
-- Installing: /home/ecem/ros2_ws/src/Leo_sct/install/aruco_opencv_msgs/include/aruco_opencv_msgs/aruco_opencv_msgs/msg/aruco_detection.h
-- Installing: /home/ecem/ros2_ws/src/Leo_sct/install/aruco_opencv_msgs/include/aruco_opencv_msgs/aruco_opencv_msgs/msg/marker_pose.h
-- Installing: /home/ecem/ros2_ws/src/Leo_sct/install/aruco_opencv_msgs/share/aruco_opencv_msgs/environment/library_path.sh
-- Installing: /home/ecem/ros2_ws/src/Leo_sct/install/aruco_opencv_msgs/share/aruco_opencv_msgs/environment/library_path.dsv
-- Installing: /home/ecem/ros2_ws/src/Leo_sct/install/aruco_opencv_msgs/lib/libaruco_opencv_msgs__rosidl_generator_c.so
-- Set runtime path of "/home/ecem/ros2_ws/src/Leo_sct/install/aruco_opencv_msgs/lib/libaruco_opencv_msgs__rosidl_generator_c.so" to ""
-- Up-to-date: /home/ecem/ros2_ws/src/Leo_sct/install/aruco_opencv_msgs/include/aruco_opencv_msgs/aruco_opencv_msgs
-- Up-to-date: /home/ecem/ros2_ws/src/Leo_sct/install/aruco_opencv_msgs/include/aruco_opencv_msgs/aruco_opencv_msgs/msg
-- Installing: /home/ecem/ros2_ws/src/Leo_sct/install/aruco_opencv_msgs/include/aruco_opencv_msgs/aruco_opencv_msgs/msg/rosidl_typesupport_fastrtps_c__visibility_control.h
-- Up-to-date: /home/ecem/ros2_ws/src/Leo_sct/install/aruco_opencv_msgs/include/aruco_opencv_msgs/aruco_opencv_msgs/msg/detail
-- Installing: /home/ecem/ros2_ws/src/Leo_sct/install/aruco_opencv_msgs/include/aruco_opencv_msgs/aruco_opencv_msgs/msg/detail/marker_pose__rosidl_typesupport_fastrtps_c.h
-- Installing: /home/ecem/ros2_ws/src/Leo_sct/install/aruco_opencv_msgs/include/aruco_opencv_msgs/aruco_opencv_msgs/msg/detail/aruco_detection__rosidl_typesupport_fastrtps_c.h
-- Installing: /home/ecem/ros2_ws/src/Leo_sct/install/aruco_opencv_msgs/include/aruco_opencv_msgs/aruco_opencv_msgs/msg/detail/board_pose__rosidl_typesupport_fastrtps_c.h
-- Installing: /home/ecem/ros2_ws/src/Leo_sct/install/aruco_opencv_msgs/lib/libaruco_opencv_msgs__rosidl_typesupport_fastrtps_c.so
-- Set runtime path of "/home/ecem/ros2_ws/src/Leo_sct/install/aruco_opencv_msgs/lib/libaruco_opencv_msgs__rosidl_typesupport_fastrtps_c.so" to ""
-- Up-to-date: /home/ecem/ros2_ws/src/Leo_sct/install/aruco_opencv_msgs/include/aruco_opencv_msgs/aruco_opencv_msgs
-- Up-to-date: /home/ecem/ros2_ws/src/Leo_sct/install/aruco_opencv_msgs/include/aruco_opencv_msgs/aruco_opencv_msgs/msg
-- Installing: /home/ecem/ros2_ws/src/Leo_sct/install/aruco_opencv_msgs/include/aruco_opencv_msgs/aruco_opencv_msgs/msg/rosidl_typesupport_introspection_c__visibility_control.h
-- Up-to-date: /home/ecem/ros2_ws/src/Leo_sct/install/aruco_opencv_msgs/include/aruco_opencv_msgs/aruco_opencv_msgs/msg/detail
-- Installing: /home/ecem/ros2_ws/src/Leo_sct/install/aruco_opencv_msgs/include/aruco_opencv_msgs/aruco_opencv_msgs/msg/detail/board_pose__rosidl_typesupport_introspection_c.h
-- Installing: /home/ecem/ros2_ws/src/Leo_sct/install/aruco_opencv_msgs/include/aruco_opencv_msgs/aruco_opencv_msgs/msg/detail/board_pose__type_support.c
-- Installing: /home/ecem/ros2_ws/src/Leo_sct/install/aruco_opencv_msgs/include/aruco_opencv_msgs/aruco_opencv_msgs/msg/detail/marker_pose__type_support.c
-- Installing: /home/ecem/ros2_ws/src/Leo_sct/install/aruco_opencv_msgs/include/aruco_opencv_msgs/aruco_opencv_msgs/msg/detail/marker_pose__rosidl_typesupport_introspection_c.h
-- Installing: /home/ecem/ros2_ws/src/Leo_sct/install/aruco_opencv_msgs/include/aruco_opencv_msgs/aruco_opencv_msgs/msg/detail/aruco_detection__type_support.c
-- Installing: /home/ecem/ros2_ws/src/Leo_sct/install/aruco_opencv_msgs/include/aruco_opencv_msgs/aruco_opencv_msgs/msg/detail/aruco_detection__rosidl_typesupport_introspection_c.h
-- Installing: /home/ecem/ros2_ws/src/Leo_sct/install/aruco_opencv_msgs/lib/libaruco_opencv_msgs__rosidl_typesupport_introspection_c.so
-- Set runtime path of "/home/ecem/ros2_ws/src/Leo_sct/install/aruco_opencv_msgs/lib/libaruco_opencv_msgs__rosidl_typesupport_introspection_c.so" to ""
-- Installing: /home/ecem/ros2_ws/src/Leo_sct/install/aruco_opencv_msgs/lib/libaruco_opencv_msgs__rosidl_typesupport_c.so
-- Set runtime path of "/home/ecem/ros2_ws/src/Leo_sct/install/aruco_opencv_msgs/lib/libaruco_opencv_msgs__rosidl_typesupport_c.so" to ""
-- Up-to-date: /home/ecem/ros2_ws/src/Leo_sct/install/aruco_opencv_msgs/include/aruco_opencv_msgs/aruco_opencv_msgs
-- Up-to-date: /home/ecem/ros2_ws/src/Leo_sct/install/aruco_opencv_msgs/include/aruco_opencv_msgs/aruco_opencv_msgs/msg
-- Installing: /home/ecem/ros2_ws/src/Leo_sct/install/aruco_opencv_msgs/include/aruco_opencv_msgs/aruco_opencv_msgs/msg/rosidl_generator_cpp__visibility_control.hpp
-- Installing: /home/ecem/ros2_ws/src/Leo_sct/install/aruco_opencv_msgs/include/aruco_opencv_msgs/aruco_opencv_msgs/msg/aruco_detection.hpp
-- Installing: /home/ecem/ros2_ws/src/Leo_sct/install/aruco_opencv_msgs/include/aruco_opencv_msgs/aruco_opencv_msgs/msg/board_pose.hpp
-- Installing: /home/ecem/ros2_ws/src/Leo_sct/install/aruco_opencv_msgs/include/aruco_opencv_msgs/aruco_opencv_msgs/msg/marker_pose.hpp
-- Up-to-date: /home/ecem/ros2_ws/src/Leo_sct/install/aruco_opencv_msgs/include/aruco_opencv_msgs/aruco_opencv_msgs/msg/detail
-- Installing: /home/ecem/ros2_ws/src/Leo_sct/install/aruco_opencv_msgs/include/aruco_opencv_msgs/aruco_opencv_msgs/msg/detail/marker_pose__type_support.hpp
-- Installing: /home/ecem/ros2_ws/src/Leo_sct/install/aruco_opencv_msgs/include/aruco_opencv_msgs/aruco_opencv_msgs/msg/detail/marker_pose__builder.hpp
-- Installing: /home/ecem/ros2_ws/src/Leo_sct/install/aruco_opencv_msgs/include/aruco_opencv_msgs/aruco_opencv_msgs/msg/detail/aruco_detection__traits.hpp
-- Installing: /home/ecem/ros2_ws/src/Leo_sct/install/aruco_opencv_msgs/include/aruco_opencv_msgs/aruco_opencv_msgs/msg/detail/aruco_detection__builder.hpp
-- Installing: /home/ecem/ros2_ws/src/Leo_sct/install/aruco_opencv_msgs/include/aruco_opencv_msgs/aruco_opencv_msgs/msg/detail/marker_pose__struct.hpp
-- Installing: /home/ecem/ros2_ws/src/Leo_sct/install/aruco_opencv_msgs/include/aruco_opencv_msgs/aruco_opencv_msgs/msg/detail/aruco_detection__struct.hpp
-- Installing: /home/ecem/ros2_ws/src/Leo_sct/install/aruco_opencv_msgs/include/aruco_opencv_msgs/aruco_opencv_msgs/msg/detail/board_pose__type_support.hpp
-- Installing: /home/ecem/ros2_ws/src/Leo_sct/install/aruco_opencv_msgs/include/aruco_opencv_msgs/aruco_opencv_msgs/msg/detail/board_pose__traits.hpp
-- Installing: /home/ecem/ros2_ws/src/Leo_sct/install/aruco_opencv_msgs/include/aruco_opencv_msgs/aruco_opencv_msgs/msg/detail/marker_pose__traits.hpp
-- Installing: /home/ecem/ros2_ws/src/Leo_sct/install/aruco_opencv_msgs/include/aruco_opencv_msgs/aruco_opencv_msgs/msg/detail/board_pose__builder.hpp
-- Installing: /home/ecem/ros2_ws/src/Leo_sct/install/aruco_opencv_msgs/include/aruco_opencv_msgs/aruco_opencv_msgs/msg/detail/board_pose__struct.hpp
-- Installing: /home/ecem/ros2_ws/src/Leo_sct/install/aruco_opencv_msgs/include/aruco_opencv_msgs/aruco_opencv_msgs/msg/detail/aruco_detection__type_support.hpp
-- Up-to-date: /home/ecem/ros2_ws/src/Leo_sct/install/aruco_opencv_msgs/include/aruco_opencv_msgs/aruco_opencv_msgs
-- Up-to-date: /home/ecem/ros2_ws/src/Leo_sct/install/aruco_opencv_msgs/include/aruco_opencv_msgs/aruco_opencv_msgs/msg
-- Installing: /home/ecem/ros2_ws/src/Leo_sct/install/aruco_opencv_msgs/include/aruco_opencv_msgs/aruco_opencv_msgs/msg/rosidl_typesupport_fastrtps_cpp__visibility_control.h
-- Up-to-date: /home/ecem/ros2_ws/src/Leo_sct/install/aruco_opencv_msgs/include/aruco_opencv_msgs/aruco_opencv_msgs/msg/detail
-- Installing: /home/ecem/ros2_ws/src/Leo_sct/install/aruco_opencv_msgs/include/aruco_opencv_msgs/aruco_opencv_msgs/msg/detail/dds_fastrtps
-- Installing: /home/ecem/ros2_ws/src/Leo_sct/install/aruco_opencv_msgs/include/aruco_opencv_msgs/aruco_opencv_msgs/msg/detail/marker_pose__rosidl_typesupport_fastrtps_cpp.hpp
-- Installing: /home/ecem/ros2_ws/src/Leo_sct/install/aruco_opencv_msgs/include/aruco_opencv_msgs/aruco_opencv_msgs/msg/detail/board_pose__rosidl_typesupport_fastrtps_cpp.hpp
-- Installing: /home/ecem/ros2_ws/src/Leo_sct/install/aruco_opencv_msgs/include/aruco_opencv_msgs/aruco_opencv_msgs/msg/detail/aruco_detection__rosidl_typesupport_fastrtps_cpp.hpp
-- Installing: /home/ecem/ros2_ws/src/Leo_sct/install/aruco_opencv_msgs/lib/libaruco_opencv_msgs__rosidl_typesupport_fastrtps_cpp.so
-- Set runtime path of "/home/ecem/ros2_ws/src/Leo_sct/install/aruco_opencv_msgs/lib/libaruco_opencv_msgs__rosidl_typesupport_fastrtps_cpp.so" to ""
-- Up-to-date: /home/ecem/ros2_ws/src/Leo_sct/install/aruco_opencv_msgs/include/aruco_opencv_msgs/aruco_opencv_msgs
-- Up-to-date: /home/ecem/ros2_ws/src/Leo_sct/install/aruco_opencv_msgs/include/aruco_opencv_msgs/aruco_opencv_msgs/msg
-- Up-to-date: /home/ecem/ros2_ws/src/Leo_sct/install/aruco_opencv_msgs/include/aruco_opencv_msgs/aruco_opencv_msgs/msg/detail
-- Installing: /home/ecem/ros2_ws/src/Leo_sct/install/aruco_opencv_msgs/include/aruco_opencv_msgs/aruco_opencv_msgs/msg/detail/aruco_detection__type_support.cpp
-- Installing: /home/ecem/ros2_ws/src/Leo_sct/install/aruco_opencv_msgs/include/aruco_opencv_msgs/aruco_opencv_msgs/msg/detail/board_pose__rosidl_typesupport_introspection_cpp.hpp
-- Installing: /home/ecem/ros2_ws/src/Leo_sct/install/aruco_opencv_msgs/include/aruco_opencv_msgs/aruco_opencv_msgs/msg/detail/aruco_detection__rosidl_typesupport_introspection_cpp.hpp
-- Installing: /home/ecem/ros2_ws/src/Leo_sct/install/aruco_opencv_msgs/include/aruco_opencv_msgs/aruco_opencv_msgs/msg/detail/board_pose__type_support.cpp
-- Installing: /home/ecem/ros2_ws/src/Leo_sct/install/aruco_opencv_msgs/include/aruco_opencv_msgs/aruco_opencv_msgs/msg/detail/marker_pose__type_support.cpp
-- Installing: /home/ecem/ros2_ws/src/Leo_sct/install/aruco_opencv_msgs/include/aruco_opencv_msgs/aruco_opencv_msgs/msg/detail/marker_pose__rosidl_typesupport_introspection_cpp.hpp
-- Installing: /home/ecem/ros2_ws/src/Leo_sct/install/aruco_opencv_msgs/lib/libaruco_opencv_msgs__rosidl_typesupport_introspection_cpp.so
-- Set runtime path of "/home/ecem/ros2_ws/src/Leo_sct/install/aruco_opencv_msgs/lib/libaruco_opencv_msgs__rosidl_typesupport_introspection_cpp.so" to ""
-- Installing: /home/ecem/ros2_ws/src/Leo_sct/install/aruco_opencv_msgs/lib/libaruco_opencv_msgs__rosidl_typesupport_cpp.so
-- Set runtime path of "/home/ecem/ros2_ws/src/Leo_sct/install/aruco_opencv_msgs/lib/libaruco_opencv_msgs__rosidl_typesupport_cpp.so" to ""
-- Installing: /home/ecem/ros2_ws/src/Leo_sct/install/aruco_opencv_msgs/share/aruco_opencv_msgs/environment/pythonpath.sh
-- Installing: /home/ecem/ros2_ws/src/Leo_sct/install/aruco_opencv_msgs/share/aruco_opencv_msgs/environment/pythonpath.dsv
-- Installing: /home/ecem/ros2_ws/src/Leo_sct/install/aruco_opencv_msgs/local/lib/python3.10/dist-packages/aruco_opencv_msgs-6.1.1-py3.10.egg-info
-- Installing: /home/ecem/ros2_ws/src/Leo_sct/install/aruco_opencv_msgs/local/lib/python3.10/dist-packages/aruco_opencv_msgs-6.1.1-py3.10.egg-info/PKG-INFO
-- Installing: /home/ecem/ros2_ws/src/Leo_sct/install/aruco_opencv_msgs/local/lib/python3.10/dist-packages/aruco_opencv_msgs-6.1.1-py3.10.egg-info/dependency_links.txt
-- Installing: /home/ecem/ros2_ws/src/Leo_sct/install/aruco_opencv_msgs/local/lib/python3.10/dist-packages/aruco_opencv_msgs-6.1.1-py3.10.egg-info/top_level.txt
-- Installing: /home/ecem/ros2_ws/src/Leo_sct/install/aruco_opencv_msgs/local/lib/python3.10/dist-packages/aruco_opencv_msgs-6.1.1-py3.10.egg-info/SOURCES.txt
-- Installing: /home/ecem/ros2_ws/src/Leo_sct/install/aruco_opencv_msgs/local/lib/python3.10/dist-packages/aruco_opencv_msgs
-- Installing: /home/ecem/ros2_ws/src/Leo_sct/install/aruco_opencv_msgs/local/lib/python3.10/dist-packages/aruco_opencv_msgs/libaruco_opencv_msgs__rosidl_generator_py.so
-- Installing: /home/ecem/ros2_ws/src/Leo_sct/install/aruco_opencv_msgs/local/lib/python3.10/dist-packages/aruco_opencv_msgs/aruco_opencv_msgs_s__rosidl_typesupport_fastrtps_c.cpython-310-x86_64-linux-gnu.so
-- Installing: /home/ecem/ros2_ws/src/Leo_sct/install/aruco_opencv_msgs/local/lib/python3.10/dist-packages/aruco_opencv_msgs/__init__.py
-- Installing: /home/ecem/ros2_ws/src/Leo_sct/install/aruco_opencv_msgs/local/lib/python3.10/dist-packages/aruco_opencv_msgs/_aruco_opencv_msgs_s.ep.rosidl_typesupport_fastrtps_c.c
-- Installing: /home/ecem/ros2_ws/src/Leo_sct/install/aruco_opencv_msgs/local/lib/python3.10/dist-packages/aruco_opencv_msgs/_aruco_opencv_msgs_s.ep.rosidl_typesupport_c.c
-- Installing: /home/ecem/ros2_ws/src/Leo_sct/install/aruco_opencv_msgs/local/lib/python3.10/dist-packages/aruco_opencv_msgs/aruco_opencv_msgs_s__rosidl_typesupport_c.cpython-310-x86_64-linux-gnu.so
-- Installing: /home/ecem/ros2_ws/src/Leo_sct/install/aruco_opencv_msgs/local/lib/python3.10/dist-packages/aruco_opencv_msgs/msg
-- Installing: /home/ecem/ros2_ws/src/Leo_sct/install/aruco_opencv_msgs/local/lib/python3.10/dist-packages/aruco_opencv_msgs/msg/_marker_pose_s.c
-- Installing: /home/ecem/ros2_ws/src/Leo_sct/install/aruco_opencv_msgs/local/lib/python3.10/dist-packages/aruco_opencv_msgs/msg/_board_pose.py
-- Installing: /home/ecem/ros2_ws/src/Leo_sct/install/aruco_opencv_msgs/local/lib/python3.10/dist-packages/aruco_opencv_msgs/msg/__init__.py
-- Installing: /home/ecem/ros2_ws/src/Leo_sct/install/aruco_opencv_msgs/local/lib/python3.10/dist-packages/aruco_opencv_msgs/msg/_board_pose_s.c
-- Installing: /home/ecem/ros2_ws/src/Leo_sct/install/aruco_opencv_msgs/local/lib/python3.10/dist-packages/aruco_opencv_msgs/msg/_marker_pose.py
-- Installing: /home/ecem/ros2_ws/src/Leo_sct/install/aruco_opencv_msgs/local/lib/python3.10/dist-packages/aruco_opencv_msgs/msg/_aruco_detection.py
-- Installing: /home/ecem/ros2_ws/src/Leo_sct/install/aruco_opencv_msgs/local/lib/python3.10/dist-packages/aruco_opencv_msgs/msg/_aruco_detection_s.c
-- Installing: /home/ecem/ros2_ws/src/Leo_sct/install/aruco_opencv_msgs/local/lib/python3.10/dist-packages/aruco_opencv_msgs/aruco_opencv_msgs_s__rosidl_typesupport_introspection_c.cpython-310-x86_64-linux-gnu.so
-- Installing: /home/ecem/ros2_ws/src/Leo_sct/install/aruco_opencv_msgs/local/lib/python3.10/dist-packages/aruco_opencv_msgs/_aruco_opencv_msgs_s.ep.rosidl_typesupport_introspection_c.c
Listing '/home/ecem/ros2_ws/src/Leo_sct/install/aruco_opencv_msgs/local/lib/python3.10/dist-packages/aruco_opencv_msgs'...
Compiling '/home/ecem/ros2_ws/src/Leo_sct/install/aruco_opencv_msgs/local/lib/python3.10/dist-packages/aruco_opencv_msgs/__init__.py'...
Listing '/home/ecem/ros2_ws/src/Leo_sct/install/aruco_opencv_msgs/local/lib/python3.10/dist-packages/aruco_opencv_msgs/msg'...
Compiling '/home/ecem/ros2_ws/src/Leo_sct/install/aruco_opencv_msgs/local/lib/python3.10/dist-packages/aruco_opencv_msgs/msg/__init__.py'...
Compiling '/home/ecem/ros2_ws/src/Leo_sct/install/aruco_opencv_msgs/local/lib/python3.10/dist-packages/aruco_opencv_msgs/msg/_aruco_detection.py'...
Compiling '/home/ecem/ros2_ws/src/Leo_sct/install/aruco_opencv_msgs/local/lib/python3.10/dist-packages/aruco_opencv_msgs/msg/_board_pose.py'...
Compiling '/home/ecem/ros2_ws/src/Leo_sct/install/aruco_opencv_msgs/local/lib/python3.10/dist-packages/aruco_opencv_msgs/msg/_marker_pose.py'...
-- Installing: /home/ecem/ros2_ws/src/Leo_sct/install/aruco_opencv_msgs/local/lib/python3.10/dist-packages/aruco_opencv_msgs/aruco_opencv_msgs_s__rosidl_typesupport_fastrtps_c.cpython-310-x86_64-linux-gnu.so
-- Set runtime path of "/home/ecem/ros2_ws/src/Leo_sct/install/aruco_opencv_msgs/local/lib/python3.10/dist-packages/aruco_opencv_msgs/aruco_opencv_msgs_s__rosidl_typesupport_fastrtps_c.cpython-310-x86_64-linux-gnu.so" to ""
-- Installing: /home/ecem/ros2_ws/src/Leo_sct/install/aruco_opencv_msgs/local/lib/python3.10/dist-packages/aruco_opencv_msgs/aruco_opencv_msgs_s__rosidl_typesupport_introspection_c.cpython-310-x86_64-linux-gnu.so
-- Set runtime path of "/home/ecem/ros2_ws/src/Leo_sct/install/aruco_opencv_msgs/local/lib/python3.10/dist-packages/aruco_opencv_msgs/aruco_opencv_msgs_s__rosidl_typesupport_introspection_c.cpython-310-x86_64-linux-gnu.so" to ""
-- Installing: /home/ecem/ros2_ws/src/Leo_sct/install/aruco_opencv_msgs/local/lib/python3.10/dist-packages/aruco_opencv_msgs/aruco_opencv_msgs_s__rosidl_typesupport_c.cpython-310-x86_64-linux-gnu.so
-- Set runtime path of "/home/ecem/ros2_ws/src/Leo_sct/install/aruco_opencv_msgs/local/lib/python3.10/dist-packages/aruco_opencv_msgs/aruco_opencv_msgs_s__rosidl_typesupport_c.cpython-310-x86_64-linux-gnu.so" to ""
-- Installing: /home/ecem/ros2_ws/src/Leo_sct/install/aruco_opencv_msgs/lib/libaruco_opencv_msgs__rosidl_generator_py.so
-- Set runtime path of "/home/ecem/ros2_ws/src/Leo_sct/install/aruco_opencv_msgs/lib/libaruco_opencv_msgs__rosidl_generator_py.so" to ""
-- Installing: /home/ecem/ros2_ws/src/Leo_sct/install/aruco_opencv_msgs/share/aruco_opencv_msgs/msg/ArucoDetection.idl
-- Installing: /home/ecem/ros2_ws/src/Leo_sct/install/aruco_opencv_msgs/share/aruco_opencv_msgs/msg/BoardPose.idl
-- Installing: /home/ecem/ros2_ws/src/Leo_sct/install/aruco_opencv_msgs/share/aruco_opencv_msgs/msg/MarkerPose.idl
-- Installing: /home/ecem/ros2_ws/src/Leo_sct/install/aruco_opencv_msgs/share/aruco_opencv_msgs/msg/ArucoDetection.msg
-- Installing: /home/ecem/ros2_ws/src/Leo_sct/install/aruco_opencv_msgs/share/aruco_opencv_msgs/msg/BoardPose.msg
-- Installing: /home/ecem/ros2_ws/src/Leo_sct/install/aruco_opencv_msgs/share/aruco_opencv_msgs/msg/MarkerPose.msg
-- Installing: /home/ecem/ros2_ws/src/Leo_sct/install/aruco_opencv_msgs/share/ament_index/resource_index/package_run_dependencies/aruco_opencv_msgs
-- Installing: /home/ecem/ros2_ws/src/Leo_sct/install/aruco_opencv_msgs/share/ament_index/resource_index/parent_prefix_path/aruco_opencv_msgs
-- Installing: /home/ecem/ros2_ws/src/Leo_sct/install/aruco_opencv_msgs/share/aruco_opencv_msgs/environment/ament_prefix_path.sh
-- Installing: /home/ecem/ros2_ws/src/Leo_sct/install/aruco_opencv_msgs/share/aruco_opencv_msgs/environment/ament_prefix_path.dsv
-- Installing: /home/ecem/ros2_ws/src/Leo_sct/install/aruco_opencv_msgs/share/aruco_opencv_msgs/environment/path.sh
-- Installing: /home/ecem/ros2_ws/src/Leo_sct/install/aruco_opencv_msgs/share/aruco_opencv_msgs/environment/path.dsv
-- Installing: /home/ecem/ros2_ws/src/Leo_sct/install/aruco_opencv_msgs/share/aruco_opencv_msgs/local_setup.bash
-- Installing: /home/ecem/ros2_ws/src/Leo_sct/install/aruco_opencv_msgs/share/aruco_opencv_msgs/local_setup.sh
-- Installing: /home/ecem/ros2_ws/src/Leo_sct/install/aruco_opencv_msgs/share/aruco_opencv_msgs/local_setup.zsh
-- Installing: /home/ecem/ros2_ws/src/Leo_sct/install/aruco_opencv_msgs/share/aruco_opencv_msgs/local_setup.dsv
-- Installing: /home/ecem/ros2_ws/src/Leo_sct/install/aruco_opencv_msgs/share/aruco_opencv_msgs/package.dsv
-- Installing: /home/ecem/ros2_ws/src/Leo_sct/install/aruco_opencv_msgs/share/ament_index/resource_index/packages/aruco_opencv_msgs
-- Installing: /home/ecem/ros2_ws/src/Leo_sct/install/aruco_opencv_msgs/share/aruco_opencv_msgs/cmake/export_aruco_opencv_msgs__rosidl_generator_cExport.cmake
-- Installing: /home/ecem/ros2_ws/src/Leo_sct/install/aruco_opencv_msgs/share/aruco_opencv_msgs/cmake/export_aruco_opencv_msgs__rosidl_generator_cExport-noconfig.cmake
-- Installing: /home/ecem/ros2_ws/src/Leo_sct/install/aruco_opencv_msgs/share/aruco_opencv_msgs/cmake/export_aruco_opencv_msgs__rosidl_typesupport_fastrtps_cExport.cmake
-- Installing: /home/ecem/ros2_ws/src/Leo_sct/install/aruco_opencv_msgs/share/aruco_opencv_msgs/cmake/export_aruco_opencv_msgs__rosidl_typesupport_fastrtps_cExport-noconfig.cmake
-- Installing: /home/ecem/ros2_ws/src/Leo_sct/install/aruco_opencv_msgs/share/aruco_opencv_msgs/cmake/aruco_opencv_msgs__rosidl_typesupport_introspection_cExport.cmake
-- Installing: /home/ecem/ros2_ws/src/Leo_sct/install/aruco_opencv_msgs/share/aruco_opencv_msgs/cmake/aruco_opencv_msgs__rosidl_typesupport_introspection_cExport-noconfig.cmake
-- Installing: /home/ecem/ros2_ws/src/Leo_sct/install/aruco_opencv_msgs/share/aruco_opencv_msgs/cmake/aruco_opencv_msgs__rosidl_typesupport_cExport.cmake
-- Installing: /home/ecem/ros2_ws/src/Leo_sct/install/aruco_opencv_msgs/share/aruco_opencv_msgs/cmake/aruco_opencv_msgs__rosidl_typesupport_cExport-noconfig.cmake
-- Installing: /home/ecem/ros2_ws/src/Leo_sct/install/aruco_opencv_msgs/share/aruco_opencv_msgs/cmake/export_aruco_opencv_msgs__rosidl_generator_cppExport.cmake
-- Installing: /home/ecem/ros2_ws/src/Leo_sct/install/aruco_opencv_msgs/share/aruco_opencv_msgs/cmake/export_aruco_opencv_msgs__rosidl_typesupport_fastrtps_cppExport.cmake
-- Installing: /home/ecem/ros2_ws/src/Leo_sct/install/aruco_opencv_msgs/share/aruco_opencv_msgs/cmake/export_aruco_opencv_msgs__rosidl_typesupport_fastrtps_cppExport-noconfig.cmake
-- Installing: /home/ecem/ros2_ws/src/Leo_sct/install/aruco_opencv_msgs/share/aruco_opencv_msgs/cmake/aruco_opencv_msgs__rosidl_typesupport_introspection_cppExport.cmake
-- Installing: /home/ecem/ros2_ws/src/Leo_sct/install/aruco_opencv_msgs/share/aruco_opencv_msgs/cmake/aruco_opencv_msgs__rosidl_typesupport_introspection_cppExport-noconfig.cmake
-- Installing: /home/ecem/ros2_ws/src/Leo_sct/install/aruco_opencv_msgs/share/aruco_opencv_msgs/cmake/aruco_opencv_msgs__rosidl_typesupport_cppExport.cmake
-- Installing: /home/ecem/ros2_ws/src/Leo_sct/install/aruco_opencv_msgs/share/aruco_opencv_msgs/cmake/aruco_opencv_msgs__rosidl_typesupport_cppExport-noconfig.cmake
-- Installing: /home/ecem/ros2_ws/src/Leo_sct/install/aruco_opencv_msgs/share/aruco_opencv_msgs/cmake/export_aruco_opencv_msgs__rosidl_generator_pyExport.cmake
-- Installing: /home/ecem/ros2_ws/src/Leo_sct/install/aruco_opencv_msgs/share/aruco_opencv_msgs/cmake/export_aruco_opencv_msgs__rosidl_generator_pyExport-noconfig.cmake
-- Installing: /home/ecem/ros2_ws/src/Leo_sct/install/aruco_opencv_msgs/share/aruco_opencv_msgs/cmake/rosidl_cmake-extras.cmake
-- Installing: /home/ecem/ros2_ws/src/Leo_sct/install/aruco_opencv_msgs/share/aruco_opencv_msgs/cmake/ament_cmake_export_dependencies-extras.cmake
-- Installing: /home/ecem/ros2_ws/src/Leo_sct/install/aruco_opencv_msgs/share/aruco_opencv_msgs/cmake/ament_cmake_export_include_directories-extras.cmake
-- Installing: /home/ecem/ros2_ws/src/Leo_sct/install/aruco_opencv_msgs/share/aruco_opencv_msgs/cmake/ament_cmake_export_libraries-extras.cmake
-- Installing: /home/ecem/ros2_ws/src/Leo_sct/install/aruco_opencv_msgs/share/aruco_opencv_msgs/cmake/ament_cmake_export_targets-extras.cmake
-- Installing: /home/ecem/ros2_ws/src/Leo_sct/install/aruco_opencv_msgs/share/aruco_opencv_msgs/cmake/rosidl_cmake_export_typesupport_targets-extras.cmake
-- Installing: /home/ecem/ros2_ws/src/Leo_sct/install/aruco_opencv_msgs/share/aruco_opencv_msgs/cmake/rosidl_cmake_export_typesupport_libraries-extras.cmake
-- Installing: /home/ecem/ros2_ws/src/Leo_sct/install/aruco_opencv_msgs/share/aruco_opencv_msgs/cmake/aruco_opencv_msgsConfig.cmake
-- Installing: /home/ecem/ros2_ws/src/Leo_sct/install/aruco_opencv_msgs/share/aruco_opencv_msgs/cmake/aruco_opencv_msgsConfig-version.cmake
-- Installing: /home/ecem/ros2_ws/src/Leo_sct/install/aruco_opencv_msgs/share/aruco_opencv_msgs/package.xml
