[0.036s] Invoking command in '/home/ecem/ros2_ws/src/Leo_sct/build/aruco_opencv_msgs': CMAKE_PREFIX_PATH=${CMAKE_PREFIX_PATH}:/home/ecem/ros2_ws/install/swarm_basics:/opt/ros/humble /usr/bin/cmake /home/ecem/ros2_ws/src/Leo_sct/ros_aruco_opencv/aruco_opencv_msgs -DCMAKE_INSTALL_PREFIX=/home/ecem/ros2_ws/src/Leo_sct/install/aruco_opencv_msgs
[0.106s] -- The C compiler identification is GNU 11.4.0
[0.146s] -- The CXX compiler identification is GNU 11.4.0
[0.153s] -- Detecting C compiler ABI info
[0.200s] -- Detecting C compiler ABI info - done
[0.207s] -- Check for working C compiler: /usr/bin/cc - skipped
[0.208s] -- Detecting C compile features
[0.208s] -- Detecting C compile features - done
[0.211s] -- Detecting CXX compiler ABI info
[0.270s] -- Detecting CXX compiler ABI info - done
[0.275s] -- Check for working CXX compiler: /usr/bin/c++ - skipped
[0.275s] -- Detecting CXX compile features
[0.275s] -- Detecting CXX compile features - done
[0.282s] -- Found ament_cmake: 1.3.12 (/opt/ros/humble/share/ament_cmake/cmake)
[0.414s] -- Found Python3: /usr/bin/python3 (found version "3.10.12") found components: Interpreter 
[0.489s] -- Found rosidl_default_generators: 1.2.0 (/opt/ros/humble/share/rosidl_default_generators/cmake)
[0.494s] -- Using all available rosidl_typesupport_c: rosidl_typesupport_fastrtps_c;rosidl_typesupport_introspection_c
[0.506s] -- Found rosidl_adapter: 3.1.8 (/opt/ros/humble/share/rosidl_adapter/cmake)
[0.542s] -- Using all available rosidl_typesupport_cpp: rosidl_typesupport_fastrtps_cpp;rosidl_typesupport_introspection_cpp
[0.585s] -- Found std_msgs: 4.9.0 (/opt/ros/humble/share/std_msgs/cmake)
[0.614s] -- Found geometry_msgs: 4.9.0 (/opt/ros/humble/share/geometry_msgs/cmake)
[0.861s] -- Found ament_cmake_ros: 0.10.0 (/opt/ros/humble/share/ament_cmake_ros/cmake)
[1.060s] -- Using all available rosidl_typesupport_c: rosidl_typesupport_fastrtps_c;rosidl_typesupport_introspection_c
[1.301s] -- Using all available rosidl_typesupport_cpp: rosidl_typesupport_fastrtps_cpp;rosidl_typesupport_introspection_cpp
[1.318s] -- Found PythonInterp: /usr/bin/python3 (found suitable version "3.10.12", minimum required is "3.6") 
[1.319s] -- Found python_cmake_module: 0.10.0 (/opt/ros/humble/share/python_cmake_module/cmake)
[1.337s] -- Found PythonLibs: /usr/lib/x86_64-linux-gnu/libpython3.10.so (found suitable version "3.10.12", minimum required is "3.5") 
[1.337s] -- Using PYTHON_EXECUTABLE: /usr/bin/python3
[1.338s] -- Using PYTHON_INCLUDE_DIRS: /usr/include/python3.10
[1.338s] -- Using PYTHON_LIBRARIES: /usr/lib/x86_64-linux-gnu/libpython3.10.so
[1.352s] -- Found PythonExtra: .so  
[1.400s] -- Found ament_lint_auto: 0.12.14 (/opt/ros/humble/share/ament_lint_auto/cmake)
[1.405s] -- Added test 'lint_cmake' to check CMake code style
[1.406s] -- Configuring done
[1.428s] -- Generating done
[1.436s] -- Build files have been written to: /home/ecem/ros2_ws/src/Leo_sct/build/aruco_opencv_msgs
[1.442s] Invoked command in '/home/ecem/ros2_ws/src/Leo_sct/build/aruco_opencv_msgs' returned '0': CMAKE_PREFIX_PATH=${CMAKE_PREFIX_PATH}:/home/ecem/ros2_ws/install/swarm_basics:/opt/ros/humble /usr/bin/cmake /home/ecem/ros2_ws/src/Leo_sct/ros_aruco_opencv/aruco_opencv_msgs -DCMAKE_INSTALL_PREFIX=/home/ecem/ros2_ws/src/Leo_sct/install/aruco_opencv_msgs
[1.443s] Invoking command in '/home/ecem/ros2_ws/src/Leo_sct/build/aruco_opencv_msgs': CMAKE_PREFIX_PATH=${CMAKE_PREFIX_PATH}:/home/ecem/ros2_ws/install/swarm_basics:/opt/ros/humble /usr/bin/cmake --build /home/ecem/ros2_ws/src/Leo_sct/build/aruco_opencv_msgs -- -j22 -l22
[1.474s] [  2%] [34m[1mGenerating C code for ROS interfaces[0m
[1.487s] [  2%] Built target ament_cmake_python_copy_aruco_opencv_msgs
[1.487s] [  4%] [34m[1mGenerating C++ code for ROS interfaces[0m
[1.677s] running egg_info
[1.678s] creating aruco_opencv_msgs.egg-info
[1.678s] writing aruco_opencv_msgs.egg-info/PKG-INFO
[1.678s] writing dependency_links to aruco_opencv_msgs.egg-info/dependency_links.txt
[1.678s] writing top-level names to aruco_opencv_msgs.egg-info/top_level.txt
[1.678s] writing manifest file 'aruco_opencv_msgs.egg-info/SOURCES.txt'
[1.679s] reading manifest file 'aruco_opencv_msgs.egg-info/SOURCES.txt'
[1.680s] writing manifest file 'aruco_opencv_msgs.egg-info/SOURCES.txt'
[1.706s] [  4%] Built target ament_cmake_python_build_aruco_opencv_msgs_egg
[1.725s] [  6%] [32mBuilding C object CMakeFiles/aruco_opencv_msgs__rosidl_generator_c.dir/rosidl_generator_c/aruco_opencv_msgs/msg/detail/aruco_detection__functions.c.o[0m
[1.725s] [  8%] [32mBuilding C object CMakeFiles/aruco_opencv_msgs__rosidl_generator_c.dir/rosidl_generator_c/aruco_opencv_msgs/msg/detail/marker_pose__functions.c.o[0m
[1.726s] [ 10%] [32mBuilding C object CMakeFiles/aruco_opencv_msgs__rosidl_generator_c.dir/rosidl_generator_c/aruco_opencv_msgs/msg/detail/board_pose__functions.c.o[0m
[1.732s] [ 10%] Built target aruco_opencv_msgs__cpp
[1.739s] [ 12%] [34m[1mGenerating C++ type support dispatch for ROS interfaces[0m
[1.741s] [ 14%] [34m[1mGenerating C++ type support for eProsima Fast-RTPS[0m
[1.741s] [ 17%] [34m[1mGenerating C++ introspection for ROS interfaces[0m
[1.777s] [ 19%] [32m[1mLinking C shared library libaruco_opencv_msgs__rosidl_generator_c.so[0m
[1.807s] [ 19%] Built target aruco_opencv_msgs__rosidl_generator_c
[1.815s] [ 21%] [34m[1mGenerating C introspection for ROS interfaces[0m
[1.815s] [ 23%] [34m[1mGenerating C type support for eProsima Fast-RTPS[0m
[1.816s] [ 25%] [34m[1mGenerating C type support dispatch for ROS interfaces[0m
[1.988s] [ 27%] [32mBuilding CXX object CMakeFiles/aruco_opencv_msgs__rosidl_typesupport_introspection_cpp.dir/rosidl_typesupport_introspection_cpp/aruco_opencv_msgs/msg/detail/aruco_detection__type_support.cpp.o[0m
[1.988s] [ 29%] [32mBuilding CXX object CMakeFiles/aruco_opencv_msgs__rosidl_typesupport_introspection_cpp.dir/rosidl_typesupport_introspection_cpp/aruco_opencv_msgs/msg/detail/board_pose__type_support.cpp.o[0m
[1.988s] [ 31%] [32mBuilding CXX object CMakeFiles/aruco_opencv_msgs__rosidl_typesupport_introspection_cpp.dir/rosidl_typesupport_introspection_cpp/aruco_opencv_msgs/msg/detail/marker_pose__type_support.cpp.o[0m
[2.000s] [ 36%] [32mBuilding CXX object CMakeFiles/aruco_opencv_msgs__rosidl_typesupport_fastrtps_cpp.dir/rosidl_typesupport_fastrtps_cpp/aruco_opencv_msgs/msg/detail/dds_fastrtps/marker_pose__type_support.cpp.o[0m
[2.000s] [ 36%] [32mBuilding CXX object CMakeFiles/aruco_opencv_msgs__rosidl_typesupport_fastrtps_cpp.dir/rosidl_typesupport_fastrtps_cpp/aruco_opencv_msgs/msg/detail/dds_fastrtps/board_pose__type_support.cpp.o[0m
[2.000s] [ 38%] [32mBuilding CXX object CMakeFiles/aruco_opencv_msgs__rosidl_typesupport_fastrtps_cpp.dir/rosidl_typesupport_fastrtps_cpp/aruco_opencv_msgs/msg/detail/dds_fastrtps/aruco_detection__type_support.cpp.o[0m
[2.054s] [ 40%] [32mBuilding CXX object CMakeFiles/aruco_opencv_msgs__rosidl_typesupport_c.dir/rosidl_typesupport_c/aruco_opencv_msgs/msg/board_pose__type_support.cpp.o[0m
[2.054s] [ 42%] [32mBuilding CXX object CMakeFiles/aruco_opencv_msgs__rosidl_typesupport_c.dir/rosidl_typesupport_c/aruco_opencv_msgs/msg/aruco_detection__type_support.cpp.o[0m
[2.055s] [ 44%] [32mBuilding CXX object CMakeFiles/aruco_opencv_msgs__rosidl_typesupport_c.dir/rosidl_typesupport_c/aruco_opencv_msgs/msg/marker_pose__type_support.cpp.o[0m
[2.105s] [ 46%] [32m[1mLinking CXX shared library libaruco_opencv_msgs__rosidl_typesupport_c.so[0m
[2.117s] [ 48%] [32mBuilding CXX object CMakeFiles/aruco_opencv_msgs__rosidl_typesupport_cpp.dir/rosidl_typesupport_cpp/aruco_opencv_msgs/msg/aruco_detection__type_support.cpp.o[0m
[2.120s] [ 53%] [32mBuilding CXX object CMakeFiles/aruco_opencv_msgs__rosidl_typesupport_cpp.dir/rosidl_typesupport_cpp/aruco_opencv_msgs/msg/marker_pose__type_support.cpp.o[0m
[2.120s] [ 53%] [32mBuilding CXX object CMakeFiles/aruco_opencv_msgs__rosidl_typesupport_cpp.dir/rosidl_typesupport_cpp/aruco_opencv_msgs/msg/board_pose__type_support.cpp.o[0m
[2.127s] [ 55%] [32mBuilding CXX object CMakeFiles/aruco_opencv_msgs__rosidl_typesupport_fastrtps_c.dir/rosidl_typesupport_fastrtps_c/aruco_opencv_msgs/msg/detail/aruco_detection__type_support_c.cpp.o[0m
[2.134s] [ 57%] [32mBuilding CXX object CMakeFiles/aruco_opencv_msgs__rosidl_typesupport_fastrtps_c.dir/rosidl_typesupport_fastrtps_c/aruco_opencv_msgs/msg/detail/board_pose__type_support_c.cpp.o[0m
[2.140s] [ 59%] [32mBuilding CXX object CMakeFiles/aruco_opencv_msgs__rosidl_typesupport_fastrtps_c.dir/rosidl_typesupport_fastrtps_c/aruco_opencv_msgs/msg/detail/marker_pose__type_support_c.cpp.o[0m
[2.159s] [ 59%] Built target aruco_opencv_msgs__rosidl_typesupport_c
[2.235s] [ 61%] [32mBuilding C object CMakeFiles/aruco_opencv_msgs__rosidl_typesupport_introspection_c.dir/rosidl_typesupport_introspection_c/aruco_opencv_msgs/msg/detail/aruco_detection__type_support.c.o[0m
[2.249s] [ 63%] [32mBuilding C object CMakeFiles/aruco_opencv_msgs__rosidl_typesupport_introspection_c.dir/rosidl_typesupport_introspection_c/aruco_opencv_msgs/msg/detail/board_pose__type_support.c.o[0m
[2.263s] [ 65%] [32mBuilding C object CMakeFiles/aruco_opencv_msgs__rosidl_typesupport_introspection_c.dir/rosidl_typesupport_introspection_c/aruco_opencv_msgs/msg/detail/marker_pose__type_support.c.o[0m
[2.437s] [ 68%] [32m[1mLinking C shared library libaruco_opencv_msgs__rosidl_typesupport_introspection_c.so[0m
[2.559s] [ 68%] Built target aruco_opencv_msgs__rosidl_typesupport_introspection_c
[2.570s] [ 70%] [32m[1mLinking CXX shared library libaruco_opencv_msgs__rosidl_typesupport_cpp.so[0m
[2.606s] [ 72%] [32m[1mLinking CXX shared library libaruco_opencv_msgs__rosidl_typesupport_introspection_cpp.so[0m
[2.640s] [ 72%] Built target aruco_opencv_msgs__rosidl_typesupport_cpp
[2.730s] [ 72%] Built target aruco_opencv_msgs__rosidl_typesupport_introspection_cpp
[2.730s] [ 74%] [32m[1mLinking CXX shared library libaruco_opencv_msgs__rosidl_typesupport_fastrtps_c.so[0m
[2.831s] [ 74%] Built target aruco_opencv_msgs__rosidl_typesupport_fastrtps_c
[2.853s] [ 76%] [32m[1mLinking CXX shared library libaruco_opencv_msgs__rosidl_typesupport_fastrtps_cpp.so[0m
[2.920s] [ 76%] Built target aruco_opencv_msgs__rosidl_typesupport_fastrtps_cpp
[2.939s] [ 76%] Built target aruco_opencv_msgs
[2.957s] [ 78%] [34m[1mGenerating Python code for ROS interfaces[0m
[3.246s] [ 78%] Built target aruco_opencv_msgs__py
[3.263s] [ 85%] [32mBuilding C object CMakeFiles/aruco_opencv_msgs__rosidl_generator_py.dir/rosidl_generator_py/aruco_opencv_msgs/msg/_board_pose_s.c.o[0m
[3.263s] [ 85%] [32mBuilding C object CMakeFiles/aruco_opencv_msgs__rosidl_generator_py.dir/rosidl_generator_py/aruco_opencv_msgs/msg/_marker_pose_s.c.o[0m
[3.263s] [ 85%] [32mBuilding C object CMakeFiles/aruco_opencv_msgs__rosidl_generator_py.dir/rosidl_generator_py/aruco_opencv_msgs/msg/_aruco_detection_s.c.o[0m
[3.348s] [ 87%] [32m[1mLinking C shared library rosidl_generator_py/aruco_opencv_msgs/libaruco_opencv_msgs__rosidl_generator_py.so[0m
[3.386s] [ 87%] Built target aruco_opencv_msgs__rosidl_generator_py
[3.404s] [ 91%] [32mBuilding C object CMakeFiles/aruco_opencv_msgs__rosidl_typesupport_fastrtps_c__pyext.dir/rosidl_generator_py/aruco_opencv_msgs/_aruco_opencv_msgs_s.ep.rosidl_typesupport_fastrtps_c.c.o[0m
[3.404s] [ 91%] [32mBuilding C object CMakeFiles/aruco_opencv_msgs__rosidl_typesupport_c__pyext.dir/rosidl_generator_py/aruco_opencv_msgs/_aruco_opencv_msgs_s.ep.rosidl_typesupport_c.c.o[0m
[3.404s] [ 93%] [32mBuilding C object CMakeFiles/aruco_opencv_msgs__rosidl_typesupport_introspection_c__pyext.dir/rosidl_generator_py/aruco_opencv_msgs/_aruco_opencv_msgs_s.ep.rosidl_typesupport_introspection_c.c.o[0m
[3.471s] [ 97%] [32m[1mLinking C shared library rosidl_generator_py/aruco_opencv_msgs/aruco_opencv_msgs_s__rosidl_typesupport_fastrtps_c.cpython-310-x86_64-linux-gnu.so[0m
[3.471s] [ 97%] [32m[1mLinking C shared library rosidl_generator_py/aruco_opencv_msgs/aruco_opencv_msgs_s__rosidl_typesupport_c.cpython-310-x86_64-linux-gnu.so[0m
[3.503s] [ 97%] Built target aruco_opencv_msgs__rosidl_typesupport_fastrtps_c__pyext
[3.509s] [100%] [32m[1mLinking C shared library rosidl_generator_py/aruco_opencv_msgs/aruco_opencv_msgs_s__rosidl_typesupport_introspection_c.cpython-310-x86_64-linux-gnu.so[0m
[3.512s] [100%] Built target aruco_opencv_msgs__rosidl_typesupport_c__pyext
[3.542s] [100%] Built target aruco_opencv_msgs__rosidl_typesupport_introspection_c__pyext
[3.555s] Invoked command in '/home/ecem/ros2_ws/src/Leo_sct/build/aruco_opencv_msgs' returned '0': CMAKE_PREFIX_PATH=${CMAKE_PREFIX_PATH}:/home/ecem/ros2_ws/install/swarm_basics:/opt/ros/humble /usr/bin/cmake --build /home/ecem/ros2_ws/src/Leo_sct/build/aruco_opencv_msgs -- -j22 -l22
[3.557s] Invoking command in '/home/ecem/ros2_ws/src/Leo_sct/build/aruco_opencv_msgs': CMAKE_PREFIX_PATH=${CMAKE_PREFIX_PATH}:/home/ecem/ros2_ws/install/swarm_basics:/opt/ros/humble /usr/bin/cmake --install /home/ecem/ros2_ws/src/Leo_sct/build/aruco_opencv_msgs
[3.566s] -- Install configuration: ""
[3.566s] -- Installing: /home/ecem/ros2_ws/src/Leo_sct/install/aruco_opencv_msgs/share/ament_index/resource_index/rosidl_interfaces/aruco_opencv_msgs
[3.566s] -- Installing: /home/ecem/ros2_ws/src/Leo_sct/install/aruco_opencv_msgs/include/aruco_opencv_msgs/aruco_opencv_msgs
[3.566s] -- Installing: /home/ecem/ros2_ws/src/Leo_sct/install/aruco_opencv_msgs/include/aruco_opencv_msgs/aruco_opencv_msgs/msg
[3.566s] -- Installing: /home/ecem/ros2_ws/src/Leo_sct/install/aruco_opencv_msgs/include/aruco_opencv_msgs/aruco_opencv_msgs/msg/rosidl_generator_c__visibility_control.h
[3.566s] -- Installing: /home/ecem/ros2_ws/src/Leo_sct/install/aruco_opencv_msgs/include/aruco_opencv_msgs/aruco_opencv_msgs/msg/board_pose.h
[3.566s] -- Installing: /home/ecem/ros2_ws/src/Leo_sct/install/aruco_opencv_msgs/include/aruco_opencv_msgs/aruco_opencv_msgs/msg/detail
[3.566s] -- Installing: /home/ecem/ros2_ws/src/Leo_sct/install/aruco_opencv_msgs/include/aruco_opencv_msgs/aruco_opencv_msgs/msg/detail/board_pose__functions.h
[3.567s] -- Installing: /home/ecem/ros2_ws/src/Leo_sct/install/aruco_opencv_msgs/include/aruco_opencv_msgs/aruco_opencv_msgs/msg/detail/board_pose__type_support.h
[3.567s] -- Installing: /home/ecem/ros2_ws/src/Leo_sct/install/aruco_opencv_msgs/include/aruco_opencv_msgs/aruco_opencv_msgs/msg/detail/marker_pose__struct.h
[3.567s] -- Installing: /home/ecem/ros2_ws/src/Leo_sct/install/aruco_opencv_msgs/include/aruco_opencv_msgs/aruco_opencv_msgs/msg/detail/aruco_detection__functions.h
[3.567s] -- Installing: /home/ecem/ros2_ws/src/Leo_sct/install/aruco_opencv_msgs/include/aruco_opencv_msgs/aruco_opencv_msgs/msg/detail/marker_pose__functions.c
[3.567s] -- Installing: /home/ecem/ros2_ws/src/Leo_sct/install/aruco_opencv_msgs/include/aruco_opencv_msgs/aruco_opencv_msgs/msg/detail/board_pose__struct.h
[3.567s] -- Installing: /home/ecem/ros2_ws/src/Leo_sct/install/aruco_opencv_msgs/include/aruco_opencv_msgs/aruco_opencv_msgs/msg/detail/aruco_detection__functions.c
[3.567s] -- Installing: /home/ecem/ros2_ws/src/Leo_sct/install/aruco_opencv_msgs/include/aruco_opencv_msgs/aruco_opencv_msgs/msg/detail/marker_pose__type_support.h
[3.567s] -- Installing: /home/ecem/ros2_ws/src/Leo_sct/install/aruco_opencv_msgs/include/aruco_opencv_msgs/aruco_opencv_msgs/msg/detail/aruco_detection__struct.h
[3.567s] -- Installing: /home/ecem/ros2_ws/src/Leo_sct/install/aruco_opencv_msgs/include/aruco_opencv_msgs/aruco_opencv_msgs/msg/detail/board_pose__functions.c
[3.567s] -- Installing: /home/ecem/ros2_ws/src/Leo_sct/install/aruco_opencv_msgs/include/aruco_opencv_msgs/aruco_opencv_msgs/msg/detail/marker_pose__functions.h
[3.567s] -- Installing: /home/ecem/ros2_ws/src/Leo_sct/install/aruco_opencv_msgs/include/aruco_opencv_msgs/aruco_opencv_msgs/msg/detail/aruco_detection__type_support.h
[3.567s] -- Installing: /home/ecem/ros2_ws/src/Leo_sct/install/aruco_opencv_msgs/include/aruco_opencv_msgs/aruco_opencv_msgs/msg/aruco_detection.h
[3.568s] -- Installing: /home/ecem/ros2_ws/src/Leo_sct/install/aruco_opencv_msgs/include/aruco_opencv_msgs/aruco_opencv_msgs/msg/marker_pose.h
[3.568s] -- Installing: /home/ecem/ros2_ws/src/Leo_sct/install/aruco_opencv_msgs/share/aruco_opencv_msgs/environment/library_path.sh
[3.568s] -- Installing: /home/ecem/ros2_ws/src/Leo_sct/install/aruco_opencv_msgs/share/aruco_opencv_msgs/environment/library_path.dsv
[3.568s] -- Installing: /home/ecem/ros2_ws/src/Leo_sct/install/aruco_opencv_msgs/lib/libaruco_opencv_msgs__rosidl_generator_c.so
[3.568s] -- Set runtime path of "/home/ecem/ros2_ws/src/Leo_sct/install/aruco_opencv_msgs/lib/libaruco_opencv_msgs__rosidl_generator_c.so" to ""
[3.568s] -- Up-to-date: /home/ecem/ros2_ws/src/Leo_sct/install/aruco_opencv_msgs/include/aruco_opencv_msgs/aruco_opencv_msgs
[3.568s] -- Up-to-date: /home/ecem/ros2_ws/src/Leo_sct/install/aruco_opencv_msgs/include/aruco_opencv_msgs/aruco_opencv_msgs/msg
[3.569s] -- Installing: /home/ecem/ros2_ws/src/Leo_sct/install/aruco_opencv_msgs/include/aruco_opencv_msgs/aruco_opencv_msgs/msg/rosidl_typesupport_fastrtps_c__visibility_control.h
[3.569s] -- Up-to-date: /home/ecem/ros2_ws/src/Leo_sct/install/aruco_opencv_msgs/include/aruco_opencv_msgs/aruco_opencv_msgs/msg/detail
[3.569s] -- Installing: /home/ecem/ros2_ws/src/Leo_sct/install/aruco_opencv_msgs/include/aruco_opencv_msgs/aruco_opencv_msgs/msg/detail/marker_pose__rosidl_typesupport_fastrtps_c.h
[3.569s] -- Installing: /home/ecem/ros2_ws/src/Leo_sct/install/aruco_opencv_msgs/include/aruco_opencv_msgs/aruco_opencv_msgs/msg/detail/aruco_detection__rosidl_typesupport_fastrtps_c.h
[3.569s] -- Installing: /home/ecem/ros2_ws/src/Leo_sct/install/aruco_opencv_msgs/include/aruco_opencv_msgs/aruco_opencv_msgs/msg/detail/board_pose__rosidl_typesupport_fastrtps_c.h
[3.569s] -- Installing: /home/ecem/ros2_ws/src/Leo_sct/install/aruco_opencv_msgs/lib/libaruco_opencv_msgs__rosidl_typesupport_fastrtps_c.so
[3.569s] -- Set runtime path of "/home/ecem/ros2_ws/src/Leo_sct/install/aruco_opencv_msgs/lib/libaruco_opencv_msgs__rosidl_typesupport_fastrtps_c.so" to ""
[3.569s] -- Up-to-date: /home/ecem/ros2_ws/src/Leo_sct/install/aruco_opencv_msgs/include/aruco_opencv_msgs/aruco_opencv_msgs
[3.569s] -- Up-to-date: /home/ecem/ros2_ws/src/Leo_sct/install/aruco_opencv_msgs/include/aruco_opencv_msgs/aruco_opencv_msgs/msg
[3.569s] -- Installing: /home/ecem/ros2_ws/src/Leo_sct/install/aruco_opencv_msgs/include/aruco_opencv_msgs/aruco_opencv_msgs/msg/rosidl_typesupport_introspection_c__visibility_control.h
[3.569s] -- Up-to-date: /home/ecem/ros2_ws/src/Leo_sct/install/aruco_opencv_msgs/include/aruco_opencv_msgs/aruco_opencv_msgs/msg/detail
[3.570s] -- Installing: /home/ecem/ros2_ws/src/Leo_sct/install/aruco_opencv_msgs/include/aruco_opencv_msgs/aruco_opencv_msgs/msg/detail/board_pose__rosidl_typesupport_introspection_c.h
[3.570s] -- Installing: /home/ecem/ros2_ws/src/Leo_sct/install/aruco_opencv_msgs/include/aruco_opencv_msgs/aruco_opencv_msgs/msg/detail/board_pose__type_support.c
[3.570s] -- Installing: /home/ecem/ros2_ws/src/Leo_sct/install/aruco_opencv_msgs/include/aruco_opencv_msgs/aruco_opencv_msgs/msg/detail/marker_pose__type_support.c
[3.570s] -- Installing: /home/ecem/ros2_ws/src/Leo_sct/install/aruco_opencv_msgs/include/aruco_opencv_msgs/aruco_opencv_msgs/msg/detail/marker_pose__rosidl_typesupport_introspection_c.h
[3.570s] -- Installing: /home/ecem/ros2_ws/src/Leo_sct/install/aruco_opencv_msgs/include/aruco_opencv_msgs/aruco_opencv_msgs/msg/detail/aruco_detection__type_support.c
[3.570s] -- Installing: /home/ecem/ros2_ws/src/Leo_sct/install/aruco_opencv_msgs/include/aruco_opencv_msgs/aruco_opencv_msgs/msg/detail/aruco_detection__rosidl_typesupport_introspection_c.h
[3.570s] -- Installing: /home/ecem/ros2_ws/src/Leo_sct/install/aruco_opencv_msgs/lib/libaruco_opencv_msgs__rosidl_typesupport_introspection_c.so
[3.570s] -- Set runtime path of "/home/ecem/ros2_ws/src/Leo_sct/install/aruco_opencv_msgs/lib/libaruco_opencv_msgs__rosidl_typesupport_introspection_c.so" to ""
[3.570s] -- Installing: /home/ecem/ros2_ws/src/Leo_sct/install/aruco_opencv_msgs/lib/libaruco_opencv_msgs__rosidl_typesupport_c.so
[3.571s] -- Set runtime path of "/home/ecem/ros2_ws/src/Leo_sct/install/aruco_opencv_msgs/lib/libaruco_opencv_msgs__rosidl_typesupport_c.so" to ""
[3.571s] -- Up-to-date: /home/ecem/ros2_ws/src/Leo_sct/install/aruco_opencv_msgs/include/aruco_opencv_msgs/aruco_opencv_msgs
[3.571s] -- Up-to-date: /home/ecem/ros2_ws/src/Leo_sct/install/aruco_opencv_msgs/include/aruco_opencv_msgs/aruco_opencv_msgs/msg
[3.571s] -- Installing: /home/ecem/ros2_ws/src/Leo_sct/install/aruco_opencv_msgs/include/aruco_opencv_msgs/aruco_opencv_msgs/msg/rosidl_generator_cpp__visibility_control.hpp
[3.571s] -- Installing: /home/ecem/ros2_ws/src/Leo_sct/install/aruco_opencv_msgs/include/aruco_opencv_msgs/aruco_opencv_msgs/msg/aruco_detection.hpp
[3.571s] -- Installing: /home/ecem/ros2_ws/src/Leo_sct/install/aruco_opencv_msgs/include/aruco_opencv_msgs/aruco_opencv_msgs/msg/board_pose.hpp
[3.571s] -- Installing: /home/ecem/ros2_ws/src/Leo_sct/install/aruco_opencv_msgs/include/aruco_opencv_msgs/aruco_opencv_msgs/msg/marker_pose.hpp
[3.571s] -- Up-to-date: /home/ecem/ros2_ws/src/Leo_sct/install/aruco_opencv_msgs/include/aruco_opencv_msgs/aruco_opencv_msgs/msg/detail
[3.571s] -- Installing: /home/ecem/ros2_ws/src/Leo_sct/install/aruco_opencv_msgs/include/aruco_opencv_msgs/aruco_opencv_msgs/msg/detail/marker_pose__type_support.hpp
[3.571s] -- Installing: /home/ecem/ros2_ws/src/Leo_sct/install/aruco_opencv_msgs/include/aruco_opencv_msgs/aruco_opencv_msgs/msg/detail/marker_pose__builder.hpp
[3.571s] -- Installing: /home/ecem/ros2_ws/src/Leo_sct/install/aruco_opencv_msgs/include/aruco_opencv_msgs/aruco_opencv_msgs/msg/detail/aruco_detection__traits.hpp
[3.571s] -- Installing: /home/ecem/ros2_ws/src/Leo_sct/install/aruco_opencv_msgs/include/aruco_opencv_msgs/aruco_opencv_msgs/msg/detail/aruco_detection__builder.hpp
[3.571s] -- Installing: /home/ecem/ros2_ws/src/Leo_sct/install/aruco_opencv_msgs/include/aruco_opencv_msgs/aruco_opencv_msgs/msg/detail/marker_pose__struct.hpp
[3.571s] -- Installing: /home/ecem/ros2_ws/src/Leo_sct/install/aruco_opencv_msgs/include/aruco_opencv_msgs/aruco_opencv_msgs/msg/detail/aruco_detection__struct.hpp
[3.572s] -- Installing: /home/ecem/ros2_ws/src/Leo_sct/install/aruco_opencv_msgs/include/aruco_opencv_msgs/aruco_opencv_msgs/msg/detail/board_pose__type_support.hpp
[3.572s] -- Installing: /home/ecem/ros2_ws/src/Leo_sct/install/aruco_opencv_msgs/include/aruco_opencv_msgs/aruco_opencv_msgs/msg/detail/board_pose__traits.hpp
[3.572s] -- Installing: /home/ecem/ros2_ws/src/Leo_sct/install/aruco_opencv_msgs/include/aruco_opencv_msgs/aruco_opencv_msgs/msg/detail/marker_pose__traits.hpp
[3.572s] -- Installing: /home/ecem/ros2_ws/src/Leo_sct/install/aruco_opencv_msgs/include/aruco_opencv_msgs/aruco_opencv_msgs/msg/detail/board_pose__builder.hpp
[3.572s] -- Installing: /home/ecem/ros2_ws/src/Leo_sct/install/aruco_opencv_msgs/include/aruco_opencv_msgs/aruco_opencv_msgs/msg/detail/board_pose__struct.hpp
[3.572s] -- Installing: /home/ecem/ros2_ws/src/Leo_sct/install/aruco_opencv_msgs/include/aruco_opencv_msgs/aruco_opencv_msgs/msg/detail/aruco_detection__type_support.hpp
[3.572s] -- Up-to-date: /home/ecem/ros2_ws/src/Leo_sct/install/aruco_opencv_msgs/include/aruco_opencv_msgs/aruco_opencv_msgs
[3.572s] -- Up-to-date: /home/ecem/ros2_ws/src/Leo_sct/install/aruco_opencv_msgs/include/aruco_opencv_msgs/aruco_opencv_msgs/msg
[3.572s] -- Installing: /home/ecem/ros2_ws/src/Leo_sct/install/aruco_opencv_msgs/include/aruco_opencv_msgs/aruco_opencv_msgs/msg/rosidl_typesupport_fastrtps_cpp__visibility_control.h
[3.572s] -- Up-to-date: /home/ecem/ros2_ws/src/Leo_sct/install/aruco_opencv_msgs/include/aruco_opencv_msgs/aruco_opencv_msgs/msg/detail
[3.572s] -- Installing: /home/ecem/ros2_ws/src/Leo_sct/install/aruco_opencv_msgs/include/aruco_opencv_msgs/aruco_opencv_msgs/msg/detail/dds_fastrtps
[3.573s] -- Installing: /home/ecem/ros2_ws/src/Leo_sct/install/aruco_opencv_msgs/include/aruco_opencv_msgs/aruco_opencv_msgs/msg/detail/marker_pose__rosidl_typesupport_fastrtps_cpp.hpp
[3.573s] -- Installing: /home/ecem/ros2_ws/src/Leo_sct/install/aruco_opencv_msgs/include/aruco_opencv_msgs/aruco_opencv_msgs/msg/detail/board_pose__rosidl_typesupport_fastrtps_cpp.hpp
[3.573s] -- Installing: /home/ecem/ros2_ws/src/Leo_sct/install/aruco_opencv_msgs/include/aruco_opencv_msgs/aruco_opencv_msgs/msg/detail/aruco_detection__rosidl_typesupport_fastrtps_cpp.hpp
[3.573s] -- Installing: /home/ecem/ros2_ws/src/Leo_sct/install/aruco_opencv_msgs/lib/libaruco_opencv_msgs__rosidl_typesupport_fastrtps_cpp.so
[3.573s] -- Set runtime path of "/home/ecem/ros2_ws/src/Leo_sct/install/aruco_opencv_msgs/lib/libaruco_opencv_msgs__rosidl_typesupport_fastrtps_cpp.so" to ""
[3.573s] -- Up-to-date: /home/ecem/ros2_ws/src/Leo_sct/install/aruco_opencv_msgs/include/aruco_opencv_msgs/aruco_opencv_msgs
[3.573s] -- Up-to-date: /home/ecem/ros2_ws/src/Leo_sct/install/aruco_opencv_msgs/include/aruco_opencv_msgs/aruco_opencv_msgs/msg
[3.573s] -- Up-to-date: /home/ecem/ros2_ws/src/Leo_sct/install/aruco_opencv_msgs/include/aruco_opencv_msgs/aruco_opencv_msgs/msg/detail
[3.573s] -- Installing: /home/ecem/ros2_ws/src/Leo_sct/install/aruco_opencv_msgs/include/aruco_opencv_msgs/aruco_opencv_msgs/msg/detail/aruco_detection__type_support.cpp
[3.573s] -- Installing: /home/ecem/ros2_ws/src/Leo_sct/install/aruco_opencv_msgs/include/aruco_opencv_msgs/aruco_opencv_msgs/msg/detail/board_pose__rosidl_typesupport_introspection_cpp.hpp
[3.573s] -- Installing: /home/ecem/ros2_ws/src/Leo_sct/install/aruco_opencv_msgs/include/aruco_opencv_msgs/aruco_opencv_msgs/msg/detail/aruco_detection__rosidl_typesupport_introspection_cpp.hpp
[3.574s] -- Installing: /home/ecem/ros2_ws/src/Leo_sct/install/aruco_opencv_msgs/include/aruco_opencv_msgs/aruco_opencv_msgs/msg/detail/board_pose__type_support.cpp
[3.574s] -- Installing: /home/ecem/ros2_ws/src/Leo_sct/install/aruco_opencv_msgs/include/aruco_opencv_msgs/aruco_opencv_msgs/msg/detail/marker_pose__type_support.cpp
[3.574s] -- Installing: /home/ecem/ros2_ws/src/Leo_sct/install/aruco_opencv_msgs/include/aruco_opencv_msgs/aruco_opencv_msgs/msg/detail/marker_pose__rosidl_typesupport_introspection_cpp.hpp
[3.574s] -- Installing: /home/ecem/ros2_ws/src/Leo_sct/install/aruco_opencv_msgs/lib/libaruco_opencv_msgs__rosidl_typesupport_introspection_cpp.so
[3.574s] -- Set runtime path of "/home/ecem/ros2_ws/src/Leo_sct/install/aruco_opencv_msgs/lib/libaruco_opencv_msgs__rosidl_typesupport_introspection_cpp.so" to ""
[3.574s] -- Installing: /home/ecem/ros2_ws/src/Leo_sct/install/aruco_opencv_msgs/lib/libaruco_opencv_msgs__rosidl_typesupport_cpp.so
[3.574s] -- Set runtime path of "/home/ecem/ros2_ws/src/Leo_sct/install/aruco_opencv_msgs/lib/libaruco_opencv_msgs__rosidl_typesupport_cpp.so" to ""
[3.575s] -- Installing: /home/ecem/ros2_ws/src/Leo_sct/install/aruco_opencv_msgs/share/aruco_opencv_msgs/environment/pythonpath.sh
[3.575s] -- Installing: /home/ecem/ros2_ws/src/Leo_sct/install/aruco_opencv_msgs/share/aruco_opencv_msgs/environment/pythonpath.dsv
[3.575s] -- Installing: /home/ecem/ros2_ws/src/Leo_sct/install/aruco_opencv_msgs/local/lib/python3.10/dist-packages/aruco_opencv_msgs-6.1.1-py3.10.egg-info
[3.575s] -- Installing: /home/ecem/ros2_ws/src/Leo_sct/install/aruco_opencv_msgs/local/lib/python3.10/dist-packages/aruco_opencv_msgs-6.1.1-py3.10.egg-info/PKG-INFO
[3.575s] -- Installing: /home/ecem/ros2_ws/src/Leo_sct/install/aruco_opencv_msgs/local/lib/python3.10/dist-packages/aruco_opencv_msgs-6.1.1-py3.10.egg-info/dependency_links.txt
[3.575s] -- Installing: /home/ecem/ros2_ws/src/Leo_sct/install/aruco_opencv_msgs/local/lib/python3.10/dist-packages/aruco_opencv_msgs-6.1.1-py3.10.egg-info/top_level.txt
[3.575s] -- Installing: /home/ecem/ros2_ws/src/Leo_sct/install/aruco_opencv_msgs/local/lib/python3.10/dist-packages/aruco_opencv_msgs-6.1.1-py3.10.egg-info/SOURCES.txt
[3.575s] -- Installing: /home/ecem/ros2_ws/src/Leo_sct/install/aruco_opencv_msgs/local/lib/python3.10/dist-packages/aruco_opencv_msgs
[3.575s] -- Installing: /home/ecem/ros2_ws/src/Leo_sct/install/aruco_opencv_msgs/local/lib/python3.10/dist-packages/aruco_opencv_msgs/libaruco_opencv_msgs__rosidl_generator_py.so
[3.576s] -- Installing: /home/ecem/ros2_ws/src/Leo_sct/install/aruco_opencv_msgs/local/lib/python3.10/dist-packages/aruco_opencv_msgs/aruco_opencv_msgs_s__rosidl_typesupport_fastrtps_c.cpython-310-x86_64-linux-gnu.so
[3.576s] -- Installing: /home/ecem/ros2_ws/src/Leo_sct/install/aruco_opencv_msgs/local/lib/python3.10/dist-packages/aruco_opencv_msgs/__init__.py
[3.576s] -- Installing: /home/ecem/ros2_ws/src/Leo_sct/install/aruco_opencv_msgs/local/lib/python3.10/dist-packages/aruco_opencv_msgs/_aruco_opencv_msgs_s.ep.rosidl_typesupport_fastrtps_c.c
[3.576s] -- Installing: /home/ecem/ros2_ws/src/Leo_sct/install/aruco_opencv_msgs/local/lib/python3.10/dist-packages/aruco_opencv_msgs/_aruco_opencv_msgs_s.ep.rosidl_typesupport_c.c
[3.576s] -- Installing: /home/ecem/ros2_ws/src/Leo_sct/install/aruco_opencv_msgs/local/lib/python3.10/dist-packages/aruco_opencv_msgs/aruco_opencv_msgs_s__rosidl_typesupport_c.cpython-310-x86_64-linux-gnu.so
[3.576s] -- Installing: /home/ecem/ros2_ws/src/Leo_sct/install/aruco_opencv_msgs/local/lib/python3.10/dist-packages/aruco_opencv_msgs/msg
[3.576s] -- Installing: /home/ecem/ros2_ws/src/Leo_sct/install/aruco_opencv_msgs/local/lib/python3.10/dist-packages/aruco_opencv_msgs/msg/_marker_pose_s.c
[3.576s] -- Installing: /home/ecem/ros2_ws/src/Leo_sct/install/aruco_opencv_msgs/local/lib/python3.10/dist-packages/aruco_opencv_msgs/msg/_board_pose.py
[3.576s] -- Installing: /home/ecem/ros2_ws/src/Leo_sct/install/aruco_opencv_msgs/local/lib/python3.10/dist-packages/aruco_opencv_msgs/msg/__init__.py
[3.577s] -- Installing: /home/ecem/ros2_ws/src/Leo_sct/install/aruco_opencv_msgs/local/lib/python3.10/dist-packages/aruco_opencv_msgs/msg/_board_pose_s.c
[3.577s] -- Installing: /home/ecem/ros2_ws/src/Leo_sct/install/aruco_opencv_msgs/local/lib/python3.10/dist-packages/aruco_opencv_msgs/msg/_marker_pose.py
[3.577s] -- Installing: /home/ecem/ros2_ws/src/Leo_sct/install/aruco_opencv_msgs/local/lib/python3.10/dist-packages/aruco_opencv_msgs/msg/_aruco_detection.py
[3.577s] -- Installing: /home/ecem/ros2_ws/src/Leo_sct/install/aruco_opencv_msgs/local/lib/python3.10/dist-packages/aruco_opencv_msgs/msg/_aruco_detection_s.c
[3.577s] -- Installing: /home/ecem/ros2_ws/src/Leo_sct/install/aruco_opencv_msgs/local/lib/python3.10/dist-packages/aruco_opencv_msgs/aruco_opencv_msgs_s__rosidl_typesupport_introspection_c.cpython-310-x86_64-linux-gnu.so
[3.577s] -- Installing: /home/ecem/ros2_ws/src/Leo_sct/install/aruco_opencv_msgs/local/lib/python3.10/dist-packages/aruco_opencv_msgs/_aruco_opencv_msgs_s.ep.rosidl_typesupport_introspection_c.c
[3.614s] Listing '/home/ecem/ros2_ws/src/Leo_sct/install/aruco_opencv_msgs/local/lib/python3.10/dist-packages/aruco_opencv_msgs'...
[3.614s] Compiling '/home/ecem/ros2_ws/src/Leo_sct/install/aruco_opencv_msgs/local/lib/python3.10/dist-packages/aruco_opencv_msgs/__init__.py'...
[3.614s] Listing '/home/ecem/ros2_ws/src/Leo_sct/install/aruco_opencv_msgs/local/lib/python3.10/dist-packages/aruco_opencv_msgs/msg'...
[3.614s] Compiling '/home/ecem/ros2_ws/src/Leo_sct/install/aruco_opencv_msgs/local/lib/python3.10/dist-packages/aruco_opencv_msgs/msg/__init__.py'...
[3.614s] Compiling '/home/ecem/ros2_ws/src/Leo_sct/install/aruco_opencv_msgs/local/lib/python3.10/dist-packages/aruco_opencv_msgs/msg/_aruco_detection.py'...
[3.614s] Compiling '/home/ecem/ros2_ws/src/Leo_sct/install/aruco_opencv_msgs/local/lib/python3.10/dist-packages/aruco_opencv_msgs/msg/_board_pose.py'...
[3.614s] Compiling '/home/ecem/ros2_ws/src/Leo_sct/install/aruco_opencv_msgs/local/lib/python3.10/dist-packages/aruco_opencv_msgs/msg/_marker_pose.py'...
[3.616s] -- Installing: /home/ecem/ros2_ws/src/Leo_sct/install/aruco_opencv_msgs/local/lib/python3.10/dist-packages/aruco_opencv_msgs/aruco_opencv_msgs_s__rosidl_typesupport_fastrtps_c.cpython-310-x86_64-linux-gnu.so
[3.617s] -- Set runtime path of "/home/ecem/ros2_ws/src/Leo_sct/install/aruco_opencv_msgs/local/lib/python3.10/dist-packages/aruco_opencv_msgs/aruco_opencv_msgs_s__rosidl_typesupport_fastrtps_c.cpython-310-x86_64-linux-gnu.so" to ""
[3.617s] -- Installing: /home/ecem/ros2_ws/src/Leo_sct/install/aruco_opencv_msgs/local/lib/python3.10/dist-packages/aruco_opencv_msgs/aruco_opencv_msgs_s__rosidl_typesupport_introspection_c.cpython-310-x86_64-linux-gnu.so
[3.617s] -- Set runtime path of "/home/ecem/ros2_ws/src/Leo_sct/install/aruco_opencv_msgs/local/lib/python3.10/dist-packages/aruco_opencv_msgs/aruco_opencv_msgs_s__rosidl_typesupport_introspection_c.cpython-310-x86_64-linux-gnu.so" to ""
[3.617s] -- Installing: /home/ecem/ros2_ws/src/Leo_sct/install/aruco_opencv_msgs/local/lib/python3.10/dist-packages/aruco_opencv_msgs/aruco_opencv_msgs_s__rosidl_typesupport_c.cpython-310-x86_64-linux-gnu.so
[3.617s] -- Set runtime path of "/home/ecem/ros2_ws/src/Leo_sct/install/aruco_opencv_msgs/local/lib/python3.10/dist-packages/aruco_opencv_msgs/aruco_opencv_msgs_s__rosidl_typesupport_c.cpython-310-x86_64-linux-gnu.so" to ""
[3.617s] -- Installing: /home/ecem/ros2_ws/src/Leo_sct/install/aruco_opencv_msgs/lib/libaruco_opencv_msgs__rosidl_generator_py.so
[3.617s] -- Set runtime path of "/home/ecem/ros2_ws/src/Leo_sct/install/aruco_opencv_msgs/lib/libaruco_opencv_msgs__rosidl_generator_py.so" to ""
[3.617s] -- Installing: /home/ecem/ros2_ws/src/Leo_sct/install/aruco_opencv_msgs/share/aruco_opencv_msgs/msg/ArucoDetection.idl
[3.617s] -- Installing: /home/ecem/ros2_ws/src/Leo_sct/install/aruco_opencv_msgs/share/aruco_opencv_msgs/msg/BoardPose.idl
[3.617s] -- Installing: /home/ecem/ros2_ws/src/Leo_sct/install/aruco_opencv_msgs/share/aruco_opencv_msgs/msg/MarkerPose.idl
[3.617s] -- Installing: /home/ecem/ros2_ws/src/Leo_sct/install/aruco_opencv_msgs/share/aruco_opencv_msgs/msg/ArucoDetection.msg
[3.618s] -- Installing: /home/ecem/ros2_ws/src/Leo_sct/install/aruco_opencv_msgs/share/aruco_opencv_msgs/msg/BoardPose.msg
[3.618s] -- Installing: /home/ecem/ros2_ws/src/Leo_sct/install/aruco_opencv_msgs/share/aruco_opencv_msgs/msg/MarkerPose.msg
[3.618s] -- Installing: /home/ecem/ros2_ws/src/Leo_sct/install/aruco_opencv_msgs/share/ament_index/resource_index/package_run_dependencies/aruco_opencv_msgs
[3.618s] -- Installing: /home/ecem/ros2_ws/src/Leo_sct/install/aruco_opencv_msgs/share/ament_index/resource_index/parent_prefix_path/aruco_opencv_msgs
[3.618s] -- Installing: /home/ecem/ros2_ws/src/Leo_sct/install/aruco_opencv_msgs/share/aruco_opencv_msgs/environment/ament_prefix_path.sh
[3.618s] -- Installing: /home/ecem/ros2_ws/src/Leo_sct/install/aruco_opencv_msgs/share/aruco_opencv_msgs/environment/ament_prefix_path.dsv
[3.618s] -- Installing: /home/ecem/ros2_ws/src/Leo_sct/install/aruco_opencv_msgs/share/aruco_opencv_msgs/environment/path.sh
[3.618s] -- Installing: /home/ecem/ros2_ws/src/Leo_sct/install/aruco_opencv_msgs/share/aruco_opencv_msgs/environment/path.dsv
[3.618s] -- Installing: /home/ecem/ros2_ws/src/Leo_sct/install/aruco_opencv_msgs/share/aruco_opencv_msgs/local_setup.bash
[3.618s] -- Installing: /home/ecem/ros2_ws/src/Leo_sct/install/aruco_opencv_msgs/share/aruco_opencv_msgs/local_setup.sh
[3.618s] -- Installing: /home/ecem/ros2_ws/src/Leo_sct/install/aruco_opencv_msgs/share/aruco_opencv_msgs/local_setup.zsh
[3.618s] -- Installing: /home/ecem/ros2_ws/src/Leo_sct/install/aruco_opencv_msgs/share/aruco_opencv_msgs/local_setup.dsv
[3.618s] -- Installing: /home/ecem/ros2_ws/src/Leo_sct/install/aruco_opencv_msgs/share/aruco_opencv_msgs/package.dsv
[3.618s] -- Installing: /home/ecem/ros2_ws/src/Leo_sct/install/aruco_opencv_msgs/share/ament_index/resource_index/packages/aruco_opencv_msgs
[3.618s] -- Installing: /home/ecem/ros2_ws/src/Leo_sct/install/aruco_opencv_msgs/share/aruco_opencv_msgs/cmake/export_aruco_opencv_msgs__rosidl_generator_cExport.cmake
[3.619s] -- Installing: /home/ecem/ros2_ws/src/Leo_sct/install/aruco_opencv_msgs/share/aruco_opencv_msgs/cmake/export_aruco_opencv_msgs__rosidl_generator_cExport-noconfig.cmake
[3.619s] -- Installing: /home/ecem/ros2_ws/src/Leo_sct/install/aruco_opencv_msgs/share/aruco_opencv_msgs/cmake/export_aruco_opencv_msgs__rosidl_typesupport_fastrtps_cExport.cmake
[3.619s] -- Installing: /home/ecem/ros2_ws/src/Leo_sct/install/aruco_opencv_msgs/share/aruco_opencv_msgs/cmake/export_aruco_opencv_msgs__rosidl_typesupport_fastrtps_cExport-noconfig.cmake
[3.619s] -- Installing: /home/ecem/ros2_ws/src/Leo_sct/install/aruco_opencv_msgs/share/aruco_opencv_msgs/cmake/aruco_opencv_msgs__rosidl_typesupport_introspection_cExport.cmake
[3.619s] -- Installing: /home/ecem/ros2_ws/src/Leo_sct/install/aruco_opencv_msgs/share/aruco_opencv_msgs/cmake/aruco_opencv_msgs__rosidl_typesupport_introspection_cExport-noconfig.cmake
[3.619s] -- Installing: /home/ecem/ros2_ws/src/Leo_sct/install/aruco_opencv_msgs/share/aruco_opencv_msgs/cmake/aruco_opencv_msgs__rosidl_typesupport_cExport.cmake
[3.619s] -- Installing: /home/ecem/ros2_ws/src/Leo_sct/install/aruco_opencv_msgs/share/aruco_opencv_msgs/cmake/aruco_opencv_msgs__rosidl_typesupport_cExport-noconfig.cmake
[3.619s] -- Installing: /home/ecem/ros2_ws/src/Leo_sct/install/aruco_opencv_msgs/share/aruco_opencv_msgs/cmake/export_aruco_opencv_msgs__rosidl_generator_cppExport.cmake
[3.619s] -- Installing: /home/ecem/ros2_ws/src/Leo_sct/install/aruco_opencv_msgs/share/aruco_opencv_msgs/cmake/export_aruco_opencv_msgs__rosidl_typesupport_fastrtps_cppExport.cmake
[3.619s] -- Installing: /home/ecem/ros2_ws/src/Leo_sct/install/aruco_opencv_msgs/share/aruco_opencv_msgs/cmake/export_aruco_opencv_msgs__rosidl_typesupport_fastrtps_cppExport-noconfig.cmake
[3.619s] -- Installing: /home/ecem/ros2_ws/src/Leo_sct/install/aruco_opencv_msgs/share/aruco_opencv_msgs/cmake/aruco_opencv_msgs__rosidl_typesupport_introspection_cppExport.cmake
[3.619s] -- Installing: /home/ecem/ros2_ws/src/Leo_sct/install/aruco_opencv_msgs/share/aruco_opencv_msgs/cmake/aruco_opencv_msgs__rosidl_typesupport_introspection_cppExport-noconfig.cmake
[3.619s] -- Installing: /home/ecem/ros2_ws/src/Leo_sct/install/aruco_opencv_msgs/share/aruco_opencv_msgs/cmake/aruco_opencv_msgs__rosidl_typesupport_cppExport.cmake
[3.619s] -- Installing: /home/ecem/ros2_ws/src/Leo_sct/install/aruco_opencv_msgs/share/aruco_opencv_msgs/cmake/aruco_opencv_msgs__rosidl_typesupport_cppExport-noconfig.cmake
[3.619s] -- Installing: /home/ecem/ros2_ws/src/Leo_sct/install/aruco_opencv_msgs/share/aruco_opencv_msgs/cmake/export_aruco_opencv_msgs__rosidl_generator_pyExport.cmake
[3.620s] -- Installing: /home/ecem/ros2_ws/src/Leo_sct/install/aruco_opencv_msgs/share/aruco_opencv_msgs/cmake/export_aruco_opencv_msgs__rosidl_generator_pyExport-noconfig.cmake
[3.620s] -- Installing: /home/ecem/ros2_ws/src/Leo_sct/install/aruco_opencv_msgs/share/aruco_opencv_msgs/cmake/rosidl_cmake-extras.cmake
[3.620s] -- Installing: /home/ecem/ros2_ws/src/Leo_sct/install/aruco_opencv_msgs/share/aruco_opencv_msgs/cmake/ament_cmake_export_dependencies-extras.cmake
[3.620s] -- Installing: /home/ecem/ros2_ws/src/Leo_sct/install/aruco_opencv_msgs/share/aruco_opencv_msgs/cmake/ament_cmake_export_include_directories-extras.cmake
[3.620s] -- Installing: /home/ecem/ros2_ws/src/Leo_sct/install/aruco_opencv_msgs/share/aruco_opencv_msgs/cmake/ament_cmake_export_libraries-extras.cmake
[3.620s] -- Installing: /home/ecem/ros2_ws/src/Leo_sct/install/aruco_opencv_msgs/share/aruco_opencv_msgs/cmake/ament_cmake_export_targets-extras.cmake
[3.620s] -- Installing: /home/ecem/ros2_ws/src/Leo_sct/install/aruco_opencv_msgs/share/aruco_opencv_msgs/cmake/rosidl_cmake_export_typesupport_targets-extras.cmake
[3.620s] -- Installing: /home/ecem/ros2_ws/src/Leo_sct/install/aruco_opencv_msgs/share/aruco_opencv_msgs/cmake/rosidl_cmake_export_typesupport_libraries-extras.cmake
[3.620s] -- Installing: /home/ecem/ros2_ws/src/Leo_sct/install/aruco_opencv_msgs/share/aruco_opencv_msgs/cmake/aruco_opencv_msgsConfig.cmake
[3.620s] -- Installing: /home/ecem/ros2_ws/src/Leo_sct/install/aruco_opencv_msgs/share/aruco_opencv_msgs/cmake/aruco_opencv_msgsConfig-version.cmake
[3.620s] -- Installing: /home/ecem/ros2_ws/src/Leo_sct/install/aruco_opencv_msgs/share/aruco_opencv_msgs/package.xml
[3.622s] Invoked command in '/home/ecem/ros2_ws/src/Leo_sct/build/aruco_opencv_msgs' returned '0': CMAKE_PREFIX_PATH=${CMAKE_PREFIX_PATH}:/home/ecem/ros2_ws/install/swarm_basics:/opt/ros/humble /usr/bin/cmake --install /home/ecem/ros2_ws/src/Leo_sct/build/aruco_opencv_msgs
