[INFO] [launch]: All log files can be found below /home/ecem/.ros/log/2026-04-21-17-07-57-701790-ecem-pc-326952
[INFO] [launch]: Default logging verbosity is set to INFO
[INFO] [ign gazebo-1]: process started with pid [326967]
[INFO] [coverage_counter-2]: process started with pid [326969]
[INFO] [bump_counter-3]: process started with pid [326972]
[INFO] [parameter_bridge-4]: process started with pid [326974]
[INFO] [robot_state_publisher-5]: process started with pid [326976]
[INFO] [create-6]: process started with pid [326978]
[INFO] [robot_supervisor-7]: process started with pid [326980]
[INFO] [robot_state_publisher-8]: process started with pid [326982]
[INFO] [create-9]: process started with pid [326984]
[INFO] [robot_supervisor-10]: process started with pid [326987]
[INFO] [robot_state_publisher-11]: process started with pid [326989]
[INFO] [create-12]: process started with pid [326992]
[INFO] [robot_supervisor-13]: process started with pid [326994]
[INFO] [robot_state_publisher-14]: process started with pid [326996]
[INFO] [create-15]: process started with pid [326998]
[INFO] [robot_supervisor-16]: process started with pid [327000]
[INFO] [robot_state_publisher-17]: process started with pid [327002]
[INFO] [create-18]: process started with pid [327013]
[INFO] [robot_supervisor-19]: process started with pid [327015]
[INFO] [parameter_bridge-20]: process started with pid [327018]
[parameter_bridge-4] [ros_ign_bridge] is deprecated! Redirecting to use [ros_gz_bridge] instead!
[parameter_bridge-4] 
[create-15] [INFO] [1776784078.149771431] [robot_3.ros_gz_sim]: Requesting list of world names.
[create-9] [INFO] [1776784078.149771781] [robot_1.ros_gz_sim]: Requesting list of world names.
[create-6] [INFO] [1776784078.150828674] [robot_0.ros_gz_sim]: Requesting list of world names.
[create-12] [INFO] [1776784078.151125544] [robot_2.ros_gz_sim]: Requesting list of world names.
[parameter_bridge-4] [INFO] [1776784078.151380601] [all_robots_bridge]: Creating ROS->GZ Bridge: [/robot_0/cmd_vel (geometry_msgs/msg/Twist) -> /robot_0/cmd_vel (ignition.msgs.Twist)] (Lazy 0)
[parameter_bridge-4] [INFO] [1776784078.152574572] [all_robots_bridge]: Creating GZ->ROS Bridge: [/robot_0/odom (ignition.msgs.Odometry) -> /robot_0/odom (nav_msgs/msg/Odometry)] (Lazy 0)
[create-18] [INFO] [1776784078.151391775] [robot_4.ros_gz_sim]: Requesting list of world names.
[parameter_bridge-4] [INFO] [1776784078.153179981] [all_robots_bridge]: Creating GZ->ROS Bridge: [/robot_0/depth_camera/depth_image (ignition.msgs.Image) -> /robot_0/depth_camera/depth_image (sensor_msgs/msg/Image)] (Lazy 0)
[parameter_bridge-4] [INFO] [1776784078.153989453] [all_robots_bridge]: Creating GZ->ROS Bridge: [/world/random_world/model/robot_0/link/robot_0/base_footprint/sensor/contact_sensor/contact (ignition.msgs.Contacts) -> /world/random_world/model/robot_0/link/robot_0/base_footprint/sensor/contact_sensor/contact (ros_gz_interfaces/msg/Contacts)] (Lazy 0)
[parameter_bridge-4] [INFO] [1776784078.154695425] [all_robots_bridge]: Creating ROS->GZ Bridge: [/robot_1/cmd_vel (geometry_msgs/msg/Twist) -> /robot_1/cmd_vel (ignition.msgs.Twist)] (Lazy 0)
[parameter_bridge-4] [INFO] [1776784078.155824006] [all_robots_bridge]: Creating GZ->ROS Bridge: [/robot_1/odom (ignition.msgs.Odometry) -> /robot_1/odom (nav_msgs/msg/Odometry)] (Lazy 0)
[parameter_bridge-4] [INFO] [1776784078.157079620] [all_robots_bridge]: Creating GZ->ROS Bridge: [/robot_1/depth_camera/depth_image (ignition.msgs.Image) -> /robot_1/depth_camera/depth_image (sensor_msgs/msg/Image)] (Lazy 0)
[parameter_bridge-4] [INFO] [1776784078.157610474] [all_robots_bridge]: Creating GZ->ROS Bridge: [/world/random_world/model/robot_1/link/robot_1/base_footprint/sensor/contact_sensor/contact (ignition.msgs.Contacts) -> /world/random_world/model/robot_1/link/robot_1/base_footprint/sensor/contact_sensor/contact (ros_gz_interfaces/msg/Contacts)] (Lazy 0)
[parameter_bridge-4] [INFO] [1776784078.158209193] [all_robots_bridge]: Creating ROS->GZ Bridge: [/robot_2/cmd_vel (geometry_msgs/msg/Twist) -> /robot_2/cmd_vel (ignition.msgs.Twist)] (Lazy 0)
[parameter_bridge-4] [INFO] [1776784078.158576211] [all_robots_bridge]: Creating GZ->ROS Bridge: [/robot_2/odom (ignition.msgs.Odometry) -> /robot_2/odom (nav_msgs/msg/Odometry)] (Lazy 0)
[parameter_bridge-4] [INFO] [1776784078.158983729] [all_robots_bridge]: Creating GZ->ROS Bridge: [/robot_2/depth_camera/depth_image (ignition.msgs.Image) -> /robot_2/depth_camera/depth_image (sensor_msgs/msg/Image)] (Lazy 0)
[parameter_bridge-4] [INFO] [1776784078.159348149] [all_robots_bridge]: Creating GZ->ROS Bridge: [/world/random_world/model/robot_2/link/robot_2/base_footprint/sensor/contact_sensor/contact (ignition.msgs.Contacts) -> /world/random_world/model/robot_2/link/robot_2/base_footprint/sensor/contact_sensor/contact (ros_gz_interfaces/msg/Contacts)] (Lazy 0)
[parameter_bridge-4] [INFO] [1776784078.159811706] [all_robots_bridge]: Creating ROS->GZ Bridge: [/robot_3/cmd_vel (geometry_msgs/msg/Twist) -> /robot_3/cmd_vel (ignition.msgs.Twist)] (Lazy 0)
[parameter_bridge-4] [INFO] [1776784078.160118567] [all_robots_bridge]: Creating GZ->ROS Bridge: [/robot_3/odom (ignition.msgs.Odometry) -> /robot_3/odom (nav_msgs/msg/Odometry)] (Lazy 0)
[parameter_bridge-4] [INFO] [1776784078.160478426] [all_robots_bridge]: Creating GZ->ROS Bridge: [/robot_3/depth_camera/depth_image (ignition.msgs.Image) -> /robot_3/depth_camera/depth_image (sensor_msgs/msg/Image)] (Lazy 0)
[parameter_bridge-4] [INFO] [1776784078.161630806] [all_robots_bridge]: Creating GZ->ROS Bridge: [/world/random_world/model/robot_3/link/robot_3/base_footprint/sensor/contact_sensor/contact (ignition.msgs.Contacts) -> /world/random_world/model/robot_3/link/robot_3/base_footprint/sensor/contact_sensor/contact (ros_gz_interfaces/msg/Contacts)] (Lazy 0)
[parameter_bridge-4] [INFO] [1776784078.162715821] [all_robots_bridge]: Creating ROS->GZ Bridge: [/robot_4/cmd_vel (geometry_msgs/msg/Twist) -> /robot_4/cmd_vel (ignition.msgs.Twist)] (Lazy 0)
[parameter_bridge-4] [INFO] [1776784078.163115907] [all_robots_bridge]: Creating GZ->ROS Bridge: [/robot_4/odom (ignition.msgs.Odometry) -> /robot_4/odom (nav_msgs/msg/Odometry)] (Lazy 0)
[parameter_bridge-20] [INFO] [1776784078.163876802] [clock_bridge]: Creating GZ->ROS Bridge: [/clock (ignition.msgs.Clock) -> /clock (rosgraph_msgs/msg/Clock)] (Lazy 0)
[parameter_bridge-4] [INFO] [1776784078.164273990] [all_robots_bridge]: Creating GZ->ROS Bridge: [/robot_4/depth_camera/depth_image (ignition.msgs.Image) -> /robot_4/depth_camera/depth_image (sensor_msgs/msg/Image)] (Lazy 0)
[parameter_bridge-4] [INFO] [1776784078.166188940] [all_robots_bridge]: Creating GZ->ROS Bridge: [/world/random_world/model/robot_4/link/robot_4/base_footprint/sensor/contact_sensor/contact (ignition.msgs.Contacts) -> /world/random_world/model/robot_4/link/robot_4/base_footprint/sensor/contact_sensor/contact (ros_gz_interfaces/msg/Contacts)] (Lazy 0)
[robot_state_publisher-8] [INFO] [1776784078.166568334] [robot_1.robot_state_publisher]: got segment robot_1/antenna_link
[robot_state_publisher-8] [INFO] [1776784078.166684822] [robot_1.robot_state_publisher]: got segment robot_1/base_footprint
[robot_state_publisher-8] [INFO] [1776784078.166698169] [robot_1.robot_state_publisher]: got segment robot_1/base_link
[robot_state_publisher-8] [INFO] [1776784078.166707097] [robot_1.robot_state_publisher]: got segment robot_1/realsense_link
[robot_state_publisher-8] [INFO] [1776784078.166716078] [robot_1.robot_state_publisher]: got segment robot_1/rocker_L_link
[robot_state_publisher-8] [INFO] [1776784078.166724139] [robot_1.robot_state_publisher]: got segment robot_1/rocker_R_link
[robot_state_publisher-8] [INFO] [1776784078.166731388] [robot_1.robot_state_publisher]: got segment robot_1/wheel_FL_link
[robot_state_publisher-8] [INFO] [1776784078.166738788] [robot_1.robot_state_publisher]: got segment robot_1/wheel_FR_link
[robot_state_publisher-8] [INFO] [1776784078.166746218] [robot_1.robot_state_publisher]: got segment robot_1/wheel_RL_link
[robot_state_publisher-8] [INFO] [1776784078.166753540] [robot_1.robot_state_publisher]: got segment robot_1/wheel_RR_link
[parameter_bridge-4] [INFO] [1776784078.166838950] [all_robots_bridge]: Creating GZ->ROS Bridge: [/world/random_world/dynamic_pose/info (ignition.msgs.Pose_V) -> /world/random_world/dynamic_pose/info (tf2_msgs/msg/TFMessage)] (Lazy 0)
[robot_state_publisher-17] [INFO] [1776784078.169255847] [robot_4.robot_state_publisher]: got segment robot_4/antenna_link
[robot_state_publisher-17] [INFO] [1776784078.169380700] [robot_4.robot_state_publisher]: got segment robot_4/base_footprint
[robot_state_publisher-17] [INFO] [1776784078.169393782] [robot_4.robot_state_publisher]: got segment robot_4/base_link
[robot_state_publisher-17] [INFO] [1776784078.169403636] [robot_4.robot_state_publisher]: got segment robot_4/realsense_link
[robot_state_publisher-17] [INFO] [1776784078.169411754] [robot_4.robot_state_publisher]: got segment robot_4/rocker_L_link
[robot_state_publisher-17] [INFO] [1776784078.169419238] [robot_4.robot_state_publisher]: got segment robot_4/rocker_R_link
[robot_state_publisher-17] [INFO] [1776784078.169426497] [robot_4.robot_state_publisher]: got segment robot_4/wheel_FL_link
[robot_state_publisher-17] [INFO] [1776784078.169433824] [robot_4.robot_state_publisher]: got segment robot_4/wheel_FR_link
[robot_state_publisher-17] [INFO] [1776784078.169441168] [robot_4.robot_state_publisher]: got segment robot_4/wheel_RL_link
[robot_state_publisher-17] [INFO] [1776784078.169448424] [robot_4.robot_state_publisher]: got segment robot_4/wheel_RR_link
[robot_state_publisher-11] [INFO] [1776784078.173299725] [robot_2.robot_state_publisher]: got segment robot_2/antenna_link
[robot_state_publisher-11] [INFO] [1776784078.173377072] [robot_2.robot_state_publisher]: got segment robot_2/base_footprint
[robot_state_publisher-11] [INFO] [1776784078.173383718] [robot_2.robot_state_publisher]: got segment robot_2/base_link
[robot_state_publisher-11] [INFO] [1776784078.173387649] [robot_2.robot_state_publisher]: got segment robot_2/realsense_link
[robot_state_publisher-11] [INFO] [1776784078.173390922] [robot_2.robot_state_publisher]: got segment robot_2/rocker_L_link
[robot_state_publisher-11] [INFO] [1776784078.173394089] [robot_2.robot_state_publisher]: got segment robot_2/rocker_R_link
[robot_state_publisher-11] [INFO] [1776784078.173397122] [robot_2.robot_state_publisher]: got segment robot_2/wheel_FL_link
[robot_state_publisher-11] [INFO] [1776784078.173400317] [robot_2.robot_state_publisher]: got segment robot_2/wheel_FR_link
[robot_state_publisher-11] [INFO] [1776784078.173403389] [robot_2.robot_state_publisher]: got segment robot_2/wheel_RL_link
[robot_state_publisher-11] [INFO] [1776784078.173406343] [robot_2.robot_state_publisher]: got segment robot_2/wheel_RR_link
[robot_state_publisher-14] [INFO] [1776784078.177908698] [robot_3.robot_state_publisher]: got segment robot_3/antenna_link
[robot_state_publisher-14] [INFO] [1776784078.178024530] [robot_3.robot_state_publisher]: got segment robot_3/base_footprint
[robot_state_publisher-14] [INFO] [1776784078.178038336] [robot_3.robot_state_publisher]: got segment robot_3/base_link
[robot_state_publisher-14] [INFO] [1776784078.178047414] [robot_3.robot_state_publisher]: got segment robot_3/realsense_link
[robot_state_publisher-14] [INFO] [1776784078.178055133] [robot_3.robot_state_publisher]: got segment robot_3/rocker_L_link
[robot_state_publisher-14] [INFO] [1776784078.178062548] [robot_3.robot_state_publisher]: got segment robot_3/rocker_R_link
[robot_state_publisher-14] [INFO] [1776784078.178069782] [robot_3.robot_state_publisher]: got segment robot_3/wheel_FL_link
[robot_state_publisher-14] [INFO] [1776784078.178077143] [robot_3.robot_state_publisher]: got segment robot_3/wheel_FR_link
[robot_state_publisher-14] [INFO] [1776784078.178084294] [robot_3.robot_state_publisher]: got segment robot_3/wheel_RL_link
[robot_state_publisher-14] [INFO] [1776784078.178091667] [robot_3.robot_state_publisher]: got segment robot_3/wheel_RR_link
[robot_state_publisher-5] [INFO] [1776784078.187956068] [robot_0.robot_state_publisher]: got segment robot_0/antenna_link
[robot_state_publisher-5] [INFO] [1776784078.188044963] [robot_0.robot_state_publisher]: got segment robot_0/base_footprint
[robot_state_publisher-5] [INFO] [1776784078.188051417] [robot_0.robot_state_publisher]: got segment robot_0/base_link
[robot_state_publisher-5] [INFO] [1776784078.188055147] [robot_0.robot_state_publisher]: got segment robot_0/realsense_link
[robot_state_publisher-5] [INFO] [1776784078.188058338] [robot_0.robot_state_publisher]: got segment robot_0/rocker_L_link
[robot_state_publisher-5] [INFO] [1776784078.188061445] [robot_0.robot_state_publisher]: got segment robot_0/rocker_R_link
[robot_state_publisher-5] [INFO] [1776784078.188064467] [robot_0.robot_state_publisher]: got segment robot_0/wheel_FL_link
[robot_state_publisher-5] [INFO] [1776784078.188067428] [robot_0.robot_state_publisher]: got segment robot_0/wheel_FR_link
[robot_state_publisher-5] [INFO] [1776784078.188070291] [robot_0.robot_state_publisher]: got segment robot_0/wheel_RL_link
[robot_state_publisher-5] [INFO] [1776784078.188073278] [robot_0.robot_state_publisher]: got segment robot_0/wheel_RR_link
[bump_counter-3] [INFO] [1776784078.374698098] [bump_counter]: [global] global_mode=True cooldown(robot)=0.80s cooldown(obs)=0.50s Logging to /home/ecem/ros2_ws/src/Leo_sct/results_exp/explore/medium/prompt_5/run_6/spread/trial_2/run_20260421_170757/bumps_global_170758.csv
[robot_supervisor-7] [INFO] [1776784078.492583364] [robot_0.robot_supervisor]: Loaded initial mission 'explore' from explicit YAML explore_sup_gpt_medium_5_run_6_162.yaml
[robot_supervisor-16] [INFO] [1776784078.503093374] [robot_3.robot_supervisor]: Loaded initial mission 'explore' from explicit YAML explore_sup_gpt_medium_5_run_6_162.yaml
[robot_supervisor-10] [INFO] [1776784078.522047385] [robot_1.robot_supervisor]: Loaded initial mission 'explore' from explicit YAML explore_sup_gpt_medium_5_run_6_162.yaml
[robot_supervisor-13] [INFO] [1776784078.527128558] [robot_2.robot_supervisor]: Loaded initial mission 'explore' from explicit YAML explore_sup_gpt_medium_5_run_6_162.yaml
[robot_supervisor-19] [INFO] [1776784078.538286222] [robot_4.robot_supervisor]: Loaded initial mission 'explore' from explicit YAML explore_sup_gpt_medium_5_run_6_162.yaml
[create-15] [INFO] [1776784078.586148643] [robot_3.ros_gz_sim]: Waiting messages on topic [/robot_3/robot_description].
[robot_supervisor-7] [INFO] [1776784078.599115964] [robot_0.robot_supervisor]: Selected controllable event: EV_random_walk
[parameter_bridge-4] [INFO] [1776784078.599385086] [all_robots_bridge]: Passing message from ROS geometry_msgs/msg/Twist to Gazebo gz.msgs.Twist (showing msg only once per type)
[robot_supervisor-16] [INFO] [1776784078.609848409] [robot_3.robot_supervisor]: Selected controllable event: EV_random_walk
[robot_supervisor-10] [INFO] [1776784078.626115883] [robot_1.robot_supervisor]: Selected controllable event: EV_random_walk
[robot_supervisor-13] [INFO] [1776784078.631255760] [robot_2.robot_supervisor]: Selected controllable event: EV_random_walk
[robot_supervisor-19] [INFO] [1776784078.642003387] [robot_4.robot_supervisor]: Selected controllable event: EV_random_walk
[create-9] [INFO] [1776784078.686811657] [robot_1.ros_gz_sim]: Waiting messages on topic [/robot_1/robot_description].
[create-12] [INFO] [1776784078.786879932] [robot_2.ros_gz_sim]: Waiting messages on topic [/robot_2/robot_description].
[create-6] [INFO] [1776784078.887263722] [robot_0.ros_gz_sim]: Waiting messages on topic [/robot_0/robot_description].
[robot_supervisor-7] [INFO] [1776784078.898994720] [robot_0.robot_supervisor]: Selected controllable event: EV_move_forward
[robot_supervisor-16] [INFO] [1776784078.909594913] [robot_3.robot_supervisor]: Selected controllable event: EV_move_forward
[robot_supervisor-10] [INFO] [1776784078.925794309] [robot_1.robot_supervisor]: Selected controllable event: EV_move_forward
[robot_supervisor-13] [INFO] [1776784078.931185717] [robot_2.robot_supervisor]: Selected controllable event: EV_move_forward
[robot_supervisor-19] [INFO] [1776784078.941891253] [robot_4.robot_supervisor]: Selected controllable event: EV_move_forward
[create-15] [INFO] [1776784078.986945901] [robot_3.ros_gz_sim]: Requested creation of entity.
[create-15] [INFO] [1776784078.986997503] [robot_3.ros_gz_sim]: OK creation of entity.
[create-12] [INFO] [1776784078.986945889] [robot_2.ros_gz_sim]: Requested creation of entity.
[create-12] [INFO] [1776784078.986997513] [robot_2.ros_gz_sim]: OK creation of entity.
[create-9] [INFO] [1776784078.986968247] [robot_1.ros_gz_sim]: Requested creation of entity.
[create-9] [INFO] [1776784078.987019797] [robot_1.ros_gz_sim]: OK creation of entity.
[create-6] [INFO] [1776784078.987187087] [robot_0.ros_gz_sim]: Requested creation of entity.
[create-6] [INFO] [1776784078.987229202] [robot_0.ros_gz_sim]: OK creation of entity.
[create-18] [INFO] [1776784078.987365771] [robot_4.ros_gz_sim]: Waiting messages on topic [/robot_4/robot_description].
[create-18] [INFO] [1776784078.990778002] [robot_4.ros_gz_sim]: Requested creation of entity.
[create-18] [INFO] [1776784078.990820114] [robot_4.ros_gz_sim]: OK creation of entity.
[INFO] [create-15]: process has finished cleanly [pid 326998]
[INFO] [create-18]: process has finished cleanly [pid 327013]
[INFO] [create-12]: process has finished cleanly [pid 326992]
[INFO] [create-6]: process has finished cleanly [pid 326978]
[INFO] [create-9]: process has finished cleanly [pid 326984]
[robot_supervisor-7] [INFO] [1776784079.198891696] [robot_0.robot_supervisor]: Selected controllable event: EV_random_walk
[robot_supervisor-16] [INFO] [1776784079.209494211] [robot_3.robot_supervisor]: Selected controllable event: EV_random_walk
[robot_supervisor-10] [INFO] [1776784079.225876365] [robot_1.robot_supervisor]: Selected controllable event: EV_random_walk
[robot_supervisor-13] [INFO] [1776784079.231151651] [robot_2.robot_supervisor]: Selected controllable event: EV_random_walk
[robot_supervisor-19] [INFO] [1776784079.241826612] [robot_4.robot_supervisor]: Selected controllable event: EV_random_walk
[robot_supervisor-16] [INFO] [1776784079.411272619] [robot_3.robot_supervisor]: Selected controllable event: EV_move_forward
[bump_counter-3] [INFO] [1776784079.437565021] [bump_counter]: [global] subscribed: /world/random_world/model/robot_0/link/robot_0/base_footprint/sensor/contact_sensor/contact
[bump_counter-3] [INFO] [1776784079.438254135] [bump_counter]: [global] subscribed: /world/random_world/model/robot_1/link/robot_1/base_footprint/sensor/contact_sensor/contact
[bump_counter-3] [INFO] [1776784079.438831110] [bump_counter]: [global] subscribed: /world/random_world/model/robot_2/link/robot_2/base_footprint/sensor/contact_sensor/contact
[bump_counter-3] [INFO] [1776784079.439379163] [bump_counter]: [global] subscribed: /world/random_world/model/robot_3/link/robot_3/base_footprint/sensor/contact_sensor/contact
[bump_counter-3] [INFO] [1776784079.439984467] [bump_counter]: [global] subscribed: /world/random_world/model/robot_4/link/robot_4/base_footprint/sensor/contact_sensor/contact
[robot_supervisor-7] [INFO] [1776784079.498698542] [robot_0.robot_supervisor]: Selected controllable event: EV_move_forward
[robot_supervisor-10] [INFO] [1776784079.525916670] [robot_1.robot_supervisor]: Selected controllable event: EV_move_forward
[robot_supervisor-13] [INFO] [1776784079.531218585] [robot_2.robot_supervisor]: Selected controllable event: EV_move_forward
[robot_supervisor-19] [INFO] [1776784079.541765248] [robot_4.robot_supervisor]: Selected controllable event: EV_move_forward
[robot_supervisor-16] [INFO] [1776784079.709582657] [robot_3.robot_supervisor]: Selected controllable event: EV_random_walk
[robot_supervisor-7] [INFO] [1776784079.798858804] [robot_0.robot_supervisor]: Selected controllable event: EV_random_walk
[robot_supervisor-10] [INFO] [1776784079.825909827] [robot_1.robot_supervisor]: Selected controllable event: EV_random_walk
[robot_supervisor-13] [INFO] [1776784079.831202025] [robot_2.robot_supervisor]: Selected controllable event: EV_random_walk
[robot_supervisor-19] [INFO] [1776784079.841852413] [robot_4.robot_supervisor]: Selected controllable event: EV_random_walk
[robot_supervisor-16] [INFO] [1776784080.009641484] [robot_3.robot_supervisor]: Selected controllable event: EV_move_forward
[INFO] [image_processor-21]: process started with pid [327367]
[INFO] [image_processor-22]: process started with pid [327369]
[INFO] [image_processor-23]: process started with pid [327371]
[robot_supervisor-7] [INFO] [1776784080.098814579] [robot_0.robot_supervisor]: Selected controllable event: EV_move_forward
[INFO] [image_processor-24]: process started with pid [327373]
[INFO] [image_processor-25]: process started with pid [327375]
[robot_supervisor-10] [INFO] [1776784080.125929511] [robot_1.robot_supervisor]: Selected controllable event: EV_move_forward
[robot_supervisor-13] [INFO] [1776784080.131202051] [robot_2.robot_supervisor]: Selected controllable event: EV_move_forward
[robot_supervisor-19] [INFO] [1776784080.141942527] [robot_4.robot_supervisor]: Selected controllable event: EV_move_forward
[image_processor-21] [INFO] [1776784080.146587780] [robot_0.image_processor]: image_processor: depth='/robot_0/depth_camera/depth_image' aruco_runtime=disabled
[image_processor-24] [INFO] [1776784080.152430014] [robot_3.image_processor]: image_processor: depth='/robot_3/depth_camera/depth_image' aruco_runtime=disabled
[image_processor-22] [INFO] [1776784080.157463820] [robot_1.image_processor]: image_processor: depth='/robot_1/depth_camera/depth_image' aruco_runtime=disabled
[image_processor-23] [INFO] [1776784080.159943670] [robot_2.image_processor]: image_processor: depth='/robot_2/depth_camera/depth_image' aruco_runtime=disabled
[image_processor-25] [INFO] [1776784080.178348752] [robot_4.image_processor]: image_processor: depth='/robot_4/depth_camera/depth_image' aruco_runtime=disabled
[robot_supervisor-16] [INFO] [1776784080.309595282] [robot_3.robot_supervisor]: Selected controllable event: EV_random_walk
[robot_supervisor-7] [INFO] [1776784080.398882557] [robot_0.robot_supervisor]: Selected controllable event: EV_random_walk
[robot_supervisor-10] [INFO] [1776784080.425975116] [robot_1.robot_supervisor]: Selected controllable event: EV_random_walk
[robot_supervisor-13] [INFO] [1776784080.431261759] [robot_2.robot_supervisor]: Selected controllable event: EV_random_walk
[robot_supervisor-19] [INFO] [1776784080.441865448] [robot_4.robot_supervisor]: Selected controllable event: EV_random_walk
[robot_supervisor-16] [INFO] [1776784080.609617040] [robot_3.robot_supervisor]: Selected controllable event: EV_move_forward
[robot_supervisor-7] [INFO] [1776784080.699278279] [robot_0.robot_supervisor]: Selected controllable event: EV_move_forward
[robot_supervisor-10] [INFO] [1776784080.725879165] [robot_1.robot_supervisor]: Selected controllable event: EV_move_forward
[robot_supervisor-13] [INFO] [1776784080.731191618] [robot_2.robot_supervisor]: Selected controllable event: EV_move_forward
[robot_supervisor-19] [INFO] [1776784080.741830131] [robot_4.robot_supervisor]: Selected controllable event: EV_move_forward
[robot_supervisor-16] [INFO] [1776784080.909631275] [robot_3.robot_supervisor]: Selected controllable event: EV_random_walk
[robot_supervisor-7] [INFO] [1776784080.999014091] [robot_0.robot_supervisor]: Selected controllable event: EV_random_walk
[robot_supervisor-10] [INFO] [1776784081.025980088] [robot_1.robot_supervisor]: Selected controllable event: EV_random_walk
[robot_supervisor-13] [INFO] [1776784081.031171378] [robot_2.robot_supervisor]: Selected controllable event: EV_random_walk
[robot_supervisor-19] [INFO] [1776784081.041896094] [robot_4.robot_supervisor]: Selected controllable event: EV_random_walk
[robot_supervisor-16] [INFO] [1776784081.209727721] [robot_3.robot_supervisor]: Selected controllable event: EV_move_forward
[robot_supervisor-7] [INFO] [1776784081.298906447] [robot_0.robot_supervisor]: Selected controllable event: EV_move_forward
[robot_supervisor-10] [INFO] [1776784081.325890835] [robot_1.robot_supervisor]: Selected controllable event: EV_move_forward
[robot_supervisor-13] [INFO] [1776784081.331188817] [robot_2.robot_supervisor]: Selected controllable event: EV_move_forward
[robot_supervisor-19] [INFO] [1776784081.342032644] [robot_4.robot_supervisor]: Selected controllable event: EV_move_forward
[robot_supervisor-16] [INFO] [1776784081.509605786] [robot_3.robot_supervisor]: Selected controllable event: EV_random_walk
[robot_supervisor-7] [INFO] [1776784081.598766216] [robot_0.robot_supervisor]: Selected controllable event: EV_random_walk
[robot_supervisor-10] [INFO] [1776784081.625826121] [robot_1.robot_supervisor]: Selected controllable event: EV_random_walk
[robot_supervisor-13] [INFO] [1776784081.631153654] [robot_2.robot_supervisor]: Selected controllable event: EV_random_walk
[robot_supervisor-19] [INFO] [1776784081.641905527] [robot_4.robot_supervisor]: Selected controllable event: EV_random_walk
[robot_supervisor-16] [INFO] [1776784081.809466726] [robot_3.robot_supervisor]: Selected controllable event: EV_move_forward
[robot_supervisor-7] [INFO] [1776784081.898724582] [robot_0.robot_supervisor]: Selected controllable event: EV_move_forward
[robot_supervisor-10] [INFO] [1776784081.925839894] [robot_1.robot_supervisor]: Selected controllable event: EV_move_forward
[robot_supervisor-13] [INFO] [1776784081.931157464] [robot_2.robot_supervisor]: Selected controllable event: EV_move_forward
[robot_supervisor-19] [INFO] [1776784081.941530053] [robot_4.robot_supervisor]: Selected controllable event: EV_move_forward
[robot_supervisor-16] [INFO] [1776784082.109220412] [robot_3.robot_supervisor]: Selected controllable event: EV_random_walk
[robot_supervisor-7] [INFO] [1776784082.198572235] [robot_0.robot_supervisor]: Selected controllable event: EV_random_walk
[robot_supervisor-10] [INFO] [1776784082.225804781] [robot_1.robot_supervisor]: Selected controllable event: EV_random_walk
[robot_supervisor-13] [INFO] [1776784082.231097093] [robot_2.robot_supervisor]: Selected controllable event: EV_random_walk
[robot_supervisor-19] [INFO] [1776784082.241718600] [robot_4.robot_supervisor]: Selected controllable event: EV_random_walk
[robot_supervisor-16] [INFO] [1776784082.409448222] [robot_3.robot_supervisor]: Selected controllable event: EV_move_forward
[robot_supervisor-7] [INFO] [1776784082.498799881] [robot_0.robot_supervisor]: Selected controllable event: EV_move_forward
[robot_supervisor-10] [INFO] [1776784082.525831532] [robot_1.robot_supervisor]: Selected controllable event: EV_move_forward
[robot_supervisor-13] [INFO] [1776784082.531136062] [robot_2.robot_supervisor]: Selected controllable event: EV_move_forward
[robot_supervisor-19] [INFO] [1776784082.541935957] [robot_4.robot_supervisor]: Selected controllable event: EV_move_forward
[robot_supervisor-16] [INFO] [1776784082.709239854] [robot_3.robot_supervisor]: Selected controllable event: EV_random_walk
[robot_supervisor-7] [INFO] [1776784082.799007294] [robot_0.robot_supervisor]: Selected controllable event: EV_random_walk
[robot_supervisor-10] [INFO] [1776784082.825822033] [robot_1.robot_supervisor]: Selected controllable event: EV_random_walk
[robot_supervisor-13] [INFO] [1776784082.831087982] [robot_2.robot_supervisor]: Selected controllable event: EV_random_walk
[robot_supervisor-19] [INFO] [1776784082.841715657] [robot_4.robot_supervisor]: Selected controllable event: EV_random_walk
[robot_supervisor-16] [INFO] [1776784083.009315968] [robot_3.robot_supervisor]: Selected controllable event: EV_move_forward
[robot_supervisor-7] [INFO] [1776784083.098869052] [robot_0.robot_supervisor]: Selected controllable event: EV_move_forward
[robot_supervisor-10] [INFO] [1776784083.125885765] [robot_1.robot_supervisor]: Selected controllable event: EV_move_forward
[robot_supervisor-13] [INFO] [1776784083.131158662] [robot_2.robot_supervisor]: Selected controllable event: EV_move_forward
[robot_supervisor-19] [INFO] [1776784083.141742873] [robot_4.robot_supervisor]: Selected controllable event: EV_move_forward
[robot_supervisor-16] [INFO] [1776784083.309448799] [robot_3.robot_supervisor]: Selected controllable event: EV_random_walk
[robot_supervisor-7] [INFO] [1776784083.398848298] [robot_0.robot_supervisor]: Selected controllable event: EV_random_walk
[robot_supervisor-10] [INFO] [1776784083.425908265] [robot_1.robot_supervisor]: Selected controllable event: EV_random_walk
[robot_supervisor-13] [INFO] [1776784083.430958609] [robot_2.robot_supervisor]: Selected controllable event: EV_random_walk
[robot_supervisor-19] [INFO] [1776784083.441717823] [robot_4.robot_supervisor]: Selected controllable event: EV_random_walk
[image_processor-24] [INFO] [1776784083.569309393] [robot_3.image_processor]: Zone=CLEAR  left[p=0.959 near=0 v=7650]  front[p=2.297 near=0 v=13500]  right[p=1.824 near=0 v=7740]
[image_processor-22] [INFO] [1776784083.577068667] [robot_1.image_processor]: Zone=CLEAR  left[p=1.703 near=0 v=7650]  front[p=2.792 near=0 v=12357]  right[p=2.407 near=0 v=7638]
[image_processor-23] [INFO] [1776784083.591937485] [robot_2.image_processor]: Zone=CLEAR  left[p=3.125 near=0 v=5003]  front[p=1.297 near=0 v=8685]  right[p=1.230 near=0 v=6763]
[image_processor-21] [INFO] [1776784083.599676810] [robot_0.image_processor]: Zone=CLEAR  left[p=0.891 near=0 v=7650]  front[p=0.891 near=0 v=13500]  right[p=0.891 near=0 v=7740]
[robot_supervisor-16] [INFO] [1776784083.609270916] [robot_3.robot_supervisor]: Selected controllable event: EV_move_forward
[robot_supervisor-7] [INFO] [1776784083.699035175] [robot_0.robot_supervisor]: Selected controllable event: EV_move_forward
[image_processor-25] [INFO] [1776784083.713653497] [robot_4.image_processor]: Zone=CLEAR  left[p=3.775 near=0 v=6661]  front[p=3.441 near=0 v=10205]  right[p=2.724 near=0 v=5590]
[robot_supervisor-10] [INFO] [1776784083.725611928] [robot_1.robot_supervisor]: Selected controllable event: EV_move_forward
[robot_supervisor-13] [INFO] [1776784083.731165540] [robot_2.robot_supervisor]: Selected controllable event: EV_move_forward
[robot_supervisor-19] [INFO] [1776784083.741821290] [robot_4.robot_supervisor]: Selected controllable event: EV_move_forward
[robot_supervisor-16] [INFO] [1776784083.909427284] [robot_3.robot_supervisor]: Selected controllable event: EV_random_walk
[robot_supervisor-7] [INFO] [1776784083.998804539] [robot_0.robot_supervisor]: Selected controllable event: EV_random_walk
[robot_supervisor-10] [INFO] [1776784084.025798909] [robot_1.robot_supervisor]: Selected controllable event: EV_random_walk
[robot_supervisor-13] [INFO] [1776784084.031086475] [robot_2.robot_supervisor]: Selected controllable event: EV_random_walk
[robot_supervisor-19] [INFO] [1776784084.041856439] [robot_4.robot_supervisor]: Selected controllable event: EV_random_walk
[robot_supervisor-16] [INFO] [1776784084.209355054] [robot_3.robot_supervisor]: Selected controllable event: EV_move_forward
[robot_supervisor-7] [INFO] [1776784084.298776484] [robot_0.robot_supervisor]: Selected controllable event: EV_move_forward
[robot_supervisor-10] [INFO] [1776784084.325803564] [robot_1.robot_supervisor]: Selected controllable event: EV_move_forward
[robot_supervisor-13] [INFO] [1776784084.330762774] [robot_2.robot_supervisor]: Selected controllable event: EV_move_forward
[robot_supervisor-19] [INFO] [1776784084.341856894] [robot_4.robot_supervisor]: Selected controllable event: EV_move_forward
[robot_supervisor-16] [INFO] [1776784084.509479592] [robot_3.robot_supervisor]: Selected controllable event: EV_random_walk
[robot_supervisor-7] [INFO] [1776784084.599784395] [robot_0.robot_supervisor]: Selected controllable event: EV_random_walk
[robot_supervisor-10] [INFO] [1776784084.625888757] [robot_1.robot_supervisor]: Selected controllable event: EV_random_walk
[robot_supervisor-13] [INFO] [1776784084.631166164] [robot_2.robot_supervisor]: Selected controllable event: EV_random_walk
[robot_supervisor-19] [INFO] [1776784084.641932110] [robot_4.robot_supervisor]: Selected controllable event: EV_random_walk
[robot_supervisor-16] [INFO] [1776784084.809449564] [robot_3.robot_supervisor]: Selected controllable event: EV_move_forward
[robot_supervisor-7] [INFO] [1776784084.898782549] [robot_0.robot_supervisor]: Selected controllable event: EV_move_forward
[robot_supervisor-10] [INFO] [1776784084.925764068] [robot_1.robot_supervisor]: Selected controllable event: EV_move_forward
[robot_supervisor-13] [INFO] [1776784084.931085045] [robot_2.robot_supervisor]: Selected controllable event: EV_move_forward
[robot_supervisor-19] [INFO] [1776784084.941454804] [robot_4.robot_supervisor]: Selected controllable event: EV_move_forward
[robot_supervisor-16] [INFO] [1776784085.109322683] [robot_3.robot_supervisor]: Selected controllable event: EV_random_walk
[robot_supervisor-7] [INFO] [1776784085.198966914] [robot_0.robot_supervisor]: Selected controllable event: EV_random_walk
[robot_supervisor-10] [INFO] [1776784085.225784861] [robot_1.robot_supervisor]: Selected controllable event: EV_random_walk
[robot_supervisor-13] [INFO] [1776784085.231120000] [robot_2.robot_supervisor]: Selected controllable event: EV_random_walk
[robot_supervisor-19] [INFO] [1776784085.241953017] [robot_4.robot_supervisor]: Selected controllable event: EV_random_walk
[robot_supervisor-16] [INFO] [1776784085.409442505] [robot_3.robot_supervisor]: Selected controllable event: EV_move_forward
[robot_supervisor-7] [INFO] [1776784085.498519150] [robot_0.robot_supervisor]: Selected controllable event: EV_move_forward
[robot_supervisor-10] [INFO] [1776784085.525774746] [robot_1.robot_supervisor]: Selected controllable event: EV_move_forward
[robot_supervisor-13] [INFO] [1776784085.531086833] [robot_2.robot_supervisor]: Selected controllable event: EV_move_forward
[robot_supervisor-19] [INFO] [1776784085.541525394] [robot_4.robot_supervisor]: Selected controllable event: EV_move_forward
[robot_supervisor-16] [INFO] [1776784085.709450780] [robot_3.robot_supervisor]: Selected controllable event: EV_random_walk
[robot_supervisor-7] [INFO] [1776784085.798846043] [robot_0.robot_supervisor]: Selected controllable event: EV_random_walk
[robot_supervisor-10] [INFO] [1776784085.825855679] [robot_1.robot_supervisor]: Selected controllable event: EV_random_walk
[robot_supervisor-13] [INFO] [1776784085.831122025] [robot_2.robot_supervisor]: Selected controllable event: EV_random_walk
[robot_supervisor-19] [INFO] [1776784085.841738395] [robot_4.robot_supervisor]: Selected controllable event: EV_random_walk
[robot_supervisor-16] [INFO] [1776784086.009442098] [robot_3.robot_supervisor]: Selected controllable event: EV_move_forward
[image_processor-24] [INFO] [1776784086.066274889] [robot_3.image_processor]: Zone=CLEAR
[image_processor-23] [INFO] [1776784086.088877204] [robot_2.image_processor]: Zone=CLEAR
[image_processor-21] [INFO] [1776784086.097520879] [robot_0.image_processor]: Zone=CORNER  left[p=0.339 near=7650 v=7650]  front[p=0.324 near=13500 v=13500]  right[p=0.313 near=7740 v=7740]
[robot_supervisor-7] [INFO] [1776784086.098252879] [robot_0.robot_supervisor]: Detected zone changed to CORNER
[robot_supervisor-7] [INFO] [1776784086.098973733] [robot_0.robot_supervisor]: Selected controllable event: EV_rotate_clockwise
[image_processor-25] [INFO] [1776784086.113681096] [robot_4.image_processor]: Zone=CLEAR
[robot_supervisor-10] [INFO] [1776784086.125786029] [robot_1.robot_supervisor]: Selected controllable event: EV_move_forward
[robot_supervisor-13] [INFO] [1776784086.131172063] [robot_2.robot_supervisor]: Selected controllable event: EV_move_forward
[robot_supervisor-19] [INFO] [1776784086.141924834] [robot_4.robot_supervisor]: Selected controllable event: EV_move_forward
[image_processor-22] [INFO] [1776784086.174604239] [robot_1.image_processor]: Zone=CLEAR
[robot_supervisor-16] [INFO] [1776784086.309454267] [robot_3.robot_supervisor]: Selected controllable event: EV_random_walk
[robot_supervisor-10] [INFO] [1776784086.425791047] [robot_1.robot_supervisor]: Selected controllable event: EV_random_walk
[robot_supervisor-13] [INFO] [1776784086.430833312] [robot_2.robot_supervisor]: Selected controllable event: EV_random_walk
[robot_supervisor-19] [INFO] [1776784086.441756960] [robot_4.robot_supervisor]: Selected controllable event: EV_random_walk
[robot_supervisor-16] [INFO] [1776784086.609456777] [robot_3.robot_supervisor]: Selected controllable event: EV_move_forward
[robot_supervisor-10] [INFO] [1776784086.725804469] [robot_1.robot_supervisor]: Selected controllable event: EV_move_forward
[robot_supervisor-13] [INFO] [1776784086.731120040] [robot_2.robot_supervisor]: Selected controllable event: EV_move_forward
[robot_supervisor-19] [INFO] [1776784086.741954855] [robot_4.robot_supervisor]: Selected controllable event: EV_move_forward
[robot_supervisor-16] [INFO] [1776784086.909450442] [robot_3.robot_supervisor]: Selected controllable event: EV_random_walk
[robot_supervisor-10] [INFO] [1776784087.025522729] [robot_1.robot_supervisor]: Selected controllable event: EV_random_walk
[robot_supervisor-13] [INFO] [1776784087.031307219] [robot_2.robot_supervisor]: Selected controllable event: EV_random_walk
[robot_supervisor-19] [INFO] [1776784087.041704801] [robot_4.robot_supervisor]: Selected controllable event: EV_random_walk
[robot_supervisor-16] [INFO] [1776784087.209465132] [robot_3.robot_supervisor]: Selected controllable event: EV_move_forward
[robot_supervisor-10] [INFO] [1776784087.325706053] [robot_1.robot_supervisor]: Selected controllable event: EV_move_forward
[robot_supervisor-13] [INFO] [1776784087.331231263] [robot_2.robot_supervisor]: Selected controllable event: EV_move_forward
[robot_supervisor-19] [INFO] [1776784087.341766524] [robot_4.robot_supervisor]: Selected controllable event: EV_move_forward
[robot_supervisor-16] [INFO] [1776784087.509440335] [robot_3.robot_supervisor]: Selected controllable event: EV_random_walk
[robot_supervisor-10] [INFO] [1776784087.625767168] [robot_1.robot_supervisor]: Selected controllable event: EV_random_walk
[robot_supervisor-13] [INFO] [1776784087.631137574] [robot_2.robot_supervisor]: Selected controllable event: EV_random_walk
[robot_supervisor-19] [INFO] [1776784087.642128639] [robot_4.robot_supervisor]: Selected controllable event: EV_random_walk
[robot_supervisor-16] [INFO] [1776784087.809731390] [robot_3.robot_supervisor]: Selected controllable event: EV_move_forward
[robot_supervisor-10] [INFO] [1776784087.925731280] [robot_1.robot_supervisor]: Selected controllable event: EV_move_forward
[robot_supervisor-13] [INFO] [1776784087.931115036] [robot_2.robot_supervisor]: Selected controllable event: EV_move_forward
[robot_supervisor-19] [INFO] [1776784087.941718651] [robot_4.robot_supervisor]: Selected controllable event: EV_move_forward
[robot_supervisor-16] [INFO] [1776784088.109724422] [robot_3.robot_supervisor]: Selected controllable event: EV_random_walk
[robot_supervisor-10] [INFO] [1776784088.225831926] [robot_1.robot_supervisor]: Selected controllable event: EV_random_walk
[robot_supervisor-13] [INFO] [1776784088.231152045] [robot_2.robot_supervisor]: Selected controllable event: EV_random_walk
[robot_supervisor-19] [INFO] [1776784088.241796721] [robot_4.robot_supervisor]: Selected controllable event: EV_random_walk
[robot_supervisor-7] [INFO] [1776784088.298774003] [robot_0.robot_supervisor]: Selected controllable event: EV_full_rotate
[robot_supervisor-7] [INFO] [1776784088.299188127] [robot_0.robot_supervisor]: Starting FULL ROTATE (omega=1.000, have_odom=True, target_rad=3.142, timeout_s=3.500)
[robot_supervisor-7] [INFO] [1776784088.398784945] [robot_0.robot_supervisor]: FULL ROTATE active (accum_rad=0.000, timed_fallback=False, stall_count=0)
[robot_supervisor-16] [INFO] [1776784088.409206922] [robot_3.robot_supervisor]: Selected controllable event: EV_move_forward
[robot_supervisor-7] [INFO] [1776784088.498701403] [robot_0.robot_supervisor]: FULL ROTATE active (accum_rad=0.008, timed_fallback=False, stall_count=0)
[robot_supervisor-10] [INFO] [1776784088.525761178] [robot_1.robot_supervisor]: Selected controllable event: EV_move_forward
[robot_supervisor-13] [INFO] [1776784088.531131602] [robot_2.robot_supervisor]: Selected controllable event: EV_move_forward
[robot_supervisor-19] [INFO] [1776784088.541907760] [robot_4.robot_supervisor]: Selected controllable event: EV_move_forward
[image_processor-23] [INFO] [1776784088.591904962] [robot_2.image_processor]: Zone=CORNER  left[p=3.124 near=0 v=5597]  front[p=0.405 near=6030 v=11346]  right[p=0.287 near=7740 v=7740]
[robot_supervisor-13] [INFO] [1776784088.592438764] [robot_2.robot_supervisor]: Detected zone changed to CORNER
[robot_supervisor-7] [INFO] [1776784088.598832442] [robot_0.robot_supervisor]: FULL ROTATE active (accum_rad=0.030, timed_fallback=False, stall_count=0)
[image_processor-21] [INFO] [1776784088.599849500] [robot_0.image_processor]: Zone=LEFT  left[p=0.398 near=7650 v=7650]  front[p=0.850 near=899 v=13500]  right[p=1.486 near=0 v=7740]
[robot_supervisor-7] [INFO] [1776784088.600401471] [robot_0.robot_supervisor]: Detected zone changed to LEFT
[image_processor-25] [INFO] [1776784088.613615010] [robot_4.image_processor]: Zone=CLEAR
[image_processor-24] [INFO] [1776784088.671496548] [robot_3.image_processor]: Zone=CLEAR
[image_processor-22] [INFO] [1776784088.676295037] [robot_1.image_processor]: Zone=CLEAR
[robot_supervisor-7] [INFO] [1776784088.698770939] [robot_0.robot_supervisor]: FULL ROTATE active (accum_rad=0.081, timed_fallback=False, stall_count=0)
[robot_supervisor-16] [INFO] [1776784088.709440173] [robot_3.robot_supervisor]: Selected controllable event: EV_random_walk
[robot_supervisor-7] [INFO] [1776784088.798705286] [robot_0.robot_supervisor]: FULL ROTATE active (accum_rad=0.163, timed_fallback=False, stall_count=0)
[robot_supervisor-10] [INFO] [1776784088.825790745] [robot_1.robot_supervisor]: Selected controllable event: EV_random_walk
[robot_supervisor-13] [INFO] [1776784088.830961935] [robot_2.robot_supervisor]: Selected controllable event: EV_rotate_clockwise
[robot_supervisor-19] [INFO] [1776784088.841844659] [robot_4.robot_supervisor]: Selected controllable event: EV_random_walk
[robot_supervisor-7] [INFO] [1776784088.899004071] [robot_0.robot_supervisor]: FULL ROTATE active (accum_rad=0.263, timed_fallback=False, stall_count=0)
[robot_supervisor-7] [INFO] [1776784088.998431020] [robot_0.robot_supervisor]: FULL ROTATE active (accum_rad=0.363, timed_fallback=False, stall_count=0)
[robot_supervisor-16] [INFO] [1776784089.009416515] [robot_3.robot_supervisor]: Selected controllable event: EV_move_forward
[robot_supervisor-7] [INFO] [1776784089.098533475] [robot_0.robot_supervisor]: FULL ROTATE active (accum_rad=0.463, timed_fallback=False, stall_count=0)
[robot_supervisor-10] [INFO] [1776784089.125651408] [robot_1.robot_supervisor]: Selected controllable event: EV_move_forward
[robot_supervisor-19] [INFO] [1776784089.141792184] [robot_4.robot_supervisor]: Selected controllable event: EV_move_forward
[robot_supervisor-7] [INFO] [1776784089.199003745] [robot_0.robot_supervisor]: FULL ROTATE active (accum_rad=0.563, timed_fallback=False, stall_count=0)
[robot_supervisor-7] [INFO] [1776784089.298729243] [robot_0.robot_supervisor]: FULL ROTATE active (accum_rad=0.663, timed_fallback=False, stall_count=0)
[robot_supervisor-16] [INFO] [1776784089.309429051] [robot_3.robot_supervisor]: Selected controllable event: EV_random_walk
[robot_supervisor-7] [INFO] [1776784089.398856278] [robot_0.robot_supervisor]: FULL ROTATE active (accum_rad=0.763, timed_fallback=False, stall_count=0)
[robot_supervisor-10] [INFO] [1776784089.426120989] [robot_1.robot_supervisor]: Selected controllable event: EV_random_walk
[robot_supervisor-19] [INFO] [1776784089.441782159] [robot_4.robot_supervisor]: Selected controllable event: EV_random_walk
[robot_supervisor-7] [INFO] [1776784089.498784430] [robot_0.robot_supervisor]: FULL ROTATE active (accum_rad=0.863, timed_fallback=False, stall_count=0)
[robot_supervisor-7] [INFO] [1776784089.598776302] [robot_0.robot_supervisor]: FULL ROTATE active (accum_rad=0.963, timed_fallback=False, stall_count=0)
[robot_supervisor-16] [INFO] [1776784089.609210323] [robot_3.robot_supervisor]: Selected controllable event: EV_move_forward
[robot_supervisor-7] [INFO] [1776784089.698753104] [robot_0.robot_supervisor]: FULL ROTATE active (accum_rad=1.063, timed_fallback=False, stall_count=0)
[robot_supervisor-10] [INFO] [1776784089.725995324] [robot_1.robot_supervisor]: Selected controllable event: EV_move_forward
[robot_supervisor-19] [INFO] [1776784089.741708798] [robot_4.robot_supervisor]: Selected controllable event: EV_move_forward
[robot_supervisor-7] [INFO] [1776784089.798705788] [robot_0.robot_supervisor]: FULL ROTATE active (accum_rad=1.163, timed_fallback=False, stall_count=0)
[robot_supervisor-7] [INFO] [1776784089.898545058] [robot_0.robot_supervisor]: FULL ROTATE active (accum_rad=1.263, timed_fallback=False, stall_count=0)
[robot_supervisor-16] [INFO] [1776784089.909187166] [robot_3.robot_supervisor]: Selected controllable event: EV_random_walk
[robot_supervisor-7] [INFO] [1776784089.998668594] [robot_0.robot_supervisor]: FULL ROTATE active (accum_rad=1.363, timed_fallback=False, stall_count=0)
[robot_supervisor-10] [INFO] [1776784090.026009861] [robot_1.robot_supervisor]: Selected controllable event: EV_random_walk
[robot_supervisor-19] [INFO] [1776784090.041823539] [robot_4.robot_supervisor]: Selected controllable event: EV_random_walk
[robot_supervisor-7] [INFO] [1776784090.099005178] [robot_0.robot_supervisor]: FULL ROTATE active (accum_rad=1.463, timed_fallback=False, stall_count=0)
[robot_supervisor-7] [INFO] [1776784090.198945819] [robot_0.robot_supervisor]: FULL ROTATE active (accum_rad=1.563, timed_fallback=False, stall_count=0)
[robot_supervisor-16] [INFO] [1776784090.209216741] [robot_3.robot_supervisor]: Selected controllable event: EV_move_forward
[robot_supervisor-7] [INFO] [1776784090.298405260] [robot_0.robot_supervisor]: FULL ROTATE active (accum_rad=1.663, timed_fallback=False, stall_count=0)
[robot_supervisor-10] [INFO] [1776784090.325771735] [robot_1.robot_supervisor]: Selected controllable event: EV_move_forward
[robot_supervisor-19] [INFO] [1776784090.341693742] [robot_4.robot_supervisor]: Selected controllable event: EV_move_forward
[robot_supervisor-7] [INFO] [1776784090.398508463] [robot_0.robot_supervisor]: FULL ROTATE active (accum_rad=1.763, timed_fallback=False, stall_count=0)
[robot_supervisor-7] [INFO] [1776784090.498739054] [robot_0.robot_supervisor]: FULL ROTATE active (accum_rad=1.863, timed_fallback=False, stall_count=0)
[robot_supervisor-16] [INFO] [1776784090.509425153] [robot_3.robot_supervisor]: Selected controllable event: EV_random_walk
[robot_supervisor-7] [INFO] [1776784090.599122594] [robot_0.robot_supervisor]: FULL ROTATE active (accum_rad=1.963, timed_fallback=False, stall_count=0)
[robot_supervisor-10] [INFO] [1776784090.625607582] [robot_1.robot_supervisor]: Selected controllable event: EV_random_walk
[robot_supervisor-19] [INFO] [1776784090.641844053] [robot_4.robot_supervisor]: Selected controllable event: EV_random_walk
[robot_supervisor-7] [INFO] [1776784090.699016162] [robot_0.robot_supervisor]: FULL ROTATE active (accum_rad=2.063, timed_fallback=False, stall_count=0)
[robot_supervisor-7] [INFO] [1776784090.798769237] [robot_0.robot_supervisor]: FULL ROTATE active (accum_rad=2.163, timed_fallback=False, stall_count=0)
[robot_supervisor-16] [INFO] [1776784090.809238769] [robot_3.robot_supervisor]: Selected controllable event: EV_move_forward
[robot_supervisor-7] [INFO] [1776784090.898632526] [robot_0.robot_supervisor]: FULL ROTATE active (accum_rad=2.263, timed_fallback=False, stall_count=0)
[robot_supervisor-10] [INFO] [1776784090.925677475] [robot_1.robot_supervisor]: Selected controllable event: EV_move_forward
[robot_supervisor-19] [INFO] [1776784090.941794420] [robot_4.robot_supervisor]: Selected controllable event: EV_move_forward
[robot_supervisor-7] [INFO] [1776784090.998484866] [robot_0.robot_supervisor]: FULL ROTATE active (accum_rad=2.363, timed_fallback=False, stall_count=0)
[robot_supervisor-13] [INFO] [1776784091.031091166] [robot_2.robot_supervisor]: Selected controllable event: EV_full_rotate
[robot_supervisor-13] [INFO] [1776784091.031513136] [robot_2.robot_supervisor]: Starting FULL ROTATE (omega=1.000, have_odom=True, target_rad=3.142, timeout_s=3.500)
[image_processor-24] [INFO] [1776784091.066942769] [robot_3.image_processor]: Zone=CLEAR
[image_processor-22] [INFO] [1776784091.075111680] [robot_1.image_processor]: Zone=CLEAR
[image_processor-23] [INFO] [1776784091.086122184] [robot_2.image_processor]: Zone=LEFT  left[p=0.288 near=7650 v=7650]  front[p=2.234 near=1176 v=13500]  right[p=1.654 near=0 v=7740]
[robot_supervisor-13] [INFO] [1776784091.086653796] [robot_2.robot_supervisor]: Detected zone changed to LEFT
[image_processor-21] [INFO] [1776784091.094511913] [robot_0.image_processor]: Zone=CORNER  left[p=0.615 near=4174 v=7650]  front[p=0.363 near=12560 v=13500]  right[p=0.258 near=7740 v=7740]
[robot_supervisor-7] [INFO] [1776784091.095094241] [robot_0.robot_supervisor]: Detected zone changed to CORNER
[robot_supervisor-7] [INFO] [1776784091.098402988] [robot_0.robot_supervisor]: FULL ROTATE active (accum_rad=2.463, timed_fallback=False, stall_count=0)
[image_processor-25] [INFO] [1776784091.108337434] [robot_4.image_processor]: Zone=CLEAR
[robot_supervisor-16] [INFO] [1776784091.109482418] [robot_3.robot_supervisor]: Selected controllable event: EV_random_walk
[robot_supervisor-13] [INFO] [1776784091.131064060] [robot_2.robot_supervisor]: FULL ROTATE active (accum_rad=0.000, timed_fallback=False, stall_count=0)
[robot_supervisor-7] [INFO] [1776784091.198825828] [robot_0.robot_supervisor]: FULL ROTATE active (accum_rad=2.563, timed_fallback=False, stall_count=0)
[robot_supervisor-10] [INFO] [1776784091.225815708] [robot_1.robot_supervisor]: Selected controllable event: EV_random_walk
[robot_supervisor-13] [INFO] [1776784091.231096215] [robot_2.robot_supervisor]: FULL ROTATE active (accum_rad=0.008, timed_fallback=False, stall_count=0)
[robot_supervisor-19] [INFO] [1776784091.241851986] [robot_4.robot_supervisor]: Selected controllable event: EV_random_walk
[robot_supervisor-7] [INFO] [1776784091.298793104] [robot_0.robot_supervisor]: FULL ROTATE active (accum_rad=2.663, timed_fallback=False, stall_count=0)
[robot_supervisor-13] [INFO] [1776784091.331011865] [robot_2.robot_supervisor]: FULL ROTATE active (accum_rad=0.046, timed_fallback=False, stall_count=0)
[robot_supervisor-7] [INFO] [1776784091.398668425] [robot_0.robot_supervisor]: FULL ROTATE active (accum_rad=2.763, timed_fallback=False, stall_count=0)
[robot_supervisor-16] [INFO] [1776784091.409429838] [robot_3.robot_supervisor]: Selected controllable event: EV_move_forward
[robot_supervisor-13] [INFO] [1776784091.431079590] [robot_2.robot_supervisor]: FULL ROTATE active (accum_rad=0.113, timed_fallback=False, stall_count=0)
[robot_supervisor-7] [INFO] [1776784091.498771909] [robot_0.robot_supervisor]: FULL ROTATE active (accum_rad=2.863, timed_fallback=False, stall_count=0)
[robot_supervisor-10] [INFO] [1776784091.525910691] [robot_1.robot_supervisor]: Selected controllable event: EV_move_forward
[robot_supervisor-13] [INFO] [1776784091.531179892] [robot_2.robot_supervisor]: FULL ROTATE active (accum_rad=0.208, timed_fallback=False, stall_count=0)
[robot_supervisor-19] [INFO] [1776784091.542025612] [robot_4.robot_supervisor]: Selected controllable event: EV_move_forward
[robot_supervisor-7] [INFO] [1776784091.599042842] [robot_0.robot_supervisor]: FULL ROTATE active (accum_rad=2.963, timed_fallback=False, stall_count=0)
[robot_supervisor-13] [INFO] [1776784091.631136660] [robot_2.robot_supervisor]: FULL ROTATE active (accum_rad=0.308, timed_fallback=False, stall_count=0)
[robot_supervisor-7] [INFO] [1776784091.698948315] [robot_0.robot_supervisor]: FULL ROTATE active (accum_rad=3.063, timed_fallback=False, stall_count=0)
[robot_supervisor-7] [INFO] [1776784091.699623914] [robot_0.robot_supervisor]: FULL ROTATE completed by odom (accum_rad=3.163)
[robot_supervisor-7] [INFO] [1776784091.700185662] [robot_0.robot_supervisor]: FULL ROTATE stopped; supervisor will select next event next tick
[robot_supervisor-16] [INFO] [1776784091.709448253] [robot_3.robot_supervisor]: Selected controllable event: EV_random_walk
[robot_supervisor-13] [INFO] [1776784091.730998848] [robot_2.robot_supervisor]: FULL ROTATE active (accum_rad=0.408, timed_fallback=False, stall_count=0)
[robot_supervisor-10] [INFO] [1776784091.825763175] [robot_1.robot_supervisor]: Selected controllable event: EV_random_walk
[robot_supervisor-13] [INFO] [1776784091.830947150] [robot_2.robot_supervisor]: FULL ROTATE active (accum_rad=0.508, timed_fallback=False, stall_count=0)
[robot_supervisor-19] [INFO] [1776784091.841751585] [robot_4.robot_supervisor]: Selected controllable event: EV_random_walk
[robot_supervisor-13] [INFO] [1776784091.931010113] [robot_2.robot_supervisor]: FULL ROTATE active (accum_rad=0.608, timed_fallback=False, stall_count=0)
[robot_supervisor-16] [INFO] [1776784092.009496314] [robot_3.robot_supervisor]: Selected controllable event: EV_move_forward
[robot_supervisor-13] [INFO] [1776784092.031210825] [robot_2.robot_supervisor]: FULL ROTATE active (accum_rad=0.708, timed_fallback=False, stall_count=0)
[robot_supervisor-7] [INFO] [1776784092.099162992] [robot_0.robot_supervisor]: Selected controllable event: EV_rotate_clockwise
[robot_supervisor-10] [INFO] [1776784092.126105517] [robot_1.robot_supervisor]: Selected controllable event: EV_move_forward
[robot_supervisor-13] [INFO] [1776784092.130866497] [robot_2.robot_supervisor]: FULL ROTATE active (accum_rad=0.808, timed_fallback=False, stall_count=0)
[robot_supervisor-19] [INFO] [1776784092.141936211] [robot_4.robot_supervisor]: Selected controllable event: EV_move_forward
[robot_supervisor-13] [INFO] [1776784092.230891828] [robot_2.robot_supervisor]: FULL ROTATE active (accum_rad=0.908, timed_fallback=False, stall_count=0)
[robot_supervisor-16] [INFO] [1776784092.309453663] [robot_3.robot_supervisor]: Selected controllable event: EV_random_walk
[robot_supervisor-13] [INFO] [1776784092.330996542] [robot_2.robot_supervisor]: FULL ROTATE active (accum_rad=1.008, timed_fallback=False, stall_count=0)
[robot_supervisor-10] [INFO] [1776784092.425768459] [robot_1.robot_supervisor]: Selected controllable event: EV_random_walk
[robot_supervisor-13] [INFO] [1776784092.430865265] [robot_2.robot_supervisor]: FULL ROTATE active (accum_rad=1.108, timed_fallback=False, stall_count=0)
[robot_supervisor-19] [INFO] [1776784092.441858314] [robot_4.robot_supervisor]: Selected controllable event: EV_random_walk
[robot_supervisor-13] [INFO] [1776784092.530927090] [robot_2.robot_supervisor]: FULL ROTATE active (accum_rad=1.208, timed_fallback=False, stall_count=0)
[robot_supervisor-16] [INFO] [1776784092.609345904] [robot_3.robot_supervisor]: Selected controllable event: EV_move_forward
[robot_supervisor-13] [INFO] [1776784092.631106395] [robot_2.robot_supervisor]: FULL ROTATE active (accum_rad=1.308, timed_fallback=False, stall_count=0)
[robot_supervisor-10] [INFO] [1776784092.725826008] [robot_1.robot_supervisor]: Selected controllable event: EV_move_forward
[robot_supervisor-13] [INFO] [1776784092.731127691] [robot_2.robot_supervisor]: FULL ROTATE active (accum_rad=1.408, timed_fallback=False, stall_count=0)
[robot_supervisor-19] [INFO] [1776784092.741736453] [robot_4.robot_supervisor]: Selected controllable event: EV_move_forward
[robot_supervisor-13] [INFO] [1776784092.830863678] [robot_2.robot_supervisor]: FULL ROTATE active (accum_rad=1.508, timed_fallback=False, stall_count=0)
[robot_supervisor-16] [INFO] [1776784092.909258206] [robot_3.robot_supervisor]: Selected controllable event: EV_random_walk
[robot_supervisor-13] [INFO] [1776784092.931107749] [robot_2.robot_supervisor]: FULL ROTATE active (accum_rad=1.608, timed_fallback=False, stall_count=0)
[robot_supervisor-10] [INFO] [1776784093.025881098] [robot_1.robot_supervisor]: Selected controllable event: EV_random_walk
[robot_supervisor-13] [INFO] [1776784093.031011882] [robot_2.robot_supervisor]: FULL ROTATE active (accum_rad=1.708, timed_fallback=False, stall_count=0)
[robot_supervisor-19] [INFO] [1776784093.041730613] [robot_4.robot_supervisor]: Selected controllable event: EV_random_walk
[robot_supervisor-13] [INFO] [1776784093.130945462] [robot_2.robot_supervisor]: FULL ROTATE active (accum_rad=1.808, timed_fallback=False, stall_count=0)
[robot_supervisor-16] [INFO] [1776784093.209260861] [robot_3.robot_supervisor]: Selected controllable event: EV_move_forward
[robot_supervisor-13] [INFO] [1776784093.231119841] [robot_2.robot_supervisor]: FULL ROTATE active (accum_rad=1.908, timed_fallback=False, stall_count=0)
[robot_supervisor-10] [INFO] [1776784093.325813592] [robot_1.robot_supervisor]: Selected controllable event: EV_move_forward
[robot_supervisor-13] [INFO] [1776784093.331012160] [robot_2.robot_supervisor]: FULL ROTATE active (accum_rad=2.008, timed_fallback=False, stall_count=0)
[robot_supervisor-19] [INFO] [1776784093.341721170] [robot_4.robot_supervisor]: Selected controllable event: EV_move_forward
[robot_supervisor-13] [INFO] [1776784093.431146103] [robot_2.robot_supervisor]: FULL ROTATE active (accum_rad=2.108, timed_fallback=False, stall_count=0)
[robot_supervisor-16] [INFO] [1776784093.509258133] [robot_3.robot_supervisor]: Selected controllable event: EV_random_walk
[robot_supervisor-13] [INFO] [1776784093.530941738] [robot_2.robot_supervisor]: FULL ROTATE active (accum_rad=2.208, timed_fallback=False, stall_count=0)
[image_processor-24] [INFO] [1776784093.566961825] [robot_3.image_processor]: Zone=CLEAR
[image_processor-22] [INFO] [1776784093.576616466] [robot_1.image_processor]: Zone=RIGHT  left[p=1.232 near=0 v=7650]  front[p=0.755 near=2131 v=13500]  right[p=0.593 near=7740 v=7740]
[robot_supervisor-10] [INFO] [1776784093.577165245] [robot_1.robot_supervisor]: Detected zone changed to RIGHT
[image_processor-21] [INFO] [1776784093.607506175] [robot_0.image_processor]: Zone=CORNER
[robot_supervisor-10] [INFO] [1776784093.625637269] [robot_1.robot_supervisor]: Selected controllable event: EV_rotate_counterclockwise
[robot_supervisor-13] [INFO] [1776784093.630857010] [robot_2.robot_supervisor]: FULL ROTATE active (accum_rad=2.308, timed_fallback=False, stall_count=0)
[robot_supervisor-19] [INFO] [1776784093.641629259] [robot_4.robot_supervisor]: Selected controllable event: EV_random_walk
[image_processor-23] [INFO] [1776784093.698749778] [robot_2.image_processor]: Zone=RIGHT  left[p=3.122 near=0 v=5726]  front[p=3.122 near=0 v=9186]  right[p=0.376 near=3872 v=6995]
[robot_supervisor-13] [INFO] [1776784093.699695172] [robot_2.robot_supervisor]: Detected zone changed to RIGHT
[image_processor-25] [INFO] [1776784093.721755535] [robot_4.image_processor]: Zone=CLEAR
[robot_supervisor-13] [INFO] [1776784093.731217910] [robot_2.robot_supervisor]: FULL ROTATE active (accum_rad=2.408, timed_fallback=False, stall_count=0)
[robot_supervisor-16] [INFO] [1776784093.809271493] [robot_3.robot_supervisor]: Selected controllable event: EV_move_forward
[robot_supervisor-13] [INFO] [1776784093.830877530] [robot_2.robot_supervisor]: FULL ROTATE active (accum_rad=2.508, timed_fallback=False, stall_count=0)
[robot_supervisor-13] [INFO] [1776784093.931213169] [robot_2.robot_supervisor]: FULL ROTATE active (accum_rad=2.608, timed_fallback=False, stall_count=0)
[robot_supervisor-19] [INFO] [1776784093.941673055] [robot_4.robot_supervisor]: Selected controllable event: EV_move_forward
[robot_supervisor-13] [INFO] [1776784094.030920432] [robot_2.robot_supervisor]: FULL ROTATE active (accum_rad=2.708, timed_fallback=False, stall_count=0)
[robot_supervisor-16] [INFO] [1776784094.109235746] [robot_3.robot_supervisor]: Selected controllable event: EV_random_walk
[robot_supervisor-13] [INFO] [1776784094.130899376] [robot_2.robot_supervisor]: FULL ROTATE active (accum_rad=2.808, timed_fallback=False, stall_count=0)
[robot_supervisor-13] [INFO] [1776784094.231065766] [robot_2.robot_supervisor]: FULL ROTATE active (accum_rad=2.908, timed_fallback=False, stall_count=0)
[robot_supervisor-19] [INFO] [1776784094.241918670] [robot_4.robot_supervisor]: Selected controllable event: EV_random_walk
[robot_supervisor-7] [INFO] [1776784094.298601283] [robot_0.robot_supervisor]: Selected controllable event: EV_full_rotate
[robot_supervisor-7] [INFO] [1776784094.298867143] [robot_0.robot_supervisor]: Starting FULL ROTATE (omega=1.000, have_odom=True, target_rad=3.142, timeout_s=3.500)
[robot_supervisor-13] [INFO] [1776784094.331139579] [robot_2.robot_supervisor]: FULL ROTATE active (accum_rad=3.008, timed_fallback=False, stall_count=0)
[robot_supervisor-7] [INFO] [1776784094.398751964] [robot_0.robot_supervisor]: FULL ROTATE active (accum_rad=0.000, timed_fallback=False, stall_count=0)
[robot_supervisor-16] [INFO] [1776784094.409275557] [robot_3.robot_supervisor]: Selected controllable event: EV_move_forward
[robot_supervisor-13] [INFO] [1776784094.431138039] [robot_2.robot_supervisor]: FULL ROTATE active (accum_rad=3.108, timed_fallback=False, stall_count=0)
[robot_supervisor-13] [INFO] [1776784094.431658823] [robot_2.robot_supervisor]: FULL ROTATE completed by odom (accum_rad=3.208)
[robot_supervisor-13] [INFO] [1776784094.432098441] [robot_2.robot_supervisor]: FULL ROTATE stopped; supervisor will select next event next tick
[robot_supervisor-7] [INFO] [1776784094.498760249] [robot_0.robot_supervisor]: FULL ROTATE active (accum_rad=0.004, timed_fallback=False, stall_count=0)
[robot_supervisor-19] [INFO] [1776784094.541519180] [robot_4.robot_supervisor]: Selected controllable event: EV_move_forward
[robot_supervisor-7] [INFO] [1776784094.598601215] [robot_0.robot_supervisor]: FULL ROTATE active (accum_rad=0.036, timed_fallback=False, stall_count=0)
[robot_supervisor-7] [INFO] [1776784094.698773306] [robot_0.robot_supervisor]: FULL ROTATE active (accum_rad=0.097, timed_fallback=False, stall_count=0)
[robot_supervisor-16] [INFO] [1776784094.709315923] [robot_3.robot_supervisor]: Selected controllable event: EV_random_walk
[robot_supervisor-7] [INFO] [1776784094.798655768] [robot_0.robot_supervisor]: FULL ROTATE active (accum_rad=0.188, timed_fallback=False, stall_count=0)
[robot_supervisor-13] [INFO] [1776784094.831452579] [robot_2.robot_supervisor]: Selected controllable event: EV_rotate_counterclockwise
[robot_supervisor-19] [INFO] [1776784094.841595139] [robot_4.robot_supervisor]: Selected controllable event: EV_random_walk
[robot_supervisor-7] [INFO] [1776784094.898733910] [robot_0.robot_supervisor]: FULL ROTATE active (accum_rad=0.288, timed_fallback=False, stall_count=0)
[robot_supervisor-7] [INFO] [1776784094.998739978] [robot_0.robot_supervisor]: FULL ROTATE active (accum_rad=0.388, timed_fallback=False, stall_count=0)
[robot_supervisor-16] [INFO] [1776784095.009320031] [robot_3.robot_supervisor]: Selected controllable event: EV_move_forward
[robot_supervisor-7] [INFO] [1776784095.098782681] [robot_0.robot_supervisor]: FULL ROTATE active (accum_rad=0.488, timed_fallback=False, stall_count=0)
[robot_supervisor-19] [INFO] [1776784095.142161247] [robot_4.robot_supervisor]: Selected controllable event: EV_move_forward
[robot_supervisor-7] [INFO] [1776784095.198730868] [robot_0.robot_supervisor]: FULL ROTATE active (accum_rad=0.588, timed_fallback=False, stall_count=0)
[robot_supervisor-7] [INFO] [1776784095.298765956] [robot_0.robot_supervisor]: FULL ROTATE active (accum_rad=0.688, timed_fallback=False, stall_count=0)
[robot_supervisor-16] [INFO] [1776784095.309444075] [robot_3.robot_supervisor]: Selected controllable event: EV_random_walk
[robot_supervisor-7] [INFO] [1776784095.398788521] [robot_0.robot_supervisor]: FULL ROTATE active (accum_rad=0.788, timed_fallback=False, stall_count=0)
[robot_supervisor-19] [INFO] [1776784095.441728236] [robot_4.robot_supervisor]: Selected controllable event: EV_random_walk
[robot_supervisor-7] [INFO] [1776784095.499050410] [robot_0.robot_supervisor]: FULL ROTATE active (accum_rad=0.888, timed_fallback=False, stall_count=0)
[robot_supervisor-7] [INFO] [1776784095.599076830] [robot_0.robot_supervisor]: FULL ROTATE active (accum_rad=0.988, timed_fallback=False, stall_count=0)
[robot_supervisor-16] [INFO] [1776784095.609303564] [robot_3.robot_supervisor]: Selected controllable event: EV_move_forward
[robot_supervisor-7] [INFO] [1776784095.698525364] [robot_0.robot_supervisor]: FULL ROTATE active (accum_rad=1.088, timed_fallback=False, stall_count=0)
[WARNING] [launch]: user interrupted with ctrl-c (SIGINT)
