[0.010s] Invoking command in '/home/ecem/ros2_real_ws/src/Leo_sct_real/Leo_sct/build/leo_image': CMAKE_PREFIX_PATH=${CMAKE_PREFIX_PATH}:/home/ecem/ros2_ws/install/swarm_basics:/opt/ros/humble /usr/bin/cmake --build /home/ecem/ros2_real_ws/src/Leo_sct_real/Leo_sct/build/leo_image -- -j22 -l22
[0.048s] Consolidate compiler generated dependencies of target image_processor_rgb
[0.064s] [ 50%] Building CXX object CMakeFiles/image_processor_rgb.dir/src/image_processor_rgb.cpp.o
[6.913s] [100%] Linking CXX executable image_processor_rgb
[7.424s] [100%] Built target image_processor_rgb
[7.436s] Invoked command in '/home/ecem/ros2_real_ws/src/Leo_sct_real/Leo_sct/build/leo_image' returned '0': CMAKE_PREFIX_PATH=${CMAKE_PREFIX_PATH}:/home/ecem/ros2_ws/install/swarm_basics:/opt/ros/humble /usr/bin/cmake --build /home/ecem/ros2_real_ws/src/Leo_sct_real/Leo_sct/build/leo_image -- -j22 -l22
[7.445s] Invoking command in '/home/ecem/ros2_real_ws/src/Leo_sct_real/Leo_sct/build/leo_image': CMAKE_PREFIX_PATH=${CMAKE_PREFIX_PATH}:/home/ecem/ros2_ws/install/swarm_basics:/opt/ros/humble /usr/bin/cmake --install /home/ecem/ros2_real_ws/src/Leo_sct_real/Leo_sct/build/leo_image
[7.453s] -- Install configuration: ""
[7.453s] -- Installing: /home/ecem/ros2_real_ws/src/Leo_sct_real/Leo_sct/install/leo_image/lib/leo_image/image_processor_rgb
[7.458s] -- Set runtime path of "/home/ecem/ros2_real_ws/src/Leo_sct_real/Leo_sct/install/leo_image/lib/leo_image/image_processor_rgb" to ""
[7.458s] -- Up-to-date: /home/ecem/ros2_real_ws/src/Leo_sct_real/Leo_sct/install/leo_image/share/ament_index/resource_index/package_run_dependencies/leo_image
[7.458s] -- Up-to-date: /home/ecem/ros2_real_ws/src/Leo_sct_real/Leo_sct/install/leo_image/share/ament_index/resource_index/parent_prefix_path/leo_image
[7.458s] -- Up-to-date: /home/ecem/ros2_real_ws/src/Leo_sct_real/Leo_sct/install/leo_image/share/leo_image/environment/ament_prefix_path.sh
[7.458s] -- Up-to-date: /home/ecem/ros2_real_ws/src/Leo_sct_real/Leo_sct/install/leo_image/share/leo_image/environment/ament_prefix_path.dsv
[7.458s] -- Up-to-date: /home/ecem/ros2_real_ws/src/Leo_sct_real/Leo_sct/install/leo_image/share/leo_image/environment/path.sh
[7.458s] -- Up-to-date: /home/ecem/ros2_real_ws/src/Leo_sct_real/Leo_sct/install/leo_image/share/leo_image/environment/path.dsv
[7.458s] -- Up-to-date: /home/ecem/ros2_real_ws/src/Leo_sct_real/Leo_sct/install/leo_image/share/leo_image/local_setup.bash
[7.458s] -- Up-to-date: /home/ecem/ros2_real_ws/src/Leo_sct_real/Leo_sct/install/leo_image/share/leo_image/local_setup.sh
[7.458s] -- Up-to-date: /home/ecem/ros2_real_ws/src/Leo_sct_real/Leo_sct/install/leo_image/share/leo_image/local_setup.zsh
[7.458s] -- Up-to-date: /home/ecem/ros2_real_ws/src/Leo_sct_real/Leo_sct/install/leo_image/share/leo_image/local_setup.dsv
[7.458s] -- Installing: /home/ecem/ros2_real_ws/src/Leo_sct_real/Leo_sct/install/leo_image/share/leo_image/package.dsv
[7.458s] -- Up-to-date: /home/ecem/ros2_real_ws/src/Leo_sct_real/Leo_sct/install/leo_image/share/ament_index/resource_index/packages/leo_image
[7.458s] -- Up-to-date: /home/ecem/ros2_real_ws/src/Leo_sct_real/Leo_sct/install/leo_image/share/leo_image/cmake/leo_imageConfig.cmake
[7.458s] -- Up-to-date: /home/ecem/ros2_real_ws/src/Leo_sct_real/Leo_sct/install/leo_image/share/leo_image/cmake/leo_imageConfig-version.cmake
[7.458s] -- Up-to-date: /home/ecem/ros2_real_ws/src/Leo_sct_real/Leo_sct/install/leo_image/share/leo_image/package.xml
[7.460s] Invoked command in '/home/ecem/ros2_real_ws/src/Leo_sct_real/Leo_sct/build/leo_image' returned '0': CMAKE_PREFIX_PATH=${CMAKE_PREFIX_PATH}:/home/ecem/ros2_ws/install/swarm_basics:/opt/ros/humble /usr/bin/cmake --install /home/ecem/ros2_real_ws/src/Leo_sct_real/Leo_sct/build/leo_image
