[INFO] [launch]: All log files can be found below /home/ecem/.ros/log/2026-04-21-08-21-15-796140-ecem-pc-206260
[INFO] [launch]: Default logging verbosity is set to INFO
[INFO] [ign gazebo-1]: process started with pid [206275]
[INFO] [coverage_counter-2]: process started with pid [206277]
[INFO] [bump_counter-3]: process started with pid [206280]
[INFO] [parameter_bridge-4]: process started with pid [206282]
[INFO] [robot_state_publisher-5]: process started with pid [206284]
[INFO] [create-6]: process started with pid [206286]
[INFO] [robot_supervisor-7]: process started with pid [206289]
[INFO] [robot_state_publisher-8]: process started with pid [206292]
[INFO] [create-9]: process started with pid [206294]
[INFO] [robot_supervisor-10]: process started with pid [206296]
[INFO] [robot_state_publisher-11]: process started with pid [206298]
[INFO] [create-12]: process started with pid [206300]
[INFO] [robot_supervisor-13]: process started with pid [206302]
[INFO] [robot_state_publisher-14]: process started with pid [206304]
[INFO] [create-15]: process started with pid [206306]
[INFO] [robot_supervisor-16]: process started with pid [206308]
[INFO] [robot_state_publisher-17]: process started with pid [206310]
[INFO] [create-18]: process started with pid [206407]
[INFO] [robot_supervisor-19]: process started with pid [206415]
[INFO] [parameter_bridge-20]: process started with pid [206417]
[parameter_bridge-4] [ros_ign_bridge] is deprecated! Redirecting to use [ros_gz_bridge] instead!
[parameter_bridge-4] 
[create-6] [INFO] [1776752476.193699885] [robot_0.ros_gz_sim]: Requesting list of world names.
[create-9] [INFO] [1776752476.193831833] [robot_1.ros_gz_sim]: Requesting list of world names.
[create-12] [INFO] [1776752476.197208610] [robot_2.ros_gz_sim]: Requesting list of world names.
[create-15] [INFO] [1776752476.198832246] [robot_3.ros_gz_sim]: Requesting list of world names.
[parameter_bridge-4] [INFO] [1776752476.217591539] [all_robots_bridge]: Creating ROS->GZ Bridge: [/robot_0/cmd_vel (geometry_msgs/msg/Twist) -> /robot_0/cmd_vel (ignition.msgs.Twist)] (Lazy 0)
[robot_state_publisher-11] [INFO] [1776752476.218905112] [robot_2.robot_state_publisher]: got segment robot_2/antenna_link
[robot_state_publisher-11] [INFO] [1776752476.218978185] [robot_2.robot_state_publisher]: got segment robot_2/base_footprint
[robot_state_publisher-11] [INFO] [1776752476.218984681] [robot_2.robot_state_publisher]: got segment robot_2/base_link
[robot_state_publisher-11] [INFO] [1776752476.218989368] [robot_2.robot_state_publisher]: got segment robot_2/realsense_link
[robot_state_publisher-11] [INFO] [1776752476.218993289] [robot_2.robot_state_publisher]: got segment robot_2/rocker_L_link
[robot_state_publisher-11] [INFO] [1776752476.218997272] [robot_2.robot_state_publisher]: got segment robot_2/rocker_R_link
[robot_state_publisher-11] [INFO] [1776752476.219001552] [robot_2.robot_state_publisher]: got segment robot_2/wheel_FL_link
[parameter_bridge-4] [INFO] [1776752476.218912391] [all_robots_bridge]: Creating GZ->ROS Bridge: [/robot_0/odom (ignition.msgs.Odometry) -> /robot_0/odom (nav_msgs/msg/Odometry)] (Lazy 0)
[robot_state_publisher-11] [INFO] [1776752476.219006421] [robot_2.robot_state_publisher]: got segment robot_2/wheel_FR_link
[robot_state_publisher-11] [INFO] [1776752476.219010353] [robot_2.robot_state_publisher]: got segment robot_2/wheel_RL_link
[robot_state_publisher-11] [INFO] [1776752476.219013305] [robot_2.robot_state_publisher]: got segment robot_2/wheel_RR_link
[parameter_bridge-4] [INFO] [1776752476.219645983] [all_robots_bridge]: Creating GZ->ROS Bridge: [/robot_0/depth_camera/depth_image (ignition.msgs.Image) -> /robot_0/depth_camera/depth_image (sensor_msgs/msg/Image)] (Lazy 0)
[parameter_bridge-4] [INFO] [1776752476.220747152] [all_robots_bridge]: Creating GZ->ROS Bridge: [/world/random_world/model/robot_0/link/robot_0/base_footprint/sensor/contact_sensor/contact (ignition.msgs.Contacts) -> /world/random_world/model/robot_0/link/robot_0/base_footprint/sensor/contact_sensor/contact (ros_gz_interfaces/msg/Contacts)] (Lazy 0)
[parameter_bridge-4] [INFO] [1776752476.221767196] [all_robots_bridge]: Creating ROS->GZ Bridge: [/robot_1/cmd_vel (geometry_msgs/msg/Twist) -> /robot_1/cmd_vel (ignition.msgs.Twist)] (Lazy 0)
[robot_state_publisher-14] [INFO] [1776752476.222435379] [robot_3.robot_state_publisher]: got segment robot_3/antenna_link
[robot_state_publisher-14] [INFO] [1776752476.222547489] [robot_3.robot_state_publisher]: got segment robot_3/base_footprint
[robot_state_publisher-14] [INFO] [1776752476.222560768] [robot_3.robot_state_publisher]: got segment robot_3/base_link
[robot_state_publisher-14] [INFO] [1776752476.222570260] [robot_3.robot_state_publisher]: got segment robot_3/realsense_link
[robot_state_publisher-14] [INFO] [1776752476.222578037] [robot_3.robot_state_publisher]: got segment robot_3/rocker_L_link
[robot_state_publisher-14] [INFO] [1776752476.222585626] [robot_3.robot_state_publisher]: got segment robot_3/rocker_R_link
[robot_state_publisher-14] [INFO] [1776752476.222592788] [robot_3.robot_state_publisher]: got segment robot_3/wheel_FL_link
[robot_state_publisher-14] [INFO] [1776752476.222600179] [robot_3.robot_state_publisher]: got segment robot_3/wheel_FR_link
[robot_state_publisher-14] [INFO] [1776752476.222607084] [robot_3.robot_state_publisher]: got segment robot_3/wheel_RL_link
[robot_state_publisher-14] [INFO] [1776752476.222614232] [robot_3.robot_state_publisher]: got segment robot_3/wheel_RR_link
[parameter_bridge-4] [INFO] [1776752476.224185099] [all_robots_bridge]: Creating GZ->ROS Bridge: [/robot_1/odom (ignition.msgs.Odometry) -> /robot_1/odom (nav_msgs/msg/Odometry)] (Lazy 0)
[parameter_bridge-4] [INFO] [1776752476.224819245] [all_robots_bridge]: Creating GZ->ROS Bridge: [/robot_1/depth_camera/depth_image (ignition.msgs.Image) -> /robot_1/depth_camera/depth_image (sensor_msgs/msg/Image)] (Lazy 0)
[parameter_bridge-4] [INFO] [1776752476.225305879] [all_robots_bridge]: Creating GZ->ROS Bridge: [/world/random_world/model/robot_1/link/robot_1/base_footprint/sensor/contact_sensor/contact (ignition.msgs.Contacts) -> /world/random_world/model/robot_1/link/robot_1/base_footprint/sensor/contact_sensor/contact (ros_gz_interfaces/msg/Contacts)] (Lazy 0)
[parameter_bridge-4] [INFO] [1776752476.226326986] [all_robots_bridge]: Creating ROS->GZ Bridge: [/robot_2/cmd_vel (geometry_msgs/msg/Twist) -> /robot_2/cmd_vel (ignition.msgs.Twist)] (Lazy 0)
[parameter_bridge-4] [INFO] [1776752476.226902379] [all_robots_bridge]: Creating GZ->ROS Bridge: [/robot_2/odom (ignition.msgs.Odometry) -> /robot_2/odom (nav_msgs/msg/Odometry)] (Lazy 0)
[robot_state_publisher-17] [INFO] [1776752476.227340203] [robot_4.robot_state_publisher]: got segment robot_4/antenna_link
[robot_state_publisher-17] [INFO] [1776752476.227419022] [robot_4.robot_state_publisher]: got segment robot_4/base_footprint
[robot_state_publisher-17] [INFO] [1776752476.227424520] [robot_4.robot_state_publisher]: got segment robot_4/base_link
[robot_state_publisher-17] [INFO] [1776752476.227427813] [robot_4.robot_state_publisher]: got segment robot_4/realsense_link
[robot_state_publisher-17] [INFO] [1776752476.227430697] [robot_4.robot_state_publisher]: got segment robot_4/rocker_L_link
[robot_state_publisher-17] [INFO] [1776752476.227433428] [robot_4.robot_state_publisher]: got segment robot_4/rocker_R_link
[robot_state_publisher-17] [INFO] [1776752476.227436065] [robot_4.robot_state_publisher]: got segment robot_4/wheel_FL_link
[robot_state_publisher-17] [INFO] [1776752476.227438755] [robot_4.robot_state_publisher]: got segment robot_4/wheel_FR_link
[robot_state_publisher-17] [INFO] [1776752476.227441350] [robot_4.robot_state_publisher]: got segment robot_4/wheel_RL_link
[robot_state_publisher-17] [INFO] [1776752476.227444187] [robot_4.robot_state_publisher]: got segment robot_4/wheel_RR_link
[parameter_bridge-4] [INFO] [1776752476.227594709] [all_robots_bridge]: Creating GZ->ROS Bridge: [/robot_2/depth_camera/depth_image (ignition.msgs.Image) -> /robot_2/depth_camera/depth_image (sensor_msgs/msg/Image)] (Lazy 0)
[parameter_bridge-4] [INFO] [1776752476.228427494] [all_robots_bridge]: Creating GZ->ROS Bridge: [/world/random_world/model/robot_2/link/robot_2/base_footprint/sensor/contact_sensor/contact (ignition.msgs.Contacts) -> /world/random_world/model/robot_2/link/robot_2/base_footprint/sensor/contact_sensor/contact (ros_gz_interfaces/msg/Contacts)] (Lazy 0)
[robot_state_publisher-8] [INFO] [1776752476.229021466] [robot_1.robot_state_publisher]: got segment robot_1/antenna_link
[robot_state_publisher-8] [INFO] [1776752476.229093788] [robot_1.robot_state_publisher]: got segment robot_1/base_footprint
[robot_state_publisher-8] [INFO] [1776752476.229102077] [robot_1.robot_state_publisher]: got segment robot_1/base_link
[robot_state_publisher-8] [INFO] [1776752476.229107825] [robot_1.robot_state_publisher]: got segment robot_1/realsense_link
[robot_state_publisher-8] [INFO] [1776752476.229112880] [robot_1.robot_state_publisher]: got segment robot_1/rocker_L_link
[robot_state_publisher-8] [INFO] [1776752476.229117502] [robot_1.robot_state_publisher]: got segment robot_1/rocker_R_link
[robot_state_publisher-8] [INFO] [1776752476.229122137] [robot_1.robot_state_publisher]: got segment robot_1/wheel_FL_link
[robot_state_publisher-8] [INFO] [1776752476.229127046] [robot_1.robot_state_publisher]: got segment robot_1/wheel_FR_link
[robot_state_publisher-8] [INFO] [1776752476.229131750] [robot_1.robot_state_publisher]: got segment robot_1/wheel_RL_link
[robot_state_publisher-8] [INFO] [1776752476.229136422] [robot_1.robot_state_publisher]: got segment robot_1/wheel_RR_link
[parameter_bridge-4] [INFO] [1776752476.229251279] [all_robots_bridge]: Creating ROS->GZ Bridge: [/robot_3/cmd_vel (geometry_msgs/msg/Twist) -> /robot_3/cmd_vel (ignition.msgs.Twist)] (Lazy 0)
[robot_state_publisher-5] [INFO] [1776752476.229290246] [robot_0.robot_state_publisher]: got segment robot_0/antenna_link
[robot_state_publisher-5] [INFO] [1776752476.229395060] [robot_0.robot_state_publisher]: got segment robot_0/base_footprint
[robot_state_publisher-5] [INFO] [1776752476.229434229] [robot_0.robot_state_publisher]: got segment robot_0/base_link
[robot_state_publisher-5] [INFO] [1776752476.229444642] [robot_0.robot_state_publisher]: got segment robot_0/realsense_link
[robot_state_publisher-5] [INFO] [1776752476.229452929] [robot_0.robot_state_publisher]: got segment robot_0/rocker_L_link
[robot_state_publisher-5] [INFO] [1776752476.229460905] [robot_0.robot_state_publisher]: got segment robot_0/rocker_R_link
[robot_state_publisher-5] [INFO] [1776752476.229468684] [robot_0.robot_state_publisher]: got segment robot_0/wheel_FL_link
[robot_state_publisher-5] [INFO] [1776752476.229477344] [robot_0.robot_state_publisher]: got segment robot_0/wheel_FR_link
[robot_state_publisher-5] [INFO] [1776752476.229484943] [robot_0.robot_state_publisher]: got segment robot_0/wheel_RL_link
[robot_state_publisher-5] [INFO] [1776752476.229492220] [robot_0.robot_state_publisher]: got segment robot_0/wheel_RR_link
[parameter_bridge-4] [INFO] [1776752476.230326727] [all_robots_bridge]: Creating GZ->ROS Bridge: [/robot_3/odom (ignition.msgs.Odometry) -> /robot_3/odom (nav_msgs/msg/Odometry)] (Lazy 0)
[parameter_bridge-4] [INFO] [1776752476.231179056] [all_robots_bridge]: Creating GZ->ROS Bridge: [/robot_3/depth_camera/depth_image (ignition.msgs.Image) -> /robot_3/depth_camera/depth_image (sensor_msgs/msg/Image)] (Lazy 0)
[parameter_bridge-4] [INFO] [1776752476.231906867] [all_robots_bridge]: Creating GZ->ROS Bridge: [/world/random_world/model/robot_3/link/robot_3/base_footprint/sensor/contact_sensor/contact (ignition.msgs.Contacts) -> /world/random_world/model/robot_3/link/robot_3/base_footprint/sensor/contact_sensor/contact (ros_gz_interfaces/msg/Contacts)] (Lazy 0)
[parameter_bridge-4] [INFO] [1776752476.232612034] [all_robots_bridge]: Creating ROS->GZ Bridge: [/robot_4/cmd_vel (geometry_msgs/msg/Twist) -> /robot_4/cmd_vel (ignition.msgs.Twist)] (Lazy 0)
[parameter_bridge-4] [INFO] [1776752476.232837137] [all_robots_bridge]: Creating GZ->ROS Bridge: [/robot_4/odom (ignition.msgs.Odometry) -> /robot_4/odom (nav_msgs/msg/Odometry)] (Lazy 0)
[parameter_bridge-4] [INFO] [1776752476.233084215] [all_robots_bridge]: Creating GZ->ROS Bridge: [/robot_4/depth_camera/depth_image (ignition.msgs.Image) -> /robot_4/depth_camera/depth_image (sensor_msgs/msg/Image)] (Lazy 0)
[parameter_bridge-4] [INFO] [1776752476.233327538] [all_robots_bridge]: Creating GZ->ROS Bridge: [/world/random_world/model/robot_4/link/robot_4/base_footprint/sensor/contact_sensor/contact (ignition.msgs.Contacts) -> /world/random_world/model/robot_4/link/robot_4/base_footprint/sensor/contact_sensor/contact (ros_gz_interfaces/msg/Contacts)] (Lazy 0)
[parameter_bridge-4] [INFO] [1776752476.233639285] [all_robots_bridge]: Creating GZ->ROS Bridge: [/world/random_world/dynamic_pose/info (ignition.msgs.Pose_V) -> /world/random_world/dynamic_pose/info (tf2_msgs/msg/TFMessage)] (Lazy 0)
[create-18] [INFO] [1776752476.238707426] [robot_4.ros_gz_sim]: Requesting list of world names.
[parameter_bridge-20] [INFO] [1776752476.248417919] [clock_bridge]: Creating GZ->ROS Bridge: [/clock (ignition.msgs.Clock) -> /clock (rosgraph_msgs/msg/Clock)] (Lazy 0)
[bump_counter-3] [INFO] [1776752476.440484132] [bump_counter]: [global] global_mode=True cooldown(robot)=0.80s cooldown(obs)=0.50s Logging to /home/ecem/ros2_ws/src/Leo_sct/results_exp/explore/medium/prompt_2/run_5/middle_circle/trial_1/run_20260421_082115/bumps_global_082116.csv
[robot_supervisor-16] [INFO] [1776752476.581559484] [robot_3.robot_supervisor]: Loaded initial mission 'explore' from explicit YAML explore_sup_gpt_medium_2_run_5_141.yaml
[robot_supervisor-19] [INFO] [1776752476.597550953] [robot_4.robot_supervisor]: Loaded initial mission 'explore' from explicit YAML explore_sup_gpt_medium_2_run_5_141.yaml
[robot_supervisor-10] [INFO] [1776752476.600877197] [robot_1.robot_supervisor]: Loaded initial mission 'explore' from explicit YAML explore_sup_gpt_medium_2_run_5_141.yaml
[robot_supervisor-13] [INFO] [1776752476.628078285] [robot_2.robot_supervisor]: Loaded initial mission 'explore' from explicit YAML explore_sup_gpt_medium_2_run_5_141.yaml
[robot_supervisor-7] [INFO] [1776752476.639536635] [robot_0.robot_supervisor]: Loaded initial mission 'explore' from explicit YAML explore_sup_gpt_medium_2_run_5_141.yaml
[create-12] [INFO] [1776752476.684385599] [robot_2.ros_gz_sim]: Waiting messages on topic [/robot_2/robot_description].
[parameter_bridge-4] [INFO] [1776752476.686346057] [all_robots_bridge]: Passing message from ROS geometry_msgs/msg/Twist to Gazebo gz.msgs.Twist (showing msg only once per type)
[create-9] [INFO] [1776752476.784671920] [robot_1.ros_gz_sim]: Waiting messages on topic [/robot_1/robot_description].
[create-12] [INFO] [1776752476.884267894] [robot_2.ros_gz_sim]: Requested creation of entity.
[create-12] [INFO] [1776752476.884335242] [robot_2.ros_gz_sim]: OK creation of entity.
[create-6] [INFO] [1776752476.885097372] [robot_0.ros_gz_sim]: Waiting messages on topic [/robot_0/robot_description].
[create-18] [INFO] [1776752476.986216370] [robot_4.ros_gz_sim]: Waiting messages on topic [/robot_4/robot_description].
[create-9] [INFO] [1776752477.085174180] [robot_1.ros_gz_sim]: Requested creation of entity.
[create-9] [INFO] [1776752477.085303455] [robot_1.ros_gz_sim]: OK creation of entity.
[create-18] [INFO] [1776752477.085174428] [robot_4.ros_gz_sim]: Requested creation of entity.
[create-18] [INFO] [1776752477.085305822] [robot_4.ros_gz_sim]: OK creation of entity.
[create-6] [INFO] [1776752477.085326343] [robot_0.ros_gz_sim]: Requested creation of entity.
[create-6] [INFO] [1776752477.085406324] [robot_0.ros_gz_sim]: OK creation of entity.
[create-15] [INFO] [1776752477.086645823] [robot_3.ros_gz_sim]: Waiting messages on topic [/robot_3/robot_description].
[create-15] [INFO] [1776752477.088744957] [robot_3.ros_gz_sim]: Requested creation of entity.
[create-15] [INFO] [1776752477.088785184] [robot_3.ros_gz_sim]: OK creation of entity.
[INFO] [create-12]: process has finished cleanly [pid 206300]
[INFO] [create-6]: process has finished cleanly [pid 206286]
[INFO] [create-15]: process has finished cleanly [pid 206306]
[INFO] [create-9]: process has finished cleanly [pid 206294]
[INFO] [create-18]: process has finished cleanly [pid 206407]
[bump_counter-3] [INFO] [1776752477.489585546] [bump_counter]: [global] subscribed: /world/random_world/model/robot_0/link/robot_0/base_footprint/sensor/contact_sensor/contact
[bump_counter-3] [INFO] [1776752477.491472165] [bump_counter]: [global] subscribed: /world/random_world/model/robot_1/link/robot_1/base_footprint/sensor/contact_sensor/contact
[bump_counter-3] [INFO] [1776752477.492179437] [bump_counter]: [global] subscribed: /world/random_world/model/robot_2/link/robot_2/base_footprint/sensor/contact_sensor/contact
[bump_counter-3] [INFO] [1776752477.493533739] [bump_counter]: [global] subscribed: /world/random_world/model/robot_3/link/robot_3/base_footprint/sensor/contact_sensor/contact
[bump_counter-3] [INFO] [1776752477.494825896] [bump_counter]: [global] subscribed: /world/random_world/model/robot_4/link/robot_4/base_footprint/sensor/contact_sensor/contact
[INFO] [image_processor-21]: process started with pid [206672]
[INFO] [image_processor-22]: process started with pid [206674]
[INFO] [image_processor-23]: process started with pid [206676]
[INFO] [image_processor-24]: process started with pid [206678]
[INFO] [image_processor-25]: process started with pid [206680]
[image_processor-21] [INFO] [1776752478.232934699] [robot_0.image_processor]: image_processor: depth='/robot_0/depth_camera/depth_image' aruco_runtime=disabled
[image_processor-22] [INFO] [1776752478.237398526] [robot_1.image_processor]: image_processor: depth='/robot_1/depth_camera/depth_image' aruco_runtime=disabled
[image_processor-24] [INFO] [1776752478.239125744] [robot_3.image_processor]: image_processor: depth='/robot_3/depth_camera/depth_image' aruco_runtime=disabled
[image_processor-23] [INFO] [1776752478.258889001] [robot_2.image_processor]: image_processor: depth='/robot_2/depth_camera/depth_image' aruco_runtime=disabled
[image_processor-25] [INFO] [1776752478.264034913] [robot_4.image_processor]: image_processor: depth='/robot_4/depth_camera/depth_image' aruco_runtime=disabled
[image_processor-23] [INFO] [1776752481.587000653] [robot_2.image_processor]: Zone=CLEAR  left[p=1.875 near=0 v=7650]  front[p=2.263 near=0 v=12349]  right[p=1.628 near=0 v=7740]
[image_processor-22] [INFO] [1776752481.594126204] [robot_1.image_processor]: Zone=CLEAR  left[p=3.007 near=0 v=7650]  front[p=3.426 near=0 v=13244]  right[p=2.532 near=0 v=7517]
[image_processor-25] [INFO] [1776752481.612053726] [robot_4.image_processor]: Zone=CLEAR  left[p=2.299 near=0 v=7157]  front[p=2.450 near=0 v=13239]  right[p=3.007 near=0 v=7740]
[image_processor-24] [INFO] [1776752481.620143657] [robot_3.image_processor]: Zone=CLEAR  left[p=0.894 near=0 v=7620]  front[p=3.072 near=0 v=13297]  right[p=2.913 near=0 v=7740]
[image_processor-21] [INFO] [1776752481.704403202] [robot_0.image_processor]: Zone=CLEAR  left[p=1.026 near=0 v=7650]  front[p=1.493 near=0 v=13500]  right[p=2.221 near=0 v=7740]
[image_processor-23] [INFO] [1776752484.086207419] [robot_2.image_processor]: Zone=CLEAR
[image_processor-22] [INFO] [1776752484.094187793] [robot_1.image_processor]: Zone=CLEAR
[image_processor-21] [INFO] [1776752484.103800380] [robot_0.image_processor]: Zone=CLEAR
[image_processor-25] [INFO] [1776752484.110956937] [robot_4.image_processor]: Zone=CLEAR
[image_processor-24] [INFO] [1776752484.119944568] [robot_3.image_processor]: Zone=CLEAR
[image_processor-23] [INFO] [1776752486.587499634] [robot_2.image_processor]: Zone=CLEAR
[image_processor-22] [INFO] [1776752486.596302873] [robot_1.image_processor]: Zone=CLEAR
[image_processor-21] [INFO] [1776752486.604473647] [robot_0.image_processor]: Zone=CLEAR
[image_processor-25] [INFO] [1776752486.613000240] [robot_4.image_processor]: Zone=CLEAR
[image_processor-24] [INFO] [1776752486.623954750] [robot_3.image_processor]: Zone=CLEAR
[image_processor-23] [INFO] [1776752489.087958697] [robot_2.image_processor]: Zone=CLEAR
[image_processor-25] [INFO] [1776752489.115516648] [robot_4.image_processor]: Zone=CLEAR
[image_processor-24] [INFO] [1776752489.124827259] [robot_3.image_processor]: Zone=CLEAR
[image_processor-22] [INFO] [1776752489.199797787] [robot_1.image_processor]: Zone=CLEAR
[image_processor-21] [INFO] [1776752489.208683441] [robot_0.image_processor]: Zone=CLEAR
[image_processor-23] [INFO] [1776752491.587638886] [robot_2.image_processor]: Zone=CLEAR
[image_processor-22] [INFO] [1776752491.596733594] [robot_1.image_processor]: Zone=CLEAR
[image_processor-21] [INFO] [1776752491.605490999] [robot_0.image_processor]: Zone=CLEAR
[image_processor-25] [INFO] [1776752491.613570569] [robot_4.image_processor]: Zone=CLEAR
[image_processor-24] [INFO] [1776752491.622265939] [robot_3.image_processor]: Zone=CLEAR
[image_processor-23] [INFO] [1776752494.088304153] [robot_2.image_processor]: Zone=CLEAR
[image_processor-22] [INFO] [1776752494.095782151] [robot_1.image_processor]: Zone=CLEAR
[image_processor-21] [INFO] [1776752494.105082481] [robot_0.image_processor]: Zone=CLEAR
[image_processor-25] [INFO] [1776752494.112768038] [robot_4.image_processor]: Zone=CLEAR
[image_processor-24] [INFO] [1776752494.224851335] [robot_3.image_processor]: Zone=CLEAR
[image_processor-23] [INFO] [1776752496.586139048] [robot_2.image_processor]: Zone=CLEAR
[image_processor-22] [INFO] [1776752496.594315931] [robot_1.image_processor]: Zone=CLEAR
[image_processor-21] [INFO] [1776752496.603879401] [robot_0.image_processor]: Zone=CLEAR
[image_processor-25] [INFO] [1776752496.612134911] [robot_4.image_processor]: Zone=CLEAR
[image_processor-24] [INFO] [1776752496.619836327] [robot_3.image_processor]: Zone=CLEAR
[image_processor-23] [INFO] [1776752499.084964609] [robot_2.image_processor]: Zone=CLEAR
[image_processor-22] [INFO] [1776752499.094253831] [robot_1.image_processor]: Zone=CLEAR
[image_processor-21] [INFO] [1776752499.102569888] [robot_0.image_processor]: Zone=CLEAR
[image_processor-25] [INFO] [1776752499.110374351] [robot_4.image_processor]: Zone=CLEAR
[image_processor-24] [INFO] [1776752499.118654047] [robot_3.image_processor]: Zone=CLEAR
[image_processor-23] [INFO] [1776752501.587160030] [robot_2.image_processor]: Zone=CLEAR
[image_processor-22] [INFO] [1776752501.596474365] [robot_1.image_processor]: Zone=CLEAR
[image_processor-21] [INFO] [1776752501.604882676] [robot_0.image_processor]: Zone=CLEAR
[image_processor-25] [INFO] [1776752501.611787186] [robot_4.image_processor]: Zone=CLEAR
[image_processor-24] [INFO] [1776752501.620256393] [robot_3.image_processor]: Zone=CLEAR
[image_processor-23] [INFO] [1776752504.086262818] [robot_2.image_processor]: Zone=CLEAR
[image_processor-22] [INFO] [1776752504.094593141] [robot_1.image_processor]: Zone=CLEAR
[image_processor-21] [INFO] [1776752504.102910710] [robot_0.image_processor]: Zone=CLEAR
[image_processor-25] [INFO] [1776752504.111491654] [robot_4.image_processor]: Zone=CLEAR
[image_processor-24] [INFO] [1776752504.118965967] [robot_3.image_processor]: Zone=CLEAR
[image_processor-23] [INFO] [1776752506.587073557] [robot_2.image_processor]: Zone=CLEAR
[image_processor-22] [INFO] [1776752506.596813460] [robot_1.image_processor]: Zone=CLEAR
[image_processor-21] [INFO] [1776752506.604894839] [robot_0.image_processor]: Zone=CLEAR
[image_processor-25] [INFO] [1776752506.613134619] [robot_4.image_processor]: Zone=CLEAR
[image_processor-24] [INFO] [1776752506.623086370] [robot_3.image_processor]: Zone=CLEAR
[image_processor-23] [INFO] [1776752509.086496176] [robot_2.image_processor]: Zone=CLEAR
[image_processor-22] [INFO] [1776752509.096429079] [robot_1.image_processor]: Zone=CLEAR
[image_processor-21] [INFO] [1776752509.105507495] [robot_0.image_processor]: Zone=CLEAR
[image_processor-25] [INFO] [1776752509.114097881] [robot_4.image_processor]: Zone=CLEAR
[image_processor-24] [INFO] [1776752509.122271975] [robot_3.image_processor]: Zone=CLEAR
[image_processor-23] [INFO] [1776752511.587342214] [robot_2.image_processor]: Zone=CLEAR
[image_processor-22] [INFO] [1776752511.595825152] [robot_1.image_processor]: Zone=CLEAR
[image_processor-21] [INFO] [1776752511.604617773] [robot_0.image_processor]: Zone=CLEAR
[image_processor-24] [INFO] [1776752511.620915572] [robot_3.image_processor]: Zone=CLEAR
[image_processor-25] [INFO] [1776752511.713755402] [robot_4.image_processor]: Zone=CLEAR
[image_processor-22] [INFO] [1776752514.094790919] [robot_1.image_processor]: Zone=CLEAR
[image_processor-21] [INFO] [1776752514.103034515] [robot_0.image_processor]: Zone=CLEAR
[image_processor-25] [INFO] [1776752514.111578224] [robot_4.image_processor]: Zone=CLEAR
[image_processor-24] [INFO] [1776752514.120601440] [robot_3.image_processor]: Zone=CLEAR
[image_processor-23] [INFO] [1776752514.187296418] [robot_2.image_processor]: Zone=CLEAR
[image_processor-23] [INFO] [1776752516.585136324] [robot_2.image_processor]: Zone=CLEAR
[image_processor-21] [INFO] [1776752516.604619794] [robot_0.image_processor]: Zone=CLEAR
[image_processor-25] [INFO] [1776752516.614250334] [robot_4.image_processor]: Zone=CLEAR
[image_processor-24] [INFO] [1776752516.621652434] [robot_3.image_processor]: Zone=CLEAR
[image_processor-22] [INFO] [1776752516.695056896] [robot_1.image_processor]: Zone=CLEAR
[image_processor-23] [INFO] [1776752519.088170723] [robot_2.image_processor]: Zone=CLEAR
[image_processor-22] [INFO] [1776752519.095575850] [robot_1.image_processor]: Zone=CLEAR
[image_processor-21] [INFO] [1776752519.104410043] [robot_0.image_processor]: Zone=CLEAR
[image_processor-25] [INFO] [1776752519.116138215] [robot_4.image_processor]: Zone=CLEAR
[image_processor-24] [INFO] [1776752519.124904435] [robot_3.image_processor]: Zone=CLEAR
[image_processor-23] [INFO] [1776752521.586370690] [robot_2.image_processor]: Zone=CLEAR
[image_processor-22] [INFO] [1776752521.593516995] [robot_1.image_processor]: Zone=CLEAR
[image_processor-21] [INFO] [1776752521.602237486] [robot_0.image_processor]: Zone=CLEAR
[image_processor-25] [INFO] [1776752521.609832759] [robot_4.image_processor]: Zone=CLEAR
[image_processor-24] [INFO] [1776752521.618111904] [robot_3.image_processor]: Zone=CLEAR
[image_processor-23] [INFO] [1776752524.087674098] [robot_2.image_processor]: Zone=CLEAR
[image_processor-22] [INFO] [1776752524.095788529] [robot_1.image_processor]: Zone=CLEAR
[image_processor-21] [INFO] [1776752524.104781973] [robot_0.image_processor]: Zone=CLEAR
[image_processor-25] [INFO] [1776752524.112843973] [robot_4.image_processor]: Zone=CLEAR
[image_processor-24] [INFO] [1776752524.121537719] [robot_3.image_processor]: Zone=CLEAR
[image_processor-23] [INFO] [1776752526.587287501] [robot_2.image_processor]: Zone=CLEAR
[image_processor-22] [INFO] [1776752526.595681886] [robot_1.image_processor]: Zone=CLEAR
[image_processor-21] [INFO] [1776752526.603238192] [robot_0.image_processor]: Zone=CLEAR
[image_processor-25] [INFO] [1776752526.614156480] [robot_4.image_processor]: Zone=CLEAR
[image_processor-24] [INFO] [1776752526.621368633] [robot_3.image_processor]: Zone=CLEAR
[image_processor-23] [INFO] [1776752529.087062399] [robot_2.image_processor]: Zone=CLEAR
[image_processor-22] [INFO] [1776752529.095126988] [robot_1.image_processor]: Zone=CLEAR
[image_processor-21] [INFO] [1776752529.104040521] [robot_0.image_processor]: Zone=CLEAR
[image_processor-25] [INFO] [1776752529.115200625] [robot_4.image_processor]: Zone=CLEAR
[image_processor-24] [INFO] [1776752529.123186781] [robot_3.image_processor]: Zone=CLEAR
[image_processor-23] [INFO] [1776752531.587374317] [robot_2.image_processor]: Zone=CLEAR
[image_processor-22] [INFO] [1776752531.595090324] [robot_1.image_processor]: Zone=CLEAR
[image_processor-21] [INFO] [1776752531.603877818] [robot_0.image_processor]: Zone=CLEAR
[image_processor-25] [INFO] [1776752531.613146247] [robot_4.image_processor]: Zone=CLEAR
[image_processor-24] [INFO] [1776752531.620063226] [robot_3.image_processor]: Zone=CLEAR
[image_processor-23] [INFO] [1776752534.088558258] [robot_2.image_processor]: Zone=CLEAR
[image_processor-22] [INFO] [1776752534.094909354] [robot_1.image_processor]: Zone=CLEAR
[image_processor-21] [INFO] [1776752534.106366329] [robot_0.image_processor]: Zone=CLEAR
[image_processor-25] [INFO] [1776752534.115382152] [robot_4.image_processor]: Zone=CLEAR
[image_processor-24] [INFO] [1776752534.123497341] [robot_3.image_processor]: Zone=CLEAR
[image_processor-23] [INFO] [1776752536.587459706] [robot_2.image_processor]: Zone=CLEAR
[image_processor-22] [INFO] [1776752536.594728564] [robot_1.image_processor]: Zone=CLEAR
[image_processor-21] [INFO] [1776752536.604013607] [robot_0.image_processor]: Zone=CLEAR
[image_processor-25] [INFO] [1776752536.613027731] [robot_4.image_processor]: Zone=CLEAR
[image_processor-24] [INFO] [1776752536.622260204] [robot_3.image_processor]: Zone=CLEAR
[image_processor-23] [INFO] [1776752539.085937472] [robot_2.image_processor]: Zone=CLEAR
[image_processor-22] [INFO] [1776752539.093713418] [robot_1.image_processor]: Zone=CLEAR
[image_processor-21] [INFO] [1776752539.102463834] [robot_0.image_processor]: Zone=CLEAR
[image_processor-25] [INFO] [1776752539.111108407] [robot_4.image_processor]: Zone=CLEAR
[image_processor-24] [INFO] [1776752539.120643961] [robot_3.image_processor]: Zone=CLEAR
[image_processor-23] [INFO] [1776752541.587294457] [robot_2.image_processor]: Zone=CLEAR
[image_processor-22] [INFO] [1776752541.594232811] [robot_1.image_processor]: Zone=CLEAR
[image_processor-21] [INFO] [1776752541.604762625] [robot_0.image_processor]: Zone=CLEAR
[image_processor-25] [INFO] [1776752541.612908486] [robot_4.image_processor]: Zone=CLEAR
[image_processor-24] [INFO] [1776752541.621492677] [robot_3.image_processor]: Zone=CLEAR
[image_processor-23] [INFO] [1776752544.088543868] [robot_2.image_processor]: Zone=CLEAR
[image_processor-22] [INFO] [1776752544.095059099] [robot_1.image_processor]: Zone=CLEAR
[image_processor-21] [INFO] [1776752544.104938219] [robot_0.image_processor]: Zone=CLEAR
[image_processor-25] [INFO] [1776752544.113435071] [robot_4.image_processor]: Zone=CLEAR
[image_processor-24] [INFO] [1776752544.124778273] [robot_3.image_processor]: Zone=CLEAR
[image_processor-23] [INFO] [1776752546.585835817] [robot_2.image_processor]: Zone=CLEAR
[image_processor-22] [INFO] [1776752546.594223883] [robot_1.image_processor]: Zone=CLEAR
[image_processor-21] [INFO] [1776752546.602299495] [robot_0.image_processor]: Zone=CLEAR
[image_processor-25] [INFO] [1776752546.610250671] [robot_4.image_processor]: Zone=CLEAR
[image_processor-24] [INFO] [1776752546.617664798] [robot_3.image_processor]: Zone=CLEAR
[image_processor-23] [INFO] [1776752549.085168353] [robot_2.image_processor]: Zone=CLEAR
[image_processor-22] [INFO] [1776752549.092883030] [robot_1.image_processor]: Zone=CLEAR
[image_processor-21] [INFO] [1776752549.102031481] [robot_0.image_processor]: Zone=CLEAR
[image_processor-25] [INFO] [1776752549.112497346] [robot_4.image_processor]: Zone=CLEAR
[image_processor-24] [INFO] [1776752549.120634640] [robot_3.image_processor]: Zone=CLEAR
[image_processor-23] [INFO] [1776752551.586342535] [robot_2.image_processor]: Zone=CLEAR
[image_processor-22] [INFO] [1776752551.593558001] [robot_1.image_processor]: Zone=CLEAR
[image_processor-21] [INFO] [1776752551.602011213] [robot_0.image_processor]: Zone=CLEAR
[image_processor-25] [INFO] [1776752551.610191705] [robot_4.image_processor]: Zone=CLEAR
[image_processor-24] [INFO] [1776752551.618513246] [robot_3.image_processor]: Zone=CLEAR
[image_processor-23] [INFO] [1776752554.087538557] [robot_2.image_processor]: Zone=CLEAR
[image_processor-22] [INFO] [1776752554.094736265] [robot_1.image_processor]: Zone=CLEAR
[image_processor-21] [INFO] [1776752554.102763992] [robot_0.image_processor]: Zone=CLEAR
[image_processor-25] [INFO] [1776752554.113036677] [robot_4.image_processor]: Zone=CLEAR
[image_processor-24] [INFO] [1776752554.121043693] [robot_3.image_processor]: Zone=CLEAR
[image_processor-23] [INFO] [1776752556.588790520] [robot_2.image_processor]: Zone=CLEAR
[image_processor-22] [INFO] [1776752556.597205833] [robot_1.image_processor]: Zone=CLEAR
[image_processor-21] [INFO] [1776752556.605810153] [robot_0.image_processor]: Zone=CLEAR
[image_processor-25] [INFO] [1776752556.614602494] [robot_4.image_processor]: Zone=CLEAR
[image_processor-24] [INFO] [1776752556.622777351] [robot_3.image_processor]: Zone=CLEAR
[image_processor-23] [INFO] [1776752559.087095035] [robot_2.image_processor]: Zone=CLEAR
[image_processor-22] [INFO] [1776752559.095515747] [robot_1.image_processor]: Zone=CLEAR
[image_processor-21] [INFO] [1776752559.104352634] [robot_0.image_processor]: Zone=CLEAR
[image_processor-25] [INFO] [1776752559.111784684] [robot_4.image_processor]: Zone=CLEAR
[image_processor-24] [INFO] [1776752559.119842380] [robot_3.image_processor]: Zone=CLEAR
[image_processor-23] [INFO] [1776752561.586715378] [robot_2.image_processor]: Zone=CLEAR
[image_processor-22] [INFO] [1776752561.593421907] [robot_1.image_processor]: Zone=CLEAR
[image_processor-21] [INFO] [1776752561.604946573] [robot_0.image_processor]: Zone=CLEAR
[image_processor-25] [INFO] [1776752561.613626669] [robot_4.image_processor]: Zone=CLEAR
[image_processor-24] [INFO] [1776752561.621723037] [robot_3.image_processor]: Zone=CLEAR
[image_processor-23] [INFO] [1776752564.085441542] [robot_2.image_processor]: Zone=CLEAR
[image_processor-22] [INFO] [1776752564.094132038] [robot_1.image_processor]: Zone=CLEAR
[image_processor-21] [INFO] [1776752564.106367929] [robot_0.image_processor]: Zone=CLEAR
[image_processor-25] [INFO] [1776752564.118145077] [robot_4.image_processor]: Zone=CLEAR
[image_processor-24] [INFO] [1776752564.127896341] [robot_3.image_processor]: Zone=CLEAR
[image_processor-23] [INFO] [1776752566.587247116] [robot_2.image_processor]: Zone=CLEAR
[image_processor-22] [INFO] [1776752566.598595794] [robot_1.image_processor]: Zone=CLEAR
[image_processor-21] [INFO] [1776752566.609119221] [robot_0.image_processor]: Zone=CLEAR
[image_processor-25] [INFO] [1776752566.616851306] [robot_4.image_processor]: Zone=CLEAR
[image_processor-24] [INFO] [1776752566.625837385] [robot_3.image_processor]: Zone=CLEAR
[image_processor-23] [INFO] [1776752569.085456855] [robot_2.image_processor]: Zone=CLEAR
[image_processor-22] [INFO] [1776752569.092994752] [robot_1.image_processor]: Zone=CLEAR
[image_processor-21] [INFO] [1776752569.102122986] [robot_0.image_processor]: Zone=CLEAR
[image_processor-25] [INFO] [1776752569.111445089] [robot_4.image_processor]: Zone=CLEAR
[image_processor-24] [INFO] [1776752569.119130627] [robot_3.image_processor]: Zone=CLEAR
[image_processor-23] [INFO] [1776752571.587820632] [robot_2.image_processor]: Zone=CLEAR
[image_processor-22] [INFO] [1776752571.596050364] [robot_1.image_processor]: Zone=CLEAR
[image_processor-21] [INFO] [1776752571.604575777] [robot_0.image_processor]: Zone=CLEAR
[image_processor-25] [INFO] [1776752571.615710278] [robot_4.image_processor]: Zone=CLEAR
[image_processor-24] [INFO] [1776752571.623661201] [robot_3.image_processor]: Zone=CLEAR
[image_processor-23] [INFO] [1776752574.086698202] [robot_2.image_processor]: Zone=CLEAR
[image_processor-22] [INFO] [1776752574.094474125] [robot_1.image_processor]: Zone=CLEAR
[image_processor-21] [INFO] [1776752574.103595022] [robot_0.image_processor]: Zone=CLEAR
[image_processor-25] [INFO] [1776752574.112228312] [robot_4.image_processor]: Zone=CLEAR
[image_processor-24] [INFO] [1776752574.120177135] [robot_3.image_processor]: Zone=CLEAR
[image_processor-23] [INFO] [1776752576.586134864] [robot_2.image_processor]: Zone=CLEAR
[image_processor-22] [INFO] [1776752576.594128768] [robot_1.image_processor]: Zone=CLEAR
[image_processor-21] [INFO] [1776752576.602401350] [robot_0.image_processor]: Zone=CLEAR
[image_processor-25] [INFO] [1776752576.610790302] [robot_4.image_processor]: Zone=CLEAR
[image_processor-24] [INFO] [1776752576.619080900] [robot_3.image_processor]: Zone=CLEAR
[image_processor-23] [INFO] [1776752579.087009987] [robot_2.image_processor]: Zone=CLEAR
[image_processor-25] [INFO] [1776752579.110800859] [robot_4.image_processor]: Zone=CLEAR
[image_processor-24] [INFO] [1776752579.122160169] [robot_3.image_processor]: Zone=CLEAR
[image_processor-22] [INFO] [1776752579.193688317] [robot_1.image_processor]: Zone=CLEAR
[image_processor-21] [INFO] [1776752579.203118276] [robot_0.image_processor]: Zone=CLEAR
[image_processor-23] [INFO] [1776752581.586766098] [robot_2.image_processor]: Zone=CLEAR
[image_processor-21] [INFO] [1776752581.604233966] [robot_0.image_processor]: Zone=CLEAR
[image_processor-25] [INFO] [1776752581.612115170] [robot_4.image_processor]: Zone=CLEAR
[image_processor-24] [INFO] [1776752581.620372234] [robot_3.image_processor]: Zone=CLEAR
[image_processor-22] [INFO] [1776752581.694260130] [robot_1.image_processor]: Zone=CLEAR
[image_processor-23] [INFO] [1776752584.086559002] [robot_2.image_processor]: Zone=CLEAR
[image_processor-22] [INFO] [1776752584.095046946] [robot_1.image_processor]: Zone=CLEAR
[image_processor-21] [INFO] [1776752584.104235203] [robot_0.image_processor]: Zone=CLEAR
[image_processor-25] [INFO] [1776752584.112985323] [robot_4.image_processor]: Zone=CLEAR
[image_processor-24] [INFO] [1776752584.120993735] [robot_3.image_processor]: Zone=CLEAR
[image_processor-23] [INFO] [1776752586.588361856] [robot_2.image_processor]: Zone=CLEAR
[image_processor-22] [INFO] [1776752586.596165633] [robot_1.image_processor]: Zone=CLEAR
[image_processor-21] [INFO] [1776752586.604395852] [robot_0.image_processor]: Zone=CLEAR
[image_processor-25] [INFO] [1776752586.613418784] [robot_4.image_processor]: Zone=CLEAR
[image_processor-24] [INFO] [1776752586.620216626] [robot_3.image_processor]: Zone=CLEAR
[image_processor-23] [INFO] [1776752589.088205647] [robot_2.image_processor]: Zone=CLEAR
[image_processor-22] [INFO] [1776752589.095580118] [robot_1.image_processor]: Zone=CLEAR
[image_processor-21] [INFO] [1776752589.103846522] [robot_0.image_processor]: Zone=CLEAR
[image_processor-25] [INFO] [1776752589.112566811] [robot_4.image_processor]: Zone=CLEAR
[image_processor-24] [INFO] [1776752589.121791585] [robot_3.image_processor]: Zone=CLEAR
[image_processor-23] [INFO] [1776752591.589127561] [robot_2.image_processor]: Zone=CLEAR
[image_processor-22] [INFO] [1776752591.599545398] [robot_1.image_processor]: Zone=CLEAR
[image_processor-21] [INFO] [1776752591.609170120] [robot_0.image_processor]: Zone=CLEAR
[image_processor-25] [INFO] [1776752591.617979019] [robot_4.image_processor]: Zone=CLEAR
[image_processor-24] [INFO] [1776752591.626383948] [robot_3.image_processor]: Zone=CLEAR
[image_processor-23] [INFO] [1776752594.087755304] [robot_2.image_processor]: Zone=CLEAR
[image_processor-22] [INFO] [1776752594.096291116] [robot_1.image_processor]: Zone=CLEAR
[image_processor-21] [INFO] [1776752594.102761948] [robot_0.image_processor]: Zone=CLEAR
[image_processor-25] [INFO] [1776752594.111090392] [robot_4.image_processor]: Zone=CLEAR
[image_processor-24] [INFO] [1776752594.119040823] [robot_3.image_processor]: Zone=CLEAR
[image_processor-23] [INFO] [1776752596.584361105] [robot_2.image_processor]: Zone=CLEAR
[image_processor-22] [INFO] [1776752596.593811138] [robot_1.image_processor]: Zone=CLEAR
[image_processor-21] [INFO] [1776752596.604811047] [robot_0.image_processor]: Zone=CLEAR
[image_processor-25] [INFO] [1776752596.615326989] [robot_4.image_processor]: Zone=CLEAR
[image_processor-24] [INFO] [1776752596.623225759] [robot_3.image_processor]: Zone=CLEAR
[image_processor-23] [INFO] [1776752599.085275066] [robot_2.image_processor]: Zone=CLEAR
[image_processor-22] [INFO] [1776752599.095869801] [robot_1.image_processor]: Zone=CLEAR
[image_processor-21] [INFO] [1776752599.104979541] [robot_0.image_processor]: Zone=CLEAR
[image_processor-25] [INFO] [1776752599.112821133] [robot_4.image_processor]: Zone=CLEAR
[image_processor-24] [INFO] [1776752599.122126216] [robot_3.image_processor]: Zone=CLEAR
[image_processor-23] [INFO] [1776752601.585518004] [robot_2.image_processor]: Zone=CLEAR
[image_processor-21] [INFO] [1776752601.603611484] [robot_0.image_processor]: Zone=CLEAR
[image_processor-25] [INFO] [1776752601.616418937] [robot_4.image_processor]: Zone=CLEAR
[image_processor-24] [INFO] [1776752601.625757035] [robot_3.image_processor]: Zone=CLEAR
[image_processor-22] [INFO] [1776752601.695308853] [robot_1.image_processor]: Zone=CLEAR
[image_processor-23] [INFO] [1776752604.085403341] [robot_2.image_processor]: Zone=CLEAR
[image_processor-22] [INFO] [1776752604.095234368] [robot_1.image_processor]: Zone=CLEAR
[image_processor-21] [INFO] [1776752604.106283502] [robot_0.image_processor]: Zone=CLEAR
[image_processor-25] [INFO] [1776752604.113049393] [robot_4.image_processor]: Zone=CLEAR
[image_processor-24] [INFO] [1776752604.121556245] [robot_3.image_processor]: Zone=CLEAR
[image_processor-23] [INFO] [1776752606.587981412] [robot_2.image_processor]: Zone=CLEAR
[image_processor-22] [INFO] [1776752606.595959040] [robot_1.image_processor]: Zone=CLEAR
[image_processor-21] [INFO] [1776752606.607050476] [robot_0.image_processor]: Zone=CLEAR
[image_processor-25] [INFO] [1776752606.615326287] [robot_4.image_processor]: Zone=CLEAR
[image_processor-24] [INFO] [1776752606.623710712] [robot_3.image_processor]: Zone=CLEAR
[image_processor-23] [INFO] [1776752609.087266239] [robot_2.image_processor]: Zone=CLEAR
[image_processor-22] [INFO] [1776752609.095693254] [robot_1.image_processor]: Zone=CLEAR
[image_processor-21] [INFO] [1776752609.103907053] [robot_0.image_processor]: Zone=CLEAR
[image_processor-25] [INFO] [1776752609.113229046] [robot_4.image_processor]: Zone=CLEAR
[image_processor-24] [INFO] [1776752609.120738793] [robot_3.image_processor]: Zone=CLEAR
[image_processor-23] [INFO] [1776752611.585013061] [robot_2.image_processor]: Zone=CLEAR
[image_processor-22] [INFO] [1776752611.594811721] [robot_1.image_processor]: Zone=CLEAR
[image_processor-21] [INFO] [1776752611.603657251] [robot_0.image_processor]: Zone=CLEAR
[image_processor-25] [INFO] [1776752611.611148961] [robot_4.image_processor]: Zone=CLEAR
[image_processor-24] [INFO] [1776752611.618230410] [robot_3.image_processor]: Zone=CLEAR
[image_processor-23] [INFO] [1776752614.085964129] [robot_2.image_processor]: Zone=CLEAR
[image_processor-22] [INFO] [1776752614.095555150] [robot_1.image_processor]: Zone=CLEAR
[image_processor-25] [INFO] [1776752614.112651671] [robot_4.image_processor]: Zone=CLEAR
[image_processor-24] [INFO] [1776752614.120259253] [robot_3.image_processor]: Zone=CLEAR
[image_processor-21] [INFO] [1776752614.205168262] [robot_0.image_processor]: Zone=CLEAR
[image_processor-23] [INFO] [1776752616.586348448] [robot_2.image_processor]: Zone=CLEAR
[image_processor-22] [INFO] [1776752616.593039757] [robot_1.image_processor]: Zone=CLEAR
[image_processor-21] [INFO] [1776752616.602874631] [robot_0.image_processor]: Zone=CLEAR
[image_processor-25] [INFO] [1776752616.610981716] [robot_4.image_processor]: Zone=CLEAR
[image_processor-24] [INFO] [1776752616.617677418] [robot_3.image_processor]: Zone=CLEAR
[image_processor-23] [INFO] [1776752619.086567482] [robot_2.image_processor]: Zone=CLEAR
[image_processor-22] [INFO] [1776752619.093743659] [robot_1.image_processor]: Zone=CLEAR
[image_processor-21] [INFO] [1776752619.104606683] [robot_0.image_processor]: Zone=CLEAR
[image_processor-25] [INFO] [1776752619.112908319] [robot_4.image_processor]: Zone=CLEAR
[image_processor-24] [INFO] [1776752619.120527032] [robot_3.image_processor]: Zone=CLEAR
[image_processor-23] [INFO] [1776752621.587120541] [robot_2.image_processor]: Zone=CLEAR
[image_processor-22] [INFO] [1776752621.594510439] [robot_1.image_processor]: Zone=CLEAR
[image_processor-21] [INFO] [1776752621.603767096] [robot_0.image_processor]: Zone=CLEAR
[image_processor-25] [INFO] [1776752621.612367393] [robot_4.image_processor]: Zone=CLEAR
[image_processor-24] [INFO] [1776752621.620497687] [robot_3.image_processor]: Zone=CLEAR
[image_processor-23] [INFO] [1776752624.086826656] [robot_2.image_processor]: Zone=CLEAR
[image_processor-22] [INFO] [1776752624.094079110] [robot_1.image_processor]: Zone=CLEAR
[image_processor-21] [INFO] [1776752624.104788526] [robot_0.image_processor]: Zone=CLEAR
[image_processor-25] [INFO] [1776752624.113070062] [robot_4.image_processor]: Zone=CLEAR
[image_processor-24] [INFO] [1776752624.119904074] [robot_3.image_processor]: Zone=CLEAR
[image_processor-23] [INFO] [1776752626.586120334] [robot_2.image_processor]: Zone=CLEAR
[image_processor-22] [INFO] [1776752626.596849896] [robot_1.image_processor]: Zone=CLEAR
[image_processor-21] [INFO] [1776752626.605513457] [robot_0.image_processor]: Zone=CLEAR
[image_processor-25] [INFO] [1776752626.614507823] [robot_4.image_processor]: Zone=CLEAR
[image_processor-24] [INFO] [1776752626.621648832] [robot_3.image_processor]: Zone=CLEAR
[image_processor-23] [INFO] [1776752629.084317975] [robot_2.image_processor]: Zone=CLEAR
[image_processor-22] [INFO] [1776752629.093860091] [robot_1.image_processor]: Zone=CLEAR
[image_processor-21] [INFO] [1776752629.103637879] [robot_0.image_processor]: Zone=CLEAR
[image_processor-25] [INFO] [1776752629.110876855] [robot_4.image_processor]: Zone=CLEAR
[image_processor-24] [INFO] [1776752629.119340397] [robot_3.image_processor]: Zone=CLEAR
[image_processor-23] [INFO] [1776752631.589354795] [robot_2.image_processor]: Zone=CLEAR
[image_processor-22] [INFO] [1776752631.597400489] [robot_1.image_processor]: Zone=CLEAR
[image_processor-21] [INFO] [1776752631.605524772] [robot_0.image_processor]: Zone=CLEAR
[image_processor-25] [INFO] [1776752631.615319423] [robot_4.image_processor]: Zone=CLEAR
[image_processor-24] [INFO] [1776752631.622683342] [robot_3.image_processor]: Zone=CLEAR
[image_processor-23] [INFO] [1776752634.086236105] [robot_2.image_processor]: Zone=CLEAR
[image_processor-22] [INFO] [1776752634.094706880] [robot_1.image_processor]: Zone=CLEAR
[image_processor-21] [INFO] [1776752634.103424136] [robot_0.image_processor]: Zone=CLEAR
[image_processor-25] [INFO] [1776752634.113059216] [robot_4.image_processor]: Zone=CLEAR
[image_processor-24] [INFO] [1776752634.120906616] [robot_3.image_processor]: Zone=CLEAR
[image_processor-23] [INFO] [1776752636.586631632] [robot_2.image_processor]: Zone=CLEAR
[image_processor-22] [INFO] [1776752636.594454547] [robot_1.image_processor]: Zone=CLEAR
[image_processor-21] [INFO] [1776752636.606684179] [robot_0.image_processor]: Zone=CLEAR
[image_processor-25] [INFO] [1776752636.615429572] [robot_4.image_processor]: Zone=CLEAR
[image_processor-24] [INFO] [1776752636.623518249] [robot_3.image_processor]: Zone=CLEAR
[image_processor-23] [INFO] [1776752639.087239107] [robot_2.image_processor]: Zone=CLEAR
[image_processor-22] [INFO] [1776752639.095353280] [robot_1.image_processor]: Zone=CLEAR
[image_processor-21] [INFO] [1776752639.104967176] [robot_0.image_processor]: Zone=CLEAR
[image_processor-25] [INFO] [1776752639.113527582] [robot_4.image_processor]: Zone=CLEAR
[image_processor-24] [INFO] [1776752639.120767749] [robot_3.image_processor]: Zone=CLEAR
[image_processor-23] [INFO] [1776752641.586458066] [robot_2.image_processor]: Zone=CLEAR
[image_processor-22] [INFO] [1776752641.593967730] [robot_1.image_processor]: Zone=CLEAR
[image_processor-21] [INFO] [1776752641.603661014] [robot_0.image_processor]: Zone=CLEAR
[image_processor-25] [INFO] [1776752641.611004986] [robot_4.image_processor]: Zone=CLEAR
[image_processor-24] [INFO] [1776752641.618250404] [robot_3.image_processor]: Zone=CLEAR
[image_processor-23] [INFO] [1776752644.088659758] [robot_2.image_processor]: Zone=CLEAR
[image_processor-22] [INFO] [1776752644.094463726] [robot_1.image_processor]: Zone=CLEAR
[image_processor-21] [INFO] [1776752644.106617156] [robot_0.image_processor]: Zone=CLEAR
[image_processor-25] [INFO] [1776752644.115002976] [robot_4.image_processor]: Zone=CLEAR
[image_processor-24] [INFO] [1776752644.123632809] [robot_3.image_processor]: Zone=CLEAR
[image_processor-23] [INFO] [1776752646.586024018] [robot_2.image_processor]: Zone=CLEAR
[image_processor-22] [INFO] [1776752646.593930016] [robot_1.image_processor]: Zone=CLEAR
[image_processor-21] [INFO] [1776752646.604403263] [robot_0.image_processor]: Zone=CLEAR
[image_processor-25] [INFO] [1776752646.611986680] [robot_4.image_processor]: Zone=CLEAR
[image_processor-24] [INFO] [1776752646.720713516] [robot_3.image_processor]: Zone=CLEAR
[image_processor-23] [INFO] [1776752649.086033163] [robot_2.image_processor]: Zone=CLEAR
[image_processor-22] [INFO] [1776752649.095681000] [robot_1.image_processor]: Zone=CLEAR
[image_processor-21] [INFO] [1776752649.105436149] [robot_0.image_processor]: Zone=CLEAR
[image_processor-25] [INFO] [1776752649.113688623] [robot_4.image_processor]: Zone=CLEAR
[image_processor-24] [INFO] [1776752649.122041897] [robot_3.image_processor]: Zone=CLEAR
[image_processor-23] [INFO] [1776752651.587910577] [robot_2.image_processor]: Zone=CLEAR
[image_processor-22] [INFO] [1776752651.596946775] [robot_1.image_processor]: Zone=CLEAR
[image_processor-21] [INFO] [1776752651.604350287] [robot_0.image_processor]: Zone=CLEAR
[image_processor-25] [INFO] [1776752651.611913458] [robot_4.image_processor]: Zone=CLEAR
[image_processor-24] [INFO] [1776752651.619839950] [robot_3.image_processor]: Zone=CLEAR
[image_processor-23] [INFO] [1776752654.087639219] [robot_2.image_processor]: Zone=CLEAR
[image_processor-22] [INFO] [1776752654.094628736] [robot_1.image_processor]: Zone=CLEAR
[image_processor-21] [INFO] [1776752654.104167712] [robot_0.image_processor]: Zone=CLEAR
[image_processor-25] [INFO] [1776752654.112076061] [robot_4.image_processor]: Zone=CLEAR
[image_processor-24] [INFO] [1776752654.120636711] [robot_3.image_processor]: Zone=CLEAR
[image_processor-23] [INFO] [1776752656.589283455] [robot_2.image_processor]: Zone=CLEAR
[image_processor-22] [INFO] [1776752656.597631203] [robot_1.image_processor]: Zone=CLEAR
[image_processor-21] [INFO] [1776752656.606501630] [robot_0.image_processor]: Zone=CLEAR
[image_processor-25] [INFO] [1776752656.614852872] [robot_4.image_processor]: Zone=CLEAR
[image_processor-24] [INFO] [1776752656.622838864] [robot_3.image_processor]: Zone=CLEAR
[image_processor-23] [INFO] [1776752659.087007796] [robot_2.image_processor]: Zone=CLEAR
[image_processor-22] [INFO] [1776752659.095914432] [robot_1.image_processor]: Zone=CLEAR
[image_processor-21] [INFO] [1776752659.103384425] [robot_0.image_processor]: Zone=CLEAR
[image_processor-25] [INFO] [1776752659.111650937] [robot_4.image_processor]: Zone=CLEAR
[image_processor-24] [INFO] [1776752659.119998244] [robot_3.image_processor]: Zone=CLEAR
[image_processor-23] [INFO] [1776752661.586212457] [robot_2.image_processor]: Zone=CLEAR
[image_processor-22] [INFO] [1776752661.596004380] [robot_1.image_processor]: Zone=CLEAR
[image_processor-21] [INFO] [1776752661.604216913] [robot_0.image_processor]: Zone=CLEAR
[image_processor-25] [INFO] [1776752661.612906128] [robot_4.image_processor]: Zone=CLEAR
[image_processor-24] [INFO] [1776752661.625979119] [robot_3.image_processor]: Zone=CLEAR
[image_processor-23] [INFO] [1776752664.089308838] [robot_2.image_processor]: Zone=CLEAR
[image_processor-22] [INFO] [1776752664.097819518] [robot_1.image_processor]: Zone=CLEAR
[image_processor-25] [INFO] [1776752664.114887932] [robot_4.image_processor]: Zone=CLEAR
[image_processor-24] [INFO] [1776752664.124011063] [robot_3.image_processor]: Zone=CLEAR
[image_processor-21] [INFO] [1776752664.207980372] [robot_0.image_processor]: Zone=CLEAR
[image_processor-23] [INFO] [1776752666.584873210] [robot_2.image_processor]: Zone=CLEAR
[image_processor-22] [INFO] [1776752666.595564963] [robot_1.image_processor]: Zone=CLEAR
[image_processor-21] [INFO] [1776752666.603605102] [robot_0.image_processor]: Zone=CLEAR
[image_processor-25] [INFO] [1776752666.611771366] [robot_4.image_processor]: Zone=CLEAR
[image_processor-24] [INFO] [1776752666.620514047] [robot_3.image_processor]: Zone=CLEAR
[image_processor-23] [INFO] [1776752669.089924279] [robot_2.image_processor]: Zone=CLEAR
[image_processor-22] [INFO] [1776752669.097101182] [robot_1.image_processor]: Zone=CLEAR
[image_processor-21] [INFO] [1776752669.105097214] [robot_0.image_processor]: Zone=CLEAR
[image_processor-25] [INFO] [1776752669.113009922] [robot_4.image_processor]: Zone=CLEAR
[image_processor-24] [INFO] [1776752669.121774154] [robot_3.image_processor]: Zone=CLEAR
[image_processor-23] [INFO] [1776752671.587499344] [robot_2.image_processor]: Zone=CLEAR
[image_processor-22] [INFO] [1776752671.595647080] [robot_1.image_processor]: Zone=CLEAR
[image_processor-21] [INFO] [1776752671.606251789] [robot_0.image_processor]: Zone=CLEAR
[image_processor-25] [INFO] [1776752671.613851142] [robot_4.image_processor]: Zone=CLEAR
[image_processor-24] [INFO] [1776752671.621508588] [robot_3.image_processor]: Zone=CLEAR
[image_processor-23] [INFO] [1776752674.086305981] [robot_2.image_processor]: Zone=CLEAR
[image_processor-22] [INFO] [1776752674.095298003] [robot_1.image_processor]: Zone=CLEAR
[image_processor-21] [INFO] [1776752674.104779805] [robot_0.image_processor]: Zone=CLEAR
[image_processor-25] [INFO] [1776752674.112472882] [robot_4.image_processor]: Zone=CLEAR
[image_processor-24] [INFO] [1776752674.120130008] [robot_3.image_processor]: Zone=CLEAR
[INFO] [image_processor-25]: sending signal 'SIGINT' to process[image_processor-25]
[ERROR] [ign gazebo-1]: process has died [pid 206275, exit code -15, cmd 'ruby /usr/bin/ign gazebo /home/ecem/ros2_ws/install/swarm_basics/share/swarm_basics/worlds/random_world.sdf -s -r --force-version 6'].
[ERROR] [parameter_bridge-4]: process has died [pid 206282, exit code -15, cmd '/opt/ros/humble/lib/ros_ign_bridge/parameter_bridge /robot_0/cmd_vel@geometry_msgs/msg/Twist]ignition.msgs.Twist /robot_0/odom@nav_msgs/msg/Odometry[ignition.msgs.Odometry /robot_0/depth_camera/depth_image@sensor_msgs/msg/Image[ignition.msgs.Image /world/random_world/model/robot_0/link/robot_0/base_footprint/sensor/contact_sensor/contact@ros_gz_interfaces/msg/Contacts[ignition.msgs.Contacts /robot_1/cmd_vel@geometry_msgs/msg/Twist]ignition.msgs.Twist /robot_1/odom@nav_msgs/msg/Odometry[ignition.msgs.Odometry /robot_1/depth_camera/depth_image@sensor_msgs/msg/Image[ignition.msgs.Image /world/random_world/model/robot_1/link/robot_1/base_footprint/sensor/contact_sensor/contact@ros_gz_interfaces/msg/Contacts[ignition.msgs.Contacts /robot_2/cmd_vel@geometry_msgs/msg/Twist]ignition.msgs.Twist /robot_2/odom@nav_msgs/msg/Odometry[ignition.msgs.Odometry /robot_2/depth_camera/depth_image@sensor_msgs/msg/Image[ignition.msgs.Image /world/random_world/model/robot_2/link/robot_2/base_footprint/sensor/contact_sensor/contact@ros_gz_interfaces/msg/Contacts[ignition.msgs.Contacts /robot_3/cmd_vel@geometry_msgs/msg/Twist]ignition.msgs.Twist /robot_3/odom@nav_msgs/msg/Odometry[ignition.msgs.Odometry /robot_3/depth_camera/depth_image@sensor_msgs/msg/Image[ignition.msgs.Image /world/random_world/model/robot_3/link/robot_3/base_footprint/sensor/contact_sensor/contact@ros_gz_interfaces/msg/Contacts[ignition.msgs.Contacts /robot_4/cmd_vel@geometry_msgs/msg/Twist]ignition.msgs.Twist /robot_4/odom@nav_msgs/msg/Odometry[ignition.msgs.Odometry /robot_4/depth_camera/depth_image@sensor_msgs/msg/Image[ignition.msgs.Image /world/random_world/model/robot_4/link/robot_4/base_footprint/sensor/contact_sensor/contact@ros_gz_interfaces/msg/Contacts[ignition.msgs.Contacts /world/random_world/dynamic_pose/info@tf2_msgs/msg/TFMessage[ignition.msgs.Pose_V --ros-args -r __node:=all_robots_bridge --params-file /tmp/launch_params_gtunftp7'].
[INFO] [parameter_bridge-20]: process has finished cleanly [pid 206417]
[INFO] [image_processor-24]: sending signal 'SIGINT' to process[image_processor-24]
[INFO] [bash-26]: process started with pid [206836]
[INFO] [image_processor-23]: sending signal 'SIGINT' to process[image_processor-23]
[INFO] [image_processor-22]: sending signal 'SIGINT' to process[image_processor-22]
[INFO] [image_processor-21]: sending signal 'SIGINT' to process[image_processor-21]
[INFO] [robot_supervisor-19]: sending signal 'SIGINT' to process[robot_supervisor-19]
[INFO] [robot_state_publisher-17]: sending signal 'SIGINT' to process[robot_state_publisher-17]
[INFO] [robot_supervisor-16]: sending signal 'SIGINT' to process[robot_supervisor-16]
[INFO] [robot_state_publisher-14]: sending signal 'SIGINT' to process[robot_state_publisher-14]
[INFO] [robot_supervisor-13]: sending signal 'SIGINT' to process[robot_supervisor-13]
[ERROR] [bash-26]: process has died [pid 206836, exit code -15, cmd 'bash -lc pkill -f parameter_bridge || true'].
[INFO] [robot_state_publisher-11]: sending signal 'SIGINT' to process[robot_state_publisher-11]
[INFO] [robot_supervisor-10]: sending signal 'SIGINT' to process[robot_supervisor-10]
[INFO] [robot_state_publisher-8]: sending signal 'SIGINT' to process[robot_state_publisher-8]
[INFO] [robot_supervisor-7]: sending signal 'SIGINT' to process[robot_supervisor-7]
[INFO] [robot_state_publisher-5]: sending signal 'SIGINT' to process[robot_state_publisher-5]
[INFO] [bump_counter-3]: sending signal 'SIGINT' to process[bump_counter-3]
[INFO] [coverage_counter-2]: sending signal 'SIGINT' to process[coverage_counter-2]
[parameter_bridge-20] [INFO] [1776752676.247068692] [rclcpp]: signal_handler(SIGINT/SIGTERM)
[parameter_bridge-4] [INFO] [1776752676.247155625] [rclcpp]: signal_handler(SIGINT/SIGTERM)
[INFO] [launch]: process[ign gazebo-1] was required: shutting down launched system
[image_processor-25] [INFO] [1776752676.930055363] [rclcpp]: signal_handler(SIGINT/SIGTERM)
[image_processor-24] [INFO] [1776752676.939215677] [rclcpp]: signal_handler(SIGINT/SIGTERM)
[image_processor-23] [INFO] [1776752676.943004295] [rclcpp]: signal_handler(SIGINT/SIGTERM)
[image_processor-22] [INFO] [1776752676.945312751] [rclcpp]: signal_handler(SIGINT/SIGTERM)
[image_processor-21] [INFO] [1776752676.947525375] [rclcpp]: signal_handler(SIGINT/SIGTERM)
[robot_supervisor-19] Traceback (most recent call last):
[robot_supervisor-19]   File "/home/ecem/ros2_ws/install/swarm_basics/lib/swarm_basics/robot_supervisor", line 33, in <module>
[robot_supervisor-19]     sys.exit(load_entry_point('swarm-basics==0.0.0', 'console_scripts', 'robot_supervisor')())
[robot_supervisor-19]   File "/home/ecem/ros2_ws/install/swarm_basics/lib/python3.10/site-packages/swarm_basics/robot_supervisor.py", line 867, in main
[robot_supervisor-19]     rclpy.spin(node)
[robot_supervisor-19]   File "/opt/ros/humble/local/lib/python3.10/dist-packages/rclpy/__init__.py", line 229, in spin
[robot_supervisor-19]     executor.spin_once()
[robot_supervisor-19]   File "/opt/ros/humble/local/lib/python3.10/dist-packages/rclpy/executors.py", line 773, in spin_once
[robot_supervisor-19]     self._spin_once_impl(timeout_sec)
[robot_supervisor-19]   File "/opt/ros/humble/local/lib/python3.10/dist-packages/rclpy/executors.py", line 762, in _spin_once_impl
[robot_supervisor-19]     handler, entity, node = self.wait_for_ready_callbacks(timeout_sec=timeout_sec)
[robot_supervisor-19]   File "/opt/ros/humble/local/lib/python3.10/dist-packages/rclpy/executors.py", line 745, in wait_for_ready_callbacks
[robot_supervisor-19]     return next(self._cb_iter)
[robot_supervisor-19]   File "/opt/ros/humble/local/lib/python3.10/dist-packages/rclpy/executors.py", line 642, in _wait_for_ready_callbacks
[robot_supervisor-19]     wait_set.wait(timeout_nsec)
[robot_supervisor-19] KeyboardInterrupt
[robot_state_publisher-17] [INFO] [1776752676.953759678] [rclcpp]: signal_handler(SIGINT/SIGTERM)
[robot_supervisor-16] Traceback (most recent call last):
[robot_supervisor-16]   File "/home/ecem/ros2_ws/install/swarm_basics/lib/swarm_basics/robot_supervisor", line 33, in <module>
[robot_supervisor-16]     sys.exit(load_entry_point('swarm-basics==0.0.0', 'console_scripts', 'robot_supervisor')())
[robot_supervisor-16]   File "/home/ecem/ros2_ws/install/swarm_basics/lib/python3.10/site-packages/swarm_basics/robot_supervisor.py", line 867, in main
[robot_supervisor-16]     rclpy.spin(node)
[robot_supervisor-16]   File "/opt/ros/humble/local/lib/python3.10/dist-packages/rclpy/__init__.py", line 229, in spin
[robot_supervisor-16]     executor.spin_once()
[robot_supervisor-16]   File "/opt/ros/humble/local/lib/python3.10/dist-packages/rclpy/executors.py", line 773, in spin_once
[robot_supervisor-16]     self._spin_once_impl(timeout_sec)
[robot_supervisor-16]   File "/opt/ros/humble/local/lib/python3.10/dist-packages/rclpy/executors.py", line 762, in _spin_once_impl
[robot_supervisor-16]     handler, entity, node = self.wait_for_ready_callbacks(timeout_sec=timeout_sec)
[robot_supervisor-16]   File "/opt/ros/humble/local/lib/python3.10/dist-packages/rclpy/executors.py", line 745, in wait_for_ready_callbacks
[robot_supervisor-16]     return next(self._cb_iter)
[robot_supervisor-16]   File "/opt/ros/humble/local/lib/python3.10/dist-packages/rclpy/executors.py", line 642, in _wait_for_ready_callbacks
[robot_supervisor-16]     wait_set.wait(timeout_nsec)
[robot_supervisor-16] KeyboardInterrupt
[robot_state_publisher-14] [INFO] [1776752676.959303257] [rclcpp]: signal_handler(SIGINT/SIGTERM)
[robot_supervisor-13] Traceback (most recent call last):
[robot_supervisor-13]   File "/home/ecem/ros2_ws/install/swarm_basics/lib/swarm_basics/robot_supervisor", line 33, in <module>
[robot_supervisor-13]     sys.exit(load_entry_point('swarm-basics==0.0.0', 'console_scripts', 'robot_supervisor')())
[robot_supervisor-13]   File "/home/ecem/ros2_ws/install/swarm_basics/lib/python3.10/site-packages/swarm_basics/robot_supervisor.py", line 867, in main
[robot_supervisor-13]     rclpy.spin(node)
[robot_supervisor-13]   File "/opt/ros/humble/local/lib/python3.10/dist-packages/rclpy/__init__.py", line 229, in spin
[robot_supervisor-13]     executor.spin_once()
[robot_supervisor-13]   File "/opt/ros/humble/local/lib/python3.10/dist-packages/rclpy/executors.py", line 773, in spin_once
[robot_supervisor-13]     self._spin_once_impl(timeout_sec)
[robot_supervisor-13]   File "/opt/ros/humble/local/lib/python3.10/dist-packages/rclpy/executors.py", line 762, in _spin_once_impl
[robot_supervisor-13]     handler, entity, node = self.wait_for_ready_callbacks(timeout_sec=timeout_sec)
[robot_supervisor-13]   File "/opt/ros/humble/local/lib/python3.10/dist-packages/rclpy/executors.py", line 745, in wait_for_ready_callbacks
[robot_supervisor-13]     return next(self._cb_iter)
[robot_supervisor-13]   File "/opt/ros/humble/local/lib/python3.10/dist-packages/rclpy/executors.py", line 642, in _wait_for_ready_callbacks
[robot_supervisor-13]     wait_set.wait(timeout_nsec)
[robot_supervisor-13] KeyboardInterrupt
[robot_state_publisher-11] [INFO] [1776752676.964802740] [rclcpp]: signal_handler(SIGINT/SIGTERM)
[robot_supervisor-10] Traceback (most recent call last):
[robot_supervisor-10]   File "/home/ecem/ros2_ws/install/swarm_basics/lib/swarm_basics/robot_supervisor", line 33, in <module>
[robot_supervisor-10]     sys.exit(load_entry_point('swarm-basics==0.0.0', 'console_scripts', 'robot_supervisor')())
[robot_supervisor-10]   File "/home/ecem/ros2_ws/install/swarm_basics/lib/python3.10/site-packages/swarm_basics/robot_supervisor.py", line 867, in main
[robot_supervisor-10]     rclpy.spin(node)
[robot_supervisor-10]   File "/opt/ros/humble/local/lib/python3.10/dist-packages/rclpy/__init__.py", line 229, in spin
[robot_supervisor-10]     executor.spin_once()
[robot_supervisor-10]   File "/opt/ros/humble/local/lib/python3.10/dist-packages/rclpy/executors.py", line 773, in spin_once
[robot_supervisor-10]     self._spin_once_impl(timeout_sec)
[robot_supervisor-10]   File "/opt/ros/humble/local/lib/python3.10/dist-packages/rclpy/executors.py", line 762, in _spin_once_impl
[robot_supervisor-10]     handler, entity, node = self.wait_for_ready_callbacks(timeout_sec=timeout_sec)
[robot_supervisor-10]   File "/opt/ros/humble/local/lib/python3.10/dist-packages/rclpy/executors.py", line 745, in wait_for_ready_callbacks
[robot_supervisor-10]     return next(self._cb_iter)
[robot_supervisor-10]   File "/opt/ros/humble/local/lib/python3.10/dist-packages/rclpy/executors.py", line 642, in _wait_for_ready_callbacks
[robot_supervisor-10]     wait_set.wait(timeout_nsec)
[robot_supervisor-10] KeyboardInterrupt
[robot_state_publisher-8] [INFO] [1776752676.969420549] [rclcpp]: signal_handler(SIGINT/SIGTERM)
[robot_supervisor-7] Traceback (most recent call last):
[robot_supervisor-7]   File "/home/ecem/ros2_ws/install/swarm_basics/lib/swarm_basics/robot_supervisor", line 33, in <module>
[robot_supervisor-7]     sys.exit(load_entry_point('swarm-basics==0.0.0', 'console_scripts', 'robot_supervisor')())
[robot_supervisor-7]   File "/home/ecem/ros2_ws/install/swarm_basics/lib/python3.10/site-packages/swarm_basics/robot_supervisor.py", line 867, in main
[robot_supervisor-7]     rclpy.spin(node)
[robot_supervisor-7]   File "/opt/ros/humble/local/lib/python3.10/dist-packages/rclpy/__init__.py", line 229, in spin
[robot_supervisor-7]     executor.spin_once()
[robot_supervisor-7]   File "/opt/ros/humble/local/lib/python3.10/dist-packages/rclpy/executors.py", line 773, in spin_once
[robot_supervisor-7]     self._spin_once_impl(timeout_sec)
[robot_supervisor-7]   File "/opt/ros/humble/local/lib/python3.10/dist-packages/rclpy/executors.py", line 762, in _spin_once_impl
[robot_supervisor-7]     handler, entity, node = self.wait_for_ready_callbacks(timeout_sec=timeout_sec)
[robot_supervisor-7]   File "/opt/ros/humble/local/lib/python3.10/dist-packages/rclpy/executors.py", line 745, in wait_for_ready_callbacks
[robot_supervisor-7]     return next(self._cb_iter)
[robot_supervisor-7]   File "/opt/ros/humble/local/lib/python3.10/dist-packages/rclpy/executors.py", line 642, in _wait_for_ready_callbacks
[robot_supervisor-7]     wait_set.wait(timeout_nsec)
[robot_supervisor-7] KeyboardInterrupt
[robot_state_publisher-5] [INFO] [1776752676.974261457] [rclcpp]: signal_handler(SIGINT/SIGTERM)
[ERROR] [launch]: Caught exception in launch (see debug for traceback): ExecuteLocal action 'bash-27': executed more than once: <launch.actions.execute_process.ExecuteProcess object at 0x7cf70b6c4880>
[INFO] [image_processor-25]: process has finished cleanly [pid 206680]
[INFO] [image_processor-24]: process has finished cleanly [pid 206678]
[INFO] [image_processor-22]: process has finished cleanly [pid 206674]
[INFO] [image_processor-23]: process has finished cleanly [pid 206676]
[INFO] [image_processor-21]: process has finished cleanly [pid 206672]
[INFO] [robot_state_publisher-17]: process has finished cleanly [pid 206310]
[INFO] [robot_state_publisher-14]: process has finished cleanly [pid 206304]
[INFO] [robot_state_publisher-11]: process has finished cleanly [pid 206298]
[INFO] [robot_state_publisher-8]: process has finished cleanly [pid 206292]
[INFO] [robot_state_publisher-5]: process has finished cleanly [pid 206284]
[coverage_counter-2] Traceback (most recent call last):
[coverage_counter-2]   File "/home/ecem/ros2_ws/install/swarm_basics/lib/python3.10/site-packages/swarm_basics/coverage_counter.py", line 418, in main
[coverage_counter-2]     rclpy.spin(node)
[coverage_counter-2]   File "/opt/ros/humble/local/lib/python3.10/dist-packages/rclpy/__init__.py", line 229, in spin
[coverage_counter-2]     executor.spin_once()
[coverage_counter-2]   File "/opt/ros/humble/local/lib/python3.10/dist-packages/rclpy/executors.py", line 773, in spin_once
[coverage_counter-2]     self._spin_once_impl(timeout_sec)
[coverage_counter-2]   File "/opt/ros/humble/local/lib/python3.10/dist-packages/rclpy/executors.py", line 768, in _spin_once_impl
[coverage_counter-2]     handler()
[coverage_counter-2]   File "/opt/ros/humble/local/lib/python3.10/dist-packages/rclpy/task.py", line 254, in __call__
[coverage_counter-2]     self._handler.send(None)
[coverage_counter-2]   File "/opt/ros/humble/local/lib/python3.10/dist-packages/rclpy/executors.py", line 463, in handler
[coverage_counter-2]     await call_coroutine(entity, arg)
[coverage_counter-2]   File "/opt/ros/humble/local/lib/python3.10/dist-packages/rclpy/executors.py", line 371, in _execute_timer
[coverage_counter-2]     await await_or_execute(tmr.callback)
[coverage_counter-2]   File "/opt/ros/humble/local/lib/python3.10/dist-packages/rclpy/executors.py", line 107, in await_or_execute
[coverage_counter-2]     return callback(*args)
[coverage_counter-2]   File "/home/ecem/ros2_ws/install/swarm_basics/lib/python3.10/site-packages/swarm_basics/coverage_counter.py", line 152, in _on_timeout_timer
[coverage_counter-2]     self.shutdown_and_save()
[coverage_counter-2]   File "/home/ecem/ros2_ws/install/swarm_basics/lib/python3.10/site-packages/swarm_basics/coverage_counter.py", line 174, in shutdown_and_save
[coverage_counter-2]     rclpy.shutdown()
[coverage_counter-2]   File "/opt/ros/humble/local/lib/python3.10/dist-packages/rclpy/__init__.py", line 130, in shutdown
[coverage_counter-2]     _shutdown(context=context)
[coverage_counter-2]   File "/opt/ros/humble/local/lib/python3.10/dist-packages/rclpy/utilities.py", line 58, in shutdown
[coverage_counter-2]     return context.shutdown()
[coverage_counter-2]   File "/opt/ros/humble/local/lib/python3.10/dist-packages/rclpy/context.py", line 103, in shutdown
[coverage_counter-2]     self._call_on_shutdown_callbacks()
[coverage_counter-2]   File "/opt/ros/humble/local/lib/python3.10/dist-packages/rclpy/context.py", line 92, in _call_on_shutdown_callbacks
[coverage_counter-2]     callback = weak_method()
[coverage_counter-2]   File "/opt/ros/humble/local/lib/python3.10/dist-packages/rclpy/__init__.py", line 111, in reset_executor
[coverage_counter-2]     __executor.shutdown()
[coverage_counter-2]   File "/opt/ros/humble/local/lib/python3.10/dist-packages/rclpy/executors.py", line 227, in shutdown
[coverage_counter-2]     if not self._work_tracker.wait(timeout_sec):
[coverage_counter-2]   File "/opt/ros/humble/local/lib/python3.10/dist-packages/rclpy/executors.py", line 94, in wait
[coverage_counter-2]     if not self._work_condition.wait_for(
[coverage_counter-2]   File "/usr/lib/python3.10/threading.py", line 355, in wait_for
[coverage_counter-2]     self.wait(waittime)
[coverage_counter-2]   File "/usr/lib/python3.10/threading.py", line 320, in wait
[coverage_counter-2]     waiter.acquire()
[coverage_counter-2] KeyboardInterrupt
[coverage_counter-2] 
[coverage_counter-2] During handling of the above exception, another exception occurred:
[coverage_counter-2] 
[coverage_counter-2] Traceback (most recent call last):
[coverage_counter-2]   File "/home/ecem/ros2_ws/install/swarm_basics/lib/swarm_basics/coverage_counter", line 33, in <module>
[coverage_counter-2]     sys.exit(load_entry_point('swarm-basics==0.0.0', 'console_scripts', 'coverage_counter')())
[coverage_counter-2]   File "/home/ecem/ros2_ws/install/swarm_basics/lib/python3.10/site-packages/swarm_basics/coverage_counter.py", line 421, in main
[coverage_counter-2]     node.shutdown_and_save()
[coverage_counter-2]   File "/home/ecem/ros2_ws/install/swarm_basics/lib/python3.10/site-packages/swarm_basics/coverage_counter.py", line 174, in shutdown_and_save
[coverage_counter-2]     rclpy.shutdown()
[coverage_counter-2]   File "/opt/ros/humble/local/lib/python3.10/dist-packages/rclpy/__init__.py", line 130, in shutdown
[coverage_counter-2]     _shutdown(context=context)
[coverage_counter-2]   File "/opt/ros/humble/local/lib/python3.10/dist-packages/rclpy/utilities.py", line 58, in shutdown
[coverage_counter-2]     return context.shutdown()
[coverage_counter-2]   File "/opt/ros/humble/local/lib/python3.10/dist-packages/rclpy/context.py", line 100, in shutdown
[coverage_counter-2]     raise RuntimeError('Context must be initialized before it can be shutdown')
[coverage_counter-2] RuntimeError: Context must be initialized before it can be shutdown
[bump_counter-3] Traceback (most recent call last):
[bump_counter-3]   File "/home/ecem/ros2_ws/install/swarm_basics/lib/swarm_basics/bump_counter", line 33, in <module>
[bump_counter-3]     sys.exit(load_entry_point('swarm-basics==0.0.0', 'console_scripts', 'bump_counter')())
[bump_counter-3]   File "/home/ecem/ros2_ws/install/swarm_basics/lib/python3.10/site-packages/swarm_basics/bump_counter.py", line 384, in main
[bump_counter-3]     rclpy.shutdown()
[bump_counter-3]   File "/opt/ros/humble/local/lib/python3.10/dist-packages/rclpy/__init__.py", line 130, in shutdown
[bump_counter-3]     _shutdown(context=context)
[bump_counter-3]   File "/opt/ros/humble/local/lib/python3.10/dist-packages/rclpy/utilities.py", line 58, in shutdown
[bump_counter-3]     return context.shutdown()
[bump_counter-3]   File "/opt/ros/humble/local/lib/python3.10/dist-packages/rclpy/context.py", line 102, in shutdown
[bump_counter-3]     self.__context.shutdown()
[bump_counter-3] rclpy._rclpy_pybind11.RCLError: failed to shutdown: rcl_shutdown already called on the given context, at ./src/rcl/init.c:241
[ERROR] [coverage_counter-2]: process has died [pid 206277, exit code 1, cmd '/home/ecem/ros2_ws/install/swarm_basics/lib/swarm_basics/coverage_counter --ros-args -r __node:=coverage_counter --params-file /tmp/launch_params_xt3fq1qp --params-file /tmp/launch_params_56a6f_f6 --params-file /tmp/launch_params_rr4g7ek_ --params-file /tmp/launch_params_ut_2tubl --params-file /tmp/launch_params_yg1akv7u --params-file /tmp/launch_params_l52k9i0q'].
[ERROR] [bump_counter-3]: process has died [pid 206280, exit code 1, cmd '/home/ecem/ros2_ws/install/swarm_basics/lib/swarm_basics/bump_counter --ros-args -r __node:=bump_counter --params-file /tmp/launch_params_ln5l8cc2 --params-file /tmp/launch_params_rshxg7ee --params-file /tmp/launch_params_64xrwjn8'].
[ERROR] [robot_supervisor-19]: process has died [pid 206415, exit code -2, cmd '/home/ecem/ros2_ws/install/swarm_basics/lib/swarm_basics/robot_supervisor --ros-args -r __node:=robot_supervisor -r __ns:=/robot_4 --params-file /tmp/launch_params_fsu81f1c --params-file /tmp/launch_params_oe3m1_iu --params-file /tmp/launch_params_n8pz8lug --params-file /tmp/launch_params_6wbs8h1g'].
[ERROR] [robot_supervisor-16]: process has died [pid 206308, exit code -2, cmd '/home/ecem/ros2_ws/install/swarm_basics/lib/swarm_basics/robot_supervisor --ros-args -r __node:=robot_supervisor -r __ns:=/robot_3 --params-file /tmp/launch_params_lscdifos --params-file /tmp/launch_params_i5fiwb8j --params-file /tmp/launch_params_0pcxdu9t --params-file /tmp/launch_params_k0xp4983'].
[ERROR] [robot_supervisor-10]: process has died [pid 206296, exit code -2, cmd '/home/ecem/ros2_ws/install/swarm_basics/lib/swarm_basics/robot_supervisor --ros-args -r __node:=robot_supervisor -r __ns:=/robot_1 --params-file /tmp/launch_params_wkl4k8ho --params-file /tmp/launch_params_sfv2bsm1 --params-file /tmp/launch_params_0s581hhd --params-file /tmp/launch_params_1rl8a51i'].
[ERROR] [robot_supervisor-13]: process has died [pid 206302, exit code -2, cmd '/home/ecem/ros2_ws/install/swarm_basics/lib/swarm_basics/robot_supervisor --ros-args -r __node:=robot_supervisor -r __ns:=/robot_2 --params-file /tmp/launch_params_vyz9qdkb --params-file /tmp/launch_params_6cfqh4ui --params-file /tmp/launch_params_09mcf83z --params-file /tmp/launch_params_d1rr1fot'].
[ERROR] [robot_supervisor-7]: process has died [pid 206289, exit code -2, cmd '/home/ecem/ros2_ws/install/swarm_basics/lib/swarm_basics/robot_supervisor --ros-args -r __node:=robot_supervisor -r __ns:=/robot_0 --params-file /tmp/launch_params_9fk24wj2 --params-file /tmp/launch_params_q8x86h3q --params-file /tmp/launch_params_ea69pxc_ --params-file /tmp/launch_params_1n0mtwjy'].
