[0.021s] Invoking command in '/home/ecem/ros2_ws/src/Leo_sct/build/leo_description': CMAKE_PREFIX_PATH=${CMAKE_PREFIX_PATH}:/home/ecem/ros2_ws/install/swarm_basics:/opt/ros/humble /usr/bin/cmake /home/ecem/ros2_ws/src/Leo_sct/leo_common-ros2/leo_description -DCMAKE_INSTALL_PREFIX=/home/ecem/ros2_ws/src/Leo_sct/install/leo_description
[0.080s] -- The C compiler identification is GNU 11.4.0
[0.141s] -- The CXX compiler identification is GNU 11.4.0
[0.148s] -- Detecting C compiler ABI info
[0.223s] -- Detecting C compiler ABI info - done
[0.232s] -- Check for working C compiler: /usr/bin/cc - skipped
[0.232s] -- Detecting C compile features
[0.232s] -- Detecting C compile features - done
[0.236s] -- Detecting CXX compiler ABI info
[0.331s] -- Detecting CXX compiler ABI info - done
[0.340s] -- Check for working CXX compiler: /usr/bin/c++ - skipped
[0.340s] -- Detecting CXX compile features
[0.341s] -- Detecting CXX compile features - done
[0.345s] -- Found ament_cmake: 1.3.12 (/opt/ros/humble/share/ament_cmake/cmake)
[0.539s] -- Found Python3: /usr/bin/python3 (found version "3.10.12") found components: Interpreter 
[0.676s] -- Found ament_lint_auto: 0.12.14 (/opt/ros/humble/share/ament_lint_auto/cmake)
[0.775s] -- Added test 'lint_cmake' to check CMake code style
[0.775s] -- Added test 'xmllint' to check XML markup files
[0.777s] -- Configuring done
[0.779s] -- Generating done
[0.781s] -- Build files have been written to: /home/ecem/ros2_ws/src/Leo_sct/build/leo_description
[0.785s] Invoked command in '/home/ecem/ros2_ws/src/Leo_sct/build/leo_description' returned '0': CMAKE_PREFIX_PATH=${CMAKE_PREFIX_PATH}:/home/ecem/ros2_ws/install/swarm_basics:/opt/ros/humble /usr/bin/cmake /home/ecem/ros2_ws/src/Leo_sct/leo_common-ros2/leo_description -DCMAKE_INSTALL_PREFIX=/home/ecem/ros2_ws/src/Leo_sct/install/leo_description
[0.787s] Invoking command in '/home/ecem/ros2_ws/src/Leo_sct/build/leo_description': CMAKE_PREFIX_PATH=${CMAKE_PREFIX_PATH}:/home/ecem/ros2_ws/install/swarm_basics:/opt/ros/humble /usr/bin/cmake --build /home/ecem/ros2_ws/src/Leo_sct/build/leo_description -- -j22 -l22
[0.833s] Invoked command in '/home/ecem/ros2_ws/src/Leo_sct/build/leo_description' returned '0': CMAKE_PREFIX_PATH=${CMAKE_PREFIX_PATH}:/home/ecem/ros2_ws/install/swarm_basics:/opt/ros/humble /usr/bin/cmake --build /home/ecem/ros2_ws/src/Leo_sct/build/leo_description -- -j22 -l22
[0.845s] Invoking command in '/home/ecem/ros2_ws/src/Leo_sct/build/leo_description': CMAKE_PREFIX_PATH=${CMAKE_PREFIX_PATH}:/home/ecem/ros2_ws/install/swarm_basics:/opt/ros/humble /usr/bin/cmake --install /home/ecem/ros2_ws/src/Leo_sct/build/leo_description
[0.855s] -- Install configuration: ""
[0.855s] -- Installing: /home/ecem/ros2_ws/src/Leo_sct/install/leo_description/share/leo_description/launch
[0.855s] -- Installing: /home/ecem/ros2_ws/src/Leo_sct/install/leo_description/share/leo_description/launch/state_publisher.launch.xml
[0.855s] -- Installing: /home/ecem/ros2_ws/src/Leo_sct/install/leo_description/share/leo_description/models
[0.855s] -- Installing: /home/ecem/ros2_ws/src/Leo_sct/install/leo_description/share/leo_description/models/Rocker.dae
[0.858s] -- Installing: /home/ecem/ros2_ws/src/Leo_sct/install/leo_description/share/leo_description/models/Mecanum_wheel_outline.stl
[0.858s] -- Installing: /home/ecem/ros2_ws/src/Leo_sct/install/leo_description/share/leo_description/models/Chassis_outline.stl
[0.858s] -- Installing: /home/ecem/ros2_ws/src/Leo_sct/install/leo_description/share/leo_description/models/d435.dae
[0.880s] -- Installing: /home/ecem/ros2_ws/src/Leo_sct/install/leo_description/share/leo_description/models/d435
[0.880s] -- Installing: /home/ecem/ros2_ws/src/Leo_sct/install/leo_description/share/leo_description/models/d435/materials
[0.881s] -- Installing: /home/ecem/ros2_ws/src/Leo_sct/install/leo_description/share/leo_description/models/d435/materials/scripts
[0.881s] -- Installing: /home/ecem/ros2_ws/src/Leo_sct/install/leo_description/share/leo_description/models/d435/materials/scripts/model.material
[0.881s] -- Installing: /home/ecem/ros2_ws/src/Leo_sct/install/leo_description/share/leo_description/models/d435/materials/textures
[0.881s] -- Installing: /home/ecem/ros2_ws/src/Leo_sct/install/leo_description/share/leo_description/models/d435/materials/textures/RealSense_Roughness.png
[0.881s] -- Installing: /home/ecem/ros2_ws/src/Leo_sct/install/leo_description/share/leo_description/models/d435/materials/textures/RealSense_Metalness.png
[0.882s] -- Installing: /home/ecem/ros2_ws/src/Leo_sct/install/leo_description/share/leo_description/models/d435/materials/textures/RealSense_Albedo.png
[0.882s] -- Installing: /home/ecem/ros2_ws/src/Leo_sct/install/leo_description/share/leo_description/models/d435/materials/textures/RealSense_Normal.png
[0.883s] -- Installing: /home/ecem/ros2_ws/src/Leo_sct/install/leo_description/share/leo_description/models/d435/thumbnails
[0.883s] -- Installing: /home/ecem/ros2_ws/src/Leo_sct/install/leo_description/share/leo_description/models/d435/thumbnails/3.png
[0.883s] -- Installing: /home/ecem/ros2_ws/src/Leo_sct/install/leo_description/share/leo_description/models/d435/thumbnails/2.png
[0.883s] -- Installing: /home/ecem/ros2_ws/src/Leo_sct/install/leo_description/share/leo_description/models/d435/thumbnails/1.png
[0.883s] -- Installing: /home/ecem/ros2_ws/src/Leo_sct/install/leo_description/share/leo_description/models/d435/thumbnails/4.png
[0.883s] -- Installing: /home/ecem/ros2_ws/src/Leo_sct/install/leo_description/share/leo_description/models/d435/meshes
[0.883s] -- Installing: /home/ecem/ros2_ws/src/Leo_sct/install/leo_description/share/leo_description/models/d435/meshes/realsense.dae
[0.884s] -- Installing: /home/ecem/ros2_ws/src/Leo_sct/install/leo_description/share/leo_description/models/d435/model.sdf
[0.884s] -- Installing: /home/ecem/ros2_ws/src/Leo_sct/install/leo_description/share/leo_description/models/d435/model.config
[0.884s] -- Installing: /home/ecem/ros2_ws/src/Leo_sct/install/leo_description/share/leo_description/models/WheelB.dae
[0.886s] -- Installing: /home/ecem/ros2_ws/src/Leo_sct/install/leo_description/share/leo_description/models/Wheel_outline.stl
[0.886s] -- Installing: /home/ecem/ros2_ws/src/Leo_sct/install/leo_description/share/leo_description/models/Rocker_outline.stl
[0.886s] -- Installing: /home/ecem/ros2_ws/src/Leo_sct/install/leo_description/share/leo_description/models/Chassis.dae
[0.896s] -- Installing: /home/ecem/ros2_ws/src/Leo_sct/install/leo_description/share/leo_description/models/WheelMecanumB.dae
[0.899s] -- Installing: /home/ecem/ros2_ws/src/Leo_sct/install/leo_description/share/leo_description/models/WheelMecanumA.dae
[0.906s] -- Installing: /home/ecem/ros2_ws/src/Leo_sct/install/leo_description/share/leo_description/models/WheelA.dae
[0.908s] -- Installing: /home/ecem/ros2_ws/src/Leo_sct/install/leo_description/share/leo_description/models/Antenna.dae
[0.908s] -- Installing: /home/ecem/ros2_ws/src/Leo_sct/install/leo_description/share/leo_description/models/Lidar_pacecat.stl
[0.908s] -- Installing: /home/ecem/ros2_ws/src/Leo_sct/install/leo_description/share/leo_description/urdf
[0.908s] -- Installing: /home/ecem/ros2_ws/src/Leo_sct/install/leo_description/share/leo_description/urdf/leo.urdf.xacro
[0.908s] -- Installing: /home/ecem/ros2_ws/src/Leo_sct/install/leo_description/share/leo_description/urdf/leo.sdf
[0.908s] -- Installing: /home/ecem/ros2_ws/src/Leo_sct/install/leo_description/share/leo_description/urdf/leo_sim.urdf.xacro
[0.908s] -- Installing: /home/ecem/ros2_ws/src/Leo_sct/install/leo_description/share/leo_description/urdf/macros_yedek.xacro
[0.909s] -- Installing: /home/ecem/ros2_ws/src/Leo_sct/install/leo_description/share/leo_description/urdf/realsense.urdf.xacro
[0.909s] -- Installing: /home/ecem/ros2_ws/src/Leo_sct/install/leo_description/share/leo_description/urdf/leo.urdf
[0.909s] -- Installing: /home/ecem/ros2_ws/src/Leo_sct/install/leo_description/share/leo_description/urdf/leo_sensor.sdf
[0.909s] -- Installing: /home/ecem/ros2_ws/src/Leo_sct/install/leo_description/share/leo_description/urdf/macros.xacro
[0.909s] -- Installing: /home/ecem/ros2_ws/src/Leo_sct/install/leo_description/share/leo_description/environment/gz_sim_resource_path.sh
[0.909s] -- Installing: /home/ecem/ros2_ws/src/Leo_sct/install/leo_description/share/leo_description/environment/gz_sim_resource_path.dsv
[0.909s] -- Installing: /home/ecem/ros2_ws/src/Leo_sct/install/leo_description/share/ament_index/resource_index/package_run_dependencies/leo_description
[0.909s] -- Installing: /home/ecem/ros2_ws/src/Leo_sct/install/leo_description/share/ament_index/resource_index/parent_prefix_path/leo_description
[0.910s] -- Installing: /home/ecem/ros2_ws/src/Leo_sct/install/leo_description/share/leo_description/environment/ament_prefix_path.sh
[0.910s] -- Installing: /home/ecem/ros2_ws/src/Leo_sct/install/leo_description/share/leo_description/environment/ament_prefix_path.dsv
[0.910s] -- Installing: /home/ecem/ros2_ws/src/Leo_sct/install/leo_description/share/leo_description/environment/path.sh
[0.911s] -- Installing: /home/ecem/ros2_ws/src/Leo_sct/install/leo_description/share/leo_description/environment/path.dsv
[0.911s] -- Installing: /home/ecem/ros2_ws/src/Leo_sct/install/leo_description/share/leo_description/local_setup.bash
[0.911s] -- Installing: /home/ecem/ros2_ws/src/Leo_sct/install/leo_description/share/leo_description/local_setup.sh
[0.911s] -- Installing: /home/ecem/ros2_ws/src/Leo_sct/install/leo_description/share/leo_description/local_setup.zsh
[0.911s] -- Installing: /home/ecem/ros2_ws/src/Leo_sct/install/leo_description/share/leo_description/local_setup.dsv
[0.911s] -- Installing: /home/ecem/ros2_ws/src/Leo_sct/install/leo_description/share/leo_description/package.dsv
[0.911s] -- Installing: /home/ecem/ros2_ws/src/Leo_sct/install/leo_description/share/ament_index/resource_index/packages/leo_description
[0.911s] -- Installing: /home/ecem/ros2_ws/src/Leo_sct/install/leo_description/share/leo_description/cmake/leo_descriptionConfig.cmake
[0.911s] -- Installing: /home/ecem/ros2_ws/src/Leo_sct/install/leo_description/share/leo_description/cmake/leo_descriptionConfig-version.cmake
[0.911s] -- Installing: /home/ecem/ros2_ws/src/Leo_sct/install/leo_description/share/leo_description/package.xml
[0.913s] Invoked command in '/home/ecem/ros2_ws/src/Leo_sct/build/leo_description' returned '0': CMAKE_PREFIX_PATH=${CMAKE_PREFIX_PATH}:/home/ecem/ros2_ws/install/swarm_basics:/opt/ros/humble /usr/bin/cmake --install /home/ecem/ros2_ws/src/Leo_sct/build/leo_description
