[INFO] [launch]: All log files can be found below /home/ecem/.ros/log/2026-04-20-17-26-47-420524-ecem-pc-21863
[INFO] [launch]: Default logging verbosity is set to INFO
[INFO] [ign gazebo-1]: process started with pid [21878]
[INFO] [coverage_counter-2]: process started with pid [21880]
[INFO] [bump_counter-3]: process started with pid [21883]
[INFO] [parameter_bridge-4]: process started with pid [21885]
[INFO] [robot_state_publisher-5]: process started with pid [21887]
[INFO] [create-6]: process started with pid [21889]
[INFO] [robot_supervisor-7]: process started with pid [21892]
[INFO] [robot_state_publisher-8]: process started with pid [21895]
[INFO] [create-9]: process started with pid [21897]
[INFO] [robot_supervisor-10]: process started with pid [21899]
[INFO] [robot_state_publisher-11]: process started with pid [21901]
[INFO] [create-12]: process started with pid [21903]
[INFO] [robot_supervisor-13]: process started with pid [21905]
[INFO] [robot_state_publisher-14]: process started with pid [21907]
[INFO] [create-15]: process started with pid [21909]
[INFO] [robot_supervisor-16]: process started with pid [21911]
[INFO] [robot_state_publisher-17]: process started with pid [21913]
[INFO] [create-18]: process started with pid [21920]
[INFO] [robot_supervisor-19]: process started with pid [21923]
[INFO] [parameter_bridge-20]: process started with pid [21925]
[parameter_bridge-4] [ros_ign_bridge] is deprecated! Redirecting to use [ros_gz_bridge] instead!
[parameter_bridge-4] 
[create-9] [INFO] [1776698807.860753806] [robot_1.ros_gz_sim]: Requesting list of world names.
[create-6] [INFO] [1776698807.861242286] [robot_0.ros_gz_sim]: Requesting list of world names.
[create-12] [INFO] [1776698807.861668767] [robot_2.ros_gz_sim]: Requesting list of world names.
[create-15] [INFO] [1776698807.862562405] [robot_3.ros_gz_sim]: Requesting list of world names.
[create-18] [INFO] [1776698807.865897834] [robot_4.ros_gz_sim]: Requesting list of world names.
[robot_state_publisher-5] [INFO] [1776698807.869822169] [robot_0.robot_state_publisher]: got segment robot_0/antenna_link
[robot_state_publisher-5] [INFO] [1776698807.869904794] [robot_0.robot_state_publisher]: got segment robot_0/base_footprint
[robot_state_publisher-5] [INFO] [1776698807.869915240] [robot_0.robot_state_publisher]: got segment robot_0/base_link
[robot_state_publisher-5] [INFO] [1776698807.869921530] [robot_0.robot_state_publisher]: got segment robot_0/realsense_link
[robot_state_publisher-5] [INFO] [1776698807.869927940] [robot_0.robot_state_publisher]: got segment robot_0/rocker_L_link
[robot_state_publisher-5] [INFO] [1776698807.869932996] [robot_0.robot_state_publisher]: got segment robot_0/rocker_R_link
[robot_state_publisher-5] [INFO] [1776698807.869938619] [robot_0.robot_state_publisher]: got segment robot_0/wheel_FL_link
[robot_state_publisher-5] [INFO] [1776698807.869944253] [robot_0.robot_state_publisher]: got segment robot_0/wheel_FR_link
[robot_state_publisher-5] [INFO] [1776698807.869947696] [robot_0.robot_state_publisher]: got segment robot_0/wheel_RL_link
[robot_state_publisher-5] [INFO] [1776698807.869951095] [robot_0.robot_state_publisher]: got segment robot_0/wheel_RR_link
[parameter_bridge-4] [INFO] [1776698807.871738871] [all_robots_bridge]: Creating ROS->GZ Bridge: [/robot_0/cmd_vel (geometry_msgs/msg/Twist) -> /robot_0/cmd_vel (ignition.msgs.Twist)] (Lazy 0)
[parameter_bridge-4] [INFO] [1776698807.873109843] [all_robots_bridge]: Creating GZ->ROS Bridge: [/robot_0/odom (ignition.msgs.Odometry) -> /robot_0/odom (nav_msgs/msg/Odometry)] (Lazy 0)
[parameter_bridge-4] [INFO] [1776698807.873821034] [all_robots_bridge]: Creating GZ->ROS Bridge: [/robot_0/depth_camera/depth_image (ignition.msgs.Image) -> /robot_0/depth_camera/depth_image (sensor_msgs/msg/Image)] (Lazy 0)
[parameter_bridge-4] [INFO] [1776698807.874600395] [all_robots_bridge]: Creating GZ->ROS Bridge: [/world/random_world/model/robot_0/link/robot_0/base_footprint/sensor/contact_sensor/contact (ignition.msgs.Contacts) -> /world/random_world/model/robot_0/link/robot_0/base_footprint/sensor/contact_sensor/contact (ros_gz_interfaces/msg/Contacts)] (Lazy 0)
[robot_state_publisher-17] [INFO] [1776698807.875550219] [robot_4.robot_state_publisher]: got segment robot_4/antenna_link
[robot_state_publisher-17] [INFO] [1776698807.875755287] [robot_4.robot_state_publisher]: got segment robot_4/base_footprint
[robot_state_publisher-17] [INFO] [1776698807.875771401] [robot_4.robot_state_publisher]: got segment robot_4/base_link
[robot_state_publisher-17] [INFO] [1776698807.875781574] [robot_4.robot_state_publisher]: got segment robot_4/realsense_link
[robot_state_publisher-17] [INFO] [1776698807.875789923] [robot_4.robot_state_publisher]: got segment robot_4/rocker_L_link
[robot_state_publisher-17] [INFO] [1776698807.875798159] [robot_4.robot_state_publisher]: got segment robot_4/rocker_R_link
[robot_state_publisher-17] [INFO] [1776698807.875807306] [robot_4.robot_state_publisher]: got segment robot_4/wheel_FL_link
[robot_state_publisher-17] [INFO] [1776698807.875816539] [robot_4.robot_state_publisher]: got segment robot_4/wheel_FR_link
[robot_state_publisher-17] [INFO] [1776698807.875827253] [robot_4.robot_state_publisher]: got segment robot_4/wheel_RL_link
[robot_state_publisher-17] [INFO] [1776698807.875837283] [robot_4.robot_state_publisher]: got segment robot_4/wheel_RR_link
[parameter_bridge-4] [INFO] [1776698807.875992320] [all_robots_bridge]: Creating ROS->GZ Bridge: [/robot_1/cmd_vel (geometry_msgs/msg/Twist) -> /robot_1/cmd_vel (ignition.msgs.Twist)] (Lazy 0)
[parameter_bridge-4] [INFO] [1776698807.877020102] [all_robots_bridge]: Creating GZ->ROS Bridge: [/robot_1/odom (ignition.msgs.Odometry) -> /robot_1/odom (nav_msgs/msg/Odometry)] (Lazy 0)
[parameter_bridge-4] [INFO] [1776698807.878069635] [all_robots_bridge]: Creating GZ->ROS Bridge: [/robot_1/depth_camera/depth_image (ignition.msgs.Image) -> /robot_1/depth_camera/depth_image (sensor_msgs/msg/Image)] (Lazy 0)
[parameter_bridge-4] [INFO] [1776698807.879583334] [all_robots_bridge]: Creating GZ->ROS Bridge: [/world/random_world/model/robot_1/link/robot_1/base_footprint/sensor/contact_sensor/contact (ignition.msgs.Contacts) -> /world/random_world/model/robot_1/link/robot_1/base_footprint/sensor/contact_sensor/contact (ros_gz_interfaces/msg/Contacts)] (Lazy 0)
[parameter_bridge-4] [INFO] [1776698807.880152891] [all_robots_bridge]: Creating ROS->GZ Bridge: [/robot_2/cmd_vel (geometry_msgs/msg/Twist) -> /robot_2/cmd_vel (ignition.msgs.Twist)] (Lazy 0)
[parameter_bridge-4] [INFO] [1776698807.881169146] [all_robots_bridge]: Creating GZ->ROS Bridge: [/robot_2/odom (ignition.msgs.Odometry) -> /robot_2/odom (nav_msgs/msg/Odometry)] (Lazy 0)
[parameter_bridge-4] [INFO] [1776698807.882103959] [all_robots_bridge]: Creating GZ->ROS Bridge: [/robot_2/depth_camera/depth_image (ignition.msgs.Image) -> /robot_2/depth_camera/depth_image (sensor_msgs/msg/Image)] (Lazy 0)
[parameter_bridge-4] [INFO] [1776698807.882807976] [all_robots_bridge]: Creating GZ->ROS Bridge: [/world/random_world/model/robot_2/link/robot_2/base_footprint/sensor/contact_sensor/contact (ignition.msgs.Contacts) -> /world/random_world/model/robot_2/link/robot_2/base_footprint/sensor/contact_sensor/contact (ros_gz_interfaces/msg/Contacts)] (Lazy 0)
[parameter_bridge-4] [INFO] [1776698807.883910269] [all_robots_bridge]: Creating ROS->GZ Bridge: [/robot_3/cmd_vel (geometry_msgs/msg/Twist) -> /robot_3/cmd_vel (ignition.msgs.Twist)] (Lazy 0)
[parameter_bridge-4] [INFO] [1776698807.884697912] [all_robots_bridge]: Creating GZ->ROS Bridge: [/robot_3/odom (ignition.msgs.Odometry) -> /robot_3/odom (nav_msgs/msg/Odometry)] (Lazy 0)
[parameter_bridge-4] [INFO] [1776698807.885194712] [all_robots_bridge]: Creating GZ->ROS Bridge: [/robot_3/depth_camera/depth_image (ignition.msgs.Image) -> /robot_3/depth_camera/depth_image (sensor_msgs/msg/Image)] (Lazy 0)
[robot_state_publisher-14] [INFO] [1776698807.885319300] [robot_3.robot_state_publisher]: got segment robot_3/antenna_link
[robot_state_publisher-14] [INFO] [1776698807.885435067] [robot_3.robot_state_publisher]: got segment robot_3/base_footprint
[robot_state_publisher-14] [INFO] [1776698807.885448658] [robot_3.robot_state_publisher]: got segment robot_3/base_link
[robot_state_publisher-14] [INFO] [1776698807.885457956] [robot_3.robot_state_publisher]: got segment robot_3/realsense_link
[robot_state_publisher-14] [INFO] [1776698807.885466400] [robot_3.robot_state_publisher]: got segment robot_3/rocker_L_link
[robot_state_publisher-14] [INFO] [1776698807.885474399] [robot_3.robot_state_publisher]: got segment robot_3/rocker_R_link
[robot_state_publisher-14] [INFO] [1776698807.885482225] [robot_3.robot_state_publisher]: got segment robot_3/wheel_FL_link
[robot_state_publisher-14] [INFO] [1776698807.885489889] [robot_3.robot_state_publisher]: got segment robot_3/wheel_FR_link
[robot_state_publisher-14] [INFO] [1776698807.885497325] [robot_3.robot_state_publisher]: got segment robot_3/wheel_RL_link
[robot_state_publisher-14] [INFO] [1776698807.885504688] [robot_3.robot_state_publisher]: got segment robot_3/wheel_RR_link
[parameter_bridge-4] [INFO] [1776698807.885681207] [all_robots_bridge]: Creating GZ->ROS Bridge: [/world/random_world/model/robot_3/link/robot_3/base_footprint/sensor/contact_sensor/contact (ignition.msgs.Contacts) -> /world/random_world/model/robot_3/link/robot_3/base_footprint/sensor/contact_sensor/contact (ros_gz_interfaces/msg/Contacts)] (Lazy 0)
[parameter_bridge-4] [INFO] [1776698807.886351859] [all_robots_bridge]: Creating ROS->GZ Bridge: [/robot_4/cmd_vel (geometry_msgs/msg/Twist) -> /robot_4/cmd_vel (ignition.msgs.Twist)] (Lazy 0)
[parameter_bridge-4] [INFO] [1776698807.886909127] [all_robots_bridge]: Creating GZ->ROS Bridge: [/robot_4/odom (ignition.msgs.Odometry) -> /robot_4/odom (nav_msgs/msg/Odometry)] (Lazy 0)
[parameter_bridge-4] [INFO] [1776698807.887356419] [all_robots_bridge]: Creating GZ->ROS Bridge: [/robot_4/depth_camera/depth_image (ignition.msgs.Image) -> /robot_4/depth_camera/depth_image (sensor_msgs/msg/Image)] (Lazy 0)
[parameter_bridge-4] [INFO] [1776698807.887840549] [all_robots_bridge]: Creating GZ->ROS Bridge: [/world/random_world/model/robot_4/link/robot_4/base_footprint/sensor/contact_sensor/contact (ignition.msgs.Contacts) -> /world/random_world/model/robot_4/link/robot_4/base_footprint/sensor/contact_sensor/contact (ros_gz_interfaces/msg/Contacts)] (Lazy 0)
[parameter_bridge-4] [INFO] [1776698807.888413868] [all_robots_bridge]: Creating GZ->ROS Bridge: [/world/random_world/dynamic_pose/info (ignition.msgs.Pose_V) -> /world/random_world/dynamic_pose/info (tf2_msgs/msg/TFMessage)] (Lazy 0)
[robot_state_publisher-8] [INFO] [1776698807.889197592] [robot_1.robot_state_publisher]: got segment robot_1/antenna_link
[robot_state_publisher-8] [INFO] [1776698807.889311228] [robot_1.robot_state_publisher]: got segment robot_1/base_footprint
[robot_state_publisher-8] [INFO] [1776698807.889324552] [robot_1.robot_state_publisher]: got segment robot_1/base_link
[robot_state_publisher-8] [INFO] [1776698807.889334374] [robot_1.robot_state_publisher]: got segment robot_1/realsense_link
[robot_state_publisher-8] [INFO] [1776698807.889342966] [robot_1.robot_state_publisher]: got segment robot_1/rocker_L_link
[robot_state_publisher-8] [INFO] [1776698807.889350712] [robot_1.robot_state_publisher]: got segment robot_1/rocker_R_link
[robot_state_publisher-8] [INFO] [1776698807.889358177] [robot_1.robot_state_publisher]: got segment robot_1/wheel_FL_link
[robot_state_publisher-8] [INFO] [1776698807.889365784] [robot_1.robot_state_publisher]: got segment robot_1/wheel_FR_link
[robot_state_publisher-8] [INFO] [1776698807.889372919] [robot_1.robot_state_publisher]: got segment robot_1/wheel_RL_link
[robot_state_publisher-8] [INFO] [1776698807.889380278] [robot_1.robot_state_publisher]: got segment robot_1/wheel_RR_link
[robot_state_publisher-11] [INFO] [1776698807.893325186] [robot_2.robot_state_publisher]: got segment robot_2/antenna_link
[robot_state_publisher-11] [INFO] [1776698807.893455112] [robot_2.robot_state_publisher]: got segment robot_2/base_footprint
[robot_state_publisher-11] [INFO] [1776698807.893470940] [robot_2.robot_state_publisher]: got segment robot_2/base_link
[robot_state_publisher-11] [INFO] [1776698807.893481444] [robot_2.robot_state_publisher]: got segment robot_2/realsense_link
[robot_state_publisher-11] [INFO] [1776698807.893490671] [robot_2.robot_state_publisher]: got segment robot_2/rocker_L_link
[robot_state_publisher-11] [INFO] [1776698807.893498783] [robot_2.robot_state_publisher]: got segment robot_2/rocker_R_link
[robot_state_publisher-11] [INFO] [1776698807.893506357] [robot_2.robot_state_publisher]: got segment robot_2/wheel_FL_link
[robot_state_publisher-11] [INFO] [1776698807.893513803] [robot_2.robot_state_publisher]: got segment robot_2/wheel_FR_link
[robot_state_publisher-11] [INFO] [1776698807.893521317] [robot_2.robot_state_publisher]: got segment robot_2/wheel_RL_link
[robot_state_publisher-11] [INFO] [1776698807.893528882] [robot_2.robot_state_publisher]: got segment robot_2/wheel_RR_link
[parameter_bridge-20] [INFO] [1776698807.898362187] [clock_bridge]: Creating GZ->ROS Bridge: [/clock (ignition.msgs.Clock) -> /clock (rosgraph_msgs/msg/Clock)] (Lazy 0)
[bump_counter-3] [INFO] [1776698808.182795426] [bump_counter]: [global] global_mode=True cooldown(robot)=0.80s cooldown(obs)=0.50s Logging to /home/ecem/ros2_ws/src/Leo_sct/results_exp/explore/long/prompt_1/run_7/spread/trial_1/run_20260420_172647/bumps_global_172648.csv
[robot_supervisor-16] [INFO] [1776698808.225893555] [robot_3.robot_supervisor]: Loaded initial mission 'explore' from explicit YAML explore_sup_gpt_long_1_run_7_196.yaml
[robot_supervisor-7] [INFO] [1776698808.226587985] [robot_0.robot_supervisor]: Loaded initial mission 'explore' from explicit YAML explore_sup_gpt_long_1_run_7_196.yaml
[robot_supervisor-10] [INFO] [1776698808.226982268] [robot_1.robot_supervisor]: Loaded initial mission 'explore' from explicit YAML explore_sup_gpt_long_1_run_7_196.yaml
[robot_supervisor-13] [INFO] [1776698808.235761067] [robot_2.robot_supervisor]: Loaded initial mission 'explore' from explicit YAML explore_sup_gpt_long_1_run_7_196.yaml
[robot_supervisor-19] [INFO] [1776698808.255457332] [robot_4.robot_supervisor]: Loaded initial mission 'explore' from explicit YAML explore_sup_gpt_long_1_run_7_196.yaml
[robot_supervisor-16] [INFO] [1776698808.330672712] [robot_3.robot_supervisor]: Selected controllable event: EV_random_walk
[parameter_bridge-4] [INFO] [1776698808.330937885] [all_robots_bridge]: Passing message from ROS geometry_msgs/msg/Twist to Gazebo gz.msgs.Twist (showing msg only once per type)
[robot_supervisor-7] [INFO] [1776698808.331367182] [robot_0.robot_supervisor]: Selected controllable event: EV_random_walk
[robot_supervisor-10] [INFO] [1776698808.332222127] [robot_1.robot_supervisor]: Selected controllable event: EV_random_walk
[robot_supervisor-13] [INFO] [1776698808.342936763] [robot_2.robot_supervisor]: Selected controllable event: EV_random_walk
[robot_supervisor-19] [INFO] [1776698808.360297486] [robot_4.robot_supervisor]: Selected controllable event: EV_random_walk
[create-6] [INFO] [1776698808.406110867] [robot_0.ros_gz_sim]: Waiting messages on topic [/robot_0/robot_description].
[create-12] [INFO] [1776698808.506602217] [robot_2.ros_gz_sim]: Waiting messages on topic [/robot_2/robot_description].
[create-6] [INFO] [1776698808.605935689] [robot_0.ros_gz_sim]: Requested creation of entity.
[create-6] [INFO] [1776698808.606007179] [robot_0.ros_gz_sim]: OK creation of entity.
[create-9] [INFO] [1776698808.606911830] [robot_1.ros_gz_sim]: Waiting messages on topic [/robot_1/robot_description].
[robot_supervisor-16] [INFO] [1776698808.630399463] [robot_3.robot_supervisor]: Selected controllable event: EV_move_forward
[robot_supervisor-7] [INFO] [1776698808.630978792] [robot_0.robot_supervisor]: Selected controllable event: EV_move_forward
[robot_supervisor-10] [INFO] [1776698808.632190420] [robot_1.robot_supervisor]: Selected controllable event: EV_move_forward
[robot_supervisor-13] [INFO] [1776698808.641937704] [robot_2.robot_supervisor]: Selected controllable event: EV_move_forward
[robot_supervisor-19] [INFO] [1776698808.660518547] [robot_4.robot_supervisor]: Selected controllable event: EV_move_forward
[create-18] [INFO] [1776698808.706681355] [robot_4.ros_gz_sim]: Waiting messages on topic [/robot_4/robot_description].
[create-9] [INFO] [1776698808.806421141] [robot_1.ros_gz_sim]: Requested creation of entity.
[create-9] [INFO] [1776698808.806500508] [robot_1.ros_gz_sim]: OK creation of entity.
[create-18] [INFO] [1776698808.806416440] [robot_4.ros_gz_sim]: Requested creation of entity.
[create-18] [INFO] [1776698808.806506373] [robot_4.ros_gz_sim]: OK creation of entity.
[create-12] [INFO] [1776698808.806563834] [robot_2.ros_gz_sim]: Requested creation of entity.
[create-12] [INFO] [1776698808.806620414] [robot_2.ros_gz_sim]: OK creation of entity.
[create-15] [INFO] [1776698808.807245244] [robot_3.ros_gz_sim]: Waiting messages on topic [/robot_3/robot_description].
[create-15] [INFO] [1776698808.810500258] [robot_3.ros_gz_sim]: Requested creation of entity.
[create-15] [INFO] [1776698808.810541109] [robot_3.ros_gz_sim]: OK creation of entity.
[INFO] [create-6]: process has finished cleanly [pid 21889]
[INFO] [create-15]: process has finished cleanly [pid 21909]
[INFO] [create-9]: process has finished cleanly [pid 21897]
[INFO] [create-18]: process has finished cleanly [pid 21920]
[INFO] [create-12]: process has finished cleanly [pid 21903]
[bump_counter-3] [INFO] [1776698809.224172752] [bump_counter]: [global] subscribed: /world/random_world/model/robot_0/link/robot_0/base_footprint/sensor/contact_sensor/contact
[bump_counter-3] [INFO] [1776698809.225914306] [bump_counter]: [global] subscribed: /world/random_world/model/robot_1/link/robot_1/base_footprint/sensor/contact_sensor/contact
[bump_counter-3] [INFO] [1776698809.227024051] [bump_counter]: [global] subscribed: /world/random_world/model/robot_2/link/robot_2/base_footprint/sensor/contact_sensor/contact
[bump_counter-3] [INFO] [1776698809.227593776] [bump_counter]: [global] subscribed: /world/random_world/model/robot_3/link/robot_3/base_footprint/sensor/contact_sensor/contact
[bump_counter-3] [INFO] [1776698809.228850539] [bump_counter]: [global] subscribed: /world/random_world/model/robot_4/link/robot_4/base_footprint/sensor/contact_sensor/contact
[INFO] [image_processor-21]: process started with pid [22274]
[INFO] [image_processor-22]: process started with pid [22276]
[INFO] [image_processor-23]: process started with pid [22278]
[INFO] [image_processor-24]: process started with pid [22280]
[INFO] [image_processor-25]: process started with pid [22282]
[image_processor-21] [INFO] [1776698809.881876820] [robot_0.image_processor]: image_processor: depth='/robot_0/depth_camera/depth_image' aruco_runtime=disabled
[image_processor-23] [INFO] [1776698809.882217036] [robot_2.image_processor]: image_processor: depth='/robot_2/depth_camera/depth_image' aruco_runtime=disabled
[image_processor-24] [INFO] [1776698809.884439922] [robot_3.image_processor]: image_processor: depth='/robot_3/depth_camera/depth_image' aruco_runtime=disabled
[image_processor-25] [INFO] [1776698809.884691957] [robot_4.image_processor]: image_processor: depth='/robot_4/depth_camera/depth_image' aruco_runtime=disabled
[image_processor-22] [INFO] [1776698809.885369084] [robot_1.image_processor]: image_processor: depth='/robot_1/depth_camera/depth_image' aruco_runtime=disabled
[image_processor-21] [INFO] [1776698813.410207834] [robot_0.image_processor]: Zone=CLEAR  left[p=0.904 near=0 v=7650]  front[p=1.356 near=0 v=13500]  right[p=1.356 near=0 v=7740]
[image_processor-23] [INFO] [1776698813.423764902] [robot_2.image_processor]: Zone=CLEAR  left[p=2.745 near=0 v=5011]  front[p=1.644 near=0 v=8425]  right[p=1.700 near=0 v=6986]
[image_processor-22] [INFO] [1776698813.430688208] [robot_1.image_processor]: Zone=CLEAR  left[p=1.667 near=0 v=7650]  front[p=3.100 near=0 v=12175]  right[p=2.607 near=0 v=7450]
[image_processor-25] [INFO] [1776698813.446354343] [robot_4.image_processor]: Zone=CLEAR  left[p=3.196 near=0 v=6573]  front[p=2.953 near=0 v=9956]  right[p=2.658 near=0 v=5511]
[image_processor-24] [INFO] [1776698813.454736612] [robot_3.image_processor]: Zone=CLEAR  left[p=1.102 near=0 v=7650]  front[p=1.719 near=0 v=13500]  right[p=2.172 near=0 v=7740]
[image_processor-21] [INFO] [1776698815.907679049] [robot_0.image_processor]: Zone=CLEAR
[image_processor-23] [INFO] [1776698815.921461462] [robot_2.image_processor]: Zone=CLEAR
[image_processor-22] [INFO] [1776698815.929358904] [robot_1.image_processor]: Zone=CLEAR
[image_processor-25] [INFO] [1776698815.944822333] [robot_4.image_processor]: Zone=CLEAR
[image_processor-24] [INFO] [1776698815.955826950] [robot_3.image_processor]: Zone=CLEAR
[image_processor-21] [INFO] [1776698818.407523192] [robot_0.image_processor]: Zone=CLEAR
[image_processor-23] [INFO] [1776698818.422579043] [robot_2.image_processor]: Zone=CLEAR
[image_processor-22] [INFO] [1776698818.431084489] [robot_1.image_processor]: Zone=CLEAR
[image_processor-25] [INFO] [1776698818.445490356] [robot_4.image_processor]: Zone=CLEAR
[image_processor-24] [INFO] [1776698818.453674843] [robot_3.image_processor]: Zone=CLEAR
[image_processor-21] [INFO] [1776698820.908104084] [robot_0.image_processor]: Zone=CLEAR
[image_processor-23] [INFO] [1776698820.923338520] [robot_2.image_processor]: Zone=CLEAR
[image_processor-22] [INFO] [1776698820.932581340] [robot_1.image_processor]: Zone=CLEAR
[image_processor-25] [INFO] [1776698820.946088874] [robot_4.image_processor]: Zone=CLEAR
[image_processor-24] [INFO] [1776698820.953796925] [robot_3.image_processor]: Zone=CLEAR
[image_processor-21] [INFO] [1776698823.409700381] [robot_0.image_processor]: Zone=CLEAR
[image_processor-23] [INFO] [1776698823.424458812] [robot_2.image_processor]: Zone=CLEAR
[image_processor-25] [INFO] [1776698823.446390256] [robot_4.image_processor]: Zone=CLEAR
[image_processor-24] [INFO] [1776698823.454901777] [robot_3.image_processor]: Zone=CLEAR
[image_processor-22] [INFO] [1776698823.533075478] [robot_1.image_processor]: Zone=CLEAR
[image_processor-21] [INFO] [1776698825.909107165] [robot_0.image_processor]: Zone=CLEAR
[image_processor-23] [INFO] [1776698825.924176179] [robot_2.image_processor]: Zone=CLEAR
[image_processor-22] [INFO] [1776698825.931576289] [robot_1.image_processor]: Zone=CLEAR
[image_processor-25] [INFO] [1776698825.947129241] [robot_4.image_processor]: Zone=CLEAR
[image_processor-24] [INFO] [1776698825.955188741] [robot_3.image_processor]: Zone=CLEAR
[image_processor-21] [INFO] [1776698828.407096952] [robot_0.image_processor]: Zone=CLEAR
[image_processor-23] [INFO] [1776698828.421476091] [robot_2.image_processor]: Zone=CLEAR
[image_processor-22] [INFO] [1776698828.429592494] [robot_1.image_processor]: Zone=CLEAR
[image_processor-25] [INFO] [1776698828.445429155] [robot_4.image_processor]: Zone=CLEAR
[image_processor-24] [INFO] [1776698828.452510200] [robot_3.image_processor]: Zone=CLEAR
[image_processor-21] [INFO] [1776698830.907433852] [robot_0.image_processor]: Zone=CLEAR
[image_processor-23] [INFO] [1776698830.921210458] [robot_2.image_processor]: Zone=CLEAR
[image_processor-22] [INFO] [1776698830.930028709] [robot_1.image_processor]: Zone=CLEAR
[image_processor-25] [INFO] [1776698830.944584235] [robot_4.image_processor]: Zone=CLEAR
[image_processor-24] [INFO] [1776698830.952435927] [robot_3.image_processor]: Zone=CLEAR
[image_processor-21] [INFO] [1776698833.408589829] [robot_0.image_processor]: Zone=CLEAR
[image_processor-23] [INFO] [1776698833.423239739] [robot_2.image_processor]: Zone=CLEAR
[image_processor-22] [INFO] [1776698833.431164303] [robot_1.image_processor]: Zone=CLEAR
[image_processor-25] [INFO] [1776698833.447819640] [robot_4.image_processor]: Zone=CLEAR
[image_processor-24] [INFO] [1776698833.455790649] [robot_3.image_processor]: Zone=CLEAR
[image_processor-22] [INFO] [1776698835.932529423] [robot_1.image_processor]: Zone=CLEAR
[image_processor-25] [INFO] [1776698835.948500480] [robot_4.image_processor]: Zone=CLEAR
[image_processor-24] [INFO] [1776698835.959667671] [robot_3.image_processor]: Zone=CLEAR
[image_processor-21] [INFO] [1776698836.009921290] [robot_0.image_processor]: Zone=CLEAR
[image_processor-23] [INFO] [1776698836.023389882] [robot_2.image_processor]: Zone=CLEAR
[image_processor-21] [INFO] [1776698838.407532105] [robot_0.image_processor]: Zone=CLEAR
[image_processor-23] [INFO] [1776698838.422447662] [robot_2.image_processor]: Zone=CLEAR
[image_processor-22] [INFO] [1776698838.430548295] [robot_1.image_processor]: Zone=CLEAR
[image_processor-25] [INFO] [1776698838.445670013] [robot_4.image_processor]: Zone=CLEAR
[image_processor-24] [INFO] [1776698838.453865377] [robot_3.image_processor]: Zone=CLEAR
[image_processor-22] [INFO] [1776698840.931696241] [robot_1.image_processor]: Zone=CLEAR
[image_processor-25] [INFO] [1776698840.946899073] [robot_4.image_processor]: Zone=CLEAR
[image_processor-24] [INFO] [1776698840.955351630] [robot_3.image_processor]: Zone=CLEAR
[image_processor-21] [INFO] [1776698841.008321715] [robot_0.image_processor]: Zone=CLEAR
[image_processor-23] [INFO] [1776698841.023059019] [robot_2.image_processor]: Zone=CLEAR
[image_processor-21] [INFO] [1776698843.407454708] [robot_0.image_processor]: Zone=CLEAR
[image_processor-23] [INFO] [1776698843.421278846] [robot_2.image_processor]: Zone=CLEAR
[image_processor-22] [INFO] [1776698843.430806242] [robot_1.image_processor]: Zone=CLEAR
[image_processor-25] [INFO] [1776698843.445096514] [robot_4.image_processor]: Zone=CLEAR
[image_processor-24] [INFO] [1776698843.453669926] [robot_3.image_processor]: Zone=CLEAR
[image_processor-21] [INFO] [1776698845.908305932] [robot_0.image_processor]: Zone=CLEAR
[image_processor-23] [INFO] [1776698845.925437733] [robot_2.image_processor]: Zone=CLEAR
[image_processor-25] [INFO] [1776698845.948597287] [robot_4.image_processor]: Zone=CLEAR
[image_processor-24] [INFO] [1776698845.956791368] [robot_3.image_processor]: Zone=CLEAR
[image_processor-22] [INFO] [1776698846.034403401] [robot_1.image_processor]: Zone=CLEAR
[image_processor-21] [INFO] [1776698848.406499303] [robot_0.image_processor]: Zone=CLEAR
[image_processor-23] [INFO] [1776698848.422056652] [robot_2.image_processor]: Zone=CLEAR
[image_processor-22] [INFO] [1776698848.429712311] [robot_1.image_processor]: Zone=CLEAR
[image_processor-25] [INFO] [1776698848.444542365] [robot_4.image_processor]: Zone=CLEAR
[image_processor-24] [INFO] [1776698848.452826162] [robot_3.image_processor]: Zone=CLEAR
[image_processor-21] [INFO] [1776698850.908623221] [robot_0.image_processor]: Zone=CLEAR
[image_processor-23] [INFO] [1776698850.923329246] [robot_2.image_processor]: Zone=CLEAR
[image_processor-22] [INFO] [1776698850.931757208] [robot_1.image_processor]: Zone=CLEAR
[image_processor-25] [INFO] [1776698850.945892431] [robot_4.image_processor]: Zone=CLEAR
[image_processor-24] [INFO] [1776698851.056581689] [robot_3.image_processor]: Zone=CLEAR
[image_processor-21] [INFO] [1776698853.407807685] [robot_0.image_processor]: Zone=CLEAR
[image_processor-23] [INFO] [1776698853.423818647] [robot_2.image_processor]: Zone=CLEAR
[image_processor-22] [INFO] [1776698853.432206009] [robot_1.image_processor]: Zone=CLEAR
[image_processor-25] [INFO] [1776698853.447320992] [robot_4.image_processor]: Zone=CLEAR
[image_processor-24] [INFO] [1776698853.454605834] [robot_3.image_processor]: Zone=CLEAR
[image_processor-21] [INFO] [1776698855.907004711] [robot_0.image_processor]: Zone=CLEAR
[image_processor-23] [INFO] [1776698855.921228700] [robot_2.image_processor]: Zone=CLEAR
[image_processor-22] [INFO] [1776698855.930430595] [robot_1.image_processor]: Zone=CLEAR
[image_processor-25] [INFO] [1776698855.944889614] [robot_4.image_processor]: Zone=CLEAR
[image_processor-24] [INFO] [1776698855.953212776] [robot_3.image_processor]: Zone=CLEAR
[image_processor-21] [INFO] [1776698858.407157982] [robot_0.image_processor]: Zone=CLEAR
[image_processor-23] [INFO] [1776698858.421032725] [robot_2.image_processor]: Zone=CLEAR
[image_processor-22] [INFO] [1776698858.429445067] [robot_1.image_processor]: Zone=CLEAR
[image_processor-25] [INFO] [1776698858.443318901] [robot_4.image_processor]: Zone=CLEAR
[image_processor-24] [INFO] [1776698858.452491148] [robot_3.image_processor]: Zone=CLEAR
[image_processor-21] [INFO] [1776698860.906506055] [robot_0.image_processor]: Zone=CLEAR
[image_processor-23] [INFO] [1776698860.920394110] [robot_2.image_processor]: Zone=CLEAR
[image_processor-22] [INFO] [1776698860.928225287] [robot_1.image_processor]: Zone=CLEAR
[image_processor-25] [INFO] [1776698860.942535490] [robot_4.image_processor]: Zone=CLEAR
[image_processor-24] [INFO] [1776698861.051192942] [robot_3.image_processor]: Zone=CLEAR
[image_processor-21] [INFO] [1776698863.405949804] [robot_0.image_processor]: Zone=CLEAR
[image_processor-23] [INFO] [1776698863.420734771] [robot_2.image_processor]: Zone=CLEAR
[image_processor-22] [INFO] [1776698863.429661715] [robot_1.image_processor]: Zone=CLEAR
[image_processor-25] [INFO] [1776698863.444382817] [robot_4.image_processor]: Zone=CLEAR
[image_processor-24] [INFO] [1776698863.453118136] [robot_3.image_processor]: Zone=CLEAR
[image_processor-21] [INFO] [1776698865.905559384] [robot_0.image_processor]: Zone=CLEAR
[image_processor-23] [INFO] [1776698865.919386561] [robot_2.image_processor]: Zone=CLEAR
[image_processor-22] [INFO] [1776698865.927654925] [robot_1.image_processor]: Zone=CLEAR
[image_processor-24] [INFO] [1776698865.950620872] [robot_3.image_processor]: Zone=CLEAR
[image_processor-25] [INFO] [1776698866.043588973] [robot_4.image_processor]: Zone=CLEAR
[image_processor-21] [INFO] [1776698868.407570361] [robot_0.image_processor]: Zone=CLEAR
[image_processor-23] [INFO] [1776698868.422655207] [robot_2.image_processor]: Zone=CLEAR
[image_processor-22] [INFO] [1776698868.430805124] [robot_1.image_processor]: Zone=CLEAR
[image_processor-25] [INFO] [1776698868.445032901] [robot_4.image_processor]: Zone=CLEAR
[image_processor-24] [INFO] [1776698868.455767483] [robot_3.image_processor]: Zone=CLEAR
[image_processor-21] [INFO] [1776698870.907815878] [robot_0.image_processor]: Zone=CLEAR
[image_processor-23] [INFO] [1776698870.922930540] [robot_2.image_processor]: Zone=CLEAR
[image_processor-22] [INFO] [1776698870.930376074] [robot_1.image_processor]: Zone=CLEAR
[image_processor-25] [INFO] [1776698870.944964160] [robot_4.image_processor]: Zone=CLEAR
[image_processor-24] [INFO] [1776698870.952742230] [robot_3.image_processor]: Zone=CLEAR
[image_processor-21] [INFO] [1776698873.411054425] [robot_0.image_processor]: Zone=CLEAR
[image_processor-23] [INFO] [1776698873.427526363] [robot_2.image_processor]: Zone=CLEAR
[image_processor-22] [INFO] [1776698873.437775033] [robot_1.image_processor]: Zone=CLEAR
[image_processor-25] [INFO] [1776698873.456923501] [robot_4.image_processor]: Zone=CLEAR
[image_processor-24] [INFO] [1776698873.566865307] [robot_3.image_processor]: Zone=CLEAR
[image_processor-21] [INFO] [1776698875.908555562] [robot_0.image_processor]: Zone=CLEAR
[image_processor-23] [INFO] [1776698875.926767152] [robot_2.image_processor]: Zone=CLEAR
[image_processor-22] [INFO] [1776698875.937074185] [robot_1.image_processor]: Zone=CLEAR
[image_processor-25] [INFO] [1776698875.959321338] [robot_4.image_processor]: Zone=CLEAR
[image_processor-24] [INFO] [1776698875.969830254] [robot_3.image_processor]: Zone=CLEAR
[image_processor-21] [INFO] [1776698878.408181370] [robot_0.image_processor]: Zone=CLEAR
[image_processor-23] [INFO] [1776698878.424967222] [robot_2.image_processor]: Zone=CLEAR
[image_processor-22] [INFO] [1776698878.433894303] [robot_1.image_processor]: Zone=CLEAR
[image_processor-25] [INFO] [1776698878.450802430] [robot_4.image_processor]: Zone=CLEAR
[image_processor-24] [INFO] [1776698878.461605422] [robot_3.image_processor]: Zone=CLEAR
[image_processor-21] [INFO] [1776698880.907789740] [robot_0.image_processor]: Zone=CLEAR
[image_processor-23] [INFO] [1776698880.921972862] [robot_2.image_processor]: Zone=CLEAR
[image_processor-22] [INFO] [1776698880.932379478] [robot_1.image_processor]: Zone=CLEAR
[image_processor-25] [INFO] [1776698880.948690365] [robot_4.image_processor]: Zone=CLEAR
[image_processor-24] [INFO] [1776698880.957247815] [robot_3.image_processor]: Zone=CLEAR
[image_processor-21] [INFO] [1776698883.407593343] [robot_0.image_processor]: Zone=CLEAR
[image_processor-23] [INFO] [1776698883.426332456] [robot_2.image_processor]: Zone=CLEAR
[image_processor-22] [INFO] [1776698883.434683707] [robot_1.image_processor]: Zone=CLEAR
[image_processor-25] [INFO] [1776698883.451040441] [robot_4.image_processor]: Zone=CLEAR
[image_processor-24] [INFO] [1776698883.458881551] [robot_3.image_processor]: Zone=CLEAR
[image_processor-21] [INFO] [1776698885.906029452] [robot_0.image_processor]: Zone=CLEAR
[image_processor-23] [INFO] [1776698885.921830285] [robot_2.image_processor]: Zone=CLEAR
[image_processor-22] [INFO] [1776698885.929818790] [robot_1.image_processor]: Zone=CLEAR
[image_processor-25] [INFO] [1776698885.945278391] [robot_4.image_processor]: Zone=CLEAR
[image_processor-24] [INFO] [1776698885.954779464] [robot_3.image_processor]: Zone=CLEAR
[image_processor-21] [INFO] [1776698888.406052069] [robot_0.image_processor]: Zone=CLEAR
[image_processor-23] [INFO] [1776698888.421877648] [robot_2.image_processor]: Zone=CLEAR
[image_processor-22] [INFO] [1776698888.429994678] [robot_1.image_processor]: Zone=CLEAR
[image_processor-25] [INFO] [1776698888.445174648] [robot_4.image_processor]: Zone=CLEAR
[image_processor-24] [INFO] [1776698888.452823306] [robot_3.image_processor]: Zone=CLEAR
[image_processor-21] [INFO] [1776698890.908393739] [robot_0.image_processor]: Zone=CLEAR
[image_processor-23] [INFO] [1776698890.922576581] [robot_2.image_processor]: Zone=CLEAR
[image_processor-22] [INFO] [1776698890.928835314] [robot_1.image_processor]: Zone=CLEAR
[image_processor-25] [INFO] [1776698890.943685157] [robot_4.image_processor]: Zone=CLEAR
[image_processor-24] [INFO] [1776698890.953696087] [robot_3.image_processor]: Zone=CLEAR
[image_processor-21] [INFO] [1776698893.409855677] [robot_0.image_processor]: Zone=CLEAR
[image_processor-23] [INFO] [1776698893.424385463] [robot_2.image_processor]: Zone=CLEAR
[image_processor-22] [INFO] [1776698893.431901438] [robot_1.image_processor]: Zone=CLEAR
[image_processor-25] [INFO] [1776698893.448015990] [robot_4.image_processor]: Zone=CLEAR
[image_processor-24] [INFO] [1776698893.460089443] [robot_3.image_processor]: Zone=CLEAR
[image_processor-21] [INFO] [1776698895.906856292] [robot_0.image_processor]: Zone=CLEAR
[image_processor-23] [INFO] [1776698895.922465883] [robot_2.image_processor]: Zone=CLEAR
[image_processor-22] [INFO] [1776698895.931367730] [robot_1.image_processor]: Zone=CLEAR
[image_processor-25] [INFO] [1776698895.946755181] [robot_4.image_processor]: Zone=CLEAR
[image_processor-24] [INFO] [1776698895.956198434] [robot_3.image_processor]: Zone=CLEAR
[image_processor-21] [INFO] [1776698898.406858907] [robot_0.image_processor]: Zone=CLEAR
[image_processor-23] [INFO] [1776698898.431143990] [robot_2.image_processor]: Zone=CLEAR
[image_processor-22] [INFO] [1776698898.441162820] [robot_1.image_processor]: Zone=CLEAR
[image_processor-25] [INFO] [1776698898.458457246] [robot_4.image_processor]: Zone=CLEAR
[image_processor-24] [INFO] [1776698898.469996806] [robot_3.image_processor]: Zone=CLEAR
[image_processor-21] [INFO] [1776698900.906717138] [robot_0.image_processor]: Zone=CLEAR
[image_processor-23] [INFO] [1776698900.922033047] [robot_2.image_processor]: Zone=CLEAR
[image_processor-22] [INFO] [1776698900.930993152] [robot_1.image_processor]: Zone=CLEAR
[image_processor-24] [INFO] [1776698900.954477963] [robot_3.image_processor]: Zone=CLEAR
[image_processor-25] [INFO] [1776698901.046728807] [robot_4.image_processor]: Zone=CLEAR
[image_processor-21] [INFO] [1776698903.409154834] [robot_0.image_processor]: Zone=CLEAR
[image_processor-23] [INFO] [1776698903.423871576] [robot_2.image_processor]: Zone=CLEAR
[image_processor-22] [INFO] [1776698903.434275028] [robot_1.image_processor]: Zone=CLEAR
[image_processor-25] [INFO] [1776698903.451364400] [robot_4.image_processor]: Zone=CLEAR
[image_processor-24] [INFO] [1776698903.466078768] [robot_3.image_processor]: Zone=CLEAR
[image_processor-21] [INFO] [1776698905.906888835] [robot_0.image_processor]: Zone=CLEAR
[image_processor-23] [INFO] [1776698905.921068187] [robot_2.image_processor]: Zone=CLEAR
[image_processor-22] [INFO] [1776698905.929408111] [robot_1.image_processor]: Zone=CLEAR
[image_processor-25] [INFO] [1776698905.945779418] [robot_4.image_processor]: Zone=CLEAR
[image_processor-24] [INFO] [1776698905.954849414] [robot_3.image_processor]: Zone=CLEAR
[image_processor-21] [INFO] [1776698908.409388023] [robot_0.image_processor]: Zone=CLEAR
[image_processor-22] [INFO] [1776698908.435077347] [robot_1.image_processor]: Zone=CLEAR
[image_processor-25] [INFO] [1776698908.450535539] [robot_4.image_processor]: Zone=CLEAR
[image_processor-24] [INFO] [1776698908.459260061] [robot_3.image_processor]: Zone=CLEAR
[image_processor-23] [INFO] [1776698908.526500762] [robot_2.image_processor]: Zone=CLEAR
[image_processor-21] [INFO] [1776698910.907195548] [robot_0.image_processor]: Zone=CLEAR
[image_processor-23] [INFO] [1776698910.920595214] [robot_2.image_processor]: Zone=CLEAR
[image_processor-22] [INFO] [1776698910.930862252] [robot_1.image_processor]: Zone=CLEAR
[image_processor-25] [INFO] [1776698910.944744161] [robot_4.image_processor]: Zone=CLEAR
[image_processor-24] [INFO] [1776698910.953573051] [robot_3.image_processor]: Zone=CLEAR
[image_processor-21] [INFO] [1776698913.409095376] [robot_0.image_processor]: Zone=CLEAR
[image_processor-23] [INFO] [1776698913.420945386] [robot_2.image_processor]: Zone=CLEAR
[image_processor-22] [INFO] [1776698913.428862524] [robot_1.image_processor]: Zone=CLEAR
[image_processor-25] [INFO] [1776698913.440327642] [robot_4.image_processor]: Zone=CLEAR
[image_processor-24] [INFO] [1776698913.448370892] [robot_3.image_processor]: Zone=CLEAR
[image_processor-21] [INFO] [1776698915.907409825] [robot_0.image_processor]: Zone=CLEAR
[image_processor-23] [INFO] [1776698915.921844809] [robot_2.image_processor]: Zone=CLEAR
[image_processor-22] [INFO] [1776698915.931425349] [robot_1.image_processor]: Zone=CLEAR
[image_processor-25] [INFO] [1776698915.947132905] [robot_4.image_processor]: Zone=CLEAR
[image_processor-24] [INFO] [1776698915.956498818] [robot_3.image_processor]: Zone=CLEAR
[image_processor-21] [INFO] [1776698918.406465103] [robot_0.image_processor]: Zone=CLEAR
[image_processor-23] [INFO] [1776698918.422955956] [robot_2.image_processor]: Zone=CLEAR
[image_processor-22] [INFO] [1776698918.430555031] [robot_1.image_processor]: Zone=CLEAR
[image_processor-25] [INFO] [1776698918.445953087] [robot_4.image_processor]: Zone=CLEAR
[image_processor-24] [INFO] [1776698918.454881775] [robot_3.image_processor]: Zone=CLEAR
[image_processor-21] [INFO] [1776698920.910132033] [robot_0.image_processor]: Zone=CLEAR
[image_processor-23] [INFO] [1776698920.929415453] [robot_2.image_processor]: Zone=CLEAR
[image_processor-22] [INFO] [1776698920.940482902] [robot_1.image_processor]: Zone=CLEAR
[image_processor-25] [INFO] [1776698920.957301837] [robot_4.image_processor]: Zone=CLEAR
[image_processor-24] [INFO] [1776698920.967629738] [robot_3.image_processor]: Zone=CLEAR
[image_processor-21] [INFO] [1776698923.407160100] [robot_0.image_processor]: Zone=CLEAR
[image_processor-23] [INFO] [1776698923.419966148] [robot_2.image_processor]: Zone=CLEAR
[image_processor-22] [INFO] [1776698923.428194946] [robot_1.image_processor]: Zone=CLEAR
[image_processor-25] [INFO] [1776698923.442344144] [robot_4.image_processor]: Zone=CLEAR
[image_processor-24] [INFO] [1776698923.449924768] [robot_3.image_processor]: Zone=CLEAR
[image_processor-21] [INFO] [1776698925.909549135] [robot_0.image_processor]: Zone=CLEAR
[image_processor-23] [INFO] [1776698925.925241675] [robot_2.image_processor]: Zone=CLEAR
[image_processor-22] [INFO] [1776698925.934143810] [robot_1.image_processor]: Zone=CLEAR
[image_processor-25] [INFO] [1776698925.948526652] [robot_4.image_processor]: Zone=CLEAR
[image_processor-24] [INFO] [1776698925.956681140] [robot_3.image_processor]: Zone=CLEAR
[image_processor-21] [INFO] [1776698928.407668850] [robot_0.image_processor]: Zone=CLEAR
[image_processor-23] [INFO] [1776698928.424000382] [robot_2.image_processor]: Zone=CLEAR
[image_processor-22] [INFO] [1776698928.432072252] [robot_1.image_processor]: Zone=CLEAR
[image_processor-25] [INFO] [1776698928.453783950] [robot_4.image_processor]: Zone=CLEAR
[image_processor-24] [INFO] [1776698928.467423553] [robot_3.image_processor]: Zone=CLEAR
[image_processor-21] [INFO] [1776698930.909973117] [robot_0.image_processor]: Zone=CLEAR
[image_processor-23] [INFO] [1776698930.926393596] [robot_2.image_processor]: Zone=CLEAR
[image_processor-22] [INFO] [1776698930.935831506] [robot_1.image_processor]: Zone=CLEAR
[image_processor-25] [INFO] [1776698930.954055611] [robot_4.image_processor]: Zone=CLEAR
[image_processor-24] [INFO] [1776698930.963167095] [robot_3.image_processor]: Zone=CLEAR
[image_processor-21] [INFO] [1776698933.409548574] [robot_0.image_processor]: Zone=CLEAR
[image_processor-23] [INFO] [1776698933.423325568] [robot_2.image_processor]: Zone=CLEAR
[image_processor-22] [INFO] [1776698933.431896638] [robot_1.image_processor]: Zone=CLEAR
[image_processor-25] [INFO] [1776698933.446463209] [robot_4.image_processor]: Zone=CLEAR
[image_processor-24] [INFO] [1776698933.454650299] [robot_3.image_processor]: Zone=CLEAR
[image_processor-21] [INFO] [1776698935.909981488] [robot_0.image_processor]: Zone=CLEAR
[image_processor-23] [INFO] [1776698935.928188369] [robot_2.image_processor]: Zone=CLEAR
[image_processor-22] [INFO] [1776698935.937126976] [robot_1.image_processor]: Zone=CLEAR
[image_processor-25] [INFO] [1776698935.953462404] [robot_4.image_processor]: Zone=CLEAR
[image_processor-24] [INFO] [1776698935.965960150] [robot_3.image_processor]: Zone=CLEAR
[image_processor-21] [INFO] [1776698938.409857114] [robot_0.image_processor]: Zone=CLEAR
[image_processor-23] [INFO] [1776698938.434173171] [robot_2.image_processor]: Zone=CLEAR
[image_processor-22] [INFO] [1776698938.449554536] [robot_1.image_processor]: Zone=CLEAR
[image_processor-25] [INFO] [1776698938.471729584] [robot_4.image_processor]: Zone=CLEAR
[image_processor-24] [INFO] [1776698938.481886627] [robot_3.image_processor]: Zone=CLEAR
[image_processor-21] [INFO] [1776698940.917076028] [robot_0.image_processor]: Zone=CLEAR
[image_processor-23] [INFO] [1776698940.945653487] [robot_2.image_processor]: Zone=CLEAR
[image_processor-25] [INFO] [1776698940.971851505] [robot_4.image_processor]: Zone=CLEAR
[image_processor-24] [INFO] [1776698940.981942842] [robot_3.image_processor]: Zone=CLEAR
[image_processor-22] [INFO] [1776698941.055152547] [robot_1.image_processor]: Zone=CLEAR
[image_processor-21] [INFO] [1776698943.407931476] [robot_0.image_processor]: Zone=CLEAR
[image_processor-23] [INFO] [1776698943.422862127] [robot_2.image_processor]: Zone=CLEAR
[image_processor-22] [INFO] [1776698943.431462039] [robot_1.image_processor]: Zone=CLEAR
[image_processor-25] [INFO] [1776698943.454100056] [robot_4.image_processor]: Zone=CLEAR
[image_processor-24] [INFO] [1776698943.465084978] [robot_3.image_processor]: Zone=CLEAR
[image_processor-21] [INFO] [1776698945.919573163] [robot_0.image_processor]: Zone=CLEAR
[image_processor-23] [INFO] [1776698945.949974886] [robot_2.image_processor]: Zone=CLEAR
[image_processor-22] [INFO] [1776698945.967304176] [robot_1.image_processor]: Zone=CLEAR
[image_processor-25] [INFO] [1776698945.992370690] [robot_4.image_processor]: Zone=CLEAR
[image_processor-24] [INFO] [1776698946.003455848] [robot_3.image_processor]: Zone=CLEAR
[image_processor-21] [INFO] [1776698948.413308195] [robot_0.image_processor]: Zone=CLEAR
[image_processor-23] [INFO] [1776698948.437280004] [robot_2.image_processor]: Zone=CLEAR
[image_processor-22] [INFO] [1776698948.449965189] [robot_1.image_processor]: Zone=CLEAR
[image_processor-25] [INFO] [1776698948.473860886] [robot_4.image_processor]: Zone=CLEAR
[image_processor-24] [INFO] [1776698948.488827578] [robot_3.image_processor]: Zone=CLEAR
[image_processor-21] [INFO] [1776698950.906673838] [robot_0.image_processor]: Zone=CLEAR
[image_processor-23] [INFO] [1776698950.921986696] [robot_2.image_processor]: Zone=CLEAR
[image_processor-22] [INFO] [1776698950.931190496] [robot_1.image_processor]: Zone=CLEAR
[image_processor-25] [INFO] [1776698950.950346449] [robot_4.image_processor]: Zone=CLEAR
[image_processor-24] [INFO] [1776698950.958984580] [robot_3.image_processor]: Zone=CLEAR
[image_processor-21] [INFO] [1776698953.413596018] [robot_0.image_processor]: Zone=CLEAR
[image_processor-23] [INFO] [1776698953.432442599] [robot_2.image_processor]: Zone=CLEAR
[image_processor-22] [INFO] [1776698953.444398834] [robot_1.image_processor]: Zone=CLEAR
[image_processor-25] [INFO] [1776698953.462291913] [robot_4.image_processor]: Zone=CLEAR
[image_processor-24] [INFO] [1776698953.472591542] [robot_3.image_processor]: Zone=CLEAR
[image_processor-21] [INFO] [1776698955.919378652] [robot_0.image_processor]: Zone=CLEAR
[image_processor-23] [INFO] [1776698955.943575641] [robot_2.image_processor]: Zone=CLEAR
[image_processor-22] [INFO] [1776698955.954592596] [robot_1.image_processor]: Zone=CLEAR
[image_processor-25] [INFO] [1776698955.978376903] [robot_4.image_processor]: Zone=CLEAR
[image_processor-24] [INFO] [1776698955.994400678] [robot_3.image_processor]: Zone=CLEAR
[image_processor-21] [INFO] [1776698958.413867584] [robot_0.image_processor]: Zone=CLEAR
[image_processor-23] [INFO] [1776698958.435220359] [robot_2.image_processor]: Zone=CLEAR
[image_processor-22] [INFO] [1776698958.450532684] [robot_1.image_processor]: Zone=CLEAR
[image_processor-25] [INFO] [1776698958.472510133] [robot_4.image_processor]: Zone=CLEAR
[image_processor-24] [INFO] [1776698958.483879708] [robot_3.image_processor]: Zone=CLEAR
[image_processor-21] [INFO] [1776698960.912171835] [robot_0.image_processor]: Zone=CLEAR
[image_processor-23] [INFO] [1776698960.932945828] [robot_2.image_processor]: Zone=CLEAR
[image_processor-22] [INFO] [1776698960.948848735] [robot_1.image_processor]: Zone=CLEAR
[image_processor-25] [INFO] [1776698960.967067066] [robot_4.image_processor]: Zone=CLEAR
[image_processor-24] [INFO] [1776698961.084478504] [robot_3.image_processor]: Zone=CLEAR
[image_processor-21] [INFO] [1776698963.408287840] [robot_0.image_processor]: Zone=CLEAR
[image_processor-23] [INFO] [1776698963.422309744] [robot_2.image_processor]: Zone=CLEAR
[image_processor-22] [INFO] [1776698963.430391775] [robot_1.image_processor]: Zone=CLEAR
[image_processor-25] [INFO] [1776698963.445127573] [robot_4.image_processor]: Zone=CLEAR
[image_processor-24] [INFO] [1776698963.453666200] [robot_3.image_processor]: Zone=CLEAR
[image_processor-21] [INFO] [1776698965.906064555] [robot_0.image_processor]: Zone=CLEAR
[image_processor-23] [INFO] [1776698965.920901467] [robot_2.image_processor]: Zone=CLEAR
[image_processor-22] [INFO] [1776698965.930386168] [robot_1.image_processor]: Zone=CLEAR
[image_processor-25] [INFO] [1776698965.948466060] [robot_4.image_processor]: Zone=CLEAR
[image_processor-24] [INFO] [1776698965.959189066] [robot_3.image_processor]: Zone=CLEAR
[image_processor-21] [INFO] [1776698968.408417367] [robot_0.image_processor]: Zone=CLEAR
[image_processor-23] [INFO] [1776698968.425782958] [robot_2.image_processor]: Zone=CLEAR
[image_processor-22] [INFO] [1776698968.435698346] [robot_1.image_processor]: Zone=CLEAR
[image_processor-25] [INFO] [1776698968.455455107] [robot_4.image_processor]: Zone=CLEAR
[image_processor-24] [INFO] [1776698968.466074588] [robot_3.image_processor]: Zone=CLEAR
[image_processor-21] [INFO] [1776698970.907069894] [robot_0.image_processor]: Zone=CLEAR
[image_processor-23] [INFO] [1776698970.924414665] [robot_2.image_processor]: Zone=CLEAR
[image_processor-22] [INFO] [1776698970.935461979] [robot_1.image_processor]: Zone=CLEAR
[image_processor-25] [INFO] [1776698970.957610945] [robot_4.image_processor]: Zone=CLEAR
[image_processor-24] [INFO] [1776698970.967171442] [robot_3.image_processor]: Zone=CLEAR
[image_processor-21] [INFO] [1776698973.409782797] [robot_0.image_processor]: Zone=CLEAR
[image_processor-23] [INFO] [1776698973.424124339] [robot_2.image_processor]: Zone=CLEAR
[image_processor-22] [INFO] [1776698973.433534101] [robot_1.image_processor]: Zone=CLEAR
[image_processor-25] [INFO] [1776698973.450974658] [robot_4.image_processor]: Zone=CLEAR
[image_processor-24] [INFO] [1776698973.461803600] [robot_3.image_processor]: Zone=CLEAR
[image_processor-21] [INFO] [1776698975.906085699] [robot_0.image_processor]: Zone=CLEAR
[image_processor-23] [INFO] [1776698975.921272466] [robot_2.image_processor]: Zone=CLEAR
[image_processor-22] [INFO] [1776698975.930934316] [robot_1.image_processor]: Zone=CLEAR
[image_processor-25] [INFO] [1776698975.948714249] [robot_4.image_processor]: Zone=CLEAR
[image_processor-24] [INFO] [1776698975.958001467] [robot_3.image_processor]: Zone=CLEAR
[image_processor-21] [INFO] [1776698978.407404810] [robot_0.image_processor]: Zone=CLEAR
[image_processor-23] [INFO] [1776698978.421853589] [robot_2.image_processor]: Zone=CLEAR
[image_processor-22] [INFO] [1776698978.431007562] [robot_1.image_processor]: Zone=CLEAR
[image_processor-25] [INFO] [1776698978.450616136] [robot_4.image_processor]: Zone=CLEAR
[image_processor-24] [INFO] [1776698978.462828001] [robot_3.image_processor]: Zone=CLEAR
[image_processor-21] [INFO] [1776698980.906580810] [robot_0.image_processor]: Zone=CLEAR
[image_processor-23] [INFO] [1776698980.921515041] [robot_2.image_processor]: Zone=CLEAR
[image_processor-22] [INFO] [1776698980.930283667] [robot_1.image_processor]: Zone=CLEAR
[image_processor-25] [INFO] [1776698980.948257093] [robot_4.image_processor]: Zone=CLEAR
[image_processor-24] [INFO] [1776698980.956810611] [robot_3.image_processor]: Zone=CLEAR
[image_processor-21] [INFO] [1776698983.406949368] [robot_0.image_processor]: Zone=CLEAR
[image_processor-23] [INFO] [1776698983.420587464] [robot_2.image_processor]: Zone=CLEAR
[image_processor-22] [INFO] [1776698983.429130150] [robot_1.image_processor]: Zone=CLEAR
[image_processor-25] [INFO] [1776698983.443957375] [robot_4.image_processor]: Zone=CLEAR
[image_processor-24] [INFO] [1776698983.452928843] [robot_3.image_processor]: Zone=CLEAR
[image_processor-21] [INFO] [1776698985.905617568] [robot_0.image_processor]: Zone=CLEAR
[image_processor-23] [INFO] [1776698985.917871227] [robot_2.image_processor]: Zone=CLEAR
[image_processor-22] [INFO] [1776698985.926293818] [robot_1.image_processor]: Zone=CLEAR
[image_processor-25] [INFO] [1776698986.039175584] [robot_4.image_processor]: Zone=CLEAR
[image_processor-24] [INFO] [1776698986.048767902] [robot_3.image_processor]: Zone=CLEAR
[image_processor-21] [INFO] [1776698988.410201966] [robot_0.image_processor]: Zone=CLEAR
[image_processor-23] [INFO] [1776698988.425825694] [robot_2.image_processor]: Zone=CLEAR
[image_processor-22] [INFO] [1776698988.435105669] [robot_1.image_processor]: Zone=CLEAR
[image_processor-25] [INFO] [1776698988.453640481] [robot_4.image_processor]: Zone=CLEAR
[image_processor-24] [INFO] [1776698988.463354543] [robot_3.image_processor]: Zone=CLEAR
[image_processor-21] [INFO] [1776698990.908186233] [robot_0.image_processor]: Zone=CLEAR
[image_processor-23] [INFO] [1776698990.929298854] [robot_2.image_processor]: Zone=CLEAR
[image_processor-22] [INFO] [1776698990.943529902] [robot_1.image_processor]: Zone=CLEAR
[image_processor-25] [INFO] [1776698990.966453954] [robot_4.image_processor]: Zone=CLEAR
[image_processor-24] [INFO] [1776698990.976174861] [robot_3.image_processor]: Zone=CLEAR
[image_processor-21] [INFO] [1776698993.409588570] [robot_0.image_processor]: Zone=CLEAR
[image_processor-23] [INFO] [1776698993.433201909] [robot_2.image_processor]: Zone=CLEAR
[image_processor-22] [INFO] [1776698993.449019805] [robot_1.image_processor]: Zone=CLEAR
[image_processor-25] [INFO] [1776698993.466413348] [robot_4.image_processor]: Zone=CLEAR
[image_processor-24] [INFO] [1776698993.478200149] [robot_3.image_processor]: Zone=CLEAR
[image_processor-21] [INFO] [1776698995.907897983] [robot_0.image_processor]: Zone=CLEAR
[image_processor-23] [INFO] [1776698995.924110953] [robot_2.image_processor]: Zone=CLEAR
[image_processor-22] [INFO] [1776698995.932766203] [robot_1.image_processor]: Zone=CLEAR
[image_processor-25] [INFO] [1776698995.952956753] [robot_4.image_processor]: Zone=CLEAR
[image_processor-24] [INFO] [1776698995.966275038] [robot_3.image_processor]: Zone=CLEAR
[image_processor-21] [INFO] [1776698998.409515095] [robot_0.image_processor]: Zone=CLEAR
[image_processor-23] [INFO] [1776698998.424449058] [robot_2.image_processor]: Zone=CLEAR
[image_processor-22] [INFO] [1776698998.433028474] [robot_1.image_processor]: Zone=CLEAR
[image_processor-25] [INFO] [1776698998.449989513] [robot_4.image_processor]: Zone=CLEAR
[image_processor-24] [INFO] [1776698998.459092252] [robot_3.image_processor]: Zone=CLEAR
[image_processor-21] [INFO] [1776699000.909261221] [robot_0.image_processor]: Zone=CLEAR
[image_processor-23] [INFO] [1776699000.922742838] [robot_2.image_processor]: Zone=CLEAR
[image_processor-22] [INFO] [1776699000.930992244] [robot_1.image_processor]: Zone=CLEAR
[image_processor-25] [INFO] [1776699000.949171036] [robot_4.image_processor]: Zone=CLEAR
[image_processor-24] [INFO] [1776699000.960247013] [robot_3.image_processor]: Zone=CLEAR
[image_processor-21] [INFO] [1776699003.407205068] [robot_0.image_processor]: Zone=CLEAR
[image_processor-23] [INFO] [1776699003.421624307] [robot_2.image_processor]: Zone=CLEAR
[image_processor-22] [INFO] [1776699003.430407886] [robot_1.image_processor]: Zone=CLEAR
[image_processor-25] [INFO] [1776699003.446024551] [robot_4.image_processor]: Zone=CLEAR
[image_processor-24] [INFO] [1776699003.455329903] [robot_3.image_processor]: Zone=CLEAR
[image_processor-21] [INFO] [1776699005.909478636] [robot_0.image_processor]: Zone=CLEAR
[image_processor-23] [INFO] [1776699005.927970789] [robot_2.image_processor]: Zone=CLEAR
[image_processor-22] [INFO] [1776699005.936713254] [robot_1.image_processor]: Zone=CLEAR
[image_processor-25] [INFO] [1776699005.955209193] [robot_4.image_processor]: Zone=CLEAR
[image_processor-24] [INFO] [1776699005.968260440] [robot_3.image_processor]: Zone=CLEAR
[INFO] [image_processor-25]: sending signal 'SIGINT' to process[image_processor-25]
[ERROR] [ign gazebo-1]: process has died [pid 21878, exit code -15, cmd 'ruby /usr/bin/ign gazebo /home/ecem/ros2_ws/install/swarm_basics/share/swarm_basics/worlds/random_world.sdf -s -r --force-version 6'].
[ERROR] [parameter_bridge-4]: process has died [pid 21885, exit code -15, cmd '/opt/ros/humble/lib/ros_ign_bridge/parameter_bridge /robot_0/cmd_vel@geometry_msgs/msg/Twist]ignition.msgs.Twist /robot_0/odom@nav_msgs/msg/Odometry[ignition.msgs.Odometry /robot_0/depth_camera/depth_image@sensor_msgs/msg/Image[ignition.msgs.Image /world/random_world/model/robot_0/link/robot_0/base_footprint/sensor/contact_sensor/contact@ros_gz_interfaces/msg/Contacts[ignition.msgs.Contacts /robot_1/cmd_vel@geometry_msgs/msg/Twist]ignition.msgs.Twist /robot_1/odom@nav_msgs/msg/Odometry[ignition.msgs.Odometry /robot_1/depth_camera/depth_image@sensor_msgs/msg/Image[ignition.msgs.Image /world/random_world/model/robot_1/link/robot_1/base_footprint/sensor/contact_sensor/contact@ros_gz_interfaces/msg/Contacts[ignition.msgs.Contacts /robot_2/cmd_vel@geometry_msgs/msg/Twist]ignition.msgs.Twist /robot_2/odom@nav_msgs/msg/Odometry[ignition.msgs.Odometry /robot_2/depth_camera/depth_image@sensor_msgs/msg/Image[ignition.msgs.Image /world/random_world/model/robot_2/link/robot_2/base_footprint/sensor/contact_sensor/contact@ros_gz_interfaces/msg/Contacts[ignition.msgs.Contacts /robot_3/cmd_vel@geometry_msgs/msg/Twist]ignition.msgs.Twist /robot_3/odom@nav_msgs/msg/Odometry[ignition.msgs.Odometry /robot_3/depth_camera/depth_image@sensor_msgs/msg/Image[ignition.msgs.Image /world/random_world/model/robot_3/link/robot_3/base_footprint/sensor/contact_sensor/contact@ros_gz_interfaces/msg/Contacts[ignition.msgs.Contacts /robot_4/cmd_vel@geometry_msgs/msg/Twist]ignition.msgs.Twist /robot_4/odom@nav_msgs/msg/Odometry[ignition.msgs.Odometry /robot_4/depth_camera/depth_image@sensor_msgs/msg/Image[ignition.msgs.Image /world/random_world/model/robot_4/link/robot_4/base_footprint/sensor/contact_sensor/contact@ros_gz_interfaces/msg/Contacts[ignition.msgs.Contacts /world/random_world/dynamic_pose/info@tf2_msgs/msg/TFMessage[ignition.msgs.Pose_V --ros-args -r __node:=all_robots_bridge --params-file /tmp/launch_params_bnzequgi'].
[INFO] [parameter_bridge-20]: process has finished cleanly [pid 21925]
[INFO] [image_processor-24]: sending signal 'SIGINT' to process[image_processor-24]
[INFO] [bash-26]: process started with pid [22966]
[INFO] [image_processor-23]: sending signal 'SIGINT' to process[image_processor-23]
[INFO] [image_processor-22]: sending signal 'SIGINT' to process[image_processor-22]
[INFO] [image_processor-21]: sending signal 'SIGINT' to process[image_processor-21]
[INFO] [robot_supervisor-19]: sending signal 'SIGINT' to process[robot_supervisor-19]
[INFO] [robot_state_publisher-17]: sending signal 'SIGINT' to process[robot_state_publisher-17]
[INFO] [robot_supervisor-16]: sending signal 'SIGINT' to process[robot_supervisor-16]
[INFO] [robot_state_publisher-14]: sending signal 'SIGINT' to process[robot_state_publisher-14]
[INFO] [robot_supervisor-13]: sending signal 'SIGINT' to process[robot_supervisor-13]
[INFO] [robot_state_publisher-11]: sending signal 'SIGINT' to process[robot_state_publisher-11]
[INFO] [robot_supervisor-10]: sending signal 'SIGINT' to process[robot_supervisor-10]
[INFO] [robot_state_publisher-8]: sending signal 'SIGINT' to process[robot_state_publisher-8]
[ERROR] [bash-26]: process has died [pid 22966, exit code -15, cmd 'bash -lc pkill -f parameter_bridge || true'].
[INFO] [robot_supervisor-7]: sending signal 'SIGINT' to process[robot_supervisor-7]
[INFO] [robot_state_publisher-5]: sending signal 'SIGINT' to process[robot_state_publisher-5]
[INFO] [bump_counter-3]: sending signal 'SIGINT' to process[bump_counter-3]
[INFO] [coverage_counter-2]: sending signal 'SIGINT' to process[coverage_counter-2]
[parameter_bridge-4] [INFO] [1776699007.888396766] [rclcpp]: signal_handler(SIGINT/SIGTERM)
[parameter_bridge-20] [INFO] [1776699007.888414354] [rclcpp]: signal_handler(SIGINT/SIGTERM)
[INFO] [launch]: process[ign gazebo-1] was required: shutting down launched system
[image_processor-25] [INFO] [1776699008.570385003] [rclcpp]: signal_handler(SIGINT/SIGTERM)
[image_processor-24] [INFO] [1776699008.575133836] [rclcpp]: signal_handler(SIGINT/SIGTERM)
[image_processor-23] [INFO] [1776699008.577440978] [rclcpp]: signal_handler(SIGINT/SIGTERM)
[image_processor-22] [INFO] [1776699008.579820166] [rclcpp]: signal_handler(SIGINT/SIGTERM)
[image_processor-21] [INFO] [1776699008.582164433] [rclcpp]: signal_handler(SIGINT/SIGTERM)
[robot_supervisor-19] Traceback (most recent call last):
[robot_supervisor-19]   File "/home/ecem/ros2_ws/install/swarm_basics/lib/swarm_basics/robot_supervisor", line 33, in <module>
[robot_supervisor-19]     sys.exit(load_entry_point('swarm-basics==0.0.0', 'console_scripts', 'robot_supervisor')())
[robot_supervisor-19]   File "/home/ecem/ros2_ws/install/swarm_basics/lib/python3.10/site-packages/swarm_basics/robot_supervisor.py", line 867, in main
[robot_supervisor-19]     rclpy.spin(node)
[robot_supervisor-19]   File "/opt/ros/humble/local/lib/python3.10/dist-packages/rclpy/__init__.py", line 229, in spin
[robot_supervisor-19]     executor.spin_once()
[robot_supervisor-19]   File "/opt/ros/humble/local/lib/python3.10/dist-packages/rclpy/executors.py", line 773, in spin_once
[robot_supervisor-19]     self._spin_once_impl(timeout_sec)
[robot_supervisor-19]   File "/opt/ros/humble/local/lib/python3.10/dist-packages/rclpy/executors.py", line 762, in _spin_once_impl
[robot_supervisor-19]     handler, entity, node = self.wait_for_ready_callbacks(timeout_sec=timeout_sec)
[robot_supervisor-19]   File "/opt/ros/humble/local/lib/python3.10/dist-packages/rclpy/executors.py", line 745, in wait_for_ready_callbacks
[robot_supervisor-19]     return next(self._cb_iter)
[robot_supervisor-19]   File "/opt/ros/humble/local/lib/python3.10/dist-packages/rclpy/executors.py", line 642, in _wait_for_ready_callbacks
[robot_supervisor-19]     wait_set.wait(timeout_nsec)
[robot_supervisor-19] KeyboardInterrupt
[robot_state_publisher-17] [INFO] [1776699008.589147361] [rclcpp]: signal_handler(SIGINT/SIGTERM)
[robot_supervisor-16] Traceback (most recent call last):
[robot_supervisor-16]   File "/home/ecem/ros2_ws/install/swarm_basics/lib/swarm_basics/robot_supervisor", line 33, in <module>
[robot_supervisor-16]     sys.exit(load_entry_point('swarm-basics==0.0.0', 'console_scripts', 'robot_supervisor')())
[robot_supervisor-16]   File "/home/ecem/ros2_ws/install/swarm_basics/lib/python3.10/site-packages/swarm_basics/robot_supervisor.py", line 867, in main
[robot_supervisor-16]     rclpy.spin(node)
[robot_supervisor-16]   File "/opt/ros/humble/local/lib/python3.10/dist-packages/rclpy/__init__.py", line 229, in spin
[robot_supervisor-16]     executor.spin_once()
[robot_supervisor-16]   File "/opt/ros/humble/local/lib/python3.10/dist-packages/rclpy/executors.py", line 773, in spin_once
[robot_supervisor-16]     self._spin_once_impl(timeout_sec)
[robot_supervisor-16]   File "/opt/ros/humble/local/lib/python3.10/dist-packages/rclpy/executors.py", line 762, in _spin_once_impl
[robot_supervisor-16]     handler, entity, node = self.wait_for_ready_callbacks(timeout_sec=timeout_sec)
[robot_supervisor-16]   File "/opt/ros/humble/local/lib/python3.10/dist-packages/rclpy/executors.py", line 745, in wait_for_ready_callbacks
[robot_supervisor-16]     return next(self._cb_iter)
[robot_supervisor-16]   File "/opt/ros/humble/local/lib/python3.10/dist-packages/rclpy/executors.py", line 642, in _wait_for_ready_callbacks
[robot_supervisor-16]     wait_set.wait(timeout_nsec)
[robot_supervisor-16] KeyboardInterrupt
[robot_state_publisher-14] [INFO] [1776699008.594011752] [rclcpp]: signal_handler(SIGINT/SIGTERM)
[robot_supervisor-13] Traceback (most recent call last):
[robot_supervisor-13]   File "/home/ecem/ros2_ws/install/swarm_basics/lib/swarm_basics/robot_supervisor", line 33, in <module>
[robot_supervisor-13]     sys.exit(load_entry_point('swarm-basics==0.0.0', 'console_scripts', 'robot_supervisor')())
[robot_supervisor-13]   File "/home/ecem/ros2_ws/install/swarm_basics/lib/python3.10/site-packages/swarm_basics/robot_supervisor.py", line 867, in main
[robot_supervisor-13]     rclpy.spin(node)
[robot_supervisor-13]   File "/opt/ros/humble/local/lib/python3.10/dist-packages/rclpy/__init__.py", line 229, in spin
[robot_supervisor-13]     executor.spin_once()
[robot_supervisor-13]   File "/opt/ros/humble/local/lib/python3.10/dist-packages/rclpy/executors.py", line 773, in spin_once
[robot_supervisor-13]     self._spin_once_impl(timeout_sec)
[robot_supervisor-13]   File "/opt/ros/humble/local/lib/python3.10/dist-packages/rclpy/executors.py", line 762, in _spin_once_impl
[robot_supervisor-13]     handler, entity, node = self.wait_for_ready_callbacks(timeout_sec=timeout_sec)
[robot_supervisor-13]   File "/opt/ros/humble/local/lib/python3.10/dist-packages/rclpy/executors.py", line 745, in wait_for_ready_callbacks
[robot_supervisor-13]     return next(self._cb_iter)
[robot_supervisor-13]   File "/opt/ros/humble/local/lib/python3.10/dist-packages/rclpy/executors.py", line 642, in _wait_for_ready_callbacks
[robot_supervisor-13]     wait_set.wait(timeout_nsec)
[robot_supervisor-13] KeyboardInterrupt
[robot_state_publisher-11] [INFO] [1776699008.599424975] [rclcpp]: signal_handler(SIGINT/SIGTERM)
[robot_supervisor-10] Traceback (most recent call last):
[robot_supervisor-10]   File "/home/ecem/ros2_ws/install/swarm_basics/lib/swarm_basics/robot_supervisor", line 33, in <module>
[robot_supervisor-10]     sys.exit(load_entry_point('swarm-basics==0.0.0', 'console_scripts', 'robot_supervisor')())
[robot_supervisor-10]   File "/home/ecem/ros2_ws/install/swarm_basics/lib/python3.10/site-packages/swarm_basics/robot_supervisor.py", line 867, in main
[robot_supervisor-10]     rclpy.spin(node)
[robot_supervisor-10]   File "/opt/ros/humble/local/lib/python3.10/dist-packages/rclpy/__init__.py", line 229, in spin
[robot_supervisor-10]     executor.spin_once()
[robot_supervisor-10]   File "/opt/ros/humble/local/lib/python3.10/dist-packages/rclpy/executors.py", line 773, in spin_once
[robot_supervisor-10]     self._spin_once_impl(timeout_sec)
[robot_supervisor-10]   File "/opt/ros/humble/local/lib/python3.10/dist-packages/rclpy/executors.py", line 762, in _spin_once_impl
[robot_supervisor-10]     handler, entity, node = self.wait_for_ready_callbacks(timeout_sec=timeout_sec)
[robot_supervisor-10]   File "/opt/ros/humble/local/lib/python3.10/dist-packages/rclpy/executors.py", line 745, in wait_for_ready_callbacks
[robot_supervisor-10]     return next(self._cb_iter)
[robot_supervisor-10]   File "/opt/ros/humble/local/lib/python3.10/dist-packages/rclpy/executors.py", line 642, in _wait_for_ready_callbacks
[robot_supervisor-10]     wait_set.wait(timeout_nsec)
[robot_supervisor-10] KeyboardInterrupt
[robot_state_publisher-8] [INFO] [1776699008.606267513] [rclcpp]: signal_handler(SIGINT/SIGTERM)
[robot_supervisor-7] Traceback (most recent call last):
[robot_supervisor-7]   File "/home/ecem/ros2_ws/install/swarm_basics/lib/swarm_basics/robot_supervisor", line 33, in <module>
[robot_supervisor-7]     sys.exit(load_entry_point('swarm-basics==0.0.0', 'console_scripts', 'robot_supervisor')())
[robot_supervisor-7]   File "/home/ecem/ros2_ws/install/swarm_basics/lib/python3.10/site-packages/swarm_basics/robot_supervisor.py", line 867, in main
[robot_supervisor-7]     rclpy.spin(node)
[robot_supervisor-7]   File "/opt/ros/humble/local/lib/python3.10/dist-packages/rclpy/__init__.py", line 229, in spin
[robot_supervisor-7]     executor.spin_once()
[robot_supervisor-7]   File "/opt/ros/humble/local/lib/python3.10/dist-packages/rclpy/executors.py", line 773, in spin_once
[robot_supervisor-7]     self._spin_once_impl(timeout_sec)
[robot_supervisor-7]   File "/opt/ros/humble/local/lib/python3.10/dist-packages/rclpy/executors.py", line 762, in _spin_once_impl
[robot_supervisor-7]     handler, entity, node = self.wait_for_ready_callbacks(timeout_sec=timeout_sec)
[robot_supervisor-7]   File "/opt/ros/humble/local/lib/python3.10/dist-packages/rclpy/executors.py", line 745, in wait_for_ready_callbacks
[robot_supervisor-7]     return next(self._cb_iter)
[robot_supervisor-7]   File "/opt/ros/humble/local/lib/python3.10/dist-packages/rclpy/executors.py", line 642, in _wait_for_ready_callbacks
[robot_supervisor-7]     wait_set.wait(timeout_nsec)
[robot_supervisor-7] KeyboardInterrupt
[robot_state_publisher-5] [INFO] [1776699008.613821195] [rclcpp]: signal_handler(SIGINT/SIGTERM)
[ERROR] [launch]: Caught exception in launch (see debug for traceback): ExecuteLocal action 'bash-27': executed more than once: <launch.actions.execute_process.ExecuteProcess object at 0x7d11e1194880>
[INFO] [image_processor-25]: process has finished cleanly [pid 22282]
[INFO] [image_processor-24]: process has finished cleanly [pid 22280]
[INFO] [image_processor-23]: process has finished cleanly [pid 22278]
[INFO] [image_processor-22]: process has finished cleanly [pid 22276]
[INFO] [image_processor-21]: process has finished cleanly [pid 22274]
[INFO] [robot_state_publisher-17]: process has finished cleanly [pid 21913]
[INFO] [robot_state_publisher-14]: process has finished cleanly [pid 21907]
[INFO] [robot_state_publisher-11]: process has finished cleanly [pid 21901]
[INFO] [robot_state_publisher-8]: process has finished cleanly [pid 21895]
[INFO] [robot_state_publisher-5]: process has finished cleanly [pid 21887]
[coverage_counter-2] Traceback (most recent call last):
[coverage_counter-2]   File "/home/ecem/ros2_ws/install/swarm_basics/lib/python3.10/site-packages/swarm_basics/coverage_counter.py", line 418, in main
[coverage_counter-2]     rclpy.spin(node)
[coverage_counter-2]   File "/opt/ros/humble/local/lib/python3.10/dist-packages/rclpy/__init__.py", line 229, in spin
[coverage_counter-2]     executor.spin_once()
[coverage_counter-2]   File "/opt/ros/humble/local/lib/python3.10/dist-packages/rclpy/executors.py", line 773, in spin_once
[coverage_counter-2]     self._spin_once_impl(timeout_sec)
[coverage_counter-2]   File "/opt/ros/humble/local/lib/python3.10/dist-packages/rclpy/executors.py", line 768, in _spin_once_impl
[coverage_counter-2]     handler()
[coverage_counter-2]   File "/opt/ros/humble/local/lib/python3.10/dist-packages/rclpy/task.py", line 254, in __call__
[coverage_counter-2]     self._handler.send(None)
[coverage_counter-2]   File "/opt/ros/humble/local/lib/python3.10/dist-packages/rclpy/executors.py", line 463, in handler
[coverage_counter-2]     await call_coroutine(entity, arg)
[coverage_counter-2]   File "/opt/ros/humble/local/lib/python3.10/dist-packages/rclpy/executors.py", line 371, in _execute_timer
[coverage_counter-2]     await await_or_execute(tmr.callback)
[coverage_counter-2]   File "/opt/ros/humble/local/lib/python3.10/dist-packages/rclpy/executors.py", line 107, in await_or_execute
[coverage_counter-2]     return callback(*args)
[coverage_counter-2]   File "/home/ecem/ros2_ws/install/swarm_basics/lib/python3.10/site-packages/swarm_basics/coverage_counter.py", line 152, in _on_timeout_timer
[coverage_counter-2]     self.shutdown_and_save()
[coverage_counter-2]   File "/home/ecem/ros2_ws/install/swarm_basics/lib/python3.10/site-packages/swarm_basics/coverage_counter.py", line 174, in shutdown_and_save
[coverage_counter-2]     rclpy.shutdown()
[coverage_counter-2]   File "/opt/ros/humble/local/lib/python3.10/dist-packages/rclpy/__init__.py", line 130, in shutdown
[coverage_counter-2]     _shutdown(context=context)
[coverage_counter-2]   File "/opt/ros/humble/local/lib/python3.10/dist-packages/rclpy/utilities.py", line 58, in shutdown
[coverage_counter-2]     return context.shutdown()
[coverage_counter-2]   File "/opt/ros/humble/local/lib/python3.10/dist-packages/rclpy/context.py", line 103, in shutdown
[coverage_counter-2]     self._call_on_shutdown_callbacks()
[coverage_counter-2]   File "/opt/ros/humble/local/lib/python3.10/dist-packages/rclpy/context.py", line 92, in _call_on_shutdown_callbacks
[coverage_counter-2]     callback = weak_method()
[coverage_counter-2]   File "/opt/ros/humble/local/lib/python3.10/dist-packages/rclpy/__init__.py", line 111, in reset_executor
[coverage_counter-2]     __executor.shutdown()
[coverage_counter-2]   File "/opt/ros/humble/local/lib/python3.10/dist-packages/rclpy/executors.py", line 227, in shutdown
[coverage_counter-2]     if not self._work_tracker.wait(timeout_sec):
[coverage_counter-2]   File "/opt/ros/humble/local/lib/python3.10/dist-packages/rclpy/executors.py", line 94, in wait
[coverage_counter-2]     if not self._work_condition.wait_for(
[coverage_counter-2]   File "/usr/lib/python3.10/threading.py", line 355, in wait_for
[coverage_counter-2]     self.wait(waittime)
[coverage_counter-2]   File "/usr/lib/python3.10/threading.py", line 320, in wait
[coverage_counter-2]     waiter.acquire()
[coverage_counter-2] KeyboardInterrupt
[coverage_counter-2] 
[coverage_counter-2] During handling of the above exception, another exception occurred:
[coverage_counter-2] 
[coverage_counter-2] Traceback (most recent call last):
[coverage_counter-2]   File "/home/ecem/ros2_ws/install/swarm_basics/lib/swarm_basics/coverage_counter", line 33, in <module>
[coverage_counter-2]     sys.exit(load_entry_point('swarm-basics==0.0.0', 'console_scripts', 'coverage_counter')())
[coverage_counter-2]   File "/home/ecem/ros2_ws/install/swarm_basics/lib/python3.10/site-packages/swarm_basics/coverage_counter.py", line 421, in main
[coverage_counter-2]     node.shutdown_and_save()
[coverage_counter-2]   File "/home/ecem/ros2_ws/install/swarm_basics/lib/python3.10/site-packages/swarm_basics/coverage_counter.py", line 174, in shutdown_and_save
[coverage_counter-2]     rclpy.shutdown()
[coverage_counter-2]   File "/opt/ros/humble/local/lib/python3.10/dist-packages/rclpy/__init__.py", line 130, in shutdown
[coverage_counter-2]     _shutdown(context=context)
[coverage_counter-2]   File "/opt/ros/humble/local/lib/python3.10/dist-packages/rclpy/utilities.py", line 58, in shutdown
[coverage_counter-2]     return context.shutdown()
[coverage_counter-2]   File "/opt/ros/humble/local/lib/python3.10/dist-packages/rclpy/context.py", line 100, in shutdown
[coverage_counter-2]     raise RuntimeError('Context must be initialized before it can be shutdown')
[coverage_counter-2] RuntimeError: Context must be initialized before it can be shutdown
[bump_counter-3] Traceback (most recent call last):
[bump_counter-3]   File "/home/ecem/ros2_ws/install/swarm_basics/lib/swarm_basics/bump_counter", line 33, in <module>
[bump_counter-3]     sys.exit(load_entry_point('swarm-basics==0.0.0', 'console_scripts', 'bump_counter')())
[bump_counter-3]   File "/home/ecem/ros2_ws/install/swarm_basics/lib/python3.10/site-packages/swarm_basics/bump_counter.py", line 384, in main
[bump_counter-3]     rclpy.shutdown()
[bump_counter-3]   File "/opt/ros/humble/local/lib/python3.10/dist-packages/rclpy/__init__.py", line 130, in shutdown
[bump_counter-3]     _shutdown(context=context)
[bump_counter-3]   File "/opt/ros/humble/local/lib/python3.10/dist-packages/rclpy/utilities.py", line 58, in shutdown
[bump_counter-3]     return context.shutdown()
[bump_counter-3]   File "/opt/ros/humble/local/lib/python3.10/dist-packages/rclpy/context.py", line 102, in shutdown
[bump_counter-3]     self.__context.shutdown()
[bump_counter-3] rclpy._rclpy_pybind11.RCLError: failed to shutdown: rcl_shutdown already called on the given context, at ./src/rcl/init.c:241
[ERROR] [coverage_counter-2]: process has died [pid 21880, exit code 1, cmd '/home/ecem/ros2_ws/install/swarm_basics/lib/swarm_basics/coverage_counter --ros-args -r __node:=coverage_counter --params-file /tmp/launch_params_dewj65s2 --params-file /tmp/launch_params_88bzczov --params-file /tmp/launch_params_rkg9qgs1 --params-file /tmp/launch_params_64l4hw8a --params-file /tmp/launch_params_f9vwtmad --params-file /tmp/launch_params_62v0l050'].
[ERROR] [bump_counter-3]: process has died [pid 21883, exit code 1, cmd '/home/ecem/ros2_ws/install/swarm_basics/lib/swarm_basics/bump_counter --ros-args -r __node:=bump_counter --params-file /tmp/launch_params_x7fpud4w --params-file /tmp/launch_params_xq2fmn42 --params-file /tmp/launch_params_on5g0h28'].
[ERROR] [robot_supervisor-19]: process has died [pid 21923, exit code -2, cmd '/home/ecem/ros2_ws/install/swarm_basics/lib/swarm_basics/robot_supervisor --ros-args -r __node:=robot_supervisor -r __ns:=/robot_4 --params-file /tmp/launch_params_7tu4ehyx --params-file /tmp/launch_params_71nwf_bv --params-file /tmp/launch_params_ggv54724 --params-file /tmp/launch_params_844pgdcn'].
[ERROR] [robot_supervisor-13]: process has died [pid 21905, exit code -2, cmd '/home/ecem/ros2_ws/install/swarm_basics/lib/swarm_basics/robot_supervisor --ros-args -r __node:=robot_supervisor -r __ns:=/robot_2 --params-file /tmp/launch_params_9xbbzf5y --params-file /tmp/launch_params_xr_lhxhp --params-file /tmp/launch_params_bahj98zl --params-file /tmp/launch_params_nlbwf58s'].
[ERROR] [robot_supervisor-16]: process has died [pid 21911, exit code -2, cmd '/home/ecem/ros2_ws/install/swarm_basics/lib/swarm_basics/robot_supervisor --ros-args -r __node:=robot_supervisor -r __ns:=/robot_3 --params-file /tmp/launch_params_yle5ckr_ --params-file /tmp/launch_params_stn1fxjg --params-file /tmp/launch_params_56msgze6 --params-file /tmp/launch_params_o8aqd8u8'].
[ERROR] [robot_supervisor-10]: process has died [pid 21899, exit code -2, cmd '/home/ecem/ros2_ws/install/swarm_basics/lib/swarm_basics/robot_supervisor --ros-args -r __node:=robot_supervisor -r __ns:=/robot_1 --params-file /tmp/launch_params_5le6x3vp --params-file /tmp/launch_params_lvggjqsq --params-file /tmp/launch_params_bobi195n --params-file /tmp/launch_params_0q0tuhnl'].
[ERROR] [robot_supervisor-7]: process has died [pid 21892, exit code -2, cmd '/home/ecem/ros2_ws/install/swarm_basics/lib/swarm_basics/robot_supervisor --ros-args -r __node:=robot_supervisor -r __ns:=/robot_0 --params-file /tmp/launch_params_ukai9hjf --params-file /tmp/launch_params_li4k3fjx --params-file /tmp/launch_params_zg821jlg --params-file /tmp/launch_params_mh60h5sw'].
