Starting >>> leo_image
Starting >>> swarm_basics
Finished <<< leo_image [0.20s]
Finished <<< swarm_basics [0.57s]

Summary: 2 packages finished [1.41s]
[INFO] [launch]: All log files can be found below /home/ecem/.ros/log/2026-04-18-03-47-52-894023-ecem-pc-503069
[INFO] [launch]: Default logging verbosity is set to INFO
[INFO] [ign gazebo-1]: process started with pid [503135]
[INFO] [coverage_counter-2]: process started with pid [503137]
[INFO] [bump_counter-3]: process started with pid [503140]
[INFO] [parameter_bridge-4]: process started with pid [503142]
[INFO] [robot_state_publisher-5]: process started with pid [503144]
[INFO] [create-6]: process started with pid [503146]
[INFO] [robot_supervisor-7]: process started with pid [503149]
[INFO] [robot_state_publisher-8]: process started with pid [503152]
[INFO] [create-9]: process started with pid [503154]
[INFO] [robot_supervisor-10]: process started with pid [503156]
[INFO] [robot_state_publisher-11]: process started with pid [503158]
[INFO] [create-12]: process started with pid [503160]
[INFO] [robot_supervisor-13]: process started with pid [503163]
[INFO] [robot_state_publisher-14]: process started with pid [503165]
[INFO] [create-15]: process started with pid [503167]
[INFO] [robot_supervisor-16]: process started with pid [503169]
[INFO] [robot_state_publisher-17]: process started with pid [503171]
[INFO] [create-18]: process started with pid [503178]
[INFO] [robot_supervisor-19]: process started with pid [503180]
[INFO] [parameter_bridge-20]: process started with pid [503182]
[parameter_bridge-4] [ros_ign_bridge] is deprecated! Redirecting to use [ros_gz_bridge] instead!
[parameter_bridge-4] 
[create-15] [INFO] [1776476873.324417952] [robot_3.ros_gz_sim]: Requesting list of world names.
[create-12] [INFO] [1776476873.324526248] [robot_2.ros_gz_sim]: Requesting list of world names.
[create-6] [INFO] [1776476873.324855855] [robot_0.ros_gz_sim]: Requesting list of world names.
[create-9] [INFO] [1776476873.325049761] [robot_1.ros_gz_sim]: Requesting list of world names.
[parameter_bridge-4] [INFO] [1776476873.329243045] [all_robots_bridge]: Creating ROS->GZ Bridge: [/robot_0/cmd_vel (geometry_msgs/msg/Twist) -> /robot_0/cmd_vel (ignition.msgs.Twist)] (Lazy 0)
[parameter_bridge-4] [INFO] [1776476873.330006677] [all_robots_bridge]: Creating GZ->ROS Bridge: [/robot_0/odom (ignition.msgs.Odometry) -> /robot_0/odom (nav_msgs/msg/Odometry)] (Lazy 0)
[parameter_bridge-4] [INFO] [1776476873.330561915] [all_robots_bridge]: Creating GZ->ROS Bridge: [/robot_0/depth_camera/depth_image (ignition.msgs.Image) -> /robot_0/depth_camera/depth_image (sensor_msgs/msg/Image)] (Lazy 0)
[create-18] [INFO] [1776476873.330679046] [robot_4.ros_gz_sim]: Requesting list of world names.
[parameter_bridge-4] [INFO] [1776476873.331078528] [all_robots_bridge]: Creating GZ->ROS Bridge: [/world/random_world/model/robot_0/link/robot_0/base_footprint/sensor/contact_sensor/contact (ignition.msgs.Contacts) -> /world/random_world/model/robot_0/link/robot_0/base_footprint/sensor/contact_sensor/contact (ros_gz_interfaces/msg/Contacts)] (Lazy 0)
[parameter_bridge-4] [INFO] [1776476873.331578132] [all_robots_bridge]: Creating ROS->GZ Bridge: [/robot_1/cmd_vel (geometry_msgs/msg/Twist) -> /robot_1/cmd_vel (ignition.msgs.Twist)] (Lazy 0)
[parameter_bridge-4] [INFO] [1776476873.331782427] [all_robots_bridge]: Creating GZ->ROS Bridge: [/robot_1/odom (ignition.msgs.Odometry) -> /robot_1/odom (nav_msgs/msg/Odometry)] (Lazy 0)
[parameter_bridge-4] [INFO] [1776476873.332119256] [all_robots_bridge]: Creating GZ->ROS Bridge: [/robot_1/depth_camera/depth_image (ignition.msgs.Image) -> /robot_1/depth_camera/depth_image (sensor_msgs/msg/Image)] (Lazy 0)
[parameter_bridge-4] [INFO] [1776476873.332347299] [all_robots_bridge]: Creating GZ->ROS Bridge: [/world/random_world/model/robot_1/link/robot_1/base_footprint/sensor/contact_sensor/contact (ignition.msgs.Contacts) -> /world/random_world/model/robot_1/link/robot_1/base_footprint/sensor/contact_sensor/contact (ros_gz_interfaces/msg/Contacts)] (Lazy 0)
[parameter_bridge-4] [INFO] [1776476873.332611621] [all_robots_bridge]: Creating ROS->GZ Bridge: [/robot_2/cmd_vel (geometry_msgs/msg/Twist) -> /robot_2/cmd_vel (ignition.msgs.Twist)] (Lazy 0)
[parameter_bridge-4] [INFO] [1776476873.332865837] [all_robots_bridge]: Creating GZ->ROS Bridge: [/robot_2/odom (ignition.msgs.Odometry) -> /robot_2/odom (nav_msgs/msg/Odometry)] (Lazy 0)
[parameter_bridge-4] [INFO] [1776476873.333136523] [all_robots_bridge]: Creating GZ->ROS Bridge: [/robot_2/depth_camera/depth_image (ignition.msgs.Image) -> /robot_2/depth_camera/depth_image (sensor_msgs/msg/Image)] (Lazy 0)
[parameter_bridge-4] [INFO] [1776476873.333422111] [all_robots_bridge]: Creating GZ->ROS Bridge: [/world/random_world/model/robot_2/link/robot_2/base_footprint/sensor/contact_sensor/contact (ignition.msgs.Contacts) -> /world/random_world/model/robot_2/link/robot_2/base_footprint/sensor/contact_sensor/contact (ros_gz_interfaces/msg/Contacts)] (Lazy 0)
[parameter_bridge-4] [INFO] [1776476873.333788905] [all_robots_bridge]: Creating ROS->GZ Bridge: [/robot_3/cmd_vel (geometry_msgs/msg/Twist) -> /robot_3/cmd_vel (ignition.msgs.Twist)] (Lazy 0)
[parameter_bridge-4] [INFO] [1776476873.334044583] [all_robots_bridge]: Creating GZ->ROS Bridge: [/robot_3/odom (ignition.msgs.Odometry) -> /robot_3/odom (nav_msgs/msg/Odometry)] (Lazy 0)
[parameter_bridge-4] [INFO] [1776476873.334354221] [all_robots_bridge]: Creating GZ->ROS Bridge: [/robot_3/depth_camera/depth_image (ignition.msgs.Image) -> /robot_3/depth_camera/depth_image (sensor_msgs/msg/Image)] (Lazy 0)
[parameter_bridge-4] [INFO] [1776476873.334670131] [all_robots_bridge]: Creating GZ->ROS Bridge: [/world/random_world/model/robot_3/link/robot_3/base_footprint/sensor/contact_sensor/contact (ignition.msgs.Contacts) -> /world/random_world/model/robot_3/link/robot_3/base_footprint/sensor/contact_sensor/contact (ros_gz_interfaces/msg/Contacts)] (Lazy 0)
[parameter_bridge-4] [INFO] [1776476873.335007804] [all_robots_bridge]: Creating ROS->GZ Bridge: [/robot_4/cmd_vel (geometry_msgs/msg/Twist) -> /robot_4/cmd_vel (ignition.msgs.Twist)] (Lazy 0)
[parameter_bridge-4] [INFO] [1776476873.335341713] [all_robots_bridge]: Creating GZ->ROS Bridge: [/robot_4/odom (ignition.msgs.Odometry) -> /robot_4/odom (nav_msgs/msg/Odometry)] (Lazy 0)
[parameter_bridge-4] [INFO] [1776476873.335520702] [all_robots_bridge]: Creating GZ->ROS Bridge: [/robot_4/depth_camera/depth_image (ignition.msgs.Image) -> /robot_4/depth_camera/depth_image (sensor_msgs/msg/Image)] (Lazy 0)
[parameter_bridge-4] [INFO] [1776476873.335653850] [all_robots_bridge]: Creating GZ->ROS Bridge: [/world/random_world/model/robot_4/link/robot_4/base_footprint/sensor/contact_sensor/contact (ignition.msgs.Contacts) -> /world/random_world/model/robot_4/link/robot_4/base_footprint/sensor/contact_sensor/contact (ros_gz_interfaces/msg/Contacts)] (Lazy 0)
[parameter_bridge-4] [INFO] [1776476873.335908263] [all_robots_bridge]: Creating GZ->ROS Bridge: [/world/random_world/dynamic_pose/info (ignition.msgs.Pose_V) -> /world/random_world/dynamic_pose/info (tf2_msgs/msg/TFMessage)] (Lazy 0)
[parameter_bridge-20] [INFO] [1776476873.345605027] [clock_bridge]: Creating GZ->ROS Bridge: [/clock (ignition.msgs.Clock) -> /clock (rosgraph_msgs/msg/Clock)] (Lazy 0)
[robot_state_publisher-14] [INFO] [1776476873.345671428] [robot_3.robot_state_publisher]: got segment robot_3/antenna_link
[robot_state_publisher-14] [INFO] [1776476873.345726119] [robot_3.robot_state_publisher]: got segment robot_3/base_footprint
[robot_state_publisher-14] [INFO] [1776476873.345731232] [robot_3.robot_state_publisher]: got segment robot_3/base_link
[robot_state_publisher-14] [INFO] [1776476873.345734380] [robot_3.robot_state_publisher]: got segment robot_3/realsense_link
[robot_state_publisher-14] [INFO] [1776476873.345737097] [robot_3.robot_state_publisher]: got segment robot_3/rocker_L_link
[robot_state_publisher-14] [INFO] [1776476873.345739617] [robot_3.robot_state_publisher]: got segment robot_3/rocker_R_link
[robot_state_publisher-14] [INFO] [1776476873.345742185] [robot_3.robot_state_publisher]: got segment robot_3/wheel_FL_link
[robot_state_publisher-14] [INFO] [1776476873.345744805] [robot_3.robot_state_publisher]: got segment robot_3/wheel_FR_link
[robot_state_publisher-14] [INFO] [1776476873.345747451] [robot_3.robot_state_publisher]: got segment robot_3/wheel_RL_link
[robot_state_publisher-14] [INFO] [1776476873.345749924] [robot_3.robot_state_publisher]: got segment robot_3/wheel_RR_link
[robot_state_publisher-17] [INFO] [1776476873.348814317] [robot_4.robot_state_publisher]: got segment robot_4/antenna_link
[robot_state_publisher-17] [INFO] [1776476873.348891413] [robot_4.robot_state_publisher]: got segment robot_4/base_footprint
[robot_state_publisher-17] [INFO] [1776476873.348900988] [robot_4.robot_state_publisher]: got segment robot_4/base_link
[robot_state_publisher-17] [INFO] [1776476873.348906751] [robot_4.robot_state_publisher]: got segment robot_4/realsense_link
[robot_state_publisher-17] [INFO] [1776476873.348911283] [robot_4.robot_state_publisher]: got segment robot_4/rocker_L_link
[robot_state_publisher-17] [INFO] [1776476873.348915578] [robot_4.robot_state_publisher]: got segment robot_4/rocker_R_link
[robot_state_publisher-17] [INFO] [1776476873.348919865] [robot_4.robot_state_publisher]: got segment robot_4/wheel_FL_link
[robot_state_publisher-17] [INFO] [1776476873.348924573] [robot_4.robot_state_publisher]: got segment robot_4/wheel_FR_link
[robot_state_publisher-17] [INFO] [1776476873.348929763] [robot_4.robot_state_publisher]: got segment robot_4/wheel_RL_link
[robot_state_publisher-17] [INFO] [1776476873.348934851] [robot_4.robot_state_publisher]: got segment robot_4/wheel_RR_link
[robot_state_publisher-5] [INFO] [1776476873.351936629] [robot_0.robot_state_publisher]: got segment robot_0/antenna_link
[robot_state_publisher-5] [INFO] [1776476873.352046433] [robot_0.robot_state_publisher]: got segment robot_0/base_footprint
[robot_state_publisher-5] [INFO] [1776476873.352060362] [robot_0.robot_state_publisher]: got segment robot_0/base_link
[robot_state_publisher-5] [INFO] [1776476873.352070574] [robot_0.robot_state_publisher]: got segment robot_0/realsense_link
[robot_state_publisher-5] [INFO] [1776476873.352078761] [robot_0.robot_state_publisher]: got segment robot_0/rocker_L_link
[robot_state_publisher-5] [INFO] [1776476873.352086636] [robot_0.robot_state_publisher]: got segment robot_0/rocker_R_link
[robot_state_publisher-5] [INFO] [1776476873.352094036] [robot_0.robot_state_publisher]: got segment robot_0/wheel_FL_link
[robot_state_publisher-5] [INFO] [1776476873.352101649] [robot_0.robot_state_publisher]: got segment robot_0/wheel_FR_link
[robot_state_publisher-5] [INFO] [1776476873.352108715] [robot_0.robot_state_publisher]: got segment robot_0/wheel_RL_link
[robot_state_publisher-5] [INFO] [1776476873.352115903] [robot_0.robot_state_publisher]: got segment robot_0/wheel_RR_link
[robot_state_publisher-11] [INFO] [1776476873.356855292] [robot_2.robot_state_publisher]: got segment robot_2/antenna_link
[robot_state_publisher-11] [INFO] [1776476873.356917338] [robot_2.robot_state_publisher]: got segment robot_2/base_footprint
[robot_state_publisher-11] [INFO] [1776476873.356922420] [robot_2.robot_state_publisher]: got segment robot_2/base_link
[robot_state_publisher-11] [INFO] [1776476873.356925419] [robot_2.robot_state_publisher]: got segment robot_2/realsense_link
[robot_state_publisher-11] [INFO] [1776476873.356928459] [robot_2.robot_state_publisher]: got segment robot_2/rocker_L_link
[robot_state_publisher-11] [INFO] [1776476873.356930911] [robot_2.robot_state_publisher]: got segment robot_2/rocker_R_link
[robot_state_publisher-11] [INFO] [1776476873.356933431] [robot_2.robot_state_publisher]: got segment robot_2/wheel_FL_link
[robot_state_publisher-11] [INFO] [1776476873.356935917] [robot_2.robot_state_publisher]: got segment robot_2/wheel_FR_link
[robot_state_publisher-11] [INFO] [1776476873.356938425] [robot_2.robot_state_publisher]: got segment robot_2/wheel_RL_link
[robot_state_publisher-11] [INFO] [1776476873.356940815] [robot_2.robot_state_publisher]: got segment robot_2/wheel_RR_link
[robot_state_publisher-8] [INFO] [1776476873.363117925] [robot_1.robot_state_publisher]: got segment robot_1/antenna_link
[robot_state_publisher-8] [INFO] [1776476873.363284302] [robot_1.robot_state_publisher]: got segment robot_1/base_footprint
[robot_state_publisher-8] [INFO] [1776476873.363307703] [robot_1.robot_state_publisher]: got segment robot_1/base_link
[robot_state_publisher-8] [INFO] [1776476873.363311301] [robot_1.robot_state_publisher]: got segment robot_1/realsense_link
[robot_state_publisher-8] [INFO] [1776476873.363314439] [robot_1.robot_state_publisher]: got segment robot_1/rocker_L_link
[robot_state_publisher-8] [INFO] [1776476873.363317380] [robot_1.robot_state_publisher]: got segment robot_1/rocker_R_link
[robot_state_publisher-8] [INFO] [1776476873.363320156] [robot_1.robot_state_publisher]: got segment robot_1/wheel_FL_link
[robot_state_publisher-8] [INFO] [1776476873.363323469] [robot_1.robot_state_publisher]: got segment robot_1/wheel_FR_link
[robot_state_publisher-8] [INFO] [1776476873.363326092] [robot_1.robot_state_publisher]: got segment robot_1/wheel_RL_link
[robot_state_publisher-8] [INFO] [1776476873.363328714] [robot_1.robot_state_publisher]: got segment robot_1/wheel_RR_link
[bump_counter-3] [INFO] [1776476873.619187359] [bump_counter]: [global] global_mode=True cooldown(robot)=0.80s cooldown(obs)=0.50s Logging to /home/ecem/ros2_ws/src/Leo_sct/results_exp/explore/vague/prompt_4/run_2/spread/trial_1/run_20260418_034753/bumps_global_034753.csv
[robot_supervisor-19] [INFO] [1776476873.639850542] [robot_4.robot_supervisor]: Loaded initial mission 'explore' from explicit YAML explore_sup_gpt_vague_4_run_2_99.yaml
[robot_supervisor-13] [INFO] [1776476873.645082532] [robot_2.robot_supervisor]: Loaded initial mission 'explore' from explicit YAML explore_sup_gpt_vague_4_run_2_99.yaml
[robot_supervisor-7] [INFO] [1776476873.655438175] [robot_0.robot_supervisor]: Loaded initial mission 'explore' from explicit YAML explore_sup_gpt_vague_4_run_2_99.yaml
[robot_supervisor-10] [INFO] [1776476873.662691067] [robot_1.robot_supervisor]: Loaded initial mission 'explore' from explicit YAML explore_sup_gpt_vague_4_run_2_99.yaml
[robot_supervisor-16] [INFO] [1776476873.668488538] [robot_3.robot_supervisor]: Loaded initial mission 'explore' from explicit YAML explore_sup_gpt_vague_4_run_2_99.yaml
[parameter_bridge-4] [INFO] [1776476873.743435803] [all_robots_bridge]: Passing message from ROS geometry_msgs/msg/Twist to Gazebo gz.msgs.Twist (showing msg only once per type)
[create-9] [INFO] [1776476873.838868042] [robot_1.ros_gz_sim]: Waiting messages on topic [/robot_1/robot_description].
[create-12] [INFO] [1776476873.938970839] [robot_2.ros_gz_sim]: Waiting messages on topic [/robot_2/robot_description].
[create-6] [INFO] [1776476874.039467946] [robot_0.ros_gz_sim]: Waiting messages on topic [/robot_0/robot_description].
[create-15] [INFO] [1776476874.139499382] [robot_3.ros_gz_sim]: Waiting messages on topic [/robot_3/robot_description].
[create-9] [INFO] [1776476874.239041134] [robot_1.ros_gz_sim]: Requested creation of entity.
[create-9] [INFO] [1776476874.239126095] [robot_1.ros_gz_sim]: OK creation of entity.
[create-12] [INFO] [1776476874.239084626] [robot_2.ros_gz_sim]: Requested creation of entity.
[create-12] [INFO] [1776476874.239157115] [robot_2.ros_gz_sim]: OK creation of entity.
[create-6] [INFO] [1776476874.239114676] [robot_0.ros_gz_sim]: Requested creation of entity.
[create-6] [INFO] [1776476874.239175219] [robot_0.ros_gz_sim]: OK creation of entity.
[create-15] [INFO] [1776476874.239114684] [robot_3.ros_gz_sim]: Requested creation of entity.
[create-15] [INFO] [1776476874.239175167] [robot_3.ros_gz_sim]: OK creation of entity.
[create-18] [INFO] [1776476874.240068173] [robot_4.ros_gz_sim]: Waiting messages on topic [/robot_4/robot_description].
[create-18] [INFO] [1776476874.243758907] [robot_4.ros_gz_sim]: Requested creation of entity.
[create-18] [INFO] [1776476874.243803479] [robot_4.ros_gz_sim]: OK creation of entity.
[INFO] [create-12]: process has finished cleanly [pid 503160]
[INFO] [create-18]: process has finished cleanly [pid 503178]
[INFO] [create-15]: process has finished cleanly [pid 503167]
[INFO] [create-6]: process has finished cleanly [pid 503146]
[INFO] [create-9]: process has finished cleanly [pid 503154]
[bump_counter-3] [INFO] [1776476874.657306238] [bump_counter]: [global] subscribed: /world/random_world/model/robot_0/link/robot_0/base_footprint/sensor/contact_sensor/contact
[bump_counter-3] [INFO] [1776476874.659446537] [bump_counter]: [global] subscribed: /world/random_world/model/robot_1/link/robot_1/base_footprint/sensor/contact_sensor/contact
[bump_counter-3] [INFO] [1776476874.659985615] [bump_counter]: [global] subscribed: /world/random_world/model/robot_2/link/robot_2/base_footprint/sensor/contact_sensor/contact
[bump_counter-3] [INFO] [1776476874.660461872] [bump_counter]: [global] subscribed: /world/random_world/model/robot_3/link/robot_3/base_footprint/sensor/contact_sensor/contact
[bump_counter-3] [INFO] [1776476874.660966023] [bump_counter]: [global] subscribed: /world/random_world/model/robot_4/link/robot_4/base_footprint/sensor/contact_sensor/contact
[INFO] [image_processor-21]: process started with pid [503532]
[INFO] [image_processor-22]: process started with pid [503534]
[INFO] [image_processor-23]: process started with pid [503536]
[INFO] [image_processor-24]: process started with pid [503538]
[INFO] [image_processor-25]: process started with pid [503540]
[image_processor-22] [INFO] [1776476875.341117603] [robot_1.image_processor]: image_processor: depth='/robot_1/depth_camera/depth_image' aruco_runtime=disabled
[image_processor-24] [INFO] [1776476875.341309641] [robot_3.image_processor]: image_processor: depth='/robot_3/depth_camera/depth_image' aruco_runtime=disabled
[image_processor-21] [INFO] [1776476875.342027618] [robot_0.image_processor]: image_processor: depth='/robot_0/depth_camera/depth_image' aruco_runtime=disabled
[image_processor-23] [INFO] [1776476875.343473904] [robot_2.image_processor]: image_processor: depth='/robot_2/depth_camera/depth_image' aruco_runtime=disabled
[image_processor-25] [INFO] [1776476875.356422769] [robot_4.image_processor]: image_processor: depth='/robot_4/depth_camera/depth_image' aruco_runtime=disabled
[image_processor-22] [INFO] [1776476878.835277459] [robot_1.image_processor]: Zone=CLEAR  left[p=1.667 near=0 v=7650]  front[p=3.100 near=0 v=12175]  right[p=2.607 near=0 v=7450]
[image_processor-21] [INFO] [1776476878.859454724] [robot_0.image_processor]: Zone=CLEAR  left[p=0.904 near=0 v=7650]  front[p=1.356 near=0 v=13500]  right[p=1.356 near=0 v=7740]
[image_processor-24] [INFO] [1776476878.868280120] [robot_3.image_processor]: Zone=CLEAR  left[p=1.102 near=0 v=7650]  front[p=1.719 near=0 v=13500]  right[p=2.172 near=0 v=7740]
[image_processor-25] [INFO] [1776476878.883281656] [robot_4.image_processor]: Zone=CLEAR  left[p=3.196 near=0 v=6573]  front[p=2.953 near=0 v=9956]  right[p=2.658 near=0 v=5511]
[image_processor-23] [INFO] [1776476878.953982040] [robot_2.image_processor]: Zone=CLEAR  left[p=2.745 near=0 v=5011]  front[p=1.644 near=0 v=8425]  right[p=1.700 near=0 v=6986]
[image_processor-22] [INFO] [1776476881.334346877] [robot_1.image_processor]: Zone=CLEAR
[image_processor-23] [INFO] [1776476881.347924320] [robot_2.image_processor]: Zone=CLEAR
[image_processor-21] [INFO] [1776476881.355418130] [robot_0.image_processor]: Zone=CLEAR
[image_processor-24] [INFO] [1776476881.365034477] [robot_3.image_processor]: Zone=CLEAR
[image_processor-25] [INFO] [1776476881.379065527] [robot_4.image_processor]: Zone=CLEAR
[image_processor-22] [INFO] [1776476883.831704404] [robot_1.image_processor]: Zone=CLEAR
[image_processor-23] [INFO] [1776476883.846149441] [robot_2.image_processor]: Zone=CLEAR
[image_processor-21] [INFO] [1776476883.855705131] [robot_0.image_processor]: Zone=CLEAR
[image_processor-24] [INFO] [1776476883.865748324] [robot_3.image_processor]: Zone=CLEAR
[image_processor-25] [INFO] [1776476883.881291938] [robot_4.image_processor]: Zone=CLEAR
[image_processor-22] [INFO] [1776476886.333555010] [robot_1.image_processor]: Zone=CLEAR
[image_processor-23] [INFO] [1776476886.350817233] [robot_2.image_processor]: Zone=CLEAR
[image_processor-21] [INFO] [1776476886.361305568] [robot_0.image_processor]: Zone=CLEAR
[image_processor-24] [INFO] [1776476886.370251897] [robot_3.image_processor]: Zone=CLEAR
[image_processor-25] [INFO] [1776476886.386284108] [robot_4.image_processor]: Zone=CLEAR
[image_processor-22] [INFO] [1776476888.832952464] [robot_1.image_processor]: Zone=CLEAR
[image_processor-23] [INFO] [1776476888.848130898] [robot_2.image_processor]: Zone=CLEAR
[image_processor-21] [INFO] [1776476888.855081981] [robot_0.image_processor]: Zone=CLEAR
[image_processor-24] [INFO] [1776476888.862657064] [robot_3.image_processor]: Zone=CLEAR
[image_processor-25] [INFO] [1776476888.877816299] [robot_4.image_processor]: Zone=CLEAR
[image_processor-22] [INFO] [1776476891.334482303] [robot_1.image_processor]: Zone=CLEAR
[image_processor-23] [INFO] [1776476891.348651463] [robot_2.image_processor]: Zone=CLEAR
[image_processor-21] [INFO] [1776476891.356568156] [robot_0.image_processor]: Zone=CLEAR
[image_processor-24] [INFO] [1776476891.365150084] [robot_3.image_processor]: Zone=CLEAR
[image_processor-25] [INFO] [1776476891.379455825] [robot_4.image_processor]: Zone=CLEAR
[image_processor-22] [INFO] [1776476893.834037870] [robot_1.image_processor]: Zone=CLEAR
[image_processor-23] [INFO] [1776476893.845909166] [robot_2.image_processor]: Zone=CLEAR
[image_processor-21] [INFO] [1776476893.854685303] [robot_0.image_processor]: Zone=CLEAR
[image_processor-24] [INFO] [1776476893.864291270] [robot_3.image_processor]: Zone=CLEAR
[image_processor-25] [INFO] [1776476893.884025508] [robot_4.image_processor]: Zone=CLEAR
[image_processor-22] [INFO] [1776476896.334459714] [robot_1.image_processor]: Zone=CLEAR
[image_processor-23] [INFO] [1776476896.349359310] [robot_2.image_processor]: Zone=CLEAR
[image_processor-24] [INFO] [1776476896.364195722] [robot_3.image_processor]: Zone=CLEAR
[image_processor-25] [INFO] [1776476896.379921454] [robot_4.image_processor]: Zone=CLEAR
[image_processor-21] [INFO] [1776476896.457225629] [robot_0.image_processor]: Zone=CLEAR
[image_processor-22] [INFO] [1776476898.833792541] [robot_1.image_processor]: Zone=CLEAR
[image_processor-23] [INFO] [1776476898.847725654] [robot_2.image_processor]: Zone=CLEAR
[image_processor-21] [INFO] [1776476898.855057437] [robot_0.image_processor]: Zone=CLEAR
[image_processor-24] [INFO] [1776476898.864017249] [robot_3.image_processor]: Zone=CLEAR
[image_processor-25] [INFO] [1776476898.878503565] [robot_4.image_processor]: Zone=CLEAR
[image_processor-22] [INFO] [1776476901.334316197] [robot_1.image_processor]: Zone=CLEAR
[image_processor-23] [INFO] [1776476901.346762873] [robot_2.image_processor]: Zone=CLEAR
[image_processor-24] [INFO] [1776476901.362414796] [robot_3.image_processor]: Zone=CLEAR
[image_processor-25] [INFO] [1776476901.376900090] [robot_4.image_processor]: Zone=CLEAR
[image_processor-21] [INFO] [1776476901.456723955] [robot_0.image_processor]: Zone=CLEAR
[image_processor-22] [INFO] [1776476903.832954388] [robot_1.image_processor]: Zone=CLEAR
[image_processor-23] [INFO] [1776476903.847432453] [robot_2.image_processor]: Zone=CLEAR
[image_processor-21] [INFO] [1776476903.856019401] [robot_0.image_processor]: Zone=CLEAR
[image_processor-24] [INFO] [1776476903.866625609] [robot_3.image_processor]: Zone=CLEAR
[image_processor-25] [INFO] [1776476903.880124187] [robot_4.image_processor]: Zone=CLEAR
[image_processor-22] [INFO] [1776476906.334148057] [robot_1.image_processor]: Zone=CLEAR
[image_processor-23] [INFO] [1776476906.346914319] [robot_2.image_processor]: Zone=CLEAR
[image_processor-21] [INFO] [1776476906.355807089] [robot_0.image_processor]: Zone=CLEAR
[image_processor-24] [INFO] [1776476906.363701801] [robot_3.image_processor]: Zone=CLEAR
[image_processor-25] [INFO] [1776476906.379383995] [robot_4.image_processor]: Zone=CLEAR
[image_processor-22] [INFO] [1776476908.832804839] [robot_1.image_processor]: Zone=CLEAR
[image_processor-23] [INFO] [1776476908.845650237] [robot_2.image_processor]: Zone=CLEAR
[image_processor-21] [INFO] [1776476908.853504830] [robot_0.image_processor]: Zone=CLEAR
[image_processor-24] [INFO] [1776476908.862284752] [robot_3.image_processor]: Zone=CLEAR
[image_processor-25] [INFO] [1776476908.877895540] [robot_4.image_processor]: Zone=CLEAR
[image_processor-22] [INFO] [1776476911.330610534] [robot_1.image_processor]: Zone=CLEAR
[image_processor-23] [INFO] [1776476911.346893582] [robot_2.image_processor]: Zone=CLEAR
[image_processor-21] [INFO] [1776476911.353564560] [robot_0.image_processor]: Zone=CLEAR
[image_processor-24] [INFO] [1776476911.361965200] [robot_3.image_processor]: Zone=CLEAR
[image_processor-25] [INFO] [1776476911.378616469] [robot_4.image_processor]: Zone=CLEAR
[image_processor-22] [INFO] [1776476913.835151884] [robot_1.image_processor]: Zone=CLEAR
[image_processor-23] [INFO] [1776476913.850609083] [robot_2.image_processor]: Zone=CLEAR
[image_processor-21] [INFO] [1776476913.858479152] [robot_0.image_processor]: Zone=CLEAR
[image_processor-24] [INFO] [1776476913.866738010] [robot_3.image_processor]: Zone=CLEAR
[image_processor-25] [INFO] [1776476913.883678610] [robot_4.image_processor]: Zone=CLEAR
[image_processor-22] [INFO] [1776476916.331938022] [robot_1.image_processor]: Zone=CLEAR
[image_processor-23] [INFO] [1776476916.349159257] [robot_2.image_processor]: Zone=CLEAR
[image_processor-21] [INFO] [1776476916.358606146] [robot_0.image_processor]: Zone=CLEAR
[image_processor-24] [INFO] [1776476916.367376485] [robot_3.image_processor]: Zone=CLEAR
[image_processor-25] [INFO] [1776476916.382456664] [robot_4.image_processor]: Zone=CLEAR
[image_processor-22] [INFO] [1776476918.832824330] [robot_1.image_processor]: Zone=CLEAR
[image_processor-23] [INFO] [1776476918.846583479] [robot_2.image_processor]: Zone=CLEAR
[image_processor-21] [INFO] [1776476918.854820882] [robot_0.image_processor]: Zone=CLEAR
[image_processor-24] [INFO] [1776476918.863699636] [robot_3.image_processor]: Zone=CLEAR
[image_processor-25] [INFO] [1776476918.878569607] [robot_4.image_processor]: Zone=CLEAR
[image_processor-22] [INFO] [1776476921.334796110] [robot_1.image_processor]: Zone=CLEAR
[image_processor-23] [INFO] [1776476921.352470564] [robot_2.image_processor]: Zone=CLEAR
[image_processor-21] [INFO] [1776476921.359986817] [robot_0.image_processor]: Zone=CLEAR
[image_processor-24] [INFO] [1776476921.368941902] [robot_3.image_processor]: Zone=CLEAR
[image_processor-25] [INFO] [1776476921.383308682] [robot_4.image_processor]: Zone=CLEAR
[image_processor-22] [INFO] [1776476923.832509640] [robot_1.image_processor]: Zone=CLEAR
[image_processor-23] [INFO] [1776476923.846153831] [robot_2.image_processor]: Zone=CLEAR
[image_processor-21] [INFO] [1776476923.853479399] [robot_0.image_processor]: Zone=CLEAR
[image_processor-24] [INFO] [1776476923.863672873] [robot_3.image_processor]: Zone=CLEAR
[image_processor-25] [INFO] [1776476923.882426637] [robot_4.image_processor]: Zone=CLEAR
[image_processor-22] [INFO] [1776476926.333989786] [robot_1.image_processor]: Zone=CLEAR
[image_processor-23] [INFO] [1776476926.348385810] [robot_2.image_processor]: Zone=CLEAR
[image_processor-21] [INFO] [1776476926.359634894] [robot_0.image_processor]: Zone=CLEAR
[image_processor-24] [INFO] [1776476926.368304585] [robot_3.image_processor]: Zone=CLEAR
[image_processor-25] [INFO] [1776476926.383775040] [robot_4.image_processor]: Zone=CLEAR
[image_processor-22] [INFO] [1776476928.832760271] [robot_1.image_processor]: Zone=CLEAR
[image_processor-23] [INFO] [1776476928.849482219] [robot_2.image_processor]: Zone=CLEAR
[image_processor-21] [INFO] [1776476928.857722770] [robot_0.image_processor]: Zone=CLEAR
[image_processor-24] [INFO] [1776476928.865881112] [robot_3.image_processor]: Zone=CLEAR
[image_processor-25] [INFO] [1776476928.881911442] [robot_4.image_processor]: Zone=CLEAR
[image_processor-22] [INFO] [1776476931.333340756] [robot_1.image_processor]: Zone=CLEAR
[image_processor-23] [INFO] [1776476931.348013473] [robot_2.image_processor]: Zone=CLEAR
[image_processor-21] [INFO] [1776476931.357681516] [robot_0.image_processor]: Zone=CLEAR
[image_processor-24] [INFO] [1776476931.366569926] [robot_3.image_processor]: Zone=CLEAR
[image_processor-25] [INFO] [1776476931.381513490] [robot_4.image_processor]: Zone=CLEAR
[image_processor-22] [INFO] [1776476933.833940415] [robot_1.image_processor]: Zone=CLEAR
[image_processor-23] [INFO] [1776476933.847131053] [robot_2.image_processor]: Zone=CLEAR
[image_processor-21] [INFO] [1776476933.855406003] [robot_0.image_processor]: Zone=CLEAR
[image_processor-24] [INFO] [1776476933.864437959] [robot_3.image_processor]: Zone=CLEAR
[image_processor-25] [INFO] [1776476933.880130526] [robot_4.image_processor]: Zone=CLEAR
[image_processor-22] [INFO] [1776476936.334427336] [robot_1.image_processor]: Zone=CLEAR
[image_processor-23] [INFO] [1776476936.348875828] [robot_2.image_processor]: Zone=CLEAR
[image_processor-21] [INFO] [1776476936.355423471] [robot_0.image_processor]: Zone=CLEAR
[image_processor-24] [INFO] [1776476936.363997811] [robot_3.image_processor]: Zone=CLEAR
[image_processor-25] [INFO] [1776476936.380562736] [robot_4.image_processor]: Zone=CLEAR
[image_processor-22] [INFO] [1776476938.833675344] [robot_1.image_processor]: Zone=CLEAR
[image_processor-23] [INFO] [1776476938.846458516] [robot_2.image_processor]: Zone=CLEAR
[image_processor-21] [INFO] [1776476938.854585634] [robot_0.image_processor]: Zone=CLEAR
[image_processor-24] [INFO] [1776476938.865871077] [robot_3.image_processor]: Zone=CLEAR
[image_processor-25] [INFO] [1776476938.879784389] [robot_4.image_processor]: Zone=CLEAR
[image_processor-22] [INFO] [1776476941.333290313] [robot_1.image_processor]: Zone=CLEAR
[image_processor-23] [INFO] [1776476941.347493437] [robot_2.image_processor]: Zone=CLEAR
[image_processor-21] [INFO] [1776476941.355157167] [robot_0.image_processor]: Zone=CLEAR
[image_processor-24] [INFO] [1776476941.363804747] [robot_3.image_processor]: Zone=CLEAR
[image_processor-25] [INFO] [1776476941.378918891] [robot_4.image_processor]: Zone=CLEAR
[image_processor-22] [INFO] [1776476943.833072171] [robot_1.image_processor]: Zone=CLEAR
[image_processor-23] [INFO] [1776476943.846568139] [robot_2.image_processor]: Zone=CLEAR
[image_processor-21] [INFO] [1776476943.853798456] [robot_0.image_processor]: Zone=CLEAR
[image_processor-24] [INFO] [1776476943.862427141] [robot_3.image_processor]: Zone=CLEAR
[image_processor-25] [INFO] [1776476943.878949063] [robot_4.image_processor]: Zone=CLEAR
[image_processor-22] [INFO] [1776476946.336551452] [robot_1.image_processor]: Zone=CLEAR
[image_processor-23] [INFO] [1776476946.350724110] [robot_2.image_processor]: Zone=CLEAR
[image_processor-21] [INFO] [1776476946.359404108] [robot_0.image_processor]: Zone=CLEAR
[image_processor-24] [INFO] [1776476946.369818530] [robot_3.image_processor]: Zone=CLEAR
[image_processor-25] [INFO] [1776476946.388192602] [robot_4.image_processor]: Zone=CLEAR
[image_processor-22] [INFO] [1776476948.832213824] [robot_1.image_processor]: Zone=CLEAR
[image_processor-21] [INFO] [1776476948.853966435] [robot_0.image_processor]: Zone=CLEAR
[image_processor-24] [INFO] [1776476948.862653573] [robot_3.image_processor]: Zone=CLEAR
[image_processor-23] [INFO] [1776476948.947866220] [robot_2.image_processor]: Zone=CLEAR
[image_processor-25] [INFO] [1776476948.978116840] [robot_4.image_processor]: Zone=CLEAR
[image_processor-22] [INFO] [1776476951.337734423] [robot_1.image_processor]: Zone=CLEAR
[image_processor-23] [INFO] [1776476951.351641233] [robot_2.image_processor]: Zone=CLEAR
[image_processor-21] [INFO] [1776476951.360274688] [robot_0.image_processor]: Zone=CLEAR
[image_processor-24] [INFO] [1776476951.367659831] [robot_3.image_processor]: Zone=CLEAR
[image_processor-25] [INFO] [1776476951.382369978] [robot_4.image_processor]: Zone=CLEAR
[image_processor-22] [INFO] [1776476953.834858197] [robot_1.image_processor]: Zone=CLEAR
[image_processor-23] [INFO] [1776476953.850362125] [robot_2.image_processor]: Zone=CLEAR
[image_processor-21] [INFO] [1776476953.857797080] [robot_0.image_processor]: Zone=CLEAR
[image_processor-24] [INFO] [1776476953.866774374] [robot_3.image_processor]: Zone=CLEAR
[image_processor-25] [INFO] [1776476953.881398179] [robot_4.image_processor]: Zone=CLEAR
[image_processor-22] [INFO] [1776476956.335340393] [robot_1.image_processor]: Zone=CLEAR
[image_processor-23] [INFO] [1776476956.347220610] [robot_2.image_processor]: Zone=CLEAR
[image_processor-21] [INFO] [1776476956.355915862] [robot_0.image_processor]: Zone=CLEAR
[image_processor-24] [INFO] [1776476956.364490684] [robot_3.image_processor]: Zone=CLEAR
[image_processor-25] [INFO] [1776476956.379529543] [robot_4.image_processor]: Zone=CLEAR
[image_processor-22] [INFO] [1776476958.834854922] [robot_1.image_processor]: Zone=CLEAR
[image_processor-23] [INFO] [1776476958.853375266] [robot_2.image_processor]: Zone=CLEAR
[image_processor-24] [INFO] [1776476958.870382335] [robot_3.image_processor]: Zone=CLEAR
[image_processor-25] [INFO] [1776476958.884502378] [robot_4.image_processor]: Zone=CLEAR
[image_processor-21] [INFO] [1776476958.961471878] [robot_0.image_processor]: Zone=CLEAR
[image_processor-22] [INFO] [1776476961.333205015] [robot_1.image_processor]: Zone=CLEAR
[image_processor-23] [INFO] [1776476961.346097279] [robot_2.image_processor]: Zone=CLEAR
[image_processor-21] [INFO] [1776476961.354913400] [robot_0.image_processor]: Zone=CLEAR
[image_processor-24] [INFO] [1776476961.364798730] [robot_3.image_processor]: Zone=CLEAR
[image_processor-25] [INFO] [1776476961.380954414] [robot_4.image_processor]: Zone=CLEAR
[image_processor-22] [INFO] [1776476963.833565392] [robot_1.image_processor]: Zone=CLEAR
[image_processor-23] [INFO] [1776476963.848876667] [robot_2.image_processor]: Zone=CLEAR
[image_processor-21] [INFO] [1776476963.855627479] [robot_0.image_processor]: Zone=CLEAR
[image_processor-24] [INFO] [1776476963.866117642] [robot_3.image_processor]: Zone=CLEAR
[image_processor-25] [INFO] [1776476963.882274923] [robot_4.image_processor]: Zone=CLEAR
[image_processor-22] [INFO] [1776476966.333606495] [robot_1.image_processor]: Zone=CLEAR
[image_processor-23] [INFO] [1776476966.346700642] [robot_2.image_processor]: Zone=CLEAR
[image_processor-21] [INFO] [1776476966.354886369] [robot_0.image_processor]: Zone=CLEAR
[image_processor-24] [INFO] [1776476966.364148470] [robot_3.image_processor]: Zone=CLEAR
[image_processor-25] [INFO] [1776476966.380253819] [robot_4.image_processor]: Zone=CLEAR
[image_processor-23] [INFO] [1776476968.845429608] [robot_2.image_processor]: Zone=CLEAR
[image_processor-24] [INFO] [1776476968.864126063] [robot_3.image_processor]: Zone=CLEAR
[image_processor-25] [INFO] [1776476968.881026208] [robot_4.image_processor]: Zone=CLEAR
[image_processor-22] [INFO] [1776476968.934907084] [robot_1.image_processor]: Zone=CLEAR
[image_processor-21] [INFO] [1776476968.953319780] [robot_0.image_processor]: Zone=CLEAR
[image_processor-22] [INFO] [1776476971.333699232] [robot_1.image_processor]: Zone=CLEAR
[image_processor-23] [INFO] [1776476971.346158659] [robot_2.image_processor]: Zone=CLEAR
[image_processor-21] [INFO] [1776476971.353983993] [robot_0.image_processor]: Zone=CLEAR
[image_processor-24] [INFO] [1776476971.363981851] [robot_3.image_processor]: Zone=CLEAR
[image_processor-25] [INFO] [1776476971.378228336] [robot_4.image_processor]: Zone=CLEAR
[image_processor-22] [INFO] [1776476973.833266212] [robot_1.image_processor]: Zone=CLEAR
[image_processor-23] [INFO] [1776476973.845936614] [robot_2.image_processor]: Zone=CLEAR
[image_processor-21] [INFO] [1776476973.854670184] [robot_0.image_processor]: Zone=CLEAR
[image_processor-25] [INFO] [1776476973.877853460] [robot_4.image_processor]: Zone=CLEAR
[image_processor-24] [INFO] [1776476973.963709587] [robot_3.image_processor]: Zone=CLEAR
[image_processor-22] [INFO] [1776476976.334809895] [robot_1.image_processor]: Zone=CLEAR
[image_processor-23] [INFO] [1776476976.347288424] [robot_2.image_processor]: Zone=CLEAR
[image_processor-21] [INFO] [1776476976.356182614] [robot_0.image_processor]: Zone=CLEAR
[image_processor-24] [INFO] [1776476976.364819849] [robot_3.image_processor]: Zone=CLEAR
[image_processor-25] [INFO] [1776476976.379707186] [robot_4.image_processor]: Zone=CLEAR
[image_processor-22] [INFO] [1776476978.834117236] [robot_1.image_processor]: Zone=CLEAR
[image_processor-23] [INFO] [1776476978.846264765] [robot_2.image_processor]: Zone=CLEAR
[image_processor-21] [INFO] [1776476978.854351102] [robot_0.image_processor]: Zone=CLEAR
[image_processor-24] [INFO] [1776476978.864087323] [robot_3.image_processor]: Zone=CLEAR
[image_processor-25] [INFO] [1776476978.879539802] [robot_4.image_processor]: Zone=CLEAR
[image_processor-22] [INFO] [1776476981.334398103] [robot_1.image_processor]: Zone=CLEAR
[image_processor-23] [INFO] [1776476981.347973999] [robot_2.image_processor]: Zone=CLEAR
[image_processor-21] [INFO] [1776476981.355631974] [robot_0.image_processor]: Zone=CLEAR
[image_processor-24] [INFO] [1776476981.364845309] [robot_3.image_processor]: Zone=CLEAR
[image_processor-25] [INFO] [1776476981.379649566] [robot_4.image_processor]: Zone=CLEAR
[image_processor-22] [INFO] [1776476983.832559608] [robot_1.image_processor]: Zone=CLEAR
[image_processor-23] [INFO] [1776476983.846992965] [robot_2.image_processor]: Zone=CLEAR
[image_processor-21] [INFO] [1776476983.855182272] [robot_0.image_processor]: Zone=CLEAR
[image_processor-24] [INFO] [1776476983.864337242] [robot_3.image_processor]: Zone=CLEAR
[image_processor-25] [INFO] [1776476983.979192099] [robot_4.image_processor]: Zone=CLEAR
[image_processor-22] [INFO] [1776476986.333810631] [robot_1.image_processor]: Zone=CLEAR
[image_processor-23] [INFO] [1776476986.348130694] [robot_2.image_processor]: Zone=CLEAR
[image_processor-21] [INFO] [1776476986.355455040] [robot_0.image_processor]: Zone=CLEAR
[image_processor-24] [INFO] [1776476986.364515154] [robot_3.image_processor]: Zone=CLEAR
[image_processor-25] [INFO] [1776476986.380966292] [robot_4.image_processor]: Zone=CLEAR
[image_processor-22] [INFO] [1776476988.832652446] [robot_1.image_processor]: Zone=CLEAR
[image_processor-23] [INFO] [1776476988.845856909] [robot_2.image_processor]: Zone=CLEAR
[image_processor-21] [INFO] [1776476988.854747754] [robot_0.image_processor]: Zone=CLEAR
[image_processor-24] [INFO] [1776476988.863637389] [robot_3.image_processor]: Zone=CLEAR
[image_processor-25] [INFO] [1776476988.879404102] [robot_4.image_processor]: Zone=CLEAR
[image_processor-22] [INFO] [1776476991.333453689] [robot_1.image_processor]: Zone=CLEAR
[image_processor-23] [INFO] [1776476991.347412976] [robot_2.image_processor]: Zone=CLEAR
[image_processor-21] [INFO] [1776476991.356413404] [robot_0.image_processor]: Zone=CLEAR
[image_processor-24] [INFO] [1776476991.365232535] [robot_3.image_processor]: Zone=CLEAR
[image_processor-25] [INFO] [1776476991.379676869] [robot_4.image_processor]: Zone=CLEAR
[image_processor-22] [INFO] [1776476993.835135279] [robot_1.image_processor]: Zone=CLEAR
[image_processor-23] [INFO] [1776476993.848812634] [robot_2.image_processor]: Zone=CLEAR
[image_processor-24] [INFO] [1776476993.865176497] [robot_3.image_processor]: Zone=CLEAR
[image_processor-25] [INFO] [1776476993.878704027] [robot_4.image_processor]: Zone=CLEAR
[image_processor-21] [INFO] [1776476993.957146706] [robot_0.image_processor]: Zone=CLEAR
[image_processor-22] [INFO] [1776476996.332828296] [robot_1.image_processor]: Zone=CLEAR
[image_processor-23] [INFO] [1776476996.345788182] [robot_2.image_processor]: Zone=CLEAR
[image_processor-21] [INFO] [1776476996.354645620] [robot_0.image_processor]: Zone=CLEAR
[image_processor-24] [INFO] [1776476996.364030058] [robot_3.image_processor]: Zone=CLEAR
[image_processor-25] [INFO] [1776476996.378097745] [robot_4.image_processor]: Zone=CLEAR
[image_processor-22] [INFO] [1776476998.835512223] [robot_1.image_processor]: Zone=CLEAR
[image_processor-23] [INFO] [1776476998.850728098] [robot_2.image_processor]: Zone=CLEAR
[image_processor-25] [INFO] [1776476998.884513865] [robot_4.image_processor]: Zone=CLEAR
[image_processor-21] [INFO] [1776476998.961832501] [robot_0.image_processor]: Zone=CLEAR
[image_processor-24] [INFO] [1776476998.972206512] [robot_3.image_processor]: Zone=CLEAR
[image_processor-22] [INFO] [1776477001.332235777] [robot_1.image_processor]: Zone=CLEAR
[image_processor-23] [INFO] [1776477001.346015591] [robot_2.image_processor]: Zone=CLEAR
[image_processor-21] [INFO] [1776477001.354667034] [robot_0.image_processor]: Zone=CLEAR
[image_processor-24] [INFO] [1776477001.364474920] [robot_3.image_processor]: Zone=CLEAR
[image_processor-25] [INFO] [1776477001.379646327] [robot_4.image_processor]: Zone=CLEAR
[image_processor-22] [INFO] [1776477003.832845675] [robot_1.image_processor]: Zone=CLEAR
[image_processor-23] [INFO] [1776477003.847268474] [robot_2.image_processor]: Zone=CLEAR
[image_processor-21] [INFO] [1776477003.855361304] [robot_0.image_processor]: Zone=CLEAR
[image_processor-24] [INFO] [1776477003.868156541] [robot_3.image_processor]: Zone=CLEAR
[image_processor-25] [INFO] [1776477003.885243228] [robot_4.image_processor]: Zone=CLEAR
[image_processor-22] [INFO] [1776477006.333377199] [robot_1.image_processor]: Zone=CLEAR
[image_processor-23] [INFO] [1776477006.346899414] [robot_2.image_processor]: Zone=CLEAR
[image_processor-21] [INFO] [1776477006.354812630] [robot_0.image_processor]: Zone=CLEAR
[image_processor-24] [INFO] [1776477006.362774575] [robot_3.image_processor]: Zone=CLEAR
[image_processor-25] [INFO] [1776477006.377876228] [robot_4.image_processor]: Zone=CLEAR
[image_processor-22] [INFO] [1776477008.833369039] [robot_1.image_processor]: Zone=CLEAR
[image_processor-23] [INFO] [1776477008.846780649] [robot_2.image_processor]: Zone=CLEAR
[image_processor-21] [INFO] [1776477008.853591101] [robot_0.image_processor]: Zone=CLEAR
[image_processor-24] [INFO] [1776477008.862659641] [robot_3.image_processor]: Zone=CLEAR
[image_processor-25] [INFO] [1776477008.878956908] [robot_4.image_processor]: Zone=CLEAR
[image_processor-22] [INFO] [1776477011.333552394] [robot_1.image_processor]: Zone=CLEAR
[image_processor-23] [INFO] [1776477011.350385161] [robot_2.image_processor]: Zone=CLEAR
[image_processor-21] [INFO] [1776477011.358540841] [robot_0.image_processor]: Zone=CLEAR
[image_processor-24] [INFO] [1776477011.366652020] [robot_3.image_processor]: Zone=CLEAR
[image_processor-25] [INFO] [1776477011.380722534] [robot_4.image_processor]: Zone=CLEAR
[image_processor-22] [INFO] [1776477013.832142593] [robot_1.image_processor]: Zone=CLEAR
[image_processor-23] [INFO] [1776477013.846182663] [robot_2.image_processor]: Zone=CLEAR
[image_processor-21] [INFO] [1776477013.854841227] [robot_0.image_processor]: Zone=CLEAR
[image_processor-24] [INFO] [1776477013.862396994] [robot_3.image_processor]: Zone=CLEAR
[image_processor-25] [INFO] [1776477013.877860754] [robot_4.image_processor]: Zone=CLEAR
[image_processor-22] [INFO] [1776477016.331915252] [robot_1.image_processor]: Zone=CLEAR
[image_processor-23] [INFO] [1776477016.347532589] [robot_2.image_processor]: Zone=CLEAR
[image_processor-21] [INFO] [1776477016.356238800] [robot_0.image_processor]: Zone=CLEAR
[image_processor-24] [INFO] [1776477016.365538150] [robot_3.image_processor]: Zone=CLEAR
[image_processor-25] [INFO] [1776477016.381214387] [robot_4.image_processor]: Zone=CLEAR
[image_processor-22] [INFO] [1776477018.833537197] [robot_1.image_processor]: Zone=CLEAR
[image_processor-23] [INFO] [1776477018.847332973] [robot_2.image_processor]: Zone=CLEAR
[image_processor-21] [INFO] [1776477018.855602133] [robot_0.image_processor]: Zone=CLEAR
[image_processor-24] [INFO] [1776477018.864622050] [robot_3.image_processor]: Zone=CLEAR
[image_processor-25] [INFO] [1776477018.879814220] [robot_4.image_processor]: Zone=CLEAR
[image_processor-22] [INFO] [1776477021.333257811] [robot_1.image_processor]: Zone=CLEAR
[image_processor-23] [INFO] [1776477021.344976160] [robot_2.image_processor]: Zone=CLEAR
[image_processor-21] [INFO] [1776477021.354532822] [robot_0.image_processor]: Zone=CLEAR
[image_processor-24] [INFO] [1776477021.362930041] [robot_3.image_processor]: Zone=CLEAR
[image_processor-25] [INFO] [1776477021.377166614] [robot_4.image_processor]: Zone=CLEAR
[image_processor-22] [INFO] [1776477023.835141704] [robot_1.image_processor]: Zone=CLEAR
[image_processor-23] [INFO] [1776477023.848282738] [robot_2.image_processor]: Zone=CLEAR
[image_processor-21] [INFO] [1776477023.855418101] [robot_0.image_processor]: Zone=CLEAR
[image_processor-24] [INFO] [1776477023.865056226] [robot_3.image_processor]: Zone=CLEAR
[image_processor-25] [INFO] [1776477023.879595044] [robot_4.image_processor]: Zone=CLEAR
[image_processor-22] [INFO] [1776477026.333565422] [robot_1.image_processor]: Zone=CLEAR
[image_processor-21] [INFO] [1776477026.353810931] [robot_0.image_processor]: Zone=CLEAR
[image_processor-24] [INFO] [1776477026.361174730] [robot_3.image_processor]: Zone=CLEAR
[image_processor-23] [INFO] [1776477026.447448980] [robot_2.image_processor]: Zone=CLEAR
[image_processor-25] [INFO] [1776477026.477556730] [robot_4.image_processor]: Zone=CLEAR
[image_processor-23] [INFO] [1776477028.845617237] [robot_2.image_processor]: Zone=CLEAR
[image_processor-21] [INFO] [1776477028.853631293] [robot_0.image_processor]: Zone=CLEAR
[image_processor-24] [INFO] [1776477028.862076998] [robot_3.image_processor]: Zone=CLEAR
[image_processor-25] [INFO] [1776477028.876060080] [robot_4.image_processor]: Zone=CLEAR
[image_processor-22] [INFO] [1776477028.935047310] [robot_1.image_processor]: Zone=CLEAR
[image_processor-22] [INFO] [1776477031.332588613] [robot_1.image_processor]: Zone=CLEAR
[image_processor-23] [INFO] [1776477031.348333681] [robot_2.image_processor]: Zone=CLEAR
[image_processor-21] [INFO] [1776477031.355513480] [robot_0.image_processor]: Zone=CLEAR
[image_processor-25] [INFO] [1776477031.377391683] [robot_4.image_processor]: Zone=CLEAR
[image_processor-24] [INFO] [1776477031.463685077] [robot_3.image_processor]: Zone=CLEAR
[image_processor-22] [INFO] [1776477033.832463792] [robot_1.image_processor]: Zone=CLEAR
[image_processor-23] [INFO] [1776477033.844666053] [robot_2.image_processor]: Zone=CLEAR
[image_processor-21] [INFO] [1776477033.853936255] [robot_0.image_processor]: Zone=CLEAR
[image_processor-24] [INFO] [1776477033.863182312] [robot_3.image_processor]: Zone=CLEAR
[image_processor-25] [INFO] [1776477033.877780726] [robot_4.image_processor]: Zone=CLEAR
[image_processor-22] [INFO] [1776477036.333955154] [robot_1.image_processor]: Zone=CLEAR
[image_processor-23] [INFO] [1776477036.347010166] [robot_2.image_processor]: Zone=CLEAR
[image_processor-21] [INFO] [1776477036.355539081] [robot_0.image_processor]: Zone=CLEAR
[image_processor-24] [INFO] [1776477036.364373315] [robot_3.image_processor]: Zone=CLEAR
[image_processor-25] [INFO] [1776477036.379614750] [robot_4.image_processor]: Zone=CLEAR
[image_processor-22] [INFO] [1776477038.834754522] [robot_1.image_processor]: Zone=CLEAR
[image_processor-23] [INFO] [1776477038.848704195] [robot_2.image_processor]: Zone=CLEAR
[image_processor-24] [INFO] [1776477038.865883481] [robot_3.image_processor]: Zone=CLEAR
[image_processor-25] [INFO] [1776477038.879703980] [robot_4.image_processor]: Zone=CLEAR
[image_processor-21] [INFO] [1776477038.956971512] [robot_0.image_processor]: Zone=CLEAR
[image_processor-22] [INFO] [1776477041.333300211] [robot_1.image_processor]: Zone=CLEAR
[image_processor-21] [INFO] [1776477041.354713806] [robot_0.image_processor]: Zone=CLEAR
[image_processor-24] [INFO] [1776477041.362436270] [robot_3.image_processor]: Zone=CLEAR
[image_processor-25] [INFO] [1776477041.378103159] [robot_4.image_processor]: Zone=CLEAR
[image_processor-23] [INFO] [1776477041.447259371] [robot_2.image_processor]: Zone=CLEAR
[image_processor-22] [INFO] [1776477043.833784464] [robot_1.image_processor]: Zone=CLEAR
[image_processor-23] [INFO] [1776477043.846849847] [robot_2.image_processor]: Zone=CLEAR
[image_processor-21] [INFO] [1776477043.855264466] [robot_0.image_processor]: Zone=CLEAR
[image_processor-24] [INFO] [1776477043.864502457] [robot_3.image_processor]: Zone=CLEAR
[image_processor-25] [INFO] [1776477043.879701784] [robot_4.image_processor]: Zone=CLEAR
[image_processor-22] [INFO] [1776477046.332543045] [robot_1.image_processor]: Zone=CLEAR
[image_processor-23] [INFO] [1776477046.350774841] [robot_2.image_processor]: Zone=CLEAR
[image_processor-24] [INFO] [1776477046.367718319] [robot_3.image_processor]: Zone=CLEAR
[image_processor-25] [INFO] [1776477046.381561197] [robot_4.image_processor]: Zone=CLEAR
[image_processor-21] [INFO] [1776477046.460104692] [robot_0.image_processor]: Zone=CLEAR
[image_processor-22] [INFO] [1776477048.832138576] [robot_1.image_processor]: Zone=CLEAR
[image_processor-23] [INFO] [1776477048.847120610] [robot_2.image_processor]: Zone=CLEAR
[image_processor-21] [INFO] [1776477048.854434567] [robot_0.image_processor]: Zone=CLEAR
[image_processor-24] [INFO] [1776477048.864496560] [robot_3.image_processor]: Zone=CLEAR
[image_processor-25] [INFO] [1776477048.981552943] [robot_4.image_processor]: Zone=CLEAR
[image_processor-23] [INFO] [1776477051.345419449] [robot_2.image_processor]: Zone=CLEAR
[image_processor-21] [INFO] [1776477051.353672781] [robot_0.image_processor]: Zone=CLEAR
[image_processor-24] [INFO] [1776477051.364382470] [robot_3.image_processor]: Zone=CLEAR
[image_processor-25] [INFO] [1776477051.381016020] [robot_4.image_processor]: Zone=CLEAR
[image_processor-22] [INFO] [1776477051.434854797] [robot_1.image_processor]: Zone=CLEAR
[image_processor-22] [INFO] [1776477053.834785986] [robot_1.image_processor]: Zone=CLEAR
[image_processor-23] [INFO] [1776477053.848778697] [robot_2.image_processor]: Zone=CLEAR
[image_processor-21] [INFO] [1776477053.856535528] [robot_0.image_processor]: Zone=CLEAR
[image_processor-24] [INFO] [1776477053.865248642] [robot_3.image_processor]: Zone=CLEAR
[image_processor-25] [INFO] [1776477053.880202717] [robot_4.image_processor]: Zone=CLEAR
[image_processor-22] [INFO] [1776477056.333661307] [robot_1.image_processor]: Zone=CLEAR
[image_processor-23] [INFO] [1776477056.346914898] [robot_2.image_processor]: Zone=CLEAR
[image_processor-21] [INFO] [1776477056.354363060] [robot_0.image_processor]: Zone=CLEAR
[image_processor-24] [INFO] [1776477056.364461166] [robot_3.image_processor]: Zone=CLEAR
[image_processor-25] [INFO] [1776477056.378601182] [robot_4.image_processor]: Zone=CLEAR
[image_processor-21] [INFO] [1776477058.856525761] [robot_0.image_processor]: Zone=CLEAR
[image_processor-24] [INFO] [1776477058.863597892] [robot_3.image_processor]: Zone=CLEAR
[image_processor-25] [INFO] [1776477058.877962687] [robot_4.image_processor]: Zone=CLEAR
[image_processor-22] [INFO] [1776477058.935668948] [robot_1.image_processor]: Zone=CLEAR
[image_processor-23] [INFO] [1776477058.948905532] [robot_2.image_processor]: Zone=CLEAR
[image_processor-22] [INFO] [1776477061.336075657] [robot_1.image_processor]: Zone=CLEAR
[image_processor-23] [INFO] [1776477061.348805964] [robot_2.image_processor]: Zone=CLEAR
[image_processor-25] [INFO] [1776477061.381468975] [robot_4.image_processor]: Zone=CLEAR
[image_processor-21] [INFO] [1776477061.458169783] [robot_0.image_processor]: Zone=CLEAR
[image_processor-24] [INFO] [1776477061.466434855] [robot_3.image_processor]: Zone=CLEAR
[image_processor-22] [INFO] [1776477063.834005691] [robot_1.image_processor]: Zone=CLEAR
[image_processor-23] [INFO] [1776477063.847106264] [robot_2.image_processor]: Zone=CLEAR
[image_processor-21] [INFO] [1776477063.856520737] [robot_0.image_processor]: Zone=CLEAR
[image_processor-24] [INFO] [1776477063.864578810] [robot_3.image_processor]: Zone=CLEAR
[image_processor-25] [INFO] [1776477063.878534093] [robot_4.image_processor]: Zone=CLEAR
[image_processor-22] [INFO] [1776477066.332861758] [robot_1.image_processor]: Zone=CLEAR
[image_processor-23] [INFO] [1776477066.346684984] [robot_2.image_processor]: Zone=CLEAR
[image_processor-21] [INFO] [1776477066.353707859] [robot_0.image_processor]: Zone=CLEAR
[image_processor-24] [INFO] [1776477066.362091470] [robot_3.image_processor]: Zone=CLEAR
[image_processor-25] [INFO] [1776477066.376700004] [robot_4.image_processor]: Zone=CLEAR
[image_processor-22] [INFO] [1776477068.833862436] [robot_1.image_processor]: Zone=CLEAR
[image_processor-23] [INFO] [1776477068.848315115] [robot_2.image_processor]: Zone=CLEAR
[image_processor-21] [INFO] [1776477068.957724948] [robot_0.image_processor]: Zone=CLEAR
[image_processor-24] [INFO] [1776477068.965838012] [robot_3.image_processor]: Zone=CLEAR
[image_processor-25] [INFO] [1776477068.979677327] [robot_4.image_processor]: Zone=CLEAR
[image_processor-22] [INFO] [1776477071.333629427] [robot_1.image_processor]: Zone=CLEAR
[image_processor-23] [INFO] [1776477071.347632538] [robot_2.image_processor]: Zone=CLEAR
[image_processor-21] [INFO] [1776477071.356280333] [robot_0.image_processor]: Zone=CLEAR
[image_processor-24] [INFO] [1776477071.365275523] [robot_3.image_processor]: Zone=CLEAR
[image_processor-25] [INFO] [1776477071.380560357] [robot_4.image_processor]: Zone=CLEAR
[INFO] [image_processor-25]: sending signal 'SIGINT' to process[image_processor-25]
[ERROR] [ign gazebo-1]: process has died [pid 503135, exit code -15, cmd 'ruby /usr/bin/ign gazebo /home/ecem/ros2_ws/install/swarm_basics/share/swarm_basics/worlds/random_world.sdf -s -r --force-version 6'].
[ERROR] [parameter_bridge-4]: process has died [pid 503142, exit code -15, cmd '/opt/ros/humble/lib/ros_ign_bridge/parameter_bridge /robot_0/cmd_vel@geometry_msgs/msg/Twist]ignition.msgs.Twist /robot_0/odom@nav_msgs/msg/Odometry[ignition.msgs.Odometry /robot_0/depth_camera/depth_image@sensor_msgs/msg/Image[ignition.msgs.Image /world/random_world/model/robot_0/link/robot_0/base_footprint/sensor/contact_sensor/contact@ros_gz_interfaces/msg/Contacts[ignition.msgs.Contacts /robot_1/cmd_vel@geometry_msgs/msg/Twist]ignition.msgs.Twist /robot_1/odom@nav_msgs/msg/Odometry[ignition.msgs.Odometry /robot_1/depth_camera/depth_image@sensor_msgs/msg/Image[ignition.msgs.Image /world/random_world/model/robot_1/link/robot_1/base_footprint/sensor/contact_sensor/contact@ros_gz_interfaces/msg/Contacts[ignition.msgs.Contacts /robot_2/cmd_vel@geometry_msgs/msg/Twist]ignition.msgs.Twist /robot_2/odom@nav_msgs/msg/Odometry[ignition.msgs.Odometry /robot_2/depth_camera/depth_image@sensor_msgs/msg/Image[ignition.msgs.Image /world/random_world/model/robot_2/link/robot_2/base_footprint/sensor/contact_sensor/contact@ros_gz_interfaces/msg/Contacts[ignition.msgs.Contacts /robot_3/cmd_vel@geometry_msgs/msg/Twist]ignition.msgs.Twist /robot_3/odom@nav_msgs/msg/Odometry[ignition.msgs.Odometry /robot_3/depth_camera/depth_image@sensor_msgs/msg/Image[ignition.msgs.Image /world/random_world/model/robot_3/link/robot_3/base_footprint/sensor/contact_sensor/contact@ros_gz_interfaces/msg/Contacts[ignition.msgs.Contacts /robot_4/cmd_vel@geometry_msgs/msg/Twist]ignition.msgs.Twist /robot_4/odom@nav_msgs/msg/Odometry[ignition.msgs.Odometry /robot_4/depth_camera/depth_image@sensor_msgs/msg/Image[ignition.msgs.Image /world/random_world/model/robot_4/link/robot_4/base_footprint/sensor/contact_sensor/contact@ros_gz_interfaces/msg/Contacts[ignition.msgs.Contacts /world/random_world/dynamic_pose/info@tf2_msgs/msg/TFMessage[ignition.msgs.Pose_V --ros-args -r __node:=all_robots_bridge --params-file /tmp/launch_params_3n9fx94x'].
[INFO] [parameter_bridge-20]: process has finished cleanly [pid 503182]
[INFO] [image_processor-24]: sending signal 'SIGINT' to process[image_processor-24]
[INFO] [bash-26]: process started with pid [503706]
[INFO] [image_processor-23]: sending signal 'SIGINT' to process[image_processor-23]
[INFO] [image_processor-22]: sending signal 'SIGINT' to process[image_processor-22]
[INFO] [image_processor-21]: sending signal 'SIGINT' to process[image_processor-21]
[INFO] [robot_supervisor-19]: sending signal 'SIGINT' to process[robot_supervisor-19]
[INFO] [robot_state_publisher-17]: sending signal 'SIGINT' to process[robot_state_publisher-17]
[INFO] [robot_supervisor-16]: sending signal 'SIGINT' to process[robot_supervisor-16]
[INFO] [robot_state_publisher-14]: sending signal 'SIGINT' to process[robot_state_publisher-14]
[INFO] [robot_supervisor-13]: sending signal 'SIGINT' to process[robot_supervisor-13]
[INFO] [robot_state_publisher-11]: sending signal 'SIGINT' to process[robot_state_publisher-11]
[INFO] [robot_supervisor-10]: sending signal 'SIGINT' to process[robot_supervisor-10]
[INFO] [robot_state_publisher-8]: sending signal 'SIGINT' to process[robot_state_publisher-8]
[INFO] [robot_supervisor-7]: sending signal 'SIGINT' to process[robot_supervisor-7]
[INFO] [robot_state_publisher-5]: sending signal 'SIGINT' to process[robot_state_publisher-5]
[ERROR] [bash-26]: process has died [pid 503706, exit code -15, cmd 'bash -lc pkill -f parameter_bridge || true'].
[INFO] [bump_counter-3]: sending signal 'SIGINT' to process[bump_counter-3]
[INFO] [coverage_counter-2]: sending signal 'SIGINT' to process[coverage_counter-2]
[parameter_bridge-4] [INFO] [1776477073.352851838] [rclcpp]: signal_handler(SIGINT/SIGTERM)
[parameter_bridge-20] [INFO] [1776477073.352871325] [rclcpp]: signal_handler(SIGINT/SIGTERM)
[INFO] [launch]: process[ign gazebo-1] was required: shutting down launched system
[image_processor-25] [INFO] [1776477074.021443792] [rclcpp]: signal_handler(SIGINT/SIGTERM)
[image_processor-24] [INFO] [1776477074.024011544] [rclcpp]: signal_handler(SIGINT/SIGTERM)
[image_processor-23] [INFO] [1776477074.026132317] [rclcpp]: signal_handler(SIGINT/SIGTERM)
[image_processor-22] [INFO] [1776477074.028412337] [rclcpp]: signal_handler(SIGINT/SIGTERM)
[image_processor-21] [INFO] [1776477074.030401350] [rclcpp]: signal_handler(SIGINT/SIGTERM)
[robot_supervisor-19] Traceback (most recent call last):
[robot_supervisor-19]   File "/home/ecem/ros2_ws/install/swarm_basics/lib/swarm_basics/robot_supervisor", line 33, in <module>
[robot_supervisor-19]     sys.exit(load_entry_point('swarm-basics==0.0.0', 'console_scripts', 'robot_supervisor')())
[robot_supervisor-19]   File "/home/ecem/ros2_ws/install/swarm_basics/lib/python3.10/site-packages/swarm_basics/robot_supervisor.py", line 867, in main
[robot_supervisor-19]     rclpy.spin(node)
[robot_supervisor-19]   File "/opt/ros/humble/local/lib/python3.10/dist-packages/rclpy/__init__.py", line 229, in spin
[robot_supervisor-19]     executor.spin_once()
[robot_supervisor-19]   File "/opt/ros/humble/local/lib/python3.10/dist-packages/rclpy/executors.py", line 773, in spin_once
[robot_supervisor-19]     self._spin_once_impl(timeout_sec)
[robot_supervisor-19]   File "/opt/ros/humble/local/lib/python3.10/dist-packages/rclpy/executors.py", line 762, in _spin_once_impl
[robot_supervisor-19]     handler, entity, node = self.wait_for_ready_callbacks(timeout_sec=timeout_sec)
[robot_supervisor-19]   File "/opt/ros/humble/local/lib/python3.10/dist-packages/rclpy/executors.py", line 745, in wait_for_ready_callbacks
[robot_supervisor-19]     return next(self._cb_iter)
[robot_supervisor-19]   File "/opt/ros/humble/local/lib/python3.10/dist-packages/rclpy/executors.py", line 642, in _wait_for_ready_callbacks
[robot_supervisor-19]     wait_set.wait(timeout_nsec)
[robot_supervisor-19] KeyboardInterrupt
[robot_state_publisher-17] [INFO] [1776477074.036488539] [rclcpp]: signal_handler(SIGINT/SIGTERM)
[robot_supervisor-16] Traceback (most recent call last):
[robot_supervisor-16]   File "/home/ecem/ros2_ws/install/swarm_basics/lib/swarm_basics/robot_supervisor", line 33, in <module>
[robot_supervisor-16]     sys.exit(load_entry_point('swarm-basics==0.0.0', 'console_scripts', 'robot_supervisor')())
[robot_supervisor-16]   File "/home/ecem/ros2_ws/install/swarm_basics/lib/python3.10/site-packages/swarm_basics/robot_supervisor.py", line 867, in main
[robot_supervisor-16]     rclpy.spin(node)
[robot_supervisor-16]   File "/opt/ros/humble/local/lib/python3.10/dist-packages/rclpy/__init__.py", line 229, in spin
[robot_supervisor-16]     executor.spin_once()
[robot_supervisor-16]   File "/opt/ros/humble/local/lib/python3.10/dist-packages/rclpy/executors.py", line 773, in spin_once
[robot_supervisor-16]     self._spin_once_impl(timeout_sec)
[robot_supervisor-16]   File "/opt/ros/humble/local/lib/python3.10/dist-packages/rclpy/executors.py", line 762, in _spin_once_impl
[robot_supervisor-16]     handler, entity, node = self.wait_for_ready_callbacks(timeout_sec=timeout_sec)
[robot_supervisor-16]   File "/opt/ros/humble/local/lib/python3.10/dist-packages/rclpy/executors.py", line 745, in wait_for_ready_callbacks
[robot_supervisor-16]     return next(self._cb_iter)
[robot_supervisor-16]   File "/opt/ros/humble/local/lib/python3.10/dist-packages/rclpy/executors.py", line 642, in _wait_for_ready_callbacks
[robot_supervisor-16]     wait_set.wait(timeout_nsec)
[robot_supervisor-16] KeyboardInterrupt
[robot_state_publisher-14] [INFO] [1776477074.040749366] [rclcpp]: signal_handler(SIGINT/SIGTERM)
[robot_supervisor-13] Traceback (most recent call last):
[robot_supervisor-13]   File "/home/ecem/ros2_ws/install/swarm_basics/lib/swarm_basics/robot_supervisor", line 33, in <module>
[robot_supervisor-13]     sys.exit(load_entry_point('swarm-basics==0.0.0', 'console_scripts', 'robot_supervisor')())
[robot_supervisor-13]   File "/home/ecem/ros2_ws/install/swarm_basics/lib/python3.10/site-packages/swarm_basics/robot_supervisor.py", line 867, in main
[robot_supervisor-13]     rclpy.spin(node)
[robot_supervisor-13]   File "/opt/ros/humble/local/lib/python3.10/dist-packages/rclpy/__init__.py", line 229, in spin
[robot_supervisor-13]     executor.spin_once()
[robot_supervisor-13]   File "/opt/ros/humble/local/lib/python3.10/dist-packages/rclpy/executors.py", line 773, in spin_once
[robot_supervisor-13]     self._spin_once_impl(timeout_sec)
[robot_supervisor-13]   File "/opt/ros/humble/local/lib/python3.10/dist-packages/rclpy/executors.py", line 762, in _spin_once_impl
[robot_supervisor-13]     handler, entity, node = self.wait_for_ready_callbacks(timeout_sec=timeout_sec)
[robot_supervisor-13]   File "/opt/ros/humble/local/lib/python3.10/dist-packages/rclpy/executors.py", line 745, in wait_for_ready_callbacks
[robot_supervisor-13]     return next(self._cb_iter)
[robot_supervisor-13]   File "/opt/ros/humble/local/lib/python3.10/dist-packages/rclpy/executors.py", line 642, in _wait_for_ready_callbacks
[robot_supervisor-13]     wait_set.wait(timeout_nsec)
[robot_supervisor-13] KeyboardInterrupt
[robot_state_publisher-11] [INFO] [1776477074.048557342] [rclcpp]: signal_handler(SIGINT/SIGTERM)
[robot_supervisor-10] Traceback (most recent call last):
[robot_supervisor-10]   File "/home/ecem/ros2_ws/install/swarm_basics/lib/swarm_basics/robot_supervisor", line 33, in <module>
[robot_supervisor-10]     sys.exit(load_entry_point('swarm-basics==0.0.0', 'console_scripts', 'robot_supervisor')())
[robot_supervisor-10]   File "/home/ecem/ros2_ws/install/swarm_basics/lib/python3.10/site-packages/swarm_basics/robot_supervisor.py", line 867, in main
[robot_supervisor-10]     rclpy.spin(node)
[robot_supervisor-10]   File "/opt/ros/humble/local/lib/python3.10/dist-packages/rclpy/__init__.py", line 229, in spin
[robot_supervisor-10]     executor.spin_once()
[robot_supervisor-10]   File "/opt/ros/humble/local/lib/python3.10/dist-packages/rclpy/executors.py", line 773, in spin_once
[robot_supervisor-10]     self._spin_once_impl(timeout_sec)
[robot_supervisor-10]   File "/opt/ros/humble/local/lib/python3.10/dist-packages/rclpy/executors.py", line 762, in _spin_once_impl
[robot_supervisor-10]     handler, entity, node = self.wait_for_ready_callbacks(timeout_sec=timeout_sec)
[robot_supervisor-10]   File "/opt/ros/humble/local/lib/python3.10/dist-packages/rclpy/executors.py", line 745, in wait_for_ready_callbacks
[robot_supervisor-10]     return next(self._cb_iter)
[robot_supervisor-10]   File "/opt/ros/humble/local/lib/python3.10/dist-packages/rclpy/executors.py", line 642, in _wait_for_ready_callbacks
[robot_supervisor-10]     wait_set.wait(timeout_nsec)
[robot_supervisor-10] KeyboardInterrupt
[robot_state_publisher-8] [INFO] [1776477074.054961605] [rclcpp]: signal_handler(SIGINT/SIGTERM)
[robot_supervisor-7] Traceback (most recent call last):
[robot_supervisor-7]   File "/home/ecem/ros2_ws/install/swarm_basics/lib/swarm_basics/robot_supervisor", line 33, in <module>
[robot_supervisor-7]     sys.exit(load_entry_point('swarm-basics==0.0.0', 'console_scripts', 'robot_supervisor')())
[robot_supervisor-7]   File "/home/ecem/ros2_ws/install/swarm_basics/lib/python3.10/site-packages/swarm_basics/robot_supervisor.py", line 867, in main
[robot_supervisor-7]     rclpy.spin(node)
[robot_supervisor-7]   File "/opt/ros/humble/local/lib/python3.10/dist-packages/rclpy/__init__.py", line 229, in spin
[robot_supervisor-7]     executor.spin_once()
[robot_supervisor-7]   File "/opt/ros/humble/local/lib/python3.10/dist-packages/rclpy/executors.py", line 773, in spin_once
[robot_supervisor-7]     self._spin_once_impl(timeout_sec)
[robot_supervisor-7]   File "/opt/ros/humble/local/lib/python3.10/dist-packages/rclpy/executors.py", line 762, in _spin_once_impl
[robot_supervisor-7]     handler, entity, node = self.wait_for_ready_callbacks(timeout_sec=timeout_sec)
[robot_supervisor-7]   File "/opt/ros/humble/local/lib/python3.10/dist-packages/rclpy/executors.py", line 745, in wait_for_ready_callbacks
[robot_supervisor-7]     return next(self._cb_iter)
[robot_supervisor-7]   File "/opt/ros/humble/local/lib/python3.10/dist-packages/rclpy/executors.py", line 642, in _wait_for_ready_callbacks
[robot_supervisor-7]     wait_set.wait(timeout_nsec)
[robot_supervisor-7] KeyboardInterrupt
[robot_state_publisher-5] [INFO] [1776477074.061253161] [rclcpp]: signal_handler(SIGINT/SIGTERM)
[ERROR] [launch]: Caught exception in launch (see debug for traceback): ExecuteLocal action 'bash-27': executed more than once: <launch.actions.execute_process.ExecuteProcess object at 0x7d73260c0850>
[INFO] [image_processor-24]: process has finished cleanly [pid 503538]
[INFO] [image_processor-25]: process has finished cleanly [pid 503540]
[INFO] [image_processor-22]: process has finished cleanly [pid 503534]
[INFO] [image_processor-21]: process has finished cleanly [pid 503532]
[INFO] [image_processor-23]: process has finished cleanly [pid 503536]
[INFO] [robot_state_publisher-17]: process has finished cleanly [pid 503171]
[INFO] [robot_state_publisher-14]: process has finished cleanly [pid 503165]
[INFO] [robot_state_publisher-11]: process has finished cleanly [pid 503158]
[INFO] [robot_state_publisher-8]: process has finished cleanly [pid 503152]
[INFO] [robot_state_publisher-5]: process has finished cleanly [pid 503144]
[coverage_counter-2] Traceback (most recent call last):
[coverage_counter-2]   File "/home/ecem/ros2_ws/install/swarm_basics/lib/python3.10/site-packages/swarm_basics/coverage_counter.py", line 418, in main
[coverage_counter-2]     rclpy.spin(node)
[coverage_counter-2]   File "/opt/ros/humble/local/lib/python3.10/dist-packages/rclpy/__init__.py", line 229, in spin
[coverage_counter-2]     executor.spin_once()
[coverage_counter-2]   File "/opt/ros/humble/local/lib/python3.10/dist-packages/rclpy/executors.py", line 773, in spin_once
[coverage_counter-2]     self._spin_once_impl(timeout_sec)
[coverage_counter-2]   File "/opt/ros/humble/local/lib/python3.10/dist-packages/rclpy/executors.py", line 768, in _spin_once_impl
[coverage_counter-2]     handler()
[coverage_counter-2]   File "/opt/ros/humble/local/lib/python3.10/dist-packages/rclpy/task.py", line 254, in __call__
[coverage_counter-2]     self._handler.send(None)
[coverage_counter-2]   File "/opt/ros/humble/local/lib/python3.10/dist-packages/rclpy/executors.py", line 463, in handler
[coverage_counter-2]     await call_coroutine(entity, arg)
[coverage_counter-2]   File "/opt/ros/humble/local/lib/python3.10/dist-packages/rclpy/executors.py", line 371, in _execute_timer
[coverage_counter-2]     await await_or_execute(tmr.callback)
[coverage_counter-2]   File "/opt/ros/humble/local/lib/python3.10/dist-packages/rclpy/executors.py", line 107, in await_or_execute
[coverage_counter-2]     return callback(*args)
[coverage_counter-2]   File "/home/ecem/ros2_ws/install/swarm_basics/lib/python3.10/site-packages/swarm_basics/coverage_counter.py", line 152, in _on_timeout_timer
[coverage_counter-2]     self.shutdown_and_save()
[coverage_counter-2]   File "/home/ecem/ros2_ws/install/swarm_basics/lib/python3.10/site-packages/swarm_basics/coverage_counter.py", line 174, in shutdown_and_save
[coverage_counter-2]     rclpy.shutdown()
[coverage_counter-2]   File "/opt/ros/humble/local/lib/python3.10/dist-packages/rclpy/__init__.py", line 130, in shutdown
[coverage_counter-2]     _shutdown(context=context)
[coverage_counter-2]   File "/opt/ros/humble/local/lib/python3.10/dist-packages/rclpy/utilities.py", line 58, in shutdown
[coverage_counter-2]     return context.shutdown()
[coverage_counter-2]   File "/opt/ros/humble/local/lib/python3.10/dist-packages/rclpy/context.py", line 103, in shutdown
[coverage_counter-2]     self._call_on_shutdown_callbacks()
[coverage_counter-2]   File "/opt/ros/humble/local/lib/python3.10/dist-packages/rclpy/context.py", line 92, in _call_on_shutdown_callbacks
[coverage_counter-2]     callback = weak_method()
[coverage_counter-2]   File "/opt/ros/humble/local/lib/python3.10/dist-packages/rclpy/__init__.py", line 111, in reset_executor
[coverage_counter-2]     __executor.shutdown()
[coverage_counter-2]   File "/opt/ros/humble/local/lib/python3.10/dist-packages/rclpy/executors.py", line 227, in shutdown
[coverage_counter-2]     if not self._work_tracker.wait(timeout_sec):
[coverage_counter-2]   File "/opt/ros/humble/local/lib/python3.10/dist-packages/rclpy/executors.py", line 94, in wait
[coverage_counter-2]     if not self._work_condition.wait_for(
[coverage_counter-2]   File "/usr/lib/python3.10/threading.py", line 355, in wait_for
[coverage_counter-2]     self.wait(waittime)
[coverage_counter-2]   File "/usr/lib/python3.10/threading.py", line 320, in wait
[coverage_counter-2]     waiter.acquire()
[coverage_counter-2] KeyboardInterrupt
[coverage_counter-2] 
[coverage_counter-2] During handling of the above exception, another exception occurred:
[coverage_counter-2] 
[coverage_counter-2] Traceback (most recent call last):
[coverage_counter-2]   File "/home/ecem/ros2_ws/install/swarm_basics/lib/swarm_basics/coverage_counter", line 33, in <module>
[coverage_counter-2]     sys.exit(load_entry_point('swarm-basics==0.0.0', 'console_scripts', 'coverage_counter')())
[coverage_counter-2]   File "/home/ecem/ros2_ws/install/swarm_basics/lib/python3.10/site-packages/swarm_basics/coverage_counter.py", line 421, in main
[coverage_counter-2]     node.shutdown_and_save()
[coverage_counter-2]   File "/home/ecem/ros2_ws/install/swarm_basics/lib/python3.10/site-packages/swarm_basics/coverage_counter.py", line 174, in shutdown_and_save
[coverage_counter-2]     rclpy.shutdown()
[coverage_counter-2]   File "/opt/ros/humble/local/lib/python3.10/dist-packages/rclpy/__init__.py", line 130, in shutdown
[coverage_counter-2]     _shutdown(context=context)
[coverage_counter-2]   File "/opt/ros/humble/local/lib/python3.10/dist-packages/rclpy/utilities.py", line 58, in shutdown
[coverage_counter-2]     return context.shutdown()
[coverage_counter-2]   File "/opt/ros/humble/local/lib/python3.10/dist-packages/rclpy/context.py", line 100, in shutdown
[coverage_counter-2]     raise RuntimeError('Context must be initialized before it can be shutdown')
[coverage_counter-2] RuntimeError: Context must be initialized before it can be shutdown
[bump_counter-3] Traceback (most recent call last):
[bump_counter-3]   File "/home/ecem/ros2_ws/install/swarm_basics/lib/swarm_basics/bump_counter", line 33, in <module>
[bump_counter-3]     sys.exit(load_entry_point('swarm-basics==0.0.0', 'console_scripts', 'bump_counter')())
[bump_counter-3]   File "/home/ecem/ros2_ws/install/swarm_basics/lib/python3.10/site-packages/swarm_basics/bump_counter.py", line 384, in main
[bump_counter-3]     rclpy.shutdown()
[bump_counter-3]   File "/opt/ros/humble/local/lib/python3.10/dist-packages/rclpy/__init__.py", line 130, in shutdown
[bump_counter-3]     _shutdown(context=context)
[bump_counter-3]   File "/opt/ros/humble/local/lib/python3.10/dist-packages/rclpy/utilities.py", line 58, in shutdown
[bump_counter-3]     return context.shutdown()
[bump_counter-3]   File "/opt/ros/humble/local/lib/python3.10/dist-packages/rclpy/context.py", line 102, in shutdown
[bump_counter-3]     self.__context.shutdown()
[bump_counter-3] rclpy._rclpy_pybind11.RCLError: failed to shutdown: rcl_shutdown already called on the given context, at ./src/rcl/init.c:241
[ERROR] [coverage_counter-2]: process has died [pid 503137, exit code 1, cmd '/home/ecem/ros2_ws/install/swarm_basics/lib/swarm_basics/coverage_counter --ros-args -r __node:=coverage_counter --params-file /tmp/launch_params_u6uandhm --params-file /tmp/launch_params_1013hwqy --params-file /tmp/launch_params_ybxqgpnh --params-file /tmp/launch_params_r6drlyjs --params-file /tmp/launch_params_7ddtx5t1 --params-file /tmp/launch_params_j8gsx7gy'].
[ERROR] [bump_counter-3]: process has died [pid 503140, exit code 1, cmd '/home/ecem/ros2_ws/install/swarm_basics/lib/swarm_basics/bump_counter --ros-args -r __node:=bump_counter --params-file /tmp/launch_params_al5ew4sj --params-file /tmp/launch_params_y15pcswv --params-file /tmp/launch_params_8bufh_r6'].
[ERROR] [robot_supervisor-19]: process has died [pid 503180, exit code -2, cmd '/home/ecem/ros2_ws/install/swarm_basics/lib/swarm_basics/robot_supervisor --ros-args -r __node:=robot_supervisor -r __ns:=/robot_4 --params-file /tmp/launch_params_pbfyk485 --params-file /tmp/launch_params_0kj3xfrc --params-file /tmp/launch_params_ixxexiq9 --params-file /tmp/launch_params_qcnpr_wi'].
[ERROR] [robot_supervisor-16]: process has died [pid 503169, exit code -2, cmd '/home/ecem/ros2_ws/install/swarm_basics/lib/swarm_basics/robot_supervisor --ros-args -r __node:=robot_supervisor -r __ns:=/robot_3 --params-file /tmp/launch_params_xe0qme45 --params-file /tmp/launch_params_6g8nb5le --params-file /tmp/launch_params_sjmfsak8 --params-file /tmp/launch_params_69c4v31w'].
[ERROR] [robot_supervisor-10]: process has died [pid 503156, exit code -2, cmd '/home/ecem/ros2_ws/install/swarm_basics/lib/swarm_basics/robot_supervisor --ros-args -r __node:=robot_supervisor -r __ns:=/robot_1 --params-file /tmp/launch_params_nb6aobgk --params-file /tmp/launch_params_f4dyz1bx --params-file /tmp/launch_params_gdm5xhra --params-file /tmp/launch_params_q7ifft7j'].
[ERROR] [robot_supervisor-7]: process has died [pid 503149, exit code -2, cmd '/home/ecem/ros2_ws/install/swarm_basics/lib/swarm_basics/robot_supervisor --ros-args -r __node:=robot_supervisor -r __ns:=/robot_0 --params-file /tmp/launch_params_gamtp_bj --params-file /tmp/launch_params_htb5haqu --params-file /tmp/launch_params_ctqecv9j --params-file /tmp/launch_params_6rwqg8zt'].
[ERROR] [robot_supervisor-13]: process has died [pid 503163, exit code -2, cmd '/home/ecem/ros2_ws/install/swarm_basics/lib/swarm_basics/robot_supervisor --ros-args -r __node:=robot_supervisor -r __ns:=/robot_2 --params-file /tmp/launch_params_yrd956ri --params-file /tmp/launch_params_oneo6vp8 --params-file /tmp/launch_params_8_hrhnn0 --params-file /tmp/launch_params_6dvm4qef'].
