[0.026s] Invoking command in '/home/ecem/ros2_ws/src/Leo_sct/build/leo_description': CMAKE_PREFIX_PATH=${CMAKE_PREFIX_PATH}:/home/ecem/ros2_ws/install/swarm_basics:/opt/ros/humble /usr/bin/cmake /home/ecem/ros2_ws/src/Leo_sct/leo_common-ros2/leo_description -DCMAKE_INSTALL_PREFIX=/home/ecem/ros2_ws/src/Leo_sct/install/leo_description
[0.086s] -- The C compiler identification is GNU 11.4.0
[0.133s] -- The CXX compiler identification is GNU 11.4.0
[0.140s] -- Detecting C compiler ABI info
[0.185s] -- Detecting C compiler ABI info - done
[0.193s] -- Check for working C compiler: /usr/bin/cc - skipped
[0.193s] -- Detecting C compile features
[0.194s] -- Detecting C compile features - done
[0.197s] -- Detecting CXX compiler ABI info
[0.265s] -- Detecting CXX compiler ABI info - done
[0.270s] -- Check for working CXX compiler: /usr/bin/c++ - skipped
[0.270s] -- Detecting CXX compile features
[0.270s] -- Detecting CXX compile features - done
[0.272s] -- Found ament_cmake: 1.3.12 (/opt/ros/humble/share/ament_cmake/cmake)
[0.419s] -- Found Python3: /usr/bin/python3 (found version "3.10.12") found components: Interpreter 
[0.497s] -- Found ament_lint_auto: 0.12.14 (/opt/ros/humble/share/ament_lint_auto/cmake)
[0.550s] -- Added test 'lint_cmake' to check CMake code style
[0.550s] -- Added test 'xmllint' to check XML markup files
[0.552s] -- Configuring done
[0.553s] -- Generating done
[0.553s] -- Build files have been written to: /home/ecem/ros2_ws/src/Leo_sct/build/leo_description
[0.558s] Invoked command in '/home/ecem/ros2_ws/src/Leo_sct/build/leo_description' returned '0': CMAKE_PREFIX_PATH=${CMAKE_PREFIX_PATH}:/home/ecem/ros2_ws/install/swarm_basics:/opt/ros/humble /usr/bin/cmake /home/ecem/ros2_ws/src/Leo_sct/leo_common-ros2/leo_description -DCMAKE_INSTALL_PREFIX=/home/ecem/ros2_ws/src/Leo_sct/install/leo_description
[0.560s] Invoking command in '/home/ecem/ros2_ws/src/Leo_sct/build/leo_description': CMAKE_PREFIX_PATH=${CMAKE_PREFIX_PATH}:/home/ecem/ros2_ws/install/swarm_basics:/opt/ros/humble /usr/bin/cmake --build /home/ecem/ros2_ws/src/Leo_sct/build/leo_description -- -j22 -l22
[0.592s] Invoked command in '/home/ecem/ros2_ws/src/Leo_sct/build/leo_description' returned '0': CMAKE_PREFIX_PATH=${CMAKE_PREFIX_PATH}:/home/ecem/ros2_ws/install/swarm_basics:/opt/ros/humble /usr/bin/cmake --build /home/ecem/ros2_ws/src/Leo_sct/build/leo_description -- -j22 -l22
[0.594s] Invoking command in '/home/ecem/ros2_ws/src/Leo_sct/build/leo_description': CMAKE_PREFIX_PATH=${CMAKE_PREFIX_PATH}:/home/ecem/ros2_ws/install/swarm_basics:/opt/ros/humble /usr/bin/cmake --install /home/ecem/ros2_ws/src/Leo_sct/build/leo_description
[0.600s] -- Install configuration: ""
[0.600s] -- Installing: /home/ecem/ros2_ws/src/Leo_sct/install/leo_description/share/leo_description/launch
[0.600s] -- Installing: /home/ecem/ros2_ws/src/Leo_sct/install/leo_description/share/leo_description/launch/state_publisher.launch.xml
[0.600s] -- Installing: /home/ecem/ros2_ws/src/Leo_sct/install/leo_description/share/leo_description/models
[0.600s] -- Installing: /home/ecem/ros2_ws/src/Leo_sct/install/leo_description/share/leo_description/models/Rocker.dae
[0.605s] -- Installing: /home/ecem/ros2_ws/src/Leo_sct/install/leo_description/share/leo_description/models/Mecanum_wheel_outline.stl
[0.605s] -- Installing: /home/ecem/ros2_ws/src/Leo_sct/install/leo_description/share/leo_description/models/Chassis_outline.stl
[0.605s] -- Installing: /home/ecem/ros2_ws/src/Leo_sct/install/leo_description/share/leo_description/models/d435.dae
[0.637s] -- Installing: /home/ecem/ros2_ws/src/Leo_sct/install/leo_description/share/leo_description/models/d435
[0.637s] -- Installing: /home/ecem/ros2_ws/src/Leo_sct/install/leo_description/share/leo_description/models/d435/materials
[0.637s] -- Installing: /home/ecem/ros2_ws/src/Leo_sct/install/leo_description/share/leo_description/models/d435/materials/scripts
[0.637s] -- Installing: /home/ecem/ros2_ws/src/Leo_sct/install/leo_description/share/leo_description/models/d435/materials/scripts/model.material
[0.638s] -- Installing: /home/ecem/ros2_ws/src/Leo_sct/install/leo_description/share/leo_description/models/d435/materials/textures
[0.638s] -- Installing: /home/ecem/ros2_ws/src/Leo_sct/install/leo_description/share/leo_description/models/d435/materials/textures/RealSense_Roughness.png
[0.642s] -- Installing: /home/ecem/ros2_ws/src/Leo_sct/install/leo_description/share/leo_description/models/d435/materials/textures/RealSense_Metalness.png
[0.642s] -- Installing: /home/ecem/ros2_ws/src/Leo_sct/install/leo_description/share/leo_description/models/d435/materials/textures/RealSense_Albedo.png
[0.642s] -- Installing: /home/ecem/ros2_ws/src/Leo_sct/install/leo_description/share/leo_description/models/d435/materials/textures/RealSense_Normal.png
[0.643s] -- Installing: /home/ecem/ros2_ws/src/Leo_sct/install/leo_description/share/leo_description/models/d435/thumbnails
[0.643s] -- Installing: /home/ecem/ros2_ws/src/Leo_sct/install/leo_description/share/leo_description/models/d435/thumbnails/3.png
[0.643s] -- Installing: /home/ecem/ros2_ws/src/Leo_sct/install/leo_description/share/leo_description/models/d435/thumbnails/2.png
[0.643s] -- Installing: /home/ecem/ros2_ws/src/Leo_sct/install/leo_description/share/leo_description/models/d435/thumbnails/1.png
[0.644s] -- Installing: /home/ecem/ros2_ws/src/Leo_sct/install/leo_description/share/leo_description/models/d435/thumbnails/4.png
[0.644s] -- Installing: /home/ecem/ros2_ws/src/Leo_sct/install/leo_description/share/leo_description/models/d435/meshes
[0.644s] -- Installing: /home/ecem/ros2_ws/src/Leo_sct/install/leo_description/share/leo_description/models/d435/meshes/realsense.dae
[0.644s] -- Installing: /home/ecem/ros2_ws/src/Leo_sct/install/leo_description/share/leo_description/models/d435/model.sdf
[0.645s] -- Installing: /home/ecem/ros2_ws/src/Leo_sct/install/leo_description/share/leo_description/models/d435/model.config
[0.645s] -- Installing: /home/ecem/ros2_ws/src/Leo_sct/install/leo_description/share/leo_description/models/WheelB.dae
[0.649s] -- Installing: /home/ecem/ros2_ws/src/Leo_sct/install/leo_description/share/leo_description/models/Wheel_outline.stl
[0.649s] -- Installing: /home/ecem/ros2_ws/src/Leo_sct/install/leo_description/share/leo_description/models/Rocker_outline.stl
[0.650s] -- Installing: /home/ecem/ros2_ws/src/Leo_sct/install/leo_description/share/leo_description/models/Chassis.dae
[0.667s] -- Installing: /home/ecem/ros2_ws/src/Leo_sct/install/leo_description/share/leo_description/models/WheelMecanumB.dae
[0.674s] -- Installing: /home/ecem/ros2_ws/src/Leo_sct/install/leo_description/share/leo_description/models/WheelMecanumA.dae
[0.687s] -- Installing: /home/ecem/ros2_ws/src/Leo_sct/install/leo_description/share/leo_description/models/WheelA.dae
[0.691s] -- Installing: /home/ecem/ros2_ws/src/Leo_sct/install/leo_description/share/leo_description/models/Antenna.dae
[0.692s] -- Installing: /home/ecem/ros2_ws/src/Leo_sct/install/leo_description/share/leo_description/models/Lidar_pacecat.stl
[0.692s] -- Installing: /home/ecem/ros2_ws/src/Leo_sct/install/leo_description/share/leo_description/urdf
[0.692s] -- Installing: /home/ecem/ros2_ws/src/Leo_sct/install/leo_description/share/leo_description/urdf/leo.urdf.xacro
[0.692s] -- Installing: /home/ecem/ros2_ws/src/Leo_sct/install/leo_description/share/leo_description/urdf/leo.sdf
[0.693s] -- Installing: /home/ecem/ros2_ws/src/Leo_sct/install/leo_description/share/leo_description/urdf/leo_sim.urdf.xacro
[0.693s] -- Installing: /home/ecem/ros2_ws/src/Leo_sct/install/leo_description/share/leo_description/urdf/macros_yedek.xacro
[0.693s] -- Installing: /home/ecem/ros2_ws/src/Leo_sct/install/leo_description/share/leo_description/urdf/realsense.urdf.xacro
[0.693s] -- Installing: /home/ecem/ros2_ws/src/Leo_sct/install/leo_description/share/leo_description/urdf/leo.urdf
[0.693s] -- Installing: /home/ecem/ros2_ws/src/Leo_sct/install/leo_description/share/leo_description/urdf/leo_sensor.sdf
[0.693s] -- Installing: /home/ecem/ros2_ws/src/Leo_sct/install/leo_description/share/leo_description/urdf/macros.xacro
[0.694s] -- Installing: /home/ecem/ros2_ws/src/Leo_sct/install/leo_description/share/leo_description/environment/gz_sim_resource_path.sh
[0.694s] -- Installing: /home/ecem/ros2_ws/src/Leo_sct/install/leo_description/share/leo_description/environment/gz_sim_resource_path.dsv
[0.694s] -- Installing: /home/ecem/ros2_ws/src/Leo_sct/install/leo_description/share/ament_index/resource_index/package_run_dependencies/leo_description
[0.694s] -- Installing: /home/ecem/ros2_ws/src/Leo_sct/install/leo_description/share/ament_index/resource_index/parent_prefix_path/leo_description
[0.694s] -- Installing: /home/ecem/ros2_ws/src/Leo_sct/install/leo_description/share/leo_description/environment/ament_prefix_path.sh
[0.695s] -- Installing: /home/ecem/ros2_ws/src/Leo_sct/install/leo_description/share/leo_description/environment/ament_prefix_path.dsv
[0.695s] -- Installing: /home/ecem/ros2_ws/src/Leo_sct/install/leo_description/share/leo_description/environment/path.sh
[0.695s] -- Installing: /home/ecem/ros2_ws/src/Leo_sct/install/leo_description/share/leo_description/environment/path.dsv
[0.695s] -- Installing: /home/ecem/ros2_ws/src/Leo_sct/install/leo_description/share/leo_description/local_setup.bash
[0.695s] -- Installing: /home/ecem/ros2_ws/src/Leo_sct/install/leo_description/share/leo_description/local_setup.sh
[0.695s] -- Installing: /home/ecem/ros2_ws/src/Leo_sct/install/leo_description/share/leo_description/local_setup.zsh
[0.695s] -- Installing: /home/ecem/ros2_ws/src/Leo_sct/install/leo_description/share/leo_description/local_setup.dsv
[0.695s] -- Installing: /home/ecem/ros2_ws/src/Leo_sct/install/leo_description/share/leo_description/package.dsv
[0.695s] -- Installing: /home/ecem/ros2_ws/src/Leo_sct/install/leo_description/share/ament_index/resource_index/packages/leo_description
[0.696s] -- Installing: /home/ecem/ros2_ws/src/Leo_sct/install/leo_description/share/leo_description/cmake/leo_descriptionConfig.cmake
[0.696s] -- Installing: /home/ecem/ros2_ws/src/Leo_sct/install/leo_description/share/leo_description/cmake/leo_descriptionConfig-version.cmake
[0.696s] -- Installing: /home/ecem/ros2_ws/src/Leo_sct/install/leo_description/share/leo_description/package.xml
[0.699s] Invoked command in '/home/ecem/ros2_ws/src/Leo_sct/build/leo_description' returned '0': CMAKE_PREFIX_PATH=${CMAKE_PREFIX_PATH}:/home/ecem/ros2_ws/install/swarm_basics:/opt/ros/humble /usr/bin/cmake --install /home/ecem/ros2_ws/src/Leo_sct/build/leo_description
