[0.019s] Invoking command in '/home/ecem/ros2_ws/src/Leo_sct/build/leo_image': CMAKE_PREFIX_PATH=${CMAKE_PREFIX_PATH}:/home/ecem/ros2_ws/install/swarm_basics:/opt/ros/humble /usr/bin/cmake /home/ecem/ros2_ws/src/Leo_sct/leo_image -DCMAKE_INSTALL_PREFIX=/home/ecem/ros2_ws/src/Leo_sct/install/leo_image
[0.067s] -- The C compiler identification is GNU 11.4.0
[0.114s] -- The CXX compiler identification is GNU 11.4.0
[0.121s] -- Detecting C compiler ABI info
[0.178s] -- Detecting C compiler ABI info - done
[0.182s] -- Check for working C compiler: /usr/bin/cc - skipped
[0.183s] -- Detecting C compile features
[0.183s] -- Detecting C compile features - done
[0.185s] -- Detecting CXX compiler ABI info
[0.245s] -- Detecting CXX compiler ABI info - done
[0.251s] -- Check for working CXX compiler: /usr/bin/c++ - skipped
[0.251s] -- Detecting CXX compile features
[0.251s] -- Detecting CXX compile features - done
[0.253s] -- Found ament_cmake: 1.3.12 (/opt/ros/humble/share/ament_cmake/cmake)
[0.368s] -- Found Python3: /usr/bin/python3 (found version "3.10.12") found components: Interpreter 
[0.458s] -- Found rclcpp: 16.0.17 (/opt/ros/humble/share/rclcpp/cmake)
[0.502s] -- Found rosidl_generator_c: 3.1.8 (/opt/ros/humble/share/rosidl_generator_c/cmake)
[0.510s] -- Found rosidl_adapter: 3.1.8 (/opt/ros/humble/share/rosidl_adapter/cmake)
[0.521s] -- Found rosidl_generator_cpp: 3.1.8 (/opt/ros/humble/share/rosidl_generator_cpp/cmake)
[0.536s] -- Using all available rosidl_typesupport_c: rosidl_typesupport_fastrtps_c;rosidl_typesupport_introspection_c
[0.548s] -- Using all available rosidl_typesupport_cpp: rosidl_typesupport_fastrtps_cpp;rosidl_typesupport_introspection_cpp
[0.586s] -- Found rmw_implementation_cmake: 6.1.2 (/opt/ros/humble/share/rmw_implementation_cmake/cmake)
[0.590s] -- Found rmw_cyclonedds_cpp: 1.3.4 (/opt/ros/humble/share/rmw_cyclonedds_cpp/cmake)
[0.619s] -- Using RMW implementation 'rmw_cyclonedds_cpp' as default
[0.628s] -- Looking for pthread.h
[0.679s] -- Looking for pthread.h - found
[0.680s] -- Performing Test CMAKE_HAVE_LIBC_PTHREAD
[0.736s] -- Performing Test CMAKE_HAVE_LIBC_PTHREAD - Success
[0.736s] -- Found Threads: TRUE  
[0.790s] -- Found sensor_msgs: 4.9.0 (/opt/ros/humble/share/sensor_msgs/cmake)
[0.815s] -- Found message_filters: 4.3.11 (/opt/ros/humble/share/message_filters/cmake)
[0.826s] -- Found OpenCV: /usr (found version "4.5.4") 
[0.828s] -- Found cv_bridge: 3.2.1 (/opt/ros/humble/share/cv_bridge/cmake)
[0.833s] -- Found ament_lint_auto: 0.12.14 (/opt/ros/humble/share/ament_lint_auto/cmake)
[0.897s] -- Added test 'cppcheck' to perform static code analysis on C / C++ code
[0.897s] -- Configured cppcheck include dirs: $<BUILD_INTERFACE:/home/ecem/ros2_ws/src/Leo_sct/leo_image/include>
[0.897s] -- Configured cppcheck exclude dirs and/or files: 
[0.898s] -- Added test 'lint_cmake' to check CMake code style
[0.898s] -- Added test 'uncrustify' to check C / C++ code style
[0.898s] -- Configured uncrustify additional arguments: 
[0.899s] -- Added test 'xmllint' to check XML markup files
[0.900s] -- Configuring done
[0.908s] -- Generating done
[0.910s] -- Build files have been written to: /home/ecem/ros2_ws/src/Leo_sct/build/leo_image
[0.917s] Invoked command in '/home/ecem/ros2_ws/src/Leo_sct/build/leo_image' returned '0': CMAKE_PREFIX_PATH=${CMAKE_PREFIX_PATH}:/home/ecem/ros2_ws/install/swarm_basics:/opt/ros/humble /usr/bin/cmake /home/ecem/ros2_ws/src/Leo_sct/leo_image -DCMAKE_INSTALL_PREFIX=/home/ecem/ros2_ws/src/Leo_sct/install/leo_image
[0.918s] Invoking command in '/home/ecem/ros2_ws/src/Leo_sct/build/leo_image': CMAKE_PREFIX_PATH=${CMAKE_PREFIX_PATH}:/home/ecem/ros2_ws/install/swarm_basics:/opt/ros/humble /usr/bin/cmake --build /home/ecem/ros2_ws/src/Leo_sct/build/leo_image -- -j22 -l22
[0.961s] [ 50%] [32mBuilding CXX object CMakeFiles/image_processor.dir/src/image_processor.cpp.o[0m
[8.589s] [100%] [32m[1mLinking CXX executable image_processor[0m
[9.194s] [100%] Built target image_processor
[9.202s] Invoked command in '/home/ecem/ros2_ws/src/Leo_sct/build/leo_image' returned '0': CMAKE_PREFIX_PATH=${CMAKE_PREFIX_PATH}:/home/ecem/ros2_ws/install/swarm_basics:/opt/ros/humble /usr/bin/cmake --build /home/ecem/ros2_ws/src/Leo_sct/build/leo_image -- -j22 -l22
[9.204s] Invoking command in '/home/ecem/ros2_ws/src/Leo_sct/build/leo_image': CMAKE_PREFIX_PATH=${CMAKE_PREFIX_PATH}:/home/ecem/ros2_ws/install/swarm_basics:/opt/ros/humble /usr/bin/cmake --install /home/ecem/ros2_ws/src/Leo_sct/build/leo_image
[9.211s] -- Install configuration: ""
[9.211s] -- Installing: /home/ecem/ros2_ws/src/Leo_sct/install/leo_image/lib/leo_image/image_processor
[9.213s] -- Set runtime path of "/home/ecem/ros2_ws/src/Leo_sct/install/leo_image/lib/leo_image/image_processor" to ""
[9.213s] -- Installing: /home/ecem/ros2_ws/src/Leo_sct/install/leo_image/share/ament_index/resource_index/package_run_dependencies/leo_image
[9.213s] -- Installing: /home/ecem/ros2_ws/src/Leo_sct/install/leo_image/share/ament_index/resource_index/parent_prefix_path/leo_image
[9.213s] -- Installing: /home/ecem/ros2_ws/src/Leo_sct/install/leo_image/share/leo_image/environment/ament_prefix_path.sh
[9.213s] -- Installing: /home/ecem/ros2_ws/src/Leo_sct/install/leo_image/share/leo_image/environment/ament_prefix_path.dsv
[9.213s] -- Installing: /home/ecem/ros2_ws/src/Leo_sct/install/leo_image/share/leo_image/environment/path.sh
[9.213s] -- Installing: /home/ecem/ros2_ws/src/Leo_sct/install/leo_image/share/leo_image/environment/path.dsv
[9.213s] -- Installing: /home/ecem/ros2_ws/src/Leo_sct/install/leo_image/share/leo_image/local_setup.bash
[9.213s] -- Installing: /home/ecem/ros2_ws/src/Leo_sct/install/leo_image/share/leo_image/local_setup.sh
[9.213s] -- Installing: /home/ecem/ros2_ws/src/Leo_sct/install/leo_image/share/leo_image/local_setup.zsh
[9.213s] -- Installing: /home/ecem/ros2_ws/src/Leo_sct/install/leo_image/share/leo_image/local_setup.dsv
[9.214s] -- Installing: /home/ecem/ros2_ws/src/Leo_sct/install/leo_image/share/leo_image/package.dsv
[9.214s] -- Installing: /home/ecem/ros2_ws/src/Leo_sct/install/leo_image/share/ament_index/resource_index/packages/leo_image
[9.214s] -- Installing: /home/ecem/ros2_ws/src/Leo_sct/install/leo_image/share/leo_image/cmake/leo_imageConfig.cmake
[9.214s] -- Installing: /home/ecem/ros2_ws/src/Leo_sct/install/leo_image/share/leo_image/cmake/leo_imageConfig-version.cmake
[9.214s] -- Installing: /home/ecem/ros2_ws/src/Leo_sct/install/leo_image/share/leo_image/package.xml
[9.216s] Invoked command in '/home/ecem/ros2_ws/src/Leo_sct/build/leo_image' returned '0': CMAKE_PREFIX_PATH=${CMAKE_PREFIX_PATH}:/home/ecem/ros2_ws/install/swarm_basics:/opt/ros/humble /usr/bin/cmake --install /home/ecem/ros2_ws/src/Leo_sct/build/leo_image
