Starting >>> leo_image
Starting >>> swarm_basics
Finished <<< leo_image [0.20s]
Finished <<< swarm_basics [0.58s]

Summary: 2 packages finished [1.35s]
[INFO] [launch]: All log files can be found below /home/ecem/.ros/log/2026-04-18-02-19-00-183452-ecem-pc-485942
[INFO] [launch]: Default logging verbosity is set to INFO
[INFO] [ign gazebo-1]: process started with pid [486006]
[INFO] [coverage_counter-2]: process started with pid [486008]
[INFO] [bump_counter-3]: process started with pid [486011]
[INFO] [parameter_bridge-4]: process started with pid [486013]
[INFO] [robot_state_publisher-5]: process started with pid [486015]
[INFO] [create-6]: process started with pid [486017]
[INFO] [robot_supervisor-7]: process started with pid [486020]
[INFO] [robot_state_publisher-8]: process started with pid [486023]
[INFO] [create-9]: process started with pid [486025]
[INFO] [robot_supervisor-10]: process started with pid [486027]
[INFO] [robot_state_publisher-11]: process started with pid [486029]
[INFO] [create-12]: process started with pid [486032]
[INFO] [robot_supervisor-13]: process started with pid [486034]
[INFO] [robot_state_publisher-14]: process started with pid [486036]
[INFO] [create-15]: process started with pid [486038]
[INFO] [robot_supervisor-16]: process started with pid [486040]
[INFO] [robot_state_publisher-17]: process started with pid [486042]
[INFO] [create-18]: process started with pid [486097]
[INFO] [robot_supervisor-19]: process started with pid [486111]
[INFO] [parameter_bridge-20]: process started with pid [486119]
[parameter_bridge-4] [ros_ign_bridge] is deprecated! Redirecting to use [ros_gz_bridge] instead!
[parameter_bridge-4] 
[create-6] [INFO] [1776471540.590097378] [robot_0.ros_gz_sim]: Requesting list of world names.
[create-15] [INFO] [1776471540.592923787] [robot_3.ros_gz_sim]: Requesting list of world names.
[create-9] [INFO] [1776471540.594718839] [robot_1.ros_gz_sim]: Requesting list of world names.
[robot_state_publisher-8] [INFO] [1776471540.599440142] [robot_1.robot_state_publisher]: got segment robot_1/antenna_link
[robot_state_publisher-8] [INFO] [1776471540.599570187] [robot_1.robot_state_publisher]: got segment robot_1/base_footprint
[robot_state_publisher-8] [INFO] [1776471540.599585290] [robot_1.robot_state_publisher]: got segment robot_1/base_link
[robot_state_publisher-8] [INFO] [1776471540.599594803] [robot_1.robot_state_publisher]: got segment robot_1/realsense_link
[robot_state_publisher-8] [INFO] [1776471540.599603763] [robot_1.robot_state_publisher]: got segment robot_1/rocker_L_link
[robot_state_publisher-8] [INFO] [1776471540.599613103] [robot_1.robot_state_publisher]: got segment robot_1/rocker_R_link
[robot_state_publisher-8] [INFO] [1776471540.599621519] [robot_1.robot_state_publisher]: got segment robot_1/wheel_FL_link
[robot_state_publisher-8] [INFO] [1776471540.599629704] [robot_1.robot_state_publisher]: got segment robot_1/wheel_FR_link
[robot_state_publisher-8] [INFO] [1776471540.599637422] [robot_1.robot_state_publisher]: got segment robot_1/wheel_RL_link
[robot_state_publisher-8] [INFO] [1776471540.599645298] [robot_1.robot_state_publisher]: got segment robot_1/wheel_RR_link
[parameter_bridge-4] [INFO] [1776471540.605787877] [all_robots_bridge]: Creating ROS->GZ Bridge: [/robot_0/cmd_vel (geometry_msgs/msg/Twist) -> /robot_0/cmd_vel (ignition.msgs.Twist)] (Lazy 0)
[create-12] [INFO] [1776471540.605814634] [robot_2.ros_gz_sim]: Requesting list of world names.
[parameter_bridge-4] [INFO] [1776471540.606897159] [all_robots_bridge]: Creating GZ->ROS Bridge: [/robot_0/odom (ignition.msgs.Odometry) -> /robot_0/odom (nav_msgs/msg/Odometry)] (Lazy 0)
[parameter_bridge-4] [INFO] [1776471540.608111824] [all_robots_bridge]: Creating GZ->ROS Bridge: [/robot_0/depth_camera/depth_image (ignition.msgs.Image) -> /robot_0/depth_camera/depth_image (sensor_msgs/msg/Image)] (Lazy 0)
[robot_state_publisher-14] [INFO] [1776471540.608861657] [robot_3.robot_state_publisher]: got segment robot_3/antenna_link
[robot_state_publisher-14] [INFO] [1776471540.608938615] [robot_3.robot_state_publisher]: got segment robot_3/base_footprint
[robot_state_publisher-14] [INFO] [1776471540.608944338] [robot_3.robot_state_publisher]: got segment robot_3/base_link
[robot_state_publisher-14] [INFO] [1776471540.608947717] [robot_3.robot_state_publisher]: got segment robot_3/realsense_link
[robot_state_publisher-14] [INFO] [1776471540.608950625] [robot_3.robot_state_publisher]: got segment robot_3/rocker_L_link
[robot_state_publisher-14] [INFO] [1776471540.608953395] [robot_3.robot_state_publisher]: got segment robot_3/rocker_R_link
[robot_state_publisher-14] [INFO] [1776471540.608956100] [robot_3.robot_state_publisher]: got segment robot_3/wheel_FL_link
[robot_state_publisher-14] [INFO] [1776471540.608958792] [robot_3.robot_state_publisher]: got segment robot_3/wheel_FR_link
[robot_state_publisher-14] [INFO] [1776471540.608961681] [robot_3.robot_state_publisher]: got segment robot_3/wheel_RL_link
[robot_state_publisher-14] [INFO] [1776471540.608964288] [robot_3.robot_state_publisher]: got segment robot_3/wheel_RR_link
[parameter_bridge-4] [INFO] [1776471540.609458590] [all_robots_bridge]: Creating GZ->ROS Bridge: [/world/random_world/model/robot_0/link/robot_0/base_footprint/sensor/contact_sensor/contact (ignition.msgs.Contacts) -> /world/random_world/model/robot_0/link/robot_0/base_footprint/sensor/contact_sensor/contact (ros_gz_interfaces/msg/Contacts)] (Lazy 0)
[parameter_bridge-4] [INFO] [1776471540.611006809] [all_robots_bridge]: Creating ROS->GZ Bridge: [/robot_1/cmd_vel (geometry_msgs/msg/Twist) -> /robot_1/cmd_vel (ignition.msgs.Twist)] (Lazy 0)
[robot_state_publisher-11] [INFO] [1776471540.611202964] [robot_2.robot_state_publisher]: got segment robot_2/antenna_link
[robot_state_publisher-11] [INFO] [1776471540.611336926] [robot_2.robot_state_publisher]: got segment robot_2/base_footprint
[robot_state_publisher-11] [INFO] [1776471540.611355138] [robot_2.robot_state_publisher]: got segment robot_2/base_link
[robot_state_publisher-11] [INFO] [1776471540.611365335] [robot_2.robot_state_publisher]: got segment robot_2/realsense_link
[robot_state_publisher-11] [INFO] [1776471540.611392990] [robot_2.robot_state_publisher]: got segment robot_2/rocker_L_link
[robot_state_publisher-11] [INFO] [1776471540.611401088] [robot_2.robot_state_publisher]: got segment robot_2/rocker_R_link
[robot_state_publisher-11] [INFO] [1776471540.611413465] [robot_2.robot_state_publisher]: got segment robot_2/wheel_FL_link
[robot_state_publisher-11] [INFO] [1776471540.611421608] [robot_2.robot_state_publisher]: got segment robot_2/wheel_FR_link
[robot_state_publisher-11] [INFO] [1776471540.611429298] [robot_2.robot_state_publisher]: got segment robot_2/wheel_RL_link
[robot_state_publisher-11] [INFO] [1776471540.611438210] [robot_2.robot_state_publisher]: got segment robot_2/wheel_RR_link
[parameter_bridge-4] [INFO] [1776471540.611628046] [all_robots_bridge]: Creating GZ->ROS Bridge: [/robot_1/odom (ignition.msgs.Odometry) -> /robot_1/odom (nav_msgs/msg/Odometry)] (Lazy 0)
[parameter_bridge-4] [INFO] [1776471540.612224043] [all_robots_bridge]: Creating GZ->ROS Bridge: [/robot_1/depth_camera/depth_image (ignition.msgs.Image) -> /robot_1/depth_camera/depth_image (sensor_msgs/msg/Image)] (Lazy 0)
[parameter_bridge-4] [INFO] [1776471540.612922685] [all_robots_bridge]: Creating GZ->ROS Bridge: [/world/random_world/model/robot_1/link/robot_1/base_footprint/sensor/contact_sensor/contact (ignition.msgs.Contacts) -> /world/random_world/model/robot_1/link/robot_1/base_footprint/sensor/contact_sensor/contact (ros_gz_interfaces/msg/Contacts)] (Lazy 0)
[create-18] [INFO] [1776471540.613108530] [robot_4.ros_gz_sim]: Requesting list of world names.
[parameter_bridge-4] [INFO] [1776471540.613616083] [all_robots_bridge]: Creating ROS->GZ Bridge: [/robot_2/cmd_vel (geometry_msgs/msg/Twist) -> /robot_2/cmd_vel (ignition.msgs.Twist)] (Lazy 0)
[parameter_bridge-4] [INFO] [1776471540.614401372] [all_robots_bridge]: Creating GZ->ROS Bridge: [/robot_2/odom (ignition.msgs.Odometry) -> /robot_2/odom (nav_msgs/msg/Odometry)] (Lazy 0)
[parameter_bridge-4] [INFO] [1776471540.615804959] [all_robots_bridge]: Creating GZ->ROS Bridge: [/robot_2/depth_camera/depth_image (ignition.msgs.Image) -> /robot_2/depth_camera/depth_image (sensor_msgs/msg/Image)] (Lazy 0)
[parameter_bridge-4] [INFO] [1776471540.616965496] [all_robots_bridge]: Creating GZ->ROS Bridge: [/world/random_world/model/robot_2/link/robot_2/base_footprint/sensor/contact_sensor/contact (ignition.msgs.Contacts) -> /world/random_world/model/robot_2/link/robot_2/base_footprint/sensor/contact_sensor/contact (ros_gz_interfaces/msg/Contacts)] (Lazy 0)
[parameter_bridge-4] [INFO] [1776471540.618148283] [all_robots_bridge]: Creating ROS->GZ Bridge: [/robot_3/cmd_vel (geometry_msgs/msg/Twist) -> /robot_3/cmd_vel (ignition.msgs.Twist)] (Lazy 0)
[parameter_bridge-4] [INFO] [1776471540.618943934] [all_robots_bridge]: Creating GZ->ROS Bridge: [/robot_3/odom (ignition.msgs.Odometry) -> /robot_3/odom (nav_msgs/msg/Odometry)] (Lazy 0)
[robot_state_publisher-5] [INFO] [1776471540.619867678] [robot_0.robot_state_publisher]: got segment robot_0/antenna_link
[robot_state_publisher-5] [INFO] [1776471540.619982123] [robot_0.robot_state_publisher]: got segment robot_0/base_footprint
[robot_state_publisher-5] [INFO] [1776471540.619995859] [robot_0.robot_state_publisher]: got segment robot_0/base_link
[robot_state_publisher-5] [INFO] [1776471540.620005471] [robot_0.robot_state_publisher]: got segment robot_0/realsense_link
[robot_state_publisher-5] [INFO] [1776471540.620013621] [robot_0.robot_state_publisher]: got segment robot_0/rocker_L_link
[robot_state_publisher-5] [INFO] [1776471540.620021629] [robot_0.robot_state_publisher]: got segment robot_0/rocker_R_link
[robot_state_publisher-5] [INFO] [1776471540.620029348] [robot_0.robot_state_publisher]: got segment robot_0/wheel_FL_link
[robot_state_publisher-5] [INFO] [1776471540.620037206] [robot_0.robot_state_publisher]: got segment robot_0/wheel_FR_link
[robot_state_publisher-5] [INFO] [1776471540.620044766] [robot_0.robot_state_publisher]: got segment robot_0/wheel_RL_link
[robot_state_publisher-5] [INFO] [1776471540.620051921] [robot_0.robot_state_publisher]: got segment robot_0/wheel_RR_link
[parameter_bridge-4] [INFO] [1776471540.620801343] [all_robots_bridge]: Creating GZ->ROS Bridge: [/robot_3/depth_camera/depth_image (ignition.msgs.Image) -> /robot_3/depth_camera/depth_image (sensor_msgs/msg/Image)] (Lazy 0)
[parameter_bridge-4] [INFO] [1776471540.622304872] [all_robots_bridge]: Creating GZ->ROS Bridge: [/world/random_world/model/robot_3/link/robot_3/base_footprint/sensor/contact_sensor/contact (ignition.msgs.Contacts) -> /world/random_world/model/robot_3/link/robot_3/base_footprint/sensor/contact_sensor/contact (ros_gz_interfaces/msg/Contacts)] (Lazy 0)
[parameter_bridge-4] [INFO] [1776471540.622900783] [all_robots_bridge]: Creating ROS->GZ Bridge: [/robot_4/cmd_vel (geometry_msgs/msg/Twist) -> /robot_4/cmd_vel (ignition.msgs.Twist)] (Lazy 0)
[parameter_bridge-4] [INFO] [1776471540.623301768] [all_robots_bridge]: Creating GZ->ROS Bridge: [/robot_4/odom (ignition.msgs.Odometry) -> /robot_4/odom (nav_msgs/msg/Odometry)] (Lazy 0)
[parameter_bridge-4] [INFO] [1776471540.623779506] [all_robots_bridge]: Creating GZ->ROS Bridge: [/robot_4/depth_camera/depth_image (ignition.msgs.Image) -> /robot_4/depth_camera/depth_image (sensor_msgs/msg/Image)] (Lazy 0)
[parameter_bridge-4] [INFO] [1776471540.625344667] [all_robots_bridge]: Creating GZ->ROS Bridge: [/world/random_world/model/robot_4/link/robot_4/base_footprint/sensor/contact_sensor/contact (ignition.msgs.Contacts) -> /world/random_world/model/robot_4/link/robot_4/base_footprint/sensor/contact_sensor/contact (ros_gz_interfaces/msg/Contacts)] (Lazy 0)
[parameter_bridge-4] [INFO] [1776471540.626818959] [all_robots_bridge]: Creating GZ->ROS Bridge: [/world/random_world/dynamic_pose/info (ignition.msgs.Pose_V) -> /world/random_world/dynamic_pose/info (tf2_msgs/msg/TFMessage)] (Lazy 0)
[robot_state_publisher-17] [INFO] [1776471540.627007341] [robot_4.robot_state_publisher]: got segment robot_4/antenna_link
[robot_state_publisher-17] [INFO] [1776471540.627118877] [robot_4.robot_state_publisher]: got segment robot_4/base_footprint
[robot_state_publisher-17] [INFO] [1776471540.627133547] [robot_4.robot_state_publisher]: got segment robot_4/base_link
[robot_state_publisher-17] [INFO] [1776471540.627142558] [robot_4.robot_state_publisher]: got segment robot_4/realsense_link
[robot_state_publisher-17] [INFO] [1776471540.627150736] [robot_4.robot_state_publisher]: got segment robot_4/rocker_L_link
[robot_state_publisher-17] [INFO] [1776471540.627158541] [robot_4.robot_state_publisher]: got segment robot_4/rocker_R_link
[robot_state_publisher-17] [INFO] [1776471540.627166177] [robot_4.robot_state_publisher]: got segment robot_4/wheel_FL_link
[robot_state_publisher-17] [INFO] [1776471540.627173811] [robot_4.robot_state_publisher]: got segment robot_4/wheel_FR_link
[robot_state_publisher-17] [INFO] [1776471540.627181260] [robot_4.robot_state_publisher]: got segment robot_4/wheel_RL_link
[robot_state_publisher-17] [INFO] [1776471540.627188784] [robot_4.robot_state_publisher]: got segment robot_4/wheel_RR_link
[parameter_bridge-20] [INFO] [1776471540.629768897] [clock_bridge]: Creating GZ->ROS Bridge: [/clock (ignition.msgs.Clock) -> /clock (rosgraph_msgs/msg/Clock)] (Lazy 0)
[bump_counter-3] [INFO] [1776471540.903154916] [bump_counter]: [global] global_mode=True cooldown(robot)=0.80s cooldown(obs)=0.50s Logging to /home/ecem/ros2_ws/src/Leo_sct/results_exp/explore/vague/prompt_2/run_2/middle_circle/trial_2/run_20260418_021900/bumps_global_021900.csv
[robot_supervisor-7] [INFO] [1776471540.947092937] [robot_0.robot_supervisor]: Loaded initial mission 'explore' from explicit YAML explore_sup_gpt_vague_2_run_2_94.yaml
[robot_supervisor-19] [INFO] [1776471540.974126533] [robot_4.robot_supervisor]: Loaded initial mission 'explore' from explicit YAML explore_sup_gpt_vague_2_run_2_94.yaml
[robot_supervisor-13] [INFO] [1776471541.004789297] [robot_2.robot_supervisor]: Loaded initial mission 'explore' from explicit YAML explore_sup_gpt_vague_2_run_2_94.yaml
[robot_supervisor-10] [INFO] [1776471541.005111259] [robot_1.robot_supervisor]: Loaded initial mission 'explore' from explicit YAML explore_sup_gpt_vague_2_run_2_94.yaml
[robot_supervisor-16] [INFO] [1776471541.016142612] [robot_3.robot_supervisor]: Loaded initial mission 'explore' from explicit YAML explore_sup_gpt_vague_2_run_2_94.yaml
[robot_supervisor-7] [INFO] [1776471541.051321595] [robot_0.robot_supervisor]: Selected controllable event: EV_rotate_counterclockwise
[parameter_bridge-4] [INFO] [1776471541.051581993] [all_robots_bridge]: Passing message from ROS geometry_msgs/msg/Twist to Gazebo gz.msgs.Twist (showing msg only once per type)
[robot_supervisor-19] [INFO] [1776471541.077885858] [robot_4.robot_supervisor]: Selected controllable event: EV_random_walk
[create-15] [INFO] [1776471541.083669950] [robot_3.ros_gz_sim]: Waiting messages on topic [/robot_3/robot_description].
[robot_supervisor-13] [INFO] [1776471541.109337948] [robot_2.robot_supervisor]: Selected controllable event: EV_random_walk
[robot_supervisor-10] [INFO] [1776471541.110166671] [robot_1.robot_supervisor]: Selected controllable event: EV_random_walk
[robot_supervisor-16] [INFO] [1776471541.121006443] [robot_3.robot_supervisor]: Selected controllable event: EV_rotate_counterclockwise
[create-6] [INFO] [1776471541.183648394] [robot_0.ros_gz_sim]: Waiting messages on topic [/robot_0/robot_description].
[create-9] [INFO] [1776471541.284505934] [robot_1.ros_gz_sim]: Waiting messages on topic [/robot_1/robot_description].
[robot_supervisor-19] [INFO] [1776471541.378175125] [robot_4.robot_supervisor]: Selected controllable event: EV_random_walk
[create-18] [INFO] [1776471541.384773363] [robot_4.ros_gz_sim]: Waiting messages on topic [/robot_4/robot_description].
[robot_supervisor-13] [INFO] [1776471541.409271786] [robot_2.robot_supervisor]: Selected controllable event: EV_random_walk
[robot_supervisor-10] [INFO] [1776471541.410174672] [robot_1.robot_supervisor]: Selected controllable event: EV_random_walk
[create-15] [INFO] [1776471541.484151210] [robot_3.ros_gz_sim]: Requested creation of entity.
[create-15] [INFO] [1776471541.484231091] [robot_3.ros_gz_sim]: OK creation of entity.
[create-9] [INFO] [1776471541.484232532] [robot_1.ros_gz_sim]: Requested creation of entity.
[create-9] [INFO] [1776471541.484287669] [robot_1.ros_gz_sim]: OK creation of entity.
[create-18] [INFO] [1776471541.484332285] [robot_4.ros_gz_sim]: Requested creation of entity.
[create-18] [INFO] [1776471541.484386141] [robot_4.ros_gz_sim]: OK creation of entity.
[create-6] [INFO] [1776471541.484337219] [robot_0.ros_gz_sim]: Requested creation of entity.
[create-6] [INFO] [1776471541.484395512] [robot_0.ros_gz_sim]: OK creation of entity.
[create-12] [INFO] [1776471541.485016542] [robot_2.ros_gz_sim]: Waiting messages on topic [/robot_2/robot_description].
[create-12] [INFO] [1776471541.487994297] [robot_2.ros_gz_sim]: Requested creation of entity.
[create-12] [INFO] [1776471541.488021690] [robot_2.ros_gz_sim]: OK creation of entity.
[robot_supervisor-19] [INFO] [1776471541.677823431] [robot_4.robot_supervisor]: Selected controllable event: EV_move_forward
[INFO] [create-15]: process has finished cleanly [pid 486038]
[INFO] [create-9]: process has finished cleanly [pid 486025]
[INFO] [create-6]: process has finished cleanly [pid 486017]
[INFO] [create-18]: process has finished cleanly [pid 486097]
[INFO] [create-12]: process has finished cleanly [pid 486032]
[robot_supervisor-13] [INFO] [1776471541.708983686] [robot_2.robot_supervisor]: Selected controllable event: EV_move_forward
[robot_supervisor-10] [INFO] [1776471541.710086250] [robot_1.robot_supervisor]: Selected controllable event: EV_move_forward
[bump_counter-3] [INFO] [1776471541.960554778] [bump_counter]: [global] subscribed: /world/random_world/model/robot_0/link/robot_0/base_footprint/sensor/contact_sensor/contact
[bump_counter-3] [INFO] [1776471541.961184008] [bump_counter]: [global] subscribed: /world/random_world/model/robot_1/link/robot_1/base_footprint/sensor/contact_sensor/contact
[bump_counter-3] [INFO] [1776471541.961721797] [bump_counter]: [global] subscribed: /world/random_world/model/robot_2/link/robot_2/base_footprint/sensor/contact_sensor/contact
[bump_counter-3] [INFO] [1776471541.962222760] [bump_counter]: [global] subscribed: /world/random_world/model/robot_3/link/robot_3/base_footprint/sensor/contact_sensor/contact
[bump_counter-3] [INFO] [1776471541.962770665] [bump_counter]: [global] subscribed: /world/random_world/model/robot_4/link/robot_4/base_footprint/sensor/contact_sensor/contact
[INFO] [image_processor-21]: process started with pid [486404]
[INFO] [image_processor-22]: process started with pid [486406]
[INFO] [image_processor-23]: process started with pid [486408]
[INFO] [image_processor-24]: process started with pid [486410]
[INFO] [image_processor-25]: process started with pid [486412]
[image_processor-22] [INFO] [1776471542.623943271] [robot_1.image_processor]: image_processor: depth='/robot_1/depth_camera/depth_image' aruco_runtime=disabled
[image_processor-23] [INFO] [1776471542.625741547] [robot_2.image_processor]: image_processor: depth='/robot_2/depth_camera/depth_image' aruco_runtime=disabled
[image_processor-24] [INFO] [1776471542.625814783] [robot_3.image_processor]: image_processor: depth='/robot_3/depth_camera/depth_image' aruco_runtime=disabled
[image_processor-21] [INFO] [1776471542.626671162] [robot_0.image_processor]: image_processor: depth='/robot_0/depth_camera/depth_image' aruco_runtime=disabled
[image_processor-25] [INFO] [1776471542.644957703] [robot_4.image_processor]: image_processor: depth='/robot_4/depth_camera/depth_image' aruco_runtime=disabled
[robot_supervisor-7] [INFO] [1776471542.951231687] [robot_0.robot_supervisor]: Selected controllable event: EV_rotate_counterclockwise
[robot_supervisor-7] [INFO] [1776471542.951414963] [robot_0.robot_supervisor]: rotate_90 blocked by recent completion; stopping this tick
[robot_supervisor-16] [INFO] [1776471543.021079183] [robot_3.robot_supervisor]: Selected controllable event: EV_rotate_counterclockwise
[robot_supervisor-16] [INFO] [1776471543.021460620] [robot_3.robot_supervisor]: rotate_90 blocked by recent completion; stopping this tick
[robot_supervisor-7] [INFO] [1776471543.051518352] [robot_0.robot_supervisor]: Selected controllable event: EV_rotate_counterclockwise
[robot_supervisor-7] [INFO] [1776471543.051901957] [robot_0.robot_supervisor]: rotate_90 blocked by recent completion; stopping this tick
[robot_supervisor-16] [INFO] [1776471543.121066179] [robot_3.robot_supervisor]: Selected controllable event: EV_random_walk
[robot_supervisor-7] [INFO] [1776471543.151840107] [robot_0.robot_supervisor]: Selected controllable event: EV_rotate_counterclockwise
[robot_supervisor-7] [INFO] [1776471543.152226093] [robot_0.robot_supervisor]: rotate_90 blocked by recent completion; stopping this tick
[robot_supervisor-7] [INFO] [1776471543.251551698] [robot_0.robot_supervisor]: Selected controllable event: EV_rotate_counterclockwise
[robot_supervisor-16] [INFO] [1776471543.421031824] [robot_3.robot_supervisor]: Selected controllable event: EV_random_walk
[robot_supervisor-16] [INFO] [1776471543.721050646] [robot_3.robot_supervisor]: Selected controllable event: EV_move_forward
[robot_supervisor-7] [INFO] [1776471545.851459677] [robot_0.robot_supervisor]: Selected controllable event: EV_rotate_counterclockwise
[robot_supervisor-7] [INFO] [1776471545.851861328] [robot_0.robot_supervisor]: rotate_90 blocked by recent completion; stopping this tick
[robot_supervisor-7] [INFO] [1776471545.951744569] [robot_0.robot_supervisor]: Selected controllable event: EV_random_walk
[image_processor-24] [INFO] [1776471546.066429842] [robot_3.image_processor]: Zone=CLEAR  left[p=0.894 near=0 v=7620]  front[p=3.072 near=0 v=13297]  right[p=2.913 near=0 v=7740]
[image_processor-21] [INFO] [1776471546.078352766] [robot_0.image_processor]: Zone=CLEAR  left[p=3.548 near=0 v=7439]  front[p=3.254 near=0 v=12085]  right[p=0.981 near=0 v=7641]
[image_processor-22] [INFO] [1776471546.086997059] [robot_1.image_processor]: Zone=CLEAR  left[p=3.007 near=0 v=7650]  front[p=3.426 near=0 v=13244]  right[p=2.532 near=0 v=7517]
[image_processor-25] [INFO] [1776471546.095544302] [robot_4.image_processor]: Zone=CLEAR  left[p=2.299 near=0 v=7157]  front[p=2.450 near=0 v=13239]  right[p=3.007 near=0 v=7740]
[image_processor-23] [INFO] [1776471546.104185719] [robot_2.image_processor]: Zone=CLEAR  left[p=1.875 near=0 v=7650]  front[p=2.263 near=0 v=12349]  right[p=1.628 near=0 v=7740]
[robot_supervisor-7] [INFO] [1776471546.251487136] [robot_0.robot_supervisor]: Selected controllable event: EV_random_walk
[robot_supervisor-7] [INFO] [1776471546.551429977] [robot_0.robot_supervisor]: Selected controllable event: EV_rotate_counterclockwise
[image_processor-24] [INFO] [1776471548.567401788] [robot_3.image_processor]: Zone=CLEAR
[image_processor-21] [INFO] [1776471548.582241204] [robot_0.image_processor]: Zone=CLEAR
[image_processor-22] [INFO] [1776471548.594373261] [robot_1.image_processor]: Zone=CLEAR
[image_processor-25] [INFO] [1776471548.603226161] [robot_4.image_processor]: Zone=CLEAR
[image_processor-23] [INFO] [1776471548.610828685] [robot_2.image_processor]: Zone=CLEAR
[robot_supervisor-7] [INFO] [1776471548.651619054] [robot_0.robot_supervisor]: Selected controllable event: EV_rotate_counterclockwise
[robot_supervisor-7] [INFO] [1776471548.651872693] [robot_0.robot_supervisor]: rotate_90 blocked by recent completion; stopping this tick
[robot_supervisor-7] [INFO] [1776471548.752125281] [robot_0.robot_supervisor]: Selected controllable event: EV_rotate_counterclockwise
[robot_supervisor-7] [INFO] [1776471548.752720975] [robot_0.robot_supervisor]: rotate_90 blocked by recent completion; stopping this tick
[robot_supervisor-7] [INFO] [1776471548.851456717] [robot_0.robot_supervisor]: Selected controllable event: EV_rotate_counterclockwise
[robot_supervisor-7] [INFO] [1776471548.851837818] [robot_0.robot_supervisor]: rotate_90 blocked by recent completion; stopping this tick
[robot_supervisor-7] [INFO] [1776471548.951433932] [robot_0.robot_supervisor]: Selected controllable event: EV_rotate_counterclockwise
[robot_supervisor-7] [INFO] [1776471551.051647337] [robot_0.robot_supervisor]: Selected controllable event: EV_rotate_counterclockwise
[robot_supervisor-7] [INFO] [1776471551.052049643] [robot_0.robot_supervisor]: rotate_90 blocked by recent completion; stopping this tick
[image_processor-24] [INFO] [1776471551.067970871] [robot_3.image_processor]: Zone=CLEAR
[image_processor-22] [INFO] [1776471551.086927822] [robot_1.image_processor]: Zone=CLEAR
[image_processor-25] [INFO] [1776471551.095495331] [robot_4.image_processor]: Zone=CLEAR
[image_processor-23] [INFO] [1776471551.103545786] [robot_2.image_processor]: Zone=CLEAR
[robot_supervisor-7] [INFO] [1776471551.151445362] [robot_0.robot_supervisor]: Selected controllable event: EV_rotate_counterclockwise
[robot_supervisor-7] [INFO] [1776471551.151823363] [robot_0.robot_supervisor]: rotate_90 blocked by recent completion; stopping this tick
[image_processor-21] [INFO] [1776471551.178296481] [robot_0.image_processor]: Zone=CLEAR
[robot_supervisor-7] [INFO] [1776471551.251644634] [robot_0.robot_supervisor]: Selected controllable event: EV_rotate_counterclockwise
[robot_supervisor-7] [INFO] [1776471551.252126765] [robot_0.robot_supervisor]: rotate_90 blocked by recent completion; stopping this tick
[robot_supervisor-7] [INFO] [1776471551.351284101] [robot_0.robot_supervisor]: Selected controllable event: EV_rotate_counterclockwise
[robot_supervisor-7] [INFO] [1776471553.551574607] [robot_0.robot_supervisor]: Selected controllable event: EV_rotate_counterclockwise
[robot_supervisor-7] [INFO] [1776471553.552081943] [robot_0.robot_supervisor]: rotate_90 blocked by recent completion; stopping this tick
[image_processor-24] [INFO] [1776471553.567061698] [robot_3.image_processor]: Zone=CLEAR
[image_processor-21] [INFO] [1776471553.574231402] [robot_0.image_processor]: Zone=CLEAR
[image_processor-22] [INFO] [1776471553.583017171] [robot_1.image_processor]: Zone=CLEAR
[image_processor-25] [INFO] [1776471553.592480239] [robot_4.image_processor]: Zone=CLEAR
[image_processor-23] [INFO] [1776471553.600433107] [robot_2.image_processor]: Zone=CLEAR
[robot_supervisor-7] [INFO] [1776471553.651530428] [robot_0.robot_supervisor]: Selected controllable event: EV_rotate_counterclockwise
[robot_supervisor-7] [INFO] [1776471553.651899531] [robot_0.robot_supervisor]: rotate_90 blocked by recent completion; stopping this tick
[robot_supervisor-7] [INFO] [1776471553.751489801] [robot_0.robot_supervisor]: Selected controllable event: EV_rotate_counterclockwise
[robot_supervisor-7] [INFO] [1776471555.851570673] [robot_0.robot_supervisor]: Selected controllable event: EV_rotate_counterclockwise
[robot_supervisor-7] [INFO] [1776471555.851959236] [robot_0.robot_supervisor]: rotate_90 blocked by recent completion; stopping this tick
[robot_supervisor-7] [INFO] [1776471555.951418343] [robot_0.robot_supervisor]: Selected controllable event: EV_rotate_counterclockwise
[robot_supervisor-7] [INFO] [1776471555.952016072] [robot_0.robot_supervisor]: rotate_90 blocked by recent completion; stopping this tick
[robot_supervisor-7] [INFO] [1776471556.051734863] [robot_0.robot_supervisor]: Selected controllable event: EV_rotate_counterclockwise
[robot_supervisor-7] [INFO] [1776471556.052144431] [robot_0.robot_supervisor]: rotate_90 blocked by recent completion; stopping this tick
[image_processor-24] [INFO] [1776471556.066392685] [robot_3.image_processor]: Zone=CLEAR
[image_processor-21] [INFO] [1776471556.077495161] [robot_0.image_processor]: Zone=CLEAR
[image_processor-22] [INFO] [1776471556.084852520] [robot_1.image_processor]: Zone=CLEAR
[image_processor-25] [INFO] [1776471556.094820851] [robot_4.image_processor]: Zone=CLEAR
[image_processor-23] [INFO] [1776471556.105708250] [robot_2.image_processor]: Zone=CLEAR
[robot_supervisor-7] [INFO] [1776471556.151679528] [robot_0.robot_supervisor]: Selected controllable event: EV_rotate_counterclockwise
[robot_supervisor-7] [INFO] [1776471558.252418245] [robot_0.robot_supervisor]: Selected controllable event: EV_rotate_counterclockwise
[robot_supervisor-7] [INFO] [1776471558.253078563] [robot_0.robot_supervisor]: rotate_90 blocked by recent completion; stopping this tick
[robot_supervisor-7] [INFO] [1776471558.351501482] [robot_0.robot_supervisor]: Selected controllable event: EV_rotate_counterclockwise
[robot_supervisor-7] [INFO] [1776471558.351905429] [robot_0.robot_supervisor]: rotate_90 blocked by recent completion; stopping this tick
[robot_supervisor-7] [INFO] [1776471558.451443446] [robot_0.robot_supervisor]: Selected controllable event: EV_move_forward
[image_processor-24] [INFO] [1776471558.567124637] [robot_3.image_processor]: Zone=CLEAR
[image_processor-21] [INFO] [1776471558.581887998] [robot_0.image_processor]: Zone=CLEAR
[image_processor-22] [INFO] [1776471558.591338476] [robot_1.image_processor]: Zone=CLEAR
[image_processor-25] [INFO] [1776471558.599828089] [robot_4.image_processor]: Zone=CLEAR
[image_processor-23] [INFO] [1776471558.608830403] [robot_2.image_processor]: Zone=CLEAR
[image_processor-24] [INFO] [1776471561.066699443] [robot_3.image_processor]: Zone=CLEAR
[image_processor-21] [INFO] [1776471561.082503782] [robot_0.image_processor]: Zone=CLEAR
[image_processor-22] [INFO] [1776471561.089657089] [robot_1.image_processor]: Zone=CLEAR
[image_processor-25] [INFO] [1776471561.098837526] [robot_4.image_processor]: Zone=CLEAR
[image_processor-23] [INFO] [1776471561.107252003] [robot_2.image_processor]: Zone=CLEAR
[image_processor-24] [INFO] [1776471563.568296396] [robot_3.image_processor]: Zone=CLEAR
[image_processor-21] [INFO] [1776471563.582528459] [robot_0.image_processor]: Zone=CLEAR
[image_processor-22] [INFO] [1776471563.590483864] [robot_1.image_processor]: Zone=CLEAR
[image_processor-25] [INFO] [1776471563.599712944] [robot_4.image_processor]: Zone=CLEAR
[image_processor-23] [INFO] [1776471563.608844878] [robot_2.image_processor]: Zone=CLEAR
[image_processor-24] [INFO] [1776471566.067969392] [robot_3.image_processor]: Zone=CLEAR
[image_processor-21] [INFO] [1776471566.082860327] [robot_0.image_processor]: Zone=CLEAR
[image_processor-22] [INFO] [1776471566.091652508] [robot_1.image_processor]: Zone=CLEAR
[image_processor-25] [INFO] [1776471566.100965365] [robot_4.image_processor]: Zone=CLEAR
[image_processor-23] [INFO] [1776471566.109180316] [robot_2.image_processor]: Zone=CLEAR
[image_processor-24] [INFO] [1776471568.566905201] [robot_3.image_processor]: Zone=CLEAR
[image_processor-21] [INFO] [1776471568.580539504] [robot_0.image_processor]: Zone=CLEAR
[image_processor-22] [INFO] [1776471568.589623296] [robot_1.image_processor]: Zone=CLEAR
[image_processor-25] [INFO] [1776471568.598491657] [robot_4.image_processor]: Zone=CLEAR
[image_processor-23] [INFO] [1776471568.606663243] [robot_2.image_processor]: Zone=CLEAR
[image_processor-24] [INFO] [1776471571.066862659] [robot_3.image_processor]: Zone=CLEAR
[image_processor-21] [INFO] [1776471571.082134509] [robot_0.image_processor]: Zone=CLEAR
[image_processor-22] [INFO] [1776471571.090463235] [robot_1.image_processor]: Zone=CLEAR
[image_processor-25] [INFO] [1776471571.098683099] [robot_4.image_processor]: Zone=CLEAR
[image_processor-23] [INFO] [1776471571.108501908] [robot_2.image_processor]: Zone=CLEAR
[image_processor-24] [INFO] [1776471573.567471039] [robot_3.image_processor]: Zone=CLEAR
[image_processor-21] [INFO] [1776471573.582555986] [robot_0.image_processor]: Zone=CLEAR
[image_processor-22] [INFO] [1776471573.590574273] [robot_1.image_processor]: Zone=CLEAR
[image_processor-25] [INFO] [1776471573.600033082] [robot_4.image_processor]: Zone=CLEAR
[image_processor-23] [INFO] [1776471573.608434526] [robot_2.image_processor]: Zone=CLEAR
[image_processor-24] [INFO] [1776471576.067451659] [robot_3.image_processor]: Zone=CLEAR
[image_processor-21] [INFO] [1776471576.082298587] [robot_0.image_processor]: Zone=CLEAR
[image_processor-22] [INFO] [1776471576.089939121] [robot_1.image_processor]: Zone=CLEAR
[image_processor-25] [INFO] [1776471576.099019107] [robot_4.image_processor]: Zone=CLEAR
[image_processor-23] [INFO] [1776471576.108195392] [robot_2.image_processor]: Zone=CLEAR
[image_processor-24] [INFO] [1776471578.567701368] [robot_3.image_processor]: Zone=CLEAR
[image_processor-21] [INFO] [1776471578.582988915] [robot_0.image_processor]: Zone=CLEAR
[image_processor-22] [INFO] [1776471578.592125043] [robot_1.image_processor]: Zone=CLEAR
[image_processor-23] [INFO] [1776471578.609754840] [robot_2.image_processor]: Zone=CLEAR
[image_processor-25] [INFO] [1776471578.701692196] [robot_4.image_processor]: Zone=CLEAR
[image_processor-24] [INFO] [1776471581.067274253] [robot_3.image_processor]: Zone=CLEAR
[image_processor-21] [INFO] [1776471581.083396120] [robot_0.image_processor]: Zone=CLEAR
[image_processor-22] [INFO] [1776471581.092663093] [robot_1.image_processor]: Zone=CLEAR
[image_processor-25] [INFO] [1776471581.101677879] [robot_4.image_processor]: Zone=CLEAR
[image_processor-23] [INFO] [1776471581.110394875] [robot_2.image_processor]: Zone=CLEAR
[image_processor-24] [INFO] [1776471583.567650453] [robot_3.image_processor]: Zone=CLEAR
[image_processor-21] [INFO] [1776471583.583241245] [robot_0.image_processor]: Zone=CLEAR
[image_processor-22] [INFO] [1776471583.591955993] [robot_1.image_processor]: Zone=CLEAR
[image_processor-25] [INFO] [1776471583.600846758] [robot_4.image_processor]: Zone=CLEAR
[image_processor-23] [INFO] [1776471583.609076087] [robot_2.image_processor]: Zone=CLEAR
[image_processor-24] [INFO] [1776471586.067923974] [robot_3.image_processor]: Zone=CLEAR
[image_processor-22] [INFO] [1776471586.092180193] [robot_1.image_processor]: Zone=CLEAR
[image_processor-25] [INFO] [1776471586.102698563] [robot_4.image_processor]: Zone=CLEAR
[image_processor-23] [INFO] [1776471586.113251888] [robot_2.image_processor]: Zone=CLEAR
[image_processor-21] [INFO] [1776471586.182870518] [robot_0.image_processor]: Zone=CLEAR
[image_processor-24] [INFO] [1776471588.569697382] [robot_3.image_processor]: Zone=CLEAR
[image_processor-21] [INFO] [1776471588.587360126] [robot_0.image_processor]: Zone=CLEAR
[image_processor-22] [INFO] [1776471588.597158911] [robot_1.image_processor]: Zone=CLEAR
[image_processor-23] [INFO] [1776471588.615396896] [robot_2.image_processor]: Zone=CLEAR
[image_processor-25] [INFO] [1776471588.706095092] [robot_4.image_processor]: Zone=CLEAR
[image_processor-24] [INFO] [1776471591.069410553] [robot_3.image_processor]: Zone=CLEAR
[image_processor-21] [INFO] [1776471591.083870080] [robot_0.image_processor]: Zone=CLEAR
[image_processor-22] [INFO] [1776471591.093248048] [robot_1.image_processor]: Zone=CLEAR
[image_processor-25] [INFO] [1776471591.102436185] [robot_4.image_processor]: Zone=CLEAR
[image_processor-23] [INFO] [1776471591.111663375] [robot_2.image_processor]: Zone=CLEAR
[image_processor-24] [INFO] [1776471593.568162797] [robot_3.image_processor]: Zone=CLEAR
[image_processor-21] [INFO] [1776471593.582847232] [robot_0.image_processor]: Zone=CLEAR
[image_processor-22] [INFO] [1776471593.591439661] [robot_1.image_processor]: Zone=CLEAR
[image_processor-25] [INFO] [1776471593.599622939] [robot_4.image_processor]: Zone=CLEAR
[image_processor-23] [INFO] [1776471593.608935429] [robot_2.image_processor]: Zone=CLEAR
[image_processor-24] [INFO] [1776471596.066901040] [robot_3.image_processor]: Zone=CLEAR
[image_processor-21] [INFO] [1776471596.081404095] [robot_0.image_processor]: Zone=CLEAR
[image_processor-22] [INFO] [1776471596.090862394] [robot_1.image_processor]: Zone=CLEAR
[image_processor-25] [INFO] [1776471596.099849625] [robot_4.image_processor]: Zone=CLEAR
[image_processor-23] [INFO] [1776471596.108739363] [robot_2.image_processor]: Zone=CLEAR
[image_processor-24] [INFO] [1776471598.568528631] [robot_3.image_processor]: Zone=CLEAR
[image_processor-21] [INFO] [1776471598.583180536] [robot_0.image_processor]: Zone=CLEAR
[image_processor-22] [INFO] [1776471598.593821333] [robot_1.image_processor]: Zone=CLEAR
[image_processor-25] [INFO] [1776471598.604060956] [robot_4.image_processor]: Zone=CLEAR
[image_processor-23] [INFO] [1776471598.614285949] [robot_2.image_processor]: Zone=CLEAR
[image_processor-24] [INFO] [1776471601.066725427] [robot_3.image_processor]: Zone=CLEAR
[image_processor-21] [INFO] [1776471601.082655538] [robot_0.image_processor]: Zone=CLEAR
[image_processor-22] [INFO] [1776471601.091753904] [robot_1.image_processor]: Zone=CLEAR
[image_processor-25] [INFO] [1776471601.100559954] [robot_4.image_processor]: Zone=CLEAR
[image_processor-23] [INFO] [1776471601.109562877] [robot_2.image_processor]: Zone=CLEAR
[image_processor-24] [INFO] [1776471603.569120305] [robot_3.image_processor]: Zone=CLEAR
[image_processor-21] [INFO] [1776471603.585722149] [robot_0.image_processor]: Zone=CLEAR
[image_processor-22] [INFO] [1776471603.595593425] [robot_1.image_processor]: Zone=CLEAR
[image_processor-25] [INFO] [1776471603.606102075] [robot_4.image_processor]: Zone=CLEAR
[image_processor-23] [INFO] [1776471603.614580308] [robot_2.image_processor]: Zone=CLEAR
[image_processor-24] [INFO] [1776471606.068268397] [robot_3.image_processor]: Zone=CLEAR
[image_processor-21] [INFO] [1776471606.082316009] [robot_0.image_processor]: Zone=CLEAR
[image_processor-22] [INFO] [1776471606.089920513] [robot_1.image_processor]: Zone=CLEAR
[image_processor-25] [INFO] [1776471606.101412766] [robot_4.image_processor]: Zone=CLEAR
[image_processor-23] [INFO] [1776471606.107099074] [robot_2.image_processor]: Zone=CLEAR
[image_processor-24] [INFO] [1776471608.567926566] [robot_3.image_processor]: Zone=CLEAR
[image_processor-21] [INFO] [1776471608.582944088] [robot_0.image_processor]: Zone=CLEAR
[image_processor-22] [INFO] [1776471608.593445385] [robot_1.image_processor]: Zone=CLEAR
[image_processor-25] [INFO] [1776471608.602245798] [robot_4.image_processor]: Zone=CLEAR
[image_processor-23] [INFO] [1776471608.610623341] [robot_2.image_processor]: Zone=CLEAR
[image_processor-24] [INFO] [1776471611.066578430] [robot_3.image_processor]: Zone=CLEAR
[image_processor-21] [INFO] [1776471611.082833489] [robot_0.image_processor]: Zone=CLEAR
[image_processor-22] [INFO] [1776471611.091109417] [robot_1.image_processor]: Zone=CLEAR
[image_processor-25] [INFO] [1776471611.099984582] [robot_4.image_processor]: Zone=CLEAR
[image_processor-23] [INFO] [1776471611.109200784] [robot_2.image_processor]: Zone=CLEAR
[image_processor-24] [INFO] [1776471613.568230785] [robot_3.image_processor]: Zone=CLEAR
[image_processor-21] [INFO] [1776471613.582301141] [robot_0.image_processor]: Zone=CLEAR
[image_processor-22] [INFO] [1776471613.593657024] [robot_1.image_processor]: Zone=CLEAR
[image_processor-25] [INFO] [1776471613.603674268] [robot_4.image_processor]: Zone=CLEAR
[image_processor-23] [INFO] [1776471613.611248558] [robot_2.image_processor]: Zone=CLEAR
[image_processor-24] [INFO] [1776471616.067284644] [robot_3.image_processor]: Zone=CLEAR
[image_processor-21] [INFO] [1776471616.083121322] [robot_0.image_processor]: Zone=CLEAR
[image_processor-22] [INFO] [1776471616.090136432] [robot_1.image_processor]: Zone=CLEAR
[image_processor-25] [INFO] [1776471616.099239122] [robot_4.image_processor]: Zone=CLEAR
[image_processor-23] [INFO] [1776471616.107548329] [robot_2.image_processor]: Zone=CLEAR
[image_processor-24] [INFO] [1776471618.567198605] [robot_3.image_processor]: Zone=CLEAR
[image_processor-21] [INFO] [1776471618.582274025] [robot_0.image_processor]: Zone=CLEAR
[image_processor-22] [INFO] [1776471618.592503201] [robot_1.image_processor]: Zone=CLEAR
[image_processor-25] [INFO] [1776471618.604838056] [robot_4.image_processor]: Zone=CLEAR
[image_processor-23] [INFO] [1776471618.612114158] [robot_2.image_processor]: Zone=CLEAR
[image_processor-24] [INFO] [1776471621.066425119] [robot_3.image_processor]: Zone=CLEAR
[image_processor-21] [INFO] [1776471621.082194599] [robot_0.image_processor]: Zone=CLEAR
[image_processor-22] [INFO] [1776471621.092801319] [robot_1.image_processor]: Zone=CLEAR
[image_processor-25] [INFO] [1776471621.101379259] [robot_4.image_processor]: Zone=CLEAR
[image_processor-23] [INFO] [1776471621.111148686] [robot_2.image_processor]: Zone=CLEAR
[image_processor-24] [INFO] [1776471623.567623143] [robot_3.image_processor]: Zone=CLEAR
[image_processor-21] [INFO] [1776471623.582563931] [robot_0.image_processor]: Zone=CLEAR
[image_processor-22] [INFO] [1776471623.591514819] [robot_1.image_processor]: Zone=CLEAR
[image_processor-25] [INFO] [1776471623.599713455] [robot_4.image_processor]: Zone=CLEAR
[image_processor-23] [INFO] [1776471623.609455215] [robot_2.image_processor]: Zone=CLEAR
[image_processor-24] [INFO] [1776471626.068536726] [robot_3.image_processor]: Zone=CLEAR
[image_processor-21] [INFO] [1776471626.083404946] [robot_0.image_processor]: Zone=CLEAR
[image_processor-22] [INFO] [1776471626.094146355] [robot_1.image_processor]: Zone=CLEAR
[image_processor-25] [INFO] [1776471626.102849249] [robot_4.image_processor]: Zone=CLEAR
[image_processor-23] [INFO] [1776471626.111281141] [robot_2.image_processor]: Zone=CLEAR
[image_processor-24] [INFO] [1776471628.567023025] [robot_3.image_processor]: Zone=CLEAR
[image_processor-21] [INFO] [1776471628.580856833] [robot_0.image_processor]: Zone=CLEAR
[image_processor-22] [INFO] [1776471628.590135871] [robot_1.image_processor]: Zone=CLEAR
[image_processor-25] [INFO] [1776471628.598021538] [robot_4.image_processor]: Zone=CLEAR
[image_processor-23] [INFO] [1776471628.611598731] [robot_2.image_processor]: Zone=CLEAR
[image_processor-24] [INFO] [1776471631.067844925] [robot_3.image_processor]: Zone=CLEAR
[image_processor-21] [INFO] [1776471631.083570515] [robot_0.image_processor]: Zone=CLEAR
[image_processor-22] [INFO] [1776471631.091206503] [robot_1.image_processor]: Zone=CLEAR
[image_processor-25] [INFO] [1776471631.099411014] [robot_4.image_processor]: Zone=CLEAR
[image_processor-23] [INFO] [1776471631.108134164] [robot_2.image_processor]: Zone=CLEAR
[image_processor-24] [INFO] [1776471633.566205898] [robot_3.image_processor]: Zone=CLEAR
[image_processor-21] [INFO] [1776471633.582138412] [robot_0.image_processor]: Zone=CLEAR
[image_processor-22] [INFO] [1776471633.591119797] [robot_1.image_processor]: Zone=CLEAR
[image_processor-25] [INFO] [1776471633.600465697] [robot_4.image_processor]: Zone=CLEAR
[image_processor-23] [INFO] [1776471633.709477472] [robot_2.image_processor]: Zone=CLEAR
[image_processor-24] [INFO] [1776471636.067553644] [robot_3.image_processor]: Zone=CLEAR
[image_processor-21] [INFO] [1776471636.083466058] [robot_0.image_processor]: Zone=CLEAR
[image_processor-22] [INFO] [1776471636.092537423] [robot_1.image_processor]: Zone=CLEAR
[image_processor-25] [INFO] [1776471636.102230687] [robot_4.image_processor]: Zone=CLEAR
[image_processor-23] [INFO] [1776471636.109582140] [robot_2.image_processor]: Zone=CLEAR
[image_processor-24] [INFO] [1776471638.567906448] [robot_3.image_processor]: Zone=CLEAR
[image_processor-21] [INFO] [1776471638.581925557] [robot_0.image_processor]: Zone=CLEAR
[image_processor-22] [INFO] [1776471638.590422999] [robot_1.image_processor]: Zone=CLEAR
[image_processor-25] [INFO] [1776471638.599367561] [robot_4.image_processor]: Zone=CLEAR
[image_processor-23] [INFO] [1776471638.610403445] [robot_2.image_processor]: Zone=CLEAR
[image_processor-21] [INFO] [1776471641.080643535] [robot_0.image_processor]: Zone=CLEAR
[image_processor-22] [INFO] [1776471641.090142527] [robot_1.image_processor]: Zone=CLEAR
[image_processor-25] [INFO] [1776471641.097976721] [robot_4.image_processor]: Zone=CLEAR
[image_processor-23] [INFO] [1776471641.106572663] [robot_2.image_processor]: Zone=CLEAR
[image_processor-24] [INFO] [1776471641.168000284] [robot_3.image_processor]: Zone=CLEAR
[image_processor-24] [INFO] [1776471643.568582084] [robot_3.image_processor]: Zone=CLEAR
[image_processor-21] [INFO] [1776471643.583157534] [robot_0.image_processor]: Zone=CLEAR
[image_processor-22] [INFO] [1776471643.595573221] [robot_1.image_processor]: Zone=CLEAR
[image_processor-25] [INFO] [1776471643.604070925] [robot_4.image_processor]: Zone=CLEAR
[image_processor-23] [INFO] [1776471643.612245499] [robot_2.image_processor]: Zone=CLEAR
[image_processor-24] [INFO] [1776471646.067154026] [robot_3.image_processor]: Zone=CLEAR
[image_processor-21] [INFO] [1776471646.082240206] [robot_0.image_processor]: Zone=CLEAR
[image_processor-22] [INFO] [1776471646.091097430] [robot_1.image_processor]: Zone=CLEAR
[image_processor-25] [INFO] [1776471646.098417726] [robot_4.image_processor]: Zone=CLEAR
[image_processor-23] [INFO] [1776471646.106999776] [robot_2.image_processor]: Zone=CLEAR
[image_processor-24] [INFO] [1776471648.566881970] [robot_3.image_processor]: Zone=CLEAR
[image_processor-21] [INFO] [1776471648.582085627] [robot_0.image_processor]: Zone=CLEAR
[image_processor-22] [INFO] [1776471648.590974545] [robot_1.image_processor]: Zone=CLEAR
[image_processor-25] [INFO] [1776471648.599464052] [robot_4.image_processor]: Zone=CLEAR
[image_processor-23] [INFO] [1776471648.608242864] [robot_2.image_processor]: Zone=CLEAR
[image_processor-24] [INFO] [1776471651.066623044] [robot_3.image_processor]: Zone=CLEAR
[image_processor-21] [INFO] [1776471651.079919286] [robot_0.image_processor]: Zone=CLEAR
[image_processor-25] [INFO] [1776471651.099732131] [robot_4.image_processor]: Zone=CLEAR
[image_processor-23] [INFO] [1776471651.106469297] [robot_2.image_processor]: Zone=CLEAR
[image_processor-22] [INFO] [1776471651.190380504] [robot_1.image_processor]: Zone=CLEAR
[image_processor-24] [INFO] [1776471653.567735294] [robot_3.image_processor]: Zone=CLEAR
[image_processor-21] [INFO] [1776471653.581933374] [robot_0.image_processor]: Zone=CLEAR
[image_processor-22] [INFO] [1776471653.590262434] [robot_1.image_processor]: Zone=CLEAR
[image_processor-25] [INFO] [1776471653.598831688] [robot_4.image_processor]: Zone=CLEAR
[image_processor-23] [INFO] [1776471653.609198724] [robot_2.image_processor]: Zone=CLEAR
[image_processor-24] [INFO] [1776471656.069281031] [robot_3.image_processor]: Zone=CLEAR
[image_processor-21] [INFO] [1776471656.084408305] [robot_0.image_processor]: Zone=CLEAR
[image_processor-22] [INFO] [1776471656.092509939] [robot_1.image_processor]: Zone=CLEAR
[image_processor-25] [INFO] [1776471656.100608525] [robot_4.image_processor]: Zone=CLEAR
[image_processor-23] [INFO] [1776471656.109138720] [robot_2.image_processor]: Zone=CLEAR
[image_processor-24] [INFO] [1776471658.567632062] [robot_3.image_processor]: Zone=CLEAR
[image_processor-21] [INFO] [1776471658.581557073] [robot_0.image_processor]: Zone=CLEAR
[image_processor-22] [INFO] [1776471658.589573549] [robot_1.image_processor]: Zone=CLEAR
[image_processor-25] [INFO] [1776471658.598488319] [robot_4.image_processor]: Zone=CLEAR
[image_processor-23] [INFO] [1776471658.607478577] [robot_2.image_processor]: Zone=CLEAR
[image_processor-24] [INFO] [1776471661.066365309] [robot_3.image_processor]: Zone=CLEAR
[image_processor-22] [INFO] [1776471661.089950109] [robot_1.image_processor]: Zone=CLEAR
[image_processor-25] [INFO] [1776471661.099076588] [robot_4.image_processor]: Zone=CLEAR
[image_processor-23] [INFO] [1776471661.107299084] [robot_2.image_processor]: Zone=CLEAR
[image_processor-21] [INFO] [1776471661.181414273] [robot_0.image_processor]: Zone=CLEAR
[image_processor-24] [INFO] [1776471663.566708711] [robot_3.image_processor]: Zone=CLEAR
[image_processor-21] [INFO] [1776471663.582701014] [robot_0.image_processor]: Zone=CLEAR
[image_processor-22] [INFO] [1776471663.591309610] [robot_1.image_processor]: Zone=CLEAR
[image_processor-25] [INFO] [1776471663.600035993] [robot_4.image_processor]: Zone=CLEAR
[image_processor-23] [INFO] [1776471663.608195177] [robot_2.image_processor]: Zone=CLEAR
[image_processor-24] [INFO] [1776471666.067095040] [robot_3.image_processor]: Zone=CLEAR
[image_processor-21] [INFO] [1776471666.082132807] [robot_0.image_processor]: Zone=CLEAR
[image_processor-22] [INFO] [1776471666.091640966] [robot_1.image_processor]: Zone=CLEAR
[image_processor-25] [INFO] [1776471666.101069511] [robot_4.image_processor]: Zone=CLEAR
[image_processor-23] [INFO] [1776471666.109527862] [robot_2.image_processor]: Zone=CLEAR
[image_processor-24] [INFO] [1776471668.567190929] [robot_3.image_processor]: Zone=CLEAR
[image_processor-21] [INFO] [1776471668.581744184] [robot_0.image_processor]: Zone=CLEAR
[image_processor-22] [INFO] [1776471668.590194127] [robot_1.image_processor]: Zone=CLEAR
[image_processor-25] [INFO] [1776471668.598656606] [robot_4.image_processor]: Zone=CLEAR
[image_processor-23] [INFO] [1776471668.606868808] [robot_2.image_processor]: Zone=CLEAR
[image_processor-24] [INFO] [1776471671.066710997] [robot_3.image_processor]: Zone=CLEAR
[image_processor-21] [INFO] [1776471671.082403570] [robot_0.image_processor]: Zone=CLEAR
[image_processor-22] [INFO] [1776471671.090674999] [robot_1.image_processor]: Zone=CLEAR
[image_processor-25] [INFO] [1776471671.099602841] [robot_4.image_processor]: Zone=CLEAR
[image_processor-23] [INFO] [1776471671.107383249] [robot_2.image_processor]: Zone=CLEAR
[image_processor-24] [INFO] [1776471673.568193031] [robot_3.image_processor]: Zone=CLEAR
[image_processor-21] [INFO] [1776471673.582663435] [robot_0.image_processor]: Zone=CLEAR
[image_processor-22] [INFO] [1776471673.590761804] [robot_1.image_processor]: Zone=CLEAR
[image_processor-25] [INFO] [1776471673.599457897] [robot_4.image_processor]: Zone=CLEAR
[image_processor-23] [INFO] [1776471673.608371491] [robot_2.image_processor]: Zone=CLEAR
[image_processor-24] [INFO] [1776471676.067868406] [robot_3.image_processor]: Zone=CLEAR
[image_processor-21] [INFO] [1776471676.081631563] [robot_0.image_processor]: Zone=CLEAR
[image_processor-22] [INFO] [1776471676.091149195] [robot_1.image_processor]: Zone=CLEAR
[image_processor-25] [INFO] [1776471676.099506133] [robot_4.image_processor]: Zone=CLEAR
[image_processor-23] [INFO] [1776471676.113246571] [robot_2.image_processor]: Zone=CLEAR
[image_processor-24] [INFO] [1776471678.568196670] [robot_3.image_processor]: Zone=CLEAR
[image_processor-21] [INFO] [1776471678.582694019] [robot_0.image_processor]: Zone=CLEAR
[image_processor-22] [INFO] [1776471678.592675663] [robot_1.image_processor]: Zone=CLEAR
[image_processor-25] [INFO] [1776471678.601784014] [robot_4.image_processor]: Zone=CLEAR
[image_processor-23] [INFO] [1776471678.610249708] [robot_2.image_processor]: Zone=CLEAR
[image_processor-21] [INFO] [1776471681.082038889] [robot_0.image_processor]: Zone=CLEAR
[image_processor-22] [INFO] [1776471681.091099184] [robot_1.image_processor]: Zone=CLEAR
[image_processor-25] [INFO] [1776471681.100252291] [robot_4.image_processor]: Zone=CLEAR
[image_processor-23] [INFO] [1776471681.108671939] [robot_2.image_processor]: Zone=CLEAR
[image_processor-24] [INFO] [1776471681.166891926] [robot_3.image_processor]: Zone=CLEAR
[image_processor-24] [INFO] [1776471683.567087103] [robot_3.image_processor]: Zone=CLEAR
[image_processor-21] [INFO] [1776471683.581347863] [robot_0.image_processor]: Zone=CLEAR
[image_processor-22] [INFO] [1776471683.590379205] [robot_1.image_processor]: Zone=CLEAR
[image_processor-25] [INFO] [1776471683.599604480] [robot_4.image_processor]: Zone=CLEAR
[image_processor-23] [INFO] [1776471683.609113970] [robot_2.image_processor]: Zone=CLEAR
[image_processor-24] [INFO] [1776471686.066844087] [robot_3.image_processor]: Zone=CLEAR
[image_processor-21] [INFO] [1776471686.082044511] [robot_0.image_processor]: Zone=CLEAR
[image_processor-22] [INFO] [1776471686.090691031] [robot_1.image_processor]: Zone=CLEAR
[image_processor-25] [INFO] [1776471686.099847729] [robot_4.image_processor]: Zone=CLEAR
[image_processor-23] [INFO] [1776471686.108351231] [robot_2.image_processor]: Zone=CLEAR
[image_processor-24] [INFO] [1776471688.566282834] [robot_3.image_processor]: Zone=CLEAR
[image_processor-21] [INFO] [1776471688.582127351] [robot_0.image_processor]: Zone=CLEAR
[image_processor-22] [INFO] [1776471688.592182181] [robot_1.image_processor]: Zone=CLEAR
[image_processor-25] [INFO] [1776471688.601188605] [robot_4.image_processor]: Zone=CLEAR
[image_processor-23] [INFO] [1776471688.609578241] [robot_2.image_processor]: Zone=CLEAR
[image_processor-24] [INFO] [1776471691.067569071] [robot_3.image_processor]: Zone=CLEAR
[image_processor-21] [INFO] [1776471691.082228311] [robot_0.image_processor]: Zone=CLEAR
[image_processor-22] [INFO] [1776471691.089858445] [robot_1.image_processor]: Zone=CLEAR
[image_processor-25] [INFO] [1776471691.099270211] [robot_4.image_processor]: Zone=CLEAR
[image_processor-23] [INFO] [1776471691.107939017] [robot_2.image_processor]: Zone=CLEAR
[image_processor-24] [INFO] [1776471693.566236321] [robot_3.image_processor]: Zone=CLEAR
[image_processor-21] [INFO] [1776471693.581587101] [robot_0.image_processor]: Zone=CLEAR
[image_processor-22] [INFO] [1776471693.590565002] [robot_1.image_processor]: Zone=CLEAR
[image_processor-25] [INFO] [1776471693.599443795] [robot_4.image_processor]: Zone=CLEAR
[image_processor-23] [INFO] [1776471693.609117236] [robot_2.image_processor]: Zone=CLEAR
[image_processor-22] [INFO] [1776471696.093026613] [robot_1.image_processor]: Zone=CLEAR
[image_processor-24] [INFO] [1776471696.167697520] [robot_3.image_processor]: Zone=CLEAR
[image_processor-21] [INFO] [1776471696.183217539] [robot_0.image_processor]: Zone=CLEAR
[image_processor-25] [INFO] [1776471696.202762465] [robot_4.image_processor]: Zone=CLEAR
[image_processor-23] [INFO] [1776471696.212661400] [robot_2.image_processor]: Zone=CLEAR
[image_processor-24] [INFO] [1776471698.567871037] [robot_3.image_processor]: Zone=CLEAR
[image_processor-21] [INFO] [1776471698.582954680] [robot_0.image_processor]: Zone=CLEAR
[image_processor-22] [INFO] [1776471698.591413943] [robot_1.image_processor]: Zone=CLEAR
[image_processor-25] [INFO] [1776471698.599403358] [robot_4.image_processor]: Zone=CLEAR
[image_processor-23] [INFO] [1776471698.607599276] [robot_2.image_processor]: Zone=CLEAR
[image_processor-24] [INFO] [1776471701.067608186] [robot_3.image_processor]: Zone=CLEAR
[image_processor-21] [INFO] [1776471701.082741506] [robot_0.image_processor]: Zone=CLEAR
[image_processor-22] [INFO] [1776471701.092969188] [robot_1.image_processor]: Zone=CLEAR
[image_processor-25] [INFO] [1776471701.104647417] [robot_4.image_processor]: Zone=CLEAR
[image_processor-23] [INFO] [1776471701.214682549] [robot_2.image_processor]: Zone=CLEAR
[image_processor-24] [INFO] [1776471703.569521406] [robot_3.image_processor]: Zone=CLEAR
[image_processor-21] [INFO] [1776471703.584717682] [robot_0.image_processor]: Zone=CLEAR
[image_processor-22] [INFO] [1776471703.594755577] [robot_1.image_processor]: Zone=CLEAR
[image_processor-25] [INFO] [1776471703.603219466] [robot_4.image_processor]: Zone=CLEAR
[image_processor-23] [INFO] [1776471703.613087643] [robot_2.image_processor]: Zone=CLEAR
[image_processor-24] [INFO] [1776471706.067734022] [robot_3.image_processor]: Zone=CLEAR
[image_processor-21] [INFO] [1776471706.083136038] [robot_0.image_processor]: Zone=CLEAR
[image_processor-22] [INFO] [1776471706.092182013] [robot_1.image_processor]: Zone=CLEAR
[image_processor-25] [INFO] [1776471706.100676227] [robot_4.image_processor]: Zone=CLEAR
[image_processor-23] [INFO] [1776471706.110509408] [robot_2.image_processor]: Zone=CLEAR
[image_processor-24] [INFO] [1776471708.567073354] [robot_3.image_processor]: Zone=CLEAR
[image_processor-21] [INFO] [1776471708.581986458] [robot_0.image_processor]: Zone=CLEAR
[image_processor-22] [INFO] [1776471708.593204039] [robot_1.image_processor]: Zone=CLEAR
[image_processor-25] [INFO] [1776471708.601819439] [robot_4.image_processor]: Zone=CLEAR
[image_processor-23] [INFO] [1776471708.711805609] [robot_2.image_processor]: Zone=CLEAR
[image_processor-24] [INFO] [1776471711.067640856] [robot_3.image_processor]: Zone=CLEAR
[image_processor-21] [INFO] [1776471711.082162743] [robot_0.image_processor]: Zone=CLEAR
[image_processor-22] [INFO] [1776471711.090450632] [robot_1.image_processor]: Zone=CLEAR
[image_processor-25] [INFO] [1776471711.099117645] [robot_4.image_processor]: Zone=CLEAR
[image_processor-23] [INFO] [1776471711.108195635] [robot_2.image_processor]: Zone=CLEAR
[image_processor-24] [INFO] [1776471713.566476090] [robot_3.image_processor]: Zone=CLEAR
[image_processor-21] [INFO] [1776471713.581783173] [robot_0.image_processor]: Zone=CLEAR
[image_processor-22] [INFO] [1776471713.590362745] [robot_1.image_processor]: Zone=CLEAR
[image_processor-25] [INFO] [1776471713.598450365] [robot_4.image_processor]: Zone=CLEAR
[image_processor-23] [INFO] [1776471713.607625361] [robot_2.image_processor]: Zone=CLEAR
[image_processor-24] [INFO] [1776471716.066981381] [robot_3.image_processor]: Zone=CLEAR
[image_processor-21] [INFO] [1776471716.082137297] [robot_0.image_processor]: Zone=CLEAR
[image_processor-22] [INFO] [1776471716.090490348] [robot_1.image_processor]: Zone=CLEAR
[image_processor-25] [INFO] [1776471716.099315621] [robot_4.image_processor]: Zone=CLEAR
[image_processor-23] [INFO] [1776471716.209087495] [robot_2.image_processor]: Zone=CLEAR
[image_processor-24] [INFO] [1776471718.566688542] [robot_3.image_processor]: Zone=CLEAR
[image_processor-21] [INFO] [1776471718.581501547] [robot_0.image_processor]: Zone=CLEAR
[image_processor-22] [INFO] [1776471718.589634366] [robot_1.image_processor]: Zone=CLEAR
[image_processor-25] [INFO] [1776471718.599615531] [robot_4.image_processor]: Zone=CLEAR
[image_processor-23] [INFO] [1776471718.608929464] [robot_2.image_processor]: Zone=CLEAR
[image_processor-24] [INFO] [1776471721.067108329] [robot_3.image_processor]: Zone=CLEAR
[image_processor-21] [INFO] [1776471721.082595887] [robot_0.image_processor]: Zone=CLEAR
[image_processor-22] [INFO] [1776471721.091399998] [robot_1.image_processor]: Zone=CLEAR
[image_processor-25] [INFO] [1776471721.099337122] [robot_4.image_processor]: Zone=CLEAR
[image_processor-23] [INFO] [1776471721.108440390] [robot_2.image_processor]: Zone=CLEAR
[image_processor-24] [INFO] [1776471723.567713784] [robot_3.image_processor]: Zone=CLEAR
[image_processor-21] [INFO] [1776471723.583154024] [robot_0.image_processor]: Zone=CLEAR
[image_processor-22] [INFO] [1776471723.591033487] [robot_1.image_processor]: Zone=CLEAR
[image_processor-25] [INFO] [1776471723.600212756] [robot_4.image_processor]: Zone=CLEAR
[image_processor-23] [INFO] [1776471723.608259173] [robot_2.image_processor]: Zone=CLEAR
[image_processor-24] [INFO] [1776471726.067590506] [robot_3.image_processor]: Zone=CLEAR
[image_processor-21] [INFO] [1776471726.081493872] [robot_0.image_processor]: Zone=CLEAR
[image_processor-22] [INFO] [1776471726.090981612] [robot_1.image_processor]: Zone=CLEAR
[image_processor-25] [INFO] [1776471726.099442920] [robot_4.image_processor]: Zone=CLEAR
[image_processor-23] [INFO] [1776471726.110282260] [robot_2.image_processor]: Zone=CLEAR
[image_processor-24] [INFO] [1776471728.567298548] [robot_3.image_processor]: Zone=CLEAR
[image_processor-21] [INFO] [1776471728.584629014] [robot_0.image_processor]: Zone=CLEAR
[image_processor-22] [INFO] [1776471728.591997374] [robot_1.image_processor]: Zone=CLEAR
[image_processor-25] [INFO] [1776471728.600785805] [robot_4.image_processor]: Zone=CLEAR
[image_processor-23] [INFO] [1776471728.609286804] [robot_2.image_processor]: Zone=CLEAR
[image_processor-24] [INFO] [1776471731.067808885] [robot_3.image_processor]: Zone=CLEAR
[image_processor-21] [INFO] [1776471731.081994567] [robot_0.image_processor]: Zone=CLEAR
[image_processor-22] [INFO] [1776471731.090422926] [robot_1.image_processor]: Zone=CLEAR
[image_processor-25] [INFO] [1776471731.099642235] [robot_4.image_processor]: Zone=CLEAR
[image_processor-23] [INFO] [1776471731.108268653] [robot_2.image_processor]: Zone=CLEAR
[image_processor-24] [INFO] [1776471733.566681925] [robot_3.image_processor]: Zone=CLEAR
[image_processor-21] [INFO] [1776471733.581886514] [robot_0.image_processor]: Zone=CLEAR
[image_processor-22] [INFO] [1776471733.591585068] [robot_1.image_processor]: Zone=CLEAR
[image_processor-25] [INFO] [1776471733.601339100] [robot_4.image_processor]: Zone=CLEAR
[image_processor-23] [INFO] [1776471733.609297505] [robot_2.image_processor]: Zone=CLEAR
[image_processor-24] [INFO] [1776471736.070232006] [robot_3.image_processor]: Zone=CLEAR
[image_processor-21] [INFO] [1776471736.087649449] [robot_0.image_processor]: Zone=CLEAR
[image_processor-22] [INFO] [1776471736.097411773] [robot_1.image_processor]: Zone=CLEAR
[image_processor-25] [INFO] [1776471736.106691533] [robot_4.image_processor]: Zone=CLEAR
[image_processor-23] [INFO] [1776471736.116078531] [robot_2.image_processor]: Zone=CLEAR
[image_processor-24] [INFO] [1776471738.566440745] [robot_3.image_processor]: Zone=CLEAR
[image_processor-21] [INFO] [1776471738.582577366] [robot_0.image_processor]: Zone=CLEAR
[image_processor-22] [INFO] [1776471738.591388214] [robot_1.image_processor]: Zone=CLEAR
[image_processor-25] [INFO] [1776471738.600063453] [robot_4.image_processor]: Zone=CLEAR
[image_processor-23] [INFO] [1776471738.608286910] [robot_2.image_processor]: Zone=CLEAR
[INFO] [image_processor-25]: sending signal 'SIGINT' to process[image_processor-25]
[ERROR] [ign gazebo-1]: process has died [pid 486006, exit code -15, cmd 'ruby /usr/bin/ign gazebo /home/ecem/ros2_ws/install/swarm_basics/share/swarm_basics/worlds/random_world.sdf -s -r --force-version 6'].
[ERROR] [parameter_bridge-4]: process has died [pid 486013, exit code -15, cmd '/opt/ros/humble/lib/ros_ign_bridge/parameter_bridge /robot_0/cmd_vel@geometry_msgs/msg/Twist]ignition.msgs.Twist /robot_0/odom@nav_msgs/msg/Odometry[ignition.msgs.Odometry /robot_0/depth_camera/depth_image@sensor_msgs/msg/Image[ignition.msgs.Image /world/random_world/model/robot_0/link/robot_0/base_footprint/sensor/contact_sensor/contact@ros_gz_interfaces/msg/Contacts[ignition.msgs.Contacts /robot_1/cmd_vel@geometry_msgs/msg/Twist]ignition.msgs.Twist /robot_1/odom@nav_msgs/msg/Odometry[ignition.msgs.Odometry /robot_1/depth_camera/depth_image@sensor_msgs/msg/Image[ignition.msgs.Image /world/random_world/model/robot_1/link/robot_1/base_footprint/sensor/contact_sensor/contact@ros_gz_interfaces/msg/Contacts[ignition.msgs.Contacts /robot_2/cmd_vel@geometry_msgs/msg/Twist]ignition.msgs.Twist /robot_2/odom@nav_msgs/msg/Odometry[ignition.msgs.Odometry /robot_2/depth_camera/depth_image@sensor_msgs/msg/Image[ignition.msgs.Image /world/random_world/model/robot_2/link/robot_2/base_footprint/sensor/contact_sensor/contact@ros_gz_interfaces/msg/Contacts[ignition.msgs.Contacts /robot_3/cmd_vel@geometry_msgs/msg/Twist]ignition.msgs.Twist /robot_3/odom@nav_msgs/msg/Odometry[ignition.msgs.Odometry /robot_3/depth_camera/depth_image@sensor_msgs/msg/Image[ignition.msgs.Image /world/random_world/model/robot_3/link/robot_3/base_footprint/sensor/contact_sensor/contact@ros_gz_interfaces/msg/Contacts[ignition.msgs.Contacts /robot_4/cmd_vel@geometry_msgs/msg/Twist]ignition.msgs.Twist /robot_4/odom@nav_msgs/msg/Odometry[ignition.msgs.Odometry /robot_4/depth_camera/depth_image@sensor_msgs/msg/Image[ignition.msgs.Image /world/random_world/model/robot_4/link/robot_4/base_footprint/sensor/contact_sensor/contact@ros_gz_interfaces/msg/Contacts[ignition.msgs.Contacts /world/random_world/dynamic_pose/info@tf2_msgs/msg/TFMessage[ignition.msgs.Pose_V --ros-args -r __node:=all_robots_bridge --params-file /tmp/launch_params_tgj06u1m'].
[INFO] [parameter_bridge-20]: process has finished cleanly [pid 486119]
[INFO] [image_processor-24]: sending signal 'SIGINT' to process[image_processor-24]
[INFO] [bash-26]: process started with pid [486577]
[INFO] [image_processor-23]: sending signal 'SIGINT' to process[image_processor-23]
[INFO] [image_processor-22]: sending signal 'SIGINT' to process[image_processor-22]
[INFO] [image_processor-21]: sending signal 'SIGINT' to process[image_processor-21]
[INFO] [robot_supervisor-19]: sending signal 'SIGINT' to process[robot_supervisor-19]
[INFO] [robot_state_publisher-17]: sending signal 'SIGINT' to process[robot_state_publisher-17]
[INFO] [robot_supervisor-16]: sending signal 'SIGINT' to process[robot_supervisor-16]
[ERROR] [bash-26]: process has died [pid 486577, exit code -15, cmd 'bash -lc pkill -f parameter_bridge || true'].
[INFO] [robot_state_publisher-14]: sending signal 'SIGINT' to process[robot_state_publisher-14]
[INFO] [robot_supervisor-13]: sending signal 'SIGINT' to process[robot_supervisor-13]
[INFO] [robot_state_publisher-11]: sending signal 'SIGINT' to process[robot_state_publisher-11]
[INFO] [robot_supervisor-10]: sending signal 'SIGINT' to process[robot_supervisor-10]
[INFO] [robot_state_publisher-8]: sending signal 'SIGINT' to process[robot_state_publisher-8]
[INFO] [robot_supervisor-7]: sending signal 'SIGINT' to process[robot_supervisor-7]
[INFO] [robot_state_publisher-5]: sending signal 'SIGINT' to process[robot_state_publisher-5]
[INFO] [bump_counter-3]: sending signal 'SIGINT' to process[bump_counter-3]
[INFO] [coverage_counter-2]: sending signal 'SIGINT' to process[coverage_counter-2]
[parameter_bridge-4] [INFO] [1776471740.630471022] [rclcpp]: signal_handler(SIGINT/SIGTERM)
[parameter_bridge-20] [INFO] [1776471740.630572535] [rclcpp]: signal_handler(SIGINT/SIGTERM)
[INFO] [launch]: process[ign gazebo-1] was required: shutting down launched system
[image_processor-25] [INFO] [1776471741.308650802] [rclcpp]: signal_handler(SIGINT/SIGTERM)
[image_processor-24] [INFO] [1776471741.317725211] [rclcpp]: signal_handler(SIGINT/SIGTERM)
[image_processor-23] [INFO] [1776471741.321118614] [rclcpp]: signal_handler(SIGINT/SIGTERM)
[image_processor-22] [INFO] [1776471741.324542075] [rclcpp]: signal_handler(SIGINT/SIGTERM)
[image_processor-21] [INFO] [1776471741.327780158] [rclcpp]: signal_handler(SIGINT/SIGTERM)
[robot_supervisor-19] Traceback (most recent call last):
[robot_supervisor-19]   File "/home/ecem/ros2_ws/install/swarm_basics/lib/swarm_basics/robot_supervisor", line 33, in <module>
[robot_supervisor-19]     sys.exit(load_entry_point('swarm-basics==0.0.0', 'console_scripts', 'robot_supervisor')())
[robot_supervisor-19]   File "/home/ecem/ros2_ws/install/swarm_basics/lib/python3.10/site-packages/swarm_basics/robot_supervisor.py", line 867, in main
[robot_supervisor-19]     rclpy.spin(node)
[robot_supervisor-19]   File "/opt/ros/humble/local/lib/python3.10/dist-packages/rclpy/__init__.py", line 229, in spin
[robot_supervisor-19]     executor.spin_once()
[robot_supervisor-19]   File "/opt/ros/humble/local/lib/python3.10/dist-packages/rclpy/executors.py", line 773, in spin_once
[robot_supervisor-19]     self._spin_once_impl(timeout_sec)
[robot_supervisor-19]   File "/opt/ros/humble/local/lib/python3.10/dist-packages/rclpy/executors.py", line 762, in _spin_once_impl
[robot_supervisor-19]     handler, entity, node = self.wait_for_ready_callbacks(timeout_sec=timeout_sec)
[robot_supervisor-19]   File "/opt/ros/humble/local/lib/python3.10/dist-packages/rclpy/executors.py", line 745, in wait_for_ready_callbacks
[robot_supervisor-19]     return next(self._cb_iter)
[robot_supervisor-19]   File "/opt/ros/humble/local/lib/python3.10/dist-packages/rclpy/executors.py", line 642, in _wait_for_ready_callbacks
[robot_supervisor-19]     wait_set.wait(timeout_nsec)
[robot_supervisor-19] KeyboardInterrupt
[robot_state_publisher-17] [INFO] [1776471741.338254385] [rclcpp]: signal_handler(SIGINT/SIGTERM)
[robot_supervisor-16] Traceback (most recent call last):
[robot_supervisor-16]   File "/home/ecem/ros2_ws/install/swarm_basics/lib/swarm_basics/robot_supervisor", line 33, in <module>
[robot_supervisor-16]     sys.exit(load_entry_point('swarm-basics==0.0.0', 'console_scripts', 'robot_supervisor')())
[robot_supervisor-16]   File "/home/ecem/ros2_ws/install/swarm_basics/lib/python3.10/site-packages/swarm_basics/robot_supervisor.py", line 867, in main
[robot_supervisor-16]     rclpy.spin(node)
[robot_supervisor-16]   File "/opt/ros/humble/local/lib/python3.10/dist-packages/rclpy/__init__.py", line 229, in spin
[robot_supervisor-16]     executor.spin_once()
[robot_supervisor-16]   File "/opt/ros/humble/local/lib/python3.10/dist-packages/rclpy/executors.py", line 773, in spin_once
[robot_supervisor-16]     self._spin_once_impl(timeout_sec)
[robot_supervisor-16]   File "/opt/ros/humble/local/lib/python3.10/dist-packages/rclpy/executors.py", line 762, in _spin_once_impl
[robot_supervisor-16]     handler, entity, node = self.wait_for_ready_callbacks(timeout_sec=timeout_sec)
[robot_supervisor-16]   File "/opt/ros/humble/local/lib/python3.10/dist-packages/rclpy/executors.py", line 745, in wait_for_ready_callbacks
[robot_supervisor-16]     return next(self._cb_iter)
[robot_supervisor-16]   File "/opt/ros/humble/local/lib/python3.10/dist-packages/rclpy/executors.py", line 642, in _wait_for_ready_callbacks
[robot_supervisor-16]     wait_set.wait(timeout_nsec)
[robot_supervisor-16] KeyboardInterrupt
[robot_state_publisher-14] [INFO] [1776471741.345575530] [rclcpp]: signal_handler(SIGINT/SIGTERM)
[robot_supervisor-13] Traceback (most recent call last):
[robot_supervisor-13]   File "/home/ecem/ros2_ws/install/swarm_basics/lib/swarm_basics/robot_supervisor", line 33, in <module>
[robot_supervisor-13]     sys.exit(load_entry_point('swarm-basics==0.0.0', 'console_scripts', 'robot_supervisor')())
[robot_supervisor-13]   File "/home/ecem/ros2_ws/install/swarm_basics/lib/python3.10/site-packages/swarm_basics/robot_supervisor.py", line 867, in main
[robot_supervisor-13]     rclpy.spin(node)
[robot_supervisor-13]   File "/opt/ros/humble/local/lib/python3.10/dist-packages/rclpy/__init__.py", line 229, in spin
[robot_supervisor-13]     executor.spin_once()
[robot_supervisor-13]   File "/opt/ros/humble/local/lib/python3.10/dist-packages/rclpy/executors.py", line 773, in spin_once
[robot_supervisor-13]     self._spin_once_impl(timeout_sec)
[robot_supervisor-13]   File "/opt/ros/humble/local/lib/python3.10/dist-packages/rclpy/executors.py", line 762, in _spin_once_impl
[robot_supervisor-13]     handler, entity, node = self.wait_for_ready_callbacks(timeout_sec=timeout_sec)
[robot_supervisor-13]   File "/opt/ros/humble/local/lib/python3.10/dist-packages/rclpy/executors.py", line 745, in wait_for_ready_callbacks
[robot_supervisor-13]     return next(self._cb_iter)
[robot_supervisor-13]   File "/opt/ros/humble/local/lib/python3.10/dist-packages/rclpy/executors.py", line 642, in _wait_for_ready_callbacks
[robot_supervisor-13]     wait_set.wait(timeout_nsec)
[robot_supervisor-13] KeyboardInterrupt
[robot_state_publisher-11] [INFO] [1776471741.352882482] [rclcpp]: signal_handler(SIGINT/SIGTERM)
[robot_supervisor-10] Traceback (most recent call last):
[robot_supervisor-10]   File "/home/ecem/ros2_ws/install/swarm_basics/lib/swarm_basics/robot_supervisor", line 33, in <module>
[robot_supervisor-10]     sys.exit(load_entry_point('swarm-basics==0.0.0', 'console_scripts', 'robot_supervisor')())
[robot_supervisor-10]   File "/home/ecem/ros2_ws/install/swarm_basics/lib/python3.10/site-packages/swarm_basics/robot_supervisor.py", line 867, in main
[robot_supervisor-10]     rclpy.spin(node)
[robot_supervisor-10]   File "/opt/ros/humble/local/lib/python3.10/dist-packages/rclpy/__init__.py", line 229, in spin
[robot_supervisor-10]     executor.spin_once()
[robot_supervisor-10]   File "/opt/ros/humble/local/lib/python3.10/dist-packages/rclpy/executors.py", line 773, in spin_once
[robot_supervisor-10]     self._spin_once_impl(timeout_sec)
[robot_supervisor-10]   File "/opt/ros/humble/local/lib/python3.10/dist-packages/rclpy/executors.py", line 762, in _spin_once_impl
[robot_supervisor-10]     handler, entity, node = self.wait_for_ready_callbacks(timeout_sec=timeout_sec)
[robot_supervisor-10]   File "/opt/ros/humble/local/lib/python3.10/dist-packages/rclpy/executors.py", line 745, in wait_for_ready_callbacks
[robot_supervisor-10]     return next(self._cb_iter)
[robot_supervisor-10]   File "/opt/ros/humble/local/lib/python3.10/dist-packages/rclpy/executors.py", line 642, in _wait_for_ready_callbacks
[robot_supervisor-10]     wait_set.wait(timeout_nsec)
[robot_supervisor-10] KeyboardInterrupt
[robot_state_publisher-8] [INFO] [1776471741.359402932] [rclcpp]: signal_handler(SIGINT/SIGTERM)
[robot_supervisor-7] Traceback (most recent call last):
[robot_supervisor-7]   File "/home/ecem/ros2_ws/install/swarm_basics/lib/swarm_basics/robot_supervisor", line 33, in <module>
[robot_supervisor-7]     sys.exit(load_entry_point('swarm-basics==0.0.0', 'console_scripts', 'robot_supervisor')())
[robot_supervisor-7]   File "/home/ecem/ros2_ws/install/swarm_basics/lib/python3.10/site-packages/swarm_basics/robot_supervisor.py", line 867, in main
[robot_supervisor-7]     rclpy.spin(node)
[robot_supervisor-7]   File "/opt/ros/humble/local/lib/python3.10/dist-packages/rclpy/__init__.py", line 229, in spin
[robot_supervisor-7]     executor.spin_once()
[robot_supervisor-7]   File "/opt/ros/humble/local/lib/python3.10/dist-packages/rclpy/executors.py", line 773, in spin_once
[robot_supervisor-7]     self._spin_once_impl(timeout_sec)
[robot_supervisor-7]   File "/opt/ros/humble/local/lib/python3.10/dist-packages/rclpy/executors.py", line 762, in _spin_once_impl
[robot_supervisor-7]     handler, entity, node = self.wait_for_ready_callbacks(timeout_sec=timeout_sec)
[robot_supervisor-7]   File "/opt/ros/humble/local/lib/python3.10/dist-packages/rclpy/executors.py", line 745, in wait_for_ready_callbacks
[robot_supervisor-7]     return next(self._cb_iter)
[robot_supervisor-7]   File "/opt/ros/humble/local/lib/python3.10/dist-packages/rclpy/executors.py", line 642, in _wait_for_ready_callbacks
[robot_supervisor-7]     wait_set.wait(timeout_nsec)
[robot_supervisor-7] KeyboardInterrupt
[robot_state_publisher-5] [INFO] [1776471741.364223919] [rclcpp]: signal_handler(SIGINT/SIGTERM)
[ERROR] [launch]: Caught exception in launch (see debug for traceback): ExecuteLocal action 'bash-27': executed more than once: <launch.actions.execute_process.ExecuteProcess object at 0x728c2c208850>
[INFO] [image_processor-25]: process has finished cleanly [pid 486412]
[INFO] [image_processor-24]: process has finished cleanly [pid 486410]
[INFO] [image_processor-22]: process has finished cleanly [pid 486406]
[INFO] [image_processor-23]: process has finished cleanly [pid 486408]
[INFO] [image_processor-21]: process has finished cleanly [pid 486404]
[INFO] [robot_state_publisher-17]: process has finished cleanly [pid 486042]
[INFO] [robot_state_publisher-14]: process has finished cleanly [pid 486036]
[INFO] [robot_state_publisher-11]: process has finished cleanly [pid 486029]
[INFO] [robot_state_publisher-8]: process has finished cleanly [pid 486023]
[INFO] [robot_state_publisher-5]: process has finished cleanly [pid 486015]
[coverage_counter-2] Traceback (most recent call last):
[coverage_counter-2]   File "/home/ecem/ros2_ws/install/swarm_basics/lib/python3.10/site-packages/swarm_basics/coverage_counter.py", line 418, in main
[coverage_counter-2]     rclpy.spin(node)
[coverage_counter-2]   File "/opt/ros/humble/local/lib/python3.10/dist-packages/rclpy/__init__.py", line 229, in spin
[coverage_counter-2]     executor.spin_once()
[coverage_counter-2]   File "/opt/ros/humble/local/lib/python3.10/dist-packages/rclpy/executors.py", line 773, in spin_once
[coverage_counter-2]     self._spin_once_impl(timeout_sec)
[coverage_counter-2]   File "/opt/ros/humble/local/lib/python3.10/dist-packages/rclpy/executors.py", line 768, in _spin_once_impl
[coverage_counter-2]     handler()
[coverage_counter-2]   File "/opt/ros/humble/local/lib/python3.10/dist-packages/rclpy/task.py", line 254, in __call__
[coverage_counter-2]     self._handler.send(None)
[coverage_counter-2]   File "/opt/ros/humble/local/lib/python3.10/dist-packages/rclpy/executors.py", line 463, in handler
[coverage_counter-2]     await call_coroutine(entity, arg)
[coverage_counter-2]   File "/opt/ros/humble/local/lib/python3.10/dist-packages/rclpy/executors.py", line 371, in _execute_timer
[coverage_counter-2]     await await_or_execute(tmr.callback)
[coverage_counter-2]   File "/opt/ros/humble/local/lib/python3.10/dist-packages/rclpy/executors.py", line 107, in await_or_execute
[coverage_counter-2]     return callback(*args)
[coverage_counter-2]   File "/home/ecem/ros2_ws/install/swarm_basics/lib/python3.10/site-packages/swarm_basics/coverage_counter.py", line 152, in _on_timeout_timer
[coverage_counter-2]     self.shutdown_and_save()
[coverage_counter-2]   File "/home/ecem/ros2_ws/install/swarm_basics/lib/python3.10/site-packages/swarm_basics/coverage_counter.py", line 174, in shutdown_and_save
[coverage_counter-2]     rclpy.shutdown()
[coverage_counter-2]   File "/opt/ros/humble/local/lib/python3.10/dist-packages/rclpy/__init__.py", line 130, in shutdown
[coverage_counter-2]     _shutdown(context=context)
[coverage_counter-2]   File "/opt/ros/humble/local/lib/python3.10/dist-packages/rclpy/utilities.py", line 58, in shutdown
[coverage_counter-2]     return context.shutdown()
[coverage_counter-2]   File "/opt/ros/humble/local/lib/python3.10/dist-packages/rclpy/context.py", line 103, in shutdown
[coverage_counter-2]     self._call_on_shutdown_callbacks()
[coverage_counter-2]   File "/opt/ros/humble/local/lib/python3.10/dist-packages/rclpy/context.py", line 92, in _call_on_shutdown_callbacks
[coverage_counter-2]     callback = weak_method()
[coverage_counter-2]   File "/opt/ros/humble/local/lib/python3.10/dist-packages/rclpy/__init__.py", line 111, in reset_executor
[coverage_counter-2]     __executor.shutdown()
[coverage_counter-2]   File "/opt/ros/humble/local/lib/python3.10/dist-packages/rclpy/executors.py", line 227, in shutdown
[coverage_counter-2]     if not self._work_tracker.wait(timeout_sec):
[coverage_counter-2]   File "/opt/ros/humble/local/lib/python3.10/dist-packages/rclpy/executors.py", line 94, in wait
[coverage_counter-2]     if not self._work_condition.wait_for(
[coverage_counter-2]   File "/usr/lib/python3.10/threading.py", line 355, in wait_for
[coverage_counter-2]     self.wait(waittime)
[coverage_counter-2]   File "/usr/lib/python3.10/threading.py", line 320, in wait
[coverage_counter-2]     waiter.acquire()
[coverage_counter-2] KeyboardInterrupt
[coverage_counter-2] 
[coverage_counter-2] During handling of the above exception, another exception occurred:
[coverage_counter-2] 
[coverage_counter-2] Traceback (most recent call last):
[coverage_counter-2]   File "/home/ecem/ros2_ws/install/swarm_basics/lib/swarm_basics/coverage_counter", line 33, in <module>
[coverage_counter-2]     sys.exit(load_entry_point('swarm-basics==0.0.0', 'console_scripts', 'coverage_counter')())
[coverage_counter-2]   File "/home/ecem/ros2_ws/install/swarm_basics/lib/python3.10/site-packages/swarm_basics/coverage_counter.py", line 421, in main
[coverage_counter-2]     node.shutdown_and_save()
[coverage_counter-2]   File "/home/ecem/ros2_ws/install/swarm_basics/lib/python3.10/site-packages/swarm_basics/coverage_counter.py", line 174, in shutdown_and_save
[coverage_counter-2]     rclpy.shutdown()
[coverage_counter-2]   File "/opt/ros/humble/local/lib/python3.10/dist-packages/rclpy/__init__.py", line 130, in shutdown
[coverage_counter-2]     _shutdown(context=context)
[coverage_counter-2]   File "/opt/ros/humble/local/lib/python3.10/dist-packages/rclpy/utilities.py", line 58, in shutdown
[coverage_counter-2]     return context.shutdown()
[coverage_counter-2]   File "/opt/ros/humble/local/lib/python3.10/dist-packages/rclpy/context.py", line 100, in shutdown
[coverage_counter-2]     raise RuntimeError('Context must be initialized before it can be shutdown')
[coverage_counter-2] RuntimeError: Context must be initialized before it can be shutdown
[bump_counter-3] Traceback (most recent call last):
[bump_counter-3]   File "/home/ecem/ros2_ws/install/swarm_basics/lib/swarm_basics/bump_counter", line 33, in <module>
[bump_counter-3]     sys.exit(load_entry_point('swarm-basics==0.0.0', 'console_scripts', 'bump_counter')())
[bump_counter-3]   File "/home/ecem/ros2_ws/install/swarm_basics/lib/python3.10/site-packages/swarm_basics/bump_counter.py", line 384, in main
[bump_counter-3]     rclpy.shutdown()
[bump_counter-3]   File "/opt/ros/humble/local/lib/python3.10/dist-packages/rclpy/__init__.py", line 130, in shutdown
[bump_counter-3]     _shutdown(context=context)
[bump_counter-3]   File "/opt/ros/humble/local/lib/python3.10/dist-packages/rclpy/utilities.py", line 58, in shutdown
[bump_counter-3]     return context.shutdown()
[bump_counter-3]   File "/opt/ros/humble/local/lib/python3.10/dist-packages/rclpy/context.py", line 102, in shutdown
[bump_counter-3]     self.__context.shutdown()
[bump_counter-3] rclpy._rclpy_pybind11.RCLError: failed to shutdown: rcl_shutdown already called on the given context, at ./src/rcl/init.c:241
[ERROR] [coverage_counter-2]: process has died [pid 486008, exit code 1, cmd '/home/ecem/ros2_ws/install/swarm_basics/lib/swarm_basics/coverage_counter --ros-args -r __node:=coverage_counter --params-file /tmp/launch_params__mc46g3j --params-file /tmp/launch_params_sceh8upp --params-file /tmp/launch_params_8g940_xo --params-file /tmp/launch_params_sybp5z2l --params-file /tmp/launch_params_yh8w6czs --params-file /tmp/launch_params_aqzdjnjr'].
[ERROR] [bump_counter-3]: process has died [pid 486011, exit code 1, cmd '/home/ecem/ros2_ws/install/swarm_basics/lib/swarm_basics/bump_counter --ros-args -r __node:=bump_counter --params-file /tmp/launch_params_f69wre5i --params-file /tmp/launch_params_w1ut9is3 --params-file /tmp/launch_params_srlksl63'].
[ERROR] [robot_supervisor-19]: process has died [pid 486111, exit code -2, cmd '/home/ecem/ros2_ws/install/swarm_basics/lib/swarm_basics/robot_supervisor --ros-args -r __node:=robot_supervisor -r __ns:=/robot_4 --params-file /tmp/launch_params_jrlvbew9 --params-file /tmp/launch_params_a8tr_3c0 --params-file /tmp/launch_params_fly2cvhi --params-file /tmp/launch_params_59geep97'].
[ERROR] [robot_supervisor-16]: process has died [pid 486040, exit code -2, cmd '/home/ecem/ros2_ws/install/swarm_basics/lib/swarm_basics/robot_supervisor --ros-args -r __node:=robot_supervisor -r __ns:=/robot_3 --params-file /tmp/launch_params_9lw416gh --params-file /tmp/launch_params_32y04d2d --params-file /tmp/launch_params_3vvx5brw --params-file /tmp/launch_params_uhpcyhob'].
[ERROR] [robot_supervisor-13]: process has died [pid 486034, exit code -2, cmd '/home/ecem/ros2_ws/install/swarm_basics/lib/swarm_basics/robot_supervisor --ros-args -r __node:=robot_supervisor -r __ns:=/robot_2 --params-file /tmp/launch_params_snr_t_jt --params-file /tmp/launch_params_nixsfy_2 --params-file /tmp/launch_params_yrme3iak --params-file /tmp/launch_params_txykg8ve'].
[ERROR] [robot_supervisor-10]: process has died [pid 486027, exit code -2, cmd '/home/ecem/ros2_ws/install/swarm_basics/lib/swarm_basics/robot_supervisor --ros-args -r __node:=robot_supervisor -r __ns:=/robot_1 --params-file /tmp/launch_params_pbiu3cse --params-file /tmp/launch_params_99dieq59 --params-file /tmp/launch_params_zkd6jtk2 --params-file /tmp/launch_params_lmjsbrzo'].
[ERROR] [robot_supervisor-7]: process has died [pid 486020, exit code -2, cmd '/home/ecem/ros2_ws/install/swarm_basics/lib/swarm_basics/robot_supervisor --ros-args -r __node:=robot_supervisor -r __ns:=/robot_0 --params-file /tmp/launch_params_xw4fm0c9 --params-file /tmp/launch_params_em5ung6e --params-file /tmp/launch_params_4qytvfia --params-file /tmp/launch_params_ttdcxpt2'].
