[INFO] [launch]: All log files can be found below /home/ecem/.ros/log/2026-04-23-19-59-07-772090-ecem-pc-436860
[INFO] [launch]: Default logging verbosity is set to INFO
[INFO] [ign gazebo-1]: process started with pid [436875]
[INFO] [coverage_counter-2]: process started with pid [436877]
[INFO] [bump_counter-3]: process started with pid [436880]
[INFO] [parameter_bridge-4]: process started with pid [436882]
[INFO] [robot_state_publisher-5]: process started with pid [436884]
[INFO] [create-6]: process started with pid [436886]
[INFO] [robot_supervisor-7]: process started with pid [436888]
[INFO] [robot_state_publisher-8]: process started with pid [436891]
[INFO] [create-9]: process started with pid [436893]
[INFO] [robot_supervisor-10]: process started with pid [436896]
[INFO] [robot_state_publisher-11]: process started with pid [436898]
[INFO] [create-12]: process started with pid [436900]
[INFO] [robot_supervisor-13]: process started with pid [436902]
[INFO] [robot_state_publisher-14]: process started with pid [436904]
[INFO] [create-15]: process started with pid [436907]
[INFO] [robot_supervisor-16]: process started with pid [436909]
[INFO] [robot_state_publisher-17]: process started with pid [436912]
[INFO] [create-18]: process started with pid [436949]
[INFO] [robot_supervisor-19]: process started with pid [436961]
[INFO] [parameter_bridge-20]: process started with pid [436976]
[parameter_bridge-4] [ros_ign_bridge] is deprecated! Redirecting to use [ros_gz_bridge] instead!
[parameter_bridge-4] 
[create-6] [INFO] [1776967148.500674493] [robot_0.ros_gz_sim]: Requesting list of world names.
[create-9] [INFO] [1776967148.501206559] [robot_1.ros_gz_sim]: Requesting list of world names.
[create-15] [INFO] [1776967148.504875829] [robot_3.ros_gz_sim]: Requesting list of world names.
[create-12] [INFO] [1776967148.515457969] [robot_2.ros_gz_sim]: Requesting list of world names.
[robot_state_publisher-14] [INFO] [1776967148.519655466] [robot_3.robot_state_publisher]: got segment robot_3/antenna_link
[robot_state_publisher-14] [INFO] [1776967148.519848121] [robot_3.robot_state_publisher]: got segment robot_3/base_footprint
[robot_state_publisher-14] [INFO] [1776967148.519876798] [robot_3.robot_state_publisher]: got segment robot_3/base_link
[robot_state_publisher-14] [INFO] [1776967148.519891158] [robot_3.robot_state_publisher]: got segment robot_3/realsense_link
[robot_state_publisher-14] [INFO] [1776967148.519903535] [robot_3.robot_state_publisher]: got segment robot_3/rocker_L_link
[robot_state_publisher-14] [INFO] [1776967148.519915468] [robot_3.robot_state_publisher]: got segment robot_3/rocker_R_link
[robot_state_publisher-14] [INFO] [1776967148.519926526] [robot_3.robot_state_publisher]: got segment robot_3/wheel_FL_link
[robot_state_publisher-14] [INFO] [1776967148.519937857] [robot_3.robot_state_publisher]: got segment robot_3/wheel_FR_link
[robot_state_publisher-14] [INFO] [1776967148.519948888] [robot_3.robot_state_publisher]: got segment robot_3/wheel_RL_link
[robot_state_publisher-14] [INFO] [1776967148.519959453] [robot_3.robot_state_publisher]: got segment robot_3/wheel_RR_link
[robot_state_publisher-11] [INFO] [1776967148.519984879] [robot_2.robot_state_publisher]: got segment robot_2/antenna_link
[robot_state_publisher-11] [INFO] [1776967148.520087537] [robot_2.robot_state_publisher]: got segment robot_2/base_footprint
[robot_state_publisher-11] [INFO] [1776967148.520099052] [robot_2.robot_state_publisher]: got segment robot_2/base_link
[robot_state_publisher-11] [INFO] [1776967148.520107157] [robot_2.robot_state_publisher]: got segment robot_2/realsense_link
[robot_state_publisher-11] [INFO] [1776967148.520116422] [robot_2.robot_state_publisher]: got segment robot_2/rocker_L_link
[robot_state_publisher-11] [INFO] [1776967148.520122901] [robot_2.robot_state_publisher]: got segment robot_2/rocker_R_link
[robot_state_publisher-11] [INFO] [1776967148.520128946] [robot_2.robot_state_publisher]: got segment robot_2/wheel_FL_link
[robot_state_publisher-11] [INFO] [1776967148.520135101] [robot_2.robot_state_publisher]: got segment robot_2/wheel_FR_link
[robot_state_publisher-11] [INFO] [1776967148.520141164] [robot_2.robot_state_publisher]: got segment robot_2/wheel_RL_link
[robot_state_publisher-11] [INFO] [1776967148.520147124] [robot_2.robot_state_publisher]: got segment robot_2/wheel_RR_link
[robot_state_publisher-5] [INFO] [1776967148.522270459] [robot_0.robot_state_publisher]: got segment robot_0/antenna_link
[robot_state_publisher-5] [INFO] [1776967148.522390997] [robot_0.robot_state_publisher]: got segment robot_0/base_footprint
[robot_state_publisher-5] [INFO] [1776967148.522408875] [robot_0.robot_state_publisher]: got segment robot_0/base_link
[robot_state_publisher-5] [INFO] [1776967148.522418696] [robot_0.robot_state_publisher]: got segment robot_0/realsense_link
[robot_state_publisher-5] [INFO] [1776967148.522427611] [robot_0.robot_state_publisher]: got segment robot_0/rocker_L_link
[robot_state_publisher-5] [INFO] [1776967148.522436259] [robot_0.robot_state_publisher]: got segment robot_0/rocker_R_link
[robot_state_publisher-5] [INFO] [1776967148.522445168] [robot_0.robot_state_publisher]: got segment robot_0/wheel_FL_link
[robot_state_publisher-5] [INFO] [1776967148.522454707] [robot_0.robot_state_publisher]: got segment robot_0/wheel_FR_link
[robot_state_publisher-5] [INFO] [1776967148.522463480] [robot_0.robot_state_publisher]: got segment robot_0/wheel_RL_link
[robot_state_publisher-5] [INFO] [1776967148.522472041] [robot_0.robot_state_publisher]: got segment robot_0/wheel_RR_link
[create-18] [INFO] [1776967148.533343846] [robot_4.ros_gz_sim]: Requesting list of world names.
[parameter_bridge-4] [INFO] [1776967148.538033992] [all_robots_bridge]: Creating ROS->GZ Bridge: [/robot_0/cmd_vel (geometry_msgs/msg/Twist) -> /robot_0/cmd_vel (ignition.msgs.Twist)] (Lazy 0)
[robot_state_publisher-8] [INFO] [1776967148.539628097] [robot_1.robot_state_publisher]: got segment robot_1/antenna_link
[robot_state_publisher-8] [INFO] [1776967148.539871985] [robot_1.robot_state_publisher]: got segment robot_1/base_footprint
[robot_state_publisher-8] [INFO] [1776967148.539902125] [robot_1.robot_state_publisher]: got segment robot_1/base_link
[robot_state_publisher-8] [INFO] [1776967148.539922999] [robot_1.robot_state_publisher]: got segment robot_1/realsense_link
[robot_state_publisher-8] [INFO] [1776967148.539941595] [robot_1.robot_state_publisher]: got segment robot_1/rocker_L_link
[robot_state_publisher-8] [INFO] [1776967148.539959850] [robot_1.robot_state_publisher]: got segment robot_1/rocker_R_link
[robot_state_publisher-8] [INFO] [1776967148.539976871] [robot_1.robot_state_publisher]: got segment robot_1/wheel_FL_link
[robot_state_publisher-8] [INFO] [1776967148.539993545] [robot_1.robot_state_publisher]: got segment robot_1/wheel_FR_link
[robot_state_publisher-8] [INFO] [1776967148.540009909] [robot_1.robot_state_publisher]: got segment robot_1/wheel_RL_link
[robot_state_publisher-8] [INFO] [1776967148.540026169] [robot_1.robot_state_publisher]: got segment robot_1/wheel_RR_link
[parameter_bridge-4] [INFO] [1776967148.540843439] [all_robots_bridge]: Creating GZ->ROS Bridge: [/robot_0/odom (ignition.msgs.Odometry) -> /robot_0/odom (nav_msgs/msg/Odometry)] (Lazy 0)
[parameter_bridge-4] [INFO] [1776967148.542119822] [all_robots_bridge]: Creating GZ->ROS Bridge: [/robot_0/depth_camera/depth_image (ignition.msgs.Image) -> /robot_0/depth_camera/depth_image (sensor_msgs/msg/Image)] (Lazy 0)
[parameter_bridge-4] [INFO] [1776967148.544870603] [all_robots_bridge]: Creating GZ->ROS Bridge: [/world/random_world/model/robot_0/link/robot_0/base_footprint/sensor/contact_sensor/contact (ignition.msgs.Contacts) -> /world/random_world/model/robot_0/link/robot_0/base_footprint/sensor/contact_sensor/contact (ros_gz_interfaces/msg/Contacts)] (Lazy 0)
[parameter_bridge-4] [INFO] [1776967148.547941003] [all_robots_bridge]: Creating ROS->GZ Bridge: [/robot_1/cmd_vel (geometry_msgs/msg/Twist) -> /robot_1/cmd_vel (ignition.msgs.Twist)] (Lazy 0)
[parameter_bridge-4] [INFO] [1776967148.549300104] [all_robots_bridge]: Creating GZ->ROS Bridge: [/robot_1/odom (ignition.msgs.Odometry) -> /robot_1/odom (nav_msgs/msg/Odometry)] (Lazy 0)
[parameter_bridge-4] [INFO] [1776967148.551022521] [all_robots_bridge]: Creating GZ->ROS Bridge: [/robot_1/depth_camera/depth_image (ignition.msgs.Image) -> /robot_1/depth_camera/depth_image (sensor_msgs/msg/Image)] (Lazy 0)
[parameter_bridge-4] [INFO] [1776967148.553166111] [all_robots_bridge]: Creating GZ->ROS Bridge: [/world/random_world/model/robot_1/link/robot_1/base_footprint/sensor/contact_sensor/contact (ignition.msgs.Contacts) -> /world/random_world/model/robot_1/link/robot_1/base_footprint/sensor/contact_sensor/contact (ros_gz_interfaces/msg/Contacts)] (Lazy 0)
[robot_state_publisher-17] [INFO] [1776967148.554617944] [robot_4.robot_state_publisher]: got segment robot_4/antenna_link
[robot_state_publisher-17] [INFO] [1776967148.554748367] [robot_4.robot_state_publisher]: got segment robot_4/base_footprint
[robot_state_publisher-17] [INFO] [1776967148.554764186] [robot_4.robot_state_publisher]: got segment robot_4/base_link
[robot_state_publisher-17] [INFO] [1776967148.554776021] [robot_4.robot_state_publisher]: got segment robot_4/realsense_link
[robot_state_publisher-17] [INFO] [1776967148.554786273] [robot_4.robot_state_publisher]: got segment robot_4/rocker_L_link
[robot_state_publisher-17] [INFO] [1776967148.554795906] [robot_4.robot_state_publisher]: got segment robot_4/rocker_R_link
[robot_state_publisher-17] [INFO] [1776967148.554805172] [robot_4.robot_state_publisher]: got segment robot_4/wheel_FL_link
[robot_state_publisher-17] [INFO] [1776967148.554814863] [robot_4.robot_state_publisher]: got segment robot_4/wheel_FR_link
[robot_state_publisher-17] [INFO] [1776967148.554824463] [robot_4.robot_state_publisher]: got segment robot_4/wheel_RL_link
[robot_state_publisher-17] [INFO] [1776967148.554833851] [robot_4.robot_state_publisher]: got segment robot_4/wheel_RR_link
[parameter_bridge-4] [INFO] [1776967148.555028268] [all_robots_bridge]: Creating ROS->GZ Bridge: [/robot_2/cmd_vel (geometry_msgs/msg/Twist) -> /robot_2/cmd_vel (ignition.msgs.Twist)] (Lazy 0)
[parameter_bridge-4] [INFO] [1776967148.556886836] [all_robots_bridge]: Creating GZ->ROS Bridge: [/robot_2/odom (ignition.msgs.Odometry) -> /robot_2/odom (nav_msgs/msg/Odometry)] (Lazy 0)
[parameter_bridge-4] [INFO] [1776967148.557699328] [all_robots_bridge]: Creating GZ->ROS Bridge: [/robot_2/depth_camera/depth_image (ignition.msgs.Image) -> /robot_2/depth_camera/depth_image (sensor_msgs/msg/Image)] (Lazy 0)
[parameter_bridge-4] [INFO] [1776967148.560028907] [all_robots_bridge]: Creating GZ->ROS Bridge: [/world/random_world/model/robot_2/link/robot_2/base_footprint/sensor/contact_sensor/contact (ignition.msgs.Contacts) -> /world/random_world/model/robot_2/link/robot_2/base_footprint/sensor/contact_sensor/contact (ros_gz_interfaces/msg/Contacts)] (Lazy 0)
[parameter_bridge-4] [INFO] [1776967148.562076103] [all_robots_bridge]: Creating ROS->GZ Bridge: [/robot_3/cmd_vel (geometry_msgs/msg/Twist) -> /robot_3/cmd_vel (ignition.msgs.Twist)] (Lazy 0)
[parameter_bridge-4] [INFO] [1776967148.562619071] [all_robots_bridge]: Creating GZ->ROS Bridge: [/robot_3/odom (ignition.msgs.Odometry) -> /robot_3/odom (nav_msgs/msg/Odometry)] (Lazy 0)
[parameter_bridge-4] [INFO] [1776967148.563175133] [all_robots_bridge]: Creating GZ->ROS Bridge: [/robot_3/depth_camera/depth_image (ignition.msgs.Image) -> /robot_3/depth_camera/depth_image (sensor_msgs/msg/Image)] (Lazy 0)
[parameter_bridge-4] [INFO] [1776967148.564119962] [all_robots_bridge]: Creating GZ->ROS Bridge: [/world/random_world/model/robot_3/link/robot_3/base_footprint/sensor/contact_sensor/contact (ignition.msgs.Contacts) -> /world/random_world/model/robot_3/link/robot_3/base_footprint/sensor/contact_sensor/contact (ros_gz_interfaces/msg/Contacts)] (Lazy 0)
[parameter_bridge-4] [INFO] [1776967148.565181697] [all_robots_bridge]: Creating ROS->GZ Bridge: [/robot_4/cmd_vel (geometry_msgs/msg/Twist) -> /robot_4/cmd_vel (ignition.msgs.Twist)] (Lazy 0)
[parameter_bridge-4] [INFO] [1776967148.565862457] [all_robots_bridge]: Creating GZ->ROS Bridge: [/robot_4/odom (ignition.msgs.Odometry) -> /robot_4/odom (nav_msgs/msg/Odometry)] (Lazy 0)
[parameter_bridge-4] [INFO] [1776967148.566796282] [all_robots_bridge]: Creating GZ->ROS Bridge: [/robot_4/depth_camera/depth_image (ignition.msgs.Image) -> /robot_4/depth_camera/depth_image (sensor_msgs/msg/Image)] (Lazy 0)
[parameter_bridge-4] [INFO] [1776967148.567582153] [all_robots_bridge]: Creating GZ->ROS Bridge: [/world/random_world/model/robot_4/link/robot_4/base_footprint/sensor/contact_sensor/contact (ignition.msgs.Contacts) -> /world/random_world/model/robot_4/link/robot_4/base_footprint/sensor/contact_sensor/contact (ros_gz_interfaces/msg/Contacts)] (Lazy 0)
[parameter_bridge-4] [INFO] [1776967148.568668175] [all_robots_bridge]: Creating GZ->ROS Bridge: [/world/random_world/dynamic_pose/info (ignition.msgs.Pose_V) -> /world/random_world/dynamic_pose/info (tf2_msgs/msg/TFMessage)] (Lazy 0)
[parameter_bridge-20] [INFO] [1776967148.591998594] [clock_bridge]: Creating GZ->ROS Bridge: [/clock (ignition.msgs.Clock) -> /clock (rosgraph_msgs/msg/Clock)] (Lazy 0)
[bump_counter-3] [INFO] [1776967148.962702190] [bump_counter]: [global] global_mode=True cooldown(robot)=0.80s cooldown(obs)=0.50s Logging to /home/ecem/ros2_ws/src/Leo_sct/results_exp/explore_gpt54_repeat3_once/medium/prompt_5/run_2/middle_circle/trial_3/run_20260423_195908/bumps_global_195908.csv
[robot_supervisor-7] [INFO] [1776967149.067282097] [robot_0.robot_supervisor]: Loaded initial mission 'explore' from explicit YAML explore_sup_gpt_medium_5_run_2_241.yaml
[robot_supervisor-10] [INFO] [1776967149.073557343] [robot_1.robot_supervisor]: Loaded initial mission 'explore' from explicit YAML explore_sup_gpt_medium_5_run_2_241.yaml
[robot_supervisor-13] [INFO] [1776967149.079541714] [robot_2.robot_supervisor]: Loaded initial mission 'explore' from explicit YAML explore_sup_gpt_medium_5_run_2_241.yaml
[robot_supervisor-19] [INFO] [1776967149.147560935] [robot_4.robot_supervisor]: Loaded initial mission 'explore' from explicit YAML explore_sup_gpt_medium_5_run_2_241.yaml
[robot_supervisor-16] [INFO] [1776967149.149578740] [robot_3.robot_supervisor]: Loaded initial mission 'explore' from explicit YAML explore_sup_gpt_medium_5_run_2_241.yaml
[create-6] [INFO] [1776967149.169167819] [robot_0.ros_gz_sim]: Waiting messages on topic [/robot_0/robot_description].
[robot_supervisor-7] [INFO] [1776967149.183405987] [robot_0.robot_supervisor]: Selected controllable event: EV_random_walk
[robot_supervisor-10] [INFO] [1776967149.183594464] [robot_1.robot_supervisor]: Selected controllable event: EV_random_walk
[parameter_bridge-4] [INFO] [1776967149.183975480] [all_robots_bridge]: Passing message from ROS geometry_msgs/msg/Twist to Gazebo gz.msgs.Twist (showing msg only once per type)
[robot_supervisor-13] [INFO] [1776967149.190029875] [robot_2.robot_supervisor]: Selected controllable event: EV_random_walk
[robot_supervisor-19] [INFO] [1776967149.256917605] [robot_4.robot_supervisor]: Selected controllable event: EV_random_walk
[robot_supervisor-16] [INFO] [1776967149.260937887] [robot_3.robot_supervisor]: Selected controllable event: EV_random_walk
[create-15] [INFO] [1776967149.270029808] [robot_3.ros_gz_sim]: Waiting messages on topic [/robot_3/robot_description].
[create-12] [INFO] [1776967149.370270344] [robot_2.ros_gz_sim]: Waiting messages on topic [/robot_2/robot_description].
[create-9] [INFO] [1776967149.470329720] [robot_1.ros_gz_sim]: Waiting messages on topic [/robot_1/robot_description].
[robot_supervisor-7] [INFO] [1776967149.483262308] [robot_0.robot_supervisor]: Selected controllable event: EV_random_walk
[robot_supervisor-10] [INFO] [1776967149.483499422] [robot_1.robot_supervisor]: Selected controllable event: EV_random_walk
[robot_supervisor-13] [INFO] [1776967149.489881698] [robot_2.robot_supervisor]: Selected controllable event: EV_random_walk
[robot_supervisor-19] [INFO] [1776967149.556813986] [robot_4.robot_supervisor]: Selected controllable event: EV_random_walk
[robot_supervisor-16] [INFO] [1776967149.560822384] [robot_3.robot_supervisor]: Selected controllable event: EV_random_walk
[create-12] [INFO] [1776967149.569777860] [robot_2.ros_gz_sim]: Requested creation of entity.
[create-12] [INFO] [1776967149.569834392] [robot_2.ros_gz_sim]: OK creation of entity.
[create-9] [INFO] [1776967149.569803182] [robot_1.ros_gz_sim]: Requested creation of entity.
[create-9] [INFO] [1776967149.569867208] [robot_1.ros_gz_sim]: OK creation of entity.
[create-15] [INFO] [1776967149.569878396] [robot_3.ros_gz_sim]: Requested creation of entity.
[create-15] [INFO] [1776967149.569935053] [robot_3.ros_gz_sim]: OK creation of entity.
[create-6] [INFO] [1776967149.569929444] [robot_0.ros_gz_sim]: Requested creation of entity.
[create-6] [INFO] [1776967149.569994461] [robot_0.ros_gz_sim]: OK creation of entity.
[create-18] [INFO] [1776967149.571760416] [robot_4.ros_gz_sim]: Waiting messages on topic [/robot_4/robot_description].
[create-18] [INFO] [1776967149.574790767] [robot_4.ros_gz_sim]: Requested creation of entity.
[create-18] [INFO] [1776967149.574835678] [robot_4.ros_gz_sim]: OK creation of entity.
[INFO] [create-15]: process has finished cleanly [pid 436907]
[robot_supervisor-10] [INFO] [1776967149.782760521] [robot_1.robot_supervisor]: Selected controllable event: EV_move_forward
[robot_supervisor-7] [INFO] [1776967149.782836111] [robot_0.robot_supervisor]: Selected controllable event: EV_move_forward
[robot_supervisor-13] [INFO] [1776967149.789843778] [robot_2.robot_supervisor]: Selected controllable event: EV_move_forward
[robot_supervisor-19] [INFO] [1776967149.856678496] [robot_4.robot_supervisor]: Selected controllable event: EV_move_forward
[robot_supervisor-16] [INFO] [1776967149.860726314] [robot_3.robot_supervisor]: Selected controllable event: EV_move_forward
[INFO] [create-12]: process has finished cleanly [pid 436900]
[INFO] [create-9]: process has finished cleanly [pid 436893]
[INFO] [create-18]: process has finished cleanly [pid 436949]
[INFO] [create-6]: process has finished cleanly [pid 436886]
[bump_counter-3] [INFO] [1776967150.101078618] [bump_counter]: [global] subscribed: /world/random_world/model/robot_0/link/robot_0/base_footprint/sensor/contact_sensor/contact
[bump_counter-3] [INFO] [1776967150.102719879] [bump_counter]: [global] subscribed: /world/random_world/model/robot_1/link/robot_1/base_footprint/sensor/contact_sensor/contact
[bump_counter-3] [INFO] [1776967150.103800742] [bump_counter]: [global] subscribed: /world/random_world/model/robot_2/link/robot_2/base_footprint/sensor/contact_sensor/contact
[bump_counter-3] [INFO] [1776967150.104819852] [bump_counter]: [global] subscribed: /world/random_world/model/robot_3/link/robot_3/base_footprint/sensor/contact_sensor/contact
[bump_counter-3] [INFO] [1776967150.105796589] [bump_counter]: [global] subscribed: /world/random_world/model/robot_4/link/robot_4/base_footprint/sensor/contact_sensor/contact
[INFO] [image_processor-21]: process started with pid [437272]
[INFO] [image_processor-22]: process started with pid [437274]
[INFO] [image_processor-23]: process started with pid [437276]
[INFO] [image_processor-24]: process started with pid [437278]
[INFO] [image_processor-25]: process started with pid [437280]
[image_processor-21] [INFO] [1776967150.563121212] [robot_0.image_processor]: image_processor: depth='/robot_0/depth_camera/depth_image' aruco_runtime=disabled
[image_processor-24] [INFO] [1776967150.582883828] [robot_3.image_processor]: image_processor: depth='/robot_3/depth_camera/depth_image' aruco_runtime=disabled
[image_processor-22] [INFO] [1776967150.588214186] [robot_1.image_processor]: image_processor: depth='/robot_1/depth_camera/depth_image' aruco_runtime=disabled
[image_processor-23] [INFO] [1776967150.591297556] [robot_2.image_processor]: image_processor: depth='/robot_2/depth_camera/depth_image' aruco_runtime=disabled
[image_processor-25] [INFO] [1776967150.622151353] [robot_4.image_processor]: image_processor: depth='/robot_4/depth_camera/depth_image' aruco_runtime=disabled
[image_processor-21] [INFO] [1776967155.370659502] [robot_0.image_processor]: Zone=CLEAR  left[p=1.026 near=0 v=7650]  front[p=1.493 near=0 v=13500]  right[p=2.221 near=0 v=7740]
[image_processor-24] [INFO] [1776967155.386590246] [robot_3.image_processor]: Zone=CLEAR  left[p=0.894 near=0 v=7620]  front[p=3.072 near=0 v=13297]  right[p=2.913 near=0 v=7740]
[image_processor-23] [INFO] [1776967155.398847014] [robot_2.image_processor]: Zone=CLEAR  left[p=1.875 near=0 v=7650]  front[p=2.263 near=0 v=12349]  right[p=1.628 near=0 v=7740]
[image_processor-22] [INFO] [1776967155.411946793] [robot_1.image_processor]: Zone=CLEAR  left[p=3.007 near=0 v=7650]  front[p=3.426 near=0 v=13244]  right[p=2.532 near=0 v=7517]
[image_processor-25] [INFO] [1776967155.434585265] [robot_4.image_processor]: Zone=CLEAR  left[p=2.299 near=0 v=7157]  front[p=2.450 near=0 v=13239]  right[p=3.007 near=0 v=7740]
[image_processor-21] [INFO] [1776967157.872831605] [robot_0.image_processor]: Zone=CLEAR
[image_processor-24] [INFO] [1776967157.887247083] [robot_3.image_processor]: Zone=CLEAR
[image_processor-23] [INFO] [1776967157.906235451] [robot_2.image_processor]: Zone=CLEAR
[image_processor-22] [INFO] [1776967157.920954608] [robot_1.image_processor]: Zone=CLEAR
[image_processor-25] [INFO] [1776967157.938492558] [robot_4.image_processor]: Zone=CLEAR
[image_processor-21] [INFO] [1776967160.366126801] [robot_0.image_processor]: Zone=CLEAR
[image_processor-24] [INFO] [1776967160.383590761] [robot_3.image_processor]: Zone=CLEAR
[image_processor-23] [INFO] [1776967160.408440385] [robot_2.image_processor]: Zone=CLEAR
[image_processor-22] [INFO] [1776967160.432127914] [robot_1.image_processor]: Zone=CLEAR
[image_processor-25] [INFO] [1776967160.443539878] [robot_4.image_processor]: Zone=CLEAR
[image_processor-21] [INFO] [1776967162.872578258] [robot_0.image_processor]: Zone=CLEAR
[image_processor-24] [INFO] [1776967162.885855417] [robot_3.image_processor]: Zone=CLEAR
[image_processor-23] [INFO] [1776967162.906344540] [robot_2.image_processor]: Zone=CLEAR
[image_processor-22] [INFO] [1776967162.918480653] [robot_1.image_processor]: Zone=CLEAR
[image_processor-25] [INFO] [1776967162.939918341] [robot_4.image_processor]: Zone=CLEAR
[image_processor-21] [INFO] [1776967165.370807834] [robot_0.image_processor]: Zone=CLEAR
[image_processor-24] [INFO] [1776967165.384188655] [robot_3.image_processor]: Zone=CLEAR
[image_processor-23] [INFO] [1776967165.396552624] [robot_2.image_processor]: Zone=CLEAR
[image_processor-22] [INFO] [1776967165.407278093] [robot_1.image_processor]: Zone=CLEAR
[image_processor-25] [INFO] [1776967165.420180871] [robot_4.image_processor]: Zone=CLEAR
[image_processor-24] [INFO] [1776967167.884178009] [robot_3.image_processor]: Zone=CLEAR
[image_processor-23] [INFO] [1776967167.907358571] [robot_2.image_processor]: Zone=CLEAR
[image_processor-22] [INFO] [1776967167.917906577] [robot_1.image_processor]: Zone=CLEAR
[image_processor-25] [INFO] [1776967167.939603505] [robot_4.image_processor]: Zone=CLEAR
[image_processor-21] [INFO] [1776967167.973031679] [robot_0.image_processor]: Zone=CLEAR
[image_processor-24] [INFO] [1776967170.390108754] [robot_3.image_processor]: Zone=CLEAR
[image_processor-23] [INFO] [1776967170.407470621] [robot_2.image_processor]: Zone=CLEAR
[image_processor-22] [INFO] [1776967170.418288836] [robot_1.image_processor]: Zone=CLEAR
[image_processor-25] [INFO] [1776967170.439083390] [robot_4.image_processor]: Zone=CLEAR
[image_processor-21] [INFO] [1776967170.474026992] [robot_0.image_processor]: Zone=CLEAR
[image_processor-21] [INFO] [1776967172.861368210] [robot_0.image_processor]: Zone=CLEAR
[image_processor-24] [INFO] [1776967172.874684918] [robot_3.image_processor]: Zone=CLEAR
[image_processor-23] [INFO] [1776967172.885537432] [robot_2.image_processor]: Zone=CLEAR
[image_processor-22] [INFO] [1776967172.905836483] [robot_1.image_processor]: Zone=CLEAR
[image_processor-25] [INFO] [1776967172.917730566] [robot_4.image_processor]: Zone=CLEAR
[image_processor-21] [INFO] [1776967175.370254489] [robot_0.image_processor]: Zone=CLEAR
[image_processor-24] [INFO] [1776967175.384142969] [robot_3.image_processor]: Zone=CLEAR
[image_processor-23] [INFO] [1776967175.406930445] [robot_2.image_processor]: Zone=CLEAR
[image_processor-22] [INFO] [1776967175.417663636] [robot_1.image_processor]: Zone=CLEAR
[image_processor-25] [INFO] [1776967175.439260605] [robot_4.image_processor]: Zone=CLEAR
[image_processor-21] [INFO] [1776967177.872376611] [robot_0.image_processor]: Zone=CLEAR
[image_processor-24] [INFO] [1776967177.884054289] [robot_3.image_processor]: Zone=CLEAR
[image_processor-23] [INFO] [1776967177.906657242] [robot_2.image_processor]: Zone=CLEAR
[image_processor-22] [INFO] [1776967177.919812429] [robot_1.image_processor]: Zone=CLEAR
[image_processor-25] [INFO] [1776967177.939421238] [robot_4.image_processor]: Zone=CLEAR
[image_processor-21] [INFO] [1776967180.372273899] [robot_0.image_processor]: Zone=CLEAR
[image_processor-24] [INFO] [1776967180.383725333] [robot_3.image_processor]: Zone=CLEAR
[image_processor-23] [INFO] [1776967180.406114161] [robot_2.image_processor]: Zone=CLEAR
[image_processor-22] [INFO] [1776967180.417088007] [robot_1.image_processor]: Zone=CLEAR
[image_processor-25] [INFO] [1776967180.438396486] [robot_4.image_processor]: Zone=CLEAR
[image_processor-21] [INFO] [1776967182.873088493] [robot_0.image_processor]: Zone=CLEAR
[image_processor-24] [INFO] [1776967182.887064806] [robot_3.image_processor]: Zone=CLEAR
[image_processor-23] [INFO] [1776967182.910282170] [robot_2.image_processor]: Zone=CLEAR
[image_processor-22] [INFO] [1776967182.939406269] [robot_1.image_processor]: Zone=CLEAR
[image_processor-25] [INFO] [1776967182.952197927] [robot_4.image_processor]: Zone=CLEAR
[image_processor-21] [INFO] [1776967185.371716577] [robot_0.image_processor]: Zone=CLEAR
[image_processor-24] [INFO] [1776967185.383457729] [robot_3.image_processor]: Zone=CLEAR
[image_processor-23] [INFO] [1776967185.395391939] [robot_2.image_processor]: Zone=CLEAR
[image_processor-22] [INFO] [1776967185.406456649] [robot_1.image_processor]: Zone=CLEAR
[image_processor-25] [INFO] [1776967185.417460765] [robot_4.image_processor]: Zone=CLEAR
[image_processor-21] [INFO] [1776967187.861501506] [robot_0.image_processor]: Zone=CLEAR
[image_processor-24] [INFO] [1776967187.875360841] [robot_3.image_processor]: Zone=CLEAR
[image_processor-23] [INFO] [1776967187.895460447] [robot_2.image_processor]: Zone=CLEAR
[image_processor-22] [INFO] [1776967187.908810100] [robot_1.image_processor]: Zone=CLEAR
[image_processor-25] [INFO] [1776967187.920761333] [robot_4.image_processor]: Zone=CLEAR
[image_processor-21] [INFO] [1776967190.371520355] [robot_0.image_processor]: Zone=CLEAR
[image_processor-24] [INFO] [1776967190.381584422] [robot_3.image_processor]: Zone=CLEAR
[image_processor-23] [INFO] [1776967190.404195998] [robot_2.image_processor]: Zone=CLEAR
[image_processor-22] [INFO] [1776967190.418557982] [robot_1.image_processor]: Zone=CLEAR
[image_processor-25] [INFO] [1776967190.428689583] [robot_4.image_processor]: Zone=CLEAR
[image_processor-21] [INFO] [1776967192.874039894] [robot_0.image_processor]: Zone=CLEAR
[image_processor-24] [INFO] [1776967192.885790697] [robot_3.image_processor]: Zone=CLEAR
[image_processor-23] [INFO] [1776967192.907071589] [robot_2.image_processor]: Zone=CLEAR
[image_processor-22] [INFO] [1776967192.920191989] [robot_1.image_processor]: Zone=CLEAR
[image_processor-25] [INFO] [1776967192.939833648] [robot_4.image_processor]: Zone=CLEAR
[image_processor-21] [INFO] [1776967195.372172654] [robot_0.image_processor]: Zone=CLEAR
[image_processor-24] [INFO] [1776967195.383230937] [robot_3.image_processor]: Zone=CLEAR
[image_processor-23] [INFO] [1776967195.405753954] [robot_2.image_processor]: Zone=CLEAR
[image_processor-22] [INFO] [1776967195.420297668] [robot_1.image_processor]: Zone=CLEAR
[image_processor-25] [INFO] [1776967195.438031397] [robot_4.image_processor]: Zone=CLEAR
[image_processor-21] [INFO] [1776967197.872361303] [robot_0.image_processor]: Zone=CLEAR
[image_processor-24] [INFO] [1776967197.884916601] [robot_3.image_processor]: Zone=CLEAR
[image_processor-23] [INFO] [1776967197.908597956] [robot_2.image_processor]: Zone=CLEAR
[image_processor-22] [INFO] [1776967197.925353870] [robot_1.image_processor]: Zone=CLEAR
[image_processor-25] [INFO] [1776967197.939150007] [robot_4.image_processor]: Zone=CLEAR
[image_processor-21] [INFO] [1776967200.374913067] [robot_0.image_processor]: Zone=CLEAR
[image_processor-24] [INFO] [1776967200.399982277] [robot_3.image_processor]: Zone=CLEAR
[image_processor-23] [INFO] [1776967200.409913294] [robot_2.image_processor]: Zone=CLEAR
[image_processor-22] [INFO] [1776967200.422763410] [robot_1.image_processor]: Zone=CLEAR
[image_processor-25] [INFO] [1776967200.440211923] [robot_4.image_processor]: Zone=CLEAR
[image_processor-21] [INFO] [1776967202.872886394] [robot_0.image_processor]: Zone=CLEAR
[image_processor-24] [INFO] [1776967202.886356202] [robot_3.image_processor]: Zone=CLEAR
[image_processor-23] [INFO] [1776967202.906425954] [robot_2.image_processor]: Zone=CLEAR
[image_processor-22] [INFO] [1776967202.917769938] [robot_1.image_processor]: Zone=CLEAR
[image_processor-25] [INFO] [1776967202.941114171] [robot_4.image_processor]: Zone=CLEAR
[image_processor-21] [INFO] [1776967205.371077323] [robot_0.image_processor]: Zone=CLEAR
[image_processor-24] [INFO] [1776967205.382695716] [robot_3.image_processor]: Zone=CLEAR
[image_processor-23] [INFO] [1776967205.395757012] [robot_2.image_processor]: Zone=CLEAR
[image_processor-22] [INFO] [1776967205.407111648] [robot_1.image_processor]: Zone=CLEAR
[image_processor-25] [INFO] [1776967205.523607870] [robot_4.image_processor]: Zone=CLEAR
[image_processor-21] [INFO] [1776967207.873784889] [robot_0.image_processor]: Zone=CLEAR
[image_processor-24] [INFO] [1776967207.885013829] [robot_3.image_processor]: Zone=CLEAR
[image_processor-23] [INFO] [1776967207.900743349] [robot_2.image_processor]: Zone=CLEAR
[image_processor-22] [INFO] [1776967207.914348236] [robot_1.image_processor]: Zone=CLEAR
[image_processor-25] [INFO] [1776967207.937675634] [robot_4.image_processor]: Zone=CLEAR
[image_processor-21] [INFO] [1776967210.371404682] [robot_0.image_processor]: Zone=CLEAR
[image_processor-24] [INFO] [1776967210.382069016] [robot_3.image_processor]: Zone=CLEAR
[image_processor-23] [INFO] [1776967210.405751045] [robot_2.image_processor]: Zone=CLEAR
[image_processor-22] [INFO] [1776967210.417140289] [robot_1.image_processor]: Zone=CLEAR
[image_processor-25] [INFO] [1776967210.437531041] [robot_4.image_processor]: Zone=CLEAR
[image_processor-21] [INFO] [1776967212.872831909] [robot_0.image_processor]: Zone=CLEAR
[image_processor-24] [INFO] [1776967212.884373467] [robot_3.image_processor]: Zone=CLEAR
[image_processor-23] [INFO] [1776967212.906328082] [robot_2.image_processor]: Zone=CLEAR
[image_processor-22] [INFO] [1776967212.919064157] [robot_1.image_processor]: Zone=CLEAR
[image_processor-25] [INFO] [1776967212.937924073] [robot_4.image_processor]: Zone=CLEAR
[image_processor-21] [INFO] [1776967215.371464409] [robot_0.image_processor]: Zone=CLEAR
[image_processor-24] [INFO] [1776967215.384277571] [robot_3.image_processor]: Zone=CLEAR
[image_processor-23] [INFO] [1776967215.405315121] [robot_2.image_processor]: Zone=CLEAR
[image_processor-22] [INFO] [1776967215.416928653] [robot_1.image_processor]: Zone=CLEAR
[image_processor-25] [INFO] [1776967215.440252144] [robot_4.image_processor]: Zone=CLEAR
[image_processor-21] [INFO] [1776967217.871547022] [robot_0.image_processor]: Zone=CLEAR
[image_processor-24] [INFO] [1776967217.883934754] [robot_3.image_processor]: Zone=CLEAR
[image_processor-23] [INFO] [1776967217.906513912] [robot_2.image_processor]: Zone=CLEAR
[image_processor-22] [INFO] [1776967217.918758027] [robot_1.image_processor]: Zone=CLEAR
[image_processor-25] [INFO] [1776967217.939968133] [robot_4.image_processor]: Zone=CLEAR
[image_processor-21] [INFO] [1776967220.371329033] [robot_0.image_processor]: Zone=CLEAR
[image_processor-24] [INFO] [1776967220.383449167] [robot_3.image_processor]: Zone=CLEAR
[image_processor-23] [INFO] [1776967220.406204513] [robot_2.image_processor]: Zone=CLEAR
[image_processor-22] [INFO] [1776967220.419086357] [robot_1.image_processor]: Zone=CLEAR
[image_processor-25] [INFO] [1776967220.438283174] [robot_4.image_processor]: Zone=CLEAR
[image_processor-21] [INFO] [1776967222.874058641] [robot_0.image_processor]: Zone=CLEAR
[image_processor-23] [INFO] [1776967222.912027216] [robot_2.image_processor]: Zone=CLEAR
[image_processor-22] [INFO] [1776967222.927827115] [robot_1.image_processor]: Zone=CLEAR
[image_processor-25] [INFO] [1776967222.939078905] [robot_4.image_processor]: Zone=CLEAR
[image_processor-24] [INFO] [1776967222.997516490] [robot_3.image_processor]: Zone=CLEAR
[image_processor-21] [INFO] [1776967225.373116827] [robot_0.image_processor]: Zone=CLEAR
[image_processor-24] [INFO] [1776967225.387002767] [robot_3.image_processor]: Zone=CLEAR
[image_processor-23] [INFO] [1776967225.408447551] [robot_2.image_processor]: Zone=CLEAR
[image_processor-22] [INFO] [1776967225.434428672] [robot_1.image_processor]: Zone=CLEAR
[image_processor-25] [INFO] [1776967225.447514120] [robot_4.image_processor]: Zone=CLEAR
[image_processor-21] [INFO] [1776967227.870233753] [robot_0.image_processor]: Zone=CLEAR
[image_processor-24] [INFO] [1776967227.882384436] [robot_3.image_processor]: Zone=CLEAR
[image_processor-23] [INFO] [1776967227.904310015] [robot_2.image_processor]: Zone=CLEAR
[image_processor-22] [INFO] [1776967227.914510272] [robot_1.image_processor]: Zone=CLEAR
[image_processor-25] [INFO] [1776967227.928175083] [robot_4.image_processor]: Zone=CLEAR
[image_processor-21] [INFO] [1776967230.371013544] [robot_0.image_processor]: Zone=CLEAR
[image_processor-24] [INFO] [1776967230.384745170] [robot_3.image_processor]: Zone=CLEAR
[image_processor-23] [INFO] [1776967230.405281618] [robot_2.image_processor]: Zone=CLEAR
[image_processor-22] [INFO] [1776967230.418451584] [robot_1.image_processor]: Zone=CLEAR
[image_processor-25] [INFO] [1776967230.438314868] [robot_4.image_processor]: Zone=CLEAR
[image_processor-21] [INFO] [1776967232.861411524] [robot_0.image_processor]: Zone=CLEAR
[image_processor-23] [INFO] [1776967232.883850314] [robot_2.image_processor]: Zone=CLEAR
[image_processor-22] [INFO] [1776967232.904943107] [robot_1.image_processor]: Zone=CLEAR
[image_processor-25] [INFO] [1776967232.915427798] [robot_4.image_processor]: Zone=CLEAR
[image_processor-24] [INFO] [1776967232.972548901] [robot_3.image_processor]: Zone=CLEAR
[image_processor-21] [INFO] [1776967235.371962372] [robot_0.image_processor]: Zone=CLEAR
[image_processor-24] [INFO] [1776967235.385616306] [robot_3.image_processor]: Zone=CLEAR
[image_processor-23] [INFO] [1776967235.403150000] [robot_2.image_processor]: Zone=CLEAR
[image_processor-22] [INFO] [1776967235.416135496] [robot_1.image_processor]: Zone=CLEAR
[image_processor-25] [INFO] [1776967235.437394635] [robot_4.image_processor]: Zone=CLEAR
[image_processor-21] [INFO] [1776967237.873062658] [robot_0.image_processor]: Zone=CLEAR
[image_processor-24] [INFO] [1776967237.889537731] [robot_3.image_processor]: Zone=CLEAR
[image_processor-23] [INFO] [1776967237.904600561] [robot_2.image_processor]: Zone=CLEAR
[image_processor-22] [INFO] [1776967237.916443454] [robot_1.image_processor]: Zone=CLEAR
[image_processor-25] [INFO] [1776967237.941119780] [robot_4.image_processor]: Zone=CLEAR
[image_processor-21] [INFO] [1776967240.373808687] [robot_0.image_processor]: Zone=CLEAR
[image_processor-24] [INFO] [1776967240.385532582] [robot_3.image_processor]: Zone=CLEAR
[image_processor-23] [INFO] [1776967240.408739041] [robot_2.image_processor]: Zone=CLEAR
[image_processor-22] [INFO] [1776967240.419658998] [robot_1.image_processor]: Zone=CLEAR
[image_processor-25] [INFO] [1776967240.438139145] [robot_4.image_processor]: Zone=CLEAR
[image_processor-21] [INFO] [1776967242.870945681] [robot_0.image_processor]: Zone=CLEAR
[image_processor-24] [INFO] [1776967242.883796231] [robot_3.image_processor]: Zone=CLEAR
[image_processor-23] [INFO] [1776967242.906976049] [robot_2.image_processor]: Zone=CLEAR
[image_processor-22] [INFO] [1776967242.918397377] [robot_1.image_processor]: Zone=CLEAR
[image_processor-25] [INFO] [1776967242.930000694] [robot_4.image_processor]: Zone=CLEAR
[image_processor-21] [INFO] [1776967245.372224021] [robot_0.image_processor]: Zone=CLEAR
[image_processor-24] [INFO] [1776967245.383003681] [robot_3.image_processor]: Zone=CLEAR
[image_processor-23] [INFO] [1776967245.397141793] [robot_2.image_processor]: Zone=CLEAR
[image_processor-22] [INFO] [1776967245.409697014] [robot_1.image_processor]: Zone=CLEAR
[image_processor-25] [INFO] [1776967245.430201672] [robot_4.image_processor]: Zone=CLEAR
[image_processor-21] [INFO] [1776967247.872264864] [robot_0.image_processor]: Zone=CLEAR
[image_processor-24] [INFO] [1776967247.884533913] [robot_3.image_processor]: Zone=CLEAR
[image_processor-23] [INFO] [1776967247.906999847] [robot_2.image_processor]: Zone=CLEAR
[image_processor-22] [INFO] [1776967247.918665018] [robot_1.image_processor]: Zone=CLEAR
[image_processor-25] [INFO] [1776967247.938876749] [robot_4.image_processor]: Zone=CLEAR
[image_processor-21] [INFO] [1776967250.370449197] [robot_0.image_processor]: Zone=CLEAR
[image_processor-24] [INFO] [1776967250.381893767] [robot_3.image_processor]: Zone=CLEAR
[image_processor-23] [INFO] [1776967250.395922145] [robot_2.image_processor]: Zone=CLEAR
[image_processor-22] [INFO] [1776967250.405451024] [robot_1.image_processor]: Zone=CLEAR
[image_processor-25] [INFO] [1776967250.414843584] [robot_4.image_processor]: Zone=CLEAR
[image_processor-21] [INFO] [1776967252.862357556] [robot_0.image_processor]: Zone=CLEAR
[image_processor-24] [INFO] [1776967252.872011690] [robot_3.image_processor]: Zone=CLEAR
[image_processor-23] [INFO] [1776967252.883286250] [robot_2.image_processor]: Zone=CLEAR
[image_processor-22] [INFO] [1776967252.906592207] [robot_1.image_processor]: Zone=CLEAR
[image_processor-25] [INFO] [1776967252.917848416] [robot_4.image_processor]: Zone=CLEAR
[image_processor-21] [INFO] [1776967255.372447908] [robot_0.image_processor]: Zone=CLEAR
[image_processor-24] [INFO] [1776967255.383505972] [robot_3.image_processor]: Zone=CLEAR
[image_processor-23] [INFO] [1776967255.396102064] [robot_2.image_processor]: Zone=CLEAR
[image_processor-22] [INFO] [1776967255.407722128] [robot_1.image_processor]: Zone=CLEAR
[image_processor-25] [INFO] [1776967255.419404752] [robot_4.image_processor]: Zone=CLEAR
[image_processor-21] [INFO] [1776967257.871669129] [robot_0.image_processor]: Zone=CLEAR
[image_processor-24] [INFO] [1776967257.884610364] [robot_3.image_processor]: Zone=CLEAR
[image_processor-23] [INFO] [1776967257.910816220] [robot_2.image_processor]: Zone=CLEAR
[image_processor-22] [INFO] [1776967257.938753132] [robot_1.image_processor]: Zone=CLEAR
[image_processor-25] [INFO] [1776967257.954387986] [robot_4.image_processor]: Zone=CLEAR
[image_processor-24] [INFO] [1776967260.382422022] [robot_3.image_processor]: Zone=CLEAR
[image_processor-23] [INFO] [1776967260.404957650] [robot_2.image_processor]: Zone=CLEAR
[image_processor-22] [INFO] [1776967260.416290179] [robot_1.image_processor]: Zone=CLEAR
[image_processor-25] [INFO] [1776967260.442311365] [robot_4.image_processor]: Zone=CLEAR
[image_processor-21] [INFO] [1776967260.471954440] [robot_0.image_processor]: Zone=CLEAR
[image_processor-21] [INFO] [1776967262.870663910] [robot_0.image_processor]: Zone=CLEAR
[image_processor-24] [INFO] [1776967262.882270968] [robot_3.image_processor]: Zone=CLEAR
[image_processor-23] [INFO] [1776967262.901938208] [robot_2.image_processor]: Zone=CLEAR
[image_processor-22] [INFO] [1776967262.914835524] [robot_1.image_processor]: Zone=CLEAR
[image_processor-25] [INFO] [1776967262.934597217] [robot_4.image_processor]: Zone=CLEAR
[image_processor-21] [INFO] [1776967265.364874850] [robot_0.image_processor]: Zone=CLEAR
[image_processor-24] [INFO] [1776967265.376166141] [robot_3.image_processor]: Zone=CLEAR
[image_processor-23] [INFO] [1776967265.397668381] [robot_2.image_processor]: Zone=CLEAR
[image_processor-22] [INFO] [1776967265.416226926] [robot_1.image_processor]: Zone=CLEAR
[image_processor-25] [INFO] [1776967265.437368837] [robot_4.image_processor]: Zone=CLEAR
[image_processor-21] [INFO] [1776967267.869869976] [robot_0.image_processor]: Zone=CLEAR
[image_processor-24] [INFO] [1776967267.879148075] [robot_3.image_processor]: Zone=CLEAR
[image_processor-23] [INFO] [1776967267.902095616] [robot_2.image_processor]: Zone=CLEAR
[image_processor-22] [INFO] [1776967267.916676039] [robot_1.image_processor]: Zone=CLEAR
[image_processor-25] [INFO] [1776967267.935196055] [robot_4.image_processor]: Zone=CLEAR
[image_processor-21] [INFO] [1776967270.367586276] [robot_0.image_processor]: Zone=CLEAR
[image_processor-24] [INFO] [1776967270.377805300] [robot_3.image_processor]: Zone=CLEAR
[image_processor-23] [INFO] [1776967270.399412503] [robot_2.image_processor]: Zone=CLEAR
[image_processor-22] [INFO] [1776967270.410712366] [robot_1.image_processor]: Zone=CLEAR
[image_processor-25] [INFO] [1776967270.434013473] [robot_4.image_processor]: Zone=CLEAR
[image_processor-21] [INFO] [1776967272.869550214] [robot_0.image_processor]: Zone=CLEAR
[image_processor-24] [INFO] [1776967272.879342465] [robot_3.image_processor]: Zone=CLEAR
[image_processor-23] [INFO] [1776967272.901053987] [robot_2.image_processor]: Zone=CLEAR
[image_processor-22] [INFO] [1776967272.913678734] [robot_1.image_processor]: Zone=CLEAR
[image_processor-25] [INFO] [1776967272.935151287] [robot_4.image_processor]: Zone=CLEAR
[image_processor-21] [INFO] [1776967275.369548707] [robot_0.image_processor]: Zone=CLEAR
[image_processor-24] [INFO] [1776967275.379449316] [robot_3.image_processor]: Zone=CLEAR
[image_processor-23] [INFO] [1776967275.398864384] [robot_2.image_processor]: Zone=CLEAR
[image_processor-22] [INFO] [1776967275.412321622] [robot_1.image_processor]: Zone=CLEAR
[image_processor-25] [INFO] [1776967275.432505912] [robot_4.image_processor]: Zone=CLEAR
[image_processor-21] [INFO] [1776967277.867252197] [robot_0.image_processor]: Zone=CLEAR
[image_processor-24] [INFO] [1776967277.878542609] [robot_3.image_processor]: Zone=CLEAR
[image_processor-23] [INFO] [1776967277.899651642] [robot_2.image_processor]: Zone=CLEAR
[image_processor-22] [INFO] [1776967277.915034179] [robot_1.image_processor]: Zone=CLEAR
[image_processor-25] [INFO] [1776967277.935310666] [robot_4.image_processor]: Zone=CLEAR
[image_processor-21] [INFO] [1776967280.370189333] [robot_0.image_processor]: Zone=CLEAR
[image_processor-24] [INFO] [1776967280.381164303] [robot_3.image_processor]: Zone=CLEAR
[image_processor-23] [INFO] [1776967280.402212202] [robot_2.image_processor]: Zone=CLEAR
[image_processor-22] [INFO] [1776967280.411569034] [robot_1.image_processor]: Zone=CLEAR
[image_processor-25] [INFO] [1776967280.433242381] [robot_4.image_processor]: Zone=CLEAR
[image_processor-21] [INFO] [1776967282.868537171] [robot_0.image_processor]: Zone=CLEAR
[image_processor-24] [INFO] [1776967282.880541855] [robot_3.image_processor]: Zone=CLEAR
[image_processor-23] [INFO] [1776967282.903438628] [robot_2.image_processor]: Zone=CLEAR
[image_processor-22] [INFO] [1776967282.915392666] [robot_1.image_processor]: Zone=CLEAR
[image_processor-25] [INFO] [1776967282.934631574] [robot_4.image_processor]: Zone=CLEAR
[image_processor-21] [INFO] [1776967285.364904758] [robot_0.image_processor]: Zone=CLEAR
[image_processor-24] [INFO] [1776967285.372561130] [robot_3.image_processor]: Zone=CLEAR
[image_processor-23] [INFO] [1776967285.380856808] [robot_2.image_processor]: Zone=CLEAR
[image_processor-22] [INFO] [1776967285.399831193] [robot_1.image_processor]: Zone=CLEAR
[image_processor-25] [INFO] [1776967285.408529222] [robot_4.image_processor]: Zone=CLEAR
[image_processor-21] [INFO] [1776967287.868977328] [robot_0.image_processor]: Zone=CLEAR
[image_processor-24] [INFO] [1776967287.880893885] [robot_3.image_processor]: Zone=CLEAR
[image_processor-23] [INFO] [1776967287.902653923] [robot_2.image_processor]: Zone=CLEAR
[image_processor-22] [INFO] [1776967287.913950315] [robot_1.image_processor]: Zone=CLEAR
[image_processor-25] [INFO] [1776967287.935794995] [robot_4.image_processor]: Zone=CLEAR
[image_processor-21] [INFO] [1776967290.370622202] [robot_0.image_processor]: Zone=CLEAR
[image_processor-24] [INFO] [1776967290.379024622] [robot_3.image_processor]: Zone=CLEAR
[image_processor-23] [INFO] [1776967290.400242361] [robot_2.image_processor]: Zone=CLEAR
[image_processor-22] [INFO] [1776967290.411740578] [robot_1.image_processor]: Zone=CLEAR
[image_processor-25] [INFO] [1776967290.432053829] [robot_4.image_processor]: Zone=CLEAR
[image_processor-21] [INFO] [1776967292.864134794] [robot_0.image_processor]: Zone=CLEAR
[image_processor-24] [INFO] [1776967292.871600394] [robot_3.image_processor]: Zone=CLEAR
[image_processor-23] [INFO] [1776967292.880774521] [robot_2.image_processor]: Zone=CLEAR
[image_processor-22] [INFO] [1776967292.901144763] [robot_1.image_processor]: Zone=CLEAR
[image_processor-25] [INFO] [1776967292.910577232] [robot_4.image_processor]: Zone=CLEAR
[image_processor-21] [INFO] [1776967295.367793196] [robot_0.image_processor]: Zone=CLEAR
[image_processor-24] [INFO] [1776967295.381761590] [robot_3.image_processor]: Zone=CLEAR
[image_processor-22] [INFO] [1776967295.412617555] [robot_1.image_processor]: Zone=CLEAR
[image_processor-25] [INFO] [1776967295.435178395] [robot_4.image_processor]: Zone=CLEAR
[image_processor-23] [INFO] [1776967295.504120238] [robot_2.image_processor]: Zone=CLEAR
[image_processor-21] [INFO] [1776967297.874643857] [robot_0.image_processor]: Zone=CLEAR
[image_processor-24] [INFO] [1776967297.902480714] [robot_3.image_processor]: Zone=CLEAR
[image_processor-23] [INFO] [1776967297.915824152] [robot_2.image_processor]: Zone=CLEAR
[image_processor-22] [INFO] [1776967297.934239022] [robot_1.image_processor]: Zone=CLEAR
[image_processor-25] [INFO] [1776967297.943951443] [robot_4.image_processor]: Zone=CLEAR
[image_processor-21] [INFO] [1776967300.366903623] [robot_0.image_processor]: Zone=CLEAR
[image_processor-24] [INFO] [1776967300.381563149] [robot_3.image_processor]: Zone=CLEAR
[image_processor-23] [INFO] [1776967300.401306849] [robot_2.image_processor]: Zone=CLEAR
[image_processor-22] [INFO] [1776967300.411420941] [robot_1.image_processor]: Zone=CLEAR
[image_processor-25] [INFO] [1776967300.426958847] [robot_4.image_processor]: Zone=CLEAR
[image_processor-24] [INFO] [1776967302.878701233] [robot_3.image_processor]: Zone=CLEAR
[image_processor-23] [INFO] [1776967302.896163414] [robot_2.image_processor]: Zone=CLEAR
[image_processor-22] [INFO] [1776967302.905888607] [robot_1.image_processor]: Zone=CLEAR
[image_processor-25] [INFO] [1776967302.914747597] [robot_4.image_processor]: Zone=CLEAR
[image_processor-21] [INFO] [1776967302.966408523] [robot_0.image_processor]: Zone=CLEAR
[image_processor-21] [INFO] [1776967305.370406871] [robot_0.image_processor]: Zone=CLEAR
[image_processor-24] [INFO] [1776967305.381409937] [robot_3.image_processor]: Zone=CLEAR
[image_processor-23] [INFO] [1776967305.404728749] [robot_2.image_processor]: Zone=CLEAR
[image_processor-22] [INFO] [1776967305.414938657] [robot_1.image_processor]: Zone=CLEAR
[image_processor-25] [INFO] [1776967305.436468477] [robot_4.image_processor]: Zone=CLEAR
[image_processor-21] [INFO] [1776967307.861264435] [robot_0.image_processor]: Zone=CLEAR
[image_processor-24] [INFO] [1776967307.873187098] [robot_3.image_processor]: Zone=CLEAR
[image_processor-23] [INFO] [1776967307.882551175] [robot_2.image_processor]: Zone=CLEAR
[image_processor-22] [INFO] [1776967307.900902109] [robot_1.image_processor]: Zone=CLEAR
[image_processor-25] [INFO] [1776967307.910293123] [robot_4.image_processor]: Zone=CLEAR
[image_processor-21] [INFO] [1776967310.369104748] [robot_0.image_processor]: Zone=CLEAR
[image_processor-24] [INFO] [1776967310.380283182] [robot_3.image_processor]: Zone=CLEAR
[image_processor-23] [INFO] [1776967310.400575206] [robot_2.image_processor]: Zone=CLEAR
[image_processor-22] [INFO] [1776967310.411271855] [robot_1.image_processor]: Zone=CLEAR
[image_processor-25] [INFO] [1776967310.434760658] [robot_4.image_processor]: Zone=CLEAR
[image_processor-24] [INFO] [1776967312.880580055] [robot_3.image_processor]: Zone=CLEAR
[image_processor-23] [INFO] [1776967312.903436470] [robot_2.image_processor]: Zone=CLEAR
[image_processor-22] [INFO] [1776967312.915021633] [robot_1.image_processor]: Zone=CLEAR
[image_processor-25] [INFO] [1776967312.935654481] [robot_4.image_processor]: Zone=CLEAR
[image_processor-21] [INFO] [1776967312.968563473] [robot_0.image_processor]: Zone=CLEAR
[image_processor-21] [INFO] [1776967315.372650807] [robot_0.image_processor]: Zone=CLEAR
[image_processor-24] [INFO] [1776967315.383583798] [robot_3.image_processor]: Zone=CLEAR
[image_processor-23] [INFO] [1776967315.405119834] [robot_2.image_processor]: Zone=CLEAR
[image_processor-22] [INFO] [1776967315.416843575] [robot_1.image_processor]: Zone=CLEAR
[image_processor-25] [INFO] [1776967315.437337107] [robot_4.image_processor]: Zone=CLEAR
[image_processor-21] [INFO] [1776967317.863327818] [robot_0.image_processor]: Zone=CLEAR
[image_processor-24] [INFO] [1776967317.875678594] [robot_3.image_processor]: Zone=CLEAR
[image_processor-23] [INFO] [1776967317.897040941] [robot_2.image_processor]: Zone=CLEAR
[image_processor-22] [INFO] [1776967317.910314413] [robot_1.image_processor]: Zone=CLEAR
[image_processor-25] [INFO] [1776967317.932898868] [robot_4.image_processor]: Zone=CLEAR
[image_processor-21] [INFO] [1776967320.375740064] [robot_0.image_processor]: Zone=CLEAR
[image_processor-24] [INFO] [1776967320.403425806] [robot_3.image_processor]: Zone=CLEAR
[image_processor-23] [INFO] [1776967320.416874209] [robot_2.image_processor]: Zone=CLEAR
[image_processor-22] [INFO] [1776967320.435658070] [robot_1.image_processor]: Zone=CLEAR
[image_processor-25] [INFO] [1776967320.449147686] [robot_4.image_processor]: Zone=CLEAR
[image_processor-21] [INFO] [1776967322.862060340] [robot_0.image_processor]: Zone=CLEAR
[image_processor-24] [INFO] [1776967322.877436312] [robot_3.image_processor]: Zone=CLEAR
[image_processor-23] [INFO] [1776967322.896835947] [robot_2.image_processor]: Zone=CLEAR
[image_processor-25] [INFO] [1776967322.934095945] [robot_4.image_processor]: Zone=CLEAR
[image_processor-22] [INFO] [1776967323.011814835] [robot_1.image_processor]: Zone=CLEAR
[image_processor-21] [INFO] [1776967325.373429473] [robot_0.image_processor]: Zone=CLEAR
[image_processor-24] [INFO] [1776967325.391480484] [robot_3.image_processor]: Zone=CLEAR
[image_processor-23] [INFO] [1776967325.409809080] [robot_2.image_processor]: Zone=CLEAR
[image_processor-22] [INFO] [1776967325.428364698] [robot_1.image_processor]: Zone=CLEAR
[image_processor-25] [INFO] [1776967325.447972313] [robot_4.image_processor]: Zone=CLEAR
[image_processor-21] [INFO] [1776967327.863641741] [robot_0.image_processor]: Zone=CLEAR
[image_processor-24] [INFO] [1776967327.878554333] [robot_3.image_processor]: Zone=CLEAR
[image_processor-23] [INFO] [1776967327.904064161] [robot_2.image_processor]: Zone=CLEAR
[image_processor-22] [INFO] [1776967327.915418913] [robot_1.image_processor]: Zone=CLEAR
[image_processor-25] [INFO] [1776967327.937259414] [robot_4.image_processor]: Zone=CLEAR
[image_processor-21] [INFO] [1776967330.371073213] [robot_0.image_processor]: Zone=CLEAR
[image_processor-24] [INFO] [1776967330.382628814] [robot_3.image_processor]: Zone=CLEAR
[image_processor-23] [INFO] [1776967330.395531014] [robot_2.image_processor]: Zone=CLEAR
[image_processor-22] [INFO] [1776967330.405739358] [robot_1.image_processor]: Zone=CLEAR
[image_processor-25] [INFO] [1776967330.417790150] [robot_4.image_processor]: Zone=CLEAR
[image_processor-21] [INFO] [1776967332.861102982] [robot_0.image_processor]: Zone=CLEAR
[image_processor-24] [INFO] [1776967332.871251953] [robot_3.image_processor]: Zone=CLEAR
[image_processor-23] [INFO] [1776967332.883450381] [robot_2.image_processor]: Zone=CLEAR
[image_processor-22] [INFO] [1776967332.904144057] [robot_1.image_processor]: Zone=CLEAR
[image_processor-25] [INFO] [1776967332.915054290] [robot_4.image_processor]: Zone=CLEAR
[image_processor-21] [INFO] [1776967335.370656891] [robot_0.image_processor]: Zone=CLEAR
[image_processor-24] [INFO] [1776967335.381485506] [robot_3.image_processor]: Zone=CLEAR
[image_processor-23] [INFO] [1776967335.404616103] [robot_2.image_processor]: Zone=CLEAR
[image_processor-22] [INFO] [1776967335.419530276] [robot_1.image_processor]: Zone=CLEAR
[image_processor-25] [INFO] [1776967335.437838930] [robot_4.image_processor]: Zone=CLEAR
[image_processor-21] [INFO] [1776967337.860528288] [robot_0.image_processor]: Zone=CLEAR
[image_processor-24] [INFO] [1776967337.872066350] [robot_3.image_processor]: Zone=CLEAR
[image_processor-23] [INFO] [1776967337.883831282] [robot_2.image_processor]: Zone=CLEAR
[image_processor-22] [INFO] [1776967337.904897196] [robot_1.image_processor]: Zone=CLEAR
[image_processor-25] [INFO] [1776967337.916840764] [robot_4.image_processor]: Zone=CLEAR
[image_processor-21] [INFO] [1776967340.371326675] [robot_0.image_processor]: Zone=CLEAR
[image_processor-24] [INFO] [1776967340.382226554] [robot_3.image_processor]: Zone=CLEAR
[image_processor-23] [INFO] [1776967340.405414256] [robot_2.image_processor]: Zone=CLEAR
[image_processor-22] [INFO] [1776967340.419506042] [robot_1.image_processor]: Zone=CLEAR
[image_processor-25] [INFO] [1776967340.437707274] [robot_4.image_processor]: Zone=CLEAR
[image_processor-21] [INFO] [1776967342.875401802] [robot_0.image_processor]: Zone=CLEAR
[image_processor-23] [INFO] [1776967342.911509659] [robot_2.image_processor]: Zone=CLEAR
[image_processor-22] [INFO] [1776967342.935281209] [robot_1.image_processor]: Zone=CLEAR
[image_processor-25] [INFO] [1776967342.948551331] [robot_4.image_processor]: Zone=CLEAR
[image_processor-24] [INFO] [1776967342.998705183] [robot_3.image_processor]: Zone=CLEAR
[image_processor-21] [INFO] [1776967345.368968985] [robot_0.image_processor]: Zone=CLEAR
[image_processor-24] [INFO] [1776967345.382629307] [robot_3.image_processor]: Zone=CLEAR
[image_processor-23] [INFO] [1776967345.404725010] [robot_2.image_processor]: Zone=CLEAR
[image_processor-22] [INFO] [1776967345.417267725] [robot_1.image_processor]: Zone=CLEAR
[image_processor-25] [INFO] [1776967345.428112178] [robot_4.image_processor]: Zone=CLEAR
[image_processor-21] [INFO] [1776967347.871233911] [robot_0.image_processor]: Zone=CLEAR
[image_processor-24] [INFO] [1776967347.883383672] [robot_3.image_processor]: Zone=CLEAR
[image_processor-23] [INFO] [1776967347.904206139] [robot_2.image_processor]: Zone=CLEAR
[image_processor-22] [INFO] [1776967347.916593978] [robot_1.image_processor]: Zone=CLEAR
[image_processor-25] [INFO] [1776967347.939211729] [robot_4.image_processor]: Zone=CLEAR
[INFO] [image_processor-25]: sending signal 'SIGINT' to process[image_processor-25]
[ERROR] [ign gazebo-1]: process has died [pid 436875, exit code -15, cmd 'ruby /usr/bin/ign gazebo /home/ecem/ros2_ws/install/swarm_basics/share/swarm_basics/worlds/random_world.sdf -s -r --force-version 6'].
[ERROR] [parameter_bridge-4]: process has died [pid 436882, exit code -15, cmd '/opt/ros/humble/lib/ros_ign_bridge/parameter_bridge /robot_0/cmd_vel@geometry_msgs/msg/Twist]ignition.msgs.Twist /robot_0/odom@nav_msgs/msg/Odometry[ignition.msgs.Odometry /robot_0/depth_camera/depth_image@sensor_msgs/msg/Image[ignition.msgs.Image /world/random_world/model/robot_0/link/robot_0/base_footprint/sensor/contact_sensor/contact@ros_gz_interfaces/msg/Contacts[ignition.msgs.Contacts /robot_1/cmd_vel@geometry_msgs/msg/Twist]ignition.msgs.Twist /robot_1/odom@nav_msgs/msg/Odometry[ignition.msgs.Odometry /robot_1/depth_camera/depth_image@sensor_msgs/msg/Image[ignition.msgs.Image /world/random_world/model/robot_1/link/robot_1/base_footprint/sensor/contact_sensor/contact@ros_gz_interfaces/msg/Contacts[ignition.msgs.Contacts /robot_2/cmd_vel@geometry_msgs/msg/Twist]ignition.msgs.Twist /robot_2/odom@nav_msgs/msg/Odometry[ignition.msgs.Odometry /robot_2/depth_camera/depth_image@sensor_msgs/msg/Image[ignition.msgs.Image /world/random_world/model/robot_2/link/robot_2/base_footprint/sensor/contact_sensor/contact@ros_gz_interfaces/msg/Contacts[ignition.msgs.Contacts /robot_3/cmd_vel@geometry_msgs/msg/Twist]ignition.msgs.Twist /robot_3/odom@nav_msgs/msg/Odometry[ignition.msgs.Odometry /robot_3/depth_camera/depth_image@sensor_msgs/msg/Image[ignition.msgs.Image /world/random_world/model/robot_3/link/robot_3/base_footprint/sensor/contact_sensor/contact@ros_gz_interfaces/msg/Contacts[ignition.msgs.Contacts /robot_4/cmd_vel@geometry_msgs/msg/Twist]ignition.msgs.Twist /robot_4/odom@nav_msgs/msg/Odometry[ignition.msgs.Odometry /robot_4/depth_camera/depth_image@sensor_msgs/msg/Image[ignition.msgs.Image /world/random_world/model/robot_4/link/robot_4/base_footprint/sensor/contact_sensor/contact@ros_gz_interfaces/msg/Contacts[ignition.msgs.Contacts /world/random_world/dynamic_pose/info@tf2_msgs/msg/TFMessage[ignition.msgs.Pose_V --ros-args -r __node:=all_robots_bridge --params-file /tmp/launch_params_7upqzrqm'].
[INFO] [parameter_bridge-20]: process has finished cleanly [pid 436976]
[INFO] [image_processor-24]: sending signal 'SIGINT' to process[image_processor-24]
[INFO] [bash-26]: process started with pid [437935]
[INFO] [image_processor-23]: sending signal 'SIGINT' to process[image_processor-23]
[INFO] [image_processor-22]: sending signal 'SIGINT' to process[image_processor-22]
[INFO] [image_processor-21]: sending signal 'SIGINT' to process[image_processor-21]
[INFO] [robot_supervisor-19]: sending signal 'SIGINT' to process[robot_supervisor-19]
[INFO] [robot_state_publisher-17]: sending signal 'SIGINT' to process[robot_state_publisher-17]
[INFO] [robot_supervisor-16]: sending signal 'SIGINT' to process[robot_supervisor-16]
[INFO] [robot_state_publisher-14]: sending signal 'SIGINT' to process[robot_state_publisher-14]
[INFO] [robot_supervisor-13]: sending signal 'SIGINT' to process[robot_supervisor-13]
[ERROR] [bash-26]: process has died [pid 437935, exit code -15, cmd 'bash -lc pkill -f parameter_bridge || true'].
[INFO] [robot_state_publisher-11]: sending signal 'SIGINT' to process[robot_state_publisher-11]
[INFO] [robot_supervisor-10]: sending signal 'SIGINT' to process[robot_supervisor-10]
[INFO] [robot_state_publisher-8]: sending signal 'SIGINT' to process[robot_state_publisher-8]
[INFO] [robot_supervisor-7]: sending signal 'SIGINT' to process[robot_supervisor-7]
[INFO] [robot_state_publisher-5]: sending signal 'SIGINT' to process[robot_state_publisher-5]
[INFO] [bump_counter-3]: sending signal 'SIGINT' to process[bump_counter-3]
[INFO] [coverage_counter-2]: sending signal 'SIGINT' to process[coverage_counter-2]
[parameter_bridge-4] [INFO] [1776967348.583360538] [rclcpp]: signal_handler(SIGINT/SIGTERM)
[parameter_bridge-20] [INFO] [1776967348.583362295] [rclcpp]: signal_handler(SIGINT/SIGTERM)
[INFO] [launch]: process[ign gazebo-1] was required: shutting down launched system
[image_processor-25] [INFO] [1776967349.308999291] [rclcpp]: signal_handler(SIGINT/SIGTERM)
[image_processor-24] [INFO] [1776967349.314541899] [rclcpp]: signal_handler(SIGINT/SIGTERM)
[image_processor-23] [INFO] [1776967349.319848216] [rclcpp]: signal_handler(SIGINT/SIGTERM)
[image_processor-22] [INFO] [1776967349.325712923] [rclcpp]: signal_handler(SIGINT/SIGTERM)
[image_processor-21] [INFO] [1776967349.331662907] [rclcpp]: signal_handler(SIGINT/SIGTERM)
[robot_supervisor-19] Traceback (most recent call last):
[robot_supervisor-19]   File "/home/ecem/ros2_ws/install/swarm_basics/lib/swarm_basics/robot_supervisor", line 33, in <module>
[robot_supervisor-19]     sys.exit(load_entry_point('swarm-basics==0.0.0', 'console_scripts', 'robot_supervisor')())
[robot_supervisor-19]   File "/home/ecem/ros2_ws/install/swarm_basics/lib/python3.10/site-packages/swarm_basics/robot_supervisor.py", line 867, in main
[robot_supervisor-19]     rclpy.spin(node)
[robot_supervisor-19]   File "/opt/ros/humble/local/lib/python3.10/dist-packages/rclpy/__init__.py", line 229, in spin
[robot_supervisor-19]     executor.spin_once()
[robot_supervisor-19]   File "/opt/ros/humble/local/lib/python3.10/dist-packages/rclpy/executors.py", line 773, in spin_once
[robot_supervisor-19]     self._spin_once_impl(timeout_sec)
[robot_supervisor-19]   File "/opt/ros/humble/local/lib/python3.10/dist-packages/rclpy/executors.py", line 762, in _spin_once_impl
[robot_supervisor-19]     handler, entity, node = self.wait_for_ready_callbacks(timeout_sec=timeout_sec)
[robot_supervisor-19]   File "/opt/ros/humble/local/lib/python3.10/dist-packages/rclpy/executors.py", line 745, in wait_for_ready_callbacks
[robot_supervisor-19]     return next(self._cb_iter)
[robot_supervisor-19]   File "/opt/ros/humble/local/lib/python3.10/dist-packages/rclpy/executors.py", line 642, in _wait_for_ready_callbacks
[robot_supervisor-19]     wait_set.wait(timeout_nsec)
[robot_supervisor-19] KeyboardInterrupt
[robot_state_publisher-17] [INFO] [1776967349.345675804] [rclcpp]: signal_handler(SIGINT/SIGTERM)
[robot_supervisor-16] Traceback (most recent call last):
[robot_supervisor-16]   File "/home/ecem/ros2_ws/install/swarm_basics/lib/swarm_basics/robot_supervisor", line 33, in <module>
[robot_supervisor-16]     sys.exit(load_entry_point('swarm-basics==0.0.0', 'console_scripts', 'robot_supervisor')())
[robot_supervisor-16]   File "/home/ecem/ros2_ws/install/swarm_basics/lib/python3.10/site-packages/swarm_basics/robot_supervisor.py", line 867, in main
[robot_supervisor-16]     rclpy.spin(node)
[robot_supervisor-16]   File "/opt/ros/humble/local/lib/python3.10/dist-packages/rclpy/__init__.py", line 229, in spin
[robot_supervisor-16]     executor.spin_once()
[robot_supervisor-16]   File "/opt/ros/humble/local/lib/python3.10/dist-packages/rclpy/executors.py", line 773, in spin_once
[robot_supervisor-16]     self._spin_once_impl(timeout_sec)
[robot_supervisor-16]   File "/opt/ros/humble/local/lib/python3.10/dist-packages/rclpy/executors.py", line 762, in _spin_once_impl
[robot_supervisor-16]     handler, entity, node = self.wait_for_ready_callbacks(timeout_sec=timeout_sec)
[robot_supervisor-16]   File "/opt/ros/humble/local/lib/python3.10/dist-packages/rclpy/executors.py", line 745, in wait_for_ready_callbacks
[robot_supervisor-16]     return next(self._cb_iter)
[robot_supervisor-16]   File "/opt/ros/humble/local/lib/python3.10/dist-packages/rclpy/executors.py", line 642, in _wait_for_ready_callbacks
[robot_supervisor-16]     wait_set.wait(timeout_nsec)
[robot_supervisor-16] KeyboardInterrupt
[robot_state_publisher-14] [INFO] [1776967349.356788289] [rclcpp]: signal_handler(SIGINT/SIGTERM)
[robot_supervisor-13] Traceback (most recent call last):
[robot_supervisor-13]   File "/home/ecem/ros2_ws/install/swarm_basics/lib/swarm_basics/robot_supervisor", line 33, in <module>
[robot_supervisor-13]     sys.exit(load_entry_point('swarm-basics==0.0.0', 'console_scripts', 'robot_supervisor')())
[robot_supervisor-13]   File "/home/ecem/ros2_ws/install/swarm_basics/lib/python3.10/site-packages/swarm_basics/robot_supervisor.py", line 867, in main
[robot_supervisor-13]     rclpy.spin(node)
[robot_supervisor-13]   File "/opt/ros/humble/local/lib/python3.10/dist-packages/rclpy/__init__.py", line 229, in spin
[robot_supervisor-13]     executor.spin_once()
[robot_supervisor-13]   File "/opt/ros/humble/local/lib/python3.10/dist-packages/rclpy/executors.py", line 773, in spin_once
[robot_supervisor-13]     self._spin_once_impl(timeout_sec)
[robot_supervisor-13]   File "/opt/ros/humble/local/lib/python3.10/dist-packages/rclpy/executors.py", line 762, in _spin_once_impl
[robot_supervisor-13]     handler, entity, node = self.wait_for_ready_callbacks(timeout_sec=timeout_sec)
[robot_supervisor-13]   File "/opt/ros/humble/local/lib/python3.10/dist-packages/rclpy/executors.py", line 745, in wait_for_ready_callbacks
[robot_supervisor-13]     return next(self._cb_iter)
[robot_supervisor-13]   File "/opt/ros/humble/local/lib/python3.10/dist-packages/rclpy/executors.py", line 642, in _wait_for_ready_callbacks
[robot_supervisor-13]     wait_set.wait(timeout_nsec)
[robot_supervisor-13] KeyboardInterrupt
[robot_state_publisher-11] [INFO] [1776967349.367464634] [rclcpp]: signal_handler(SIGINT/SIGTERM)
[robot_supervisor-10] Traceback (most recent call last):
[robot_supervisor-10]   File "/home/ecem/ros2_ws/install/swarm_basics/lib/swarm_basics/robot_supervisor", line 33, in <module>
[robot_supervisor-10]     sys.exit(load_entry_point('swarm-basics==0.0.0', 'console_scripts', 'robot_supervisor')())
[robot_supervisor-10]   File "/home/ecem/ros2_ws/install/swarm_basics/lib/python3.10/site-packages/swarm_basics/robot_supervisor.py", line 867, in main
[robot_supervisor-10]     rclpy.spin(node)
[robot_supervisor-10]   File "/opt/ros/humble/local/lib/python3.10/dist-packages/rclpy/__init__.py", line 229, in spin
[robot_supervisor-10]     executor.spin_once()
[robot_supervisor-10]   File "/opt/ros/humble/local/lib/python3.10/dist-packages/rclpy/executors.py", line 773, in spin_once
[robot_supervisor-10]     self._spin_once_impl(timeout_sec)
[robot_supervisor-10]   File "/opt/ros/humble/local/lib/python3.10/dist-packages/rclpy/executors.py", line 762, in _spin_once_impl
[robot_supervisor-10]     handler, entity, node = self.wait_for_ready_callbacks(timeout_sec=timeout_sec)
[robot_supervisor-10]   File "/opt/ros/humble/local/lib/python3.10/dist-packages/rclpy/executors.py", line 745, in wait_for_ready_callbacks
[robot_supervisor-10]     return next(self._cb_iter)
[robot_supervisor-10]   File "/opt/ros/humble/local/lib/python3.10/dist-packages/rclpy/executors.py", line 642, in _wait_for_ready_callbacks
[robot_supervisor-10]     wait_set.wait(timeout_nsec)
[robot_supervisor-10] KeyboardInterrupt
[robot_state_publisher-8] [INFO] [1776967349.379505869] [rclcpp]: signal_handler(SIGINT/SIGTERM)
[robot_supervisor-7] Traceback (most recent call last):
[robot_supervisor-7]   File "/home/ecem/ros2_ws/install/swarm_basics/lib/swarm_basics/robot_supervisor", line 33, in <module>
[robot_supervisor-7]     sys.exit(load_entry_point('swarm-basics==0.0.0', 'console_scripts', 'robot_supervisor')())
[robot_supervisor-7]   File "/home/ecem/ros2_ws/install/swarm_basics/lib/python3.10/site-packages/swarm_basics/robot_supervisor.py", line 867, in main
[robot_supervisor-7]     rclpy.spin(node)
[robot_supervisor-7]   File "/opt/ros/humble/local/lib/python3.10/dist-packages/rclpy/__init__.py", line 229, in spin
[robot_supervisor-7]     executor.spin_once()
[robot_supervisor-7]   File "/opt/ros/humble/local/lib/python3.10/dist-packages/rclpy/executors.py", line 773, in spin_once
[robot_supervisor-7]     self._spin_once_impl(timeout_sec)
[robot_supervisor-7]   File "/opt/ros/humble/local/lib/python3.10/dist-packages/rclpy/executors.py", line 762, in _spin_once_impl
[robot_supervisor-7]     handler, entity, node = self.wait_for_ready_callbacks(timeout_sec=timeout_sec)
[robot_supervisor-7]   File "/opt/ros/humble/local/lib/python3.10/dist-packages/rclpy/executors.py", line 745, in wait_for_ready_callbacks
[robot_supervisor-7]     return next(self._cb_iter)
[robot_supervisor-7]   File "/opt/ros/humble/local/lib/python3.10/dist-packages/rclpy/executors.py", line 642, in _wait_for_ready_callbacks
[robot_supervisor-7]     wait_set.wait(timeout_nsec)
[robot_supervisor-7] KeyboardInterrupt
[robot_state_publisher-5] [INFO] [1776967349.391048093] [rclcpp]: signal_handler(SIGINT/SIGTERM)
[ERROR] [launch]: Caught exception in launch (see debug for traceback): ExecuteLocal action 'bash-27': executed more than once: <launch.actions.execute_process.ExecuteProcess object at 0x770a679fc850>
[INFO] [image_processor-25]: process has finished cleanly [pid 437280]
[INFO] [image_processor-24]: process has finished cleanly [pid 437278]
[INFO] [image_processor-23]: process has finished cleanly [pid 437276]
[INFO] [image_processor-22]: process has finished cleanly [pid 437274]
[INFO] [image_processor-21]: process has finished cleanly [pid 437272]
[INFO] [robot_state_publisher-17]: process has finished cleanly [pid 436912]
[INFO] [robot_state_publisher-14]: process has finished cleanly [pid 436904]
[INFO] [robot_state_publisher-11]: process has finished cleanly [pid 436898]
[INFO] [robot_state_publisher-8]: process has finished cleanly [pid 436891]
[INFO] [robot_state_publisher-5]: process has finished cleanly [pid 436884]
[coverage_counter-2] Traceback (most recent call last):
[coverage_counter-2]   File "/home/ecem/ros2_ws/install/swarm_basics/lib/python3.10/site-packages/swarm_basics/coverage_counter.py", line 418, in main
[coverage_counter-2]     rclpy.spin(node)
[coverage_counter-2]   File "/opt/ros/humble/local/lib/python3.10/dist-packages/rclpy/__init__.py", line 229, in spin
[coverage_counter-2]     executor.spin_once()
[coverage_counter-2]   File "/opt/ros/humble/local/lib/python3.10/dist-packages/rclpy/executors.py", line 773, in spin_once
[coverage_counter-2]     self._spin_once_impl(timeout_sec)
[coverage_counter-2]   File "/opt/ros/humble/local/lib/python3.10/dist-packages/rclpy/executors.py", line 768, in _spin_once_impl
[coverage_counter-2]     handler()
[coverage_counter-2]   File "/opt/ros/humble/local/lib/python3.10/dist-packages/rclpy/task.py", line 254, in __call__
[coverage_counter-2]     self._handler.send(None)
[coverage_counter-2]   File "/opt/ros/humble/local/lib/python3.10/dist-packages/rclpy/executors.py", line 463, in handler
[coverage_counter-2]     await call_coroutine(entity, arg)
[coverage_counter-2]   File "/opt/ros/humble/local/lib/python3.10/dist-packages/rclpy/executors.py", line 371, in _execute_timer
[coverage_counter-2]     await await_or_execute(tmr.callback)
[coverage_counter-2]   File "/opt/ros/humble/local/lib/python3.10/dist-packages/rclpy/executors.py", line 107, in await_or_execute
[coverage_counter-2]     return callback(*args)
[coverage_counter-2]   File "/home/ecem/ros2_ws/install/swarm_basics/lib/python3.10/site-packages/swarm_basics/coverage_counter.py", line 152, in _on_timeout_timer
[coverage_counter-2]     self.shutdown_and_save()
[coverage_counter-2]   File "/home/ecem/ros2_ws/install/swarm_basics/lib/python3.10/site-packages/swarm_basics/coverage_counter.py", line 174, in shutdown_and_save
[coverage_counter-2]     rclpy.shutdown()
[coverage_counter-2]   File "/opt/ros/humble/local/lib/python3.10/dist-packages/rclpy/__init__.py", line 130, in shutdown
[coverage_counter-2]     _shutdown(context=context)
[coverage_counter-2]   File "/opt/ros/humble/local/lib/python3.10/dist-packages/rclpy/utilities.py", line 58, in shutdown
[coverage_counter-2]     return context.shutdown()
[coverage_counter-2]   File "/opt/ros/humble/local/lib/python3.10/dist-packages/rclpy/context.py", line 103, in shutdown
[coverage_counter-2]     self._call_on_shutdown_callbacks()
[coverage_counter-2]   File "/opt/ros/humble/local/lib/python3.10/dist-packages/rclpy/context.py", line 92, in _call_on_shutdown_callbacks
[coverage_counter-2]     callback = weak_method()
[coverage_counter-2]   File "/opt/ros/humble/local/lib/python3.10/dist-packages/rclpy/__init__.py", line 111, in reset_executor
[coverage_counter-2]     __executor.shutdown()
[coverage_counter-2]   File "/opt/ros/humble/local/lib/python3.10/dist-packages/rclpy/executors.py", line 227, in shutdown
[coverage_counter-2]     if not self._work_tracker.wait(timeout_sec):
[coverage_counter-2]   File "/opt/ros/humble/local/lib/python3.10/dist-packages/rclpy/executors.py", line 94, in wait
[coverage_counter-2]     if not self._work_condition.wait_for(
[coverage_counter-2]   File "/usr/lib/python3.10/threading.py", line 355, in wait_for
[coverage_counter-2]     self.wait(waittime)
[coverage_counter-2]   File "/usr/lib/python3.10/threading.py", line 320, in wait
[coverage_counter-2]     waiter.acquire()
[coverage_counter-2] KeyboardInterrupt
[coverage_counter-2] 
[coverage_counter-2] During handling of the above exception, another exception occurred:
[coverage_counter-2] 
[coverage_counter-2] Traceback (most recent call last):
[coverage_counter-2]   File "/home/ecem/ros2_ws/install/swarm_basics/lib/swarm_basics/coverage_counter", line 33, in <module>
[coverage_counter-2]     sys.exit(load_entry_point('swarm-basics==0.0.0', 'console_scripts', 'coverage_counter')())
[coverage_counter-2]   File "/home/ecem/ros2_ws/install/swarm_basics/lib/python3.10/site-packages/swarm_basics/coverage_counter.py", line 421, in main
[coverage_counter-2]     node.shutdown_and_save()
[coverage_counter-2]   File "/home/ecem/ros2_ws/install/swarm_basics/lib/python3.10/site-packages/swarm_basics/coverage_counter.py", line 174, in shutdown_and_save
[coverage_counter-2]     rclpy.shutdown()
[coverage_counter-2]   File "/opt/ros/humble/local/lib/python3.10/dist-packages/rclpy/__init__.py", line 130, in shutdown
[coverage_counter-2]     _shutdown(context=context)
[coverage_counter-2]   File "/opt/ros/humble/local/lib/python3.10/dist-packages/rclpy/utilities.py", line 58, in shutdown
[coverage_counter-2]     return context.shutdown()
[coverage_counter-2]   File "/opt/ros/humble/local/lib/python3.10/dist-packages/rclpy/context.py", line 100, in shutdown
[coverage_counter-2]     raise RuntimeError('Context must be initialized before it can be shutdown')
[coverage_counter-2] RuntimeError: Context must be initialized before it can be shutdown
[bump_counter-3] Traceback (most recent call last):
[bump_counter-3]   File "/home/ecem/ros2_ws/install/swarm_basics/lib/swarm_basics/bump_counter", line 33, in <module>
[bump_counter-3]     sys.exit(load_entry_point('swarm-basics==0.0.0', 'console_scripts', 'bump_counter')())
[bump_counter-3]   File "/home/ecem/ros2_ws/install/swarm_basics/lib/python3.10/site-packages/swarm_basics/bump_counter.py", line 384, in main
[bump_counter-3]     rclpy.shutdown()
[bump_counter-3]   File "/opt/ros/humble/local/lib/python3.10/dist-packages/rclpy/__init__.py", line 130, in shutdown
[bump_counter-3]     _shutdown(context=context)
[bump_counter-3]   File "/opt/ros/humble/local/lib/python3.10/dist-packages/rclpy/utilities.py", line 58, in shutdown
[bump_counter-3]     return context.shutdown()
[bump_counter-3]   File "/opt/ros/humble/local/lib/python3.10/dist-packages/rclpy/context.py", line 102, in shutdown
[bump_counter-3]     self.__context.shutdown()
[bump_counter-3] rclpy._rclpy_pybind11.RCLError: failed to shutdown: rcl_shutdown already called on the given context, at ./src/rcl/init.c:241
[ERROR] [coverage_counter-2]: process has died [pid 436877, exit code 1, cmd '/home/ecem/ros2_ws/install/swarm_basics/lib/swarm_basics/coverage_counter --ros-args -r __node:=coverage_counter --params-file /tmp/launch_params_45m19dir --params-file /tmp/launch_params_kqbskh8m --params-file /tmp/launch_params_u3f6bqkb --params-file /tmp/launch_params_wc4lc9a8 --params-file /tmp/launch_params_ddhdahtp --params-file /tmp/launch_params_zgohla3p'].
[ERROR] [bump_counter-3]: process has died [pid 436880, exit code 1, cmd '/home/ecem/ros2_ws/install/swarm_basics/lib/swarm_basics/bump_counter --ros-args -r __node:=bump_counter --params-file /tmp/launch_params_878bl1_9 --params-file /tmp/launch_params_amh1riu2 --params-file /tmp/launch_params_j33eh3j2'].
[ERROR] [robot_supervisor-19]: process has died [pid 436961, exit code -2, cmd '/home/ecem/ros2_ws/install/swarm_basics/lib/swarm_basics/robot_supervisor --ros-args -r __node:=robot_supervisor -r __ns:=/robot_4 --params-file /tmp/launch_params_taor67sf --params-file /tmp/launch_params_gd4xfag3 --params-file /tmp/launch_params_7kd8nxk6 --params-file /tmp/launch_params_ya3mw8dx'].
[ERROR] [robot_supervisor-16]: process has died [pid 436909, exit code -2, cmd '/home/ecem/ros2_ws/install/swarm_basics/lib/swarm_basics/robot_supervisor --ros-args -r __node:=robot_supervisor -r __ns:=/robot_3 --params-file /tmp/launch_params_jxausmxq --params-file /tmp/launch_params_mzxziy8l --params-file /tmp/launch_params_2r6olqq9 --params-file /tmp/launch_params_5t45enbp'].
[ERROR] [robot_supervisor-13]: process has died [pid 436902, exit code -2, cmd '/home/ecem/ros2_ws/install/swarm_basics/lib/swarm_basics/robot_supervisor --ros-args -r __node:=robot_supervisor -r __ns:=/robot_2 --params-file /tmp/launch_params_tem3__qs --params-file /tmp/launch_params_cgdpace_ --params-file /tmp/launch_params_bq6b1qjk --params-file /tmp/launch_params_k2xo98a8'].
[ERROR] [robot_supervisor-10]: process has died [pid 436896, exit code -2, cmd '/home/ecem/ros2_ws/install/swarm_basics/lib/swarm_basics/robot_supervisor --ros-args -r __node:=robot_supervisor -r __ns:=/robot_1 --params-file /tmp/launch_params_7_u2chas --params-file /tmp/launch_params_fp679j1s --params-file /tmp/launch_params_jh_5lue_ --params-file /tmp/launch_params_33wodute'].
[ERROR] [robot_supervisor-7]: process has died [pid 436888, exit code -2, cmd '/home/ecem/ros2_ws/install/swarm_basics/lib/swarm_basics/robot_supervisor --ros-args -r __node:=robot_supervisor -r __ns:=/robot_0 --params-file /tmp/launch_params_4kham80w --params-file /tmp/launch_params_zv0_jy40 --params-file /tmp/launch_params_9uxr0cgx --params-file /tmp/launch_params_sqgb9ct1'].
