Starting >>> leo_image
Starting >>> swarm_basics
Finished <<< leo_image [0.20s]
Finished <<< swarm_basics [0.57s]

Summary: 2 packages finished [1.35s]
[INFO] [launch]: All log files can be found below /home/ecem/.ros/log/2026-04-18-02-12-10-069035-ecem-pc-484622
[INFO] [launch]: Default logging verbosity is set to INFO
[INFO] [ign gazebo-1]: process started with pid [484686]
[INFO] [coverage_counter-2]: process started with pid [484688]
[INFO] [bump_counter-3]: process started with pid [484691]
[INFO] [parameter_bridge-4]: process started with pid [484693]
[INFO] [robot_state_publisher-5]: process started with pid [484695]
[INFO] [create-6]: process started with pid [484697]
[INFO] [robot_supervisor-7]: process started with pid [484699]
[INFO] [robot_state_publisher-8]: process started with pid [484702]
[INFO] [create-9]: process started with pid [484704]
[INFO] [robot_supervisor-10]: process started with pid [484707]
[INFO] [robot_state_publisher-11]: process started with pid [484709]
[INFO] [create-12]: process started with pid [484711]
[INFO] [robot_supervisor-13]: process started with pid [484713]
[INFO] [robot_state_publisher-14]: process started with pid [484715]
[INFO] [create-15]: process started with pid [484718]
[INFO] [robot_supervisor-16]: process started with pid [484721]
[INFO] [robot_state_publisher-17]: process started with pid [484723]
[INFO] [create-18]: process started with pid [484728]
[INFO] [robot_supervisor-19]: process started with pid [484730]
[INFO] [parameter_bridge-20]: process started with pid [484732]
[parameter_bridge-4] [ros_ign_bridge] is deprecated! Redirecting to use [ros_gz_bridge] instead!
[parameter_bridge-4] 
[create-12] [INFO] [1776471130.493743255] [robot_2.ros_gz_sim]: Requesting list of world names.
[create-15] [INFO] [1776471130.493936773] [robot_3.ros_gz_sim]: Requesting list of world names.
[create-9] [INFO] [1776471130.493963517] [robot_1.ros_gz_sim]: Requesting list of world names.
[parameter_bridge-4] [INFO] [1776471130.494226687] [all_robots_bridge]: Creating ROS->GZ Bridge: [/robot_0/cmd_vel (geometry_msgs/msg/Twist) -> /robot_0/cmd_vel (ignition.msgs.Twist)] (Lazy 0)
[parameter_bridge-4] [INFO] [1776471130.496597190] [all_robots_bridge]: Creating GZ->ROS Bridge: [/robot_0/odom (ignition.msgs.Odometry) -> /robot_0/odom (nav_msgs/msg/Odometry)] (Lazy 0)
[create-6] [INFO] [1776471130.499034395] [robot_0.ros_gz_sim]: Requesting list of world names.
[parameter_bridge-4] [INFO] [1776471130.499040791] [all_robots_bridge]: Creating GZ->ROS Bridge: [/robot_0/depth_camera/depth_image (ignition.msgs.Image) -> /robot_0/depth_camera/depth_image (sensor_msgs/msg/Image)] (Lazy 0)
[parameter_bridge-4] [INFO] [1776471130.502092918] [all_robots_bridge]: Creating GZ->ROS Bridge: [/world/random_world/model/robot_0/link/robot_0/base_footprint/sensor/contact_sensor/contact (ignition.msgs.Contacts) -> /world/random_world/model/robot_0/link/robot_0/base_footprint/sensor/contact_sensor/contact (ros_gz_interfaces/msg/Contacts)] (Lazy 0)
[create-18] [INFO] [1776471130.502098870] [robot_4.ros_gz_sim]: Requesting list of world names.
[parameter_bridge-4] [INFO] [1776471130.504152986] [all_robots_bridge]: Creating ROS->GZ Bridge: [/robot_1/cmd_vel (geometry_msgs/msg/Twist) -> /robot_1/cmd_vel (ignition.msgs.Twist)] (Lazy 0)
[parameter_bridge-4] [INFO] [1776471130.505099580] [all_robots_bridge]: Creating GZ->ROS Bridge: [/robot_1/odom (ignition.msgs.Odometry) -> /robot_1/odom (nav_msgs/msg/Odometry)] (Lazy 0)
[parameter_bridge-4] [INFO] [1776471130.506071489] [all_robots_bridge]: Creating GZ->ROS Bridge: [/robot_1/depth_camera/depth_image (ignition.msgs.Image) -> /robot_1/depth_camera/depth_image (sensor_msgs/msg/Image)] (Lazy 0)
[parameter_bridge-4] [INFO] [1776471130.507095530] [all_robots_bridge]: Creating GZ->ROS Bridge: [/world/random_world/model/robot_1/link/robot_1/base_footprint/sensor/contact_sensor/contact (ignition.msgs.Contacts) -> /world/random_world/model/robot_1/link/robot_1/base_footprint/sensor/contact_sensor/contact (ros_gz_interfaces/msg/Contacts)] (Lazy 0)
[parameter_bridge-4] [INFO] [1776471130.508097142] [all_robots_bridge]: Creating ROS->GZ Bridge: [/robot_2/cmd_vel (geometry_msgs/msg/Twist) -> /robot_2/cmd_vel (ignition.msgs.Twist)] (Lazy 0)
[parameter_bridge-4] [INFO] [1776471130.508829410] [all_robots_bridge]: Creating GZ->ROS Bridge: [/robot_2/odom (ignition.msgs.Odometry) -> /robot_2/odom (nav_msgs/msg/Odometry)] (Lazy 0)
[parameter_bridge-4] [INFO] [1776471130.509670048] [all_robots_bridge]: Creating GZ->ROS Bridge: [/robot_2/depth_camera/depth_image (ignition.msgs.Image) -> /robot_2/depth_camera/depth_image (sensor_msgs/msg/Image)] (Lazy 0)
[parameter_bridge-4] [INFO] [1776471130.510886036] [all_robots_bridge]: Creating GZ->ROS Bridge: [/world/random_world/model/robot_2/link/robot_2/base_footprint/sensor/contact_sensor/contact (ignition.msgs.Contacts) -> /world/random_world/model/robot_2/link/robot_2/base_footprint/sensor/contact_sensor/contact (ros_gz_interfaces/msg/Contacts)] (Lazy 0)
[parameter_bridge-4] [INFO] [1776471130.512261995] [all_robots_bridge]: Creating ROS->GZ Bridge: [/robot_3/cmd_vel (geometry_msgs/msg/Twist) -> /robot_3/cmd_vel (ignition.msgs.Twist)] (Lazy 0)
[robot_state_publisher-14] [INFO] [1776471130.512866107] [robot_3.robot_state_publisher]: got segment robot_3/antenna_link
[robot_state_publisher-14] [INFO] [1776471130.512946177] [robot_3.robot_state_publisher]: got segment robot_3/base_footprint
[robot_state_publisher-14] [INFO] [1776471130.512953128] [robot_3.robot_state_publisher]: got segment robot_3/base_link
[robot_state_publisher-14] [INFO] [1776471130.512957187] [robot_3.robot_state_publisher]: got segment robot_3/realsense_link
[robot_state_publisher-14] [INFO] [1776471130.512960661] [robot_3.robot_state_publisher]: got segment robot_3/rocker_L_link
[robot_state_publisher-14] [INFO] [1776471130.512963782] [robot_3.robot_state_publisher]: got segment robot_3/rocker_R_link
[robot_state_publisher-14] [INFO] [1776471130.512966675] [robot_3.robot_state_publisher]: got segment robot_3/wheel_FL_link
[robot_state_publisher-14] [INFO] [1776471130.512969625] [robot_3.robot_state_publisher]: got segment robot_3/wheel_FR_link
[robot_state_publisher-14] [INFO] [1776471130.512972644] [robot_3.robot_state_publisher]: got segment robot_3/wheel_RL_link
[robot_state_publisher-14] [INFO] [1776471130.512975638] [robot_3.robot_state_publisher]: got segment robot_3/wheel_RR_link
[parameter_bridge-4] [INFO] [1776471130.513462250] [all_robots_bridge]: Creating GZ->ROS Bridge: [/robot_3/odom (ignition.msgs.Odometry) -> /robot_3/odom (nav_msgs/msg/Odometry)] (Lazy 0)
[parameter_bridge-4] [INFO] [1776471130.514413735] [all_robots_bridge]: Creating GZ->ROS Bridge: [/robot_3/depth_camera/depth_image (ignition.msgs.Image) -> /robot_3/depth_camera/depth_image (sensor_msgs/msg/Image)] (Lazy 0)
[parameter_bridge-4] [INFO] [1776471130.515260337] [all_robots_bridge]: Creating GZ->ROS Bridge: [/world/random_world/model/robot_3/link/robot_3/base_footprint/sensor/contact_sensor/contact (ignition.msgs.Contacts) -> /world/random_world/model/robot_3/link/robot_3/base_footprint/sensor/contact_sensor/contact (ros_gz_interfaces/msg/Contacts)] (Lazy 0)
[parameter_bridge-4] [INFO] [1776471130.516629259] [all_robots_bridge]: Creating ROS->GZ Bridge: [/robot_4/cmd_vel (geometry_msgs/msg/Twist) -> /robot_4/cmd_vel (ignition.msgs.Twist)] (Lazy 0)
[parameter_bridge-20] [INFO] [1776471130.517046044] [clock_bridge]: Creating GZ->ROS Bridge: [/clock (ignition.msgs.Clock) -> /clock (rosgraph_msgs/msg/Clock)] (Lazy 0)
[parameter_bridge-4] [INFO] [1776471130.517395767] [all_robots_bridge]: Creating GZ->ROS Bridge: [/robot_4/odom (ignition.msgs.Odometry) -> /robot_4/odom (nav_msgs/msg/Odometry)] (Lazy 0)
[robot_state_publisher-8] [INFO] [1776471130.517515467] [robot_1.robot_state_publisher]: got segment robot_1/antenna_link
[robot_state_publisher-8] [INFO] [1776471130.517635563] [robot_1.robot_state_publisher]: got segment robot_1/base_footprint
[robot_state_publisher-8] [INFO] [1776471130.517660266] [robot_1.robot_state_publisher]: got segment robot_1/base_link
[robot_state_publisher-8] [INFO] [1776471130.517671476] [robot_1.robot_state_publisher]: got segment robot_1/realsense_link
[robot_state_publisher-8] [INFO] [1776471130.517679906] [robot_1.robot_state_publisher]: got segment robot_1/rocker_L_link
[robot_state_publisher-8] [INFO] [1776471130.517687927] [robot_1.robot_state_publisher]: got segment robot_1/rocker_R_link
[robot_state_publisher-8] [INFO] [1776471130.517695715] [robot_1.robot_state_publisher]: got segment robot_1/wheel_FL_link
[robot_state_publisher-8] [INFO] [1776471130.517704114] [robot_1.robot_state_publisher]: got segment robot_1/wheel_FR_link
[robot_state_publisher-8] [INFO] [1776471130.517711482] [robot_1.robot_state_publisher]: got segment robot_1/wheel_RL_link
[robot_state_publisher-8] [INFO] [1776471130.517724841] [robot_1.robot_state_publisher]: got segment robot_1/wheel_RR_link
[parameter_bridge-4] [INFO] [1776471130.518137206] [all_robots_bridge]: Creating GZ->ROS Bridge: [/robot_4/depth_camera/depth_image (ignition.msgs.Image) -> /robot_4/depth_camera/depth_image (sensor_msgs/msg/Image)] (Lazy 0)
[robot_state_publisher-17] [INFO] [1776471130.518399179] [robot_4.robot_state_publisher]: got segment robot_4/antenna_link
[robot_state_publisher-17] [INFO] [1776471130.518469588] [robot_4.robot_state_publisher]: got segment robot_4/base_footprint
[robot_state_publisher-17] [INFO] [1776471130.518479914] [robot_4.robot_state_publisher]: got segment robot_4/base_link
[robot_state_publisher-17] [INFO] [1776471130.518484980] [robot_4.robot_state_publisher]: got segment robot_4/realsense_link
[robot_state_publisher-17] [INFO] [1776471130.518489756] [robot_4.robot_state_publisher]: got segment robot_4/rocker_L_link
[robot_state_publisher-17] [INFO] [1776471130.518495344] [robot_4.robot_state_publisher]: got segment robot_4/rocker_R_link
[robot_state_publisher-17] [INFO] [1776471130.518498194] [robot_4.robot_state_publisher]: got segment robot_4/wheel_FL_link
[robot_state_publisher-17] [INFO] [1776471130.518502026] [robot_4.robot_state_publisher]: got segment robot_4/wheel_FR_link
[robot_state_publisher-17] [INFO] [1776471130.518506097] [robot_4.robot_state_publisher]: got segment robot_4/wheel_RL_link
[robot_state_publisher-17] [INFO] [1776471130.518510085] [robot_4.robot_state_publisher]: got segment robot_4/wheel_RR_link
[parameter_bridge-4] [INFO] [1776471130.518936113] [all_robots_bridge]: Creating GZ->ROS Bridge: [/world/random_world/model/robot_4/link/robot_4/base_footprint/sensor/contact_sensor/contact (ignition.msgs.Contacts) -> /world/random_world/model/robot_4/link/robot_4/base_footprint/sensor/contact_sensor/contact (ros_gz_interfaces/msg/Contacts)] (Lazy 0)
[parameter_bridge-4] [INFO] [1776471130.519905569] [all_robots_bridge]: Creating GZ->ROS Bridge: [/world/random_world/dynamic_pose/info (ignition.msgs.Pose_V) -> /world/random_world/dynamic_pose/info (tf2_msgs/msg/TFMessage)] (Lazy 0)
[robot_state_publisher-5] [INFO] [1776471130.523430442] [robot_0.robot_state_publisher]: got segment robot_0/antenna_link
[robot_state_publisher-5] [INFO] [1776471130.523514048] [robot_0.robot_state_publisher]: got segment robot_0/base_footprint
[robot_state_publisher-5] [INFO] [1776471130.523519379] [robot_0.robot_state_publisher]: got segment robot_0/base_link
[robot_state_publisher-5] [INFO] [1776471130.523522656] [robot_0.robot_state_publisher]: got segment robot_0/realsense_link
[robot_state_publisher-5] [INFO] [1776471130.523525460] [robot_0.robot_state_publisher]: got segment robot_0/rocker_L_link
[robot_state_publisher-5] [INFO] [1776471130.523528148] [robot_0.robot_state_publisher]: got segment robot_0/rocker_R_link
[robot_state_publisher-5] [INFO] [1776471130.523530751] [robot_0.robot_state_publisher]: got segment robot_0/wheel_FL_link
[robot_state_publisher-5] [INFO] [1776471130.523533411] [robot_0.robot_state_publisher]: got segment robot_0/wheel_FR_link
[robot_state_publisher-5] [INFO] [1776471130.523536150] [robot_0.robot_state_publisher]: got segment robot_0/wheel_RL_link
[robot_state_publisher-5] [INFO] [1776471130.523538668] [robot_0.robot_state_publisher]: got segment robot_0/wheel_RR_link
[robot_state_publisher-11] [INFO] [1776471130.537655714] [robot_2.robot_state_publisher]: got segment robot_2/antenna_link
[robot_state_publisher-11] [INFO] [1776471130.537780581] [robot_2.robot_state_publisher]: got segment robot_2/base_footprint
[robot_state_publisher-11] [INFO] [1776471130.537798089] [robot_2.robot_state_publisher]: got segment robot_2/base_link
[robot_state_publisher-11] [INFO] [1776471130.537808154] [robot_2.robot_state_publisher]: got segment robot_2/realsense_link
[robot_state_publisher-11] [INFO] [1776471130.537816014] [robot_2.robot_state_publisher]: got segment robot_2/rocker_L_link
[robot_state_publisher-11] [INFO] [1776471130.537823616] [robot_2.robot_state_publisher]: got segment robot_2/rocker_R_link
[robot_state_publisher-11] [INFO] [1776471130.537831198] [robot_2.robot_state_publisher]: got segment robot_2/wheel_FL_link
[robot_state_publisher-11] [INFO] [1776471130.537838691] [robot_2.robot_state_publisher]: got segment robot_2/wheel_FR_link
[robot_state_publisher-11] [INFO] [1776471130.537845940] [robot_2.robot_state_publisher]: got segment robot_2/wheel_RL_link
[robot_state_publisher-11] [INFO] [1776471130.537853152] [robot_2.robot_state_publisher]: got segment robot_2/wheel_RR_link
[bump_counter-3] [INFO] [1776471130.814856023] [bump_counter]: [global] global_mode=True cooldown(robot)=0.80s cooldown(obs)=0.50s Logging to /home/ecem/ros2_ws/src/Leo_sct/results_exp/explore/vague/prompt_2/run_2/spread/trial_3/run_20260418_021210/bumps_global_021210.csv
[robot_supervisor-13] [INFO] [1776471130.852499835] [robot_2.robot_supervisor]: Loaded initial mission 'explore' from explicit YAML explore_sup_gpt_vague_2_run_2_94.yaml
[robot_supervisor-19] [INFO] [1776471130.870316717] [robot_4.robot_supervisor]: Loaded initial mission 'explore' from explicit YAML explore_sup_gpt_vague_2_run_2_94.yaml
[robot_supervisor-10] [INFO] [1776471130.871120990] [robot_1.robot_supervisor]: Loaded initial mission 'explore' from explicit YAML explore_sup_gpt_vague_2_run_2_94.yaml
[robot_supervisor-16] [INFO] [1776471130.877902398] [robot_3.robot_supervisor]: Loaded initial mission 'explore' from explicit YAML explore_sup_gpt_vague_2_run_2_94.yaml
[robot_supervisor-7] [INFO] [1776471130.904778451] [robot_0.robot_supervisor]: Loaded initial mission 'explore' from explicit YAML explore_sup_gpt_vague_2_run_2_94.yaml
[robot_supervisor-13] [INFO] [1776471130.956265603] [robot_2.robot_supervisor]: Selected controllable event: EV_random_walk
[parameter_bridge-4] [INFO] [1776471130.956527573] [all_robots_bridge]: Passing message from ROS geometry_msgs/msg/Twist to Gazebo gz.msgs.Twist (showing msg only once per type)
[robot_supervisor-19] [INFO] [1776471130.974365015] [robot_4.robot_supervisor]: Selected controllable event: EV_random_walk
[robot_supervisor-10] [INFO] [1776471130.975296912] [robot_1.robot_supervisor]: Selected controllable event: EV_rotate_counterclockwise
[robot_supervisor-16] [INFO] [1776471130.981692214] [robot_3.robot_supervisor]: Selected controllable event: EV_rotate_counterclockwise
[robot_supervisor-7] [INFO] [1776471131.008476199] [robot_0.robot_supervisor]: Selected controllable event: EV_rotate_counterclockwise
[create-9] [INFO] [1776471131.037930667] [robot_1.ros_gz_sim]: Waiting messages on topic [/robot_1/robot_description].
[create-18] [INFO] [1776471131.138334804] [robot_4.ros_gz_sim]: Waiting messages on topic [/robot_4/robot_description].
[create-6] [INFO] [1776471131.238484167] [robot_0.ros_gz_sim]: Waiting messages on topic [/robot_0/robot_description].
[robot_supervisor-13] [INFO] [1776471131.256260183] [robot_2.robot_supervisor]: Selected controllable event: EV_random_walk
[robot_supervisor-19] [INFO] [1776471131.274073392] [robot_4.robot_supervisor]: Selected controllable event: EV_random_walk
[create-12] [INFO] [1776471131.339019398] [robot_2.ros_gz_sim]: Waiting messages on topic [/robot_2/robot_description].
[create-9] [INFO] [1776471131.438127872] [robot_1.ros_gz_sim]: Requested creation of entity.
[create-9] [INFO] [1776471131.438174245] [robot_1.ros_gz_sim]: OK creation of entity.
[create-12] [INFO] [1776471131.438305014] [robot_2.ros_gz_sim]: Requested creation of entity.
[create-12] [INFO] [1776471131.438349433] [robot_2.ros_gz_sim]: OK creation of entity.
[create-18] [INFO] [1776471131.438415913] [robot_4.ros_gz_sim]: Requested creation of entity.
[create-18] [INFO] [1776471131.438467574] [robot_4.ros_gz_sim]: OK creation of entity.
[create-6] [INFO] [1776471131.438531020] [robot_0.ros_gz_sim]: Requested creation of entity.
[create-6] [INFO] [1776471131.438578109] [robot_0.ros_gz_sim]: OK creation of entity.
[create-15] [INFO] [1776471131.438999036] [robot_3.ros_gz_sim]: Waiting messages on topic [/robot_3/robot_description].
[create-15] [INFO] [1776471131.441742491] [robot_3.ros_gz_sim]: Requested creation of entity.
[create-15] [INFO] [1776471131.441768449] [robot_3.ros_gz_sim]: OK creation of entity.
[robot_supervisor-13] [INFO] [1776471131.556183870] [robot_2.robot_supervisor]: Selected controllable event: EV_rotate_counterclockwise
[robot_supervisor-19] [INFO] [1776471131.574101041] [robot_4.robot_supervisor]: Selected controllable event: EV_move_forward
[INFO] [create-15]: process has finished cleanly [pid 484718]
[INFO] [create-6]: process has finished cleanly [pid 484697]
[INFO] [create-12]: process has finished cleanly [pid 484711]
[INFO] [create-9]: process has finished cleanly [pid 484704]
[INFO] [create-18]: process has finished cleanly [pid 484728]
[bump_counter-3] [INFO] [1776471131.870597620] [bump_counter]: [global] subscribed: /world/random_world/model/robot_0/link/robot_0/base_footprint/sensor/contact_sensor/contact
[bump_counter-3] [INFO] [1776471131.872371041] [bump_counter]: [global] subscribed: /world/random_world/model/robot_1/link/robot_1/base_footprint/sensor/contact_sensor/contact
[bump_counter-3] [INFO] [1776471131.873549501] [bump_counter]: [global] subscribed: /world/random_world/model/robot_2/link/robot_2/base_footprint/sensor/contact_sensor/contact
[bump_counter-3] [INFO] [1776471131.874874341] [bump_counter]: [global] subscribed: /world/random_world/model/robot_3/link/robot_3/base_footprint/sensor/contact_sensor/contact
[bump_counter-3] [INFO] [1776471131.875629629] [bump_counter]: [global] subscribed: /world/random_world/model/robot_4/link/robot_4/base_footprint/sensor/contact_sensor/contact
[INFO] [image_processor-21]: process started with pid [485082]
[INFO] [image_processor-22]: process started with pid [485084]
[INFO] [image_processor-23]: process started with pid [485086]
[INFO] [image_processor-24]: process started with pid [485088]
[INFO] [image_processor-25]: process started with pid [485090]
[image_processor-22] [INFO] [1776471132.529088069] [robot_1.image_processor]: image_processor: depth='/robot_1/depth_camera/depth_image' aruco_runtime=disabled
[image_processor-23] [INFO] [1776471132.529230330] [robot_2.image_processor]: image_processor: depth='/robot_2/depth_camera/depth_image' aruco_runtime=disabled
[image_processor-24] [INFO] [1776471132.530184759] [robot_3.image_processor]: image_processor: depth='/robot_3/depth_camera/depth_image' aruco_runtime=disabled
[image_processor-21] [INFO] [1776471132.530607459] [robot_0.image_processor]: image_processor: depth='/robot_0/depth_camera/depth_image' aruco_runtime=disabled
[image_processor-25] [INFO] [1776471132.532157266] [robot_4.image_processor]: image_processor: depth='/robot_4/depth_camera/depth_image' aruco_runtime=disabled
[robot_supervisor-7] [INFO] [1776471132.908944779] [robot_0.robot_supervisor]: Selected controllable event: EV_rotate_counterclockwise
[robot_supervisor-7] [INFO] [1776471132.909463337] [robot_0.robot_supervisor]: rotate_90 blocked by recent completion; stopping this tick
[robot_supervisor-10] [INFO] [1776471132.975124734] [robot_1.robot_supervisor]: Selected controllable event: EV_rotate_counterclockwise
[robot_supervisor-10] [INFO] [1776471132.975511690] [robot_1.robot_supervisor]: rotate_90 blocked by recent completion; stopping this tick
[robot_supervisor-16] [INFO] [1776471132.981691028] [robot_3.robot_supervisor]: Selected controllable event: EV_rotate_counterclockwise
[robot_supervisor-16] [INFO] [1776471132.982082908] [robot_3.robot_supervisor]: rotate_90 blocked by recent completion; stopping this tick
[robot_supervisor-7] [INFO] [1776471133.008882615] [robot_0.robot_supervisor]: Selected controllable event: EV_random_walk
[robot_supervisor-10] [INFO] [1776471133.075592609] [robot_1.robot_supervisor]: Selected controllable event: EV_random_walk
[robot_supervisor-16] [INFO] [1776471133.081393003] [robot_3.robot_supervisor]: Selected controllable event: EV_random_walk
[robot_supervisor-7] [INFO] [1776471133.308846163] [robot_0.robot_supervisor]: Selected controllable event: EV_random_walk
[robot_supervisor-10] [INFO] [1776471133.375157663] [robot_1.robot_supervisor]: Selected controllable event: EV_random_walk
[robot_supervisor-16] [INFO] [1776471133.381484030] [robot_3.robot_supervisor]: Selected controllable event: EV_random_walk
[robot_supervisor-13] [INFO] [1776471133.556279690] [robot_2.robot_supervisor]: Selected controllable event: EV_rotate_counterclockwise
[robot_supervisor-13] [INFO] [1776471133.556657936] [robot_2.robot_supervisor]: rotate_90 blocked by recent completion; stopping this tick
[robot_supervisor-7] [INFO] [1776471133.608642067] [robot_0.robot_supervisor]: Selected controllable event: EV_rotate_counterclockwise
[robot_supervisor-13] [INFO] [1776471133.656287937] [robot_2.robot_supervisor]: Selected controllable event: EV_rotate_counterclockwise
[robot_supervisor-13] [INFO] [1776471133.656661982] [robot_2.robot_supervisor]: rotate_90 blocked by recent completion; stopping this tick
[robot_supervisor-10] [INFO] [1776471133.675136190] [robot_1.robot_supervisor]: Selected controllable event: EV_rotate_counterclockwise
[robot_supervisor-16] [INFO] [1776471133.681472647] [robot_3.robot_supervisor]: Selected controllable event: EV_rotate_counterclockwise
[robot_supervisor-13] [INFO] [1776471133.756116051] [robot_2.robot_supervisor]: Selected controllable event: EV_rotate_counterclockwise
[image_processor-22] [INFO] [1776471136.012765921] [robot_1.image_processor]: Zone=CLEAR  left[p=1.367 near=0 v=7650]  front[p=1.358 near=0 v=13500]  right[p=1.349 near=0 v=7740]
[image_processor-25] [INFO] [1776471136.025570017] [robot_4.image_processor]: Zone=CLEAR  left[p=3.196 near=0 v=6573]  front[p=2.953 near=0 v=9956]  right[p=2.637 near=0 v=5511]
[image_processor-21] [INFO] [1776471136.039388622] [robot_0.image_processor]: Zone=CLEAR  left[p=2.605 near=0 v=4783]  front[p=0.859 near=16 v=10621]  right[p=0.703 near=6260 v=7740]
[image_processor-23] [INFO] [1776471136.054080686] [robot_2.image_processor]: Zone=CLEAR  left[p=1.916 near=0 v=7650]  front[p=2.087 near=0 v=10542]  right[p=2.618 near=0 v=5504]
[image_processor-24] [INFO] [1776471136.065009201] [robot_3.image_processor]: Zone=CLEAR  left[p=3.001 near=0 v=6584]  front[p=3.255 near=0 v=11400]  right[p=1.649 near=0 v=7476]
[robot_supervisor-7] [INFO] [1776471136.108478940] [robot_0.robot_supervisor]: Selected controllable event: EV_rotate_counterclockwise
[robot_supervisor-7] [INFO] [1776471136.108754136] [robot_0.robot_supervisor]: rotate_90 blocked by recent completion; stopping this tick
[robot_supervisor-16] [INFO] [1776471136.181586891] [robot_3.robot_supervisor]: Selected controllable event: EV_rotate_counterclockwise
[robot_supervisor-16] [INFO] [1776471136.181960160] [robot_3.robot_supervisor]: rotate_90 blocked by recent completion; stopping this tick
[robot_supervisor-7] [INFO] [1776471136.208772027] [robot_0.robot_supervisor]: Selected controllable event: EV_move_forward
[robot_supervisor-13] [INFO] [1776471136.256378752] [robot_2.robot_supervisor]: Selected controllable event: EV_move_forward
[robot_supervisor-10] [INFO] [1776471136.275157809] [robot_1.robot_supervisor]: Selected controllable event: EV_rotate_counterclockwise
[robot_supervisor-10] [INFO] [1776471136.275608836] [robot_1.robot_supervisor]: rotate_90 blocked by recent completion; stopping this tick
[robot_supervisor-16] [INFO] [1776471136.281335768] [robot_3.robot_supervisor]: Selected controllable event: EV_move_forward
[robot_supervisor-10] [INFO] [1776471136.375312782] [robot_1.robot_supervisor]: Selected controllable event: EV_move_forward
[image_processor-22] [INFO] [1776471138.512887102] [robot_1.image_processor]: Zone=CLEAR
[image_processor-25] [INFO] [1776471138.529254279] [robot_4.image_processor]: Zone=CLEAR
[image_processor-21] [INFO] [1776471138.543328439] [robot_0.image_processor]: Zone=CLEAR
[image_processor-24] [INFO] [1776471138.569084514] [robot_3.image_processor]: Zone=CLEAR
[image_processor-23] [INFO] [1776471138.658785206] [robot_2.image_processor]: Zone=CLEAR
[image_processor-22] [INFO] [1776471141.011993118] [robot_1.image_processor]: Zone=CLEAR
[image_processor-21] [INFO] [1776471141.040344184] [robot_0.image_processor]: Zone=CLEAR
[image_processor-23] [INFO] [1776471141.055007686] [robot_2.image_processor]: Zone=CLEAR
[image_processor-24] [INFO] [1776471141.066123475] [robot_3.image_processor]: Zone=CLEAR
[image_processor-25] [INFO] [1776471141.127996062] [robot_4.image_processor]: Zone=CLEAR
[image_processor-22] [INFO] [1776471143.514139168] [robot_1.image_processor]: Zone=CLEAR
[image_processor-25] [INFO] [1776471143.528396884] [robot_4.image_processor]: Zone=CLEAR
[image_processor-21] [INFO] [1776471143.542341109] [robot_0.image_processor]: Zone=CLEAR
[image_processor-23] [INFO] [1776471143.556135357] [robot_2.image_processor]: Zone=CLEAR
[image_processor-24] [INFO] [1776471143.567001390] [robot_3.image_processor]: Zone=CLEAR
[image_processor-22] [INFO] [1776471146.013403802] [robot_1.image_processor]: Zone=CLEAR
[image_processor-25] [INFO] [1776471146.028267221] [robot_4.image_processor]: Zone=CLEAR
[image_processor-21] [INFO] [1776471146.040661618] [robot_0.image_processor]: Zone=CLEAR
[image_processor-24] [INFO] [1776471146.067103336] [robot_3.image_processor]: Zone=CLEAR
[image_processor-23] [INFO] [1776471146.156675979] [robot_2.image_processor]: Zone=CLEAR
[image_processor-22] [INFO] [1776471148.513492433] [robot_1.image_processor]: Zone=CLEAR
[image_processor-25] [INFO] [1776471148.527315559] [robot_4.image_processor]: Zone=CLEAR
[image_processor-21] [INFO] [1776471148.542233087] [robot_0.image_processor]: Zone=CLEAR
[image_processor-23] [INFO] [1776471148.556648110] [robot_2.image_processor]: Zone=CLEAR
[image_processor-24] [INFO] [1776471148.567283947] [robot_3.image_processor]: Zone=CLEAR
[image_processor-22] [INFO] [1776471151.012807810] [robot_1.image_processor]: Zone=CLEAR
[image_processor-25] [INFO] [1776471151.026047678] [robot_4.image_processor]: Zone=CLEAR
[image_processor-21] [INFO] [1776471151.039752791] [robot_0.image_processor]: Zone=CLEAR
[image_processor-23] [INFO] [1776471151.053595733] [robot_2.image_processor]: Zone=CLEAR
[image_processor-24] [INFO] [1776471151.064101389] [robot_3.image_processor]: Zone=CLEAR
[image_processor-22] [INFO] [1776471153.512971552] [robot_1.image_processor]: Zone=CLEAR
[image_processor-25] [INFO] [1776471153.527063138] [robot_4.image_processor]: Zone=CLEAR
[image_processor-21] [INFO] [1776471153.541693463] [robot_0.image_processor]: Zone=CLEAR
[image_processor-23] [INFO] [1776471153.556463504] [robot_2.image_processor]: Zone=CLEAR
[image_processor-24] [INFO] [1776471153.567344288] [robot_3.image_processor]: Zone=CLEAR
[image_processor-22] [INFO] [1776471156.012429555] [robot_1.image_processor]: Zone=CLEAR
[image_processor-25] [INFO] [1776471156.025884442] [robot_4.image_processor]: Zone=CLEAR
[image_processor-21] [INFO] [1776471156.039995178] [robot_0.image_processor]: Zone=CLEAR
[image_processor-23] [INFO] [1776471156.055986893] [robot_2.image_processor]: Zone=CLEAR
[image_processor-24] [INFO] [1776471156.068500754] [robot_3.image_processor]: Zone=CLEAR
[image_processor-22] [INFO] [1776471158.512362714] [robot_1.image_processor]: Zone=CLEAR
[image_processor-25] [INFO] [1776471158.525939728] [robot_4.image_processor]: Zone=CLEAR
[image_processor-21] [INFO] [1776471158.539871844] [robot_0.image_processor]: Zone=CLEAR
[image_processor-23] [INFO] [1776471158.557174699] [robot_2.image_processor]: Zone=CLEAR
[image_processor-24] [INFO] [1776471158.569019551] [robot_3.image_processor]: Zone=CLEAR
[image_processor-25] [INFO] [1776471161.026952651] [robot_4.image_processor]: Zone=CLEAR
[image_processor-21] [INFO] [1776471161.041496433] [robot_0.image_processor]: Zone=CLEAR
[image_processor-23] [INFO] [1776471161.057365231] [robot_2.image_processor]: Zone=CLEAR
[image_processor-24] [INFO] [1776471161.067696795] [robot_3.image_processor]: Zone=CLEAR
[image_processor-22] [INFO] [1776471161.114404688] [robot_1.image_processor]: Zone=CLEAR
[image_processor-22] [INFO] [1776471163.511133200] [robot_1.image_processor]: Zone=CLEAR
[image_processor-25] [INFO] [1776471163.524882968] [robot_4.image_processor]: Zone=CLEAR
[image_processor-21] [INFO] [1776471163.538657028] [robot_0.image_processor]: Zone=CLEAR
[image_processor-23] [INFO] [1776471163.552425015] [robot_2.image_processor]: Zone=CLEAR
[image_processor-24] [INFO] [1776471163.563429743] [robot_3.image_processor]: Zone=CLEAR
[image_processor-22] [INFO] [1776471166.014747090] [robot_1.image_processor]: Zone=CLEAR
[image_processor-25] [INFO] [1776471166.031673083] [robot_4.image_processor]: Zone=CLEAR
[image_processor-21] [INFO] [1776471166.045489878] [robot_0.image_processor]: Zone=CLEAR
[image_processor-23] [INFO] [1776471166.060782690] [robot_2.image_processor]: Zone=CLEAR
[image_processor-24] [INFO] [1776471166.074221296] [robot_3.image_processor]: Zone=CLEAR
[image_processor-22] [INFO] [1776471168.513944682] [robot_1.image_processor]: Zone=CLEAR
[image_processor-25] [INFO] [1776471168.528635806] [robot_4.image_processor]: Zone=CLEAR
[image_processor-21] [INFO] [1776471168.543550900] [robot_0.image_processor]: Zone=CLEAR
[image_processor-24] [INFO] [1776471168.571010564] [robot_3.image_processor]: Zone=CLEAR
[image_processor-23] [INFO] [1776471168.660254969] [robot_2.image_processor]: Zone=CLEAR
[image_processor-22] [INFO] [1776471171.013498128] [robot_1.image_processor]: Zone=CLEAR
[image_processor-25] [INFO] [1776471171.027777528] [robot_4.image_processor]: Zone=CLEAR
[image_processor-21] [INFO] [1776471171.042379523] [robot_0.image_processor]: Zone=CLEAR
[image_processor-23] [INFO] [1776471171.056013719] [robot_2.image_processor]: Zone=CLEAR
[image_processor-24] [INFO] [1776471171.067655357] [robot_3.image_processor]: Zone=CLEAR
[image_processor-22] [INFO] [1776471173.513249641] [robot_1.image_processor]: Zone=CLEAR
[image_processor-25] [INFO] [1776471173.527680124] [robot_4.image_processor]: Zone=CLEAR
[image_processor-21] [INFO] [1776471173.540922723] [robot_0.image_processor]: Zone=CLEAR
[image_processor-23] [INFO] [1776471173.555286970] [robot_2.image_processor]: Zone=CLEAR
[image_processor-24] [INFO] [1776471173.668505247] [robot_3.image_processor]: Zone=CLEAR
[image_processor-22] [INFO] [1776471176.011924994] [robot_1.image_processor]: Zone=CLEAR
[image_processor-25] [INFO] [1776471176.027309812] [robot_4.image_processor]: Zone=CLEAR
[image_processor-23] [INFO] [1776471176.057930757] [robot_2.image_processor]: Zone=CLEAR
[image_processor-24] [INFO] [1776471176.068842934] [robot_3.image_processor]: Zone=CLEAR
[image_processor-21] [INFO] [1776471176.143632683] [robot_0.image_processor]: Zone=CLEAR
[image_processor-22] [INFO] [1776471178.511653013] [robot_1.image_processor]: Zone=CLEAR
[image_processor-25] [INFO] [1776471178.525988135] [robot_4.image_processor]: Zone=CLEAR
[image_processor-21] [INFO] [1776471178.539712552] [robot_0.image_processor]: Zone=CLEAR
[image_processor-24] [INFO] [1776471178.565190302] [robot_3.image_processor]: Zone=CLEAR
[image_processor-23] [INFO] [1776471178.655239969] [robot_2.image_processor]: Zone=CLEAR
[image_processor-22] [INFO] [1776471181.011586433] [robot_1.image_processor]: Zone=CLEAR
[image_processor-25] [INFO] [1776471181.026322175] [robot_4.image_processor]: Zone=CLEAR
[image_processor-21] [INFO] [1776471181.039321079] [robot_0.image_processor]: Zone=CLEAR
[image_processor-23] [INFO] [1776471181.057039588] [robot_2.image_processor]: Zone=CLEAR
[image_processor-24] [INFO] [1776471181.068869217] [robot_3.image_processor]: Zone=CLEAR
[image_processor-22] [INFO] [1776471183.512882735] [robot_1.image_processor]: Zone=CLEAR
[image_processor-25] [INFO] [1776471183.527800225] [robot_4.image_processor]: Zone=CLEAR
[image_processor-21] [INFO] [1776471183.540082150] [robot_0.image_processor]: Zone=CLEAR
[image_processor-23] [INFO] [1776471183.558761937] [robot_2.image_processor]: Zone=CLEAR
[image_processor-24] [INFO] [1776471183.571642369] [robot_3.image_processor]: Zone=CLEAR
[image_processor-22] [INFO] [1776471186.012089133] [robot_1.image_processor]: Zone=CLEAR
[image_processor-25] [INFO] [1776471186.025498247] [robot_4.image_processor]: Zone=CLEAR
[image_processor-21] [INFO] [1776471186.040567517] [robot_0.image_processor]: Zone=CLEAR
[image_processor-23] [INFO] [1776471186.056906028] [robot_2.image_processor]: Zone=CLEAR
[image_processor-24] [INFO] [1776471186.068873896] [robot_3.image_processor]: Zone=CLEAR
[image_processor-22] [INFO] [1776471188.512543400] [robot_1.image_processor]: Zone=CLEAR
[image_processor-25] [INFO] [1776471188.528925090] [robot_4.image_processor]: Zone=CLEAR
[image_processor-21] [INFO] [1776471188.542855612] [robot_0.image_processor]: Zone=CLEAR
[image_processor-23] [INFO] [1776471188.556743167] [robot_2.image_processor]: Zone=CLEAR
[image_processor-24] [INFO] [1776471188.567180639] [robot_3.image_processor]: Zone=CLEAR
[image_processor-22] [INFO] [1776471191.012569663] [robot_1.image_processor]: Zone=CLEAR
[image_processor-25] [INFO] [1776471191.027148935] [robot_4.image_processor]: Zone=CLEAR
[image_processor-21] [INFO] [1776471191.040766569] [robot_0.image_processor]: Zone=CLEAR
[image_processor-23] [INFO] [1776471191.054303220] [robot_2.image_processor]: Zone=CLEAR
[image_processor-24] [INFO] [1776471191.065261534] [robot_3.image_processor]: Zone=CLEAR
[image_processor-22] [INFO] [1776471193.512070822] [robot_1.image_processor]: Zone=CLEAR
[image_processor-25] [INFO] [1776471193.525322851] [robot_4.image_processor]: Zone=CLEAR
[image_processor-21] [INFO] [1776471193.539897877] [robot_0.image_processor]: Zone=CLEAR
[image_processor-23] [INFO] [1776471193.557395435] [robot_2.image_processor]: Zone=CLEAR
[image_processor-24] [INFO] [1776471193.668529540] [robot_3.image_processor]: Zone=CLEAR
[image_processor-22] [INFO] [1776471196.012013632] [robot_1.image_processor]: Zone=CLEAR
[image_processor-25] [INFO] [1776471196.029062079] [robot_4.image_processor]: Zone=CLEAR
[image_processor-21] [INFO] [1776471196.044986544] [robot_0.image_processor]: Zone=CLEAR
[image_processor-23] [INFO] [1776471196.059360144] [robot_2.image_processor]: Zone=CLEAR
[image_processor-24] [INFO] [1776471196.171901027] [robot_3.image_processor]: Zone=CLEAR
[image_processor-22] [INFO] [1776471198.511481765] [robot_1.image_processor]: Zone=CLEAR
[image_processor-25] [INFO] [1776471198.528077307] [robot_4.image_processor]: Zone=CLEAR
[image_processor-21] [INFO] [1776471198.541229544] [robot_0.image_processor]: Zone=CLEAR
[image_processor-23] [INFO] [1776471198.556052516] [robot_2.image_processor]: Zone=CLEAR
[image_processor-24] [INFO] [1776471198.568930878] [robot_3.image_processor]: Zone=CLEAR
[image_processor-22] [INFO] [1776471201.012531524] [robot_1.image_processor]: Zone=CLEAR
[image_processor-25] [INFO] [1776471201.027651990] [robot_4.image_processor]: Zone=CLEAR
[image_processor-21] [INFO] [1776471201.041554911] [robot_0.image_processor]: Zone=CLEAR
[image_processor-23] [INFO] [1776471201.055962382] [robot_2.image_processor]: Zone=CLEAR
[image_processor-24] [INFO] [1776471201.068270506] [robot_3.image_processor]: Zone=CLEAR
[image_processor-22] [INFO] [1776471203.511192499] [robot_1.image_processor]: Zone=CLEAR
[image_processor-25] [INFO] [1776471203.526456124] [robot_4.image_processor]: Zone=CLEAR
[image_processor-21] [INFO] [1776471203.541057578] [robot_0.image_processor]: Zone=CLEAR
[image_processor-23] [INFO] [1776471203.555471768] [robot_2.image_processor]: Zone=CLEAR
[image_processor-24] [INFO] [1776471203.566668602] [robot_3.image_processor]: Zone=CLEAR
[image_processor-22] [INFO] [1776471206.016226414] [robot_1.image_processor]: Zone=CLEAR
[image_processor-25] [INFO] [1776471206.033504982] [robot_4.image_processor]: Zone=CLEAR
[image_processor-21] [INFO] [1776471206.047358114] [robot_0.image_processor]: Zone=CLEAR
[image_processor-24] [INFO] [1776471206.073554719] [robot_3.image_processor]: Zone=CLEAR
[image_processor-23] [INFO] [1776471206.165138184] [robot_2.image_processor]: Zone=CLEAR
[image_processor-22] [INFO] [1776471208.521111600] [robot_1.image_processor]: Zone=CLEAR
[image_processor-25] [INFO] [1776471208.540614191] [robot_4.image_processor]: Zone=CLEAR
[image_processor-21] [INFO] [1776471208.555620593] [robot_0.image_processor]: Zone=CLEAR
[image_processor-23] [INFO] [1776471208.570476376] [robot_2.image_processor]: Zone=CLEAR
[image_processor-24] [INFO] [1776471208.581089772] [robot_3.image_processor]: Zone=CLEAR
[image_processor-22] [INFO] [1776471211.013163499] [robot_1.image_processor]: Zone=CLEAR
[image_processor-25] [INFO] [1776471211.027556245] [robot_4.image_processor]: Zone=CLEAR
[image_processor-21] [INFO] [1776471211.040514277] [robot_0.image_processor]: Zone=CLEAR
[image_processor-23] [INFO] [1776471211.054959400] [robot_2.image_processor]: Zone=CLEAR
[image_processor-24] [INFO] [1776471211.066511025] [robot_3.image_processor]: Zone=CLEAR
[image_processor-22] [INFO] [1776471213.514555814] [robot_1.image_processor]: Zone=CLEAR
[image_processor-25] [INFO] [1776471213.526681314] [robot_4.image_processor]: Zone=CLEAR
[image_processor-21] [INFO] [1776471213.539860200] [robot_0.image_processor]: Zone=CLEAR
[image_processor-23] [INFO] [1776471213.555472348] [robot_2.image_processor]: Zone=CLEAR
[image_processor-24] [INFO] [1776471213.567830813] [robot_3.image_processor]: Zone=CLEAR
[image_processor-22] [INFO] [1776471216.016138476] [robot_1.image_processor]: Zone=CLEAR
[image_processor-25] [INFO] [1776471216.034603768] [robot_4.image_processor]: Zone=CLEAR
[image_processor-21] [INFO] [1776471216.047441352] [robot_0.image_processor]: Zone=CLEAR
[image_processor-23] [INFO] [1776471216.060831076] [robot_2.image_processor]: Zone=CLEAR
[image_processor-24] [INFO] [1776471216.072062669] [robot_3.image_processor]: Zone=CLEAR
[image_processor-22] [INFO] [1776471218.511436061] [robot_1.image_processor]: Zone=CLEAR
[image_processor-25] [INFO] [1776471218.527088534] [robot_4.image_processor]: Zone=CLEAR
[image_processor-21] [INFO] [1776471218.539775703] [robot_0.image_processor]: Zone=CLEAR
[image_processor-23] [INFO] [1776471218.554855667] [robot_2.image_processor]: Zone=CLEAR
[image_processor-24] [INFO] [1776471218.566544621] [robot_3.image_processor]: Zone=CLEAR
[image_processor-22] [INFO] [1776471221.013820206] [robot_1.image_processor]: Zone=CLEAR
[image_processor-25] [INFO] [1776471221.027706941] [robot_4.image_processor]: Zone=CLEAR
[image_processor-21] [INFO] [1776471221.041361337] [robot_0.image_processor]: Zone=CLEAR
[image_processor-23] [INFO] [1776471221.055868335] [robot_2.image_processor]: Zone=CLEAR
[image_processor-24] [INFO] [1776471221.067671027] [robot_3.image_processor]: Zone=CLEAR
[image_processor-22] [INFO] [1776471223.513566695] [robot_1.image_processor]: Zone=CLEAR
[image_processor-25] [INFO] [1776471223.528252674] [robot_4.image_processor]: Zone=CLEAR
[image_processor-21] [INFO] [1776471223.542319358] [robot_0.image_processor]: Zone=CLEAR
[image_processor-23] [INFO] [1776471223.556775936] [robot_2.image_processor]: Zone=CLEAR
[image_processor-24] [INFO] [1776471223.567438235] [robot_3.image_processor]: Zone=CLEAR
[image_processor-22] [INFO] [1776471226.012322596] [robot_1.image_processor]: Zone=CLEAR
[image_processor-25] [INFO] [1776471226.027048668] [robot_4.image_processor]: Zone=CLEAR
[image_processor-21] [INFO] [1776471226.041647285] [robot_0.image_processor]: Zone=CLEAR
[image_processor-23] [INFO] [1776471226.057719528] [robot_2.image_processor]: Zone=CLEAR
[image_processor-24] [INFO] [1776471226.168387024] [robot_3.image_processor]: Zone=CLEAR
[image_processor-22] [INFO] [1776471228.515709344] [robot_1.image_processor]: Zone=CLEAR
[image_processor-25] [INFO] [1776471228.538092431] [robot_4.image_processor]: Zone=CLEAR
[image_processor-21] [INFO] [1776471228.555080123] [robot_0.image_processor]: Zone=CLEAR
[image_processor-23] [INFO] [1776471228.571735594] [robot_2.image_processor]: Zone=CLEAR
[image_processor-24] [INFO] [1776471228.584264724] [robot_3.image_processor]: Zone=CLEAR
[image_processor-22] [INFO] [1776471231.014092840] [robot_1.image_processor]: Zone=CLEAR
[image_processor-25] [INFO] [1776471231.028495008] [robot_4.image_processor]: Zone=CLEAR
[image_processor-21] [INFO] [1776471231.041687398] [robot_0.image_processor]: Zone=CLEAR
[image_processor-23] [INFO] [1776471231.056433170] [robot_2.image_processor]: Zone=CLEAR
[image_processor-24] [INFO] [1776471231.068079296] [robot_3.image_processor]: Zone=CLEAR
[image_processor-22] [INFO] [1776471233.513180752] [robot_1.image_processor]: Zone=CLEAR
[image_processor-25] [INFO] [1776471233.525607519] [robot_4.image_processor]: Zone=CLEAR
[image_processor-21] [INFO] [1776471233.539896279] [robot_0.image_processor]: Zone=CLEAR
[image_processor-23] [INFO] [1776471233.554076814] [robot_2.image_processor]: Zone=CLEAR
[image_processor-24] [INFO] [1776471233.565618151] [robot_3.image_processor]: Zone=CLEAR
[image_processor-22] [INFO] [1776471236.012742161] [robot_1.image_processor]: Zone=CLEAR
[image_processor-25] [INFO] [1776471236.026353238] [robot_4.image_processor]: Zone=CLEAR
[image_processor-21] [INFO] [1776471236.040040947] [robot_0.image_processor]: Zone=CLEAR
[image_processor-23] [INFO] [1776471236.054819522] [robot_2.image_processor]: Zone=CLEAR
[image_processor-24] [INFO] [1776471236.066715076] [robot_3.image_processor]: Zone=CLEAR
[image_processor-22] [INFO] [1776471238.514791234] [robot_1.image_processor]: Zone=CLEAR
[image_processor-25] [INFO] [1776471238.530269001] [robot_4.image_processor]: Zone=CLEAR
[image_processor-21] [INFO] [1776471238.542492307] [robot_0.image_processor]: Zone=CLEAR
[image_processor-23] [INFO] [1776471238.557214911] [robot_2.image_processor]: Zone=CLEAR
[image_processor-24] [INFO] [1776471238.568202242] [robot_3.image_processor]: Zone=CLEAR
[image_processor-25] [INFO] [1776471241.034609979] [robot_4.image_processor]: Zone=CLEAR
[image_processor-21] [INFO] [1776471241.046936171] [robot_0.image_processor]: Zone=CLEAR
[image_processor-23] [INFO] [1776471241.061821611] [robot_2.image_processor]: Zone=CLEAR
[image_processor-24] [INFO] [1776471241.073524279] [robot_3.image_processor]: Zone=CLEAR
[image_processor-22] [INFO] [1776471241.118314739] [robot_1.image_processor]: Zone=CLEAR
[image_processor-22] [INFO] [1776471243.513788704] [robot_1.image_processor]: Zone=CLEAR
[image_processor-25] [INFO] [1776471243.527072261] [robot_4.image_processor]: Zone=CLEAR
[image_processor-21] [INFO] [1776471243.540114080] [robot_0.image_processor]: Zone=CLEAR
[image_processor-23] [INFO] [1776471243.555166508] [robot_2.image_processor]: Zone=CLEAR
[image_processor-24] [INFO] [1776471243.565951362] [robot_3.image_processor]: Zone=CLEAR
[image_processor-22] [INFO] [1776471246.012719693] [robot_1.image_processor]: Zone=CLEAR
[image_processor-25] [INFO] [1776471246.027002998] [robot_4.image_processor]: Zone=CLEAR
[image_processor-23] [INFO] [1776471246.053181847] [robot_2.image_processor]: Zone=CLEAR
[image_processor-24] [INFO] [1776471246.065243818] [robot_3.image_processor]: Zone=CLEAR
[image_processor-21] [INFO] [1776471246.140609176] [robot_0.image_processor]: Zone=CLEAR
[image_processor-22] [INFO] [1776471248.514302346] [robot_1.image_processor]: Zone=CLEAR
[image_processor-25] [INFO] [1776471248.527849477] [robot_4.image_processor]: Zone=CLEAR
[image_processor-21] [INFO] [1776471248.540368451] [robot_0.image_processor]: Zone=CLEAR
[image_processor-23] [INFO] [1776471248.556264916] [robot_2.image_processor]: Zone=CLEAR
[image_processor-24] [INFO] [1776471248.566166866] [robot_3.image_processor]: Zone=CLEAR
[image_processor-22] [INFO] [1776471251.013994052] [robot_1.image_processor]: Zone=CLEAR
[image_processor-25] [INFO] [1776471251.028050480] [robot_4.image_processor]: Zone=CLEAR
[image_processor-21] [INFO] [1776471251.041640739] [robot_0.image_processor]: Zone=CLEAR
[image_processor-23] [INFO] [1776471251.056135876] [robot_2.image_processor]: Zone=CLEAR
[image_processor-24] [INFO] [1776471251.067768333] [robot_3.image_processor]: Zone=CLEAR
[image_processor-22] [INFO] [1776471253.511553487] [robot_1.image_processor]: Zone=CLEAR
[image_processor-25] [INFO] [1776471253.526158356] [robot_4.image_processor]: Zone=CLEAR
[image_processor-21] [INFO] [1776471253.540382822] [robot_0.image_processor]: Zone=CLEAR
[image_processor-23] [INFO] [1776471253.554934939] [robot_2.image_processor]: Zone=CLEAR
[image_processor-24] [INFO] [1776471253.566948205] [robot_3.image_processor]: Zone=CLEAR
[image_processor-22] [INFO] [1776471256.011597465] [robot_1.image_processor]: Zone=CLEAR
[image_processor-25] [INFO] [1776471256.025465148] [robot_4.image_processor]: Zone=CLEAR
[image_processor-21] [INFO] [1776471256.040660892] [robot_0.image_processor]: Zone=CLEAR
[image_processor-23] [INFO] [1776471256.055915872] [robot_2.image_processor]: Zone=CLEAR
[image_processor-24] [INFO] [1776471256.067016341] [robot_3.image_processor]: Zone=CLEAR
[image_processor-22] [INFO] [1776471258.511739848] [robot_1.image_processor]: Zone=CLEAR
[image_processor-25] [INFO] [1776471258.526174877] [robot_4.image_processor]: Zone=CLEAR
[image_processor-23] [INFO] [1776471258.553591904] [robot_2.image_processor]: Zone=CLEAR
[image_processor-24] [INFO] [1776471258.564937691] [robot_3.image_processor]: Zone=CLEAR
[image_processor-21] [INFO] [1776471258.642854783] [robot_0.image_processor]: Zone=CLEAR
[image_processor-22] [INFO] [1776471261.014107438] [robot_1.image_processor]: Zone=CLEAR
[image_processor-25] [INFO] [1776471261.038608821] [robot_4.image_processor]: Zone=CLEAR
[image_processor-23] [INFO] [1776471261.072290963] [robot_2.image_processor]: Zone=CLEAR
[image_processor-24] [INFO] [1776471261.082330963] [robot_3.image_processor]: Zone=CLEAR
[image_processor-21] [INFO] [1776471261.159284142] [robot_0.image_processor]: Zone=CLEAR
[image_processor-22] [INFO] [1776471263.510870013] [robot_1.image_processor]: Zone=CLEAR
[image_processor-25] [INFO] [1776471263.526348164] [robot_4.image_processor]: Zone=CLEAR
[image_processor-21] [INFO] [1776471263.540642174] [robot_0.image_processor]: Zone=CLEAR
[image_processor-23] [INFO] [1776471263.554480781] [robot_2.image_processor]: Zone=CLEAR
[image_processor-24] [INFO] [1776471263.565107937] [robot_3.image_processor]: Zone=CLEAR
[image_processor-22] [INFO] [1776471266.010860847] [robot_1.image_processor]: Zone=CLEAR
[image_processor-25] [INFO] [1776471266.027294031] [robot_4.image_processor]: Zone=CLEAR
[image_processor-21] [INFO] [1776471266.042153812] [robot_0.image_processor]: Zone=CLEAR
[image_processor-23] [INFO] [1776471266.056909587] [robot_2.image_processor]: Zone=CLEAR
[image_processor-24] [INFO] [1776471266.074547770] [robot_3.image_processor]: Zone=CLEAR
[image_processor-22] [INFO] [1776471268.515362623] [robot_1.image_processor]: Zone=CLEAR
[image_processor-25] [INFO] [1776471268.530406266] [robot_4.image_processor]: Zone=CLEAR
[image_processor-21] [INFO] [1776471268.545532233] [robot_0.image_processor]: Zone=CLEAR
[image_processor-23] [INFO] [1776471268.561185885] [robot_2.image_processor]: Zone=CLEAR
[image_processor-24] [INFO] [1776471268.572089925] [robot_3.image_processor]: Zone=CLEAR
[image_processor-22] [INFO] [1776471271.012337370] [robot_1.image_processor]: Zone=CLEAR
[image_processor-25] [INFO] [1776471271.028557837] [robot_4.image_processor]: Zone=CLEAR
[image_processor-21] [INFO] [1776471271.043752654] [robot_0.image_processor]: Zone=CLEAR
[image_processor-23] [INFO] [1776471271.059307690] [robot_2.image_processor]: Zone=CLEAR
[image_processor-24] [INFO] [1776471271.068878287] [robot_3.image_processor]: Zone=CLEAR
[image_processor-22] [INFO] [1776471273.511862557] [robot_1.image_processor]: Zone=CLEAR
[image_processor-21] [INFO] [1776471273.539537633] [robot_0.image_processor]: Zone=CLEAR
[image_processor-23] [INFO] [1776471273.555472942] [robot_2.image_processor]: Zone=CLEAR
[image_processor-24] [INFO] [1776471273.566347292] [robot_3.image_processor]: Zone=CLEAR
[image_processor-25] [INFO] [1776471273.627695106] [robot_4.image_processor]: Zone=CLEAR
[image_processor-22] [INFO] [1776471276.011676378] [robot_1.image_processor]: Zone=CLEAR
[image_processor-25] [INFO] [1776471276.027887989] [robot_4.image_processor]: Zone=CLEAR
[image_processor-21] [INFO] [1776471276.040775592] [robot_0.image_processor]: Zone=CLEAR
[image_processor-23] [INFO] [1776471276.054549945] [robot_2.image_processor]: Zone=CLEAR
[image_processor-24] [INFO] [1776471276.167150851] [robot_3.image_processor]: Zone=CLEAR
[image_processor-22] [INFO] [1776471278.513099883] [robot_1.image_processor]: Zone=CLEAR
[image_processor-25] [INFO] [1776471278.527506550] [robot_4.image_processor]: Zone=CLEAR
[image_processor-21] [INFO] [1776471278.543490528] [robot_0.image_processor]: Zone=CLEAR
[image_processor-24] [INFO] [1776471278.567885806] [robot_3.image_processor]: Zone=CLEAR
[image_processor-23] [INFO] [1776471278.658948560] [robot_2.image_processor]: Zone=CLEAR
[image_processor-22] [INFO] [1776471281.014512769] [robot_1.image_processor]: Zone=CLEAR
[image_processor-25] [INFO] [1776471281.031183031] [robot_4.image_processor]: Zone=CLEAR
[image_processor-21] [INFO] [1776471281.047146860] [robot_0.image_processor]: Zone=CLEAR
[image_processor-23] [INFO] [1776471281.061251988] [robot_2.image_processor]: Zone=CLEAR
[image_processor-24] [INFO] [1776471281.072454594] [robot_3.image_processor]: Zone=CLEAR
[image_processor-22] [INFO] [1776471283.513181277] [robot_1.image_processor]: Zone=CLEAR
[image_processor-25] [INFO] [1776471283.528558434] [robot_4.image_processor]: Zone=CLEAR
[image_processor-21] [INFO] [1776471283.541783283] [robot_0.image_processor]: Zone=CLEAR
[image_processor-23] [INFO] [1776471283.556415949] [robot_2.image_processor]: Zone=CLEAR
[image_processor-24] [INFO] [1776471283.569590737] [robot_3.image_processor]: Zone=CLEAR
[image_processor-22] [INFO] [1776471286.013793655] [robot_1.image_processor]: Zone=CLEAR
[image_processor-25] [INFO] [1776471286.028499587] [robot_4.image_processor]: Zone=CLEAR
[image_processor-21] [INFO] [1776471286.040337355] [robot_0.image_processor]: Zone=CLEAR
[image_processor-23] [INFO] [1776471286.056999697] [robot_2.image_processor]: Zone=CLEAR
[image_processor-24] [INFO] [1776471286.066673747] [robot_3.image_processor]: Zone=CLEAR
[image_processor-22] [INFO] [1776471288.512767496] [robot_1.image_processor]: Zone=CLEAR
[image_processor-25] [INFO] [1776471288.526869240] [robot_4.image_processor]: Zone=CLEAR
[image_processor-23] [INFO] [1776471288.553593783] [robot_2.image_processor]: Zone=CLEAR
[image_processor-24] [INFO] [1776471288.565331266] [robot_3.image_processor]: Zone=CLEAR
[image_processor-21] [INFO] [1776471288.641100633] [robot_0.image_processor]: Zone=CLEAR
[image_processor-22] [INFO] [1776471291.013160408] [robot_1.image_processor]: Zone=CLEAR
[image_processor-21] [INFO] [1776471291.040046209] [robot_0.image_processor]: Zone=CLEAR
[image_processor-24] [INFO] [1776471291.066124776] [robot_3.image_processor]: Zone=CLEAR
[image_processor-25] [INFO] [1776471291.128985467] [robot_4.image_processor]: Zone=CLEAR
[image_processor-23] [INFO] [1776471291.154210494] [robot_2.image_processor]: Zone=CLEAR
[image_processor-22] [INFO] [1776471293.511959304] [robot_1.image_processor]: Zone=CLEAR
[image_processor-21] [INFO] [1776471293.539030316] [robot_0.image_processor]: Zone=CLEAR
[image_processor-23] [INFO] [1776471293.553569883] [robot_2.image_processor]: Zone=CLEAR
[image_processor-24] [INFO] [1776471293.565669551] [robot_3.image_processor]: Zone=CLEAR
[image_processor-25] [INFO] [1776471293.627277050] [robot_4.image_processor]: Zone=CLEAR
[image_processor-22] [INFO] [1776471296.011635641] [robot_1.image_processor]: Zone=CLEAR
[image_processor-25] [INFO] [1776471296.027652011] [robot_4.image_processor]: Zone=CLEAR
[image_processor-21] [INFO] [1776471296.042704912] [robot_0.image_processor]: Zone=CLEAR
[image_processor-23] [INFO] [1776471296.056625987] [robot_2.image_processor]: Zone=CLEAR
[image_processor-24] [INFO] [1776471296.068637176] [robot_3.image_processor]: Zone=CLEAR
[image_processor-22] [INFO] [1776471298.511813850] [robot_1.image_processor]: Zone=CLEAR
[image_processor-25] [INFO] [1776471298.526163013] [robot_4.image_processor]: Zone=CLEAR
[image_processor-21] [INFO] [1776471298.539860858] [robot_0.image_processor]: Zone=CLEAR
[image_processor-23] [INFO] [1776471298.553504713] [robot_2.image_processor]: Zone=CLEAR
[image_processor-24] [INFO] [1776471298.565495162] [robot_3.image_processor]: Zone=CLEAR
[image_processor-22] [INFO] [1776471301.013916214] [robot_1.image_processor]: Zone=CLEAR
[image_processor-25] [INFO] [1776471301.030654730] [robot_4.image_processor]: Zone=CLEAR
[image_processor-21] [INFO] [1776471301.043450725] [robot_0.image_processor]: Zone=CLEAR
[image_processor-23] [INFO] [1776471301.058621997] [robot_2.image_processor]: Zone=CLEAR
[image_processor-24] [INFO] [1776471301.069014144] [robot_3.image_processor]: Zone=CLEAR
[image_processor-22] [INFO] [1776471303.512128461] [robot_1.image_processor]: Zone=CLEAR
[image_processor-21] [INFO] [1776471303.538910218] [robot_0.image_processor]: Zone=CLEAR
[image_processor-23] [INFO] [1776471303.553370337] [robot_2.image_processor]: Zone=CLEAR
[image_processor-24] [INFO] [1776471303.563678775] [robot_3.image_processor]: Zone=CLEAR
[image_processor-25] [INFO] [1776471303.626260434] [robot_4.image_processor]: Zone=CLEAR
[image_processor-22] [INFO] [1776471306.013850388] [robot_1.image_processor]: Zone=CLEAR
[image_processor-25] [INFO] [1776471306.027031280] [robot_4.image_processor]: Zone=CLEAR
[image_processor-21] [INFO] [1776471306.040871706] [robot_0.image_processor]: Zone=CLEAR
[image_processor-23] [INFO] [1776471306.054771993] [robot_2.image_processor]: Zone=CLEAR
[image_processor-24] [INFO] [1776471306.066796969] [robot_3.image_processor]: Zone=CLEAR
[image_processor-22] [INFO] [1776471308.512163096] [robot_1.image_processor]: Zone=CLEAR
[image_processor-25] [INFO] [1776471308.528375151] [robot_4.image_processor]: Zone=CLEAR
[image_processor-21] [INFO] [1776471308.543972924] [robot_0.image_processor]: Zone=CLEAR
[image_processor-24] [INFO] [1776471308.569571675] [robot_3.image_processor]: Zone=CLEAR
[image_processor-23] [INFO] [1776471308.660258813] [robot_2.image_processor]: Zone=CLEAR
[image_processor-22] [INFO] [1776471311.011762792] [robot_1.image_processor]: Zone=CLEAR
[image_processor-25] [INFO] [1776471311.025596135] [robot_4.image_processor]: Zone=CLEAR
[image_processor-21] [INFO] [1776471311.039502794] [robot_0.image_processor]: Zone=CLEAR
[image_processor-24] [INFO] [1776471311.065220449] [robot_3.image_processor]: Zone=CLEAR
[image_processor-23] [INFO] [1776471311.157170548] [robot_2.image_processor]: Zone=CLEAR
[image_processor-22] [INFO] [1776471313.512535667] [robot_1.image_processor]: Zone=CLEAR
[image_processor-25] [INFO] [1776471313.527231032] [robot_4.image_processor]: Zone=CLEAR
[image_processor-21] [INFO] [1776471313.542981309] [robot_0.image_processor]: Zone=CLEAR
[image_processor-23] [INFO] [1776471313.559607380] [robot_2.image_processor]: Zone=CLEAR
[image_processor-24] [INFO] [1776471313.570641395] [robot_3.image_processor]: Zone=CLEAR
[image_processor-22] [INFO] [1776471316.011066913] [robot_1.image_processor]: Zone=CLEAR
[image_processor-25] [INFO] [1776471316.025882253] [robot_4.image_processor]: Zone=CLEAR
[image_processor-21] [INFO] [1776471316.039336366] [robot_0.image_processor]: Zone=CLEAR
[image_processor-23] [INFO] [1776471316.052713580] [robot_2.image_processor]: Zone=CLEAR
[image_processor-24] [INFO] [1776471316.064369714] [robot_3.image_processor]: Zone=CLEAR
[image_processor-25] [INFO] [1776471318.524775234] [robot_4.image_processor]: Zone=CLEAR
[image_processor-21] [INFO] [1776471318.537860196] [robot_0.image_processor]: Zone=CLEAR
[image_processor-23] [INFO] [1776471318.550737979] [robot_2.image_processor]: Zone=CLEAR
[image_processor-24] [INFO] [1776471318.562529761] [robot_3.image_processor]: Zone=CLEAR
[image_processor-22] [INFO] [1776471318.612605433] [robot_1.image_processor]: Zone=CLEAR
[image_processor-22] [INFO] [1776471321.012702217] [robot_1.image_processor]: Zone=CLEAR
[image_processor-25] [INFO] [1776471321.027214378] [robot_4.image_processor]: Zone=CLEAR
[image_processor-21] [INFO] [1776471321.041717374] [robot_0.image_processor]: Zone=CLEAR
[image_processor-23] [INFO] [1776471321.055823072] [robot_2.image_processor]: Zone=CLEAR
[image_processor-24] [INFO] [1776471321.066963982] [robot_3.image_processor]: Zone=CLEAR
[image_processor-22] [INFO] [1776471323.513199659] [robot_1.image_processor]: Zone=CLEAR
[image_processor-25] [INFO] [1776471323.525957166] [robot_4.image_processor]: Zone=CLEAR
[image_processor-21] [INFO] [1776471323.539417728] [robot_0.image_processor]: Zone=CLEAR
[image_processor-23] [INFO] [1776471323.555321736] [robot_2.image_processor]: Zone=CLEAR
[image_processor-24] [INFO] [1776471323.564733902] [robot_3.image_processor]: Zone=CLEAR
[image_processor-22] [INFO] [1776471326.013881600] [robot_1.image_processor]: Zone=CLEAR
[image_processor-25] [INFO] [1776471326.026853100] [robot_4.image_processor]: Zone=CLEAR
[image_processor-21] [INFO] [1776471326.040166769] [robot_0.image_processor]: Zone=CLEAR
[image_processor-23] [INFO] [1776471326.053946068] [robot_2.image_processor]: Zone=CLEAR
[image_processor-24] [INFO] [1776471326.166067544] [robot_3.image_processor]: Zone=CLEAR
[image_processor-25] [INFO] [1776471328.526981637] [robot_4.image_processor]: Zone=CLEAR
[image_processor-21] [INFO] [1776471328.540835924] [robot_0.image_processor]: Zone=CLEAR
[image_processor-23] [INFO] [1776471328.555060354] [robot_2.image_processor]: Zone=CLEAR
[image_processor-24] [INFO] [1776471328.566533976] [robot_3.image_processor]: Zone=CLEAR
[image_processor-22] [INFO] [1776471328.612981460] [robot_1.image_processor]: Zone=CLEAR
[INFO] [image_processor-25]: sending signal 'SIGINT' to process[image_processor-25]
[ERROR] [ign gazebo-1]: process has died [pid 484686, exit code -15, cmd 'ruby /usr/bin/ign gazebo /home/ecem/ros2_ws/install/swarm_basics/share/swarm_basics/worlds/random_world.sdf -s -r --force-version 6'].
[ERROR] [parameter_bridge-4]: process has died [pid 484693, exit code -15, cmd '/opt/ros/humble/lib/ros_ign_bridge/parameter_bridge /robot_0/cmd_vel@geometry_msgs/msg/Twist]ignition.msgs.Twist /robot_0/odom@nav_msgs/msg/Odometry[ignition.msgs.Odometry /robot_0/depth_camera/depth_image@sensor_msgs/msg/Image[ignition.msgs.Image /world/random_world/model/robot_0/link/robot_0/base_footprint/sensor/contact_sensor/contact@ros_gz_interfaces/msg/Contacts[ignition.msgs.Contacts /robot_1/cmd_vel@geometry_msgs/msg/Twist]ignition.msgs.Twist /robot_1/odom@nav_msgs/msg/Odometry[ignition.msgs.Odometry /robot_1/depth_camera/depth_image@sensor_msgs/msg/Image[ignition.msgs.Image /world/random_world/model/robot_1/link/robot_1/base_footprint/sensor/contact_sensor/contact@ros_gz_interfaces/msg/Contacts[ignition.msgs.Contacts /robot_2/cmd_vel@geometry_msgs/msg/Twist]ignition.msgs.Twist /robot_2/odom@nav_msgs/msg/Odometry[ignition.msgs.Odometry /robot_2/depth_camera/depth_image@sensor_msgs/msg/Image[ignition.msgs.Image /world/random_world/model/robot_2/link/robot_2/base_footprint/sensor/contact_sensor/contact@ros_gz_interfaces/msg/Contacts[ignition.msgs.Contacts /robot_3/cmd_vel@geometry_msgs/msg/Twist]ignition.msgs.Twist /robot_3/odom@nav_msgs/msg/Odometry[ignition.msgs.Odometry /robot_3/depth_camera/depth_image@sensor_msgs/msg/Image[ignition.msgs.Image /world/random_world/model/robot_3/link/robot_3/base_footprint/sensor/contact_sensor/contact@ros_gz_interfaces/msg/Contacts[ignition.msgs.Contacts /robot_4/cmd_vel@geometry_msgs/msg/Twist]ignition.msgs.Twist /robot_4/odom@nav_msgs/msg/Odometry[ignition.msgs.Odometry /robot_4/depth_camera/depth_image@sensor_msgs/msg/Image[ignition.msgs.Image /world/random_world/model/robot_4/link/robot_4/base_footprint/sensor/contact_sensor/contact@ros_gz_interfaces/msg/Contacts[ignition.msgs.Contacts /world/random_world/dynamic_pose/info@tf2_msgs/msg/TFMessage[ignition.msgs.Pose_V --ros-args -r __node:=all_robots_bridge --params-file /tmp/launch_params_ruwn5dkn'].
[INFO] [parameter_bridge-20]: process has finished cleanly [pid 484732]
[INFO] [image_processor-24]: sending signal 'SIGINT' to process[image_processor-24]
[INFO] [bash-26]: process started with pid [485256]
[INFO] [image_processor-23]: sending signal 'SIGINT' to process[image_processor-23]
[INFO] [image_processor-22]: sending signal 'SIGINT' to process[image_processor-22]
[INFO] [image_processor-21]: sending signal 'SIGINT' to process[image_processor-21]
[INFO] [robot_supervisor-19]: sending signal 'SIGINT' to process[robot_supervisor-19]
[INFO] [robot_state_publisher-17]: sending signal 'SIGINT' to process[robot_state_publisher-17]
[INFO] [robot_supervisor-16]: sending signal 'SIGINT' to process[robot_supervisor-16]
[INFO] [robot_state_publisher-14]: sending signal 'SIGINT' to process[robot_state_publisher-14]
[INFO] [robot_supervisor-13]: sending signal 'SIGINT' to process[robot_supervisor-13]
[INFO] [robot_state_publisher-11]: sending signal 'SIGINT' to process[robot_state_publisher-11]
[INFO] [robot_supervisor-10]: sending signal 'SIGINT' to process[robot_supervisor-10]
[INFO] [robot_state_publisher-8]: sending signal 'SIGINT' to process[robot_state_publisher-8]
[INFO] [robot_supervisor-7]: sending signal 'SIGINT' to process[robot_supervisor-7]
[ERROR] [bash-26]: process has died [pid 485256, exit code -15, cmd 'bash -lc pkill -f parameter_bridge || true'].
[INFO] [robot_state_publisher-5]: sending signal 'SIGINT' to process[robot_state_publisher-5]
[INFO] [bump_counter-3]: sending signal 'SIGINT' to process[bump_counter-3]
[INFO] [coverage_counter-2]: sending signal 'SIGINT' to process[coverage_counter-2]
[parameter_bridge-20] [INFO] [1776471330.531174711] [rclcpp]: signal_handler(SIGINT/SIGTERM)
[parameter_bridge-4] [INFO] [1776471330.531199784] [rclcpp]: signal_handler(SIGINT/SIGTERM)
[INFO] [launch]: process[ign gazebo-1] was required: shutting down launched system
[image_processor-25] [INFO] [1776471331.214847022] [rclcpp]: signal_handler(SIGINT/SIGTERM)
[image_processor-24] [INFO] [1776471331.218257678] [rclcpp]: signal_handler(SIGINT/SIGTERM)
[image_processor-23] [INFO] [1776471331.221890604] [rclcpp]: signal_handler(SIGINT/SIGTERM)
[image_processor-22] [INFO] [1776471331.224111492] [rclcpp]: signal_handler(SIGINT/SIGTERM)
[image_processor-21] [INFO] [1776471331.226288610] [rclcpp]: signal_handler(SIGINT/SIGTERM)
[robot_supervisor-19] Traceback (most recent call last):
[robot_supervisor-19]   File "/home/ecem/ros2_ws/install/swarm_basics/lib/swarm_basics/robot_supervisor", line 33, in <module>
[robot_supervisor-19]     sys.exit(load_entry_point('swarm-basics==0.0.0', 'console_scripts', 'robot_supervisor')())
[robot_supervisor-19]   File "/home/ecem/ros2_ws/install/swarm_basics/lib/python3.10/site-packages/swarm_basics/robot_supervisor.py", line 867, in main
[robot_supervisor-19]     rclpy.spin(node)
[robot_supervisor-19]   File "/opt/ros/humble/local/lib/python3.10/dist-packages/rclpy/__init__.py", line 229, in spin
[robot_supervisor-19]     executor.spin_once()
[robot_supervisor-19]   File "/opt/ros/humble/local/lib/python3.10/dist-packages/rclpy/executors.py", line 773, in spin_once
[robot_supervisor-19]     self._spin_once_impl(timeout_sec)
[robot_supervisor-19]   File "/opt/ros/humble/local/lib/python3.10/dist-packages/rclpy/executors.py", line 762, in _spin_once_impl
[robot_supervisor-19]     handler, entity, node = self.wait_for_ready_callbacks(timeout_sec=timeout_sec)
[robot_supervisor-19]   File "/opt/ros/humble/local/lib/python3.10/dist-packages/rclpy/executors.py", line 745, in wait_for_ready_callbacks
[robot_supervisor-19]     return next(self._cb_iter)
[robot_supervisor-19]   File "/opt/ros/humble/local/lib/python3.10/dist-packages/rclpy/executors.py", line 642, in _wait_for_ready_callbacks
[robot_supervisor-19]     wait_set.wait(timeout_nsec)
[robot_supervisor-19] KeyboardInterrupt
[robot_state_publisher-17] [INFO] [1776471331.232584922] [rclcpp]: signal_handler(SIGINT/SIGTERM)
[robot_supervisor-16] Traceback (most recent call last):
[robot_supervisor-16]   File "/home/ecem/ros2_ws/install/swarm_basics/lib/swarm_basics/robot_supervisor", line 33, in <module>
[robot_supervisor-16]     sys.exit(load_entry_point('swarm-basics==0.0.0', 'console_scripts', 'robot_supervisor')())
[robot_supervisor-16]   File "/home/ecem/ros2_ws/install/swarm_basics/lib/python3.10/site-packages/swarm_basics/robot_supervisor.py", line 867, in main
[robot_supervisor-16]     rclpy.spin(node)
[robot_supervisor-16]   File "/opt/ros/humble/local/lib/python3.10/dist-packages/rclpy/__init__.py", line 229, in spin
[robot_supervisor-16]     executor.spin_once()
[robot_supervisor-16]   File "/opt/ros/humble/local/lib/python3.10/dist-packages/rclpy/executors.py", line 773, in spin_once
[robot_supervisor-16]     self._spin_once_impl(timeout_sec)
[robot_supervisor-16]   File "/opt/ros/humble/local/lib/python3.10/dist-packages/rclpy/executors.py", line 762, in _spin_once_impl
[robot_supervisor-16]     handler, entity, node = self.wait_for_ready_callbacks(timeout_sec=timeout_sec)
[robot_supervisor-16]   File "/opt/ros/humble/local/lib/python3.10/dist-packages/rclpy/executors.py", line 745, in wait_for_ready_callbacks
[robot_supervisor-16]     return next(self._cb_iter)
[robot_supervisor-16]   File "/opt/ros/humble/local/lib/python3.10/dist-packages/rclpy/executors.py", line 642, in _wait_for_ready_callbacks
[robot_supervisor-16]     wait_set.wait(timeout_nsec)
[robot_supervisor-16] KeyboardInterrupt
[robot_state_publisher-14] [INFO] [1776471331.236740641] [rclcpp]: signal_handler(SIGINT/SIGTERM)
[robot_supervisor-13] Traceback (most recent call last):
[robot_supervisor-13]   File "/home/ecem/ros2_ws/install/swarm_basics/lib/swarm_basics/robot_supervisor", line 33, in <module>
[robot_supervisor-13]     sys.exit(load_entry_point('swarm-basics==0.0.0', 'console_scripts', 'robot_supervisor')())
[robot_supervisor-13]   File "/home/ecem/ros2_ws/install/swarm_basics/lib/python3.10/site-packages/swarm_basics/robot_supervisor.py", line 867, in main
[robot_supervisor-13]     rclpy.spin(node)
[robot_supervisor-13]   File "/opt/ros/humble/local/lib/python3.10/dist-packages/rclpy/__init__.py", line 229, in spin
[robot_supervisor-13]     executor.spin_once()
[robot_supervisor-13]   File "/opt/ros/humble/local/lib/python3.10/dist-packages/rclpy/executors.py", line 773, in spin_once
[robot_supervisor-13]     self._spin_once_impl(timeout_sec)
[robot_supervisor-13]   File "/opt/ros/humble/local/lib/python3.10/dist-packages/rclpy/executors.py", line 762, in _spin_once_impl
[robot_supervisor-13]     handler, entity, node = self.wait_for_ready_callbacks(timeout_sec=timeout_sec)
[robot_supervisor-13]   File "/opt/ros/humble/local/lib/python3.10/dist-packages/rclpy/executors.py", line 745, in wait_for_ready_callbacks
[robot_supervisor-13]     return next(self._cb_iter)
[robot_supervisor-13]   File "/opt/ros/humble/local/lib/python3.10/dist-packages/rclpy/executors.py", line 642, in _wait_for_ready_callbacks
[robot_supervisor-13]     wait_set.wait(timeout_nsec)
[robot_supervisor-13] KeyboardInterrupt
[robot_state_publisher-11] [INFO] [1776471331.243241788] [rclcpp]: signal_handler(SIGINT/SIGTERM)
[robot_supervisor-10] Traceback (most recent call last):
[robot_supervisor-10]   File "/home/ecem/ros2_ws/install/swarm_basics/lib/swarm_basics/robot_supervisor", line 33, in <module>
[robot_supervisor-10]     sys.exit(load_entry_point('swarm-basics==0.0.0', 'console_scripts', 'robot_supervisor')())
[robot_supervisor-10]   File "/home/ecem/ros2_ws/install/swarm_basics/lib/python3.10/site-packages/swarm_basics/robot_supervisor.py", line 867, in main
[robot_supervisor-10]     rclpy.spin(node)
[robot_supervisor-10]   File "/opt/ros/humble/local/lib/python3.10/dist-packages/rclpy/__init__.py", line 229, in spin
[robot_supervisor-10]     executor.spin_once()
[robot_supervisor-10]   File "/opt/ros/humble/local/lib/python3.10/dist-packages/rclpy/executors.py", line 773, in spin_once
[robot_supervisor-10]     self._spin_once_impl(timeout_sec)
[robot_supervisor-10]   File "/opt/ros/humble/local/lib/python3.10/dist-packages/rclpy/executors.py", line 762, in _spin_once_impl
[robot_supervisor-10]     handler, entity, node = self.wait_for_ready_callbacks(timeout_sec=timeout_sec)
[robot_supervisor-10]   File "/opt/ros/humble/local/lib/python3.10/dist-packages/rclpy/executors.py", line 745, in wait_for_ready_callbacks
[robot_supervisor-10]     return next(self._cb_iter)
[robot_supervisor-10]   File "/opt/ros/humble/local/lib/python3.10/dist-packages/rclpy/executors.py", line 642, in _wait_for_ready_callbacks
[robot_supervisor-10]     wait_set.wait(timeout_nsec)
[robot_supervisor-10] KeyboardInterrupt
[robot_state_publisher-8] [INFO] [1776471331.245822907] [rclcpp]: signal_handler(SIGINT/SIGTERM)
[robot_supervisor-7] Traceback (most recent call last):
[robot_supervisor-7]   File "/home/ecem/ros2_ws/install/swarm_basics/lib/swarm_basics/robot_supervisor", line 33, in <module>
[robot_supervisor-7]     sys.exit(load_entry_point('swarm-basics==0.0.0', 'console_scripts', 'robot_supervisor')())
[robot_supervisor-7]   File "/home/ecem/ros2_ws/install/swarm_basics/lib/python3.10/site-packages/swarm_basics/robot_supervisor.py", line 867, in main
[robot_supervisor-7]     rclpy.spin(node)
[robot_supervisor-7]   File "/opt/ros/humble/local/lib/python3.10/dist-packages/rclpy/__init__.py", line 229, in spin
[robot_supervisor-7]     executor.spin_once()
[robot_supervisor-7]   File "/opt/ros/humble/local/lib/python3.10/dist-packages/rclpy/executors.py", line 773, in spin_once
[robot_supervisor-7]     self._spin_once_impl(timeout_sec)
[robot_supervisor-7]   File "/opt/ros/humble/local/lib/python3.10/dist-packages/rclpy/executors.py", line 762, in _spin_once_impl
[robot_supervisor-7]     handler, entity, node = self.wait_for_ready_callbacks(timeout_sec=timeout_sec)
[robot_supervisor-7]   File "/opt/ros/humble/local/lib/python3.10/dist-packages/rclpy/executors.py", line 745, in wait_for_ready_callbacks
[robot_supervisor-7]     return next(self._cb_iter)
[robot_supervisor-7]   File "/opt/ros/humble/local/lib/python3.10/dist-packages/rclpy/executors.py", line 642, in _wait_for_ready_callbacks
[robot_supervisor-7]     wait_set.wait(timeout_nsec)
[robot_supervisor-7] KeyboardInterrupt
[robot_state_publisher-5] [INFO] [1776471331.250302889] [rclcpp]: signal_handler(SIGINT/SIGTERM)
[ERROR] [launch]: Caught exception in launch (see debug for traceback): ExecuteLocal action 'bash-27': executed more than once: <launch.actions.execute_process.ExecuteProcess object at 0x7353e5954850>
[INFO] [image_processor-25]: process has finished cleanly [pid 485090]
[INFO] [image_processor-23]: process has finished cleanly [pid 485086]
[INFO] [image_processor-24]: process has finished cleanly [pid 485088]
[INFO] [image_processor-22]: process has finished cleanly [pid 485084]
[INFO] [image_processor-21]: process has finished cleanly [pid 485082]
[INFO] [robot_state_publisher-17]: process has finished cleanly [pid 484723]
[INFO] [robot_state_publisher-14]: process has finished cleanly [pid 484715]
[INFO] [robot_state_publisher-11]: process has finished cleanly [pid 484709]
[INFO] [robot_state_publisher-8]: process has finished cleanly [pid 484702]
[INFO] [robot_state_publisher-5]: process has finished cleanly [pid 484695]
[coverage_counter-2] Traceback (most recent call last):
[coverage_counter-2]   File "/home/ecem/ros2_ws/install/swarm_basics/lib/python3.10/site-packages/swarm_basics/coverage_counter.py", line 418, in main
[coverage_counter-2]     rclpy.spin(node)
[coverage_counter-2]   File "/opt/ros/humble/local/lib/python3.10/dist-packages/rclpy/__init__.py", line 229, in spin
[coverage_counter-2]     executor.spin_once()
[coverage_counter-2]   File "/opt/ros/humble/local/lib/python3.10/dist-packages/rclpy/executors.py", line 773, in spin_once
[coverage_counter-2]     self._spin_once_impl(timeout_sec)
[coverage_counter-2]   File "/opt/ros/humble/local/lib/python3.10/dist-packages/rclpy/executors.py", line 768, in _spin_once_impl
[coverage_counter-2]     handler()
[coverage_counter-2]   File "/opt/ros/humble/local/lib/python3.10/dist-packages/rclpy/task.py", line 254, in __call__
[coverage_counter-2]     self._handler.send(None)
[coverage_counter-2]   File "/opt/ros/humble/local/lib/python3.10/dist-packages/rclpy/executors.py", line 463, in handler
[coverage_counter-2]     await call_coroutine(entity, arg)
[coverage_counter-2]   File "/opt/ros/humble/local/lib/python3.10/dist-packages/rclpy/executors.py", line 371, in _execute_timer
[coverage_counter-2]     await await_or_execute(tmr.callback)
[coverage_counter-2]   File "/opt/ros/humble/local/lib/python3.10/dist-packages/rclpy/executors.py", line 107, in await_or_execute
[coverage_counter-2]     return callback(*args)
[coverage_counter-2]   File "/home/ecem/ros2_ws/install/swarm_basics/lib/python3.10/site-packages/swarm_basics/coverage_counter.py", line 152, in _on_timeout_timer
[coverage_counter-2]     self.shutdown_and_save()
[coverage_counter-2]   File "/home/ecem/ros2_ws/install/swarm_basics/lib/python3.10/site-packages/swarm_basics/coverage_counter.py", line 174, in shutdown_and_save
[coverage_counter-2]     rclpy.shutdown()
[coverage_counter-2]   File "/opt/ros/humble/local/lib/python3.10/dist-packages/rclpy/__init__.py", line 130, in shutdown
[coverage_counter-2]     _shutdown(context=context)
[coverage_counter-2]   File "/opt/ros/humble/local/lib/python3.10/dist-packages/rclpy/utilities.py", line 58, in shutdown
[coverage_counter-2]     return context.shutdown()
[coverage_counter-2]   File "/opt/ros/humble/local/lib/python3.10/dist-packages/rclpy/context.py", line 103, in shutdown
[coverage_counter-2]     self._call_on_shutdown_callbacks()
[coverage_counter-2]   File "/opt/ros/humble/local/lib/python3.10/dist-packages/rclpy/context.py", line 92, in _call_on_shutdown_callbacks
[coverage_counter-2]     callback = weak_method()
[coverage_counter-2]   File "/opt/ros/humble/local/lib/python3.10/dist-packages/rclpy/__init__.py", line 111, in reset_executor
[coverage_counter-2]     __executor.shutdown()
[coverage_counter-2]   File "/opt/ros/humble/local/lib/python3.10/dist-packages/rclpy/executors.py", line 227, in shutdown
[coverage_counter-2]     if not self._work_tracker.wait(timeout_sec):
[coverage_counter-2]   File "/opt/ros/humble/local/lib/python3.10/dist-packages/rclpy/executors.py", line 94, in wait
[coverage_counter-2]     if not self._work_condition.wait_for(
[coverage_counter-2]   File "/usr/lib/python3.10/threading.py", line 355, in wait_for
[coverage_counter-2]     self.wait(waittime)
[coverage_counter-2]   File "/usr/lib/python3.10/threading.py", line 320, in wait
[coverage_counter-2]     waiter.acquire()
[coverage_counter-2] KeyboardInterrupt
[coverage_counter-2] 
[coverage_counter-2] During handling of the above exception, another exception occurred:
[coverage_counter-2] 
[coverage_counter-2] Traceback (most recent call last):
[coverage_counter-2]   File "/home/ecem/ros2_ws/install/swarm_basics/lib/swarm_basics/coverage_counter", line 33, in <module>
[coverage_counter-2]     sys.exit(load_entry_point('swarm-basics==0.0.0', 'console_scripts', 'coverage_counter')())
[coverage_counter-2]   File "/home/ecem/ros2_ws/install/swarm_basics/lib/python3.10/site-packages/swarm_basics/coverage_counter.py", line 421, in main
[coverage_counter-2]     node.shutdown_and_save()
[coverage_counter-2]   File "/home/ecem/ros2_ws/install/swarm_basics/lib/python3.10/site-packages/swarm_basics/coverage_counter.py", line 174, in shutdown_and_save
[coverage_counter-2]     rclpy.shutdown()
[coverage_counter-2]   File "/opt/ros/humble/local/lib/python3.10/dist-packages/rclpy/__init__.py", line 130, in shutdown
[coverage_counter-2]     _shutdown(context=context)
[coverage_counter-2]   File "/opt/ros/humble/local/lib/python3.10/dist-packages/rclpy/utilities.py", line 58, in shutdown
[coverage_counter-2]     return context.shutdown()
[coverage_counter-2]   File "/opt/ros/humble/local/lib/python3.10/dist-packages/rclpy/context.py", line 100, in shutdown
[coverage_counter-2]     raise RuntimeError('Context must be initialized before it can be shutdown')
[coverage_counter-2] RuntimeError: Context must be initialized before it can be shutdown
[bump_counter-3] Traceback (most recent call last):
[bump_counter-3]   File "/home/ecem/ros2_ws/install/swarm_basics/lib/swarm_basics/bump_counter", line 33, in <module>
[bump_counter-3]     sys.exit(load_entry_point('swarm-basics==0.0.0', 'console_scripts', 'bump_counter')())
[bump_counter-3]   File "/home/ecem/ros2_ws/install/swarm_basics/lib/python3.10/site-packages/swarm_basics/bump_counter.py", line 384, in main
[bump_counter-3]     rclpy.shutdown()
[bump_counter-3]   File "/opt/ros/humble/local/lib/python3.10/dist-packages/rclpy/__init__.py", line 130, in shutdown
[bump_counter-3]     _shutdown(context=context)
[bump_counter-3]   File "/opt/ros/humble/local/lib/python3.10/dist-packages/rclpy/utilities.py", line 58, in shutdown
[bump_counter-3]     return context.shutdown()
[bump_counter-3]   File "/opt/ros/humble/local/lib/python3.10/dist-packages/rclpy/context.py", line 102, in shutdown
[bump_counter-3]     self.__context.shutdown()
[bump_counter-3] rclpy._rclpy_pybind11.RCLError: failed to shutdown: rcl_shutdown already called on the given context, at ./src/rcl/init.c:241
[ERROR] [coverage_counter-2]: process has died [pid 484688, exit code 1, cmd '/home/ecem/ros2_ws/install/swarm_basics/lib/swarm_basics/coverage_counter --ros-args -r __node:=coverage_counter --params-file /tmp/launch_params_kpg_fpyf --params-file /tmp/launch_params_anszhyzm --params-file /tmp/launch_params_dc4x3j8s --params-file /tmp/launch_params_j10ua0g8 --params-file /tmp/launch_params_fq4i7mxs --params-file /tmp/launch_params_qsn9wtvb'].
[ERROR] [bump_counter-3]: process has died [pid 484691, exit code 1, cmd '/home/ecem/ros2_ws/install/swarm_basics/lib/swarm_basics/bump_counter --ros-args -r __node:=bump_counter --params-file /tmp/launch_params_8o1qh9r1 --params-file /tmp/launch_params_wg6xikv_ --params-file /tmp/launch_params_jb644ume'].
[ERROR] [robot_supervisor-19]: process has died [pid 484730, exit code -2, cmd '/home/ecem/ros2_ws/install/swarm_basics/lib/swarm_basics/robot_supervisor --ros-args -r __node:=robot_supervisor -r __ns:=/robot_4 --params-file /tmp/launch_params_068ywxbo --params-file /tmp/launch_params_g9pn3jcu --params-file /tmp/launch_params_98shy50p --params-file /tmp/launch_params_64jirwm_'].
[ERROR] [robot_supervisor-13]: process has died [pid 484713, exit code -2, cmd '/home/ecem/ros2_ws/install/swarm_basics/lib/swarm_basics/robot_supervisor --ros-args -r __node:=robot_supervisor -r __ns:=/robot_2 --params-file /tmp/launch_params_famtmtyr --params-file /tmp/launch_params_tk3bt4lt --params-file /tmp/launch_params_jx4bxx5l --params-file /tmp/launch_params_jfi1c553'].
[ERROR] [robot_supervisor-10]: process has died [pid 484707, exit code -2, cmd '/home/ecem/ros2_ws/install/swarm_basics/lib/swarm_basics/robot_supervisor --ros-args -r __node:=robot_supervisor -r __ns:=/robot_1 --params-file /tmp/launch_params_zbordtur --params-file /tmp/launch_params_qicfq5in --params-file /tmp/launch_params_uzirx4jp --params-file /tmp/launch_params_nbw6gvip'].
[ERROR] [robot_supervisor-16]: process has died [pid 484721, exit code -2, cmd '/home/ecem/ros2_ws/install/swarm_basics/lib/swarm_basics/robot_supervisor --ros-args -r __node:=robot_supervisor -r __ns:=/robot_3 --params-file /tmp/launch_params_706ytu2q --params-file /tmp/launch_params_26bprkd1 --params-file /tmp/launch_params_r8yhg9hh --params-file /tmp/launch_params_39m6j9t2'].
[ERROR] [robot_supervisor-7]: process has died [pid 484699, exit code -2, cmd '/home/ecem/ros2_ws/install/swarm_basics/lib/swarm_basics/robot_supervisor --ros-args -r __node:=robot_supervisor -r __ns:=/robot_0 --params-file /tmp/launch_params_93ty38rh --params-file /tmp/launch_params_2r7kugcd --params-file /tmp/launch_params_ldskufbk --params-file /tmp/launch_params_mplk93j1'].
