[INFO] [launch]: All log files can be found below /home/ecem/.ros/log/2026-04-20-17-40-23-097895-ecem-pc-25387
[INFO] [launch]: Default logging verbosity is set to INFO
[INFO] [ign gazebo-1]: process started with pid [25403]
[INFO] [coverage_counter-2]: process started with pid [25405]
[INFO] [bump_counter-3]: process started with pid [25408]
[INFO] [parameter_bridge-4]: process started with pid [25410]
[INFO] [robot_state_publisher-5]: process started with pid [25412]
[INFO] [create-6]: process started with pid [25414]
[INFO] [robot_supervisor-7]: process started with pid [25416]
[INFO] [robot_state_publisher-8]: process started with pid [25418]
[INFO] [create-9]: process started with pid [25421]
[INFO] [robot_supervisor-10]: process started with pid [25424]
[INFO] [robot_state_publisher-11]: process started with pid [25426]
[INFO] [create-12]: process started with pid [25428]
[INFO] [robot_supervisor-13]: process started with pid [25430]
[INFO] [robot_state_publisher-14]: process started with pid [25432]
[INFO] [create-15]: process started with pid [25434]
[INFO] [robot_supervisor-16]: process started with pid [25436]
[INFO] [robot_state_publisher-17]: process started with pid [25438]
[INFO] [create-18]: process started with pid [25447]
[INFO] [robot_supervisor-19]: process started with pid [25450]
[INFO] [parameter_bridge-20]: process started with pid [25452]
[parameter_bridge-4] [ros_ign_bridge] is deprecated! Redirecting to use [ros_gz_bridge] instead!
[parameter_bridge-4] 
[create-6] [INFO] [1776699623.548606973] [robot_0.ros_gz_sim]: Requesting list of world names.
[create-18] [INFO] [1776699623.548669222] [robot_4.ros_gz_sim]: Requesting list of world names.
[create-9] [INFO] [1776699623.552732322] [robot_1.ros_gz_sim]: Requesting list of world names.
[create-12] [INFO] [1776699623.554107323] [robot_2.ros_gz_sim]: Requesting list of world names.
[create-15] [INFO] [1776699623.556448071] [robot_3.ros_gz_sim]: Requesting list of world names.
[parameter_bridge-4] [INFO] [1776699623.561469027] [all_robots_bridge]: Creating ROS->GZ Bridge: [/robot_0/cmd_vel (geometry_msgs/msg/Twist) -> /robot_0/cmd_vel (ignition.msgs.Twist)] (Lazy 0)
[parameter_bridge-20] [INFO] [1776699623.562545613] [clock_bridge]: Creating GZ->ROS Bridge: [/clock (ignition.msgs.Clock) -> /clock (rosgraph_msgs/msg/Clock)] (Lazy 0)
[parameter_bridge-4] [INFO] [1776699623.564414571] [all_robots_bridge]: Creating GZ->ROS Bridge: [/robot_0/odom (ignition.msgs.Odometry) -> /robot_0/odom (nav_msgs/msg/Odometry)] (Lazy 0)
[parameter_bridge-4] [INFO] [1776699623.566706077] [all_robots_bridge]: Creating GZ->ROS Bridge: [/robot_0/depth_camera/depth_image (ignition.msgs.Image) -> /robot_0/depth_camera/depth_image (sensor_msgs/msg/Image)] (Lazy 0)
[parameter_bridge-4] [INFO] [1776699623.569766700] [all_robots_bridge]: Creating GZ->ROS Bridge: [/world/random_world/model/robot_0/link/robot_0/base_footprint/sensor/contact_sensor/contact (ignition.msgs.Contacts) -> /world/random_world/model/robot_0/link/robot_0/base_footprint/sensor/contact_sensor/contact (ros_gz_interfaces/msg/Contacts)] (Lazy 0)
[robot_state_publisher-8] [INFO] [1776699623.569769690] [robot_1.robot_state_publisher]: got segment robot_1/antenna_link
[robot_state_publisher-8] [INFO] [1776699623.569877136] [robot_1.robot_state_publisher]: got segment robot_1/base_footprint
[robot_state_publisher-8] [INFO] [1776699623.569885354] [robot_1.robot_state_publisher]: got segment robot_1/base_link
[robot_state_publisher-8] [INFO] [1776699623.569890098] [robot_1.robot_state_publisher]: got segment robot_1/realsense_link
[robot_state_publisher-8] [INFO] [1776699623.569893780] [robot_1.robot_state_publisher]: got segment robot_1/rocker_L_link
[robot_state_publisher-8] [INFO] [1776699623.569897257] [robot_1.robot_state_publisher]: got segment robot_1/rocker_R_link
[robot_state_publisher-8] [INFO] [1776699623.569900629] [robot_1.robot_state_publisher]: got segment robot_1/wheel_FL_link
[robot_state_publisher-8] [INFO] [1776699623.569904198] [robot_1.robot_state_publisher]: got segment robot_1/wheel_FR_link
[robot_state_publisher-8] [INFO] [1776699623.569907737] [robot_1.robot_state_publisher]: got segment robot_1/wheel_RL_link
[robot_state_publisher-8] [INFO] [1776699623.569911428] [robot_1.robot_state_publisher]: got segment robot_1/wheel_RR_link
[parameter_bridge-4] [INFO] [1776699623.571713037] [all_robots_bridge]: Creating ROS->GZ Bridge: [/robot_1/cmd_vel (geometry_msgs/msg/Twist) -> /robot_1/cmd_vel (ignition.msgs.Twist)] (Lazy 0)
[parameter_bridge-4] [INFO] [1776699623.572746779] [all_robots_bridge]: Creating GZ->ROS Bridge: [/robot_1/odom (ignition.msgs.Odometry) -> /robot_1/odom (nav_msgs/msg/Odometry)] (Lazy 0)
[parameter_bridge-4] [INFO] [1776699623.573698432] [all_robots_bridge]: Creating GZ->ROS Bridge: [/robot_1/depth_camera/depth_image (ignition.msgs.Image) -> /robot_1/depth_camera/depth_image (sensor_msgs/msg/Image)] (Lazy 0)
[parameter_bridge-4] [INFO] [1776699623.574241120] [all_robots_bridge]: Creating GZ->ROS Bridge: [/world/random_world/model/robot_1/link/robot_1/base_footprint/sensor/contact_sensor/contact (ignition.msgs.Contacts) -> /world/random_world/model/robot_1/link/robot_1/base_footprint/sensor/contact_sensor/contact (ros_gz_interfaces/msg/Contacts)] (Lazy 0)
[robot_state_publisher-14] [INFO] [1776699623.574943358] [robot_3.robot_state_publisher]: got segment robot_3/antenna_link
[robot_state_publisher-14] [INFO] [1776699623.575074407] [robot_3.robot_state_publisher]: got segment robot_3/base_footprint
[robot_state_publisher-14] [INFO] [1776699623.575090679] [robot_3.robot_state_publisher]: got segment robot_3/base_link
[robot_state_publisher-14] [INFO] [1776699623.575100772] [robot_3.robot_state_publisher]: got segment robot_3/realsense_link
[robot_state_publisher-14] [INFO] [1776699623.575109396] [robot_3.robot_state_publisher]: got segment robot_3/rocker_L_link
[robot_state_publisher-14] [INFO] [1776699623.575117824] [robot_3.robot_state_publisher]: got segment robot_3/rocker_R_link
[robot_state_publisher-14] [INFO] [1776699623.575125392] [robot_3.robot_state_publisher]: got segment robot_3/wheel_FL_link
[robot_state_publisher-14] [INFO] [1776699623.575133371] [robot_3.robot_state_publisher]: got segment robot_3/wheel_FR_link
[robot_state_publisher-14] [INFO] [1776699623.575140759] [robot_3.robot_state_publisher]: got segment robot_3/wheel_RL_link
[robot_state_publisher-14] [INFO] [1776699623.575148866] [robot_3.robot_state_publisher]: got segment robot_3/wheel_RR_link
[parameter_bridge-4] [INFO] [1776699623.575295086] [all_robots_bridge]: Creating ROS->GZ Bridge: [/robot_2/cmd_vel (geometry_msgs/msg/Twist) -> /robot_2/cmd_vel (ignition.msgs.Twist)] (Lazy 0)
[robot_state_publisher-5] [INFO] [1776699623.575477904] [robot_0.robot_state_publisher]: got segment robot_0/antenna_link
[robot_state_publisher-5] [INFO] [1776699623.575593560] [robot_0.robot_state_publisher]: got segment robot_0/base_footprint
[robot_state_publisher-5] [INFO] [1776699623.575609291] [robot_0.robot_state_publisher]: got segment robot_0/base_link
[robot_state_publisher-5] [INFO] [1776699623.575619274] [robot_0.robot_state_publisher]: got segment robot_0/realsense_link
[robot_state_publisher-5] [INFO] [1776699623.575627789] [robot_0.robot_state_publisher]: got segment robot_0/rocker_L_link
[robot_state_publisher-5] [INFO] [1776699623.575643786] [robot_0.robot_state_publisher]: got segment robot_0/rocker_R_link
[robot_state_publisher-5] [INFO] [1776699623.575652625] [robot_0.robot_state_publisher]: got segment robot_0/wheel_FL_link
[robot_state_publisher-5] [INFO] [1776699623.575660782] [robot_0.robot_state_publisher]: got segment robot_0/wheel_FR_link
[robot_state_publisher-5] [INFO] [1776699623.575668332] [robot_0.robot_state_publisher]: got segment robot_0/wheel_RL_link
[robot_state_publisher-5] [INFO] [1776699623.575675816] [robot_0.robot_state_publisher]: got segment robot_0/wheel_RR_link
[robot_state_publisher-11] [INFO] [1776699623.575844072] [robot_2.robot_state_publisher]: got segment robot_2/antenna_link
[robot_state_publisher-11] [INFO] [1776699623.575912247] [robot_2.robot_state_publisher]: got segment robot_2/base_footprint
[robot_state_publisher-11] [INFO] [1776699623.575919929] [robot_2.robot_state_publisher]: got segment robot_2/base_link
[robot_state_publisher-11] [INFO] [1776699623.575924083] [robot_2.robot_state_publisher]: got segment robot_2/realsense_link
[robot_state_publisher-11] [INFO] [1776699623.575927997] [robot_2.robot_state_publisher]: got segment robot_2/rocker_L_link
[robot_state_publisher-11] [INFO] [1776699623.575931500] [robot_2.robot_state_publisher]: got segment robot_2/rocker_R_link
[robot_state_publisher-11] [INFO] [1776699623.575934972] [robot_2.robot_state_publisher]: got segment robot_2/wheel_FL_link
[robot_state_publisher-11] [INFO] [1776699623.575938569] [robot_2.robot_state_publisher]: got segment robot_2/wheel_FR_link
[robot_state_publisher-11] [INFO] [1776699623.575942069] [robot_2.robot_state_publisher]: got segment robot_2/wheel_RL_link
[robot_state_publisher-11] [INFO] [1776699623.575945612] [robot_2.robot_state_publisher]: got segment robot_2/wheel_RR_link
[parameter_bridge-4] [INFO] [1776699623.576392379] [all_robots_bridge]: Creating GZ->ROS Bridge: [/robot_2/odom (ignition.msgs.Odometry) -> /robot_2/odom (nav_msgs/msg/Odometry)] (Lazy 0)
[parameter_bridge-4] [INFO] [1776699623.577202070] [all_robots_bridge]: Creating GZ->ROS Bridge: [/robot_2/depth_camera/depth_image (ignition.msgs.Image) -> /robot_2/depth_camera/depth_image (sensor_msgs/msg/Image)] (Lazy 0)
[parameter_bridge-4] [INFO] [1776699623.578233138] [all_robots_bridge]: Creating GZ->ROS Bridge: [/world/random_world/model/robot_2/link/robot_2/base_footprint/sensor/contact_sensor/contact (ignition.msgs.Contacts) -> /world/random_world/model/robot_2/link/robot_2/base_footprint/sensor/contact_sensor/contact (ros_gz_interfaces/msg/Contacts)] (Lazy 0)
[parameter_bridge-4] [INFO] [1776699623.579426794] [all_robots_bridge]: Creating ROS->GZ Bridge: [/robot_3/cmd_vel (geometry_msgs/msg/Twist) -> /robot_3/cmd_vel (ignition.msgs.Twist)] (Lazy 0)
[parameter_bridge-4] [INFO] [1776699623.580349659] [all_robots_bridge]: Creating GZ->ROS Bridge: [/robot_3/odom (ignition.msgs.Odometry) -> /robot_3/odom (nav_msgs/msg/Odometry)] (Lazy 0)
[parameter_bridge-4] [INFO] [1776699623.581164911] [all_robots_bridge]: Creating GZ->ROS Bridge: [/robot_3/depth_camera/depth_image (ignition.msgs.Image) -> /robot_3/depth_camera/depth_image (sensor_msgs/msg/Image)] (Lazy 0)
[parameter_bridge-4] [INFO] [1776699623.581801985] [all_robots_bridge]: Creating GZ->ROS Bridge: [/world/random_world/model/robot_3/link/robot_3/base_footprint/sensor/contact_sensor/contact (ignition.msgs.Contacts) -> /world/random_world/model/robot_3/link/robot_3/base_footprint/sensor/contact_sensor/contact (ros_gz_interfaces/msg/Contacts)] (Lazy 0)
[parameter_bridge-4] [INFO] [1776699623.582605306] [all_robots_bridge]: Creating ROS->GZ Bridge: [/robot_4/cmd_vel (geometry_msgs/msg/Twist) -> /robot_4/cmd_vel (ignition.msgs.Twist)] (Lazy 0)
[parameter_bridge-4] [INFO] [1776699623.583088012] [all_robots_bridge]: Creating GZ->ROS Bridge: [/robot_4/odom (ignition.msgs.Odometry) -> /robot_4/odom (nav_msgs/msg/Odometry)] (Lazy 0)
[parameter_bridge-4] [INFO] [1776699623.583616287] [all_robots_bridge]: Creating GZ->ROS Bridge: [/robot_4/depth_camera/depth_image (ignition.msgs.Image) -> /robot_4/depth_camera/depth_image (sensor_msgs/msg/Image)] (Lazy 0)
[parameter_bridge-4] [INFO] [1776699623.584090300] [all_robots_bridge]: Creating GZ->ROS Bridge: [/world/random_world/model/robot_4/link/robot_4/base_footprint/sensor/contact_sensor/contact (ignition.msgs.Contacts) -> /world/random_world/model/robot_4/link/robot_4/base_footprint/sensor/contact_sensor/contact (ros_gz_interfaces/msg/Contacts)] (Lazy 0)
[parameter_bridge-4] [INFO] [1776699623.585380721] [all_robots_bridge]: Creating GZ->ROS Bridge: [/world/random_world/dynamic_pose/info (ignition.msgs.Pose_V) -> /world/random_world/dynamic_pose/info (tf2_msgs/msg/TFMessage)] (Lazy 0)
[robot_state_publisher-17] [INFO] [1776699623.591291347] [robot_4.robot_state_publisher]: got segment robot_4/antenna_link
[robot_state_publisher-17] [INFO] [1776699623.591431004] [robot_4.robot_state_publisher]: got segment robot_4/base_footprint
[robot_state_publisher-17] [INFO] [1776699623.591447660] [robot_4.robot_state_publisher]: got segment robot_4/base_link
[robot_state_publisher-17] [INFO] [1776699623.591457664] [robot_4.robot_state_publisher]: got segment robot_4/realsense_link
[robot_state_publisher-17] [INFO] [1776699623.591466492] [robot_4.robot_state_publisher]: got segment robot_4/rocker_L_link
[robot_state_publisher-17] [INFO] [1776699623.591474986] [robot_4.robot_state_publisher]: got segment robot_4/rocker_R_link
[robot_state_publisher-17] [INFO] [1776699623.591482882] [robot_4.robot_state_publisher]: got segment robot_4/wheel_FL_link
[robot_state_publisher-17] [INFO] [1776699623.591490781] [robot_4.robot_state_publisher]: got segment robot_4/wheel_FR_link
[robot_state_publisher-17] [INFO] [1776699623.591498354] [robot_4.robot_state_publisher]: got segment robot_4/wheel_RL_link
[robot_state_publisher-17] [INFO] [1776699623.591506140] [robot_4.robot_state_publisher]: got segment robot_4/wheel_RR_link
[bump_counter-3] [INFO] [1776699623.816960832] [bump_counter]: [global] global_mode=True cooldown(robot)=0.80s cooldown(obs)=0.50s Logging to /home/ecem/ros2_ws/src/Leo_sct/results_exp/explore/long/prompt_1/run_7/middle_circle/trial_2/run_20260420_174023/bumps_global_174023.csv
[robot_supervisor-13] [INFO] [1776699624.007049756] [robot_2.robot_supervisor]: Loaded initial mission 'explore' from explicit YAML explore_sup_gpt_long_1_run_7_196.yaml
[robot_supervisor-7] [INFO] [1776699624.042226350] [robot_0.robot_supervisor]: Loaded initial mission 'explore' from explicit YAML explore_sup_gpt_long_1_run_7_196.yaml
[robot_supervisor-16] [INFO] [1776699624.055220760] [robot_3.robot_supervisor]: Loaded initial mission 'explore' from explicit YAML explore_sup_gpt_long_1_run_7_196.yaml
[robot_supervisor-10] [INFO] [1776699624.055360917] [robot_1.robot_supervisor]: Loaded initial mission 'explore' from explicit YAML explore_sup_gpt_long_1_run_7_196.yaml
[robot_supervisor-19] [INFO] [1776699624.081195460] [robot_4.robot_supervisor]: Loaded initial mission 'explore' from explicit YAML explore_sup_gpt_long_1_run_7_196.yaml
[robot_supervisor-13] [INFO] [1776699624.114139948] [robot_2.robot_supervisor]: Selected controllable event: EV_random_walk
[parameter_bridge-4] [INFO] [1776699624.114423521] [all_robots_bridge]: Passing message from ROS geometry_msgs/msg/Twist to Gazebo gz.msgs.Twist (showing msg only once per type)
[create-9] [INFO] [1776699624.124824283] [robot_1.ros_gz_sim]: Waiting messages on topic [/robot_1/robot_description].
[robot_supervisor-7] [INFO] [1776699624.149067028] [robot_0.robot_supervisor]: Selected controllable event: EV_random_walk
[robot_supervisor-10] [INFO] [1776699624.162520738] [robot_1.robot_supervisor]: Selected controllable event: EV_random_walk
[robot_supervisor-16] [INFO] [1776699624.162884094] [robot_3.robot_supervisor]: Selected controllable event: EV_random_walk
[robot_supervisor-19] [INFO] [1776699624.189421148] [robot_4.robot_supervisor]: Selected controllable event: EV_random_walk
[create-6] [INFO] [1776699624.224509295] [robot_0.ros_gz_sim]: Waiting messages on topic [/robot_0/robot_description].
[create-12] [INFO] [1776699624.325191436] [robot_2.ros_gz_sim]: Waiting messages on topic [/robot_2/robot_description].
[robot_supervisor-13] [INFO] [1776699624.414110872] [robot_2.robot_supervisor]: Selected controllable event: EV_move_forward
[create-18] [INFO] [1776699624.425204946] [robot_4.ros_gz_sim]: Waiting messages on topic [/robot_4/robot_description].
[robot_supervisor-7] [INFO] [1776699624.449000093] [robot_0.robot_supervisor]: Selected controllable event: EV_move_forward
[robot_supervisor-10] [INFO] [1776699624.462464409] [robot_1.robot_supervisor]: Selected controllable event: EV_move_forward
[robot_supervisor-16] [INFO] [1776699624.462851044] [robot_3.robot_supervisor]: Selected controllable event: EV_move_forward
[robot_supervisor-19] [INFO] [1776699624.489252067] [robot_4.robot_supervisor]: Selected controllable event: EV_move_forward
[create-9] [INFO] [1776699624.524457151] [robot_1.ros_gz_sim]: Requested creation of entity.
[create-9] [INFO] [1776699624.524520511] [robot_1.ros_gz_sim]: OK creation of entity.
[create-6] [INFO] [1776699624.524525212] [robot_0.ros_gz_sim]: Requested creation of entity.
[create-6] [INFO] [1776699624.524578351] [robot_0.ros_gz_sim]: OK creation of entity.
[create-18] [INFO] [1776699624.524690735] [robot_4.ros_gz_sim]: Requested creation of entity.
[create-18] [INFO] [1776699624.524767123] [robot_4.ros_gz_sim]: OK creation of entity.
[create-12] [INFO] [1776699624.524738635] [robot_2.ros_gz_sim]: Requested creation of entity.
[create-12] [INFO] [1776699624.524786058] [robot_2.ros_gz_sim]: OK creation of entity.
[create-15] [INFO] [1776699624.525439530] [robot_3.ros_gz_sim]: Waiting messages on topic [/robot_3/robot_description].
[create-15] [INFO] [1776699624.528349768] [robot_3.ros_gz_sim]: Requested creation of entity.
[create-15] [INFO] [1776699624.528398451] [robot_3.ros_gz_sim]: OK creation of entity.
[INFO] [create-9]: process has finished cleanly [pid 25421]
[INFO] [create-15]: process has finished cleanly [pid 25434]
[INFO] [create-12]: process has finished cleanly [pid 25428]
[INFO] [create-6]: process has finished cleanly [pid 25414]
[INFO] [create-18]: process has finished cleanly [pid 25447]
[bump_counter-3] [INFO] [1776699624.925099681] [bump_counter]: [global] subscribed: /world/random_world/model/robot_0/link/robot_0/base_footprint/sensor/contact_sensor/contact
[bump_counter-3] [INFO] [1776699624.926095343] [bump_counter]: [global] subscribed: /world/random_world/model/robot_1/link/robot_1/base_footprint/sensor/contact_sensor/contact
[bump_counter-3] [INFO] [1776699624.926775462] [bump_counter]: [global] subscribed: /world/random_world/model/robot_2/link/robot_2/base_footprint/sensor/contact_sensor/contact
[bump_counter-3] [INFO] [1776699624.927387613] [bump_counter]: [global] subscribed: /world/random_world/model/robot_3/link/robot_3/base_footprint/sensor/contact_sensor/contact
[bump_counter-3] [INFO] [1776699624.928145266] [bump_counter]: [global] subscribed: /world/random_world/model/robot_4/link/robot_4/base_footprint/sensor/contact_sensor/contact
[INFO] [image_processor-21]: process started with pid [25799]
[INFO] [image_processor-22]: process started with pid [25801]
[INFO] [image_processor-23]: process started with pid [25803]
[INFO] [image_processor-24]: process started with pid [25805]
[INFO] [image_processor-25]: process started with pid [25807]
[image_processor-21] [INFO] [1776699625.567684904] [robot_0.image_processor]: image_processor: depth='/robot_0/depth_camera/depth_image' aruco_runtime=disabled
[image_processor-22] [INFO] [1776699625.572702789] [robot_1.image_processor]: image_processor: depth='/robot_1/depth_camera/depth_image' aruco_runtime=disabled
[image_processor-23] [INFO] [1776699625.573700102] [robot_2.image_processor]: image_processor: depth='/robot_2/depth_camera/depth_image' aruco_runtime=disabled
[image_processor-24] [INFO] [1776699625.579414759] [robot_3.image_processor]: image_processor: depth='/robot_3/depth_camera/depth_image' aruco_runtime=disabled
[image_processor-25] [INFO] [1776699625.582519995] [robot_4.image_processor]: image_processor: depth='/robot_4/depth_camera/depth_image' aruco_runtime=disabled
[image_processor-22] [INFO] [1776699629.378133802] [robot_1.image_processor]: Zone=CLEAR  left[p=3.007 near=0 v=7650]  front[p=3.426 near=0 v=13244]  right[p=2.532 near=0 v=7517]
[image_processor-21] [INFO] [1776699629.386569747] [robot_0.image_processor]: Zone=CLEAR  left[p=1.026 near=0 v=7650]  front[p=1.493 near=0 v=13500]  right[p=2.221 near=0 v=7740]
[image_processor-25] [INFO] [1776699629.401563981] [robot_4.image_processor]: Zone=CLEAR  left[p=2.299 near=0 v=7157]  front[p=2.450 near=0 v=13239]  right[p=3.007 near=0 v=7740]
[image_processor-24] [INFO] [1776699629.409910267] [robot_3.image_processor]: Zone=CLEAR  left[p=0.894 near=0 v=7620]  front[p=3.072 near=0 v=13297]  right[p=2.913 near=0 v=7740]
[image_processor-23] [INFO] [1776699629.495417310] [robot_2.image_processor]: Zone=CLEAR  left[p=1.875 near=0 v=7650]  front[p=2.263 near=0 v=12349]  right[p=1.628 near=0 v=7740]
[image_processor-22] [INFO] [1776699631.878019379] [robot_1.image_processor]: Zone=CLEAR
[image_processor-21] [INFO] [1776699631.890774526] [robot_0.image_processor]: Zone=CLEAR
[image_processor-23] [INFO] [1776699631.898672288] [robot_2.image_processor]: Zone=CLEAR
[image_processor-25] [INFO] [1776699631.907254028] [robot_4.image_processor]: Zone=CLEAR
[image_processor-24] [INFO] [1776699631.916121548] [robot_3.image_processor]: Zone=CLEAR
[image_processor-22] [INFO] [1776699634.380016771] [robot_1.image_processor]: Zone=CLEAR
[image_processor-21] [INFO] [1776699634.389928376] [robot_0.image_processor]: Zone=CLEAR
[image_processor-23] [INFO] [1776699634.402158609] [robot_2.image_processor]: Zone=CLEAR
[image_processor-25] [INFO] [1776699634.415124507] [robot_4.image_processor]: Zone=CLEAR
[image_processor-24] [INFO] [1776699634.428800819] [robot_3.image_processor]: Zone=CLEAR
[image_processor-22] [INFO] [1776699636.881012803] [robot_1.image_processor]: Zone=CLEAR
[image_processor-21] [INFO] [1776699636.890300863] [robot_0.image_processor]: Zone=CLEAR
[image_processor-23] [INFO] [1776699636.904508424] [robot_2.image_processor]: Zone=CLEAR
[image_processor-25] [INFO] [1776699636.913808725] [robot_4.image_processor]: Zone=CLEAR
[image_processor-24] [INFO] [1776699636.923236544] [robot_3.image_processor]: Zone=CLEAR
[image_processor-22] [INFO] [1776699639.379849025] [robot_1.image_processor]: Zone=CLEAR
[image_processor-23] [INFO] [1776699639.395032098] [robot_2.image_processor]: Zone=CLEAR
[image_processor-25] [INFO] [1776699639.402970800] [robot_4.image_processor]: Zone=CLEAR
[image_processor-24] [INFO] [1776699639.412420788] [robot_3.image_processor]: Zone=CLEAR
[image_processor-21] [INFO] [1776699639.486811265] [robot_0.image_processor]: Zone=CLEAR
[image_processor-22] [INFO] [1776699641.880211687] [robot_1.image_processor]: Zone=CLEAR
[image_processor-21] [INFO] [1776699641.888081297] [robot_0.image_processor]: Zone=CLEAR
[image_processor-23] [INFO] [1776699641.896351437] [robot_2.image_processor]: Zone=CLEAR
[image_processor-25] [INFO] [1776699641.905351084] [robot_4.image_processor]: Zone=CLEAR
[image_processor-24] [INFO] [1776699641.915350575] [robot_3.image_processor]: Zone=CLEAR
[image_processor-22] [INFO] [1776699644.379951715] [robot_1.image_processor]: Zone=CLEAR
[image_processor-21] [INFO] [1776699644.388530277] [robot_0.image_processor]: Zone=CLEAR
[image_processor-23] [INFO] [1776699644.398104839] [robot_2.image_processor]: Zone=CLEAR
[image_processor-25] [INFO] [1776699644.407265838] [robot_4.image_processor]: Zone=CLEAR
[image_processor-24] [INFO] [1776699644.418704015] [robot_3.image_processor]: Zone=CLEAR
[image_processor-22] [INFO] [1776699646.881261767] [robot_1.image_processor]: Zone=CLEAR
[image_processor-21] [INFO] [1776699646.891682663] [robot_0.image_processor]: Zone=CLEAR
[image_processor-23] [INFO] [1776699646.899303683] [robot_2.image_processor]: Zone=CLEAR
[image_processor-25] [INFO] [1776699646.912225869] [robot_4.image_processor]: Zone=CLEAR
[image_processor-24] [INFO] [1776699646.922212843] [robot_3.image_processor]: Zone=CLEAR
[image_processor-22] [INFO] [1776699649.381017287] [robot_1.image_processor]: Zone=CLEAR
[image_processor-21] [INFO] [1776699649.390269945] [robot_0.image_processor]: Zone=CLEAR
[image_processor-23] [INFO] [1776699649.403170129] [robot_2.image_processor]: Zone=CLEAR
[image_processor-25] [INFO] [1776699649.416837458] [robot_4.image_processor]: Zone=CLEAR
[image_processor-24] [INFO] [1776699649.424770339] [robot_3.image_processor]: Zone=CLEAR
[image_processor-22] [INFO] [1776699651.879801987] [robot_1.image_processor]: Zone=CLEAR
[image_processor-21] [INFO] [1776699651.888659102] [robot_0.image_processor]: Zone=CLEAR
[image_processor-23] [INFO] [1776699651.898468990] [robot_2.image_processor]: Zone=CLEAR
[image_processor-25] [INFO] [1776699651.907873362] [robot_4.image_processor]: Zone=CLEAR
[image_processor-24] [INFO] [1776699651.916091303] [robot_3.image_processor]: Zone=CLEAR
[image_processor-22] [INFO] [1776699654.380059191] [robot_1.image_processor]: Zone=CLEAR
[image_processor-21] [INFO] [1776699654.388666284] [robot_0.image_processor]: Zone=CLEAR
[image_processor-23] [INFO] [1776699654.397495253] [robot_2.image_processor]: Zone=CLEAR
[image_processor-25] [INFO] [1776699654.405763887] [robot_4.image_processor]: Zone=CLEAR
[image_processor-24] [INFO] [1776699654.516592764] [robot_3.image_processor]: Zone=CLEAR
[image_processor-22] [INFO] [1776699656.878770938] [robot_1.image_processor]: Zone=CLEAR
[image_processor-21] [INFO] [1776699656.887562425] [robot_0.image_processor]: Zone=CLEAR
[image_processor-23] [INFO] [1776699656.895674807] [robot_2.image_processor]: Zone=CLEAR
[image_processor-25] [INFO] [1776699656.903607474] [robot_4.image_processor]: Zone=CLEAR
[image_processor-24] [INFO] [1776699656.915658077] [robot_3.image_processor]: Zone=CLEAR
[image_processor-22] [INFO] [1776699659.379922170] [robot_1.image_processor]: Zone=CLEAR
[image_processor-21] [INFO] [1776699659.389128926] [robot_0.image_processor]: Zone=CLEAR
[image_processor-23] [INFO] [1776699659.399522241] [robot_2.image_processor]: Zone=CLEAR
[image_processor-25] [INFO] [1776699659.408324106] [robot_4.image_processor]: Zone=CLEAR
[image_processor-24] [INFO] [1776699659.416614823] [robot_3.image_processor]: Zone=CLEAR
[image_processor-22] [INFO] [1776699661.877844439] [robot_1.image_processor]: Zone=CLEAR
[image_processor-21] [INFO] [1776699661.886440901] [robot_0.image_processor]: Zone=CLEAR
[image_processor-23] [INFO] [1776699661.895543206] [robot_2.image_processor]: Zone=CLEAR
[image_processor-25] [INFO] [1776699661.903382989] [robot_4.image_processor]: Zone=CLEAR
[image_processor-24] [INFO] [1776699661.911340911] [robot_3.image_processor]: Zone=CLEAR
[image_processor-22] [INFO] [1776699664.379434436] [robot_1.image_processor]: Zone=CLEAR
[image_processor-21] [INFO] [1776699664.386827267] [robot_0.image_processor]: Zone=CLEAR
[image_processor-23] [INFO] [1776699664.396589754] [robot_2.image_processor]: Zone=CLEAR
[image_processor-24] [INFO] [1776699664.413894310] [robot_3.image_processor]: Zone=CLEAR
[image_processor-25] [INFO] [1776699664.505175265] [robot_4.image_processor]: Zone=CLEAR
[image_processor-22] [INFO] [1776699666.877476642] [robot_1.image_processor]: Zone=CLEAR
[image_processor-21] [INFO] [1776699666.886308465] [robot_0.image_processor]: Zone=CLEAR
[image_processor-23] [INFO] [1776699666.896471205] [robot_2.image_processor]: Zone=CLEAR
[image_processor-25] [INFO] [1776699666.904156841] [robot_4.image_processor]: Zone=CLEAR
[image_processor-24] [INFO] [1776699666.915657336] [robot_3.image_processor]: Zone=CLEAR
[image_processor-22] [INFO] [1776699669.381038501] [robot_1.image_processor]: Zone=CLEAR
[image_processor-21] [INFO] [1776699669.389274941] [robot_0.image_processor]: Zone=CLEAR
[image_processor-23] [INFO] [1776699669.402467018] [robot_2.image_processor]: Zone=CLEAR
[image_processor-25] [INFO] [1776699669.414483316] [robot_4.image_processor]: Zone=CLEAR
[image_processor-24] [INFO] [1776699669.423492314] [robot_3.image_processor]: Zone=CLEAR
[image_processor-22] [INFO] [1776699671.879363441] [robot_1.image_processor]: Zone=CLEAR
[image_processor-21] [INFO] [1776699671.888969628] [robot_0.image_processor]: Zone=CLEAR
[image_processor-23] [INFO] [1776699671.901900812] [robot_2.image_processor]: Zone=CLEAR
[image_processor-25] [INFO] [1776699671.915316421] [robot_4.image_processor]: Zone=CLEAR
[image_processor-24] [INFO] [1776699671.922700564] [robot_3.image_processor]: Zone=CLEAR
[image_processor-22] [INFO] [1776699674.377105993] [robot_1.image_processor]: Zone=CLEAR
[image_processor-21] [INFO] [1776699674.386965677] [robot_0.image_processor]: Zone=CLEAR
[image_processor-23] [INFO] [1776699674.396071927] [robot_2.image_processor]: Zone=CLEAR
[image_processor-24] [INFO] [1776699674.410894192] [robot_3.image_processor]: Zone=CLEAR
[image_processor-25] [INFO] [1776699674.504273668] [robot_4.image_processor]: Zone=CLEAR
[image_processor-21] [INFO] [1776699676.889637495] [robot_0.image_processor]: Zone=CLEAR
[image_processor-23] [INFO] [1776699676.903603999] [robot_2.image_processor]: Zone=CLEAR
[image_processor-24] [INFO] [1776699676.925628455] [robot_3.image_processor]: Zone=CLEAR
[image_processor-22] [INFO] [1776699676.983371071] [robot_1.image_processor]: Zone=CLEAR
[image_processor-25] [INFO] [1776699677.018088548] [robot_4.image_processor]: Zone=CLEAR
[image_processor-22] [INFO] [1776699679.377108235] [robot_1.image_processor]: Zone=CLEAR
[image_processor-21] [INFO] [1776699679.388856463] [robot_0.image_processor]: Zone=CLEAR
[image_processor-23] [INFO] [1776699679.398161639] [robot_2.image_processor]: Zone=CLEAR
[image_processor-25] [INFO] [1776699679.405667765] [robot_4.image_processor]: Zone=CLEAR
[image_processor-24] [INFO] [1776699679.417790951] [robot_3.image_processor]: Zone=CLEAR
[image_processor-22] [INFO] [1776699681.878538925] [robot_1.image_processor]: Zone=CLEAR
[image_processor-21] [INFO] [1776699681.888323230] [robot_0.image_processor]: Zone=CLEAR
[image_processor-23] [INFO] [1776699681.895765326] [robot_2.image_processor]: Zone=CLEAR
[image_processor-25] [INFO] [1776699682.007266808] [robot_4.image_processor]: Zone=CLEAR
[image_processor-24] [INFO] [1776699682.014985272] [robot_3.image_processor]: Zone=CLEAR
[image_processor-22] [INFO] [1776699684.378309182] [robot_1.image_processor]: Zone=CLEAR
[image_processor-21] [INFO] [1776699684.386509131] [robot_0.image_processor]: Zone=CLEAR
[image_processor-23] [INFO] [1776699684.396424638] [robot_2.image_processor]: Zone=CLEAR
[image_processor-24] [INFO] [1776699684.413181450] [robot_3.image_processor]: Zone=CLEAR
[image_processor-25] [INFO] [1776699684.505394223] [robot_4.image_processor]: Zone=CLEAR
[image_processor-22] [INFO] [1776699686.884011043] [robot_1.image_processor]: Zone=CLEAR
[image_processor-21] [INFO] [1776699686.892836751] [robot_0.image_processor]: Zone=CLEAR
[image_processor-23] [INFO] [1776699686.904217474] [robot_2.image_processor]: Zone=CLEAR
[image_processor-25] [INFO] [1776699686.914827395] [robot_4.image_processor]: Zone=CLEAR
[image_processor-24] [INFO] [1776699686.923431406] [robot_3.image_processor]: Zone=CLEAR
[image_processor-22] [INFO] [1776699689.383364351] [robot_1.image_processor]: Zone=CLEAR
[image_processor-21] [INFO] [1776699689.397422664] [robot_0.image_processor]: Zone=CLEAR
[image_processor-23] [INFO] [1776699689.408869548] [robot_2.image_processor]: Zone=CLEAR
[image_processor-25] [INFO] [1776699689.419441340] [robot_4.image_processor]: Zone=CLEAR
[image_processor-24] [INFO] [1776699689.432684018] [robot_3.image_processor]: Zone=CLEAR
[image_processor-22] [INFO] [1776699691.877917327] [robot_1.image_processor]: Zone=CLEAR
[image_processor-21] [INFO] [1776699691.887053576] [robot_0.image_processor]: Zone=CLEAR
[image_processor-23] [INFO] [1776699691.896221282] [robot_2.image_processor]: Zone=CLEAR
[image_processor-25] [INFO] [1776699691.904153494] [robot_4.image_processor]: Zone=CLEAR
[image_processor-24] [INFO] [1776699691.913026692] [robot_3.image_processor]: Zone=CLEAR
[image_processor-22] [INFO] [1776699694.380284310] [robot_1.image_processor]: Zone=CLEAR
[image_processor-21] [INFO] [1776699694.388622593] [robot_0.image_processor]: Zone=CLEAR
[image_processor-23] [INFO] [1776699694.400192412] [robot_2.image_processor]: Zone=CLEAR
[image_processor-25] [INFO] [1776699694.409358398] [robot_4.image_processor]: Zone=CLEAR
[image_processor-24] [INFO] [1776699694.519279698] [robot_3.image_processor]: Zone=CLEAR
[image_processor-22] [INFO] [1776699696.879207200] [robot_1.image_processor]: Zone=CLEAR
[image_processor-21] [INFO] [1776699696.887396799] [robot_0.image_processor]: Zone=CLEAR
[image_processor-23] [INFO] [1776699696.897849451] [robot_2.image_processor]: Zone=CLEAR
[image_processor-25] [INFO] [1776699696.905977356] [robot_4.image_processor]: Zone=CLEAR
[image_processor-24] [INFO] [1776699696.916482233] [robot_3.image_processor]: Zone=CLEAR
[image_processor-22] [INFO] [1776699699.379736893] [robot_1.image_processor]: Zone=CLEAR
[image_processor-21] [INFO] [1776699699.388073098] [robot_0.image_processor]: Zone=CLEAR
[image_processor-23] [INFO] [1776699699.394984275] [robot_2.image_processor]: Zone=CLEAR
[image_processor-25] [INFO] [1776699699.404361380] [robot_4.image_processor]: Zone=CLEAR
[image_processor-24] [INFO] [1776699699.415124798] [robot_3.image_processor]: Zone=CLEAR
[image_processor-22] [INFO] [1776699701.881623635] [robot_1.image_processor]: Zone=CLEAR
[image_processor-21] [INFO] [1776699701.888673833] [robot_0.image_processor]: Zone=CLEAR
[image_processor-23] [INFO] [1776699701.897717680] [robot_2.image_processor]: Zone=CLEAR
[image_processor-25] [INFO] [1776699701.905344759] [robot_4.image_processor]: Zone=CLEAR
[image_processor-24] [INFO] [1776699701.913010932] [robot_3.image_processor]: Zone=CLEAR
[image_processor-22] [INFO] [1776699704.379824553] [robot_1.image_processor]: Zone=CLEAR
[image_processor-21] [INFO] [1776699704.387359160] [robot_0.image_processor]: Zone=CLEAR
[image_processor-23] [INFO] [1776699704.396431859] [robot_2.image_processor]: Zone=CLEAR
[image_processor-24] [INFO] [1776699704.414860035] [robot_3.image_processor]: Zone=CLEAR
[image_processor-25] [INFO] [1776699704.508909539] [robot_4.image_processor]: Zone=CLEAR
[image_processor-21] [INFO] [1776699706.886252669] [robot_0.image_processor]: Zone=CLEAR
[image_processor-23] [INFO] [1776699706.895686529] [robot_2.image_processor]: Zone=CLEAR
[image_processor-25] [INFO] [1776699706.902811749] [robot_4.image_processor]: Zone=CLEAR
[image_processor-24] [INFO] [1776699706.911836154] [robot_3.image_processor]: Zone=CLEAR
[image_processor-22] [INFO] [1776699706.978897527] [robot_1.image_processor]: Zone=CLEAR
[image_processor-22] [INFO] [1776699709.379659080] [robot_1.image_processor]: Zone=CLEAR
[image_processor-21] [INFO] [1776699709.389776777] [robot_0.image_processor]: Zone=CLEAR
[image_processor-23] [INFO] [1776699709.397415354] [robot_2.image_processor]: Zone=CLEAR
[image_processor-25] [INFO] [1776699709.405237114] [robot_4.image_processor]: Zone=CLEAR
[image_processor-24] [INFO] [1776699709.413737799] [robot_3.image_processor]: Zone=CLEAR
[image_processor-22] [INFO] [1776699711.881058558] [robot_1.image_processor]: Zone=CLEAR
[image_processor-21] [INFO] [1776699711.888527801] [robot_0.image_processor]: Zone=CLEAR
[image_processor-23] [INFO] [1776699711.896141193] [robot_2.image_processor]: Zone=CLEAR
[image_processor-24] [INFO] [1776699711.912652213] [robot_3.image_processor]: Zone=CLEAR
[image_processor-25] [INFO] [1776699712.005702866] [robot_4.image_processor]: Zone=CLEAR
[image_processor-22] [INFO] [1776699714.379658483] [robot_1.image_processor]: Zone=CLEAR
[image_processor-21] [INFO] [1776699714.386694155] [robot_0.image_processor]: Zone=CLEAR
[image_processor-23] [INFO] [1776699714.396727901] [robot_2.image_processor]: Zone=CLEAR
[image_processor-25] [INFO] [1776699714.405008926] [robot_4.image_processor]: Zone=CLEAR
[image_processor-24] [INFO] [1776699714.414696356] [robot_3.image_processor]: Zone=CLEAR
[image_processor-22] [INFO] [1776699716.880428546] [robot_1.image_processor]: Zone=CLEAR
[image_processor-21] [INFO] [1776699716.887671426] [robot_0.image_processor]: Zone=CLEAR
[image_processor-23] [INFO] [1776699716.895417062] [robot_2.image_processor]: Zone=CLEAR
[image_processor-25] [INFO] [1776699716.903230468] [robot_4.image_processor]: Zone=CLEAR
[image_processor-24] [INFO] [1776699716.911895630] [robot_3.image_processor]: Zone=CLEAR
[image_processor-22] [INFO] [1776699719.379005614] [robot_1.image_processor]: Zone=CLEAR
[image_processor-21] [INFO] [1776699719.388278380] [robot_0.image_processor]: Zone=CLEAR
[image_processor-23] [INFO] [1776699719.395598485] [robot_2.image_processor]: Zone=CLEAR
[image_processor-25] [INFO] [1776699719.403926526] [robot_4.image_processor]: Zone=CLEAR
[image_processor-24] [INFO] [1776699719.412239278] [robot_3.image_processor]: Zone=CLEAR
[image_processor-22] [INFO] [1776699721.879714173] [robot_1.image_processor]: Zone=CLEAR
[image_processor-21] [INFO] [1776699721.886793344] [robot_0.image_processor]: Zone=CLEAR
[image_processor-23] [INFO] [1776699721.896206665] [robot_2.image_processor]: Zone=CLEAR
[image_processor-25] [INFO] [1776699721.905452422] [robot_4.image_processor]: Zone=CLEAR
[image_processor-24] [INFO] [1776699721.914019102] [robot_3.image_processor]: Zone=CLEAR
[image_processor-22] [INFO] [1776699724.379424386] [robot_1.image_processor]: Zone=CLEAR
[image_processor-21] [INFO] [1776699724.385983285] [robot_0.image_processor]: Zone=CLEAR
[image_processor-23] [INFO] [1776699724.396735688] [robot_2.image_processor]: Zone=CLEAR
[image_processor-25] [INFO] [1776699724.405063694] [robot_4.image_processor]: Zone=CLEAR
[image_processor-24] [INFO] [1776699724.413425297] [robot_3.image_processor]: Zone=CLEAR
[image_processor-22] [INFO] [1776699726.881208713] [robot_1.image_processor]: Zone=CLEAR
[image_processor-21] [INFO] [1776699726.887858194] [robot_0.image_processor]: Zone=CLEAR
[image_processor-23] [INFO] [1776699726.896119053] [robot_2.image_processor]: Zone=CLEAR
[image_processor-25] [INFO] [1776699726.905068746] [robot_4.image_processor]: Zone=CLEAR
[image_processor-24] [INFO] [1776699726.912233862] [robot_3.image_processor]: Zone=CLEAR
[image_processor-22] [INFO] [1776699729.380031550] [robot_1.image_processor]: Zone=CLEAR
[image_processor-21] [INFO] [1776699729.387415069] [robot_0.image_processor]: Zone=CLEAR
[image_processor-23] [INFO] [1776699729.397673930] [robot_2.image_processor]: Zone=CLEAR
[image_processor-25] [INFO] [1776699729.406247610] [robot_4.image_processor]: Zone=CLEAR
[image_processor-24] [INFO] [1776699729.415296672] [robot_3.image_processor]: Zone=CLEAR
[image_processor-22] [INFO] [1776699731.878460905] [robot_1.image_processor]: Zone=CLEAR
[image_processor-21] [INFO] [1776699731.889484416] [robot_0.image_processor]: Zone=CLEAR
[image_processor-25] [INFO] [1776699731.906303879] [robot_4.image_processor]: Zone=CLEAR
[image_processor-24] [INFO] [1776699731.915131351] [robot_3.image_processor]: Zone=CLEAR
[image_processor-23] [INFO] [1776699732.000917549] [robot_2.image_processor]: Zone=CLEAR
[image_processor-22] [INFO] [1776699734.377611785] [robot_1.image_processor]: Zone=CLEAR
[image_processor-21] [INFO] [1776699734.385940157] [robot_0.image_processor]: Zone=CLEAR
[image_processor-23] [INFO] [1776699734.394930694] [robot_2.image_processor]: Zone=CLEAR
[image_processor-25] [INFO] [1776699734.402887836] [robot_4.image_processor]: Zone=CLEAR
[image_processor-24] [INFO] [1776699734.411259865] [robot_3.image_processor]: Zone=CLEAR
[image_processor-22] [INFO] [1776699736.877995858] [robot_1.image_processor]: Zone=CLEAR
[image_processor-21] [INFO] [1776699736.886063998] [robot_0.image_processor]: Zone=CLEAR
[image_processor-23] [INFO] [1776699736.893988478] [robot_2.image_processor]: Zone=CLEAR
[image_processor-25] [INFO] [1776699736.902814414] [robot_4.image_processor]: Zone=CLEAR
[image_processor-24] [INFO] [1776699736.910180060] [robot_3.image_processor]: Zone=CLEAR
[image_processor-22] [INFO] [1776699739.380190877] [robot_1.image_processor]: Zone=CLEAR
[image_processor-21] [INFO] [1776699739.387143743] [robot_0.image_processor]: Zone=CLEAR
[image_processor-23] [INFO] [1776699739.397731959] [robot_2.image_processor]: Zone=CLEAR
[image_processor-25] [INFO] [1776699739.408920723] [robot_4.image_processor]: Zone=CLEAR
[image_processor-24] [INFO] [1776699739.416799896] [robot_3.image_processor]: Zone=CLEAR
[image_processor-22] [INFO] [1776699741.879481468] [robot_1.image_processor]: Zone=CLEAR
[image_processor-21] [INFO] [1776699741.886635154] [robot_0.image_processor]: Zone=CLEAR
[image_processor-23] [INFO] [1776699741.895409686] [robot_2.image_processor]: Zone=CLEAR
[image_processor-25] [INFO] [1776699741.903204051] [robot_4.image_processor]: Zone=CLEAR
[image_processor-24] [INFO] [1776699741.910805469] [robot_3.image_processor]: Zone=CLEAR
[image_processor-21] [INFO] [1776699744.388346042] [robot_0.image_processor]: Zone=CLEAR
[image_processor-23] [INFO] [1776699744.397801493] [robot_2.image_processor]: Zone=CLEAR
[image_processor-25] [INFO] [1776699744.407318663] [robot_4.image_processor]: Zone=CLEAR
[image_processor-24] [INFO] [1776699744.416037152] [robot_3.image_processor]: Zone=CLEAR
[image_processor-22] [INFO] [1776699744.482474641] [robot_1.image_processor]: Zone=CLEAR
[image_processor-22] [INFO] [1776699746.878621909] [robot_1.image_processor]: Zone=CLEAR
[image_processor-21] [INFO] [1776699746.888482674] [robot_0.image_processor]: Zone=CLEAR
[image_processor-23] [INFO] [1776699746.897267534] [robot_2.image_processor]: Zone=CLEAR
[image_processor-25] [INFO] [1776699746.906911828] [robot_4.image_processor]: Zone=CLEAR
[image_processor-24] [INFO] [1776699746.914468403] [robot_3.image_processor]: Zone=CLEAR
[image_processor-22] [INFO] [1776699749.379114952] [robot_1.image_processor]: Zone=CLEAR
[image_processor-21] [INFO] [1776699749.386315925] [robot_0.image_processor]: Zone=CLEAR
[image_processor-23] [INFO] [1776699749.394127810] [robot_2.image_processor]: Zone=CLEAR
[image_processor-25] [INFO] [1776699749.402278592] [robot_4.image_processor]: Zone=CLEAR
[image_processor-24] [INFO] [1776699749.510259310] [robot_3.image_processor]: Zone=CLEAR
[image_processor-22] [INFO] [1776699751.879396236] [robot_1.image_processor]: Zone=CLEAR
[image_processor-21] [INFO] [1776699751.887695678] [robot_0.image_processor]: Zone=CLEAR
[image_processor-23] [INFO] [1776699751.896445467] [robot_2.image_processor]: Zone=CLEAR
[image_processor-25] [INFO] [1776699751.904820512] [robot_4.image_processor]: Zone=CLEAR
[image_processor-24] [INFO] [1776699751.913511069] [robot_3.image_processor]: Zone=CLEAR
[image_processor-22] [INFO] [1776699754.379059626] [robot_1.image_processor]: Zone=CLEAR
[image_processor-21] [INFO] [1776699754.391578670] [robot_0.image_processor]: Zone=CLEAR
[image_processor-23] [INFO] [1776699754.401492564] [robot_2.image_processor]: Zone=CLEAR
[image_processor-25] [INFO] [1776699754.409711058] [robot_4.image_processor]: Zone=CLEAR
[image_processor-24] [INFO] [1776699754.417934539] [robot_3.image_processor]: Zone=CLEAR
[image_processor-22] [INFO] [1776699756.880557545] [robot_1.image_processor]: Zone=CLEAR
[image_processor-23] [INFO] [1776699756.895960367] [robot_2.image_processor]: Zone=CLEAR
[image_processor-25] [INFO] [1776699756.903902484] [robot_4.image_processor]: Zone=CLEAR
[image_processor-24] [INFO] [1776699756.914306477] [robot_3.image_processor]: Zone=CLEAR
[image_processor-21] [INFO] [1776699756.989549979] [robot_0.image_processor]: Zone=CLEAR
[image_processor-22] [INFO] [1776699759.379048334] [robot_1.image_processor]: Zone=CLEAR
[image_processor-21] [INFO] [1776699759.386930954] [robot_0.image_processor]: Zone=CLEAR
[image_processor-23] [INFO] [1776699759.394403245] [robot_2.image_processor]: Zone=CLEAR
[image_processor-25] [INFO] [1776699759.403330705] [robot_4.image_processor]: Zone=CLEAR
[image_processor-24] [INFO] [1776699759.410970214] [robot_3.image_processor]: Zone=CLEAR
[image_processor-22] [INFO] [1776699761.879304441] [robot_1.image_processor]: Zone=CLEAR
[image_processor-23] [INFO] [1776699761.894639145] [robot_2.image_processor]: Zone=CLEAR
[image_processor-25] [INFO] [1776699761.903889474] [robot_4.image_processor]: Zone=CLEAR
[image_processor-24] [INFO] [1776699761.910930451] [robot_3.image_processor]: Zone=CLEAR
[image_processor-21] [INFO] [1776699761.987518706] [robot_0.image_processor]: Zone=CLEAR
[image_processor-22] [INFO] [1776699764.383101824] [robot_1.image_processor]: Zone=CLEAR
[image_processor-21] [INFO] [1776699764.394784141] [robot_0.image_processor]: Zone=CLEAR
[image_processor-23] [INFO] [1776699764.405944651] [robot_2.image_processor]: Zone=CLEAR
[image_processor-25] [INFO] [1776699764.415089916] [robot_4.image_processor]: Zone=CLEAR
[image_processor-24] [INFO] [1776699764.427316800] [robot_3.image_processor]: Zone=CLEAR
[image_processor-22] [INFO] [1776699766.879256256] [robot_1.image_processor]: Zone=CLEAR
[image_processor-21] [INFO] [1776699766.887407926] [robot_0.image_processor]: Zone=CLEAR
[image_processor-23] [INFO] [1776699766.895801512] [robot_2.image_processor]: Zone=CLEAR
[image_processor-25] [INFO] [1776699766.904134798] [robot_4.image_processor]: Zone=CLEAR
[image_processor-24] [INFO] [1776699766.911809388] [robot_3.image_processor]: Zone=CLEAR
[image_processor-22] [INFO] [1776699769.379851606] [robot_1.image_processor]: Zone=CLEAR
[image_processor-21] [INFO] [1776699769.387395001] [robot_0.image_processor]: Zone=CLEAR
[image_processor-23] [INFO] [1776699769.397007922] [robot_2.image_processor]: Zone=CLEAR
[image_processor-25] [INFO] [1776699769.407226848] [robot_4.image_processor]: Zone=CLEAR
[image_processor-24] [INFO] [1776699769.414306460] [robot_3.image_processor]: Zone=CLEAR
[image_processor-22] [INFO] [1776699771.879192561] [robot_1.image_processor]: Zone=CLEAR
[image_processor-21] [INFO] [1776699771.887359161] [robot_0.image_processor]: Zone=CLEAR
[image_processor-23] [INFO] [1776699771.895167045] [robot_2.image_processor]: Zone=CLEAR
[image_processor-25] [INFO] [1776699771.904733037] [robot_4.image_processor]: Zone=CLEAR
[image_processor-24] [INFO] [1776699771.912969401] [robot_3.image_processor]: Zone=CLEAR
[image_processor-22] [INFO] [1776699774.378686362] [robot_1.image_processor]: Zone=CLEAR
[image_processor-21] [INFO] [1776699774.387396325] [robot_0.image_processor]: Zone=CLEAR
[image_processor-23] [INFO] [1776699774.398519288] [robot_2.image_processor]: Zone=CLEAR
[image_processor-24] [INFO] [1776699774.415577919] [robot_3.image_processor]: Zone=CLEAR
[image_processor-25] [INFO] [1776699774.506248136] [robot_4.image_processor]: Zone=CLEAR
[image_processor-22] [INFO] [1776699776.880428253] [robot_1.image_processor]: Zone=CLEAR
[image_processor-21] [INFO] [1776699776.887549010] [robot_0.image_processor]: Zone=CLEAR
[image_processor-23] [INFO] [1776699776.898575206] [robot_2.image_processor]: Zone=CLEAR
[image_processor-25] [INFO] [1776699776.906409915] [robot_4.image_processor]: Zone=CLEAR
[image_processor-24] [INFO] [1776699776.914716671] [robot_3.image_processor]: Zone=CLEAR
[image_processor-22] [INFO] [1776699779.377347501] [robot_1.image_processor]: Zone=CLEAR
[image_processor-21] [INFO] [1776699779.387018345] [robot_0.image_processor]: Zone=CLEAR
[image_processor-23] [INFO] [1776699779.394793971] [robot_2.image_processor]: Zone=CLEAR
[image_processor-25] [INFO] [1776699779.402841643] [robot_4.image_processor]: Zone=CLEAR
[image_processor-24] [INFO] [1776699779.410817512] [robot_3.image_processor]: Zone=CLEAR
[image_processor-22] [INFO] [1776699781.879040967] [robot_1.image_processor]: Zone=CLEAR
[image_processor-21] [INFO] [1776699781.886794628] [robot_0.image_processor]: Zone=CLEAR
[image_processor-23] [INFO] [1776699781.896076553] [robot_2.image_processor]: Zone=CLEAR
[image_processor-25] [INFO] [1776699781.906035454] [robot_4.image_processor]: Zone=CLEAR
[image_processor-24] [INFO] [1776699781.914289247] [robot_3.image_processor]: Zone=CLEAR
[image_processor-21] [INFO] [1776699784.390459115] [robot_0.image_processor]: Zone=CLEAR
[image_processor-23] [INFO] [1776699784.397948482] [robot_2.image_processor]: Zone=CLEAR
[image_processor-25] [INFO] [1776699784.406637584] [robot_4.image_processor]: Zone=CLEAR
[image_processor-24] [INFO] [1776699784.414419080] [robot_3.image_processor]: Zone=CLEAR
[image_processor-22] [INFO] [1776699784.480529884] [robot_1.image_processor]: Zone=CLEAR
[image_processor-22] [INFO] [1776699786.879806620] [robot_1.image_processor]: Zone=CLEAR
[image_processor-21] [INFO] [1776699786.888217906] [robot_0.image_processor]: Zone=CLEAR
[image_processor-23] [INFO] [1776699786.896557194] [robot_2.image_processor]: Zone=CLEAR
[image_processor-25] [INFO] [1776699786.906274026] [robot_4.image_processor]: Zone=CLEAR
[image_processor-24] [INFO] [1776699786.912642024] [robot_3.image_processor]: Zone=CLEAR
[image_processor-22] [INFO] [1776699789.378081219] [robot_1.image_processor]: Zone=CLEAR
[image_processor-23] [INFO] [1776699789.393989098] [robot_2.image_processor]: Zone=CLEAR
[image_processor-25] [INFO] [1776699789.401284463] [robot_4.image_processor]: Zone=CLEAR
[image_processor-24] [INFO] [1776699789.410331282] [robot_3.image_processor]: Zone=CLEAR
[image_processor-21] [INFO] [1776699789.487807176] [robot_0.image_processor]: Zone=CLEAR
[image_processor-22] [INFO] [1776699791.879955610] [robot_1.image_processor]: Zone=CLEAR
[image_processor-21] [INFO] [1776699791.888300568] [robot_0.image_processor]: Zone=CLEAR
[image_processor-23] [INFO] [1776699791.896147986] [robot_2.image_processor]: Zone=CLEAR
[image_processor-24] [INFO] [1776699791.912711928] [robot_3.image_processor]: Zone=CLEAR
[image_processor-25] [INFO] [1776699792.004759658] [robot_4.image_processor]: Zone=CLEAR
[image_processor-22] [INFO] [1776699794.380829953] [robot_1.image_processor]: Zone=CLEAR
[image_processor-21] [INFO] [1776699794.387989888] [robot_0.image_processor]: Zone=CLEAR
[image_processor-23] [INFO] [1776699794.397094440] [robot_2.image_processor]: Zone=CLEAR
[image_processor-25] [INFO] [1776699794.406080991] [robot_4.image_processor]: Zone=CLEAR
[image_processor-24] [INFO] [1776699794.414785684] [robot_3.image_processor]: Zone=CLEAR
[image_processor-22] [INFO] [1776699796.878511546] [robot_1.image_processor]: Zone=CLEAR
[image_processor-21] [INFO] [1776699796.887923474] [robot_0.image_processor]: Zone=CLEAR
[image_processor-23] [INFO] [1776699796.897140794] [robot_2.image_processor]: Zone=CLEAR
[image_processor-25] [INFO] [1776699796.905881739] [robot_4.image_processor]: Zone=CLEAR
[image_processor-24] [INFO] [1776699797.016609332] [robot_3.image_processor]: Zone=CLEAR
[image_processor-22] [INFO] [1776699799.378990281] [robot_1.image_processor]: Zone=CLEAR
[image_processor-21] [INFO] [1776699799.387142360] [robot_0.image_processor]: Zone=CLEAR
[image_processor-23] [INFO] [1776699799.395917474] [robot_2.image_processor]: Zone=CLEAR
[image_processor-25] [INFO] [1776699799.404452901] [robot_4.image_processor]: Zone=CLEAR
[image_processor-24] [INFO] [1776699799.411975651] [robot_3.image_processor]: Zone=CLEAR
[image_processor-21] [INFO] [1776699801.887655949] [robot_0.image_processor]: Zone=CLEAR
[image_processor-23] [INFO] [1776699801.895675154] [robot_2.image_processor]: Zone=CLEAR
[image_processor-25] [INFO] [1776699801.904778742] [robot_4.image_processor]: Zone=CLEAR
[image_processor-24] [INFO] [1776699801.912156813] [robot_3.image_processor]: Zone=CLEAR
[image_processor-22] [INFO] [1776699801.979616150] [robot_1.image_processor]: Zone=CLEAR
[image_processor-22] [INFO] [1776699804.379837615] [robot_1.image_processor]: Zone=CLEAR
[image_processor-21] [INFO] [1776699804.388520289] [robot_0.image_processor]: Zone=CLEAR
[image_processor-23] [INFO] [1776699804.396474442] [robot_2.image_processor]: Zone=CLEAR
[image_processor-25] [INFO] [1776699804.406802099] [robot_4.image_processor]: Zone=CLEAR
[image_processor-24] [INFO] [1776699804.515638166] [robot_3.image_processor]: Zone=CLEAR
[image_processor-22] [INFO] [1776699806.881283240] [robot_1.image_processor]: Zone=CLEAR
[image_processor-21] [INFO] [1776699806.890262689] [robot_0.image_processor]: Zone=CLEAR
[image_processor-23] [INFO] [1776699806.897933971] [robot_2.image_processor]: Zone=CLEAR
[image_processor-25] [INFO] [1776699806.906007078] [robot_4.image_processor]: Zone=CLEAR
[image_processor-24] [INFO] [1776699806.913540953] [robot_3.image_processor]: Zone=CLEAR
[image_processor-22] [INFO] [1776699809.378369288] [robot_1.image_processor]: Zone=CLEAR
[image_processor-21] [INFO] [1776699809.387022470] [robot_0.image_processor]: Zone=CLEAR
[image_processor-23] [INFO] [1776699809.396964109] [robot_2.image_processor]: Zone=CLEAR
[image_processor-24] [INFO] [1776699809.412056734] [robot_3.image_processor]: Zone=CLEAR
[image_processor-25] [INFO] [1776699809.505557357] [robot_4.image_processor]: Zone=CLEAR
[image_processor-22] [INFO] [1776699811.878619993] [robot_1.image_processor]: Zone=CLEAR
[image_processor-21] [INFO] [1776699811.887269521] [robot_0.image_processor]: Zone=CLEAR
[image_processor-23] [INFO] [1776699811.895213588] [robot_2.image_processor]: Zone=CLEAR
[image_processor-25] [INFO] [1776699811.903971611] [robot_4.image_processor]: Zone=CLEAR
[image_processor-24] [INFO] [1776699811.911947447] [robot_3.image_processor]: Zone=CLEAR
[image_processor-22] [INFO] [1776699814.378876209] [robot_1.image_processor]: Zone=CLEAR
[image_processor-21] [INFO] [1776699814.389099541] [robot_0.image_processor]: Zone=CLEAR
[image_processor-23] [INFO] [1776699814.399049385] [robot_2.image_processor]: Zone=CLEAR
[image_processor-25] [INFO] [1776699814.407891173] [robot_4.image_processor]: Zone=CLEAR
[image_processor-24] [INFO] [1776699814.416044819] [robot_3.image_processor]: Zone=CLEAR
[image_processor-22] [INFO] [1776699816.880265806] [robot_1.image_processor]: Zone=CLEAR
[image_processor-21] [INFO] [1776699816.889270172] [robot_0.image_processor]: Zone=CLEAR
[image_processor-23] [INFO] [1776699816.897835526] [robot_2.image_processor]: Zone=CLEAR
[image_processor-25] [INFO] [1776699816.905979785] [robot_4.image_processor]: Zone=CLEAR
[image_processor-24] [INFO] [1776699816.913114749] [robot_3.image_processor]: Zone=CLEAR
[image_processor-22] [INFO] [1776699819.379534080] [robot_1.image_processor]: Zone=CLEAR
[image_processor-21] [INFO] [1776699819.388098710] [robot_0.image_processor]: Zone=CLEAR
[image_processor-23] [INFO] [1776699819.398438107] [robot_2.image_processor]: Zone=CLEAR
[image_processor-25] [INFO] [1776699819.407616495] [robot_4.image_processor]: Zone=CLEAR
[image_processor-24] [INFO] [1776699819.415753369] [robot_3.image_processor]: Zone=CLEAR
[image_processor-22] [INFO] [1776699821.878903245] [robot_1.image_processor]: Zone=CLEAR
[image_processor-21] [INFO] [1776699821.887800561] [robot_0.image_processor]: Zone=CLEAR
[image_processor-23] [INFO] [1776699821.896327043] [robot_2.image_processor]: Zone=CLEAR
[image_processor-25] [INFO] [1776699822.004258713] [robot_4.image_processor]: Zone=CLEAR
[image_processor-24] [INFO] [1776699822.012964279] [robot_3.image_processor]: Zone=CLEAR
[INFO] [image_processor-25]: sending signal 'SIGINT' to process[image_processor-25]
[ERROR] [ign gazebo-1]: process has died [pid 25403, exit code -15, cmd 'ruby /usr/bin/ign gazebo /home/ecem/ros2_ws/install/swarm_basics/share/swarm_basics/worlds/random_world.sdf -s -r --force-version 6'].
[ERROR] [parameter_bridge-4]: process has died [pid 25410, exit code -15, cmd '/opt/ros/humble/lib/ros_ign_bridge/parameter_bridge /robot_0/cmd_vel@geometry_msgs/msg/Twist]ignition.msgs.Twist /robot_0/odom@nav_msgs/msg/Odometry[ignition.msgs.Odometry /robot_0/depth_camera/depth_image@sensor_msgs/msg/Image[ignition.msgs.Image /world/random_world/model/robot_0/link/robot_0/base_footprint/sensor/contact_sensor/contact@ros_gz_interfaces/msg/Contacts[ignition.msgs.Contacts /robot_1/cmd_vel@geometry_msgs/msg/Twist]ignition.msgs.Twist /robot_1/odom@nav_msgs/msg/Odometry[ignition.msgs.Odometry /robot_1/depth_camera/depth_image@sensor_msgs/msg/Image[ignition.msgs.Image /world/random_world/model/robot_1/link/robot_1/base_footprint/sensor/contact_sensor/contact@ros_gz_interfaces/msg/Contacts[ignition.msgs.Contacts /robot_2/cmd_vel@geometry_msgs/msg/Twist]ignition.msgs.Twist /robot_2/odom@nav_msgs/msg/Odometry[ignition.msgs.Odometry /robot_2/depth_camera/depth_image@sensor_msgs/msg/Image[ignition.msgs.Image /world/random_world/model/robot_2/link/robot_2/base_footprint/sensor/contact_sensor/contact@ros_gz_interfaces/msg/Contacts[ignition.msgs.Contacts /robot_3/cmd_vel@geometry_msgs/msg/Twist]ignition.msgs.Twist /robot_3/odom@nav_msgs/msg/Odometry[ignition.msgs.Odometry /robot_3/depth_camera/depth_image@sensor_msgs/msg/Image[ignition.msgs.Image /world/random_world/model/robot_3/link/robot_3/base_footprint/sensor/contact_sensor/contact@ros_gz_interfaces/msg/Contacts[ignition.msgs.Contacts /robot_4/cmd_vel@geometry_msgs/msg/Twist]ignition.msgs.Twist /robot_4/odom@nav_msgs/msg/Odometry[ignition.msgs.Odometry /robot_4/depth_camera/depth_image@sensor_msgs/msg/Image[ignition.msgs.Image /world/random_world/model/robot_4/link/robot_4/base_footprint/sensor/contact_sensor/contact@ros_gz_interfaces/msg/Contacts[ignition.msgs.Contacts /world/random_world/dynamic_pose/info@tf2_msgs/msg/TFMessage[ignition.msgs.Pose_V --ros-args -r __node:=all_robots_bridge --params-file /tmp/launch_params_ekq_v979'].
[INFO] [parameter_bridge-20]: process has finished cleanly [pid 25452]
[INFO] [image_processor-24]: sending signal 'SIGINT' to process[image_processor-24]
[INFO] [bash-26]: process started with pid [25976]
[INFO] [image_processor-23]: sending signal 'SIGINT' to process[image_processor-23]
[INFO] [image_processor-22]: sending signal 'SIGINT' to process[image_processor-22]
[INFO] [image_processor-21]: sending signal 'SIGINT' to process[image_processor-21]
[INFO] [robot_supervisor-19]: sending signal 'SIGINT' to process[robot_supervisor-19]
[INFO] [robot_state_publisher-17]: sending signal 'SIGINT' to process[robot_state_publisher-17]
[INFO] [robot_supervisor-16]: sending signal 'SIGINT' to process[robot_supervisor-16]
[INFO] [robot_state_publisher-14]: sending signal 'SIGINT' to process[robot_state_publisher-14]
[INFO] [robot_supervisor-13]: sending signal 'SIGINT' to process[robot_supervisor-13]
[INFO] [robot_state_publisher-11]: sending signal 'SIGINT' to process[robot_state_publisher-11]
[ERROR] [bash-26]: process has died [pid 25976, exit code -15, cmd 'bash -lc pkill -f parameter_bridge || true'].
[INFO] [robot_supervisor-10]: sending signal 'SIGINT' to process[robot_supervisor-10]
[INFO] [robot_state_publisher-8]: sending signal 'SIGINT' to process[robot_state_publisher-8]
[INFO] [robot_supervisor-7]: sending signal 'SIGINT' to process[robot_supervisor-7]
[INFO] [robot_state_publisher-5]: sending signal 'SIGINT' to process[robot_state_publisher-5]
[INFO] [bump_counter-3]: sending signal 'SIGINT' to process[bump_counter-3]
[INFO] [coverage_counter-2]: sending signal 'SIGINT' to process[coverage_counter-2]
[parameter_bridge-20] [INFO] [1776699823.559616758] [rclcpp]: signal_handler(SIGINT/SIGTERM)
[parameter_bridge-4] [INFO] [1776699823.559609148] [rclcpp]: signal_handler(SIGINT/SIGTERM)
[INFO] [launch]: process[ign gazebo-1] was required: shutting down launched system
[image_processor-25] [INFO] [1776699824.234223328] [rclcpp]: signal_handler(SIGINT/SIGTERM)
[image_processor-24] [INFO] [1776699824.237738902] [rclcpp]: signal_handler(SIGINT/SIGTERM)
[image_processor-23] [INFO] [1776699824.241801054] [rclcpp]: signal_handler(SIGINT/SIGTERM)
[image_processor-22] [INFO] [1776699824.245310756] [rclcpp]: signal_handler(SIGINT/SIGTERM)
[image_processor-21] [INFO] [1776699824.248694068] [rclcpp]: signal_handler(SIGINT/SIGTERM)
[robot_supervisor-19] Traceback (most recent call last):
[robot_supervisor-19]   File "/home/ecem/ros2_ws/install/swarm_basics/lib/swarm_basics/robot_supervisor", line 33, in <module>
[robot_supervisor-19]     sys.exit(load_entry_point('swarm-basics==0.0.0', 'console_scripts', 'robot_supervisor')())
[robot_supervisor-19]   File "/home/ecem/ros2_ws/install/swarm_basics/lib/python3.10/site-packages/swarm_basics/robot_supervisor.py", line 867, in main
[robot_supervisor-19]     rclpy.spin(node)
[robot_supervisor-19]   File "/opt/ros/humble/local/lib/python3.10/dist-packages/rclpy/__init__.py", line 229, in spin
[robot_supervisor-19]     executor.spin_once()
[robot_supervisor-19]   File "/opt/ros/humble/local/lib/python3.10/dist-packages/rclpy/executors.py", line 773, in spin_once
[robot_supervisor-19]     self._spin_once_impl(timeout_sec)
[robot_supervisor-19]   File "/opt/ros/humble/local/lib/python3.10/dist-packages/rclpy/executors.py", line 762, in _spin_once_impl
[robot_supervisor-19]     handler, entity, node = self.wait_for_ready_callbacks(timeout_sec=timeout_sec)
[robot_supervisor-19]   File "/opt/ros/humble/local/lib/python3.10/dist-packages/rclpy/executors.py", line 745, in wait_for_ready_callbacks
[robot_supervisor-19]     return next(self._cb_iter)
[robot_supervisor-19]   File "/opt/ros/humble/local/lib/python3.10/dist-packages/rclpy/executors.py", line 642, in _wait_for_ready_callbacks
[robot_supervisor-19]     wait_set.wait(timeout_nsec)
[robot_supervisor-19] KeyboardInterrupt
[robot_state_publisher-17] [INFO] [1776699824.256265730] [rclcpp]: signal_handler(SIGINT/SIGTERM)
[robot_supervisor-16] Traceback (most recent call last):
[robot_supervisor-16]   File "/home/ecem/ros2_ws/install/swarm_basics/lib/swarm_basics/robot_supervisor", line 33, in <module>
[robot_supervisor-16]     sys.exit(load_entry_point('swarm-basics==0.0.0', 'console_scripts', 'robot_supervisor')())
[robot_supervisor-16]   File "/home/ecem/ros2_ws/install/swarm_basics/lib/python3.10/site-packages/swarm_basics/robot_supervisor.py", line 867, in main
[robot_supervisor-16]     rclpy.spin(node)
[robot_supervisor-16]   File "/opt/ros/humble/local/lib/python3.10/dist-packages/rclpy/__init__.py", line 229, in spin
[robot_supervisor-16]     executor.spin_once()
[robot_supervisor-16]   File "/opt/ros/humble/local/lib/python3.10/dist-packages/rclpy/executors.py", line 773, in spin_once
[robot_supervisor-16]     self._spin_once_impl(timeout_sec)
[robot_supervisor-16]   File "/opt/ros/humble/local/lib/python3.10/dist-packages/rclpy/executors.py", line 762, in _spin_once_impl
[robot_supervisor-16]     handler, entity, node = self.wait_for_ready_callbacks(timeout_sec=timeout_sec)
[robot_supervisor-16]   File "/opt/ros/humble/local/lib/python3.10/dist-packages/rclpy/executors.py", line 745, in wait_for_ready_callbacks
[robot_supervisor-16]     return next(self._cb_iter)
[robot_supervisor-16]   File "/opt/ros/humble/local/lib/python3.10/dist-packages/rclpy/executors.py", line 642, in _wait_for_ready_callbacks
[robot_supervisor-16]     wait_set.wait(timeout_nsec)
[robot_supervisor-16] KeyboardInterrupt
[robot_state_publisher-14] [INFO] [1776699824.260720112] [rclcpp]: signal_handler(SIGINT/SIGTERM)
[robot_supervisor-13] Traceback (most recent call last):
[robot_supervisor-13]   File "/home/ecem/ros2_ws/install/swarm_basics/lib/swarm_basics/robot_supervisor", line 33, in <module>
[robot_supervisor-13]     sys.exit(load_entry_point('swarm-basics==0.0.0', 'console_scripts', 'robot_supervisor')())
[robot_supervisor-13]   File "/home/ecem/ros2_ws/install/swarm_basics/lib/python3.10/site-packages/swarm_basics/robot_supervisor.py", line 867, in main
[robot_supervisor-13]     rclpy.spin(node)
[robot_supervisor-13]   File "/opt/ros/humble/local/lib/python3.10/dist-packages/rclpy/__init__.py", line 229, in spin
[robot_supervisor-13]     executor.spin_once()
[robot_supervisor-13]   File "/opt/ros/humble/local/lib/python3.10/dist-packages/rclpy/executors.py", line 773, in spin_once
[robot_supervisor-13]     self._spin_once_impl(timeout_sec)
[robot_supervisor-13]   File "/opt/ros/humble/local/lib/python3.10/dist-packages/rclpy/executors.py", line 762, in _spin_once_impl
[robot_supervisor-13]     handler, entity, node = self.wait_for_ready_callbacks(timeout_sec=timeout_sec)
[robot_supervisor-13]   File "/opt/ros/humble/local/lib/python3.10/dist-packages/rclpy/executors.py", line 745, in wait_for_ready_callbacks
[robot_supervisor-13]     return next(self._cb_iter)
[robot_supervisor-13]   File "/opt/ros/humble/local/lib/python3.10/dist-packages/rclpy/executors.py", line 642, in _wait_for_ready_callbacks
[robot_supervisor-13]     wait_set.wait(timeout_nsec)
[robot_supervisor-13] KeyboardInterrupt
[robot_state_publisher-11] [INFO] [1776699824.265921335] [rclcpp]: signal_handler(SIGINT/SIGTERM)
[robot_supervisor-10] Traceback (most recent call last):
[robot_supervisor-10]   File "/home/ecem/ros2_ws/install/swarm_basics/lib/swarm_basics/robot_supervisor", line 33, in <module>
[robot_supervisor-10]     sys.exit(load_entry_point('swarm-basics==0.0.0', 'console_scripts', 'robot_supervisor')())
[robot_supervisor-10]   File "/home/ecem/ros2_ws/install/swarm_basics/lib/python3.10/site-packages/swarm_basics/robot_supervisor.py", line 867, in main
[robot_supervisor-10]     rclpy.spin(node)
[robot_supervisor-10]   File "/opt/ros/humble/local/lib/python3.10/dist-packages/rclpy/__init__.py", line 229, in spin
[robot_supervisor-10]     executor.spin_once()
[robot_supervisor-10]   File "/opt/ros/humble/local/lib/python3.10/dist-packages/rclpy/executors.py", line 773, in spin_once
[robot_supervisor-10]     self._spin_once_impl(timeout_sec)
[robot_supervisor-10]   File "/opt/ros/humble/local/lib/python3.10/dist-packages/rclpy/executors.py", line 762, in _spin_once_impl
[robot_supervisor-10]     handler, entity, node = self.wait_for_ready_callbacks(timeout_sec=timeout_sec)
[robot_supervisor-10]   File "/opt/ros/humble/local/lib/python3.10/dist-packages/rclpy/executors.py", line 745, in wait_for_ready_callbacks
[robot_supervisor-10]     return next(self._cb_iter)
[robot_supervisor-10]   File "/opt/ros/humble/local/lib/python3.10/dist-packages/rclpy/executors.py", line 642, in _wait_for_ready_callbacks
[robot_supervisor-10]     wait_set.wait(timeout_nsec)
[robot_supervisor-10] KeyboardInterrupt
[robot_state_publisher-8] [INFO] [1776699824.270477238] [rclcpp]: signal_handler(SIGINT/SIGTERM)
[robot_supervisor-7] Traceback (most recent call last):
[robot_supervisor-7]   File "/home/ecem/ros2_ws/install/swarm_basics/lib/swarm_basics/robot_supervisor", line 33, in <module>
[robot_supervisor-7]     sys.exit(load_entry_point('swarm-basics==0.0.0', 'console_scripts', 'robot_supervisor')())
[robot_supervisor-7]   File "/home/ecem/ros2_ws/install/swarm_basics/lib/python3.10/site-packages/swarm_basics/robot_supervisor.py", line 867, in main
[robot_supervisor-7]     rclpy.spin(node)
[robot_supervisor-7]   File "/opt/ros/humble/local/lib/python3.10/dist-packages/rclpy/__init__.py", line 229, in spin
[robot_supervisor-7]     executor.spin_once()
[robot_supervisor-7]   File "/opt/ros/humble/local/lib/python3.10/dist-packages/rclpy/executors.py", line 773, in spin_once
[robot_supervisor-7]     self._spin_once_impl(timeout_sec)
[robot_supervisor-7]   File "/opt/ros/humble/local/lib/python3.10/dist-packages/rclpy/executors.py", line 762, in _spin_once_impl
[robot_supervisor-7]     handler, entity, node = self.wait_for_ready_callbacks(timeout_sec=timeout_sec)
[robot_supervisor-7]   File "/opt/ros/humble/local/lib/python3.10/dist-packages/rclpy/executors.py", line 745, in wait_for_ready_callbacks
[robot_supervisor-7]     return next(self._cb_iter)
[robot_supervisor-7]   File "/opt/ros/humble/local/lib/python3.10/dist-packages/rclpy/executors.py", line 642, in _wait_for_ready_callbacks
[robot_supervisor-7]     wait_set.wait(timeout_nsec)
[robot_supervisor-7] KeyboardInterrupt
[robot_state_publisher-5] [INFO] [1776699824.274873902] [rclcpp]: signal_handler(SIGINT/SIGTERM)
[ERROR] [launch]: Caught exception in launch (see debug for traceback): ExecuteLocal action 'bash-27': executed more than once: <launch.actions.execute_process.ExecuteProcess object at 0x7db6cfec8880>
[INFO] [image_processor-25]: process has finished cleanly [pid 25807]
[INFO] [image_processor-24]: process has finished cleanly [pid 25805]
[INFO] [image_processor-23]: process has finished cleanly [pid 25803]
[INFO] [image_processor-21]: process has finished cleanly [pid 25799]
[INFO] [image_processor-22]: process has finished cleanly [pid 25801]
[INFO] [robot_state_publisher-17]: process has finished cleanly [pid 25438]
[INFO] [robot_state_publisher-14]: process has finished cleanly [pid 25432]
[INFO] [robot_state_publisher-11]: process has finished cleanly [pid 25426]
[INFO] [robot_state_publisher-8]: process has finished cleanly [pid 25418]
[INFO] [robot_state_publisher-5]: process has finished cleanly [pid 25412]
[coverage_counter-2] Traceback (most recent call last):
[coverage_counter-2]   File "/home/ecem/ros2_ws/install/swarm_basics/lib/python3.10/site-packages/swarm_basics/coverage_counter.py", line 418, in main
[coverage_counter-2]     rclpy.spin(node)
[coverage_counter-2]   File "/opt/ros/humble/local/lib/python3.10/dist-packages/rclpy/__init__.py", line 229, in spin
[coverage_counter-2]     executor.spin_once()
[coverage_counter-2]   File "/opt/ros/humble/local/lib/python3.10/dist-packages/rclpy/executors.py", line 773, in spin_once
[coverage_counter-2]     self._spin_once_impl(timeout_sec)
[coverage_counter-2]   File "/opt/ros/humble/local/lib/python3.10/dist-packages/rclpy/executors.py", line 768, in _spin_once_impl
[coverage_counter-2]     handler()
[coverage_counter-2]   File "/opt/ros/humble/local/lib/python3.10/dist-packages/rclpy/task.py", line 254, in __call__
[coverage_counter-2]     self._handler.send(None)
[coverage_counter-2]   File "/opt/ros/humble/local/lib/python3.10/dist-packages/rclpy/executors.py", line 463, in handler
[coverage_counter-2]     await call_coroutine(entity, arg)
[coverage_counter-2]   File "/opt/ros/humble/local/lib/python3.10/dist-packages/rclpy/executors.py", line 371, in _execute_timer
[coverage_counter-2]     await await_or_execute(tmr.callback)
[coverage_counter-2]   File "/opt/ros/humble/local/lib/python3.10/dist-packages/rclpy/executors.py", line 107, in await_or_execute
[coverage_counter-2]     return callback(*args)
[coverage_counter-2]   File "/home/ecem/ros2_ws/install/swarm_basics/lib/python3.10/site-packages/swarm_basics/coverage_counter.py", line 152, in _on_timeout_timer
[coverage_counter-2]     self.shutdown_and_save()
[coverage_counter-2]   File "/home/ecem/ros2_ws/install/swarm_basics/lib/python3.10/site-packages/swarm_basics/coverage_counter.py", line 174, in shutdown_and_save
[coverage_counter-2]     rclpy.shutdown()
[coverage_counter-2]   File "/opt/ros/humble/local/lib/python3.10/dist-packages/rclpy/__init__.py", line 130, in shutdown
[coverage_counter-2]     _shutdown(context=context)
[coverage_counter-2]   File "/opt/ros/humble/local/lib/python3.10/dist-packages/rclpy/utilities.py", line 58, in shutdown
[coverage_counter-2]     return context.shutdown()
[coverage_counter-2]   File "/opt/ros/humble/local/lib/python3.10/dist-packages/rclpy/context.py", line 103, in shutdown
[coverage_counter-2]     self._call_on_shutdown_callbacks()
[coverage_counter-2]   File "/opt/ros/humble/local/lib/python3.10/dist-packages/rclpy/context.py", line 92, in _call_on_shutdown_callbacks
[coverage_counter-2]     callback = weak_method()
[coverage_counter-2]   File "/opt/ros/humble/local/lib/python3.10/dist-packages/rclpy/__init__.py", line 111, in reset_executor
[coverage_counter-2]     __executor.shutdown()
[coverage_counter-2]   File "/opt/ros/humble/local/lib/python3.10/dist-packages/rclpy/executors.py", line 227, in shutdown
[coverage_counter-2]     if not self._work_tracker.wait(timeout_sec):
[coverage_counter-2]   File "/opt/ros/humble/local/lib/python3.10/dist-packages/rclpy/executors.py", line 94, in wait
[coverage_counter-2]     if not self._work_condition.wait_for(
[coverage_counter-2]   File "/usr/lib/python3.10/threading.py", line 355, in wait_for
[coverage_counter-2]     self.wait(waittime)
[coverage_counter-2]   File "/usr/lib/python3.10/threading.py", line 320, in wait
[coverage_counter-2]     waiter.acquire()
[coverage_counter-2] KeyboardInterrupt
[coverage_counter-2] 
[coverage_counter-2] During handling of the above exception, another exception occurred:
[coverage_counter-2] 
[coverage_counter-2] Traceback (most recent call last):
[coverage_counter-2]   File "/home/ecem/ros2_ws/install/swarm_basics/lib/swarm_basics/coverage_counter", line 33, in <module>
[coverage_counter-2]     sys.exit(load_entry_point('swarm-basics==0.0.0', 'console_scripts', 'coverage_counter')())
[coverage_counter-2]   File "/home/ecem/ros2_ws/install/swarm_basics/lib/python3.10/site-packages/swarm_basics/coverage_counter.py", line 421, in main
[coverage_counter-2]     node.shutdown_and_save()
[coverage_counter-2]   File "/home/ecem/ros2_ws/install/swarm_basics/lib/python3.10/site-packages/swarm_basics/coverage_counter.py", line 174, in shutdown_and_save
[coverage_counter-2]     rclpy.shutdown()
[coverage_counter-2]   File "/opt/ros/humble/local/lib/python3.10/dist-packages/rclpy/__init__.py", line 130, in shutdown
[coverage_counter-2]     _shutdown(context=context)
[coverage_counter-2]   File "/opt/ros/humble/local/lib/python3.10/dist-packages/rclpy/utilities.py", line 58, in shutdown
[coverage_counter-2]     return context.shutdown()
[coverage_counter-2]   File "/opt/ros/humble/local/lib/python3.10/dist-packages/rclpy/context.py", line 100, in shutdown
[coverage_counter-2]     raise RuntimeError('Context must be initialized before it can be shutdown')
[coverage_counter-2] RuntimeError: Context must be initialized before it can be shutdown
[bump_counter-3] Traceback (most recent call last):
[bump_counter-3]   File "/home/ecem/ros2_ws/install/swarm_basics/lib/swarm_basics/bump_counter", line 33, in <module>
[bump_counter-3]     sys.exit(load_entry_point('swarm-basics==0.0.0', 'console_scripts', 'bump_counter')())
[bump_counter-3]   File "/home/ecem/ros2_ws/install/swarm_basics/lib/python3.10/site-packages/swarm_basics/bump_counter.py", line 384, in main
[bump_counter-3]     rclpy.shutdown()
[bump_counter-3]   File "/opt/ros/humble/local/lib/python3.10/dist-packages/rclpy/__init__.py", line 130, in shutdown
[bump_counter-3]     _shutdown(context=context)
[bump_counter-3]   File "/opt/ros/humble/local/lib/python3.10/dist-packages/rclpy/utilities.py", line 58, in shutdown
[bump_counter-3]     return context.shutdown()
[bump_counter-3]   File "/opt/ros/humble/local/lib/python3.10/dist-packages/rclpy/context.py", line 102, in shutdown
[bump_counter-3]     self.__context.shutdown()
[bump_counter-3] rclpy._rclpy_pybind11.RCLError: failed to shutdown: rcl_shutdown already called on the given context, at ./src/rcl/init.c:241
[ERROR] [coverage_counter-2]: process has died [pid 25405, exit code 1, cmd '/home/ecem/ros2_ws/install/swarm_basics/lib/swarm_basics/coverage_counter --ros-args -r __node:=coverage_counter --params-file /tmp/launch_params_d5vbxrsw --params-file /tmp/launch_params_6g74r7dh --params-file /tmp/launch_params_gn1bgaki --params-file /tmp/launch_params_3vcd9m9_ --params-file /tmp/launch_params_js4kchrk --params-file /tmp/launch_params_3dd64em2'].
[ERROR] [bump_counter-3]: process has died [pid 25408, exit code 1, cmd '/home/ecem/ros2_ws/install/swarm_basics/lib/swarm_basics/bump_counter --ros-args -r __node:=bump_counter --params-file /tmp/launch_params_e5c333_s --params-file /tmp/launch_params_zjui5mku --params-file /tmp/launch_params_ohg_ccal'].
[ERROR] [robot_supervisor-19]: process has died [pid 25450, exit code -2, cmd '/home/ecem/ros2_ws/install/swarm_basics/lib/swarm_basics/robot_supervisor --ros-args -r __node:=robot_supervisor -r __ns:=/robot_4 --params-file /tmp/launch_params_6e6bfptb --params-file /tmp/launch_params_893_wans --params-file /tmp/launch_params__qywpsgg --params-file /tmp/launch_params_1z_9lz12'].
[ERROR] [robot_supervisor-10]: process has died [pid 25424, exit code -2, cmd '/home/ecem/ros2_ws/install/swarm_basics/lib/swarm_basics/robot_supervisor --ros-args -r __node:=robot_supervisor -r __ns:=/robot_1 --params-file /tmp/launch_params_yqyqjt4v --params-file /tmp/launch_params_kvsdlydp --params-file /tmp/launch_params_qp053ur4 --params-file /tmp/launch_params_fgvq4ptk'].
[ERROR] [robot_supervisor-13]: process has died [pid 25430, exit code -2, cmd '/home/ecem/ros2_ws/install/swarm_basics/lib/swarm_basics/robot_supervisor --ros-args -r __node:=robot_supervisor -r __ns:=/robot_2 --params-file /tmp/launch_params_bvg29ynf --params-file /tmp/launch_params_0h5ku53y --params-file /tmp/launch_params_sd_htanl --params-file /tmp/launch_params_fvwoo1a7'].
[ERROR] [robot_supervisor-16]: process has died [pid 25436, exit code -2, cmd '/home/ecem/ros2_ws/install/swarm_basics/lib/swarm_basics/robot_supervisor --ros-args -r __node:=robot_supervisor -r __ns:=/robot_3 --params-file /tmp/launch_params_ok8d88c2 --params-file /tmp/launch_params_zy3ek_y8 --params-file /tmp/launch_params_1fxd0i6z --params-file /tmp/launch_params_lt83cqm5'].
[ERROR] [robot_supervisor-7]: process has died [pid 25416, exit code -2, cmd '/home/ecem/ros2_ws/install/swarm_basics/lib/swarm_basics/robot_supervisor --ros-args -r __node:=robot_supervisor -r __ns:=/robot_0 --params-file /tmp/launch_params_pgexncbb --params-file /tmp/launch_params_o83el_9p --params-file /tmp/launch_params_r9555xjb --params-file /tmp/launch_params_ldbl4_pe'].
