[INFO] [launch]: All log files can be found below /home/ecem/.ros/log/2026-04-21-08-28-02-924822-ecem-pc-207460
[INFO] [launch]: Default logging verbosity is set to INFO
[INFO] [ign gazebo-1]: process started with pid [207475]
[INFO] [coverage_counter-2]: process started with pid [207478]
[INFO] [bump_counter-3]: process started with pid [207480]
[INFO] [parameter_bridge-4]: process started with pid [207482]
[INFO] [robot_state_publisher-5]: process started with pid [207484]
[INFO] [create-6]: process started with pid [207486]
[INFO] [robot_supervisor-7]: process started with pid [207489]
[INFO] [robot_state_publisher-8]: process started with pid [207491]
[INFO] [create-9]: process started with pid [207494]
[INFO] [robot_supervisor-10]: process started with pid [207496]
[INFO] [robot_state_publisher-11]: process started with pid [207498]
[INFO] [create-12]: process started with pid [207500]
[INFO] [robot_supervisor-13]: process started with pid [207502]
[INFO] [robot_state_publisher-14]: process started with pid [207504]
[INFO] [create-15]: process started with pid [207506]
[INFO] [robot_supervisor-16]: process started with pid [207509]
[INFO] [robot_state_publisher-17]: process started with pid [207511]
[INFO] [create-18]: process started with pid [207529]
[INFO] [robot_supervisor-19]: process started with pid [207535]
[INFO] [parameter_bridge-20]: process started with pid [207539]
[parameter_bridge-4] [ros_ign_bridge] is deprecated! Redirecting to use [ros_gz_bridge] instead!
[parameter_bridge-4] 
[create-12] [INFO] [1776752883.342305111] [robot_2.ros_gz_sim]: Requesting list of world names.
[create-6] [INFO] [1776752883.347540623] [robot_0.ros_gz_sim]: Requesting list of world names.
[create-15] [INFO] [1776752883.349353049] [robot_3.ros_gz_sim]: Requesting list of world names.
[create-9] [INFO] [1776752883.351113866] [robot_1.ros_gz_sim]: Requesting list of world names.
[parameter_bridge-4] [INFO] [1776752883.351285138] [all_robots_bridge]: Creating ROS->GZ Bridge: [/robot_0/cmd_vel (geometry_msgs/msg/Twist) -> /robot_0/cmd_vel (ignition.msgs.Twist)] (Lazy 0)
[parameter_bridge-4] [INFO] [1776752883.352392329] [all_robots_bridge]: Creating GZ->ROS Bridge: [/robot_0/odom (ignition.msgs.Odometry) -> /robot_0/odom (nav_msgs/msg/Odometry)] (Lazy 0)
[parameter_bridge-4] [INFO] [1776752883.352947671] [all_robots_bridge]: Creating GZ->ROS Bridge: [/robot_0/depth_camera/depth_image (ignition.msgs.Image) -> /robot_0/depth_camera/depth_image (sensor_msgs/msg/Image)] (Lazy 0)
[parameter_bridge-4] [INFO] [1776752883.353533621] [all_robots_bridge]: Creating GZ->ROS Bridge: [/world/random_world/model/robot_0/link/robot_0/base_footprint/sensor/contact_sensor/contact (ignition.msgs.Contacts) -> /world/random_world/model/robot_0/link/robot_0/base_footprint/sensor/contact_sensor/contact (ros_gz_interfaces/msg/Contacts)] (Lazy 0)
[parameter_bridge-4] [INFO] [1776752883.354038691] [all_robots_bridge]: Creating ROS->GZ Bridge: [/robot_1/cmd_vel (geometry_msgs/msg/Twist) -> /robot_1/cmd_vel (ignition.msgs.Twist)] (Lazy 0)
[parameter_bridge-4] [INFO] [1776752883.354274675] [all_robots_bridge]: Creating GZ->ROS Bridge: [/robot_1/odom (ignition.msgs.Odometry) -> /robot_1/odom (nav_msgs/msg/Odometry)] (Lazy 0)
[parameter_bridge-4] [INFO] [1776752883.354515435] [all_robots_bridge]: Creating GZ->ROS Bridge: [/robot_1/depth_camera/depth_image (ignition.msgs.Image) -> /robot_1/depth_camera/depth_image (sensor_msgs/msg/Image)] (Lazy 0)
[parameter_bridge-4] [INFO] [1776752883.354749216] [all_robots_bridge]: Creating GZ->ROS Bridge: [/world/random_world/model/robot_1/link/robot_1/base_footprint/sensor/contact_sensor/contact (ignition.msgs.Contacts) -> /world/random_world/model/robot_1/link/robot_1/base_footprint/sensor/contact_sensor/contact (ros_gz_interfaces/msg/Contacts)] (Lazy 0)
[parameter_bridge-4] [INFO] [1776752883.354989504] [all_robots_bridge]: Creating ROS->GZ Bridge: [/robot_2/cmd_vel (geometry_msgs/msg/Twist) -> /robot_2/cmd_vel (ignition.msgs.Twist)] (Lazy 0)
[parameter_bridge-4] [INFO] [1776752883.355144158] [all_robots_bridge]: Creating GZ->ROS Bridge: [/robot_2/odom (ignition.msgs.Odometry) -> /robot_2/odom (nav_msgs/msg/Odometry)] (Lazy 0)
[parameter_bridge-4] [INFO] [1776752883.355330148] [all_robots_bridge]: Creating GZ->ROS Bridge: [/robot_2/depth_camera/depth_image (ignition.msgs.Image) -> /robot_2/depth_camera/depth_image (sensor_msgs/msg/Image)] (Lazy 0)
[parameter_bridge-4] [INFO] [1776752883.355484234] [all_robots_bridge]: Creating GZ->ROS Bridge: [/world/random_world/model/robot_2/link/robot_2/base_footprint/sensor/contact_sensor/contact (ignition.msgs.Contacts) -> /world/random_world/model/robot_2/link/robot_2/base_footprint/sensor/contact_sensor/contact (ros_gz_interfaces/msg/Contacts)] (Lazy 0)
[parameter_bridge-4] [INFO] [1776752883.355720161] [all_robots_bridge]: Creating ROS->GZ Bridge: [/robot_3/cmd_vel (geometry_msgs/msg/Twist) -> /robot_3/cmd_vel (ignition.msgs.Twist)] (Lazy 0)
[parameter_bridge-4] [INFO] [1776752883.355864453] [all_robots_bridge]: Creating GZ->ROS Bridge: [/robot_3/odom (ignition.msgs.Odometry) -> /robot_3/odom (nav_msgs/msg/Odometry)] (Lazy 0)
[parameter_bridge-4] [INFO] [1776752883.356050599] [all_robots_bridge]: Creating GZ->ROS Bridge: [/robot_3/depth_camera/depth_image (ignition.msgs.Image) -> /robot_3/depth_camera/depth_image (sensor_msgs/msg/Image)] (Lazy 0)
[parameter_bridge-4] [INFO] [1776752883.356498588] [all_robots_bridge]: Creating GZ->ROS Bridge: [/world/random_world/model/robot_3/link/robot_3/base_footprint/sensor/contact_sensor/contact (ignition.msgs.Contacts) -> /world/random_world/model/robot_3/link/robot_3/base_footprint/sensor/contact_sensor/contact (ros_gz_interfaces/msg/Contacts)] (Lazy 0)
[parameter_bridge-4] [INFO] [1776752883.356848663] [all_robots_bridge]: Creating ROS->GZ Bridge: [/robot_4/cmd_vel (geometry_msgs/msg/Twist) -> /robot_4/cmd_vel (ignition.msgs.Twist)] (Lazy 0)
[parameter_bridge-4] [INFO] [1776752883.357152637] [all_robots_bridge]: Creating GZ->ROS Bridge: [/robot_4/odom (ignition.msgs.Odometry) -> /robot_4/odom (nav_msgs/msg/Odometry)] (Lazy 0)
[parameter_bridge-4] [INFO] [1776752883.357386832] [all_robots_bridge]: Creating GZ->ROS Bridge: [/robot_4/depth_camera/depth_image (ignition.msgs.Image) -> /robot_4/depth_camera/depth_image (sensor_msgs/msg/Image)] (Lazy 0)
[parameter_bridge-4] [INFO] [1776752883.357969733] [all_robots_bridge]: Creating GZ->ROS Bridge: [/world/random_world/model/robot_4/link/robot_4/base_footprint/sensor/contact_sensor/contact (ignition.msgs.Contacts) -> /world/random_world/model/robot_4/link/robot_4/base_footprint/sensor/contact_sensor/contact (ros_gz_interfaces/msg/Contacts)] (Lazy 0)
[parameter_bridge-4] [INFO] [1776752883.358970665] [all_robots_bridge]: Creating GZ->ROS Bridge: [/world/random_world/dynamic_pose/info (ignition.msgs.Pose_V) -> /world/random_world/dynamic_pose/info (tf2_msgs/msg/TFMessage)] (Lazy 0)
[create-18] [INFO] [1776752883.364226520] [robot_4.ros_gz_sim]: Requesting list of world names.
[robot_state_publisher-5] [INFO] [1776752883.364710720] [robot_0.robot_state_publisher]: got segment robot_0/antenna_link
[robot_state_publisher-5] [INFO] [1776752883.364812246] [robot_0.robot_state_publisher]: got segment robot_0/base_footprint
[robot_state_publisher-5] [INFO] [1776752883.364826546] [robot_0.robot_state_publisher]: got segment robot_0/base_link
[robot_state_publisher-5] [INFO] [1776752883.364835913] [robot_0.robot_state_publisher]: got segment robot_0/realsense_link
[robot_state_publisher-5] [INFO] [1776752883.364843943] [robot_0.robot_state_publisher]: got segment robot_0/rocker_L_link
[robot_state_publisher-5] [INFO] [1776752883.364851557] [robot_0.robot_state_publisher]: got segment robot_0/rocker_R_link
[robot_state_publisher-5] [INFO] [1776752883.364858799] [robot_0.robot_state_publisher]: got segment robot_0/wheel_FL_link
[robot_state_publisher-5] [INFO] [1776752883.364866252] [robot_0.robot_state_publisher]: got segment robot_0/wheel_FR_link
[robot_state_publisher-5] [INFO] [1776752883.364873625] [robot_0.robot_state_publisher]: got segment robot_0/wheel_RL_link
[robot_state_publisher-5] [INFO] [1776752883.364880665] [robot_0.robot_state_publisher]: got segment robot_0/wheel_RR_link
[robot_state_publisher-17] [INFO] [1776752883.367694304] [robot_4.robot_state_publisher]: got segment robot_4/antenna_link
[robot_state_publisher-17] [INFO] [1776752883.367770689] [robot_4.robot_state_publisher]: got segment robot_4/base_footprint
[robot_state_publisher-17] [INFO] [1776752883.367779802] [robot_4.robot_state_publisher]: got segment robot_4/base_link
[robot_state_publisher-17] [INFO] [1776752883.367785767] [robot_4.robot_state_publisher]: got segment robot_4/realsense_link
[robot_state_publisher-17] [INFO] [1776752883.367791362] [robot_4.robot_state_publisher]: got segment robot_4/rocker_L_link
[robot_state_publisher-17] [INFO] [1776752883.367796106] [robot_4.robot_state_publisher]: got segment robot_4/rocker_R_link
[robot_state_publisher-17] [INFO] [1776752883.367800845] [robot_4.robot_state_publisher]: got segment robot_4/wheel_FL_link
[robot_state_publisher-17] [INFO] [1776752883.367805395] [robot_4.robot_state_publisher]: got segment robot_4/wheel_FR_link
[robot_state_publisher-17] [INFO] [1776752883.367809615] [robot_4.robot_state_publisher]: got segment robot_4/wheel_RL_link
[robot_state_publisher-17] [INFO] [1776752883.367814370] [robot_4.robot_state_publisher]: got segment robot_4/wheel_RR_link
[robot_state_publisher-14] [INFO] [1776752883.376831708] [robot_3.robot_state_publisher]: got segment robot_3/antenna_link
[robot_state_publisher-14] [INFO] [1776752883.376959297] [robot_3.robot_state_publisher]: got segment robot_3/base_footprint
[robot_state_publisher-14] [INFO] [1776752883.376973271] [robot_3.robot_state_publisher]: got segment robot_3/base_link
[robot_state_publisher-14] [INFO] [1776752883.376982526] [robot_3.robot_state_publisher]: got segment robot_3/realsense_link
[robot_state_publisher-14] [INFO] [1776752883.376990387] [robot_3.robot_state_publisher]: got segment robot_3/rocker_L_link
[robot_state_publisher-14] [INFO] [1776752883.376997888] [robot_3.robot_state_publisher]: got segment robot_3/rocker_R_link
[robot_state_publisher-14] [INFO] [1776752883.377005488] [robot_3.robot_state_publisher]: got segment robot_3/wheel_FL_link
[robot_state_publisher-14] [INFO] [1776752883.377013156] [robot_3.robot_state_publisher]: got segment robot_3/wheel_FR_link
[robot_state_publisher-14] [INFO] [1776752883.377020368] [robot_3.robot_state_publisher]: got segment robot_3/wheel_RL_link
[robot_state_publisher-14] [INFO] [1776752883.377027641] [robot_3.robot_state_publisher]: got segment robot_3/wheel_RR_link
[robot_state_publisher-11] [INFO] [1776752883.382129493] [robot_2.robot_state_publisher]: got segment robot_2/antenna_link
[robot_state_publisher-11] [INFO] [1776752883.382252254] [robot_2.robot_state_publisher]: got segment robot_2/base_footprint
[robot_state_publisher-11] [INFO] [1776752883.382266846] [robot_2.robot_state_publisher]: got segment robot_2/base_link
[robot_state_publisher-11] [INFO] [1776752883.382276253] [robot_2.robot_state_publisher]: got segment robot_2/realsense_link
[robot_state_publisher-11] [INFO] [1776752883.382291135] [robot_2.robot_state_publisher]: got segment robot_2/rocker_L_link
[robot_state_publisher-11] [INFO] [1776752883.382299485] [robot_2.robot_state_publisher]: got segment robot_2/rocker_R_link
[robot_state_publisher-11] [INFO] [1776752883.382306952] [robot_2.robot_state_publisher]: got segment robot_2/wheel_FL_link
[robot_state_publisher-11] [INFO] [1776752883.382314759] [robot_2.robot_state_publisher]: got segment robot_2/wheel_FR_link
[robot_state_publisher-11] [INFO] [1776752883.382322291] [robot_2.robot_state_publisher]: got segment robot_2/wheel_RL_link
[robot_state_publisher-11] [INFO] [1776752883.382329950] [robot_2.robot_state_publisher]: got segment robot_2/wheel_RR_link
[robot_state_publisher-8] [INFO] [1776752883.386372178] [robot_1.robot_state_publisher]: got segment robot_1/antenna_link
[robot_state_publisher-8] [INFO] [1776752883.386490307] [robot_1.robot_state_publisher]: got segment robot_1/base_footprint
[robot_state_publisher-8] [INFO] [1776752883.386504167] [robot_1.robot_state_publisher]: got segment robot_1/base_link
[robot_state_publisher-8] [INFO] [1776752883.386513807] [robot_1.robot_state_publisher]: got segment robot_1/realsense_link
[robot_state_publisher-8] [INFO] [1776752883.386521958] [robot_1.robot_state_publisher]: got segment robot_1/rocker_L_link
[robot_state_publisher-8] [INFO] [1776752883.386529758] [robot_1.robot_state_publisher]: got segment robot_1/rocker_R_link
[robot_state_publisher-8] [INFO] [1776752883.386537645] [robot_1.robot_state_publisher]: got segment robot_1/wheel_FL_link
[robot_state_publisher-8] [INFO] [1776752883.386545262] [robot_1.robot_state_publisher]: got segment robot_1/wheel_FR_link
[robot_state_publisher-8] [INFO] [1776752883.386552567] [robot_1.robot_state_publisher]: got segment robot_1/wheel_RL_link
[robot_state_publisher-8] [INFO] [1776752883.386559872] [robot_1.robot_state_publisher]: got segment robot_1/wheel_RR_link
[parameter_bridge-20] [INFO] [1776752883.387438620] [clock_bridge]: Creating GZ->ROS Bridge: [/clock (ignition.msgs.Clock) -> /clock (rosgraph_msgs/msg/Clock)] (Lazy 0)
[bump_counter-3] [INFO] [1776752883.688218426] [bump_counter]: [global] global_mode=True cooldown(robot)=0.80s cooldown(obs)=0.50s Logging to /home/ecem/ros2_ws/src/Leo_sct/results_exp/explore/medium/prompt_2/run_5/middle_circle/trial_3/run_20260421_082803/bumps_global_082803.csv
[robot_supervisor-7] [INFO] [1776752883.698017746] [robot_0.robot_supervisor]: Loaded initial mission 'explore' from explicit YAML explore_sup_gpt_medium_2_run_5_141.yaml
[robot_supervisor-13] [INFO] [1776752883.719797362] [robot_2.robot_supervisor]: Loaded initial mission 'explore' from explicit YAML explore_sup_gpt_medium_2_run_5_141.yaml
[robot_supervisor-16] [INFO] [1776752883.738633690] [robot_3.robot_supervisor]: Loaded initial mission 'explore' from explicit YAML explore_sup_gpt_medium_2_run_5_141.yaml
[robot_supervisor-10] [INFO] [1776752883.743753618] [robot_1.robot_supervisor]: Loaded initial mission 'explore' from explicit YAML explore_sup_gpt_medium_2_run_5_141.yaml
[robot_supervisor-19] [INFO] [1776752883.757785420] [robot_4.robot_supervisor]: Loaded initial mission 'explore' from explicit YAML explore_sup_gpt_medium_2_run_5_141.yaml
[parameter_bridge-4] [INFO] [1776752883.801999278] [all_robots_bridge]: Passing message from ROS geometry_msgs/msg/Twist to Gazebo gz.msgs.Twist (showing msg only once per type)
[create-6] [INFO] [1776752883.841452892] [robot_0.ros_gz_sim]: Waiting messages on topic [/robot_0/robot_description].
[create-15] [INFO] [1776752883.942328399] [robot_3.ros_gz_sim]: Waiting messages on topic [/robot_3/robot_description].
[create-6] [INFO] [1776752884.041238283] [robot_0.ros_gz_sim]: Requested creation of entity.
[create-6] [INFO] [1776752884.041319838] [robot_0.ros_gz_sim]: OK creation of entity.
[create-12] [INFO] [1776752884.042161914] [robot_2.ros_gz_sim]: Waiting messages on topic [/robot_2/robot_description].
[create-9] [INFO] [1776752884.141903300] [robot_1.ros_gz_sim]: Waiting messages on topic [/robot_1/robot_description].
[create-12] [INFO] [1776752884.241858272] [robot_2.ros_gz_sim]: Requested creation of entity.
[create-12] [INFO] [1776752884.241945021] [robot_2.ros_gz_sim]: OK creation of entity.
[create-15] [INFO] [1776752884.241894690] [robot_3.ros_gz_sim]: Requested creation of entity.
[create-15] [INFO] [1776752884.241967590] [robot_3.ros_gz_sim]: OK creation of entity.
[create-9] [INFO] [1776752884.241931241] [robot_1.ros_gz_sim]: Requested creation of entity.
[create-9] [INFO] [1776752884.242015570] [robot_1.ros_gz_sim]: OK creation of entity.
[create-18] [INFO] [1776752884.242868370] [robot_4.ros_gz_sim]: Waiting messages on topic [/robot_4/robot_description].
[create-18] [INFO] [1776752884.245328376] [robot_4.ros_gz_sim]: Requested creation of entity.
[create-18] [INFO] [1776752884.245377295] [robot_4.ros_gz_sim]: OK creation of entity.
[INFO] [create-6]: process has finished cleanly [pid 207486]
[INFO] [create-15]: process has finished cleanly [pid 207506]
[INFO] [create-12]: process has finished cleanly [pid 207500]
[INFO] [create-18]: process has finished cleanly [pid 207529]
[INFO] [create-9]: process has finished cleanly [pid 207494]
[bump_counter-3] [INFO] [1776752884.750525516] [bump_counter]: [global] subscribed: /world/random_world/model/robot_0/link/robot_0/base_footprint/sensor/contact_sensor/contact
[bump_counter-3] [INFO] [1776752884.752392740] [bump_counter]: [global] subscribed: /world/random_world/model/robot_1/link/robot_1/base_footprint/sensor/contact_sensor/contact
[bump_counter-3] [INFO] [1776752884.753186790] [bump_counter]: [global] subscribed: /world/random_world/model/robot_2/link/robot_2/base_footprint/sensor/contact_sensor/contact
[bump_counter-3] [INFO] [1776752884.753727599] [bump_counter]: [global] subscribed: /world/random_world/model/robot_3/link/robot_3/base_footprint/sensor/contact_sensor/contact
[bump_counter-3] [INFO] [1776752884.754282085] [bump_counter]: [global] subscribed: /world/random_world/model/robot_4/link/robot_4/base_footprint/sensor/contact_sensor/contact
[INFO] [image_processor-21]: process started with pid [207871]
[INFO] [image_processor-22]: process started with pid [207873]
[INFO] [image_processor-23]: process started with pid [207875]
[INFO] [image_processor-24]: process started with pid [207877]
[INFO] [image_processor-25]: process started with pid [207879]
[image_processor-21] [INFO] [1776752885.388246743] [robot_0.image_processor]: image_processor: depth='/robot_0/depth_camera/depth_image' aruco_runtime=disabled
[image_processor-23] [INFO] [1776752885.388379909] [robot_2.image_processor]: image_processor: depth='/robot_2/depth_camera/depth_image' aruco_runtime=disabled
[image_processor-24] [INFO] [1776752885.388926202] [robot_3.image_processor]: image_processor: depth='/robot_3/depth_camera/depth_image' aruco_runtime=disabled
[image_processor-22] [INFO] [1776752885.391724253] [robot_1.image_processor]: image_processor: depth='/robot_1/depth_camera/depth_image' aruco_runtime=disabled
[image_processor-25] [INFO] [1776752885.392470800] [robot_4.image_processor]: image_processor: depth='/robot_4/depth_camera/depth_image' aruco_runtime=disabled
[image_processor-21] [INFO] [1776752888.756902233] [robot_0.image_processor]: Zone=CLEAR  left[p=1.026 near=0 v=7650]  front[p=1.493 near=0 v=13500]  right[p=2.221 near=0 v=7740]
[image_processor-24] [INFO] [1776752888.763983603] [robot_3.image_processor]: Zone=CLEAR  left[p=0.894 near=0 v=7620]  front[p=3.072 near=0 v=13297]  right[p=2.913 near=0 v=7740]
[image_processor-23] [INFO] [1776752888.772688619] [robot_2.image_processor]: Zone=CLEAR  left[p=1.875 near=0 v=7650]  front[p=2.263 near=0 v=12349]  right[p=1.628 near=0 v=7740]
[image_processor-22] [INFO] [1776752888.780857397] [robot_1.image_processor]: Zone=CLEAR  left[p=3.007 near=0 v=7650]  front[p=3.426 near=0 v=13244]  right[p=2.532 near=0 v=7517]
[image_processor-25] [INFO] [1776752888.789181161] [robot_4.image_processor]: Zone=CLEAR  left[p=2.299 near=0 v=7157]  front[p=2.450 near=0 v=13239]  right[p=3.007 near=0 v=7740]
[image_processor-21] [INFO] [1776752891.257100147] [robot_0.image_processor]: Zone=CLEAR
[image_processor-24] [INFO] [1776752891.265449372] [robot_3.image_processor]: Zone=CLEAR
[image_processor-23] [INFO] [1776752891.273450340] [robot_2.image_processor]: Zone=CLEAR
[image_processor-22] [INFO] [1776752891.281609773] [robot_1.image_processor]: Zone=CLEAR
[image_processor-25] [INFO] [1776752891.288893718] [robot_4.image_processor]: Zone=CLEAR
[image_processor-21] [INFO] [1776752893.757457317] [robot_0.image_processor]: Zone=CLEAR
[image_processor-24] [INFO] [1776752893.765625198] [robot_3.image_processor]: Zone=CLEAR
[image_processor-23] [INFO] [1776752893.773752585] [robot_2.image_processor]: Zone=CLEAR
[image_processor-22] [INFO] [1776752893.783285469] [robot_1.image_processor]: Zone=CLEAR
[image_processor-25] [INFO] [1776752893.791940851] [robot_4.image_processor]: Zone=CLEAR
[image_processor-21] [INFO] [1776752896.257990718] [robot_0.image_processor]: Zone=CLEAR
[image_processor-24] [INFO] [1776752896.265067369] [robot_3.image_processor]: Zone=CLEAR
[image_processor-23] [INFO] [1776752896.272763246] [robot_2.image_processor]: Zone=CLEAR
[image_processor-22] [INFO] [1776752896.282553276] [robot_1.image_processor]: Zone=CLEAR
[image_processor-25] [INFO] [1776752896.288542749] [robot_4.image_processor]: Zone=CLEAR
[image_processor-21] [INFO] [1776752898.758772062] [robot_0.image_processor]: Zone=CLEAR
[image_processor-24] [INFO] [1776752898.765797049] [robot_3.image_processor]: Zone=CLEAR
[image_processor-23] [INFO] [1776752898.773662203] [robot_2.image_processor]: Zone=CLEAR
[image_processor-22] [INFO] [1776752898.782029622] [robot_1.image_processor]: Zone=CLEAR
[image_processor-25] [INFO] [1776752898.790262286] [robot_4.image_processor]: Zone=CLEAR
[image_processor-24] [INFO] [1776752901.265683242] [robot_3.image_processor]: Zone=CLEAR
[image_processor-23] [INFO] [1776752901.274702427] [robot_2.image_processor]: Zone=CLEAR
[image_processor-21] [INFO] [1776752901.359711676] [robot_0.image_processor]: Zone=CLEAR
[image_processor-22] [INFO] [1776752901.383487132] [robot_1.image_processor]: Zone=CLEAR
[image_processor-25] [INFO] [1776752901.393432825] [robot_4.image_processor]: Zone=CLEAR
[image_processor-21] [INFO] [1776752903.758559625] [robot_0.image_processor]: Zone=CLEAR
[image_processor-24] [INFO] [1776752903.766217055] [robot_3.image_processor]: Zone=CLEAR
[image_processor-23] [INFO] [1776752903.775172274] [robot_2.image_processor]: Zone=CLEAR
[image_processor-22] [INFO] [1776752903.783747463] [robot_1.image_processor]: Zone=CLEAR
[image_processor-25] [INFO] [1776752903.792488773] [robot_4.image_processor]: Zone=CLEAR
[image_processor-21] [INFO] [1776752906.256126041] [robot_0.image_processor]: Zone=CLEAR
[image_processor-24] [INFO] [1776752906.265647682] [robot_3.image_processor]: Zone=CLEAR
[image_processor-23] [INFO] [1776752906.274839337] [robot_2.image_processor]: Zone=CLEAR
[image_processor-22] [INFO] [1776752906.283173152] [robot_1.image_processor]: Zone=CLEAR
[image_processor-25] [INFO] [1776752906.290066250] [robot_4.image_processor]: Zone=CLEAR
[image_processor-21] [INFO] [1776752908.758027179] [robot_0.image_processor]: Zone=CLEAR
[image_processor-24] [INFO] [1776752908.765367265] [robot_3.image_processor]: Zone=CLEAR
[image_processor-23] [INFO] [1776752908.773490068] [robot_2.image_processor]: Zone=CLEAR
[image_processor-22] [INFO] [1776752908.781979551] [robot_1.image_processor]: Zone=CLEAR
[image_processor-25] [INFO] [1776752908.790026724] [robot_4.image_processor]: Zone=CLEAR
[image_processor-21] [INFO] [1776752911.258117323] [robot_0.image_processor]: Zone=CLEAR
[image_processor-24] [INFO] [1776752911.266480500] [robot_3.image_processor]: Zone=CLEAR
[image_processor-23] [INFO] [1776752911.274818916] [robot_2.image_processor]: Zone=CLEAR
[image_processor-22] [INFO] [1776752911.282826855] [robot_1.image_processor]: Zone=CLEAR
[image_processor-25] [INFO] [1776752911.291424351] [robot_4.image_processor]: Zone=CLEAR
[image_processor-21] [INFO] [1776752913.756563099] [robot_0.image_processor]: Zone=CLEAR
[image_processor-23] [INFO] [1776752913.773469874] [robot_2.image_processor]: Zone=CLEAR
[image_processor-22] [INFO] [1776752913.781234664] [robot_1.image_processor]: Zone=CLEAR
[image_processor-24] [INFO] [1776752913.865258465] [robot_3.image_processor]: Zone=CLEAR
[image_processor-25] [INFO] [1776752913.891449669] [robot_4.image_processor]: Zone=CLEAR
[image_processor-21] [INFO] [1776752916.257929851] [robot_0.image_processor]: Zone=CLEAR
[image_processor-24] [INFO] [1776752916.265266797] [robot_3.image_processor]: Zone=CLEAR
[image_processor-23] [INFO] [1776752916.276298257] [robot_2.image_processor]: Zone=CLEAR
[image_processor-22] [INFO] [1776752916.284183197] [robot_1.image_processor]: Zone=CLEAR
[image_processor-25] [INFO] [1776752916.293474855] [robot_4.image_processor]: Zone=CLEAR
[image_processor-21] [INFO] [1776752918.756704671] [robot_0.image_processor]: Zone=CLEAR
[image_processor-24] [INFO] [1776752918.763995155] [robot_3.image_processor]: Zone=CLEAR
[image_processor-23] [INFO] [1776752918.774415861] [robot_2.image_processor]: Zone=CLEAR
[image_processor-22] [INFO] [1776752918.782637294] [robot_1.image_processor]: Zone=CLEAR
[image_processor-25] [INFO] [1776752918.790830216] [robot_4.image_processor]: Zone=CLEAR
[image_processor-21] [INFO] [1776752921.256957049] [robot_0.image_processor]: Zone=CLEAR
[image_processor-24] [INFO] [1776752921.265630215] [robot_3.image_processor]: Zone=CLEAR
[image_processor-23] [INFO] [1776752921.273396128] [robot_2.image_processor]: Zone=CLEAR
[image_processor-22] [INFO] [1776752921.285585394] [robot_1.image_processor]: Zone=CLEAR
[image_processor-25] [INFO] [1776752921.395928411] [robot_4.image_processor]: Zone=CLEAR
[image_processor-21] [INFO] [1776752923.758334496] [robot_0.image_processor]: Zone=CLEAR
[image_processor-24] [INFO] [1776752923.766044075] [robot_3.image_processor]: Zone=CLEAR
[image_processor-23] [INFO] [1776752923.775316273] [robot_2.image_processor]: Zone=CLEAR
[image_processor-22] [INFO] [1776752923.785538819] [robot_1.image_processor]: Zone=CLEAR
[image_processor-25] [INFO] [1776752923.795463106] [robot_4.image_processor]: Zone=CLEAR
[image_processor-21] [INFO] [1776752926.255814319] [robot_0.image_processor]: Zone=CLEAR
[image_processor-24] [INFO] [1776752926.262978890] [robot_3.image_processor]: Zone=CLEAR
[image_processor-23] [INFO] [1776752926.270267068] [robot_2.image_processor]: Zone=CLEAR
[image_processor-22] [INFO] [1776752926.278843900] [robot_1.image_processor]: Zone=CLEAR
[image_processor-25] [INFO] [1776752926.287209248] [robot_4.image_processor]: Zone=CLEAR
[image_processor-21] [INFO] [1776752928.756975277] [robot_0.image_processor]: Zone=CLEAR
[image_processor-24] [INFO] [1776752928.764951466] [robot_3.image_processor]: Zone=CLEAR
[image_processor-23] [INFO] [1776752928.773400321] [robot_2.image_processor]: Zone=CLEAR
[image_processor-22] [INFO] [1776752928.781530825] [robot_1.image_processor]: Zone=CLEAR
[image_processor-25] [INFO] [1776752928.789619468] [robot_4.image_processor]: Zone=CLEAR
[image_processor-21] [INFO] [1776752931.257643105] [robot_0.image_processor]: Zone=CLEAR
[image_processor-24] [INFO] [1776752931.264015788] [robot_3.image_processor]: Zone=CLEAR
[image_processor-23] [INFO] [1776752931.272397414] [robot_2.image_processor]: Zone=CLEAR
[image_processor-22] [INFO] [1776752931.279471503] [robot_1.image_processor]: Zone=CLEAR
[image_processor-25] [INFO] [1776752931.288498132] [robot_4.image_processor]: Zone=CLEAR
[image_processor-21] [INFO] [1776752933.756672638] [robot_0.image_processor]: Zone=CLEAR
[image_processor-24] [INFO] [1776752933.764450649] [robot_3.image_processor]: Zone=CLEAR
[image_processor-23] [INFO] [1776752933.774607957] [robot_2.image_processor]: Zone=CLEAR
[image_processor-22] [INFO] [1776752933.783271510] [robot_1.image_processor]: Zone=CLEAR
[image_processor-25] [INFO] [1776752933.792588699] [robot_4.image_processor]: Zone=CLEAR
[image_processor-21] [INFO] [1776752936.258810041] [robot_0.image_processor]: Zone=CLEAR
[image_processor-24] [INFO] [1776752936.266906152] [robot_3.image_processor]: Zone=CLEAR
[image_processor-23] [INFO] [1776752936.274327573] [robot_2.image_processor]: Zone=CLEAR
[image_processor-22] [INFO] [1776752936.282451183] [robot_1.image_processor]: Zone=CLEAR
[image_processor-25] [INFO] [1776752936.291143149] [robot_4.image_processor]: Zone=CLEAR
[image_processor-21] [INFO] [1776752938.756174586] [robot_0.image_processor]: Zone=CLEAR
[image_processor-24] [INFO] [1776752938.764572240] [robot_3.image_processor]: Zone=CLEAR
[image_processor-23] [INFO] [1776752938.774264698] [robot_2.image_processor]: Zone=CLEAR
[image_processor-22] [INFO] [1776752938.782039440] [robot_1.image_processor]: Zone=CLEAR
[image_processor-25] [INFO] [1776752938.792291102] [robot_4.image_processor]: Zone=CLEAR
[image_processor-21] [INFO] [1776752941.256296348] [robot_0.image_processor]: Zone=CLEAR
[image_processor-24] [INFO] [1776752941.265517515] [robot_3.image_processor]: Zone=CLEAR
[image_processor-23] [INFO] [1776752941.273162808] [robot_2.image_processor]: Zone=CLEAR
[image_processor-22] [INFO] [1776752941.282189370] [robot_1.image_processor]: Zone=CLEAR
[image_processor-25] [INFO] [1776752941.289850338] [robot_4.image_processor]: Zone=CLEAR
[image_processor-21] [INFO] [1776752943.756131564] [robot_0.image_processor]: Zone=CLEAR
[image_processor-24] [INFO] [1776752943.764501386] [robot_3.image_processor]: Zone=CLEAR
[image_processor-23] [INFO] [1776752943.773001532] [robot_2.image_processor]: Zone=CLEAR
[image_processor-22] [INFO] [1776752943.781752629] [robot_1.image_processor]: Zone=CLEAR
[image_processor-25] [INFO] [1776752943.792115983] [robot_4.image_processor]: Zone=CLEAR
[image_processor-21] [INFO] [1776752946.255985144] [robot_0.image_processor]: Zone=CLEAR
[image_processor-24] [INFO] [1776752946.263706159] [robot_3.image_processor]: Zone=CLEAR
[image_processor-23] [INFO] [1776752946.271989820] [robot_2.image_processor]: Zone=CLEAR
[image_processor-22] [INFO] [1776752946.282163943] [robot_1.image_processor]: Zone=CLEAR
[image_processor-25] [INFO] [1776752946.291476356] [robot_4.image_processor]: Zone=CLEAR
[image_processor-21] [INFO] [1776752948.756180102] [robot_0.image_processor]: Zone=CLEAR
[image_processor-23] [INFO] [1776752948.775363376] [robot_2.image_processor]: Zone=CLEAR
[image_processor-22] [INFO] [1776752948.784356712] [robot_1.image_processor]: Zone=CLEAR
[image_processor-25] [INFO] [1776752948.791655312] [robot_4.image_processor]: Zone=CLEAR
[image_processor-24] [INFO] [1776752948.865397588] [robot_3.image_processor]: Zone=CLEAR
[image_processor-21] [INFO] [1776752951.256567642] [robot_0.image_processor]: Zone=CLEAR
[image_processor-24] [INFO] [1776752951.263338512] [robot_3.image_processor]: Zone=CLEAR
[image_processor-23] [INFO] [1776752951.271975897] [robot_2.image_processor]: Zone=CLEAR
[image_processor-22] [INFO] [1776752951.280106142] [robot_1.image_processor]: Zone=CLEAR
[image_processor-25] [INFO] [1776752951.288577834] [robot_4.image_processor]: Zone=CLEAR
[image_processor-21] [INFO] [1776752953.758368453] [robot_0.image_processor]: Zone=CLEAR
[image_processor-24] [INFO] [1776752953.769648748] [robot_3.image_processor]: Zone=CLEAR
[image_processor-22] [INFO] [1776752953.789388265] [robot_1.image_processor]: Zone=CLEAR
[image_processor-25] [INFO] [1776752953.798376709] [robot_4.image_processor]: Zone=CLEAR
[image_processor-23] [INFO] [1776752953.879827546] [robot_2.image_processor]: Zone=CLEAR
[image_processor-21] [INFO] [1776752956.260324076] [robot_0.image_processor]: Zone=CLEAR
[image_processor-24] [INFO] [1776752956.267874407] [robot_3.image_processor]: Zone=CLEAR
[image_processor-23] [INFO] [1776752956.276563468] [robot_2.image_processor]: Zone=CLEAR
[image_processor-22] [INFO] [1776752956.284729694] [robot_1.image_processor]: Zone=CLEAR
[image_processor-25] [INFO] [1776752956.292328704] [robot_4.image_processor]: Zone=CLEAR
[image_processor-21] [INFO] [1776752958.756153720] [robot_0.image_processor]: Zone=CLEAR
[image_processor-24] [INFO] [1776752958.764460406] [robot_3.image_processor]: Zone=CLEAR
[image_processor-23] [INFO] [1776752958.772895355] [robot_2.image_processor]: Zone=CLEAR
[image_processor-22] [INFO] [1776752958.782526285] [robot_1.image_processor]: Zone=CLEAR
[image_processor-25] [INFO] [1776752958.791432600] [robot_4.image_processor]: Zone=CLEAR
[image_processor-21] [INFO] [1776752961.256109850] [robot_0.image_processor]: Zone=CLEAR
[image_processor-24] [INFO] [1776752961.264754765] [robot_3.image_processor]: Zone=CLEAR
[image_processor-22] [INFO] [1776752961.281611342] [robot_1.image_processor]: Zone=CLEAR
[image_processor-25] [INFO] [1776752961.289141564] [robot_4.image_processor]: Zone=CLEAR
[image_processor-23] [INFO] [1776752961.375688251] [robot_2.image_processor]: Zone=CLEAR
[image_processor-21] [INFO] [1776752963.757735822] [robot_0.image_processor]: Zone=CLEAR
[image_processor-24] [INFO] [1776752963.765771332] [robot_3.image_processor]: Zone=CLEAR
[image_processor-23] [INFO] [1776752963.774188031] [robot_2.image_processor]: Zone=CLEAR
[image_processor-22] [INFO] [1776752963.783526487] [robot_1.image_processor]: Zone=CLEAR
[image_processor-25] [INFO] [1776752963.791813504] [robot_4.image_processor]: Zone=CLEAR
[image_processor-21] [INFO] [1776752966.257106020] [robot_0.image_processor]: Zone=CLEAR
[image_processor-24] [INFO] [1776752966.265002377] [robot_3.image_processor]: Zone=CLEAR
[image_processor-23] [INFO] [1776752966.277830610] [robot_2.image_processor]: Zone=CLEAR
[image_processor-22] [INFO] [1776752966.287014167] [robot_1.image_processor]: Zone=CLEAR
[image_processor-25] [INFO] [1776752966.295528528] [robot_4.image_processor]: Zone=CLEAR
[image_processor-21] [INFO] [1776752968.757663869] [robot_0.image_processor]: Zone=CLEAR
[image_processor-24] [INFO] [1776752968.764657751] [robot_3.image_processor]: Zone=CLEAR
[image_processor-23] [INFO] [1776752968.774573691] [robot_2.image_processor]: Zone=CLEAR
[image_processor-22] [INFO] [1776752968.783093089] [robot_1.image_processor]: Zone=CLEAR
[image_processor-25] [INFO] [1776752968.791993369] [robot_4.image_processor]: Zone=CLEAR
[image_processor-21] [INFO] [1776752971.256618305] [robot_0.image_processor]: Zone=CLEAR
[image_processor-24] [INFO] [1776752971.265785540] [robot_3.image_processor]: Zone=CLEAR
[image_processor-22] [INFO] [1776752971.283149920] [robot_1.image_processor]: Zone=CLEAR
[image_processor-25] [INFO] [1776752971.290961285] [robot_4.image_processor]: Zone=CLEAR
[image_processor-23] [INFO] [1776752971.374840394] [robot_2.image_processor]: Zone=CLEAR
[image_processor-21] [INFO] [1776752973.755766982] [robot_0.image_processor]: Zone=CLEAR
[image_processor-24] [INFO] [1776752973.763972966] [robot_3.image_processor]: Zone=CLEAR
[image_processor-23] [INFO] [1776752973.772734746] [robot_2.image_processor]: Zone=CLEAR
[image_processor-22] [INFO] [1776752973.781154126] [robot_1.image_processor]: Zone=CLEAR
[image_processor-25] [INFO] [1776752973.789243277] [robot_4.image_processor]: Zone=CLEAR
[image_processor-21] [INFO] [1776752976.256100757] [robot_0.image_processor]: Zone=CLEAR
[image_processor-24] [INFO] [1776752976.263529758] [robot_3.image_processor]: Zone=CLEAR
[image_processor-23] [INFO] [1776752976.272000539] [robot_2.image_processor]: Zone=CLEAR
[image_processor-22] [INFO] [1776752976.280055261] [robot_1.image_processor]: Zone=CLEAR
[image_processor-25] [INFO] [1776752976.288499253] [robot_4.image_processor]: Zone=CLEAR
[image_processor-21] [INFO] [1776752978.756751704] [robot_0.image_processor]: Zone=CLEAR
[image_processor-24] [INFO] [1776752978.764460831] [robot_3.image_processor]: Zone=CLEAR
[image_processor-23] [INFO] [1776752978.771820980] [robot_2.image_processor]: Zone=CLEAR
[image_processor-22] [INFO] [1776752978.780032368] [robot_1.image_processor]: Zone=CLEAR
[image_processor-25] [INFO] [1776752978.788626277] [robot_4.image_processor]: Zone=CLEAR
[image_processor-21] [INFO] [1776752981.255497828] [robot_0.image_processor]: Zone=CLEAR
[image_processor-24] [INFO] [1776752981.265393969] [robot_3.image_processor]: Zone=CLEAR
[image_processor-23] [INFO] [1776752981.272623291] [robot_2.image_processor]: Zone=CLEAR
[image_processor-22] [INFO] [1776752981.280032427] [robot_1.image_processor]: Zone=CLEAR
[image_processor-25] [INFO] [1776752981.288507026] [robot_4.image_processor]: Zone=CLEAR
[image_processor-21] [INFO] [1776752983.756903898] [robot_0.image_processor]: Zone=CLEAR
[image_processor-24] [INFO] [1776752983.764328920] [robot_3.image_processor]: Zone=CLEAR
[image_processor-23] [INFO] [1776752983.772227886] [robot_2.image_processor]: Zone=CLEAR
[image_processor-22] [INFO] [1776752983.781786389] [robot_1.image_processor]: Zone=CLEAR
[image_processor-25] [INFO] [1776752983.790309177] [robot_4.image_processor]: Zone=CLEAR
[image_processor-21] [INFO] [1776752986.256577265] [robot_0.image_processor]: Zone=CLEAR
[image_processor-24] [INFO] [1776752986.266167925] [robot_3.image_processor]: Zone=CLEAR
[image_processor-23] [INFO] [1776752986.274235899] [robot_2.image_processor]: Zone=CLEAR
[image_processor-22] [INFO] [1776752986.282218085] [robot_1.image_processor]: Zone=CLEAR
[image_processor-25] [INFO] [1776752986.291268139] [robot_4.image_processor]: Zone=CLEAR
[image_processor-21] [INFO] [1776752988.755756252] [robot_0.image_processor]: Zone=CLEAR
[image_processor-24] [INFO] [1776752988.763568710] [robot_3.image_processor]: Zone=CLEAR
[image_processor-23] [INFO] [1776752988.771324021] [robot_2.image_processor]: Zone=CLEAR
[image_processor-25] [INFO] [1776752988.789135392] [robot_4.image_processor]: Zone=CLEAR
[image_processor-22] [INFO] [1776752988.880559492] [robot_1.image_processor]: Zone=CLEAR
[image_processor-21] [INFO] [1776752991.257606945] [robot_0.image_processor]: Zone=CLEAR
[image_processor-24] [INFO] [1776752991.266289619] [robot_3.image_processor]: Zone=CLEAR
[image_processor-23] [INFO] [1776752991.274214779] [robot_2.image_processor]: Zone=CLEAR
[image_processor-22] [INFO] [1776752991.283831039] [robot_1.image_processor]: Zone=CLEAR
[image_processor-25] [INFO] [1776752991.291626232] [robot_4.image_processor]: Zone=CLEAR
[image_processor-21] [INFO] [1776752993.756935289] [robot_0.image_processor]: Zone=CLEAR
[image_processor-24] [INFO] [1776752993.765702562] [robot_3.image_processor]: Zone=CLEAR
[image_processor-23] [INFO] [1776752993.774768977] [robot_2.image_processor]: Zone=CLEAR
[image_processor-22] [INFO] [1776752993.782973405] [robot_1.image_processor]: Zone=CLEAR
[image_processor-25] [INFO] [1776752993.792200703] [robot_4.image_processor]: Zone=CLEAR
[image_processor-21] [INFO] [1776752996.257797900] [robot_0.image_processor]: Zone=CLEAR
[image_processor-24] [INFO] [1776752996.264679513] [robot_3.image_processor]: Zone=CLEAR
[image_processor-23] [INFO] [1776752996.274563204] [robot_2.image_processor]: Zone=CLEAR
[image_processor-22] [INFO] [1776752996.282847670] [robot_1.image_processor]: Zone=CLEAR
[image_processor-25] [INFO] [1776752996.291187662] [robot_4.image_processor]: Zone=CLEAR
[image_processor-21] [INFO] [1776752998.756413056] [robot_0.image_processor]: Zone=CLEAR
[image_processor-24] [INFO] [1776752998.763941079] [robot_3.image_processor]: Zone=CLEAR
[image_processor-23] [INFO] [1776752998.773175046] [robot_2.image_processor]: Zone=CLEAR
[image_processor-22] [INFO] [1776752998.782350584] [robot_1.image_processor]: Zone=CLEAR
[image_processor-25] [INFO] [1776752998.790593532] [robot_4.image_processor]: Zone=CLEAR
[image_processor-21] [INFO] [1776753001.256288351] [robot_0.image_processor]: Zone=CLEAR
[image_processor-24] [INFO] [1776753001.264799053] [robot_3.image_processor]: Zone=CLEAR
[image_processor-23] [INFO] [1776753001.272271453] [robot_2.image_processor]: Zone=CLEAR
[image_processor-22] [INFO] [1776753001.280807927] [robot_1.image_processor]: Zone=CLEAR
[image_processor-25] [INFO] [1776753001.289316823] [robot_4.image_processor]: Zone=CLEAR
[image_processor-21] [INFO] [1776753003.756502782] [robot_0.image_processor]: Zone=CLEAR
[image_processor-24] [INFO] [1776753003.764857870] [robot_3.image_processor]: Zone=CLEAR
[image_processor-23] [INFO] [1776753003.773637339] [robot_2.image_processor]: Zone=CLEAR
[image_processor-22] [INFO] [1776753003.782510340] [robot_1.image_processor]: Zone=CLEAR
[image_processor-25] [INFO] [1776753003.790964223] [robot_4.image_processor]: Zone=CLEAR
[image_processor-21] [INFO] [1776753006.255287298] [robot_0.image_processor]: Zone=CLEAR
[image_processor-24] [INFO] [1776753006.263724967] [robot_3.image_processor]: Zone=CLEAR
[image_processor-23] [INFO] [1776753006.270849588] [robot_2.image_processor]: Zone=CLEAR
[image_processor-22] [INFO] [1776753006.279128960] [robot_1.image_processor]: Zone=CLEAR
[image_processor-25] [INFO] [1776753006.286960352] [robot_4.image_processor]: Zone=CLEAR
[image_processor-21] [INFO] [1776753008.754499543] [robot_0.image_processor]: Zone=CLEAR
[image_processor-24] [INFO] [1776753008.763922318] [robot_3.image_processor]: Zone=CLEAR
[image_processor-23] [INFO] [1776753008.771804973] [robot_2.image_processor]: Zone=CLEAR
[image_processor-22] [INFO] [1776753008.779329809] [robot_1.image_processor]: Zone=CLEAR
[image_processor-25] [INFO] [1776753008.787245038] [robot_4.image_processor]: Zone=CLEAR
[image_processor-21] [INFO] [1776753011.255485794] [robot_0.image_processor]: Zone=CLEAR
[image_processor-24] [INFO] [1776753011.262905902] [robot_3.image_processor]: Zone=CLEAR
[image_processor-23] [INFO] [1776753011.272596533] [robot_2.image_processor]: Zone=CLEAR
[image_processor-22] [INFO] [1776753011.281089627] [robot_1.image_processor]: Zone=CLEAR
[image_processor-25] [INFO] [1776753011.288630605] [robot_4.image_processor]: Zone=CLEAR
[image_processor-21] [INFO] [1776753013.755191489] [robot_0.image_processor]: Zone=CLEAR
[image_processor-24] [INFO] [1776753013.762715415] [robot_3.image_processor]: Zone=CLEAR
[image_processor-23] [INFO] [1776753013.772448270] [robot_2.image_processor]: Zone=CLEAR
[image_processor-22] [INFO] [1776753013.784071054] [robot_1.image_processor]: Zone=CLEAR
[image_processor-25] [INFO] [1776753013.794585472] [robot_4.image_processor]: Zone=CLEAR
[image_processor-21] [INFO] [1776753016.255307111] [robot_0.image_processor]: Zone=CLEAR
[image_processor-24] [INFO] [1776753016.264248782] [robot_3.image_processor]: Zone=CLEAR
[image_processor-23] [INFO] [1776753016.271330137] [robot_2.image_processor]: Zone=CLEAR
[image_processor-22] [INFO] [1776753016.280263320] [robot_1.image_processor]: Zone=CLEAR
[image_processor-25] [INFO] [1776753016.288877929] [robot_4.image_processor]: Zone=CLEAR
[image_processor-21] [INFO] [1776753018.756107682] [robot_0.image_processor]: Zone=CLEAR
[image_processor-24] [INFO] [1776753018.764466536] [robot_3.image_processor]: Zone=CLEAR
[image_processor-23] [INFO] [1776753018.772946943] [robot_2.image_processor]: Zone=CLEAR
[image_processor-22] [INFO] [1776753018.780499870] [robot_1.image_processor]: Zone=CLEAR
[image_processor-25] [INFO] [1776753018.789337761] [robot_4.image_processor]: Zone=CLEAR
[image_processor-21] [INFO] [1776753021.255219193] [robot_0.image_processor]: Zone=CLEAR
[image_processor-24] [INFO] [1776753021.263507694] [robot_3.image_processor]: Zone=CLEAR
[image_processor-23] [INFO] [1776753021.275782688] [robot_2.image_processor]: Zone=CLEAR
[image_processor-22] [INFO] [1776753021.283911547] [robot_1.image_processor]: Zone=CLEAR
[image_processor-25] [INFO] [1776753021.290843047] [robot_4.image_processor]: Zone=CLEAR
[image_processor-21] [INFO] [1776753023.756082656] [robot_0.image_processor]: Zone=CLEAR
[image_processor-24] [INFO] [1776753023.764008077] [robot_3.image_processor]: Zone=CLEAR
[image_processor-23] [INFO] [1776753023.771739086] [robot_2.image_processor]: Zone=CLEAR
[image_processor-22] [INFO] [1776753023.780579079] [robot_1.image_processor]: Zone=CLEAR
[image_processor-25] [INFO] [1776753023.788381996] [robot_4.image_processor]: Zone=CLEAR
[image_processor-21] [INFO] [1776753026.254907600] [robot_0.image_processor]: Zone=CLEAR
[image_processor-24] [INFO] [1776753026.263550565] [robot_3.image_processor]: Zone=CLEAR
[image_processor-23] [INFO] [1776753026.270675382] [robot_2.image_processor]: Zone=CLEAR
[image_processor-22] [INFO] [1776753026.279830573] [robot_1.image_processor]: Zone=CLEAR
[image_processor-25] [INFO] [1776753026.287756671] [robot_4.image_processor]: Zone=CLEAR
[image_processor-21] [INFO] [1776753028.755381294] [robot_0.image_processor]: Zone=CLEAR
[image_processor-24] [INFO] [1776753028.763807185] [robot_3.image_processor]: Zone=CLEAR
[image_processor-23] [INFO] [1776753028.772708021] [robot_2.image_processor]: Zone=CLEAR
[image_processor-22] [INFO] [1776753028.782250964] [robot_1.image_processor]: Zone=CLEAR
[image_processor-25] [INFO] [1776753028.791189393] [robot_4.image_processor]: Zone=CLEAR
[image_processor-21] [INFO] [1776753031.255523370] [robot_0.image_processor]: Zone=CLEAR
[image_processor-24] [INFO] [1776753031.264273204] [robot_3.image_processor]: Zone=CLEAR
[image_processor-23] [INFO] [1776753031.274092055] [robot_2.image_processor]: Zone=CLEAR
[image_processor-22] [INFO] [1776753031.282880592] [robot_1.image_processor]: Zone=CLEAR
[image_processor-25] [INFO] [1776753031.289812067] [robot_4.image_processor]: Zone=CLEAR
[image_processor-21] [INFO] [1776753033.757260430] [robot_0.image_processor]: Zone=CLEAR
[image_processor-24] [INFO] [1776753033.766527043] [robot_3.image_processor]: Zone=CLEAR
[image_processor-23] [INFO] [1776753033.776424374] [robot_2.image_processor]: Zone=CLEAR
[image_processor-22] [INFO] [1776753033.784225518] [robot_1.image_processor]: Zone=CLEAR
[image_processor-25] [INFO] [1776753033.793305606] [robot_4.image_processor]: Zone=CLEAR
[image_processor-21] [INFO] [1776753036.257706091] [robot_0.image_processor]: Zone=CLEAR
[image_processor-24] [INFO] [1776753036.266905429] [robot_3.image_processor]: Zone=CLEAR
[image_processor-23] [INFO] [1776753036.275043350] [robot_2.image_processor]: Zone=CLEAR
[image_processor-22] [INFO] [1776753036.284089648] [robot_1.image_processor]: Zone=CLEAR
[image_processor-25] [INFO] [1776753036.292507260] [robot_4.image_processor]: Zone=CLEAR
[image_processor-21] [INFO] [1776753038.756572419] [robot_0.image_processor]: Zone=CLEAR
[image_processor-24] [INFO] [1776753038.770822379] [robot_3.image_processor]: Zone=CLEAR
[image_processor-23] [INFO] [1776753038.781323424] [robot_2.image_processor]: Zone=CLEAR
[image_processor-22] [INFO] [1776753038.789291217] [robot_1.image_processor]: Zone=CLEAR
[image_processor-25] [INFO] [1776753038.797342208] [robot_4.image_processor]: Zone=CLEAR
[image_processor-21] [INFO] [1776753041.256400024] [robot_0.image_processor]: Zone=CLEAR
[image_processor-24] [INFO] [1776753041.263771338] [robot_3.image_processor]: Zone=CLEAR
[image_processor-23] [INFO] [1776753041.273800397] [robot_2.image_processor]: Zone=CLEAR
[image_processor-22] [INFO] [1776753041.282423105] [robot_1.image_processor]: Zone=CLEAR
[image_processor-25] [INFO] [1776753041.290515582] [robot_4.image_processor]: Zone=CLEAR
[image_processor-21] [INFO] [1776753043.756669645] [robot_0.image_processor]: Zone=CLEAR
[image_processor-24] [INFO] [1776753043.764889744] [robot_3.image_processor]: Zone=CLEAR
[image_processor-23] [INFO] [1776753043.774273857] [robot_2.image_processor]: Zone=CLEAR
[image_processor-22] [INFO] [1776753043.783992888] [robot_1.image_processor]: Zone=CLEAR
[image_processor-25] [INFO] [1776753043.791456778] [robot_4.image_processor]: Zone=CLEAR
[image_processor-21] [INFO] [1776753046.256390353] [robot_0.image_processor]: Zone=CLEAR
[image_processor-24] [INFO] [1776753046.265555938] [robot_3.image_processor]: Zone=CLEAR
[image_processor-23] [INFO] [1776753046.272781567] [robot_2.image_processor]: Zone=CLEAR
[image_processor-22] [INFO] [1776753046.280648400] [robot_1.image_processor]: Zone=CLEAR
[image_processor-25] [INFO] [1776753046.287825282] [robot_4.image_processor]: Zone=CLEAR
[image_processor-21] [INFO] [1776753048.756185455] [robot_0.image_processor]: Zone=CLEAR
[image_processor-24] [INFO] [1776753048.765289166] [robot_3.image_processor]: Zone=CLEAR
[image_processor-23] [INFO] [1776753048.775121406] [robot_2.image_processor]: Zone=CLEAR
[image_processor-22] [INFO] [1776753048.784425645] [robot_1.image_processor]: Zone=CLEAR
[image_processor-25] [INFO] [1776753048.791777029] [robot_4.image_processor]: Zone=CLEAR
[image_processor-21] [INFO] [1776753051.256843607] [robot_0.image_processor]: Zone=CLEAR
[image_processor-24] [INFO] [1776753051.264286252] [robot_3.image_processor]: Zone=CLEAR
[image_processor-23] [INFO] [1776753051.273916267] [robot_2.image_processor]: Zone=CLEAR
[image_processor-22] [INFO] [1776753051.281378514] [robot_1.image_processor]: Zone=CLEAR
[image_processor-25] [INFO] [1776753051.289199783] [robot_4.image_processor]: Zone=CLEAR
[image_processor-21] [INFO] [1776753053.759146296] [robot_0.image_processor]: Zone=CLEAR
[image_processor-24] [INFO] [1776753053.770095095] [robot_3.image_processor]: Zone=CLEAR
[image_processor-23] [INFO] [1776753053.777810536] [robot_2.image_processor]: Zone=CLEAR
[image_processor-22] [INFO] [1776753053.786614362] [robot_1.image_processor]: Zone=CLEAR
[image_processor-25] [INFO] [1776753053.794365311] [robot_4.image_processor]: Zone=CLEAR
[image_processor-21] [INFO] [1776753056.253990085] [robot_0.image_processor]: Zone=CLEAR
[image_processor-24] [INFO] [1776753056.266079406] [robot_3.image_processor]: Zone=CLEAR
[image_processor-23] [INFO] [1776753056.275449479] [robot_2.image_processor]: Zone=CLEAR
[image_processor-22] [INFO] [1776753056.283896572] [robot_1.image_processor]: Zone=CLEAR
[image_processor-25] [INFO] [1776753056.295127691] [robot_4.image_processor]: Zone=CLEAR
[image_processor-21] [INFO] [1776753058.755518865] [robot_0.image_processor]: Zone=CLEAR
[image_processor-24] [INFO] [1776753058.765021615] [robot_3.image_processor]: Zone=CLEAR
[image_processor-23] [INFO] [1776753058.774726117] [robot_2.image_processor]: Zone=CLEAR
[image_processor-22] [INFO] [1776753058.783156674] [robot_1.image_processor]: Zone=CLEAR
[image_processor-25] [INFO] [1776753058.791159111] [robot_4.image_processor]: Zone=CLEAR
[image_processor-21] [INFO] [1776753061.256397086] [robot_0.image_processor]: Zone=CLEAR
[image_processor-24] [INFO] [1776753061.264818134] [robot_3.image_processor]: Zone=CLEAR
[image_processor-23] [INFO] [1776753061.275456161] [robot_2.image_processor]: Zone=CLEAR
[image_processor-22] [INFO] [1776753061.283787524] [robot_1.image_processor]: Zone=CLEAR
[image_processor-25] [INFO] [1776753061.294199322] [robot_4.image_processor]: Zone=CLEAR
[image_processor-21] [INFO] [1776753063.756030420] [robot_0.image_processor]: Zone=CLEAR
[image_processor-24] [INFO] [1776753063.763987766] [robot_3.image_processor]: Zone=CLEAR
[image_processor-23] [INFO] [1776753063.772129984] [robot_2.image_processor]: Zone=CLEAR
[image_processor-22] [INFO] [1776753063.780549804] [robot_1.image_processor]: Zone=CLEAR
[image_processor-25] [INFO] [1776753063.789040148] [robot_4.image_processor]: Zone=CLEAR
[image_processor-21] [INFO] [1776753066.255881376] [robot_0.image_processor]: Zone=CLEAR
[image_processor-24] [INFO] [1776753066.263886169] [robot_3.image_processor]: Zone=CLEAR
[image_processor-23] [INFO] [1776753066.273686493] [robot_2.image_processor]: Zone=CLEAR
[image_processor-22] [INFO] [1776753066.282956814] [robot_1.image_processor]: Zone=CLEAR
[image_processor-25] [INFO] [1776753066.290602808] [robot_4.image_processor]: Zone=CLEAR
[image_processor-21] [INFO] [1776753068.756861737] [robot_0.image_processor]: Zone=CLEAR
[image_processor-24] [INFO] [1776753068.764418342] [robot_3.image_processor]: Zone=CLEAR
[image_processor-23] [INFO] [1776753068.773791075] [robot_2.image_processor]: Zone=CLEAR
[image_processor-22] [INFO] [1776753068.783123999] [robot_1.image_processor]: Zone=CLEAR
[image_processor-25] [INFO] [1776753068.791449041] [robot_4.image_processor]: Zone=CLEAR
[image_processor-21] [INFO] [1776753071.257360384] [robot_0.image_processor]: Zone=CLEAR
[image_processor-24] [INFO] [1776753071.265208379] [robot_3.image_processor]: Zone=CLEAR
[image_processor-23] [INFO] [1776753071.272857756] [robot_2.image_processor]: Zone=CLEAR
[image_processor-22] [INFO] [1776753071.285353928] [robot_1.image_processor]: Zone=CLEAR
[image_processor-25] [INFO] [1776753071.294672342] [robot_4.image_processor]: Zone=CLEAR
[image_processor-21] [INFO] [1776753073.756868582] [robot_0.image_processor]: Zone=CLEAR
[image_processor-24] [INFO] [1776753073.763614998] [robot_3.image_processor]: Zone=CLEAR
[image_processor-23] [INFO] [1776753073.771178982] [robot_2.image_processor]: Zone=CLEAR
[image_processor-22] [INFO] [1776753073.780111139] [robot_1.image_processor]: Zone=CLEAR
[image_processor-25] [INFO] [1776753073.787258258] [robot_4.image_processor]: Zone=CLEAR
[image_processor-21] [INFO] [1776753076.256461561] [robot_0.image_processor]: Zone=CLEAR
[image_processor-24] [INFO] [1776753076.264563432] [robot_3.image_processor]: Zone=CLEAR
[image_processor-23] [INFO] [1776753076.272697945] [robot_2.image_processor]: Zone=CLEAR
[image_processor-22] [INFO] [1776753076.281026571] [robot_1.image_processor]: Zone=CLEAR
[image_processor-25] [INFO] [1776753076.288656201] [robot_4.image_processor]: Zone=CLEAR
[image_processor-24] [INFO] [1776753078.764431769] [robot_3.image_processor]: Zone=CLEAR
[image_processor-23] [INFO] [1776753078.773110432] [robot_2.image_processor]: Zone=CLEAR
[image_processor-22] [INFO] [1776753078.781752926] [robot_1.image_processor]: Zone=CLEAR
[image_processor-25] [INFO] [1776753078.790704104] [robot_4.image_processor]: Zone=CLEAR
[image_processor-21] [INFO] [1776753078.857237874] [robot_0.image_processor]: Zone=CLEAR
[image_processor-21] [INFO] [1776753081.261350506] [robot_0.image_processor]: Zone=CLEAR
[image_processor-24] [INFO] [1776753081.270617906] [robot_3.image_processor]: Zone=CLEAR
[image_processor-23] [INFO] [1776753081.278504389] [robot_2.image_processor]: Zone=CLEAR
[image_processor-22] [INFO] [1776753081.286090419] [robot_1.image_processor]: Zone=CLEAR
[image_processor-25] [INFO] [1776753081.294046111] [robot_4.image_processor]: Zone=CLEAR
[INFO] [image_processor-25]: sending signal 'SIGINT' to process[image_processor-25]
[ERROR] [ign gazebo-1]: process has died [pid 207475, exit code -15, cmd 'ruby /usr/bin/ign gazebo /home/ecem/ros2_ws/install/swarm_basics/share/swarm_basics/worlds/random_world.sdf -s -r --force-version 6'].
[ERROR] [parameter_bridge-4]: process has died [pid 207482, exit code -15, cmd '/opt/ros/humble/lib/ros_ign_bridge/parameter_bridge /robot_0/cmd_vel@geometry_msgs/msg/Twist]ignition.msgs.Twist /robot_0/odom@nav_msgs/msg/Odometry[ignition.msgs.Odometry /robot_0/depth_camera/depth_image@sensor_msgs/msg/Image[ignition.msgs.Image /world/random_world/model/robot_0/link/robot_0/base_footprint/sensor/contact_sensor/contact@ros_gz_interfaces/msg/Contacts[ignition.msgs.Contacts /robot_1/cmd_vel@geometry_msgs/msg/Twist]ignition.msgs.Twist /robot_1/odom@nav_msgs/msg/Odometry[ignition.msgs.Odometry /robot_1/depth_camera/depth_image@sensor_msgs/msg/Image[ignition.msgs.Image /world/random_world/model/robot_1/link/robot_1/base_footprint/sensor/contact_sensor/contact@ros_gz_interfaces/msg/Contacts[ignition.msgs.Contacts /robot_2/cmd_vel@geometry_msgs/msg/Twist]ignition.msgs.Twist /robot_2/odom@nav_msgs/msg/Odometry[ignition.msgs.Odometry /robot_2/depth_camera/depth_image@sensor_msgs/msg/Image[ignition.msgs.Image /world/random_world/model/robot_2/link/robot_2/base_footprint/sensor/contact_sensor/contact@ros_gz_interfaces/msg/Contacts[ignition.msgs.Contacts /robot_3/cmd_vel@geometry_msgs/msg/Twist]ignition.msgs.Twist /robot_3/odom@nav_msgs/msg/Odometry[ignition.msgs.Odometry /robot_3/depth_camera/depth_image@sensor_msgs/msg/Image[ignition.msgs.Image /world/random_world/model/robot_3/link/robot_3/base_footprint/sensor/contact_sensor/contact@ros_gz_interfaces/msg/Contacts[ignition.msgs.Contacts /robot_4/cmd_vel@geometry_msgs/msg/Twist]ignition.msgs.Twist /robot_4/odom@nav_msgs/msg/Odometry[ignition.msgs.Odometry /robot_4/depth_camera/depth_image@sensor_msgs/msg/Image[ignition.msgs.Image /world/random_world/model/robot_4/link/robot_4/base_footprint/sensor/contact_sensor/contact@ros_gz_interfaces/msg/Contacts[ignition.msgs.Contacts /world/random_world/dynamic_pose/info@tf2_msgs/msg/TFMessage[ignition.msgs.Pose_V --ros-args -r __node:=all_robots_bridge --params-file /tmp/launch_params_4b0tb2w5'].
[INFO] [parameter_bridge-20]: process has finished cleanly [pid 207539]
[INFO] [image_processor-24]: sending signal 'SIGINT' to process[image_processor-24]
[INFO] [bash-26]: process started with pid [208039]
[INFO] [image_processor-23]: sending signal 'SIGINT' to process[image_processor-23]
[INFO] [image_processor-22]: sending signal 'SIGINT' to process[image_processor-22]
[INFO] [image_processor-21]: sending signal 'SIGINT' to process[image_processor-21]
[INFO] [robot_supervisor-19]: sending signal 'SIGINT' to process[robot_supervisor-19]
[INFO] [robot_state_publisher-17]: sending signal 'SIGINT' to process[robot_state_publisher-17]
[INFO] [robot_supervisor-16]: sending signal 'SIGINT' to process[robot_supervisor-16]
[INFO] [robot_state_publisher-14]: sending signal 'SIGINT' to process[robot_state_publisher-14]
[INFO] [robot_supervisor-13]: sending signal 'SIGINT' to process[robot_supervisor-13]
[INFO] [robot_state_publisher-11]: sending signal 'SIGINT' to process[robot_state_publisher-11]
[INFO] [robot_supervisor-10]: sending signal 'SIGINT' to process[robot_supervisor-10]
[INFO] [robot_state_publisher-8]: sending signal 'SIGINT' to process[robot_state_publisher-8]
[INFO] [robot_supervisor-7]: sending signal 'SIGINT' to process[robot_supervisor-7]
[INFO] [robot_state_publisher-5]: sending signal 'SIGINT' to process[robot_state_publisher-5]
[ERROR] [bash-26]: process has died [pid 208039, exit code -15, cmd 'bash -lc pkill -f parameter_bridge || true'].
[INFO] [bump_counter-3]: sending signal 'SIGINT' to process[bump_counter-3]
[INFO] [coverage_counter-2]: sending signal 'SIGINT' to process[coverage_counter-2]
[parameter_bridge-4] [INFO] [1776753083.377533132] [rclcpp]: signal_handler(SIGINT/SIGTERM)
[parameter_bridge-20] [INFO] [1776753083.377546778] [rclcpp]: signal_handler(SIGINT/SIGTERM)
[INFO] [launch]: process[ign gazebo-1] was required: shutting down launched system
[image_processor-25] [INFO] [1776753084.051407418] [rclcpp]: signal_handler(SIGINT/SIGTERM)
[image_processor-24] [INFO] [1776753084.053930344] [rclcpp]: signal_handler(SIGINT/SIGTERM)
[image_processor-23] [INFO] [1776753084.056047541] [rclcpp]: signal_handler(SIGINT/SIGTERM)
[image_processor-22] [INFO] [1776753084.058179856] [rclcpp]: signal_handler(SIGINT/SIGTERM)
[image_processor-21] [INFO] [1776753084.060346078] [rclcpp]: signal_handler(SIGINT/SIGTERM)
[robot_supervisor-19] Traceback (most recent call last):
[robot_supervisor-19]   File "/home/ecem/ros2_ws/install/swarm_basics/lib/swarm_basics/robot_supervisor", line 33, in <module>
[robot_supervisor-19]     sys.exit(load_entry_point('swarm-basics==0.0.0', 'console_scripts', 'robot_supervisor')())
[robot_supervisor-19]   File "/home/ecem/ros2_ws/install/swarm_basics/lib/python3.10/site-packages/swarm_basics/robot_supervisor.py", line 867, in main
[robot_supervisor-19]     rclpy.spin(node)
[robot_supervisor-19]   File "/opt/ros/humble/local/lib/python3.10/dist-packages/rclpy/__init__.py", line 229, in spin
[robot_supervisor-19]     executor.spin_once()
[robot_supervisor-19]   File "/opt/ros/humble/local/lib/python3.10/dist-packages/rclpy/executors.py", line 773, in spin_once
[robot_supervisor-19]     self._spin_once_impl(timeout_sec)
[robot_supervisor-19]   File "/opt/ros/humble/local/lib/python3.10/dist-packages/rclpy/executors.py", line 762, in _spin_once_impl
[robot_supervisor-19]     handler, entity, node = self.wait_for_ready_callbacks(timeout_sec=timeout_sec)
[robot_supervisor-19]   File "/opt/ros/humble/local/lib/python3.10/dist-packages/rclpy/executors.py", line 745, in wait_for_ready_callbacks
[robot_supervisor-19]     return next(self._cb_iter)
[robot_supervisor-19]   File "/opt/ros/humble/local/lib/python3.10/dist-packages/rclpy/executors.py", line 642, in _wait_for_ready_callbacks
[robot_supervisor-19]     wait_set.wait(timeout_nsec)
[robot_supervisor-19] KeyboardInterrupt
[robot_state_publisher-17] [INFO] [1776753084.067726732] [rclcpp]: signal_handler(SIGINT/SIGTERM)
[robot_supervisor-16] Traceback (most recent call last):
[robot_supervisor-16]   File "/home/ecem/ros2_ws/install/swarm_basics/lib/swarm_basics/robot_supervisor", line 33, in <module>
[robot_supervisor-16]     sys.exit(load_entry_point('swarm-basics==0.0.0', 'console_scripts', 'robot_supervisor')())
[robot_supervisor-16]   File "/home/ecem/ros2_ws/install/swarm_basics/lib/python3.10/site-packages/swarm_basics/robot_supervisor.py", line 867, in main
[robot_supervisor-16]     rclpy.spin(node)
[robot_supervisor-16]   File "/opt/ros/humble/local/lib/python3.10/dist-packages/rclpy/__init__.py", line 229, in spin
[robot_supervisor-16]     executor.spin_once()
[robot_supervisor-16]   File "/opt/ros/humble/local/lib/python3.10/dist-packages/rclpy/executors.py", line 773, in spin_once
[robot_supervisor-16]     self._spin_once_impl(timeout_sec)
[robot_supervisor-16]   File "/opt/ros/humble/local/lib/python3.10/dist-packages/rclpy/executors.py", line 762, in _spin_once_impl
[robot_supervisor-16]     handler, entity, node = self.wait_for_ready_callbacks(timeout_sec=timeout_sec)
[robot_supervisor-16]   File "/opt/ros/humble/local/lib/python3.10/dist-packages/rclpy/executors.py", line 745, in wait_for_ready_callbacks
[robot_supervisor-16]     return next(self._cb_iter)
[robot_supervisor-16]   File "/opt/ros/humble/local/lib/python3.10/dist-packages/rclpy/executors.py", line 642, in _wait_for_ready_callbacks
[robot_supervisor-16]     wait_set.wait(timeout_nsec)
[robot_supervisor-16] KeyboardInterrupt
[robot_state_publisher-14] [INFO] [1776753084.071963477] [rclcpp]: signal_handler(SIGINT/SIGTERM)
[robot_supervisor-13] Traceback (most recent call last):
[robot_supervisor-13]   File "/home/ecem/ros2_ws/install/swarm_basics/lib/swarm_basics/robot_supervisor", line 33, in <module>
[robot_supervisor-13]     sys.exit(load_entry_point('swarm-basics==0.0.0', 'console_scripts', 'robot_supervisor')())
[robot_supervisor-13]   File "/home/ecem/ros2_ws/install/swarm_basics/lib/python3.10/site-packages/swarm_basics/robot_supervisor.py", line 867, in main
[robot_supervisor-13]     rclpy.spin(node)
[robot_supervisor-13]   File "/opt/ros/humble/local/lib/python3.10/dist-packages/rclpy/__init__.py", line 229, in spin
[robot_supervisor-13]     executor.spin_once()
[robot_supervisor-13]   File "/opt/ros/humble/local/lib/python3.10/dist-packages/rclpy/executors.py", line 773, in spin_once
[robot_supervisor-13]     self._spin_once_impl(timeout_sec)
[robot_supervisor-13]   File "/opt/ros/humble/local/lib/python3.10/dist-packages/rclpy/executors.py", line 762, in _spin_once_impl
[robot_supervisor-13]     handler, entity, node = self.wait_for_ready_callbacks(timeout_sec=timeout_sec)
[robot_supervisor-13]   File "/opt/ros/humble/local/lib/python3.10/dist-packages/rclpy/executors.py", line 745, in wait_for_ready_callbacks
[robot_supervisor-13]     return next(self._cb_iter)
[robot_supervisor-13]   File "/opt/ros/humble/local/lib/python3.10/dist-packages/rclpy/executors.py", line 642, in _wait_for_ready_callbacks
[robot_supervisor-13]     wait_set.wait(timeout_nsec)
[robot_supervisor-13] KeyboardInterrupt
[robot_state_publisher-11] [INFO] [1776753084.076440326] [rclcpp]: signal_handler(SIGINT/SIGTERM)
[robot_supervisor-10] Traceback (most recent call last):
[robot_supervisor-10]   File "/home/ecem/ros2_ws/install/swarm_basics/lib/swarm_basics/robot_supervisor", line 33, in <module>
[robot_supervisor-10]     sys.exit(load_entry_point('swarm-basics==0.0.0', 'console_scripts', 'robot_supervisor')())
[robot_supervisor-10]   File "/home/ecem/ros2_ws/install/swarm_basics/lib/python3.10/site-packages/swarm_basics/robot_supervisor.py", line 867, in main
[robot_supervisor-10]     rclpy.spin(node)
[robot_supervisor-10]   File "/opt/ros/humble/local/lib/python3.10/dist-packages/rclpy/__init__.py", line 229, in spin
[robot_supervisor-10]     executor.spin_once()
[robot_supervisor-10]   File "/opt/ros/humble/local/lib/python3.10/dist-packages/rclpy/executors.py", line 773, in spin_once
[robot_supervisor-10]     self._spin_once_impl(timeout_sec)
[robot_supervisor-10]   File "/opt/ros/humble/local/lib/python3.10/dist-packages/rclpy/executors.py", line 762, in _spin_once_impl
[robot_supervisor-10]     handler, entity, node = self.wait_for_ready_callbacks(timeout_sec=timeout_sec)
[robot_supervisor-10]   File "/opt/ros/humble/local/lib/python3.10/dist-packages/rclpy/executors.py", line 745, in wait_for_ready_callbacks
[robot_supervisor-10]     return next(self._cb_iter)
[robot_supervisor-10]   File "/opt/ros/humble/local/lib/python3.10/dist-packages/rclpy/executors.py", line 642, in _wait_for_ready_callbacks
[robot_supervisor-10]     wait_set.wait(timeout_nsec)
[robot_supervisor-10] KeyboardInterrupt
[robot_state_publisher-8] [INFO] [1776753084.080796695] [rclcpp]: signal_handler(SIGINT/SIGTERM)
[robot_supervisor-7] Traceback (most recent call last):
[robot_supervisor-7]   File "/home/ecem/ros2_ws/install/swarm_basics/lib/swarm_basics/robot_supervisor", line 33, in <module>
[robot_supervisor-7]     sys.exit(load_entry_point('swarm-basics==0.0.0', 'console_scripts', 'robot_supervisor')())
[robot_supervisor-7]   File "/home/ecem/ros2_ws/install/swarm_basics/lib/python3.10/site-packages/swarm_basics/robot_supervisor.py", line 867, in main
[robot_supervisor-7]     rclpy.spin(node)
[robot_supervisor-7]   File "/opt/ros/humble/local/lib/python3.10/dist-packages/rclpy/__init__.py", line 229, in spin
[robot_supervisor-7]     executor.spin_once()
[robot_supervisor-7]   File "/opt/ros/humble/local/lib/python3.10/dist-packages/rclpy/executors.py", line 773, in spin_once
[robot_supervisor-7]     self._spin_once_impl(timeout_sec)
[robot_supervisor-7]   File "/opt/ros/humble/local/lib/python3.10/dist-packages/rclpy/executors.py", line 762, in _spin_once_impl
[robot_supervisor-7]     handler, entity, node = self.wait_for_ready_callbacks(timeout_sec=timeout_sec)
[robot_supervisor-7]   File "/opt/ros/humble/local/lib/python3.10/dist-packages/rclpy/executors.py", line 745, in wait_for_ready_callbacks
[robot_supervisor-7]     return next(self._cb_iter)
[robot_supervisor-7]   File "/opt/ros/humble/local/lib/python3.10/dist-packages/rclpy/executors.py", line 642, in _wait_for_ready_callbacks
[robot_supervisor-7]     wait_set.wait(timeout_nsec)
[robot_supervisor-7] KeyboardInterrupt
[robot_state_publisher-5] [INFO] [1776753084.085426226] [rclcpp]: signal_handler(SIGINT/SIGTERM)
[ERROR] [launch]: Caught exception in launch (see debug for traceback): ExecuteLocal action 'bash-27': executed more than once: <launch.actions.execute_process.ExecuteProcess object at 0x760bded84880>
[INFO] [image_processor-25]: process has finished cleanly [pid 207879]
[INFO] [image_processor-23]: process has finished cleanly [pid 207875]
[INFO] [image_processor-22]: process has finished cleanly [pid 207873]
[INFO] [image_processor-24]: process has finished cleanly [pid 207877]
[INFO] [image_processor-21]: process has finished cleanly [pid 207871]
[INFO] [robot_state_publisher-17]: process has finished cleanly [pid 207511]
[INFO] [robot_state_publisher-14]: process has finished cleanly [pid 207504]
[INFO] [robot_state_publisher-11]: process has finished cleanly [pid 207498]
[INFO] [robot_state_publisher-8]: process has finished cleanly [pid 207491]
[INFO] [robot_state_publisher-5]: process has finished cleanly [pid 207484]
[coverage_counter-2] Traceback (most recent call last):
[coverage_counter-2]   File "/home/ecem/ros2_ws/install/swarm_basics/lib/python3.10/site-packages/swarm_basics/coverage_counter.py", line 418, in main
[coverage_counter-2]     rclpy.spin(node)
[coverage_counter-2]   File "/opt/ros/humble/local/lib/python3.10/dist-packages/rclpy/__init__.py", line 229, in spin
[coverage_counter-2]     executor.spin_once()
[coverage_counter-2]   File "/opt/ros/humble/local/lib/python3.10/dist-packages/rclpy/executors.py", line 773, in spin_once
[coverage_counter-2]     self._spin_once_impl(timeout_sec)
[coverage_counter-2]   File "/opt/ros/humble/local/lib/python3.10/dist-packages/rclpy/executors.py", line 768, in _spin_once_impl
[coverage_counter-2]     handler()
[coverage_counter-2]   File "/opt/ros/humble/local/lib/python3.10/dist-packages/rclpy/task.py", line 254, in __call__
[coverage_counter-2]     self._handler.send(None)
[coverage_counter-2]   File "/opt/ros/humble/local/lib/python3.10/dist-packages/rclpy/executors.py", line 463, in handler
[coverage_counter-2]     await call_coroutine(entity, arg)
[coverage_counter-2]   File "/opt/ros/humble/local/lib/python3.10/dist-packages/rclpy/executors.py", line 371, in _execute_timer
[coverage_counter-2]     await await_or_execute(tmr.callback)
[coverage_counter-2]   File "/opt/ros/humble/local/lib/python3.10/dist-packages/rclpy/executors.py", line 107, in await_or_execute
[coverage_counter-2]     return callback(*args)
[coverage_counter-2]   File "/home/ecem/ros2_ws/install/swarm_basics/lib/python3.10/site-packages/swarm_basics/coverage_counter.py", line 152, in _on_timeout_timer
[coverage_counter-2]     self.shutdown_and_save()
[coverage_counter-2]   File "/home/ecem/ros2_ws/install/swarm_basics/lib/python3.10/site-packages/swarm_basics/coverage_counter.py", line 174, in shutdown_and_save
[coverage_counter-2]     rclpy.shutdown()
[coverage_counter-2]   File "/opt/ros/humble/local/lib/python3.10/dist-packages/rclpy/__init__.py", line 130, in shutdown
[coverage_counter-2]     _shutdown(context=context)
[coverage_counter-2]   File "/opt/ros/humble/local/lib/python3.10/dist-packages/rclpy/utilities.py", line 58, in shutdown
[coverage_counter-2]     return context.shutdown()
[coverage_counter-2]   File "/opt/ros/humble/local/lib/python3.10/dist-packages/rclpy/context.py", line 103, in shutdown
[coverage_counter-2]     self._call_on_shutdown_callbacks()
[coverage_counter-2]   File "/opt/ros/humble/local/lib/python3.10/dist-packages/rclpy/context.py", line 92, in _call_on_shutdown_callbacks
[coverage_counter-2]     callback = weak_method()
[coverage_counter-2]   File "/opt/ros/humble/local/lib/python3.10/dist-packages/rclpy/__init__.py", line 111, in reset_executor
[coverage_counter-2]     __executor.shutdown()
[coverage_counter-2]   File "/opt/ros/humble/local/lib/python3.10/dist-packages/rclpy/executors.py", line 227, in shutdown
[coverage_counter-2]     if not self._work_tracker.wait(timeout_sec):
[coverage_counter-2]   File "/opt/ros/humble/local/lib/python3.10/dist-packages/rclpy/executors.py", line 94, in wait
[coverage_counter-2]     if not self._work_condition.wait_for(
[coverage_counter-2]   File "/usr/lib/python3.10/threading.py", line 355, in wait_for
[coverage_counter-2]     self.wait(waittime)
[coverage_counter-2]   File "/usr/lib/python3.10/threading.py", line 320, in wait
[coverage_counter-2]     waiter.acquire()
[coverage_counter-2] KeyboardInterrupt
[coverage_counter-2] 
[coverage_counter-2] During handling of the above exception, another exception occurred:
[coverage_counter-2] 
[coverage_counter-2] Traceback (most recent call last):
[coverage_counter-2]   File "/home/ecem/ros2_ws/install/swarm_basics/lib/swarm_basics/coverage_counter", line 33, in <module>
[coverage_counter-2]     sys.exit(load_entry_point('swarm-basics==0.0.0', 'console_scripts', 'coverage_counter')())
[coverage_counter-2]   File "/home/ecem/ros2_ws/install/swarm_basics/lib/python3.10/site-packages/swarm_basics/coverage_counter.py", line 421, in main
[coverage_counter-2]     node.shutdown_and_save()
[coverage_counter-2]   File "/home/ecem/ros2_ws/install/swarm_basics/lib/python3.10/site-packages/swarm_basics/coverage_counter.py", line 174, in shutdown_and_save
[coverage_counter-2]     rclpy.shutdown()
[coverage_counter-2]   File "/opt/ros/humble/local/lib/python3.10/dist-packages/rclpy/__init__.py", line 130, in shutdown
[coverage_counter-2]     _shutdown(context=context)
[coverage_counter-2]   File "/opt/ros/humble/local/lib/python3.10/dist-packages/rclpy/utilities.py", line 58, in shutdown
[coverage_counter-2]     return context.shutdown()
[coverage_counter-2]   File "/opt/ros/humble/local/lib/python3.10/dist-packages/rclpy/context.py", line 100, in shutdown
[coverage_counter-2]     raise RuntimeError('Context must be initialized before it can be shutdown')
[coverage_counter-2] RuntimeError: Context must be initialized before it can be shutdown
[bump_counter-3] Traceback (most recent call last):
[bump_counter-3]   File "/home/ecem/ros2_ws/install/swarm_basics/lib/swarm_basics/bump_counter", line 33, in <module>
[bump_counter-3]     sys.exit(load_entry_point('swarm-basics==0.0.0', 'console_scripts', 'bump_counter')())
[bump_counter-3]   File "/home/ecem/ros2_ws/install/swarm_basics/lib/python3.10/site-packages/swarm_basics/bump_counter.py", line 384, in main
[bump_counter-3]     rclpy.shutdown()
[bump_counter-3]   File "/opt/ros/humble/local/lib/python3.10/dist-packages/rclpy/__init__.py", line 130, in shutdown
[bump_counter-3]     _shutdown(context=context)
[bump_counter-3]   File "/opt/ros/humble/local/lib/python3.10/dist-packages/rclpy/utilities.py", line 58, in shutdown
[bump_counter-3]     return context.shutdown()
[bump_counter-3]   File "/opt/ros/humble/local/lib/python3.10/dist-packages/rclpy/context.py", line 102, in shutdown
[bump_counter-3]     self.__context.shutdown()
[bump_counter-3] rclpy._rclpy_pybind11.RCLError: failed to shutdown: rcl_shutdown already called on the given context, at ./src/rcl/init.c:241
[ERROR] [coverage_counter-2]: process has died [pid 207478, exit code 1, cmd '/home/ecem/ros2_ws/install/swarm_basics/lib/swarm_basics/coverage_counter --ros-args -r __node:=coverage_counter --params-file /tmp/launch_params_smuiga9a --params-file /tmp/launch_params_9f6qljae --params-file /tmp/launch_params_hdkoarl2 --params-file /tmp/launch_params_y4vnjecd --params-file /tmp/launch_params_jnr1fc7a --params-file /tmp/launch_params_x67qypll'].
[ERROR] [bump_counter-3]: process has died [pid 207480, exit code 1, cmd '/home/ecem/ros2_ws/install/swarm_basics/lib/swarm_basics/bump_counter --ros-args -r __node:=bump_counter --params-file /tmp/launch_params_uqix_3nh --params-file /tmp/launch_params_n32gq4qz --params-file /tmp/launch_params_7nlgc7c3'].
[ERROR] [robot_supervisor-10]: process has died [pid 207496, exit code -2, cmd '/home/ecem/ros2_ws/install/swarm_basics/lib/swarm_basics/robot_supervisor --ros-args -r __node:=robot_supervisor -r __ns:=/robot_1 --params-file /tmp/launch_params__cgxvppu --params-file /tmp/launch_params_7l_9q3w0 --params-file /tmp/launch_params_flhotp7d --params-file /tmp/launch_params_bi07b4h3'].
[ERROR] [robot_supervisor-19]: process has died [pid 207535, exit code -2, cmd '/home/ecem/ros2_ws/install/swarm_basics/lib/swarm_basics/robot_supervisor --ros-args -r __node:=robot_supervisor -r __ns:=/robot_4 --params-file /tmp/launch_params_t4ncgqj7 --params-file /tmp/launch_params_7z4g73i4 --params-file /tmp/launch_params_8tdychxi --params-file /tmp/launch_params_sf6d0vzs'].
[ERROR] [robot_supervisor-16]: process has died [pid 207509, exit code -2, cmd '/home/ecem/ros2_ws/install/swarm_basics/lib/swarm_basics/robot_supervisor --ros-args -r __node:=robot_supervisor -r __ns:=/robot_3 --params-file /tmp/launch_params_guez4gtp --params-file /tmp/launch_params_0c2z4hl9 --params-file /tmp/launch_params_s_k8uc86 --params-file /tmp/launch_params_wlek14yl'].
[ERROR] [robot_supervisor-13]: process has died [pid 207502, exit code -2, cmd '/home/ecem/ros2_ws/install/swarm_basics/lib/swarm_basics/robot_supervisor --ros-args -r __node:=robot_supervisor -r __ns:=/robot_2 --params-file /tmp/launch_params_orzikovg --params-file /tmp/launch_params_p714cari --params-file /tmp/launch_params_x7pkj07s --params-file /tmp/launch_params_eesyqlka'].
[ERROR] [robot_supervisor-7]: process has died [pid 207489, exit code -2, cmd '/home/ecem/ros2_ws/install/swarm_basics/lib/swarm_basics/robot_supervisor --ros-args -r __node:=robot_supervisor -r __ns:=/robot_0 --params-file /tmp/launch_params_cllo5s4t --params-file /tmp/launch_params_14kzeekl --params-file /tmp/launch_params_0i09gaiv --params-file /tmp/launch_params_uuke9mps'].
