[0.025s] Invoking command in '/home/ecem/ros2_ws/src/Leo_sct/build/leo_gz_plugins': CMAKE_PREFIX_PATH=${CMAKE_PREFIX_PATH}:/home/ecem/ros2_ws/install/swarm_basics:/opt/ros/humble /usr/bin/cmake /home/ecem/ros2_ws/src/Leo_sct/leo_simulator-ros2/leo_gz_plugins -DCMAKE_INSTALL_PREFIX=/home/ecem/ros2_ws/src/Leo_sct/install/leo_gz_plugins
[0.089s] -- The C compiler identification is GNU 11.4.0
[0.141s] -- The CXX compiler identification is GNU 11.4.0
[0.147s] -- Detecting C compiler ABI info
[0.199s] -- Detecting C compiler ABI info - done
[0.204s] -- Check for working C compiler: /usr/bin/cc - skipped
[0.204s] -- Detecting C compile features
[0.204s] -- Detecting C compile features - done
[0.206s] -- Detecting CXX compiler ABI info
[0.261s] -- Detecting CXX compiler ABI info - done
[0.267s] -- Check for working CXX compiler: /usr/bin/c++ - skipped
[0.267s] -- Detecting CXX compile features
[0.267s] -- Detecting CXX compile features - done
[0.269s] -- Found ament_cmake: 1.3.12 (/opt/ros/humble/share/ament_cmake/cmake)
[0.395s] -- Found Python3: /usr/bin/python3 (found version "3.10.12") found components: Interpreter 
[0.477s] -- Looking for ignition-plugin1 -- found version 1.4.0
[0.486s] -- Searching for dependencies of ignition-plugin1
[0.487s] -- Searching for <ignition-plugin1> component [register]
[0.490s] -- Looking for ignition-plugin1-register -- found version 1.4.0
[0.491s] -- Searching for dependencies of ignition-plugin1-register
[0.499s] -- Looking for ignition-gazebo6 -- found version 6.17.1
[0.499s] -- Searching for dependencies of ignition-gazebo6
[0.503s] -- Looking for sdformat12 -- found version 12.9.0
[0.503s] -- Searching for dependencies of sdformat12
[0.509s] -- Checking for module 'tinyxml2'
[0.523s] --   Found tinyxml2, version 9.0.0
[0.554s] -- Looking for ignition-math6 -- found version 6.15.1
[0.554s] -- Searching for dependencies of ignition-math6
[0.556s] -- Looking for ignition-utils1 -- found version 1.5.1
[0.558s] -- Searching for dependencies of ignition-utils1
[0.558s] -- Looking for ignition-plugin1 -- found version 1.4.0
[0.558s] -- Searching for dependencies of ignition-plugin1
[0.558s] -- Searching for <ignition-plugin1> component [loader]
[0.560s] -- Looking for ignition-plugin1-loader -- found version 1.4.0
[0.560s] -- Searching for dependencies of ignition-plugin1-loader
[0.561s] -- Searching for <ignition-plugin1> component [register]
[0.565s] -- Looking for ignition-transport11 -- found version 11.4.2
[0.565s] -- Searching for dependencies of ignition-transport11
[0.695s] -- Found Protobuf: /usr/lib/x86_64-linux-gnu/libprotobuf.so (found version "3.12.4") 
[0.709s] -- Config-file not installed for ZeroMQ -- checking for pkg-config
[0.713s] -- Checking for module 'libzmq >= 4'
[0.730s] --   Found libzmq , version 4.3.4
[0.761s] -- Found ZeroMQ: TRUE (Required is at least version "4") 
[0.766s] -- Checking for module 'uuid'
[0.777s] --   Found uuid, version 2.37.2
[0.802s] -- Found UUID: TRUE  
[0.802s] -- Looking for ignition-utils1 -- found version 1.5.1
[0.802s] -- Searching for dependencies of ignition-utils1
[0.802s] -- Searching for <ignition-utils1> component [cli]
[0.804s] -- Looking for ignition-utils1-cli -- found version 1.5.1
[0.805s] -- Searching for dependencies of ignition-utils1-cli
[0.807s] -- Looking for ignition-msgs8 -- found version 8.7.0
[0.807s] -- Searching for dependencies of ignition-msgs8
[0.820s] -- Found Protobuf: /usr/lib/x86_64-linux-gnu/libprotobuf.so (found suitable version "3.12.4", minimum required is "3") 
[0.821s] -- Looking for ignition-math6 -- found version 6.15.1
[0.833s] -- Searching for <ignition-transport11> component [log]
[0.835s] -- Looking for ignition-transport11-log -- found version 11.4.2
[0.835s] -- Searching for dependencies of ignition-transport11-log
[0.837s] -- Searching for <ignition-transport11> component [parameters]
[0.838s] -- Looking for ignition-transport11-parameters -- found version 11.4.2
[0.839s] -- Searching for dependencies of ignition-transport11-parameters
[0.840s] -- Looking for ignition-msgs8 -- found version 8.7.0
[0.843s] -- Looking for ignition-common4 -- found version 4.8.0
[0.843s] -- Searching for dependencies of ignition-common4
[0.844s] -- Looking for dlfcn.h - found
[0.844s] -- Looking for libdl - found
[0.845s] -- Found DL: TRUE  
[0.851s] -- Searching for <ignition-common4> component [profiler]
[0.853s] -- Looking for ignition-common4-profiler -- found version 4.8.0
[0.853s] -- Searching for dependencies of ignition-common4-profiler
[0.854s] -- Searching for <ignition-common4> component [events]
[0.856s] -- Looking for ignition-common4-events -- found version 4.8.0
[0.856s] -- Searching for dependencies of ignition-common4-events
[0.856s] -- Looking for ignition-math6 -- found version 6.15.1
[0.857s] -- Searching for <ignition-common4> component [av]
[0.859s] -- Looking for ignition-common4-av -- found version 4.8.0
[0.859s] -- Searching for dependencies of ignition-common4-av
[0.864s] -- Checking for module 'libswscale'
[0.876s] --   Found libswscale, version 5.9.100
[0.913s] -- Found SWSCALE: TRUE  
[0.918s] -- Checking for module 'libavdevice >= 56.4.100'
[0.930s] --   Found libavdevice , version 58.13.100
[0.962s] -- Found AVDEVICE: TRUE (Required is at least version "56.4.100") 
[0.965s] -- Checking for module 'libavformat'
[0.977s] --   Found libavformat, version 58.76.100
[1.001s] -- Found AVFORMAT: TRUE  
[1.005s] -- Checking for module 'libavcodec'
[1.015s] --   Found libavcodec, version 58.134.100
[1.040s] -- Found AVCODEC: TRUE  
[1.044s] -- Checking for module 'libavutil'
[1.055s] --   Found libavutil, version 56.70.100
[1.082s] -- Found AVUTIL: TRUE  
[1.085s] -- Looking for ignition-fuel_tools7 -- found version 7.3.1
[1.085s] -- Searching for dependencies of ignition-fuel_tools7
[1.153s] -- Found CURL: /usr/lib/x86_64-linux-gnu/libcurl.so (found version "7.81.0")  
[1.161s] -- Checking for module 'jsoncpp'
[1.172s] --   Found jsoncpp, version 1.9.5
[1.196s] -- Found JSONCPP: TRUE  
[1.202s] -- Checking for module 'libzip'
[1.213s] --   Found libzip, version 1.7.3
[1.237s] -- Found ZIP: TRUE  
[1.237s] -- Looking for ignition-common4 -- found version 4.8.0
[1.237s] -- Looking for ignition-math6 -- found version 6.15.1
[1.237s] -- Looking for ignition-msgs8 -- found version 8.7.0
[1.240s] -- Looking for ignition-gui6 -- found version 6.9.0
[1.241s] -- Searching for dependencies of ignition-gui6
[1.255s] -- Found Protobuf: /usr/lib/x86_64-linux-gnu/libprotobuf.so (found version "3.12.4") 
[1.261s] -- Looking for ignition-math6 -- found version 6.15.1
[1.261s] -- Looking for ignition-common4 -- found version 4.8.0
[1.262s] -- Looking for ignition-plugin1 -- found version 1.4.0
[1.262s] -- Looking for ignition-transport11 -- found version 11.4.2
[1.264s] -- Looking for ignition-rendering6 -- found version 6.6.4
[1.264s] -- Searching for dependencies of ignition-rendering6
[1.265s] -- Looking for ignition-math6 -- found version 6.15.1
[1.266s] -- Searching for dependencies of ignition-math6
[1.266s] -- Searching for <ignition-math6> component [eigen3]
[1.267s] -- Looking for ignition-math6-eigen3 -- found version 6.15.1
[1.267s] -- Searching for dependencies of ignition-math6-eigen3
[1.273s] -- Looking for ignition-common4 -- found version 4.8.0
[1.273s] -- Searching for dependencies of ignition-common4
[1.274s] -- Looking for dlfcn.h - found
[1.274s] -- Looking for libdl - found
[1.281s] -- Searching for <ignition-common4> component [graphics]
[1.283s] -- Looking for ignition-common4-graphics -- found version 4.8.0
[1.283s] -- Searching for dependencies of ignition-common4-graphics
[1.283s] -- Looking for ignition-math6 -- found version 6.15.1
[1.283s] -- Looking for ignition-utils1 -- found version 1.5.1
[1.284s] -- Searching for <ignition-common4> component [events]
[1.284s] -- Looking for ignition-plugin1 -- found version 1.4.0
[1.285s] -- Searching for dependencies of ignition-plugin1
[1.285s] -- Searching for <ignition-plugin1> component [all]
[1.287s] -- Looking for all libraries of ignition-plugin1 -- found version 1.4.0
[1.287s] -- Looking for ignition-plugin1 -- found version 1.4.0
[1.290s] -- Looking for ignition-msgs8 -- found version 8.7.0
[1.312s] -- Looking for ignition-physics5 -- found version 5.4.0
[1.312s] -- Searching for dependencies of ignition-physics5
[1.312s] -- Looking for ignition-math6 -- found version 6.15.1
[1.312s] -- Looking for ignition-plugin1 -- found version 1.4.0
[1.312s] -- Looking for ignition-utils1 -- found version 1.5.1
[1.313s] -- Searching for <ignition-physics5> component [heightmap]
[1.315s] -- Looking for ignition-physics5-heightmap -- found version 5.4.0
[1.316s] -- Searching for dependencies of ignition-physics5-heightmap
[1.316s] -- Looking for ignition-common4 -- found version 4.8.0
[1.316s] -- Searching for <ignition-physics5> component [mesh]
[1.318s] -- Looking for ignition-physics5-mesh -- found version 5.4.0
[1.318s] -- Searching for dependencies of ignition-physics5-mesh
[1.319s] -- Looking for ignition-common4 -- found version 4.8.0
[1.319s] -- Searching for <ignition-physics5> component [sdf]
[1.321s] -- Looking for ignition-physics5-sdf -- found version 5.4.0
[1.321s] -- Searching for dependencies of ignition-physics5-sdf
[1.321s] -- Looking for sdformat12 -- found version 12.9.0
[1.325s] -- Looking for ignition-sensors6 -- found version 6.9.0
[1.325s] -- Searching for dependencies of ignition-sensors6
[1.338s] -- Looking for ignition-math6 -- found version 6.15.1
[1.338s] -- Looking for ignition-common4 -- found version 4.8.0
[1.338s] -- Looking for ignition-transport11 -- found version 11.4.2
[1.339s] -- Looking for ignition-rendering6 -- found version 6.6.4
[1.339s] -- Looking for ignition-msgs8 -- found version 8.7.0
[1.339s] -- Looking for sdformat12 -- found version 12.9.0
[1.340s] -- Searching for <ignition-sensors6> component [air_pressure]
[1.342s] -- Looking for ignition-sensors6-air_pressure -- found version 6.9.0
[1.342s] -- Searching for dependencies of ignition-sensors6-air_pressure
[1.343s] -- Searching for <ignition-sensors6> component [altimeter]
[1.345s] -- Looking for ignition-sensors6-altimeter -- found version 6.9.0
[1.345s] -- Searching for dependencies of ignition-sensors6-altimeter
[1.345s] -- Searching for <ignition-sensors6> component [imu]
[1.348s] -- Looking for ignition-sensors6-imu -- found version 6.9.0
[1.348s] -- Searching for dependencies of ignition-sensors6-imu
[1.348s] -- Searching for <ignition-sensors6> component [force_torque]
[1.351s] -- Looking for ignition-sensors6-force_torque -- found version 6.9.0
[1.351s] -- Searching for dependencies of ignition-sensors6-force_torque
[1.351s] -- Searching for <ignition-sensors6> component [logical_camera]
[1.353s] -- Looking for ignition-sensors6-logical_camera -- found version 6.9.0
[1.353s] -- Searching for dependencies of ignition-sensors6-logical_camera
[1.354s] -- Searching for <ignition-sensors6> component [magnetometer]
[1.356s] -- Looking for ignition-sensors6-magnetometer -- found version 6.9.0
[1.356s] -- Searching for dependencies of ignition-sensors6-magnetometer
[1.357s] -- Searching for <ignition-sensors6> component [navsat]
[1.358s] -- Looking for ignition-sensors6-navsat -- found version 6.9.0
[1.359s] -- Searching for dependencies of ignition-sensors6-navsat
[1.359s] -- Searching for <ignition-sensors6> component [rendering]
[1.361s] -- Looking for ignition-sensors6-rendering -- found version 6.9.0
[1.361s] -- Searching for dependencies of ignition-sensors6-rendering
[1.362s] -- Searching for <ignition-sensors6> component [lidar]
[1.364s] -- Looking for ignition-sensors6-lidar -- found version 6.9.0
[1.364s] -- Searching for dependencies of ignition-sensors6-lidar
[1.364s] -- Looking for ignition-sensors6 -- found version 6.9.0
[1.365s] -- Searching for <ignition-sensors6> component [gpu_lidar]
[1.367s] -- Looking for ignition-sensors6-gpu_lidar -- found version 6.9.0
[1.367s] -- Searching for dependencies of ignition-sensors6-gpu_lidar
[1.367s] -- Looking for ignition-sensors6 -- found version 6.9.0
[1.368s] -- Searching for <ignition-sensors6> component [camera]
[1.370s] -- Looking for ignition-sensors6-camera -- found version 6.9.0
[1.370s] -- Searching for dependencies of ignition-sensors6-camera
[1.370s] -- Looking for ignition-sensors6 -- found version 6.9.0
[1.371s] -- Searching for <ignition-sensors6> component [boundingbox_camera]
[1.373s] -- Looking for ignition-sensors6-boundingbox_camera -- found version 6.9.0
[1.373s] -- Searching for dependencies of ignition-sensors6-boundingbox_camera
[1.374s] -- Searching for <ignition-sensors6> component [segmentation_camera]
[1.376s] -- Looking for ignition-sensors6-segmentation_camera -- found version 6.9.0
[1.376s] -- Searching for dependencies of ignition-sensors6-segmentation_camera
[1.376s] -- Searching for <ignition-sensors6> component [depth_camera]
[1.378s] -- Looking for ignition-sensors6-depth_camera -- found version 6.9.0
[1.378s] -- Searching for dependencies of ignition-sensors6-depth_camera
[1.379s] -- Looking for ignition-sensors6 -- found version 6.9.0
[1.379s] -- Searching for <ignition-sensors6> component [rgbd_camera]
[1.381s] -- Looking for ignition-sensors6-rgbd_camera -- found version 6.9.0
[1.381s] -- Searching for dependencies of ignition-sensors6-rgbd_camera
[1.382s] -- Looking for ignition-sensors6 -- found version 6.9.0
[1.382s] -- Searching for <ignition-sensors6> component [thermal_camera]
[1.384s] -- Looking for ignition-sensors6-thermal_camera -- found version 6.9.0
[1.384s] -- Searching for dependencies of ignition-sensors6-thermal_camera
[1.384s] -- Looking for ignition-sensors6 -- found version 6.9.0
[1.385s] -- Looking for ignition-rendering6 -- found version 6.6.4
[1.386s] -- Looking for ignition-math6 -- found version 6.15.1
[1.388s] -- Looking for ignition-utils1 -- found version 1.5.1
[1.406s] -- Found ament_lint_auto: 0.12.14 (/opt/ros/humble/share/ament_lint_auto/cmake)
[1.504s] -- Added test 'copyright' to check source files copyright and LICENSE
[1.505s] -- Added test 'cpplint' to check C / C++ code against the Google style
[1.505s] -- Configured cpplint exclude dirs and/or files: 
[1.505s] -- Added test 'lint_cmake' to check CMake code style
[1.506s] -- Added test 'uncrustify' to check C / C++ code style
[1.506s] -- Configured uncrustify additional arguments: 
[1.506s] -- Added test 'xmllint' to check XML markup files
[1.507s] -- Configuring done
[1.517s] -- Generating done
[1.519s] -- Build files have been written to: /home/ecem/ros2_ws/src/Leo_sct/build/leo_gz_plugins
[1.530s] Invoked command in '/home/ecem/ros2_ws/src/Leo_sct/build/leo_gz_plugins' returned '0': CMAKE_PREFIX_PATH=${CMAKE_PREFIX_PATH}:/home/ecem/ros2_ws/install/swarm_basics:/opt/ros/humble /usr/bin/cmake /home/ecem/ros2_ws/src/Leo_sct/leo_simulator-ros2/leo_gz_plugins -DCMAKE_INSTALL_PREFIX=/home/ecem/ros2_ws/src/Leo_sct/install/leo_gz_plugins
[1.531s] Invoking command in '/home/ecem/ros2_ws/src/Leo_sct/build/leo_gz_plugins': CMAKE_PREFIX_PATH=${CMAKE_PREFIX_PATH}:/home/ecem/ros2_ws/install/swarm_basics:/opt/ros/humble /usr/bin/cmake --build /home/ecem/ros2_ws/src/Leo_sct/build/leo_gz_plugins -- -j22 -l22
[1.577s] [ 50%] [32mBuilding CXX object CMakeFiles/leo_gz_differential_plugin.dir/src/differential_system.cpp.o[0m
[11.318s] [100%] [32m[1mLinking CXX shared library libleo_gz_differential_plugin.so[0m
[11.766s] [100%] Built target leo_gz_differential_plugin
[11.777s] Invoked command in '/home/ecem/ros2_ws/src/Leo_sct/build/leo_gz_plugins' returned '0': CMAKE_PREFIX_PATH=${CMAKE_PREFIX_PATH}:/home/ecem/ros2_ws/install/swarm_basics:/opt/ros/humble /usr/bin/cmake --build /home/ecem/ros2_ws/src/Leo_sct/build/leo_gz_plugins -- -j22 -l22
[11.779s] Invoking command in '/home/ecem/ros2_ws/src/Leo_sct/build/leo_gz_plugins': CMAKE_PREFIX_PATH=${CMAKE_PREFIX_PATH}:/home/ecem/ros2_ws/install/swarm_basics:/opt/ros/humble /usr/bin/cmake --install /home/ecem/ros2_ws/src/Leo_sct/build/leo_gz_plugins
[11.783s] -- Install configuration: ""
[11.783s] -- Installing: /home/ecem/ros2_ws/src/Leo_sct/install/leo_gz_plugins/lib/libleo_gz_differential_plugin.so
[11.787s] -- Installing: /home/ecem/ros2_ws/src/Leo_sct/install/leo_gz_plugins/share/leo_gz_plugins/environment/gz_sim_system_plugin_path.sh
[11.787s] -- Installing: /home/ecem/ros2_ws/src/Leo_sct/install/leo_gz_plugins/share/leo_gz_plugins/environment/gz_sim_system_plugin_path.dsv
[11.787s] -- Installing: /home/ecem/ros2_ws/src/Leo_sct/install/leo_gz_plugins/share/ament_index/resource_index/package_run_dependencies/leo_gz_plugins
[11.787s] -- Installing: /home/ecem/ros2_ws/src/Leo_sct/install/leo_gz_plugins/share/ament_index/resource_index/parent_prefix_path/leo_gz_plugins
[11.787s] -- Installing: /home/ecem/ros2_ws/src/Leo_sct/install/leo_gz_plugins/share/leo_gz_plugins/environment/ament_prefix_path.sh
[11.787s] -- Installing: /home/ecem/ros2_ws/src/Leo_sct/install/leo_gz_plugins/share/leo_gz_plugins/environment/ament_prefix_path.dsv
[11.787s] -- Installing: /home/ecem/ros2_ws/src/Leo_sct/install/leo_gz_plugins/share/leo_gz_plugins/environment/path.sh
[11.787s] -- Installing: /home/ecem/ros2_ws/src/Leo_sct/install/leo_gz_plugins/share/leo_gz_plugins/environment/path.dsv
[11.787s] -- Installing: /home/ecem/ros2_ws/src/Leo_sct/install/leo_gz_plugins/share/leo_gz_plugins/local_setup.bash
[11.788s] -- Installing: /home/ecem/ros2_ws/src/Leo_sct/install/leo_gz_plugins/share/leo_gz_plugins/local_setup.sh
[11.788s] -- Installing: /home/ecem/ros2_ws/src/Leo_sct/install/leo_gz_plugins/share/leo_gz_plugins/local_setup.zsh
[11.788s] -- Installing: /home/ecem/ros2_ws/src/Leo_sct/install/leo_gz_plugins/share/leo_gz_plugins/local_setup.dsv
[11.788s] -- Installing: /home/ecem/ros2_ws/src/Leo_sct/install/leo_gz_plugins/share/leo_gz_plugins/package.dsv
[11.788s] -- Installing: /home/ecem/ros2_ws/src/Leo_sct/install/leo_gz_plugins/share/ament_index/resource_index/packages/leo_gz_plugins
[11.788s] -- Installing: /home/ecem/ros2_ws/src/Leo_sct/install/leo_gz_plugins/share/leo_gz_plugins/cmake/leo_gz_pluginsConfig.cmake
[11.788s] -- Installing: /home/ecem/ros2_ws/src/Leo_sct/install/leo_gz_plugins/share/leo_gz_plugins/cmake/leo_gz_pluginsConfig-version.cmake
[11.788s] -- Installing: /home/ecem/ros2_ws/src/Leo_sct/install/leo_gz_plugins/share/leo_gz_plugins/package.xml
[11.790s] Invoked command in '/home/ecem/ros2_ws/src/Leo_sct/build/leo_gz_plugins' returned '0': CMAKE_PREFIX_PATH=${CMAKE_PREFIX_PATH}:/home/ecem/ros2_ws/install/swarm_basics:/opt/ros/humble /usr/bin/cmake --install /home/ecem/ros2_ws/src/Leo_sct/build/leo_gz_plugins
