Starting >>> leo_image
Starting >>> swarm_basics
Finished <<< leo_image [0.21s]
Finished <<< swarm_basics [0.58s]

Summary: 2 packages finished [1.35s]
[INFO] [launch]: All log files can be found below /home/ecem/.ros/log/2026-04-18-02-08-45-010952-ecem-pc-483955
[INFO] [launch]: Default logging verbosity is set to INFO
[INFO] [ign gazebo-1]: process started with pid [484019]
[INFO] [coverage_counter-2]: process started with pid [484021]
[INFO] [bump_counter-3]: process started with pid [484024]
[INFO] [parameter_bridge-4]: process started with pid [484026]
[INFO] [robot_state_publisher-5]: process started with pid [484028]
[INFO] [create-6]: process started with pid [484030]
[INFO] [robot_supervisor-7]: process started with pid [484033]
[INFO] [robot_state_publisher-8]: process started with pid [484036]
[INFO] [create-9]: process started with pid [484038]
[INFO] [robot_supervisor-10]: process started with pid [484040]
[INFO] [robot_state_publisher-11]: process started with pid [484042]
[INFO] [create-12]: process started with pid [484044]
[INFO] [robot_supervisor-13]: process started with pid [484046]
[INFO] [robot_state_publisher-14]: process started with pid [484049]
[INFO] [create-15]: process started with pid [484051]
[INFO] [robot_supervisor-16]: process started with pid [484053]
[INFO] [robot_state_publisher-17]: process started with pid [484055]
[INFO] [create-18]: process started with pid [484063]
[INFO] [robot_supervisor-19]: process started with pid [484065]
[INFO] [parameter_bridge-20]: process started with pid [484068]
[parameter_bridge-4] [ros_ign_bridge] is deprecated! Redirecting to use [ros_gz_bridge] instead!
[parameter_bridge-4] 
[create-15] [INFO] [1776470925.429057881] [robot_3.ros_gz_sim]: Requesting list of world names.
[create-12] [INFO] [1776470925.429240687] [robot_2.ros_gz_sim]: Requesting list of world names.
[create-9] [INFO] [1776470925.429332476] [robot_1.ros_gz_sim]: Requesting list of world names.
[create-6] [INFO] [1776470925.429864030] [robot_0.ros_gz_sim]: Requesting list of world names.
[parameter_bridge-4] [INFO] [1776470925.430692174] [all_robots_bridge]: Creating ROS->GZ Bridge: [/robot_0/cmd_vel (geometry_msgs/msg/Twist) -> /robot_0/cmd_vel (ignition.msgs.Twist)] (Lazy 0)
[parameter_bridge-4] [INFO] [1776470925.431737034] [all_robots_bridge]: Creating GZ->ROS Bridge: [/robot_0/odom (ignition.msgs.Odometry) -> /robot_0/odom (nav_msgs/msg/Odometry)] (Lazy 0)
[parameter_bridge-4] [INFO] [1776470925.432453860] [all_robots_bridge]: Creating GZ->ROS Bridge: [/robot_0/depth_camera/depth_image (ignition.msgs.Image) -> /robot_0/depth_camera/depth_image (sensor_msgs/msg/Image)] (Lazy 0)
[parameter_bridge-4] [INFO] [1776470925.433169603] [all_robots_bridge]: Creating GZ->ROS Bridge: [/world/random_world/model/robot_0/link/robot_0/base_footprint/sensor/contact_sensor/contact (ignition.msgs.Contacts) -> /world/random_world/model/robot_0/link/robot_0/base_footprint/sensor/contact_sensor/contact (ros_gz_interfaces/msg/Contacts)] (Lazy 0)
[parameter_bridge-4] [INFO] [1776470925.433856360] [all_robots_bridge]: Creating ROS->GZ Bridge: [/robot_1/cmd_vel (geometry_msgs/msg/Twist) -> /robot_1/cmd_vel (ignition.msgs.Twist)] (Lazy 0)
[parameter_bridge-4] [INFO] [1776470925.434189113] [all_robots_bridge]: Creating GZ->ROS Bridge: [/robot_1/odom (ignition.msgs.Odometry) -> /robot_1/odom (nav_msgs/msg/Odometry)] (Lazy 0)
[parameter_bridge-4] [INFO] [1776470925.434741294] [all_robots_bridge]: Creating GZ->ROS Bridge: [/robot_1/depth_camera/depth_image (ignition.msgs.Image) -> /robot_1/depth_camera/depth_image (sensor_msgs/msg/Image)] (Lazy 0)
[parameter_bridge-4] [INFO] [1776470925.435107571] [all_robots_bridge]: Creating GZ->ROS Bridge: [/world/random_world/model/robot_1/link/robot_1/base_footprint/sensor/contact_sensor/contact (ignition.msgs.Contacts) -> /world/random_world/model/robot_1/link/robot_1/base_footprint/sensor/contact_sensor/contact (ros_gz_interfaces/msg/Contacts)] (Lazy 0)
[parameter_bridge-4] [INFO] [1776470925.435558964] [all_robots_bridge]: Creating ROS->GZ Bridge: [/robot_2/cmd_vel (geometry_msgs/msg/Twist) -> /robot_2/cmd_vel (ignition.msgs.Twist)] (Lazy 0)
[parameter_bridge-4] [INFO] [1776470925.435893089] [all_robots_bridge]: Creating GZ->ROS Bridge: [/robot_2/odom (ignition.msgs.Odometry) -> /robot_2/odom (nav_msgs/msg/Odometry)] (Lazy 0)
[parameter_bridge-4] [INFO] [1776470925.436291650] [all_robots_bridge]: Creating GZ->ROS Bridge: [/robot_2/depth_camera/depth_image (ignition.msgs.Image) -> /robot_2/depth_camera/depth_image (sensor_msgs/msg/Image)] (Lazy 0)
[create-18] [INFO] [1776470925.438157531] [robot_4.ros_gz_sim]: Requesting list of world names.
[parameter_bridge-4] [INFO] [1776470925.438991752] [all_robots_bridge]: Creating GZ->ROS Bridge: [/world/random_world/model/robot_2/link/robot_2/base_footprint/sensor/contact_sensor/contact (ignition.msgs.Contacts) -> /world/random_world/model/robot_2/link/robot_2/base_footprint/sensor/contact_sensor/contact (ros_gz_interfaces/msg/Contacts)] (Lazy 0)
[parameter_bridge-4] [INFO] [1776470925.443102582] [all_robots_bridge]: Creating ROS->GZ Bridge: [/robot_3/cmd_vel (geometry_msgs/msg/Twist) -> /robot_3/cmd_vel (ignition.msgs.Twist)] (Lazy 0)
[parameter_bridge-4] [INFO] [1776470925.443837823] [all_robots_bridge]: Creating GZ->ROS Bridge: [/robot_3/odom (ignition.msgs.Odometry) -> /robot_3/odom (nav_msgs/msg/Odometry)] (Lazy 0)
[parameter_bridge-4] [INFO] [1776470925.445064243] [all_robots_bridge]: Creating GZ->ROS Bridge: [/robot_3/depth_camera/depth_image (ignition.msgs.Image) -> /robot_3/depth_camera/depth_image (sensor_msgs/msg/Image)] (Lazy 0)
[parameter_bridge-4] [INFO] [1776470925.446301279] [all_robots_bridge]: Creating GZ->ROS Bridge: [/world/random_world/model/robot_3/link/robot_3/base_footprint/sensor/contact_sensor/contact (ignition.msgs.Contacts) -> /world/random_world/model/robot_3/link/robot_3/base_footprint/sensor/contact_sensor/contact (ros_gz_interfaces/msg/Contacts)] (Lazy 0)
[parameter_bridge-4] [INFO] [1776470925.447029911] [all_robots_bridge]: Creating ROS->GZ Bridge: [/robot_4/cmd_vel (geometry_msgs/msg/Twist) -> /robot_4/cmd_vel (ignition.msgs.Twist)] (Lazy 0)
[parameter_bridge-4] [INFO] [1776470925.447640577] [all_robots_bridge]: Creating GZ->ROS Bridge: [/robot_4/odom (ignition.msgs.Odometry) -> /robot_4/odom (nav_msgs/msg/Odometry)] (Lazy 0)
[parameter_bridge-4] [INFO] [1776470925.449609499] [all_robots_bridge]: Creating GZ->ROS Bridge: [/robot_4/depth_camera/depth_image (ignition.msgs.Image) -> /robot_4/depth_camera/depth_image (sensor_msgs/msg/Image)] (Lazy 0)
[parameter_bridge-4] [INFO] [1776470925.450413248] [all_robots_bridge]: Creating GZ->ROS Bridge: [/world/random_world/model/robot_4/link/robot_4/base_footprint/sensor/contact_sensor/contact (ignition.msgs.Contacts) -> /world/random_world/model/robot_4/link/robot_4/base_footprint/sensor/contact_sensor/contact (ros_gz_interfaces/msg/Contacts)] (Lazy 0)
[parameter_bridge-4] [INFO] [1776470925.451419648] [all_robots_bridge]: Creating GZ->ROS Bridge: [/world/random_world/dynamic_pose/info (ignition.msgs.Pose_V) -> /world/random_world/dynamic_pose/info (tf2_msgs/msg/TFMessage)] (Lazy 0)
[robot_state_publisher-14] [INFO] [1776470925.453258231] [robot_3.robot_state_publisher]: got segment robot_3/antenna_link
[robot_state_publisher-14] [INFO] [1776470925.453458209] [robot_3.robot_state_publisher]: got segment robot_3/base_footprint
[robot_state_publisher-14] [INFO] [1776470925.453481951] [robot_3.robot_state_publisher]: got segment robot_3/base_link
[robot_state_publisher-14] [INFO] [1776470925.453492604] [robot_3.robot_state_publisher]: got segment robot_3/realsense_link
[robot_state_publisher-14] [INFO] [1776470925.453501239] [robot_3.robot_state_publisher]: got segment robot_3/rocker_L_link
[robot_state_publisher-14] [INFO] [1776470925.453685767] [robot_3.robot_state_publisher]: got segment robot_3/rocker_R_link
[robot_state_publisher-14] [INFO] [1776470925.453706752] [robot_3.robot_state_publisher]: got segment robot_3/wheel_FL_link
[robot_state_publisher-14] [INFO] [1776470925.453717023] [robot_3.robot_state_publisher]: got segment robot_3/wheel_FR_link
[robot_state_publisher-14] [INFO] [1776470925.453724981] [robot_3.robot_state_publisher]: got segment robot_3/wheel_RL_link
[robot_state_publisher-14] [INFO] [1776470925.453732586] [robot_3.robot_state_publisher]: got segment robot_3/wheel_RR_link
[robot_state_publisher-5] [INFO] [1776470925.453927959] [robot_0.robot_state_publisher]: got segment robot_0/antenna_link
[robot_state_publisher-5] [INFO] [1776470925.454037415] [robot_0.robot_state_publisher]: got segment robot_0/base_footprint
[robot_state_publisher-5] [INFO] [1776470925.454051664] [robot_0.robot_state_publisher]: got segment robot_0/base_link
[robot_state_publisher-5] [INFO] [1776470925.454061384] [robot_0.robot_state_publisher]: got segment robot_0/realsense_link
[robot_state_publisher-5] [INFO] [1776470925.454069604] [robot_0.robot_state_publisher]: got segment robot_0/rocker_L_link
[robot_state_publisher-5] [INFO] [1776470925.454077633] [robot_0.robot_state_publisher]: got segment robot_0/rocker_R_link
[robot_state_publisher-5] [INFO] [1776470925.454085579] [robot_0.robot_state_publisher]: got segment robot_0/wheel_FL_link
[robot_state_publisher-5] [INFO] [1776470925.454093160] [robot_0.robot_state_publisher]: got segment robot_0/wheel_FR_link
[robot_state_publisher-5] [INFO] [1776470925.454100409] [robot_0.robot_state_publisher]: got segment robot_0/wheel_RL_link
[robot_state_publisher-5] [INFO] [1776470925.454107722] [robot_0.robot_state_publisher]: got segment robot_0/wheel_RR_link
[robot_state_publisher-8] [INFO] [1776470925.454650238] [robot_1.robot_state_publisher]: got segment robot_1/antenna_link
[robot_state_publisher-8] [INFO] [1776470925.454761972] [robot_1.robot_state_publisher]: got segment robot_1/base_footprint
[robot_state_publisher-8] [INFO] [1776470925.454777017] [robot_1.robot_state_publisher]: got segment robot_1/base_link
[robot_state_publisher-8] [INFO] [1776470925.454786225] [robot_1.robot_state_publisher]: got segment robot_1/realsense_link
[robot_state_publisher-8] [INFO] [1776470925.454794390] [robot_1.robot_state_publisher]: got segment robot_1/rocker_L_link
[robot_state_publisher-8] [INFO] [1776470925.454801999] [robot_1.robot_state_publisher]: got segment robot_1/rocker_R_link
[robot_state_publisher-8] [INFO] [1776470925.454809809] [robot_1.robot_state_publisher]: got segment robot_1/wheel_FL_link
[robot_state_publisher-8] [INFO] [1776470925.454817653] [robot_1.robot_state_publisher]: got segment robot_1/wheel_FR_link
[robot_state_publisher-8] [INFO] [1776470925.454825721] [robot_1.robot_state_publisher]: got segment robot_1/wheel_RL_link
[robot_state_publisher-8] [INFO] [1776470925.454833087] [robot_1.robot_state_publisher]: got segment robot_1/wheel_RR_link
[parameter_bridge-20] [INFO] [1776470925.462196445] [clock_bridge]: Creating GZ->ROS Bridge: [/clock (ignition.msgs.Clock) -> /clock (rosgraph_msgs/msg/Clock)] (Lazy 0)
[robot_state_publisher-17] [INFO] [1776470925.464186193] [robot_4.robot_state_publisher]: got segment robot_4/antenna_link
[robot_state_publisher-17] [INFO] [1776470925.464253273] [robot_4.robot_state_publisher]: got segment robot_4/base_footprint
[robot_state_publisher-17] [INFO] [1776470925.464259091] [robot_4.robot_state_publisher]: got segment robot_4/base_link
[robot_state_publisher-17] [INFO] [1776470925.464262199] [robot_4.robot_state_publisher]: got segment robot_4/realsense_link
[robot_state_publisher-17] [INFO] [1776470925.464264947] [robot_4.robot_state_publisher]: got segment robot_4/rocker_L_link
[robot_state_publisher-17] [INFO] [1776470925.464267783] [robot_4.robot_state_publisher]: got segment robot_4/rocker_R_link
[robot_state_publisher-17] [INFO] [1776470925.464270415] [robot_4.robot_state_publisher]: got segment robot_4/wheel_FL_link
[robot_state_publisher-17] [INFO] [1776470925.464273138] [robot_4.robot_state_publisher]: got segment robot_4/wheel_FR_link
[robot_state_publisher-17] [INFO] [1776470925.464275922] [robot_4.robot_state_publisher]: got segment robot_4/wheel_RL_link
[robot_state_publisher-17] [INFO] [1776470925.464278689] [robot_4.robot_state_publisher]: got segment robot_4/wheel_RR_link
[robot_state_publisher-11] [INFO] [1776470925.467368365] [robot_2.robot_state_publisher]: got segment robot_2/antenna_link
[robot_state_publisher-11] [INFO] [1776470925.467424755] [robot_2.robot_state_publisher]: got segment robot_2/base_footprint
[robot_state_publisher-11] [INFO] [1776470925.467430141] [robot_2.robot_state_publisher]: got segment robot_2/base_link
[robot_state_publisher-11] [INFO] [1776470925.467433448] [robot_2.robot_state_publisher]: got segment robot_2/realsense_link
[robot_state_publisher-11] [INFO] [1776470925.467436249] [robot_2.robot_state_publisher]: got segment robot_2/rocker_L_link
[robot_state_publisher-11] [INFO] [1776470925.467438845] [robot_2.robot_state_publisher]: got segment robot_2/rocker_R_link
[robot_state_publisher-11] [INFO] [1776470925.467441374] [robot_2.robot_state_publisher]: got segment robot_2/wheel_FL_link
[robot_state_publisher-11] [INFO] [1776470925.467443978] [robot_2.robot_state_publisher]: got segment robot_2/wheel_FR_link
[robot_state_publisher-11] [INFO] [1776470925.467446678] [robot_2.robot_state_publisher]: got segment robot_2/wheel_RL_link
[robot_state_publisher-11] [INFO] [1776470925.467449301] [robot_2.robot_state_publisher]: got segment robot_2/wheel_RR_link
[bump_counter-3] [INFO] [1776470925.613755601] [bump_counter]: [global] global_mode=True cooldown(robot)=0.80s cooldown(obs)=0.50s Logging to /home/ecem/ros2_ws/src/Leo_sct/results_exp/explore/vague/prompt_2/run_2/spread/trial_2/run_20260418_020845/bumps_global_020845.csv
[robot_supervisor-7] [INFO] [1776470925.795805967] [robot_0.robot_supervisor]: Loaded initial mission 'explore' from explicit YAML explore_sup_gpt_vague_2_run_2_94.yaml
[robot_supervisor-10] [INFO] [1776470925.808314363] [robot_1.robot_supervisor]: Loaded initial mission 'explore' from explicit YAML explore_sup_gpt_vague_2_run_2_94.yaml
[robot_supervisor-13] [INFO] [1776470925.852194686] [robot_2.robot_supervisor]: Loaded initial mission 'explore' from explicit YAML explore_sup_gpt_vague_2_run_2_94.yaml
[robot_supervisor-16] [INFO] [1776470925.862662454] [robot_3.robot_supervisor]: Loaded initial mission 'explore' from explicit YAML explore_sup_gpt_vague_2_run_2_94.yaml
[robot_supervisor-19] [INFO] [1776470925.862684668] [robot_4.robot_supervisor]: Loaded initial mission 'explore' from explicit YAML explore_sup_gpt_vague_2_run_2_94.yaml
[robot_supervisor-7] [INFO] [1776470925.899582698] [robot_0.robot_supervisor]: Selected controllable event: EV_random_walk
[parameter_bridge-4] [INFO] [1776470925.899923295] [all_robots_bridge]: Passing message from ROS geometry_msgs/msg/Twist to Gazebo gz.msgs.Twist (showing msg only once per type)
[robot_supervisor-10] [INFO] [1776470925.912550880] [robot_1.robot_supervisor]: Selected controllable event: EV_random_walk
[robot_supervisor-13] [INFO] [1776470925.956547350] [robot_2.robot_supervisor]: Selected controllable event: EV_random_walk
[create-9] [INFO] [1776470925.957027888] [robot_1.ros_gz_sim]: Waiting messages on topic [/robot_1/robot_description].
[robot_supervisor-19] [INFO] [1776470925.966453813] [robot_4.robot_supervisor]: Selected controllable event: EV_random_walk
[robot_supervisor-16] [INFO] [1776470925.966746729] [robot_3.robot_supervisor]: Selected controllable event: EV_random_walk
[create-12] [INFO] [1776470926.056862807] [robot_2.ros_gz_sim]: Waiting messages on topic [/robot_2/robot_description].
[create-18] [INFO] [1776470926.157753429] [robot_4.ros_gz_sim]: Waiting messages on topic [/robot_4/robot_description].
[robot_supervisor-7] [INFO] [1776470926.199591319] [robot_0.robot_supervisor]: Selected controllable event: EV_random_walk
[robot_supervisor-10] [INFO] [1776470926.212615166] [robot_1.robot_supervisor]: Selected controllable event: EV_random_walk
[robot_supervisor-13] [INFO] [1776470926.256725509] [robot_2.robot_supervisor]: Selected controllable event: EV_random_walk
[create-6] [INFO] [1776470926.257636493] [robot_0.ros_gz_sim]: Waiting messages on topic [/robot_0/robot_description].
[robot_supervisor-19] [INFO] [1776470926.266446346] [robot_4.robot_supervisor]: Selected controllable event: EV_random_walk
[robot_supervisor-16] [INFO] [1776470926.266740847] [robot_3.robot_supervisor]: Selected controllable event: EV_random_walk
[create-18] [INFO] [1776470926.357118473] [robot_4.ros_gz_sim]: Requested creation of entity.
[create-18] [INFO] [1776470926.357161252] [robot_4.ros_gz_sim]: OK creation of entity.
[create-6] [INFO] [1776470926.357132244] [robot_0.ros_gz_sim]: Requested creation of entity.
[create-6] [INFO] [1776470926.357178063] [robot_0.ros_gz_sim]: OK creation of entity.
[create-12] [INFO] [1776470926.357283707] [robot_2.ros_gz_sim]: Requested creation of entity.
[create-12] [INFO] [1776470926.357334724] [robot_2.ros_gz_sim]: OK creation of entity.
[create-9] [INFO] [1776470926.357294925] [robot_1.ros_gz_sim]: Requested creation of entity.
[create-9] [INFO] [1776470926.357351196] [robot_1.ros_gz_sim]: OK creation of entity.
[create-15] [INFO] [1776470926.358422565] [robot_3.ros_gz_sim]: Waiting messages on topic [/robot_3/robot_description].
[create-15] [INFO] [1776470926.361394782] [robot_3.ros_gz_sim]: Requested creation of entity.
[create-15] [INFO] [1776470926.361433827] [robot_3.ros_gz_sim]: OK creation of entity.
[robot_supervisor-7] [INFO] [1776470926.499692050] [robot_0.robot_supervisor]: Selected controllable event: EV_move_forward
[robot_supervisor-10] [INFO] [1776470926.512484603] [robot_1.robot_supervisor]: Selected controllable event: EV_move_forward
[robot_supervisor-13] [INFO] [1776470926.556721762] [robot_2.robot_supervisor]: Selected controllable event: EV_move_forward
[INFO] [create-18]: process has finished cleanly [pid 484063]
[INFO] [create-6]: process has finished cleanly [pid 484030]
[robot_supervisor-19] [INFO] [1776470926.566521186] [robot_4.robot_supervisor]: Selected controllable event: EV_move_forward
[INFO] [create-9]: process has finished cleanly [pid 484038]
[INFO] [create-12]: process has finished cleanly [pid 484044]
[INFO] [create-15]: process has finished cleanly [pid 484051]
[robot_supervisor-16] [INFO] [1776470926.566803453] [robot_3.robot_supervisor]: Selected controllable event: EV_move_forward
[bump_counter-3] [INFO] [1776470926.667572715] [bump_counter]: [global] subscribed: /world/random_world/model/robot_0/link/robot_0/base_footprint/sensor/contact_sensor/contact
[bump_counter-3] [INFO] [1776470926.668169564] [bump_counter]: [global] subscribed: /world/random_world/model/robot_1/link/robot_1/base_footprint/sensor/contact_sensor/contact
[bump_counter-3] [INFO] [1776470926.668684650] [bump_counter]: [global] subscribed: /world/random_world/model/robot_2/link/robot_2/base_footprint/sensor/contact_sensor/contact
[bump_counter-3] [INFO] [1776470926.669170252] [bump_counter]: [global] subscribed: /world/random_world/model/robot_3/link/robot_3/base_footprint/sensor/contact_sensor/contact
[bump_counter-3] [INFO] [1776470926.671096896] [bump_counter]: [global] subscribed: /world/random_world/model/robot_4/link/robot_4/base_footprint/sensor/contact_sensor/contact
[INFO] [image_processor-21]: process started with pid [484415]
[INFO] [image_processor-22]: process started with pid [484417]
[INFO] [image_processor-23]: process started with pid [484419]
[INFO] [image_processor-24]: process started with pid [484421]
[INFO] [image_processor-25]: process started with pid [484423]
[image_processor-22] [INFO] [1776470927.451751289] [robot_1.image_processor]: image_processor: depth='/robot_1/depth_camera/depth_image' aruco_runtime=disabled
[image_processor-23] [INFO] [1776470927.452647740] [robot_2.image_processor]: image_processor: depth='/robot_2/depth_camera/depth_image' aruco_runtime=disabled
[image_processor-21] [INFO] [1776470927.453369953] [robot_0.image_processor]: image_processor: depth='/robot_0/depth_camera/depth_image' aruco_runtime=disabled
[image_processor-25] [INFO] [1776470927.463642963] [robot_4.image_processor]: image_processor: depth='/robot_4/depth_camera/depth_image' aruco_runtime=disabled
[image_processor-24] [INFO] [1776470927.465612564] [robot_3.image_processor]: image_processor: depth='/robot_3/depth_camera/depth_image' aruco_runtime=disabled
[image_processor-22] [INFO] [1776470930.825251188] [robot_1.image_processor]: Zone=CLEAR  left[p=1.667 near=0 v=7650]  front[p=3.100 near=0 v=12175]  right[p=2.607 near=0 v=7450]
[image_processor-23] [INFO] [1776470930.839894118] [robot_2.image_processor]: Zone=CLEAR  left[p=2.745 near=0 v=5011]  front[p=1.644 near=0 v=8425]  right[p=1.700 near=0 v=6986]
[image_processor-25] [INFO] [1776470930.854349805] [robot_4.image_processor]: Zone=CLEAR  left[p=3.196 near=0 v=6573]  front[p=2.953 near=0 v=9956]  right[p=2.658 near=0 v=5511]
[image_processor-21] [INFO] [1776470930.864192584] [robot_0.image_processor]: Zone=CLEAR  left[p=0.904 near=0 v=7650]  front[p=1.356 near=0 v=13500]  right[p=1.356 near=0 v=7740]
[image_processor-24] [INFO] [1776470930.872309923] [robot_3.image_processor]: Zone=CLEAR  left[p=1.102 near=0 v=7650]  front[p=1.719 near=0 v=13500]  right[p=2.172 near=0 v=7740]
[image_processor-23] [INFO] [1776470933.342496103] [robot_2.image_processor]: Zone=CLEAR
[image_processor-25] [INFO] [1776470933.356976328] [robot_4.image_processor]: Zone=CLEAR
[image_processor-21] [INFO] [1776470933.366595760] [robot_0.image_processor]: Zone=CLEAR
[image_processor-24] [INFO] [1776470933.375436573] [robot_3.image_processor]: Zone=CLEAR
[image_processor-22] [INFO] [1776470933.426276353] [robot_1.image_processor]: Zone=CLEAR
[image_processor-22] [INFO] [1776470935.822338359] [robot_1.image_processor]: Zone=CLEAR
[image_processor-23] [INFO] [1776470935.836773510] [robot_2.image_processor]: Zone=CLEAR
[image_processor-25] [INFO] [1776470935.852043079] [robot_4.image_processor]: Zone=CLEAR
[image_processor-21] [INFO] [1776470935.962067223] [robot_0.image_processor]: Zone=CLEAR
[image_processor-24] [INFO] [1776470935.970048991] [robot_3.image_processor]: Zone=CLEAR
[image_processor-22] [INFO] [1776470938.323684916] [robot_1.image_processor]: Zone=CLEAR
[image_processor-23] [INFO] [1776470938.336999115] [robot_2.image_processor]: Zone=CLEAR
[image_processor-25] [INFO] [1776470938.351552436] [robot_4.image_processor]: Zone=CLEAR
[image_processor-21] [INFO] [1776470938.360999870] [robot_0.image_processor]: Zone=CLEAR
[image_processor-24] [INFO] [1776470938.370119174] [robot_3.image_processor]: Zone=CLEAR
[image_processor-22] [INFO] [1776470940.822180355] [robot_1.image_processor]: Zone=CLEAR
[image_processor-23] [INFO] [1776470940.836577893] [robot_2.image_processor]: Zone=CLEAR
[image_processor-25] [INFO] [1776470940.850672221] [robot_4.image_processor]: Zone=CLEAR
[image_processor-21] [INFO] [1776470940.859611478] [robot_0.image_processor]: Zone=CLEAR
[image_processor-24] [INFO] [1776470940.869181949] [robot_3.image_processor]: Zone=CLEAR
[image_processor-22] [INFO] [1776470943.323061663] [robot_1.image_processor]: Zone=CLEAR
[image_processor-23] [INFO] [1776470943.339619268] [robot_2.image_processor]: Zone=CLEAR
[image_processor-25] [INFO] [1776470943.352598310] [robot_4.image_processor]: Zone=CLEAR
[image_processor-21] [INFO] [1776470943.360477514] [robot_0.image_processor]: Zone=CLEAR
[image_processor-24] [INFO] [1776470943.368603742] [robot_3.image_processor]: Zone=CLEAR
[image_processor-22] [INFO] [1776470945.822525131] [robot_1.image_processor]: Zone=CLEAR
[image_processor-23] [INFO] [1776470945.838381257] [robot_2.image_processor]: Zone=CLEAR
[image_processor-25] [INFO] [1776470945.852520088] [robot_4.image_processor]: Zone=CLEAR
[image_processor-21] [INFO] [1776470945.860168201] [robot_0.image_processor]: Zone=CLEAR
[image_processor-24] [INFO] [1776470945.868934572] [robot_3.image_processor]: Zone=CLEAR
[image_processor-22] [INFO] [1776470948.323503187] [robot_1.image_processor]: Zone=CLEAR
[image_processor-23] [INFO] [1776470948.338807918] [robot_2.image_processor]: Zone=CLEAR
[image_processor-25] [INFO] [1776470948.353126992] [robot_4.image_processor]: Zone=CLEAR
[image_processor-21] [INFO] [1776470948.362349723] [robot_0.image_processor]: Zone=CLEAR
[image_processor-24] [INFO] [1776470948.369787852] [robot_3.image_processor]: Zone=CLEAR
[image_processor-22] [INFO] [1776470950.823809699] [robot_1.image_processor]: Zone=CLEAR
[image_processor-23] [INFO] [1776470950.837664369] [robot_2.image_processor]: Zone=CLEAR
[image_processor-25] [INFO] [1776470950.852438543] [robot_4.image_processor]: Zone=CLEAR
[image_processor-21] [INFO] [1776470950.860556955] [robot_0.image_processor]: Zone=CLEAR
[image_processor-24] [INFO] [1776470950.869272682] [robot_3.image_processor]: Zone=CLEAR
[image_processor-22] [INFO] [1776470953.323024056] [robot_1.image_processor]: Zone=CLEAR
[image_processor-23] [INFO] [1776470953.337784901] [robot_2.image_processor]: Zone=CLEAR
[image_processor-25] [INFO] [1776470953.350711830] [robot_4.image_processor]: Zone=CLEAR
[image_processor-21] [INFO] [1776470953.359824070] [robot_0.image_processor]: Zone=CLEAR
[image_processor-24] [INFO] [1776470953.367373738] [robot_3.image_processor]: Zone=CLEAR
[image_processor-22] [INFO] [1776470955.822969623] [robot_1.image_processor]: Zone=CLEAR
[image_processor-23] [INFO] [1776470955.837147527] [robot_2.image_processor]: Zone=CLEAR
[image_processor-25] [INFO] [1776470955.851192856] [robot_4.image_processor]: Zone=CLEAR
[image_processor-21] [INFO] [1776470955.858289184] [robot_0.image_processor]: Zone=CLEAR
[image_processor-24] [INFO] [1776470955.868104565] [robot_3.image_processor]: Zone=CLEAR
[image_processor-22] [INFO] [1776470958.323268895] [robot_1.image_processor]: Zone=CLEAR
[image_processor-23] [INFO] [1776470958.337644948] [robot_2.image_processor]: Zone=CLEAR
[image_processor-25] [INFO] [1776470958.352503584] [robot_4.image_processor]: Zone=CLEAR
[image_processor-21] [INFO] [1776470958.360889800] [robot_0.image_processor]: Zone=CLEAR
[image_processor-24] [INFO] [1776470958.369910827] [robot_3.image_processor]: Zone=CLEAR
[image_processor-22] [INFO] [1776470960.823103656] [robot_1.image_processor]: Zone=CLEAR
[image_processor-23] [INFO] [1776470960.838234481] [robot_2.image_processor]: Zone=CLEAR
[image_processor-25] [INFO] [1776470960.853599457] [robot_4.image_processor]: Zone=CLEAR
[image_processor-21] [INFO] [1776470960.861595270] [robot_0.image_processor]: Zone=CLEAR
[image_processor-24] [INFO] [1776470960.870189287] [robot_3.image_processor]: Zone=CLEAR
[image_processor-22] [INFO] [1776470963.325806300] [robot_1.image_processor]: Zone=CLEAR
[image_processor-23] [INFO] [1776470963.341052974] [robot_2.image_processor]: Zone=CLEAR
[image_processor-25] [INFO] [1776470963.355596965] [robot_4.image_processor]: Zone=CLEAR
[image_processor-21] [INFO] [1776470963.365330253] [robot_0.image_processor]: Zone=CLEAR
[image_processor-24] [INFO] [1776470963.373222730] [robot_3.image_processor]: Zone=CLEAR
[image_processor-22] [INFO] [1776470965.821620440] [robot_1.image_processor]: Zone=CLEAR
[image_processor-23] [INFO] [1776470965.838564200] [robot_2.image_processor]: Zone=CLEAR
[image_processor-25] [INFO] [1776470965.855470604] [robot_4.image_processor]: Zone=CLEAR
[image_processor-21] [INFO] [1776470965.864375934] [robot_0.image_processor]: Zone=CLEAR
[image_processor-24] [INFO] [1776470965.872786838] [robot_3.image_processor]: Zone=CLEAR
[image_processor-22] [INFO] [1776470968.320827629] [robot_1.image_processor]: Zone=CLEAR
[image_processor-23] [INFO] [1776470968.335830726] [robot_2.image_processor]: Zone=CLEAR
[image_processor-25] [INFO] [1776470968.349692495] [robot_4.image_processor]: Zone=CLEAR
[image_processor-21] [INFO] [1776470968.358728531] [robot_0.image_processor]: Zone=CLEAR
[image_processor-24] [INFO] [1776470968.368149908] [robot_3.image_processor]: Zone=CLEAR
[image_processor-22] [INFO] [1776470970.822505226] [robot_1.image_processor]: Zone=CLEAR
[image_processor-23] [INFO] [1776470970.836243816] [robot_2.image_processor]: Zone=CLEAR
[image_processor-25] [INFO] [1776470970.850444389] [robot_4.image_processor]: Zone=CLEAR
[image_processor-21] [INFO] [1776470970.858807934] [robot_0.image_processor]: Zone=CLEAR
[image_processor-24] [INFO] [1776470970.867527846] [robot_3.image_processor]: Zone=CLEAR
[image_processor-22] [INFO] [1776470973.323576995] [robot_1.image_processor]: Zone=CLEAR
[image_processor-23] [INFO] [1776470973.338379966] [robot_2.image_processor]: Zone=CLEAR
[image_processor-25] [INFO] [1776470973.351789396] [robot_4.image_processor]: Zone=CLEAR
[image_processor-24] [INFO] [1776470973.369855285] [robot_3.image_processor]: Zone=CLEAR
[image_processor-21] [INFO] [1776470973.462912709] [robot_0.image_processor]: Zone=CLEAR
[image_processor-22] [INFO] [1776470975.822852581] [robot_1.image_processor]: Zone=CLEAR
[image_processor-23] [INFO] [1776470975.839070021] [robot_2.image_processor]: Zone=CLEAR
[image_processor-25] [INFO] [1776470975.854822348] [robot_4.image_processor]: Zone=CLEAR
[image_processor-21] [INFO] [1776470975.862662113] [robot_0.image_processor]: Zone=CLEAR
[image_processor-24] [INFO] [1776470975.873680546] [robot_3.image_processor]: Zone=CLEAR
[image_processor-22] [INFO] [1776470978.323672795] [robot_1.image_processor]: Zone=CLEAR
[image_processor-23] [INFO] [1776470978.338269779] [robot_2.image_processor]: Zone=CLEAR
[image_processor-25] [INFO] [1776470978.353454932] [robot_4.image_processor]: Zone=CLEAR
[image_processor-21] [INFO] [1776470978.362401020] [robot_0.image_processor]: Zone=CLEAR
[image_processor-24] [INFO] [1776470978.372589255] [robot_3.image_processor]: Zone=CLEAR
[image_processor-22] [INFO] [1776470980.827042383] [robot_1.image_processor]: Zone=CLEAR
[image_processor-23] [INFO] [1776470980.846676642] [robot_2.image_processor]: Zone=CLEAR
[image_processor-25] [INFO] [1776470980.860769337] [robot_4.image_processor]: Zone=CLEAR
[image_processor-21] [INFO] [1776470980.872226423] [robot_0.image_processor]: Zone=CLEAR
[image_processor-24] [INFO] [1776470980.880835160] [robot_3.image_processor]: Zone=CLEAR
[image_processor-22] [INFO] [1776470983.322000836] [robot_1.image_processor]: Zone=CLEAR
[image_processor-23] [INFO] [1776470983.336463112] [robot_2.image_processor]: Zone=CLEAR
[image_processor-25] [INFO] [1776470983.351512040] [robot_4.image_processor]: Zone=CLEAR
[image_processor-21] [INFO] [1776470983.360278981] [robot_0.image_processor]: Zone=CLEAR
[image_processor-24] [INFO] [1776470983.370195284] [robot_3.image_processor]: Zone=CLEAR
[image_processor-22] [INFO] [1776470985.823636498] [robot_1.image_processor]: Zone=CLEAR
[image_processor-23] [INFO] [1776470985.838052436] [robot_2.image_processor]: Zone=CLEAR
[image_processor-25] [INFO] [1776470985.852663726] [robot_4.image_processor]: Zone=CLEAR
[image_processor-21] [INFO] [1776470985.861006406] [robot_0.image_processor]: Zone=CLEAR
[image_processor-24] [INFO] [1776470985.869616779] [robot_3.image_processor]: Zone=CLEAR
[image_processor-22] [INFO] [1776470988.323282741] [robot_1.image_processor]: Zone=CLEAR
[image_processor-23] [INFO] [1776470988.336836889] [robot_2.image_processor]: Zone=CLEAR
[image_processor-25] [INFO] [1776470988.351072944] [robot_4.image_processor]: Zone=CLEAR
[image_processor-21] [INFO] [1776470988.359487021] [robot_0.image_processor]: Zone=CLEAR
[image_processor-24] [INFO] [1776470988.368791791] [robot_3.image_processor]: Zone=CLEAR
[image_processor-22] [INFO] [1776470990.823386650] [robot_1.image_processor]: Zone=CLEAR
[image_processor-23] [INFO] [1776470990.842814734] [robot_2.image_processor]: Zone=CLEAR
[image_processor-25] [INFO] [1776470990.860273841] [robot_4.image_processor]: Zone=CLEAR
[image_processor-21] [INFO] [1776470990.870624283] [robot_0.image_processor]: Zone=CLEAR
[image_processor-24] [INFO] [1776470990.878846270] [robot_3.image_processor]: Zone=CLEAR
[image_processor-22] [INFO] [1776470993.322775705] [robot_1.image_processor]: Zone=CLEAR
[image_processor-23] [INFO] [1776470993.337787789] [robot_2.image_processor]: Zone=CLEAR
[image_processor-25] [INFO] [1776470993.352158853] [robot_4.image_processor]: Zone=CLEAR
[image_processor-21] [INFO] [1776470993.360944456] [robot_0.image_processor]: Zone=CLEAR
[image_processor-24] [INFO] [1776470993.369144097] [robot_3.image_processor]: Zone=CLEAR
[image_processor-22] [INFO] [1776470995.822336016] [robot_1.image_processor]: Zone=CLEAR
[image_processor-23] [INFO] [1776470995.836994321] [robot_2.image_processor]: Zone=CLEAR
[image_processor-25] [INFO] [1776470995.852497582] [robot_4.image_processor]: Zone=CLEAR
[image_processor-21] [INFO] [1776470995.861277900] [robot_0.image_processor]: Zone=CLEAR
[image_processor-24] [INFO] [1776470995.868908165] [robot_3.image_processor]: Zone=CLEAR
[image_processor-22] [INFO] [1776470998.325470715] [robot_1.image_processor]: Zone=CLEAR
[image_processor-23] [INFO] [1776470998.339427707] [robot_2.image_processor]: Zone=CLEAR
[image_processor-25] [INFO] [1776470998.354280410] [robot_4.image_processor]: Zone=CLEAR
[image_processor-21] [INFO] [1776470998.361721028] [robot_0.image_processor]: Zone=CLEAR
[image_processor-24] [INFO] [1776470998.369849939] [robot_3.image_processor]: Zone=CLEAR
[image_processor-22] [INFO] [1776471000.823271208] [robot_1.image_processor]: Zone=CLEAR
[image_processor-23] [INFO] [1776471000.836470813] [robot_2.image_processor]: Zone=CLEAR
[image_processor-25] [INFO] [1776471000.851452924] [robot_4.image_processor]: Zone=CLEAR
[image_processor-24] [INFO] [1776471000.867071048] [robot_3.image_processor]: Zone=CLEAR
[image_processor-21] [INFO] [1776471000.960895543] [robot_0.image_processor]: Zone=CLEAR
[image_processor-22] [INFO] [1776471003.322439778] [robot_1.image_processor]: Zone=CLEAR
[image_processor-23] [INFO] [1776471003.336553633] [robot_2.image_processor]: Zone=CLEAR
[image_processor-25] [INFO] [1776471003.352754074] [robot_4.image_processor]: Zone=CLEAR
[image_processor-21] [INFO] [1776471003.361234934] [robot_0.image_processor]: Zone=CLEAR
[image_processor-24] [INFO] [1776471003.369736106] [robot_3.image_processor]: Zone=CLEAR
[image_processor-22] [INFO] [1776471005.824778213] [robot_1.image_processor]: Zone=CLEAR
[image_processor-23] [INFO] [1776471005.840578228] [robot_2.image_processor]: Zone=CLEAR
[image_processor-25] [INFO] [1776471005.854888009] [robot_4.image_processor]: Zone=CLEAR
[image_processor-21] [INFO] [1776471005.862503500] [robot_0.image_processor]: Zone=CLEAR
[image_processor-24] [INFO] [1776471005.871367860] [robot_3.image_processor]: Zone=CLEAR
[image_processor-22] [INFO] [1776471008.324067010] [robot_1.image_processor]: Zone=CLEAR
[image_processor-23] [INFO] [1776471008.337722708] [robot_2.image_processor]: Zone=CLEAR
[image_processor-25] [INFO] [1776471008.353060477] [robot_4.image_processor]: Zone=CLEAR
[image_processor-21] [INFO] [1776471008.361634305] [robot_0.image_processor]: Zone=CLEAR
[image_processor-24] [INFO] [1776471008.370221235] [robot_3.image_processor]: Zone=CLEAR
[image_processor-22] [INFO] [1776471010.823993779] [robot_1.image_processor]: Zone=CLEAR
[image_processor-23] [INFO] [1776471010.838460607] [robot_2.image_processor]: Zone=CLEAR
[image_processor-25] [INFO] [1776471010.852518146] [robot_4.image_processor]: Zone=CLEAR
[image_processor-21] [INFO] [1776471010.862007026] [robot_0.image_processor]: Zone=CLEAR
[image_processor-24] [INFO] [1776471010.871064152] [robot_3.image_processor]: Zone=CLEAR
[image_processor-22] [INFO] [1776471013.322577322] [robot_1.image_processor]: Zone=CLEAR
[image_processor-23] [INFO] [1776471013.337720426] [robot_2.image_processor]: Zone=CLEAR
[image_processor-21] [INFO] [1776471013.360477794] [robot_0.image_processor]: Zone=CLEAR
[image_processor-24] [INFO] [1776471013.368885731] [robot_3.image_processor]: Zone=CLEAR
[image_processor-25] [INFO] [1776471013.451742791] [robot_4.image_processor]: Zone=CLEAR
[image_processor-22] [INFO] [1776471015.823009830] [robot_1.image_processor]: Zone=CLEAR
[image_processor-23] [INFO] [1776471015.837256657] [robot_2.image_processor]: Zone=CLEAR
[image_processor-25] [INFO] [1776471015.851221242] [robot_4.image_processor]: Zone=CLEAR
[image_processor-21] [INFO] [1776471015.859821311] [robot_0.image_processor]: Zone=CLEAR
[image_processor-24] [INFO] [1776471015.868161611] [robot_3.image_processor]: Zone=CLEAR
[image_processor-22] [INFO] [1776471018.324052152] [robot_1.image_processor]: Zone=CLEAR
[image_processor-23] [INFO] [1776471018.338187529] [robot_2.image_processor]: Zone=CLEAR
[image_processor-25] [INFO] [1776471018.352329297] [robot_4.image_processor]: Zone=CLEAR
[image_processor-21] [INFO] [1776471018.360230023] [robot_0.image_processor]: Zone=CLEAR
[image_processor-24] [INFO] [1776471018.368887173] [robot_3.image_processor]: Zone=CLEAR
[image_processor-22] [INFO] [1776471020.823113683] [robot_1.image_processor]: Zone=CLEAR
[image_processor-23] [INFO] [1776471020.837761937] [robot_2.image_processor]: Zone=CLEAR
[image_processor-21] [INFO] [1776471020.860774282] [robot_0.image_processor]: Zone=CLEAR
[image_processor-24] [INFO] [1776471020.869296172] [robot_3.image_processor]: Zone=CLEAR
[image_processor-25] [INFO] [1776471020.953441119] [robot_4.image_processor]: Zone=CLEAR
[image_processor-22] [INFO] [1776471023.323162104] [robot_1.image_processor]: Zone=CLEAR
[image_processor-23] [INFO] [1776471023.337798086] [robot_2.image_processor]: Zone=CLEAR
[image_processor-25] [INFO] [1776471023.353434600] [robot_4.image_processor]: Zone=CLEAR
[image_processor-21] [INFO] [1776471023.362220542] [robot_0.image_processor]: Zone=CLEAR
[image_processor-24] [INFO] [1776471023.372080238] [robot_3.image_processor]: Zone=CLEAR
[image_processor-22] [INFO] [1776471025.821974372] [robot_1.image_processor]: Zone=CLEAR
[image_processor-23] [INFO] [1776471025.836956895] [robot_2.image_processor]: Zone=CLEAR
[image_processor-25] [INFO] [1776471025.851036458] [robot_4.image_processor]: Zone=CLEAR
[image_processor-21] [INFO] [1776471025.858726258] [robot_0.image_processor]: Zone=CLEAR
[image_processor-24] [INFO] [1776471025.866881601] [robot_3.image_processor]: Zone=CLEAR
[image_processor-22] [INFO] [1776471028.322378712] [robot_1.image_processor]: Zone=CLEAR
[image_processor-23] [INFO] [1776471028.336853959] [robot_2.image_processor]: Zone=CLEAR
[image_processor-25] [INFO] [1776471028.350890975] [robot_4.image_processor]: Zone=CLEAR
[image_processor-21] [INFO] [1776471028.360141934] [robot_0.image_processor]: Zone=CLEAR
[image_processor-24] [INFO] [1776471028.368442322] [robot_3.image_processor]: Zone=CLEAR
[image_processor-22] [INFO] [1776471030.822121790] [robot_1.image_processor]: Zone=CLEAR
[image_processor-23] [INFO] [1776471030.836356230] [robot_2.image_processor]: Zone=CLEAR
[image_processor-25] [INFO] [1776471030.850440411] [robot_4.image_processor]: Zone=CLEAR
[image_processor-21] [INFO] [1776471030.859244925] [robot_0.image_processor]: Zone=CLEAR
[image_processor-24] [INFO] [1776471030.866139952] [robot_3.image_processor]: Zone=CLEAR
[image_processor-21] [INFO] [1776471033.359867411] [robot_0.image_processor]: Zone=CLEAR
[image_processor-24] [INFO] [1776471033.368221012] [robot_3.image_processor]: Zone=CLEAR
[image_processor-22] [INFO] [1776471033.424005838] [robot_1.image_processor]: Zone=CLEAR
[image_processor-23] [INFO] [1776471033.437491840] [robot_2.image_processor]: Zone=CLEAR
[image_processor-25] [INFO] [1776471033.451914811] [robot_4.image_processor]: Zone=CLEAR
[image_processor-22] [INFO] [1776471035.822767214] [robot_1.image_processor]: Zone=CLEAR
[image_processor-23] [INFO] [1776471035.837122963] [robot_2.image_processor]: Zone=CLEAR
[image_processor-25] [INFO] [1776471035.851380577] [robot_4.image_processor]: Zone=CLEAR
[image_processor-21] [INFO] [1776471035.861362150] [robot_0.image_processor]: Zone=CLEAR
[image_processor-24] [INFO] [1776471035.869513130] [robot_3.image_processor]: Zone=CLEAR
[image_processor-22] [INFO] [1776471038.322365992] [robot_1.image_processor]: Zone=CLEAR
[image_processor-23] [INFO] [1776471038.337283871] [robot_2.image_processor]: Zone=CLEAR
[image_processor-25] [INFO] [1776471038.350888655] [robot_4.image_processor]: Zone=CLEAR
[image_processor-21] [INFO] [1776471038.359056034] [robot_0.image_processor]: Zone=CLEAR
[image_processor-24] [INFO] [1776471038.367641032] [robot_3.image_processor]: Zone=CLEAR
[image_processor-22] [INFO] [1776471040.822591131] [robot_1.image_processor]: Zone=CLEAR
[image_processor-23] [INFO] [1776471040.837093874] [robot_2.image_processor]: Zone=CLEAR
[image_processor-25] [INFO] [1776471040.850497076] [robot_4.image_processor]: Zone=CLEAR
[image_processor-21] [INFO] [1776471040.859251189] [robot_0.image_processor]: Zone=CLEAR
[image_processor-24] [INFO] [1776471040.867688285] [robot_3.image_processor]: Zone=CLEAR
[image_processor-22] [INFO] [1776471043.322038741] [robot_1.image_processor]: Zone=CLEAR
[image_processor-23] [INFO] [1776471043.336895358] [robot_2.image_processor]: Zone=CLEAR
[image_processor-25] [INFO] [1776471043.350892538] [robot_4.image_processor]: Zone=CLEAR
[image_processor-21] [INFO] [1776471043.359090824] [robot_0.image_processor]: Zone=CLEAR
[image_processor-24] [INFO] [1776471043.367039687] [robot_3.image_processor]: Zone=CLEAR
[image_processor-22] [INFO] [1776471045.822911365] [robot_1.image_processor]: Zone=CLEAR
[image_processor-23] [INFO] [1776471045.838353446] [robot_2.image_processor]: Zone=CLEAR
[image_processor-25] [INFO] [1776471045.852668074] [robot_4.image_processor]: Zone=CLEAR
[image_processor-21] [INFO] [1776471045.860511616] [robot_0.image_processor]: Zone=CLEAR
[image_processor-24] [INFO] [1776471045.869894420] [robot_3.image_processor]: Zone=CLEAR
[image_processor-22] [INFO] [1776471048.322710519] [robot_1.image_processor]: Zone=CLEAR
[image_processor-23] [INFO] [1776471048.336425975] [robot_2.image_processor]: Zone=CLEAR
[image_processor-25] [INFO] [1776471048.352774658] [robot_4.image_processor]: Zone=CLEAR
[image_processor-21] [INFO] [1776471048.362471403] [robot_0.image_processor]: Zone=CLEAR
[image_processor-24] [INFO] [1776471048.370005269] [robot_3.image_processor]: Zone=CLEAR
[image_processor-22] [INFO] [1776471050.822516171] [robot_1.image_processor]: Zone=CLEAR
[image_processor-23] [INFO] [1776471050.837056266] [robot_2.image_processor]: Zone=CLEAR
[image_processor-25] [INFO] [1776471050.851613904] [robot_4.image_processor]: Zone=CLEAR
[image_processor-21] [INFO] [1776471050.862995178] [robot_0.image_processor]: Zone=CLEAR
[image_processor-24] [INFO] [1776471050.870544987] [robot_3.image_processor]: Zone=CLEAR
[image_processor-22] [INFO] [1776471053.324112960] [robot_1.image_processor]: Zone=CLEAR
[image_processor-23] [INFO] [1776471053.339637758] [robot_2.image_processor]: Zone=CLEAR
[image_processor-25] [INFO] [1776471053.354267967] [robot_4.image_processor]: Zone=CLEAR
[image_processor-21] [INFO] [1776471053.364026501] [robot_0.image_processor]: Zone=CLEAR
[image_processor-24] [INFO] [1776471053.371666250] [robot_3.image_processor]: Zone=CLEAR
[image_processor-22] [INFO] [1776471055.823442926] [robot_1.image_processor]: Zone=CLEAR
[image_processor-23] [INFO] [1776471055.838395997] [robot_2.image_processor]: Zone=CLEAR
[image_processor-25] [INFO] [1776471055.852998650] [robot_4.image_processor]: Zone=CLEAR
[image_processor-21] [INFO] [1776471055.861473830] [robot_0.image_processor]: Zone=CLEAR
[image_processor-24] [INFO] [1776471055.870189334] [robot_3.image_processor]: Zone=CLEAR
[image_processor-22] [INFO] [1776471058.323966974] [robot_1.image_processor]: Zone=CLEAR
[image_processor-23] [INFO] [1776471058.337920186] [robot_2.image_processor]: Zone=CLEAR
[image_processor-25] [INFO] [1776471058.352913081] [robot_4.image_processor]: Zone=CLEAR
[image_processor-21] [INFO] [1776471058.360954556] [robot_0.image_processor]: Zone=CLEAR
[image_processor-24] [INFO] [1776471058.370217316] [robot_3.image_processor]: Zone=CLEAR
[image_processor-22] [INFO] [1776471060.823542905] [robot_1.image_processor]: Zone=CLEAR
[image_processor-23] [INFO] [1776471060.838252736] [robot_2.image_processor]: Zone=CLEAR
[image_processor-25] [INFO] [1776471060.851543583] [robot_4.image_processor]: Zone=CLEAR
[image_processor-21] [INFO] [1776471060.861023152] [robot_0.image_processor]: Zone=CLEAR
[image_processor-24] [INFO] [1776471060.868436152] [robot_3.image_processor]: Zone=CLEAR
[image_processor-22] [INFO] [1776471063.326276723] [robot_1.image_processor]: Zone=CLEAR
[image_processor-23] [INFO] [1776471063.341463429] [robot_2.image_processor]: Zone=CLEAR
[image_processor-25] [INFO] [1776471063.356263268] [robot_4.image_processor]: Zone=CLEAR
[image_processor-21] [INFO] [1776471063.365254125] [robot_0.image_processor]: Zone=CLEAR
[image_processor-24] [INFO] [1776471063.374637554] [robot_3.image_processor]: Zone=CLEAR
[image_processor-22] [INFO] [1776471065.823109330] [robot_1.image_processor]: Zone=CLEAR
[image_processor-23] [INFO] [1776471065.836841907] [robot_2.image_processor]: Zone=CLEAR
[image_processor-25] [INFO] [1776471065.850923712] [robot_4.image_processor]: Zone=CLEAR
[image_processor-21] [INFO] [1776471065.860835193] [robot_0.image_processor]: Zone=CLEAR
[image_processor-24] [INFO] [1776471065.869358083] [robot_3.image_processor]: Zone=CLEAR
[image_processor-22] [INFO] [1776471068.325502916] [robot_1.image_processor]: Zone=CLEAR
[image_processor-23] [INFO] [1776471068.340447305] [robot_2.image_processor]: Zone=CLEAR
[image_processor-25] [INFO] [1776471068.355509135] [robot_4.image_processor]: Zone=CLEAR
[image_processor-21] [INFO] [1776471068.363872185] [robot_0.image_processor]: Zone=CLEAR
[image_processor-24] [INFO] [1776471068.372861307] [robot_3.image_processor]: Zone=CLEAR
[image_processor-22] [INFO] [1776471070.823925025] [robot_1.image_processor]: Zone=CLEAR
[image_processor-23] [INFO] [1776471070.837833628] [robot_2.image_processor]: Zone=CLEAR
[image_processor-25] [INFO] [1776471070.852998222] [robot_4.image_processor]: Zone=CLEAR
[image_processor-21] [INFO] [1776471070.861793959] [robot_0.image_processor]: Zone=CLEAR
[image_processor-24] [INFO] [1776471070.869310159] [robot_3.image_processor]: Zone=CLEAR
[image_processor-22] [INFO] [1776471073.323038126] [robot_1.image_processor]: Zone=CLEAR
[image_processor-23] [INFO] [1776471073.337028933] [robot_2.image_processor]: Zone=CLEAR
[image_processor-25] [INFO] [1776471073.350520737] [robot_4.image_processor]: Zone=CLEAR
[image_processor-21] [INFO] [1776471073.359290968] [robot_0.image_processor]: Zone=CLEAR
[image_processor-24] [INFO] [1776471073.368797551] [robot_3.image_processor]: Zone=CLEAR
[image_processor-22] [INFO] [1776471075.822082344] [robot_1.image_processor]: Zone=CLEAR
[image_processor-23] [INFO] [1776471075.836857357] [robot_2.image_processor]: Zone=CLEAR
[image_processor-25] [INFO] [1776471075.851182186] [robot_4.image_processor]: Zone=CLEAR
[image_processor-21] [INFO] [1776471075.860856947] [robot_0.image_processor]: Zone=CLEAR
[image_processor-24] [INFO] [1776471075.871041587] [robot_3.image_processor]: Zone=CLEAR
[image_processor-22] [INFO] [1776471078.321228240] [robot_1.image_processor]: Zone=CLEAR
[image_processor-23] [INFO] [1776471078.336541881] [robot_2.image_processor]: Zone=CLEAR
[image_processor-25] [INFO] [1776471078.350805195] [robot_4.image_processor]: Zone=CLEAR
[image_processor-21] [INFO] [1776471078.359580947] [robot_0.image_processor]: Zone=CLEAR
[image_processor-24] [INFO] [1776471078.368916628] [robot_3.image_processor]: Zone=CLEAR
[image_processor-22] [INFO] [1776471080.824394861] [robot_1.image_processor]: Zone=CLEAR
[image_processor-23] [INFO] [1776471080.842082800] [robot_2.image_processor]: Zone=CLEAR
[image_processor-25] [INFO] [1776471080.856732601] [robot_4.image_processor]: Zone=CLEAR
[image_processor-21] [INFO] [1776471080.865046744] [robot_0.image_processor]: Zone=CLEAR
[image_processor-24] [INFO] [1776471080.874009209] [robot_3.image_processor]: Zone=CLEAR
[image_processor-22] [INFO] [1776471083.323040419] [robot_1.image_processor]: Zone=CLEAR
[image_processor-23] [INFO] [1776471083.338015473] [robot_2.image_processor]: Zone=CLEAR
[image_processor-21] [INFO] [1776471083.360412272] [robot_0.image_processor]: Zone=CLEAR
[image_processor-25] [INFO] [1776471083.452456514] [robot_4.image_processor]: Zone=CLEAR
[image_processor-24] [INFO] [1776471083.470055075] [robot_3.image_processor]: Zone=CLEAR
[image_processor-22] [INFO] [1776471085.823746946] [robot_1.image_processor]: Zone=CLEAR
[image_processor-23] [INFO] [1776471085.839142232] [robot_2.image_processor]: Zone=CLEAR
[image_processor-25] [INFO] [1776471085.853360612] [robot_4.image_processor]: Zone=CLEAR
[image_processor-21] [INFO] [1776471085.862654565] [robot_0.image_processor]: Zone=CLEAR
[image_processor-24] [INFO] [1776471085.871530099] [robot_3.image_processor]: Zone=CLEAR
[image_processor-22] [INFO] [1776471088.322601742] [robot_1.image_processor]: Zone=CLEAR
[image_processor-23] [INFO] [1776471088.337283800] [robot_2.image_processor]: Zone=CLEAR
[image_processor-25] [INFO] [1776471088.352084952] [robot_4.image_processor]: Zone=CLEAR
[image_processor-21] [INFO] [1776471088.359987589] [robot_0.image_processor]: Zone=CLEAR
[image_processor-24] [INFO] [1776471088.368610476] [robot_3.image_processor]: Zone=CLEAR
[image_processor-22] [INFO] [1776471090.822699259] [robot_1.image_processor]: Zone=CLEAR
[image_processor-23] [INFO] [1776471090.837665839] [robot_2.image_processor]: Zone=CLEAR
[image_processor-25] [INFO] [1776471090.852125681] [robot_4.image_processor]: Zone=CLEAR
[image_processor-21] [INFO] [1776471090.861116839] [robot_0.image_processor]: Zone=CLEAR
[image_processor-24] [INFO] [1776471090.869773221] [robot_3.image_processor]: Zone=CLEAR
[image_processor-22] [INFO] [1776471093.323093580] [robot_1.image_processor]: Zone=CLEAR
[image_processor-23] [INFO] [1776471093.339975443] [robot_2.image_processor]: Zone=CLEAR
[image_processor-25] [INFO] [1776471093.358443392] [robot_4.image_processor]: Zone=CLEAR
[image_processor-21] [INFO] [1776471093.367182865] [robot_0.image_processor]: Zone=CLEAR
[image_processor-24] [INFO] [1776471093.374876335] [robot_3.image_processor]: Zone=CLEAR
[image_processor-22] [INFO] [1776471095.823470138] [robot_1.image_processor]: Zone=CLEAR
[image_processor-23] [INFO] [1776471095.838498388] [robot_2.image_processor]: Zone=CLEAR
[image_processor-25] [INFO] [1776471095.853430238] [robot_4.image_processor]: Zone=CLEAR
[image_processor-21] [INFO] [1776471095.862015167] [robot_0.image_processor]: Zone=CLEAR
[image_processor-24] [INFO] [1776471095.870537170] [robot_3.image_processor]: Zone=CLEAR
[image_processor-22] [INFO] [1776471098.322053699] [robot_1.image_processor]: Zone=CLEAR
[image_processor-23] [INFO] [1776471098.337651514] [robot_2.image_processor]: Zone=CLEAR
[image_processor-25] [INFO] [1776471098.351552917] [robot_4.image_processor]: Zone=CLEAR
[image_processor-21] [INFO] [1776471098.359614052] [robot_0.image_processor]: Zone=CLEAR
[image_processor-24] [INFO] [1776471098.369326118] [robot_3.image_processor]: Zone=CLEAR
[image_processor-22] [INFO] [1776471100.823405493] [robot_1.image_processor]: Zone=CLEAR
[image_processor-23] [INFO] [1776471100.838065610] [robot_2.image_processor]: Zone=CLEAR
[image_processor-25] [INFO] [1776471100.853385148] [robot_4.image_processor]: Zone=CLEAR
[image_processor-21] [INFO] [1776471100.861224042] [robot_0.image_processor]: Zone=CLEAR
[image_processor-24] [INFO] [1776471100.873740974] [robot_3.image_processor]: Zone=CLEAR
[image_processor-22] [INFO] [1776471103.323994500] [robot_1.image_processor]: Zone=CLEAR
[image_processor-23] [INFO] [1776471103.338321281] [robot_2.image_processor]: Zone=CLEAR
[image_processor-25] [INFO] [1776471103.353738869] [robot_4.image_processor]: Zone=CLEAR
[image_processor-21] [INFO] [1776471103.362839361] [robot_0.image_processor]: Zone=CLEAR
[image_processor-24] [INFO] [1776471103.370755775] [robot_3.image_processor]: Zone=CLEAR
[image_processor-22] [INFO] [1776471105.822709780] [robot_1.image_processor]: Zone=CLEAR
[image_processor-23] [INFO] [1776471105.837111004] [robot_2.image_processor]: Zone=CLEAR
[image_processor-25] [INFO] [1776471105.852366071] [robot_4.image_processor]: Zone=CLEAR
[image_processor-21] [INFO] [1776471105.860580315] [robot_0.image_processor]: Zone=CLEAR
[image_processor-24] [INFO] [1776471105.870427489] [robot_3.image_processor]: Zone=CLEAR
[image_processor-22] [INFO] [1776471108.323431578] [robot_1.image_processor]: Zone=CLEAR
[image_processor-23] [INFO] [1776471108.339187957] [robot_2.image_processor]: Zone=CLEAR
[image_processor-25] [INFO] [1776471108.354119992] [robot_4.image_processor]: Zone=CLEAR
[image_processor-21] [INFO] [1776471108.362575597] [robot_0.image_processor]: Zone=CLEAR
[image_processor-24] [INFO] [1776471108.370987721] [robot_3.image_processor]: Zone=CLEAR
[image_processor-22] [INFO] [1776471110.823810544] [robot_1.image_processor]: Zone=CLEAR
[image_processor-23] [INFO] [1776471110.838956623] [robot_2.image_processor]: Zone=CLEAR
[image_processor-25] [INFO] [1776471110.852934459] [robot_4.image_processor]: Zone=CLEAR
[image_processor-21] [INFO] [1776471110.862566783] [robot_0.image_processor]: Zone=CLEAR
[image_processor-24] [INFO] [1776471110.869957676] [robot_3.image_processor]: Zone=CLEAR
[image_processor-22] [INFO] [1776471113.324357339] [robot_1.image_processor]: Zone=CLEAR
[image_processor-23] [INFO] [1776471113.338994734] [robot_2.image_processor]: Zone=CLEAR
[image_processor-25] [INFO] [1776471113.353093756] [robot_4.image_processor]: Zone=CLEAR
[image_processor-21] [INFO] [1776471113.360675659] [robot_0.image_processor]: Zone=CLEAR
[image_processor-24] [INFO] [1776471113.369593929] [robot_3.image_processor]: Zone=CLEAR
[image_processor-22] [INFO] [1776471115.821764960] [robot_1.image_processor]: Zone=CLEAR
[image_processor-23] [INFO] [1776471115.836276362] [robot_2.image_processor]: Zone=CLEAR
[image_processor-25] [INFO] [1776471115.849921452] [robot_4.image_processor]: Zone=CLEAR
[image_processor-21] [INFO] [1776471115.859365605] [robot_0.image_processor]: Zone=CLEAR
[image_processor-24] [INFO] [1776471115.867875729] [robot_3.image_processor]: Zone=CLEAR
[image_processor-22] [INFO] [1776471118.322632522] [robot_1.image_processor]: Zone=CLEAR
[image_processor-23] [INFO] [1776471118.336272014] [robot_2.image_processor]: Zone=CLEAR
[image_processor-25] [INFO] [1776471118.351327946] [robot_4.image_processor]: Zone=CLEAR
[image_processor-21] [INFO] [1776471118.359485376] [robot_0.image_processor]: Zone=CLEAR
[image_processor-24] [INFO] [1776471118.368442166] [robot_3.image_processor]: Zone=CLEAR
[image_processor-22] [INFO] [1776471120.823766727] [robot_1.image_processor]: Zone=CLEAR
[image_processor-25] [INFO] [1776471120.854755252] [robot_4.image_processor]: Zone=CLEAR
[image_processor-21] [INFO] [1776471120.863201956] [robot_0.image_processor]: Zone=CLEAR
[image_processor-24] [INFO] [1776471120.871128646] [robot_3.image_processor]: Zone=CLEAR
[image_processor-23] [INFO] [1776471120.940662047] [robot_2.image_processor]: Zone=CLEAR
[image_processor-22] [INFO] [1776471123.322971816] [robot_1.image_processor]: Zone=CLEAR
[image_processor-23] [INFO] [1776471123.336829832] [robot_2.image_processor]: Zone=CLEAR
[image_processor-25] [INFO] [1776471123.350817419] [robot_4.image_processor]: Zone=CLEAR
[image_processor-21] [INFO] [1776471123.359845279] [robot_0.image_processor]: Zone=CLEAR
[image_processor-24] [INFO] [1776471123.369665323] [robot_3.image_processor]: Zone=CLEAR
[INFO] [image_processor-25]: sending signal 'SIGINT' to process[image_processor-25]
[ERROR] [ign gazebo-1]: process has died [pid 484019, exit code -15, cmd 'ruby /usr/bin/ign gazebo /home/ecem/ros2_ws/install/swarm_basics/share/swarm_basics/worlds/random_world.sdf -s -r --force-version 6'].
[ERROR] [parameter_bridge-4]: process has died [pid 484026, exit code -15, cmd '/opt/ros/humble/lib/ros_ign_bridge/parameter_bridge /robot_0/cmd_vel@geometry_msgs/msg/Twist]ignition.msgs.Twist /robot_0/odom@nav_msgs/msg/Odometry[ignition.msgs.Odometry /robot_0/depth_camera/depth_image@sensor_msgs/msg/Image[ignition.msgs.Image /world/random_world/model/robot_0/link/robot_0/base_footprint/sensor/contact_sensor/contact@ros_gz_interfaces/msg/Contacts[ignition.msgs.Contacts /robot_1/cmd_vel@geometry_msgs/msg/Twist]ignition.msgs.Twist /robot_1/odom@nav_msgs/msg/Odometry[ignition.msgs.Odometry /robot_1/depth_camera/depth_image@sensor_msgs/msg/Image[ignition.msgs.Image /world/random_world/model/robot_1/link/robot_1/base_footprint/sensor/contact_sensor/contact@ros_gz_interfaces/msg/Contacts[ignition.msgs.Contacts /robot_2/cmd_vel@geometry_msgs/msg/Twist]ignition.msgs.Twist /robot_2/odom@nav_msgs/msg/Odometry[ignition.msgs.Odometry /robot_2/depth_camera/depth_image@sensor_msgs/msg/Image[ignition.msgs.Image /world/random_world/model/robot_2/link/robot_2/base_footprint/sensor/contact_sensor/contact@ros_gz_interfaces/msg/Contacts[ignition.msgs.Contacts /robot_3/cmd_vel@geometry_msgs/msg/Twist]ignition.msgs.Twist /robot_3/odom@nav_msgs/msg/Odometry[ignition.msgs.Odometry /robot_3/depth_camera/depth_image@sensor_msgs/msg/Image[ignition.msgs.Image /world/random_world/model/robot_3/link/robot_3/base_footprint/sensor/contact_sensor/contact@ros_gz_interfaces/msg/Contacts[ignition.msgs.Contacts /robot_4/cmd_vel@geometry_msgs/msg/Twist]ignition.msgs.Twist /robot_4/odom@nav_msgs/msg/Odometry[ignition.msgs.Odometry /robot_4/depth_camera/depth_image@sensor_msgs/msg/Image[ignition.msgs.Image /world/random_world/model/robot_4/link/robot_4/base_footprint/sensor/contact_sensor/contact@ros_gz_interfaces/msg/Contacts[ignition.msgs.Contacts /world/random_world/dynamic_pose/info@tf2_msgs/msg/TFMessage[ignition.msgs.Pose_V --ros-args -r __node:=all_robots_bridge --params-file /tmp/launch_params_kw4wyv1c'].
[INFO] [parameter_bridge-20]: process has finished cleanly [pid 484068]
[INFO] [image_processor-24]: sending signal 'SIGINT' to process[image_processor-24]
[INFO] [bash-26]: process started with pid [484597]
[INFO] [image_processor-23]: sending signal 'SIGINT' to process[image_processor-23]
[INFO] [image_processor-22]: sending signal 'SIGINT' to process[image_processor-22]
[INFO] [image_processor-21]: sending signal 'SIGINT' to process[image_processor-21]
[INFO] [robot_supervisor-19]: sending signal 'SIGINT' to process[robot_supervisor-19]
[INFO] [robot_state_publisher-17]: sending signal 'SIGINT' to process[robot_state_publisher-17]
[INFO] [robot_supervisor-16]: sending signal 'SIGINT' to process[robot_supervisor-16]
[INFO] [robot_state_publisher-14]: sending signal 'SIGINT' to process[robot_state_publisher-14]
[INFO] [robot_supervisor-13]: sending signal 'SIGINT' to process[robot_supervisor-13]
[INFO] [robot_state_publisher-11]: sending signal 'SIGINT' to process[robot_state_publisher-11]
[INFO] [robot_supervisor-10]: sending signal 'SIGINT' to process[robot_supervisor-10]
[INFO] [robot_state_publisher-8]: sending signal 'SIGINT' to process[robot_state_publisher-8]
[ERROR] [bash-26]: process has died [pid 484597, exit code -15, cmd 'bash -lc pkill -f parameter_bridge || true'].
[INFO] [robot_supervisor-7]: sending signal 'SIGINT' to process[robot_supervisor-7]
[INFO] [robot_state_publisher-5]: sending signal 'SIGINT' to process[robot_state_publisher-5]
[INFO] [bump_counter-3]: sending signal 'SIGINT' to process[bump_counter-3]
[INFO] [coverage_counter-2]: sending signal 'SIGINT' to process[coverage_counter-2]
[parameter_bridge-20] [INFO] [1776471125.456779142] [rclcpp]: signal_handler(SIGINT/SIGTERM)
[parameter_bridge-4] [INFO] [1776471125.456872954] [rclcpp]: signal_handler(SIGINT/SIGTERM)
[INFO] [launch]: process[ign gazebo-1] was required: shutting down launched system
[image_processor-25] [INFO] [1776471126.143424152] [rclcpp]: signal_handler(SIGINT/SIGTERM)
[image_processor-24] [INFO] [1776471126.145798525] [rclcpp]: signal_handler(SIGINT/SIGTERM)
[image_processor-23] [INFO] [1776471126.150234118] [rclcpp]: signal_handler(SIGINT/SIGTERM)
[image_processor-22] [INFO] [1776471126.154062814] [rclcpp]: signal_handler(SIGINT/SIGTERM)
[image_processor-21] [INFO] [1776471126.156402975] [rclcpp]: signal_handler(SIGINT/SIGTERM)
[robot_supervisor-19] Traceback (most recent call last):
[robot_supervisor-19]   File "/home/ecem/ros2_ws/install/swarm_basics/lib/swarm_basics/robot_supervisor", line 33, in <module>
[robot_supervisor-19]     sys.exit(load_entry_point('swarm-basics==0.0.0', 'console_scripts', 'robot_supervisor')())
[robot_supervisor-19]   File "/home/ecem/ros2_ws/install/swarm_basics/lib/python3.10/site-packages/swarm_basics/robot_supervisor.py", line 867, in main
[robot_supervisor-19]     rclpy.spin(node)
[robot_supervisor-19]   File "/opt/ros/humble/local/lib/python3.10/dist-packages/rclpy/__init__.py", line 229, in spin
[robot_supervisor-19]     executor.spin_once()
[robot_supervisor-19]   File "/opt/ros/humble/local/lib/python3.10/dist-packages/rclpy/executors.py", line 773, in spin_once
[robot_supervisor-19]     self._spin_once_impl(timeout_sec)
[robot_supervisor-19]   File "/opt/ros/humble/local/lib/python3.10/dist-packages/rclpy/executors.py", line 762, in _spin_once_impl
[robot_supervisor-19]     handler, entity, node = self.wait_for_ready_callbacks(timeout_sec=timeout_sec)
[robot_supervisor-19]   File "/opt/ros/humble/local/lib/python3.10/dist-packages/rclpy/executors.py", line 745, in wait_for_ready_callbacks
[robot_supervisor-19]     return next(self._cb_iter)
[robot_supervisor-19]   File "/opt/ros/humble/local/lib/python3.10/dist-packages/rclpy/executors.py", line 642, in _wait_for_ready_callbacks
[robot_supervisor-19]     wait_set.wait(timeout_nsec)
[robot_supervisor-19] KeyboardInterrupt
[robot_state_publisher-17] [INFO] [1776471126.162550995] [rclcpp]: signal_handler(SIGINT/SIGTERM)
[robot_supervisor-16] Traceback (most recent call last):
[robot_supervisor-16]   File "/home/ecem/ros2_ws/install/swarm_basics/lib/swarm_basics/robot_supervisor", line 33, in <module>
[robot_supervisor-16]     sys.exit(load_entry_point('swarm-basics==0.0.0', 'console_scripts', 'robot_supervisor')())
[robot_supervisor-16]   File "/home/ecem/ros2_ws/install/swarm_basics/lib/python3.10/site-packages/swarm_basics/robot_supervisor.py", line 867, in main
[robot_supervisor-16]     rclpy.spin(node)
[robot_supervisor-16]   File "/opt/ros/humble/local/lib/python3.10/dist-packages/rclpy/__init__.py", line 229, in spin
[robot_supervisor-16]     executor.spin_once()
[robot_supervisor-16]   File "/opt/ros/humble/local/lib/python3.10/dist-packages/rclpy/executors.py", line 773, in spin_once
[robot_supervisor-16]     self._spin_once_impl(timeout_sec)
[robot_supervisor-16]   File "/opt/ros/humble/local/lib/python3.10/dist-packages/rclpy/executors.py", line 762, in _spin_once_impl
[robot_supervisor-16]     handler, entity, node = self.wait_for_ready_callbacks(timeout_sec=timeout_sec)
[robot_supervisor-16]   File "/opt/ros/humble/local/lib/python3.10/dist-packages/rclpy/executors.py", line 745, in wait_for_ready_callbacks
[robot_supervisor-16]     return next(self._cb_iter)
[robot_supervisor-16]   File "/opt/ros/humble/local/lib/python3.10/dist-packages/rclpy/executors.py", line 642, in _wait_for_ready_callbacks
[robot_supervisor-16]     wait_set.wait(timeout_nsec)
[robot_supervisor-16] KeyboardInterrupt
[robot_state_publisher-14] [INFO] [1776471126.166919331] [rclcpp]: signal_handler(SIGINT/SIGTERM)
[robot_supervisor-13] Traceback (most recent call last):
[robot_supervisor-13]   File "/home/ecem/ros2_ws/install/swarm_basics/lib/swarm_basics/robot_supervisor", line 33, in <module>
[robot_supervisor-13]     sys.exit(load_entry_point('swarm-basics==0.0.0', 'console_scripts', 'robot_supervisor')())
[robot_supervisor-13]   File "/home/ecem/ros2_ws/install/swarm_basics/lib/python3.10/site-packages/swarm_basics/robot_supervisor.py", line 867, in main
[robot_supervisor-13]     rclpy.spin(node)
[robot_supervisor-13]   File "/opt/ros/humble/local/lib/python3.10/dist-packages/rclpy/__init__.py", line 229, in spin
[robot_supervisor-13]     executor.spin_once()
[robot_supervisor-13]   File "/opt/ros/humble/local/lib/python3.10/dist-packages/rclpy/executors.py", line 773, in spin_once
[robot_supervisor-13]     self._spin_once_impl(timeout_sec)
[robot_supervisor-13]   File "/opt/ros/humble/local/lib/python3.10/dist-packages/rclpy/executors.py", line 762, in _spin_once_impl
[robot_supervisor-13]     handler, entity, node = self.wait_for_ready_callbacks(timeout_sec=timeout_sec)
[robot_supervisor-13]   File "/opt/ros/humble/local/lib/python3.10/dist-packages/rclpy/executors.py", line 745, in wait_for_ready_callbacks
[robot_supervisor-13]     return next(self._cb_iter)
[robot_supervisor-13]   File "/opt/ros/humble/local/lib/python3.10/dist-packages/rclpy/executors.py", line 642, in _wait_for_ready_callbacks
[robot_supervisor-13]     wait_set.wait(timeout_nsec)
[robot_supervisor-13] KeyboardInterrupt
[robot_state_publisher-11] [INFO] [1776471126.171505030] [rclcpp]: signal_handler(SIGINT/SIGTERM)
[robot_supervisor-10] Traceback (most recent call last):
[robot_supervisor-10]   File "/home/ecem/ros2_ws/install/swarm_basics/lib/swarm_basics/robot_supervisor", line 33, in <module>
[robot_supervisor-10]     sys.exit(load_entry_point('swarm-basics==0.0.0', 'console_scripts', 'robot_supervisor')())
[robot_supervisor-10]   File "/home/ecem/ros2_ws/install/swarm_basics/lib/python3.10/site-packages/swarm_basics/robot_supervisor.py", line 867, in main
[robot_supervisor-10]     rclpy.spin(node)
[robot_supervisor-10]   File "/opt/ros/humble/local/lib/python3.10/dist-packages/rclpy/__init__.py", line 229, in spin
[robot_supervisor-10]     executor.spin_once()
[robot_supervisor-10]   File "/opt/ros/humble/local/lib/python3.10/dist-packages/rclpy/executors.py", line 773, in spin_once
[robot_supervisor-10]     self._spin_once_impl(timeout_sec)
[robot_supervisor-10]   File "/opt/ros/humble/local/lib/python3.10/dist-packages/rclpy/executors.py", line 762, in _spin_once_impl
[robot_supervisor-10]     handler, entity, node = self.wait_for_ready_callbacks(timeout_sec=timeout_sec)
[robot_supervisor-10]   File "/opt/ros/humble/local/lib/python3.10/dist-packages/rclpy/executors.py", line 745, in wait_for_ready_callbacks
[robot_supervisor-10]     return next(self._cb_iter)
[robot_supervisor-10]   File "/opt/ros/humble/local/lib/python3.10/dist-packages/rclpy/executors.py", line 642, in _wait_for_ready_callbacks
[robot_supervisor-10]     wait_set.wait(timeout_nsec)
[robot_supervisor-10] KeyboardInterrupt
[robot_state_publisher-8] [INFO] [1776471126.176145978] [rclcpp]: signal_handler(SIGINT/SIGTERM)
[robot_supervisor-7] Traceback (most recent call last):
[robot_supervisor-7]   File "/home/ecem/ros2_ws/install/swarm_basics/lib/swarm_basics/robot_supervisor", line 33, in <module>
[robot_supervisor-7]     sys.exit(load_entry_point('swarm-basics==0.0.0', 'console_scripts', 'robot_supervisor')())
[robot_supervisor-7]   File "/home/ecem/ros2_ws/install/swarm_basics/lib/python3.10/site-packages/swarm_basics/robot_supervisor.py", line 867, in main
[robot_supervisor-7]     rclpy.spin(node)
[robot_supervisor-7]   File "/opt/ros/humble/local/lib/python3.10/dist-packages/rclpy/__init__.py", line 229, in spin
[robot_supervisor-7]     executor.spin_once()
[robot_supervisor-7]   File "/opt/ros/humble/local/lib/python3.10/dist-packages/rclpy/executors.py", line 773, in spin_once
[robot_supervisor-7]     self._spin_once_impl(timeout_sec)
[robot_supervisor-7]   File "/opt/ros/humble/local/lib/python3.10/dist-packages/rclpy/executors.py", line 762, in _spin_once_impl
[robot_supervisor-7]     handler, entity, node = self.wait_for_ready_callbacks(timeout_sec=timeout_sec)
[robot_supervisor-7]   File "/opt/ros/humble/local/lib/python3.10/dist-packages/rclpy/executors.py", line 745, in wait_for_ready_callbacks
[robot_supervisor-7]     return next(self._cb_iter)
[robot_supervisor-7]   File "/opt/ros/humble/local/lib/python3.10/dist-packages/rclpy/executors.py", line 642, in _wait_for_ready_callbacks
[robot_supervisor-7]     wait_set.wait(timeout_nsec)
[robot_supervisor-7] KeyboardInterrupt
[robot_state_publisher-5] [INFO] [1776471126.180688100] [rclcpp]: signal_handler(SIGINT/SIGTERM)
[ERROR] [launch]: Caught exception in launch (see debug for traceback): ExecuteLocal action 'bash-27': executed more than once: <launch.actions.execute_process.ExecuteProcess object at 0x781caccc4850>
[INFO] [image_processor-25]: process has finished cleanly [pid 484423]
[INFO] [image_processor-23]: process has finished cleanly [pid 484419]
[INFO] [image_processor-24]: process has finished cleanly [pid 484421]
[INFO] [image_processor-22]: process has finished cleanly [pid 484417]
[INFO] [image_processor-21]: process has finished cleanly [pid 484415]
[INFO] [robot_state_publisher-17]: process has finished cleanly [pid 484055]
[INFO] [robot_state_publisher-14]: process has finished cleanly [pid 484049]
[INFO] [robot_state_publisher-11]: process has finished cleanly [pid 484042]
[INFO] [robot_state_publisher-8]: process has finished cleanly [pid 484036]
[INFO] [robot_state_publisher-5]: process has finished cleanly [pid 484028]
[coverage_counter-2] Traceback (most recent call last):
[coverage_counter-2]   File "/home/ecem/ros2_ws/install/swarm_basics/lib/python3.10/site-packages/swarm_basics/coverage_counter.py", line 418, in main
[coverage_counter-2]     rclpy.spin(node)
[coverage_counter-2]   File "/opt/ros/humble/local/lib/python3.10/dist-packages/rclpy/__init__.py", line 229, in spin
[coverage_counter-2]     executor.spin_once()
[coverage_counter-2]   File "/opt/ros/humble/local/lib/python3.10/dist-packages/rclpy/executors.py", line 773, in spin_once
[coverage_counter-2]     self._spin_once_impl(timeout_sec)
[coverage_counter-2]   File "/opt/ros/humble/local/lib/python3.10/dist-packages/rclpy/executors.py", line 768, in _spin_once_impl
[coverage_counter-2]     handler()
[coverage_counter-2]   File "/opt/ros/humble/local/lib/python3.10/dist-packages/rclpy/task.py", line 254, in __call__
[coverage_counter-2]     self._handler.send(None)
[coverage_counter-2]   File "/opt/ros/humble/local/lib/python3.10/dist-packages/rclpy/executors.py", line 463, in handler
[coverage_counter-2]     await call_coroutine(entity, arg)
[coverage_counter-2]   File "/opt/ros/humble/local/lib/python3.10/dist-packages/rclpy/executors.py", line 371, in _execute_timer
[coverage_counter-2]     await await_or_execute(tmr.callback)
[coverage_counter-2]   File "/opt/ros/humble/local/lib/python3.10/dist-packages/rclpy/executors.py", line 107, in await_or_execute
[coverage_counter-2]     return callback(*args)
[coverage_counter-2]   File "/home/ecem/ros2_ws/install/swarm_basics/lib/python3.10/site-packages/swarm_basics/coverage_counter.py", line 152, in _on_timeout_timer
[coverage_counter-2]     self.shutdown_and_save()
[coverage_counter-2]   File "/home/ecem/ros2_ws/install/swarm_basics/lib/python3.10/site-packages/swarm_basics/coverage_counter.py", line 174, in shutdown_and_save
[coverage_counter-2]     rclpy.shutdown()
[coverage_counter-2]   File "/opt/ros/humble/local/lib/python3.10/dist-packages/rclpy/__init__.py", line 130, in shutdown
[coverage_counter-2]     _shutdown(context=context)
[coverage_counter-2]   File "/opt/ros/humble/local/lib/python3.10/dist-packages/rclpy/utilities.py", line 58, in shutdown
[coverage_counter-2]     return context.shutdown()
[coverage_counter-2]   File "/opt/ros/humble/local/lib/python3.10/dist-packages/rclpy/context.py", line 103, in shutdown
[coverage_counter-2]     self._call_on_shutdown_callbacks()
[coverage_counter-2]   File "/opt/ros/humble/local/lib/python3.10/dist-packages/rclpy/context.py", line 92, in _call_on_shutdown_callbacks
[coverage_counter-2]     callback = weak_method()
[coverage_counter-2]   File "/opt/ros/humble/local/lib/python3.10/dist-packages/rclpy/__init__.py", line 111, in reset_executor
[coverage_counter-2]     __executor.shutdown()
[coverage_counter-2]   File "/opt/ros/humble/local/lib/python3.10/dist-packages/rclpy/executors.py", line 227, in shutdown
[coverage_counter-2]     if not self._work_tracker.wait(timeout_sec):
[coverage_counter-2]   File "/opt/ros/humble/local/lib/python3.10/dist-packages/rclpy/executors.py", line 94, in wait
[coverage_counter-2]     if not self._work_condition.wait_for(
[coverage_counter-2]   File "/usr/lib/python3.10/threading.py", line 355, in wait_for
[coverage_counter-2]     self.wait(waittime)
[coverage_counter-2]   File "/usr/lib/python3.10/threading.py", line 320, in wait
[coverage_counter-2]     waiter.acquire()
[coverage_counter-2] KeyboardInterrupt
[coverage_counter-2] 
[coverage_counter-2] During handling of the above exception, another exception occurred:
[coverage_counter-2] 
[coverage_counter-2] Traceback (most recent call last):
[coverage_counter-2]   File "/home/ecem/ros2_ws/install/swarm_basics/lib/swarm_basics/coverage_counter", line 33, in <module>
[coverage_counter-2]     sys.exit(load_entry_point('swarm-basics==0.0.0', 'console_scripts', 'coverage_counter')())
[coverage_counter-2]   File "/home/ecem/ros2_ws/install/swarm_basics/lib/python3.10/site-packages/swarm_basics/coverage_counter.py", line 421, in main
[coverage_counter-2]     node.shutdown_and_save()
[coverage_counter-2]   File "/home/ecem/ros2_ws/install/swarm_basics/lib/python3.10/site-packages/swarm_basics/coverage_counter.py", line 174, in shutdown_and_save
[coverage_counter-2]     rclpy.shutdown()
[coverage_counter-2]   File "/opt/ros/humble/local/lib/python3.10/dist-packages/rclpy/__init__.py", line 130, in shutdown
[coverage_counter-2]     _shutdown(context=context)
[coverage_counter-2]   File "/opt/ros/humble/local/lib/python3.10/dist-packages/rclpy/utilities.py", line 58, in shutdown
[coverage_counter-2]     return context.shutdown()
[coverage_counter-2]   File "/opt/ros/humble/local/lib/python3.10/dist-packages/rclpy/context.py", line 100, in shutdown
[coverage_counter-2]     raise RuntimeError('Context must be initialized before it can be shutdown')
[coverage_counter-2] RuntimeError: Context must be initialized before it can be shutdown
[bump_counter-3] Traceback (most recent call last):
[bump_counter-3]   File "/home/ecem/ros2_ws/install/swarm_basics/lib/swarm_basics/bump_counter", line 33, in <module>
[bump_counter-3]     sys.exit(load_entry_point('swarm-basics==0.0.0', 'console_scripts', 'bump_counter')())
[bump_counter-3]   File "/home/ecem/ros2_ws/install/swarm_basics/lib/python3.10/site-packages/swarm_basics/bump_counter.py", line 384, in main
[bump_counter-3]     rclpy.shutdown()
[bump_counter-3]   File "/opt/ros/humble/local/lib/python3.10/dist-packages/rclpy/__init__.py", line 130, in shutdown
[bump_counter-3]     _shutdown(context=context)
[bump_counter-3]   File "/opt/ros/humble/local/lib/python3.10/dist-packages/rclpy/utilities.py", line 58, in shutdown
[bump_counter-3]     return context.shutdown()
[bump_counter-3]   File "/opt/ros/humble/local/lib/python3.10/dist-packages/rclpy/context.py", line 102, in shutdown
[bump_counter-3]     self.__context.shutdown()
[bump_counter-3] rclpy._rclpy_pybind11.RCLError: failed to shutdown: rcl_shutdown already called on the given context, at ./src/rcl/init.c:241
[ERROR] [coverage_counter-2]: process has died [pid 484021, exit code 1, cmd '/home/ecem/ros2_ws/install/swarm_basics/lib/swarm_basics/coverage_counter --ros-args -r __node:=coverage_counter --params-file /tmp/launch_params_onf65rv4 --params-file /tmp/launch_params_e2peat5l --params-file /tmp/launch_params_avopxrpu --params-file /tmp/launch_params_8q10e6y0 --params-file /tmp/launch_params_5c7tsmu8 --params-file /tmp/launch_params__3bhwesq'].
[ERROR] [bump_counter-3]: process has died [pid 484024, exit code 1, cmd '/home/ecem/ros2_ws/install/swarm_basics/lib/swarm_basics/bump_counter --ros-args -r __node:=bump_counter --params-file /tmp/launch_params_r3ygq3ip --params-file /tmp/launch_params_vbqzfcz5 --params-file /tmp/launch_params_3g8xbeo1'].
[ERROR] [robot_supervisor-19]: process has died [pid 484065, exit code -2, cmd '/home/ecem/ros2_ws/install/swarm_basics/lib/swarm_basics/robot_supervisor --ros-args -r __node:=robot_supervisor -r __ns:=/robot_4 --params-file /tmp/launch_params__eu6zl83 --params-file /tmp/launch_params_r0n7ml26 --params-file /tmp/launch_params_cf8dk6ip --params-file /tmp/launch_params_d0nd7qpv'].
[ERROR] [robot_supervisor-13]: process has died [pid 484046, exit code -2, cmd '/home/ecem/ros2_ws/install/swarm_basics/lib/swarm_basics/robot_supervisor --ros-args -r __node:=robot_supervisor -r __ns:=/robot_2 --params-file /tmp/launch_params_vs5ix6zn --params-file /tmp/launch_params_rfq6nh_o --params-file /tmp/launch_params_ihpvjizu --params-file /tmp/launch_params_oyr4h0bn'].
[ERROR] [robot_supervisor-16]: process has died [pid 484053, exit code -2, cmd '/home/ecem/ros2_ws/install/swarm_basics/lib/swarm_basics/robot_supervisor --ros-args -r __node:=robot_supervisor -r __ns:=/robot_3 --params-file /tmp/launch_params_cn0se1ig --params-file /tmp/launch_params_3lcie9_n --params-file /tmp/launch_params_6hn56d7v --params-file /tmp/launch_params_ud1n3by5'].
[ERROR] [robot_supervisor-7]: process has died [pid 484033, exit code -2, cmd '/home/ecem/ros2_ws/install/swarm_basics/lib/swarm_basics/robot_supervisor --ros-args -r __node:=robot_supervisor -r __ns:=/robot_0 --params-file /tmp/launch_params_46e9dvh1 --params-file /tmp/launch_params_0e38ceok --params-file /tmp/launch_params_hwv4uc3u --params-file /tmp/launch_params_w5pjkucv'].
[ERROR] [robot_supervisor-10]: process has died [pid 484040, exit code -2, cmd '/home/ecem/ros2_ws/install/swarm_basics/lib/swarm_basics/robot_supervisor --ros-args -r __node:=robot_supervisor -r __ns:=/robot_1 --params-file /tmp/launch_params_untokoew --params-file /tmp/launch_params_23ahht0_ --params-file /tmp/launch_params_jhoq7gk3 --params-file /tmp/launch_params_rl2rn4lz'].
