running egg_info
writing ../build/swarm_basics/swarm_basics.egg-info/PKG-INFO
writing dependency_links to ../build/swarm_basics/swarm_basics.egg-info/dependency_links.txt
writing entry points to ../build/swarm_basics/swarm_basics.egg-info/entry_points.txt
writing requirements to ../build/swarm_basics/swarm_basics.egg-info/requires.txt
writing top-level names to ../build/swarm_basics/swarm_basics.egg-info/top_level.txt
reading manifest file '../build/swarm_basics/swarm_basics.egg-info/SOURCES.txt'
writing manifest file '../build/swarm_basics/swarm_basics.egg-info/SOURCES.txt'
running build
running build_py
running install
running install_lib
running install_data
running install_egg_info
removing '/home/ecem/ros2_ws/src/Leo_sct/install/swarm_basics/lib/python3.10/site-packages/swarm_basics-0.0.0-py3.10.egg-info' (and everything under it)
Copying ../build/swarm_basics/swarm_basics.egg-info to /home/ecem/ros2_ws/src/Leo_sct/install/swarm_basics/lib/python3.10/site-packages/swarm_basics-0.0.0-py3.10.egg-info
running install_scripts
Installing aruco_mover script to /home/ecem/ros2_ws/src/Leo_sct/install/swarm_basics/lib/swarm_basics
Installing bump_counter script to /home/ecem/ros2_ws/src/Leo_sct/install/swarm_basics/lib/swarm_basics
Installing coverage_counter script to /home/ecem/ros2_ws/src/Leo_sct/install/swarm_basics/lib/swarm_basics
Installing robot_supervisor script to /home/ecem/ros2_ws/src/Leo_sct/install/swarm_basics/lib/swarm_basics
writing list of installed files to '/home/ecem/ros2_ws/src/Leo_sct/build/swarm_basics/install.log'
