[0.446s] Invoking command in '/home/ecem/ros2_ws/src/Leo_sct/swarm_basics': PYTHONPATH=/home/ecem/ros2_ws/src/Leo_sct/build/swarm_basics/prefix_override:/usr/lib/python3/dist-packages/colcon_core/task/python/colcon_distutils_commands:/home/ecem/ros2_ws/src/Leo_sct/install/swarm_basics/lib/python3.10/site-packages:${PYTHONPATH} /usr/bin/python3 -W ignore:setup.py install is deprecated -W ignore:easy_install command is deprecated setup.py egg_info --egg-base ../build/swarm_basics build --build-base /home/ecem/ros2_ws/src/Leo_sct/build/swarm_basics/build install --record /home/ecem/ros2_ws/src/Leo_sct/build/swarm_basics/install.log --single-version-externally-managed install_data
[0.599s] running egg_info
[0.599s] writing ../build/swarm_basics/swarm_basics.egg-info/PKG-INFO
[0.599s] writing dependency_links to ../build/swarm_basics/swarm_basics.egg-info/dependency_links.txt
[0.599s] writing entry points to ../build/swarm_basics/swarm_basics.egg-info/entry_points.txt
[0.599s] writing requirements to ../build/swarm_basics/swarm_basics.egg-info/requires.txt
[0.599s] writing top-level names to ../build/swarm_basics/swarm_basics.egg-info/top_level.txt
[0.601s] reading manifest file '../build/swarm_basics/swarm_basics.egg-info/SOURCES.txt'
[0.604s] writing manifest file '../build/swarm_basics/swarm_basics.egg-info/SOURCES.txt'
[0.604s] running build
[0.604s] running build_py
[0.605s] running install
[0.605s] running install_lib
[0.606s] running install_data
[0.609s] running install_egg_info
[0.610s] removing '/home/ecem/ros2_ws/src/Leo_sct/install/swarm_basics/lib/python3.10/site-packages/swarm_basics-0.0.0-py3.10.egg-info' (and everything under it)
[0.611s] Copying ../build/swarm_basics/swarm_basics.egg-info to /home/ecem/ros2_ws/src/Leo_sct/install/swarm_basics/lib/python3.10/site-packages/swarm_basics-0.0.0-py3.10.egg-info
[0.611s] running install_scripts
[0.622s] Installing aruco_mover script to /home/ecem/ros2_ws/src/Leo_sct/install/swarm_basics/lib/swarm_basics
[0.623s] Installing bump_counter script to /home/ecem/ros2_ws/src/Leo_sct/install/swarm_basics/lib/swarm_basics
[0.623s] Installing coverage_counter script to /home/ecem/ros2_ws/src/Leo_sct/install/swarm_basics/lib/swarm_basics
[0.623s] Installing robot_supervisor script to /home/ecem/ros2_ws/src/Leo_sct/install/swarm_basics/lib/swarm_basics
[0.623s] writing list of installed files to '/home/ecem/ros2_ws/src/Leo_sct/build/swarm_basics/install.log'
[0.640s] Invoked command in '/home/ecem/ros2_ws/src/Leo_sct/swarm_basics' returned '0': PYTHONPATH=/home/ecem/ros2_ws/src/Leo_sct/build/swarm_basics/prefix_override:/usr/lib/python3/dist-packages/colcon_core/task/python/colcon_distutils_commands:/home/ecem/ros2_ws/src/Leo_sct/install/swarm_basics/lib/python3.10/site-packages:${PYTHONPATH} /usr/bin/python3 -W ignore:setup.py install is deprecated -W ignore:easy_install command is deprecated setup.py egg_info --egg-base ../build/swarm_basics build --build-base /home/ecem/ros2_ws/src/Leo_sct/build/swarm_basics/build install --record /home/ecem/ros2_ws/src/Leo_sct/build/swarm_basics/install.log --single-version-externally-managed install_data
