[0.019s] Invoking command in '/home/ecem/ros2_ws/src/Leo_sct/build/leo_example_line_follower': CMAKE_PREFIX_PATH=${CMAKE_PREFIX_PATH}:/home/ecem/ros2_ws/install/swarm_basics:/opt/ros/humble /usr/bin/cmake /home/ecem/ros2_ws/src/Leo_sct/leo_examples-ros2/leo_example_line_follower -DCMAKE_INSTALL_PREFIX=/home/ecem/ros2_ws/src/Leo_sct/install/leo_example_line_follower
[0.079s] -- The C compiler identification is GNU 11.4.0
[0.122s] -- The CXX compiler identification is GNU 11.4.0
[0.126s] -- Detecting C compiler ABI info
[0.175s] -- Detecting C compiler ABI info - done
[0.180s] -- Check for working C compiler: /usr/bin/cc - skipped
[0.180s] -- Detecting C compile features
[0.180s] -- Detecting C compile features - done
[0.183s] -- Detecting CXX compiler ABI info
[0.255s] -- Detecting CXX compiler ABI info - done
[0.262s] -- Check for working CXX compiler: /usr/bin/c++ - skipped
[0.262s] -- Detecting CXX compile features
[0.263s] -- Detecting CXX compile features - done
[0.267s] -- Found ament_cmake: 1.3.12 (/opt/ros/humble/share/ament_cmake/cmake)
[0.397s] -- Found Python3: /usr/bin/python3 (found version "3.10.12") found components: Interpreter 
[0.472s] -- Found generate_parameter_library: 0.6.0 (/opt/ros/humble/share/generate_parameter_library/cmake)
[0.476s] -- Found parameter_traits: 0.6.0 (/opt/ros/humble/share/parameter_traits/cmake)
[0.510s] -- Found rosidl_generator_c: 3.1.8 (/opt/ros/humble/share/rosidl_generator_c/cmake)
[0.514s] -- Found rosidl_adapter: 3.1.8 (/opt/ros/humble/share/rosidl_adapter/cmake)
[0.521s] -- Found rosidl_generator_cpp: 3.1.8 (/opt/ros/humble/share/rosidl_generator_cpp/cmake)
[0.531s] -- Using all available rosidl_typesupport_c: rosidl_typesupport_fastrtps_c;rosidl_typesupport_introspection_c
[0.543s] -- Using all available rosidl_typesupport_cpp: rosidl_typesupport_fastrtps_cpp;rosidl_typesupport_introspection_cpp
[0.595s] -- Found rmw_implementation_cmake: 6.1.2 (/opt/ros/humble/share/rmw_implementation_cmake/cmake)
[0.598s] -- Found rmw_cyclonedds_cpp: 1.3.4 (/opt/ros/humble/share/rmw_cyclonedds_cpp/cmake)
[0.627s] -- Using RMW implementation 'rmw_cyclonedds_cpp' as default
[0.639s] -- Looking for pthread.h
[0.693s] -- Looking for pthread.h - found
[0.693s] -- Performing Test CMAKE_HAVE_LIBC_PTHREAD
[0.751s] -- Performing Test CMAKE_HAVE_LIBC_PTHREAD - Success
[0.751s] -- Found Threads: TRUE  
[0.813s] -- Found rclcpp_lifecycle: 16.0.17 (/opt/ros/humble/share/rclcpp_lifecycle/cmake)
[0.902s] -- Found ament_lint_auto: 0.12.14 (/opt/ros/humble/share/ament_lint_auto/cmake)
[0.952s] -- Added test 'lint_cmake' to check CMake code style
[0.952s] -- Added test 'xmllint' to check XML markup files
[0.953s] -- Configuring done
[0.956s] -- Generating done
[0.958s] -- Build files have been written to: /home/ecem/ros2_ws/src/Leo_sct/build/leo_example_line_follower
[0.964s] Invoked command in '/home/ecem/ros2_ws/src/Leo_sct/build/leo_example_line_follower' returned '0': CMAKE_PREFIX_PATH=${CMAKE_PREFIX_PATH}:/home/ecem/ros2_ws/install/swarm_basics:/opt/ros/humble /usr/bin/cmake /home/ecem/ros2_ws/src/Leo_sct/leo_examples-ros2/leo_example_line_follower -DCMAKE_INSTALL_PREFIX=/home/ecem/ros2_ws/src/Leo_sct/install/leo_example_line_follower
[0.966s] Invoking command in '/home/ecem/ros2_ws/src/Leo_sct/build/leo_example_line_follower': CMAKE_PREFIX_PATH=${CMAKE_PREFIX_PATH}:/home/ecem/ros2_ws/install/swarm_basics:/opt/ros/humble /usr/bin/cmake --build /home/ecem/ros2_ws/src/Leo_sct/build/leo_example_line_follower -- -j22 -l22
[1.000s] [100%] [34m[1mRunning `/opt/ros/humble/bin/generate_parameter_library_python /home/ecem/ros2_ws/src/Leo_sct/install/leo_example_line_follower/local/lib/python3.10/dist-packages/leo_example_line_follower/follower_parameters.py /home/ecem/ros2_ws/src/Leo_sct/leo_examples-ros2/leo_example_line_follower/leo_line_follower/follower_parameters.yaml `[0m
[1.006s] [100%] Built target ament_cmake_python_copy_leo_line_follower
[1.075s] Running /opt/ros/humble/lib/python3.10/site-packages/generate_parameter_library_py/generate_python_module.py /home/ecem/ros2_ws/src/Leo_sct/install/leo_example_line_follower/local/lib/python3.10/dist-packages/leo_example_line_follower/follower_parameters.py /home/ecem/ros2_ws/src/Leo_sct/leo_examples-ros2/leo_example_line_follower/leo_line_follower/follower_parameters.yaml 
[1.178s] running egg_info
[1.178s] creating leo_line_follower.egg-info
[1.178s] writing leo_line_follower.egg-info/PKG-INFO
[1.178s] writing dependency_links to leo_line_follower.egg-info/dependency_links.txt
[1.179s] writing top-level names to leo_line_follower.egg-info/top_level.txt
[1.179s] writing manifest file 'leo_line_follower.egg-info/SOURCES.txt'
[1.179s] [100%] Built target follower_parameters
[1.180s] reading manifest file 'leo_line_follower.egg-info/SOURCES.txt'
[1.180s] writing manifest file 'leo_line_follower.egg-info/SOURCES.txt'
[1.202s] [100%] Built target ament_cmake_python_build_leo_line_follower_egg
[1.211s] Invoked command in '/home/ecem/ros2_ws/src/Leo_sct/build/leo_example_line_follower' returned '0': CMAKE_PREFIX_PATH=${CMAKE_PREFIX_PATH}:/home/ecem/ros2_ws/install/swarm_basics:/opt/ros/humble /usr/bin/cmake --build /home/ecem/ros2_ws/src/Leo_sct/build/leo_example_line_follower -- -j22 -l22
[1.212s] Invoking command in '/home/ecem/ros2_ws/src/Leo_sct/build/leo_example_line_follower': CMAKE_PREFIX_PATH=${CMAKE_PREFIX_PATH}:/home/ecem/ros2_ws/install/swarm_basics:/opt/ros/humble /usr/bin/cmake --install /home/ecem/ros2_ws/src/Leo_sct/build/leo_example_line_follower
[1.217s] -- Install configuration: ""
[1.217s] -- Installing: /home/ecem/ros2_ws/src/Leo_sct/install/leo_example_line_follower/share/leo_example_line_follower//config
[1.217s] -- Installing: /home/ecem/ros2_ws/src/Leo_sct/install/leo_example_line_follower/share/leo_example_line_follower//config/red.yaml
[1.217s] -- Installing: /home/ecem/ros2_ws/src/Leo_sct/install/leo_example_line_follower/share/leo_example_line_follower//config/blue.yaml
[1.217s] -- Installing: /home/ecem/ros2_ws/src/Leo_sct/install/leo_example_line_follower/share/leo_example_line_follower//launch
[1.218s] -- Installing: /home/ecem/ros2_ws/src/Leo_sct/install/leo_example_line_follower/share/leo_example_line_follower//launch/line_follower.launch.xml
[1.218s] -- Installing: /home/ecem/ros2_ws/src/Leo_sct/install/leo_example_line_follower/share/leo_example_line_follower//launch/record_data.launch.xml
[1.218s] -- Installing: /home/ecem/ros2_ws/src/Leo_sct/install/leo_example_line_follower/share/leo_example_line_follower//models
[1.218s] -- Installing: /home/ecem/ros2_ws/src/Leo_sct/install/leo_example_line_follower/share/leo_example_line_follower//models/smaller_mask.tflite
[1.219s] -- Installing: /home/ecem/ros2_ws/src/Leo_sct/install/leo_example_line_follower/share/leo_example_line_follower//models/color_mask_model.tflite
[1.221s] -- Installing: /home/ecem/ros2_ws/src/Leo_sct/install/leo_example_line_follower/share/leo_example_line_follower/environment/pythonpath.sh
[1.221s] -- Installing: /home/ecem/ros2_ws/src/Leo_sct/install/leo_example_line_follower/share/leo_example_line_follower/environment/pythonpath.dsv
[1.221s] -- Installing: /home/ecem/ros2_ws/src/Leo_sct/install/leo_example_line_follower/local/lib/python3.10/dist-packages/leo_line_follower-1.0.0-py3.10.egg-info
[1.221s] -- Installing: /home/ecem/ros2_ws/src/Leo_sct/install/leo_example_line_follower/local/lib/python3.10/dist-packages/leo_line_follower-1.0.0-py3.10.egg-info/PKG-INFO
[1.221s] -- Installing: /home/ecem/ros2_ws/src/Leo_sct/install/leo_example_line_follower/local/lib/python3.10/dist-packages/leo_line_follower-1.0.0-py3.10.egg-info/dependency_links.txt
[1.221s] -- Installing: /home/ecem/ros2_ws/src/Leo_sct/install/leo_example_line_follower/local/lib/python3.10/dist-packages/leo_line_follower-1.0.0-py3.10.egg-info/top_level.txt
[1.222s] -- Installing: /home/ecem/ros2_ws/src/Leo_sct/install/leo_example_line_follower/local/lib/python3.10/dist-packages/leo_line_follower-1.0.0-py3.10.egg-info/SOURCES.txt
[1.222s] -- Installing: /home/ecem/ros2_ws/src/Leo_sct/install/leo_example_line_follower/local/lib/python3.10/dist-packages/leo_line_follower
[1.222s] -- Installing: /home/ecem/ros2_ws/src/Leo_sct/install/leo_example_line_follower/local/lib/python3.10/dist-packages/leo_line_follower/follower_parameters.yaml
[1.222s] -- Installing: /home/ecem/ros2_ws/src/Leo_sct/install/leo_example_line_follower/local/lib/python3.10/dist-packages/leo_line_follower/__init__.py
[1.222s] -- Installing: /home/ecem/ros2_ws/src/Leo_sct/install/leo_example_line_follower/local/lib/python3.10/dist-packages/leo_line_follower/data_saver_node.py
[1.222s] -- Installing: /home/ecem/ros2_ws/src/Leo_sct/install/leo_example_line_follower/local/lib/python3.10/dist-packages/leo_line_follower/utils.py
[1.222s] -- Installing: /home/ecem/ros2_ws/src/Leo_sct/install/leo_example_line_follower/local/lib/python3.10/dist-packages/leo_line_follower/line_follower_node.py
[1.222s] -- Installing: /home/ecem/ros2_ws/src/Leo_sct/install/leo_example_line_follower/local/lib/python3.10/dist-packages/leo_line_follower/color_mask_node.py
[1.245s] Listing '/home/ecem/ros2_ws/src/Leo_sct/install/leo_example_line_follower/local/lib/python3.10/dist-packages/leo_line_follower'...
[1.245s] Compiling '/home/ecem/ros2_ws/src/Leo_sct/install/leo_example_line_follower/local/lib/python3.10/dist-packages/leo_line_follower/__init__.py'...
[1.245s] Compiling '/home/ecem/ros2_ws/src/Leo_sct/install/leo_example_line_follower/local/lib/python3.10/dist-packages/leo_line_follower/color_mask_node.py'...
[1.245s] Compiling '/home/ecem/ros2_ws/src/Leo_sct/install/leo_example_line_follower/local/lib/python3.10/dist-packages/leo_line_follower/data_saver_node.py'...
[1.246s] Compiling '/home/ecem/ros2_ws/src/Leo_sct/install/leo_example_line_follower/local/lib/python3.10/dist-packages/leo_line_follower/line_follower_node.py'...
[1.246s] Compiling '/home/ecem/ros2_ws/src/Leo_sct/install/leo_example_line_follower/local/lib/python3.10/dist-packages/leo_line_follower/utils.py'...
[1.248s] -- Installing: /home/ecem/ros2_ws/src/Leo_sct/install/leo_example_line_follower/lib/leo_example_line_follower/color_mask
[1.248s] -- Installing: /home/ecem/ros2_ws/src/Leo_sct/install/leo_example_line_follower/lib/leo_example_line_follower/data_saver
[1.248s] -- Installing: /home/ecem/ros2_ws/src/Leo_sct/install/leo_example_line_follower/lib/leo_example_line_follower/line_follower
[1.249s] -- Installing: /home/ecem/ros2_ws/src/Leo_sct/install/leo_example_line_follower/lib/leo_example_line_follower/prepare_data
[1.250s] -- Installing: /home/ecem/ros2_ws/src/Leo_sct/install/leo_example_line_follower/share/ament_index/resource_index/package_run_dependencies/leo_example_line_follower
[1.250s] -- Installing: /home/ecem/ros2_ws/src/Leo_sct/install/leo_example_line_follower/share/ament_index/resource_index/parent_prefix_path/leo_example_line_follower
[1.251s] -- Installing: /home/ecem/ros2_ws/src/Leo_sct/install/leo_example_line_follower/share/leo_example_line_follower/environment/ament_prefix_path.sh
[1.251s] -- Installing: /home/ecem/ros2_ws/src/Leo_sct/install/leo_example_line_follower/share/leo_example_line_follower/environment/ament_prefix_path.dsv
[1.251s] -- Installing: /home/ecem/ros2_ws/src/Leo_sct/install/leo_example_line_follower/share/leo_example_line_follower/environment/path.sh
[1.251s] -- Installing: /home/ecem/ros2_ws/src/Leo_sct/install/leo_example_line_follower/share/leo_example_line_follower/environment/path.dsv
[1.251s] -- Installing: /home/ecem/ros2_ws/src/Leo_sct/install/leo_example_line_follower/share/leo_example_line_follower/local_setup.bash
[1.251s] -- Installing: /home/ecem/ros2_ws/src/Leo_sct/install/leo_example_line_follower/share/leo_example_line_follower/local_setup.sh
[1.251s] -- Installing: /home/ecem/ros2_ws/src/Leo_sct/install/leo_example_line_follower/share/leo_example_line_follower/local_setup.zsh
[1.251s] -- Installing: /home/ecem/ros2_ws/src/Leo_sct/install/leo_example_line_follower/share/leo_example_line_follower/local_setup.dsv
[1.251s] -- Installing: /home/ecem/ros2_ws/src/Leo_sct/install/leo_example_line_follower/share/leo_example_line_follower/package.dsv
[1.252s] -- Installing: /home/ecem/ros2_ws/src/Leo_sct/install/leo_example_line_follower/share/ament_index/resource_index/packages/leo_example_line_follower
[1.252s] -- Installing: /home/ecem/ros2_ws/src/Leo_sct/install/leo_example_line_follower/share/leo_example_line_follower/cmake/leo_example_line_followerConfig.cmake
[1.252s] -- Installing: /home/ecem/ros2_ws/src/Leo_sct/install/leo_example_line_follower/share/leo_example_line_follower/cmake/leo_example_line_followerConfig-version.cmake
[1.252s] -- Installing: /home/ecem/ros2_ws/src/Leo_sct/install/leo_example_line_follower/share/leo_example_line_follower/package.xml
[1.255s] Invoked command in '/home/ecem/ros2_ws/src/Leo_sct/build/leo_example_line_follower' returned '0': CMAKE_PREFIX_PATH=${CMAKE_PREFIX_PATH}:/home/ecem/ros2_ws/install/swarm_basics:/opt/ros/humble /usr/bin/cmake --install /home/ecem/ros2_ws/src/Leo_sct/build/leo_example_line_follower
