[INFO] [launch]: All log files can be found below /home/ecem/.ros/log/2026-04-23-19-48-55-203572-ecem-pc-433535
[INFO] [launch]: Default logging verbosity is set to INFO
[INFO] [ign gazebo-1]: process started with pid [433561]
[INFO] [coverage_counter-2]: process started with pid [433563]
[INFO] [bump_counter-3]: process started with pid [433566]
[INFO] [parameter_bridge-4]: process started with pid [433568]
[INFO] [robot_state_publisher-5]: process started with pid [433570]
[INFO] [create-6]: process started with pid [433573]
[INFO] [robot_supervisor-7]: process started with pid [433576]
[INFO] [robot_state_publisher-8]: process started with pid [433578]
[INFO] [create-9]: process started with pid [433580]
[INFO] [robot_supervisor-10]: process started with pid [433582]
[INFO] [robot_state_publisher-11]: process started with pid [433584]
[INFO] [create-12]: process started with pid [433586]
[INFO] [robot_supervisor-13]: process started with pid [433588]
[INFO] [robot_state_publisher-14]: process started with pid [433590]
[INFO] [create-15]: process started with pid [433592]
[INFO] [robot_supervisor-16]: process started with pid [433594]
[INFO] [robot_state_publisher-17]: process started with pid [433596]
[INFO] [create-18]: process started with pid [433672]
[INFO] [robot_supervisor-19]: process started with pid [433674]
[INFO] [parameter_bridge-20]: process started with pid [433681]
[parameter_bridge-4] [ros_ign_bridge] is deprecated! Redirecting to use [ros_gz_bridge] instead!
[parameter_bridge-4] 
[create-9] [INFO] [1776966535.663490546] [robot_1.ros_gz_sim]: Requesting list of world names.
[create-12] [INFO] [1776966535.663490540] [robot_2.ros_gz_sim]: Requesting list of world names.
[create-15] [INFO] [1776966535.666731879] [robot_3.ros_gz_sim]: Requesting list of world names.
[create-6] [INFO] [1776966535.667880966] [robot_0.ros_gz_sim]: Requesting list of world names.
[robot_state_publisher-8] [INFO] [1776966535.680176507] [robot_1.robot_state_publisher]: got segment robot_1/antenna_link
[robot_state_publisher-8] [INFO] [1776966535.680309643] [robot_1.robot_state_publisher]: got segment robot_1/base_footprint
[robot_state_publisher-8] [INFO] [1776966535.680323912] [robot_1.robot_state_publisher]: got segment robot_1/base_link
[robot_state_publisher-8] [INFO] [1776966535.680333081] [robot_1.robot_state_publisher]: got segment robot_1/realsense_link
[robot_state_publisher-8] [INFO] [1776966535.680340997] [robot_1.robot_state_publisher]: got segment robot_1/rocker_L_link
[robot_state_publisher-8] [INFO] [1776966535.680348624] [robot_1.robot_state_publisher]: got segment robot_1/rocker_R_link
[robot_state_publisher-8] [INFO] [1776966535.680356278] [robot_1.robot_state_publisher]: got segment robot_1/wheel_FL_link
[robot_state_publisher-8] [INFO] [1776966535.680363851] [robot_1.robot_state_publisher]: got segment robot_1/wheel_FR_link
[robot_state_publisher-8] [INFO] [1776966535.680371086] [robot_1.robot_state_publisher]: got segment robot_1/wheel_RL_link
[robot_state_publisher-8] [INFO] [1776966535.680378329] [robot_1.robot_state_publisher]: got segment robot_1/wheel_RR_link
[robot_state_publisher-5] [INFO] [1776966535.685303706] [robot_0.robot_state_publisher]: got segment robot_0/antenna_link
[robot_state_publisher-5] [INFO] [1776966535.685419150] [robot_0.robot_state_publisher]: got segment robot_0/base_footprint
[robot_state_publisher-5] [INFO] [1776966535.685433555] [robot_0.robot_state_publisher]: got segment robot_0/base_link
[robot_state_publisher-5] [INFO] [1776966535.685443769] [robot_0.robot_state_publisher]: got segment robot_0/realsense_link
[robot_state_publisher-5] [INFO] [1776966535.685452360] [robot_0.robot_state_publisher]: got segment robot_0/rocker_L_link
[robot_state_publisher-5] [INFO] [1776966535.685460258] [robot_0.robot_state_publisher]: got segment robot_0/rocker_R_link
[robot_state_publisher-5] [INFO] [1776966535.685468141] [robot_0.robot_state_publisher]: got segment robot_0/wheel_FL_link
[robot_state_publisher-5] [INFO] [1776966535.685477429] [robot_0.robot_state_publisher]: got segment robot_0/wheel_FR_link
[robot_state_publisher-5] [INFO] [1776966535.685485022] [robot_0.robot_state_publisher]: got segment robot_0/wheel_RL_link
[robot_state_publisher-5] [INFO] [1776966535.685493062] [robot_0.robot_state_publisher]: got segment robot_0/wheel_RR_link
[robot_state_publisher-14] [INFO] [1776966535.686061683] [robot_3.robot_state_publisher]: got segment robot_3/antenna_link
[robot_state_publisher-14] [INFO] [1776966535.686256435] [robot_3.robot_state_publisher]: got segment robot_3/base_footprint
[robot_state_publisher-14] [INFO] [1776966535.686277037] [robot_3.robot_state_publisher]: got segment robot_3/base_link
[robot_state_publisher-14] [INFO] [1776966535.686286927] [robot_3.robot_state_publisher]: got segment robot_3/realsense_link
[robot_state_publisher-14] [INFO] [1776966535.686294987] [robot_3.robot_state_publisher]: got segment robot_3/rocker_L_link
[robot_state_publisher-14] [INFO] [1776966535.686302564] [robot_3.robot_state_publisher]: got segment robot_3/rocker_R_link
[robot_state_publisher-14] [INFO] [1776966535.686309777] [robot_3.robot_state_publisher]: got segment robot_3/wheel_FL_link
[robot_state_publisher-14] [INFO] [1776966535.686317015] [robot_3.robot_state_publisher]: got segment robot_3/wheel_FR_link
[robot_state_publisher-14] [INFO] [1776966535.686324132] [robot_3.robot_state_publisher]: got segment robot_3/wheel_RL_link
[robot_state_publisher-14] [INFO] [1776966535.686331097] [robot_3.robot_state_publisher]: got segment robot_3/wheel_RR_link
[create-18] [INFO] [1776966535.689369795] [robot_4.ros_gz_sim]: Requesting list of world names.
[robot_state_publisher-11] [INFO] [1776966535.694227349] [robot_2.robot_state_publisher]: got segment robot_2/antenna_link
[robot_state_publisher-11] [INFO] [1776966535.694361285] [robot_2.robot_state_publisher]: got segment robot_2/base_footprint
[robot_state_publisher-11] [INFO] [1776966535.694376446] [robot_2.robot_state_publisher]: got segment robot_2/base_link
[robot_state_publisher-11] [INFO] [1776966535.694386592] [robot_2.robot_state_publisher]: got segment robot_2/realsense_link
[robot_state_publisher-11] [INFO] [1776966535.694394600] [robot_2.robot_state_publisher]: got segment robot_2/rocker_L_link
[robot_state_publisher-11] [INFO] [1776966535.694402697] [robot_2.robot_state_publisher]: got segment robot_2/rocker_R_link
[robot_state_publisher-11] [INFO] [1776966535.694409966] [robot_2.robot_state_publisher]: got segment robot_2/wheel_FL_link
[robot_state_publisher-11] [INFO] [1776966535.694417724] [robot_2.robot_state_publisher]: got segment robot_2/wheel_FR_link
[robot_state_publisher-11] [INFO] [1776966535.694424989] [robot_2.robot_state_publisher]: got segment robot_2/wheel_RL_link
[robot_state_publisher-11] [INFO] [1776966535.694432217] [robot_2.robot_state_publisher]: got segment robot_2/wheel_RR_link
[parameter_bridge-4] [INFO] [1776966535.697487238] [all_robots_bridge]: Creating ROS->GZ Bridge: [/robot_0/cmd_vel (geometry_msgs/msg/Twist) -> /robot_0/cmd_vel (ignition.msgs.Twist)] (Lazy 0)
[parameter_bridge-4] [INFO] [1776966535.698831536] [all_robots_bridge]: Creating GZ->ROS Bridge: [/robot_0/odom (ignition.msgs.Odometry) -> /robot_0/odom (nav_msgs/msg/Odometry)] (Lazy 0)
[parameter_bridge-4] [INFO] [1776966535.700298153] [all_robots_bridge]: Creating GZ->ROS Bridge: [/robot_0/depth_camera/depth_image (ignition.msgs.Image) -> /robot_0/depth_camera/depth_image (sensor_msgs/msg/Image)] (Lazy 0)
[parameter_bridge-4] [INFO] [1776966535.701256509] [all_robots_bridge]: Creating GZ->ROS Bridge: [/world/random_world/model/robot_0/link/robot_0/base_footprint/sensor/contact_sensor/contact (ignition.msgs.Contacts) -> /world/random_world/model/robot_0/link/robot_0/base_footprint/sensor/contact_sensor/contact (ros_gz_interfaces/msg/Contacts)] (Lazy 0)
[robot_state_publisher-17] [INFO] [1776966535.701821226] [robot_4.robot_state_publisher]: got segment robot_4/antenna_link
[robot_state_publisher-17] [INFO] [1776966535.701987377] [robot_4.robot_state_publisher]: got segment robot_4/base_footprint
[robot_state_publisher-17] [INFO] [1776966535.702011923] [robot_4.robot_state_publisher]: got segment robot_4/base_link
[robot_state_publisher-17] [INFO] [1776966535.702027453] [robot_4.robot_state_publisher]: got segment robot_4/realsense_link
[robot_state_publisher-17] [INFO] [1776966535.702082736] [robot_4.robot_state_publisher]: got segment robot_4/rocker_L_link
[robot_state_publisher-17] [INFO] [1776966535.702098245] [robot_4.robot_state_publisher]: got segment robot_4/rocker_R_link
[robot_state_publisher-17] [INFO] [1776966535.702109712] [robot_4.robot_state_publisher]: got segment robot_4/wheel_FL_link
[robot_state_publisher-17] [INFO] [1776966535.702120772] [robot_4.robot_state_publisher]: got segment robot_4/wheel_FR_link
[robot_state_publisher-17] [INFO] [1776966535.702132231] [robot_4.robot_state_publisher]: got segment robot_4/wheel_RL_link
[robot_state_publisher-17] [INFO] [1776966535.702171797] [robot_4.robot_state_publisher]: got segment robot_4/wheel_RR_link
[parameter_bridge-4] [INFO] [1776966535.702186099] [all_robots_bridge]: Creating ROS->GZ Bridge: [/robot_1/cmd_vel (geometry_msgs/msg/Twist) -> /robot_1/cmd_vel (ignition.msgs.Twist)] (Lazy 0)
[parameter_bridge-4] [INFO] [1776966535.702656688] [all_robots_bridge]: Creating GZ->ROS Bridge: [/robot_1/odom (ignition.msgs.Odometry) -> /robot_1/odom (nav_msgs/msg/Odometry)] (Lazy 0)
[parameter_bridge-4] [INFO] [1776966535.703088242] [all_robots_bridge]: Creating GZ->ROS Bridge: [/robot_1/depth_camera/depth_image (ignition.msgs.Image) -> /robot_1/depth_camera/depth_image (sensor_msgs/msg/Image)] (Lazy 0)
[parameter_bridge-4] [INFO] [1776966535.703747670] [all_robots_bridge]: Creating GZ->ROS Bridge: [/world/random_world/model/robot_1/link/robot_1/base_footprint/sensor/contact_sensor/contact (ignition.msgs.Contacts) -> /world/random_world/model/robot_1/link/robot_1/base_footprint/sensor/contact_sensor/contact (ros_gz_interfaces/msg/Contacts)] (Lazy 0)
[parameter_bridge-4] [INFO] [1776966535.704358372] [all_robots_bridge]: Creating ROS->GZ Bridge: [/robot_2/cmd_vel (geometry_msgs/msg/Twist) -> /robot_2/cmd_vel (ignition.msgs.Twist)] (Lazy 0)
[parameter_bridge-4] [INFO] [1776966535.704862254] [all_robots_bridge]: Creating GZ->ROS Bridge: [/robot_2/odom (ignition.msgs.Odometry) -> /robot_2/odom (nav_msgs/msg/Odometry)] (Lazy 0)
[parameter_bridge-4] [INFO] [1776966535.705340419] [all_robots_bridge]: Creating GZ->ROS Bridge: [/robot_2/depth_camera/depth_image (ignition.msgs.Image) -> /robot_2/depth_camera/depth_image (sensor_msgs/msg/Image)] (Lazy 0)
[parameter_bridge-4] [INFO] [1776966535.705810611] [all_robots_bridge]: Creating GZ->ROS Bridge: [/world/random_world/model/robot_2/link/robot_2/base_footprint/sensor/contact_sensor/contact (ignition.msgs.Contacts) -> /world/random_world/model/robot_2/link/robot_2/base_footprint/sensor/contact_sensor/contact (ros_gz_interfaces/msg/Contacts)] (Lazy 0)
[parameter_bridge-4] [INFO] [1776966535.706254852] [all_robots_bridge]: Creating ROS->GZ Bridge: [/robot_3/cmd_vel (geometry_msgs/msg/Twist) -> /robot_3/cmd_vel (ignition.msgs.Twist)] (Lazy 0)
[parameter_bridge-4] [INFO] [1776966535.706585037] [all_robots_bridge]: Creating GZ->ROS Bridge: [/robot_3/odom (ignition.msgs.Odometry) -> /robot_3/odom (nav_msgs/msg/Odometry)] (Lazy 0)
[parameter_bridge-4] [INFO] [1776966535.706967125] [all_robots_bridge]: Creating GZ->ROS Bridge: [/robot_3/depth_camera/depth_image (ignition.msgs.Image) -> /robot_3/depth_camera/depth_image (sensor_msgs/msg/Image)] (Lazy 0)
[parameter_bridge-4] [INFO] [1776966535.709715172] [all_robots_bridge]: Creating GZ->ROS Bridge: [/world/random_world/model/robot_3/link/robot_3/base_footprint/sensor/contact_sensor/contact (ignition.msgs.Contacts) -> /world/random_world/model/robot_3/link/robot_3/base_footprint/sensor/contact_sensor/contact (ros_gz_interfaces/msg/Contacts)] (Lazy 0)
[parameter_bridge-4] [INFO] [1776966535.710190384] [all_robots_bridge]: Creating ROS->GZ Bridge: [/robot_4/cmd_vel (geometry_msgs/msg/Twist) -> /robot_4/cmd_vel (ignition.msgs.Twist)] (Lazy 0)
[parameter_bridge-4] [INFO] [1776966535.710654826] [all_robots_bridge]: Creating GZ->ROS Bridge: [/robot_4/odom (ignition.msgs.Odometry) -> /robot_4/odom (nav_msgs/msg/Odometry)] (Lazy 0)
[parameter_bridge-4] [INFO] [1776966535.711435626] [all_robots_bridge]: Creating GZ->ROS Bridge: [/robot_4/depth_camera/depth_image (ignition.msgs.Image) -> /robot_4/depth_camera/depth_image (sensor_msgs/msg/Image)] (Lazy 0)
[parameter_bridge-4] [INFO] [1776966535.712014131] [all_robots_bridge]: Creating GZ->ROS Bridge: [/world/random_world/model/robot_4/link/robot_4/base_footprint/sensor/contact_sensor/contact (ignition.msgs.Contacts) -> /world/random_world/model/robot_4/link/robot_4/base_footprint/sensor/contact_sensor/contact (ros_gz_interfaces/msg/Contacts)] (Lazy 0)
[parameter_bridge-4] [INFO] [1776966535.712737915] [all_robots_bridge]: Creating GZ->ROS Bridge: [/world/random_world/dynamic_pose/info (ignition.msgs.Pose_V) -> /world/random_world/dynamic_pose/info (tf2_msgs/msg/TFMessage)] (Lazy 0)
[parameter_bridge-20] [INFO] [1776966535.720384911] [clock_bridge]: Creating GZ->ROS Bridge: [/clock (ignition.msgs.Clock) -> /clock (rosgraph_msgs/msg/Clock)] (Lazy 0)
[robot_supervisor-16] [INFO] [1776966535.994625425] [robot_3.robot_supervisor]: Loaded initial mission 'explore' from explicit YAML explore_sup_gpt_medium_5_run_2_241.yaml
[robot_supervisor-7] [INFO] [1776966535.996237207] [robot_0.robot_supervisor]: Loaded initial mission 'explore' from explicit YAML explore_sup_gpt_medium_5_run_2_241.yaml
[bump_counter-3] [INFO] [1776966536.005131168] [bump_counter]: [global] global_mode=True cooldown(robot)=0.80s cooldown(obs)=0.50s Logging to /home/ecem/ros2_ws/src/Leo_sct/results_exp/explore_gpt54_repeat3_once/medium/prompt_5/run_2/spread/trial_2/run_20260423_194855/bumps_global_194855.csv
[robot_supervisor-10] [INFO] [1776966536.006357001] [robot_1.robot_supervisor]: Loaded initial mission 'explore' from explicit YAML explore_sup_gpt_medium_5_run_2_241.yaml
[robot_supervisor-19] [INFO] [1776966536.023766397] [robot_4.robot_supervisor]: Loaded initial mission 'explore' from explicit YAML explore_sup_gpt_medium_5_run_2_241.yaml
[robot_supervisor-13] [INFO] [1776966536.069481940] [robot_2.robot_supervisor]: Loaded initial mission 'explore' from explicit YAML explore_sup_gpt_medium_5_run_2_241.yaml
[create-15] [INFO] [1776966536.085721004] [robot_3.ros_gz_sim]: Waiting messages on topic [/robot_3/robot_description].
[robot_supervisor-16] [INFO] [1776966536.099169938] [robot_3.robot_supervisor]: Selected controllable event: EV_random_walk
[parameter_bridge-4] [INFO] [1776966536.099404223] [all_robots_bridge]: Passing message from ROS geometry_msgs/msg/Twist to Gazebo gz.msgs.Twist (showing msg only once per type)
[robot_supervisor-7] [INFO] [1776966536.101205410] [robot_0.robot_supervisor]: Selected controllable event: EV_random_walk
[robot_supervisor-10] [INFO] [1776966536.110051251] [robot_1.robot_supervisor]: Selected controllable event: EV_random_walk
[robot_supervisor-19] [INFO] [1776966536.127480254] [robot_4.robot_supervisor]: Selected controllable event: EV_random_walk
[robot_supervisor-13] [INFO] [1776966536.172873454] [robot_2.robot_supervisor]: Selected controllable event: EV_random_walk
[create-6] [INFO] [1776966536.186332946] [robot_0.ros_gz_sim]: Waiting messages on topic [/robot_0/robot_description].
[create-9] [INFO] [1776966536.287722059] [robot_1.ros_gz_sim]: Waiting messages on topic [/robot_1/robot_description].
[robot_supervisor-16] [INFO] [1776966536.300402934] [robot_3.robot_supervisor]: Selected controllable event: EV_random_walk
[robot_supervisor-10] [INFO] [1776966536.311304722] [robot_1.robot_supervisor]: Selected controllable event: EV_random_walk
[create-12] [INFO] [1776966536.387853714] [robot_2.ros_gz_sim]: Waiting messages on topic [/robot_2/robot_description].
[robot_supervisor-7] [INFO] [1776966536.401353412] [robot_0.robot_supervisor]: Selected controllable event: EV_random_walk
[robot_supervisor-19] [INFO] [1776966536.427114214] [robot_4.robot_supervisor]: Selected controllable event: EV_random_walk
[robot_supervisor-13] [INFO] [1776966536.472983968] [robot_2.robot_supervisor]: Selected controllable event: EV_random_walk
[create-15] [INFO] [1776966536.487303535] [robot_3.ros_gz_sim]: Requested creation of entity.
[create-15] [INFO] [1776966536.487399991] [robot_3.ros_gz_sim]: OK creation of entity.
[create-6] [INFO] [1776966536.487322395] [robot_0.ros_gz_sim]: Requested creation of entity.
[create-6] [INFO] [1776966536.487365006] [robot_0.ros_gz_sim]: OK creation of entity.
[create-12] [INFO] [1776966536.487351794] [robot_2.ros_gz_sim]: Requested creation of entity.
[create-12] [INFO] [1776966536.487384265] [robot_2.ros_gz_sim]: OK creation of entity.
[create-9] [INFO] [1776966536.487453656] [robot_1.ros_gz_sim]: Requested creation of entity.
[create-9] [INFO] [1776966536.487488839] [robot_1.ros_gz_sim]: OK creation of entity.
[create-18] [INFO] [1776966536.487738596] [robot_4.ros_gz_sim]: Waiting messages on topic [/robot_4/robot_description].
[create-18] [INFO] [1776966536.489955750] [robot_4.ros_gz_sim]: Requested creation of entity.
[create-18] [INFO] [1776966536.489979051] [robot_4.ros_gz_sim]: OK creation of entity.
[robot_supervisor-16] [INFO] [1776966536.599286057] [robot_3.robot_supervisor]: Selected controllable event: EV_move_forward
[robot_supervisor-10] [INFO] [1776966536.610347795] [robot_1.robot_supervisor]: Selected controllable event: EV_move_forward
[robot_supervisor-7] [INFO] [1776966536.701419950] [robot_0.robot_supervisor]: Selected controllable event: EV_move_forward
[robot_supervisor-19] [INFO] [1776966536.727327460] [robot_4.robot_supervisor]: Selected controllable event: EV_move_forward
[robot_supervisor-13] [INFO] [1776966536.773069002] [robot_2.robot_supervisor]: Selected controllable event: EV_move_forward
[bump_counter-3] [INFO] [1776966537.066398902] [bump_counter]: [global] subscribed: /world/random_world/model/robot_0/link/robot_0/base_footprint/sensor/contact_sensor/contact
[bump_counter-3] [INFO] [1776966537.068349845] [bump_counter]: [global] subscribed: /world/random_world/model/robot_1/link/robot_1/base_footprint/sensor/contact_sensor/contact
[bump_counter-3] [INFO] [1776966537.069149048] [bump_counter]: [global] subscribed: /world/random_world/model/robot_2/link/robot_2/base_footprint/sensor/contact_sensor/contact
[bump_counter-3] [INFO] [1776966537.070184747] [bump_counter]: [global] subscribed: /world/random_world/model/robot_3/link/robot_3/base_footprint/sensor/contact_sensor/contact
[bump_counter-3] [INFO] [1776966537.071798296] [bump_counter]: [global] subscribed: /world/random_world/model/robot_4/link/robot_4/base_footprint/sensor/contact_sensor/contact
[INFO] [create-6]: process has finished cleanly [pid 433573]
[INFO] [create-12]: process has finished cleanly [pid 433586]
[INFO] [create-15]: process has finished cleanly [pid 433592]
[INFO] [create-9]: process has finished cleanly [pid 433580]
[INFO] [create-18]: process has finished cleanly [pid 433672]
[INFO] [image_processor-21]: process started with pid [433997]
[INFO] [image_processor-22]: process started with pid [433999]
[INFO] [image_processor-23]: process started with pid [434001]
[INFO] [image_processor-24]: process started with pid [434003]
[INFO] [image_processor-25]: process started with pid [434005]
[image_processor-21] [INFO] [1776966537.695658656] [robot_0.image_processor]: image_processor: depth='/robot_0/depth_camera/depth_image' aruco_runtime=disabled
[image_processor-22] [INFO] [1776966537.698140523] [robot_1.image_processor]: image_processor: depth='/robot_1/depth_camera/depth_image' aruco_runtime=disabled
[image_processor-23] [INFO] [1776966537.704205845] [robot_2.image_processor]: image_processor: depth='/robot_2/depth_camera/depth_image' aruco_runtime=disabled
[image_processor-24] [INFO] [1776966537.704746833] [robot_3.image_processor]: image_processor: depth='/robot_3/depth_camera/depth_image' aruco_runtime=disabled
[image_processor-25] [INFO] [1776966537.722795608] [robot_4.image_processor]: image_processor: depth='/robot_4/depth_camera/depth_image' aruco_runtime=disabled
[image_processor-24] [INFO] [1776966541.135642178] [robot_3.image_processor]: Zone=CLEAR  left[p=1.102 near=0 v=7650]  front[p=1.719 near=0 v=13500]  right[p=2.172 near=0 v=7740]
[image_processor-21] [INFO] [1776966541.143671529] [robot_0.image_processor]: Zone=CLEAR  left[p=0.904 near=0 v=7650]  front[p=1.356 near=0 v=13500]  right[p=1.356 near=0 v=7740]
[image_processor-22] [INFO] [1776966541.159230412] [robot_1.image_processor]: Zone=CLEAR  left[p=1.667 near=0 v=7650]  front[p=3.100 near=0 v=12175]  right[p=2.607 near=0 v=7450]
[image_processor-23] [INFO] [1776966541.176870749] [robot_2.image_processor]: Zone=CLEAR  left[p=2.745 near=0 v=5011]  front[p=1.644 near=0 v=8425]  right[p=1.700 near=0 v=6986]
[image_processor-25] [INFO] [1776966541.301681522] [robot_4.image_processor]: Zone=CLEAR  left[p=3.196 near=0 v=6573]  front[p=2.953 near=0 v=9956]  right[p=2.658 near=0 v=5511]
[image_processor-24] [INFO] [1776966543.633643357] [robot_3.image_processor]: Zone=CLEAR
[image_processor-21] [INFO] [1776966543.642849008] [robot_0.image_processor]: Zone=CLEAR
[image_processor-22] [INFO] [1776966543.653715737] [robot_1.image_processor]: Zone=CLEAR
[image_processor-23] [INFO] [1776966543.672204105] [robot_2.image_processor]: Zone=CLEAR
[image_processor-25] [INFO] [1776966543.698262362] [robot_4.image_processor]: Zone=CLEAR
[image_processor-24] [INFO] [1776966546.137233725] [robot_3.image_processor]: Zone=CLEAR
[image_processor-21] [INFO] [1776966546.149626003] [robot_0.image_processor]: Zone=CLEAR
[image_processor-22] [INFO] [1776966546.170141137] [robot_1.image_processor]: Zone=CLEAR
[image_processor-23] [INFO] [1776966546.196919547] [robot_2.image_processor]: Zone=CLEAR
[image_processor-25] [INFO] [1776966546.218438959] [robot_4.image_processor]: Zone=CLEAR
[image_processor-24] [INFO] [1776966548.629273982] [robot_3.image_processor]: Zone=CLEAR
[image_processor-21] [INFO] [1776966548.638782107] [robot_0.image_processor]: Zone=CLEAR
[image_processor-22] [INFO] [1776966548.649680991] [robot_1.image_processor]: Zone=CLEAR
[image_processor-25] [INFO] [1776966548.703981954] [robot_4.image_processor]: Zone=CLEAR
[image_processor-23] [INFO] [1776966548.776953246] [robot_2.image_processor]: Zone=CLEAR
[image_processor-21] [INFO] [1776966551.150392734] [robot_0.image_processor]: Zone=CLEAR
[image_processor-22] [INFO] [1776966551.162464335] [robot_1.image_processor]: Zone=CLEAR
[image_processor-23] [INFO] [1776966551.181454215] [robot_2.image_processor]: Zone=CLEAR
[image_processor-25] [INFO] [1776966551.212414508] [robot_4.image_processor]: Zone=CLEAR
[image_processor-24] [INFO] [1776966551.241243997] [robot_3.image_processor]: Zone=CLEAR
[image_processor-24] [INFO] [1776966553.636182575] [robot_3.image_processor]: Zone=CLEAR
[image_processor-21] [INFO] [1776966553.646553351] [robot_0.image_processor]: Zone=CLEAR
[image_processor-22] [INFO] [1776966553.661362628] [robot_1.image_processor]: Zone=CLEAR
[image_processor-23] [INFO] [1776966553.680395554] [robot_2.image_processor]: Zone=CLEAR
[image_processor-25] [INFO] [1776966553.709494300] [robot_4.image_processor]: Zone=CLEAR
[image_processor-24] [INFO] [1776966556.130436847] [robot_3.image_processor]: Zone=CLEAR
[image_processor-21] [INFO] [1776966556.141078431] [robot_0.image_processor]: Zone=CLEAR
[image_processor-22] [INFO] [1776966556.151470513] [robot_1.image_processor]: Zone=CLEAR
[image_processor-23] [INFO] [1776966556.185299226] [robot_2.image_processor]: Zone=CLEAR
[image_processor-25] [INFO] [1776966556.218528535] [robot_4.image_processor]: Zone=CLEAR
[image_processor-24] [INFO] [1776966558.640232872] [robot_3.image_processor]: Zone=CLEAR
[image_processor-21] [INFO] [1776966558.652762249] [robot_0.image_processor]: Zone=CLEAR
[image_processor-22] [INFO] [1776966558.674243059] [robot_1.image_processor]: Zone=CLEAR
[image_processor-23] [INFO] [1776966558.706172012] [robot_2.image_processor]: Zone=CLEAR
[image_processor-25] [INFO] [1776966558.735133885] [robot_4.image_processor]: Zone=CLEAR
[image_processor-24] [INFO] [1776966561.138200095] [robot_3.image_processor]: Zone=CLEAR
[image_processor-21] [INFO] [1776966561.152063125] [robot_0.image_processor]: Zone=CLEAR
[image_processor-22] [INFO] [1776966561.174430698] [robot_1.image_processor]: Zone=CLEAR
[image_processor-23] [INFO] [1776966561.207494063] [robot_2.image_processor]: Zone=CLEAR
[image_processor-25] [INFO] [1776966561.230768261] [robot_4.image_processor]: Zone=CLEAR
[image_processor-24] [INFO] [1776966563.629687970] [robot_3.image_processor]: Zone=CLEAR
[image_processor-21] [INFO] [1776966563.639733083] [robot_0.image_processor]: Zone=CLEAR
[image_processor-22] [INFO] [1776966563.652202755] [robot_1.image_processor]: Zone=CLEAR
[image_processor-23] [INFO] [1776966563.676595660] [robot_2.image_processor]: Zone=CLEAR
[image_processor-25] [INFO] [1776966563.707735560] [robot_4.image_processor]: Zone=CLEAR
[image_processor-24] [INFO] [1776966566.137117595] [robot_3.image_processor]: Zone=CLEAR
[image_processor-21] [INFO] [1776966566.148452873] [robot_0.image_processor]: Zone=CLEAR
[image_processor-22] [INFO] [1776966566.169493246] [robot_1.image_processor]: Zone=CLEAR
[image_processor-23] [INFO] [1776966566.195687330] [robot_2.image_processor]: Zone=CLEAR
[image_processor-25] [INFO] [1776966566.216162078] [robot_4.image_processor]: Zone=CLEAR
[image_processor-24] [INFO] [1776966568.644242164] [robot_3.image_processor]: Zone=CLEAR
[image_processor-21] [INFO] [1776966568.655279225] [robot_0.image_processor]: Zone=CLEAR
[image_processor-22] [INFO] [1776966568.674674756] [robot_1.image_processor]: Zone=CLEAR
[image_processor-23] [INFO] [1776966568.697110309] [robot_2.image_processor]: Zone=CLEAR
[image_processor-25] [INFO] [1776966568.717497716] [robot_4.image_processor]: Zone=CLEAR
[image_processor-24] [INFO] [1776966571.142133412] [robot_3.image_processor]: Zone=CLEAR
[image_processor-21] [INFO] [1776966571.152620761] [robot_0.image_processor]: Zone=CLEAR
[image_processor-22] [INFO] [1776966571.174990921] [robot_1.image_processor]: Zone=CLEAR
[image_processor-23] [INFO] [1776966571.196791998] [robot_2.image_processor]: Zone=CLEAR
[image_processor-25] [INFO] [1776966571.223594597] [robot_4.image_processor]: Zone=CLEAR
[image_processor-24] [INFO] [1776966573.642039620] [robot_3.image_processor]: Zone=CLEAR
[image_processor-21] [INFO] [1776966573.653094877] [robot_0.image_processor]: Zone=CLEAR
[image_processor-22] [INFO] [1776966573.664679676] [robot_1.image_processor]: Zone=CLEAR
[image_processor-23] [INFO] [1776966573.685045673] [robot_2.image_processor]: Zone=CLEAR
[image_processor-25] [INFO] [1776966573.719537867] [robot_4.image_processor]: Zone=CLEAR
[image_processor-24] [INFO] [1776966576.131237163] [robot_3.image_processor]: Zone=CLEAR
[image_processor-21] [INFO] [1776966576.141039025] [robot_0.image_processor]: Zone=CLEAR
[image_processor-22] [INFO] [1776966576.151488878] [robot_1.image_processor]: Zone=CLEAR
[image_processor-23] [INFO] [1776966576.180636679] [robot_2.image_processor]: Zone=CLEAR
[image_processor-25] [INFO] [1776966576.210031158] [robot_4.image_processor]: Zone=CLEAR
[image_processor-24] [INFO] [1776966578.643051186] [robot_3.image_processor]: Zone=CLEAR
[image_processor-21] [INFO] [1776966578.655543816] [robot_0.image_processor]: Zone=CLEAR
[image_processor-22] [INFO] [1776966578.673845129] [robot_1.image_processor]: Zone=CLEAR
[image_processor-23] [INFO] [1776966578.716991213] [robot_2.image_processor]: Zone=CLEAR
[image_processor-25] [INFO] [1776966578.754494097] [robot_4.image_processor]: Zone=CLEAR
[image_processor-24] [INFO] [1776966581.138351057] [robot_3.image_processor]: Zone=CLEAR
[image_processor-21] [INFO] [1776966581.149576704] [robot_0.image_processor]: Zone=CLEAR
[image_processor-22] [INFO] [1776966581.165665915] [robot_1.image_processor]: Zone=CLEAR
[image_processor-23] [INFO] [1776966581.203245455] [robot_2.image_processor]: Zone=CLEAR
[image_processor-25] [INFO] [1776966581.238867202] [robot_4.image_processor]: Zone=CLEAR
[image_processor-24] [INFO] [1776966583.645305213] [robot_3.image_processor]: Zone=CLEAR
[image_processor-22] [INFO] [1776966583.677240080] [robot_1.image_processor]: Zone=CLEAR
[image_processor-23] [INFO] [1776966583.714828654] [robot_2.image_processor]: Zone=CLEAR
[image_processor-25] [INFO] [1776966583.738055961] [robot_4.image_processor]: Zone=CLEAR
[image_processor-21] [INFO] [1776966583.765781144] [robot_0.image_processor]: Zone=CLEAR
[image_processor-24] [INFO] [1776966586.138464965] [robot_3.image_processor]: Zone=CLEAR
[image_processor-21] [INFO] [1776966586.156298031] [robot_0.image_processor]: Zone=CLEAR
[image_processor-22] [INFO] [1776966586.180735532] [robot_1.image_processor]: Zone=CLEAR
[image_processor-23] [INFO] [1776966586.208891663] [robot_2.image_processor]: Zone=CLEAR
[image_processor-25] [INFO] [1776966586.248965967] [robot_4.image_processor]: Zone=CLEAR
[image_processor-24] [INFO] [1776966588.646513282] [robot_3.image_processor]: Zone=CLEAR
[image_processor-21] [INFO] [1776966588.677761299] [robot_0.image_processor]: Zone=CLEAR
[image_processor-22] [INFO] [1776966588.700767970] [robot_1.image_processor]: Zone=CLEAR
[image_processor-23] [INFO] [1776966588.726522613] [robot_2.image_processor]: Zone=CLEAR
[image_processor-25] [INFO] [1776966588.754065526] [robot_4.image_processor]: Zone=CLEAR
[image_processor-21] [INFO] [1776966591.152856275] [robot_0.image_processor]: Zone=CLEAR
[image_processor-22] [INFO] [1776966591.173988488] [robot_1.image_processor]: Zone=CLEAR
[image_processor-23] [INFO] [1776966591.198117319] [robot_2.image_processor]: Zone=CLEAR
[image_processor-25] [INFO] [1776966591.220350154] [robot_4.image_processor]: Zone=CLEAR
[image_processor-24] [INFO] [1776966591.242608348] [robot_3.image_processor]: Zone=CLEAR
[image_processor-24] [INFO] [1776966593.640417173] [robot_3.image_processor]: Zone=CLEAR
[image_processor-21] [INFO] [1776966593.651261562] [robot_0.image_processor]: Zone=CLEAR
[image_processor-22] [INFO] [1776966593.674477925] [robot_1.image_processor]: Zone=CLEAR
[image_processor-23] [INFO] [1776966593.696540278] [robot_2.image_processor]: Zone=CLEAR
[image_processor-25] [INFO] [1776966593.718902394] [robot_4.image_processor]: Zone=CLEAR
[image_processor-24] [INFO] [1776966596.141399072] [robot_3.image_processor]: Zone=CLEAR
[image_processor-21] [INFO] [1776966596.164326127] [robot_0.image_processor]: Zone=CLEAR
[image_processor-22] [INFO] [1776966596.179817800] [robot_1.image_processor]: Zone=CLEAR
[image_processor-23] [INFO] [1776966596.220487914] [robot_2.image_processor]: Zone=CLEAR
[image_processor-25] [INFO] [1776966596.252991129] [robot_4.image_processor]: Zone=CLEAR
[image_processor-24] [INFO] [1776966598.640538931] [robot_3.image_processor]: Zone=CLEAR
[image_processor-21] [INFO] [1776966598.651639099] [robot_0.image_processor]: Zone=CLEAR
[image_processor-22] [INFO] [1776966598.662549865] [robot_1.image_processor]: Zone=CLEAR
[image_processor-23] [INFO] [1776966598.683896104] [robot_2.image_processor]: Zone=CLEAR
[image_processor-25] [INFO] [1776966598.716426944] [robot_4.image_processor]: Zone=CLEAR
[image_processor-24] [INFO] [1776966601.141427980] [robot_3.image_processor]: Zone=CLEAR
[image_processor-21] [INFO] [1776966601.153329893] [robot_0.image_processor]: Zone=CLEAR
[image_processor-22] [INFO] [1776966601.174373454] [robot_1.image_processor]: Zone=CLEAR
[image_processor-25] [INFO] [1776966601.235841454] [robot_4.image_processor]: Zone=CLEAR
[image_processor-23] [INFO] [1776966601.310091659] [robot_2.image_processor]: Zone=CLEAR
[image_processor-24] [INFO] [1776966603.634139089] [robot_3.image_processor]: Zone=CLEAR
[image_processor-21] [INFO] [1776966603.645694007] [robot_0.image_processor]: Zone=CLEAR
[image_processor-22] [INFO] [1776966603.667122316] [robot_1.image_processor]: Zone=CLEAR
[image_processor-23] [INFO] [1776966603.689245205] [robot_2.image_processor]: Zone=CLEAR
[image_processor-25] [INFO] [1776966603.720548731] [robot_4.image_processor]: Zone=CLEAR
[image_processor-24] [INFO] [1776966606.141542361] [robot_3.image_processor]: Zone=CLEAR
[image_processor-21] [INFO] [1776966606.152382645] [robot_0.image_processor]: Zone=CLEAR
[image_processor-22] [INFO] [1776966606.164785132] [robot_1.image_processor]: Zone=CLEAR
[image_processor-23] [INFO] [1776966606.185008113] [robot_2.image_processor]: Zone=CLEAR
[image_processor-25] [INFO] [1776966606.217480233] [robot_4.image_processor]: Zone=CLEAR
[image_processor-24] [INFO] [1776966608.639846253] [robot_3.image_processor]: Zone=CLEAR
[image_processor-22] [INFO] [1776966608.673377198] [robot_1.image_processor]: Zone=CLEAR
[image_processor-23] [INFO] [1776966608.692966297] [robot_2.image_processor]: Zone=CLEAR
[image_processor-25] [INFO] [1776966608.713177361] [robot_4.image_processor]: Zone=CLEAR
[image_processor-21] [INFO] [1776966608.752810952] [robot_0.image_processor]: Zone=CLEAR
[image_processor-24] [INFO] [1776966611.130684127] [robot_3.image_processor]: Zone=CLEAR
[image_processor-21] [INFO] [1776966611.141268523] [robot_0.image_processor]: Zone=CLEAR
[image_processor-22] [INFO] [1776966611.154033801] [robot_1.image_processor]: Zone=CLEAR
[image_processor-23] [INFO] [1776966611.184193585] [robot_2.image_processor]: Zone=CLEAR
[image_processor-25] [INFO] [1776966611.217748221] [robot_4.image_processor]: Zone=CLEAR
[image_processor-24] [INFO] [1776966613.643810954] [robot_3.image_processor]: Zone=CLEAR
[image_processor-21] [INFO] [1776966613.668283484] [robot_0.image_processor]: Zone=CLEAR
[image_processor-22] [INFO] [1776966613.678992309] [robot_1.image_processor]: Zone=CLEAR
[image_processor-23] [INFO] [1776966613.701698620] [robot_2.image_processor]: Zone=CLEAR
[image_processor-25] [INFO] [1776966613.721141982] [robot_4.image_processor]: Zone=CLEAR
[image_processor-24] [INFO] [1776966616.130715785] [robot_3.image_processor]: Zone=CLEAR
[image_processor-21] [INFO] [1776966616.142025805] [robot_0.image_processor]: Zone=CLEAR
[image_processor-22] [INFO] [1776966616.154020415] [robot_1.image_processor]: Zone=CLEAR
[image_processor-23] [INFO] [1776966616.183891568] [robot_2.image_processor]: Zone=CLEAR
[image_processor-25] [INFO] [1776966616.216866021] [robot_4.image_processor]: Zone=CLEAR
[image_processor-24] [INFO] [1776966618.640939137] [robot_3.image_processor]: Zone=CLEAR
[image_processor-21] [INFO] [1776966618.652211073] [robot_0.image_processor]: Zone=CLEAR
[image_processor-22] [INFO] [1776966618.675260435] [robot_1.image_processor]: Zone=CLEAR
[image_processor-23] [INFO] [1776966618.709006397] [robot_2.image_processor]: Zone=CLEAR
[image_processor-25] [INFO] [1776966618.741876947] [robot_4.image_processor]: Zone=CLEAR
[image_processor-24] [INFO] [1776966621.139141391] [robot_3.image_processor]: Zone=CLEAR
[image_processor-21] [INFO] [1776966621.150613608] [robot_0.image_processor]: Zone=CLEAR
[image_processor-22] [INFO] [1776966621.172968231] [robot_1.image_processor]: Zone=CLEAR
[image_processor-23] [INFO] [1776966621.195567440] [robot_2.image_processor]: Zone=CLEAR
[image_processor-25] [INFO] [1776966621.212704306] [robot_4.image_processor]: Zone=CLEAR
[image_processor-24] [INFO] [1776966623.643326723] [robot_3.image_processor]: Zone=CLEAR
[image_processor-21] [INFO] [1776966623.653582068] [robot_0.image_processor]: Zone=CLEAR
[image_processor-22] [INFO] [1776966623.673670168] [robot_1.image_processor]: Zone=CLEAR
[image_processor-23] [INFO] [1776966623.707368369] [robot_2.image_processor]: Zone=CLEAR
[image_processor-25] [INFO] [1776966623.739030118] [robot_4.image_processor]: Zone=CLEAR
[image_processor-24] [INFO] [1776966626.129546683] [robot_3.image_processor]: Zone=CLEAR
[image_processor-21] [INFO] [1776966626.138989508] [robot_0.image_processor]: Zone=CLEAR
[image_processor-22] [INFO] [1776966626.149647105] [robot_1.image_processor]: Zone=CLEAR
[image_processor-23] [INFO] [1776966626.178274844] [robot_2.image_processor]: Zone=CLEAR
[image_processor-25] [INFO] [1776966626.210890998] [robot_4.image_processor]: Zone=CLEAR
[image_processor-24] [INFO] [1776966628.636361835] [robot_3.image_processor]: Zone=CLEAR
[image_processor-21] [INFO] [1776966628.650861226] [robot_0.image_processor]: Zone=CLEAR
[image_processor-22] [INFO] [1776966628.676089680] [robot_1.image_processor]: Zone=CLEAR
[image_processor-23] [INFO] [1776966628.713498547] [robot_2.image_processor]: Zone=CLEAR
[image_processor-25] [INFO] [1776966628.744064739] [robot_4.image_processor]: Zone=CLEAR
[image_processor-24] [INFO] [1776966631.140294931] [robot_3.image_processor]: Zone=CLEAR
[image_processor-22] [INFO] [1776966631.164284130] [robot_1.image_processor]: Zone=CLEAR
[image_processor-23] [INFO] [1776966631.187369062] [robot_2.image_processor]: Zone=CLEAR
[image_processor-25] [INFO] [1776966631.220533736] [robot_4.image_processor]: Zone=CLEAR
[image_processor-21] [INFO] [1776966631.255718024] [robot_0.image_processor]: Zone=CLEAR
[image_processor-24] [INFO] [1776966633.640683174] [robot_3.image_processor]: Zone=CLEAR
[image_processor-21] [INFO] [1776966633.653269825] [robot_0.image_processor]: Zone=CLEAR
[image_processor-22] [INFO] [1776966633.663139270] [robot_1.image_processor]: Zone=CLEAR
[image_processor-23] [INFO] [1776966633.682038943] [robot_2.image_processor]: Zone=CLEAR
[image_processor-25] [INFO] [1776966633.718113411] [robot_4.image_processor]: Zone=CLEAR
[image_processor-24] [INFO] [1776966636.142352374] [robot_3.image_processor]: Zone=CLEAR
[image_processor-21] [INFO] [1776966636.157385631] [robot_0.image_processor]: Zone=CLEAR
[image_processor-22] [INFO] [1776966636.176688602] [robot_1.image_processor]: Zone=CLEAR
[image_processor-23] [INFO] [1776966636.216420410] [robot_2.image_processor]: Zone=CLEAR
[image_processor-25] [INFO] [1776966636.253960769] [robot_4.image_processor]: Zone=CLEAR
[image_processor-24] [INFO] [1776966638.632145707] [robot_3.image_processor]: Zone=CLEAR
[image_processor-21] [INFO] [1776966638.645222049] [robot_0.image_processor]: Zone=CLEAR
[image_processor-22] [INFO] [1776966638.664032469] [robot_1.image_processor]: Zone=CLEAR
[image_processor-23] [INFO] [1776966638.684549652] [robot_2.image_processor]: Zone=CLEAR
[image_processor-25] [INFO] [1776966638.718683937] [robot_4.image_processor]: Zone=CLEAR
[image_processor-24] [INFO] [1776966641.139014439] [robot_3.image_processor]: Zone=CLEAR
[image_processor-21] [INFO] [1776966641.151215470] [robot_0.image_processor]: Zone=CLEAR
[image_processor-22] [INFO] [1776966641.172212344] [robot_1.image_processor]: Zone=CLEAR
[image_processor-23] [INFO] [1776966641.203825212] [robot_2.image_processor]: Zone=CLEAR
[image_processor-25] [INFO] [1776966641.238421353] [robot_4.image_processor]: Zone=CLEAR
[image_processor-24] [INFO] [1776966643.639472311] [robot_3.image_processor]: Zone=CLEAR
[image_processor-21] [INFO] [1776966643.649913799] [robot_0.image_processor]: Zone=CLEAR
[image_processor-22] [INFO] [1776966643.675222807] [robot_1.image_processor]: Zone=CLEAR
[image_processor-23] [INFO] [1776966643.705656089] [robot_2.image_processor]: Zone=CLEAR
[image_processor-25] [INFO] [1776966643.830276196] [robot_4.image_processor]: Zone=CLEAR
[image_processor-24] [INFO] [1776966646.141495484] [robot_3.image_processor]: Zone=CLEAR
[image_processor-21] [INFO] [1776966646.166045992] [robot_0.image_processor]: Zone=CLEAR
[image_processor-22] [INFO] [1776966646.184383466] [robot_1.image_processor]: Zone=CLEAR
[image_processor-23] [INFO] [1776966646.218870583] [robot_2.image_processor]: Zone=CLEAR
[image_processor-25] [INFO] [1776966646.253685569] [robot_4.image_processor]: Zone=CLEAR
[image_processor-24] [INFO] [1776966648.641520960] [robot_3.image_processor]: Zone=CLEAR
[image_processor-21] [INFO] [1776966648.651885932] [robot_0.image_processor]: Zone=CLEAR
[image_processor-22] [INFO] [1776966648.672495114] [robot_1.image_processor]: Zone=CLEAR
[image_processor-23] [INFO] [1776966648.698760998] [robot_2.image_processor]: Zone=CLEAR
[image_processor-25] [INFO] [1776966648.718293587] [robot_4.image_processor]: Zone=CLEAR
[image_processor-24] [INFO] [1776966651.141186068] [robot_3.image_processor]: Zone=CLEAR
[image_processor-21] [INFO] [1776966651.152294711] [robot_0.image_processor]: Zone=CLEAR
[image_processor-22] [INFO] [1776966651.174904418] [robot_1.image_processor]: Zone=CLEAR
[image_processor-23] [INFO] [1776966651.198171341] [robot_2.image_processor]: Zone=CLEAR
[image_processor-25] [INFO] [1776966651.219833921] [robot_4.image_processor]: Zone=CLEAR
[image_processor-24] [INFO] [1776966653.640648756] [robot_3.image_processor]: Zone=CLEAR
[image_processor-21] [INFO] [1776966653.651663347] [robot_0.image_processor]: Zone=CLEAR
[image_processor-22] [INFO] [1776966653.672797962] [robot_1.image_processor]: Zone=CLEAR
[image_processor-23] [INFO] [1776966653.695707244] [robot_2.image_processor]: Zone=CLEAR
[image_processor-25] [INFO] [1776966653.712301919] [robot_4.image_processor]: Zone=CLEAR
[image_processor-24] [INFO] [1776966656.139472174] [robot_3.image_processor]: Zone=CLEAR
[image_processor-21] [INFO] [1776966656.150947637] [robot_0.image_processor]: Zone=CLEAR
[image_processor-22] [INFO] [1776966656.171100183] [robot_1.image_processor]: Zone=CLEAR
[image_processor-23] [INFO] [1776966656.203923819] [robot_2.image_processor]: Zone=CLEAR
[image_processor-25] [INFO] [1776966656.226082990] [robot_4.image_processor]: Zone=CLEAR
[image_processor-24] [INFO] [1776966658.638976760] [robot_3.image_processor]: Zone=CLEAR
[image_processor-21] [INFO] [1776966658.650443829] [robot_0.image_processor]: Zone=CLEAR
[image_processor-22] [INFO] [1776966658.675041413] [robot_1.image_processor]: Zone=CLEAR
[image_processor-23] [INFO] [1776966658.708363589] [robot_2.image_processor]: Zone=CLEAR
[image_processor-25] [INFO] [1776966658.732022514] [robot_4.image_processor]: Zone=CLEAR
[image_processor-24] [INFO] [1776966661.130647298] [robot_3.image_processor]: Zone=CLEAR
[image_processor-21] [INFO] [1776966661.141300408] [robot_0.image_processor]: Zone=CLEAR
[image_processor-22] [INFO] [1776966661.152024816] [robot_1.image_processor]: Zone=CLEAR
[image_processor-23] [INFO] [1776966661.184067476] [robot_2.image_processor]: Zone=CLEAR
[image_processor-25] [INFO] [1776966661.218725039] [robot_4.image_processor]: Zone=CLEAR
[image_processor-24] [INFO] [1776966663.639897721] [robot_3.image_processor]: Zone=CLEAR
[image_processor-21] [INFO] [1776966663.651297094] [robot_0.image_processor]: Zone=CLEAR
[image_processor-22] [INFO] [1776966663.674068193] [robot_1.image_processor]: Zone=CLEAR
[image_processor-23] [INFO] [1776966663.697242057] [robot_2.image_processor]: Zone=CLEAR
[image_processor-25] [INFO] [1776966663.721706895] [robot_4.image_processor]: Zone=CLEAR
[image_processor-24] [INFO] [1776966666.140954066] [robot_3.image_processor]: Zone=CLEAR
[image_processor-21] [INFO] [1776966666.154983761] [robot_0.image_processor]: Zone=CLEAR
[image_processor-22] [INFO] [1776966666.173999386] [robot_1.image_processor]: Zone=CLEAR
[image_processor-23] [INFO] [1776966666.194536204] [robot_2.image_processor]: Zone=CLEAR
[image_processor-25] [INFO] [1776966666.215291669] [robot_4.image_processor]: Zone=CLEAR
[image_processor-24] [INFO] [1776966668.640264846] [robot_3.image_processor]: Zone=CLEAR
[image_processor-21] [INFO] [1776966668.656913213] [robot_0.image_processor]: Zone=CLEAR
[image_processor-22] [INFO] [1776966668.672632181] [robot_1.image_processor]: Zone=CLEAR
[image_processor-23] [INFO] [1776966668.697453056] [robot_2.image_processor]: Zone=CLEAR
[image_processor-25] [INFO] [1776966668.720415142] [robot_4.image_processor]: Zone=CLEAR
[image_processor-24] [INFO] [1776966671.140259655] [robot_3.image_processor]: Zone=CLEAR
[image_processor-21] [INFO] [1776966671.154184146] [robot_0.image_processor]: Zone=CLEAR
[image_processor-22] [INFO] [1776966671.173942861] [robot_1.image_processor]: Zone=CLEAR
[image_processor-23] [INFO] [1776966671.199059200] [robot_2.image_processor]: Zone=CLEAR
[image_processor-25] [INFO] [1776966671.217744094] [robot_4.image_processor]: Zone=CLEAR
[image_processor-24] [INFO] [1776966673.640777914] [robot_3.image_processor]: Zone=CLEAR
[image_processor-21] [INFO] [1776966673.652522787] [robot_0.image_processor]: Zone=CLEAR
[image_processor-22] [INFO] [1776966673.665249317] [robot_1.image_processor]: Zone=CLEAR
[image_processor-23] [INFO] [1776966673.686973319] [robot_2.image_processor]: Zone=CLEAR
[image_processor-25] [INFO] [1776966673.714068721] [robot_4.image_processor]: Zone=CLEAR
[image_processor-24] [INFO] [1776966676.138733295] [robot_3.image_processor]: Zone=CLEAR
[image_processor-21] [INFO] [1776966676.151394567] [robot_0.image_processor]: Zone=CLEAR
[image_processor-22] [INFO] [1776966676.173218203] [robot_1.image_processor]: Zone=CLEAR
[image_processor-25] [INFO] [1776966676.238586858] [robot_4.image_processor]: Zone=CLEAR
[image_processor-23] [INFO] [1776966676.308196573] [robot_2.image_processor]: Zone=CLEAR
[image_processor-24] [INFO] [1776966678.639692138] [robot_3.image_processor]: Zone=CLEAR
[image_processor-21] [INFO] [1776966678.651573252] [robot_0.image_processor]: Zone=CLEAR
[image_processor-22] [INFO] [1776966678.663445661] [robot_1.image_processor]: Zone=CLEAR
[image_processor-23] [INFO] [1776966678.684066937] [robot_2.image_processor]: Zone=CLEAR
[image_processor-25] [INFO] [1776966678.717382378] [robot_4.image_processor]: Zone=CLEAR
[image_processor-24] [INFO] [1776966681.129890383] [robot_3.image_processor]: Zone=CLEAR
[image_processor-21] [INFO] [1776966681.141647534] [robot_0.image_processor]: Zone=CLEAR
[image_processor-22] [INFO] [1776966681.152823219] [robot_1.image_processor]: Zone=CLEAR
[image_processor-23] [INFO] [1776966681.185960446] [robot_2.image_processor]: Zone=CLEAR
[image_processor-25] [INFO] [1776966681.217395697] [robot_4.image_processor]: Zone=CLEAR
[image_processor-24] [INFO] [1776966683.643636026] [robot_3.image_processor]: Zone=CLEAR
[image_processor-21] [INFO] [1776966683.676727523] [robot_0.image_processor]: Zone=CLEAR
[image_processor-22] [INFO] [1776966683.690412482] [robot_1.image_processor]: Zone=CLEAR
[image_processor-23] [INFO] [1776966683.722154001] [robot_2.image_processor]: Zone=CLEAR
[image_processor-25] [INFO] [1776966683.745847009] [robot_4.image_processor]: Zone=CLEAR
[image_processor-24] [INFO] [1776966686.141441070] [robot_3.image_processor]: Zone=CLEAR
[image_processor-21] [INFO] [1776966686.152785504] [robot_0.image_processor]: Zone=CLEAR
[image_processor-22] [INFO] [1776966686.173710254] [robot_1.image_processor]: Zone=CLEAR
[image_processor-23] [INFO] [1776966686.207574966] [robot_2.image_processor]: Zone=CLEAR
[image_processor-25] [INFO] [1776966686.239053568] [robot_4.image_processor]: Zone=CLEAR
[image_processor-24] [INFO] [1776966688.639662544] [robot_3.image_processor]: Zone=CLEAR
[image_processor-21] [INFO] [1776966688.648253845] [robot_0.image_processor]: Zone=CLEAR
[image_processor-22] [INFO] [1776966688.672106489] [robot_1.image_processor]: Zone=CLEAR
[image_processor-23] [INFO] [1776966688.694854756] [robot_2.image_processor]: Zone=CLEAR
[image_processor-25] [INFO] [1776966688.711734527] [robot_4.image_processor]: Zone=CLEAR
[image_processor-24] [INFO] [1776966691.136034709] [robot_3.image_processor]: Zone=CLEAR
[image_processor-21] [INFO] [1776966691.149913528] [robot_0.image_processor]: Zone=CLEAR
[image_processor-22] [INFO] [1776966691.168213960] [robot_1.image_processor]: Zone=CLEAR
[image_processor-23] [INFO] [1776966691.187703997] [robot_2.image_processor]: Zone=CLEAR
[image_processor-25] [INFO] [1776966691.213818734] [robot_4.image_processor]: Zone=CLEAR
[image_processor-24] [INFO] [1776966693.636203045] [robot_3.image_processor]: Zone=CLEAR
[image_processor-22] [INFO] [1776966693.666468665] [robot_1.image_processor]: Zone=CLEAR
[image_processor-23] [INFO] [1776966693.687545050] [robot_2.image_processor]: Zone=CLEAR
[image_processor-25] [INFO] [1776966693.712212354] [robot_4.image_processor]: Zone=CLEAR
[image_processor-21] [INFO] [1776966693.746881040] [robot_0.image_processor]: Zone=CLEAR
[image_processor-24] [INFO] [1776966696.136219655] [robot_3.image_processor]: Zone=CLEAR
[image_processor-21] [INFO] [1776966696.147725700] [robot_0.image_processor]: Zone=CLEAR
[image_processor-22] [INFO] [1776966696.168184932] [robot_1.image_processor]: Zone=CLEAR
[image_processor-23] [INFO] [1776966696.189627360] [robot_2.image_processor]: Zone=CLEAR
[image_processor-25] [INFO] [1776966696.213017892] [robot_4.image_processor]: Zone=CLEAR
[image_processor-24] [INFO] [1776966698.636398006] [robot_3.image_processor]: Zone=CLEAR
[image_processor-21] [INFO] [1776966698.648887997] [robot_0.image_processor]: Zone=CLEAR
[image_processor-22] [INFO] [1776966698.669137301] [robot_1.image_processor]: Zone=CLEAR
[image_processor-23] [INFO] [1776966698.694197537] [robot_2.image_processor]: Zone=CLEAR
[image_processor-25] [INFO] [1776966698.710760596] [robot_4.image_processor]: Zone=CLEAR
[image_processor-24] [INFO] [1776966701.137443071] [robot_3.image_processor]: Zone=CLEAR
[image_processor-21] [INFO] [1776966701.149630914] [robot_0.image_processor]: Zone=CLEAR
[image_processor-23] [INFO] [1776966701.193875045] [robot_2.image_processor]: Zone=CLEAR
[image_processor-25] [INFO] [1776966701.210036191] [robot_4.image_processor]: Zone=CLEAR
[image_processor-22] [INFO] [1776966701.269996295] [robot_1.image_processor]: Zone=CLEAR
[image_processor-21] [INFO] [1776966703.651464886] [robot_0.image_processor]: Zone=CLEAR
[image_processor-22] [INFO] [1776966703.669628199] [robot_1.image_processor]: Zone=CLEAR
[image_processor-23] [INFO] [1776966703.696007537] [robot_2.image_processor]: Zone=CLEAR
[image_processor-25] [INFO] [1776966703.717819129] [robot_4.image_processor]: Zone=CLEAR
[image_processor-24] [INFO] [1776966703.738381839] [robot_3.image_processor]: Zone=CLEAR
[image_processor-24] [INFO] [1776966706.137167221] [robot_3.image_processor]: Zone=CLEAR
[image_processor-22] [INFO] [1776966706.166621979] [robot_1.image_processor]: Zone=CLEAR
[image_processor-23] [INFO] [1776966706.193275511] [robot_2.image_processor]: Zone=CLEAR
[image_processor-25] [INFO] [1776966706.210948653] [robot_4.image_processor]: Zone=CLEAR
[image_processor-21] [INFO] [1776966706.246960080] [robot_0.image_processor]: Zone=CLEAR
[image_processor-24] [INFO] [1776966708.636563276] [robot_3.image_processor]: Zone=CLEAR
[image_processor-21] [INFO] [1776966708.646570906] [robot_0.image_processor]: Zone=CLEAR
[image_processor-22] [INFO] [1776966708.668991991] [robot_1.image_processor]: Zone=CLEAR
[image_processor-23] [INFO] [1776966708.684757513] [robot_2.image_processor]: Zone=CLEAR
[image_processor-25] [INFO] [1776966708.709745830] [robot_4.image_processor]: Zone=CLEAR
[image_processor-24] [INFO] [1776966711.137068343] [robot_3.image_processor]: Zone=CLEAR
[image_processor-21] [INFO] [1776966711.146589035] [robot_0.image_processor]: Zone=CLEAR
[image_processor-22] [INFO] [1776966711.168504266] [robot_1.image_processor]: Zone=CLEAR
[image_processor-23] [INFO] [1776966711.194689428] [robot_2.image_processor]: Zone=CLEAR
[image_processor-25] [INFO] [1776966711.213042622] [robot_4.image_processor]: Zone=CLEAR
[image_processor-24] [INFO] [1776966713.634583267] [robot_3.image_processor]: Zone=CLEAR
[image_processor-21] [INFO] [1776966713.644285470] [robot_0.image_processor]: Zone=CLEAR
[image_processor-22] [INFO] [1776966713.659622351] [robot_1.image_processor]: Zone=CLEAR
[image_processor-23] [INFO] [1776966713.675603937] [robot_2.image_processor]: Zone=CLEAR
[image_processor-25] [INFO] [1776966713.702239372] [robot_4.image_processor]: Zone=CLEAR
[image_processor-24] [INFO] [1776966716.132538607] [robot_3.image_processor]: Zone=CLEAR
[image_processor-21] [INFO] [1776966716.139835564] [robot_0.image_processor]: Zone=CLEAR
[image_processor-22] [INFO] [1776966716.148421802] [robot_1.image_processor]: Zone=CLEAR
[image_processor-23] [INFO] [1776966716.172554663] [robot_2.image_processor]: Zone=CLEAR
[image_processor-25] [INFO] [1776966716.286450370] [robot_4.image_processor]: Zone=CLEAR
[image_processor-24] [INFO] [1776966718.634823491] [robot_3.image_processor]: Zone=CLEAR
[image_processor-21] [INFO] [1776966718.648606522] [robot_0.image_processor]: Zone=CLEAR
[image_processor-22] [INFO] [1776966718.668762422] [robot_1.image_processor]: Zone=CLEAR
[image_processor-23] [INFO] [1776966718.685301084] [robot_2.image_processor]: Zone=CLEAR
[image_processor-25] [INFO] [1776966718.710404682] [robot_4.image_processor]: Zone=CLEAR
[image_processor-24] [INFO] [1776966721.134815549] [robot_3.image_processor]: Zone=CLEAR
[image_processor-21] [INFO] [1776966721.144975460] [robot_0.image_processor]: Zone=CLEAR
[image_processor-22] [INFO] [1776966721.161350339] [robot_1.image_processor]: Zone=CLEAR
[image_processor-23] [INFO] [1776966721.180363746] [robot_2.image_processor]: Zone=CLEAR
[image_processor-25] [INFO] [1776966721.213919405] [robot_4.image_processor]: Zone=CLEAR
[image_processor-24] [INFO] [1776966723.634004704] [robot_3.image_processor]: Zone=CLEAR
[image_processor-21] [INFO] [1776966723.643530920] [robot_0.image_processor]: Zone=CLEAR
[image_processor-22] [INFO] [1776966723.653586092] [robot_1.image_processor]: Zone=CLEAR
[image_processor-23] [INFO] [1776966723.673860200] [robot_2.image_processor]: Zone=CLEAR
[image_processor-25] [INFO] [1776966723.693437684] [robot_4.image_processor]: Zone=CLEAR
[image_processor-24] [INFO] [1776966726.136678396] [robot_3.image_processor]: Zone=CLEAR
[image_processor-21] [INFO] [1776966726.146491728] [robot_0.image_processor]: Zone=CLEAR
[image_processor-22] [INFO] [1776966726.166755742] [robot_1.image_processor]: Zone=CLEAR
[image_processor-23] [INFO] [1776966726.196022916] [robot_2.image_processor]: Zone=CLEAR
[image_processor-25] [INFO] [1776966726.213733639] [robot_4.image_processor]: Zone=CLEAR
[image_processor-24] [INFO] [1776966728.635767683] [robot_3.image_processor]: Zone=CLEAR
[image_processor-21] [INFO] [1776966728.643767803] [robot_0.image_processor]: Zone=CLEAR
[image_processor-22] [INFO] [1776966728.659581131] [robot_1.image_processor]: Zone=CLEAR
[image_processor-23] [INFO] [1776966728.674160615] [robot_2.image_processor]: Zone=CLEAR
[image_processor-25] [INFO] [1776966728.798074901] [robot_4.image_processor]: Zone=CLEAR
[image_processor-24] [INFO] [1776966731.132499678] [robot_3.image_processor]: Zone=CLEAR
[image_processor-21] [INFO] [1776966731.140163184] [robot_0.image_processor]: Zone=CLEAR
[image_processor-23] [INFO] [1776966731.169354012] [robot_2.image_processor]: Zone=CLEAR
[image_processor-25] [INFO] [1776966731.183939187] [robot_4.image_processor]: Zone=CLEAR
[image_processor-22] [INFO] [1776966731.248515629] [robot_1.image_processor]: Zone=CLEAR
[image_processor-21] [INFO] [1776966733.646779007] [robot_0.image_processor]: Zone=CLEAR
[image_processor-22] [INFO] [1776966733.666664049] [robot_1.image_processor]: Zone=CLEAR
[image_processor-23] [INFO] [1776966733.684448063] [robot_2.image_processor]: Zone=CLEAR
[image_processor-25] [INFO] [1776966733.708775429] [robot_4.image_processor]: Zone=CLEAR
[image_processor-24] [INFO] [1776966733.735862340] [robot_3.image_processor]: Zone=CLEAR
[INFO] [image_processor-25]: sending signal 'SIGINT' to process[image_processor-25]
[ERROR] [ign gazebo-1]: process has died [pid 433561, exit code -15, cmd 'ruby /usr/bin/ign gazebo /home/ecem/ros2_ws/install/swarm_basics/share/swarm_basics/worlds/random_world.sdf -s -r --force-version 6'].
[ERROR] [parameter_bridge-4]: process has died [pid 433568, exit code -15, cmd '/opt/ros/humble/lib/ros_ign_bridge/parameter_bridge /robot_0/cmd_vel@geometry_msgs/msg/Twist]ignition.msgs.Twist /robot_0/odom@nav_msgs/msg/Odometry[ignition.msgs.Odometry /robot_0/depth_camera/depth_image@sensor_msgs/msg/Image[ignition.msgs.Image /world/random_world/model/robot_0/link/robot_0/base_footprint/sensor/contact_sensor/contact@ros_gz_interfaces/msg/Contacts[ignition.msgs.Contacts /robot_1/cmd_vel@geometry_msgs/msg/Twist]ignition.msgs.Twist /robot_1/odom@nav_msgs/msg/Odometry[ignition.msgs.Odometry /robot_1/depth_camera/depth_image@sensor_msgs/msg/Image[ignition.msgs.Image /world/random_world/model/robot_1/link/robot_1/base_footprint/sensor/contact_sensor/contact@ros_gz_interfaces/msg/Contacts[ignition.msgs.Contacts /robot_2/cmd_vel@geometry_msgs/msg/Twist]ignition.msgs.Twist /robot_2/odom@nav_msgs/msg/Odometry[ignition.msgs.Odometry /robot_2/depth_camera/depth_image@sensor_msgs/msg/Image[ignition.msgs.Image /world/random_world/model/robot_2/link/robot_2/base_footprint/sensor/contact_sensor/contact@ros_gz_interfaces/msg/Contacts[ignition.msgs.Contacts /robot_3/cmd_vel@geometry_msgs/msg/Twist]ignition.msgs.Twist /robot_3/odom@nav_msgs/msg/Odometry[ignition.msgs.Odometry /robot_3/depth_camera/depth_image@sensor_msgs/msg/Image[ignition.msgs.Image /world/random_world/model/robot_3/link/robot_3/base_footprint/sensor/contact_sensor/contact@ros_gz_interfaces/msg/Contacts[ignition.msgs.Contacts /robot_4/cmd_vel@geometry_msgs/msg/Twist]ignition.msgs.Twist /robot_4/odom@nav_msgs/msg/Odometry[ignition.msgs.Odometry /robot_4/depth_camera/depth_image@sensor_msgs/msg/Image[ignition.msgs.Image /world/random_world/model/robot_4/link/robot_4/base_footprint/sensor/contact_sensor/contact@ros_gz_interfaces/msg/Contacts[ignition.msgs.Contacts /world/random_world/dynamic_pose/info@tf2_msgs/msg/TFMessage[ignition.msgs.Pose_V --ros-args -r __node:=all_robots_bridge --params-file /tmp/launch_params_4e2i8q62'].
[INFO] [parameter_bridge-20]: process has finished cleanly [pid 433681]
[INFO] [image_processor-24]: sending signal 'SIGINT' to process[image_processor-24]
[INFO] [bash-26]: process started with pid [434647]
[INFO] [image_processor-23]: sending signal 'SIGINT' to process[image_processor-23]
[INFO] [image_processor-22]: sending signal 'SIGINT' to process[image_processor-22]
[INFO] [image_processor-21]: sending signal 'SIGINT' to process[image_processor-21]
[INFO] [robot_supervisor-19]: sending signal 'SIGINT' to process[robot_supervisor-19]
[INFO] [robot_state_publisher-17]: sending signal 'SIGINT' to process[robot_state_publisher-17]
[INFO] [robot_supervisor-16]: sending signal 'SIGINT' to process[robot_supervisor-16]
[INFO] [robot_state_publisher-14]: sending signal 'SIGINT' to process[robot_state_publisher-14]
[INFO] [robot_supervisor-13]: sending signal 'SIGINT' to process[robot_supervisor-13]
[INFO] [robot_state_publisher-11]: sending signal 'SIGINT' to process[robot_state_publisher-11]
[INFO] [robot_supervisor-10]: sending signal 'SIGINT' to process[robot_supervisor-10]
[INFO] [robot_state_publisher-8]: sending signal 'SIGINT' to process[robot_state_publisher-8]
[ERROR] [bash-26]: process has died [pid 434647, exit code -15, cmd 'bash -lc pkill -f parameter_bridge || true'].
[INFO] [robot_supervisor-7]: sending signal 'SIGINT' to process[robot_supervisor-7]
[INFO] [robot_state_publisher-5]: sending signal 'SIGINT' to process[robot_state_publisher-5]
[INFO] [bump_counter-3]: sending signal 'SIGINT' to process[bump_counter-3]
[INFO] [coverage_counter-2]: sending signal 'SIGINT' to process[coverage_counter-2]
[parameter_bridge-4] [INFO] [1776966735.730549332] [rclcpp]: signal_handler(SIGINT/SIGTERM)
[parameter_bridge-20] [INFO] [1776966735.730552303] [rclcpp]: signal_handler(SIGINT/SIGTERM)
[INFO] [launch]: process[ign gazebo-1] was required: shutting down launched system
[image_processor-25] [INFO] [1776966736.429352270] [rclcpp]: signal_handler(SIGINT/SIGTERM)
[image_processor-24] [INFO] [1776966736.432756728] [rclcpp]: signal_handler(SIGINT/SIGTERM)
[image_processor-23] [INFO] [1776966736.436072985] [rclcpp]: signal_handler(SIGINT/SIGTERM)
[image_processor-22] [INFO] [1776966736.439290059] [rclcpp]: signal_handler(SIGINT/SIGTERM)
[image_processor-21] [INFO] [1776966736.442336990] [rclcpp]: signal_handler(SIGINT/SIGTERM)
[robot_supervisor-19] Traceback (most recent call last):
[robot_supervisor-19]   File "/home/ecem/ros2_ws/install/swarm_basics/lib/swarm_basics/robot_supervisor", line 33, in <module>
[robot_supervisor-19]     sys.exit(load_entry_point('swarm-basics==0.0.0', 'console_scripts', 'robot_supervisor')())
[robot_supervisor-19]   File "/home/ecem/ros2_ws/install/swarm_basics/lib/python3.10/site-packages/swarm_basics/robot_supervisor.py", line 867, in main
[robot_supervisor-19]     rclpy.spin(node)
[robot_supervisor-19]   File "/opt/ros/humble/local/lib/python3.10/dist-packages/rclpy/__init__.py", line 229, in spin
[robot_supervisor-19]     executor.spin_once()
[robot_supervisor-19]   File "/opt/ros/humble/local/lib/python3.10/dist-packages/rclpy/executors.py", line 773, in spin_once
[robot_supervisor-19]     self._spin_once_impl(timeout_sec)
[robot_supervisor-19]   File "/opt/ros/humble/local/lib/python3.10/dist-packages/rclpy/executors.py", line 762, in _spin_once_impl
[robot_supervisor-19]     handler, entity, node = self.wait_for_ready_callbacks(timeout_sec=timeout_sec)
[robot_supervisor-19]   File "/opt/ros/humble/local/lib/python3.10/dist-packages/rclpy/executors.py", line 745, in wait_for_ready_callbacks
[robot_supervisor-19]     return next(self._cb_iter)
[robot_supervisor-19]   File "/opt/ros/humble/local/lib/python3.10/dist-packages/rclpy/executors.py", line 642, in _wait_for_ready_callbacks
[robot_supervisor-19]     wait_set.wait(timeout_nsec)
[robot_supervisor-19] KeyboardInterrupt
[robot_state_publisher-17] [INFO] [1776966736.452394309] [rclcpp]: signal_handler(SIGINT/SIGTERM)
[robot_supervisor-16] Traceback (most recent call last):
[robot_supervisor-16]   File "/home/ecem/ros2_ws/install/swarm_basics/lib/swarm_basics/robot_supervisor", line 33, in <module>
[robot_supervisor-16]     sys.exit(load_entry_point('swarm-basics==0.0.0', 'console_scripts', 'robot_supervisor')())
[robot_supervisor-16]   File "/home/ecem/ros2_ws/install/swarm_basics/lib/python3.10/site-packages/swarm_basics/robot_supervisor.py", line 867, in main
[robot_supervisor-16]     rclpy.spin(node)
[robot_supervisor-16]   File "/opt/ros/humble/local/lib/python3.10/dist-packages/rclpy/__init__.py", line 229, in spin
[robot_supervisor-16]     executor.spin_once()
[robot_supervisor-16]   File "/opt/ros/humble/local/lib/python3.10/dist-packages/rclpy/executors.py", line 773, in spin_once
[robot_supervisor-16]     self._spin_once_impl(timeout_sec)
[robot_supervisor-16]   File "/opt/ros/humble/local/lib/python3.10/dist-packages/rclpy/executors.py", line 762, in _spin_once_impl
[robot_supervisor-16]     handler, entity, node = self.wait_for_ready_callbacks(timeout_sec=timeout_sec)
[robot_supervisor-16]   File "/opt/ros/humble/local/lib/python3.10/dist-packages/rclpy/executors.py", line 745, in wait_for_ready_callbacks
[robot_supervisor-16]     return next(self._cb_iter)
[robot_supervisor-16]   File "/opt/ros/humble/local/lib/python3.10/dist-packages/rclpy/executors.py", line 642, in _wait_for_ready_callbacks
[robot_supervisor-16]     wait_set.wait(timeout_nsec)
[robot_supervisor-16] KeyboardInterrupt
[robot_state_publisher-14] [INFO] [1776966736.458935907] [rclcpp]: signal_handler(SIGINT/SIGTERM)
[robot_supervisor-13] Traceback (most recent call last):
[robot_supervisor-13]   File "/home/ecem/ros2_ws/install/swarm_basics/lib/swarm_basics/robot_supervisor", line 33, in <module>
[robot_supervisor-13]     sys.exit(load_entry_point('swarm-basics==0.0.0', 'console_scripts', 'robot_supervisor')())
[robot_supervisor-13]   File "/home/ecem/ros2_ws/install/swarm_basics/lib/python3.10/site-packages/swarm_basics/robot_supervisor.py", line 867, in main
[robot_supervisor-13]     rclpy.spin(node)
[robot_supervisor-13]   File "/opt/ros/humble/local/lib/python3.10/dist-packages/rclpy/__init__.py", line 229, in spin
[robot_supervisor-13]     executor.spin_once()
[robot_supervisor-13]   File "/opt/ros/humble/local/lib/python3.10/dist-packages/rclpy/executors.py", line 773, in spin_once
[robot_supervisor-13]     self._spin_once_impl(timeout_sec)
[robot_supervisor-13]   File "/opt/ros/humble/local/lib/python3.10/dist-packages/rclpy/executors.py", line 762, in _spin_once_impl
[robot_supervisor-13]     handler, entity, node = self.wait_for_ready_callbacks(timeout_sec=timeout_sec)
[robot_supervisor-13]   File "/opt/ros/humble/local/lib/python3.10/dist-packages/rclpy/executors.py", line 745, in wait_for_ready_callbacks
[robot_supervisor-13]     return next(self._cb_iter)
[robot_supervisor-13]   File "/opt/ros/humble/local/lib/python3.10/dist-packages/rclpy/executors.py", line 642, in _wait_for_ready_callbacks
[robot_supervisor-13]     wait_set.wait(timeout_nsec)
[robot_supervisor-13] KeyboardInterrupt
[robot_state_publisher-11] [INFO] [1776966736.465441791] [rclcpp]: signal_handler(SIGINT/SIGTERM)
[robot_supervisor-10] Traceback (most recent call last):
[robot_supervisor-10]   File "/home/ecem/ros2_ws/install/swarm_basics/lib/swarm_basics/robot_supervisor", line 33, in <module>
[robot_supervisor-10]     sys.exit(load_entry_point('swarm-basics==0.0.0', 'console_scripts', 'robot_supervisor')())
[robot_supervisor-10]   File "/home/ecem/ros2_ws/install/swarm_basics/lib/python3.10/site-packages/swarm_basics/robot_supervisor.py", line 867, in main
[robot_supervisor-10]     rclpy.spin(node)
[robot_supervisor-10]   File "/opt/ros/humble/local/lib/python3.10/dist-packages/rclpy/__init__.py", line 229, in spin
[robot_supervisor-10]     executor.spin_once()
[robot_supervisor-10]   File "/opt/ros/humble/local/lib/python3.10/dist-packages/rclpy/executors.py", line 773, in spin_once
[robot_supervisor-10]     self._spin_once_impl(timeout_sec)
[robot_supervisor-10]   File "/opt/ros/humble/local/lib/python3.10/dist-packages/rclpy/executors.py", line 762, in _spin_once_impl
[robot_supervisor-10]     handler, entity, node = self.wait_for_ready_callbacks(timeout_sec=timeout_sec)
[robot_supervisor-10]   File "/opt/ros/humble/local/lib/python3.10/dist-packages/rclpy/executors.py", line 745, in wait_for_ready_callbacks
[robot_supervisor-10]     return next(self._cb_iter)
[robot_supervisor-10]   File "/opt/ros/humble/local/lib/python3.10/dist-packages/rclpy/executors.py", line 642, in _wait_for_ready_callbacks
[robot_supervisor-10]     wait_set.wait(timeout_nsec)
[robot_supervisor-10] KeyboardInterrupt
[robot_state_publisher-8] [INFO] [1776966736.472309083] [rclcpp]: signal_handler(SIGINT/SIGTERM)
[robot_supervisor-7] Traceback (most recent call last):
[robot_supervisor-7]   File "/home/ecem/ros2_ws/install/swarm_basics/lib/swarm_basics/robot_supervisor", line 33, in <module>
[robot_supervisor-7]     sys.exit(load_entry_point('swarm-basics==0.0.0', 'console_scripts', 'robot_supervisor')())
[robot_supervisor-7]   File "/home/ecem/ros2_ws/install/swarm_basics/lib/python3.10/site-packages/swarm_basics/robot_supervisor.py", line 867, in main
[robot_supervisor-7]     rclpy.spin(node)
[robot_supervisor-7]   File "/opt/ros/humble/local/lib/python3.10/dist-packages/rclpy/__init__.py", line 229, in spin
[robot_supervisor-7]     executor.spin_once()
[robot_supervisor-7]   File "/opt/ros/humble/local/lib/python3.10/dist-packages/rclpy/executors.py", line 773, in spin_once
[robot_supervisor-7]     self._spin_once_impl(timeout_sec)
[robot_supervisor-7]   File "/opt/ros/humble/local/lib/python3.10/dist-packages/rclpy/executors.py", line 762, in _spin_once_impl
[robot_supervisor-7]     handler, entity, node = self.wait_for_ready_callbacks(timeout_sec=timeout_sec)
[robot_supervisor-7]   File "/opt/ros/humble/local/lib/python3.10/dist-packages/rclpy/executors.py", line 745, in wait_for_ready_callbacks
[robot_supervisor-7]     return next(self._cb_iter)
[robot_supervisor-7]   File "/opt/ros/humble/local/lib/python3.10/dist-packages/rclpy/executors.py", line 642, in _wait_for_ready_callbacks
[robot_supervisor-7]     wait_set.wait(timeout_nsec)
[robot_supervisor-7] KeyboardInterrupt
[robot_state_publisher-5] [INFO] [1776966736.479252763] [rclcpp]: signal_handler(SIGINT/SIGTERM)
[ERROR] [launch]: Caught exception in launch (see debug for traceback): ExecuteLocal action 'bash-27': executed more than once: <launch.actions.execute_process.ExecuteProcess object at 0x724b363fc850>
[INFO] [image_processor-25]: process has finished cleanly [pid 434005]
[INFO] [image_processor-23]: process has finished cleanly [pid 434001]
[INFO] [image_processor-24]: process has finished cleanly [pid 434003]
[INFO] [image_processor-22]: process has finished cleanly [pid 433999]
[INFO] [image_processor-21]: process has finished cleanly [pid 433997]
[INFO] [robot_state_publisher-17]: process has finished cleanly [pid 433596]
[INFO] [robot_state_publisher-14]: process has finished cleanly [pid 433590]
[INFO] [robot_state_publisher-11]: process has finished cleanly [pid 433584]
[INFO] [robot_state_publisher-8]: process has finished cleanly [pid 433578]
[INFO] [robot_state_publisher-5]: process has finished cleanly [pid 433570]
[coverage_counter-2] Traceback (most recent call last):
[coverage_counter-2]   File "/home/ecem/ros2_ws/install/swarm_basics/lib/python3.10/site-packages/swarm_basics/coverage_counter.py", line 418, in main
[coverage_counter-2]     rclpy.spin(node)
[coverage_counter-2]   File "/opt/ros/humble/local/lib/python3.10/dist-packages/rclpy/__init__.py", line 229, in spin
[coverage_counter-2]     executor.spin_once()
[coverage_counter-2]   File "/opt/ros/humble/local/lib/python3.10/dist-packages/rclpy/executors.py", line 773, in spin_once
[coverage_counter-2]     self._spin_once_impl(timeout_sec)
[coverage_counter-2]   File "/opt/ros/humble/local/lib/python3.10/dist-packages/rclpy/executors.py", line 768, in _spin_once_impl
[coverage_counter-2]     handler()
[coverage_counter-2]   File "/opt/ros/humble/local/lib/python3.10/dist-packages/rclpy/task.py", line 254, in __call__
[coverage_counter-2]     self._handler.send(None)
[coverage_counter-2]   File "/opt/ros/humble/local/lib/python3.10/dist-packages/rclpy/executors.py", line 463, in handler
[coverage_counter-2]     await call_coroutine(entity, arg)
[coverage_counter-2]   File "/opt/ros/humble/local/lib/python3.10/dist-packages/rclpy/executors.py", line 371, in _execute_timer
[coverage_counter-2]     await await_or_execute(tmr.callback)
[coverage_counter-2]   File "/opt/ros/humble/local/lib/python3.10/dist-packages/rclpy/executors.py", line 107, in await_or_execute
[coverage_counter-2]     return callback(*args)
[coverage_counter-2]   File "/home/ecem/ros2_ws/install/swarm_basics/lib/python3.10/site-packages/swarm_basics/coverage_counter.py", line 152, in _on_timeout_timer
[coverage_counter-2]     self.shutdown_and_save()
[coverage_counter-2]   File "/home/ecem/ros2_ws/install/swarm_basics/lib/python3.10/site-packages/swarm_basics/coverage_counter.py", line 174, in shutdown_and_save
[coverage_counter-2]     rclpy.shutdown()
[coverage_counter-2]   File "/opt/ros/humble/local/lib/python3.10/dist-packages/rclpy/__init__.py", line 130, in shutdown
[coverage_counter-2]     _shutdown(context=context)
[coverage_counter-2]   File "/opt/ros/humble/local/lib/python3.10/dist-packages/rclpy/utilities.py", line 58, in shutdown
[coverage_counter-2]     return context.shutdown()
[coverage_counter-2]   File "/opt/ros/humble/local/lib/python3.10/dist-packages/rclpy/context.py", line 103, in shutdown
[coverage_counter-2]     self._call_on_shutdown_callbacks()
[coverage_counter-2]   File "/opt/ros/humble/local/lib/python3.10/dist-packages/rclpy/context.py", line 92, in _call_on_shutdown_callbacks
[coverage_counter-2]     callback = weak_method()
[coverage_counter-2]   File "/opt/ros/humble/local/lib/python3.10/dist-packages/rclpy/__init__.py", line 111, in reset_executor
[coverage_counter-2]     __executor.shutdown()
[coverage_counter-2]   File "/opt/ros/humble/local/lib/python3.10/dist-packages/rclpy/executors.py", line 227, in shutdown
[coverage_counter-2]     if not self._work_tracker.wait(timeout_sec):
[coverage_counter-2]   File "/opt/ros/humble/local/lib/python3.10/dist-packages/rclpy/executors.py", line 94, in wait
[coverage_counter-2]     if not self._work_condition.wait_for(
[coverage_counter-2]   File "/usr/lib/python3.10/threading.py", line 355, in wait_for
[coverage_counter-2]     self.wait(waittime)
[coverage_counter-2]   File "/usr/lib/python3.10/threading.py", line 320, in wait
[coverage_counter-2]     waiter.acquire()
[coverage_counter-2] KeyboardInterrupt
[coverage_counter-2] 
[coverage_counter-2] During handling of the above exception, another exception occurred:
[coverage_counter-2] 
[coverage_counter-2] Traceback (most recent call last):
[coverage_counter-2]   File "/home/ecem/ros2_ws/install/swarm_basics/lib/swarm_basics/coverage_counter", line 33, in <module>
[coverage_counter-2]     sys.exit(load_entry_point('swarm-basics==0.0.0', 'console_scripts', 'coverage_counter')())
[coverage_counter-2]   File "/home/ecem/ros2_ws/install/swarm_basics/lib/python3.10/site-packages/swarm_basics/coverage_counter.py", line 421, in main
[coverage_counter-2]     node.shutdown_and_save()
[coverage_counter-2]   File "/home/ecem/ros2_ws/install/swarm_basics/lib/python3.10/site-packages/swarm_basics/coverage_counter.py", line 174, in shutdown_and_save
[coverage_counter-2]     rclpy.shutdown()
[coverage_counter-2]   File "/opt/ros/humble/local/lib/python3.10/dist-packages/rclpy/__init__.py", line 130, in shutdown
[coverage_counter-2]     _shutdown(context=context)
[coverage_counter-2]   File "/opt/ros/humble/local/lib/python3.10/dist-packages/rclpy/utilities.py", line 58, in shutdown
[coverage_counter-2]     return context.shutdown()
[coverage_counter-2]   File "/opt/ros/humble/local/lib/python3.10/dist-packages/rclpy/context.py", line 100, in shutdown
[coverage_counter-2]     raise RuntimeError('Context must be initialized before it can be shutdown')
[coverage_counter-2] RuntimeError: Context must be initialized before it can be shutdown
[bump_counter-3] Traceback (most recent call last):
[bump_counter-3]   File "/home/ecem/ros2_ws/install/swarm_basics/lib/swarm_basics/bump_counter", line 33, in <module>
[bump_counter-3]     sys.exit(load_entry_point('swarm-basics==0.0.0', 'console_scripts', 'bump_counter')())
[bump_counter-3]   File "/home/ecem/ros2_ws/install/swarm_basics/lib/python3.10/site-packages/swarm_basics/bump_counter.py", line 384, in main
[bump_counter-3]     rclpy.shutdown()
[bump_counter-3]   File "/opt/ros/humble/local/lib/python3.10/dist-packages/rclpy/__init__.py", line 130, in shutdown
[bump_counter-3]     _shutdown(context=context)
[bump_counter-3]   File "/opt/ros/humble/local/lib/python3.10/dist-packages/rclpy/utilities.py", line 58, in shutdown
[bump_counter-3]     return context.shutdown()
[bump_counter-3]   File "/opt/ros/humble/local/lib/python3.10/dist-packages/rclpy/context.py", line 102, in shutdown
[bump_counter-3]     self.__context.shutdown()
[bump_counter-3] rclpy._rclpy_pybind11.RCLError: failed to shutdown: rcl_shutdown already called on the given context, at ./src/rcl/init.c:241
[ERROR] [coverage_counter-2]: process has died [pid 433563, exit code 1, cmd '/home/ecem/ros2_ws/install/swarm_basics/lib/swarm_basics/coverage_counter --ros-args -r __node:=coverage_counter --params-file /tmp/launch_params_mp8gk_2f --params-file /tmp/launch_params_vcqgeepg --params-file /tmp/launch_params_mbzqcht9 --params-file /tmp/launch_params_9zft2x9k --params-file /tmp/launch_params_d8jwqbwx --params-file /tmp/launch_params_69bnmxj5'].
[ERROR] [bump_counter-3]: process has died [pid 433566, exit code 1, cmd '/home/ecem/ros2_ws/install/swarm_basics/lib/swarm_basics/bump_counter --ros-args -r __node:=bump_counter --params-file /tmp/launch_params_eycs84c2 --params-file /tmp/launch_params_ykcr72e0 --params-file /tmp/launch_params_xjoisvlf'].
[ERROR] [robot_supervisor-16]: process has died [pid 433594, exit code -2, cmd '/home/ecem/ros2_ws/install/swarm_basics/lib/swarm_basics/robot_supervisor --ros-args -r __node:=robot_supervisor -r __ns:=/robot_3 --params-file /tmp/launch_params_5mmvu8n2 --params-file /tmp/launch_params_fqor_bk4 --params-file /tmp/launch_params_maboet6d --params-file /tmp/launch_params_xoe2_0tp'].
[ERROR] [robot_supervisor-19]: process has died [pid 433674, exit code -2, cmd '/home/ecem/ros2_ws/install/swarm_basics/lib/swarm_basics/robot_supervisor --ros-args -r __node:=robot_supervisor -r __ns:=/robot_4 --params-file /tmp/launch_params_uboaty0w --params-file /tmp/launch_params_cwksr5oh --params-file /tmp/launch_params_t8kbznrt --params-file /tmp/launch_params_p1v3o7uw'].
[ERROR] [robot_supervisor-7]: process has died [pid 433576, exit code -2, cmd '/home/ecem/ros2_ws/install/swarm_basics/lib/swarm_basics/robot_supervisor --ros-args -r __node:=robot_supervisor -r __ns:=/robot_0 --params-file /tmp/launch_params_47f6kh5d --params-file /tmp/launch_params_73d5_2rq --params-file /tmp/launch_params_i5q1olux --params-file /tmp/launch_params__eczsm3i'].
[ERROR] [robot_supervisor-13]: process has died [pid 433588, exit code -2, cmd '/home/ecem/ros2_ws/install/swarm_basics/lib/swarm_basics/robot_supervisor --ros-args -r __node:=robot_supervisor -r __ns:=/robot_2 --params-file /tmp/launch_params_cpdlnpni --params-file /tmp/launch_params_0ell31no --params-file /tmp/launch_params_x_t7wi9v --params-file /tmp/launch_params_vkquoxrc'].
[ERROR] [robot_supervisor-10]: process has died [pid 433582, exit code -2, cmd '/home/ecem/ros2_ws/install/swarm_basics/lib/swarm_basics/robot_supervisor --ros-args -r __node:=robot_supervisor -r __ns:=/robot_1 --params-file /tmp/launch_params_6cecsao7 --params-file /tmp/launch_params_8f2hs5qv --params-file /tmp/launch_params_txq7ysa2 --params-file /tmp/launch_params_pvfscn1e'].
