[INFO] [launch]: All log files can be found below /home/ecem/.ros/log/2026-04-22-08-38-53-068719-ecem-pc-93077
[INFO] [launch]: Default logging verbosity is set to INFO
[INFO] [ign gazebo-1]: process started with pid [93092]
[INFO] [coverage_counter-2]: process started with pid [93094]
[INFO] [bump_counter-3]: process started with pid [93097]
[INFO] [parameter_bridge-4]: process started with pid [93099]
[INFO] [robot_state_publisher-5]: process started with pid [93101]
[INFO] [create-6]: process started with pid [93103]
[INFO] [robot_supervisor-7]: process started with pid [93105]
[INFO] [robot_state_publisher-8]: process started with pid [93107]
[INFO] [create-9]: process started with pid [93111]
[INFO] [robot_supervisor-10]: process started with pid [93113]
[INFO] [robot_state_publisher-11]: process started with pid [93115]
[INFO] [create-12]: process started with pid [93117]
[INFO] [robot_supervisor-13]: process started with pid [93119]
[INFO] [robot_state_publisher-14]: process started with pid [93121]
[INFO] [create-15]: process started with pid [93124]
[INFO] [robot_supervisor-16]: process started with pid [93127]
[INFO] [robot_state_publisher-17]: process started with pid [93130]
[INFO] [create-18]: process started with pid [93138]
[INFO] [robot_supervisor-19]: process started with pid [93140]
[INFO] [parameter_bridge-20]: process started with pid [93142]
[parameter_bridge-4] [ros_ign_bridge] is deprecated! Redirecting to use [ros_gz_bridge] instead!
[parameter_bridge-4] 
[create-12] [INFO] [1776839933.489662836] [robot_2.ros_gz_sim]: Requesting list of world names.
[create-15] [INFO] [1776839933.489760647] [robot_3.ros_gz_sim]: Requesting list of world names.
[create-9] [INFO] [1776839933.490902006] [robot_1.ros_gz_sim]: Requesting list of world names.
[create-6] [INFO] [1776839933.492119943] [robot_0.ros_gz_sim]: Requesting list of world names.
[parameter_bridge-4] [INFO] [1776839933.500458929] [all_robots_bridge]: Creating ROS->GZ Bridge: [/robot_0/cmd_vel (geometry_msgs/msg/Twist) -> /robot_0/cmd_vel (ignition.msgs.Twist)] (Lazy 0)
[parameter_bridge-4] [INFO] [1776839933.503110311] [all_robots_bridge]: Creating GZ->ROS Bridge: [/robot_0/odom (ignition.msgs.Odometry) -> /robot_0/odom (nav_msgs/msg/Odometry)] (Lazy 0)
[create-18] [INFO] [1776839933.503275103] [robot_4.ros_gz_sim]: Requesting list of world names.
[parameter_bridge-4] [INFO] [1776839933.503848493] [all_robots_bridge]: Creating GZ->ROS Bridge: [/robot_0/depth_camera/depth_image (ignition.msgs.Image) -> /robot_0/depth_camera/depth_image (sensor_msgs/msg/Image)] (Lazy 0)
[parameter_bridge-4] [INFO] [1776839933.504478434] [all_robots_bridge]: Creating GZ->ROS Bridge: [/world/random_world/model/robot_0/link/robot_0/base_footprint/sensor/contact_sensor/contact (ignition.msgs.Contacts) -> /world/random_world/model/robot_0/link/robot_0/base_footprint/sensor/contact_sensor/contact (ros_gz_interfaces/msg/Contacts)] (Lazy 0)
[robot_state_publisher-5] [INFO] [1776839933.504985545] [robot_0.robot_state_publisher]: got segment robot_0/antenna_link
[robot_state_publisher-5] [INFO] [1776839933.505051190] [robot_0.robot_state_publisher]: got segment robot_0/base_footprint
[robot_state_publisher-5] [INFO] [1776839933.505060834] [robot_0.robot_state_publisher]: got segment robot_0/base_link
[robot_state_publisher-5] [INFO] [1776839933.505066795] [robot_0.robot_state_publisher]: got segment robot_0/realsense_link
[robot_state_publisher-5] [INFO] [1776839933.505072179] [robot_0.robot_state_publisher]: got segment robot_0/rocker_L_link
[robot_state_publisher-5] [INFO] [1776839933.505077339] [robot_0.robot_state_publisher]: got segment robot_0/rocker_R_link
[robot_state_publisher-5] [INFO] [1776839933.505082287] [robot_0.robot_state_publisher]: got segment robot_0/wheel_FL_link
[robot_state_publisher-5] [INFO] [1776839933.505087368] [robot_0.robot_state_publisher]: got segment robot_0/wheel_FR_link
[robot_state_publisher-5] [INFO] [1776839933.505092533] [robot_0.robot_state_publisher]: got segment robot_0/wheel_RL_link
[robot_state_publisher-5] [INFO] [1776839933.505097595] [robot_0.robot_state_publisher]: got segment robot_0/wheel_RR_link
[parameter_bridge-4] [INFO] [1776839933.505067483] [all_robots_bridge]: Creating ROS->GZ Bridge: [/robot_1/cmd_vel (geometry_msgs/msg/Twist) -> /robot_1/cmd_vel (ignition.msgs.Twist)] (Lazy 0)
[parameter_bridge-4] [INFO] [1776839933.505404364] [all_robots_bridge]: Creating GZ->ROS Bridge: [/robot_1/odom (ignition.msgs.Odometry) -> /robot_1/odom (nav_msgs/msg/Odometry)] (Lazy 0)
[parameter_bridge-4] [INFO] [1776839933.505669362] [all_robots_bridge]: Creating GZ->ROS Bridge: [/robot_1/depth_camera/depth_image (ignition.msgs.Image) -> /robot_1/depth_camera/depth_image (sensor_msgs/msg/Image)] (Lazy 0)
[parameter_bridge-4] [INFO] [1776839933.505883394] [all_robots_bridge]: Creating GZ->ROS Bridge: [/world/random_world/model/robot_1/link/robot_1/base_footprint/sensor/contact_sensor/contact (ignition.msgs.Contacts) -> /world/random_world/model/robot_1/link/robot_1/base_footprint/sensor/contact_sensor/contact (ros_gz_interfaces/msg/Contacts)] (Lazy 0)
[parameter_bridge-4] [INFO] [1776839933.506250480] [all_robots_bridge]: Creating ROS->GZ Bridge: [/robot_2/cmd_vel (geometry_msgs/msg/Twist) -> /robot_2/cmd_vel (ignition.msgs.Twist)] (Lazy 0)
[parameter_bridge-4] [INFO] [1776839933.506474431] [all_robots_bridge]: Creating GZ->ROS Bridge: [/robot_2/odom (ignition.msgs.Odometry) -> /robot_2/odom (nav_msgs/msg/Odometry)] (Lazy 0)
[parameter_bridge-4] [INFO] [1776839933.506738848] [all_robots_bridge]: Creating GZ->ROS Bridge: [/robot_2/depth_camera/depth_image (ignition.msgs.Image) -> /robot_2/depth_camera/depth_image (sensor_msgs/msg/Image)] (Lazy 0)
[parameter_bridge-4] [INFO] [1776839933.506993247] [all_robots_bridge]: Creating GZ->ROS Bridge: [/world/random_world/model/robot_2/link/robot_2/base_footprint/sensor/contact_sensor/contact (ignition.msgs.Contacts) -> /world/random_world/model/robot_2/link/robot_2/base_footprint/sensor/contact_sensor/contact (ros_gz_interfaces/msg/Contacts)] (Lazy 0)
[parameter_bridge-4] [INFO] [1776839933.507398747] [all_robots_bridge]: Creating ROS->GZ Bridge: [/robot_3/cmd_vel (geometry_msgs/msg/Twist) -> /robot_3/cmd_vel (ignition.msgs.Twist)] (Lazy 0)
[parameter_bridge-4] [INFO] [1776839933.507658732] [all_robots_bridge]: Creating GZ->ROS Bridge: [/robot_3/odom (ignition.msgs.Odometry) -> /robot_3/odom (nav_msgs/msg/Odometry)] (Lazy 0)
[parameter_bridge-4] [INFO] [1776839933.507958871] [all_robots_bridge]: Creating GZ->ROS Bridge: [/robot_3/depth_camera/depth_image (ignition.msgs.Image) -> /robot_3/depth_camera/depth_image (sensor_msgs/msg/Image)] (Lazy 0)
[parameter_bridge-4] [INFO] [1776839933.508421670] [all_robots_bridge]: Creating GZ->ROS Bridge: [/world/random_world/model/robot_3/link/robot_3/base_footprint/sensor/contact_sensor/contact (ignition.msgs.Contacts) -> /world/random_world/model/robot_3/link/robot_3/base_footprint/sensor/contact_sensor/contact (ros_gz_interfaces/msg/Contacts)] (Lazy 0)
[parameter_bridge-4] [INFO] [1776839933.508994611] [all_robots_bridge]: Creating ROS->GZ Bridge: [/robot_4/cmd_vel (geometry_msgs/msg/Twist) -> /robot_4/cmd_vel (ignition.msgs.Twist)] (Lazy 0)
[parameter_bridge-4] [INFO] [1776839933.509632977] [all_robots_bridge]: Creating GZ->ROS Bridge: [/robot_4/odom (ignition.msgs.Odometry) -> /robot_4/odom (nav_msgs/msg/Odometry)] (Lazy 0)
[parameter_bridge-4] [INFO] [1776839933.510505529] [all_robots_bridge]: Creating GZ->ROS Bridge: [/robot_4/depth_camera/depth_image (ignition.msgs.Image) -> /robot_4/depth_camera/depth_image (sensor_msgs/msg/Image)] (Lazy 0)
[parameter_bridge-4] [INFO] [1776839933.511288294] [all_robots_bridge]: Creating GZ->ROS Bridge: [/world/random_world/model/robot_4/link/robot_4/base_footprint/sensor/contact_sensor/contact (ignition.msgs.Contacts) -> /world/random_world/model/robot_4/link/robot_4/base_footprint/sensor/contact_sensor/contact (ros_gz_interfaces/msg/Contacts)] (Lazy 0)
[parameter_bridge-4] [INFO] [1776839933.511715661] [all_robots_bridge]: Creating GZ->ROS Bridge: [/world/random_world/dynamic_pose/info (ignition.msgs.Pose_V) -> /world/random_world/dynamic_pose/info (tf2_msgs/msg/TFMessage)] (Lazy 0)
[robot_state_publisher-17] [INFO] [1776839933.516310833] [robot_4.robot_state_publisher]: got segment robot_4/antenna_link
[robot_state_publisher-17] [INFO] [1776839933.516434497] [robot_4.robot_state_publisher]: got segment robot_4/base_footprint
[robot_state_publisher-17] [INFO] [1776839933.516447855] [robot_4.robot_state_publisher]: got segment robot_4/base_link
[robot_state_publisher-17] [INFO] [1776839933.516457264] [robot_4.robot_state_publisher]: got segment robot_4/realsense_link
[robot_state_publisher-17] [INFO] [1776839933.516465248] [robot_4.robot_state_publisher]: got segment robot_4/rocker_L_link
[robot_state_publisher-17] [INFO] [1776839933.516472718] [robot_4.robot_state_publisher]: got segment robot_4/rocker_R_link
[robot_state_publisher-17] [INFO] [1776839933.516479928] [robot_4.robot_state_publisher]: got segment robot_4/wheel_FL_link
[robot_state_publisher-17] [INFO] [1776839933.516487338] [robot_4.robot_state_publisher]: got segment robot_4/wheel_FR_link
[robot_state_publisher-17] [INFO] [1776839933.516494379] [robot_4.robot_state_publisher]: got segment robot_4/wheel_RL_link
[robot_state_publisher-17] [INFO] [1776839933.516501559] [robot_4.robot_state_publisher]: got segment robot_4/wheel_RR_link
[robot_state_publisher-11] [INFO] [1776839933.516363947] [robot_2.robot_state_publisher]: got segment robot_2/antenna_link
[robot_state_publisher-11] [INFO] [1776839933.516450351] [robot_2.robot_state_publisher]: got segment robot_2/base_footprint
[robot_state_publisher-11] [INFO] [1776839933.516463755] [robot_2.robot_state_publisher]: got segment robot_2/base_link
[robot_state_publisher-11] [INFO] [1776839933.516473499] [robot_2.robot_state_publisher]: got segment robot_2/realsense_link
[robot_state_publisher-11] [INFO] [1776839933.516481448] [robot_2.robot_state_publisher]: got segment robot_2/rocker_L_link
[robot_state_publisher-11] [INFO] [1776839933.516488693] [robot_2.robot_state_publisher]: got segment robot_2/rocker_R_link
[robot_state_publisher-11] [INFO] [1776839933.516495801] [robot_2.robot_state_publisher]: got segment robot_2/wheel_FL_link
[robot_state_publisher-11] [INFO] [1776839933.516503350] [robot_2.robot_state_publisher]: got segment robot_2/wheel_FR_link
[robot_state_publisher-11] [INFO] [1776839933.516510516] [robot_2.robot_state_publisher]: got segment robot_2/wheel_RL_link
[robot_state_publisher-11] [INFO] [1776839933.516517775] [robot_2.robot_state_publisher]: got segment robot_2/wheel_RR_link
[robot_state_publisher-14] [INFO] [1776839933.523205496] [robot_3.robot_state_publisher]: got segment robot_3/antenna_link
[robot_state_publisher-14] [INFO] [1776839933.523332718] [robot_3.robot_state_publisher]: got segment robot_3/base_footprint
[robot_state_publisher-14] [INFO] [1776839933.523348397] [robot_3.robot_state_publisher]: got segment robot_3/base_link
[robot_state_publisher-14] [INFO] [1776839933.523358343] [robot_3.robot_state_publisher]: got segment robot_3/realsense_link
[robot_state_publisher-14] [INFO] [1776839933.523366311] [robot_3.robot_state_publisher]: got segment robot_3/rocker_L_link
[robot_state_publisher-14] [INFO] [1776839933.523374109] [robot_3.robot_state_publisher]: got segment robot_3/rocker_R_link
[robot_state_publisher-14] [INFO] [1776839933.523381722] [robot_3.robot_state_publisher]: got segment robot_3/wheel_FL_link
[robot_state_publisher-14] [INFO] [1776839933.523389481] [robot_3.robot_state_publisher]: got segment robot_3/wheel_FR_link
[robot_state_publisher-14] [INFO] [1776839933.523396727] [robot_3.robot_state_publisher]: got segment robot_3/wheel_RL_link
[robot_state_publisher-14] [INFO] [1776839933.523403879] [robot_3.robot_state_publisher]: got segment robot_3/wheel_RR_link
[robot_state_publisher-8] [INFO] [1776839933.524687147] [robot_1.robot_state_publisher]: got segment robot_1/antenna_link
[robot_state_publisher-8] [INFO] [1776839933.524742261] [robot_1.robot_state_publisher]: got segment robot_1/base_footprint
[robot_state_publisher-8] [INFO] [1776839933.524748030] [robot_1.robot_state_publisher]: got segment robot_1/base_link
[robot_state_publisher-8] [INFO] [1776839933.524751348] [robot_1.robot_state_publisher]: got segment robot_1/realsense_link
[robot_state_publisher-8] [INFO] [1776839933.524754311] [robot_1.robot_state_publisher]: got segment robot_1/rocker_L_link
[robot_state_publisher-8] [INFO] [1776839933.524757045] [robot_1.robot_state_publisher]: got segment robot_1/rocker_R_link
[robot_state_publisher-8] [INFO] [1776839933.524759838] [robot_1.robot_state_publisher]: got segment robot_1/wheel_FL_link
[robot_state_publisher-8] [INFO] [1776839933.524762774] [robot_1.robot_state_publisher]: got segment robot_1/wheel_FR_link
[robot_state_publisher-8] [INFO] [1776839933.524765348] [robot_1.robot_state_publisher]: got segment robot_1/wheel_RL_link
[robot_state_publisher-8] [INFO] [1776839933.524768099] [robot_1.robot_state_publisher]: got segment robot_1/wheel_RR_link
[parameter_bridge-20] [INFO] [1776839933.533274472] [clock_bridge]: Creating GZ->ROS Bridge: [/clock (ignition.msgs.Clock) -> /clock (rosgraph_msgs/msg/Clock)] (Lazy 0)
[robot_supervisor-10] [INFO] [1776839933.732255218] [robot_1.robot_supervisor]: Loaded initial mission 'explore' from explicit YAML explore_sup_gpt_vague_3_run_7_183.yaml
[bump_counter-3] [INFO] [1776839933.735497791] [bump_counter]: [global] global_mode=True cooldown(robot)=0.80s cooldown(obs)=0.50s Logging to /home/ecem/ros2_ws/src/Leo_sct/results_exp/explore/vague/prompt_3/run_7/spread/trial_2/run_20260422_083853/bumps_global_083853.csv
[robot_supervisor-13] [INFO] [1776839933.755212779] [robot_2.robot_supervisor]: Loaded initial mission 'explore' from explicit YAML explore_sup_gpt_vague_3_run_7_183.yaml
[robot_supervisor-16] [INFO] [1776839933.764253893] [robot_3.robot_supervisor]: Loaded initial mission 'explore' from explicit YAML explore_sup_gpt_vague_3_run_7_183.yaml
[robot_supervisor-19] [INFO] [1776839933.780862538] [robot_4.robot_supervisor]: Loaded initial mission 'explore' from explicit YAML explore_sup_gpt_vague_3_run_7_183.yaml
[robot_supervisor-7] [INFO] [1776839933.811695837] [robot_0.robot_supervisor]: Loaded initial mission 'explore' from explicit YAML explore_sup_gpt_vague_3_run_7_183.yaml
[robot_supervisor-10] [INFO] [1776839933.836054215] [robot_1.robot_supervisor]: Selected controllable event: EV_random_walk
[parameter_bridge-4] [INFO] [1776839933.836251163] [all_robots_bridge]: Passing message from ROS geometry_msgs/msg/Twist to Gazebo gz.msgs.Twist (showing msg only once per type)
[robot_supervisor-13] [INFO] [1776839933.859518590] [robot_2.robot_supervisor]: Selected controllable event: EV_random_walk
[robot_supervisor-16] [INFO] [1776839933.868431490] [robot_3.robot_supervisor]: Selected controllable event: EV_random_walk
[robot_supervisor-19] [INFO] [1776839933.884609167] [robot_4.robot_supervisor]: Selected controllable event: EV_random_walk
[create-15] [INFO] [1776839933.890013501] [robot_3.ros_gz_sim]: Waiting messages on topic [/robot_3/robot_description].
[robot_supervisor-7] [INFO] [1776839933.915300983] [robot_0.robot_supervisor]: Selected controllable event: EV_random_walk
[create-12] [INFO] [1776839933.990079458] [robot_2.ros_gz_sim]: Waiting messages on topic [/robot_2/robot_description].
[create-6] [INFO] [1776839934.090232479] [robot_0.ros_gz_sim]: Waiting messages on topic [/robot_0/robot_description].
[create-9] [INFO] [1776839934.190616811] [robot_1.ros_gz_sim]: Waiting messages on topic [/robot_1/robot_description].
[create-6] [INFO] [1776839934.290200438] [robot_0.ros_gz_sim]: Requested creation of entity.
[create-6] [INFO] [1776839934.290245268] [robot_0.ros_gz_sim]: OK creation of entity.
[create-15] [INFO] [1776839934.290202251] [robot_3.ros_gz_sim]: Requested creation of entity.
[create-15] [INFO] [1776839934.290254832] [robot_3.ros_gz_sim]: OK creation of entity.
[create-9] [INFO] [1776839934.290309178] [robot_1.ros_gz_sim]: Requested creation of entity.
[create-9] [INFO] [1776839934.290370598] [robot_1.ros_gz_sim]: OK creation of entity.
[create-12] [INFO] [1776839934.290385620] [robot_2.ros_gz_sim]: Requested creation of entity.
[create-12] [INFO] [1776839934.290439405] [robot_2.ros_gz_sim]: OK creation of entity.
[create-18] [INFO] [1776839934.291143631] [robot_4.ros_gz_sim]: Waiting messages on topic [/robot_4/robot_description].
[create-18] [INFO] [1776839934.293762021] [robot_4.ros_gz_sim]: Requested creation of entity.
[create-18] [INFO] [1776839934.293779598] [robot_4.ros_gz_sim]: OK creation of entity.
[INFO] [create-9]: process has finished cleanly [pid 93111]
[INFO] [create-6]: process has finished cleanly [pid 93103]
[INFO] [create-12]: process has finished cleanly [pid 93117]
[INFO] [create-15]: process has finished cleanly [pid 93124]
[INFO] [create-18]: process has finished cleanly [pid 93138]
[bump_counter-3] [INFO] [1776839934.797573237] [bump_counter]: [global] subscribed: /world/random_world/model/robot_0/link/robot_0/base_footprint/sensor/contact_sensor/contact
[bump_counter-3] [INFO] [1776839934.799299936] [bump_counter]: [global] subscribed: /world/random_world/model/robot_1/link/robot_1/base_footprint/sensor/contact_sensor/contact
[bump_counter-3] [INFO] [1776839934.800055889] [bump_counter]: [global] subscribed: /world/random_world/model/robot_2/link/robot_2/base_footprint/sensor/contact_sensor/contact
[bump_counter-3] [INFO] [1776839934.800885662] [bump_counter]: [global] subscribed: /world/random_world/model/robot_3/link/robot_3/base_footprint/sensor/contact_sensor/contact
[bump_counter-3] [INFO] [1776839934.802291147] [bump_counter]: [global] subscribed: /world/random_world/model/robot_4/link/robot_4/base_footprint/sensor/contact_sensor/contact
[INFO] [image_processor-21]: process started with pid [93488]
[INFO] [image_processor-22]: process started with pid [93490]
[INFO] [image_processor-23]: process started with pid [93492]
[INFO] [image_processor-24]: process started with pid [93494]
[INFO] [image_processor-25]: process started with pid [93496]
[image_processor-22] [INFO] [1776839935.514072395] [robot_1.image_processor]: image_processor: depth='/robot_1/depth_camera/depth_image' aruco_runtime=disabled
[image_processor-23] [INFO] [1776839935.514368476] [robot_2.image_processor]: image_processor: depth='/robot_2/depth_camera/depth_image' aruco_runtime=disabled
[image_processor-21] [INFO] [1776839935.514398734] [robot_0.image_processor]: image_processor: depth='/robot_0/depth_camera/depth_image' aruco_runtime=disabled
[image_processor-24] [INFO] [1776839935.524809690] [robot_3.image_processor]: image_processor: depth='/robot_3/depth_camera/depth_image' aruco_runtime=disabled
[image_processor-25] [INFO] [1776839935.534228551] [robot_4.image_processor]: image_processor: depth='/robot_4/depth_camera/depth_image' aruco_runtime=disabled
[image_processor-24] [INFO] [1776839938.891480636] [robot_3.image_processor]: Zone=CLEAR  left[p=1.102 near=0 v=7650]  front[p=1.719 near=0 v=13500]  right[p=2.172 near=0 v=7740]
[image_processor-23] [INFO] [1776839938.906398404] [robot_2.image_processor]: Zone=CLEAR  left[p=2.745 near=0 v=5011]  front[p=1.644 near=0 v=8425]  right[p=1.700 near=0 v=6986]
[image_processor-21] [INFO] [1776839938.915016500] [robot_0.image_processor]: Zone=CLEAR  left[p=0.904 near=0 v=7650]  front[p=1.356 near=0 v=13500]  right[p=1.356 near=0 v=7740]
[image_processor-25] [INFO] [1776839938.937670970] [robot_4.image_processor]: Zone=CLEAR  left[p=3.196 near=0 v=6573]  front[p=2.953 near=0 v=9956]  right[p=2.658 near=0 v=5511]
[image_processor-22] [INFO] [1776839939.023830411] [robot_1.image_processor]: Zone=CLEAR  left[p=1.667 near=0 v=7650]  front[p=3.100 near=0 v=12175]  right[p=2.607 near=0 v=7450]
[image_processor-24] [INFO] [1776839941.392660375] [robot_3.image_processor]: Zone=CLEAR
[image_processor-21] [INFO] [1776839941.414526010] [robot_0.image_processor]: Zone=CLEAR
[image_processor-22] [INFO] [1776839941.423151349] [robot_1.image_processor]: Zone=CLEAR
[image_processor-25] [INFO] [1776839941.437780166] [robot_4.image_processor]: Zone=CLEAR
[image_processor-23] [INFO] [1776839941.507213664] [robot_2.image_processor]: Zone=CLEAR
[image_processor-24] [INFO] [1776839943.891244573] [robot_3.image_processor]: Zone=CLEAR
[image_processor-23] [INFO] [1776839943.906028479] [robot_2.image_processor]: Zone=CLEAR
[image_processor-21] [INFO] [1776839943.914487900] [robot_0.image_processor]: Zone=CLEAR
[image_processor-22] [INFO] [1776839943.924433841] [robot_1.image_processor]: Zone=CLEAR
[image_processor-25] [INFO] [1776839943.938472049] [robot_4.image_processor]: Zone=CLEAR
[image_processor-24] [INFO] [1776839946.390211984] [robot_3.image_processor]: Zone=CLEAR
[image_processor-23] [INFO] [1776839946.408207072] [robot_2.image_processor]: Zone=CLEAR
[image_processor-21] [INFO] [1776839946.416081021] [robot_0.image_processor]: Zone=CLEAR
[image_processor-22] [INFO] [1776839946.424114498] [robot_1.image_processor]: Zone=CLEAR
[image_processor-25] [INFO] [1776839946.438272357] [robot_4.image_processor]: Zone=CLEAR
[image_processor-24] [INFO] [1776839948.893226993] [robot_3.image_processor]: Zone=CLEAR
[image_processor-21] [INFO] [1776839948.920344453] [robot_0.image_processor]: Zone=CLEAR
[image_processor-22] [INFO] [1776839948.930771805] [robot_1.image_processor]: Zone=CLEAR
[image_processor-25] [INFO] [1776839948.944796382] [robot_4.image_processor]: Zone=CLEAR
[image_processor-23] [INFO] [1776839949.012589841] [robot_2.image_processor]: Zone=CLEAR
[image_processor-24] [INFO] [1776839951.390409286] [robot_3.image_processor]: Zone=CLEAR
[image_processor-23] [INFO] [1776839951.406081786] [robot_2.image_processor]: Zone=CLEAR
[image_processor-21] [INFO] [1776839951.414637036] [robot_0.image_processor]: Zone=CLEAR
[image_processor-22] [INFO] [1776839951.423802232] [robot_1.image_processor]: Zone=CLEAR
[image_processor-25] [INFO] [1776839951.439427901] [robot_4.image_processor]: Zone=CLEAR
[image_processor-24] [INFO] [1776839953.891254109] [robot_3.image_processor]: Zone=CLEAR
[image_processor-23] [INFO] [1776839953.904256015] [robot_2.image_processor]: Zone=CLEAR
[image_processor-21] [INFO] [1776839953.911836562] [robot_0.image_processor]: Zone=CLEAR
[image_processor-22] [INFO] [1776839953.919349129] [robot_1.image_processor]: Zone=CLEAR
[image_processor-25] [INFO] [1776839953.934059233] [robot_4.image_processor]: Zone=CLEAR
[image_processor-24] [INFO] [1776839956.391734710] [robot_3.image_processor]: Zone=CLEAR
[image_processor-23] [INFO] [1776839956.406489162] [robot_2.image_processor]: Zone=CLEAR
[image_processor-21] [INFO] [1776839956.419459088] [robot_0.image_processor]: Zone=CLEAR
[image_processor-22] [INFO] [1776839956.433918662] [robot_1.image_processor]: Zone=CLEAR
[image_processor-25] [INFO] [1776839956.456776509] [robot_4.image_processor]: Zone=CLEAR
[image_processor-24] [INFO] [1776839958.891630146] [robot_3.image_processor]: Zone=CLEAR
[image_processor-23] [INFO] [1776839958.905965378] [robot_2.image_processor]: Zone=CLEAR
[image_processor-21] [INFO] [1776839958.912973192] [robot_0.image_processor]: Zone=CLEAR
[image_processor-22] [INFO] [1776839958.921516245] [robot_1.image_processor]: Zone=CLEAR
[image_processor-25] [INFO] [1776839958.935733985] [robot_4.image_processor]: Zone=CLEAR
[image_processor-24] [INFO] [1776839961.390190993] [robot_3.image_processor]: Zone=CLEAR
[image_processor-23] [INFO] [1776839961.404269354] [robot_2.image_processor]: Zone=CLEAR
[image_processor-21] [INFO] [1776839961.412142765] [robot_0.image_processor]: Zone=CLEAR
[image_processor-22] [INFO] [1776839961.419658423] [robot_1.image_processor]: Zone=CLEAR
[image_processor-25] [INFO] [1776839961.434368180] [robot_4.image_processor]: Zone=CLEAR
[image_processor-24] [INFO] [1776839963.891876938] [robot_3.image_processor]: Zone=CLEAR
[image_processor-23] [INFO] [1776839963.905371947] [robot_2.image_processor]: Zone=CLEAR
[image_processor-21] [INFO] [1776839963.913884762] [robot_0.image_processor]: Zone=CLEAR
[image_processor-22] [INFO] [1776839963.921990156] [robot_1.image_processor]: Zone=CLEAR
[image_processor-25] [INFO] [1776839963.935936036] [robot_4.image_processor]: Zone=CLEAR
[image_processor-24] [INFO] [1776839966.393429151] [robot_3.image_processor]: Zone=CLEAR
[image_processor-23] [INFO] [1776839966.407631768] [robot_2.image_processor]: Zone=CLEAR
[image_processor-21] [INFO] [1776839966.415920127] [robot_0.image_processor]: Zone=CLEAR
[image_processor-22] [INFO] [1776839966.424176008] [robot_1.image_processor]: Zone=CLEAR
[image_processor-25] [INFO] [1776839966.439532754] [robot_4.image_processor]: Zone=CLEAR
[image_processor-24] [INFO] [1776839968.890179108] [robot_3.image_processor]: Zone=CLEAR
[image_processor-23] [INFO] [1776839968.904143679] [robot_2.image_processor]: Zone=CLEAR
[image_processor-21] [INFO] [1776839968.911956764] [robot_0.image_processor]: Zone=CLEAR
[image_processor-22] [INFO] [1776839968.921008014] [robot_1.image_processor]: Zone=CLEAR
[image_processor-25] [INFO] [1776839968.933506801] [robot_4.image_processor]: Zone=CLEAR
[image_processor-24] [INFO] [1776839971.391452502] [robot_3.image_processor]: Zone=CLEAR
[image_processor-23] [INFO] [1776839971.405847292] [robot_2.image_processor]: Zone=CLEAR
[image_processor-21] [INFO] [1776839971.414964869] [robot_0.image_processor]: Zone=CLEAR
[image_processor-22] [INFO] [1776839971.422636377] [robot_1.image_processor]: Zone=CLEAR
[image_processor-25] [INFO] [1776839971.437779689] [robot_4.image_processor]: Zone=CLEAR
[image_processor-24] [INFO] [1776839973.890561597] [robot_3.image_processor]: Zone=CLEAR
[image_processor-23] [INFO] [1776839973.904607219] [robot_2.image_processor]: Zone=CLEAR
[image_processor-21] [INFO] [1776839973.912012903] [robot_0.image_processor]: Zone=CLEAR
[image_processor-22] [INFO] [1776839973.920399723] [robot_1.image_processor]: Zone=CLEAR
[image_processor-25] [INFO] [1776839973.935983460] [robot_4.image_processor]: Zone=CLEAR
[image_processor-24] [INFO] [1776839976.392267326] [robot_3.image_processor]: Zone=CLEAR
[image_processor-23] [INFO] [1776839976.406501476] [robot_2.image_processor]: Zone=CLEAR
[image_processor-21] [INFO] [1776839976.414952633] [robot_0.image_processor]: Zone=CLEAR
[image_processor-22] [INFO] [1776839976.422620177] [robot_1.image_processor]: Zone=CLEAR
[image_processor-25] [INFO] [1776839976.437168830] [robot_4.image_processor]: Zone=CLEAR
[image_processor-24] [INFO] [1776839978.889970822] [robot_3.image_processor]: Zone=CLEAR
[image_processor-23] [INFO] [1776839978.903289073] [robot_2.image_processor]: Zone=CLEAR
[image_processor-22] [INFO] [1776839978.920412116] [robot_1.image_processor]: Zone=CLEAR
[image_processor-25] [INFO] [1776839978.934830602] [robot_4.image_processor]: Zone=CLEAR
[image_processor-21] [INFO] [1776839979.012358026] [robot_0.image_processor]: Zone=CLEAR
[image_processor-24] [INFO] [1776839981.390960255] [robot_3.image_processor]: Zone=CLEAR
[image_processor-23] [INFO] [1776839981.405306901] [robot_2.image_processor]: Zone=CLEAR
[image_processor-21] [INFO] [1776839981.413830078] [robot_0.image_processor]: Zone=CLEAR
[image_processor-22] [INFO] [1776839981.422339424] [robot_1.image_processor]: Zone=CLEAR
[image_processor-25] [INFO] [1776839981.436672112] [robot_4.image_processor]: Zone=CLEAR
[image_processor-24] [INFO] [1776839983.889623875] [robot_3.image_processor]: Zone=CLEAR
[image_processor-23] [INFO] [1776839983.904860330] [robot_2.image_processor]: Zone=CLEAR
[image_processor-21] [INFO] [1776839983.912644613] [robot_0.image_processor]: Zone=CLEAR
[image_processor-22] [INFO] [1776839983.921326148] [robot_1.image_processor]: Zone=CLEAR
[image_processor-25] [INFO] [1776839983.934673901] [robot_4.image_processor]: Zone=CLEAR
[image_processor-24] [INFO] [1776839986.395643744] [robot_3.image_processor]: Zone=CLEAR
[image_processor-23] [INFO] [1776839986.409622813] [robot_2.image_processor]: Zone=CLEAR
[image_processor-21] [INFO] [1776839986.418539234] [robot_0.image_processor]: Zone=CLEAR
[image_processor-22] [INFO] [1776839986.427057062] [robot_1.image_processor]: Zone=CLEAR
[image_processor-25] [INFO] [1776839986.442488564] [robot_4.image_processor]: Zone=CLEAR
[image_processor-24] [INFO] [1776839988.892364366] [robot_3.image_processor]: Zone=CLEAR
[image_processor-23] [INFO] [1776839988.909353212] [robot_2.image_processor]: Zone=CLEAR
[image_processor-21] [INFO] [1776839988.917502259] [robot_0.image_processor]: Zone=CLEAR
[image_processor-25] [INFO] [1776839988.939876586] [robot_4.image_processor]: Zone=CLEAR
[image_processor-22] [INFO] [1776839989.025876879] [robot_1.image_processor]: Zone=CLEAR
[image_processor-24] [INFO] [1776839991.391687060] [robot_3.image_processor]: Zone=CLEAR
[image_processor-23] [INFO] [1776839991.406345457] [robot_2.image_processor]: Zone=CLEAR
[image_processor-21] [INFO] [1776839991.414755044] [robot_0.image_processor]: Zone=CLEAR
[image_processor-22] [INFO] [1776839991.421143901] [robot_1.image_processor]: Zone=CLEAR
[image_processor-25] [INFO] [1776839991.436594677] [robot_4.image_processor]: Zone=CLEAR
[image_processor-24] [INFO] [1776839993.893707189] [robot_3.image_processor]: Zone=CLEAR
[image_processor-23] [INFO] [1776839993.911389844] [robot_2.image_processor]: Zone=CLEAR
[image_processor-21] [INFO] [1776839993.919803686] [robot_0.image_processor]: Zone=CLEAR
[image_processor-22] [INFO] [1776839993.930512032] [robot_1.image_processor]: Zone=CLEAR
[image_processor-25] [INFO] [1776839993.945085856] [robot_4.image_processor]: Zone=CLEAR
[image_processor-24] [INFO] [1776839996.389818760] [robot_3.image_processor]: Zone=CLEAR
[image_processor-23] [INFO] [1776839996.405922538] [robot_2.image_processor]: Zone=CLEAR
[image_processor-21] [INFO] [1776839996.413464055] [robot_0.image_processor]: Zone=CLEAR
[image_processor-22] [INFO] [1776839996.424673318] [robot_1.image_processor]: Zone=CLEAR
[image_processor-25] [INFO] [1776839996.442893880] [robot_4.image_processor]: Zone=CLEAR
[image_processor-24] [INFO] [1776839998.891929218] [robot_3.image_processor]: Zone=CLEAR
[image_processor-21] [INFO] [1776839998.914213350] [robot_0.image_processor]: Zone=CLEAR
[image_processor-22] [INFO] [1776839998.922719324] [robot_1.image_processor]: Zone=CLEAR
[image_processor-25] [INFO] [1776839998.937103026] [robot_4.image_processor]: Zone=CLEAR
[image_processor-23] [INFO] [1776839999.007802094] [robot_2.image_processor]: Zone=CLEAR
[image_processor-24] [INFO] [1776840001.389924602] [robot_3.image_processor]: Zone=CLEAR
[image_processor-23] [INFO] [1776840001.405040958] [robot_2.image_processor]: Zone=CLEAR
[image_processor-21] [INFO] [1776840001.413991772] [robot_0.image_processor]: Zone=CLEAR
[image_processor-22] [INFO] [1776840001.421211324] [robot_1.image_processor]: Zone=CLEAR
[image_processor-25] [INFO] [1776840001.436809613] [robot_4.image_processor]: Zone=CLEAR
[image_processor-24] [INFO] [1776840003.893092112] [robot_3.image_processor]: Zone=CLEAR
[image_processor-23] [INFO] [1776840003.910023714] [robot_2.image_processor]: Zone=CLEAR
[image_processor-21] [INFO] [1776840003.919054713] [robot_0.image_processor]: Zone=CLEAR
[image_processor-22] [INFO] [1776840003.927310605] [robot_1.image_processor]: Zone=CLEAR
[image_processor-25] [INFO] [1776840003.941830044] [robot_4.image_processor]: Zone=CLEAR
[image_processor-24] [INFO] [1776840006.391247254] [robot_3.image_processor]: Zone=CLEAR
[image_processor-23] [INFO] [1776840006.405628425] [robot_2.image_processor]: Zone=CLEAR
[image_processor-21] [INFO] [1776840006.413947056] [robot_0.image_processor]: Zone=CLEAR
[image_processor-22] [INFO] [1776840006.422183316] [robot_1.image_processor]: Zone=CLEAR
[image_processor-25] [INFO] [1776840006.435886432] [robot_4.image_processor]: Zone=CLEAR
[image_processor-24] [INFO] [1776840008.892864344] [robot_3.image_processor]: Zone=CLEAR
[image_processor-23] [INFO] [1776840008.908111059] [robot_2.image_processor]: Zone=CLEAR
[image_processor-21] [INFO] [1776840008.916705283] [robot_0.image_processor]: Zone=CLEAR
[image_processor-22] [INFO] [1776840008.924418160] [robot_1.image_processor]: Zone=CLEAR
[image_processor-25] [INFO] [1776840008.938570034] [robot_4.image_processor]: Zone=CLEAR
[image_processor-24] [INFO] [1776840011.391019174] [robot_3.image_processor]: Zone=CLEAR
[image_processor-23] [INFO] [1776840011.404442508] [robot_2.image_processor]: Zone=CLEAR
[image_processor-21] [INFO] [1776840011.412514067] [robot_0.image_processor]: Zone=CLEAR
[image_processor-22] [INFO] [1776840011.420755251] [robot_1.image_processor]: Zone=CLEAR
[image_processor-25] [INFO] [1776840011.435910889] [robot_4.image_processor]: Zone=CLEAR
[image_processor-24] [INFO] [1776840013.890908385] [robot_3.image_processor]: Zone=CLEAR
[image_processor-23] [INFO] [1776840013.904316591] [robot_2.image_processor]: Zone=CLEAR
[image_processor-21] [INFO] [1776840013.913464684] [robot_0.image_processor]: Zone=CLEAR
[image_processor-22] [INFO] [1776840013.922289418] [robot_1.image_processor]: Zone=CLEAR
[image_processor-25] [INFO] [1776840013.936387332] [robot_4.image_processor]: Zone=CLEAR
[image_processor-24] [INFO] [1776840016.391778259] [robot_3.image_processor]: Zone=CLEAR
[image_processor-23] [INFO] [1776840016.405887413] [robot_2.image_processor]: Zone=CLEAR
[image_processor-21] [INFO] [1776840016.413355541] [robot_0.image_processor]: Zone=CLEAR
[image_processor-22] [INFO] [1776840016.421567029] [robot_1.image_processor]: Zone=CLEAR
[image_processor-25] [INFO] [1776840016.436049421] [robot_4.image_processor]: Zone=CLEAR
[image_processor-24] [INFO] [1776840018.891257469] [robot_3.image_processor]: Zone=CLEAR
[image_processor-23] [INFO] [1776840018.905038209] [robot_2.image_processor]: Zone=CLEAR
[image_processor-21] [INFO] [1776840018.913326497] [robot_0.image_processor]: Zone=CLEAR
[image_processor-22] [INFO] [1776840018.921431824] [robot_1.image_processor]: Zone=CLEAR
[image_processor-25] [INFO] [1776840018.935980479] [robot_4.image_processor]: Zone=CLEAR
[image_processor-24] [INFO] [1776840021.391654354] [robot_3.image_processor]: Zone=CLEAR
[image_processor-23] [INFO] [1776840021.406458117] [robot_2.image_processor]: Zone=CLEAR
[image_processor-21] [INFO] [1776840021.414157057] [robot_0.image_processor]: Zone=CLEAR
[image_processor-25] [INFO] [1776840021.439441764] [robot_4.image_processor]: Zone=CLEAR
[image_processor-22] [INFO] [1776840021.526570281] [robot_1.image_processor]: Zone=CLEAR
[image_processor-24] [INFO] [1776840023.891777171] [robot_3.image_processor]: Zone=CLEAR
[image_processor-23] [INFO] [1776840023.906545503] [robot_2.image_processor]: Zone=CLEAR
[image_processor-21] [INFO] [1776840023.913628114] [robot_0.image_processor]: Zone=CLEAR
[image_processor-22] [INFO] [1776840023.921747826] [robot_1.image_processor]: Zone=CLEAR
[image_processor-25] [INFO] [1776840023.936758757] [robot_4.image_processor]: Zone=CLEAR
[image_processor-24] [INFO] [1776840026.391185922] [robot_3.image_processor]: Zone=CLEAR
[image_processor-23] [INFO] [1776840026.404244577] [robot_2.image_processor]: Zone=CLEAR
[image_processor-21] [INFO] [1776840026.411538064] [robot_0.image_processor]: Zone=CLEAR
[image_processor-22] [INFO] [1776840026.421538427] [robot_1.image_processor]: Zone=CLEAR
[image_processor-25] [INFO] [1776840026.435673423] [robot_4.image_processor]: Zone=CLEAR
[image_processor-24] [INFO] [1776840028.891559819] [robot_3.image_processor]: Zone=CLEAR
[image_processor-23] [INFO] [1776840028.904464604] [robot_2.image_processor]: Zone=CLEAR
[image_processor-21] [INFO] [1776840028.913083291] [robot_0.image_processor]: Zone=CLEAR
[image_processor-22] [INFO] [1776840028.921127616] [robot_1.image_processor]: Zone=CLEAR
[image_processor-25] [INFO] [1776840028.935024355] [robot_4.image_processor]: Zone=CLEAR
[image_processor-24] [INFO] [1776840031.393237277] [robot_3.image_processor]: Zone=CLEAR
[image_processor-23] [INFO] [1776840031.406115414] [robot_2.image_processor]: Zone=CLEAR
[image_processor-21] [INFO] [1776840031.414392860] [robot_0.image_processor]: Zone=CLEAR
[image_processor-22] [INFO] [1776840031.422433578] [robot_1.image_processor]: Zone=CLEAR
[image_processor-25] [INFO] [1776840031.437668911] [robot_4.image_processor]: Zone=CLEAR
[image_processor-23] [INFO] [1776840033.905181157] [robot_2.image_processor]: Zone=CLEAR
[image_processor-21] [INFO] [1776840033.914049211] [robot_0.image_processor]: Zone=CLEAR
[image_processor-22] [INFO] [1776840033.921449506] [robot_1.image_processor]: Zone=CLEAR
[image_processor-25] [INFO] [1776840033.937180527] [robot_4.image_processor]: Zone=CLEAR
[image_processor-24] [INFO] [1776840033.994277810] [robot_3.image_processor]: Zone=CLEAR
[image_processor-24] [INFO] [1776840036.391509174] [robot_3.image_processor]: Zone=CLEAR
[image_processor-23] [INFO] [1776840036.405776279] [robot_2.image_processor]: Zone=CLEAR
[image_processor-21] [INFO] [1776840036.413749785] [robot_0.image_processor]: Zone=CLEAR
[image_processor-22] [INFO] [1776840036.421467390] [robot_1.image_processor]: Zone=CLEAR
[image_processor-25] [INFO] [1776840036.437234399] [robot_4.image_processor]: Zone=CLEAR
[image_processor-24] [INFO] [1776840038.890873935] [robot_3.image_processor]: Zone=CLEAR
[image_processor-23] [INFO] [1776840038.905045562] [robot_2.image_processor]: Zone=CLEAR
[image_processor-21] [INFO] [1776840038.914043992] [robot_0.image_processor]: Zone=CLEAR
[image_processor-22] [INFO] [1776840038.922377972] [robot_1.image_processor]: Zone=CLEAR
[image_processor-25] [INFO] [1776840038.934755486] [robot_4.image_processor]: Zone=CLEAR
[image_processor-24] [INFO] [1776840041.391719274] [robot_3.image_processor]: Zone=CLEAR
[image_processor-23] [INFO] [1776840041.408090515] [robot_2.image_processor]: Zone=CLEAR
[image_processor-21] [INFO] [1776840041.418481629] [robot_0.image_processor]: Zone=CLEAR
[image_processor-22] [INFO] [1776840041.431962040] [robot_1.image_processor]: Zone=CLEAR
[image_processor-25] [INFO] [1776840041.449752384] [robot_4.image_processor]: Zone=CLEAR
[image_processor-24] [INFO] [1776840043.891132593] [robot_3.image_processor]: Zone=CLEAR
[image_processor-21] [INFO] [1776840043.915672027] [robot_0.image_processor]: Zone=CLEAR
[image_processor-22] [INFO] [1776840043.924357513] [robot_1.image_processor]: Zone=CLEAR
[image_processor-25] [INFO] [1776840043.939310655] [robot_4.image_processor]: Zone=CLEAR
[image_processor-23] [INFO] [1776840044.004555956] [robot_2.image_processor]: Zone=CLEAR
[image_processor-24] [INFO] [1776840046.391763091] [robot_3.image_processor]: Zone=CLEAR
[image_processor-23] [INFO] [1776840046.407267340] [robot_2.image_processor]: Zone=CLEAR
[image_processor-21] [INFO] [1776840046.416455975] [robot_0.image_processor]: Zone=CLEAR
[image_processor-22] [INFO] [1776840046.428683759] [robot_1.image_processor]: Zone=CLEAR
[image_processor-25] [INFO] [1776840046.443064236] [robot_4.image_processor]: Zone=CLEAR
[image_processor-24] [INFO] [1776840048.890496659] [robot_3.image_processor]: Zone=CLEAR
[image_processor-23] [INFO] [1776840048.907776481] [robot_2.image_processor]: Zone=CLEAR
[image_processor-21] [INFO] [1776840048.916660122] [robot_0.image_processor]: Zone=CLEAR
[image_processor-22] [INFO] [1776840048.923851081] [robot_1.image_processor]: Zone=CLEAR
[image_processor-25] [INFO] [1776840048.938746138] [robot_4.image_processor]: Zone=CLEAR
[image_processor-24] [INFO] [1776840051.391989229] [robot_3.image_processor]: Zone=CLEAR
[image_processor-23] [INFO] [1776840051.404114290] [robot_2.image_processor]: Zone=CLEAR
[image_processor-21] [INFO] [1776840051.412104739] [robot_0.image_processor]: Zone=CLEAR
[image_processor-22] [INFO] [1776840051.420025686] [robot_1.image_processor]: Zone=CLEAR
[image_processor-25] [INFO] [1776840051.434395763] [robot_4.image_processor]: Zone=CLEAR
[image_processor-24] [INFO] [1776840053.895395455] [robot_3.image_processor]: Zone=CLEAR
[image_processor-23] [INFO] [1776840053.912663926] [robot_2.image_processor]: Zone=CLEAR
[image_processor-21] [INFO] [1776840053.920627538] [robot_0.image_processor]: Zone=CLEAR
[image_processor-22] [INFO] [1776840053.931782620] [robot_1.image_processor]: Zone=CLEAR
[image_processor-25] [INFO] [1776840053.945492723] [robot_4.image_processor]: Zone=CLEAR
[image_processor-24] [INFO] [1776840056.391198100] [robot_3.image_processor]: Zone=CLEAR
[image_processor-23] [INFO] [1776840056.405565245] [robot_2.image_processor]: Zone=CLEAR
[image_processor-21] [INFO] [1776840056.415233257] [robot_0.image_processor]: Zone=CLEAR
[image_processor-22] [INFO] [1776840056.423138987] [robot_1.image_processor]: Zone=CLEAR
[image_processor-25] [INFO] [1776840056.437042787] [robot_4.image_processor]: Zone=CLEAR
[image_processor-24] [INFO] [1776840058.890108871] [robot_3.image_processor]: Zone=CLEAR
[image_processor-23] [INFO] [1776840058.904420161] [robot_2.image_processor]: Zone=CLEAR
[image_processor-21] [INFO] [1776840058.912192003] [robot_0.image_processor]: Zone=CLEAR
[image_processor-22] [INFO] [1776840058.920687422] [robot_1.image_processor]: Zone=CLEAR
[image_processor-25] [INFO] [1776840058.935194816] [robot_4.image_processor]: Zone=CLEAR
[image_processor-24] [INFO] [1776840061.392884323] [robot_3.image_processor]: Zone=CLEAR
[image_processor-23] [INFO] [1776840061.406060078] [robot_2.image_processor]: Zone=CLEAR
[image_processor-21] [INFO] [1776840061.413869775] [robot_0.image_processor]: Zone=CLEAR
[image_processor-22] [INFO] [1776840061.422650902] [robot_1.image_processor]: Zone=CLEAR
[image_processor-25] [INFO] [1776840061.537411501] [robot_4.image_processor]: Zone=CLEAR
[image_processor-24] [INFO] [1776840063.891061806] [robot_3.image_processor]: Zone=CLEAR
[image_processor-21] [INFO] [1776840063.912894298] [robot_0.image_processor]: Zone=CLEAR
[image_processor-25] [INFO] [1776840063.936258953] [robot_4.image_processor]: Zone=CLEAR
[image_processor-23] [INFO] [1776840064.005026468] [robot_2.image_processor]: Zone=CLEAR
[image_processor-22] [INFO] [1776840064.021859413] [robot_1.image_processor]: Zone=CLEAR
[image_processor-23] [INFO] [1776840066.405639180] [robot_2.image_processor]: Zone=CLEAR
[image_processor-21] [INFO] [1776840066.413434377] [robot_0.image_processor]: Zone=CLEAR
[image_processor-22] [INFO] [1776840066.422810535] [robot_1.image_processor]: Zone=CLEAR
[image_processor-25] [INFO] [1776840066.436621762] [robot_4.image_processor]: Zone=CLEAR
[image_processor-24] [INFO] [1776840066.491284398] [robot_3.image_processor]: Zone=CLEAR
[image_processor-24] [INFO] [1776840068.892789567] [robot_3.image_processor]: Zone=CLEAR
[image_processor-23] [INFO] [1776840068.907090882] [robot_2.image_processor]: Zone=CLEAR
[image_processor-21] [INFO] [1776840068.914864314] [robot_0.image_processor]: Zone=CLEAR
[image_processor-22] [INFO] [1776840068.923763218] [robot_1.image_processor]: Zone=CLEAR
[image_processor-25] [INFO] [1776840068.938060133] [robot_4.image_processor]: Zone=CLEAR
[image_processor-24] [INFO] [1776840071.392117562] [robot_3.image_processor]: Zone=CLEAR
[image_processor-23] [INFO] [1776840071.406604446] [robot_2.image_processor]: Zone=CLEAR
[image_processor-21] [INFO] [1776840071.414672910] [robot_0.image_processor]: Zone=CLEAR
[image_processor-22] [INFO] [1776840071.422943482] [robot_1.image_processor]: Zone=CLEAR
[image_processor-25] [INFO] [1776840071.436024484] [robot_4.image_processor]: Zone=CLEAR
[image_processor-24] [INFO] [1776840073.891240600] [robot_3.image_processor]: Zone=CLEAR
[image_processor-23] [INFO] [1776840073.905502112] [robot_2.image_processor]: Zone=CLEAR
[image_processor-21] [INFO] [1776840073.913499745] [robot_0.image_processor]: Zone=CLEAR
[image_processor-22] [INFO] [1776840073.921425990] [robot_1.image_processor]: Zone=CLEAR
[image_processor-25] [INFO] [1776840073.935688702] [robot_4.image_processor]: Zone=CLEAR
[image_processor-24] [INFO] [1776840076.391205088] [robot_3.image_processor]: Zone=CLEAR
[image_processor-23] [INFO] [1776840076.407679798] [robot_2.image_processor]: Zone=CLEAR
[image_processor-21] [INFO] [1776840076.414828186] [robot_0.image_processor]: Zone=CLEAR
[image_processor-22] [INFO] [1776840076.423793724] [robot_1.image_processor]: Zone=CLEAR
[image_processor-25] [INFO] [1776840076.440750814] [robot_4.image_processor]: Zone=CLEAR
[image_processor-24] [INFO] [1776840078.892452318] [robot_3.image_processor]: Zone=CLEAR
[image_processor-23] [INFO] [1776840078.906234128] [robot_2.image_processor]: Zone=CLEAR
[image_processor-21] [INFO] [1776840078.914067672] [robot_0.image_processor]: Zone=CLEAR
[image_processor-22] [INFO] [1776840078.923461876] [robot_1.image_processor]: Zone=CLEAR
[image_processor-25] [INFO] [1776840078.938346443] [robot_4.image_processor]: Zone=CLEAR
[image_processor-24] [INFO] [1776840081.394668251] [robot_3.image_processor]: Zone=CLEAR
[image_processor-23] [INFO] [1776840081.409116600] [robot_2.image_processor]: Zone=CLEAR
[image_processor-21] [INFO] [1776840081.417414232] [robot_0.image_processor]: Zone=CLEAR
[image_processor-22] [INFO] [1776840081.425777268] [robot_1.image_processor]: Zone=CLEAR
[image_processor-25] [INFO] [1776840081.440246833] [robot_4.image_processor]: Zone=CLEAR
[image_processor-24] [INFO] [1776840083.889352948] [robot_3.image_processor]: Zone=CLEAR
[image_processor-23] [INFO] [1776840083.912869138] [robot_2.image_processor]: Zone=CLEAR
[image_processor-21] [INFO] [1776840083.922930232] [robot_0.image_processor]: Zone=CLEAR
[image_processor-22] [INFO] [1776840083.930903448] [robot_1.image_processor]: Zone=CLEAR
[image_processor-25] [INFO] [1776840083.949910236] [robot_4.image_processor]: Zone=CLEAR
[image_processor-24] [INFO] [1776840086.394414049] [robot_3.image_processor]: Zone=CLEAR
[image_processor-23] [INFO] [1776840086.414135605] [robot_2.image_processor]: Zone=CLEAR
[image_processor-21] [INFO] [1776840086.426927891] [robot_0.image_processor]: Zone=CLEAR
[image_processor-22] [INFO] [1776840086.434138490] [robot_1.image_processor]: Zone=CLEAR
[image_processor-25] [INFO] [1776840086.448627638] [robot_4.image_processor]: Zone=CLEAR
[image_processor-24] [INFO] [1776840088.890774159] [robot_3.image_processor]: Zone=CLEAR
[image_processor-23] [INFO] [1776840088.906556575] [robot_2.image_processor]: Zone=CLEAR
[image_processor-21] [INFO] [1776840088.913935727] [robot_0.image_processor]: Zone=CLEAR
[image_processor-25] [INFO] [1776840088.940006847] [robot_4.image_processor]: Zone=CLEAR
[image_processor-22] [INFO] [1776840089.022873729] [robot_1.image_processor]: Zone=CLEAR
[image_processor-24] [INFO] [1776840091.391128530] [robot_3.image_processor]: Zone=CLEAR
[image_processor-23] [INFO] [1776840091.405028866] [robot_2.image_processor]: Zone=CLEAR
[image_processor-21] [INFO] [1776840091.412040233] [robot_0.image_processor]: Zone=CLEAR
[image_processor-22] [INFO] [1776840091.421681858] [robot_1.image_processor]: Zone=CLEAR
[image_processor-25] [INFO] [1776840091.448527465] [robot_4.image_processor]: Zone=CLEAR
[image_processor-24] [INFO] [1776840093.890469075] [robot_3.image_processor]: Zone=CLEAR
[image_processor-23] [INFO] [1776840093.904281728] [robot_2.image_processor]: Zone=CLEAR
[image_processor-21] [INFO] [1776840093.912408877] [robot_0.image_processor]: Zone=CLEAR
[image_processor-22] [INFO] [1776840093.920546649] [robot_1.image_processor]: Zone=CLEAR
[image_processor-25] [INFO] [1776840093.935544987] [robot_4.image_processor]: Zone=CLEAR
[image_processor-24] [INFO] [1776840096.392472191] [robot_3.image_processor]: Zone=CLEAR
[image_processor-23] [INFO] [1776840096.406646836] [robot_2.image_processor]: Zone=CLEAR
[image_processor-21] [INFO] [1776840096.414523205] [robot_0.image_processor]: Zone=CLEAR
[image_processor-22] [INFO] [1776840096.421699980] [robot_1.image_processor]: Zone=CLEAR
[image_processor-25] [INFO] [1776840096.436500946] [robot_4.image_processor]: Zone=CLEAR
[image_processor-24] [INFO] [1776840098.896170410] [robot_3.image_processor]: Zone=CLEAR
[image_processor-23] [INFO] [1776840098.912081676] [robot_2.image_processor]: Zone=CLEAR
[image_processor-21] [INFO] [1776840098.919592262] [robot_0.image_processor]: Zone=CLEAR
[image_processor-22] [INFO] [1776840098.928269438] [robot_1.image_processor]: Zone=CLEAR
[image_processor-25] [INFO] [1776840098.942561291] [robot_4.image_processor]: Zone=CLEAR
[image_processor-24] [INFO] [1776840101.389925161] [robot_3.image_processor]: Zone=CLEAR
[image_processor-23] [INFO] [1776840101.404848692] [robot_2.image_processor]: Zone=CLEAR
[image_processor-21] [INFO] [1776840101.412378115] [robot_0.image_processor]: Zone=CLEAR
[image_processor-22] [INFO] [1776840101.423740182] [robot_1.image_processor]: Zone=CLEAR
[image_processor-25] [INFO] [1776840101.440809120] [robot_4.image_processor]: Zone=CLEAR
[image_processor-24] [INFO] [1776840103.890491356] [robot_3.image_processor]: Zone=CLEAR
[image_processor-23] [INFO] [1776840103.905351336] [robot_2.image_processor]: Zone=CLEAR
[image_processor-21] [INFO] [1776840103.913061668] [robot_0.image_processor]: Zone=CLEAR
[image_processor-22] [INFO] [1776840103.921894723] [robot_1.image_processor]: Zone=CLEAR
[image_processor-25] [INFO] [1776840103.935508101] [robot_4.image_processor]: Zone=CLEAR
[image_processor-24] [INFO] [1776840106.403558588] [robot_3.image_processor]: Zone=CLEAR
[image_processor-23] [INFO] [1776840106.435612896] [robot_2.image_processor]: Zone=CLEAR
[image_processor-21] [INFO] [1776840106.446011197] [robot_0.image_processor]: Zone=CLEAR
[image_processor-22] [INFO] [1776840106.457589118] [robot_1.image_processor]: Zone=CLEAR
[image_processor-25] [INFO] [1776840106.477951993] [robot_4.image_processor]: Zone=CLEAR
[image_processor-24] [INFO] [1776840108.891727909] [robot_3.image_processor]: Zone=CLEAR
[image_processor-23] [INFO] [1776840108.905143278] [robot_2.image_processor]: Zone=CLEAR
[image_processor-21] [INFO] [1776840108.913378442] [robot_0.image_processor]: Zone=CLEAR
[image_processor-22] [INFO] [1776840108.921249187] [robot_1.image_processor]: Zone=CLEAR
[image_processor-25] [INFO] [1776840108.935751978] [robot_4.image_processor]: Zone=CLEAR
[image_processor-24] [INFO] [1776840111.390525730] [robot_3.image_processor]: Zone=CLEAR
[image_processor-23] [INFO] [1776840111.405174682] [robot_2.image_processor]: Zone=CLEAR
[image_processor-21] [INFO] [1776840111.413478763] [robot_0.image_processor]: Zone=CLEAR
[image_processor-22] [INFO] [1776840111.423565413] [robot_1.image_processor]: Zone=CLEAR
[image_processor-25] [INFO] [1776840111.539563108] [robot_4.image_processor]: Zone=CLEAR
[image_processor-24] [INFO] [1776840113.893586314] [robot_3.image_processor]: Zone=CLEAR
[image_processor-23] [INFO] [1776840113.907529618] [robot_2.image_processor]: Zone=CLEAR
[image_processor-21] [INFO] [1776840113.918551882] [robot_0.image_processor]: Zone=CLEAR
[image_processor-22] [INFO] [1776840113.927822665] [robot_1.image_processor]: Zone=CLEAR
[image_processor-25] [INFO] [1776840113.948598139] [robot_4.image_processor]: Zone=CLEAR
[WARNING] [launch]: user interrupted with ctrl-c (SIGINT)
