Starting >>> leo_image
Starting >>> swarm_basics
Finished <<< leo_image [0.21s]
Finished <<< swarm_basics [0.60s]

Summary: 2 packages finished [1.17s]
[INFO] [launch]: All log files can be found below /home/ecem/.ros/log/2026-04-17-20-57-54-222729-ecem-pc-422264
[INFO] [launch]: Default logging verbosity is set to INFO
[INFO] [ign gazebo-1]: process started with pid [422329]
[INFO] [coverage_counter-2]: process started with pid [422331]
[INFO] [bump_counter-3]: process started with pid [422334]
[INFO] [parameter_bridge-4]: process started with pid [422336]
[INFO] [robot_state_publisher-5]: process started with pid [422338]
[INFO] [create-6]: process started with pid [422340]
[INFO] [robot_supervisor-7]: process started with pid [422342]
[INFO] [robot_state_publisher-8]: process started with pid [422344]
[INFO] [create-9]: process started with pid [422347]
[INFO] [robot_supervisor-10]: process started with pid [422350]
[INFO] [robot_state_publisher-11]: process started with pid [422352]
[INFO] [create-12]: process started with pid [422354]
[INFO] [robot_supervisor-13]: process started with pid [422356]
[INFO] [robot_state_publisher-14]: process started with pid [422358]
[INFO] [create-15]: process started with pid [422360]
[INFO] [robot_supervisor-16]: process started with pid [422362]
[INFO] [robot_state_publisher-17]: process started with pid [422364]
[INFO] [create-18]: process started with pid [422376]
[INFO] [robot_supervisor-19]: process started with pid [422380]
[INFO] [parameter_bridge-20]: process started with pid [422409]
[parameter_bridge-4] [ros_ign_bridge] is deprecated! Redirecting to use [ros_gz_bridge] instead!
[parameter_bridge-4] 
[create-6] [INFO] [1776452274.636519486] [robot_0.ros_gz_sim]: Requesting list of world names.
[create-15] [INFO] [1776452274.638274465] [robot_3.ros_gz_sim]: Requesting list of world names.
[create-9] [INFO] [1776452274.642875184] [robot_1.ros_gz_sim]: Requesting list of world names.
[create-12] [INFO] [1776452274.647875355] [robot_2.ros_gz_sim]: Requesting list of world names.
[robot_state_publisher-8] [INFO] [1776452274.654357978] [robot_1.robot_state_publisher]: got segment robot_1/antenna_link
[robot_state_publisher-8] [INFO] [1776452274.654440236] [robot_1.robot_state_publisher]: got segment robot_1/base_footprint
[robot_state_publisher-8] [INFO] [1776452274.654447716] [robot_1.robot_state_publisher]: got segment robot_1/base_link
[robot_state_publisher-8] [INFO] [1776452274.654451272] [robot_1.robot_state_publisher]: got segment robot_1/realsense_link
[robot_state_publisher-8] [INFO] [1776452274.654454106] [robot_1.robot_state_publisher]: got segment robot_1/rocker_L_link
[robot_state_publisher-8] [INFO] [1776452274.654456846] [robot_1.robot_state_publisher]: got segment robot_1/rocker_R_link
[robot_state_publisher-8] [INFO] [1776452274.654459452] [robot_1.robot_state_publisher]: got segment robot_1/wheel_FL_link
[robot_state_publisher-8] [INFO] [1776452274.654462159] [robot_1.robot_state_publisher]: got segment robot_1/wheel_FR_link
[robot_state_publisher-8] [INFO] [1776452274.654464672] [robot_1.robot_state_publisher]: got segment robot_1/wheel_RL_link
[robot_state_publisher-8] [INFO] [1776452274.654467443] [robot_1.robot_state_publisher]: got segment robot_1/wheel_RR_link
[parameter_bridge-4] [INFO] [1776452274.654736980] [all_robots_bridge]: Creating ROS->GZ Bridge: [/robot_0/cmd_vel (geometry_msgs/msg/Twist) -> /robot_0/cmd_vel (ignition.msgs.Twist)] (Lazy 0)
[parameter_bridge-4] [INFO] [1776452274.655716525] [all_robots_bridge]: Creating GZ->ROS Bridge: [/robot_0/odom (ignition.msgs.Odometry) -> /robot_0/odom (nav_msgs/msg/Odometry)] (Lazy 0)
[parameter_bridge-4] [INFO] [1776452274.656301573] [all_robots_bridge]: Creating GZ->ROS Bridge: [/robot_0/depth_camera/depth_image (ignition.msgs.Image) -> /robot_0/depth_camera/depth_image (sensor_msgs/msg/Image)] (Lazy 0)
[parameter_bridge-4] [INFO] [1776452274.656973101] [all_robots_bridge]: Creating GZ->ROS Bridge: [/world/random_world/model/robot_0/link/robot_0/base_footprint/sensor/contact_sensor/contact (ignition.msgs.Contacts) -> /world/random_world/model/robot_0/link/robot_0/base_footprint/sensor/contact_sensor/contact (ros_gz_interfaces/msg/Contacts)] (Lazy 0)
[parameter_bridge-4] [INFO] [1776452274.657684152] [all_robots_bridge]: Creating ROS->GZ Bridge: [/robot_1/cmd_vel (geometry_msgs/msg/Twist) -> /robot_1/cmd_vel (ignition.msgs.Twist)] (Lazy 0)
[parameter_bridge-4] [INFO] [1776452274.657985670] [all_robots_bridge]: Creating GZ->ROS Bridge: [/robot_1/odom (ignition.msgs.Odometry) -> /robot_1/odom (nav_msgs/msg/Odometry)] (Lazy 0)
[parameter_bridge-4] [INFO] [1776452274.658296630] [all_robots_bridge]: Creating GZ->ROS Bridge: [/robot_1/depth_camera/depth_image (ignition.msgs.Image) -> /robot_1/depth_camera/depth_image (sensor_msgs/msg/Image)] (Lazy 0)
[parameter_bridge-4] [INFO] [1776452274.658569193] [all_robots_bridge]: Creating GZ->ROS Bridge: [/world/random_world/model/robot_1/link/robot_1/base_footprint/sensor/contact_sensor/contact (ignition.msgs.Contacts) -> /world/random_world/model/robot_1/link/robot_1/base_footprint/sensor/contact_sensor/contact (ros_gz_interfaces/msg/Contacts)] (Lazy 0)
[parameter_bridge-4] [INFO] [1776452274.658932874] [all_robots_bridge]: Creating ROS->GZ Bridge: [/robot_2/cmd_vel (geometry_msgs/msg/Twist) -> /robot_2/cmd_vel (ignition.msgs.Twist)] (Lazy 0)
[parameter_bridge-4] [INFO] [1776452274.659417259] [all_robots_bridge]: Creating GZ->ROS Bridge: [/robot_2/odom (ignition.msgs.Odometry) -> /robot_2/odom (nav_msgs/msg/Odometry)] (Lazy 0)
[parameter_bridge-4] [INFO] [1776452274.659826822] [all_robots_bridge]: Creating GZ->ROS Bridge: [/robot_2/depth_camera/depth_image (ignition.msgs.Image) -> /robot_2/depth_camera/depth_image (sensor_msgs/msg/Image)] (Lazy 0)
[parameter_bridge-4] [INFO] [1776452274.660094579] [all_robots_bridge]: Creating GZ->ROS Bridge: [/world/random_world/model/robot_2/link/robot_2/base_footprint/sensor/contact_sensor/contact (ignition.msgs.Contacts) -> /world/random_world/model/robot_2/link/robot_2/base_footprint/sensor/contact_sensor/contact (ros_gz_interfaces/msg/Contacts)] (Lazy 0)
[parameter_bridge-4] [INFO] [1776452274.660416182] [all_robots_bridge]: Creating ROS->GZ Bridge: [/robot_3/cmd_vel (geometry_msgs/msg/Twist) -> /robot_3/cmd_vel (ignition.msgs.Twist)] (Lazy 0)
[create-18] [INFO] [1776452274.660658730] [robot_4.ros_gz_sim]: Requesting list of world names.
[parameter_bridge-4] [INFO] [1776452274.660745341] [all_robots_bridge]: Creating GZ->ROS Bridge: [/robot_3/odom (ignition.msgs.Odometry) -> /robot_3/odom (nav_msgs/msg/Odometry)] (Lazy 0)
[parameter_bridge-4] [INFO] [1776452274.661099952] [all_robots_bridge]: Creating GZ->ROS Bridge: [/robot_3/depth_camera/depth_image (ignition.msgs.Image) -> /robot_3/depth_camera/depth_image (sensor_msgs/msg/Image)] (Lazy 0)
[parameter_bridge-4] [INFO] [1776452274.661569726] [all_robots_bridge]: Creating GZ->ROS Bridge: [/world/random_world/model/robot_3/link/robot_3/base_footprint/sensor/contact_sensor/contact (ignition.msgs.Contacts) -> /world/random_world/model/robot_3/link/robot_3/base_footprint/sensor/contact_sensor/contact (ros_gz_interfaces/msg/Contacts)] (Lazy 0)
[robot_state_publisher-5] [INFO] [1776452274.661828415] [robot_0.robot_state_publisher]: got segment robot_0/antenna_link
[robot_state_publisher-5] [INFO] [1776452274.661901549] [robot_0.robot_state_publisher]: got segment robot_0/base_footprint
[robot_state_publisher-5] [INFO] [1776452274.661911601] [robot_0.robot_state_publisher]: got segment robot_0/base_link
[robot_state_publisher-5] [INFO] [1776452274.661916147] [robot_0.robot_state_publisher]: got segment robot_0/realsense_link
[robot_state_publisher-5] [INFO] [1776452274.661920919] [robot_0.robot_state_publisher]: got segment robot_0/rocker_L_link
[robot_state_publisher-5] [INFO] [1776452274.661925550] [robot_0.robot_state_publisher]: got segment robot_0/rocker_R_link
[robot_state_publisher-5] [INFO] [1776452274.661928403] [robot_0.robot_state_publisher]: got segment robot_0/wheel_FL_link
[robot_state_publisher-5] [INFO] [1776452274.661931180] [robot_0.robot_state_publisher]: got segment robot_0/wheel_FR_link
[robot_state_publisher-5] [INFO] [1776452274.661933923] [robot_0.robot_state_publisher]: got segment robot_0/wheel_RL_link
[robot_state_publisher-5] [INFO] [1776452274.661936816] [robot_0.robot_state_publisher]: got segment robot_0/wheel_RR_link
[parameter_bridge-4] [INFO] [1776452274.661941596] [all_robots_bridge]: Creating ROS->GZ Bridge: [/robot_4/cmd_vel (geometry_msgs/msg/Twist) -> /robot_4/cmd_vel (ignition.msgs.Twist)] (Lazy 0)
[parameter_bridge-4] [INFO] [1776452274.662668927] [all_robots_bridge]: Creating GZ->ROS Bridge: [/robot_4/odom (ignition.msgs.Odometry) -> /robot_4/odom (nav_msgs/msg/Odometry)] (Lazy 0)
[parameter_bridge-4] [INFO] [1776452274.663567923] [all_robots_bridge]: Creating GZ->ROS Bridge: [/robot_4/depth_camera/depth_image (ignition.msgs.Image) -> /robot_4/depth_camera/depth_image (sensor_msgs/msg/Image)] (Lazy 0)
[robot_state_publisher-17] [INFO] [1776452274.664158454] [robot_4.robot_state_publisher]: got segment robot_4/antenna_link
[parameter_bridge-4] [INFO] [1776452274.664240886] [all_robots_bridge]: Creating GZ->ROS Bridge: [/world/random_world/model/robot_4/link/robot_4/base_footprint/sensor/contact_sensor/contact (ignition.msgs.Contacts) -> /world/random_world/model/robot_4/link/robot_4/base_footprint/sensor/contact_sensor/contact (ros_gz_interfaces/msg/Contacts)] (Lazy 0)
[robot_state_publisher-17] [INFO] [1776452274.664296377] [robot_4.robot_state_publisher]: got segment robot_4/base_footprint
[robot_state_publisher-17] [INFO] [1776452274.664312653] [robot_4.robot_state_publisher]: got segment robot_4/base_link
[robot_state_publisher-17] [INFO] [1776452274.664323405] [robot_4.robot_state_publisher]: got segment robot_4/realsense_link
[robot_state_publisher-17] [INFO] [1776452274.664331681] [robot_4.robot_state_publisher]: got segment robot_4/rocker_L_link
[robot_state_publisher-17] [INFO] [1776452274.664339473] [robot_4.robot_state_publisher]: got segment robot_4/rocker_R_link
[robot_state_publisher-17] [INFO] [1776452274.664347252] [robot_4.robot_state_publisher]: got segment robot_4/wheel_FL_link
[robot_state_publisher-17] [INFO] [1776452274.664354846] [robot_4.robot_state_publisher]: got segment robot_4/wheel_FR_link
[robot_state_publisher-17] [INFO] [1776452274.664362367] [robot_4.robot_state_publisher]: got segment robot_4/wheel_RL_link
[robot_state_publisher-17] [INFO] [1776452274.664369685] [robot_4.robot_state_publisher]: got segment robot_4/wheel_RR_link
[parameter_bridge-4] [INFO] [1776452274.664832422] [all_robots_bridge]: Creating GZ->ROS Bridge: [/world/random_world/dynamic_pose/info (ignition.msgs.Pose_V) -> /world/random_world/dynamic_pose/info (tf2_msgs/msg/TFMessage)] (Lazy 0)
[robot_state_publisher-11] [INFO] [1776452274.671798314] [robot_2.robot_state_publisher]: got segment robot_2/antenna_link
[robot_state_publisher-11] [INFO] [1776452274.671882225] [robot_2.robot_state_publisher]: got segment robot_2/base_footprint
[robot_state_publisher-11] [INFO] [1776452274.671889592] [robot_2.robot_state_publisher]: got segment robot_2/base_link
[robot_state_publisher-11] [INFO] [1776452274.671894077] [robot_2.robot_state_publisher]: got segment robot_2/realsense_link
[robot_state_publisher-11] [INFO] [1776452274.671897585] [robot_2.robot_state_publisher]: got segment robot_2/rocker_L_link
[robot_state_publisher-11] [INFO] [1776452274.671901084] [robot_2.robot_state_publisher]: got segment robot_2/rocker_R_link
[robot_state_publisher-11] [INFO] [1776452274.671904549] [robot_2.robot_state_publisher]: got segment robot_2/wheel_FL_link
[robot_state_publisher-11] [INFO] [1776452274.671908477] [robot_2.robot_state_publisher]: got segment robot_2/wheel_FR_link
[robot_state_publisher-11] [INFO] [1776452274.671912653] [robot_2.robot_state_publisher]: got segment robot_2/wheel_RL_link
[robot_state_publisher-11] [INFO] [1776452274.671916065] [robot_2.robot_state_publisher]: got segment robot_2/wheel_RR_link
[robot_state_publisher-14] [INFO] [1776452274.678146202] [robot_3.robot_state_publisher]: got segment robot_3/antenna_link
[robot_state_publisher-14] [INFO] [1776452274.678225142] [robot_3.robot_state_publisher]: got segment robot_3/base_footprint
[robot_state_publisher-14] [INFO] [1776452274.678230754] [robot_3.robot_state_publisher]: got segment robot_3/base_link
[robot_state_publisher-14] [INFO] [1776452274.678233629] [robot_3.robot_state_publisher]: got segment robot_3/realsense_link
[robot_state_publisher-14] [INFO] [1776452274.678236222] [robot_3.robot_state_publisher]: got segment robot_3/rocker_L_link
[robot_state_publisher-14] [INFO] [1776452274.678238713] [robot_3.robot_state_publisher]: got segment robot_3/rocker_R_link
[robot_state_publisher-14] [INFO] [1776452274.678241189] [robot_3.robot_state_publisher]: got segment robot_3/wheel_FL_link
[robot_state_publisher-14] [INFO] [1776452274.678243801] [robot_3.robot_state_publisher]: got segment robot_3/wheel_FR_link
[robot_state_publisher-14] [INFO] [1776452274.678246217] [robot_3.robot_state_publisher]: got segment robot_3/wheel_RL_link
[robot_state_publisher-14] [INFO] [1776452274.678248675] [robot_3.robot_state_publisher]: got segment robot_3/wheel_RR_link
[parameter_bridge-20] [INFO] [1776452274.683276585] [clock_bridge]: Creating GZ->ROS Bridge: [/clock (ignition.msgs.Clock) -> /clock (rosgraph_msgs/msg/Clock)] (Lazy 0)
[bump_counter-3] [INFO] [1776452274.959536092] [bump_counter]: [global] global_mode=True cooldown(robot)=0.80s cooldown(obs)=0.50s Logging to /home/ecem/ros2_ws/src/Leo_sct/results_exp/explore/medium/prompt_1/run_1/spread/trial_1/run_20260417_205754/bumps_global_205754.csv
[robot_supervisor-13] [INFO] [1776452274.995041616] [robot_2.robot_supervisor]: Loaded initial mission 'explore' from explicit YAML explore_sup_gpt_medium_1_run_1_79.yaml
[robot_supervisor-16] [INFO] [1776452275.026405111] [robot_3.robot_supervisor]: Loaded initial mission 'explore' from explicit YAML explore_sup_gpt_medium_1_run_1_79.yaml
[robot_supervisor-7] [INFO] [1776452275.033289578] [robot_0.robot_supervisor]: Loaded initial mission 'explore' from explicit YAML explore_sup_gpt_medium_1_run_1_79.yaml
[robot_supervisor-10] [INFO] [1776452275.058310932] [robot_1.robot_supervisor]: Loaded initial mission 'explore' from explicit YAML explore_sup_gpt_medium_1_run_1_79.yaml
[robot_supervisor-19] [INFO] [1776452275.073797326] [robot_4.robot_supervisor]: Loaded initial mission 'explore' from explicit YAML explore_sup_gpt_medium_1_run_1_79.yaml
[create-15] [INFO] [1776452275.089602676] [robot_3.ros_gz_sim]: Waiting messages on topic [/robot_3/robot_description].
[parameter_bridge-4] [INFO] [1776452275.098352901] [all_robots_bridge]: Passing message from ROS geometry_msgs/msg/Twist to Gazebo gz.msgs.Twist (showing msg only once per type)
[create-12] [INFO] [1776452275.190302844] [robot_2.ros_gz_sim]: Waiting messages on topic [/robot_2/robot_description].
[create-15] [INFO] [1776452275.290259942] [robot_3.ros_gz_sim]: Requested creation of entity.
[create-15] [INFO] [1776452275.290328745] [robot_3.ros_gz_sim]: OK creation of entity.
[create-9] [INFO] [1776452275.290740567] [robot_1.ros_gz_sim]: Waiting messages on topic [/robot_1/robot_description].
[create-18] [INFO] [1776452275.391035738] [robot_4.ros_gz_sim]: Waiting messages on topic [/robot_4/robot_description].
[INFO] [create-15]: process has finished cleanly [pid 422360]
[create-18] [INFO] [1776452275.490254659] [robot_4.ros_gz_sim]: Requested creation of entity.
[create-18] [INFO] [1776452275.490309626] [robot_4.ros_gz_sim]: OK creation of entity.
[create-12] [INFO] [1776452275.490338620] [robot_2.ros_gz_sim]: Requested creation of entity.
[create-12] [INFO] [1776452275.490382750] [robot_2.ros_gz_sim]: OK creation of entity.
[create-9] [INFO] [1776452275.490356185] [robot_1.ros_gz_sim]: Requested creation of entity.
[create-9] [INFO] [1776452275.490407119] [robot_1.ros_gz_sim]: OK creation of entity.
[create-6] [INFO] [1776452275.491226285] [robot_0.ros_gz_sim]: Waiting messages on topic [/robot_0/robot_description].
[create-6] [INFO] [1776452275.493593806] [robot_0.ros_gz_sim]: Requested creation of entity.
[create-6] [INFO] [1776452275.493631291] [robot_0.ros_gz_sim]: OK creation of entity.
[INFO] [create-12]: process has finished cleanly [pid 422354]
[INFO] [create-9]: process has finished cleanly [pid 422347]
[INFO] [create-18]: process has finished cleanly [pid 422376]
[INFO] [create-6]: process has finished cleanly [pid 422340]
[bump_counter-3] [INFO] [1776452276.014346957] [bump_counter]: [global] subscribed: /world/random_world/model/robot_0/link/robot_0/base_footprint/sensor/contact_sensor/contact
[bump_counter-3] [INFO] [1776452276.015042027] [bump_counter]: [global] subscribed: /world/random_world/model/robot_1/link/robot_1/base_footprint/sensor/contact_sensor/contact
[bump_counter-3] [INFO] [1776452276.015565145] [bump_counter]: [global] subscribed: /world/random_world/model/robot_2/link/robot_2/base_footprint/sensor/contact_sensor/contact
[bump_counter-3] [INFO] [1776452276.017372200] [bump_counter]: [global] subscribed: /world/random_world/model/robot_3/link/robot_3/base_footprint/sensor/contact_sensor/contact
[bump_counter-3] [INFO] [1776452276.018476532] [bump_counter]: [global] subscribed: /world/random_world/model/robot_4/link/robot_4/base_footprint/sensor/contact_sensor/contact
[INFO] [image_processor-21]: process started with pid [422725]
[INFO] [image_processor-22]: process started with pid [422727]
[INFO] [image_processor-23]: process started with pid [422729]
[INFO] [image_processor-24]: process started with pid [422731]
[INFO] [image_processor-25]: process started with pid [422733]
[image_processor-21] [INFO] [1776452276.669095903] [robot_0.image_processor]: image_processor: depth='/robot_0/depth_camera/depth_image' aruco_runtime=disabled
[image_processor-22] [INFO] [1776452276.674058894] [robot_1.image_processor]: image_processor: depth='/robot_1/depth_camera/depth_image' aruco_runtime=disabled
[image_processor-23] [INFO] [1776452276.678443335] [robot_2.image_processor]: image_processor: depth='/robot_2/depth_camera/depth_image' aruco_runtime=disabled
[image_processor-25] [INFO] [1776452276.684872836] [robot_4.image_processor]: image_processor: depth='/robot_4/depth_camera/depth_image' aruco_runtime=disabled
[image_processor-24] [INFO] [1776452276.687668368] [robot_3.image_processor]: image_processor: depth='/robot_3/depth_camera/depth_image' aruco_runtime=disabled
[image_processor-24] [INFO] [1776452280.047687519] [robot_3.image_processor]: Zone=CLEAR  left[p=1.102 near=0 v=7650]  front[p=1.719 near=0 v=13500]  right[p=2.172 near=0 v=7740]
[image_processor-23] [INFO] [1776452280.062623579] [robot_2.image_processor]: Zone=CLEAR  left[p=2.745 near=0 v=5011]  front[p=1.644 near=0 v=8425]  right[p=1.700 near=0 v=6986]
[image_processor-22] [INFO] [1776452280.068980093] [robot_1.image_processor]: Zone=CLEAR  left[p=1.667 near=0 v=7650]  front[p=3.100 near=0 v=12175]  right[p=2.607 near=0 v=7450]
[image_processor-25] [INFO] [1776452280.085092107] [robot_4.image_processor]: Zone=CLEAR  left[p=3.196 near=0 v=6573]  front[p=2.953 near=0 v=9956]  right[p=2.658 near=0 v=5511]
[image_processor-21] [INFO] [1776452280.093246647] [robot_0.image_processor]: Zone=CLEAR  left[p=0.904 near=0 v=7650]  front[p=1.356 near=0 v=13500]  right[p=1.356 near=0 v=7740]
[image_processor-24] [INFO] [1776452282.551367222] [robot_3.image_processor]: Zone=CLEAR
[image_processor-23] [INFO] [1776452282.563006535] [robot_2.image_processor]: Zone=CLEAR
[image_processor-22] [INFO] [1776452282.572651615] [robot_1.image_processor]: Zone=CLEAR
[image_processor-25] [INFO] [1776452282.586884247] [robot_4.image_processor]: Zone=CLEAR
[image_processor-21] [INFO] [1776452282.594391999] [robot_0.image_processor]: Zone=CLEAR
[image_processor-24] [INFO] [1776452285.049092863] [robot_3.image_processor]: Zone=CLEAR
[image_processor-23] [INFO] [1776452285.061858976] [robot_2.image_processor]: Zone=CLEAR
[image_processor-22] [INFO] [1776452285.071136222] [robot_1.image_processor]: Zone=CLEAR
[image_processor-25] [INFO] [1776452285.085222527] [robot_4.image_processor]: Zone=CLEAR
[image_processor-21] [INFO] [1776452285.094807403] [robot_0.image_processor]: Zone=CLEAR
[image_processor-24] [INFO] [1776452287.547671645] [robot_3.image_processor]: Zone=CLEAR
[image_processor-23] [INFO] [1776452287.561741495] [robot_2.image_processor]: Zone=CLEAR
[image_processor-25] [INFO] [1776452287.584890745] [robot_4.image_processor]: Zone=CLEAR
[image_processor-21] [INFO] [1776452287.592972743] [robot_0.image_processor]: Zone=CLEAR
[image_processor-22] [INFO] [1776452287.671672354] [robot_1.image_processor]: Zone=CLEAR
[image_processor-24] [INFO] [1776452290.047972845] [robot_3.image_processor]: Zone=CLEAR
[image_processor-23] [INFO] [1776452290.063045895] [robot_2.image_processor]: Zone=CLEAR
[image_processor-22] [INFO] [1776452290.070632437] [robot_1.image_processor]: Zone=CLEAR
[image_processor-25] [INFO] [1776452290.084403491] [robot_4.image_processor]: Zone=CLEAR
[image_processor-21] [INFO] [1776452290.094619545] [robot_0.image_processor]: Zone=CLEAR
[image_processor-24] [INFO] [1776452292.548152047] [robot_3.image_processor]: Zone=CLEAR
[image_processor-22] [INFO] [1776452292.569068262] [robot_1.image_processor]: Zone=CLEAR
[image_processor-25] [INFO] [1776452292.584218685] [robot_4.image_processor]: Zone=CLEAR
[image_processor-21] [INFO] [1776452292.593482083] [robot_0.image_processor]: Zone=CLEAR
[image_processor-23] [INFO] [1776452292.663107519] [robot_2.image_processor]: Zone=CLEAR
[image_processor-24] [INFO] [1776452295.047764589] [robot_3.image_processor]: Zone=CLEAR
[image_processor-23] [INFO] [1776452295.062779633] [robot_2.image_processor]: Zone=CLEAR
[image_processor-22] [INFO] [1776452295.071810724] [robot_1.image_processor]: Zone=CLEAR
[image_processor-25] [INFO] [1776452295.088659765] [robot_4.image_processor]: Zone=CLEAR
[image_processor-21] [INFO] [1776452295.097287096] [robot_0.image_processor]: Zone=CLEAR
[image_processor-24] [INFO] [1776452297.548747597] [robot_3.image_processor]: Zone=CLEAR
[image_processor-23] [INFO] [1776452297.562943745] [robot_2.image_processor]: Zone=CLEAR
[image_processor-22] [INFO] [1776452297.571268628] [robot_1.image_processor]: Zone=CLEAR
[image_processor-25] [INFO] [1776452297.586372017] [robot_4.image_processor]: Zone=CLEAR
[image_processor-21] [INFO] [1776452297.595065956] [robot_0.image_processor]: Zone=CLEAR
[image_processor-23] [INFO] [1776452300.060204437] [robot_2.image_processor]: Zone=CLEAR
[image_processor-22] [INFO] [1776452300.074224431] [robot_1.image_processor]: Zone=CLEAR
[image_processor-21] [INFO] [1776452300.097433787] [robot_0.image_processor]: Zone=CLEAR
[image_processor-24] [INFO] [1776452300.148583622] [robot_3.image_processor]: Zone=CLEAR
[image_processor-25] [INFO] [1776452300.190013814] [robot_4.image_processor]: Zone=CLEAR
[image_processor-24] [INFO] [1776452302.548617503] [robot_3.image_processor]: Zone=CLEAR
[image_processor-23] [INFO] [1776452302.563674470] [robot_2.image_processor]: Zone=CLEAR
[image_processor-22] [INFO] [1776452302.571835660] [robot_1.image_processor]: Zone=CLEAR
[image_processor-25] [INFO] [1776452302.586431883] [robot_4.image_processor]: Zone=CLEAR
[image_processor-21] [INFO] [1776452302.594988358] [robot_0.image_processor]: Zone=CLEAR
[image_processor-24] [INFO] [1776452305.049498794] [robot_3.image_processor]: Zone=CLEAR
[image_processor-23] [INFO] [1776452305.063375418] [robot_2.image_processor]: Zone=CLEAR
[image_processor-22] [INFO] [1776452305.071809611] [robot_1.image_processor]: Zone=CLEAR
[image_processor-25] [INFO] [1776452305.088334358] [robot_4.image_processor]: Zone=CLEAR
[image_processor-21] [INFO] [1776452305.094636837] [robot_0.image_processor]: Zone=CLEAR
[image_processor-24] [INFO] [1776452307.547153593] [robot_3.image_processor]: Zone=CLEAR
[image_processor-23] [INFO] [1776452307.563774458] [robot_2.image_processor]: Zone=CLEAR
[image_processor-22] [INFO] [1776452307.573664906] [robot_1.image_processor]: Zone=CLEAR
[image_processor-25] [INFO] [1776452307.590260280] [robot_4.image_processor]: Zone=CLEAR
[image_processor-21] [INFO] [1776452307.596979107] [robot_0.image_processor]: Zone=CLEAR
[image_processor-23] [INFO] [1776452310.061876360] [robot_2.image_processor]: Zone=CLEAR
[image_processor-22] [INFO] [1776452310.070691841] [robot_1.image_processor]: Zone=CLEAR
[image_processor-25] [INFO] [1776452310.084828535] [robot_4.image_processor]: Zone=CLEAR
[image_processor-21] [INFO] [1776452310.093422289] [robot_0.image_processor]: Zone=CLEAR
[image_processor-24] [INFO] [1776452310.149086543] [robot_3.image_processor]: Zone=CLEAR
[image_processor-24] [INFO] [1776452312.546835555] [robot_3.image_processor]: Zone=CLEAR
[image_processor-23] [INFO] [1776452312.560985107] [robot_2.image_processor]: Zone=CLEAR
[image_processor-22] [INFO] [1776452312.569965988] [robot_1.image_processor]: Zone=CLEAR
[image_processor-25] [INFO] [1776452312.583000938] [robot_4.image_processor]: Zone=CLEAR
[image_processor-21] [INFO] [1776452312.591395811] [robot_0.image_processor]: Zone=CLEAR
[image_processor-24] [INFO] [1776452315.052906997] [robot_3.image_processor]: Zone=CLEAR
[image_processor-23] [INFO] [1776452315.069639197] [robot_2.image_processor]: Zone=CLEAR
[image_processor-22] [INFO] [1776452315.079839430] [robot_1.image_processor]: Zone=CLEAR
[image_processor-25] [INFO] [1776452315.094498549] [robot_4.image_processor]: Zone=CLEAR
[image_processor-21] [INFO] [1776452315.102593302] [robot_0.image_processor]: Zone=CLEAR
[image_processor-24] [INFO] [1776452317.548106674] [robot_3.image_processor]: Zone=CLEAR
[image_processor-23] [INFO] [1776452317.561656339] [robot_2.image_processor]: Zone=CLEAR
[image_processor-22] [INFO] [1776452317.572637267] [robot_1.image_processor]: Zone=CLEAR
[image_processor-25] [INFO] [1776452317.585464580] [robot_4.image_processor]: Zone=CLEAR
[image_processor-21] [INFO] [1776452317.594658078] [robot_0.image_processor]: Zone=CLEAR
[image_processor-24] [INFO] [1776452320.048249086] [robot_3.image_processor]: Zone=CLEAR
[image_processor-23] [INFO] [1776452320.063012701] [robot_2.image_processor]: Zone=CLEAR
[image_processor-22] [INFO] [1776452320.070421130] [robot_1.image_processor]: Zone=CLEAR
[image_processor-25] [INFO] [1776452320.085772343] [robot_4.image_processor]: Zone=CLEAR
[image_processor-21] [INFO] [1776452320.094909156] [robot_0.image_processor]: Zone=CLEAR
[image_processor-24] [INFO] [1776452322.548579718] [robot_3.image_processor]: Zone=CLEAR
[image_processor-23] [INFO] [1776452322.562319310] [robot_2.image_processor]: Zone=CLEAR
[image_processor-25] [INFO] [1776452322.585102254] [robot_4.image_processor]: Zone=CLEAR
[image_processor-21] [INFO] [1776452322.593300998] [robot_0.image_processor]: Zone=CLEAR
[image_processor-22] [INFO] [1776452322.672938700] [robot_1.image_processor]: Zone=CLEAR
[image_processor-24] [INFO] [1776452325.048167604] [robot_3.image_processor]: Zone=CLEAR
[image_processor-23] [INFO] [1776452325.063203294] [robot_2.image_processor]: Zone=CLEAR
[image_processor-22] [INFO] [1776452325.072143631] [robot_1.image_processor]: Zone=CLEAR
[image_processor-25] [INFO] [1776452325.087934019] [robot_4.image_processor]: Zone=CLEAR
[image_processor-21] [INFO] [1776452325.100033233] [robot_0.image_processor]: Zone=CLEAR
[image_processor-24] [INFO] [1776452327.548061047] [robot_3.image_processor]: Zone=CLEAR
[image_processor-23] [INFO] [1776452327.562302187] [robot_2.image_processor]: Zone=CLEAR
[image_processor-22] [INFO] [1776452327.571325355] [robot_1.image_processor]: Zone=CLEAR
[image_processor-25] [INFO] [1776452327.587453207] [robot_4.image_processor]: Zone=CLEAR
[image_processor-21] [INFO] [1776452327.597253703] [robot_0.image_processor]: Zone=CLEAR
[image_processor-24] [INFO] [1776452330.046665596] [robot_3.image_processor]: Zone=CLEAR
[image_processor-23] [INFO] [1776452330.065757560] [robot_2.image_processor]: Zone=CLEAR
[image_processor-22] [INFO] [1776452330.074721775] [robot_1.image_processor]: Zone=CLEAR
[image_processor-25] [INFO] [1776452330.090401545] [robot_4.image_processor]: Zone=CLEAR
[image_processor-21] [INFO] [1776452330.098148441] [robot_0.image_processor]: Zone=CLEAR
[image_processor-24] [INFO] [1776452332.552504428] [robot_3.image_processor]: Zone=CLEAR
[image_processor-22] [INFO] [1776452332.576070311] [robot_1.image_processor]: Zone=CLEAR
[image_processor-25] [INFO] [1776452332.592873411] [robot_4.image_processor]: Zone=CLEAR
[image_processor-21] [INFO] [1776452332.601135366] [robot_0.image_processor]: Zone=CLEAR
[image_processor-23] [INFO] [1776452332.668561073] [robot_2.image_processor]: Zone=CLEAR
[image_processor-24] [INFO] [1776452335.049383853] [robot_3.image_processor]: Zone=CLEAR
[image_processor-23] [INFO] [1776452335.063601229] [robot_2.image_processor]: Zone=CLEAR
[image_processor-22] [INFO] [1776452335.071935390] [robot_1.image_processor]: Zone=CLEAR
[image_processor-25] [INFO] [1776452335.086379829] [robot_4.image_processor]: Zone=CLEAR
[image_processor-21] [INFO] [1776452335.095342347] [robot_0.image_processor]: Zone=CLEAR
[image_processor-24] [INFO] [1776452337.552511374] [robot_3.image_processor]: Zone=CLEAR
[image_processor-23] [INFO] [1776452337.565970566] [robot_2.image_processor]: Zone=CLEAR
[image_processor-25] [INFO] [1776452337.588459930] [robot_4.image_processor]: Zone=CLEAR
[image_processor-21] [INFO] [1776452337.596713723] [robot_0.image_processor]: Zone=CLEAR
[image_processor-22] [INFO] [1776452337.676548550] [robot_1.image_processor]: Zone=CLEAR
[image_processor-24] [INFO] [1776452340.047837618] [robot_3.image_processor]: Zone=CLEAR
[image_processor-23] [INFO] [1776452340.062242514] [robot_2.image_processor]: Zone=CLEAR
[image_processor-22] [INFO] [1776452340.071803629] [robot_1.image_processor]: Zone=CLEAR
[image_processor-25] [INFO] [1776452340.085861661] [robot_4.image_processor]: Zone=CLEAR
[image_processor-21] [INFO] [1776452340.094012650] [robot_0.image_processor]: Zone=CLEAR
[image_processor-24] [INFO] [1776452342.551378622] [robot_3.image_processor]: Zone=CLEAR
[image_processor-23] [INFO] [1776452342.568302065] [robot_2.image_processor]: Zone=CLEAR
[image_processor-22] [INFO] [1776452342.575078436] [robot_1.image_processor]: Zone=CLEAR
[image_processor-25] [INFO] [1776452342.591294512] [robot_4.image_processor]: Zone=CLEAR
[image_processor-21] [INFO] [1776452342.598227503] [robot_0.image_processor]: Zone=CLEAR
[image_processor-24] [INFO] [1776452345.047157014] [robot_3.image_processor]: Zone=CLEAR
[image_processor-23] [INFO] [1776452345.061980189] [robot_2.image_processor]: Zone=CLEAR
[image_processor-22] [INFO] [1776452345.069623838] [robot_1.image_processor]: Zone=CLEAR
[image_processor-25] [INFO] [1776452345.083009747] [robot_4.image_processor]: Zone=CLEAR
[image_processor-21] [INFO] [1776452345.091824546] [robot_0.image_processor]: Zone=CLEAR
[image_processor-24] [INFO] [1776452347.547180329] [robot_3.image_processor]: Zone=CLEAR
[image_processor-23] [INFO] [1776452347.561637146] [robot_2.image_processor]: Zone=CLEAR
[image_processor-22] [INFO] [1776452347.571093437] [robot_1.image_processor]: Zone=CLEAR
[image_processor-25] [INFO] [1776452347.586955875] [robot_4.image_processor]: Zone=CLEAR
[image_processor-21] [INFO] [1776452347.595715576] [robot_0.image_processor]: Zone=CLEAR
[image_processor-24] [INFO] [1776452350.050275482] [robot_3.image_processor]: Zone=CLEAR
[image_processor-23] [INFO] [1776452350.067886712] [robot_2.image_processor]: Zone=CLEAR
[image_processor-22] [INFO] [1776452350.077410465] [robot_1.image_processor]: Zone=CLEAR
[image_processor-25] [INFO] [1776452350.091835526] [robot_4.image_processor]: Zone=CLEAR
[image_processor-21] [INFO] [1776452350.098484151] [robot_0.image_processor]: Zone=CLEAR
[image_processor-24] [INFO] [1776452352.548464205] [robot_3.image_processor]: Zone=CLEAR
[image_processor-22] [INFO] [1776452352.569569884] [robot_1.image_processor]: Zone=CLEAR
[image_processor-25] [INFO] [1776452352.584560118] [robot_4.image_processor]: Zone=CLEAR
[image_processor-21] [INFO] [1776452352.592808826] [robot_0.image_processor]: Zone=CLEAR
[image_processor-23] [INFO] [1776452352.662606427] [robot_2.image_processor]: Zone=CLEAR
[image_processor-24] [INFO] [1776452355.046625564] [robot_3.image_processor]: Zone=CLEAR
[image_processor-23] [INFO] [1776452355.064092953] [robot_2.image_processor]: Zone=CLEAR
[image_processor-22] [INFO] [1776452355.073052883] [robot_1.image_processor]: Zone=CLEAR
[image_processor-25] [INFO] [1776452355.087632485] [robot_4.image_processor]: Zone=CLEAR
[image_processor-21] [INFO] [1776452355.095580125] [robot_0.image_processor]: Zone=CLEAR
[image_processor-24] [INFO] [1776452357.550035214] [robot_3.image_processor]: Zone=CLEAR
[image_processor-23] [INFO] [1776452357.562535446] [robot_2.image_processor]: Zone=CLEAR
[image_processor-22] [INFO] [1776452357.569976029] [robot_1.image_processor]: Zone=CLEAR
[image_processor-25] [INFO] [1776452357.586063856] [robot_4.image_processor]: Zone=CLEAR
[image_processor-21] [INFO] [1776452357.593846469] [robot_0.image_processor]: Zone=CLEAR
[image_processor-24] [INFO] [1776452360.047882821] [robot_3.image_processor]: Zone=CLEAR
[image_processor-23] [INFO] [1776452360.060852923] [robot_2.image_processor]: Zone=CLEAR
[image_processor-22] [INFO] [1776452360.070364015] [robot_1.image_processor]: Zone=CLEAR
[image_processor-21] [INFO] [1776452360.092075012] [robot_0.image_processor]: Zone=CLEAR
[image_processor-25] [INFO] [1776452360.186534558] [robot_4.image_processor]: Zone=CLEAR
[image_processor-24] [INFO] [1776452362.550162757] [robot_3.image_processor]: Zone=CLEAR
[image_processor-23] [INFO] [1776452362.564490601] [robot_2.image_processor]: Zone=CLEAR
[image_processor-22] [INFO] [1776452362.573345236] [robot_1.image_processor]: Zone=CLEAR
[image_processor-25] [INFO] [1776452362.589800804] [robot_4.image_processor]: Zone=CLEAR
[image_processor-21] [INFO] [1776452362.600636651] [robot_0.image_processor]: Zone=CLEAR
[image_processor-24] [INFO] [1776452365.047583183] [robot_3.image_processor]: Zone=CLEAR
[image_processor-23] [INFO] [1776452365.061759745] [robot_2.image_processor]: Zone=CLEAR
[image_processor-22] [INFO] [1776452365.070712905] [robot_1.image_processor]: Zone=CLEAR
[image_processor-25] [INFO] [1776452365.086503247] [robot_4.image_processor]: Zone=CLEAR
[image_processor-21] [INFO] [1776452365.094825646] [robot_0.image_processor]: Zone=CLEAR
[image_processor-24] [INFO] [1776452367.547928212] [robot_3.image_processor]: Zone=CLEAR
[image_processor-23] [INFO] [1776452367.562712369] [robot_2.image_processor]: Zone=CLEAR
[image_processor-22] [INFO] [1776452367.569566096] [robot_1.image_processor]: Zone=CLEAR
[image_processor-25] [INFO] [1776452367.585773860] [robot_4.image_processor]: Zone=CLEAR
[image_processor-21] [INFO] [1776452367.593844746] [robot_0.image_processor]: Zone=CLEAR
[image_processor-24] [INFO] [1776452370.048859319] [robot_3.image_processor]: Zone=CLEAR
[image_processor-23] [INFO] [1776452370.063520528] [robot_2.image_processor]: Zone=CLEAR
[image_processor-22] [INFO] [1776452370.071278304] [robot_1.image_processor]: Zone=CLEAR
[image_processor-25] [INFO] [1776452370.088610609] [robot_4.image_processor]: Zone=CLEAR
[image_processor-21] [INFO] [1776452370.094784996] [robot_0.image_processor]: Zone=CLEAR
[image_processor-24] [INFO] [1776452372.548088387] [robot_3.image_processor]: Zone=CLEAR
[image_processor-22] [INFO] [1776452372.570904928] [robot_1.image_processor]: Zone=CLEAR
[image_processor-25] [INFO] [1776452372.586692330] [robot_4.image_processor]: Zone=CLEAR
[image_processor-21] [INFO] [1776452372.594477744] [robot_0.image_processor]: Zone=CLEAR
[image_processor-23] [INFO] [1776452372.664888398] [robot_2.image_processor]: Zone=CLEAR
[image_processor-24] [INFO] [1776452375.050199985] [robot_3.image_processor]: Zone=CLEAR
[image_processor-23] [INFO] [1776452375.062971315] [robot_2.image_processor]: Zone=CLEAR
[image_processor-22] [INFO] [1776452375.071474871] [robot_1.image_processor]: Zone=CLEAR
[image_processor-25] [INFO] [1776452375.085600433] [robot_4.image_processor]: Zone=CLEAR
[image_processor-21] [INFO] [1776452375.094530388] [robot_0.image_processor]: Zone=CLEAR
[image_processor-24] [INFO] [1776452377.547907694] [robot_3.image_processor]: Zone=CLEAR
[image_processor-23] [INFO] [1776452377.561178786] [robot_2.image_processor]: Zone=CLEAR
[image_processor-22] [INFO] [1776452377.570915928] [robot_1.image_processor]: Zone=CLEAR
[image_processor-25] [INFO] [1776452377.585305492] [robot_4.image_processor]: Zone=CLEAR
[image_processor-21] [INFO] [1776452377.594939565] [robot_0.image_processor]: Zone=CLEAR
[image_processor-24] [INFO] [1776452380.049557472] [robot_3.image_processor]: Zone=CLEAR
[image_processor-23] [INFO] [1776452380.062592217] [robot_2.image_processor]: Zone=CLEAR
[image_processor-22] [INFO] [1776452380.071127503] [robot_1.image_processor]: Zone=CLEAR
[image_processor-25] [INFO] [1776452380.086879675] [robot_4.image_processor]: Zone=CLEAR
[image_processor-21] [INFO] [1776452380.095552489] [robot_0.image_processor]: Zone=CLEAR
[image_processor-24] [INFO] [1776452382.551307586] [robot_3.image_processor]: Zone=CLEAR
[image_processor-22] [INFO] [1776452382.574228032] [robot_1.image_processor]: Zone=CLEAR
[image_processor-25] [INFO] [1776452382.587950977] [robot_4.image_processor]: Zone=CLEAR
[image_processor-21] [INFO] [1776452382.597551010] [robot_0.image_processor]: Zone=CLEAR
[image_processor-23] [INFO] [1776452382.667963619] [robot_2.image_processor]: Zone=CLEAR
[image_processor-24] [INFO] [1776452385.047186311] [robot_3.image_processor]: Zone=CLEAR
[image_processor-23] [INFO] [1776452385.060726534] [robot_2.image_processor]: Zone=CLEAR
[image_processor-22] [INFO] [1776452385.068600276] [robot_1.image_processor]: Zone=CLEAR
[image_processor-21] [INFO] [1776452385.092417526] [robot_0.image_processor]: Zone=CLEAR
[image_processor-25] [INFO] [1776452385.185872357] [robot_4.image_processor]: Zone=CLEAR
[image_processor-24] [INFO] [1776452387.549720538] [robot_3.image_processor]: Zone=CLEAR
[image_processor-23] [INFO] [1776452387.565226552] [robot_2.image_processor]: Zone=CLEAR
[image_processor-22] [INFO] [1776452387.573680533] [robot_1.image_processor]: Zone=CLEAR
[image_processor-25] [INFO] [1776452387.588632667] [robot_4.image_processor]: Zone=CLEAR
[image_processor-21] [INFO] [1776452387.698869569] [robot_0.image_processor]: Zone=CLEAR
[image_processor-24] [INFO] [1776452390.047574001] [robot_3.image_processor]: Zone=CLEAR
[image_processor-23] [INFO] [1776452390.064740292] [robot_2.image_processor]: Zone=CLEAR
[image_processor-22] [INFO] [1776452390.073503623] [robot_1.image_processor]: Zone=CLEAR
[image_processor-25] [INFO] [1776452390.088549307] [robot_4.image_processor]: Zone=CLEAR
[image_processor-21] [INFO] [1776452390.097849476] [robot_0.image_processor]: Zone=CLEAR
[image_processor-24] [INFO] [1776452392.549213985] [robot_3.image_processor]: Zone=CLEAR
[image_processor-23] [INFO] [1776452392.564019342] [robot_2.image_processor]: Zone=CLEAR
[image_processor-22] [INFO] [1776452392.571436524] [robot_1.image_processor]: Zone=CLEAR
[image_processor-25] [INFO] [1776452392.587149385] [robot_4.image_processor]: Zone=CLEAR
[image_processor-21] [INFO] [1776452392.596091515] [robot_0.image_processor]: Zone=CLEAR
[image_processor-24] [INFO] [1776452395.046496146] [robot_3.image_processor]: Zone=CLEAR
[image_processor-23] [INFO] [1776452395.060433443] [robot_2.image_processor]: Zone=CLEAR
[image_processor-22] [INFO] [1776452395.069309340] [robot_1.image_processor]: Zone=CLEAR
[image_processor-25] [INFO] [1776452395.085597368] [robot_4.image_processor]: Zone=CLEAR
[image_processor-21] [INFO] [1776452395.094143213] [robot_0.image_processor]: Zone=CLEAR
[image_processor-24] [INFO] [1776452397.548187724] [robot_3.image_processor]: Zone=CLEAR
[image_processor-23] [INFO] [1776452397.562399778] [robot_2.image_processor]: Zone=CLEAR
[image_processor-22] [INFO] [1776452397.570150431] [robot_1.image_processor]: Zone=CLEAR
[image_processor-25] [INFO] [1776452397.585912006] [robot_4.image_processor]: Zone=CLEAR
[image_processor-21] [INFO] [1776452397.594908589] [robot_0.image_processor]: Zone=CLEAR
[image_processor-24] [INFO] [1776452400.050888044] [robot_3.image_processor]: Zone=CLEAR
[image_processor-23] [INFO] [1776452400.068093681] [robot_2.image_processor]: Zone=CLEAR
[image_processor-22] [INFO] [1776452400.077104462] [robot_1.image_processor]: Zone=CLEAR
[image_processor-25] [INFO] [1776452400.091335832] [robot_4.image_processor]: Zone=CLEAR
[image_processor-21] [INFO] [1776452400.099408492] [robot_0.image_processor]: Zone=CLEAR
[image_processor-24] [INFO] [1776452402.549080067] [robot_3.image_processor]: Zone=CLEAR
[image_processor-23] [INFO] [1776452402.564572805] [robot_2.image_processor]: Zone=CLEAR
[image_processor-22] [INFO] [1776452402.576304522] [robot_1.image_processor]: Zone=CLEAR
[image_processor-25] [INFO] [1776452402.591899760] [robot_4.image_processor]: Zone=CLEAR
[image_processor-21] [INFO] [1776452402.601404033] [robot_0.image_processor]: Zone=CLEAR
[image_processor-24] [INFO] [1776452405.048609225] [robot_3.image_processor]: Zone=CLEAR
[image_processor-23] [INFO] [1776452405.062381178] [robot_2.image_processor]: Zone=CLEAR
[image_processor-22] [INFO] [1776452405.070322442] [robot_1.image_processor]: Zone=CLEAR
[image_processor-25] [INFO] [1776452405.084568950] [robot_4.image_processor]: Zone=CLEAR
[image_processor-21] [INFO] [1776452405.093796600] [robot_0.image_processor]: Zone=CLEAR
[image_processor-24] [INFO] [1776452407.547308928] [robot_3.image_processor]: Zone=CLEAR
[image_processor-22] [INFO] [1776452407.569483064] [robot_1.image_processor]: Zone=CLEAR
[image_processor-25] [INFO] [1776452407.584896646] [robot_4.image_processor]: Zone=CLEAR
[image_processor-21] [INFO] [1776452407.592630596] [robot_0.image_processor]: Zone=CLEAR
[image_processor-23] [INFO] [1776452407.663280612] [robot_2.image_processor]: Zone=CLEAR
[image_processor-24] [INFO] [1776452410.049176251] [robot_3.image_processor]: Zone=CLEAR
[image_processor-23] [INFO] [1776452410.063242183] [robot_2.image_processor]: Zone=CLEAR
[image_processor-22] [INFO] [1776452410.072866551] [robot_1.image_processor]: Zone=CLEAR
[image_processor-25] [INFO] [1776452410.088272563] [robot_4.image_processor]: Zone=CLEAR
[image_processor-21] [INFO] [1776452410.096650168] [robot_0.image_processor]: Zone=CLEAR
[image_processor-24] [INFO] [1776452412.547552048] [robot_3.image_processor]: Zone=CLEAR
[image_processor-23] [INFO] [1776452412.561706074] [robot_2.image_processor]: Zone=CLEAR
[image_processor-22] [INFO] [1776452412.568993191] [robot_1.image_processor]: Zone=CLEAR
[image_processor-25] [INFO] [1776452412.584596316] [robot_4.image_processor]: Zone=CLEAR
[image_processor-21] [INFO] [1776452412.593174331] [robot_0.image_processor]: Zone=CLEAR
[image_processor-24] [INFO] [1776452415.047757736] [robot_3.image_processor]: Zone=CLEAR
[image_processor-23] [INFO] [1776452415.061853245] [robot_2.image_processor]: Zone=CLEAR
[image_processor-22] [INFO] [1776452415.069338826] [robot_1.image_processor]: Zone=CLEAR
[image_processor-25] [INFO] [1776452415.086188253] [robot_4.image_processor]: Zone=CLEAR
[image_processor-21] [INFO] [1776452415.094032615] [robot_0.image_processor]: Zone=CLEAR
[image_processor-24] [INFO] [1776452417.548626164] [robot_3.image_processor]: Zone=CLEAR
[image_processor-23] [INFO] [1776452417.562606092] [robot_2.image_processor]: Zone=CLEAR
[image_processor-22] [INFO] [1776452417.570367614] [robot_1.image_processor]: Zone=CLEAR
[image_processor-25] [INFO] [1776452417.584871863] [robot_4.image_processor]: Zone=CLEAR
[image_processor-21] [INFO] [1776452417.593873705] [robot_0.image_processor]: Zone=CLEAR
[image_processor-24] [INFO] [1776452420.047877611] [robot_3.image_processor]: Zone=CLEAR
[image_processor-23] [INFO] [1776452420.061148556] [robot_2.image_processor]: Zone=CLEAR
[image_processor-22] [INFO] [1776452420.070055064] [robot_1.image_processor]: Zone=CLEAR
[image_processor-25] [INFO] [1776452420.084708455] [robot_4.image_processor]: Zone=CLEAR
[image_processor-21] [INFO] [1776452420.090383966] [robot_0.image_processor]: Zone=CLEAR
[image_processor-24] [INFO] [1776452422.548008459] [robot_3.image_processor]: Zone=CLEAR
[image_processor-23] [INFO] [1776452422.560544637] [robot_2.image_processor]: Zone=CLEAR
[image_processor-22] [INFO] [1776452422.569397840] [robot_1.image_processor]: Zone=CLEAR
[image_processor-25] [INFO] [1776452422.582967232] [robot_4.image_processor]: Zone=CLEAR
[image_processor-21] [INFO] [1776452422.591683462] [robot_0.image_processor]: Zone=CLEAR
[image_processor-24] [INFO] [1776452425.049195895] [robot_3.image_processor]: Zone=CLEAR
[image_processor-23] [INFO] [1776452425.061720383] [robot_2.image_processor]: Zone=CLEAR
[image_processor-22] [INFO] [1776452425.071121326] [robot_1.image_processor]: Zone=CLEAR
[image_processor-25] [INFO] [1776452425.086714914] [robot_4.image_processor]: Zone=CLEAR
[image_processor-21] [INFO] [1776452425.094640132] [robot_0.image_processor]: Zone=CLEAR
[image_processor-24] [INFO] [1776452427.548038651] [robot_3.image_processor]: Zone=CLEAR
[image_processor-23] [INFO] [1776452427.561050754] [robot_2.image_processor]: Zone=CLEAR
[image_processor-22] [INFO] [1776452427.570285269] [robot_1.image_processor]: Zone=CLEAR
[image_processor-25] [INFO] [1776452427.584766585] [robot_4.image_processor]: Zone=CLEAR
[image_processor-21] [INFO] [1776452427.697118061] [robot_0.image_processor]: Zone=CLEAR
[image_processor-24] [INFO] [1776452430.048794456] [robot_3.image_processor]: Zone=CLEAR
[image_processor-23] [INFO] [1776452430.062551786] [robot_2.image_processor]: Zone=CLEAR
[image_processor-25] [INFO] [1776452430.085271859] [robot_4.image_processor]: Zone=CLEAR
[image_processor-21] [INFO] [1776452430.092982350] [robot_0.image_processor]: Zone=CLEAR
[image_processor-22] [INFO] [1776452430.171728871] [robot_1.image_processor]: Zone=CLEAR
[image_processor-24] [INFO] [1776452432.547244042] [robot_3.image_processor]: Zone=CLEAR
[image_processor-22] [INFO] [1776452432.569720632] [robot_1.image_processor]: Zone=CLEAR
[image_processor-25] [INFO] [1776452432.586341435] [robot_4.image_processor]: Zone=CLEAR
[image_processor-21] [INFO] [1776452432.596974195] [robot_0.image_processor]: Zone=CLEAR
[image_processor-23] [INFO] [1776452432.662970353] [robot_2.image_processor]: Zone=CLEAR
[image_processor-24] [INFO] [1776452435.047845046] [robot_3.image_processor]: Zone=CLEAR
[image_processor-23] [INFO] [1776452435.062273653] [robot_2.image_processor]: Zone=CLEAR
[image_processor-22] [INFO] [1776452435.070734442] [robot_1.image_processor]: Zone=CLEAR
[image_processor-25] [INFO] [1776452435.084025727] [robot_4.image_processor]: Zone=CLEAR
[image_processor-21] [INFO] [1776452435.091849001] [robot_0.image_processor]: Zone=CLEAR
[image_processor-24] [INFO] [1776452437.550458347] [robot_3.image_processor]: Zone=CLEAR
[image_processor-23] [INFO] [1776452437.565643849] [robot_2.image_processor]: Zone=CLEAR
[image_processor-22] [INFO] [1776452437.574396163] [robot_1.image_processor]: Zone=CLEAR
[image_processor-25] [INFO] [1776452437.588369953] [robot_4.image_processor]: Zone=CLEAR
[image_processor-21] [INFO] [1776452437.596582675] [robot_0.image_processor]: Zone=CLEAR
[image_processor-24] [INFO] [1776452440.049611714] [robot_3.image_processor]: Zone=CLEAR
[image_processor-22] [INFO] [1776452440.070686884] [robot_1.image_processor]: Zone=CLEAR
[image_processor-25] [INFO] [1776452440.085108005] [robot_4.image_processor]: Zone=CLEAR
[image_processor-21] [INFO] [1776452440.093204234] [robot_0.image_processor]: Zone=CLEAR
[image_processor-23] [INFO] [1776452440.163160139] [robot_2.image_processor]: Zone=CLEAR
[image_processor-24] [INFO] [1776452442.552477201] [robot_3.image_processor]: Zone=CLEAR
[image_processor-23] [INFO] [1776452442.568874097] [robot_2.image_processor]: Zone=CLEAR
[image_processor-22] [INFO] [1776452442.577202779] [robot_1.image_processor]: Zone=CLEAR
[image_processor-25] [INFO] [1776452442.591497288] [robot_4.image_processor]: Zone=CLEAR
[image_processor-21] [INFO] [1776452442.599545772] [robot_0.image_processor]: Zone=CLEAR
[image_processor-24] [INFO] [1776452445.049406470] [robot_3.image_processor]: Zone=CLEAR
[image_processor-23] [INFO] [1776452445.063378531] [robot_2.image_processor]: Zone=CLEAR
[image_processor-22] [INFO] [1776452445.070930266] [robot_1.image_processor]: Zone=CLEAR
[image_processor-25] [INFO] [1776452445.085743519] [robot_4.image_processor]: Zone=CLEAR
[image_processor-21] [INFO] [1776452445.094022228] [robot_0.image_processor]: Zone=CLEAR
[image_processor-24] [INFO] [1776452447.548365487] [robot_3.image_processor]: Zone=CLEAR
[image_processor-22] [INFO] [1776452447.569219341] [robot_1.image_processor]: Zone=CLEAR
[image_processor-25] [INFO] [1776452447.583729995] [robot_4.image_processor]: Zone=CLEAR
[image_processor-23] [INFO] [1776452447.663733710] [robot_2.image_processor]: Zone=CLEAR
[image_processor-21] [INFO] [1776452447.693681109] [robot_0.image_processor]: Zone=CLEAR
[image_processor-24] [INFO] [1776452450.047882518] [robot_3.image_processor]: Zone=CLEAR
[image_processor-22] [INFO] [1776452450.071323670] [robot_1.image_processor]: Zone=CLEAR
[image_processor-25] [INFO] [1776452450.085959258] [robot_4.image_processor]: Zone=CLEAR
[image_processor-21] [INFO] [1776452450.097733060] [robot_0.image_processor]: Zone=CLEAR
[image_processor-23] [INFO] [1776452450.164360661] [robot_2.image_processor]: Zone=CLEAR
[image_processor-24] [INFO] [1776452452.548357264] [robot_3.image_processor]: Zone=CLEAR
[image_processor-23] [INFO] [1776452452.562334053] [robot_2.image_processor]: Zone=CLEAR
[image_processor-22] [INFO] [1776452452.570979951] [robot_1.image_processor]: Zone=CLEAR
[image_processor-25] [INFO] [1776452452.586783511] [robot_4.image_processor]: Zone=CLEAR
[image_processor-21] [INFO] [1776452452.595402087] [robot_0.image_processor]: Zone=CLEAR
[image_processor-24] [INFO] [1776452455.050763468] [robot_3.image_processor]: Zone=CLEAR
[image_processor-23] [INFO] [1776452455.066327509] [robot_2.image_processor]: Zone=CLEAR
[image_processor-22] [INFO] [1776452455.075069934] [robot_1.image_processor]: Zone=CLEAR
[image_processor-25] [INFO] [1776452455.089497894] [robot_4.image_processor]: Zone=CLEAR
[image_processor-21] [INFO] [1776452455.097966622] [robot_0.image_processor]: Zone=CLEAR
[image_processor-24] [INFO] [1776452457.548965745] [robot_3.image_processor]: Zone=CLEAR
[image_processor-23] [INFO] [1776452457.562704621] [robot_2.image_processor]: Zone=CLEAR
[image_processor-22] [INFO] [1776452457.570148858] [robot_1.image_processor]: Zone=CLEAR
[image_processor-25] [INFO] [1776452457.586333570] [robot_4.image_processor]: Zone=CLEAR
[image_processor-21] [INFO] [1776452457.593705396] [robot_0.image_processor]: Zone=CLEAR
[image_processor-24] [INFO] [1776452460.051031296] [robot_3.image_processor]: Zone=CLEAR
[image_processor-23] [INFO] [1776452460.065521740] [robot_2.image_processor]: Zone=CLEAR
[image_processor-22] [INFO] [1776452460.073169466] [robot_1.image_processor]: Zone=CLEAR
[image_processor-25] [INFO] [1776452460.087802498] [robot_4.image_processor]: Zone=CLEAR
[image_processor-21] [INFO] [1776452460.096848165] [robot_0.image_processor]: Zone=CLEAR
[image_processor-24] [INFO] [1776452462.549440157] [robot_3.image_processor]: Zone=CLEAR
[image_processor-23] [INFO] [1776452462.562485138] [robot_2.image_processor]: Zone=CLEAR
[image_processor-22] [INFO] [1776452462.570970080] [robot_1.image_processor]: Zone=CLEAR
[image_processor-21] [INFO] [1776452462.595027878] [robot_0.image_processor]: Zone=CLEAR
[image_processor-25] [INFO] [1776452462.688952889] [robot_4.image_processor]: Zone=CLEAR
[image_processor-23] [INFO] [1776452465.061189288] [robot_2.image_processor]: Zone=CLEAR
[image_processor-22] [INFO] [1776452465.069384891] [robot_1.image_processor]: Zone=CLEAR
[image_processor-21] [INFO] [1776452465.093633232] [robot_0.image_processor]: Zone=CLEAR
[image_processor-24] [INFO] [1776452465.148889260] [robot_3.image_processor]: Zone=CLEAR
[image_processor-25] [INFO] [1776452465.184643067] [robot_4.image_processor]: Zone=CLEAR
[image_processor-24] [INFO] [1776452467.550186338] [robot_3.image_processor]: Zone=CLEAR
[image_processor-23] [INFO] [1776452467.568401123] [robot_2.image_processor]: Zone=CLEAR
[image_processor-22] [INFO] [1776452467.577515056] [robot_1.image_processor]: Zone=CLEAR
[image_processor-25] [INFO] [1776452467.595281814] [robot_4.image_processor]: Zone=CLEAR
[image_processor-21] [INFO] [1776452467.703182480] [robot_0.image_processor]: Zone=CLEAR
[image_processor-24] [INFO] [1776452470.050664151] [robot_3.image_processor]: Zone=CLEAR
[image_processor-23] [INFO] [1776452470.063886099] [robot_2.image_processor]: Zone=CLEAR
[image_processor-22] [INFO] [1776452470.072254399] [robot_1.image_processor]: Zone=CLEAR
[image_processor-25] [INFO] [1776452470.086550254] [robot_4.image_processor]: Zone=CLEAR
[image_processor-21] [INFO] [1776452470.095878317] [robot_0.image_processor]: Zone=CLEAR
[image_processor-24] [INFO] [1776452472.549837688] [robot_3.image_processor]: Zone=CLEAR
[image_processor-23] [INFO] [1776452472.568381613] [robot_2.image_processor]: Zone=CLEAR
[image_processor-22] [INFO] [1776452472.580131366] [robot_1.image_processor]: Zone=CLEAR
[image_processor-25] [INFO] [1776452472.595642726] [robot_4.image_processor]: Zone=CLEAR
[image_processor-21] [INFO] [1776452472.604427538] [robot_0.image_processor]: Zone=CLEAR
[INFO] [image_processor-25]: sending signal 'SIGINT' to process[image_processor-25]
[ERROR] [ign gazebo-1]: process has died [pid 422329, exit code -15, cmd 'ruby /usr/bin/ign gazebo /home/ecem/ros2_ws/install/swarm_basics/share/swarm_basics/worlds/random_world.sdf -s -r --force-version 6'].
[ERROR] [parameter_bridge-4]: process has died [pid 422336, exit code -15, cmd '/opt/ros/humble/lib/ros_ign_bridge/parameter_bridge /robot_0/cmd_vel@geometry_msgs/msg/Twist]ignition.msgs.Twist /robot_0/odom@nav_msgs/msg/Odometry[ignition.msgs.Odometry /robot_0/depth_camera/depth_image@sensor_msgs/msg/Image[ignition.msgs.Image /world/random_world/model/robot_0/link/robot_0/base_footprint/sensor/contact_sensor/contact@ros_gz_interfaces/msg/Contacts[ignition.msgs.Contacts /robot_1/cmd_vel@geometry_msgs/msg/Twist]ignition.msgs.Twist /robot_1/odom@nav_msgs/msg/Odometry[ignition.msgs.Odometry /robot_1/depth_camera/depth_image@sensor_msgs/msg/Image[ignition.msgs.Image /world/random_world/model/robot_1/link/robot_1/base_footprint/sensor/contact_sensor/contact@ros_gz_interfaces/msg/Contacts[ignition.msgs.Contacts /robot_2/cmd_vel@geometry_msgs/msg/Twist]ignition.msgs.Twist /robot_2/odom@nav_msgs/msg/Odometry[ignition.msgs.Odometry /robot_2/depth_camera/depth_image@sensor_msgs/msg/Image[ignition.msgs.Image /world/random_world/model/robot_2/link/robot_2/base_footprint/sensor/contact_sensor/contact@ros_gz_interfaces/msg/Contacts[ignition.msgs.Contacts /robot_3/cmd_vel@geometry_msgs/msg/Twist]ignition.msgs.Twist /robot_3/odom@nav_msgs/msg/Odometry[ignition.msgs.Odometry /robot_3/depth_camera/depth_image@sensor_msgs/msg/Image[ignition.msgs.Image /world/random_world/model/robot_3/link/robot_3/base_footprint/sensor/contact_sensor/contact@ros_gz_interfaces/msg/Contacts[ignition.msgs.Contacts /robot_4/cmd_vel@geometry_msgs/msg/Twist]ignition.msgs.Twist /robot_4/odom@nav_msgs/msg/Odometry[ignition.msgs.Odometry /robot_4/depth_camera/depth_image@sensor_msgs/msg/Image[ignition.msgs.Image /world/random_world/model/robot_4/link/robot_4/base_footprint/sensor/contact_sensor/contact@ros_gz_interfaces/msg/Contacts[ignition.msgs.Contacts /world/random_world/dynamic_pose/info@tf2_msgs/msg/TFMessage[ignition.msgs.Pose_V --ros-args -r __node:=all_robots_bridge --params-file /tmp/launch_params_0mbmatuc'].
[INFO] [parameter_bridge-20]: process has finished cleanly [pid 422409]
[INFO] [image_processor-24]: sending signal 'SIGINT' to process[image_processor-24]
[INFO] [bash-26]: process started with pid [422889]
[INFO] [image_processor-23]: sending signal 'SIGINT' to process[image_processor-23]
[INFO] [image_processor-22]: sending signal 'SIGINT' to process[image_processor-22]
[INFO] [image_processor-21]: sending signal 'SIGINT' to process[image_processor-21]
[INFO] [robot_supervisor-19]: sending signal 'SIGINT' to process[robot_supervisor-19]
[INFO] [robot_state_publisher-17]: sending signal 'SIGINT' to process[robot_state_publisher-17]
[INFO] [robot_supervisor-16]: sending signal 'SIGINT' to process[robot_supervisor-16]
[INFO] [robot_state_publisher-14]: sending signal 'SIGINT' to process[robot_state_publisher-14]
[INFO] [robot_supervisor-13]: sending signal 'SIGINT' to process[robot_supervisor-13]
[ERROR] [bash-26]: process has died [pid 422889, exit code -15, cmd 'bash -lc pkill -f parameter_bridge || true'].
[INFO] [robot_state_publisher-11]: sending signal 'SIGINT' to process[robot_state_publisher-11]
[INFO] [robot_supervisor-10]: sending signal 'SIGINT' to process[robot_supervisor-10]
[INFO] [robot_state_publisher-8]: sending signal 'SIGINT' to process[robot_state_publisher-8]
[INFO] [robot_supervisor-7]: sending signal 'SIGINT' to process[robot_supervisor-7]
[INFO] [robot_state_publisher-5]: sending signal 'SIGINT' to process[robot_state_publisher-5]
[INFO] [bump_counter-3]: sending signal 'SIGINT' to process[bump_counter-3]
[INFO] [coverage_counter-2]: sending signal 'SIGINT' to process[coverage_counter-2]
[parameter_bridge-20] [INFO] [1776452474.687416049] [rclcpp]: signal_handler(SIGINT/SIGTERM)
[parameter_bridge-4] [INFO] [1776452474.687505318] [rclcpp]: signal_handler(SIGINT/SIGTERM)
[INFO] [launch]: process[ign gazebo-1] was required: shutting down launched system
[image_processor-25] [INFO] [1776452475.358581301] [rclcpp]: signal_handler(SIGINT/SIGTERM)
[image_processor-24] [INFO] [1776452475.363220673] [rclcpp]: signal_handler(SIGINT/SIGTERM)
[image_processor-23] [INFO] [1776452475.365774324] [rclcpp]: signal_handler(SIGINT/SIGTERM)
[image_processor-22] [INFO] [1776452475.368025771] [rclcpp]: signal_handler(SIGINT/SIGTERM)
[image_processor-21] [INFO] [1776452475.370318358] [rclcpp]: signal_handler(SIGINT/SIGTERM)
[robot_supervisor-19] Traceback (most recent call last):
[robot_supervisor-19]   File "/home/ecem/ros2_ws/install/swarm_basics/lib/swarm_basics/robot_supervisor", line 33, in <module>
[robot_supervisor-19]     sys.exit(load_entry_point('swarm-basics==0.0.0', 'console_scripts', 'robot_supervisor')())
[robot_supervisor-19]   File "/home/ecem/ros2_ws/install/swarm_basics/lib/python3.10/site-packages/swarm_basics/robot_supervisor.py", line 867, in main
[robot_supervisor-19]     rclpy.spin(node)
[robot_supervisor-19]   File "/opt/ros/humble/local/lib/python3.10/dist-packages/rclpy/__init__.py", line 229, in spin
[robot_supervisor-19]     executor.spin_once()
[robot_supervisor-19]   File "/opt/ros/humble/local/lib/python3.10/dist-packages/rclpy/executors.py", line 773, in spin_once
[robot_supervisor-19]     self._spin_once_impl(timeout_sec)
[robot_supervisor-19]   File "/opt/ros/humble/local/lib/python3.10/dist-packages/rclpy/executors.py", line 762, in _spin_once_impl
[robot_supervisor-19]     handler, entity, node = self.wait_for_ready_callbacks(timeout_sec=timeout_sec)
[robot_supervisor-19]   File "/opt/ros/humble/local/lib/python3.10/dist-packages/rclpy/executors.py", line 745, in wait_for_ready_callbacks
[robot_supervisor-19]     return next(self._cb_iter)
[robot_supervisor-19]   File "/opt/ros/humble/local/lib/python3.10/dist-packages/rclpy/executors.py", line 642, in _wait_for_ready_callbacks
[robot_supervisor-19]     wait_set.wait(timeout_nsec)
[robot_supervisor-19] KeyboardInterrupt
[robot_state_publisher-17] [INFO] [1776452475.376885256] [rclcpp]: signal_handler(SIGINT/SIGTERM)
[robot_supervisor-16] Traceback (most recent call last):
[robot_supervisor-16]   File "/home/ecem/ros2_ws/install/swarm_basics/lib/swarm_basics/robot_supervisor", line 33, in <module>
[robot_supervisor-16]     sys.exit(load_entry_point('swarm-basics==0.0.0', 'console_scripts', 'robot_supervisor')())
[robot_supervisor-16]   File "/home/ecem/ros2_ws/install/swarm_basics/lib/python3.10/site-packages/swarm_basics/robot_supervisor.py", line 867, in main
[robot_supervisor-16]     rclpy.spin(node)
[robot_supervisor-16]   File "/opt/ros/humble/local/lib/python3.10/dist-packages/rclpy/__init__.py", line 229, in spin
[robot_supervisor-16]     executor.spin_once()
[robot_supervisor-16]   File "/opt/ros/humble/local/lib/python3.10/dist-packages/rclpy/executors.py", line 773, in spin_once
[robot_supervisor-16]     self._spin_once_impl(timeout_sec)
[robot_supervisor-16]   File "/opt/ros/humble/local/lib/python3.10/dist-packages/rclpy/executors.py", line 762, in _spin_once_impl
[robot_supervisor-16]     handler, entity, node = self.wait_for_ready_callbacks(timeout_sec=timeout_sec)
[robot_supervisor-16]   File "/opt/ros/humble/local/lib/python3.10/dist-packages/rclpy/executors.py", line 745, in wait_for_ready_callbacks
[robot_supervisor-16]     return next(self._cb_iter)
[robot_supervisor-16]   File "/opt/ros/humble/local/lib/python3.10/dist-packages/rclpy/executors.py", line 642, in _wait_for_ready_callbacks
[robot_supervisor-16]     wait_set.wait(timeout_nsec)
[robot_supervisor-16] KeyboardInterrupt
[robot_state_publisher-14] [INFO] [1776452475.381678489] [rclcpp]: signal_handler(SIGINT/SIGTERM)
[robot_supervisor-13] Traceback (most recent call last):
[robot_supervisor-13]   File "/home/ecem/ros2_ws/install/swarm_basics/lib/swarm_basics/robot_supervisor", line 33, in <module>
[robot_supervisor-13]     sys.exit(load_entry_point('swarm-basics==0.0.0', 'console_scripts', 'robot_supervisor')())
[robot_supervisor-13]   File "/home/ecem/ros2_ws/install/swarm_basics/lib/python3.10/site-packages/swarm_basics/robot_supervisor.py", line 867, in main
[robot_supervisor-13]     rclpy.spin(node)
[robot_supervisor-13]   File "/opt/ros/humble/local/lib/python3.10/dist-packages/rclpy/__init__.py", line 229, in spin
[robot_supervisor-13]     executor.spin_once()
[robot_supervisor-13]   File "/opt/ros/humble/local/lib/python3.10/dist-packages/rclpy/executors.py", line 773, in spin_once
[robot_supervisor-13]     self._spin_once_impl(timeout_sec)
[robot_supervisor-13]   File "/opt/ros/humble/local/lib/python3.10/dist-packages/rclpy/executors.py", line 762, in _spin_once_impl
[robot_supervisor-13]     handler, entity, node = self.wait_for_ready_callbacks(timeout_sec=timeout_sec)
[robot_supervisor-13]   File "/opt/ros/humble/local/lib/python3.10/dist-packages/rclpy/executors.py", line 745, in wait_for_ready_callbacks
[robot_supervisor-13]     return next(self._cb_iter)
[robot_supervisor-13]   File "/opt/ros/humble/local/lib/python3.10/dist-packages/rclpy/executors.py", line 642, in _wait_for_ready_callbacks
[robot_supervisor-13]     wait_set.wait(timeout_nsec)
[robot_supervisor-13] KeyboardInterrupt
[robot_state_publisher-11] [INFO] [1776452475.386990475] [rclcpp]: signal_handler(SIGINT/SIGTERM)
[robot_supervisor-10] Traceback (most recent call last):
[robot_supervisor-10]   File "/home/ecem/ros2_ws/install/swarm_basics/lib/swarm_basics/robot_supervisor", line 33, in <module>
[robot_supervisor-10]     sys.exit(load_entry_point('swarm-basics==0.0.0', 'console_scripts', 'robot_supervisor')())
[robot_supervisor-10]   File "/home/ecem/ros2_ws/install/swarm_basics/lib/python3.10/site-packages/swarm_basics/robot_supervisor.py", line 867, in main
[robot_supervisor-10]     rclpy.spin(node)
[robot_supervisor-10]   File "/opt/ros/humble/local/lib/python3.10/dist-packages/rclpy/__init__.py", line 229, in spin
[robot_supervisor-10]     executor.spin_once()
[robot_supervisor-10]   File "/opt/ros/humble/local/lib/python3.10/dist-packages/rclpy/executors.py", line 773, in spin_once
[robot_supervisor-10]     self._spin_once_impl(timeout_sec)
[robot_supervisor-10]   File "/opt/ros/humble/local/lib/python3.10/dist-packages/rclpy/executors.py", line 762, in _spin_once_impl
[robot_supervisor-10]     handler, entity, node = self.wait_for_ready_callbacks(timeout_sec=timeout_sec)
[robot_supervisor-10]   File "/opt/ros/humble/local/lib/python3.10/dist-packages/rclpy/executors.py", line 745, in wait_for_ready_callbacks
[robot_supervisor-10]     return next(self._cb_iter)
[robot_supervisor-10]   File "/opt/ros/humble/local/lib/python3.10/dist-packages/rclpy/executors.py", line 642, in _wait_for_ready_callbacks
[robot_supervisor-10]     wait_set.wait(timeout_nsec)
[robot_supervisor-10] KeyboardInterrupt
[robot_state_publisher-8] [INFO] [1776452475.393061880] [rclcpp]: signal_handler(SIGINT/SIGTERM)
[robot_supervisor-7] Traceback (most recent call last):
[robot_supervisor-7]   File "/home/ecem/ros2_ws/install/swarm_basics/lib/swarm_basics/robot_supervisor", line 33, in <module>
[robot_supervisor-7]     sys.exit(load_entry_point('swarm-basics==0.0.0', 'console_scripts', 'robot_supervisor')())
[robot_supervisor-7]   File "/home/ecem/ros2_ws/install/swarm_basics/lib/python3.10/site-packages/swarm_basics/robot_supervisor.py", line 867, in main
[robot_supervisor-7]     rclpy.spin(node)
[robot_supervisor-7]   File "/opt/ros/humble/local/lib/python3.10/dist-packages/rclpy/__init__.py", line 229, in spin
[robot_supervisor-7]     executor.spin_once()
[robot_supervisor-7]   File "/opt/ros/humble/local/lib/python3.10/dist-packages/rclpy/executors.py", line 773, in spin_once
[robot_supervisor-7]     self._spin_once_impl(timeout_sec)
[robot_supervisor-7]   File "/opt/ros/humble/local/lib/python3.10/dist-packages/rclpy/executors.py", line 762, in _spin_once_impl
[robot_supervisor-7]     handler, entity, node = self.wait_for_ready_callbacks(timeout_sec=timeout_sec)
[robot_supervisor-7]   File "/opt/ros/humble/local/lib/python3.10/dist-packages/rclpy/executors.py", line 745, in wait_for_ready_callbacks
[robot_supervisor-7]     return next(self._cb_iter)
[robot_supervisor-7]   File "/opt/ros/humble/local/lib/python3.10/dist-packages/rclpy/executors.py", line 642, in _wait_for_ready_callbacks
[robot_supervisor-7]     wait_set.wait(timeout_nsec)
[robot_supervisor-7] KeyboardInterrupt
[robot_state_publisher-5] [INFO] [1776452475.399611483] [rclcpp]: signal_handler(SIGINT/SIGTERM)
[ERROR] [launch]: Caught exception in launch (see debug for traceback): ExecuteLocal action 'bash-27': executed more than once: <launch.actions.execute_process.ExecuteProcess object at 0x743443c0c850>
[INFO] [image_processor-25]: process has finished cleanly [pid 422733]
[INFO] [image_processor-24]: process has finished cleanly [pid 422731]
[INFO] [image_processor-21]: process has finished cleanly [pid 422725]
[INFO] [image_processor-23]: process has finished cleanly [pid 422729]
[INFO] [image_processor-22]: process has finished cleanly [pid 422727]
[INFO] [robot_state_publisher-17]: process has finished cleanly [pid 422364]
[INFO] [robot_state_publisher-14]: process has finished cleanly [pid 422358]
[INFO] [robot_state_publisher-11]: process has finished cleanly [pid 422352]
[INFO] [robot_state_publisher-8]: process has finished cleanly [pid 422344]
[INFO] [robot_state_publisher-5]: process has finished cleanly [pid 422338]
[coverage_counter-2] Traceback (most recent call last):
[coverage_counter-2]   File "/home/ecem/ros2_ws/install/swarm_basics/lib/python3.10/site-packages/swarm_basics/coverage_counter.py", line 418, in main
[coverage_counter-2]     rclpy.spin(node)
[coverage_counter-2]   File "/opt/ros/humble/local/lib/python3.10/dist-packages/rclpy/__init__.py", line 229, in spin
[coverage_counter-2]     executor.spin_once()
[coverage_counter-2]   File "/opt/ros/humble/local/lib/python3.10/dist-packages/rclpy/executors.py", line 773, in spin_once
[coverage_counter-2]     self._spin_once_impl(timeout_sec)
[coverage_counter-2]   File "/opt/ros/humble/local/lib/python3.10/dist-packages/rclpy/executors.py", line 768, in _spin_once_impl
[coverage_counter-2]     handler()
[coverage_counter-2]   File "/opt/ros/humble/local/lib/python3.10/dist-packages/rclpy/task.py", line 254, in __call__
[coverage_counter-2]     self._handler.send(None)
[coverage_counter-2]   File "/opt/ros/humble/local/lib/python3.10/dist-packages/rclpy/executors.py", line 463, in handler
[coverage_counter-2]     await call_coroutine(entity, arg)
[coverage_counter-2]   File "/opt/ros/humble/local/lib/python3.10/dist-packages/rclpy/executors.py", line 371, in _execute_timer
[coverage_counter-2]     await await_or_execute(tmr.callback)
[coverage_counter-2]   File "/opt/ros/humble/local/lib/python3.10/dist-packages/rclpy/executors.py", line 107, in await_or_execute
[coverage_counter-2]     return callback(*args)
[coverage_counter-2]   File "/home/ecem/ros2_ws/install/swarm_basics/lib/python3.10/site-packages/swarm_basics/coverage_counter.py", line 152, in _on_timeout_timer
[coverage_counter-2]     self.shutdown_and_save()
[coverage_counter-2]   File "/home/ecem/ros2_ws/install/swarm_basics/lib/python3.10/site-packages/swarm_basics/coverage_counter.py", line 174, in shutdown_and_save
[coverage_counter-2]     rclpy.shutdown()
[coverage_counter-2]   File "/opt/ros/humble/local/lib/python3.10/dist-packages/rclpy/__init__.py", line 130, in shutdown
[coverage_counter-2]     _shutdown(context=context)
[coverage_counter-2]   File "/opt/ros/humble/local/lib/python3.10/dist-packages/rclpy/utilities.py", line 58, in shutdown
[coverage_counter-2]     return context.shutdown()
[coverage_counter-2]   File "/opt/ros/humble/local/lib/python3.10/dist-packages/rclpy/context.py", line 103, in shutdown
[coverage_counter-2]     self._call_on_shutdown_callbacks()
[coverage_counter-2]   File "/opt/ros/humble/local/lib/python3.10/dist-packages/rclpy/context.py", line 92, in _call_on_shutdown_callbacks
[coverage_counter-2]     callback = weak_method()
[coverage_counter-2]   File "/opt/ros/humble/local/lib/python3.10/dist-packages/rclpy/__init__.py", line 111, in reset_executor
[coverage_counter-2]     __executor.shutdown()
[coverage_counter-2]   File "/opt/ros/humble/local/lib/python3.10/dist-packages/rclpy/executors.py", line 227, in shutdown
[coverage_counter-2]     if not self._work_tracker.wait(timeout_sec):
[coverage_counter-2]   File "/opt/ros/humble/local/lib/python3.10/dist-packages/rclpy/executors.py", line 94, in wait
[coverage_counter-2]     if not self._work_condition.wait_for(
[coverage_counter-2]   File "/usr/lib/python3.10/threading.py", line 355, in wait_for
[coverage_counter-2]     self.wait(waittime)
[coverage_counter-2]   File "/usr/lib/python3.10/threading.py", line 320, in wait
[coverage_counter-2]     waiter.acquire()
[coverage_counter-2] KeyboardInterrupt
[coverage_counter-2] 
[coverage_counter-2] During handling of the above exception, another exception occurred:
[coverage_counter-2] 
[coverage_counter-2] Traceback (most recent call last):
[coverage_counter-2]   File "/home/ecem/ros2_ws/install/swarm_basics/lib/swarm_basics/coverage_counter", line 33, in <module>
[coverage_counter-2]     sys.exit(load_entry_point('swarm-basics==0.0.0', 'console_scripts', 'coverage_counter')())
[coverage_counter-2]   File "/home/ecem/ros2_ws/install/swarm_basics/lib/python3.10/site-packages/swarm_basics/coverage_counter.py", line 421, in main
[coverage_counter-2]     node.shutdown_and_save()
[coverage_counter-2]   File "/home/ecem/ros2_ws/install/swarm_basics/lib/python3.10/site-packages/swarm_basics/coverage_counter.py", line 174, in shutdown_and_save
[coverage_counter-2]     rclpy.shutdown()
[coverage_counter-2]   File "/opt/ros/humble/local/lib/python3.10/dist-packages/rclpy/__init__.py", line 130, in shutdown
[coverage_counter-2]     _shutdown(context=context)
[coverage_counter-2]   File "/opt/ros/humble/local/lib/python3.10/dist-packages/rclpy/utilities.py", line 58, in shutdown
[coverage_counter-2]     return context.shutdown()
[coverage_counter-2]   File "/opt/ros/humble/local/lib/python3.10/dist-packages/rclpy/context.py", line 100, in shutdown
[coverage_counter-2]     raise RuntimeError('Context must be initialized before it can be shutdown')
[coverage_counter-2] RuntimeError: Context must be initialized before it can be shutdown
[bump_counter-3] Traceback (most recent call last):
[bump_counter-3]   File "/home/ecem/ros2_ws/install/swarm_basics/lib/swarm_basics/bump_counter", line 33, in <module>
[bump_counter-3]     sys.exit(load_entry_point('swarm-basics==0.0.0', 'console_scripts', 'bump_counter')())
[bump_counter-3]   File "/home/ecem/ros2_ws/install/swarm_basics/lib/python3.10/site-packages/swarm_basics/bump_counter.py", line 384, in main
[bump_counter-3]     rclpy.shutdown()
[bump_counter-3]   File "/opt/ros/humble/local/lib/python3.10/dist-packages/rclpy/__init__.py", line 130, in shutdown
[bump_counter-3]     _shutdown(context=context)
[bump_counter-3]   File "/opt/ros/humble/local/lib/python3.10/dist-packages/rclpy/utilities.py", line 58, in shutdown
[bump_counter-3]     return context.shutdown()
[bump_counter-3]   File "/opt/ros/humble/local/lib/python3.10/dist-packages/rclpy/context.py", line 102, in shutdown
[bump_counter-3]     self.__context.shutdown()
[bump_counter-3] rclpy._rclpy_pybind11.RCLError: failed to shutdown: rcl_shutdown already called on the given context, at ./src/rcl/init.c:241
[ERROR] [coverage_counter-2]: process has died [pid 422331, exit code 1, cmd '/home/ecem/ros2_ws/install/swarm_basics/lib/swarm_basics/coverage_counter --ros-args -r __node:=coverage_counter --params-file /tmp/launch_params_fpi0bnpq --params-file /tmp/launch_params_hvq3iykk --params-file /tmp/launch_params_sj9a1dox --params-file /tmp/launch_params_iollv4y8 --params-file /tmp/launch_params_daqjsi9w --params-file /tmp/launch_params_bxh7dhwc'].
[ERROR] [bump_counter-3]: process has died [pid 422334, exit code 1, cmd '/home/ecem/ros2_ws/install/swarm_basics/lib/swarm_basics/bump_counter --ros-args -r __node:=bump_counter --params-file /tmp/launch_params_rnljip2q --params-file /tmp/launch_params_p2bn2fou --params-file /tmp/launch_params_9_61s0j3'].
[ERROR] [robot_supervisor-19]: process has died [pid 422380, exit code -2, cmd '/home/ecem/ros2_ws/install/swarm_basics/lib/swarm_basics/robot_supervisor --ros-args -r __node:=robot_supervisor -r __ns:=/robot_4 --params-file /tmp/launch_params_oij776v2 --params-file /tmp/launch_params_cek4w9yy --params-file /tmp/launch_params_nahrt3xk --params-file /tmp/launch_params_5udqpjlo'].
[ERROR] [robot_supervisor-16]: process has died [pid 422362, exit code -2, cmd '/home/ecem/ros2_ws/install/swarm_basics/lib/swarm_basics/robot_supervisor --ros-args -r __node:=robot_supervisor -r __ns:=/robot_3 --params-file /tmp/launch_params_6dptd7ay --params-file /tmp/launch_params_hj_jxwtf --params-file /tmp/launch_params_314_d272 --params-file /tmp/launch_params_hnrmw3em'].
[ERROR] [robot_supervisor-10]: process has died [pid 422350, exit code -2, cmd '/home/ecem/ros2_ws/install/swarm_basics/lib/swarm_basics/robot_supervisor --ros-args -r __node:=robot_supervisor -r __ns:=/robot_1 --params-file /tmp/launch_params_ifissg2b --params-file /tmp/launch_params_ifs67wdp --params-file /tmp/launch_params_adoqd9rw --params-file /tmp/launch_params_zywx5ylf'].
[ERROR] [robot_supervisor-7]: process has died [pid 422342, exit code -2, cmd '/home/ecem/ros2_ws/install/swarm_basics/lib/swarm_basics/robot_supervisor --ros-args -r __node:=robot_supervisor -r __ns:=/robot_0 --params-file /tmp/launch_params_iqhef5oa --params-file /tmp/launch_params_5willqx8 --params-file /tmp/launch_params_mkgxtssp --params-file /tmp/launch_params_ra38f8c4'].
[ERROR] [robot_supervisor-13]: process has died [pid 422356, exit code -2, cmd '/home/ecem/ros2_ws/install/swarm_basics/lib/swarm_basics/robot_supervisor --ros-args -r __node:=robot_supervisor -r __ns:=/robot_2 --params-file /tmp/launch_params_k3xbl397 --params-file /tmp/launch_params_046r9nkj --params-file /tmp/launch_params_qhj5i8yu --params-file /tmp/launch_params_opmz6p2x'].
