[INFO] [launch]: All log files can be found below /home/ecem/.ros/log/2026-04-21-15-39-44-937235-ecem-pc-310413
[INFO] [launch]: Default logging verbosity is set to INFO
[INFO] [ign gazebo-1]: process started with pid [310428]
[INFO] [coverage_counter-2]: process started with pid [310430]
[INFO] [bump_counter-3]: process started with pid [310433]
[INFO] [parameter_bridge-4]: process started with pid [310435]
[INFO] [robot_state_publisher-5]: process started with pid [310437]
[INFO] [create-6]: process started with pid [310439]
[INFO] [robot_supervisor-7]: process started with pid [310441]
[INFO] [robot_state_publisher-8]: process started with pid [310443]
[INFO] [create-9]: process started with pid [310446]
[INFO] [robot_supervisor-10]: process started with pid [310448]
[INFO] [robot_state_publisher-11]: process started with pid [310451]
[INFO] [create-12]: process started with pid [310453]
[INFO] [robot_supervisor-13]: process started with pid [310455]
[INFO] [robot_state_publisher-14]: process started with pid [310457]
[INFO] [create-15]: process started with pid [310459]
[INFO] [robot_supervisor-16]: process started with pid [310461]
[INFO] [robot_state_publisher-17]: process started with pid [310464]
[INFO] [create-18]: process started with pid [310471]
[INFO] [robot_supervisor-19]: process started with pid [310473]
[INFO] [parameter_bridge-20]: process started with pid [310475]
[parameter_bridge-4] [ros_ign_bridge] is deprecated! Redirecting to use [ros_gz_bridge] instead!
[parameter_bridge-4] 
[create-6] [INFO] [1776778785.363238053] [robot_0.ros_gz_sim]: Requesting list of world names.
[create-12] [INFO] [1776778785.364017027] [robot_2.ros_gz_sim]: Requesting list of world names.
[create-15] [INFO] [1776778785.364514148] [robot_3.ros_gz_sim]: Requesting list of world names.
[create-9] [INFO] [1776778785.365272823] [robot_1.ros_gz_sim]: Requesting list of world names.
[create-18] [INFO] [1776778785.371713111] [robot_4.ros_gz_sim]: Requesting list of world names.
[robot_state_publisher-5] [INFO] [1776778785.373429057] [robot_0.robot_state_publisher]: got segment robot_0/antenna_link
[robot_state_publisher-5] [INFO] [1776778785.373505369] [robot_0.robot_state_publisher]: got segment robot_0/base_footprint
[robot_state_publisher-5] [INFO] [1776778785.373514717] [robot_0.robot_state_publisher]: got segment robot_0/base_link
[robot_state_publisher-5] [INFO] [1776778785.373521036] [robot_0.robot_state_publisher]: got segment robot_0/realsense_link
[robot_state_publisher-5] [INFO] [1776778785.373526312] [robot_0.robot_state_publisher]: got segment robot_0/rocker_L_link
[robot_state_publisher-5] [INFO] [1776778785.373531370] [robot_0.robot_state_publisher]: got segment robot_0/rocker_R_link
[robot_state_publisher-5] [INFO] [1776778785.373536511] [robot_0.robot_state_publisher]: got segment robot_0/wheel_FL_link
[robot_state_publisher-5] [INFO] [1776778785.373549171] [robot_0.robot_state_publisher]: got segment robot_0/wheel_FR_link
[robot_state_publisher-5] [INFO] [1776778785.373553956] [robot_0.robot_state_publisher]: got segment robot_0/wheel_RL_link
[robot_state_publisher-5] [INFO] [1776778785.373558622] [robot_0.robot_state_publisher]: got segment robot_0/wheel_RR_link
[parameter_bridge-4] [INFO] [1776778785.380832504] [all_robots_bridge]: Creating ROS->GZ Bridge: [/robot_0/cmd_vel (geometry_msgs/msg/Twist) -> /robot_0/cmd_vel (ignition.msgs.Twist)] (Lazy 0)
[parameter_bridge-4] [INFO] [1776778785.381987961] [all_robots_bridge]: Creating GZ->ROS Bridge: [/robot_0/odom (ignition.msgs.Odometry) -> /robot_0/odom (nav_msgs/msg/Odometry)] (Lazy 0)
[parameter_bridge-4] [INFO] [1776778785.382602499] [all_robots_bridge]: Creating GZ->ROS Bridge: [/robot_0/depth_camera/depth_image (ignition.msgs.Image) -> /robot_0/depth_camera/depth_image (sensor_msgs/msg/Image)] (Lazy 0)
[parameter_bridge-4] [INFO] [1776778785.383355405] [all_robots_bridge]: Creating GZ->ROS Bridge: [/world/random_world/model/robot_0/link/robot_0/base_footprint/sensor/contact_sensor/contact (ignition.msgs.Contacts) -> /world/random_world/model/robot_0/link/robot_0/base_footprint/sensor/contact_sensor/contact (ros_gz_interfaces/msg/Contacts)] (Lazy 0)
[parameter_bridge-4] [INFO] [1776778785.384066262] [all_robots_bridge]: Creating ROS->GZ Bridge: [/robot_1/cmd_vel (geometry_msgs/msg/Twist) -> /robot_1/cmd_vel (ignition.msgs.Twist)] (Lazy 0)
[parameter_bridge-4] [INFO] [1776778785.384486144] [all_robots_bridge]: Creating GZ->ROS Bridge: [/robot_1/odom (ignition.msgs.Odometry) -> /robot_1/odom (nav_msgs/msg/Odometry)] (Lazy 0)
[parameter_bridge-20] [INFO] [1776778785.384658881] [clock_bridge]: Creating GZ->ROS Bridge: [/clock (ignition.msgs.Clock) -> /clock (rosgraph_msgs/msg/Clock)] (Lazy 0)
[parameter_bridge-4] [INFO] [1776778785.385008630] [all_robots_bridge]: Creating GZ->ROS Bridge: [/robot_1/depth_camera/depth_image (ignition.msgs.Image) -> /robot_1/depth_camera/depth_image (sensor_msgs/msg/Image)] (Lazy 0)
[parameter_bridge-4] [INFO] [1776778785.385467632] [all_robots_bridge]: Creating GZ->ROS Bridge: [/world/random_world/model/robot_1/link/robot_1/base_footprint/sensor/contact_sensor/contact (ignition.msgs.Contacts) -> /world/random_world/model/robot_1/link/robot_1/base_footprint/sensor/contact_sensor/contact (ros_gz_interfaces/msg/Contacts)] (Lazy 0)
[parameter_bridge-4] [INFO] [1776778785.386092454] [all_robots_bridge]: Creating ROS->GZ Bridge: [/robot_2/cmd_vel (geometry_msgs/msg/Twist) -> /robot_2/cmd_vel (ignition.msgs.Twist)] (Lazy 0)
[parameter_bridge-4] [INFO] [1776778785.386529525] [all_robots_bridge]: Creating GZ->ROS Bridge: [/robot_2/odom (ignition.msgs.Odometry) -> /robot_2/odom (nav_msgs/msg/Odometry)] (Lazy 0)
[parameter_bridge-4] [INFO] [1776778785.387024042] [all_robots_bridge]: Creating GZ->ROS Bridge: [/robot_2/depth_camera/depth_image (ignition.msgs.Image) -> /robot_2/depth_camera/depth_image (sensor_msgs/msg/Image)] (Lazy 0)
[parameter_bridge-4] [INFO] [1776778785.387559171] [all_robots_bridge]: Creating GZ->ROS Bridge: [/world/random_world/model/robot_2/link/robot_2/base_footprint/sensor/contact_sensor/contact (ignition.msgs.Contacts) -> /world/random_world/model/robot_2/link/robot_2/base_footprint/sensor/contact_sensor/contact (ros_gz_interfaces/msg/Contacts)] (Lazy 0)
[robot_state_publisher-11] [INFO] [1776778785.387921761] [robot_2.robot_state_publisher]: got segment robot_2/antenna_link
[robot_state_publisher-11] [INFO] [1776778785.387997385] [robot_2.robot_state_publisher]: got segment robot_2/base_footprint
[robot_state_publisher-11] [INFO] [1776778785.388005761] [robot_2.robot_state_publisher]: got segment robot_2/base_link
[robot_state_publisher-11] [INFO] [1776778785.388011480] [robot_2.robot_state_publisher]: got segment robot_2/realsense_link
[robot_state_publisher-11] [INFO] [1776778785.388016425] [robot_2.robot_state_publisher]: got segment robot_2/rocker_L_link
[robot_state_publisher-11] [INFO] [1776778785.388021423] [robot_2.robot_state_publisher]: got segment robot_2/rocker_R_link
[robot_state_publisher-11] [INFO] [1776778785.388026182] [robot_2.robot_state_publisher]: got segment robot_2/wheel_FL_link
[robot_state_publisher-11] [INFO] [1776778785.388030931] [robot_2.robot_state_publisher]: got segment robot_2/wheel_FR_link
[robot_state_publisher-11] [INFO] [1776778785.388035956] [robot_2.robot_state_publisher]: got segment robot_2/wheel_RL_link
[robot_state_publisher-11] [INFO] [1776778785.388040548] [robot_2.robot_state_publisher]: got segment robot_2/wheel_RR_link
[parameter_bridge-4] [INFO] [1776778785.389205006] [all_robots_bridge]: Creating ROS->GZ Bridge: [/robot_3/cmd_vel (geometry_msgs/msg/Twist) -> /robot_3/cmd_vel (ignition.msgs.Twist)] (Lazy 0)
[parameter_bridge-4] [INFO] [1776778785.389605680] [all_robots_bridge]: Creating GZ->ROS Bridge: [/robot_3/odom (ignition.msgs.Odometry) -> /robot_3/odom (nav_msgs/msg/Odometry)] (Lazy 0)
[parameter_bridge-4] [INFO] [1776778785.390496702] [all_robots_bridge]: Creating GZ->ROS Bridge: [/robot_3/depth_camera/depth_image (ignition.msgs.Image) -> /robot_3/depth_camera/depth_image (sensor_msgs/msg/Image)] (Lazy 0)
[parameter_bridge-4] [INFO] [1776778785.391076151] [all_robots_bridge]: Creating GZ->ROS Bridge: [/world/random_world/model/robot_3/link/robot_3/base_footprint/sensor/contact_sensor/contact (ignition.msgs.Contacts) -> /world/random_world/model/robot_3/link/robot_3/base_footprint/sensor/contact_sensor/contact (ros_gz_interfaces/msg/Contacts)] (Lazy 0)
[parameter_bridge-4] [INFO] [1776778785.391597837] [all_robots_bridge]: Creating ROS->GZ Bridge: [/robot_4/cmd_vel (geometry_msgs/msg/Twist) -> /robot_4/cmd_vel (ignition.msgs.Twist)] (Lazy 0)
[parameter_bridge-4] [INFO] [1776778785.391822728] [all_robots_bridge]: Creating GZ->ROS Bridge: [/robot_4/odom (ignition.msgs.Odometry) -> /robot_4/odom (nav_msgs/msg/Odometry)] (Lazy 0)
[parameter_bridge-4] [INFO] [1776778785.392198206] [all_robots_bridge]: Creating GZ->ROS Bridge: [/robot_4/depth_camera/depth_image (ignition.msgs.Image) -> /robot_4/depth_camera/depth_image (sensor_msgs/msg/Image)] (Lazy 0)
[parameter_bridge-4] [INFO] [1776778785.392751279] [all_robots_bridge]: Creating GZ->ROS Bridge: [/world/random_world/model/robot_4/link/robot_4/base_footprint/sensor/contact_sensor/contact (ignition.msgs.Contacts) -> /world/random_world/model/robot_4/link/robot_4/base_footprint/sensor/contact_sensor/contact (ros_gz_interfaces/msg/Contacts)] (Lazy 0)
[parameter_bridge-4] [INFO] [1776778785.393552909] [all_robots_bridge]: Creating GZ->ROS Bridge: [/world/random_world/dynamic_pose/info (ignition.msgs.Pose_V) -> /world/random_world/dynamic_pose/info (tf2_msgs/msg/TFMessage)] (Lazy 0)
[robot_state_publisher-14] [INFO] [1776778785.398031504] [robot_3.robot_state_publisher]: got segment robot_3/antenna_link
[robot_state_publisher-14] [INFO] [1776778785.398101274] [robot_3.robot_state_publisher]: got segment robot_3/base_footprint
[robot_state_publisher-14] [INFO] [1776778785.398107410] [robot_3.robot_state_publisher]: got segment robot_3/base_link
[robot_state_publisher-14] [INFO] [1776778785.398111098] [robot_3.robot_state_publisher]: got segment robot_3/realsense_link
[robot_state_publisher-14] [INFO] [1776778785.398114341] [robot_3.robot_state_publisher]: got segment robot_3/rocker_L_link
[robot_state_publisher-14] [INFO] [1776778785.398117300] [robot_3.robot_state_publisher]: got segment robot_3/rocker_R_link
[robot_state_publisher-14] [INFO] [1776778785.398120267] [robot_3.robot_state_publisher]: got segment robot_3/wheel_FL_link
[robot_state_publisher-14] [INFO] [1776778785.398123207] [robot_3.robot_state_publisher]: got segment robot_3/wheel_FR_link
[robot_state_publisher-14] [INFO] [1776778785.398126162] [robot_3.robot_state_publisher]: got segment robot_3/wheel_RL_link
[robot_state_publisher-14] [INFO] [1776778785.398129129] [robot_3.robot_state_publisher]: got segment robot_3/wheel_RR_link
[robot_state_publisher-8] [INFO] [1776778785.398201477] [robot_1.robot_state_publisher]: got segment robot_1/antenna_link
[robot_state_publisher-8] [INFO] [1776778785.398305388] [robot_1.robot_state_publisher]: got segment robot_1/base_footprint
[robot_state_publisher-8] [INFO] [1776778785.398319073] [robot_1.robot_state_publisher]: got segment robot_1/base_link
[robot_state_publisher-8] [INFO] [1776778785.398328444] [robot_1.robot_state_publisher]: got segment robot_1/realsense_link
[robot_state_publisher-8] [INFO] [1776778785.398336857] [robot_1.robot_state_publisher]: got segment robot_1/rocker_L_link
[robot_state_publisher-8] [INFO] [1776778785.398344901] [robot_1.robot_state_publisher]: got segment robot_1/rocker_R_link
[robot_state_publisher-8] [INFO] [1776778785.398352604] [robot_1.robot_state_publisher]: got segment robot_1/wheel_FL_link
[robot_state_publisher-8] [INFO] [1776778785.398360412] [robot_1.robot_state_publisher]: got segment robot_1/wheel_FR_link
[robot_state_publisher-8] [INFO] [1776778785.398367963] [robot_1.robot_state_publisher]: got segment robot_1/wheel_RL_link
[robot_state_publisher-8] [INFO] [1776778785.398375261] [robot_1.robot_state_publisher]: got segment robot_1/wheel_RR_link
[robot_state_publisher-17] [INFO] [1776778785.401916446] [robot_4.robot_state_publisher]: got segment robot_4/antenna_link
[robot_state_publisher-17] [INFO] [1776778785.402044183] [robot_4.robot_state_publisher]: got segment robot_4/base_footprint
[robot_state_publisher-17] [INFO] [1776778785.402059852] [robot_4.robot_state_publisher]: got segment robot_4/base_link
[robot_state_publisher-17] [INFO] [1776778785.402070088] [robot_4.robot_state_publisher]: got segment robot_4/realsense_link
[robot_state_publisher-17] [INFO] [1776778785.402078151] [robot_4.robot_state_publisher]: got segment robot_4/rocker_L_link
[robot_state_publisher-17] [INFO] [1776778785.402085599] [robot_4.robot_state_publisher]: got segment robot_4/rocker_R_link
[robot_state_publisher-17] [INFO] [1776778785.402093143] [robot_4.robot_state_publisher]: got segment robot_4/wheel_FL_link
[robot_state_publisher-17] [INFO] [1776778785.402100587] [robot_4.robot_state_publisher]: got segment robot_4/wheel_FR_link
[robot_state_publisher-17] [INFO] [1776778785.402107665] [robot_4.robot_state_publisher]: got segment robot_4/wheel_RL_link
[robot_state_publisher-17] [INFO] [1776778785.402114823] [robot_4.robot_state_publisher]: got segment robot_4/wheel_RR_link
[bump_counter-3] [INFO] [1776778785.666356312] [bump_counter]: [global] global_mode=True cooldown(robot)=0.80s cooldown(obs)=0.50s Logging to /home/ecem/ros2_ws/src/Leo_sct/results_exp/explore/medium/prompt_4/run_9/middle_circle/trial_3/run_20260421_153945/bumps_global_153945.csv
[robot_supervisor-13] [INFO] [1776778785.727136056] [robot_2.robot_supervisor]: Loaded initial mission 'explore' from explicit YAML explore_sup_gpt_medium_4_run_9_202.yaml
[robot_supervisor-16] [INFO] [1776778785.763870299] [robot_3.robot_supervisor]: Loaded initial mission 'explore' from explicit YAML explore_sup_gpt_medium_4_run_9_202.yaml
[robot_supervisor-10] [INFO] [1776778785.772229367] [robot_1.robot_supervisor]: Loaded initial mission 'explore' from explicit YAML explore_sup_gpt_medium_4_run_9_202.yaml
[robot_supervisor-19] [INFO] [1776778785.774674028] [robot_4.robot_supervisor]: Loaded initial mission 'explore' from explicit YAML explore_sup_gpt_medium_4_run_9_202.yaml
[robot_supervisor-7] [INFO] [1776778785.807881674] [robot_0.robot_supervisor]: Loaded initial mission 'explore' from explicit YAML explore_sup_gpt_medium_4_run_9_202.yaml
[robot_supervisor-13] [INFO] [1776778785.831561749] [robot_2.robot_supervisor]: Selected controllable event: EV_random_walk
[parameter_bridge-4] [INFO] [1776778785.831890516] [all_robots_bridge]: Passing message from ROS geometry_msgs/msg/Twist to Gazebo gz.msgs.Twist (showing msg only once per type)
[robot_supervisor-16] [INFO] [1776778785.868013799] [robot_3.robot_supervisor]: Selected controllable event: EV_random_walk
[create-9] [INFO] [1776778785.874928794] [robot_1.ros_gz_sim]: Waiting messages on topic [/robot_1/robot_description].
[robot_supervisor-10] [INFO] [1776778785.876142075] [robot_1.robot_supervisor]: Selected controllable event: EV_random_walk
[robot_supervisor-19] [INFO] [1776778785.878698234] [robot_4.robot_supervisor]: Selected controllable event: EV_random_walk
[robot_supervisor-7] [INFO] [1776778785.912377427] [robot_0.robot_supervisor]: Selected controllable event: EV_random_walk
[create-9] [INFO] [1776778785.974579275] [robot_1.ros_gz_sim]: Requested creation of entity.
[create-9] [INFO] [1776778785.974625264] [robot_1.ros_gz_sim]: OK creation of entity.
[create-15] [INFO] [1776778785.975285144] [robot_3.ros_gz_sim]: Waiting messages on topic [/robot_3/robot_description].
[create-6] [INFO] [1776778786.075650090] [robot_0.ros_gz_sim]: Waiting messages on topic [/robot_0/robot_description].
[robot_supervisor-13] [INFO] [1776778786.131559101] [robot_2.robot_supervisor]: Selected controllable event: EV_random_walk
[robot_supervisor-16] [INFO] [1776778786.168246141] [robot_3.robot_supervisor]: Selected controllable event: EV_random_walk
[create-12] [INFO] [1776778786.176003744] [robot_2.ros_gz_sim]: Waiting messages on topic [/robot_2/robot_description].
[robot_supervisor-10] [INFO] [1776778786.176257418] [robot_1.robot_supervisor]: Selected controllable event: EV_random_walk
[robot_supervisor-19] [INFO] [1776778786.178580161] [robot_4.robot_supervisor]: Selected controllable event: EV_random_walk
[INFO] [create-9]: process has finished cleanly [pid 310446]
[robot_supervisor-7] [INFO] [1776778786.212350964] [robot_0.robot_supervisor]: Selected controllable event: EV_random_walk
[create-15] [INFO] [1776778786.275390802] [robot_3.ros_gz_sim]: Requested creation of entity.
[create-15] [INFO] [1776778786.275462395] [robot_3.ros_gz_sim]: OK creation of entity.
[create-6] [INFO] [1776778786.275565329] [robot_0.ros_gz_sim]: Requested creation of entity.
[create-6] [INFO] [1776778786.275624966] [robot_0.ros_gz_sim]: OK creation of entity.
[create-12] [INFO] [1776778786.275609209] [robot_2.ros_gz_sim]: Requested creation of entity.
[create-12] [INFO] [1776778786.275670009] [robot_2.ros_gz_sim]: OK creation of entity.
[create-18] [INFO] [1776778786.276816968] [robot_4.ros_gz_sim]: Waiting messages on topic [/robot_4/robot_description].
[create-18] [INFO] [1776778786.279257220] [robot_4.ros_gz_sim]: Requested creation of entity.
[create-18] [INFO] [1776778786.279286524] [robot_4.ros_gz_sim]: OK creation of entity.
[robot_supervisor-13] [INFO] [1776778786.431504893] [robot_2.robot_supervisor]: Selected controllable event: EV_move_forward
[robot_supervisor-16] [INFO] [1776778786.468138452] [robot_3.robot_supervisor]: Selected controllable event: EV_move_forward
[robot_supervisor-10] [INFO] [1776778786.476458818] [robot_1.robot_supervisor]: Selected controllable event: EV_move_forward
[robot_supervisor-19] [INFO] [1776778786.478595367] [robot_4.robot_supervisor]: Selected controllable event: EV_move_forward
[INFO] [create-12]: process has finished cleanly [pid 310453]
[INFO] [create-15]: process has finished cleanly [pid 310459]
[INFO] [create-6]: process has finished cleanly [pid 310439]
[INFO] [create-18]: process has finished cleanly [pid 310471]
[robot_supervisor-7] [INFO] [1776778786.512342898] [robot_0.robot_supervisor]: Selected controllable event: EV_move_forward
[bump_counter-3] [INFO] [1776778786.718003880] [bump_counter]: [global] subscribed: /world/random_world/model/robot_0/link/robot_0/base_footprint/sensor/contact_sensor/contact
[bump_counter-3] [INFO] [1776778786.718718869] [bump_counter]: [global] subscribed: /world/random_world/model/robot_1/link/robot_1/base_footprint/sensor/contact_sensor/contact
[bump_counter-3] [INFO] [1776778786.719301545] [bump_counter]: [global] subscribed: /world/random_world/model/robot_2/link/robot_2/base_footprint/sensor/contact_sensor/contact
[bump_counter-3] [INFO] [1776778786.721199228] [bump_counter]: [global] subscribed: /world/random_world/model/robot_3/link/robot_3/base_footprint/sensor/contact_sensor/contact
[bump_counter-3] [INFO] [1776778786.722017151] [bump_counter]: [global] subscribed: /world/random_world/model/robot_4/link/robot_4/base_footprint/sensor/contact_sensor/contact
[INFO] [image_processor-21]: process started with pid [310824]
[INFO] [image_processor-22]: process started with pid [310826]
[INFO] [image_processor-23]: process started with pid [310828]
[INFO] [image_processor-24]: process started with pid [310830]
[INFO] [image_processor-25]: process started with pid [310832]
[image_processor-23] [INFO] [1776778787.385694349] [robot_2.image_processor]: image_processor: depth='/robot_2/depth_camera/depth_image' aruco_runtime=disabled
[image_processor-21] [INFO] [1776778787.385832520] [robot_0.image_processor]: image_processor: depth='/robot_0/depth_camera/depth_image' aruco_runtime=disabled
[image_processor-22] [INFO] [1776778787.386847947] [robot_1.image_processor]: image_processor: depth='/robot_1/depth_camera/depth_image' aruco_runtime=disabled
[image_processor-24] [INFO] [1776778787.396417228] [robot_3.image_processor]: image_processor: depth='/robot_3/depth_camera/depth_image' aruco_runtime=disabled
[image_processor-25] [INFO] [1776778787.402624024] [robot_4.image_processor]: image_processor: depth='/robot_4/depth_camera/depth_image' aruco_runtime=disabled
[image_processor-24] [INFO] [1776778790.897560396] [robot_3.image_processor]: Zone=CLEAR  left[p=0.894 near=0 v=7620]  front[p=3.072 near=0 v=13297]  right[p=2.913 near=0 v=7740]
[image_processor-23] [INFO] [1776778790.906698082] [robot_2.image_processor]: Zone=CLEAR  left[p=1.875 near=0 v=7650]  front[p=2.263 near=0 v=12349]  right[p=1.628 near=0 v=7740]
[image_processor-21] [INFO] [1776778790.914960390] [robot_0.image_processor]: Zone=CLEAR  left[p=1.026 near=0 v=7650]  front[p=1.493 near=0 v=13500]  right[p=2.221 near=0 v=7740]
[image_processor-25] [INFO] [1776778790.922491049] [robot_4.image_processor]: Zone=CLEAR  left[p=2.299 near=0 v=7157]  front[p=2.450 near=0 v=13239]  right[p=3.007 near=0 v=7740]
[image_processor-22] [INFO] [1776778790.991009358] [robot_1.image_processor]: Zone=CLEAR  left[p=3.007 near=0 v=7650]  front[p=3.426 near=0 v=13244]  right[p=2.532 near=0 v=7517]
[image_processor-22] [INFO] [1776778793.389083624] [robot_1.image_processor]: Zone=CLEAR
[image_processor-24] [INFO] [1776778793.396470736] [robot_3.image_processor]: Zone=CLEAR
[image_processor-23] [INFO] [1776778793.405240073] [robot_2.image_processor]: Zone=CLEAR
[image_processor-21] [INFO] [1776778793.413990517] [robot_0.image_processor]: Zone=CLEAR
[image_processor-25] [INFO] [1776778793.420908942] [robot_4.image_processor]: Zone=CLEAR
[image_processor-23] [INFO] [1776778795.907250853] [robot_2.image_processor]: Zone=CLEAR
[image_processor-21] [INFO] [1776778795.915706163] [robot_0.image_processor]: Zone=CLEAR
[image_processor-25] [INFO] [1776778795.923221062] [robot_4.image_processor]: Zone=CLEAR
[image_processor-22] [INFO] [1776778795.992743237] [robot_1.image_processor]: Zone=CLEAR
[image_processor-24] [INFO] [1776778796.000426996] [robot_3.image_processor]: Zone=CLEAR
[image_processor-22] [INFO] [1776778798.390371895] [robot_1.image_processor]: Zone=CLEAR
[image_processor-24] [INFO] [1776778798.399247956] [robot_3.image_processor]: Zone=CLEAR
[image_processor-23] [INFO] [1776778798.406773389] [robot_2.image_processor]: Zone=CLEAR
[image_processor-21] [INFO] [1776778798.415235763] [robot_0.image_processor]: Zone=CLEAR
[image_processor-25] [INFO] [1776778798.423945098] [robot_4.image_processor]: Zone=CLEAR
[image_processor-22] [INFO] [1776778800.888032969] [robot_1.image_processor]: Zone=CLEAR
[image_processor-24] [INFO] [1776778800.899000020] [robot_3.image_processor]: Zone=CLEAR
[image_processor-23] [INFO] [1776778800.909177379] [robot_2.image_processor]: Zone=CLEAR
[image_processor-21] [INFO] [1776778800.921399726] [robot_0.image_processor]: Zone=CLEAR
[image_processor-25] [INFO] [1776778800.928694398] [robot_4.image_processor]: Zone=CLEAR
[image_processor-22] [INFO] [1776778803.390836862] [robot_1.image_processor]: Zone=CLEAR
[image_processor-24] [INFO] [1776778803.397314458] [robot_3.image_processor]: Zone=CLEAR
[image_processor-23] [INFO] [1776778803.404203412] [robot_2.image_processor]: Zone=CLEAR
[image_processor-21] [INFO] [1776778803.413205404] [robot_0.image_processor]: Zone=CLEAR
[image_processor-25] [INFO] [1776778803.420720474] [robot_4.image_processor]: Zone=CLEAR
[image_processor-22] [INFO] [1776778805.888921038] [robot_1.image_processor]: Zone=CLEAR
[image_processor-24] [INFO] [1776778805.896911132] [robot_3.image_processor]: Zone=CLEAR
[image_processor-23] [INFO] [1776778805.905785462] [robot_2.image_processor]: Zone=CLEAR
[image_processor-21] [INFO] [1776778805.913699369] [robot_0.image_processor]: Zone=CLEAR
[image_processor-25] [INFO] [1776778805.924905489] [robot_4.image_processor]: Zone=CLEAR
[image_processor-22] [INFO] [1776778808.389536099] [robot_1.image_processor]: Zone=CLEAR
[image_processor-24] [INFO] [1776778808.397910206] [robot_3.image_processor]: Zone=CLEAR
[image_processor-21] [INFO] [1776778808.412327302] [robot_0.image_processor]: Zone=CLEAR
[image_processor-25] [INFO] [1776778808.420251541] [robot_4.image_processor]: Zone=CLEAR
[image_processor-23] [INFO] [1776778808.506285575] [robot_2.image_processor]: Zone=CLEAR
[image_processor-22] [INFO] [1776778810.889906748] [robot_1.image_processor]: Zone=CLEAR
[image_processor-24] [INFO] [1776778810.897564270] [robot_3.image_processor]: Zone=CLEAR
[image_processor-23] [INFO] [1776778810.906384322] [robot_2.image_processor]: Zone=CLEAR
[image_processor-21] [INFO] [1776778810.914079359] [robot_0.image_processor]: Zone=CLEAR
[image_processor-25] [INFO] [1776778811.022429213] [robot_4.image_processor]: Zone=CLEAR
[image_processor-22] [INFO] [1776778813.390254383] [robot_1.image_processor]: Zone=CLEAR
[image_processor-24] [INFO] [1776778813.399618405] [robot_3.image_processor]: Zone=CLEAR
[image_processor-23] [INFO] [1776778813.406217044] [robot_2.image_processor]: Zone=CLEAR
[image_processor-25] [INFO] [1776778813.421571289] [robot_4.image_processor]: Zone=CLEAR
[image_processor-21] [INFO] [1776778813.515603334] [robot_0.image_processor]: Zone=CLEAR
[image_processor-22] [INFO] [1776778815.889232004] [robot_1.image_processor]: Zone=CLEAR
[image_processor-23] [INFO] [1776778815.905647138] [robot_2.image_processor]: Zone=CLEAR
[image_processor-21] [INFO] [1776778815.911465909] [robot_0.image_processor]: Zone=CLEAR
[image_processor-25] [INFO] [1776778815.920645318] [robot_4.image_processor]: Zone=CLEAR
[image_processor-24] [INFO] [1776778815.997692322] [robot_3.image_processor]: Zone=CLEAR
[image_processor-22] [INFO] [1776778818.389517532] [robot_1.image_processor]: Zone=CLEAR
[image_processor-24] [INFO] [1776778818.398207624] [robot_3.image_processor]: Zone=CLEAR
[image_processor-23] [INFO] [1776778818.405370200] [robot_2.image_processor]: Zone=CLEAR
[image_processor-21] [INFO] [1776778818.414045387] [robot_0.image_processor]: Zone=CLEAR
[image_processor-25] [INFO] [1776778818.522241206] [robot_4.image_processor]: Zone=CLEAR
[image_processor-22] [INFO] [1776778820.891075251] [robot_1.image_processor]: Zone=CLEAR
[image_processor-24] [INFO] [1776778820.897217627] [robot_3.image_processor]: Zone=CLEAR
[image_processor-23] [INFO] [1776778820.906701656] [robot_2.image_processor]: Zone=CLEAR
[image_processor-21] [INFO] [1776778820.916894131] [robot_0.image_processor]: Zone=CLEAR
[image_processor-25] [INFO] [1776778820.924341595] [robot_4.image_processor]: Zone=CLEAR
[image_processor-22] [INFO] [1776778823.391130985] [robot_1.image_processor]: Zone=CLEAR
[image_processor-24] [INFO] [1776778823.397828287] [robot_3.image_processor]: Zone=CLEAR
[image_processor-23] [INFO] [1776778823.405636172] [robot_2.image_processor]: Zone=CLEAR
[image_processor-21] [INFO] [1776778823.414229568] [robot_0.image_processor]: Zone=CLEAR
[image_processor-25] [INFO] [1776778823.422698585] [robot_4.image_processor]: Zone=CLEAR
[image_processor-24] [INFO] [1776778825.895072119] [robot_3.image_processor]: Zone=CLEAR
[image_processor-23] [INFO] [1776778825.904295837] [robot_2.image_processor]: Zone=CLEAR
[image_processor-21] [INFO] [1776778825.912850340] [robot_0.image_processor]: Zone=CLEAR
[image_processor-25] [INFO] [1776778825.920871556] [robot_4.image_processor]: Zone=CLEAR
[image_processor-22] [INFO] [1776778825.989238926] [robot_1.image_processor]: Zone=CLEAR
[image_processor-22] [INFO] [1776778828.391235626] [robot_1.image_processor]: Zone=CLEAR
[image_processor-24] [INFO] [1776778828.400247192] [robot_3.image_processor]: Zone=CLEAR
[image_processor-23] [INFO] [1776778828.409662034] [robot_2.image_processor]: Zone=CLEAR
[image_processor-21] [INFO] [1776778828.418328990] [robot_0.image_processor]: Zone=CLEAR
[image_processor-25] [INFO] [1776778828.427308340] [robot_4.image_processor]: Zone=CLEAR
[image_processor-22] [INFO] [1776778830.889228676] [robot_1.image_processor]: Zone=CLEAR
[image_processor-24] [INFO] [1776778830.898047974] [robot_3.image_processor]: Zone=CLEAR
[image_processor-23] [INFO] [1776778830.906515766] [robot_2.image_processor]: Zone=CLEAR
[image_processor-25] [INFO] [1776778830.921394189] [robot_4.image_processor]: Zone=CLEAR
[image_processor-21] [INFO] [1776778831.015184585] [robot_0.image_processor]: Zone=CLEAR
[image_processor-22] [INFO] [1776778833.388432275] [robot_1.image_processor]: Zone=CLEAR
[image_processor-24] [INFO] [1776778833.396722271] [robot_3.image_processor]: Zone=CLEAR
[image_processor-23] [INFO] [1776778833.405008983] [robot_2.image_processor]: Zone=CLEAR
[image_processor-21] [INFO] [1776778833.413500430] [robot_0.image_processor]: Zone=CLEAR
[image_processor-25] [INFO] [1776778833.522089071] [robot_4.image_processor]: Zone=CLEAR
[image_processor-22] [INFO] [1776778835.890972765] [robot_1.image_processor]: Zone=CLEAR
[image_processor-24] [INFO] [1776778835.897068249] [robot_3.image_processor]: Zone=CLEAR
[image_processor-23] [INFO] [1776778835.905205934] [robot_2.image_processor]: Zone=CLEAR
[image_processor-25] [INFO] [1776778835.920067208] [robot_4.image_processor]: Zone=CLEAR
[image_processor-21] [INFO] [1776778836.014859191] [robot_0.image_processor]: Zone=CLEAR
[image_processor-22] [INFO] [1776778838.389523790] [robot_1.image_processor]: Zone=CLEAR
[image_processor-24] [INFO] [1776778838.397996910] [robot_3.image_processor]: Zone=CLEAR
[image_processor-23] [INFO] [1776778838.405705754] [robot_2.image_processor]: Zone=CLEAR
[image_processor-21] [INFO] [1776778838.413869684] [robot_0.image_processor]: Zone=CLEAR
[image_processor-25] [INFO] [1776778838.422206535] [robot_4.image_processor]: Zone=CLEAR
[image_processor-22] [INFO] [1776778840.889463828] [robot_1.image_processor]: Zone=CLEAR
[image_processor-24] [INFO] [1776778840.896940258] [robot_3.image_processor]: Zone=CLEAR
[image_processor-23] [INFO] [1776778840.907419861] [robot_2.image_processor]: Zone=CLEAR
[image_processor-21] [INFO] [1776778840.916423971] [robot_0.image_processor]: Zone=CLEAR
[image_processor-25] [INFO] [1776778840.924566420] [robot_4.image_processor]: Zone=CLEAR
[image_processor-22] [INFO] [1776778843.390430411] [robot_1.image_processor]: Zone=CLEAR
[image_processor-24] [INFO] [1776778843.398039645] [robot_3.image_processor]: Zone=CLEAR
[image_processor-23] [INFO] [1776778843.406719205] [robot_2.image_processor]: Zone=CLEAR
[image_processor-21] [INFO] [1776778843.415986677] [robot_0.image_processor]: Zone=CLEAR
[image_processor-25] [INFO] [1776778843.426125739] [robot_4.image_processor]: Zone=CLEAR
[image_processor-22] [INFO] [1776778845.890085526] [robot_1.image_processor]: Zone=CLEAR
[image_processor-24] [INFO] [1776778845.898913954] [robot_3.image_processor]: Zone=CLEAR
[image_processor-23] [INFO] [1776778845.906260433] [robot_2.image_processor]: Zone=CLEAR
[image_processor-25] [INFO] [1776778845.921560842] [robot_4.image_processor]: Zone=CLEAR
[image_processor-21] [INFO] [1776778846.016565030] [robot_0.image_processor]: Zone=CLEAR
[image_processor-22] [INFO] [1776778848.390782645] [robot_1.image_processor]: Zone=CLEAR
[image_processor-24] [INFO] [1776778848.399143987] [robot_3.image_processor]: Zone=CLEAR
[image_processor-23] [INFO] [1776778848.407763552] [robot_2.image_processor]: Zone=CLEAR
[image_processor-21] [INFO] [1776778848.417028600] [robot_0.image_processor]: Zone=CLEAR
[image_processor-25] [INFO] [1776778848.425298580] [robot_4.image_processor]: Zone=CLEAR
[image_processor-22] [INFO] [1776778850.890898439] [robot_1.image_processor]: Zone=CLEAR
[image_processor-24] [INFO] [1776778850.898704839] [robot_3.image_processor]: Zone=CLEAR
[image_processor-23] [INFO] [1776778850.908097514] [robot_2.image_processor]: Zone=CLEAR
[image_processor-21] [INFO] [1776778850.917164022] [robot_0.image_processor]: Zone=CLEAR
[image_processor-25] [INFO] [1776778850.925731214] [robot_4.image_processor]: Zone=CLEAR
[image_processor-24] [INFO] [1776778853.399402671] [robot_3.image_processor]: Zone=CLEAR
[image_processor-23] [INFO] [1776778853.408293375] [robot_2.image_processor]: Zone=CLEAR
[image_processor-21] [INFO] [1776778853.417256746] [robot_0.image_processor]: Zone=CLEAR
[image_processor-25] [INFO] [1776778853.425225656] [robot_4.image_processor]: Zone=CLEAR
[image_processor-22] [INFO] [1776778853.493944970] [robot_1.image_processor]: Zone=CLEAR
[image_processor-22] [INFO] [1776778855.890280168] [robot_1.image_processor]: Zone=CLEAR
[image_processor-24] [INFO] [1776778855.897153463] [robot_3.image_processor]: Zone=CLEAR
[image_processor-23] [INFO] [1776778855.906721628] [robot_2.image_processor]: Zone=CLEAR
[image_processor-21] [INFO] [1776778855.914195551] [robot_0.image_processor]: Zone=CLEAR
[image_processor-25] [INFO] [1776778855.922989330] [robot_4.image_processor]: Zone=CLEAR
[image_processor-22] [INFO] [1776778858.389828577] [robot_1.image_processor]: Zone=CLEAR
[image_processor-24] [INFO] [1776778858.398104724] [robot_3.image_processor]: Zone=CLEAR
[image_processor-21] [INFO] [1776778858.413410827] [robot_0.image_processor]: Zone=CLEAR
[image_processor-25] [INFO] [1776778858.420669516] [robot_4.image_processor]: Zone=CLEAR
[image_processor-23] [INFO] [1776778858.507180730] [robot_2.image_processor]: Zone=CLEAR
[image_processor-22] [INFO] [1776778860.889913955] [robot_1.image_processor]: Zone=CLEAR
[image_processor-24] [INFO] [1776778860.898638249] [robot_3.image_processor]: Zone=CLEAR
[image_processor-23] [INFO] [1776778860.905408960] [robot_2.image_processor]: Zone=CLEAR
[image_processor-21] [INFO] [1776778860.913662681] [robot_0.image_processor]: Zone=CLEAR
[image_processor-25] [INFO] [1776778860.922446312] [robot_4.image_processor]: Zone=CLEAR
[image_processor-22] [INFO] [1776778863.392107746] [robot_1.image_processor]: Zone=CLEAR
[image_processor-24] [INFO] [1776778863.400708654] [robot_3.image_processor]: Zone=CLEAR
[image_processor-23] [INFO] [1776778863.406334526] [robot_2.image_processor]: Zone=CLEAR
[image_processor-21] [INFO] [1776778863.414689291] [robot_0.image_processor]: Zone=CLEAR
[image_processor-25] [INFO] [1776778863.423863531] [robot_4.image_processor]: Zone=CLEAR
[image_processor-22] [INFO] [1776778865.889672487] [robot_1.image_processor]: Zone=CLEAR
[image_processor-24] [INFO] [1776778865.898181453] [robot_3.image_processor]: Zone=CLEAR
[image_processor-23] [INFO] [1776778865.906111605] [robot_2.image_processor]: Zone=CLEAR
[image_processor-21] [INFO] [1776778865.915130851] [robot_0.image_processor]: Zone=CLEAR
[image_processor-25] [INFO] [1776778865.923626769] [robot_4.image_processor]: Zone=CLEAR
[image_processor-22] [INFO] [1776778868.393704229] [robot_1.image_processor]: Zone=CLEAR
[image_processor-24] [INFO] [1776778868.400317670] [robot_3.image_processor]: Zone=CLEAR
[image_processor-23] [INFO] [1776778868.409262674] [robot_2.image_processor]: Zone=CLEAR
[image_processor-21] [INFO] [1776778868.417527064] [robot_0.image_processor]: Zone=CLEAR
[image_processor-25] [INFO] [1776778868.425194958] [robot_4.image_processor]: Zone=CLEAR
[image_processor-22] [INFO] [1776778870.887466366] [robot_1.image_processor]: Zone=CLEAR
[image_processor-24] [INFO] [1776778870.898817921] [robot_3.image_processor]: Zone=CLEAR
[image_processor-23] [INFO] [1776778870.907846507] [robot_2.image_processor]: Zone=CLEAR
[image_processor-21] [INFO] [1776778870.915877259] [robot_0.image_processor]: Zone=CLEAR
[image_processor-25] [INFO] [1776778870.925093317] [robot_4.image_processor]: Zone=CLEAR
[image_processor-22] [INFO] [1776778873.391260237] [robot_1.image_processor]: Zone=CLEAR
[image_processor-24] [INFO] [1776778873.399769406] [robot_3.image_processor]: Zone=CLEAR
[image_processor-23] [INFO] [1776778873.406415786] [robot_2.image_processor]: Zone=CLEAR
[image_processor-21] [INFO] [1776778873.414128747] [robot_0.image_processor]: Zone=CLEAR
[image_processor-25] [INFO] [1776778873.423407061] [robot_4.image_processor]: Zone=CLEAR
[image_processor-24] [INFO] [1776778875.895961369] [robot_3.image_processor]: Zone=CLEAR
[image_processor-21] [INFO] [1776778875.914598687] [robot_0.image_processor]: Zone=CLEAR
[image_processor-25] [INFO] [1776778875.920850592] [robot_4.image_processor]: Zone=CLEAR
[image_processor-22] [INFO] [1776778875.989963223] [robot_1.image_processor]: Zone=CLEAR
[image_processor-23] [INFO] [1776778876.006022727] [robot_2.image_processor]: Zone=CLEAR
[image_processor-22] [INFO] [1776778878.389659715] [robot_1.image_processor]: Zone=CLEAR
[image_processor-24] [INFO] [1776778878.396857598] [robot_3.image_processor]: Zone=CLEAR
[image_processor-23] [INFO] [1776778878.406944753] [robot_2.image_processor]: Zone=CLEAR
[image_processor-21] [INFO] [1776778878.415851129] [robot_0.image_processor]: Zone=CLEAR
[image_processor-25] [INFO] [1776778878.424613288] [robot_4.image_processor]: Zone=CLEAR
[image_processor-22] [INFO] [1776778880.891233069] [robot_1.image_processor]: Zone=CLEAR
[image_processor-24] [INFO] [1776778880.899417802] [robot_3.image_processor]: Zone=CLEAR
[image_processor-23] [INFO] [1776778880.907309703] [robot_2.image_processor]: Zone=CLEAR
[image_processor-21] [INFO] [1776778880.915339274] [robot_0.image_processor]: Zone=CLEAR
[image_processor-25] [INFO] [1776778880.923371869] [robot_4.image_processor]: Zone=CLEAR
[image_processor-24] [INFO] [1776778883.398790023] [robot_3.image_processor]: Zone=CLEAR
[image_processor-23] [INFO] [1776778883.406373433] [robot_2.image_processor]: Zone=CLEAR
[image_processor-21] [INFO] [1776778883.416101564] [robot_0.image_processor]: Zone=CLEAR
[image_processor-25] [INFO] [1776778883.424413247] [robot_4.image_processor]: Zone=CLEAR
[image_processor-22] [INFO] [1776778883.490621208] [robot_1.image_processor]: Zone=CLEAR
[image_processor-22] [INFO] [1776778885.892108552] [robot_1.image_processor]: Zone=CLEAR
[image_processor-24] [INFO] [1776778885.899418717] [robot_3.image_processor]: Zone=CLEAR
[image_processor-23] [INFO] [1776778885.907333871] [robot_2.image_processor]: Zone=CLEAR
[image_processor-21] [INFO] [1776778885.917277789] [robot_0.image_processor]: Zone=CLEAR
[image_processor-25] [INFO] [1776778885.924010763] [robot_4.image_processor]: Zone=CLEAR
[image_processor-24] [INFO] [1776778888.397755539] [robot_3.image_processor]: Zone=CLEAR
[image_processor-23] [INFO] [1776778888.406435352] [robot_2.image_processor]: Zone=CLEAR
[image_processor-21] [INFO] [1776778888.415883860] [robot_0.image_processor]: Zone=CLEAR
[image_processor-25] [INFO] [1776778888.423653549] [robot_4.image_processor]: Zone=CLEAR
[image_processor-22] [INFO] [1776778888.491207308] [robot_1.image_processor]: Zone=CLEAR
[image_processor-22] [INFO] [1776778890.889149491] [robot_1.image_processor]: Zone=CLEAR
[image_processor-24] [INFO] [1776778890.897993305] [robot_3.image_processor]: Zone=CLEAR
[image_processor-23] [INFO] [1776778890.905220308] [robot_2.image_processor]: Zone=CLEAR
[image_processor-21] [INFO] [1776778890.913596542] [robot_0.image_processor]: Zone=CLEAR
[image_processor-25] [INFO] [1776778890.922199340] [robot_4.image_processor]: Zone=CLEAR
[image_processor-22] [INFO] [1776778893.390509928] [robot_1.image_processor]: Zone=CLEAR
[image_processor-24] [INFO] [1776778893.398338871] [robot_3.image_processor]: Zone=CLEAR
[image_processor-21] [INFO] [1776778893.415649512] [robot_0.image_processor]: Zone=CLEAR
[image_processor-25] [INFO] [1776778893.423690897] [robot_4.image_processor]: Zone=CLEAR
[image_processor-23] [INFO] [1776778893.507734960] [robot_2.image_processor]: Zone=CLEAR
[image_processor-22] [INFO] [1776778895.888611986] [robot_1.image_processor]: Zone=CLEAR
[image_processor-24] [INFO] [1776778895.897785279] [robot_3.image_processor]: Zone=CLEAR
[image_processor-23] [INFO] [1776778895.906481587] [robot_2.image_processor]: Zone=CLEAR
[image_processor-21] [INFO] [1776778895.913954045] [robot_0.image_processor]: Zone=CLEAR
[image_processor-25] [INFO] [1776778895.923023689] [robot_4.image_processor]: Zone=CLEAR
[image_processor-22] [INFO] [1776778898.390446706] [robot_1.image_processor]: Zone=CLEAR
[image_processor-24] [INFO] [1776778898.399343763] [robot_3.image_processor]: Zone=CLEAR
[image_processor-23] [INFO] [1776778898.406962903] [robot_2.image_processor]: Zone=CLEAR
[image_processor-21] [INFO] [1776778898.416160461] [robot_0.image_processor]: Zone=CLEAR
[image_processor-25] [INFO] [1776778898.424834929] [robot_4.image_processor]: Zone=CLEAR
[image_processor-22] [INFO] [1776778900.890069270] [robot_1.image_processor]: Zone=CLEAR
[image_processor-24] [INFO] [1776778900.896894392] [robot_3.image_processor]: Zone=CLEAR
[image_processor-23] [INFO] [1776778900.906180885] [robot_2.image_processor]: Zone=CLEAR
[image_processor-21] [INFO] [1776778900.914899143] [robot_0.image_processor]: Zone=CLEAR
[image_processor-25] [INFO] [1776778900.922655050] [robot_4.image_processor]: Zone=CLEAR
[image_processor-22] [INFO] [1776778903.389081629] [robot_1.image_processor]: Zone=CLEAR
[image_processor-24] [INFO] [1776778903.398027665] [robot_3.image_processor]: Zone=CLEAR
[image_processor-23] [INFO] [1776778903.404484443] [robot_2.image_processor]: Zone=CLEAR
[image_processor-21] [INFO] [1776778903.414109505] [robot_0.image_processor]: Zone=CLEAR
[image_processor-25] [INFO] [1776778903.422482940] [robot_4.image_processor]: Zone=CLEAR
[image_processor-22] [INFO] [1776778905.890074540] [robot_1.image_processor]: Zone=CLEAR
[image_processor-24] [INFO] [1776778905.897849182] [robot_3.image_processor]: Zone=CLEAR
[image_processor-23] [INFO] [1776778905.906500620] [robot_2.image_processor]: Zone=CLEAR
[image_processor-21] [INFO] [1776778905.916407196] [robot_0.image_processor]: Zone=CLEAR
[image_processor-25] [INFO] [1776778906.031867491] [robot_4.image_processor]: Zone=CLEAR
[image_processor-22] [INFO] [1776778908.389071665] [robot_1.image_processor]: Zone=CLEAR
[image_processor-24] [INFO] [1776778908.397389863] [robot_3.image_processor]: Zone=CLEAR
[image_processor-23] [INFO] [1776778908.405486565] [robot_2.image_processor]: Zone=CLEAR
[image_processor-21] [INFO] [1776778908.413705206] [robot_0.image_processor]: Zone=CLEAR
[image_processor-25] [INFO] [1776778908.422596541] [robot_4.image_processor]: Zone=CLEAR
[image_processor-22] [INFO] [1776778910.889226635] [robot_1.image_processor]: Zone=CLEAR
[image_processor-24] [INFO] [1776778910.898626135] [robot_3.image_processor]: Zone=CLEAR
[image_processor-23] [INFO] [1776778910.907923167] [robot_2.image_processor]: Zone=CLEAR
[image_processor-21] [INFO] [1776778910.915280413] [robot_0.image_processor]: Zone=CLEAR
[image_processor-25] [INFO] [1776778910.925925612] [robot_4.image_processor]: Zone=CLEAR
[image_processor-22] [INFO] [1776778913.389522506] [robot_1.image_processor]: Zone=CLEAR
[image_processor-24] [INFO] [1776778913.397691928] [robot_3.image_processor]: Zone=CLEAR
[image_processor-23] [INFO] [1776778913.406132551] [robot_2.image_processor]: Zone=CLEAR
[image_processor-21] [INFO] [1776778913.414995999] [robot_0.image_processor]: Zone=CLEAR
[image_processor-25] [INFO] [1776778913.422860719] [robot_4.image_processor]: Zone=CLEAR
[image_processor-22] [INFO] [1776778915.888717422] [robot_1.image_processor]: Zone=CLEAR
[image_processor-24] [INFO] [1776778915.896325413] [robot_3.image_processor]: Zone=CLEAR
[image_processor-23] [INFO] [1776778915.904950095] [robot_2.image_processor]: Zone=CLEAR
[image_processor-21] [INFO] [1776778915.914391921] [robot_0.image_processor]: Zone=CLEAR
[image_processor-25] [INFO] [1776778915.923342784] [robot_4.image_processor]: Zone=CLEAR
[image_processor-22] [INFO] [1776778918.387995103] [robot_1.image_processor]: Zone=CLEAR
[image_processor-24] [INFO] [1776778918.395013401] [robot_3.image_processor]: Zone=CLEAR
[image_processor-23] [INFO] [1776778918.401938622] [robot_2.image_processor]: Zone=CLEAR
[image_processor-21] [INFO] [1776778918.410042212] [robot_0.image_processor]: Zone=CLEAR
[image_processor-25] [INFO] [1776778918.418262359] [robot_4.image_processor]: Zone=CLEAR
[image_processor-22] [INFO] [1776778920.889108737] [robot_1.image_processor]: Zone=CLEAR
[image_processor-24] [INFO] [1776778920.897015296] [robot_3.image_processor]: Zone=CLEAR
[image_processor-23] [INFO] [1776778920.904288941] [robot_2.image_processor]: Zone=CLEAR
[image_processor-21] [INFO] [1776778920.913356632] [robot_0.image_processor]: Zone=CLEAR
[image_processor-25] [INFO] [1776778920.921040509] [robot_4.image_processor]: Zone=CLEAR
[image_processor-22] [INFO] [1776778923.388970404] [robot_1.image_processor]: Zone=CLEAR
[image_processor-24] [INFO] [1776778923.397462035] [robot_3.image_processor]: Zone=CLEAR
[image_processor-23] [INFO] [1776778923.405299352] [robot_2.image_processor]: Zone=CLEAR
[image_processor-21] [INFO] [1776778923.415479761] [robot_0.image_processor]: Zone=CLEAR
[image_processor-25] [INFO] [1776778923.423599403] [robot_4.image_processor]: Zone=CLEAR
[image_processor-22] [INFO] [1776778925.889629067] [robot_1.image_processor]: Zone=CLEAR
[image_processor-24] [INFO] [1776778925.897961991] [robot_3.image_processor]: Zone=CLEAR
[image_processor-23] [INFO] [1776778925.906781578] [robot_2.image_processor]: Zone=CLEAR
[image_processor-21] [INFO] [1776778925.914489919] [robot_0.image_processor]: Zone=CLEAR
[image_processor-25] [INFO] [1776778925.922314147] [robot_4.image_processor]: Zone=CLEAR
[image_processor-22] [INFO] [1776778928.387771399] [robot_1.image_processor]: Zone=CLEAR
[image_processor-24] [INFO] [1776778928.395919845] [robot_3.image_processor]: Zone=CLEAR
[image_processor-21] [INFO] [1776778928.412874641] [robot_0.image_processor]: Zone=CLEAR
[image_processor-25] [INFO] [1776778928.420020772] [robot_4.image_processor]: Zone=CLEAR
[image_processor-23] [INFO] [1776778928.506112631] [robot_2.image_processor]: Zone=CLEAR
[image_processor-22] [INFO] [1776778930.891050839] [robot_1.image_processor]: Zone=CLEAR
[image_processor-24] [INFO] [1776778930.900725323] [robot_3.image_processor]: Zone=CLEAR
[image_processor-23] [INFO] [1776778930.910012883] [robot_2.image_processor]: Zone=CLEAR
[image_processor-25] [INFO] [1776778930.925084085] [robot_4.image_processor]: Zone=CLEAR
[image_processor-21] [INFO] [1776778931.019657333] [robot_0.image_processor]: Zone=CLEAR
[image_processor-22] [INFO] [1776778933.389702779] [robot_1.image_processor]: Zone=CLEAR
[image_processor-24] [INFO] [1776778933.399260992] [robot_3.image_processor]: Zone=CLEAR
[image_processor-23] [INFO] [1776778933.406778252] [robot_2.image_processor]: Zone=CLEAR
[image_processor-21] [INFO] [1776778933.418725527] [robot_0.image_processor]: Zone=CLEAR
[image_processor-25] [INFO] [1776778933.427234711] [robot_4.image_processor]: Zone=CLEAR
[image_processor-22] [INFO] [1776778935.893110280] [robot_1.image_processor]: Zone=CLEAR
[image_processor-24] [INFO] [1776778935.903051447] [robot_3.image_processor]: Zone=CLEAR
[image_processor-21] [INFO] [1776778935.920171289] [robot_0.image_processor]: Zone=CLEAR
[image_processor-25] [INFO] [1776778935.929405849] [robot_4.image_processor]: Zone=CLEAR
[image_processor-23] [INFO] [1776778936.015308749] [robot_2.image_processor]: Zone=CLEAR
[image_processor-22] [INFO] [1776778938.390364018] [robot_1.image_processor]: Zone=CLEAR
[image_processor-24] [INFO] [1776778938.397586135] [robot_3.image_processor]: Zone=CLEAR
[image_processor-23] [INFO] [1776778938.405407251] [robot_2.image_processor]: Zone=CLEAR
[image_processor-21] [INFO] [1776778938.417127147] [robot_0.image_processor]: Zone=CLEAR
[image_processor-25] [INFO] [1776778938.426964522] [robot_4.image_processor]: Zone=CLEAR
[image_processor-22] [INFO] [1776778940.889405386] [robot_1.image_processor]: Zone=CLEAR
[image_processor-24] [INFO] [1776778940.896951762] [robot_3.image_processor]: Zone=CLEAR
[image_processor-23] [INFO] [1776778940.908827224] [robot_2.image_processor]: Zone=CLEAR
[image_processor-21] [INFO] [1776778940.917787158] [robot_0.image_processor]: Zone=CLEAR
[image_processor-25] [INFO] [1776778940.926447417] [robot_4.image_processor]: Zone=CLEAR
[image_processor-22] [INFO] [1776778943.389852369] [robot_1.image_processor]: Zone=CLEAR
[image_processor-23] [INFO] [1776778943.407364065] [robot_2.image_processor]: Zone=CLEAR
[image_processor-21] [INFO] [1776778943.416018312] [robot_0.image_processor]: Zone=CLEAR
[image_processor-24] [INFO] [1776778943.500238409] [robot_3.image_processor]: Zone=CLEAR
[image_processor-25] [INFO] [1776778943.526772200] [robot_4.image_processor]: Zone=CLEAR
[image_processor-22] [INFO] [1776778945.888260183] [robot_1.image_processor]: Zone=CLEAR
[image_processor-24] [INFO] [1776778945.895439667] [robot_3.image_processor]: Zone=CLEAR
[image_processor-23] [INFO] [1776778945.904024404] [robot_2.image_processor]: Zone=CLEAR
[image_processor-21] [INFO] [1776778945.913127593] [robot_0.image_processor]: Zone=CLEAR
[image_processor-25] [INFO] [1776778945.922411579] [robot_4.image_processor]: Zone=CLEAR
[image_processor-24] [INFO] [1776778948.395698468] [robot_3.image_processor]: Zone=CLEAR
[image_processor-23] [INFO] [1776778948.407282458] [robot_2.image_processor]: Zone=CLEAR
[image_processor-21] [INFO] [1776778948.415209519] [robot_0.image_processor]: Zone=CLEAR
[image_processor-25] [INFO] [1776778948.423574090] [robot_4.image_processor]: Zone=CLEAR
[image_processor-22] [INFO] [1776778948.488645620] [robot_1.image_processor]: Zone=CLEAR
[image_processor-22] [INFO] [1776778950.888598782] [robot_1.image_processor]: Zone=CLEAR
[image_processor-24] [INFO] [1776778950.896595503] [robot_3.image_processor]: Zone=CLEAR
[image_processor-23] [INFO] [1776778950.904552537] [robot_2.image_processor]: Zone=CLEAR
[image_processor-21] [INFO] [1776778950.912605306] [robot_0.image_processor]: Zone=CLEAR
[image_processor-25] [INFO] [1776778950.921613222] [robot_4.image_processor]: Zone=CLEAR
[image_processor-22] [INFO] [1776778953.387516438] [robot_1.image_processor]: Zone=CLEAR
[image_processor-24] [INFO] [1776778953.395245755] [robot_3.image_processor]: Zone=CLEAR
[image_processor-23] [INFO] [1776778953.403185795] [robot_2.image_processor]: Zone=CLEAR
[image_processor-21] [INFO] [1776778953.412435883] [robot_0.image_processor]: Zone=CLEAR
[image_processor-25] [INFO] [1776778953.420388546] [robot_4.image_processor]: Zone=CLEAR
[image_processor-24] [INFO] [1776778955.897980255] [robot_3.image_processor]: Zone=CLEAR
[image_processor-23] [INFO] [1776778955.906086985] [robot_2.image_processor]: Zone=CLEAR
[image_processor-21] [INFO] [1776778955.916527526] [robot_0.image_processor]: Zone=CLEAR
[image_processor-22] [INFO] [1776778955.991913873] [robot_1.image_processor]: Zone=CLEAR
[image_processor-25] [INFO] [1776778956.025270276] [robot_4.image_processor]: Zone=CLEAR
[image_processor-22] [INFO] [1776778958.389437574] [robot_1.image_processor]: Zone=CLEAR
[image_processor-24] [INFO] [1776778958.398728589] [robot_3.image_processor]: Zone=CLEAR
[image_processor-23] [INFO] [1776778958.405162782] [robot_2.image_processor]: Zone=CLEAR
[image_processor-21] [INFO] [1776778958.413898708] [robot_0.image_processor]: Zone=CLEAR
[image_processor-25] [INFO] [1776778958.422818527] [robot_4.image_processor]: Zone=CLEAR
[image_processor-22] [INFO] [1776778960.889555594] [robot_1.image_processor]: Zone=CLEAR
[image_processor-24] [INFO] [1776778960.898820088] [robot_3.image_processor]: Zone=CLEAR
[image_processor-23] [INFO] [1776778960.908131000] [robot_2.image_processor]: Zone=CLEAR
[image_processor-21] [INFO] [1776778960.916429995] [robot_0.image_processor]: Zone=CLEAR
[image_processor-25] [INFO] [1776778960.926101441] [robot_4.image_processor]: Zone=CLEAR
[image_processor-22] [INFO] [1776778963.390561874] [robot_1.image_processor]: Zone=CLEAR
[image_processor-24] [INFO] [1776778963.397899124] [robot_3.image_processor]: Zone=CLEAR
[image_processor-23] [INFO] [1776778963.406848176] [robot_2.image_processor]: Zone=CLEAR
[image_processor-21] [INFO] [1776778963.415512320] [robot_0.image_processor]: Zone=CLEAR
[image_processor-25] [INFO] [1776778963.424966681] [robot_4.image_processor]: Zone=CLEAR
[image_processor-22] [INFO] [1776778965.888832132] [robot_1.image_processor]: Zone=CLEAR
[image_processor-24] [INFO] [1776778965.896110913] [robot_3.image_processor]: Zone=CLEAR
[image_processor-21] [INFO] [1776778965.911657417] [robot_0.image_processor]: Zone=CLEAR
[image_processor-25] [INFO] [1776778965.919531156] [robot_4.image_processor]: Zone=CLEAR
[image_processor-23] [INFO] [1776778966.004961103] [robot_2.image_processor]: Zone=CLEAR
[image_processor-22] [INFO] [1776778968.389652286] [robot_1.image_processor]: Zone=CLEAR
[image_processor-24] [INFO] [1776778968.396863542] [robot_3.image_processor]: Zone=CLEAR
[image_processor-23] [INFO] [1776778968.404699815] [robot_2.image_processor]: Zone=CLEAR
[image_processor-21] [INFO] [1776778968.413299121] [robot_0.image_processor]: Zone=CLEAR
[image_processor-25] [INFO] [1776778968.422077721] [robot_4.image_processor]: Zone=CLEAR
[image_processor-22] [INFO] [1776778970.888635472] [robot_1.image_processor]: Zone=CLEAR
[image_processor-24] [INFO] [1776778970.896366529] [robot_3.image_processor]: Zone=CLEAR
[image_processor-23] [INFO] [1776778970.905055289] [robot_2.image_processor]: Zone=CLEAR
[image_processor-21] [INFO] [1776778970.913564964] [robot_0.image_processor]: Zone=CLEAR
[image_processor-25] [INFO] [1776778970.920693124] [robot_4.image_processor]: Zone=CLEAR
[image_processor-22] [INFO] [1776778973.389535433] [robot_1.image_processor]: Zone=CLEAR
[image_processor-24] [INFO] [1776778973.396516553] [robot_3.image_processor]: Zone=CLEAR
[image_processor-23] [INFO] [1776778973.404787816] [robot_2.image_processor]: Zone=CLEAR
[image_processor-21] [INFO] [1776778973.412917566] [robot_0.image_processor]: Zone=CLEAR
[image_processor-25] [INFO] [1776778973.420789463] [robot_4.image_processor]: Zone=CLEAR
[image_processor-24] [INFO] [1776778975.899691838] [robot_3.image_processor]: Zone=CLEAR
[image_processor-23] [INFO] [1776778975.908325743] [robot_2.image_processor]: Zone=CLEAR
[image_processor-21] [INFO] [1776778975.918112695] [robot_0.image_processor]: Zone=CLEAR
[image_processor-25] [INFO] [1776778975.926084853] [robot_4.image_processor]: Zone=CLEAR
[image_processor-22] [INFO] [1776778975.994689891] [robot_1.image_processor]: Zone=CLEAR
[image_processor-22] [INFO] [1776778978.390473247] [robot_1.image_processor]: Zone=CLEAR
[image_processor-24] [INFO] [1776778978.397664075] [robot_3.image_processor]: Zone=CLEAR
[image_processor-23] [INFO] [1776778978.406195932] [robot_2.image_processor]: Zone=CLEAR
[image_processor-21] [INFO] [1776778978.414198216] [robot_0.image_processor]: Zone=CLEAR
[image_processor-25] [INFO] [1776778978.423333020] [robot_4.image_processor]: Zone=CLEAR
[image_processor-22] [INFO] [1776778980.891493295] [robot_1.image_processor]: Zone=CLEAR
[image_processor-23] [INFO] [1776778980.907742184] [robot_2.image_processor]: Zone=CLEAR
[image_processor-21] [INFO] [1776778980.916935998] [robot_0.image_processor]: Zone=CLEAR
[image_processor-25] [INFO] [1776778980.924316392] [robot_4.image_processor]: Zone=CLEAR
[image_processor-24] [INFO] [1776778981.001043190] [robot_3.image_processor]: Zone=CLEAR
[image_processor-22] [INFO] [1776778983.389338851] [robot_1.image_processor]: Zone=CLEAR
[image_processor-24] [INFO] [1776778983.397250483] [robot_3.image_processor]: Zone=CLEAR
[image_processor-23] [INFO] [1776778983.406348107] [robot_2.image_processor]: Zone=CLEAR
[image_processor-25] [INFO] [1776778983.421284893] [robot_4.image_processor]: Zone=CLEAR
[image_processor-21] [INFO] [1776778983.514874107] [robot_0.image_processor]: Zone=CLEAR
[INFO] [image_processor-25]: sending signal 'SIGINT' to process[image_processor-25]
[ERROR] [ign gazebo-1]: process has died [pid 310428, exit code -15, cmd 'ruby /usr/bin/ign gazebo /home/ecem/ros2_ws/install/swarm_basics/share/swarm_basics/worlds/random_world.sdf -s -r --force-version 6'].
[ERROR] [parameter_bridge-4]: process has died [pid 310435, exit code -15, cmd '/opt/ros/humble/lib/ros_ign_bridge/parameter_bridge /robot_0/cmd_vel@geometry_msgs/msg/Twist]ignition.msgs.Twist /robot_0/odom@nav_msgs/msg/Odometry[ignition.msgs.Odometry /robot_0/depth_camera/depth_image@sensor_msgs/msg/Image[ignition.msgs.Image /world/random_world/model/robot_0/link/robot_0/base_footprint/sensor/contact_sensor/contact@ros_gz_interfaces/msg/Contacts[ignition.msgs.Contacts /robot_1/cmd_vel@geometry_msgs/msg/Twist]ignition.msgs.Twist /robot_1/odom@nav_msgs/msg/Odometry[ignition.msgs.Odometry /robot_1/depth_camera/depth_image@sensor_msgs/msg/Image[ignition.msgs.Image /world/random_world/model/robot_1/link/robot_1/base_footprint/sensor/contact_sensor/contact@ros_gz_interfaces/msg/Contacts[ignition.msgs.Contacts /robot_2/cmd_vel@geometry_msgs/msg/Twist]ignition.msgs.Twist /robot_2/odom@nav_msgs/msg/Odometry[ignition.msgs.Odometry /robot_2/depth_camera/depth_image@sensor_msgs/msg/Image[ignition.msgs.Image /world/random_world/model/robot_2/link/robot_2/base_footprint/sensor/contact_sensor/contact@ros_gz_interfaces/msg/Contacts[ignition.msgs.Contacts /robot_3/cmd_vel@geometry_msgs/msg/Twist]ignition.msgs.Twist /robot_3/odom@nav_msgs/msg/Odometry[ignition.msgs.Odometry /robot_3/depth_camera/depth_image@sensor_msgs/msg/Image[ignition.msgs.Image /world/random_world/model/robot_3/link/robot_3/base_footprint/sensor/contact_sensor/contact@ros_gz_interfaces/msg/Contacts[ignition.msgs.Contacts /robot_4/cmd_vel@geometry_msgs/msg/Twist]ignition.msgs.Twist /robot_4/odom@nav_msgs/msg/Odometry[ignition.msgs.Odometry /robot_4/depth_camera/depth_image@sensor_msgs/msg/Image[ignition.msgs.Image /world/random_world/model/robot_4/link/robot_4/base_footprint/sensor/contact_sensor/contact@ros_gz_interfaces/msg/Contacts[ignition.msgs.Contacts /world/random_world/dynamic_pose/info@tf2_msgs/msg/TFMessage[ignition.msgs.Pose_V --ros-args -r __node:=all_robots_bridge --params-file /tmp/launch_params_d4na8mkx'].
[INFO] [parameter_bridge-20]: process has finished cleanly [pid 310475]
[INFO] [image_processor-24]: sending signal 'SIGINT' to process[image_processor-24]
[INFO] [bash-26]: process started with pid [310993]
[INFO] [image_processor-23]: sending signal 'SIGINT' to process[image_processor-23]
[INFO] [image_processor-22]: sending signal 'SIGINT' to process[image_processor-22]
[INFO] [image_processor-21]: sending signal 'SIGINT' to process[image_processor-21]
[INFO] [robot_supervisor-19]: sending signal 'SIGINT' to process[robot_supervisor-19]
[INFO] [robot_state_publisher-17]: sending signal 'SIGINT' to process[robot_state_publisher-17]
[INFO] [robot_supervisor-16]: sending signal 'SIGINT' to process[robot_supervisor-16]
[INFO] [robot_state_publisher-14]: sending signal 'SIGINT' to process[robot_state_publisher-14]
[INFO] [robot_supervisor-13]: sending signal 'SIGINT' to process[robot_supervisor-13]
[ERROR] [bash-26]: process has died [pid 310993, exit code -15, cmd 'bash -lc pkill -f parameter_bridge || true'].
[INFO] [robot_state_publisher-11]: sending signal 'SIGINT' to process[robot_state_publisher-11]
[INFO] [robot_supervisor-10]: sending signal 'SIGINT' to process[robot_supervisor-10]
[INFO] [robot_state_publisher-8]: sending signal 'SIGINT' to process[robot_state_publisher-8]
[INFO] [robot_supervisor-7]: sending signal 'SIGINT' to process[robot_supervisor-7]
[INFO] [robot_state_publisher-5]: sending signal 'SIGINT' to process[robot_state_publisher-5]
[INFO] [bump_counter-3]: sending signal 'SIGINT' to process[bump_counter-3]
[INFO] [coverage_counter-2]: sending signal 'SIGINT' to process[coverage_counter-2]
[parameter_bridge-4] [INFO] [1776778985.398301281] [rclcpp]: signal_handler(SIGINT/SIGTERM)
[parameter_bridge-20] [INFO] [1776778985.398229685] [rclcpp]: signal_handler(SIGINT/SIGTERM)
[INFO] [launch]: process[ign gazebo-1] was required: shutting down launched system
[image_processor-25] [INFO] [1776778986.075144748] [rclcpp]: signal_handler(SIGINT/SIGTERM)
[image_processor-24] [INFO] [1776778986.079807444] [rclcpp]: signal_handler(SIGINT/SIGTERM)
[image_processor-23] [INFO] [1776778986.083577492] [rclcpp]: signal_handler(SIGINT/SIGTERM)
[image_processor-22] [INFO] [1776778986.087002194] [rclcpp]: signal_handler(SIGINT/SIGTERM)
[image_processor-21] [INFO] [1776778986.089223038] [rclcpp]: signal_handler(SIGINT/SIGTERM)
[robot_supervisor-19] Traceback (most recent call last):
[robot_supervisor-19]   File "/home/ecem/ros2_ws/install/swarm_basics/lib/swarm_basics/robot_supervisor", line 33, in <module>
[robot_supervisor-19]     sys.exit(load_entry_point('swarm-basics==0.0.0', 'console_scripts', 'robot_supervisor')())
[robot_supervisor-19]   File "/home/ecem/ros2_ws/install/swarm_basics/lib/python3.10/site-packages/swarm_basics/robot_supervisor.py", line 867, in main
[robot_supervisor-19]     rclpy.spin(node)
[robot_supervisor-19]   File "/opt/ros/humble/local/lib/python3.10/dist-packages/rclpy/__init__.py", line 229, in spin
[robot_supervisor-19]     executor.spin_once()
[robot_supervisor-19]   File "/opt/ros/humble/local/lib/python3.10/dist-packages/rclpy/executors.py", line 773, in spin_once
[robot_supervisor-19]     self._spin_once_impl(timeout_sec)
[robot_supervisor-19]   File "/opt/ros/humble/local/lib/python3.10/dist-packages/rclpy/executors.py", line 762, in _spin_once_impl
[robot_supervisor-19]     handler, entity, node = self.wait_for_ready_callbacks(timeout_sec=timeout_sec)
[robot_supervisor-19]   File "/opt/ros/humble/local/lib/python3.10/dist-packages/rclpy/executors.py", line 745, in wait_for_ready_callbacks
[robot_supervisor-19]     return next(self._cb_iter)
[robot_supervisor-19]   File "/opt/ros/humble/local/lib/python3.10/dist-packages/rclpy/executors.py", line 642, in _wait_for_ready_callbacks
[robot_supervisor-19]     wait_set.wait(timeout_nsec)
[robot_supervisor-19] KeyboardInterrupt
[robot_state_publisher-17] [INFO] [1776778986.096127970] [rclcpp]: signal_handler(SIGINT/SIGTERM)
[robot_supervisor-16] Traceback (most recent call last):
[robot_supervisor-16]   File "/home/ecem/ros2_ws/install/swarm_basics/lib/swarm_basics/robot_supervisor", line 33, in <module>
[robot_supervisor-16]     sys.exit(load_entry_point('swarm-basics==0.0.0', 'console_scripts', 'robot_supervisor')())
[robot_supervisor-16]   File "/home/ecem/ros2_ws/install/swarm_basics/lib/python3.10/site-packages/swarm_basics/robot_supervisor.py", line 867, in main
[robot_supervisor-16]     rclpy.spin(node)
[robot_supervisor-16]   File "/opt/ros/humble/local/lib/python3.10/dist-packages/rclpy/__init__.py", line 229, in spin
[robot_supervisor-16]     executor.spin_once()
[robot_supervisor-16]   File "/opt/ros/humble/local/lib/python3.10/dist-packages/rclpy/executors.py", line 773, in spin_once
[robot_supervisor-16]     self._spin_once_impl(timeout_sec)
[robot_supervisor-16]   File "/opt/ros/humble/local/lib/python3.10/dist-packages/rclpy/executors.py", line 762, in _spin_once_impl
[robot_supervisor-16]     handler, entity, node = self.wait_for_ready_callbacks(timeout_sec=timeout_sec)
[robot_supervisor-16]   File "/opt/ros/humble/local/lib/python3.10/dist-packages/rclpy/executors.py", line 745, in wait_for_ready_callbacks
[robot_supervisor-16]     return next(self._cb_iter)
[robot_supervisor-16]   File "/opt/ros/humble/local/lib/python3.10/dist-packages/rclpy/executors.py", line 642, in _wait_for_ready_callbacks
[robot_supervisor-16]     wait_set.wait(timeout_nsec)
[robot_supervisor-16] KeyboardInterrupt
[robot_state_publisher-14] [INFO] [1776778986.105025647] [rclcpp]: signal_handler(SIGINT/SIGTERM)
[robot_supervisor-13] Traceback (most recent call last):
[robot_supervisor-13]   File "/home/ecem/ros2_ws/install/swarm_basics/lib/swarm_basics/robot_supervisor", line 33, in <module>
[robot_supervisor-13]     sys.exit(load_entry_point('swarm-basics==0.0.0', 'console_scripts', 'robot_supervisor')())
[robot_supervisor-13]   File "/home/ecem/ros2_ws/install/swarm_basics/lib/python3.10/site-packages/swarm_basics/robot_supervisor.py", line 867, in main
[robot_supervisor-13]     rclpy.spin(node)
[robot_supervisor-13]   File "/opt/ros/humble/local/lib/python3.10/dist-packages/rclpy/__init__.py", line 229, in spin
[robot_supervisor-13]     executor.spin_once()
[robot_supervisor-13]   File "/opt/ros/humble/local/lib/python3.10/dist-packages/rclpy/executors.py", line 773, in spin_once
[robot_supervisor-13]     self._spin_once_impl(timeout_sec)
[robot_supervisor-13]   File "/opt/ros/humble/local/lib/python3.10/dist-packages/rclpy/executors.py", line 762, in _spin_once_impl
[robot_supervisor-13]     handler, entity, node = self.wait_for_ready_callbacks(timeout_sec=timeout_sec)
[robot_supervisor-13]   File "/opt/ros/humble/local/lib/python3.10/dist-packages/rclpy/executors.py", line 745, in wait_for_ready_callbacks
[robot_supervisor-13]     return next(self._cb_iter)
[robot_supervisor-13]   File "/opt/ros/humble/local/lib/python3.10/dist-packages/rclpy/executors.py", line 642, in _wait_for_ready_callbacks
[robot_supervisor-13]     wait_set.wait(timeout_nsec)
[robot_supervisor-13] KeyboardInterrupt
[robot_state_publisher-11] [INFO] [1776778986.114731955] [rclcpp]: signal_handler(SIGINT/SIGTERM)
[robot_supervisor-10] Traceback (most recent call last):
[robot_supervisor-10]   File "/home/ecem/ros2_ws/install/swarm_basics/lib/swarm_basics/robot_supervisor", line 33, in <module>
[robot_supervisor-10]     sys.exit(load_entry_point('swarm-basics==0.0.0', 'console_scripts', 'robot_supervisor')())
[robot_supervisor-10]   File "/home/ecem/ros2_ws/install/swarm_basics/lib/python3.10/site-packages/swarm_basics/robot_supervisor.py", line 867, in main
[robot_supervisor-10]     rclpy.spin(node)
[robot_supervisor-10]   File "/opt/ros/humble/local/lib/python3.10/dist-packages/rclpy/__init__.py", line 229, in spin
[robot_supervisor-10]     executor.spin_once()
[robot_supervisor-10]   File "/opt/ros/humble/local/lib/python3.10/dist-packages/rclpy/executors.py", line 773, in spin_once
[robot_supervisor-10]     self._spin_once_impl(timeout_sec)
[robot_supervisor-10]   File "/opt/ros/humble/local/lib/python3.10/dist-packages/rclpy/executors.py", line 762, in _spin_once_impl
[robot_supervisor-10]     handler, entity, node = self.wait_for_ready_callbacks(timeout_sec=timeout_sec)
[robot_supervisor-10]   File "/opt/ros/humble/local/lib/python3.10/dist-packages/rclpy/executors.py", line 745, in wait_for_ready_callbacks
[robot_supervisor-10]     return next(self._cb_iter)
[robot_supervisor-10]   File "/opt/ros/humble/local/lib/python3.10/dist-packages/rclpy/executors.py", line 642, in _wait_for_ready_callbacks
[robot_supervisor-10]     wait_set.wait(timeout_nsec)
[robot_supervisor-10] KeyboardInterrupt
[robot_state_publisher-8] [INFO] [1776778986.123607039] [rclcpp]: signal_handler(SIGINT/SIGTERM)
[robot_supervisor-7] Traceback (most recent call last):
[robot_supervisor-7]   File "/home/ecem/ros2_ws/install/swarm_basics/lib/swarm_basics/robot_supervisor", line 33, in <module>
[robot_supervisor-7]     sys.exit(load_entry_point('swarm-basics==0.0.0', 'console_scripts', 'robot_supervisor')())
[robot_supervisor-7]   File "/home/ecem/ros2_ws/install/swarm_basics/lib/python3.10/site-packages/swarm_basics/robot_supervisor.py", line 867, in main
[robot_supervisor-7]     rclpy.spin(node)
[robot_supervisor-7]   File "/opt/ros/humble/local/lib/python3.10/dist-packages/rclpy/__init__.py", line 229, in spin
[robot_supervisor-7]     executor.spin_once()
[robot_supervisor-7]   File "/opt/ros/humble/local/lib/python3.10/dist-packages/rclpy/executors.py", line 773, in spin_once
[robot_supervisor-7]     self._spin_once_impl(timeout_sec)
[robot_supervisor-7]   File "/opt/ros/humble/local/lib/python3.10/dist-packages/rclpy/executors.py", line 762, in _spin_once_impl
[robot_supervisor-7]     handler, entity, node = self.wait_for_ready_callbacks(timeout_sec=timeout_sec)
[robot_supervisor-7]   File "/opt/ros/humble/local/lib/python3.10/dist-packages/rclpy/executors.py", line 745, in wait_for_ready_callbacks
[robot_supervisor-7]     return next(self._cb_iter)
[robot_supervisor-7]   File "/opt/ros/humble/local/lib/python3.10/dist-packages/rclpy/executors.py", line 642, in _wait_for_ready_callbacks
[robot_supervisor-7]     wait_set.wait(timeout_nsec)
[robot_supervisor-7] KeyboardInterrupt
[robot_state_publisher-5] [INFO] [1776778986.132476137] [rclcpp]: signal_handler(SIGINT/SIGTERM)
[ERROR] [launch]: Caught exception in launch (see debug for traceback): ExecuteLocal action 'bash-27': executed more than once: <launch.actions.execute_process.ExecuteProcess object at 0x7a6f27394880>
[INFO] [image_processor-25]: process has finished cleanly [pid 310832]
[INFO] [image_processor-24]: process has finished cleanly [pid 310830]
[INFO] [image_processor-23]: process has finished cleanly [pid 310828]
[INFO] [image_processor-22]: process has finished cleanly [pid 310826]
[INFO] [image_processor-21]: process has finished cleanly [pid 310824]
[INFO] [robot_state_publisher-17]: process has finished cleanly [pid 310464]
[INFO] [robot_state_publisher-14]: process has finished cleanly [pid 310457]
[INFO] [robot_state_publisher-11]: process has finished cleanly [pid 310451]
[INFO] [robot_state_publisher-8]: process has finished cleanly [pid 310443]
[INFO] [robot_state_publisher-5]: process has finished cleanly [pid 310437]
[coverage_counter-2] Traceback (most recent call last):
[coverage_counter-2]   File "/home/ecem/ros2_ws/install/swarm_basics/lib/python3.10/site-packages/swarm_basics/coverage_counter.py", line 418, in main
[coverage_counter-2]     rclpy.spin(node)
[coverage_counter-2]   File "/opt/ros/humble/local/lib/python3.10/dist-packages/rclpy/__init__.py", line 229, in spin
[coverage_counter-2]     executor.spin_once()
[coverage_counter-2]   File "/opt/ros/humble/local/lib/python3.10/dist-packages/rclpy/executors.py", line 773, in spin_once
[coverage_counter-2]     self._spin_once_impl(timeout_sec)
[coverage_counter-2]   File "/opt/ros/humble/local/lib/python3.10/dist-packages/rclpy/executors.py", line 768, in _spin_once_impl
[coverage_counter-2]     handler()
[coverage_counter-2]   File "/opt/ros/humble/local/lib/python3.10/dist-packages/rclpy/task.py", line 254, in __call__
[coverage_counter-2]     self._handler.send(None)
[coverage_counter-2]   File "/opt/ros/humble/local/lib/python3.10/dist-packages/rclpy/executors.py", line 463, in handler
[coverage_counter-2]     await call_coroutine(entity, arg)
[coverage_counter-2]   File "/opt/ros/humble/local/lib/python3.10/dist-packages/rclpy/executors.py", line 371, in _execute_timer
[coverage_counter-2]     await await_or_execute(tmr.callback)
[coverage_counter-2]   File "/opt/ros/humble/local/lib/python3.10/dist-packages/rclpy/executors.py", line 107, in await_or_execute
[coverage_counter-2]     return callback(*args)
[coverage_counter-2]   File "/home/ecem/ros2_ws/install/swarm_basics/lib/python3.10/site-packages/swarm_basics/coverage_counter.py", line 152, in _on_timeout_timer
[coverage_counter-2]     self.shutdown_and_save()
[coverage_counter-2]   File "/home/ecem/ros2_ws/install/swarm_basics/lib/python3.10/site-packages/swarm_basics/coverage_counter.py", line 174, in shutdown_and_save
[coverage_counter-2]     rclpy.shutdown()
[coverage_counter-2]   File "/opt/ros/humble/local/lib/python3.10/dist-packages/rclpy/__init__.py", line 130, in shutdown
[coverage_counter-2]     _shutdown(context=context)
[coverage_counter-2]   File "/opt/ros/humble/local/lib/python3.10/dist-packages/rclpy/utilities.py", line 58, in shutdown
[coverage_counter-2]     return context.shutdown()
[coverage_counter-2]   File "/opt/ros/humble/local/lib/python3.10/dist-packages/rclpy/context.py", line 103, in shutdown
[coverage_counter-2]     self._call_on_shutdown_callbacks()
[coverage_counter-2]   File "/opt/ros/humble/local/lib/python3.10/dist-packages/rclpy/context.py", line 92, in _call_on_shutdown_callbacks
[coverage_counter-2]     callback = weak_method()
[coverage_counter-2]   File "/opt/ros/humble/local/lib/python3.10/dist-packages/rclpy/__init__.py", line 111, in reset_executor
[coverage_counter-2]     __executor.shutdown()
[coverage_counter-2]   File "/opt/ros/humble/local/lib/python3.10/dist-packages/rclpy/executors.py", line 227, in shutdown
[coverage_counter-2]     if not self._work_tracker.wait(timeout_sec):
[coverage_counter-2]   File "/opt/ros/humble/local/lib/python3.10/dist-packages/rclpy/executors.py", line 94, in wait
[coverage_counter-2]     if not self._work_condition.wait_for(
[coverage_counter-2]   File "/usr/lib/python3.10/threading.py", line 355, in wait_for
[coverage_counter-2]     self.wait(waittime)
[coverage_counter-2]   File "/usr/lib/python3.10/threading.py", line 320, in wait
[coverage_counter-2]     waiter.acquire()
[coverage_counter-2] KeyboardInterrupt
[coverage_counter-2] 
[coverage_counter-2] During handling of the above exception, another exception occurred:
[coverage_counter-2] 
[coverage_counter-2] Traceback (most recent call last):
[coverage_counter-2]   File "/home/ecem/ros2_ws/install/swarm_basics/lib/swarm_basics/coverage_counter", line 33, in <module>
[coverage_counter-2]     sys.exit(load_entry_point('swarm-basics==0.0.0', 'console_scripts', 'coverage_counter')())
[coverage_counter-2]   File "/home/ecem/ros2_ws/install/swarm_basics/lib/python3.10/site-packages/swarm_basics/coverage_counter.py", line 421, in main
[coverage_counter-2]     node.shutdown_and_save()
[coverage_counter-2]   File "/home/ecem/ros2_ws/install/swarm_basics/lib/python3.10/site-packages/swarm_basics/coverage_counter.py", line 174, in shutdown_and_save
[coverage_counter-2]     rclpy.shutdown()
[coverage_counter-2]   File "/opt/ros/humble/local/lib/python3.10/dist-packages/rclpy/__init__.py", line 130, in shutdown
[coverage_counter-2]     _shutdown(context=context)
[coverage_counter-2]   File "/opt/ros/humble/local/lib/python3.10/dist-packages/rclpy/utilities.py", line 58, in shutdown
[coverage_counter-2]     return context.shutdown()
[coverage_counter-2]   File "/opt/ros/humble/local/lib/python3.10/dist-packages/rclpy/context.py", line 100, in shutdown
[coverage_counter-2]     raise RuntimeError('Context must be initialized before it can be shutdown')
[coverage_counter-2] RuntimeError: Context must be initialized before it can be shutdown
[bump_counter-3] Traceback (most recent call last):
[bump_counter-3]   File "/home/ecem/ros2_ws/install/swarm_basics/lib/swarm_basics/bump_counter", line 33, in <module>
[bump_counter-3]     sys.exit(load_entry_point('swarm-basics==0.0.0', 'console_scripts', 'bump_counter')())
[bump_counter-3]   File "/home/ecem/ros2_ws/install/swarm_basics/lib/python3.10/site-packages/swarm_basics/bump_counter.py", line 384, in main
[bump_counter-3]     rclpy.shutdown()
[bump_counter-3]   File "/opt/ros/humble/local/lib/python3.10/dist-packages/rclpy/__init__.py", line 130, in shutdown
[bump_counter-3]     _shutdown(context=context)
[bump_counter-3]   File "/opt/ros/humble/local/lib/python3.10/dist-packages/rclpy/utilities.py", line 58, in shutdown
[bump_counter-3]     return context.shutdown()
[bump_counter-3]   File "/opt/ros/humble/local/lib/python3.10/dist-packages/rclpy/context.py", line 102, in shutdown
[bump_counter-3]     self.__context.shutdown()
[bump_counter-3] rclpy._rclpy_pybind11.RCLError: failed to shutdown: rcl_shutdown already called on the given context, at ./src/rcl/init.c:241
[ERROR] [coverage_counter-2]: process has died [pid 310430, exit code 1, cmd '/home/ecem/ros2_ws/install/swarm_basics/lib/swarm_basics/coverage_counter --ros-args -r __node:=coverage_counter --params-file /tmp/launch_params_cwqm0hwq --params-file /tmp/launch_params_dt_jwftg --params-file /tmp/launch_params_n3ialpkx --params-file /tmp/launch_params_arfbbo9l --params-file /tmp/launch_params_hos4hffe --params-file /tmp/launch_params__zwss4ro'].
[ERROR] [bump_counter-3]: process has died [pid 310433, exit code 1, cmd '/home/ecem/ros2_ws/install/swarm_basics/lib/swarm_basics/bump_counter --ros-args -r __node:=bump_counter --params-file /tmp/launch_params_95ejncyu --params-file /tmp/launch_params_smomvwtm --params-file /tmp/launch_params_1sudcqds'].
[ERROR] [robot_supervisor-16]: process has died [pid 310461, exit code -2, cmd '/home/ecem/ros2_ws/install/swarm_basics/lib/swarm_basics/robot_supervisor --ros-args -r __node:=robot_supervisor -r __ns:=/robot_3 --params-file /tmp/launch_params_0o8xqen6 --params-file /tmp/launch_params_e8y8bcvf --params-file /tmp/launch_params_40c25g2s --params-file /tmp/launch_params_wylzrbxk'].
[ERROR] [robot_supervisor-19]: process has died [pid 310473, exit code -2, cmd '/home/ecem/ros2_ws/install/swarm_basics/lib/swarm_basics/robot_supervisor --ros-args -r __node:=robot_supervisor -r __ns:=/robot_4 --params-file /tmp/launch_params_2hy2u3x7 --params-file /tmp/launch_params_y5r4id_g --params-file /tmp/launch_params_pc4w14zz --params-file /tmp/launch_params_f2vt93dx'].
[ERROR] [robot_supervisor-13]: process has died [pid 310455, exit code -2, cmd '/home/ecem/ros2_ws/install/swarm_basics/lib/swarm_basics/robot_supervisor --ros-args -r __node:=robot_supervisor -r __ns:=/robot_2 --params-file /tmp/launch_params_i6o2ed1a --params-file /tmp/launch_params_l1un3eoq --params-file /tmp/launch_params_g0s19_4q --params-file /tmp/launch_params_4to6wk9l'].
[ERROR] [robot_supervisor-10]: process has died [pid 310448, exit code -2, cmd '/home/ecem/ros2_ws/install/swarm_basics/lib/swarm_basics/robot_supervisor --ros-args -r __node:=robot_supervisor -r __ns:=/robot_1 --params-file /tmp/launch_params_a09853ot --params-file /tmp/launch_params_582nemri --params-file /tmp/launch_params_44udyew8 --params-file /tmp/launch_params_e43obf4p'].
[ERROR] [robot_supervisor-7]: process has died [pid 310441, exit code -2, cmd '/home/ecem/ros2_ws/install/swarm_basics/lib/swarm_basics/robot_supervisor --ros-args -r __node:=robot_supervisor -r __ns:=/robot_0 --params-file /tmp/launch_params_f6kw4uf5 --params-file /tmp/launch_params_nblt8kps --params-file /tmp/launch_params_mqlw8nvc --params-file /tmp/launch_params_d9d6zeki'].
