[0.008s] Invoking command in '/home/ecem/ros2_ws/src/Leo_sct/build/leo_image': CMAKE_PREFIX_PATH=${CMAKE_PREFIX_PATH}:/home/ecem/ros2_ws/install/swarm_basics:/opt/ros/humble /usr/bin/cmake /home/ecem/ros2_ws/src/Leo_sct/leo_image -DCMAKE_INSTALL_PREFIX=/home/ecem/ros2_ws/src/Leo_sct/install/leo_image
[0.077s] -- The C compiler identification is GNU 11.4.0
[0.120s] -- The CXX compiler identification is GNU 11.4.0
[0.129s] -- Detecting C compiler ABI info
[0.182s] -- Detecting C compiler ABI info - done
[0.186s] -- Check for working C compiler: /usr/bin/cc - skipped
[0.187s] -- Detecting C compile features
[0.187s] -- Detecting C compile features - done
[0.189s] -- Detecting CXX compiler ABI info
[0.247s] -- Detecting CXX compiler ABI info - done
[0.253s] -- Check for working CXX compiler: /usr/bin/c++ - skipped
[0.253s] -- Detecting CXX compile features
[0.253s] -- Detecting CXX compile features - done
[0.256s] -- Found ament_cmake: 1.3.12 (/opt/ros/humble/share/ament_cmake/cmake)
[0.368s] -- Found Python3: /usr/bin/python3 (found version "3.10.12") found components: Interpreter 
[0.453s] -- Found rclcpp: 16.0.17 (/opt/ros/humble/share/rclcpp/cmake)
[0.496s] -- Found rosidl_generator_c: 3.1.8 (/opt/ros/humble/share/rosidl_generator_c/cmake)
[0.500s] -- Found rosidl_adapter: 3.1.8 (/opt/ros/humble/share/rosidl_adapter/cmake)
[0.508s] -- Found rosidl_generator_cpp: 3.1.8 (/opt/ros/humble/share/rosidl_generator_cpp/cmake)
[0.519s] -- Using all available rosidl_typesupport_c: rosidl_typesupport_fastrtps_c;rosidl_typesupport_introspection_c
[0.532s] -- Using all available rosidl_typesupport_cpp: rosidl_typesupport_fastrtps_cpp;rosidl_typesupport_introspection_cpp
[0.569s] -- Found rmw_implementation_cmake: 6.1.2 (/opt/ros/humble/share/rmw_implementation_cmake/cmake)
[0.572s] -- Found rmw_cyclonedds_cpp: 1.3.4 (/opt/ros/humble/share/rmw_cyclonedds_cpp/cmake)
[0.595s] -- Using RMW implementation 'rmw_cyclonedds_cpp' as default
[0.603s] -- Looking for pthread.h
[0.659s] -- Looking for pthread.h - found
[0.659s] -- Performing Test CMAKE_HAVE_LIBC_PTHREAD
[0.712s] -- Performing Test CMAKE_HAVE_LIBC_PTHREAD - Success
[0.713s] -- Found Threads: TRUE  
[0.754s] -- Found sensor_msgs: 4.9.0 (/opt/ros/humble/share/sensor_msgs/cmake)
[0.781s] -- Found message_filters: 4.3.11 (/opt/ros/humble/share/message_filters/cmake)
[0.789s] -- Found OpenCV: /usr (found version "4.5.4") 
[0.791s] -- Found cv_bridge: 3.2.1 (/opt/ros/humble/share/cv_bridge/cmake)
[0.796s] -- Found ament_lint_auto: 0.12.14 (/opt/ros/humble/share/ament_lint_auto/cmake)
[0.852s] -- Added test 'cppcheck' to perform static code analysis on C / C++ code
[0.852s] -- Configured cppcheck include dirs: $<BUILD_INTERFACE:/home/ecem/ros2_ws/src/Leo_sct/leo_image/include>
[0.852s] -- Configured cppcheck exclude dirs and/or files: 
[0.852s] -- Added test 'lint_cmake' to check CMake code style
[0.853s] -- Added test 'uncrustify' to check C / C++ code style
[0.853s] -- Configured uncrustify additional arguments: 
[0.853s] -- Added test 'xmllint' to check XML markup files
[0.854s] -- Configuring done
[0.861s] -- Generating done
[0.863s] -- Build files have been written to: /home/ecem/ros2_ws/src/Leo_sct/build/leo_image
[0.868s] Invoked command in '/home/ecem/ros2_ws/src/Leo_sct/build/leo_image' returned '0': CMAKE_PREFIX_PATH=${CMAKE_PREFIX_PATH}:/home/ecem/ros2_ws/install/swarm_basics:/opt/ros/humble /usr/bin/cmake /home/ecem/ros2_ws/src/Leo_sct/leo_image -DCMAKE_INSTALL_PREFIX=/home/ecem/ros2_ws/src/Leo_sct/install/leo_image
[0.870s] Invoking command in '/home/ecem/ros2_ws/src/Leo_sct/build/leo_image': CMAKE_PREFIX_PATH=${CMAKE_PREFIX_PATH}:/home/ecem/ros2_ws/install/swarm_basics:/opt/ros/humble /usr/bin/cmake --build /home/ecem/ros2_ws/src/Leo_sct/build/leo_image -- -j22 -l22
[0.912s] [ 50%] Building CXX object CMakeFiles/image_processor.dir/src/image_processor.cpp.o
[6.862s] [100%] Linking CXX executable image_processor
[7.331s] [100%] Built target image_processor
[7.341s] Invoked command in '/home/ecem/ros2_ws/src/Leo_sct/build/leo_image' returned '0': CMAKE_PREFIX_PATH=${CMAKE_PREFIX_PATH}:/home/ecem/ros2_ws/install/swarm_basics:/opt/ros/humble /usr/bin/cmake --build /home/ecem/ros2_ws/src/Leo_sct/build/leo_image -- -j22 -l22
[7.347s] Invoking command in '/home/ecem/ros2_ws/src/Leo_sct/build/leo_image': CMAKE_PREFIX_PATH=${CMAKE_PREFIX_PATH}:/home/ecem/ros2_ws/install/swarm_basics:/opt/ros/humble /usr/bin/cmake --install /home/ecem/ros2_ws/src/Leo_sct/build/leo_image
[7.354s] -- Install configuration: ""
[7.354s] -- Installing: /home/ecem/ros2_ws/src/Leo_sct/install/leo_image/lib/leo_image/image_processor
[7.356s] -- Set runtime path of "/home/ecem/ros2_ws/src/Leo_sct/install/leo_image/lib/leo_image/image_processor" to ""
[7.356s] -- Installing: /home/ecem/ros2_ws/src/Leo_sct/install/leo_image/share/ament_index/resource_index/package_run_dependencies/leo_image
[7.356s] -- Installing: /home/ecem/ros2_ws/src/Leo_sct/install/leo_image/share/ament_index/resource_index/parent_prefix_path/leo_image
[7.356s] -- Installing: /home/ecem/ros2_ws/src/Leo_sct/install/leo_image/share/leo_image/environment/ament_prefix_path.sh
[7.356s] -- Installing: /home/ecem/ros2_ws/src/Leo_sct/install/leo_image/share/leo_image/environment/ament_prefix_path.dsv
[7.356s] -- Installing: /home/ecem/ros2_ws/src/Leo_sct/install/leo_image/share/leo_image/environment/path.sh
[7.356s] -- Installing: /home/ecem/ros2_ws/src/Leo_sct/install/leo_image/share/leo_image/environment/path.dsv
[7.356s] -- Installing: /home/ecem/ros2_ws/src/Leo_sct/install/leo_image/share/leo_image/local_setup.bash
[7.356s] -- Installing: /home/ecem/ros2_ws/src/Leo_sct/install/leo_image/share/leo_image/local_setup.sh
[7.357s] -- Installing: /home/ecem/ros2_ws/src/Leo_sct/install/leo_image/share/leo_image/local_setup.zsh
[7.357s] -- Installing: /home/ecem/ros2_ws/src/Leo_sct/install/leo_image/share/leo_image/local_setup.dsv
[7.357s] -- Installing: /home/ecem/ros2_ws/src/Leo_sct/install/leo_image/share/leo_image/package.dsv
[7.357s] -- Installing: /home/ecem/ros2_ws/src/Leo_sct/install/leo_image/share/ament_index/resource_index/packages/leo_image
[7.357s] -- Installing: /home/ecem/ros2_ws/src/Leo_sct/install/leo_image/share/leo_image/cmake/leo_imageConfig.cmake
[7.357s] -- Installing: /home/ecem/ros2_ws/src/Leo_sct/install/leo_image/share/leo_image/cmake/leo_imageConfig-version.cmake
[7.357s] -- Installing: /home/ecem/ros2_ws/src/Leo_sct/install/leo_image/share/leo_image/package.xml
[7.358s] Invoked command in '/home/ecem/ros2_ws/src/Leo_sct/build/leo_image' returned '0': CMAKE_PREFIX_PATH=${CMAKE_PREFIX_PATH}:/home/ecem/ros2_ws/install/swarm_basics:/opt/ros/humble /usr/bin/cmake --install /home/ecem/ros2_ws/src/Leo_sct/build/leo_image
