-- The C compiler identification is GNU 11.4.0
-- The CXX compiler identification is GNU 11.4.0
-- Detecting C compiler ABI info
-- Detecting C compiler ABI info - done
-- Check for working C compiler: /usr/bin/cc - skipped
-- Detecting C compile features
-- Detecting C compile features - done
-- Detecting CXX compiler ABI info
-- Detecting CXX compiler ABI info - done
-- Check for working CXX compiler: /usr/bin/c++ - skipped
-- Detecting CXX compile features
-- Detecting CXX compile features - done
-- Found ament_cmake: 1.3.12 (/opt/ros/humble/share/ament_cmake/cmake)
-- Found Python3: /usr/bin/python3 (found version "3.10.12") found components: Interpreter 
-- Found ament_lint_auto: 0.12.14 (/opt/ros/humble/share/ament_lint_auto/cmake)
-- Added test 'lint_cmake' to check CMake code style
-- Added test 'xmllint' to check XML markup files
-- Configuring done
-- Generating done
-- Build files have been written to: /home/ecem/ros2_ws/src/Leo_sct/build/leo_example_object_detection
Built target ament_cmake_python_copy_leo_object_detection
running egg_info
creating leo_object_detection.egg-info
writing leo_object_detection.egg-info/PKG-INFO
writing dependency_links to leo_object_detection.egg-info/dependency_links.txt
writing top-level names to leo_object_detection.egg-info/top_level.txt
writing manifest file 'leo_object_detection.egg-info/SOURCES.txt'
reading manifest file 'leo_object_detection.egg-info/SOURCES.txt'
writing manifest file 'leo_object_detection.egg-info/SOURCES.txt'
Built target ament_cmake_python_build_leo_object_detection_egg
-- Install configuration: ""
-- Installing: /home/ecem/ros2_ws/src/Leo_sct/install/leo_example_object_detection/share/leo_example_object_detection//config
-- Installing: /home/ecem/ros2_ws/src/Leo_sct/install/leo_example_object_detection/share/leo_example_object_detection//config/object_detector.yaml
-- Installing: /home/ecem/ros2_ws/src/Leo_sct/install/leo_example_object_detection/share/leo_example_object_detection//config/labels_config.yaml
-- Installing: /home/ecem/ros2_ws/src/Leo_sct/install/leo_example_object_detection/share/leo_example_object_detection//config/coco_labels.txt
-- Installing: /home/ecem/ros2_ws/src/Leo_sct/install/leo_example_object_detection/share/leo_example_object_detection//launch
-- Installing: /home/ecem/ros2_ws/src/Leo_sct/install/leo_example_object_detection/share/leo_example_object_detection//launch/detector.launch.xml
-- Installing: /home/ecem/ros2_ws/src/Leo_sct/install/leo_example_object_detection/share/leo_example_object_detection//models
-- Installing: /home/ecem/ros2_ws/src/Leo_sct/install/leo_example_object_detection/share/leo_example_object_detection//models/ssd_mobilenet_v3_small_coco.tflite
-- Installing: /home/ecem/ros2_ws/src/Leo_sct/install/leo_example_object_detection/share/leo_example_object_detection//models/ssd_mobilenet_v1_1_metadata_1.tflite
-- Installing: /home/ecem/ros2_ws/src/Leo_sct/install/leo_example_object_detection/share/leo_example_object_detection/environment/pythonpath.sh
-- Installing: /home/ecem/ros2_ws/src/Leo_sct/install/leo_example_object_detection/share/leo_example_object_detection/environment/pythonpath.dsv
-- Installing: /home/ecem/ros2_ws/src/Leo_sct/install/leo_example_object_detection/local/lib/python3.10/dist-packages/leo_object_detection-1.0.0-py3.10.egg-info
-- Installing: /home/ecem/ros2_ws/src/Leo_sct/install/leo_example_object_detection/local/lib/python3.10/dist-packages/leo_object_detection-1.0.0-py3.10.egg-info/PKG-INFO
-- Installing: /home/ecem/ros2_ws/src/Leo_sct/install/leo_example_object_detection/local/lib/python3.10/dist-packages/leo_object_detection-1.0.0-py3.10.egg-info/dependency_links.txt
-- Installing: /home/ecem/ros2_ws/src/Leo_sct/install/leo_example_object_detection/local/lib/python3.10/dist-packages/leo_object_detection-1.0.0-py3.10.egg-info/top_level.txt
-- Installing: /home/ecem/ros2_ws/src/Leo_sct/install/leo_example_object_detection/local/lib/python3.10/dist-packages/leo_object_detection-1.0.0-py3.10.egg-info/SOURCES.txt
-- Installing: /home/ecem/ros2_ws/src/Leo_sct/install/leo_example_object_detection/local/lib/python3.10/dist-packages/leo_object_detection
-- Installing: /home/ecem/ros2_ws/src/Leo_sct/install/leo_example_object_detection/local/lib/python3.10/dist-packages/leo_object_detection/__init__.py
-- Installing: /home/ecem/ros2_ws/src/Leo_sct/install/leo_example_object_detection/local/lib/python3.10/dist-packages/leo_object_detection/object_detector_node.py
Listing '/home/ecem/ros2_ws/src/Leo_sct/install/leo_example_object_detection/local/lib/python3.10/dist-packages/leo_object_detection'...
Compiling '/home/ecem/ros2_ws/src/Leo_sct/install/leo_example_object_detection/local/lib/python3.10/dist-packages/leo_object_detection/__init__.py'...
Compiling '/home/ecem/ros2_ws/src/Leo_sct/install/leo_example_object_detection/local/lib/python3.10/dist-packages/leo_object_detection/object_detector_node.py'...
-- Installing: /home/ecem/ros2_ws/src/Leo_sct/install/leo_example_object_detection/lib/leo_example_object_detection/object_detector
-- Installing: /home/ecem/ros2_ws/src/Leo_sct/install/leo_example_object_detection/share/ament_index/resource_index/package_run_dependencies/leo_example_object_detection
-- Installing: /home/ecem/ros2_ws/src/Leo_sct/install/leo_example_object_detection/share/ament_index/resource_index/parent_prefix_path/leo_example_object_detection
-- Installing: /home/ecem/ros2_ws/src/Leo_sct/install/leo_example_object_detection/share/leo_example_object_detection/environment/ament_prefix_path.sh
-- Installing: /home/ecem/ros2_ws/src/Leo_sct/install/leo_example_object_detection/share/leo_example_object_detection/environment/ament_prefix_path.dsv
-- Installing: /home/ecem/ros2_ws/src/Leo_sct/install/leo_example_object_detection/share/leo_example_object_detection/environment/path.sh
-- Installing: /home/ecem/ros2_ws/src/Leo_sct/install/leo_example_object_detection/share/leo_example_object_detection/environment/path.dsv
-- Installing: /home/ecem/ros2_ws/src/Leo_sct/install/leo_example_object_detection/share/leo_example_object_detection/local_setup.bash
-- Installing: /home/ecem/ros2_ws/src/Leo_sct/install/leo_example_object_detection/share/leo_example_object_detection/local_setup.sh
-- Installing: /home/ecem/ros2_ws/src/Leo_sct/install/leo_example_object_detection/share/leo_example_object_detection/local_setup.zsh
-- Installing: /home/ecem/ros2_ws/src/Leo_sct/install/leo_example_object_detection/share/leo_example_object_detection/local_setup.dsv
-- Installing: /home/ecem/ros2_ws/src/Leo_sct/install/leo_example_object_detection/share/leo_example_object_detection/package.dsv
-- Installing: /home/ecem/ros2_ws/src/Leo_sct/install/leo_example_object_detection/share/ament_index/resource_index/packages/leo_example_object_detection
-- Installing: /home/ecem/ros2_ws/src/Leo_sct/install/leo_example_object_detection/share/leo_example_object_detection/cmake/leo_example_object_detectionConfig.cmake
-- Installing: /home/ecem/ros2_ws/src/Leo_sct/install/leo_example_object_detection/share/leo_example_object_detection/cmake/leo_example_object_detectionConfig-version.cmake
-- Installing: /home/ecem/ros2_ws/src/Leo_sct/install/leo_example_object_detection/share/leo_example_object_detection/package.xml
