[0.017s] Invoking command in '/home/ecem/ros2_ws/src/Leo_sct/build/leo_example_object_detection': CMAKE_PREFIX_PATH=${CMAKE_PREFIX_PATH}:/home/ecem/ros2_ws/install/swarm_basics:/opt/ros/humble /usr/bin/cmake /home/ecem/ros2_ws/src/Leo_sct/leo_examples-ros2/leo_example_object_detection -DCMAKE_INSTALL_PREFIX=/home/ecem/ros2_ws/src/Leo_sct/install/leo_example_object_detection
[0.075s] -- The C compiler identification is GNU 11.4.0
[0.125s] -- The CXX compiler identification is GNU 11.4.0
[0.130s] -- Detecting C compiler ABI info
[0.178s] -- Detecting C compiler ABI info - done
[0.183s] -- Check for working C compiler: /usr/bin/cc - skipped
[0.183s] -- Detecting C compile features
[0.183s] -- Detecting C compile features - done
[0.185s] -- Detecting CXX compiler ABI info
[0.243s] -- Detecting CXX compiler ABI info - done
[0.248s] -- Check for working CXX compiler: /usr/bin/c++ - skipped
[0.249s] -- Detecting CXX compile features
[0.249s] -- Detecting CXX compile features - done
[0.253s] -- Found ament_cmake: 1.3.12 (/opt/ros/humble/share/ament_cmake/cmake)
[0.386s] -- Found Python3: /usr/bin/python3 (found version "3.10.12") found components: Interpreter 
[0.568s] -- Found ament_lint_auto: 0.12.14 (/opt/ros/humble/share/ament_lint_auto/cmake)
[0.615s] -- Added test 'lint_cmake' to check CMake code style
[0.615s] -- Added test 'xmllint' to check XML markup files
[0.616s] -- Configuring done
[0.618s] -- Generating done
[0.619s] -- Build files have been written to: /home/ecem/ros2_ws/src/Leo_sct/build/leo_example_object_detection
[0.623s] Invoked command in '/home/ecem/ros2_ws/src/Leo_sct/build/leo_example_object_detection' returned '0': CMAKE_PREFIX_PATH=${CMAKE_PREFIX_PATH}:/home/ecem/ros2_ws/install/swarm_basics:/opt/ros/humble /usr/bin/cmake /home/ecem/ros2_ws/src/Leo_sct/leo_examples-ros2/leo_example_object_detection -DCMAKE_INSTALL_PREFIX=/home/ecem/ros2_ws/src/Leo_sct/install/leo_example_object_detection
[0.625s] Invoking command in '/home/ecem/ros2_ws/src/Leo_sct/build/leo_example_object_detection': CMAKE_PREFIX_PATH=${CMAKE_PREFIX_PATH}:/home/ecem/ros2_ws/install/swarm_basics:/opt/ros/humble /usr/bin/cmake --build /home/ecem/ros2_ws/src/Leo_sct/build/leo_example_object_detection -- -j22 -l22
[0.669s] Built target ament_cmake_python_copy_leo_object_detection
[0.844s] running egg_info
[0.845s] creating leo_object_detection.egg-info
[0.845s] writing leo_object_detection.egg-info/PKG-INFO
[0.845s] writing dependency_links to leo_object_detection.egg-info/dependency_links.txt
[0.845s] writing top-level names to leo_object_detection.egg-info/top_level.txt
[0.845s] writing manifest file 'leo_object_detection.egg-info/SOURCES.txt'
[0.847s] reading manifest file 'leo_object_detection.egg-info/SOURCES.txt'
[0.847s] writing manifest file 'leo_object_detection.egg-info/SOURCES.txt'
[0.867s] Built target ament_cmake_python_build_leo_object_detection_egg
[0.880s] Invoked command in '/home/ecem/ros2_ws/src/Leo_sct/build/leo_example_object_detection' returned '0': CMAKE_PREFIX_PATH=${CMAKE_PREFIX_PATH}:/home/ecem/ros2_ws/install/swarm_basics:/opt/ros/humble /usr/bin/cmake --build /home/ecem/ros2_ws/src/Leo_sct/build/leo_example_object_detection -- -j22 -l22
[0.881s] Invoking command in '/home/ecem/ros2_ws/src/Leo_sct/build/leo_example_object_detection': CMAKE_PREFIX_PATH=${CMAKE_PREFIX_PATH}:/home/ecem/ros2_ws/install/swarm_basics:/opt/ros/humble /usr/bin/cmake --install /home/ecem/ros2_ws/src/Leo_sct/build/leo_example_object_detection
[0.887s] -- Install configuration: ""
[0.887s] -- Installing: /home/ecem/ros2_ws/src/Leo_sct/install/leo_example_object_detection/share/leo_example_object_detection//config
[0.887s] -- Installing: /home/ecem/ros2_ws/src/Leo_sct/install/leo_example_object_detection/share/leo_example_object_detection//config/object_detector.yaml
[0.887s] -- Installing: /home/ecem/ros2_ws/src/Leo_sct/install/leo_example_object_detection/share/leo_example_object_detection//config/labels_config.yaml
[0.887s] -- Installing: /home/ecem/ros2_ws/src/Leo_sct/install/leo_example_object_detection/share/leo_example_object_detection//config/coco_labels.txt
[0.887s] -- Installing: /home/ecem/ros2_ws/src/Leo_sct/install/leo_example_object_detection/share/leo_example_object_detection//launch
[0.887s] -- Installing: /home/ecem/ros2_ws/src/Leo_sct/install/leo_example_object_detection/share/leo_example_object_detection//launch/detector.launch.xml
[0.887s] -- Installing: /home/ecem/ros2_ws/src/Leo_sct/install/leo_example_object_detection/share/leo_example_object_detection//models
[0.887s] -- Installing: /home/ecem/ros2_ws/src/Leo_sct/install/leo_example_object_detection/share/leo_example_object_detection//models/ssd_mobilenet_v3_small_coco.tflite
[0.899s] -- Installing: /home/ecem/ros2_ws/src/Leo_sct/install/leo_example_object_detection/share/leo_example_object_detection//models/ssd_mobilenet_v1_1_metadata_1.tflite
[0.904s] -- Installing: /home/ecem/ros2_ws/src/Leo_sct/install/leo_example_object_detection/share/leo_example_object_detection/environment/pythonpath.sh
[0.904s] -- Installing: /home/ecem/ros2_ws/src/Leo_sct/install/leo_example_object_detection/share/leo_example_object_detection/environment/pythonpath.dsv
[0.904s] -- Installing: /home/ecem/ros2_ws/src/Leo_sct/install/leo_example_object_detection/local/lib/python3.10/dist-packages/leo_object_detection-1.0.0-py3.10.egg-info
[0.905s] -- Installing: /home/ecem/ros2_ws/src/Leo_sct/install/leo_example_object_detection/local/lib/python3.10/dist-packages/leo_object_detection-1.0.0-py3.10.egg-info/PKG-INFO
[0.905s] -- Installing: /home/ecem/ros2_ws/src/Leo_sct/install/leo_example_object_detection/local/lib/python3.10/dist-packages/leo_object_detection-1.0.0-py3.10.egg-info/dependency_links.txt
[0.905s] -- Installing: /home/ecem/ros2_ws/src/Leo_sct/install/leo_example_object_detection/local/lib/python3.10/dist-packages/leo_object_detection-1.0.0-py3.10.egg-info/top_level.txt
[0.905s] -- Installing: /home/ecem/ros2_ws/src/Leo_sct/install/leo_example_object_detection/local/lib/python3.10/dist-packages/leo_object_detection-1.0.0-py3.10.egg-info/SOURCES.txt
[0.905s] -- Installing: /home/ecem/ros2_ws/src/Leo_sct/install/leo_example_object_detection/local/lib/python3.10/dist-packages/leo_object_detection
[0.905s] -- Installing: /home/ecem/ros2_ws/src/Leo_sct/install/leo_example_object_detection/local/lib/python3.10/dist-packages/leo_object_detection/__init__.py
[0.905s] -- Installing: /home/ecem/ros2_ws/src/Leo_sct/install/leo_example_object_detection/local/lib/python3.10/dist-packages/leo_object_detection/object_detector_node.py
[0.929s] Listing '/home/ecem/ros2_ws/src/Leo_sct/install/leo_example_object_detection/local/lib/python3.10/dist-packages/leo_object_detection'...
[0.929s] Compiling '/home/ecem/ros2_ws/src/Leo_sct/install/leo_example_object_detection/local/lib/python3.10/dist-packages/leo_object_detection/__init__.py'...
[0.929s] Compiling '/home/ecem/ros2_ws/src/Leo_sct/install/leo_example_object_detection/local/lib/python3.10/dist-packages/leo_object_detection/object_detector_node.py'...
[0.932s] -- Installing: /home/ecem/ros2_ws/src/Leo_sct/install/leo_example_object_detection/lib/leo_example_object_detection/object_detector
[0.933s] -- Installing: /home/ecem/ros2_ws/src/Leo_sct/install/leo_example_object_detection/share/ament_index/resource_index/package_run_dependencies/leo_example_object_detection
[0.933s] -- Installing: /home/ecem/ros2_ws/src/Leo_sct/install/leo_example_object_detection/share/ament_index/resource_index/parent_prefix_path/leo_example_object_detection
[0.933s] -- Installing: /home/ecem/ros2_ws/src/Leo_sct/install/leo_example_object_detection/share/leo_example_object_detection/environment/ament_prefix_path.sh
[0.933s] -- Installing: /home/ecem/ros2_ws/src/Leo_sct/install/leo_example_object_detection/share/leo_example_object_detection/environment/ament_prefix_path.dsv
[0.933s] -- Installing: /home/ecem/ros2_ws/src/Leo_sct/install/leo_example_object_detection/share/leo_example_object_detection/environment/path.sh
[0.933s] -- Installing: /home/ecem/ros2_ws/src/Leo_sct/install/leo_example_object_detection/share/leo_example_object_detection/environment/path.dsv
[0.933s] -- Installing: /home/ecem/ros2_ws/src/Leo_sct/install/leo_example_object_detection/share/leo_example_object_detection/local_setup.bash
[0.933s] -- Installing: /home/ecem/ros2_ws/src/Leo_sct/install/leo_example_object_detection/share/leo_example_object_detection/local_setup.sh
[0.933s] -- Installing: /home/ecem/ros2_ws/src/Leo_sct/install/leo_example_object_detection/share/leo_example_object_detection/local_setup.zsh
[0.933s] -- Installing: /home/ecem/ros2_ws/src/Leo_sct/install/leo_example_object_detection/share/leo_example_object_detection/local_setup.dsv
[0.933s] -- Installing: /home/ecem/ros2_ws/src/Leo_sct/install/leo_example_object_detection/share/leo_example_object_detection/package.dsv
[0.933s] -- Installing: /home/ecem/ros2_ws/src/Leo_sct/install/leo_example_object_detection/share/ament_index/resource_index/packages/leo_example_object_detection
[0.933s] -- Installing: /home/ecem/ros2_ws/src/Leo_sct/install/leo_example_object_detection/share/leo_example_object_detection/cmake/leo_example_object_detectionConfig.cmake
[0.933s] -- Installing: /home/ecem/ros2_ws/src/Leo_sct/install/leo_example_object_detection/share/leo_example_object_detection/cmake/leo_example_object_detectionConfig-version.cmake
[0.934s] -- Installing: /home/ecem/ros2_ws/src/Leo_sct/install/leo_example_object_detection/share/leo_example_object_detection/package.xml
[0.936s] Invoked command in '/home/ecem/ros2_ws/src/Leo_sct/build/leo_example_object_detection' returned '0': CMAKE_PREFIX_PATH=${CMAKE_PREFIX_PATH}:/home/ecem/ros2_ws/install/swarm_basics:/opt/ros/humble /usr/bin/cmake --install /home/ecem/ros2_ws/src/Leo_sct/build/leo_example_object_detection
