[INFO] [launch]: All log files can be found below /home/ecem/.ros/log/2026-04-20-17-36-59-521181-ecem-pc-24717
[INFO] [launch]: Default logging verbosity is set to INFO
[INFO] [ign gazebo-1]: process started with pid [24732]
[INFO] [coverage_counter-2]: process started with pid [24735]
[INFO] [bump_counter-3]: process started with pid [24737]
[INFO] [parameter_bridge-4]: process started with pid [24739]
[INFO] [robot_state_publisher-5]: process started with pid [24741]
[INFO] [create-6]: process started with pid [24743]
[INFO] [robot_supervisor-7]: process started with pid [24746]
[INFO] [robot_state_publisher-8]: process started with pid [24748]
[INFO] [create-9]: process started with pid [24751]
[INFO] [robot_supervisor-10]: process started with pid [24753]
[INFO] [robot_state_publisher-11]: process started with pid [24755]
[INFO] [create-12]: process started with pid [24757]
[INFO] [robot_supervisor-13]: process started with pid [24759]
[INFO] [robot_state_publisher-14]: process started with pid [24763]
[INFO] [create-15]: process started with pid [24765]
[INFO] [robot_supervisor-16]: process started with pid [24767]
[INFO] [robot_state_publisher-17]: process started with pid [24769]
[INFO] [create-18]: process started with pid [24775]
[INFO] [robot_supervisor-19]: process started with pid [24777]
[INFO] [parameter_bridge-20]: process started with pid [24780]
[parameter_bridge-4] [ros_ign_bridge] is deprecated! Redirecting to use [ros_gz_bridge] instead!
[parameter_bridge-4] 
[robot_state_publisher-5] [INFO] [1776699419.968465263] [robot_0.robot_state_publisher]: got segment robot_0/antenna_link
[robot_state_publisher-5] [INFO] [1776699419.969209172] [robot_0.robot_state_publisher]: got segment robot_0/base_footprint
[robot_state_publisher-5] [INFO] [1776699419.969225201] [robot_0.robot_state_publisher]: got segment robot_0/base_link
[robot_state_publisher-5] [INFO] [1776699419.969230915] [robot_0.robot_state_publisher]: got segment robot_0/realsense_link
[robot_state_publisher-5] [INFO] [1776699419.969237644] [robot_0.robot_state_publisher]: got segment robot_0/rocker_L_link
[robot_state_publisher-5] [INFO] [1776699419.969242188] [robot_0.robot_state_publisher]: got segment robot_0/rocker_R_link
[robot_state_publisher-5] [INFO] [1776699419.969247475] [robot_0.robot_state_publisher]: got segment robot_0/wheel_FL_link
[robot_state_publisher-5] [INFO] [1776699419.969252837] [robot_0.robot_state_publisher]: got segment robot_0/wheel_FR_link
[robot_state_publisher-5] [INFO] [1776699419.969257751] [robot_0.robot_state_publisher]: got segment robot_0/wheel_RL_link
[robot_state_publisher-5] [INFO] [1776699419.969262548] [robot_0.robot_state_publisher]: got segment robot_0/wheel_RR_link
[create-18] [INFO] [1776699419.969709681] [robot_4.ros_gz_sim]: Requesting list of world names.
[create-15] [INFO] [1776699419.970076347] [robot_3.ros_gz_sim]: Requesting list of world names.
[create-9] [INFO] [1776699419.970281164] [robot_1.ros_gz_sim]: Requesting list of world names.
[create-12] [INFO] [1776699419.971754972] [robot_2.ros_gz_sim]: Requesting list of world names.
[parameter_bridge-4] [INFO] [1776699419.973696961] [all_robots_bridge]: Creating ROS->GZ Bridge: [/robot_0/cmd_vel (geometry_msgs/msg/Twist) -> /robot_0/cmd_vel (ignition.msgs.Twist)] (Lazy 0)
[parameter_bridge-4] [INFO] [1776699419.975027170] [all_robots_bridge]: Creating GZ->ROS Bridge: [/robot_0/odom (ignition.msgs.Odometry) -> /robot_0/odom (nav_msgs/msg/Odometry)] (Lazy 0)
[parameter_bridge-4] [INFO] [1776699419.975873594] [all_robots_bridge]: Creating GZ->ROS Bridge: [/robot_0/depth_camera/depth_image (ignition.msgs.Image) -> /robot_0/depth_camera/depth_image (sensor_msgs/msg/Image)] (Lazy 0)
[parameter_bridge-4] [INFO] [1776699419.976769739] [all_robots_bridge]: Creating GZ->ROS Bridge: [/world/random_world/model/robot_0/link/robot_0/base_footprint/sensor/contact_sensor/contact (ignition.msgs.Contacts) -> /world/random_world/model/robot_0/link/robot_0/base_footprint/sensor/contact_sensor/contact (ros_gz_interfaces/msg/Contacts)] (Lazy 0)
[parameter_bridge-4] [INFO] [1776699419.978724579] [all_robots_bridge]: Creating ROS->GZ Bridge: [/robot_1/cmd_vel (geometry_msgs/msg/Twist) -> /robot_1/cmd_vel (ignition.msgs.Twist)] (Lazy 0)
[create-6] [INFO] [1776699419.978805563] [robot_0.ros_gz_sim]: Requesting list of world names.
[parameter_bridge-4] [INFO] [1776699419.979416095] [all_robots_bridge]: Creating GZ->ROS Bridge: [/robot_1/odom (ignition.msgs.Odometry) -> /robot_1/odom (nav_msgs/msg/Odometry)] (Lazy 0)
[parameter_bridge-4] [INFO] [1776699419.980511319] [all_robots_bridge]: Creating GZ->ROS Bridge: [/robot_1/depth_camera/depth_image (ignition.msgs.Image) -> /robot_1/depth_camera/depth_image (sensor_msgs/msg/Image)] (Lazy 0)
[parameter_bridge-4] [INFO] [1776699419.981505653] [all_robots_bridge]: Creating GZ->ROS Bridge: [/world/random_world/model/robot_1/link/robot_1/base_footprint/sensor/contact_sensor/contact (ignition.msgs.Contacts) -> /world/random_world/model/robot_1/link/robot_1/base_footprint/sensor/contact_sensor/contact (ros_gz_interfaces/msg/Contacts)] (Lazy 0)
[parameter_bridge-4] [INFO] [1776699419.983168231] [all_robots_bridge]: Creating ROS->GZ Bridge: [/robot_2/cmd_vel (geometry_msgs/msg/Twist) -> /robot_2/cmd_vel (ignition.msgs.Twist)] (Lazy 0)
[parameter_bridge-4] [INFO] [1776699419.984594882] [all_robots_bridge]: Creating GZ->ROS Bridge: [/robot_2/odom (ignition.msgs.Odometry) -> /robot_2/odom (nav_msgs/msg/Odometry)] (Lazy 0)
[parameter_bridge-4] [INFO] [1776699419.985904666] [all_robots_bridge]: Creating GZ->ROS Bridge: [/robot_2/depth_camera/depth_image (ignition.msgs.Image) -> /robot_2/depth_camera/depth_image (sensor_msgs/msg/Image)] (Lazy 0)
[parameter_bridge-4] [INFO] [1776699419.986586946] [all_robots_bridge]: Creating GZ->ROS Bridge: [/world/random_world/model/robot_2/link/robot_2/base_footprint/sensor/contact_sensor/contact (ignition.msgs.Contacts) -> /world/random_world/model/robot_2/link/robot_2/base_footprint/sensor/contact_sensor/contact (ros_gz_interfaces/msg/Contacts)] (Lazy 0)
[parameter_bridge-4] [INFO] [1776699419.987209309] [all_robots_bridge]: Creating ROS->GZ Bridge: [/robot_3/cmd_vel (geometry_msgs/msg/Twist) -> /robot_3/cmd_vel (ignition.msgs.Twist)] (Lazy 0)
[parameter_bridge-4] [INFO] [1776699419.988166983] [all_robots_bridge]: Creating GZ->ROS Bridge: [/robot_3/odom (ignition.msgs.Odometry) -> /robot_3/odom (nav_msgs/msg/Odometry)] (Lazy 0)
[parameter_bridge-4] [INFO] [1776699419.989372584] [all_robots_bridge]: Creating GZ->ROS Bridge: [/robot_3/depth_camera/depth_image (ignition.msgs.Image) -> /robot_3/depth_camera/depth_image (sensor_msgs/msg/Image)] (Lazy 0)
[parameter_bridge-4] [INFO] [1776699419.990571378] [all_robots_bridge]: Creating GZ->ROS Bridge: [/world/random_world/model/robot_3/link/robot_3/base_footprint/sensor/contact_sensor/contact (ignition.msgs.Contacts) -> /world/random_world/model/robot_3/link/robot_3/base_footprint/sensor/contact_sensor/contact (ros_gz_interfaces/msg/Contacts)] (Lazy 0)
[parameter_bridge-4] [INFO] [1776699419.991636651] [all_robots_bridge]: Creating ROS->GZ Bridge: [/robot_4/cmd_vel (geometry_msgs/msg/Twist) -> /robot_4/cmd_vel (ignition.msgs.Twist)] (Lazy 0)
[parameter_bridge-4] [INFO] [1776699419.993214191] [all_robots_bridge]: Creating GZ->ROS Bridge: [/robot_4/odom (ignition.msgs.Odometry) -> /robot_4/odom (nav_msgs/msg/Odometry)] (Lazy 0)
[parameter_bridge-4] [INFO] [1776699419.993845586] [all_robots_bridge]: Creating GZ->ROS Bridge: [/robot_4/depth_camera/depth_image (ignition.msgs.Image) -> /robot_4/depth_camera/depth_image (sensor_msgs/msg/Image)] (Lazy 0)
[robot_state_publisher-14] [INFO] [1776699419.994887619] [robot_3.robot_state_publisher]: got segment robot_3/antenna_link
[robot_state_publisher-14] [INFO] [1776699419.994955116] [robot_3.robot_state_publisher]: got segment robot_3/base_footprint
[robot_state_publisher-14] [INFO] [1776699419.994961509] [robot_3.robot_state_publisher]: got segment robot_3/base_link
[robot_state_publisher-14] [INFO] [1776699419.994965387] [robot_3.robot_state_publisher]: got segment robot_3/realsense_link
[robot_state_publisher-14] [INFO] [1776699419.994968889] [robot_3.robot_state_publisher]: got segment robot_3/rocker_L_link
[robot_state_publisher-14] [INFO] [1776699419.994972386] [robot_3.robot_state_publisher]: got segment robot_3/rocker_R_link
[robot_state_publisher-14] [INFO] [1776699419.994975751] [robot_3.robot_state_publisher]: got segment robot_3/wheel_FL_link
[robot_state_publisher-14] [INFO] [1776699419.994979043] [robot_3.robot_state_publisher]: got segment robot_3/wheel_FR_link
[robot_state_publisher-14] [INFO] [1776699419.994982904] [robot_3.robot_state_publisher]: got segment robot_3/wheel_RL_link
[robot_state_publisher-14] [INFO] [1776699419.994986220] [robot_3.robot_state_publisher]: got segment robot_3/wheel_RR_link
[parameter_bridge-4] [INFO] [1776699419.996047669] [all_robots_bridge]: Creating GZ->ROS Bridge: [/world/random_world/model/robot_4/link/robot_4/base_footprint/sensor/contact_sensor/contact (ignition.msgs.Contacts) -> /world/random_world/model/robot_4/link/robot_4/base_footprint/sensor/contact_sensor/contact (ros_gz_interfaces/msg/Contacts)] (Lazy 0)
[parameter_bridge-4] [INFO] [1776699419.997109202] [all_robots_bridge]: Creating GZ->ROS Bridge: [/world/random_world/dynamic_pose/info (ignition.msgs.Pose_V) -> /world/random_world/dynamic_pose/info (tf2_msgs/msg/TFMessage)] (Lazy 0)
[robot_state_publisher-17] [INFO] [1776699419.996706835] [robot_4.robot_state_publisher]: got segment robot_4/antenna_link
[robot_state_publisher-17] [INFO] [1776699419.996783728] [robot_4.robot_state_publisher]: got segment robot_4/base_footprint
[robot_state_publisher-17] [INFO] [1776699419.996791157] [robot_4.robot_state_publisher]: got segment robot_4/base_link
[robot_state_publisher-17] [INFO] [1776699419.996794931] [robot_4.robot_state_publisher]: got segment robot_4/realsense_link
[robot_state_publisher-17] [INFO] [1776699419.996798056] [robot_4.robot_state_publisher]: got segment robot_4/rocker_L_link
[robot_state_publisher-17] [INFO] [1776699419.996801030] [robot_4.robot_state_publisher]: got segment robot_4/rocker_R_link
[robot_state_publisher-17] [INFO] [1776699419.996804334] [robot_4.robot_state_publisher]: got segment robot_4/wheel_FL_link
[robot_state_publisher-17] [INFO] [1776699419.996807353] [robot_4.robot_state_publisher]: got segment robot_4/wheel_FR_link
[robot_state_publisher-17] [INFO] [1776699419.996810493] [robot_4.robot_state_publisher]: got segment robot_4/wheel_RL_link
[robot_state_publisher-17] [INFO] [1776699419.996813512] [robot_4.robot_state_publisher]: got segment robot_4/wheel_RR_link
[parameter_bridge-20] [INFO] [1776699420.000305789] [clock_bridge]: Creating GZ->ROS Bridge: [/clock (ignition.msgs.Clock) -> /clock (rosgraph_msgs/msg/Clock)] (Lazy 0)
[robot_state_publisher-11] [INFO] [1776699420.006285135] [robot_2.robot_state_publisher]: got segment robot_2/antenna_link
[robot_state_publisher-11] [INFO] [1776699420.006403590] [robot_2.robot_state_publisher]: got segment robot_2/base_footprint
[robot_state_publisher-11] [INFO] [1776699420.006417228] [robot_2.robot_state_publisher]: got segment robot_2/base_link
[robot_state_publisher-11] [INFO] [1776699420.006426754] [robot_2.robot_state_publisher]: got segment robot_2/realsense_link
[robot_state_publisher-11] [INFO] [1776699420.006434913] [robot_2.robot_state_publisher]: got segment robot_2/rocker_L_link
[robot_state_publisher-11] [INFO] [1776699420.006442651] [robot_2.robot_state_publisher]: got segment robot_2/rocker_R_link
[robot_state_publisher-11] [INFO] [1776699420.006450166] [robot_2.robot_state_publisher]: got segment robot_2/wheel_FL_link
[robot_state_publisher-11] [INFO] [1776699420.006457497] [robot_2.robot_state_publisher]: got segment robot_2/wheel_FR_link
[robot_state_publisher-11] [INFO] [1776699420.006464953] [robot_2.robot_state_publisher]: got segment robot_2/wheel_RL_link
[robot_state_publisher-11] [INFO] [1776699420.006472308] [robot_2.robot_state_publisher]: got segment robot_2/wheel_RR_link
[robot_state_publisher-8] [INFO] [1776699420.008087069] [robot_1.robot_state_publisher]: got segment robot_1/antenna_link
[robot_state_publisher-8] [INFO] [1776699420.008150395] [robot_1.robot_state_publisher]: got segment robot_1/base_footprint
[robot_state_publisher-8] [INFO] [1776699420.008156775] [robot_1.robot_state_publisher]: got segment robot_1/base_link
[robot_state_publisher-8] [INFO] [1776699420.008160587] [robot_1.robot_state_publisher]: got segment robot_1/realsense_link
[robot_state_publisher-8] [INFO] [1776699420.008163961] [robot_1.robot_state_publisher]: got segment robot_1/rocker_L_link
[robot_state_publisher-8] [INFO] [1776699420.008167203] [robot_1.robot_state_publisher]: got segment robot_1/rocker_R_link
[robot_state_publisher-8] [INFO] [1776699420.008170308] [robot_1.robot_state_publisher]: got segment robot_1/wheel_FL_link
[robot_state_publisher-8] [INFO] [1776699420.008173481] [robot_1.robot_state_publisher]: got segment robot_1/wheel_FR_link
[robot_state_publisher-8] [INFO] [1776699420.008176519] [robot_1.robot_state_publisher]: got segment robot_1/wheel_RL_link
[robot_state_publisher-8] [INFO] [1776699420.008179651] [robot_1.robot_state_publisher]: got segment robot_1/wheel_RR_link
[robot_supervisor-16] [INFO] [1776699420.281582379] [robot_3.robot_supervisor]: Loaded initial mission 'explore' from explicit YAML explore_sup_gpt_long_1_run_7_196.yaml
[bump_counter-3] [INFO] [1776699420.364607291] [bump_counter]: [global] global_mode=True cooldown(robot)=0.80s cooldown(obs)=0.50s Logging to /home/ecem/ros2_ws/src/Leo_sct/results_exp/explore/long/prompt_1/run_7/middle_circle/trial_1/run_20260420_173659/bumps_global_173700.csv
[robot_supervisor-10] [INFO] [1776699420.393778561] [robot_1.robot_supervisor]: Loaded initial mission 'explore' from explicit YAML explore_sup_gpt_long_1_run_7_196.yaml
[robot_supervisor-16] [INFO] [1776699420.396216541] [robot_3.robot_supervisor]: Selected controllable event: EV_random_walk
[parameter_bridge-4] [INFO] [1776699420.396570798] [all_robots_bridge]: Passing message from ROS geometry_msgs/msg/Twist to Gazebo gz.msgs.Twist (showing msg only once per type)
[robot_supervisor-13] [INFO] [1776699420.409041631] [robot_2.robot_supervisor]: Loaded initial mission 'explore' from explicit YAML explore_sup_gpt_long_1_run_7_196.yaml
[create-6] [INFO] [1776699420.414255529] [robot_0.ros_gz_sim]: Waiting messages on topic [/robot_0/robot_description].
[robot_supervisor-19] [INFO] [1776699420.425994128] [robot_4.robot_supervisor]: Loaded initial mission 'explore' from explicit YAML explore_sup_gpt_long_1_run_7_196.yaml
[robot_supervisor-7] [INFO] [1776699420.436050750] [robot_0.robot_supervisor]: Loaded initial mission 'explore' from explicit YAML explore_sup_gpt_long_1_run_7_196.yaml
[robot_supervisor-10] [INFO] [1776699420.500386238] [robot_1.robot_supervisor]: Selected controllable event: EV_random_walk
[create-15] [INFO] [1776699420.514456122] [robot_3.ros_gz_sim]: Waiting messages on topic [/robot_3/robot_description].
[robot_supervisor-13] [INFO] [1776699420.515420751] [robot_2.robot_supervisor]: Selected controllable event: EV_random_walk
[robot_supervisor-19] [INFO] [1776699420.532653879] [robot_4.robot_supervisor]: Selected controllable event: EV_random_walk
[robot_supervisor-7] [INFO] [1776699420.543124511] [robot_0.robot_supervisor]: Selected controllable event: EV_random_walk
[create-6] [INFO] [1776699420.613841333] [robot_0.ros_gz_sim]: Requested creation of entity.
[create-6] [INFO] [1776699420.613921210] [robot_0.ros_gz_sim]: OK creation of entity.
[create-18] [INFO] [1776699420.615001842] [robot_4.ros_gz_sim]: Waiting messages on topic [/robot_4/robot_description].
[robot_supervisor-16] [INFO] [1776699420.696114316] [robot_3.robot_supervisor]: Selected controllable event: EV_move_forward
[create-9] [INFO] [1776699420.714992989] [robot_1.ros_gz_sim]: Waiting messages on topic [/robot_1/robot_description].
[INFO] [create-6]: process has finished cleanly [pid 24743]
[robot_supervisor-10] [INFO] [1776699420.800351300] [robot_1.robot_supervisor]: Selected controllable event: EV_move_forward
[create-15] [INFO] [1776699420.814302608] [robot_3.ros_gz_sim]: Requested creation of entity.
[create-15] [INFO] [1776699420.814354253] [robot_3.ros_gz_sim]: OK creation of entity.
[create-18] [INFO] [1776699420.814325108] [robot_4.ros_gz_sim]: Requested creation of entity.
[create-18] [INFO] [1776699420.814364263] [robot_4.ros_gz_sim]: OK creation of entity.
[create-9] [INFO] [1776699420.814507325] [robot_1.ros_gz_sim]: Requested creation of entity.
[create-9] [INFO] [1776699420.814557199] [robot_1.ros_gz_sim]: OK creation of entity.
[create-12] [INFO] [1776699420.814916537] [robot_2.ros_gz_sim]: Waiting messages on topic [/robot_2/robot_description].
[robot_supervisor-13] [INFO] [1776699420.815474686] [robot_2.robot_supervisor]: Selected controllable event: EV_move_forward
[create-12] [INFO] [1776699420.818207420] [robot_2.ros_gz_sim]: Requested creation of entity.
[create-12] [INFO] [1776699420.818238807] [robot_2.ros_gz_sim]: OK creation of entity.
[robot_supervisor-19] [INFO] [1776699420.832527729] [robot_4.robot_supervisor]: Selected controllable event: EV_move_forward
[robot_supervisor-7] [INFO] [1776699420.842852266] [robot_0.robot_supervisor]: Selected controllable event: EV_move_forward
[INFO] [create-18]: process has finished cleanly [pid 24775]
[INFO] [create-15]: process has finished cleanly [pid 24765]
[INFO] [create-9]: process has finished cleanly [pid 24751]
[INFO] [create-12]: process has finished cleanly [pid 24757]
[bump_counter-3] [INFO] [1776699421.434995662] [bump_counter]: [global] subscribed: /world/random_world/model/robot_0/link/robot_0/base_footprint/sensor/contact_sensor/contact
[bump_counter-3] [INFO] [1776699421.437091156] [bump_counter]: [global] subscribed: /world/random_world/model/robot_1/link/robot_1/base_footprint/sensor/contact_sensor/contact
[bump_counter-3] [INFO] [1776699421.437903772] [bump_counter]: [global] subscribed: /world/random_world/model/robot_2/link/robot_2/base_footprint/sensor/contact_sensor/contact
[bump_counter-3] [INFO] [1776699421.438567211] [bump_counter]: [global] subscribed: /world/random_world/model/robot_3/link/robot_3/base_footprint/sensor/contact_sensor/contact
[bump_counter-3] [INFO] [1776699421.439286346] [bump_counter]: [global] subscribed: /world/random_world/model/robot_4/link/robot_4/base_footprint/sensor/contact_sensor/contact
[INFO] [image_processor-21]: process started with pid [25128]
[INFO] [image_processor-22]: process started with pid [25130]
[INFO] [image_processor-23]: process started with pid [25132]
[INFO] [image_processor-24]: process started with pid [25134]
[INFO] [image_processor-25]: process started with pid [25136]
[image_processor-25] [INFO] [1776699421.992175443] [robot_4.image_processor]: image_processor: depth='/robot_4/depth_camera/depth_image' aruco_runtime=disabled
[image_processor-24] [INFO] [1776699421.992426091] [robot_3.image_processor]: image_processor: depth='/robot_3/depth_camera/depth_image' aruco_runtime=disabled
[image_processor-21] [INFO] [1776699421.992704486] [robot_0.image_processor]: image_processor: depth='/robot_0/depth_camera/depth_image' aruco_runtime=disabled
[image_processor-23] [INFO] [1776699421.993305556] [robot_2.image_processor]: image_processor: depth='/robot_2/depth_camera/depth_image' aruco_runtime=disabled
[image_processor-22] [INFO] [1776699421.994906416] [robot_1.image_processor]: image_processor: depth='/robot_1/depth_camera/depth_image' aruco_runtime=disabled
[image_processor-21] [INFO] [1776699425.574055693] [robot_0.image_processor]: Zone=CLEAR  left[p=1.026 near=0 v=7650]  front[p=1.493 near=0 v=13500]  right[p=2.221 near=0 v=7740]
[image_processor-25] [INFO] [1776699425.591438521] [robot_4.image_processor]: Zone=CLEAR  left[p=2.299 near=0 v=7157]  front[p=2.450 near=0 v=13239]  right[p=3.007 near=0 v=7740]
[image_processor-22] [INFO] [1776699425.599441822] [robot_1.image_processor]: Zone=CLEAR  left[p=3.007 near=0 v=7650]  front[p=3.426 near=0 v=13244]  right[p=2.532 near=0 v=7517]
[image_processor-23] [INFO] [1776699425.608002685] [robot_2.image_processor]: Zone=CLEAR  left[p=1.875 near=0 v=7650]  front[p=2.263 near=0 v=12349]  right[p=1.628 near=0 v=7740]
[image_processor-24] [INFO] [1776699425.683330475] [robot_3.image_processor]: Zone=CLEAR  left[p=0.894 near=0 v=7620]  front[p=3.072 near=0 v=13297]  right[p=2.913 near=0 v=7740]
[image_processor-21] [INFO] [1776699428.074543904] [robot_0.image_processor]: Zone=CLEAR
[image_processor-24] [INFO] [1776699428.083449853] [robot_3.image_processor]: Zone=CLEAR
[image_processor-25] [INFO] [1776699428.091964839] [robot_4.image_processor]: Zone=CLEAR
[image_processor-22] [INFO] [1776699428.102580794] [robot_1.image_processor]: Zone=CLEAR
[image_processor-23] [INFO] [1776699428.111941043] [robot_2.image_processor]: Zone=CLEAR
[image_processor-21] [INFO] [1776699430.573331327] [robot_0.image_processor]: Zone=CLEAR
[image_processor-24] [INFO] [1776699430.582257168] [robot_3.image_processor]: Zone=CLEAR
[image_processor-25] [INFO] [1776699430.593170692] [robot_4.image_processor]: Zone=CLEAR
[image_processor-22] [INFO] [1776699430.601447421] [robot_1.image_processor]: Zone=CLEAR
[image_processor-23] [INFO] [1776699430.610688090] [robot_2.image_processor]: Zone=CLEAR
[image_processor-21] [INFO] [1776699433.074429968] [robot_0.image_processor]: Zone=CLEAR
[image_processor-24] [INFO] [1776699433.086933470] [robot_3.image_processor]: Zone=CLEAR
[image_processor-25] [INFO] [1776699433.094214465] [robot_4.image_processor]: Zone=CLEAR
[image_processor-22] [INFO] [1776699433.103743582] [robot_1.image_processor]: Zone=CLEAR
[image_processor-23] [INFO] [1776699433.112314687] [robot_2.image_processor]: Zone=CLEAR
[image_processor-21] [INFO] [1776699435.572588672] [robot_0.image_processor]: Zone=CLEAR
[image_processor-24] [INFO] [1776699435.585617781] [robot_3.image_processor]: Zone=CLEAR
[image_processor-25] [INFO] [1776699435.593420825] [robot_4.image_processor]: Zone=CLEAR
[image_processor-22] [INFO] [1776699435.607246221] [robot_1.image_processor]: Zone=CLEAR
[image_processor-23] [INFO] [1776699435.623361591] [robot_2.image_processor]: Zone=CLEAR
[image_processor-21] [INFO] [1776699438.072232590] [robot_0.image_processor]: Zone=CLEAR
[image_processor-25] [INFO] [1776699438.092373296] [robot_4.image_processor]: Zone=CLEAR
[image_processor-22] [INFO] [1776699438.101103825] [robot_1.image_processor]: Zone=CLEAR
[image_processor-23] [INFO] [1776699438.109662199] [robot_2.image_processor]: Zone=CLEAR
[image_processor-24] [INFO] [1776699438.182353776] [robot_3.image_processor]: Zone=CLEAR
[image_processor-21] [INFO] [1776699440.573925934] [robot_0.image_processor]: Zone=CLEAR
[image_processor-25] [INFO] [1776699440.589142409] [robot_4.image_processor]: Zone=CLEAR
[image_processor-22] [INFO] [1776699440.598835642] [robot_1.image_processor]: Zone=CLEAR
[image_processor-23] [INFO] [1776699440.608262326] [robot_2.image_processor]: Zone=CLEAR
[image_processor-24] [INFO] [1776699440.682300663] [robot_3.image_processor]: Zone=CLEAR
[image_processor-21] [INFO] [1776699443.074174470] [robot_0.image_processor]: Zone=CLEAR
[image_processor-24] [INFO] [1776699443.085057652] [robot_3.image_processor]: Zone=CLEAR
[image_processor-25] [INFO] [1776699443.096791621] [robot_4.image_processor]: Zone=CLEAR
[image_processor-22] [INFO] [1776699443.106073324] [robot_1.image_processor]: Zone=CLEAR
[image_processor-23] [INFO] [1776699443.114055353] [robot_2.image_processor]: Zone=CLEAR
[image_processor-21] [INFO] [1776699445.574377183] [robot_0.image_processor]: Zone=CLEAR
[image_processor-24] [INFO] [1776699445.581484555] [robot_3.image_processor]: Zone=CLEAR
[image_processor-22] [INFO] [1776699445.598157434] [robot_1.image_processor]: Zone=CLEAR
[image_processor-23] [INFO] [1776699445.606942529] [robot_2.image_processor]: Zone=CLEAR
[image_processor-25] [INFO] [1776699445.690646635] [robot_4.image_processor]: Zone=CLEAR
[image_processor-21] [INFO] [1776699448.076202390] [robot_0.image_processor]: Zone=CLEAR
[image_processor-24] [INFO] [1776699448.084286794] [robot_3.image_processor]: Zone=CLEAR
[image_processor-25] [INFO] [1776699448.092918133] [robot_4.image_processor]: Zone=CLEAR
[image_processor-22] [INFO] [1776699448.101664147] [robot_1.image_processor]: Zone=CLEAR
[image_processor-23] [INFO] [1776699448.110020425] [robot_2.image_processor]: Zone=CLEAR
[image_processor-21] [INFO] [1776699450.573262280] [robot_0.image_processor]: Zone=CLEAR
[image_processor-24] [INFO] [1776699450.583657156] [robot_3.image_processor]: Zone=CLEAR
[image_processor-25] [INFO] [1776699450.593383624] [robot_4.image_processor]: Zone=CLEAR
[image_processor-22] [INFO] [1776699450.607430638] [robot_1.image_processor]: Zone=CLEAR
[image_processor-23] [INFO] [1776699450.618029393] [robot_2.image_processor]: Zone=CLEAR
[image_processor-21] [INFO] [1776699453.073629236] [robot_0.image_processor]: Zone=CLEAR
[image_processor-24] [INFO] [1776699453.081982985] [robot_3.image_processor]: Zone=CLEAR
[image_processor-25] [INFO] [1776699453.090111871] [robot_4.image_processor]: Zone=CLEAR
[image_processor-22] [INFO] [1776699453.099364255] [robot_1.image_processor]: Zone=CLEAR
[image_processor-23] [INFO] [1776699453.109097901] [robot_2.image_processor]: Zone=CLEAR
[image_processor-21] [INFO] [1776699455.572553736] [robot_0.image_processor]: Zone=CLEAR
[image_processor-24] [INFO] [1776699455.583301902] [robot_3.image_processor]: Zone=CLEAR
[image_processor-25] [INFO] [1776699455.592414866] [robot_4.image_processor]: Zone=CLEAR
[image_processor-22] [INFO] [1776699455.601361230] [robot_1.image_processor]: Zone=CLEAR
[image_processor-23] [INFO] [1776699455.611347354] [robot_2.image_processor]: Zone=CLEAR
[image_processor-21] [INFO] [1776699458.075539116] [robot_0.image_processor]: Zone=CLEAR
[image_processor-24] [INFO] [1776699458.086881564] [robot_3.image_processor]: Zone=CLEAR
[image_processor-25] [INFO] [1776699458.094333901] [robot_4.image_processor]: Zone=CLEAR
[image_processor-22] [INFO] [1776699458.103417841] [robot_1.image_processor]: Zone=CLEAR
[image_processor-23] [INFO] [1776699458.112046401] [robot_2.image_processor]: Zone=CLEAR
[image_processor-21] [INFO] [1776699460.572749176] [robot_0.image_processor]: Zone=CLEAR
[image_processor-24] [INFO] [1776699460.580917787] [robot_3.image_processor]: Zone=CLEAR
[image_processor-25] [INFO] [1776699460.589281767] [robot_4.image_processor]: Zone=CLEAR
[image_processor-22] [INFO] [1776699460.597925336] [robot_1.image_processor]: Zone=CLEAR
[image_processor-23] [INFO] [1776699460.608852011] [robot_2.image_processor]: Zone=CLEAR
[image_processor-21] [INFO] [1776699463.075997365] [robot_0.image_processor]: Zone=CLEAR
[image_processor-22] [INFO] [1776699463.100400316] [robot_1.image_processor]: Zone=CLEAR
[image_processor-23] [INFO] [1776699463.107728459] [robot_2.image_processor]: Zone=CLEAR
[image_processor-24] [INFO] [1776699463.186458799] [robot_3.image_processor]: Zone=CLEAR
[image_processor-25] [INFO] [1776699463.192715397] [robot_4.image_processor]: Zone=CLEAR
[image_processor-21] [INFO] [1776699465.573287414] [robot_0.image_processor]: Zone=CLEAR
[image_processor-24] [INFO] [1776699465.582580950] [robot_3.image_processor]: Zone=CLEAR
[image_processor-25] [INFO] [1776699465.590190329] [robot_4.image_processor]: Zone=CLEAR
[image_processor-22] [INFO] [1776699465.598897129] [robot_1.image_processor]: Zone=CLEAR
[image_processor-23] [INFO] [1776699465.607085610] [robot_2.image_processor]: Zone=CLEAR
[image_processor-21] [INFO] [1776699468.070970326] [robot_0.image_processor]: Zone=CLEAR
[image_processor-24] [INFO] [1776699468.081581693] [robot_3.image_processor]: Zone=CLEAR
[image_processor-25] [INFO] [1776699468.090617566] [robot_4.image_processor]: Zone=CLEAR
[image_processor-23] [INFO] [1776699468.109743342] [robot_2.image_processor]: Zone=CLEAR
[image_processor-22] [INFO] [1776699468.201355068] [robot_1.image_processor]: Zone=CLEAR
[image_processor-24] [INFO] [1776699470.586466458] [robot_3.image_processor]: Zone=CLEAR
[image_processor-25] [INFO] [1776699470.594554797] [robot_4.image_processor]: Zone=CLEAR
[image_processor-22] [INFO] [1776699470.603513781] [robot_1.image_processor]: Zone=CLEAR
[image_processor-23] [INFO] [1776699470.613324860] [robot_2.image_processor]: Zone=CLEAR
[image_processor-21] [INFO] [1776699470.679295674] [robot_0.image_processor]: Zone=CLEAR
[image_processor-21] [INFO] [1776699473.075563480] [robot_0.image_processor]: Zone=CLEAR
[image_processor-24] [INFO] [1776699473.082681063] [robot_3.image_processor]: Zone=CLEAR
[image_processor-25] [INFO] [1776699473.095064456] [robot_4.image_processor]: Zone=CLEAR
[image_processor-23] [INFO] [1776699473.112403507] [robot_2.image_processor]: Zone=CLEAR
[image_processor-22] [INFO] [1776699473.204895856] [robot_1.image_processor]: Zone=CLEAR
[image_processor-21] [INFO] [1776699475.574530465] [robot_0.image_processor]: Zone=CLEAR
[image_processor-24] [INFO] [1776699475.582769622] [robot_3.image_processor]: Zone=CLEAR
[image_processor-25] [INFO] [1776699475.590192000] [robot_4.image_processor]: Zone=CLEAR
[image_processor-22] [INFO] [1776699475.600469776] [robot_1.image_processor]: Zone=CLEAR
[image_processor-23] [INFO] [1776699475.609561332] [robot_2.image_processor]: Zone=CLEAR
[image_processor-21] [INFO] [1776699478.072279053] [robot_0.image_processor]: Zone=CLEAR
[image_processor-24] [INFO] [1776699478.081878296] [robot_3.image_processor]: Zone=CLEAR
[image_processor-25] [INFO] [1776699478.090354354] [robot_4.image_processor]: Zone=CLEAR
[image_processor-22] [INFO] [1776699478.100323502] [robot_1.image_processor]: Zone=CLEAR
[image_processor-23] [INFO] [1776699478.108093552] [robot_2.image_processor]: Zone=CLEAR
[image_processor-25] [INFO] [1776699480.594209436] [robot_4.image_processor]: Zone=CLEAR
[image_processor-22] [INFO] [1776699480.605750904] [robot_1.image_processor]: Zone=CLEAR
[image_processor-23] [INFO] [1776699480.616395533] [robot_2.image_processor]: Zone=CLEAR
[image_processor-21] [INFO] [1776699480.675382209] [robot_0.image_processor]: Zone=CLEAR
[image_processor-24] [INFO] [1776699480.684486661] [robot_3.image_processor]: Zone=CLEAR
[image_processor-24] [INFO] [1776699483.080551691] [robot_3.image_processor]: Zone=CLEAR
[image_processor-25] [INFO] [1776699483.090336667] [robot_4.image_processor]: Zone=CLEAR
[image_processor-22] [INFO] [1776699483.103436302] [robot_1.image_processor]: Zone=CLEAR
[image_processor-23] [INFO] [1776699483.112173077] [robot_2.image_processor]: Zone=CLEAR
[image_processor-21] [INFO] [1776699483.175114775] [robot_0.image_processor]: Zone=CLEAR
[image_processor-21] [INFO] [1776699485.574688258] [robot_0.image_processor]: Zone=CLEAR
[image_processor-24] [INFO] [1776699485.585023351] [robot_3.image_processor]: Zone=CLEAR
[image_processor-25] [INFO] [1776699485.594259127] [robot_4.image_processor]: Zone=CLEAR
[image_processor-22] [INFO] [1776699485.609503980] [robot_1.image_processor]: Zone=CLEAR
[image_processor-23] [INFO] [1776699485.624348037] [robot_2.image_processor]: Zone=CLEAR
[image_processor-21] [INFO] [1776699488.075245562] [robot_0.image_processor]: Zone=CLEAR
[image_processor-24] [INFO] [1776699488.082030768] [robot_3.image_processor]: Zone=CLEAR
[image_processor-25] [INFO] [1776699488.091983661] [robot_4.image_processor]: Zone=CLEAR
[image_processor-22] [INFO] [1776699488.101420430] [robot_1.image_processor]: Zone=CLEAR
[image_processor-23] [INFO] [1776699488.110250741] [robot_2.image_processor]: Zone=CLEAR
[image_processor-21] [INFO] [1776699490.575224155] [robot_0.image_processor]: Zone=CLEAR
[image_processor-24] [INFO] [1776699490.582620452] [robot_3.image_processor]: Zone=CLEAR
[image_processor-25] [INFO] [1776699490.592333761] [robot_4.image_processor]: Zone=CLEAR
[image_processor-22] [INFO] [1776699490.605983083] [robot_1.image_processor]: Zone=CLEAR
[image_processor-23] [INFO] [1776699490.614770996] [robot_2.image_processor]: Zone=CLEAR
[image_processor-21] [INFO] [1776699493.073689464] [robot_0.image_processor]: Zone=CLEAR
[image_processor-24] [INFO] [1776699493.082977277] [robot_3.image_processor]: Zone=CLEAR
[image_processor-25] [INFO] [1776699493.091581557] [robot_4.image_processor]: Zone=CLEAR
[image_processor-22] [INFO] [1776699493.103343297] [robot_1.image_processor]: Zone=CLEAR
[image_processor-23] [INFO] [1776699493.111625728] [robot_2.image_processor]: Zone=CLEAR
[image_processor-21] [INFO] [1776699495.577706791] [robot_0.image_processor]: Zone=CLEAR
[image_processor-24] [INFO] [1776699495.587420431] [robot_3.image_processor]: Zone=CLEAR
[image_processor-25] [INFO] [1776699495.594912200] [robot_4.image_processor]: Zone=CLEAR
[image_processor-22] [INFO] [1776699495.606248595] [robot_1.image_processor]: Zone=CLEAR
[image_processor-23] [INFO] [1776699495.614249023] [robot_2.image_processor]: Zone=CLEAR
[image_processor-21] [INFO] [1776699498.072390107] [robot_0.image_processor]: Zone=CLEAR
[image_processor-24] [INFO] [1776699498.078911717] [robot_3.image_processor]: Zone=CLEAR
[image_processor-25] [INFO] [1776699498.086500967] [robot_4.image_processor]: Zone=CLEAR
[image_processor-22] [INFO] [1776699498.094511794] [robot_1.image_processor]: Zone=CLEAR
[image_processor-23] [INFO] [1776699498.101103986] [robot_2.image_processor]: Zone=CLEAR
[image_processor-21] [INFO] [1776699500.573356286] [robot_0.image_processor]: Zone=CLEAR
[image_processor-24] [INFO] [1776699500.583517605] [robot_3.image_processor]: Zone=CLEAR
[image_processor-25] [INFO] [1776699500.591910589] [robot_4.image_processor]: Zone=CLEAR
[image_processor-22] [INFO] [1776699500.603389508] [robot_1.image_processor]: Zone=CLEAR
[image_processor-23] [INFO] [1776699500.614533889] [robot_2.image_processor]: Zone=CLEAR
[image_processor-21] [INFO] [1776699503.077818309] [robot_0.image_processor]: Zone=CLEAR
[image_processor-24] [INFO] [1776699503.090148108] [robot_3.image_processor]: Zone=CLEAR
[image_processor-25] [INFO] [1776699503.098845784] [robot_4.image_processor]: Zone=CLEAR
[image_processor-22] [INFO] [1776699503.114272290] [robot_1.image_processor]: Zone=CLEAR
[image_processor-23] [INFO] [1776699503.129590353] [robot_2.image_processor]: Zone=CLEAR
[image_processor-21] [INFO] [1776699505.577041164] [robot_0.image_processor]: Zone=CLEAR
[image_processor-24] [INFO] [1776699505.585874448] [robot_3.image_processor]: Zone=CLEAR
[image_processor-25] [INFO] [1776699505.593755724] [robot_4.image_processor]: Zone=CLEAR
[image_processor-22] [INFO] [1776699505.605215990] [robot_1.image_processor]: Zone=CLEAR
[image_processor-23] [INFO] [1776699505.613667881] [robot_2.image_processor]: Zone=CLEAR
[image_processor-21] [INFO] [1776699508.073185344] [robot_0.image_processor]: Zone=CLEAR
[image_processor-24] [INFO] [1776699508.080678938] [robot_3.image_processor]: Zone=CLEAR
[image_processor-25] [INFO] [1776699508.092386324] [robot_4.image_processor]: Zone=CLEAR
[image_processor-22] [INFO] [1776699508.103091052] [robot_1.image_processor]: Zone=CLEAR
[image_processor-23] [INFO] [1776699508.111056353] [robot_2.image_processor]: Zone=CLEAR
[image_processor-21] [INFO] [1776699510.576212960] [robot_0.image_processor]: Zone=CLEAR
[image_processor-24] [INFO] [1776699510.586536318] [robot_3.image_processor]: Zone=CLEAR
[image_processor-25] [INFO] [1776699510.595266216] [robot_4.image_processor]: Zone=CLEAR
[image_processor-22] [INFO] [1776699510.607667411] [robot_1.image_processor]: Zone=CLEAR
[image_processor-23] [INFO] [1776699510.615009935] [robot_2.image_processor]: Zone=CLEAR
[image_processor-21] [INFO] [1776699513.074071182] [robot_0.image_processor]: Zone=CLEAR
[image_processor-24] [INFO] [1776699513.082148002] [robot_3.image_processor]: Zone=CLEAR
[image_processor-25] [INFO] [1776699513.089693737] [robot_4.image_processor]: Zone=CLEAR
[image_processor-22] [INFO] [1776699513.098763954] [robot_1.image_processor]: Zone=CLEAR
[image_processor-23] [INFO] [1776699513.208667613] [robot_2.image_processor]: Zone=CLEAR
[image_processor-21] [INFO] [1776699515.575125635] [robot_0.image_processor]: Zone=CLEAR
[image_processor-24] [INFO] [1776699515.583768496] [robot_3.image_processor]: Zone=CLEAR
[image_processor-22] [INFO] [1776699515.599257030] [robot_1.image_processor]: Zone=CLEAR
[image_processor-23] [INFO] [1776699515.608588557] [robot_2.image_processor]: Zone=CLEAR
[image_processor-25] [INFO] [1776699515.691790844] [robot_4.image_processor]: Zone=CLEAR
[image_processor-21] [INFO] [1776699518.074366336] [robot_0.image_processor]: Zone=CLEAR
[image_processor-24] [INFO] [1776699518.080655335] [robot_3.image_processor]: Zone=CLEAR
[image_processor-25] [INFO] [1776699518.088960770] [robot_4.image_processor]: Zone=CLEAR
[image_processor-22] [INFO] [1776699518.097396834] [robot_1.image_processor]: Zone=CLEAR
[image_processor-23] [INFO] [1776699518.105815323] [robot_2.image_processor]: Zone=CLEAR
[image_processor-21] [INFO] [1776699520.573001949] [robot_0.image_processor]: Zone=CLEAR
[image_processor-24] [INFO] [1776699520.581462841] [robot_3.image_processor]: Zone=CLEAR
[image_processor-25] [INFO] [1776699520.588985281] [robot_4.image_processor]: Zone=CLEAR
[image_processor-22] [INFO] [1776699520.699532137] [robot_1.image_processor]: Zone=CLEAR
[image_processor-23] [INFO] [1776699520.706757463] [robot_2.image_processor]: Zone=CLEAR
[image_processor-21] [INFO] [1776699523.074868621] [robot_0.image_processor]: Zone=CLEAR
[image_processor-24] [INFO] [1776699523.084981436] [robot_3.image_processor]: Zone=CLEAR
[image_processor-22] [INFO] [1776699523.100853725] [robot_1.image_processor]: Zone=CLEAR
[image_processor-23] [INFO] [1776699523.107569077] [robot_2.image_processor]: Zone=CLEAR
[image_processor-25] [INFO] [1776699523.193828283] [robot_4.image_processor]: Zone=CLEAR
[image_processor-25] [INFO] [1776699525.589371112] [robot_4.image_processor]: Zone=CLEAR
[image_processor-22] [INFO] [1776699525.596796402] [robot_1.image_processor]: Zone=CLEAR
[image_processor-23] [INFO] [1776699525.605255854] [robot_2.image_processor]: Zone=CLEAR
[image_processor-21] [INFO] [1776699525.675252611] [robot_0.image_processor]: Zone=CLEAR
[image_processor-24] [INFO] [1776699525.681721525] [robot_3.image_processor]: Zone=CLEAR
[image_processor-21] [INFO] [1776699528.075775881] [robot_0.image_processor]: Zone=CLEAR
[image_processor-24] [INFO] [1776699528.082547210] [robot_3.image_processor]: Zone=CLEAR
[image_processor-25] [INFO] [1776699528.094858708] [robot_4.image_processor]: Zone=CLEAR
[image_processor-23] [INFO] [1776699528.114657069] [robot_2.image_processor]: Zone=CLEAR
[image_processor-22] [INFO] [1776699528.206828888] [robot_1.image_processor]: Zone=CLEAR
[image_processor-21] [INFO] [1776699530.574895909] [robot_0.image_processor]: Zone=CLEAR
[image_processor-22] [INFO] [1776699530.598505286] [robot_1.image_processor]: Zone=CLEAR
[image_processor-23] [INFO] [1776699530.607407830] [robot_2.image_processor]: Zone=CLEAR
[image_processor-24] [INFO] [1776699530.682701117] [robot_3.image_processor]: Zone=CLEAR
[image_processor-25] [INFO] [1776699530.691699734] [robot_4.image_processor]: Zone=CLEAR
[image_processor-21] [INFO] [1776699533.074845647] [robot_0.image_processor]: Zone=CLEAR
[image_processor-24] [INFO] [1776699533.084971799] [robot_3.image_processor]: Zone=CLEAR
[image_processor-25] [INFO] [1776699533.093617144] [robot_4.image_processor]: Zone=CLEAR
[image_processor-22] [INFO] [1776699533.103723360] [robot_1.image_processor]: Zone=CLEAR
[image_processor-23] [INFO] [1776699533.112983667] [robot_2.image_processor]: Zone=CLEAR
[image_processor-21] [INFO] [1776699535.579779646] [robot_0.image_processor]: Zone=CLEAR
[image_processor-24] [INFO] [1776699535.592373520] [robot_3.image_processor]: Zone=CLEAR
[image_processor-25] [INFO] [1776699535.601802521] [robot_4.image_processor]: Zone=CLEAR
[image_processor-22] [INFO] [1776699535.610640727] [robot_1.image_processor]: Zone=CLEAR
[image_processor-23] [INFO] [1776699535.622854082] [robot_2.image_processor]: Zone=CLEAR
[image_processor-21] [INFO] [1776699538.073101790] [robot_0.image_processor]: Zone=CLEAR
[image_processor-24] [INFO] [1776699538.083640602] [robot_3.image_processor]: Zone=CLEAR
[image_processor-25] [INFO] [1776699538.093153665] [robot_4.image_processor]: Zone=CLEAR
[image_processor-22] [INFO] [1776699538.102166532] [robot_1.image_processor]: Zone=CLEAR
[image_processor-23] [INFO] [1776699538.110366727] [robot_2.image_processor]: Zone=CLEAR
[image_processor-21] [INFO] [1776699540.575707168] [robot_0.image_processor]: Zone=CLEAR
[image_processor-24] [INFO] [1776699540.581796444] [robot_3.image_processor]: Zone=CLEAR
[image_processor-25] [INFO] [1776699540.589372481] [robot_4.image_processor]: Zone=CLEAR
[image_processor-22] [INFO] [1776699540.597232897] [robot_1.image_processor]: Zone=CLEAR
[image_processor-23] [INFO] [1776699540.605168505] [robot_2.image_processor]: Zone=CLEAR
[image_processor-21] [INFO] [1776699543.071902123] [robot_0.image_processor]: Zone=CLEAR
[image_processor-24] [INFO] [1776699543.082502842] [robot_3.image_processor]: Zone=CLEAR
[image_processor-25] [INFO] [1776699543.093450010] [robot_4.image_processor]: Zone=CLEAR
[image_processor-22] [INFO] [1776699543.101663176] [robot_1.image_processor]: Zone=CLEAR
[image_processor-23] [INFO] [1776699543.111316604] [robot_2.image_processor]: Zone=CLEAR
[image_processor-21] [INFO] [1776699545.574371971] [robot_0.image_processor]: Zone=CLEAR
[image_processor-24] [INFO] [1776699545.582746548] [robot_3.image_processor]: Zone=CLEAR
[image_processor-25] [INFO] [1776699545.592012775] [robot_4.image_processor]: Zone=CLEAR
[image_processor-22] [INFO] [1776699545.601275966] [robot_1.image_processor]: Zone=CLEAR
[image_processor-23] [INFO] [1776699545.609310774] [robot_2.image_processor]: Zone=CLEAR
[image_processor-21] [INFO] [1776699548.072176336] [robot_0.image_processor]: Zone=CLEAR
[image_processor-24] [INFO] [1776699548.080457994] [robot_3.image_processor]: Zone=CLEAR
[image_processor-25] [INFO] [1776699548.091275137] [robot_4.image_processor]: Zone=CLEAR
[image_processor-22] [INFO] [1776699548.100432120] [robot_1.image_processor]: Zone=CLEAR
[image_processor-23] [INFO] [1776699548.212616732] [robot_2.image_processor]: Zone=CLEAR
[image_processor-21] [INFO] [1776699550.575386959] [robot_0.image_processor]: Zone=CLEAR
[image_processor-24] [INFO] [1776699550.584692883] [robot_3.image_processor]: Zone=CLEAR
[image_processor-25] [INFO] [1776699550.593159736] [robot_4.image_processor]: Zone=CLEAR
[image_processor-22] [INFO] [1776699550.601337837] [robot_1.image_processor]: Zone=CLEAR
[image_processor-23] [INFO] [1776699550.612551339] [robot_2.image_processor]: Zone=CLEAR
[image_processor-21] [INFO] [1776699553.073868708] [robot_0.image_processor]: Zone=CLEAR
[image_processor-24] [INFO] [1776699553.081142522] [robot_3.image_processor]: Zone=CLEAR
[image_processor-25] [INFO] [1776699553.089388570] [robot_4.image_processor]: Zone=CLEAR
[image_processor-22] [INFO] [1776699553.097604235] [robot_1.image_processor]: Zone=CLEAR
[image_processor-23] [INFO] [1776699553.108283125] [robot_2.image_processor]: Zone=CLEAR
[image_processor-21] [INFO] [1776699555.573899686] [robot_0.image_processor]: Zone=CLEAR
[image_processor-24] [INFO] [1776699555.582652063] [robot_3.image_processor]: Zone=CLEAR
[image_processor-22] [INFO] [1776699555.598409566] [robot_1.image_processor]: Zone=CLEAR
[image_processor-23] [INFO] [1776699555.605692881] [robot_2.image_processor]: Zone=CLEAR
[image_processor-25] [INFO] [1776699555.691268231] [robot_4.image_processor]: Zone=CLEAR
[image_processor-21] [INFO] [1776699558.075573891] [robot_0.image_processor]: Zone=CLEAR
[image_processor-24] [INFO] [1776699558.082976330] [robot_3.image_processor]: Zone=CLEAR
[image_processor-25] [INFO] [1776699558.098445523] [robot_4.image_processor]: Zone=CLEAR
[image_processor-22] [INFO] [1776699558.113292214] [robot_1.image_processor]: Zone=CLEAR
[image_processor-23] [INFO] [1776699558.125385453] [robot_2.image_processor]: Zone=CLEAR
[image_processor-21] [INFO] [1776699560.573231897] [robot_0.image_processor]: Zone=CLEAR
[image_processor-24] [INFO] [1776699560.581833755] [robot_3.image_processor]: Zone=CLEAR
[image_processor-25] [INFO] [1776699560.595281718] [robot_4.image_processor]: Zone=CLEAR
[image_processor-22] [INFO] [1776699560.605350319] [robot_1.image_processor]: Zone=CLEAR
[image_processor-23] [INFO] [1776699560.613219543] [robot_2.image_processor]: Zone=CLEAR
[image_processor-21] [INFO] [1776699563.073323684] [robot_0.image_processor]: Zone=CLEAR
[image_processor-24] [INFO] [1776699563.080929312] [robot_3.image_processor]: Zone=CLEAR
[image_processor-25] [INFO] [1776699563.087684452] [robot_4.image_processor]: Zone=CLEAR
[image_processor-22] [INFO] [1776699563.095332269] [robot_1.image_processor]: Zone=CLEAR
[image_processor-23] [INFO] [1776699563.104521262] [robot_2.image_processor]: Zone=CLEAR
[image_processor-21] [INFO] [1776699565.575040719] [robot_0.image_processor]: Zone=CLEAR
[image_processor-24] [INFO] [1776699565.585607329] [robot_3.image_processor]: Zone=CLEAR
[image_processor-22] [INFO] [1776699565.600025159] [robot_1.image_processor]: Zone=CLEAR
[image_processor-23] [INFO] [1776699565.609102949] [robot_2.image_processor]: Zone=CLEAR
[image_processor-25] [INFO] [1776699565.693669430] [robot_4.image_processor]: Zone=CLEAR
[image_processor-21] [INFO] [1776699568.073532789] [robot_0.image_processor]: Zone=CLEAR
[image_processor-24] [INFO] [1776699568.082382863] [robot_3.image_processor]: Zone=CLEAR
[image_processor-25] [INFO] [1776699568.091273007] [robot_4.image_processor]: Zone=CLEAR
[image_processor-22] [INFO] [1776699568.100234930] [robot_1.image_processor]: Zone=CLEAR
[image_processor-23] [INFO] [1776699568.108689514] [robot_2.image_processor]: Zone=CLEAR
[image_processor-21] [INFO] [1776699570.577647436] [robot_0.image_processor]: Zone=CLEAR
[image_processor-24] [INFO] [1776699570.583944822] [robot_3.image_processor]: Zone=CLEAR
[image_processor-25] [INFO] [1776699570.592379375] [robot_4.image_processor]: Zone=CLEAR
[image_processor-22] [INFO] [1776699570.600803658] [robot_1.image_processor]: Zone=CLEAR
[image_processor-23] [INFO] [1776699570.607157697] [robot_2.image_processor]: Zone=CLEAR
[image_processor-21] [INFO] [1776699573.072737353] [robot_0.image_processor]: Zone=CLEAR
[image_processor-24] [INFO] [1776699573.081946133] [robot_3.image_processor]: Zone=CLEAR
[image_processor-25] [INFO] [1776699573.091718939] [robot_4.image_processor]: Zone=CLEAR
[image_processor-22] [INFO] [1776699573.098271107] [robot_1.image_processor]: Zone=CLEAR
[image_processor-23] [INFO] [1776699573.106589566] [robot_2.image_processor]: Zone=CLEAR
[image_processor-21] [INFO] [1776699575.574794693] [robot_0.image_processor]: Zone=CLEAR
[image_processor-24] [INFO] [1776699575.584526820] [robot_3.image_processor]: Zone=CLEAR
[image_processor-25] [INFO] [1776699575.593010078] [robot_4.image_processor]: Zone=CLEAR
[image_processor-22] [INFO] [1776699575.602084572] [robot_1.image_processor]: Zone=CLEAR
[image_processor-23] [INFO] [1776699575.610091637] [robot_2.image_processor]: Zone=CLEAR
[image_processor-21] [INFO] [1776699578.074780891] [robot_0.image_processor]: Zone=CLEAR
[image_processor-24] [INFO] [1776699578.081583614] [robot_3.image_processor]: Zone=CLEAR
[image_processor-25] [INFO] [1776699578.091149702] [robot_4.image_processor]: Zone=CLEAR
[image_processor-22] [INFO] [1776699578.101776611] [robot_1.image_processor]: Zone=CLEAR
[image_processor-23] [INFO] [1776699578.111181999] [robot_2.image_processor]: Zone=CLEAR
[image_processor-21] [INFO] [1776699580.573350255] [robot_0.image_processor]: Zone=CLEAR
[image_processor-24] [INFO] [1776699580.580104734] [robot_3.image_processor]: Zone=CLEAR
[image_processor-25] [INFO] [1776699580.590435460] [robot_4.image_processor]: Zone=CLEAR
[image_processor-23] [INFO] [1776699580.606825800] [robot_2.image_processor]: Zone=CLEAR
[image_processor-22] [INFO] [1776699580.699202087] [robot_1.image_processor]: Zone=CLEAR
[image_processor-21] [INFO] [1776699583.077213674] [robot_0.image_processor]: Zone=CLEAR
[image_processor-24] [INFO] [1776699583.086701535] [robot_3.image_processor]: Zone=CLEAR
[image_processor-25] [INFO] [1776699583.095017695] [robot_4.image_processor]: Zone=CLEAR
[image_processor-22] [INFO] [1776699583.103637700] [robot_1.image_processor]: Zone=CLEAR
[image_processor-23] [INFO] [1776699583.112753984] [robot_2.image_processor]: Zone=CLEAR
[image_processor-21] [INFO] [1776699585.573405150] [robot_0.image_processor]: Zone=CLEAR
[image_processor-24] [INFO] [1776699585.580494938] [robot_3.image_processor]: Zone=CLEAR
[image_processor-25] [INFO] [1776699585.589829049] [robot_4.image_processor]: Zone=CLEAR
[image_processor-22] [INFO] [1776699585.597266531] [robot_1.image_processor]: Zone=CLEAR
[image_processor-23] [INFO] [1776699585.605161203] [robot_2.image_processor]: Zone=CLEAR
[image_processor-21] [INFO] [1776699588.074536062] [robot_0.image_processor]: Zone=CLEAR
[image_processor-24] [INFO] [1776699588.083366791] [robot_3.image_processor]: Zone=CLEAR
[image_processor-25] [INFO] [1776699588.093198518] [robot_4.image_processor]: Zone=CLEAR
[image_processor-22] [INFO] [1776699588.100466090] [robot_1.image_processor]: Zone=CLEAR
[image_processor-23] [INFO] [1776699588.110361952] [robot_2.image_processor]: Zone=CLEAR
[image_processor-21] [INFO] [1776699590.572967820] [robot_0.image_processor]: Zone=CLEAR
[image_processor-24] [INFO] [1776699590.582197809] [robot_3.image_processor]: Zone=CLEAR
[image_processor-22] [INFO] [1776699590.601340678] [robot_1.image_processor]: Zone=CLEAR
[image_processor-23] [INFO] [1776699590.609869244] [robot_2.image_processor]: Zone=CLEAR
[image_processor-25] [INFO] [1776699590.694092079] [robot_4.image_processor]: Zone=CLEAR
[image_processor-21] [INFO] [1776699593.074336154] [robot_0.image_processor]: Zone=CLEAR
[image_processor-24] [INFO] [1776699593.082421139] [robot_3.image_processor]: Zone=CLEAR
[image_processor-25] [INFO] [1776699593.090822213] [robot_4.image_processor]: Zone=CLEAR
[image_processor-22] [INFO] [1776699593.098840009] [robot_1.image_processor]: Zone=CLEAR
[image_processor-23] [INFO] [1776699593.210326509] [robot_2.image_processor]: Zone=CLEAR
[image_processor-21] [INFO] [1776699595.573135754] [robot_0.image_processor]: Zone=CLEAR
[image_processor-25] [INFO] [1776699595.591903914] [robot_4.image_processor]: Zone=CLEAR
[image_processor-22] [INFO] [1776699595.601784787] [robot_1.image_processor]: Zone=CLEAR
[image_processor-23] [INFO] [1776699595.610733022] [robot_2.image_processor]: Zone=CLEAR
[image_processor-24] [INFO] [1776699595.684741792] [robot_3.image_processor]: Zone=CLEAR
[image_processor-21] [INFO] [1776699598.073332391] [robot_0.image_processor]: Zone=CLEAR
[image_processor-24] [INFO] [1776699598.082911164] [robot_3.image_processor]: Zone=CLEAR
[image_processor-25] [INFO] [1776699598.090692771] [robot_4.image_processor]: Zone=CLEAR
[image_processor-22] [INFO] [1776699598.099273499] [robot_1.image_processor]: Zone=CLEAR
[image_processor-23] [INFO] [1776699598.109491550] [robot_2.image_processor]: Zone=CLEAR
[image_processor-21] [INFO] [1776699600.574067931] [robot_0.image_processor]: Zone=CLEAR
[image_processor-24] [INFO] [1776699600.581787166] [robot_3.image_processor]: Zone=CLEAR
[image_processor-25] [INFO] [1776699600.594073431] [robot_4.image_processor]: Zone=CLEAR
[image_processor-22] [INFO] [1776699600.602007421] [robot_1.image_processor]: Zone=CLEAR
[image_processor-23] [INFO] [1776699600.613664839] [robot_2.image_processor]: Zone=CLEAR
[image_processor-21] [INFO] [1776699603.074295240] [robot_0.image_processor]: Zone=CLEAR
[image_processor-24] [INFO] [1776699603.082069534] [robot_3.image_processor]: Zone=CLEAR
[image_processor-25] [INFO] [1776699603.092127668] [robot_4.image_processor]: Zone=CLEAR
[image_processor-22] [INFO] [1776699603.102434448] [robot_1.image_processor]: Zone=CLEAR
[image_processor-23] [INFO] [1776699603.111612218] [robot_2.image_processor]: Zone=CLEAR
[image_processor-21] [INFO] [1776699605.581580152] [robot_0.image_processor]: Zone=CLEAR
[image_processor-24] [INFO] [1776699605.597215452] [robot_3.image_processor]: Zone=CLEAR
[image_processor-25] [INFO] [1776699605.612690687] [robot_4.image_processor]: Zone=CLEAR
[image_processor-22] [INFO] [1776699605.627942553] [robot_1.image_processor]: Zone=CLEAR
[image_processor-23] [INFO] [1776699605.641981436] [robot_2.image_processor]: Zone=CLEAR
[image_processor-21] [INFO] [1776699608.073757696] [robot_0.image_processor]: Zone=CLEAR
[image_processor-24] [INFO] [1776699608.081108014] [robot_3.image_processor]: Zone=CLEAR
[image_processor-25] [INFO] [1776699608.090920925] [robot_4.image_processor]: Zone=CLEAR
[image_processor-22] [INFO] [1776699608.101721232] [robot_1.image_processor]: Zone=CLEAR
[image_processor-23] [INFO] [1776699608.112768293] [robot_2.image_processor]: Zone=CLEAR
[image_processor-21] [INFO] [1776699610.573854310] [robot_0.image_processor]: Zone=CLEAR
[image_processor-25] [INFO] [1776699610.590781531] [robot_4.image_processor]: Zone=CLEAR
[image_processor-22] [INFO] [1776699610.602090409] [robot_1.image_processor]: Zone=CLEAR
[image_processor-23] [INFO] [1776699610.609208018] [robot_2.image_processor]: Zone=CLEAR
[image_processor-24] [INFO] [1776699610.685131464] [robot_3.image_processor]: Zone=CLEAR
[image_processor-21] [INFO] [1776699613.073356466] [robot_0.image_processor]: Zone=CLEAR
[image_processor-25] [INFO] [1776699613.087818328] [robot_4.image_processor]: Zone=CLEAR
[image_processor-22] [INFO] [1776699613.096663204] [robot_1.image_processor]: Zone=CLEAR
[image_processor-23] [INFO] [1776699613.106290066] [robot_2.image_processor]: Zone=CLEAR
[image_processor-24] [INFO] [1776699613.181942719] [robot_3.image_processor]: Zone=CLEAR
[image_processor-21] [INFO] [1776699615.573850296] [robot_0.image_processor]: Zone=CLEAR
[image_processor-24] [INFO] [1776699615.581677490] [robot_3.image_processor]: Zone=CLEAR
[image_processor-25] [INFO] [1776699615.589255613] [robot_4.image_processor]: Zone=CLEAR
[image_processor-22] [INFO] [1776699615.596798211] [robot_1.image_processor]: Zone=CLEAR
[image_processor-23] [INFO] [1776699615.606536091] [robot_2.image_processor]: Zone=CLEAR
[image_processor-21] [INFO] [1776699618.071980643] [robot_0.image_processor]: Zone=CLEAR
[image_processor-24] [INFO] [1776699618.080548421] [robot_3.image_processor]: Zone=CLEAR
[image_processor-25] [INFO] [1776699618.087341893] [robot_4.image_processor]: Zone=CLEAR
[image_processor-22] [INFO] [1776699618.095123265] [robot_1.image_processor]: Zone=CLEAR
[image_processor-23] [INFO] [1776699618.103774101] [robot_2.image_processor]: Zone=CLEAR
[INFO] [image_processor-25]: sending signal 'SIGINT' to process[image_processor-25]
[ERROR] [ign gazebo-1]: process has died [pid 24732, exit code -15, cmd 'ruby /usr/bin/ign gazebo /home/ecem/ros2_ws/install/swarm_basics/share/swarm_basics/worlds/random_world.sdf -s -r --force-version 6'].
[ERROR] [parameter_bridge-4]: process has died [pid 24739, exit code -15, cmd '/opt/ros/humble/lib/ros_ign_bridge/parameter_bridge /robot_0/cmd_vel@geometry_msgs/msg/Twist]ignition.msgs.Twist /robot_0/odom@nav_msgs/msg/Odometry[ignition.msgs.Odometry /robot_0/depth_camera/depth_image@sensor_msgs/msg/Image[ignition.msgs.Image /world/random_world/model/robot_0/link/robot_0/base_footprint/sensor/contact_sensor/contact@ros_gz_interfaces/msg/Contacts[ignition.msgs.Contacts /robot_1/cmd_vel@geometry_msgs/msg/Twist]ignition.msgs.Twist /robot_1/odom@nav_msgs/msg/Odometry[ignition.msgs.Odometry /robot_1/depth_camera/depth_image@sensor_msgs/msg/Image[ignition.msgs.Image /world/random_world/model/robot_1/link/robot_1/base_footprint/sensor/contact_sensor/contact@ros_gz_interfaces/msg/Contacts[ignition.msgs.Contacts /robot_2/cmd_vel@geometry_msgs/msg/Twist]ignition.msgs.Twist /robot_2/odom@nav_msgs/msg/Odometry[ignition.msgs.Odometry /robot_2/depth_camera/depth_image@sensor_msgs/msg/Image[ignition.msgs.Image /world/random_world/model/robot_2/link/robot_2/base_footprint/sensor/contact_sensor/contact@ros_gz_interfaces/msg/Contacts[ignition.msgs.Contacts /robot_3/cmd_vel@geometry_msgs/msg/Twist]ignition.msgs.Twist /robot_3/odom@nav_msgs/msg/Odometry[ignition.msgs.Odometry /robot_3/depth_camera/depth_image@sensor_msgs/msg/Image[ignition.msgs.Image /world/random_world/model/robot_3/link/robot_3/base_footprint/sensor/contact_sensor/contact@ros_gz_interfaces/msg/Contacts[ignition.msgs.Contacts /robot_4/cmd_vel@geometry_msgs/msg/Twist]ignition.msgs.Twist /robot_4/odom@nav_msgs/msg/Odometry[ignition.msgs.Odometry /robot_4/depth_camera/depth_image@sensor_msgs/msg/Image[ignition.msgs.Image /world/random_world/model/robot_4/link/robot_4/base_footprint/sensor/contact_sensor/contact@ros_gz_interfaces/msg/Contacts[ignition.msgs.Contacts /world/random_world/dynamic_pose/info@tf2_msgs/msg/TFMessage[ignition.msgs.Pose_V --ros-args -r __node:=all_robots_bridge --params-file /tmp/launch_params_7xopjniu'].
[INFO] [parameter_bridge-20]: process has finished cleanly [pid 24780]
[INFO] [image_processor-24]: sending signal 'SIGINT' to process[image_processor-24]
[INFO] [bash-26]: process started with pid [25364]
[INFO] [image_processor-23]: sending signal 'SIGINT' to process[image_processor-23]
[INFO] [image_processor-22]: sending signal 'SIGINT' to process[image_processor-22]
[INFO] [image_processor-21]: sending signal 'SIGINT' to process[image_processor-21]
[INFO] [robot_supervisor-19]: sending signal 'SIGINT' to process[robot_supervisor-19]
[INFO] [robot_state_publisher-17]: sending signal 'SIGINT' to process[robot_state_publisher-17]
[INFO] [robot_supervisor-16]: sending signal 'SIGINT' to process[robot_supervisor-16]
[INFO] [robot_state_publisher-14]: sending signal 'SIGINT' to process[robot_state_publisher-14]
[INFO] [robot_supervisor-13]: sending signal 'SIGINT' to process[robot_supervisor-13]
[INFO] [robot_state_publisher-11]: sending signal 'SIGINT' to process[robot_state_publisher-11]
[INFO] [robot_supervisor-10]: sending signal 'SIGINT' to process[robot_supervisor-10]
[INFO] [robot_state_publisher-8]: sending signal 'SIGINT' to process[robot_state_publisher-8]
[ERROR] [bash-26]: process has died [pid 25364, exit code -15, cmd 'bash -lc pkill -f parameter_bridge || true'].
[INFO] [robot_supervisor-7]: sending signal 'SIGINT' to process[robot_supervisor-7]
[INFO] [robot_state_publisher-5]: sending signal 'SIGINT' to process[robot_state_publisher-5]
[INFO] [bump_counter-3]: sending signal 'SIGINT' to process[bump_counter-3]
[INFO] [coverage_counter-2]: sending signal 'SIGINT' to process[coverage_counter-2]
[parameter_bridge-4] [INFO] [1776699619.977312529] [rclcpp]: signal_handler(SIGINT/SIGTERM)
[parameter_bridge-20] [INFO] [1776699619.977478623] [rclcpp]: signal_handler(SIGINT/SIGTERM)
[INFO] [launch]: process[ign gazebo-1] was required: shutting down launched system
[image_processor-25] [INFO] [1776699620.655437922] [rclcpp]: signal_handler(SIGINT/SIGTERM)
[image_processor-24] [INFO] [1776699620.660008675] [rclcpp]: signal_handler(SIGINT/SIGTERM)
[image_processor-23] [INFO] [1776699620.662289243] [rclcpp]: signal_handler(SIGINT/SIGTERM)
[image_processor-22] [INFO] [1776699620.664589845] [rclcpp]: signal_handler(SIGINT/SIGTERM)
[image_processor-21] [INFO] [1776699620.666921732] [rclcpp]: signal_handler(SIGINT/SIGTERM)
[robot_supervisor-19] Traceback (most recent call last):
[robot_supervisor-19]   File "/home/ecem/ros2_ws/install/swarm_basics/lib/swarm_basics/robot_supervisor", line 33, in <module>
[robot_supervisor-19]     sys.exit(load_entry_point('swarm-basics==0.0.0', 'console_scripts', 'robot_supervisor')())
[robot_supervisor-19]   File "/home/ecem/ros2_ws/install/swarm_basics/lib/python3.10/site-packages/swarm_basics/robot_supervisor.py", line 867, in main
[robot_supervisor-19]     rclpy.spin(node)
[robot_supervisor-19]   File "/opt/ros/humble/local/lib/python3.10/dist-packages/rclpy/__init__.py", line 229, in spin
[robot_supervisor-19]     executor.spin_once()
[robot_supervisor-19]   File "/opt/ros/humble/local/lib/python3.10/dist-packages/rclpy/executors.py", line 773, in spin_once
[robot_supervisor-19]     self._spin_once_impl(timeout_sec)
[robot_supervisor-19]   File "/opt/ros/humble/local/lib/python3.10/dist-packages/rclpy/executors.py", line 762, in _spin_once_impl
[robot_supervisor-19]     handler, entity, node = self.wait_for_ready_callbacks(timeout_sec=timeout_sec)
[robot_supervisor-19]   File "/opt/ros/humble/local/lib/python3.10/dist-packages/rclpy/executors.py", line 745, in wait_for_ready_callbacks
[robot_supervisor-19]     return next(self._cb_iter)
[robot_supervisor-19]   File "/opt/ros/humble/local/lib/python3.10/dist-packages/rclpy/executors.py", line 642, in _wait_for_ready_callbacks
[robot_supervisor-19]     wait_set.wait(timeout_nsec)
[robot_supervisor-19] KeyboardInterrupt
[robot_state_publisher-17] [INFO] [1776699620.673843221] [rclcpp]: signal_handler(SIGINT/SIGTERM)
[robot_supervisor-16] Traceback (most recent call last):
[robot_supervisor-16]   File "/home/ecem/ros2_ws/install/swarm_basics/lib/swarm_basics/robot_supervisor", line 33, in <module>
[robot_supervisor-16]     sys.exit(load_entry_point('swarm-basics==0.0.0', 'console_scripts', 'robot_supervisor')())
[robot_supervisor-16]   File "/home/ecem/ros2_ws/install/swarm_basics/lib/python3.10/site-packages/swarm_basics/robot_supervisor.py", line 867, in main
[robot_supervisor-16]     rclpy.spin(node)
[robot_supervisor-16]   File "/opt/ros/humble/local/lib/python3.10/dist-packages/rclpy/__init__.py", line 229, in spin
[robot_supervisor-16]     executor.spin_once()
[robot_supervisor-16]   File "/opt/ros/humble/local/lib/python3.10/dist-packages/rclpy/executors.py", line 773, in spin_once
[robot_supervisor-16]     self._spin_once_impl(timeout_sec)
[robot_supervisor-16]   File "/opt/ros/humble/local/lib/python3.10/dist-packages/rclpy/executors.py", line 762, in _spin_once_impl
[robot_supervisor-16]     handler, entity, node = self.wait_for_ready_callbacks(timeout_sec=timeout_sec)
[robot_supervisor-16]   File "/opt/ros/humble/local/lib/python3.10/dist-packages/rclpy/executors.py", line 745, in wait_for_ready_callbacks
[robot_supervisor-16]     return next(self._cb_iter)
[robot_supervisor-16]   File "/opt/ros/humble/local/lib/python3.10/dist-packages/rclpy/executors.py", line 642, in _wait_for_ready_callbacks
[robot_supervisor-16]     wait_set.wait(timeout_nsec)
[robot_supervisor-16] KeyboardInterrupt
[robot_state_publisher-14] [INFO] [1776699620.678377321] [rclcpp]: signal_handler(SIGINT/SIGTERM)
[robot_supervisor-13] Traceback (most recent call last):
[robot_supervisor-13]   File "/home/ecem/ros2_ws/install/swarm_basics/lib/swarm_basics/robot_supervisor", line 33, in <module>
[robot_supervisor-13]     sys.exit(load_entry_point('swarm-basics==0.0.0', 'console_scripts', 'robot_supervisor')())
[robot_supervisor-13]   File "/home/ecem/ros2_ws/install/swarm_basics/lib/python3.10/site-packages/swarm_basics/robot_supervisor.py", line 867, in main
[robot_supervisor-13]     rclpy.spin(node)
[robot_supervisor-13]   File "/opt/ros/humble/local/lib/python3.10/dist-packages/rclpy/__init__.py", line 229, in spin
[robot_supervisor-13]     executor.spin_once()
[robot_supervisor-13]   File "/opt/ros/humble/local/lib/python3.10/dist-packages/rclpy/executors.py", line 773, in spin_once
[robot_supervisor-13]     self._spin_once_impl(timeout_sec)
[robot_supervisor-13]   File "/opt/ros/humble/local/lib/python3.10/dist-packages/rclpy/executors.py", line 762, in _spin_once_impl
[robot_supervisor-13]     handler, entity, node = self.wait_for_ready_callbacks(timeout_sec=timeout_sec)
[robot_supervisor-13]   File "/opt/ros/humble/local/lib/python3.10/dist-packages/rclpy/executors.py", line 745, in wait_for_ready_callbacks
[robot_supervisor-13]     return next(self._cb_iter)
[robot_supervisor-13]   File "/opt/ros/humble/local/lib/python3.10/dist-packages/rclpy/executors.py", line 642, in _wait_for_ready_callbacks
[robot_supervisor-13]     wait_set.wait(timeout_nsec)
[robot_supervisor-13] KeyboardInterrupt
[robot_state_publisher-11] [INFO] [1776699620.683177256] [rclcpp]: signal_handler(SIGINT/SIGTERM)
[robot_supervisor-10] Traceback (most recent call last):
[robot_supervisor-10]   File "/home/ecem/ros2_ws/install/swarm_basics/lib/swarm_basics/robot_supervisor", line 33, in <module>
[robot_supervisor-10]     sys.exit(load_entry_point('swarm-basics==0.0.0', 'console_scripts', 'robot_supervisor')())
[robot_supervisor-10]   File "/home/ecem/ros2_ws/install/swarm_basics/lib/python3.10/site-packages/swarm_basics/robot_supervisor.py", line 867, in main
[robot_supervisor-10]     rclpy.spin(node)
[robot_supervisor-10]   File "/opt/ros/humble/local/lib/python3.10/dist-packages/rclpy/__init__.py", line 229, in spin
[robot_supervisor-10]     executor.spin_once()
[robot_supervisor-10]   File "/opt/ros/humble/local/lib/python3.10/dist-packages/rclpy/executors.py", line 773, in spin_once
[robot_supervisor-10]     self._spin_once_impl(timeout_sec)
[robot_supervisor-10]   File "/opt/ros/humble/local/lib/python3.10/dist-packages/rclpy/executors.py", line 762, in _spin_once_impl
[robot_supervisor-10]     handler, entity, node = self.wait_for_ready_callbacks(timeout_sec=timeout_sec)
[robot_supervisor-10]   File "/opt/ros/humble/local/lib/python3.10/dist-packages/rclpy/executors.py", line 745, in wait_for_ready_callbacks
[robot_supervisor-10]     return next(self._cb_iter)
[robot_supervisor-10]   File "/opt/ros/humble/local/lib/python3.10/dist-packages/rclpy/executors.py", line 642, in _wait_for_ready_callbacks
[robot_supervisor-10]     wait_set.wait(timeout_nsec)
[robot_supervisor-10] KeyboardInterrupt
[robot_state_publisher-8] [INFO] [1776699620.688258944] [rclcpp]: signal_handler(SIGINT/SIGTERM)
[robot_supervisor-7] Traceback (most recent call last):
[robot_supervisor-7]   File "/home/ecem/ros2_ws/install/swarm_basics/lib/swarm_basics/robot_supervisor", line 33, in <module>
[robot_supervisor-7]     sys.exit(load_entry_point('swarm-basics==0.0.0', 'console_scripts', 'robot_supervisor')())
[robot_supervisor-7]   File "/home/ecem/ros2_ws/install/swarm_basics/lib/python3.10/site-packages/swarm_basics/robot_supervisor.py", line 867, in main
[robot_supervisor-7]     rclpy.spin(node)
[robot_supervisor-7]   File "/opt/ros/humble/local/lib/python3.10/dist-packages/rclpy/__init__.py", line 229, in spin
[robot_supervisor-7]     executor.spin_once()
[robot_supervisor-7]   File "/opt/ros/humble/local/lib/python3.10/dist-packages/rclpy/executors.py", line 773, in spin_once
[robot_supervisor-7]     self._spin_once_impl(timeout_sec)
[robot_supervisor-7]   File "/opt/ros/humble/local/lib/python3.10/dist-packages/rclpy/executors.py", line 762, in _spin_once_impl
[robot_supervisor-7]     handler, entity, node = self.wait_for_ready_callbacks(timeout_sec=timeout_sec)
[robot_supervisor-7]   File "/opt/ros/humble/local/lib/python3.10/dist-packages/rclpy/executors.py", line 745, in wait_for_ready_callbacks
[robot_supervisor-7]     return next(self._cb_iter)
[robot_supervisor-7]   File "/opt/ros/humble/local/lib/python3.10/dist-packages/rclpy/executors.py", line 642, in _wait_for_ready_callbacks
[robot_supervisor-7]     wait_set.wait(timeout_nsec)
[robot_supervisor-7] KeyboardInterrupt
[robot_state_publisher-5] [INFO] [1776699620.693928825] [rclcpp]: signal_handler(SIGINT/SIGTERM)
[ERROR] [launch]: Caught exception in launch (see debug for traceback): ExecuteLocal action 'bash-27': executed more than once: <launch.actions.execute_process.ExecuteProcess object at 0x77072ef94880>
[INFO] [image_processor-25]: process has finished cleanly [pid 25136]
[INFO] [image_processor-24]: process has finished cleanly [pid 25134]
[INFO] [image_processor-22]: process has finished cleanly [pid 25130]
[INFO] [image_processor-23]: process has finished cleanly [pid 25132]
[INFO] [image_processor-21]: process has finished cleanly [pid 25128]
[INFO] [robot_state_publisher-17]: process has finished cleanly [pid 24769]
[INFO] [robot_state_publisher-14]: process has finished cleanly [pid 24763]
[INFO] [robot_state_publisher-11]: process has finished cleanly [pid 24755]
[INFO] [robot_state_publisher-8]: process has finished cleanly [pid 24748]
[INFO] [robot_state_publisher-5]: process has finished cleanly [pid 24741]
[coverage_counter-2] Traceback (most recent call last):
[coverage_counter-2]   File "/home/ecem/ros2_ws/install/swarm_basics/lib/python3.10/site-packages/swarm_basics/coverage_counter.py", line 418, in main
[coverage_counter-2]     rclpy.spin(node)
[coverage_counter-2]   File "/opt/ros/humble/local/lib/python3.10/dist-packages/rclpy/__init__.py", line 229, in spin
[coverage_counter-2]     executor.spin_once()
[coverage_counter-2]   File "/opt/ros/humble/local/lib/python3.10/dist-packages/rclpy/executors.py", line 773, in spin_once
[coverage_counter-2]     self._spin_once_impl(timeout_sec)
[coverage_counter-2]   File "/opt/ros/humble/local/lib/python3.10/dist-packages/rclpy/executors.py", line 768, in _spin_once_impl
[coverage_counter-2]     handler()
[coverage_counter-2]   File "/opt/ros/humble/local/lib/python3.10/dist-packages/rclpy/task.py", line 254, in __call__
[coverage_counter-2]     self._handler.send(None)
[coverage_counter-2]   File "/opt/ros/humble/local/lib/python3.10/dist-packages/rclpy/executors.py", line 463, in handler
[coverage_counter-2]     await call_coroutine(entity, arg)
[coverage_counter-2]   File "/opt/ros/humble/local/lib/python3.10/dist-packages/rclpy/executors.py", line 371, in _execute_timer
[coverage_counter-2]     await await_or_execute(tmr.callback)
[coverage_counter-2]   File "/opt/ros/humble/local/lib/python3.10/dist-packages/rclpy/executors.py", line 107, in await_or_execute
[coverage_counter-2]     return callback(*args)
[coverage_counter-2]   File "/home/ecem/ros2_ws/install/swarm_basics/lib/python3.10/site-packages/swarm_basics/coverage_counter.py", line 152, in _on_timeout_timer
[coverage_counter-2]     self.shutdown_and_save()
[coverage_counter-2]   File "/home/ecem/ros2_ws/install/swarm_basics/lib/python3.10/site-packages/swarm_basics/coverage_counter.py", line 174, in shutdown_and_save
[coverage_counter-2]     rclpy.shutdown()
[coverage_counter-2]   File "/opt/ros/humble/local/lib/python3.10/dist-packages/rclpy/__init__.py", line 130, in shutdown
[coverage_counter-2]     _shutdown(context=context)
[coverage_counter-2]   File "/opt/ros/humble/local/lib/python3.10/dist-packages/rclpy/utilities.py", line 58, in shutdown
[coverage_counter-2]     return context.shutdown()
[coverage_counter-2]   File "/opt/ros/humble/local/lib/python3.10/dist-packages/rclpy/context.py", line 103, in shutdown
[coverage_counter-2]     self._call_on_shutdown_callbacks()
[coverage_counter-2]   File "/opt/ros/humble/local/lib/python3.10/dist-packages/rclpy/context.py", line 92, in _call_on_shutdown_callbacks
[coverage_counter-2]     callback = weak_method()
[coverage_counter-2]   File "/opt/ros/humble/local/lib/python3.10/dist-packages/rclpy/__init__.py", line 111, in reset_executor
[coverage_counter-2]     __executor.shutdown()
[coverage_counter-2]   File "/opt/ros/humble/local/lib/python3.10/dist-packages/rclpy/executors.py", line 227, in shutdown
[coverage_counter-2]     if not self._work_tracker.wait(timeout_sec):
[coverage_counter-2]   File "/opt/ros/humble/local/lib/python3.10/dist-packages/rclpy/executors.py", line 94, in wait
[coverage_counter-2]     if not self._work_condition.wait_for(
[coverage_counter-2]   File "/usr/lib/python3.10/threading.py", line 355, in wait_for
[coverage_counter-2]     self.wait(waittime)
[coverage_counter-2]   File "/usr/lib/python3.10/threading.py", line 320, in wait
[coverage_counter-2]     waiter.acquire()
[coverage_counter-2] KeyboardInterrupt
[coverage_counter-2] 
[coverage_counter-2] During handling of the above exception, another exception occurred:
[coverage_counter-2] 
[coverage_counter-2] Traceback (most recent call last):
[coverage_counter-2]   File "/home/ecem/ros2_ws/install/swarm_basics/lib/swarm_basics/coverage_counter", line 33, in <module>
[coverage_counter-2]     sys.exit(load_entry_point('swarm-basics==0.0.0', 'console_scripts', 'coverage_counter')())
[coverage_counter-2]   File "/home/ecem/ros2_ws/install/swarm_basics/lib/python3.10/site-packages/swarm_basics/coverage_counter.py", line 421, in main
[coverage_counter-2]     node.shutdown_and_save()
[coverage_counter-2]   File "/home/ecem/ros2_ws/install/swarm_basics/lib/python3.10/site-packages/swarm_basics/coverage_counter.py", line 174, in shutdown_and_save
[coverage_counter-2]     rclpy.shutdown()
[coverage_counter-2]   File "/opt/ros/humble/local/lib/python3.10/dist-packages/rclpy/__init__.py", line 130, in shutdown
[coverage_counter-2]     _shutdown(context=context)
[coverage_counter-2]   File "/opt/ros/humble/local/lib/python3.10/dist-packages/rclpy/utilities.py", line 58, in shutdown
[coverage_counter-2]     return context.shutdown()
[coverage_counter-2]   File "/opt/ros/humble/local/lib/python3.10/dist-packages/rclpy/context.py", line 100, in shutdown
[coverage_counter-2]     raise RuntimeError('Context must be initialized before it can be shutdown')
[coverage_counter-2] RuntimeError: Context must be initialized before it can be shutdown
[bump_counter-3] Traceback (most recent call last):
[bump_counter-3]   File "/home/ecem/ros2_ws/install/swarm_basics/lib/swarm_basics/bump_counter", line 33, in <module>
[bump_counter-3]     sys.exit(load_entry_point('swarm-basics==0.0.0', 'console_scripts', 'bump_counter')())
[bump_counter-3]   File "/home/ecem/ros2_ws/install/swarm_basics/lib/python3.10/site-packages/swarm_basics/bump_counter.py", line 384, in main
[bump_counter-3]     rclpy.shutdown()
[bump_counter-3]   File "/opt/ros/humble/local/lib/python3.10/dist-packages/rclpy/__init__.py", line 130, in shutdown
[bump_counter-3]     _shutdown(context=context)
[bump_counter-3]   File "/opt/ros/humble/local/lib/python3.10/dist-packages/rclpy/utilities.py", line 58, in shutdown
[bump_counter-3]     return context.shutdown()
[bump_counter-3]   File "/opt/ros/humble/local/lib/python3.10/dist-packages/rclpy/context.py", line 102, in shutdown
[bump_counter-3]     self.__context.shutdown()
[bump_counter-3] rclpy._rclpy_pybind11.RCLError: failed to shutdown: rcl_shutdown already called on the given context, at ./src/rcl/init.c:241
[ERROR] [coverage_counter-2]: process has died [pid 24735, exit code 1, cmd '/home/ecem/ros2_ws/install/swarm_basics/lib/swarm_basics/coverage_counter --ros-args -r __node:=coverage_counter --params-file /tmp/launch_params_dzlagvac --params-file /tmp/launch_params_v22gks7d --params-file /tmp/launch_params_iucgd4q0 --params-file /tmp/launch_params_72kbzqva --params-file /tmp/launch_params__wpfvr8e --params-file /tmp/launch_params_brz5i_dy'].
[ERROR] [bump_counter-3]: process has died [pid 24737, exit code 1, cmd '/home/ecem/ros2_ws/install/swarm_basics/lib/swarm_basics/bump_counter --ros-args -r __node:=bump_counter --params-file /tmp/launch_params_lzpgna73 --params-file /tmp/launch_params_koma4qlz --params-file /tmp/launch_params_wmvjlkq3'].
[ERROR] [robot_supervisor-19]: process has died [pid 24777, exit code -2, cmd '/home/ecem/ros2_ws/install/swarm_basics/lib/swarm_basics/robot_supervisor --ros-args -r __node:=robot_supervisor -r __ns:=/robot_4 --params-file /tmp/launch_params_f1n8xuhg --params-file /tmp/launch_params_hcj6dg65 --params-file /tmp/launch_params_fqo9tbi7 --params-file /tmp/launch_params_2hx81eo5'].
[ERROR] [robot_supervisor-10]: process has died [pid 24753, exit code -2, cmd '/home/ecem/ros2_ws/install/swarm_basics/lib/swarm_basics/robot_supervisor --ros-args -r __node:=robot_supervisor -r __ns:=/robot_1 --params-file /tmp/launch_params_w3arhwiq --params-file /tmp/launch_params_do7xyht5 --params-file /tmp/launch_params_ceflrqbi --params-file /tmp/launch_params_quvqzqwf'].
[ERROR] [robot_supervisor-7]: process has died [pid 24746, exit code -2, cmd '/home/ecem/ros2_ws/install/swarm_basics/lib/swarm_basics/robot_supervisor --ros-args -r __node:=robot_supervisor -r __ns:=/robot_0 --params-file /tmp/launch_params_59_ndr7f --params-file /tmp/launch_params_rv2t1ka9 --params-file /tmp/launch_params_3ny6ojm_ --params-file /tmp/launch_params_4i3nte_o'].
[ERROR] [robot_supervisor-16]: process has died [pid 24767, exit code -2, cmd '/home/ecem/ros2_ws/install/swarm_basics/lib/swarm_basics/robot_supervisor --ros-args -r __node:=robot_supervisor -r __ns:=/robot_3 --params-file /tmp/launch_params_fdiir90l --params-file /tmp/launch_params_p8j66htb --params-file /tmp/launch_params_4ats19wr --params-file /tmp/launch_params_7npwq_o0'].
[ERROR] [robot_supervisor-13]: process has died [pid 24759, exit code -2, cmd '/home/ecem/ros2_ws/install/swarm_basics/lib/swarm_basics/robot_supervisor --ros-args -r __node:=robot_supervisor -r __ns:=/robot_2 --params-file /tmp/launch_params_8wolkfg9 --params-file /tmp/launch_params_vijwem0c --params-file /tmp/launch_params_r3_edl2k --params-file /tmp/launch_params_js1e7h0h'].
