Starting >>> leo_image
Starting >>> swarm_basics
Finished <<< leo_image [0.31s]
Finished <<< swarm_basics [0.88s]

Summary: 2 packages finished [1.58s]
[INFO] [launch]: All log files can be found below /home/ecem/.ros/log/2026-04-17-18-04-04-917305-ecem-pc-392112
[INFO] [launch]: Default logging verbosity is set to INFO
[INFO] [ign gazebo-1]: process started with pid [392179]
[INFO] [coverage_counter-2]: process started with pid [392181]
[INFO] [bump_counter-3]: process started with pid [392184]
[INFO] [parameter_bridge-4]: process started with pid [392186]
[INFO] [robot_state_publisher-5]: process started with pid [392188]
[INFO] [create-6]: process started with pid [392190]
[INFO] [robot_supervisor-7]: process started with pid [392193]
[INFO] [robot_state_publisher-8]: process started with pid [392195]
[INFO] [create-9]: process started with pid [392198]
[INFO] [robot_supervisor-10]: process started with pid [392200]
[INFO] [robot_state_publisher-11]: process started with pid [392202]
[INFO] [create-12]: process started with pid [392204]
[INFO] [robot_supervisor-13]: process started with pid [392206]
[INFO] [robot_state_publisher-14]: process started with pid [392208]
[INFO] [create-15]: process started with pid [392210]
[INFO] [robot_supervisor-16]: process started with pid [392212]
[INFO] [robot_state_publisher-17]: process started with pid [392214]
[INFO] [create-18]: process started with pid [392222]
[INFO] [robot_supervisor-19]: process started with pid [392224]
[INFO] [parameter_bridge-20]: process started with pid [392227]
[parameter_bridge-4] [ros_ign_bridge] is deprecated! Redirecting to use [ros_gz_bridge] instead!
[parameter_bridge-4] 
[create-12] [INFO] [1776441845.590472780] [robot_2.ros_gz_sim]: Requesting list of world names.
[create-15] [INFO] [1776441845.590751675] [robot_3.ros_gz_sim]: Requesting list of world names.
[create-9] [INFO] [1776441845.591629637] [robot_1.ros_gz_sim]: Requesting list of world names.
[create-6] [INFO] [1776441845.601866623] [robot_0.ros_gz_sim]: Requesting list of world names.
[robot_state_publisher-8] [INFO] [1776441845.606126737] [robot_1.robot_state_publisher]: got segment robot_1/antenna_link
[robot_state_publisher-8] [INFO] [1776441845.606229781] [robot_1.robot_state_publisher]: got segment robot_1/base_footprint
[robot_state_publisher-8] [INFO] [1776441845.606240620] [robot_1.robot_state_publisher]: got segment robot_1/base_link
[robot_state_publisher-8] [INFO] [1776441845.606245786] [robot_1.robot_state_publisher]: got segment robot_1/realsense_link
[robot_state_publisher-8] [INFO] [1776441845.606249952] [robot_1.robot_state_publisher]: got segment robot_1/rocker_L_link
[robot_state_publisher-8] [INFO] [1776441845.606253943] [robot_1.robot_state_publisher]: got segment robot_1/rocker_R_link
[robot_state_publisher-8] [INFO] [1776441845.606257797] [robot_1.robot_state_publisher]: got segment robot_1/wheel_FL_link
[robot_state_publisher-8] [INFO] [1776441845.606261983] [robot_1.robot_state_publisher]: got segment robot_1/wheel_FR_link
[robot_state_publisher-8] [INFO] [1776441845.606266090] [robot_1.robot_state_publisher]: got segment robot_1/wheel_RL_link
[robot_state_publisher-8] [INFO] [1776441845.606270196] [robot_1.robot_state_publisher]: got segment robot_1/wheel_RR_link
[create-18] [INFO] [1776441845.614373236] [robot_4.ros_gz_sim]: Requesting list of world names.
[parameter_bridge-4] [INFO] [1776441845.615581099] [all_robots_bridge]: Creating ROS->GZ Bridge: [/robot_0/cmd_vel (geometry_msgs/msg/Twist) -> /robot_0/cmd_vel (ignition.msgs.Twist)] (Lazy 0)
[parameter_bridge-4] [INFO] [1776441845.618682750] [all_robots_bridge]: Creating GZ->ROS Bridge: [/robot_0/odom (ignition.msgs.Odometry) -> /robot_0/odom (nav_msgs/msg/Odometry)] (Lazy 0)
[parameter_bridge-4] [INFO] [1776441845.621267782] [all_robots_bridge]: Creating GZ->ROS Bridge: [/robot_0/depth_camera/depth_image (ignition.msgs.Image) -> /robot_0/depth_camera/depth_image (sensor_msgs/msg/Image)] (Lazy 0)
[parameter_bridge-4] [INFO] [1776441845.623697379] [all_robots_bridge]: Creating GZ->ROS Bridge: [/world/random_world/model/robot_0/link/robot_0/base_footprint/sensor/contact_sensor/contact (ignition.msgs.Contacts) -> /world/random_world/model/robot_0/link/robot_0/base_footprint/sensor/contact_sensor/contact (ros_gz_interfaces/msg/Contacts)] (Lazy 0)
[parameter_bridge-4] [INFO] [1776441845.625936650] [all_robots_bridge]: Creating ROS->GZ Bridge: [/robot_1/cmd_vel (geometry_msgs/msg/Twist) -> /robot_1/cmd_vel (ignition.msgs.Twist)] (Lazy 0)
[parameter_bridge-4] [INFO] [1776441845.626872287] [all_robots_bridge]: Creating GZ->ROS Bridge: [/robot_1/odom (ignition.msgs.Odometry) -> /robot_1/odom (nav_msgs/msg/Odometry)] (Lazy 0)
[parameter_bridge-4] [INFO] [1776441845.627872908] [all_robots_bridge]: Creating GZ->ROS Bridge: [/robot_1/depth_camera/depth_image (ignition.msgs.Image) -> /robot_1/depth_camera/depth_image (sensor_msgs/msg/Image)] (Lazy 0)
[parameter_bridge-4] [INFO] [1776441845.628791705] [all_robots_bridge]: Creating GZ->ROS Bridge: [/world/random_world/model/robot_1/link/robot_1/base_footprint/sensor/contact_sensor/contact (ignition.msgs.Contacts) -> /world/random_world/model/robot_1/link/robot_1/base_footprint/sensor/contact_sensor/contact (ros_gz_interfaces/msg/Contacts)] (Lazy 0)
[parameter_bridge-4] [INFO] [1776441845.629881050] [all_robots_bridge]: Creating ROS->GZ Bridge: [/robot_2/cmd_vel (geometry_msgs/msg/Twist) -> /robot_2/cmd_vel (ignition.msgs.Twist)] (Lazy 0)
[parameter_bridge-4] [INFO] [1776441845.630714515] [all_robots_bridge]: Creating GZ->ROS Bridge: [/robot_2/odom (ignition.msgs.Odometry) -> /robot_2/odom (nav_msgs/msg/Odometry)] (Lazy 0)
[parameter_bridge-4] [INFO] [1776441845.631986369] [all_robots_bridge]: Creating GZ->ROS Bridge: [/robot_2/depth_camera/depth_image (ignition.msgs.Image) -> /robot_2/depth_camera/depth_image (sensor_msgs/msg/Image)] (Lazy 0)
[parameter_bridge-4] [INFO] [1776441845.633294918] [all_robots_bridge]: Creating GZ->ROS Bridge: [/world/random_world/model/robot_2/link/robot_2/base_footprint/sensor/contact_sensor/contact (ignition.msgs.Contacts) -> /world/random_world/model/robot_2/link/robot_2/base_footprint/sensor/contact_sensor/contact (ros_gz_interfaces/msg/Contacts)] (Lazy 0)
[robot_state_publisher-5] [INFO] [1776441845.633897136] [robot_0.robot_state_publisher]: got segment robot_0/antenna_link
[robot_state_publisher-5] [INFO] [1776441845.634064374] [robot_0.robot_state_publisher]: got segment robot_0/base_footprint
[robot_state_publisher-5] [INFO] [1776441845.634084291] [robot_0.robot_state_publisher]: got segment robot_0/base_link
[robot_state_publisher-5] [INFO] [1776441845.634097659] [robot_0.robot_state_publisher]: got segment robot_0/realsense_link
[robot_state_publisher-5] [INFO] [1776441845.634109419] [robot_0.robot_state_publisher]: got segment robot_0/rocker_L_link
[robot_state_publisher-5] [INFO] [1776441845.634120470] [robot_0.robot_state_publisher]: got segment robot_0/rocker_R_link
[robot_state_publisher-5] [INFO] [1776441845.634131224] [robot_0.robot_state_publisher]: got segment robot_0/wheel_FL_link
[robot_state_publisher-5] [INFO] [1776441845.634142341] [robot_0.robot_state_publisher]: got segment robot_0/wheel_FR_link
[robot_state_publisher-5] [INFO] [1776441845.634153008] [robot_0.robot_state_publisher]: got segment robot_0/wheel_RL_link
[robot_state_publisher-5] [INFO] [1776441845.634163407] [robot_0.robot_state_publisher]: got segment robot_0/wheel_RR_link
[parameter_bridge-4] [INFO] [1776441845.634629351] [all_robots_bridge]: Creating ROS->GZ Bridge: [/robot_3/cmd_vel (geometry_msgs/msg/Twist) -> /robot_3/cmd_vel (ignition.msgs.Twist)] (Lazy 0)
[parameter_bridge-4] [INFO] [1776441845.635617502] [all_robots_bridge]: Creating GZ->ROS Bridge: [/robot_3/odom (ignition.msgs.Odometry) -> /robot_3/odom (nav_msgs/msg/Odometry)] (Lazy 0)
[parameter_bridge-4] [INFO] [1776441845.636746019] [all_robots_bridge]: Creating GZ->ROS Bridge: [/robot_3/depth_camera/depth_image (ignition.msgs.Image) -> /robot_3/depth_camera/depth_image (sensor_msgs/msg/Image)] (Lazy 0)
[parameter_bridge-4] [INFO] [1776441845.637775619] [all_robots_bridge]: Creating GZ->ROS Bridge: [/world/random_world/model/robot_3/link/robot_3/base_footprint/sensor/contact_sensor/contact (ignition.msgs.Contacts) -> /world/random_world/model/robot_3/link/robot_3/base_footprint/sensor/contact_sensor/contact (ros_gz_interfaces/msg/Contacts)] (Lazy 0)
[parameter_bridge-4] [INFO] [1776441845.638990359] [all_robots_bridge]: Creating ROS->GZ Bridge: [/robot_4/cmd_vel (geometry_msgs/msg/Twist) -> /robot_4/cmd_vel (ignition.msgs.Twist)] (Lazy 0)
[robot_state_publisher-17] [INFO] [1776441845.639967748] [robot_4.robot_state_publisher]: got segment robot_4/antenna_link
[parameter_bridge-4] [INFO] [1776441845.640082035] [all_robots_bridge]: Creating GZ->ROS Bridge: [/robot_4/odom (ignition.msgs.Odometry) -> /robot_4/odom (nav_msgs/msg/Odometry)] (Lazy 0)
[robot_state_publisher-17] [INFO] [1776441845.640103969] [robot_4.robot_state_publisher]: got segment robot_4/base_footprint
[robot_state_publisher-17] [INFO] [1776441845.640130468] [robot_4.robot_state_publisher]: got segment robot_4/base_link
[robot_state_publisher-17] [INFO] [1776441845.640138194] [robot_4.robot_state_publisher]: got segment robot_4/realsense_link
[robot_state_publisher-17] [INFO] [1776441845.640143741] [robot_4.robot_state_publisher]: got segment robot_4/rocker_L_link
[robot_state_publisher-17] [INFO] [1776441845.640148207] [robot_4.robot_state_publisher]: got segment robot_4/rocker_R_link
[robot_state_publisher-17] [INFO] [1776441845.640152504] [robot_4.robot_state_publisher]: got segment robot_4/wheel_FL_link
[robot_state_publisher-17] [INFO] [1776441845.640157106] [robot_4.robot_state_publisher]: got segment robot_4/wheel_FR_link
[robot_state_publisher-17] [INFO] [1776441845.640161676] [robot_4.robot_state_publisher]: got segment robot_4/wheel_RL_link
[robot_state_publisher-17] [INFO] [1776441845.640225049] [robot_4.robot_state_publisher]: got segment robot_4/wheel_RR_link
[robot_state_publisher-14] [INFO] [1776441845.640177527] [robot_3.robot_state_publisher]: got segment robot_3/antenna_link
[robot_state_publisher-14] [INFO] [1776441845.640314249] [robot_3.robot_state_publisher]: got segment robot_3/base_footprint
[robot_state_publisher-14] [INFO] [1776441845.640330916] [robot_3.robot_state_publisher]: got segment robot_3/base_link
[robot_state_publisher-14] [INFO] [1776441845.640342120] [robot_3.robot_state_publisher]: got segment robot_3/realsense_link
[robot_state_publisher-14] [INFO] [1776441845.640352219] [robot_3.robot_state_publisher]: got segment robot_3/rocker_L_link
[robot_state_publisher-14] [INFO] [1776441845.640361778] [robot_3.robot_state_publisher]: got segment robot_3/rocker_R_link
[robot_state_publisher-14] [INFO] [1776441845.640371421] [robot_3.robot_state_publisher]: got segment robot_3/wheel_FL_link
[robot_state_publisher-14] [INFO] [1776441845.640381312] [robot_3.robot_state_publisher]: got segment robot_3/wheel_FR_link
[robot_state_publisher-14] [INFO] [1776441845.640391264] [robot_3.robot_state_publisher]: got segment robot_3/wheel_RL_link
[robot_state_publisher-14] [INFO] [1776441845.640401186] [robot_3.robot_state_publisher]: got segment robot_3/wheel_RR_link
[parameter_bridge-4] [INFO] [1776441845.641116881] [all_robots_bridge]: Creating GZ->ROS Bridge: [/robot_4/depth_camera/depth_image (ignition.msgs.Image) -> /robot_4/depth_camera/depth_image (sensor_msgs/msg/Image)] (Lazy 0)
[parameter_bridge-4] [INFO] [1776441845.641997112] [all_robots_bridge]: Creating GZ->ROS Bridge: [/world/random_world/model/robot_4/link/robot_4/base_footprint/sensor/contact_sensor/contact (ignition.msgs.Contacts) -> /world/random_world/model/robot_4/link/robot_4/base_footprint/sensor/contact_sensor/contact (ros_gz_interfaces/msg/Contacts)] (Lazy 0)
[parameter_bridge-4] [INFO] [1776441845.643119153] [all_robots_bridge]: Creating GZ->ROS Bridge: [/world/random_world/dynamic_pose/info (ignition.msgs.Pose_V) -> /world/random_world/dynamic_pose/info (tf2_msgs/msg/TFMessage)] (Lazy 0)
[robot_state_publisher-11] [INFO] [1776441845.643777669] [robot_2.robot_state_publisher]: got segment robot_2/antenna_link
[robot_state_publisher-11] [INFO] [1776441845.644044104] [robot_2.robot_state_publisher]: got segment robot_2/base_footprint
[robot_state_publisher-11] [INFO] [1776441845.644072977] [robot_2.robot_state_publisher]: got segment robot_2/base_link
[robot_state_publisher-11] [INFO] [1776441845.644089165] [robot_2.robot_state_publisher]: got segment robot_2/realsense_link
[robot_state_publisher-11] [INFO] [1776441845.644101669] [robot_2.robot_state_publisher]: got segment robot_2/rocker_L_link
[robot_state_publisher-11] [INFO] [1776441845.644113386] [robot_2.robot_state_publisher]: got segment robot_2/rocker_R_link
[robot_state_publisher-11] [INFO] [1776441845.644124574] [robot_2.robot_state_publisher]: got segment robot_2/wheel_FL_link
[robot_state_publisher-11] [INFO] [1776441845.644136708] [robot_2.robot_state_publisher]: got segment robot_2/wheel_FR_link
[robot_state_publisher-11] [INFO] [1776441845.644147227] [robot_2.robot_state_publisher]: got segment robot_2/wheel_RL_link
[robot_state_publisher-11] [INFO] [1776441845.644158372] [robot_2.robot_state_publisher]: got segment robot_2/wheel_RR_link
[parameter_bridge-20] [INFO] [1776441845.658232149] [clock_bridge]: Creating GZ->ROS Bridge: [/clock (ignition.msgs.Clock) -> /clock (rosgraph_msgs/msg/Clock)] (Lazy 0)
[bump_counter-3] [INFO] [1776441846.037637611] [bump_counter]: [global] global_mode=True cooldown(robot)=0.80s cooldown(obs)=0.50s Logging to /home/ecem/ros2_ws/src/Leo_sct/results_exp/explore/long/prompt_3/run_1/middle_circle/trial_2/run_20260417_180405/bumps_global_180406.csv
[robot_supervisor-7] [INFO] [1776441846.140069551] [robot_0.robot_supervisor]: Loaded initial mission 'explore' from explicit YAML explore_sup_gpt_long_3_run_1_71.yaml
[robot_supervisor-10] [INFO] [1776441846.162108768] [robot_1.robot_supervisor]: Loaded initial mission 'explore' from explicit YAML explore_sup_gpt_long_3_run_1_71.yaml
[robot_supervisor-13] [INFO] [1776441846.165325980] [robot_2.robot_supervisor]: Loaded initial mission 'explore' from explicit YAML explore_sup_gpt_long_3_run_1_71.yaml
[robot_supervisor-16] [INFO] [1776441846.174069725] [robot_3.robot_supervisor]: Loaded initial mission 'explore' from explicit YAML explore_sup_gpt_long_3_run_1_71.yaml
[robot_supervisor-19] [INFO] [1776441846.214147746] [robot_4.robot_supervisor]: Loaded initial mission 'explore' from explicit YAML explore_sup_gpt_long_3_run_1_71.yaml
[robot_supervisor-7] [INFO] [1776441846.248919120] [robot_0.robot_supervisor]: Selected controllable event: EV_full_rotate
[robot_supervisor-7] [INFO] [1776441846.249363623] [robot_0.robot_supervisor]: Starting FULL ROTATE (omega=1.000, have_odom=False, target_rad=3.142, timeout_s=3.500)
[parameter_bridge-4] [INFO] [1776441846.249686270] [all_robots_bridge]: Passing message from ROS geometry_msgs/msg/Twist to Gazebo gz.msgs.Twist (showing msg only once per type)
[robot_supervisor-10] [INFO] [1776441846.270678211] [robot_1.robot_supervisor]: Selected controllable event: EV_random_walk
[create-18] [INFO] [1776441846.274077269] [robot_4.ros_gz_sim]: Waiting messages on topic [/robot_4/robot_description].
[robot_supervisor-13] [INFO] [1776441846.277577782] [robot_2.robot_supervisor]: Selected controllable event: EV_full_rotate
[robot_supervisor-13] [INFO] [1776441846.278450324] [robot_2.robot_supervisor]: Starting FULL ROTATE (omega=1.000, have_odom=False, target_rad=3.142, timeout_s=3.500)
[robot_supervisor-16] [INFO] [1776441846.281827790] [robot_3.robot_supervisor]: Selected controllable event: EV_full_rotate
[robot_supervisor-16] [INFO] [1776441846.282445548] [robot_3.robot_supervisor]: Starting FULL ROTATE (omega=1.000, have_odom=False, target_rad=3.142, timeout_s=3.500)
[robot_supervisor-19] [INFO] [1776441846.322555641] [robot_4.robot_supervisor]: Selected controllable event: EV_random_walk
[robot_supervisor-7] [INFO] [1776441846.348825928] [robot_0.robot_supervisor]: FULL ROTATE active (accum_rad=0.000, timed_fallback=False, stall_count=0)
[create-18] [INFO] [1776441846.373505883] [robot_4.ros_gz_sim]: Requested creation of entity.
[create-18] [INFO] [1776441846.373595259] [robot_4.ros_gz_sim]: OK creation of entity.
[create-12] [INFO] [1776441846.374727511] [robot_2.ros_gz_sim]: Waiting messages on topic [/robot_2/robot_description].
[robot_supervisor-13] [INFO] [1776441846.377333032] [robot_2.robot_supervisor]: FULL ROTATE active (accum_rad=0.000, timed_fallback=False, stall_count=0)
[robot_supervisor-16] [INFO] [1776441846.381740293] [robot_3.robot_supervisor]: FULL ROTATE active (accum_rad=0.000, timed_fallback=False, stall_count=0)
[robot_supervisor-7] [INFO] [1776441846.448606057] [robot_0.robot_supervisor]: FULL ROTATE active (accum_rad=0.000, timed_fallback=False, stall_count=0)
[create-6] [INFO] [1776441846.474673410] [robot_0.ros_gz_sim]: Waiting messages on topic [/robot_0/robot_description].
[robot_supervisor-13] [INFO] [1776441846.476968090] [robot_2.robot_supervisor]: FULL ROTATE active (accum_rad=0.000, timed_fallback=False, stall_count=0)
[robot_supervisor-16] [INFO] [1776441846.482163145] [robot_3.robot_supervisor]: FULL ROTATE active (accum_rad=0.000, timed_fallback=False, stall_count=0)
[robot_supervisor-7] [INFO] [1776441846.548630327] [robot_0.robot_supervisor]: FULL ROTATE active (accum_rad=0.000, timed_fallback=False, stall_count=0)
[robot_supervisor-10] [INFO] [1776441846.570607752] [robot_1.robot_supervisor]: Selected controllable event: EV_full_rotate
[robot_supervisor-10] [INFO] [1776441846.571108301] [robot_1.robot_supervisor]: Starting FULL ROTATE (omega=1.000, have_odom=False, target_rad=3.142, timeout_s=3.500)
[create-15] [INFO] [1776441846.575304174] [robot_3.ros_gz_sim]: Waiting messages on topic [/robot_3/robot_description].
[robot_supervisor-13] [INFO] [1776441846.577047340] [robot_2.robot_supervisor]: FULL ROTATE active (accum_rad=0.000, timed_fallback=False, stall_count=0)
[robot_supervisor-16] [INFO] [1776441846.582125947] [robot_3.robot_supervisor]: FULL ROTATE active (accum_rad=0.000, timed_fallback=False, stall_count=0)
[INFO] [create-18]: process has finished cleanly [pid 392222]
[robot_supervisor-19] [INFO] [1776441846.622445042] [robot_4.robot_supervisor]: Selected controllable event: EV_move_forward
[robot_supervisor-7] [INFO] [1776441846.648740350] [robot_0.robot_supervisor]: FULL ROTATE active (accum_rad=0.000, timed_fallback=False, stall_count=0)
[robot_supervisor-10] [INFO] [1776441846.670601676] [robot_1.robot_supervisor]: FULL ROTATE active (accum_rad=0.000, timed_fallback=False, stall_count=0)
[create-12] [INFO] [1776441846.674410586] [robot_2.ros_gz_sim]: Requested creation of entity.
[create-12] [INFO] [1776441846.674477360] [robot_2.ros_gz_sim]: OK creation of entity.
[create-6] [INFO] [1776441846.674455083] [robot_0.ros_gz_sim]: Requested creation of entity.
[create-6] [INFO] [1776441846.674505892] [robot_0.ros_gz_sim]: OK creation of entity.
[create-15] [INFO] [1776441846.674640156] [robot_3.ros_gz_sim]: Requested creation of entity.
[create-15] [INFO] [1776441846.674700917] [robot_3.ros_gz_sim]: OK creation of entity.
[create-9] [INFO] [1776441846.675137786] [robot_1.ros_gz_sim]: Waiting messages on topic [/robot_1/robot_description].
[robot_supervisor-13] [INFO] [1776441846.677168716] [robot_2.robot_supervisor]: FULL ROTATE active (accum_rad=0.000, timed_fallback=False, stall_count=0)
[create-9] [INFO] [1776441846.677928645] [robot_1.ros_gz_sim]: Requested creation of entity.
[create-9] [INFO] [1776441846.677972790] [robot_1.ros_gz_sim]: OK creation of entity.
[robot_supervisor-16] [INFO] [1776441846.682108616] [robot_3.robot_supervisor]: FULL ROTATE active (accum_rad=0.000, timed_fallback=False, stall_count=0)
[robot_supervisor-7] [INFO] [1776441846.748604827] [robot_0.robot_supervisor]: FULL ROTATE active (accum_rad=0.000, timed_fallback=False, stall_count=0)
[robot_supervisor-10] [INFO] [1776441846.770865220] [robot_1.robot_supervisor]: FULL ROTATE active (accum_rad=0.000, timed_fallback=False, stall_count=0)
[robot_supervisor-13] [INFO] [1776441846.776956152] [robot_2.robot_supervisor]: FULL ROTATE active (accum_rad=0.000, timed_fallback=False, stall_count=0)
[robot_supervisor-16] [INFO] [1776441846.782007251] [robot_3.robot_supervisor]: FULL ROTATE active (accum_rad=0.000, timed_fallback=False, stall_count=0)
[robot_supervisor-7] [INFO] [1776441846.848865917] [robot_0.robot_supervisor]: FULL ROTATE active (accum_rad=0.000, timed_fallback=False, stall_count=0)
[robot_supervisor-10] [INFO] [1776441846.871050626] [robot_1.robot_supervisor]: FULL ROTATE active (accum_rad=0.000, timed_fallback=False, stall_count=0)
[robot_supervisor-13] [INFO] [1776441846.876749205] [robot_2.robot_supervisor]: FULL ROTATE active (accum_rad=0.000, timed_fallback=False, stall_count=0)
[robot_supervisor-16] [INFO] [1776441846.882022208] [robot_3.robot_supervisor]: FULL ROTATE active (accum_rad=0.000, timed_fallback=False, stall_count=0)
[INFO] [create-12]: process has finished cleanly [pid 392204]
[INFO] [create-15]: process has finished cleanly [pid 392210]
[INFO] [create-6]: process has finished cleanly [pid 392190]
[INFO] [create-9]: process has finished cleanly [pid 392198]
[robot_supervisor-19] [INFO] [1776441846.922531552] [robot_4.robot_supervisor]: Selected controllable event: EV_random_walk
[robot_supervisor-7] [INFO] [1776441846.948653222] [robot_0.robot_supervisor]: FULL ROTATE active (accum_rad=0.000, timed_fallback=False, stall_count=0)
[robot_supervisor-10] [INFO] [1776441846.970817272] [robot_1.robot_supervisor]: FULL ROTATE active (accum_rad=0.000, timed_fallback=False, stall_count=0)
[robot_supervisor-13] [INFO] [1776441846.976686038] [robot_2.robot_supervisor]: FULL ROTATE active (accum_rad=0.000, timed_fallback=False, stall_count=0)
[robot_supervisor-16] [INFO] [1776441846.982007234] [robot_3.robot_supervisor]: FULL ROTATE active (accum_rad=0.000, timed_fallback=False, stall_count=0)
[robot_supervisor-7] [INFO] [1776441847.048944873] [robot_0.robot_supervisor]: FULL ROTATE active (accum_rad=0.000, timed_fallback=False, stall_count=0)
[robot_supervisor-10] [INFO] [1776441847.070941045] [robot_1.robot_supervisor]: FULL ROTATE active (accum_rad=0.000, timed_fallback=False, stall_count=0)
[robot_supervisor-13] [INFO] [1776441847.077054774] [robot_2.robot_supervisor]: FULL ROTATE active (accum_rad=0.000, timed_fallback=False, stall_count=0)
[robot_supervisor-16] [INFO] [1776441847.082143108] [robot_3.robot_supervisor]: FULL ROTATE active (accum_rad=0.000, timed_fallback=False, stall_count=0)
[robot_supervisor-7] [INFO] [1776441847.148765680] [robot_0.robot_supervisor]: FULL ROTATE active (accum_rad=0.000, timed_fallback=False, stall_count=0)
[robot_supervisor-10] [INFO] [1776441847.171012651] [robot_1.robot_supervisor]: FULL ROTATE active (accum_rad=0.000, timed_fallback=False, stall_count=0)
[bump_counter-3] [INFO] [1776441847.173727911] [bump_counter]: [global] subscribed: /world/random_world/model/robot_0/link/robot_0/base_footprint/sensor/contact_sensor/contact
[bump_counter-3] [INFO] [1776441847.174758508] [bump_counter]: [global] subscribed: /world/random_world/model/robot_1/link/robot_1/base_footprint/sensor/contact_sensor/contact
[bump_counter-3] [INFO] [1776441847.175700113] [bump_counter]: [global] subscribed: /world/random_world/model/robot_2/link/robot_2/base_footprint/sensor/contact_sensor/contact
[bump_counter-3] [INFO] [1776441847.176578751] [bump_counter]: [global] subscribed: /world/random_world/model/robot_3/link/robot_3/base_footprint/sensor/contact_sensor/contact
[robot_supervisor-13] [INFO] [1776441847.177008877] [robot_2.robot_supervisor]: FULL ROTATE active (accum_rad=0.000, timed_fallback=False, stall_count=0)
[bump_counter-3] [INFO] [1776441847.177591852] [bump_counter]: [global] subscribed: /world/random_world/model/robot_4/link/robot_4/base_footprint/sensor/contact_sensor/contact
[robot_supervisor-16] [INFO] [1776441847.181730012] [robot_3.robot_supervisor]: FULL ROTATE active (accum_rad=0.000, timed_fallback=False, stall_count=0)
[robot_supervisor-19] [INFO] [1776441847.222343665] [robot_4.robot_supervisor]: Selected controllable event: EV_full_rotate
[robot_supervisor-19] [INFO] [1776441847.222800263] [robot_4.robot_supervisor]: Starting FULL ROTATE (omega=1.000, have_odom=False, target_rad=3.142, timeout_s=3.500)
[robot_supervisor-7] [INFO] [1776441847.248792583] [robot_0.robot_supervisor]: FULL ROTATE active (accum_rad=0.000, timed_fallback=False, stall_count=0)
[robot_supervisor-10] [INFO] [1776441847.270805860] [robot_1.robot_supervisor]: FULL ROTATE active (accum_rad=0.000, timed_fallback=False, stall_count=0)
[robot_supervisor-13] [INFO] [1776441847.277015067] [robot_2.robot_supervisor]: FULL ROTATE active (accum_rad=0.000, timed_fallback=False, stall_count=0)
[robot_supervisor-16] [INFO] [1776441847.281651733] [robot_3.robot_supervisor]: FULL ROTATE active (accum_rad=0.000, timed_fallback=False, stall_count=0)
[robot_supervisor-19] [INFO] [1776441847.322283093] [robot_4.robot_supervisor]: FULL ROTATE active (accum_rad=0.000, timed_fallback=False, stall_count=0)
[robot_supervisor-7] [INFO] [1776441847.348769998] [robot_0.robot_supervisor]: FULL ROTATE active (accum_rad=0.000, timed_fallback=False, stall_count=0)
[robot_supervisor-10] [INFO] [1776441847.370759376] [robot_1.robot_supervisor]: FULL ROTATE active (accum_rad=0.000, timed_fallback=False, stall_count=0)
[robot_supervisor-13] [INFO] [1776441847.376872056] [robot_2.robot_supervisor]: FULL ROTATE active (accum_rad=0.000, timed_fallback=False, stall_count=0)
[robot_supervisor-16] [INFO] [1776441847.381638465] [robot_3.robot_supervisor]: FULL ROTATE active (accum_rad=0.000, timed_fallback=False, stall_count=0)
[robot_supervisor-19] [INFO] [1776441847.422269013] [robot_4.robot_supervisor]: FULL ROTATE active (accum_rad=0.000, timed_fallback=False, stall_count=0)
[robot_supervisor-7] [INFO] [1776441847.448611965] [robot_0.robot_supervisor]: FULL ROTATE active (accum_rad=0.000, timed_fallback=False, stall_count=0)
[robot_supervisor-10] [INFO] [1776441847.470625138] [robot_1.robot_supervisor]: FULL ROTATE active (accum_rad=0.000, timed_fallback=False, stall_count=0)
[robot_supervisor-13] [INFO] [1776441847.476981065] [robot_2.robot_supervisor]: FULL ROTATE active (accum_rad=0.000, timed_fallback=False, stall_count=0)
[robot_supervisor-16] [INFO] [1776441847.481593535] [robot_3.robot_supervisor]: FULL ROTATE active (accum_rad=0.000, timed_fallback=False, stall_count=0)
[robot_supervisor-19] [INFO] [1776441847.522272794] [robot_4.robot_supervisor]: FULL ROTATE active (accum_rad=0.000, timed_fallback=False, stall_count=0)
[INFO] [image_processor-21]: process started with pid [392576]
[robot_supervisor-7] [INFO] [1776441847.548552649] [robot_0.robot_supervisor]: FULL ROTATE active (accum_rad=0.000, timed_fallback=False, stall_count=0)
[INFO] [image_processor-22]: process started with pid [392578]
[INFO] [image_processor-23]: process started with pid [392580]
[INFO] [image_processor-24]: process started with pid [392582]
[INFO] [image_processor-25]: process started with pid [392584]
[robot_supervisor-10] [INFO] [1776441847.570456318] [robot_1.robot_supervisor]: FULL ROTATE active (accum_rad=0.000, timed_fallback=False, stall_count=0)
[robot_supervisor-13] [INFO] [1776441847.576912901] [robot_2.robot_supervisor]: FULL ROTATE active (accum_rad=0.000, timed_fallback=False, stall_count=0)
[robot_supervisor-16] [INFO] [1776441847.581928555] [robot_3.robot_supervisor]: FULL ROTATE active (accum_rad=0.000, timed_fallback=False, stall_count=0)
[robot_supervisor-19] [INFO] [1776441847.622504876] [robot_4.robot_supervisor]: FULL ROTATE active (accum_rad=0.000, timed_fallback=False, stall_count=0)
[robot_supervisor-7] [INFO] [1776441847.648891378] [robot_0.robot_supervisor]: FULL ROTATE active (accum_rad=0.000, timed_fallback=False, stall_count=0)
[image_processor-22] [INFO] [1776441847.660352581] [robot_1.image_processor]: image_processor: depth='/robot_1/depth_camera/depth_image' aruco_runtime=disabled
[image_processor-24] [INFO] [1776441847.663079649] [robot_3.image_processor]: image_processor: depth='/robot_3/depth_camera/depth_image' aruco_runtime=disabled
[image_processor-25] [INFO] [1776441847.663254245] [robot_4.image_processor]: image_processor: depth='/robot_4/depth_camera/depth_image' aruco_runtime=disabled
[image_processor-23] [INFO] [1776441847.665459873] [robot_2.image_processor]: image_processor: depth='/robot_2/depth_camera/depth_image' aruco_runtime=disabled
[image_processor-21] [INFO] [1776441847.669813766] [robot_0.image_processor]: image_processor: depth='/robot_0/depth_camera/depth_image' aruco_runtime=disabled
[robot_supervisor-10] [INFO] [1776441847.670719958] [robot_1.robot_supervisor]: FULL ROTATE active (accum_rad=0.000, timed_fallback=False, stall_count=0)
[robot_supervisor-13] [INFO] [1776441847.676971559] [robot_2.robot_supervisor]: FULL ROTATE active (accum_rad=0.000, timed_fallback=False, stall_count=0)
[robot_supervisor-16] [INFO] [1776441847.681965132] [robot_3.robot_supervisor]: FULL ROTATE active (accum_rad=0.000, timed_fallback=False, stall_count=0)
[robot_supervisor-19] [INFO] [1776441847.722496966] [robot_4.robot_supervisor]: FULL ROTATE active (accum_rad=0.000, timed_fallback=False, stall_count=0)
[robot_supervisor-7] [INFO] [1776441847.748614007] [robot_0.robot_supervisor]: FULL ROTATE active (accum_rad=0.000, timed_fallback=False, stall_count=0)
[robot_supervisor-10] [INFO] [1776441847.770557532] [robot_1.robot_supervisor]: FULL ROTATE active (accum_rad=0.000, timed_fallback=False, stall_count=0)
[robot_supervisor-13] [INFO] [1776441847.776594167] [robot_2.robot_supervisor]: FULL ROTATE active (accum_rad=0.000, timed_fallback=False, stall_count=0)
[robot_supervisor-16] [INFO] [1776441847.781933081] [robot_3.robot_supervisor]: FULL ROTATE active (accum_rad=0.000, timed_fallback=False, stall_count=0)
[robot_supervisor-19] [INFO] [1776441847.822454520] [robot_4.robot_supervisor]: FULL ROTATE active (accum_rad=0.000, timed_fallback=False, stall_count=0)
[robot_supervisor-7] [INFO] [1776441847.848775756] [robot_0.robot_supervisor]: FULL ROTATE active (accum_rad=0.000, timed_fallback=False, stall_count=0)
[robot_supervisor-10] [INFO] [1776441847.870551319] [robot_1.robot_supervisor]: FULL ROTATE active (accum_rad=0.000, timed_fallback=False, stall_count=0)
[robot_supervisor-13] [INFO] [1776441847.876607012] [robot_2.robot_supervisor]: FULL ROTATE active (accum_rad=0.000, timed_fallback=False, stall_count=0)
[robot_supervisor-16] [INFO] [1776441847.881950018] [robot_3.robot_supervisor]: FULL ROTATE active (accum_rad=0.000, timed_fallback=False, stall_count=0)
[robot_supervisor-19] [INFO] [1776441847.922444351] [robot_4.robot_supervisor]: FULL ROTATE active (accum_rad=0.000, timed_fallback=False, stall_count=0)
[robot_supervisor-7] [INFO] [1776441847.948780119] [robot_0.robot_supervisor]: FULL ROTATE active (accum_rad=0.000, timed_fallback=False, stall_count=0)
[robot_supervisor-10] [INFO] [1776441847.970538699] [robot_1.robot_supervisor]: FULL ROTATE active (accum_rad=0.000, timed_fallback=False, stall_count=0)
[robot_supervisor-13] [INFO] [1776441847.976578613] [robot_2.robot_supervisor]: FULL ROTATE active (accum_rad=0.000, timed_fallback=False, stall_count=0)
[robot_supervisor-16] [INFO] [1776441847.981612457] [robot_3.robot_supervisor]: FULL ROTATE active (accum_rad=0.000, timed_fallback=False, stall_count=0)
[robot_supervisor-19] [INFO] [1776441848.022650337] [robot_4.robot_supervisor]: FULL ROTATE active (accum_rad=0.000, timed_fallback=False, stall_count=0)
[robot_supervisor-7] [INFO] [1776441848.048624176] [robot_0.robot_supervisor]: FULL ROTATE active (accum_rad=0.000, timed_fallback=False, stall_count=0)
[robot_supervisor-10] [INFO] [1776441848.070580257] [robot_1.robot_supervisor]: FULL ROTATE active (accum_rad=0.000, timed_fallback=False, stall_count=0)
[robot_supervisor-13] [INFO] [1776441848.076748555] [robot_2.robot_supervisor]: FULL ROTATE active (accum_rad=0.000, timed_fallback=False, stall_count=0)
[robot_supervisor-16] [INFO] [1776441848.081666761] [robot_3.robot_supervisor]: FULL ROTATE active (accum_rad=0.000, timed_fallback=False, stall_count=0)
[robot_supervisor-19] [INFO] [1776441848.122503395] [robot_4.robot_supervisor]: FULL ROTATE active (accum_rad=0.000, timed_fallback=False, stall_count=0)
[robot_supervisor-7] [INFO] [1776441848.148590017] [robot_0.robot_supervisor]: FULL ROTATE active (accum_rad=0.000, timed_fallback=False, stall_count=0)
[robot_supervisor-10] [INFO] [1776441848.170497715] [robot_1.robot_supervisor]: FULL ROTATE active (accum_rad=0.000, timed_fallback=False, stall_count=0)
[robot_supervisor-13] [INFO] [1776441848.176626790] [robot_2.robot_supervisor]: FULL ROTATE active (accum_rad=0.000, timed_fallback=False, stall_count=0)
[robot_supervisor-16] [INFO] [1776441848.181663957] [robot_3.robot_supervisor]: FULL ROTATE active (accum_rad=0.000, timed_fallback=False, stall_count=0)
[robot_supervisor-19] [INFO] [1776441848.222466749] [robot_4.robot_supervisor]: FULL ROTATE active (accum_rad=0.000, timed_fallback=False, stall_count=0)
[robot_supervisor-7] [INFO] [1776441848.248591040] [robot_0.robot_supervisor]: FULL ROTATE active (accum_rad=0.000, timed_fallback=False, stall_count=0)
[robot_supervisor-10] [INFO] [1776441848.270544824] [robot_1.robot_supervisor]: FULL ROTATE active (accum_rad=0.000, timed_fallback=False, stall_count=0)
[robot_supervisor-13] [INFO] [1776441848.276631347] [robot_2.robot_supervisor]: FULL ROTATE active (accum_rad=0.000, timed_fallback=False, stall_count=0)
[robot_supervisor-16] [INFO] [1776441848.281667539] [robot_3.robot_supervisor]: FULL ROTATE active (accum_rad=0.000, timed_fallback=False, stall_count=0)
[robot_supervisor-19] [INFO] [1776441848.322474465] [robot_4.robot_supervisor]: FULL ROTATE active (accum_rad=0.000, timed_fallback=False, stall_count=0)
[robot_supervisor-7] [INFO] [1776441848.348724841] [robot_0.robot_supervisor]: FULL ROTATE active (accum_rad=0.000, timed_fallback=False, stall_count=0)
[robot_supervisor-10] [INFO] [1776441848.370730220] [robot_1.robot_supervisor]: FULL ROTATE active (accum_rad=0.000, timed_fallback=False, stall_count=0)
[robot_supervisor-13] [INFO] [1776441848.376756082] [robot_2.robot_supervisor]: FULL ROTATE active (accum_rad=0.000, timed_fallback=False, stall_count=0)
[robot_supervisor-16] [INFO] [1776441848.381691429] [robot_3.robot_supervisor]: FULL ROTATE active (accum_rad=0.000, timed_fallback=False, stall_count=0)
[robot_supervisor-19] [INFO] [1776441848.422471053] [robot_4.robot_supervisor]: FULL ROTATE active (accum_rad=0.000, timed_fallback=False, stall_count=0)
[robot_supervisor-7] [INFO] [1776441848.448601672] [robot_0.robot_supervisor]: FULL ROTATE active (accum_rad=0.000, timed_fallback=False, stall_count=0)
[robot_supervisor-10] [INFO] [1776441848.471093789] [robot_1.robot_supervisor]: FULL ROTATE active (accum_rad=0.000, timed_fallback=False, stall_count=0)
[robot_supervisor-13] [INFO] [1776441848.476709416] [robot_2.robot_supervisor]: FULL ROTATE active (accum_rad=0.000, timed_fallback=False, stall_count=0)
[robot_supervisor-16] [INFO] [1776441848.481659944] [robot_3.robot_supervisor]: FULL ROTATE active (accum_rad=0.000, timed_fallback=False, stall_count=0)
[robot_supervisor-19] [INFO] [1776441848.522555218] [robot_4.robot_supervisor]: FULL ROTATE active (accum_rad=0.000, timed_fallback=False, stall_count=0)
[robot_supervisor-7] [INFO] [1776441848.548602848] [robot_0.robot_supervisor]: FULL ROTATE active (accum_rad=0.000, timed_fallback=False, stall_count=0)
[robot_supervisor-10] [INFO] [1776441848.570590129] [robot_1.robot_supervisor]: FULL ROTATE active (accum_rad=0.000, timed_fallback=False, stall_count=0)
[robot_supervisor-13] [INFO] [1776441848.576663609] [robot_2.robot_supervisor]: FULL ROTATE active (accum_rad=0.000, timed_fallback=False, stall_count=0)
[robot_supervisor-16] [INFO] [1776441848.581696159] [robot_3.robot_supervisor]: FULL ROTATE active (accum_rad=0.000, timed_fallback=False, stall_count=0)
[robot_supervisor-19] [INFO] [1776441848.622518356] [robot_4.robot_supervisor]: FULL ROTATE active (accum_rad=0.000, timed_fallback=False, stall_count=0)
[robot_supervisor-7] [INFO] [1776441848.648628463] [robot_0.robot_supervisor]: FULL ROTATE active (accum_rad=0.000, timed_fallback=False, stall_count=0)
[robot_supervisor-10] [INFO] [1776441848.670776547] [robot_1.robot_supervisor]: FULL ROTATE active (accum_rad=0.000, timed_fallback=False, stall_count=0)
[robot_supervisor-13] [INFO] [1776441848.676621022] [robot_2.robot_supervisor]: FULL ROTATE active (accum_rad=0.000, timed_fallback=False, stall_count=0)
[robot_supervisor-16] [INFO] [1776441848.681650936] [robot_3.robot_supervisor]: FULL ROTATE active (accum_rad=0.000, timed_fallback=False, stall_count=0)
[robot_supervisor-19] [INFO] [1776441848.722489740] [robot_4.robot_supervisor]: FULL ROTATE active (accum_rad=0.000, timed_fallback=False, stall_count=0)
[robot_supervisor-7] [INFO] [1776441848.748659193] [robot_0.robot_supervisor]: FULL ROTATE active (accum_rad=0.000, timed_fallback=False, stall_count=0)
[robot_supervisor-10] [INFO] [1776441848.770619481] [robot_1.robot_supervisor]: FULL ROTATE active (accum_rad=0.000, timed_fallback=False, stall_count=0)
[robot_supervisor-13] [INFO] [1776441848.776698656] [robot_2.robot_supervisor]: FULL ROTATE active (accum_rad=0.000, timed_fallback=False, stall_count=0)
[robot_supervisor-16] [INFO] [1776441848.781721951] [robot_3.robot_supervisor]: FULL ROTATE active (accum_rad=0.000, timed_fallback=False, stall_count=0)
[robot_supervisor-19] [INFO] [1776441848.822515207] [robot_4.robot_supervisor]: FULL ROTATE active (accum_rad=0.000, timed_fallback=False, stall_count=0)
[robot_supervisor-7] [INFO] [1776441848.848642244] [robot_0.robot_supervisor]: FULL ROTATE active (accum_rad=0.000, timed_fallback=False, stall_count=0)
[robot_supervisor-10] [INFO] [1776441848.870540199] [robot_1.robot_supervisor]: FULL ROTATE active (accum_rad=0.000, timed_fallback=False, stall_count=0)
[robot_supervisor-13] [INFO] [1776441848.876725784] [robot_2.robot_supervisor]: FULL ROTATE active (accum_rad=0.000, timed_fallback=False, stall_count=0)
[robot_supervisor-16] [INFO] [1776441848.881697481] [robot_3.robot_supervisor]: FULL ROTATE active (accum_rad=0.000, timed_fallback=False, stall_count=0)
[robot_supervisor-19] [INFO] [1776441848.922471762] [robot_4.robot_supervisor]: FULL ROTATE active (accum_rad=0.000, timed_fallback=False, stall_count=0)
[robot_supervisor-7] [INFO] [1776441848.948704737] [robot_0.robot_supervisor]: FULL ROTATE active (accum_rad=0.000, timed_fallback=False, stall_count=0)
[robot_supervisor-10] [INFO] [1776441848.970514206] [robot_1.robot_supervisor]: FULL ROTATE active (accum_rad=0.000, timed_fallback=False, stall_count=0)
[robot_supervisor-13] [INFO] [1776441848.976721668] [robot_2.robot_supervisor]: FULL ROTATE active (accum_rad=0.000, timed_fallback=False, stall_count=0)
[robot_supervisor-16] [INFO] [1776441848.981657089] [robot_3.robot_supervisor]: FULL ROTATE active (accum_rad=0.000, timed_fallback=False, stall_count=0)
[robot_supervisor-19] [INFO] [1776441849.022651352] [robot_4.robot_supervisor]: FULL ROTATE active (accum_rad=0.000, timed_fallback=False, stall_count=0)
[robot_supervisor-7] [INFO] [1776441849.048609287] [robot_0.robot_supervisor]: FULL ROTATE active (accum_rad=0.000, timed_fallback=False, stall_count=0)
[robot_supervisor-10] [INFO] [1776441849.070514798] [robot_1.robot_supervisor]: FULL ROTATE active (accum_rad=0.000, timed_fallback=False, stall_count=0)
[robot_supervisor-13] [INFO] [1776441849.076642377] [robot_2.robot_supervisor]: FULL ROTATE active (accum_rad=0.000, timed_fallback=False, stall_count=0)
[robot_supervisor-16] [INFO] [1776441849.081683416] [robot_3.robot_supervisor]: FULL ROTATE active (accum_rad=0.000, timed_fallback=False, stall_count=0)
[robot_supervisor-19] [INFO] [1776441849.122476012] [robot_4.robot_supervisor]: FULL ROTATE active (accum_rad=0.000, timed_fallback=False, stall_count=0)
[robot_supervisor-7] [INFO] [1776441849.148646210] [robot_0.robot_supervisor]: FULL ROTATE active (accum_rad=0.000, timed_fallback=False, stall_count=0)
[robot_supervisor-10] [INFO] [1776441849.170606958] [robot_1.robot_supervisor]: FULL ROTATE active (accum_rad=0.000, timed_fallback=False, stall_count=0)
[robot_supervisor-13] [INFO] [1776441849.176693010] [robot_2.robot_supervisor]: FULL ROTATE active (accum_rad=0.000, timed_fallback=False, stall_count=0)
[robot_supervisor-16] [INFO] [1776441849.181758024] [robot_3.robot_supervisor]: FULL ROTATE active (accum_rad=0.000, timed_fallback=False, stall_count=0)
[robot_supervisor-19] [INFO] [1776441849.222478614] [robot_4.robot_supervisor]: FULL ROTATE active (accum_rad=0.000, timed_fallback=False, stall_count=0)
[robot_supervisor-7] [INFO] [1776441849.248692748] [robot_0.robot_supervisor]: FULL ROTATE active (accum_rad=0.000, timed_fallback=False, stall_count=0)
[robot_supervisor-10] [INFO] [1776441849.270600656] [robot_1.robot_supervisor]: FULL ROTATE active (accum_rad=0.000, timed_fallback=False, stall_count=0)
[robot_supervisor-13] [INFO] [1776441849.276726639] [robot_2.robot_supervisor]: FULL ROTATE active (accum_rad=0.000, timed_fallback=False, stall_count=0)
[robot_supervisor-16] [INFO] [1776441849.281661580] [robot_3.robot_supervisor]: FULL ROTATE active (accum_rad=0.000, timed_fallback=False, stall_count=0)
[robot_supervisor-19] [INFO] [1776441849.322263044] [robot_4.robot_supervisor]: FULL ROTATE active (accum_rad=0.000, timed_fallback=False, stall_count=0)
[robot_supervisor-7] [INFO] [1776441849.348609466] [robot_0.robot_supervisor]: FULL ROTATE active (accum_rad=0.000, timed_fallback=False, stall_count=0)
[robot_supervisor-10] [INFO] [1776441849.370579000] [robot_1.robot_supervisor]: FULL ROTATE active (accum_rad=0.000, timed_fallback=False, stall_count=0)
[robot_supervisor-13] [INFO] [1776441849.376707942] [robot_2.robot_supervisor]: FULL ROTATE active (accum_rad=0.000, timed_fallback=False, stall_count=0)
[robot_supervisor-16] [INFO] [1776441849.381732176] [robot_3.robot_supervisor]: FULL ROTATE active (accum_rad=0.000, timed_fallback=False, stall_count=0)
[robot_supervisor-19] [INFO] [1776441849.422241668] [robot_4.robot_supervisor]: FULL ROTATE active (accum_rad=0.000, timed_fallback=False, stall_count=0)
[robot_supervisor-7] [INFO] [1776441849.448842265] [robot_0.robot_supervisor]: FULL ROTATE active (accum_rad=0.000, timed_fallback=False, stall_count=0)
[robot_supervisor-7] [INFO] [1776441849.449438091] [robot_0.robot_supervisor]: FULL ROTATE completed by timed fallback
[robot_supervisor-7] [INFO] [1776441849.449842897] [robot_0.robot_supervisor]: FULL ROTATE stopped; supervisor will select next event next tick
[robot_supervisor-10] [INFO] [1776441849.470751589] [robot_1.robot_supervisor]: FULL ROTATE active (accum_rad=0.000, timed_fallback=False, stall_count=0)
[robot_supervisor-13] [INFO] [1776441849.476635862] [robot_2.robot_supervisor]: FULL ROTATE active (accum_rad=0.000, timed_fallback=False, stall_count=0)
[robot_supervisor-13] [INFO] [1776441849.477063278] [robot_2.robot_supervisor]: FULL ROTATE completed by timed fallback
[robot_supervisor-13] [INFO] [1776441849.477410866] [robot_2.robot_supervisor]: FULL ROTATE stopped; supervisor will select next event next tick
[robot_supervisor-16] [INFO] [1776441849.481674032] [robot_3.robot_supervisor]: FULL ROTATE active (accum_rad=0.000, timed_fallback=False, stall_count=0)
[robot_supervisor-16] [INFO] [1776441849.482211006] [robot_3.robot_supervisor]: FULL ROTATE completed by timed fallback
[robot_supervisor-16] [INFO] [1776441849.482730857] [robot_3.robot_supervisor]: FULL ROTATE stopped; supervisor will select next event next tick
[robot_supervisor-19] [INFO] [1776441849.522600746] [robot_4.robot_supervisor]: FULL ROTATE active (accum_rad=0.000, timed_fallback=False, stall_count=0)
[robot_supervisor-10] [INFO] [1776441849.570656479] [robot_1.robot_supervisor]: FULL ROTATE active (accum_rad=0.000, timed_fallback=False, stall_count=0)
[robot_supervisor-19] [INFO] [1776441849.622214603] [robot_4.robot_supervisor]: FULL ROTATE active (accum_rad=0.000, timed_fallback=False, stall_count=0)
[robot_supervisor-10] [INFO] [1776441849.670584057] [robot_1.robot_supervisor]: FULL ROTATE active (accum_rad=0.000, timed_fallback=False, stall_count=0)
[robot_supervisor-19] [INFO] [1776441849.722696144] [robot_4.robot_supervisor]: FULL ROTATE active (accum_rad=0.000, timed_fallback=False, stall_count=0)
[robot_supervisor-7] [INFO] [1776441849.749024156] [robot_0.robot_supervisor]: Selected controllable event: EV_random_walk
[robot_supervisor-10] [INFO] [1776441849.770546114] [robot_1.robot_supervisor]: FULL ROTATE active (accum_rad=0.000, timed_fallback=False, stall_count=0)
[robot_supervisor-10] [INFO] [1776441849.771050969] [robot_1.robot_supervisor]: FULL ROTATE completed by timed fallback
[robot_supervisor-10] [INFO] [1776441849.771404409] [robot_1.robot_supervisor]: FULL ROTATE stopped; supervisor will select next event next tick
[robot_supervisor-13] [INFO] [1776441849.776741231] [robot_2.robot_supervisor]: Selected controllable event: EV_full_rotate
[robot_supervisor-13] [INFO] [1776441849.777201620] [robot_2.robot_supervisor]: full_rotate blocked by recent completion; stopping this tick
[robot_supervisor-16] [INFO] [1776441849.781780080] [robot_3.robot_supervisor]: Selected controllable event: EV_full_rotate
[robot_supervisor-16] [INFO] [1776441849.782119608] [robot_3.robot_supervisor]: full_rotate blocked by recent completion; stopping this tick
[robot_supervisor-19] [INFO] [1776441849.822500243] [robot_4.robot_supervisor]: FULL ROTATE active (accum_rad=0.000, timed_fallback=False, stall_count=0)
[robot_supervisor-13] [INFO] [1776441849.876751605] [robot_2.robot_supervisor]: Selected controllable event: EV_random_walk
[robot_supervisor-16] [INFO] [1776441849.881812113] [robot_3.robot_supervisor]: Selected controllable event: EV_random_walk
[robot_supervisor-19] [INFO] [1776441849.922540745] [robot_4.robot_supervisor]: FULL ROTATE active (accum_rad=0.000, timed_fallback=False, stall_count=0)
[robot_supervisor-19] [INFO] [1776441850.022469241] [robot_4.robot_supervisor]: FULL ROTATE active (accum_rad=0.000, timed_fallback=False, stall_count=0)
[robot_supervisor-7] [INFO] [1776441850.048999011] [robot_0.robot_supervisor]: Selected controllable event: EV_full_rotate
[robot_supervisor-7] [INFO] [1776441850.049436822] [robot_0.robot_supervisor]: Starting FULL ROTATE (omega=1.000, have_odom=False, target_rad=3.142, timeout_s=3.500)
[robot_supervisor-19] [INFO] [1776441850.122367907] [robot_4.robot_supervisor]: FULL ROTATE active (accum_rad=0.000, timed_fallback=False, stall_count=0)
[robot_supervisor-7] [INFO] [1776441850.148788641] [robot_0.robot_supervisor]: FULL ROTATE active (accum_rad=0.000, timed_fallback=False, stall_count=0)
[robot_supervisor-10] [INFO] [1776441850.170898847] [robot_1.robot_supervisor]: Selected controllable event: EV_move_forward
[robot_supervisor-13] [INFO] [1776441850.176602892] [robot_2.robot_supervisor]: Selected controllable event: EV_full_rotate
[robot_supervisor-13] [INFO] [1776441850.176920581] [robot_2.robot_supervisor]: Starting FULL ROTATE (omega=1.000, have_odom=True, target_rad=3.142, timeout_s=3.500)
[robot_supervisor-16] [INFO] [1776441850.181644572] [robot_3.robot_supervisor]: Selected controllable event: EV_move_forward
[WARNING] [launch]: user interrupted with ctrl-c (SIGINT)
