-- The C compiler identification is GNU 11.4.0
-- The CXX compiler identification is GNU 11.4.0
-- Detecting C compiler ABI info
-- Detecting C compiler ABI info - done
-- Check for working C compiler: /usr/bin/cc - skipped
-- Detecting C compile features
-- Detecting C compile features - done
-- Detecting CXX compiler ABI info
-- Detecting CXX compiler ABI info - done
-- Check for working CXX compiler: /usr/bin/c++ - skipped
-- Detecting CXX compile features
-- Detecting CXX compile features - done
-- Found ament_cmake: 1.3.12 (/opt/ros/humble/share/ament_cmake/cmake)
-- Found Python3: /usr/bin/python3 (found version "3.10.12") found components: Interpreter 
-- Found rclcpp: 16.0.17 (/opt/ros/humble/share/rclcpp/cmake)
-- Found rosidl_generator_c: 3.1.8 (/opt/ros/humble/share/rosidl_generator_c/cmake)
-- Found rosidl_adapter: 3.1.8 (/opt/ros/humble/share/rosidl_adapter/cmake)
-- Found rosidl_generator_cpp: 3.1.8 (/opt/ros/humble/share/rosidl_generator_cpp/cmake)
-- Using all available rosidl_typesupport_c: rosidl_typesupport_fastrtps_c;rosidl_typesupport_introspection_c
-- Using all available rosidl_typesupport_cpp: rosidl_typesupport_fastrtps_cpp;rosidl_typesupport_introspection_cpp
-- Found rmw_implementation_cmake: 6.1.2 (/opt/ros/humble/share/rmw_implementation_cmake/cmake)
-- Found rmw_cyclonedds_cpp: 1.3.4 (/opt/ros/humble/share/rmw_cyclonedds_cpp/cmake)
-- Using RMW implementation 'rmw_cyclonedds_cpp' as default
-- Looking for pthread.h
-- Looking for pthread.h - found
-- Performing Test CMAKE_HAVE_LIBC_PTHREAD
-- Performing Test CMAKE_HAVE_LIBC_PTHREAD - Success
-- Found Threads: TRUE  
-- Found rclcpp_components: 16.0.17 (/opt/ros/humble/share/rclcpp_components/cmake)
-- Found rclcpp_lifecycle: 16.0.17 (/opt/ros/humble/share/rclcpp_lifecycle/cmake)
-- Found aruco_opencv_msgs: 6.1.1 (/home/ecem/ros2_ws/src/Leo_sct/install/aruco_opencv_msgs/share/aruco_opencv_msgs/cmake)
-- Found cv_bridge: 3.2.1 (/opt/ros/humble/share/cv_bridge/cmake)
-- Found tf2_ros: 0.25.18 (/opt/ros/humble/share/tf2_ros/cmake)
-- Found tf2_geometry_msgs: 0.25.18 (/opt/ros/humble/share/tf2_geometry_msgs/cmake)
-- Found eigen3_cmake_module: 0.1.1 (/opt/ros/humble/share/eigen3_cmake_module/cmake)
-- Found Eigen3: TRUE (found version "3.4.0") 
-- Ensuring Eigen3 include directory is part of orocos-kdl CMake target
-- Found image_transport: 3.1.12 (/opt/ros/humble/share/image_transport/cmake)
-- Found OpenCV: /usr (found suitable version "4.5.4", minimum required is "4.5.4") found components: aruco 
-- Found ament_lint_auto: 0.12.14 (/opt/ros/humble/share/ament_lint_auto/cmake)
-- Added test 'copyright' to check source files copyright and LICENSE
-- Added test 'cpplint' to check C / C++ code against the Google style
-- Configured cpplint exclude dirs and/or files: 
-- Added test 'lint_cmake' to check CMake code style
-- Added test 'uncrustify' to check C / C++ code style
-- Configured uncrustify additional arguments: 
-- Added test 'xmllint' to check XML markup files
-- Configuring done
-- Generating done
-- Build files have been written to: /home/ecem/ros2_ws/src/Leo_sct/build/aruco_opencv
[ 20%] [32mBuilding CXX object CMakeFiles/aruco_opencv.dir/src/board_loader.cpp.o[0m
[ 20%] [32mBuilding CXX object CMakeFiles/aruco_opencv.dir/src/parameters.cpp.o[0m
[ 30%] [32mBuilding CXX object CMakeFiles/aruco_tracker_autostart.dir/rclcpp_components/node_main_aruco_tracker_autostart.cpp.o[0m
[ 40%] [32mBuilding CXX object CMakeFiles/aruco_opencv.dir/src/aruco_tracker.cpp.o[0m
[ 50%] [32mBuilding CXX object CMakeFiles/aruco_tracker.dir/rclcpp_components/node_main_aruco_tracker.cpp.o[0m
[ 60%] [32mBuilding CXX object CMakeFiles/aruco_opencv.dir/src/detector.cpp.o[0m
[ 70%] [32mBuilding CXX object CMakeFiles/aruco_opencv.dir/src/utils.cpp.o[0m
[ 80%] [32m[1mLinking CXX executable aruco_tracker_autostart[0m
[ 80%] Built target aruco_tracker_autostart
[ 90%] [32m[1mLinking CXX executable aruco_tracker[0m
[ 90%] Built target aruco_tracker
[100%] [32m[1mLinking CXX shared library libaruco_opencv.so[0m
[100%] Built target aruco_opencv
-- Install configuration: ""
-- Installing: /home/ecem/ros2_ws/src/Leo_sct/install/aruco_opencv/lib/aruco_opencv/aruco_tracker
-- Set runtime path of "/home/ecem/ros2_ws/src/Leo_sct/install/aruco_opencv/lib/aruco_opencv/aruco_tracker" to ""
-- Installing: /home/ecem/ros2_ws/src/Leo_sct/install/aruco_opencv/lib/aruco_opencv/aruco_tracker_autostart
-- Set runtime path of "/home/ecem/ros2_ws/src/Leo_sct/install/aruco_opencv/lib/aruco_opencv/aruco_tracker_autostart" to ""
-- Installing: /home/ecem/ros2_ws/src/Leo_sct/install/aruco_opencv/lib/libaruco_opencv.so
-- Set runtime path of "/home/ecem/ros2_ws/src/Leo_sct/install/aruco_opencv/lib/libaruco_opencv.so" to ""
-- Installing: /home/ecem/ros2_ws/src/Leo_sct/install/aruco_opencv/share/aruco_opencv/config
-- Installing: /home/ecem/ros2_ws/src/Leo_sct/install/aruco_opencv/share/aruco_opencv/config/board_descriptions.yaml
-- Installing: /home/ecem/ros2_ws/src/Leo_sct/install/aruco_opencv/share/aruco_opencv/config/aruco_tracker.yaml
-- Installing: /home/ecem/ros2_ws/src/Leo_sct/install/aruco_opencv/share/aruco_opencv/launch
-- Installing: /home/ecem/ros2_ws/src/Leo_sct/install/aruco_opencv/share/aruco_opencv/launch/aruco_tracker.launch.xml
-- Installing: /home/ecem/ros2_ws/src/Leo_sct/install/aruco_opencv/lib/aruco_opencv/create_board
-- Installing: /home/ecem/ros2_ws/src/Leo_sct/install/aruco_opencv/lib/aruco_opencv/create_marker
-- Installing: /home/ecem/ros2_ws/src/Leo_sct/install/aruco_opencv/share/ament_index/resource_index/package_run_dependencies/aruco_opencv
-- Installing: /home/ecem/ros2_ws/src/Leo_sct/install/aruco_opencv/share/ament_index/resource_index/parent_prefix_path/aruco_opencv
-- Installing: /home/ecem/ros2_ws/src/Leo_sct/install/aruco_opencv/share/aruco_opencv/environment/ament_prefix_path.sh
-- Installing: /home/ecem/ros2_ws/src/Leo_sct/install/aruco_opencv/share/aruco_opencv/environment/ament_prefix_path.dsv
-- Installing: /home/ecem/ros2_ws/src/Leo_sct/install/aruco_opencv/share/aruco_opencv/environment/path.sh
-- Installing: /home/ecem/ros2_ws/src/Leo_sct/install/aruco_opencv/share/aruco_opencv/environment/path.dsv
-- Installing: /home/ecem/ros2_ws/src/Leo_sct/install/aruco_opencv/share/aruco_opencv/local_setup.bash
-- Installing: /home/ecem/ros2_ws/src/Leo_sct/install/aruco_opencv/share/aruco_opencv/local_setup.sh
-- Installing: /home/ecem/ros2_ws/src/Leo_sct/install/aruco_opencv/share/aruco_opencv/local_setup.zsh
-- Installing: /home/ecem/ros2_ws/src/Leo_sct/install/aruco_opencv/share/aruco_opencv/local_setup.dsv
-- Installing: /home/ecem/ros2_ws/src/Leo_sct/install/aruco_opencv/share/aruco_opencv/package.dsv
-- Installing: /home/ecem/ros2_ws/src/Leo_sct/install/aruco_opencv/share/ament_index/resource_index/packages/aruco_opencv
-- Installing: /home/ecem/ros2_ws/src/Leo_sct/install/aruco_opencv/share/ament_index/resource_index/rclcpp_components/aruco_opencv
-- Installing: /home/ecem/ros2_ws/src/Leo_sct/install/aruco_opencv/share/aruco_opencv/cmake/aruco_opencvConfig.cmake
-- Installing: /home/ecem/ros2_ws/src/Leo_sct/install/aruco_opencv/share/aruco_opencv/cmake/aruco_opencvConfig-version.cmake
-- Installing: /home/ecem/ros2_ws/src/Leo_sct/install/aruco_opencv/share/aruco_opencv/package.xml
