[0.010s] Invoking command in '/home/ecem/ros2_ws/src/Leo_sct/build/aruco_opencv': AMENT_PREFIX_PATH=/home/ecem/ros2_ws/src/Leo_sct/install/aruco_opencv_msgs:${AMENT_PREFIX_PATH} CMAKE_PREFIX_PATH=/home/ecem/ros2_ws/src/Leo_sct/install/aruco_opencv_msgs:/home/ecem/ros2_ws/install/leo_examples:/home/ecem/ros2_ws/install/leo:/home/ecem/ros2_ws/install/leo_teleop:/home/ecem/ros2_ws/install/leo_simulator:/home/ecem/ros2_ws/install/leo_msgs:/home/ecem/ros2_ws/install/leo_image:/home/ecem/ros2_ws/install/leo_gz_bringup:/home/ecem/ros2_ws/install/leo_gz_worlds:/home/ecem/ros2_ws/install/leo_gz_plugins:/home/ecem/ros2_ws/install/leo_example_object_detection:/home/ecem/ros2_ws/install/leo_example_line_follower:/home/ecem/ros2_ws/install/leo_example_follow_aruco_marker:/home/ecem/ros2_ws/install/leo_description:/home/ecem/ros2_ws/install/aruco_opencv:/home/ecem/ros2_ws/install/aruco_opencv_msgs:/home/ecem/ros2_ws/install/swarm_basics:/opt/ros/humble LD_LIBRARY_PATH=/home/ecem/ros2_ws/src/Leo_sct/install/aruco_opencv_msgs/lib:${LD_LIBRARY_PATH} PYTHONPATH=/home/ecem/ros2_ws/src/Leo_sct/install/aruco_opencv_msgs/local/lib/python3.10/dist-packages:${PYTHONPATH} /usr/bin/cmake /home/ecem/ros2_ws/src/Leo_sct/ros_aruco_opencv/aruco_opencv -DCMAKE_INSTALL_PREFIX=/home/ecem/ros2_ws/src/Leo_sct/install/aruco_opencv
[0.052s] -- The C compiler identification is GNU 11.4.0
[0.103s] -- The CXX compiler identification is GNU 11.4.0
[0.110s] -- Detecting C compiler ABI info
[0.167s] -- Detecting C compiler ABI info - done
[0.172s] -- Check for working C compiler: /usr/bin/cc - skipped
[0.172s] -- Detecting C compile features
[0.172s] -- Detecting C compile features - done
[0.174s] -- Detecting CXX compiler ABI info
[0.237s] -- Detecting CXX compiler ABI info - done
[0.241s] -- Check for working CXX compiler: /usr/bin/c++ - skipped
[0.241s] -- Detecting CXX compile features
[0.242s] -- Detecting CXX compile features - done
[0.243s] -- Found ament_cmake: 1.3.12 (/opt/ros/humble/share/ament_cmake/cmake)
[0.348s] -- Found Python3: /usr/bin/python3 (found version "3.10.12") found components: Interpreter 
[0.415s] -- Found rclcpp: 16.0.17 (/opt/ros/humble/share/rclcpp/cmake)
[0.444s] -- Found rosidl_generator_c: 3.1.8 (/opt/ros/humble/share/rosidl_generator_c/cmake)
[0.447s] -- Found rosidl_adapter: 3.1.8 (/opt/ros/humble/share/rosidl_adapter/cmake)
[0.453s] -- Found rosidl_generator_cpp: 3.1.8 (/opt/ros/humble/share/rosidl_generator_cpp/cmake)
[0.461s] -- Using all available rosidl_typesupport_c: rosidl_typesupport_fastrtps_c;rosidl_typesupport_introspection_c
[0.471s] -- Using all available rosidl_typesupport_cpp: rosidl_typesupport_fastrtps_cpp;rosidl_typesupport_introspection_cpp
[0.501s] -- Found rmw_implementation_cmake: 6.1.2 (/opt/ros/humble/share/rmw_implementation_cmake/cmake)
[0.503s] -- Found rmw_cyclonedds_cpp: 1.3.4 (/opt/ros/humble/share/rmw_cyclonedds_cpp/cmake)
[0.518s] -- Using RMW implementation 'rmw_cyclonedds_cpp' as default
[0.525s] -- Looking for pthread.h
[0.590s] -- Looking for pthread.h - found
[0.590s] -- Performing Test CMAKE_HAVE_LIBC_PTHREAD
[0.653s] -- Performing Test CMAKE_HAVE_LIBC_PTHREAD - Success
[0.653s] -- Found Threads: TRUE  
[0.689s] -- Found rclcpp_components: 16.0.17 (/opt/ros/humble/share/rclcpp_components/cmake)
[0.719s] -- Found rclcpp_lifecycle: 16.0.17 (/opt/ros/humble/share/rclcpp_lifecycle/cmake)
[0.732s] -- Found aruco_opencv_msgs: 6.1.1 (/home/ecem/ros2_ws/src/Leo_sct/install/aruco_opencv_msgs/share/aruco_opencv_msgs/cmake)
[0.751s] -- Found cv_bridge: 3.2.1 (/opt/ros/humble/share/cv_bridge/cmake)
[0.771s] -- Found tf2_ros: 0.25.18 (/opt/ros/humble/share/tf2_ros/cmake)
[0.833s] -- Found tf2_geometry_msgs: 0.25.18 (/opt/ros/humble/share/tf2_geometry_msgs/cmake)
[0.844s] -- Found eigen3_cmake_module: 0.1.1 (/opt/ros/humble/share/eigen3_cmake_module/cmake)
[0.845s] -- Found Eigen3: TRUE (found version "3.4.0") 
[0.846s] -- Ensuring Eigen3 include directory is part of orocos-kdl CMake target
[0.848s] -- Found image_transport: 3.1.12 (/opt/ros/humble/share/image_transport/cmake)
[0.864s] -- Found OpenCV: /usr (found suitable version "4.5.4", minimum required is "4.5.4") found components: aruco 
[0.870s] -- Found ament_lint_auto: 0.12.14 (/opt/ros/humble/share/ament_lint_auto/cmake)
[0.930s] -- Added test 'copyright' to check source files copyright and LICENSE
[0.932s] -- Added test 'cpplint' to check C / C++ code against the Google style
[0.932s] -- Configured cpplint exclude dirs and/or files: 
[0.932s] -- Added test 'lint_cmake' to check CMake code style
[0.934s] -- Added test 'uncrustify' to check C / C++ code style
[0.934s] -- Configured uncrustify additional arguments: 
[0.934s] -- Added test 'xmllint' to check XML markup files
[0.936s] -- Configuring done
[0.948s] -- Generating done
[0.953s] -- Build files have been written to: /home/ecem/ros2_ws/src/Leo_sct/build/aruco_opencv
[0.963s] Invoked command in '/home/ecem/ros2_ws/src/Leo_sct/build/aruco_opencv' returned '0': AMENT_PREFIX_PATH=/home/ecem/ros2_ws/src/Leo_sct/install/aruco_opencv_msgs:${AMENT_PREFIX_PATH} CMAKE_PREFIX_PATH=/home/ecem/ros2_ws/src/Leo_sct/install/aruco_opencv_msgs:/home/ecem/ros2_ws/install/leo_examples:/home/ecem/ros2_ws/install/leo:/home/ecem/ros2_ws/install/leo_teleop:/home/ecem/ros2_ws/install/leo_simulator:/home/ecem/ros2_ws/install/leo_msgs:/home/ecem/ros2_ws/install/leo_image:/home/ecem/ros2_ws/install/leo_gz_bringup:/home/ecem/ros2_ws/install/leo_gz_worlds:/home/ecem/ros2_ws/install/leo_gz_plugins:/home/ecem/ros2_ws/install/leo_example_object_detection:/home/ecem/ros2_ws/install/leo_example_line_follower:/home/ecem/ros2_ws/install/leo_example_follow_aruco_marker:/home/ecem/ros2_ws/install/leo_description:/home/ecem/ros2_ws/install/aruco_opencv:/home/ecem/ros2_ws/install/aruco_opencv_msgs:/home/ecem/ros2_ws/install/swarm_basics:/opt/ros/humble LD_LIBRARY_PATH=/home/ecem/ros2_ws/src/Leo_sct/install/aruco_opencv_msgs/lib:${LD_LIBRARY_PATH} PYTHONPATH=/home/ecem/ros2_ws/src/Leo_sct/install/aruco_opencv_msgs/local/lib/python3.10/dist-packages:${PYTHONPATH} /usr/bin/cmake /home/ecem/ros2_ws/src/Leo_sct/ros_aruco_opencv/aruco_opencv -DCMAKE_INSTALL_PREFIX=/home/ecem/ros2_ws/src/Leo_sct/install/aruco_opencv
[0.964s] Invoking command in '/home/ecem/ros2_ws/src/Leo_sct/build/aruco_opencv': AMENT_PREFIX_PATH=/home/ecem/ros2_ws/src/Leo_sct/install/aruco_opencv_msgs:${AMENT_PREFIX_PATH} CMAKE_PREFIX_PATH=/home/ecem/ros2_ws/src/Leo_sct/install/aruco_opencv_msgs:/home/ecem/ros2_ws/install/leo_examples:/home/ecem/ros2_ws/install/leo:/home/ecem/ros2_ws/install/leo_teleop:/home/ecem/ros2_ws/install/leo_simulator:/home/ecem/ros2_ws/install/leo_msgs:/home/ecem/ros2_ws/install/leo_image:/home/ecem/ros2_ws/install/leo_gz_bringup:/home/ecem/ros2_ws/install/leo_gz_worlds:/home/ecem/ros2_ws/install/leo_gz_plugins:/home/ecem/ros2_ws/install/leo_example_object_detection:/home/ecem/ros2_ws/install/leo_example_line_follower:/home/ecem/ros2_ws/install/leo_example_follow_aruco_marker:/home/ecem/ros2_ws/install/leo_description:/home/ecem/ros2_ws/install/aruco_opencv:/home/ecem/ros2_ws/install/aruco_opencv_msgs:/home/ecem/ros2_ws/install/swarm_basics:/opt/ros/humble LD_LIBRARY_PATH=/home/ecem/ros2_ws/src/Leo_sct/install/aruco_opencv_msgs/lib:${LD_LIBRARY_PATH} PYTHONPATH=/home/ecem/ros2_ws/src/Leo_sct/install/aruco_opencv_msgs/local/lib/python3.10/dist-packages:${PYTHONPATH} /usr/bin/cmake --build /home/ecem/ros2_ws/src/Leo_sct/build/aruco_opencv -- -j22 -l22
[1.008s] [ 20%] [32mBuilding CXX object CMakeFiles/aruco_opencv.dir/src/board_loader.cpp.o[0m
[1.008s] [ 20%] [32mBuilding CXX object CMakeFiles/aruco_opencv.dir/src/parameters.cpp.o[0m
[1.008s] [ 30%] [32mBuilding CXX object CMakeFiles/aruco_tracker_autostart.dir/rclcpp_components/node_main_aruco_tracker_autostart.cpp.o[0m
[1.009s] [ 40%] [32mBuilding CXX object CMakeFiles/aruco_opencv.dir/src/aruco_tracker.cpp.o[0m
[1.010s] [ 50%] [32mBuilding CXX object CMakeFiles/aruco_tracker.dir/rclcpp_components/node_main_aruco_tracker.cpp.o[0m
[1.010s] [ 60%] [32mBuilding CXX object CMakeFiles/aruco_opencv.dir/src/detector.cpp.o[0m
[1.011s] [ 70%] [32mBuilding CXX object CMakeFiles/aruco_opencv.dir/src/utils.cpp.o[0m
[3.181s] [ 80%] [32m[1mLinking CXX executable aruco_tracker_autostart[0m
[3.292s] [ 80%] Built target aruco_tracker_autostart
[3.651s] [ 90%] [32m[1mLinking CXX executable aruco_tracker[0m
[3.747s] [ 90%] Built target aruco_tracker
[11.039s] [100%] [32m[1mLinking CXX shared library libaruco_opencv.so[0m
[11.657s] [100%] Built target aruco_opencv
[11.668s] Invoked command in '/home/ecem/ros2_ws/src/Leo_sct/build/aruco_opencv' returned '0': AMENT_PREFIX_PATH=/home/ecem/ros2_ws/src/Leo_sct/install/aruco_opencv_msgs:${AMENT_PREFIX_PATH} CMAKE_PREFIX_PATH=/home/ecem/ros2_ws/src/Leo_sct/install/aruco_opencv_msgs:/home/ecem/ros2_ws/install/leo_examples:/home/ecem/ros2_ws/install/leo:/home/ecem/ros2_ws/install/leo_teleop:/home/ecem/ros2_ws/install/leo_simulator:/home/ecem/ros2_ws/install/leo_msgs:/home/ecem/ros2_ws/install/leo_image:/home/ecem/ros2_ws/install/leo_gz_bringup:/home/ecem/ros2_ws/install/leo_gz_worlds:/home/ecem/ros2_ws/install/leo_gz_plugins:/home/ecem/ros2_ws/install/leo_example_object_detection:/home/ecem/ros2_ws/install/leo_example_line_follower:/home/ecem/ros2_ws/install/leo_example_follow_aruco_marker:/home/ecem/ros2_ws/install/leo_description:/home/ecem/ros2_ws/install/aruco_opencv:/home/ecem/ros2_ws/install/aruco_opencv_msgs:/home/ecem/ros2_ws/install/swarm_basics:/opt/ros/humble LD_LIBRARY_PATH=/home/ecem/ros2_ws/src/Leo_sct/install/aruco_opencv_msgs/lib:${LD_LIBRARY_PATH} PYTHONPATH=/home/ecem/ros2_ws/src/Leo_sct/install/aruco_opencv_msgs/local/lib/python3.10/dist-packages:${PYTHONPATH} /usr/bin/cmake --build /home/ecem/ros2_ws/src/Leo_sct/build/aruco_opencv -- -j22 -l22
[11.669s] Invoking command in '/home/ecem/ros2_ws/src/Leo_sct/build/aruco_opencv': AMENT_PREFIX_PATH=/home/ecem/ros2_ws/src/Leo_sct/install/aruco_opencv_msgs:${AMENT_PREFIX_PATH} CMAKE_PREFIX_PATH=/home/ecem/ros2_ws/src/Leo_sct/install/aruco_opencv_msgs:/home/ecem/ros2_ws/install/leo_examples:/home/ecem/ros2_ws/install/leo:/home/ecem/ros2_ws/install/leo_teleop:/home/ecem/ros2_ws/install/leo_simulator:/home/ecem/ros2_ws/install/leo_msgs:/home/ecem/ros2_ws/install/leo_image:/home/ecem/ros2_ws/install/leo_gz_bringup:/home/ecem/ros2_ws/install/leo_gz_worlds:/home/ecem/ros2_ws/install/leo_gz_plugins:/home/ecem/ros2_ws/install/leo_example_object_detection:/home/ecem/ros2_ws/install/leo_example_line_follower:/home/ecem/ros2_ws/install/leo_example_follow_aruco_marker:/home/ecem/ros2_ws/install/leo_description:/home/ecem/ros2_ws/install/aruco_opencv:/home/ecem/ros2_ws/install/aruco_opencv_msgs:/home/ecem/ros2_ws/install/swarm_basics:/opt/ros/humble LD_LIBRARY_PATH=/home/ecem/ros2_ws/src/Leo_sct/install/aruco_opencv_msgs/lib:${LD_LIBRARY_PATH} PYTHONPATH=/home/ecem/ros2_ws/src/Leo_sct/install/aruco_opencv_msgs/local/lib/python3.10/dist-packages:${PYTHONPATH} /usr/bin/cmake --install /home/ecem/ros2_ws/src/Leo_sct/build/aruco_opencv
[11.673s] -- Install configuration: ""
[11.673s] -- Installing: /home/ecem/ros2_ws/src/Leo_sct/install/aruco_opencv/lib/aruco_opencv/aruco_tracker
[11.674s] -- Set runtime path of "/home/ecem/ros2_ws/src/Leo_sct/install/aruco_opencv/lib/aruco_opencv/aruco_tracker" to ""
[11.674s] -- Installing: /home/ecem/ros2_ws/src/Leo_sct/install/aruco_opencv/lib/aruco_opencv/aruco_tracker_autostart
[11.674s] -- Set runtime path of "/home/ecem/ros2_ws/src/Leo_sct/install/aruco_opencv/lib/aruco_opencv/aruco_tracker_autostart" to ""
[11.674s] -- Installing: /home/ecem/ros2_ws/src/Leo_sct/install/aruco_opencv/lib/libaruco_opencv.so
[11.680s] -- Set runtime path of "/home/ecem/ros2_ws/src/Leo_sct/install/aruco_opencv/lib/libaruco_opencv.so" to ""
[11.680s] -- Installing: /home/ecem/ros2_ws/src/Leo_sct/install/aruco_opencv/share/aruco_opencv/config
[11.680s] -- Installing: /home/ecem/ros2_ws/src/Leo_sct/install/aruco_opencv/share/aruco_opencv/config/board_descriptions.yaml
[11.680s] -- Installing: /home/ecem/ros2_ws/src/Leo_sct/install/aruco_opencv/share/aruco_opencv/config/aruco_tracker.yaml
[11.680s] -- Installing: /home/ecem/ros2_ws/src/Leo_sct/install/aruco_opencv/share/aruco_opencv/launch
[11.680s] -- Installing: /home/ecem/ros2_ws/src/Leo_sct/install/aruco_opencv/share/aruco_opencv/launch/aruco_tracker.launch.xml
[11.681s] -- Installing: /home/ecem/ros2_ws/src/Leo_sct/install/aruco_opencv/lib/aruco_opencv/create_board
[11.681s] -- Installing: /home/ecem/ros2_ws/src/Leo_sct/install/aruco_opencv/lib/aruco_opencv/create_marker
[11.681s] -- Installing: /home/ecem/ros2_ws/src/Leo_sct/install/aruco_opencv/share/ament_index/resource_index/package_run_dependencies/aruco_opencv
[11.681s] -- Installing: /home/ecem/ros2_ws/src/Leo_sct/install/aruco_opencv/share/ament_index/resource_index/parent_prefix_path/aruco_opencv
[11.681s] -- Installing: /home/ecem/ros2_ws/src/Leo_sct/install/aruco_opencv/share/aruco_opencv/environment/ament_prefix_path.sh
[11.681s] -- Installing: /home/ecem/ros2_ws/src/Leo_sct/install/aruco_opencv/share/aruco_opencv/environment/ament_prefix_path.dsv
[11.681s] -- Installing: /home/ecem/ros2_ws/src/Leo_sct/install/aruco_opencv/share/aruco_opencv/environment/path.sh
[11.681s] -- Installing: /home/ecem/ros2_ws/src/Leo_sct/install/aruco_opencv/share/aruco_opencv/environment/path.dsv
[11.681s] -- Installing: /home/ecem/ros2_ws/src/Leo_sct/install/aruco_opencv/share/aruco_opencv/local_setup.bash
[11.681s] -- Installing: /home/ecem/ros2_ws/src/Leo_sct/install/aruco_opencv/share/aruco_opencv/local_setup.sh
[11.681s] -- Installing: /home/ecem/ros2_ws/src/Leo_sct/install/aruco_opencv/share/aruco_opencv/local_setup.zsh
[11.681s] -- Installing: /home/ecem/ros2_ws/src/Leo_sct/install/aruco_opencv/share/aruco_opencv/local_setup.dsv
[11.681s] -- Installing: /home/ecem/ros2_ws/src/Leo_sct/install/aruco_opencv/share/aruco_opencv/package.dsv
[11.682s] -- Installing: /home/ecem/ros2_ws/src/Leo_sct/install/aruco_opencv/share/ament_index/resource_index/packages/aruco_opencv
[11.682s] -- Installing: /home/ecem/ros2_ws/src/Leo_sct/install/aruco_opencv/share/ament_index/resource_index/rclcpp_components/aruco_opencv
[11.682s] -- Installing: /home/ecem/ros2_ws/src/Leo_sct/install/aruco_opencv/share/aruco_opencv/cmake/aruco_opencvConfig.cmake
[11.682s] -- Installing: /home/ecem/ros2_ws/src/Leo_sct/install/aruco_opencv/share/aruco_opencv/cmake/aruco_opencvConfig-version.cmake
[11.682s] -- Installing: /home/ecem/ros2_ws/src/Leo_sct/install/aruco_opencv/share/aruco_opencv/package.xml
[11.683s] Invoked command in '/home/ecem/ros2_ws/src/Leo_sct/build/aruco_opencv' returned '0': AMENT_PREFIX_PATH=/home/ecem/ros2_ws/src/Leo_sct/install/aruco_opencv_msgs:${AMENT_PREFIX_PATH} CMAKE_PREFIX_PATH=/home/ecem/ros2_ws/src/Leo_sct/install/aruco_opencv_msgs:/home/ecem/ros2_ws/install/leo_examples:/home/ecem/ros2_ws/install/leo:/home/ecem/ros2_ws/install/leo_teleop:/home/ecem/ros2_ws/install/leo_simulator:/home/ecem/ros2_ws/install/leo_msgs:/home/ecem/ros2_ws/install/leo_image:/home/ecem/ros2_ws/install/leo_gz_bringup:/home/ecem/ros2_ws/install/leo_gz_worlds:/home/ecem/ros2_ws/install/leo_gz_plugins:/home/ecem/ros2_ws/install/leo_example_object_detection:/home/ecem/ros2_ws/install/leo_example_line_follower:/home/ecem/ros2_ws/install/leo_example_follow_aruco_marker:/home/ecem/ros2_ws/install/leo_description:/home/ecem/ros2_ws/install/aruco_opencv:/home/ecem/ros2_ws/install/aruco_opencv_msgs:/home/ecem/ros2_ws/install/swarm_basics:/opt/ros/humble LD_LIBRARY_PATH=/home/ecem/ros2_ws/src/Leo_sct/install/aruco_opencv_msgs/lib:${LD_LIBRARY_PATH} PYTHONPATH=/home/ecem/ros2_ws/src/Leo_sct/install/aruco_opencv_msgs/local/lib/python3.10/dist-packages:${PYTHONPATH} /usr/bin/cmake --install /home/ecem/ros2_ws/src/Leo_sct/build/aruco_opencv
