[0.011s] Invoking command in '/home/ecem/ros2_ws/src/Leo_sct/build/leo_image': CMAKE_PREFIX_PATH=${CMAKE_PREFIX_PATH}:/home/ecem/ros2_ws/install/swarm_basics:/opt/ros/humble /usr/bin/cmake /home/ecem/ros2_ws/src/Leo_sct/leo_image -DCMAKE_INSTALL_PREFIX=/home/ecem/ros2_ws/src/Leo_sct/install/leo_image
[0.071s] -- The C compiler identification is GNU 11.4.0
[0.125s] -- The CXX compiler identification is GNU 11.4.0
[0.132s] -- Detecting C compiler ABI info
[0.213s] -- Detecting C compiler ABI info - done
[0.221s] -- Check for working C compiler: /usr/bin/cc - skipped
[0.221s] -- Detecting C compile features
[0.222s] -- Detecting C compile features - done
[0.225s] -- Detecting CXX compiler ABI info
[0.319s] -- Detecting CXX compiler ABI info - done
[0.328s] -- Check for working CXX compiler: /usr/bin/c++ - skipped
[0.328s] -- Detecting CXX compile features
[0.329s] -- Detecting CXX compile features - done
[0.333s] -- Found ament_cmake: 1.3.12 (/opt/ros/humble/share/ament_cmake/cmake)
[0.538s] -- Found Python3: /usr/bin/python3 (found version "3.10.12") found components: Interpreter 
[0.654s] -- Found rclcpp: 16.0.17 (/opt/ros/humble/share/rclcpp/cmake)
[0.707s] -- Found rosidl_generator_c: 3.1.8 (/opt/ros/humble/share/rosidl_generator_c/cmake)
[0.714s] -- Found rosidl_adapter: 3.1.8 (/opt/ros/humble/share/rosidl_adapter/cmake)
[0.725s] -- Found rosidl_generator_cpp: 3.1.8 (/opt/ros/humble/share/rosidl_generator_cpp/cmake)
[0.739s] -- Using all available rosidl_typesupport_c: rosidl_typesupport_fastrtps_c;rosidl_typesupport_introspection_c
[0.758s] -- Using all available rosidl_typesupport_cpp: rosidl_typesupport_fastrtps_cpp;rosidl_typesupport_introspection_cpp
[0.823s] -- Found rmw_implementation_cmake: 6.1.2 (/opt/ros/humble/share/rmw_implementation_cmake/cmake)
[0.828s] -- Found rmw_cyclonedds_cpp: 1.3.4 (/opt/ros/humble/share/rmw_cyclonedds_cpp/cmake)
[0.860s] -- Using RMW implementation 'rmw_cyclonedds_cpp' as default
[0.872s] -- Looking for pthread.h
[0.955s] -- Looking for pthread.h - found
[0.955s] -- Performing Test CMAKE_HAVE_LIBC_PTHREAD
[1.037s] -- Performing Test CMAKE_HAVE_LIBC_PTHREAD - Success
[1.038s] -- Found Threads: TRUE  
[1.098s] -- Found sensor_msgs: 4.9.0 (/opt/ros/humble/share/sensor_msgs/cmake)
[1.135s] -- Found message_filters: 4.3.11 (/opt/ros/humble/share/message_filters/cmake)
[1.148s] -- Found OpenCV: /usr (found version "4.5.4") 
[1.150s] -- Found cv_bridge: 3.2.1 (/opt/ros/humble/share/cv_bridge/cmake)
[1.160s] -- Found ament_lint_auto: 0.12.14 (/opt/ros/humble/share/ament_lint_auto/cmake)
[1.273s] -- Added test 'cppcheck' to perform static code analysis on C / C++ code
[1.273s] -- Configured cppcheck include dirs: $<BUILD_INTERFACE:/home/ecem/ros2_ws/src/Leo_sct/leo_image/include>
[1.273s] -- Configured cppcheck exclude dirs and/or files: 
[1.274s] -- Added test 'lint_cmake' to check CMake code style
[1.275s] -- Added test 'uncrustify' to check C / C++ code style
[1.275s] -- Configured uncrustify additional arguments: 
[1.275s] -- Added test 'xmllint' to check XML markup files
[1.277s] -- Configuring done
[1.288s] -- Generating done
[1.293s] -- Build files have been written to: /home/ecem/ros2_ws/src/Leo_sct/build/leo_image
[1.301s] Invoked command in '/home/ecem/ros2_ws/src/Leo_sct/build/leo_image' returned '0': CMAKE_PREFIX_PATH=${CMAKE_PREFIX_PATH}:/home/ecem/ros2_ws/install/swarm_basics:/opt/ros/humble /usr/bin/cmake /home/ecem/ros2_ws/src/Leo_sct/leo_image -DCMAKE_INSTALL_PREFIX=/home/ecem/ros2_ws/src/Leo_sct/install/leo_image
[1.304s] Invoking command in '/home/ecem/ros2_ws/src/Leo_sct/build/leo_image': CMAKE_PREFIX_PATH=${CMAKE_PREFIX_PATH}:/home/ecem/ros2_ws/install/swarm_basics:/opt/ros/humble /usr/bin/cmake --build /home/ecem/ros2_ws/src/Leo_sct/build/leo_image -- -j22 -l22
[1.369s] [ 50%] Building CXX object CMakeFiles/image_processor.dir/src/image_processor.cpp.o
[11.229s] [100%] Linking CXX executable image_processor
[12.055s] [100%] Built target image_processor
[12.068s] Invoked command in '/home/ecem/ros2_ws/src/Leo_sct/build/leo_image' returned '0': CMAKE_PREFIX_PATH=${CMAKE_PREFIX_PATH}:/home/ecem/ros2_ws/install/swarm_basics:/opt/ros/humble /usr/bin/cmake --build /home/ecem/ros2_ws/src/Leo_sct/build/leo_image -- -j22 -l22
[12.080s] Invoking command in '/home/ecem/ros2_ws/src/Leo_sct/build/leo_image': CMAKE_PREFIX_PATH=${CMAKE_PREFIX_PATH}:/home/ecem/ros2_ws/install/swarm_basics:/opt/ros/humble /usr/bin/cmake --install /home/ecem/ros2_ws/src/Leo_sct/build/leo_image
[12.088s] -- Install configuration: ""
[12.088s] -- Installing: /home/ecem/ros2_ws/src/Leo_sct/install/leo_image/lib/leo_image/image_processor
[12.091s] -- Set runtime path of "/home/ecem/ros2_ws/src/Leo_sct/install/leo_image/lib/leo_image/image_processor" to ""
[12.091s] -- Installing: /home/ecem/ros2_ws/src/Leo_sct/install/leo_image/share/ament_index/resource_index/package_run_dependencies/leo_image
[12.091s] -- Installing: /home/ecem/ros2_ws/src/Leo_sct/install/leo_image/share/ament_index/resource_index/parent_prefix_path/leo_image
[12.092s] -- Installing: /home/ecem/ros2_ws/src/Leo_sct/install/leo_image/share/leo_image/environment/ament_prefix_path.sh
[12.092s] -- Installing: /home/ecem/ros2_ws/src/Leo_sct/install/leo_image/share/leo_image/environment/ament_prefix_path.dsv
[12.092s] -- Installing: /home/ecem/ros2_ws/src/Leo_sct/install/leo_image/share/leo_image/environment/path.sh
[12.092s] -- Installing: /home/ecem/ros2_ws/src/Leo_sct/install/leo_image/share/leo_image/environment/path.dsv
[12.093s] -- Installing: /home/ecem/ros2_ws/src/Leo_sct/install/leo_image/share/leo_image/local_setup.bash
[12.093s] -- Installing: /home/ecem/ros2_ws/src/Leo_sct/install/leo_image/share/leo_image/local_setup.sh
[12.093s] -- Installing: /home/ecem/ros2_ws/src/Leo_sct/install/leo_image/share/leo_image/local_setup.zsh
[12.093s] -- Installing: /home/ecem/ros2_ws/src/Leo_sct/install/leo_image/share/leo_image/local_setup.dsv
[12.093s] -- Installing: /home/ecem/ros2_ws/src/Leo_sct/install/leo_image/share/leo_image/package.dsv
[12.093s] -- Installing: /home/ecem/ros2_ws/src/Leo_sct/install/leo_image/share/ament_index/resource_index/packages/leo_image
[12.093s] -- Installing: /home/ecem/ros2_ws/src/Leo_sct/install/leo_image/share/leo_image/cmake/leo_imageConfig.cmake
[12.093s] -- Installing: /home/ecem/ros2_ws/src/Leo_sct/install/leo_image/share/leo_image/cmake/leo_imageConfig-version.cmake
[12.093s] -- Installing: /home/ecem/ros2_ws/src/Leo_sct/install/leo_image/share/leo_image/package.xml
[30.018s] Invoked command in '/home/ecem/ros2_ws/src/Leo_sct/build/leo_image' returned '0': CMAKE_PREFIX_PATH=${CMAKE_PREFIX_PATH}:/home/ecem/ros2_ws/install/swarm_basics:/opt/ros/humble /usr/bin/cmake --install /home/ecem/ros2_ws/src/Leo_sct/build/leo_image
