[INFO] [launch]: All log files can be found below /home/ecem/.ros/log/2026-04-22-09-16-11-287483-ecem-pc-94251
[INFO] [launch]: Default logging verbosity is set to INFO
[INFO] [ign gazebo-1]: process started with pid [94267]
[INFO] [coverage_counter-2]: process started with pid [94269]
[INFO] [bump_counter-3]: process started with pid [94272]
[INFO] [parameter_bridge-4]: process started with pid [94274]
[INFO] [robot_state_publisher-5]: process started with pid [94276]
[INFO] [create-6]: process started with pid [94278]
[INFO] [robot_supervisor-7]: process started with pid [94280]
[INFO] [robot_state_publisher-8]: process started with pid [94282]
[INFO] [create-9]: process started with pid [94284]
[INFO] [robot_supervisor-10]: process started with pid [94287]
[INFO] [robot_state_publisher-11]: process started with pid [94290]
[INFO] [create-12]: process started with pid [94292]
[INFO] [robot_supervisor-13]: process started with pid [94294]
[INFO] [robot_state_publisher-14]: process started with pid [94296]
[INFO] [create-15]: process started with pid [94298]
[INFO] [robot_supervisor-16]: process started with pid [94302]
[INFO] [robot_state_publisher-17]: process started with pid [94304]
[INFO] [create-18]: process started with pid [94371]
[INFO] [robot_supervisor-19]: process started with pid [94377]
[INFO] [parameter_bridge-20]: process started with pid [94388]
[parameter_bridge-4] [ros_ign_bridge] is deprecated! Redirecting to use [ros_gz_bridge] instead!
[parameter_bridge-4] 
[create-6] [INFO] [1776842171.711159772] [robot_0.ros_gz_sim]: Requesting list of world names.
[create-9] [INFO] [1776842171.712644763] [robot_1.ros_gz_sim]: Requesting list of world names.
[robot_state_publisher-5] [INFO] [1776842171.716088936] [robot_0.robot_state_publisher]: got segment robot_0/antenna_link
[robot_state_publisher-5] [INFO] [1776842171.716208190] [robot_0.robot_state_publisher]: got segment robot_0/base_footprint
[robot_state_publisher-5] [INFO] [1776842171.716222328] [robot_0.robot_state_publisher]: got segment robot_0/base_link
[robot_state_publisher-5] [INFO] [1776842171.716231481] [robot_0.robot_state_publisher]: got segment robot_0/realsense_link
[robot_state_publisher-5] [INFO] [1776842171.716239475] [robot_0.robot_state_publisher]: got segment robot_0/rocker_L_link
[robot_state_publisher-5] [INFO] [1776842171.716247417] [robot_0.robot_state_publisher]: got segment robot_0/rocker_R_link
[robot_state_publisher-5] [INFO] [1776842171.716254773] [robot_0.robot_state_publisher]: got segment robot_0/wheel_FL_link
[robot_state_publisher-5] [INFO] [1776842171.716262023] [robot_0.robot_state_publisher]: got segment robot_0/wheel_FR_link
[robot_state_publisher-5] [INFO] [1776842171.716269244] [robot_0.robot_state_publisher]: got segment robot_0/wheel_RL_link
[robot_state_publisher-5] [INFO] [1776842171.716276286] [robot_0.robot_state_publisher]: got segment robot_0/wheel_RR_link
[robot_state_publisher-8] [INFO] [1776842171.717063944] [robot_1.robot_state_publisher]: got segment robot_1/antenna_link
[robot_state_publisher-8] [INFO] [1776842171.717141080] [robot_1.robot_state_publisher]: got segment robot_1/base_footprint
[robot_state_publisher-8] [INFO] [1776842171.717150585] [robot_1.robot_state_publisher]: got segment robot_1/base_link
[robot_state_publisher-8] [INFO] [1776842171.717156684] [robot_1.robot_state_publisher]: got segment robot_1/realsense_link
[robot_state_publisher-8] [INFO] [1776842171.717162455] [robot_1.robot_state_publisher]: got segment robot_1/rocker_L_link
[robot_state_publisher-8] [INFO] [1776842171.717167781] [robot_1.robot_state_publisher]: got segment robot_1/rocker_R_link
[robot_state_publisher-8] [INFO] [1776842171.717173163] [robot_1.robot_state_publisher]: got segment robot_1/wheel_FL_link
[robot_state_publisher-8] [INFO] [1776842171.717178743] [robot_1.robot_state_publisher]: got segment robot_1/wheel_FR_link
[robot_state_publisher-8] [INFO] [1776842171.717184070] [robot_1.robot_state_publisher]: got segment robot_1/wheel_RL_link
[robot_state_publisher-8] [INFO] [1776842171.717189451] [robot_1.robot_state_publisher]: got segment robot_1/wheel_RR_link
[robot_state_publisher-17] [INFO] [1776842171.719992067] [robot_4.robot_state_publisher]: got segment robot_4/antenna_link
[robot_state_publisher-17] [INFO] [1776842171.720068760] [robot_4.robot_state_publisher]: got segment robot_4/base_footprint
[robot_state_publisher-17] [INFO] [1776842171.720075358] [robot_4.robot_state_publisher]: got segment robot_4/base_link
[robot_state_publisher-17] [INFO] [1776842171.720079400] [robot_4.robot_state_publisher]: got segment robot_4/realsense_link
[robot_state_publisher-17] [INFO] [1776842171.720082682] [robot_4.robot_state_publisher]: got segment robot_4/rocker_L_link
[robot_state_publisher-17] [INFO] [1776842171.720085879] [robot_4.robot_state_publisher]: got segment robot_4/rocker_R_link
[robot_state_publisher-17] [INFO] [1776842171.720089199] [robot_4.robot_state_publisher]: got segment robot_4/wheel_FL_link
[robot_state_publisher-17] [INFO] [1776842171.720092563] [robot_4.robot_state_publisher]: got segment robot_4/wheel_FR_link
[robot_state_publisher-17] [INFO] [1776842171.720095664] [robot_4.robot_state_publisher]: got segment robot_4/wheel_RL_link
[robot_state_publisher-17] [INFO] [1776842171.720098790] [robot_4.robot_state_publisher]: got segment robot_4/wheel_RR_link
[create-15] [INFO] [1776842171.723252691] [robot_3.ros_gz_sim]: Requesting list of world names.
[robot_state_publisher-11] [INFO] [1776842171.723822112] [robot_2.robot_state_publisher]: got segment robot_2/antenna_link
[robot_state_publisher-11] [INFO] [1776842171.723897448] [robot_2.robot_state_publisher]: got segment robot_2/base_footprint
[robot_state_publisher-11] [INFO] [1776842171.723907760] [robot_2.robot_state_publisher]: got segment robot_2/base_link
[robot_state_publisher-11] [INFO] [1776842171.723914237] [robot_2.robot_state_publisher]: got segment robot_2/realsense_link
[robot_state_publisher-11] [INFO] [1776842171.723920066] [robot_2.robot_state_publisher]: got segment robot_2/rocker_L_link
[robot_state_publisher-11] [INFO] [1776842171.723924360] [robot_2.robot_state_publisher]: got segment robot_2/rocker_R_link
[robot_state_publisher-11] [INFO] [1776842171.723928932] [robot_2.robot_state_publisher]: got segment robot_2/wheel_FL_link
[robot_state_publisher-11] [INFO] [1776842171.723932875] [robot_2.robot_state_publisher]: got segment robot_2/wheel_FR_link
[robot_state_publisher-11] [INFO] [1776842171.723935998] [robot_2.robot_state_publisher]: got segment robot_2/wheel_RL_link
[robot_state_publisher-11] [INFO] [1776842171.723939003] [robot_2.robot_state_publisher]: got segment robot_2/wheel_RR_link
[create-12] [INFO] [1776842171.724329726] [robot_2.ros_gz_sim]: Requesting list of world names.
[robot_state_publisher-14] [INFO] [1776842171.731295185] [robot_3.robot_state_publisher]: got segment robot_3/antenna_link
[robot_state_publisher-14] [INFO] [1776842171.731372578] [robot_3.robot_state_publisher]: got segment robot_3/base_footprint
[robot_state_publisher-14] [INFO] [1776842171.731379105] [robot_3.robot_state_publisher]: got segment robot_3/base_link
[robot_state_publisher-14] [INFO] [1776842171.731382621] [robot_3.robot_state_publisher]: got segment robot_3/realsense_link
[robot_state_publisher-14] [INFO] [1776842171.731385848] [robot_3.robot_state_publisher]: got segment robot_3/rocker_L_link
[robot_state_publisher-14] [INFO] [1776842171.731388786] [robot_3.robot_state_publisher]: got segment robot_3/rocker_R_link
[robot_state_publisher-14] [INFO] [1776842171.731391798] [robot_3.robot_state_publisher]: got segment robot_3/wheel_FL_link
[robot_state_publisher-14] [INFO] [1776842171.731394841] [robot_3.robot_state_publisher]: got segment robot_3/wheel_FR_link
[robot_state_publisher-14] [INFO] [1776842171.731398064] [robot_3.robot_state_publisher]: got segment robot_3/wheel_RL_link
[robot_state_publisher-14] [INFO] [1776842171.731400939] [robot_3.robot_state_publisher]: got segment robot_3/wheel_RR_link
[create-18] [INFO] [1776842171.738014853] [robot_4.ros_gz_sim]: Requesting list of world names.
[parameter_bridge-4] [INFO] [1776842171.743442875] [all_robots_bridge]: Creating ROS->GZ Bridge: [/robot_0/cmd_vel (geometry_msgs/msg/Twist) -> /robot_0/cmd_vel (ignition.msgs.Twist)] (Lazy 0)
[parameter_bridge-4] [INFO] [1776842171.744912652] [all_robots_bridge]: Creating GZ->ROS Bridge: [/robot_0/odom (ignition.msgs.Odometry) -> /robot_0/odom (nav_msgs/msg/Odometry)] (Lazy 0)
[parameter_bridge-4] [INFO] [1776842171.745748386] [all_robots_bridge]: Creating GZ->ROS Bridge: [/robot_0/depth_camera/depth_image (ignition.msgs.Image) -> /robot_0/depth_camera/depth_image (sensor_msgs/msg/Image)] (Lazy 0)
[parameter_bridge-4] [INFO] [1776842171.746991558] [all_robots_bridge]: Creating GZ->ROS Bridge: [/world/random_world/model/robot_0/link/robot_0/base_footprint/sensor/contact_sensor/contact (ignition.msgs.Contacts) -> /world/random_world/model/robot_0/link/robot_0/base_footprint/sensor/contact_sensor/contact (ros_gz_interfaces/msg/Contacts)] (Lazy 0)
[parameter_bridge-4] [INFO] [1776842171.748149874] [all_robots_bridge]: Creating ROS->GZ Bridge: [/robot_1/cmd_vel (geometry_msgs/msg/Twist) -> /robot_1/cmd_vel (ignition.msgs.Twist)] (Lazy 0)
[parameter_bridge-4] [INFO] [1776842171.748569869] [all_robots_bridge]: Creating GZ->ROS Bridge: [/robot_1/odom (ignition.msgs.Odometry) -> /robot_1/odom (nav_msgs/msg/Odometry)] (Lazy 0)
[parameter_bridge-4] [INFO] [1776842171.749041364] [all_robots_bridge]: Creating GZ->ROS Bridge: [/robot_1/depth_camera/depth_image (ignition.msgs.Image) -> /robot_1/depth_camera/depth_image (sensor_msgs/msg/Image)] (Lazy 0)
[parameter_bridge-4] [INFO] [1776842171.749915424] [all_robots_bridge]: Creating GZ->ROS Bridge: [/world/random_world/model/robot_1/link/robot_1/base_footprint/sensor/contact_sensor/contact (ignition.msgs.Contacts) -> /world/random_world/model/robot_1/link/robot_1/base_footprint/sensor/contact_sensor/contact (ros_gz_interfaces/msg/Contacts)] (Lazy 0)
[parameter_bridge-4] [INFO] [1776842171.751281558] [all_robots_bridge]: Creating ROS->GZ Bridge: [/robot_2/cmd_vel (geometry_msgs/msg/Twist) -> /robot_2/cmd_vel (ignition.msgs.Twist)] (Lazy 0)
[parameter_bridge-4] [INFO] [1776842171.752209185] [all_robots_bridge]: Creating GZ->ROS Bridge: [/robot_2/odom (ignition.msgs.Odometry) -> /robot_2/odom (nav_msgs/msg/Odometry)] (Lazy 0)
[parameter_bridge-4] [INFO] [1776842171.753328647] [all_robots_bridge]: Creating GZ->ROS Bridge: [/robot_2/depth_camera/depth_image (ignition.msgs.Image) -> /robot_2/depth_camera/depth_image (sensor_msgs/msg/Image)] (Lazy 0)
[parameter_bridge-4] [INFO] [1776842171.754912954] [all_robots_bridge]: Creating GZ->ROS Bridge: [/world/random_world/model/robot_2/link/robot_2/base_footprint/sensor/contact_sensor/contact (ignition.msgs.Contacts) -> /world/random_world/model/robot_2/link/robot_2/base_footprint/sensor/contact_sensor/contact (ros_gz_interfaces/msg/Contacts)] (Lazy 0)
[parameter_bridge-4] [INFO] [1776842171.756517050] [all_robots_bridge]: Creating ROS->GZ Bridge: [/robot_3/cmd_vel (geometry_msgs/msg/Twist) -> /robot_3/cmd_vel (ignition.msgs.Twist)] (Lazy 0)
[parameter_bridge-4] [INFO] [1776842171.757473382] [all_robots_bridge]: Creating GZ->ROS Bridge: [/robot_3/odom (ignition.msgs.Odometry) -> /robot_3/odom (nav_msgs/msg/Odometry)] (Lazy 0)
[parameter_bridge-4] [INFO] [1776842171.758409644] [all_robots_bridge]: Creating GZ->ROS Bridge: [/robot_3/depth_camera/depth_image (ignition.msgs.Image) -> /robot_3/depth_camera/depth_image (sensor_msgs/msg/Image)] (Lazy 0)
[parameter_bridge-4] [INFO] [1776842171.760896973] [all_robots_bridge]: Creating GZ->ROS Bridge: [/world/random_world/model/robot_3/link/robot_3/base_footprint/sensor/contact_sensor/contact (ignition.msgs.Contacts) -> /world/random_world/model/robot_3/link/robot_3/base_footprint/sensor/contact_sensor/contact (ros_gz_interfaces/msg/Contacts)] (Lazy 0)
[parameter_bridge-4] [INFO] [1776842171.762060160] [all_robots_bridge]: Creating ROS->GZ Bridge: [/robot_4/cmd_vel (geometry_msgs/msg/Twist) -> /robot_4/cmd_vel (ignition.msgs.Twist)] (Lazy 0)
[parameter_bridge-4] [INFO] [1776842171.763514658] [all_robots_bridge]: Creating GZ->ROS Bridge: [/robot_4/odom (ignition.msgs.Odometry) -> /robot_4/odom (nav_msgs/msg/Odometry)] (Lazy 0)
[parameter_bridge-4] [INFO] [1776842171.763931497] [all_robots_bridge]: Creating GZ->ROS Bridge: [/robot_4/depth_camera/depth_image (ignition.msgs.Image) -> /robot_4/depth_camera/depth_image (sensor_msgs/msg/Image)] (Lazy 0)
[parameter_bridge-4] [INFO] [1776842171.764302913] [all_robots_bridge]: Creating GZ->ROS Bridge: [/world/random_world/model/robot_4/link/robot_4/base_footprint/sensor/contact_sensor/contact (ignition.msgs.Contacts) -> /world/random_world/model/robot_4/link/robot_4/base_footprint/sensor/contact_sensor/contact (ros_gz_interfaces/msg/Contacts)] (Lazy 0)
[parameter_bridge-4] [INFO] [1776842171.764703554] [all_robots_bridge]: Creating GZ->ROS Bridge: [/world/random_world/dynamic_pose/info (ignition.msgs.Pose_V) -> /world/random_world/dynamic_pose/info (tf2_msgs/msg/TFMessage)] (Lazy 0)
[parameter_bridge-20] [INFO] [1776842171.766352633] [clock_bridge]: Creating GZ->ROS Bridge: [/clock (ignition.msgs.Clock) -> /clock (rosgraph_msgs/msg/Clock)] (Lazy 0)
[bump_counter-3] [INFO] [1776842171.981003566] [bump_counter]: [global] global_mode=True cooldown(robot)=0.80s cooldown(obs)=0.50s Logging to /home/ecem/ros2_ws/src/Leo_sct/results_exp/explore/vague/prompt_3/run_7/spread/trial_3/run_20260422_091611/bumps_global_091611.csv
[robot_supervisor-7] [INFO] [1776842172.004989398] [robot_0.robot_supervisor]: Loaded initial mission 'explore' from explicit YAML explore_sup_gpt_vague_3_run_7_183.yaml
[robot_supervisor-13] [INFO] [1776842172.015410456] [robot_2.robot_supervisor]: Loaded initial mission 'explore' from explicit YAML explore_sup_gpt_vague_3_run_7_183.yaml
[robot_supervisor-10] [INFO] [1776842172.018537511] [robot_1.robot_supervisor]: Loaded initial mission 'explore' from explicit YAML explore_sup_gpt_vague_3_run_7_183.yaml
[robot_supervisor-16] [INFO] [1776842172.025495303] [robot_3.robot_supervisor]: Loaded initial mission 'explore' from explicit YAML explore_sup_gpt_vague_3_run_7_183.yaml
[robot_supervisor-19] [INFO] [1776842172.078412942] [robot_4.robot_supervisor]: Loaded initial mission 'explore' from explicit YAML explore_sup_gpt_vague_3_run_7_183.yaml
[robot_supervisor-7] [INFO] [1776842172.111440730] [robot_0.robot_supervisor]: Selected controllable event: EV_random_walk
[parameter_bridge-4] [INFO] [1776842172.111927536] [all_robots_bridge]: Passing message from ROS geometry_msgs/msg/Twist to Gazebo gz.msgs.Twist (showing msg only once per type)
[robot_supervisor-13] [INFO] [1776842172.119702165] [robot_2.robot_supervisor]: Selected controllable event: EV_random_walk
[robot_supervisor-10] [INFO] [1776842172.122259605] [robot_1.robot_supervisor]: Selected controllable event: EV_random_walk
[robot_supervisor-16] [INFO] [1776842172.129442760] [robot_3.robot_supervisor]: Selected controllable event: EV_random_walk
[create-6] [INFO] [1776842172.181088032] [robot_0.ros_gz_sim]: Waiting messages on topic [/robot_0/robot_description].
[robot_supervisor-19] [INFO] [1776842172.182142530] [robot_4.robot_supervisor]: Selected controllable event: EV_random_walk
[create-12] [INFO] [1776842172.281639430] [robot_2.ros_gz_sim]: Waiting messages on topic [/robot_2/robot_description].
[create-9] [INFO] [1776842172.380917032] [robot_1.ros_gz_sim]: Waiting messages on topic [/robot_1/robot_description].
[create-18] [INFO] [1776842172.481252006] [robot_4.ros_gz_sim]: Waiting messages on topic [/robot_4/robot_description].
[create-6] [INFO] [1776842172.580633761] [robot_0.ros_gz_sim]: Requested creation of entity.
[create-6] [INFO] [1776842172.580697792] [robot_0.ros_gz_sim]: OK creation of entity.
[create-9] [INFO] [1776842172.580707496] [robot_1.ros_gz_sim]: Requested creation of entity.
[create-9] [INFO] [1776842172.580760868] [robot_1.ros_gz_sim]: OK creation of entity.
[create-12] [INFO] [1776842172.580716991] [robot_2.ros_gz_sim]: Requested creation of entity.
[create-12] [INFO] [1776842172.580767118] [robot_2.ros_gz_sim]: OK creation of entity.
[create-18] [INFO] [1776842172.580803860] [robot_4.ros_gz_sim]: Requested creation of entity.
[create-18] [INFO] [1776842172.580867480] [robot_4.ros_gz_sim]: OK creation of entity.
[create-15] [INFO] [1776842172.581362154] [robot_3.ros_gz_sim]: Waiting messages on topic [/robot_3/robot_description].
[create-15] [INFO] [1776842172.584116506] [robot_3.ros_gz_sim]: Requested creation of entity.
[create-15] [INFO] [1776842172.584179130] [robot_3.ros_gz_sim]: OK creation of entity.
[INFO] [create-9]: process has finished cleanly [pid 94284]
[INFO] [create-6]: process has finished cleanly [pid 94278]
[INFO] [create-18]: process has finished cleanly [pid 94371]
[INFO] [create-12]: process has finished cleanly [pid 94292]
[INFO] [create-15]: process has finished cleanly [pid 94298]
[bump_counter-3] [INFO] [1776842173.033747783] [bump_counter]: [global] subscribed: /world/random_world/model/robot_0/link/robot_0/base_footprint/sensor/contact_sensor/contact
[bump_counter-3] [INFO] [1776842173.034479989] [bump_counter]: [global] subscribed: /world/random_world/model/robot_1/link/robot_1/base_footprint/sensor/contact_sensor/contact
[bump_counter-3] [INFO] [1776842173.035968414] [bump_counter]: [global] subscribed: /world/random_world/model/robot_2/link/robot_2/base_footprint/sensor/contact_sensor/contact
[bump_counter-3] [INFO] [1776842173.037055905] [bump_counter]: [global] subscribed: /world/random_world/model/robot_3/link/robot_3/base_footprint/sensor/contact_sensor/contact
[bump_counter-3] [INFO] [1776842173.038181302] [bump_counter]: [global] subscribed: /world/random_world/model/robot_4/link/robot_4/base_footprint/sensor/contact_sensor/contact
[INFO] [image_processor-21]: process started with pid [94665]
[INFO] [image_processor-22]: process started with pid [94667]
[INFO] [image_processor-23]: process started with pid [94669]
[INFO] [image_processor-24]: process started with pid [94671]
[INFO] [image_processor-25]: process started with pid [94673]
[image_processor-24] [INFO] [1776842173.757003781] [robot_3.image_processor]: image_processor: depth='/robot_3/depth_camera/depth_image' aruco_runtime=disabled
[image_processor-23] [INFO] [1776842173.757097991] [robot_2.image_processor]: image_processor: depth='/robot_2/depth_camera/depth_image' aruco_runtime=disabled
[image_processor-22] [INFO] [1776842173.757816656] [robot_1.image_processor]: image_processor: depth='/robot_1/depth_camera/depth_image' aruco_runtime=disabled
[image_processor-21] [INFO] [1776842173.760164159] [robot_0.image_processor]: image_processor: depth='/robot_0/depth_camera/depth_image' aruco_runtime=disabled
[image_processor-25] [INFO] [1776842173.764883282] [robot_4.image_processor]: image_processor: depth='/robot_4/depth_camera/depth_image' aruco_runtime=disabled
[image_processor-21] [INFO] [1776842177.223748159] [robot_0.image_processor]: Zone=CLEAR  left[p=0.904 near=0 v=7650]  front[p=1.356 near=0 v=13500]  right[p=1.356 near=0 v=7740]
[image_processor-23] [INFO] [1776842177.238391163] [robot_2.image_processor]: Zone=CLEAR  left[p=2.745 near=0 v=5011]  front[p=1.644 near=0 v=8425]  right[p=1.700 near=0 v=6986]
[image_processor-22] [INFO] [1776842177.245975857] [robot_1.image_processor]: Zone=CLEAR  left[p=1.667 near=0 v=7650]  front[p=3.100 near=0 v=12175]  right[p=2.607 near=0 v=7450]
[image_processor-25] [INFO] [1776842177.264378672] [robot_4.image_processor]: Zone=CLEAR  left[p=3.196 near=0 v=6573]  front[p=2.953 near=0 v=9956]  right[p=2.658 near=0 v=5511]
[image_processor-24] [INFO] [1776842177.274072919] [robot_3.image_processor]: Zone=CLEAR  left[p=1.102 near=0 v=7650]  front[p=1.719 near=0 v=13500]  right[p=2.172 near=0 v=7740]
[image_processor-21] [INFO] [1776842179.722000958] [robot_0.image_processor]: Zone=CLEAR
[image_processor-23] [INFO] [1776842179.736339977] [robot_2.image_processor]: Zone=CLEAR
[image_processor-22] [INFO] [1776842179.744124561] [robot_1.image_processor]: Zone=CLEAR
[image_processor-25] [INFO] [1776842179.759336696] [robot_4.image_processor]: Zone=CLEAR
[image_processor-24] [INFO] [1776842179.767379685] [robot_3.image_processor]: Zone=CLEAR
[image_processor-21] [INFO] [1776842182.224230532] [robot_0.image_processor]: Zone=CLEAR
[image_processor-23] [INFO] [1776842182.239173371] [robot_2.image_processor]: Zone=CLEAR
[image_processor-22] [INFO] [1776842182.246909517] [robot_1.image_processor]: Zone=CLEAR
[image_processor-25] [INFO] [1776842182.263828677] [robot_4.image_processor]: Zone=CLEAR
[image_processor-24] [INFO] [1776842182.271633155] [robot_3.image_processor]: Zone=CLEAR
[image_processor-21] [INFO] [1776842184.722876122] [robot_0.image_processor]: Zone=CLEAR
[image_processor-23] [INFO] [1776842184.738308413] [robot_2.image_processor]: Zone=CLEAR
[image_processor-22] [INFO] [1776842184.745728694] [robot_1.image_processor]: Zone=CLEAR
[image_processor-25] [INFO] [1776842184.762292391] [robot_4.image_processor]: Zone=CLEAR
[image_processor-24] [INFO] [1776842184.771105020] [robot_3.image_processor]: Zone=CLEAR
[image_processor-21] [INFO] [1776842187.225894633] [robot_0.image_processor]: Zone=CLEAR
[image_processor-23] [INFO] [1776842187.240632410] [robot_2.image_processor]: Zone=CLEAR
[image_processor-22] [INFO] [1776842187.248337871] [robot_1.image_processor]: Zone=CLEAR
[image_processor-25] [INFO] [1776842187.263474967] [robot_4.image_processor]: Zone=CLEAR
[image_processor-24] [INFO] [1776842187.271240609] [robot_3.image_processor]: Zone=CLEAR
[image_processor-21] [INFO] [1776842189.722454073] [robot_0.image_processor]: Zone=CLEAR
[image_processor-23] [INFO] [1776842189.737087917] [robot_2.image_processor]: Zone=CLEAR
[image_processor-22] [INFO] [1776842189.745446074] [robot_1.image_processor]: Zone=CLEAR
[image_processor-25] [INFO] [1776842189.761347986] [robot_4.image_processor]: Zone=CLEAR
[image_processor-24] [INFO] [1776842189.772363536] [robot_3.image_processor]: Zone=CLEAR
[image_processor-21] [INFO] [1776842192.225187623] [robot_0.image_processor]: Zone=CLEAR
[image_processor-23] [INFO] [1776842192.240654379] [robot_2.image_processor]: Zone=CLEAR
[image_processor-22] [INFO] [1776842192.248582954] [robot_1.image_processor]: Zone=CLEAR
[image_processor-25] [INFO] [1776842192.264180178] [robot_4.image_processor]: Zone=CLEAR
[image_processor-24] [INFO] [1776842192.273300471] [robot_3.image_processor]: Zone=CLEAR
[image_processor-21] [INFO] [1776842194.726280801] [robot_0.image_processor]: Zone=CLEAR
[image_processor-23] [INFO] [1776842194.743075712] [robot_2.image_processor]: Zone=CLEAR
[image_processor-22] [INFO] [1776842194.749364159] [robot_1.image_processor]: Zone=CLEAR
[image_processor-25] [INFO] [1776842194.765397074] [robot_4.image_processor]: Zone=CLEAR
[image_processor-24] [INFO] [1776842194.772670298] [robot_3.image_processor]: Zone=CLEAR
[image_processor-21] [INFO] [1776842197.223549254] [robot_0.image_processor]: Zone=CLEAR
[image_processor-23] [INFO] [1776842197.238890308] [robot_2.image_processor]: Zone=CLEAR
[image_processor-22] [INFO] [1776842197.246886080] [robot_1.image_processor]: Zone=CLEAR
[image_processor-25] [INFO] [1776842197.263262189] [robot_4.image_processor]: Zone=CLEAR
[image_processor-24] [INFO] [1776842197.271116098] [robot_3.image_processor]: Zone=CLEAR
[image_processor-21] [INFO] [1776842199.727274774] [robot_0.image_processor]: Zone=CLEAR
[image_processor-23] [INFO] [1776842199.745404171] [robot_2.image_processor]: Zone=CLEAR
[image_processor-22] [INFO] [1776842199.753888494] [robot_1.image_processor]: Zone=CLEAR
[image_processor-25] [INFO] [1776842199.769269840] [robot_4.image_processor]: Zone=CLEAR
[image_processor-24] [INFO] [1776842199.880446695] [robot_3.image_processor]: Zone=CLEAR
[image_processor-21] [INFO] [1776842202.222201195] [robot_0.image_processor]: Zone=CLEAR
[image_processor-23] [INFO] [1776842202.237912152] [robot_2.image_processor]: Zone=CLEAR
[image_processor-22] [INFO] [1776842202.246118524] [robot_1.image_processor]: Zone=CLEAR
[image_processor-25] [INFO] [1776842202.261914565] [robot_4.image_processor]: Zone=CLEAR
[image_processor-24] [INFO] [1776842202.269416317] [robot_3.image_processor]: Zone=CLEAR
[image_processor-21] [INFO] [1776842204.722396778] [robot_0.image_processor]: Zone=CLEAR
[image_processor-23] [INFO] [1776842204.737511969] [robot_2.image_processor]: Zone=CLEAR
[image_processor-22] [INFO] [1776842204.746001123] [robot_1.image_processor]: Zone=CLEAR
[image_processor-25] [INFO] [1776842204.762971030] [robot_4.image_processor]: Zone=CLEAR
[image_processor-24] [INFO] [1776842204.771547167] [robot_3.image_processor]: Zone=CLEAR
[image_processor-21] [INFO] [1776842207.221694279] [robot_0.image_processor]: Zone=CLEAR
[image_processor-23] [INFO] [1776842207.236816406] [robot_2.image_processor]: Zone=CLEAR
[image_processor-22] [INFO] [1776842207.245288891] [robot_1.image_processor]: Zone=CLEAR
[image_processor-25] [INFO] [1776842207.260948456] [robot_4.image_processor]: Zone=CLEAR
[image_processor-24] [INFO] [1776842207.268971869] [robot_3.image_processor]: Zone=CLEAR
[image_processor-21] [INFO] [1776842209.724199260] [robot_0.image_processor]: Zone=CLEAR
[image_processor-23] [INFO] [1776842209.738020431] [robot_2.image_processor]: Zone=CLEAR
[image_processor-22] [INFO] [1776842209.746477052] [robot_1.image_processor]: Zone=CLEAR
[image_processor-25] [INFO] [1776842209.762555663] [robot_4.image_processor]: Zone=CLEAR
[image_processor-24] [INFO] [1776842209.770179604] [robot_3.image_processor]: Zone=CLEAR
[image_processor-21] [INFO] [1776842212.224098933] [robot_0.image_processor]: Zone=CLEAR
[image_processor-23] [INFO] [1776842212.241941261] [robot_2.image_processor]: Zone=CLEAR
[image_processor-22] [INFO] [1776842212.252346020] [robot_1.image_processor]: Zone=CLEAR
[image_processor-25] [INFO] [1776842212.270128193] [robot_4.image_processor]: Zone=CLEAR
[image_processor-24] [INFO] [1776842212.279205075] [robot_3.image_processor]: Zone=CLEAR
[image_processor-21] [INFO] [1776842214.722726540] [robot_0.image_processor]: Zone=CLEAR
[image_processor-22] [INFO] [1776842214.746787146] [robot_1.image_processor]: Zone=CLEAR
[image_processor-25] [INFO] [1776842214.762104049] [robot_4.image_processor]: Zone=CLEAR
[image_processor-23] [INFO] [1776842214.838910241] [robot_2.image_processor]: Zone=CLEAR
[image_processor-24] [INFO] [1776842214.872194223] [robot_3.image_processor]: Zone=CLEAR
[image_processor-21] [INFO] [1776842217.222512186] [robot_0.image_processor]: Zone=CLEAR
[image_processor-23] [INFO] [1776842217.238811343] [robot_2.image_processor]: Zone=CLEAR
[image_processor-22] [INFO] [1776842217.246754761] [robot_1.image_processor]: Zone=CLEAR
[image_processor-25] [INFO] [1776842217.261731450] [robot_4.image_processor]: Zone=CLEAR
[image_processor-24] [INFO] [1776842217.270249985] [robot_3.image_processor]: Zone=CLEAR
[image_processor-21] [INFO] [1776842219.721990661] [robot_0.image_processor]: Zone=CLEAR
[image_processor-23] [INFO] [1776842219.737238129] [robot_2.image_processor]: Zone=CLEAR
[image_processor-22] [INFO] [1776842219.745368305] [robot_1.image_processor]: Zone=CLEAR
[image_processor-25] [INFO] [1776842219.760972675] [robot_4.image_processor]: Zone=CLEAR
[image_processor-24] [INFO] [1776842219.769613412] [robot_3.image_processor]: Zone=CLEAR
[image_processor-21] [INFO] [1776842222.222647934] [robot_0.image_processor]: Zone=CLEAR
[image_processor-23] [INFO] [1776842222.236771379] [robot_2.image_processor]: Zone=CLEAR
[image_processor-22] [INFO] [1776842222.245085255] [robot_1.image_processor]: Zone=CLEAR
[image_processor-25] [INFO] [1776842222.261275611] [robot_4.image_processor]: Zone=CLEAR
[image_processor-24] [INFO] [1776842222.269508650] [robot_3.image_processor]: Zone=CLEAR
[image_processor-23] [INFO] [1776842224.738896706] [robot_2.image_processor]: Zone=CLEAR
[image_processor-22] [INFO] [1776842224.746957727] [robot_1.image_processor]: Zone=CLEAR
[image_processor-25] [INFO] [1776842224.763869687] [robot_4.image_processor]: Zone=CLEAR
[image_processor-24] [INFO] [1776842224.772567671] [robot_3.image_processor]: Zone=CLEAR
[image_processor-21] [INFO] [1776842224.824022534] [robot_0.image_processor]: Zone=CLEAR
[image_processor-21] [INFO] [1776842227.226586185] [robot_0.image_processor]: Zone=CLEAR
[image_processor-23] [INFO] [1776842227.245001842] [robot_2.image_processor]: Zone=CLEAR
[image_processor-22] [INFO] [1776842227.252900922] [robot_1.image_processor]: Zone=CLEAR
[image_processor-25] [INFO] [1776842227.269097758] [robot_4.image_processor]: Zone=CLEAR
[image_processor-24] [INFO] [1776842227.276761754] [robot_3.image_processor]: Zone=CLEAR
[image_processor-21] [INFO] [1776842229.725287766] [robot_0.image_processor]: Zone=CLEAR
[image_processor-23] [INFO] [1776842229.740265460] [robot_2.image_processor]: Zone=CLEAR
[image_processor-22] [INFO] [1776842229.752339991] [robot_1.image_processor]: Zone=CLEAR
[image_processor-25] [INFO] [1776842229.769483565] [robot_4.image_processor]: Zone=CLEAR
[image_processor-24] [INFO] [1776842229.776981642] [robot_3.image_processor]: Zone=CLEAR
[image_processor-21] [INFO] [1776842232.222813634] [robot_0.image_processor]: Zone=CLEAR
[image_processor-23] [INFO] [1776842232.238561605] [robot_2.image_processor]: Zone=CLEAR
[image_processor-22] [INFO] [1776842232.246040665] [robot_1.image_processor]: Zone=CLEAR
[image_processor-25] [INFO] [1776842232.262558340] [robot_4.image_processor]: Zone=CLEAR
[image_processor-24] [INFO] [1776842232.271156767] [robot_3.image_processor]: Zone=CLEAR
[image_processor-21] [INFO] [1776842234.726884700] [robot_0.image_processor]: Zone=CLEAR
[image_processor-23] [INFO] [1776842234.741806863] [robot_2.image_processor]: Zone=CLEAR
[image_processor-22] [INFO] [1776842234.751181331] [robot_1.image_processor]: Zone=CLEAR
[image_processor-25] [INFO] [1776842234.767394869] [robot_4.image_processor]: Zone=CLEAR
[image_processor-24] [INFO] [1776842234.775378163] [robot_3.image_processor]: Zone=CLEAR
[image_processor-21] [INFO] [1776842237.222932400] [robot_0.image_processor]: Zone=CLEAR
[image_processor-23] [INFO] [1776842237.240720294] [robot_2.image_processor]: Zone=CLEAR
[image_processor-25] [INFO] [1776842237.264437485] [robot_4.image_processor]: Zone=CLEAR
[image_processor-24] [INFO] [1776842237.272602454] [robot_3.image_processor]: Zone=CLEAR
[image_processor-22] [INFO] [1776842237.348799087] [robot_1.image_processor]: Zone=CLEAR
[image_processor-23] [INFO] [1776842239.739726631] [robot_2.image_processor]: Zone=CLEAR
[image_processor-25] [INFO] [1776842239.762730452] [robot_4.image_processor]: Zone=CLEAR
[image_processor-24] [INFO] [1776842239.771241842] [robot_3.image_processor]: Zone=CLEAR
[image_processor-21] [INFO] [1776842239.824382447] [robot_0.image_processor]: Zone=CLEAR
[image_processor-22] [INFO] [1776842239.848131235] [robot_1.image_processor]: Zone=CLEAR
[image_processor-21] [INFO] [1776842242.224132158] [robot_0.image_processor]: Zone=CLEAR
[image_processor-23] [INFO] [1776842242.239350467] [robot_2.image_processor]: Zone=CLEAR
[image_processor-22] [INFO] [1776842242.248134230] [robot_1.image_processor]: Zone=CLEAR
[image_processor-25] [INFO] [1776842242.264324559] [robot_4.image_processor]: Zone=CLEAR
[image_processor-24] [INFO] [1776842242.273635642] [robot_3.image_processor]: Zone=CLEAR
[image_processor-21] [INFO] [1776842244.723082194] [robot_0.image_processor]: Zone=CLEAR
[image_processor-23] [INFO] [1776842244.739561191] [robot_2.image_processor]: Zone=CLEAR
[image_processor-22] [INFO] [1776842244.747955120] [robot_1.image_processor]: Zone=CLEAR
[image_processor-25] [INFO] [1776842244.762723852] [robot_4.image_processor]: Zone=CLEAR
[image_processor-24] [INFO] [1776842244.871984991] [robot_3.image_processor]: Zone=CLEAR
[image_processor-21] [INFO] [1776842247.223266998] [robot_0.image_processor]: Zone=CLEAR
[image_processor-23] [INFO] [1776842247.243872687] [robot_2.image_processor]: Zone=CLEAR
[image_processor-22] [INFO] [1776842247.257750259] [robot_1.image_processor]: Zone=CLEAR
[image_processor-25] [INFO] [1776842247.279405206] [robot_4.image_processor]: Zone=CLEAR
[image_processor-24] [INFO] [1776842247.288950299] [robot_3.image_processor]: Zone=CLEAR
[image_processor-21] [INFO] [1776842249.722181003] [robot_0.image_processor]: Zone=CLEAR
[image_processor-23] [INFO] [1776842249.737432406] [robot_2.image_processor]: Zone=CLEAR
[image_processor-22] [INFO] [1776842249.745829055] [robot_1.image_processor]: Zone=CLEAR
[image_processor-25] [INFO] [1776842249.761107482] [robot_4.image_processor]: Zone=CLEAR
[image_processor-24] [INFO] [1776842249.769523427] [robot_3.image_processor]: Zone=CLEAR
[image_processor-21] [INFO] [1776842252.221972582] [robot_0.image_processor]: Zone=CLEAR
[image_processor-23] [INFO] [1776842252.237568564] [robot_2.image_processor]: Zone=CLEAR
[image_processor-22] [INFO] [1776842252.246554421] [robot_1.image_processor]: Zone=CLEAR
[image_processor-25] [INFO] [1776842252.261869534] [robot_4.image_processor]: Zone=CLEAR
[image_processor-24] [INFO] [1776842252.273531376] [robot_3.image_processor]: Zone=CLEAR
[image_processor-21] [INFO] [1776842254.723356233] [robot_0.image_processor]: Zone=CLEAR
[image_processor-23] [INFO] [1776842254.738193872] [robot_2.image_processor]: Zone=CLEAR
[image_processor-22] [INFO] [1776842254.746308019] [robot_1.image_processor]: Zone=CLEAR
[image_processor-25] [INFO] [1776842254.761167043] [robot_4.image_processor]: Zone=CLEAR
[image_processor-24] [INFO] [1776842254.773268036] [robot_3.image_processor]: Zone=CLEAR
[image_processor-21] [INFO] [1776842257.221262747] [robot_0.image_processor]: Zone=CLEAR
[image_processor-23] [INFO] [1776842257.238205611] [robot_2.image_processor]: Zone=CLEAR
[image_processor-22] [INFO] [1776842257.246867387] [robot_1.image_processor]: Zone=CLEAR
[image_processor-24] [INFO] [1776842257.271115535] [robot_3.image_processor]: Zone=CLEAR
[image_processor-25] [INFO] [1776842257.363574409] [robot_4.image_processor]: Zone=CLEAR
[image_processor-21] [INFO] [1776842259.724597648] [robot_0.image_processor]: Zone=CLEAR
[image_processor-23] [INFO] [1776842259.738432749] [robot_2.image_processor]: Zone=CLEAR
[image_processor-22] [INFO] [1776842259.746934710] [robot_1.image_processor]: Zone=CLEAR
[image_processor-25] [INFO] [1776842259.761660719] [robot_4.image_processor]: Zone=CLEAR
[image_processor-24] [INFO] [1776842259.770512081] [robot_3.image_processor]: Zone=CLEAR
[image_processor-21] [INFO] [1776842262.222488428] [robot_0.image_processor]: Zone=CLEAR
[image_processor-23] [INFO] [1776842262.237984737] [robot_2.image_processor]: Zone=CLEAR
[image_processor-22] [INFO] [1776842262.245250598] [robot_1.image_processor]: Zone=CLEAR
[image_processor-25] [INFO] [1776842262.262160824] [robot_4.image_processor]: Zone=CLEAR
[image_processor-24] [INFO] [1776842262.270814962] [robot_3.image_processor]: Zone=CLEAR
[image_processor-21] [INFO] [1776842264.723851902] [robot_0.image_processor]: Zone=CLEAR
[image_processor-23] [INFO] [1776842264.738499412] [robot_2.image_processor]: Zone=CLEAR
[image_processor-22] [INFO] [1776842264.746967629] [robot_1.image_processor]: Zone=CLEAR
[image_processor-25] [INFO] [1776842264.762060177] [robot_4.image_processor]: Zone=CLEAR
[image_processor-24] [INFO] [1776842264.771114984] [robot_3.image_processor]: Zone=CLEAR
[image_processor-21] [INFO] [1776842267.222878731] [robot_0.image_processor]: Zone=CLEAR
[image_processor-23] [INFO] [1776842267.237841809] [robot_2.image_processor]: Zone=CLEAR
[image_processor-22] [INFO] [1776842267.245190497] [robot_1.image_processor]: Zone=CLEAR
[image_processor-25] [INFO] [1776842267.261374157] [robot_4.image_processor]: Zone=CLEAR
[image_processor-24] [INFO] [1776842267.271352805] [robot_3.image_processor]: Zone=CLEAR
[image_processor-21] [INFO] [1776842269.723330659] [robot_0.image_processor]: Zone=CLEAR
[image_processor-23] [INFO] [1776842269.737923015] [robot_2.image_processor]: Zone=CLEAR
[image_processor-22] [INFO] [1776842269.746596990] [robot_1.image_processor]: Zone=CLEAR
[image_processor-25] [INFO] [1776842269.761751161] [robot_4.image_processor]: Zone=CLEAR
[image_processor-24] [INFO] [1776842269.771304868] [robot_3.image_processor]: Zone=CLEAR
[image_processor-21] [INFO] [1776842272.224473756] [robot_0.image_processor]: Zone=CLEAR
[image_processor-23] [INFO] [1776842272.239842894] [robot_2.image_processor]: Zone=CLEAR
[image_processor-22] [INFO] [1776842272.248099475] [robot_1.image_processor]: Zone=CLEAR
[image_processor-25] [INFO] [1776842272.263388883] [robot_4.image_processor]: Zone=CLEAR
[image_processor-24] [INFO] [1776842272.272238388] [robot_3.image_processor]: Zone=CLEAR
[image_processor-21] [INFO] [1776842274.725994108] [robot_0.image_processor]: Zone=CLEAR
[image_processor-23] [INFO] [1776842274.743207784] [robot_2.image_processor]: Zone=CLEAR
[image_processor-22] [INFO] [1776842274.751478174] [robot_1.image_processor]: Zone=CLEAR
[image_processor-25] [INFO] [1776842274.766804292] [robot_4.image_processor]: Zone=CLEAR
[image_processor-24] [INFO] [1776842274.776150231] [robot_3.image_processor]: Zone=CLEAR
[image_processor-21] [INFO] [1776842277.222021407] [robot_0.image_processor]: Zone=CLEAR
[image_processor-23] [INFO] [1776842277.237780208] [robot_2.image_processor]: Zone=CLEAR
[image_processor-22] [INFO] [1776842277.245243908] [robot_1.image_processor]: Zone=CLEAR
[image_processor-25] [INFO] [1776842277.261216739] [robot_4.image_processor]: Zone=CLEAR
[image_processor-24] [INFO] [1776842277.269132165] [robot_3.image_processor]: Zone=CLEAR
[image_processor-21] [INFO] [1776842279.721198560] [robot_0.image_processor]: Zone=CLEAR
[image_processor-23] [INFO] [1776842279.737661216] [robot_2.image_processor]: Zone=CLEAR
[image_processor-22] [INFO] [1776842279.746364163] [robot_1.image_processor]: Zone=CLEAR
[image_processor-25] [INFO] [1776842279.760981813] [robot_4.image_processor]: Zone=CLEAR
[image_processor-24] [INFO] [1776842279.870022673] [robot_3.image_processor]: Zone=CLEAR
[image_processor-21] [INFO] [1776842282.224244707] [robot_0.image_processor]: Zone=CLEAR
[image_processor-23] [INFO] [1776842282.238977359] [robot_2.image_processor]: Zone=CLEAR
[image_processor-22] [INFO] [1776842282.248056009] [robot_1.image_processor]: Zone=CLEAR
[image_processor-25] [INFO] [1776842282.266806732] [robot_4.image_processor]: Zone=CLEAR
[image_processor-24] [INFO] [1776842282.275210279] [robot_3.image_processor]: Zone=CLEAR
[image_processor-21] [INFO] [1776842284.725177373] [robot_0.image_processor]: Zone=CLEAR
[image_processor-23] [INFO] [1776842284.740115835] [robot_2.image_processor]: Zone=CLEAR
[image_processor-22] [INFO] [1776842284.746974474] [robot_1.image_processor]: Zone=CLEAR
[image_processor-25] [INFO] [1776842284.761308703] [robot_4.image_processor]: Zone=CLEAR
[image_processor-24] [INFO] [1776842284.769739597] [robot_3.image_processor]: Zone=CLEAR
[image_processor-21] [INFO] [1776842287.223506707] [robot_0.image_processor]: Zone=CLEAR
[image_processor-23] [INFO] [1776842287.238241711] [robot_2.image_processor]: Zone=CLEAR
[image_processor-22] [INFO] [1776842287.246616413] [robot_1.image_processor]: Zone=CLEAR
[image_processor-25] [INFO] [1776842287.262206667] [robot_4.image_processor]: Zone=CLEAR
[image_processor-24] [INFO] [1776842287.270101442] [robot_3.image_processor]: Zone=CLEAR
[image_processor-21] [INFO] [1776842289.724124260] [robot_0.image_processor]: Zone=CLEAR
[image_processor-23] [INFO] [1776842289.739847967] [robot_2.image_processor]: Zone=CLEAR
[image_processor-22] [INFO] [1776842289.747606733] [robot_1.image_processor]: Zone=CLEAR
[image_processor-25] [INFO] [1776842289.763536038] [robot_4.image_processor]: Zone=CLEAR
[image_processor-24] [INFO] [1776842289.771443979] [robot_3.image_processor]: Zone=CLEAR
[image_processor-21] [INFO] [1776842292.222873463] [robot_0.image_processor]: Zone=CLEAR
[image_processor-23] [INFO] [1776842292.237371369] [robot_2.image_processor]: Zone=CLEAR
[image_processor-22] [INFO] [1776842292.245559165] [robot_1.image_processor]: Zone=CLEAR
[image_processor-25] [INFO] [1776842292.259207706] [robot_4.image_processor]: Zone=CLEAR
[image_processor-24] [INFO] [1776842292.267571965] [robot_3.image_processor]: Zone=CLEAR
[image_processor-21] [INFO] [1776842294.725529833] [robot_0.image_processor]: Zone=CLEAR
[image_processor-23] [INFO] [1776842294.742902210] [robot_2.image_processor]: Zone=CLEAR
[image_processor-22] [INFO] [1776842294.750575466] [robot_1.image_processor]: Zone=CLEAR
[image_processor-25] [INFO] [1776842294.763901378] [robot_4.image_processor]: Zone=CLEAR
[image_processor-24] [INFO] [1776842294.772710216] [robot_3.image_processor]: Zone=CLEAR
[image_processor-21] [INFO] [1776842297.222600150] [robot_0.image_processor]: Zone=CLEAR
[image_processor-23] [INFO] [1776842297.237092827] [robot_2.image_processor]: Zone=CLEAR
[image_processor-22] [INFO] [1776842297.245078555] [robot_1.image_processor]: Zone=CLEAR
[image_processor-25] [INFO] [1776842297.261394313] [robot_4.image_processor]: Zone=CLEAR
[image_processor-24] [INFO] [1776842297.270660559] [robot_3.image_processor]: Zone=CLEAR
[image_processor-21] [INFO] [1776842299.723988133] [robot_0.image_processor]: Zone=CLEAR
[image_processor-23] [INFO] [1776842299.738844617] [robot_2.image_processor]: Zone=CLEAR
[image_processor-22] [INFO] [1776842299.746537139] [robot_1.image_processor]: Zone=CLEAR
[image_processor-25] [INFO] [1776842299.761004437] [robot_4.image_processor]: Zone=CLEAR
[image_processor-24] [INFO] [1776842299.769577856] [robot_3.image_processor]: Zone=CLEAR
[image_processor-21] [INFO] [1776842302.223961738] [robot_0.image_processor]: Zone=CLEAR
[image_processor-23] [INFO] [1776842302.238883344] [robot_2.image_processor]: Zone=CLEAR
[image_processor-25] [INFO] [1776842302.262292386] [robot_4.image_processor]: Zone=CLEAR
[image_processor-24] [INFO] [1776842302.269970159] [robot_3.image_processor]: Zone=CLEAR
[image_processor-22] [INFO] [1776842302.349185880] [robot_1.image_processor]: Zone=CLEAR
[image_processor-21] [INFO] [1776842304.725481271] [robot_0.image_processor]: Zone=CLEAR
[image_processor-23] [INFO] [1776842304.744744338] [robot_2.image_processor]: Zone=CLEAR
[image_processor-22] [INFO] [1776842304.758986670] [robot_1.image_processor]: Zone=CLEAR
[image_processor-25] [INFO] [1776842304.783138450] [robot_4.image_processor]: Zone=CLEAR
[image_processor-24] [INFO] [1776842304.791643519] [robot_3.image_processor]: Zone=CLEAR
[image_processor-21] [INFO] [1776842307.221371665] [robot_0.image_processor]: Zone=CLEAR
[image_processor-23] [INFO] [1776842307.239677690] [robot_2.image_processor]: Zone=CLEAR
[image_processor-22] [INFO] [1776842307.248282861] [robot_1.image_processor]: Zone=CLEAR
[image_processor-25] [INFO] [1776842307.261437903] [robot_4.image_processor]: Zone=CLEAR
[image_processor-24] [INFO] [1776842307.373775786] [robot_3.image_processor]: Zone=CLEAR
[image_processor-21] [INFO] [1776842309.727376144] [robot_0.image_processor]: Zone=CLEAR
[image_processor-23] [INFO] [1776842309.744698990] [robot_2.image_processor]: Zone=CLEAR
[image_processor-22] [INFO] [1776842309.753002649] [robot_1.image_processor]: Zone=CLEAR
[image_processor-25] [INFO] [1776842309.767561422] [robot_4.image_processor]: Zone=CLEAR
[image_processor-24] [INFO] [1776842309.775826144] [robot_3.image_processor]: Zone=CLEAR
[image_processor-21] [INFO] [1776842312.231679886] [robot_0.image_processor]: Zone=CLEAR
[image_processor-23] [INFO] [1776842312.261239524] [robot_2.image_processor]: Zone=CLEAR
[image_processor-25] [INFO] [1776842312.293799087] [robot_4.image_processor]: Zone=CLEAR
[image_processor-24] [INFO] [1776842312.307959612] [robot_3.image_processor]: Zone=CLEAR
[image_processor-22] [INFO] [1776842312.375576232] [robot_1.image_processor]: Zone=CLEAR
[image_processor-21] [INFO] [1776842314.723167500] [robot_0.image_processor]: Zone=CLEAR
[image_processor-23] [INFO] [1776842314.737316867] [robot_2.image_processor]: Zone=CLEAR
[image_processor-22] [INFO] [1776842314.745470347] [robot_1.image_processor]: Zone=CLEAR
[image_processor-25] [INFO] [1776842314.761103067] [robot_4.image_processor]: Zone=CLEAR
[image_processor-24] [INFO] [1776842314.768887567] [robot_3.image_processor]: Zone=CLEAR
[image_processor-21] [INFO] [1776842317.223047501] [robot_0.image_processor]: Zone=CLEAR
[image_processor-23] [INFO] [1776842317.237359004] [robot_2.image_processor]: Zone=CLEAR
[image_processor-22] [INFO] [1776842317.245727653] [robot_1.image_processor]: Zone=CLEAR
[image_processor-25] [INFO] [1776842317.260939409] [robot_4.image_processor]: Zone=CLEAR
[image_processor-24] [INFO] [1776842317.270816312] [robot_3.image_processor]: Zone=CLEAR
[image_processor-21] [INFO] [1776842319.723975259] [robot_0.image_processor]: Zone=CLEAR
[image_processor-23] [INFO] [1776842319.737830112] [robot_2.image_processor]: Zone=CLEAR
[image_processor-22] [INFO] [1776842319.745846518] [robot_1.image_processor]: Zone=CLEAR
[image_processor-25] [INFO] [1776842319.761308405] [robot_4.image_processor]: Zone=CLEAR
[image_processor-24] [INFO] [1776842319.769775428] [robot_3.image_processor]: Zone=CLEAR
[image_processor-21] [INFO] [1776842322.222880798] [robot_0.image_processor]: Zone=CLEAR
[image_processor-23] [INFO] [1776842322.238496968] [robot_2.image_processor]: Zone=CLEAR
[image_processor-22] [INFO] [1776842322.246670963] [robot_1.image_processor]: Zone=CLEAR
[image_processor-25] [INFO] [1776842322.261031963] [robot_4.image_processor]: Zone=CLEAR
[image_processor-24] [INFO] [1776842322.272323507] [robot_3.image_processor]: Zone=CLEAR
[image_processor-21] [INFO] [1776842324.725162122] [robot_0.image_processor]: Zone=CLEAR
[image_processor-23] [INFO] [1776842324.739851674] [robot_2.image_processor]: Zone=CLEAR
[image_processor-22] [INFO] [1776842324.748006045] [robot_1.image_processor]: Zone=CLEAR
[image_processor-25] [INFO] [1776842324.762754814] [robot_4.image_processor]: Zone=CLEAR
[image_processor-24] [INFO] [1776842324.770321912] [robot_3.image_processor]: Zone=CLEAR
[image_processor-21] [INFO] [1776842327.226298663] [robot_0.image_processor]: Zone=CLEAR
[image_processor-23] [INFO] [1776842327.238482298] [robot_2.image_processor]: Zone=CLEAR
[image_processor-22] [INFO] [1776842327.248397780] [robot_1.image_processor]: Zone=CLEAR
[image_processor-25] [INFO] [1776842327.262971929] [robot_4.image_processor]: Zone=CLEAR
[image_processor-24] [INFO] [1776842327.269624284] [robot_3.image_processor]: Zone=CLEAR
[image_processor-21] [INFO] [1776842329.723868611] [robot_0.image_processor]: Zone=CLEAR
[image_processor-23] [INFO] [1776842329.738272085] [robot_2.image_processor]: Zone=CLEAR
[image_processor-22] [INFO] [1776842329.745996284] [robot_1.image_processor]: Zone=CLEAR
[image_processor-25] [INFO] [1776842329.760911458] [robot_4.image_processor]: Zone=CLEAR
[image_processor-24] [INFO] [1776842329.770103750] [robot_3.image_processor]: Zone=CLEAR
[image_processor-21] [INFO] [1776842332.223627408] [robot_0.image_processor]: Zone=CLEAR
[image_processor-23] [INFO] [1776842332.238091093] [robot_2.image_processor]: Zone=CLEAR
[image_processor-22] [INFO] [1776842332.245900578] [robot_1.image_processor]: Zone=CLEAR
[image_processor-25] [INFO] [1776842332.261424727] [robot_4.image_processor]: Zone=CLEAR
[image_processor-24] [INFO] [1776842332.269798049] [robot_3.image_processor]: Zone=CLEAR
[image_processor-21] [INFO] [1776842334.725006076] [robot_0.image_processor]: Zone=CLEAR
[image_processor-23] [INFO] [1776842334.738621861] [robot_2.image_processor]: Zone=CLEAR
[image_processor-22] [INFO] [1776842334.746622140] [robot_1.image_processor]: Zone=CLEAR
[image_processor-25] [INFO] [1776842334.760577234] [robot_4.image_processor]: Zone=CLEAR
[image_processor-24] [INFO] [1776842334.769172538] [robot_3.image_processor]: Zone=CLEAR
[image_processor-21] [INFO] [1776842337.222156344] [robot_0.image_processor]: Zone=CLEAR
[image_processor-23] [INFO] [1776842337.238016660] [robot_2.image_processor]: Zone=CLEAR
[image_processor-22] [INFO] [1776842337.246046338] [robot_1.image_processor]: Zone=CLEAR
[image_processor-25] [INFO] [1776842337.261243802] [robot_4.image_processor]: Zone=CLEAR
[image_processor-24] [INFO] [1776842337.268845047] [robot_3.image_processor]: Zone=CLEAR
[image_processor-21] [INFO] [1776842339.722242348] [robot_0.image_processor]: Zone=CLEAR
[image_processor-23] [INFO] [1776842339.737156652] [robot_2.image_processor]: Zone=CLEAR
[image_processor-22] [INFO] [1776842339.746341194] [robot_1.image_processor]: Zone=CLEAR
[image_processor-25] [INFO] [1776842339.764592768] [robot_4.image_processor]: Zone=CLEAR
[image_processor-24] [INFO] [1776842339.772690207] [robot_3.image_processor]: Zone=CLEAR
[image_processor-21] [INFO] [1776842342.224107222] [robot_0.image_processor]: Zone=CLEAR
[image_processor-23] [INFO] [1776842342.238637442] [robot_2.image_processor]: Zone=CLEAR
[image_processor-22] [INFO] [1776842342.247033181] [robot_1.image_processor]: Zone=CLEAR
[image_processor-25] [INFO] [1776842342.261286662] [robot_4.image_processor]: Zone=CLEAR
[image_processor-24] [INFO] [1776842342.270016441] [robot_3.image_processor]: Zone=CLEAR
[image_processor-21] [INFO] [1776842344.723680402] [robot_0.image_processor]: Zone=CLEAR
[image_processor-23] [INFO] [1776842344.738478715] [robot_2.image_processor]: Zone=CLEAR
[image_processor-22] [INFO] [1776842344.747327251] [robot_1.image_processor]: Zone=CLEAR
[image_processor-25] [INFO] [1776842344.763438004] [robot_4.image_processor]: Zone=CLEAR
[image_processor-24] [INFO] [1776842344.771891280] [robot_3.image_processor]: Zone=CLEAR
[image_processor-21] [INFO] [1776842347.222603036] [robot_0.image_processor]: Zone=CLEAR
[image_processor-23] [INFO] [1776842347.236981787] [robot_2.image_processor]: Zone=CLEAR
[image_processor-22] [INFO] [1776842347.244918732] [robot_1.image_processor]: Zone=CLEAR
[image_processor-25] [INFO] [1776842347.261096036] [robot_4.image_processor]: Zone=CLEAR
[image_processor-24] [INFO] [1776842347.270267979] [robot_3.image_processor]: Zone=CLEAR
[image_processor-21] [INFO] [1776842349.723630459] [robot_0.image_processor]: Zone=CLEAR
[image_processor-23] [INFO] [1776842349.738440001] [robot_2.image_processor]: Zone=CLEAR
[image_processor-22] [INFO] [1776842349.745671949] [robot_1.image_processor]: Zone=CLEAR
[image_processor-25] [INFO] [1776842349.760736213] [robot_4.image_processor]: Zone=CLEAR
[image_processor-24] [INFO] [1776842349.769664797] [robot_3.image_processor]: Zone=CLEAR
[image_processor-21] [INFO] [1776842352.224130720] [robot_0.image_processor]: Zone=CLEAR
[image_processor-22] [INFO] [1776842352.246470368] [robot_1.image_processor]: Zone=CLEAR
[image_processor-25] [INFO] [1776842352.260687223] [robot_4.image_processor]: Zone=CLEAR
[image_processor-24] [INFO] [1776842352.268535588] [robot_3.image_processor]: Zone=CLEAR
[image_processor-23] [INFO] [1776842352.338177016] [robot_2.image_processor]: Zone=CLEAR
[image_processor-21] [INFO] [1776842354.725109635] [robot_0.image_processor]: Zone=CLEAR
[image_processor-23] [INFO] [1776842354.740622803] [robot_2.image_processor]: Zone=CLEAR
[image_processor-25] [INFO] [1776842354.762321728] [robot_4.image_processor]: Zone=CLEAR
[image_processor-22] [INFO] [1776842354.849938219] [robot_1.image_processor]: Zone=CLEAR
[image_processor-24] [INFO] [1776842354.872651366] [robot_3.image_processor]: Zone=CLEAR
[image_processor-21] [INFO] [1776842357.223066515] [robot_0.image_processor]: Zone=CLEAR
[image_processor-23] [INFO] [1776842357.237604023] [robot_2.image_processor]: Zone=CLEAR
[image_processor-22] [INFO] [1776842357.244943258] [robot_1.image_processor]: Zone=CLEAR
[image_processor-25] [INFO] [1776842357.262393417] [robot_4.image_processor]: Zone=CLEAR
[image_processor-24] [INFO] [1776842357.270231347] [robot_3.image_processor]: Zone=CLEAR
[image_processor-21] [INFO] [1776842359.724099043] [robot_0.image_processor]: Zone=CLEAR
[image_processor-23] [INFO] [1776842359.737585719] [robot_2.image_processor]: Zone=CLEAR
[image_processor-22] [INFO] [1776842359.745728710] [robot_1.image_processor]: Zone=CLEAR
[image_processor-25] [INFO] [1776842359.761033470] [robot_4.image_processor]: Zone=CLEAR
[image_processor-24] [INFO] [1776842359.769063870] [robot_3.image_processor]: Zone=CLEAR
[image_processor-21] [INFO] [1776842362.224011460] [robot_0.image_processor]: Zone=CLEAR
[image_processor-23] [INFO] [1776842362.238336683] [robot_2.image_processor]: Zone=CLEAR
[image_processor-22] [INFO] [1776842362.245068654] [robot_1.image_processor]: Zone=CLEAR
[image_processor-25] [INFO] [1776842362.260857842] [robot_4.image_processor]: Zone=CLEAR
[image_processor-24] [INFO] [1776842362.269012661] [robot_3.image_processor]: Zone=CLEAR
[image_processor-21] [INFO] [1776842364.723100878] [robot_0.image_processor]: Zone=CLEAR
[image_processor-23] [INFO] [1776842364.737610091] [robot_2.image_processor]: Zone=CLEAR
[image_processor-22] [INFO] [1776842364.744834792] [robot_1.image_processor]: Zone=CLEAR
[image_processor-25] [INFO] [1776842364.760176620] [robot_4.image_processor]: Zone=CLEAR
[image_processor-24] [INFO] [1776842364.768555444] [robot_3.image_processor]: Zone=CLEAR
[image_processor-21] [INFO] [1776842367.222989551] [robot_0.image_processor]: Zone=CLEAR
[image_processor-23] [INFO] [1776842367.237691040] [robot_2.image_processor]: Zone=CLEAR
[image_processor-22] [INFO] [1776842367.244998533] [robot_1.image_processor]: Zone=CLEAR
[image_processor-25] [INFO] [1776842367.260692637] [robot_4.image_processor]: Zone=CLEAR
[image_processor-24] [INFO] [1776842367.269685833] [robot_3.image_processor]: Zone=CLEAR
[image_processor-21] [INFO] [1776842369.723513856] [robot_0.image_processor]: Zone=CLEAR
[image_processor-23] [INFO] [1776842369.737408905] [robot_2.image_processor]: Zone=CLEAR
[image_processor-22] [INFO] [1776842369.744886368] [robot_1.image_processor]: Zone=CLEAR
[image_processor-25] [INFO] [1776842369.760440733] [robot_4.image_processor]: Zone=CLEAR
[image_processor-24] [INFO] [1776842369.771116979] [robot_3.image_processor]: Zone=CLEAR
[INFO] [image_processor-25]: sending signal 'SIGINT' to process[image_processor-25]
[ERROR] [ign gazebo-1]: process has died [pid 94267, exit code -15, cmd 'ruby /usr/bin/ign gazebo /home/ecem/ros2_ws/install/swarm_basics/share/swarm_basics/worlds/random_world.sdf -s -r --force-version 6'].
[ERROR] [parameter_bridge-4]: process has died [pid 94274, exit code -15, cmd '/opt/ros/humble/lib/ros_ign_bridge/parameter_bridge /robot_0/cmd_vel@geometry_msgs/msg/Twist]ignition.msgs.Twist /robot_0/odom@nav_msgs/msg/Odometry[ignition.msgs.Odometry /robot_0/depth_camera/depth_image@sensor_msgs/msg/Image[ignition.msgs.Image /world/random_world/model/robot_0/link/robot_0/base_footprint/sensor/contact_sensor/contact@ros_gz_interfaces/msg/Contacts[ignition.msgs.Contacts /robot_1/cmd_vel@geometry_msgs/msg/Twist]ignition.msgs.Twist /robot_1/odom@nav_msgs/msg/Odometry[ignition.msgs.Odometry /robot_1/depth_camera/depth_image@sensor_msgs/msg/Image[ignition.msgs.Image /world/random_world/model/robot_1/link/robot_1/base_footprint/sensor/contact_sensor/contact@ros_gz_interfaces/msg/Contacts[ignition.msgs.Contacts /robot_2/cmd_vel@geometry_msgs/msg/Twist]ignition.msgs.Twist /robot_2/odom@nav_msgs/msg/Odometry[ignition.msgs.Odometry /robot_2/depth_camera/depth_image@sensor_msgs/msg/Image[ignition.msgs.Image /world/random_world/model/robot_2/link/robot_2/base_footprint/sensor/contact_sensor/contact@ros_gz_interfaces/msg/Contacts[ignition.msgs.Contacts /robot_3/cmd_vel@geometry_msgs/msg/Twist]ignition.msgs.Twist /robot_3/odom@nav_msgs/msg/Odometry[ignition.msgs.Odometry /robot_3/depth_camera/depth_image@sensor_msgs/msg/Image[ignition.msgs.Image /world/random_world/model/robot_3/link/robot_3/base_footprint/sensor/contact_sensor/contact@ros_gz_interfaces/msg/Contacts[ignition.msgs.Contacts /robot_4/cmd_vel@geometry_msgs/msg/Twist]ignition.msgs.Twist /robot_4/odom@nav_msgs/msg/Odometry[ignition.msgs.Odometry /robot_4/depth_camera/depth_image@sensor_msgs/msg/Image[ignition.msgs.Image /world/random_world/model/robot_4/link/robot_4/base_footprint/sensor/contact_sensor/contact@ros_gz_interfaces/msg/Contacts[ignition.msgs.Contacts /world/random_world/dynamic_pose/info@tf2_msgs/msg/TFMessage[ignition.msgs.Pose_V --ros-args -r __node:=all_robots_bridge --params-file /tmp/launch_params_lhawh523'].
[INFO] [parameter_bridge-20]: process has finished cleanly [pid 94388]
[INFO] [image_processor-24]: sending signal 'SIGINT' to process[image_processor-24]
[INFO] [bash-26]: process started with pid [94867]
[INFO] [image_processor-23]: sending signal 'SIGINT' to process[image_processor-23]
[INFO] [image_processor-22]: sending signal 'SIGINT' to process[image_processor-22]
[INFO] [image_processor-21]: sending signal 'SIGINT' to process[image_processor-21]
[INFO] [robot_supervisor-19]: sending signal 'SIGINT' to process[robot_supervisor-19]
[INFO] [robot_state_publisher-17]: sending signal 'SIGINT' to process[robot_state_publisher-17]
[INFO] [robot_supervisor-16]: sending signal 'SIGINT' to process[robot_supervisor-16]
[INFO] [robot_state_publisher-14]: sending signal 'SIGINT' to process[robot_state_publisher-14]
[INFO] [robot_supervisor-13]: sending signal 'SIGINT' to process[robot_supervisor-13]
[INFO] [robot_state_publisher-11]: sending signal 'SIGINT' to process[robot_state_publisher-11]
[INFO] [robot_supervisor-10]: sending signal 'SIGINT' to process[robot_supervisor-10]
[ERROR] [bash-26]: process has died [pid 94867, exit code -15, cmd 'bash -lc pkill -f parameter_bridge || true'].
[INFO] [robot_state_publisher-8]: sending signal 'SIGINT' to process[robot_state_publisher-8]
[INFO] [robot_supervisor-7]: sending signal 'SIGINT' to process[robot_supervisor-7]
[INFO] [robot_state_publisher-5]: sending signal 'SIGINT' to process[robot_state_publisher-5]
[INFO] [bump_counter-3]: sending signal 'SIGINT' to process[bump_counter-3]
[INFO] [coverage_counter-2]: sending signal 'SIGINT' to process[coverage_counter-2]
[parameter_bridge-4] [INFO] [1776842371.762353787] [rclcpp]: signal_handler(SIGINT/SIGTERM)
[parameter_bridge-20] [INFO] [1776842371.762353571] [rclcpp]: signal_handler(SIGINT/SIGTERM)
[INFO] [launch]: process[ign gazebo-1] was required: shutting down launched system
[image_processor-25] [INFO] [1776842372.454681213] [rclcpp]: signal_handler(SIGINT/SIGTERM)
[image_processor-24] [INFO] [1776842372.457201316] [rclcpp]: signal_handler(SIGINT/SIGTERM)
[image_processor-23] [INFO] [1776842372.459477349] [rclcpp]: signal_handler(SIGINT/SIGTERM)
[image_processor-22] [INFO] [1776842372.461823601] [rclcpp]: signal_handler(SIGINT/SIGTERM)
[image_processor-21] [INFO] [1776842372.464298793] [rclcpp]: signal_handler(SIGINT/SIGTERM)
[robot_supervisor-19] Traceback (most recent call last):
[robot_supervisor-19]   File "/home/ecem/ros2_ws/install/swarm_basics/lib/swarm_basics/robot_supervisor", line 33, in <module>
[robot_supervisor-19]     sys.exit(load_entry_point('swarm-basics==0.0.0', 'console_scripts', 'robot_supervisor')())
[robot_supervisor-19]   File "/home/ecem/ros2_ws/install/swarm_basics/lib/python3.10/site-packages/swarm_basics/robot_supervisor.py", line 867, in main
[robot_supervisor-19]     rclpy.spin(node)
[robot_supervisor-19]   File "/opt/ros/humble/local/lib/python3.10/dist-packages/rclpy/__init__.py", line 229, in spin
[robot_supervisor-19]     executor.spin_once()
[robot_supervisor-19]   File "/opt/ros/humble/local/lib/python3.10/dist-packages/rclpy/executors.py", line 773, in spin_once
[robot_supervisor-19]     self._spin_once_impl(timeout_sec)
[robot_supervisor-19]   File "/opt/ros/humble/local/lib/python3.10/dist-packages/rclpy/executors.py", line 762, in _spin_once_impl
[robot_supervisor-19]     handler, entity, node = self.wait_for_ready_callbacks(timeout_sec=timeout_sec)
[robot_supervisor-19]   File "/opt/ros/humble/local/lib/python3.10/dist-packages/rclpy/executors.py", line 745, in wait_for_ready_callbacks
[robot_supervisor-19]     return next(self._cb_iter)
[robot_supervisor-19]   File "/opt/ros/humble/local/lib/python3.10/dist-packages/rclpy/executors.py", line 642, in _wait_for_ready_callbacks
[robot_supervisor-19]     wait_set.wait(timeout_nsec)
[robot_supervisor-19] KeyboardInterrupt
[robot_state_publisher-17] [INFO] [1776842372.472037470] [rclcpp]: signal_handler(SIGINT/SIGTERM)
[robot_supervisor-16] Traceback (most recent call last):
[robot_supervisor-16]   File "/home/ecem/ros2_ws/install/swarm_basics/lib/swarm_basics/robot_supervisor", line 33, in <module>
[robot_supervisor-16]     sys.exit(load_entry_point('swarm-basics==0.0.0', 'console_scripts', 'robot_supervisor')())
[robot_supervisor-16]   File "/home/ecem/ros2_ws/install/swarm_basics/lib/python3.10/site-packages/swarm_basics/robot_supervisor.py", line 867, in main
[robot_supervisor-16]     rclpy.spin(node)
[robot_supervisor-16]   File "/opt/ros/humble/local/lib/python3.10/dist-packages/rclpy/__init__.py", line 229, in spin
[robot_supervisor-16]     executor.spin_once()
[robot_supervisor-16]   File "/opt/ros/humble/local/lib/python3.10/dist-packages/rclpy/executors.py", line 773, in spin_once
[robot_supervisor-16]     self._spin_once_impl(timeout_sec)
[robot_supervisor-16]   File "/opt/ros/humble/local/lib/python3.10/dist-packages/rclpy/executors.py", line 762, in _spin_once_impl
[robot_supervisor-16]     handler, entity, node = self.wait_for_ready_callbacks(timeout_sec=timeout_sec)
[robot_supervisor-16]   File "/opt/ros/humble/local/lib/python3.10/dist-packages/rclpy/executors.py", line 745, in wait_for_ready_callbacks
[robot_supervisor-16]     return next(self._cb_iter)
[robot_supervisor-16]   File "/opt/ros/humble/local/lib/python3.10/dist-packages/rclpy/executors.py", line 642, in _wait_for_ready_callbacks
[robot_supervisor-16]     wait_set.wait(timeout_nsec)
[robot_supervisor-16] KeyboardInterrupt
[robot_state_publisher-14] [INFO] [1776842372.476950420] [rclcpp]: signal_handler(SIGINT/SIGTERM)
[robot_supervisor-13] Traceback (most recent call last):
[robot_supervisor-13]   File "/home/ecem/ros2_ws/install/swarm_basics/lib/swarm_basics/robot_supervisor", line 33, in <module>
[robot_supervisor-13]     sys.exit(load_entry_point('swarm-basics==0.0.0', 'console_scripts', 'robot_supervisor')())
[robot_supervisor-13]   File "/home/ecem/ros2_ws/install/swarm_basics/lib/python3.10/site-packages/swarm_basics/robot_supervisor.py", line 867, in main
[robot_supervisor-13]     rclpy.spin(node)
[robot_supervisor-13]   File "/opt/ros/humble/local/lib/python3.10/dist-packages/rclpy/__init__.py", line 229, in spin
[robot_supervisor-13]     executor.spin_once()
[robot_supervisor-13]   File "/opt/ros/humble/local/lib/python3.10/dist-packages/rclpy/executors.py", line 773, in spin_once
[robot_supervisor-13]     self._spin_once_impl(timeout_sec)
[robot_supervisor-13]   File "/opt/ros/humble/local/lib/python3.10/dist-packages/rclpy/executors.py", line 762, in _spin_once_impl
[robot_supervisor-13]     handler, entity, node = self.wait_for_ready_callbacks(timeout_sec=timeout_sec)
[robot_supervisor-13]   File "/opt/ros/humble/local/lib/python3.10/dist-packages/rclpy/executors.py", line 745, in wait_for_ready_callbacks
[robot_supervisor-13]     return next(self._cb_iter)
[robot_supervisor-13]   File "/opt/ros/humble/local/lib/python3.10/dist-packages/rclpy/executors.py", line 642, in _wait_for_ready_callbacks
[robot_supervisor-13]     wait_set.wait(timeout_nsec)
[robot_supervisor-13] KeyboardInterrupt
[robot_state_publisher-11] [INFO] [1776842372.481629502] [rclcpp]: signal_handler(SIGINT/SIGTERM)
[robot_supervisor-10] Traceback (most recent call last):
[robot_supervisor-10]   File "/home/ecem/ros2_ws/install/swarm_basics/lib/swarm_basics/robot_supervisor", line 33, in <module>
[robot_supervisor-10]     sys.exit(load_entry_point('swarm-basics==0.0.0', 'console_scripts', 'robot_supervisor')())
[robot_supervisor-10]   File "/home/ecem/ros2_ws/install/swarm_basics/lib/python3.10/site-packages/swarm_basics/robot_supervisor.py", line 867, in main
[robot_supervisor-10]     rclpy.spin(node)
[robot_supervisor-10]   File "/opt/ros/humble/local/lib/python3.10/dist-packages/rclpy/__init__.py", line 229, in spin
[robot_supervisor-10]     executor.spin_once()
[robot_supervisor-10]   File "/opt/ros/humble/local/lib/python3.10/dist-packages/rclpy/executors.py", line 773, in spin_once
[robot_supervisor-10]     self._spin_once_impl(timeout_sec)
[robot_supervisor-10]   File "/opt/ros/humble/local/lib/python3.10/dist-packages/rclpy/executors.py", line 762, in _spin_once_impl
[robot_supervisor-10]     handler, entity, node = self.wait_for_ready_callbacks(timeout_sec=timeout_sec)
[robot_supervisor-10]   File "/opt/ros/humble/local/lib/python3.10/dist-packages/rclpy/executors.py", line 745, in wait_for_ready_callbacks
[robot_supervisor-10]     return next(self._cb_iter)
[robot_supervisor-10]   File "/opt/ros/humble/local/lib/python3.10/dist-packages/rclpy/executors.py", line 642, in _wait_for_ready_callbacks
[robot_supervisor-10]     wait_set.wait(timeout_nsec)
[robot_supervisor-10] KeyboardInterrupt
[robot_state_publisher-8] [INFO] [1776842372.486674167] [rclcpp]: signal_handler(SIGINT/SIGTERM)
[robot_supervisor-7] Traceback (most recent call last):
[robot_supervisor-7]   File "/home/ecem/ros2_ws/install/swarm_basics/lib/swarm_basics/robot_supervisor", line 33, in <module>
[robot_supervisor-7]     sys.exit(load_entry_point('swarm-basics==0.0.0', 'console_scripts', 'robot_supervisor')())
[robot_supervisor-7]   File "/home/ecem/ros2_ws/install/swarm_basics/lib/python3.10/site-packages/swarm_basics/robot_supervisor.py", line 867, in main
[robot_supervisor-7]     rclpy.spin(node)
[robot_supervisor-7]   File "/opt/ros/humble/local/lib/python3.10/dist-packages/rclpy/__init__.py", line 229, in spin
[robot_supervisor-7]     executor.spin_once()
[robot_supervisor-7]   File "/opt/ros/humble/local/lib/python3.10/dist-packages/rclpy/executors.py", line 773, in spin_once
[robot_supervisor-7]     self._spin_once_impl(timeout_sec)
[robot_supervisor-7]   File "/opt/ros/humble/local/lib/python3.10/dist-packages/rclpy/executors.py", line 762, in _spin_once_impl
[robot_supervisor-7]     handler, entity, node = self.wait_for_ready_callbacks(timeout_sec=timeout_sec)
[robot_supervisor-7]   File "/opt/ros/humble/local/lib/python3.10/dist-packages/rclpy/executors.py", line 745, in wait_for_ready_callbacks
[robot_supervisor-7]     return next(self._cb_iter)
[robot_supervisor-7]   File "/opt/ros/humble/local/lib/python3.10/dist-packages/rclpy/executors.py", line 642, in _wait_for_ready_callbacks
[robot_supervisor-7]     wait_set.wait(timeout_nsec)
[robot_supervisor-7] KeyboardInterrupt
[robot_state_publisher-5] [INFO] [1776842372.491134989] [rclcpp]: signal_handler(SIGINT/SIGTERM)
[ERROR] [launch]: Caught exception in launch (see debug for traceback): ExecuteLocal action 'bash-27': executed more than once: <launch.actions.execute_process.ExecuteProcess object at 0x706a003f4850>
[INFO] [image_processor-25]: process has finished cleanly [pid 94673]
[INFO] [image_processor-24]: process has finished cleanly [pid 94671]
[INFO] [image_processor-22]: process has finished cleanly [pid 94667]
[INFO] [image_processor-23]: process has finished cleanly [pid 94669]
[INFO] [image_processor-21]: process has finished cleanly [pid 94665]
[INFO] [robot_state_publisher-17]: process has finished cleanly [pid 94304]
[INFO] [robot_state_publisher-14]: process has finished cleanly [pid 94296]
[INFO] [robot_state_publisher-11]: process has finished cleanly [pid 94290]
[INFO] [robot_state_publisher-8]: process has finished cleanly [pid 94282]
[INFO] [robot_state_publisher-5]: process has finished cleanly [pid 94276]
[coverage_counter-2] Traceback (most recent call last):
[coverage_counter-2]   File "/home/ecem/ros2_ws/install/swarm_basics/lib/python3.10/site-packages/swarm_basics/coverage_counter.py", line 418, in main
[coverage_counter-2]     rclpy.spin(node)
[coverage_counter-2]   File "/opt/ros/humble/local/lib/python3.10/dist-packages/rclpy/__init__.py", line 229, in spin
[coverage_counter-2]     executor.spin_once()
[coverage_counter-2]   File "/opt/ros/humble/local/lib/python3.10/dist-packages/rclpy/executors.py", line 773, in spin_once
[coverage_counter-2]     self._spin_once_impl(timeout_sec)
[coverage_counter-2]   File "/opt/ros/humble/local/lib/python3.10/dist-packages/rclpy/executors.py", line 768, in _spin_once_impl
[coverage_counter-2]     handler()
[coverage_counter-2]   File "/opt/ros/humble/local/lib/python3.10/dist-packages/rclpy/task.py", line 254, in __call__
[coverage_counter-2]     self._handler.send(None)
[coverage_counter-2]   File "/opt/ros/humble/local/lib/python3.10/dist-packages/rclpy/executors.py", line 463, in handler
[coverage_counter-2]     await call_coroutine(entity, arg)
[coverage_counter-2]   File "/opt/ros/humble/local/lib/python3.10/dist-packages/rclpy/executors.py", line 371, in _execute_timer
[coverage_counter-2]     await await_or_execute(tmr.callback)
[coverage_counter-2]   File "/opt/ros/humble/local/lib/python3.10/dist-packages/rclpy/executors.py", line 107, in await_or_execute
[coverage_counter-2]     return callback(*args)
[coverage_counter-2]   File "/home/ecem/ros2_ws/install/swarm_basics/lib/python3.10/site-packages/swarm_basics/coverage_counter.py", line 152, in _on_timeout_timer
[coverage_counter-2]     self.shutdown_and_save()
[coverage_counter-2]   File "/home/ecem/ros2_ws/install/swarm_basics/lib/python3.10/site-packages/swarm_basics/coverage_counter.py", line 174, in shutdown_and_save
[coverage_counter-2]     rclpy.shutdown()
[coverage_counter-2]   File "/opt/ros/humble/local/lib/python3.10/dist-packages/rclpy/__init__.py", line 130, in shutdown
[coverage_counter-2]     _shutdown(context=context)
[coverage_counter-2]   File "/opt/ros/humble/local/lib/python3.10/dist-packages/rclpy/utilities.py", line 58, in shutdown
[coverage_counter-2]     return context.shutdown()
[coverage_counter-2]   File "/opt/ros/humble/local/lib/python3.10/dist-packages/rclpy/context.py", line 103, in shutdown
[coverage_counter-2]     self._call_on_shutdown_callbacks()
[coverage_counter-2]   File "/opt/ros/humble/local/lib/python3.10/dist-packages/rclpy/context.py", line 92, in _call_on_shutdown_callbacks
[coverage_counter-2]     callback = weak_method()
[coverage_counter-2]   File "/opt/ros/humble/local/lib/python3.10/dist-packages/rclpy/__init__.py", line 111, in reset_executor
[coverage_counter-2]     __executor.shutdown()
[coverage_counter-2]   File "/opt/ros/humble/local/lib/python3.10/dist-packages/rclpy/executors.py", line 227, in shutdown
[coverage_counter-2]     if not self._work_tracker.wait(timeout_sec):
[coverage_counter-2]   File "/opt/ros/humble/local/lib/python3.10/dist-packages/rclpy/executors.py", line 94, in wait
[coverage_counter-2]     if not self._work_condition.wait_for(
[coverage_counter-2]   File "/usr/lib/python3.10/threading.py", line 355, in wait_for
[coverage_counter-2]     self.wait(waittime)
[coverage_counter-2]   File "/usr/lib/python3.10/threading.py", line 320, in wait
[coverage_counter-2]     waiter.acquire()
[coverage_counter-2] KeyboardInterrupt
[coverage_counter-2] 
[coverage_counter-2] During handling of the above exception, another exception occurred:
[coverage_counter-2] 
[coverage_counter-2] Traceback (most recent call last):
[coverage_counter-2]   File "/home/ecem/ros2_ws/install/swarm_basics/lib/swarm_basics/coverage_counter", line 33, in <module>
[coverage_counter-2]     sys.exit(load_entry_point('swarm-basics==0.0.0', 'console_scripts', 'coverage_counter')())
[coverage_counter-2]   File "/home/ecem/ros2_ws/install/swarm_basics/lib/python3.10/site-packages/swarm_basics/coverage_counter.py", line 421, in main
[coverage_counter-2]     node.shutdown_and_save()
[coverage_counter-2]   File "/home/ecem/ros2_ws/install/swarm_basics/lib/python3.10/site-packages/swarm_basics/coverage_counter.py", line 174, in shutdown_and_save
[coverage_counter-2]     rclpy.shutdown()
[coverage_counter-2]   File "/opt/ros/humble/local/lib/python3.10/dist-packages/rclpy/__init__.py", line 130, in shutdown
[coverage_counter-2]     _shutdown(context=context)
[coverage_counter-2]   File "/opt/ros/humble/local/lib/python3.10/dist-packages/rclpy/utilities.py", line 58, in shutdown
[coverage_counter-2]     return context.shutdown()
[coverage_counter-2]   File "/opt/ros/humble/local/lib/python3.10/dist-packages/rclpy/context.py", line 100, in shutdown
[coverage_counter-2]     raise RuntimeError('Context must be initialized before it can be shutdown')
[coverage_counter-2] RuntimeError: Context must be initialized before it can be shutdown
[bump_counter-3] Traceback (most recent call last):
[bump_counter-3]   File "/home/ecem/ros2_ws/install/swarm_basics/lib/swarm_basics/bump_counter", line 33, in <module>
[bump_counter-3]     sys.exit(load_entry_point('swarm-basics==0.0.0', 'console_scripts', 'bump_counter')())
[bump_counter-3]   File "/home/ecem/ros2_ws/install/swarm_basics/lib/python3.10/site-packages/swarm_basics/bump_counter.py", line 384, in main
[bump_counter-3]     rclpy.shutdown()
[bump_counter-3]   File "/opt/ros/humble/local/lib/python3.10/dist-packages/rclpy/__init__.py", line 130, in shutdown
[bump_counter-3]     _shutdown(context=context)
[bump_counter-3]   File "/opt/ros/humble/local/lib/python3.10/dist-packages/rclpy/utilities.py", line 58, in shutdown
[bump_counter-3]     return context.shutdown()
[bump_counter-3]   File "/opt/ros/humble/local/lib/python3.10/dist-packages/rclpy/context.py", line 102, in shutdown
[bump_counter-3]     self.__context.shutdown()
[bump_counter-3] rclpy._rclpy_pybind11.RCLError: failed to shutdown: rcl_shutdown already called on the given context, at ./src/rcl/init.c:241
[ERROR] [coverage_counter-2]: process has died [pid 94269, exit code 1, cmd '/home/ecem/ros2_ws/install/swarm_basics/lib/swarm_basics/coverage_counter --ros-args -r __node:=coverage_counter --params-file /tmp/launch_params_erswmj73 --params-file /tmp/launch_params_9ejd11eb --params-file /tmp/launch_params_ulakg8y0 --params-file /tmp/launch_params_yiy6hfp_ --params-file /tmp/launch_params_1q_dxz44 --params-file /tmp/launch_params_kushbojq'].
[ERROR] [bump_counter-3]: process has died [pid 94272, exit code 1, cmd '/home/ecem/ros2_ws/install/swarm_basics/lib/swarm_basics/bump_counter --ros-args -r __node:=bump_counter --params-file /tmp/launch_params_9wm9c4iv --params-file /tmp/launch_params_rxcgsp5y --params-file /tmp/launch_params_js8udfoa'].
[ERROR] [robot_supervisor-19]: process has died [pid 94377, exit code -2, cmd '/home/ecem/ros2_ws/install/swarm_basics/lib/swarm_basics/robot_supervisor --ros-args -r __node:=robot_supervisor -r __ns:=/robot_4 --params-file /tmp/launch_params_b2oxm87x --params-file /tmp/launch_params_ce6ocqfa --params-file /tmp/launch_params_9ch9mlvv --params-file /tmp/launch_params_gofxh5co'].
[ERROR] [robot_supervisor-16]: process has died [pid 94302, exit code -2, cmd '/home/ecem/ros2_ws/install/swarm_basics/lib/swarm_basics/robot_supervisor --ros-args -r __node:=robot_supervisor -r __ns:=/robot_3 --params-file /tmp/launch_params_xtb7omhu --params-file /tmp/launch_params_pt_mz22_ --params-file /tmp/launch_params_9ocx6aux --params-file /tmp/launch_params_rmmhclv9'].
[ERROR] [robot_supervisor-13]: process has died [pid 94294, exit code -2, cmd '/home/ecem/ros2_ws/install/swarm_basics/lib/swarm_basics/robot_supervisor --ros-args -r __node:=robot_supervisor -r __ns:=/robot_2 --params-file /tmp/launch_params_f8583jkf --params-file /tmp/launch_params_1earkmui --params-file /tmp/launch_params_t4ozx986 --params-file /tmp/launch_params_f7f7e0yr'].
[ERROR] [robot_supervisor-10]: process has died [pid 94287, exit code -2, cmd '/home/ecem/ros2_ws/install/swarm_basics/lib/swarm_basics/robot_supervisor --ros-args -r __node:=robot_supervisor -r __ns:=/robot_1 --params-file /tmp/launch_params_8fq_vovg --params-file /tmp/launch_params_16vx_1ps --params-file /tmp/launch_params_jzntbil5 --params-file /tmp/launch_params_3m2mu7vx'].
[ERROR] [robot_supervisor-7]: process has died [pid 94280, exit code -2, cmd '/home/ecem/ros2_ws/install/swarm_basics/lib/swarm_basics/robot_supervisor --ros-args -r __node:=robot_supervisor -r __ns:=/robot_0 --params-file /tmp/launch_params_1_8934ck --params-file /tmp/launch_params_koq8knd4 --params-file /tmp/launch_params_5373gvqk --params-file /tmp/launch_params_ergx3gl7'].
