[INFO] [launch]: All log files can be found below /home/ecem/.ros/log/2026-04-20-14-44-20-486464-ecem-pc-578856
[INFO] [launch]: Default logging verbosity is set to INFO
[INFO] [ign gazebo-1]: process started with pid [578871]
[INFO] [coverage_counter-2]: process started with pid [578873]
[INFO] [bump_counter-3]: process started with pid [578876]
[INFO] [parameter_bridge-4]: process started with pid [578878]
[INFO] [robot_state_publisher-5]: process started with pid [578880]
[INFO] [create-6]: process started with pid [578883]
[INFO] [robot_supervisor-7]: process started with pid [578886]
[INFO] [robot_state_publisher-8]: process started with pid [578888]
[INFO] [create-9]: process started with pid [578890]
[INFO] [robot_supervisor-10]: process started with pid [578892]
[INFO] [robot_state_publisher-11]: process started with pid [578894]
[INFO] [create-12]: process started with pid [578896]
[INFO] [robot_supervisor-13]: process started with pid [578898]
[INFO] [robot_state_publisher-14]: process started with pid [578900]
[INFO] [create-15]: process started with pid [578902]
[INFO] [robot_supervisor-16]: process started with pid [578905]
[INFO] [robot_state_publisher-17]: process started with pid [578908]
[INFO] [create-18]: process started with pid [578943]
[INFO] [robot_supervisor-19]: process started with pid [578958]
[INFO] [parameter_bridge-20]: process started with pid [578960]
[parameter_bridge-4] [ros_ign_bridge] is deprecated! Redirecting to use [ros_gz_bridge] instead!
[parameter_bridge-4] 
[robot_state_publisher-5] [INFO] [1776689060.953002405] [robot_0.robot_state_publisher]: got segment robot_0/antenna_link
[robot_state_publisher-5] [INFO] [1776689060.953117417] [robot_0.robot_state_publisher]: got segment robot_0/base_footprint
[robot_state_publisher-5] [INFO] [1776689060.953128479] [robot_0.robot_state_publisher]: got segment robot_0/base_link
[robot_state_publisher-5] [INFO] [1776689060.953136379] [robot_0.robot_state_publisher]: got segment robot_0/realsense_link
[robot_state_publisher-5] [INFO] [1776689060.953146225] [robot_0.robot_state_publisher]: got segment robot_0/rocker_L_link
[robot_state_publisher-5] [INFO] [1776689060.953151981] [robot_0.robot_state_publisher]: got segment robot_0/rocker_R_link
[robot_state_publisher-5] [INFO] [1776689060.953157228] [robot_0.robot_state_publisher]: got segment robot_0/wheel_FL_link
[robot_state_publisher-5] [INFO] [1776689060.953161718] [robot_0.robot_state_publisher]: got segment robot_0/wheel_FR_link
[robot_state_publisher-5] [INFO] [1776689060.953166195] [robot_0.robot_state_publisher]: got segment robot_0/wheel_RL_link
[robot_state_publisher-5] [INFO] [1776689060.953170455] [robot_0.robot_state_publisher]: got segment robot_0/wheel_RR_link
[robot_state_publisher-8] [INFO] [1776689060.953799881] [robot_1.robot_state_publisher]: got segment robot_1/antenna_link
[robot_state_publisher-8] [INFO] [1776689060.953888777] [robot_1.robot_state_publisher]: got segment robot_1/base_footprint
[robot_state_publisher-8] [INFO] [1776689060.953898630] [robot_1.robot_state_publisher]: got segment robot_1/base_link
[robot_state_publisher-8] [INFO] [1776689060.953904327] [robot_1.robot_state_publisher]: got segment robot_1/realsense_link
[robot_state_publisher-8] [INFO] [1776689060.953908668] [robot_1.robot_state_publisher]: got segment robot_1/rocker_L_link
[robot_state_publisher-8] [INFO] [1776689060.953913582] [robot_1.robot_state_publisher]: got segment robot_1/rocker_R_link
[robot_state_publisher-8] [INFO] [1776689060.953918176] [robot_1.robot_state_publisher]: got segment robot_1/wheel_FL_link
[robot_state_publisher-8] [INFO] [1776689060.953922414] [robot_1.robot_state_publisher]: got segment robot_1/wheel_FR_link
[robot_state_publisher-8] [INFO] [1776689060.953926532] [robot_1.robot_state_publisher]: got segment robot_1/wheel_RL_link
[robot_state_publisher-8] [INFO] [1776689060.953931379] [robot_1.robot_state_publisher]: got segment robot_1/wheel_RR_link
[robot_state_publisher-11] [INFO] [1776689060.969378322] [robot_2.robot_state_publisher]: got segment robot_2/antenna_link
[robot_state_publisher-11] [INFO] [1776689060.969511770] [robot_2.robot_state_publisher]: got segment robot_2/base_footprint
[robot_state_publisher-11] [INFO] [1776689060.969527155] [robot_2.robot_state_publisher]: got segment robot_2/base_link
[robot_state_publisher-11] [INFO] [1776689060.969537556] [robot_2.robot_state_publisher]: got segment robot_2/realsense_link
[robot_state_publisher-11] [INFO] [1776689060.969545927] [robot_2.robot_state_publisher]: got segment robot_2/rocker_L_link
[robot_state_publisher-11] [INFO] [1776689060.969553981] [robot_2.robot_state_publisher]: got segment robot_2/rocker_R_link
[robot_state_publisher-11] [INFO] [1776689060.969561611] [robot_2.robot_state_publisher]: got segment robot_2/wheel_FL_link
[robot_state_publisher-11] [INFO] [1776689060.969569500] [robot_2.robot_state_publisher]: got segment robot_2/wheel_FR_link
[robot_state_publisher-11] [INFO] [1776689060.969576994] [robot_2.robot_state_publisher]: got segment robot_2/wheel_RL_link
[robot_state_publisher-11] [INFO] [1776689060.969584702] [robot_2.robot_state_publisher]: got segment robot_2/wheel_RR_link
[robot_state_publisher-14] [INFO] [1776689060.969887072] [robot_3.robot_state_publisher]: got segment robot_3/antenna_link
[robot_state_publisher-14] [INFO] [1776689060.969971852] [robot_3.robot_state_publisher]: got segment robot_3/base_footprint
[robot_state_publisher-14] [INFO] [1776689060.969982049] [robot_3.robot_state_publisher]: got segment robot_3/base_link
[robot_state_publisher-14] [INFO] [1776689060.969988470] [robot_3.robot_state_publisher]: got segment robot_3/realsense_link
[robot_state_publisher-14] [INFO] [1776689060.969994427] [robot_3.robot_state_publisher]: got segment robot_3/rocker_L_link
[robot_state_publisher-14] [INFO] [1776689060.969999753] [robot_3.robot_state_publisher]: got segment robot_3/rocker_R_link
[robot_state_publisher-14] [INFO] [1776689060.970004599] [robot_3.robot_state_publisher]: got segment robot_3/wheel_FL_link
[robot_state_publisher-14] [INFO] [1776689060.970010452] [robot_3.robot_state_publisher]: got segment robot_3/wheel_FR_link
[robot_state_publisher-14] [INFO] [1776689060.970015446] [robot_3.robot_state_publisher]: got segment robot_3/wheel_RL_link
[robot_state_publisher-14] [INFO] [1776689060.970020926] [robot_3.robot_state_publisher]: got segment robot_3/wheel_RR_link
[create-6] [INFO] [1776689060.975368115] [robot_0.ros_gz_sim]: Requesting list of world names.
[create-15] [INFO] [1776689060.975368257] [robot_3.ros_gz_sim]: Requesting list of world names.
[create-12] [INFO] [1776689060.975421235] [robot_2.ros_gz_sim]: Requesting list of world names.
[robot_state_publisher-17] [INFO] [1776689060.983371938] [robot_4.robot_state_publisher]: got segment robot_4/antenna_link
[robot_state_publisher-17] [INFO] [1776689060.983529233] [robot_4.robot_state_publisher]: got segment robot_4/base_footprint
[robot_state_publisher-17] [INFO] [1776689060.983546709] [robot_4.robot_state_publisher]: got segment robot_4/base_link
[robot_state_publisher-17] [INFO] [1776689060.983556840] [robot_4.robot_state_publisher]: got segment robot_4/realsense_link
[robot_state_publisher-17] [INFO] [1776689060.983565386] [robot_4.robot_state_publisher]: got segment robot_4/rocker_L_link
[robot_state_publisher-17] [INFO] [1776689060.983573135] [robot_4.robot_state_publisher]: got segment robot_4/rocker_R_link
[robot_state_publisher-17] [INFO] [1776689060.983580809] [robot_4.robot_state_publisher]: got segment robot_4/wheel_FL_link
[robot_state_publisher-17] [INFO] [1776689060.983588351] [robot_4.robot_state_publisher]: got segment robot_4/wheel_FR_link
[robot_state_publisher-17] [INFO] [1776689060.983595554] [robot_4.robot_state_publisher]: got segment robot_4/wheel_RL_link
[robot_state_publisher-17] [INFO] [1776689060.983603145] [robot_4.robot_state_publisher]: got segment robot_4/wheel_RR_link
[create-9] [INFO] [1776689061.038222176] [robot_1.ros_gz_sim]: Requesting list of world names.
[parameter_bridge-4] [INFO] [1776689061.038716430] [all_robots_bridge]: Creating ROS->GZ Bridge: [/robot_0/cmd_vel (geometry_msgs/msg/Twist) -> /robot_0/cmd_vel (ignition.msgs.Twist)] (Lazy 0)
[parameter_bridge-4] [INFO] [1776689061.039832846] [all_robots_bridge]: Creating GZ->ROS Bridge: [/robot_0/odom (ignition.msgs.Odometry) -> /robot_0/odom (nav_msgs/msg/Odometry)] (Lazy 0)
[parameter_bridge-4] [INFO] [1776689061.040686679] [all_robots_bridge]: Creating GZ->ROS Bridge: [/robot_0/depth_camera/depth_image (ignition.msgs.Image) -> /robot_0/depth_camera/depth_image (sensor_msgs/msg/Image)] (Lazy 0)
[parameter_bridge-4] [INFO] [1776689061.041501564] [all_robots_bridge]: Creating GZ->ROS Bridge: [/world/random_world/model/robot_0/link/robot_0/base_footprint/sensor/contact_sensor/contact (ignition.msgs.Contacts) -> /world/random_world/model/robot_0/link/robot_0/base_footprint/sensor/contact_sensor/contact (ros_gz_interfaces/msg/Contacts)] (Lazy 0)
[parameter_bridge-4] [INFO] [1776689061.042272991] [all_robots_bridge]: Creating ROS->GZ Bridge: [/robot_1/cmd_vel (geometry_msgs/msg/Twist) -> /robot_1/cmd_vel (ignition.msgs.Twist)] (Lazy 0)
[parameter_bridge-4] [INFO] [1776689061.042784589] [all_robots_bridge]: Creating GZ->ROS Bridge: [/robot_1/odom (ignition.msgs.Odometry) -> /robot_1/odom (nav_msgs/msg/Odometry)] (Lazy 0)
[parameter_bridge-4] [INFO] [1776689061.043335842] [all_robots_bridge]: Creating GZ->ROS Bridge: [/robot_1/depth_camera/depth_image (ignition.msgs.Image) -> /robot_1/depth_camera/depth_image (sensor_msgs/msg/Image)] (Lazy 0)
[parameter_bridge-4] [INFO] [1776689061.043818988] [all_robots_bridge]: Creating GZ->ROS Bridge: [/world/random_world/model/robot_1/link/robot_1/base_footprint/sensor/contact_sensor/contact (ignition.msgs.Contacts) -> /world/random_world/model/robot_1/link/robot_1/base_footprint/sensor/contact_sensor/contact (ros_gz_interfaces/msg/Contacts)] (Lazy 0)
[parameter_bridge-4] [INFO] [1776689061.044304658] [all_robots_bridge]: Creating ROS->GZ Bridge: [/robot_2/cmd_vel (geometry_msgs/msg/Twist) -> /robot_2/cmd_vel (ignition.msgs.Twist)] (Lazy 0)
[parameter_bridge-4] [INFO] [1776689061.044987175] [all_robots_bridge]: Creating GZ->ROS Bridge: [/robot_2/odom (ignition.msgs.Odometry) -> /robot_2/odom (nav_msgs/msg/Odometry)] (Lazy 0)
[parameter_bridge-4] [INFO] [1776689061.045657572] [all_robots_bridge]: Creating GZ->ROS Bridge: [/robot_2/depth_camera/depth_image (ignition.msgs.Image) -> /robot_2/depth_camera/depth_image (sensor_msgs/msg/Image)] (Lazy 0)
[parameter_bridge-4] [INFO] [1776689061.046240835] [all_robots_bridge]: Creating GZ->ROS Bridge: [/world/random_world/model/robot_2/link/robot_2/base_footprint/sensor/contact_sensor/contact (ignition.msgs.Contacts) -> /world/random_world/model/robot_2/link/robot_2/base_footprint/sensor/contact_sensor/contact (ros_gz_interfaces/msg/Contacts)] (Lazy 0)
[parameter_bridge-4] [INFO] [1776689061.046914674] [all_robots_bridge]: Creating ROS->GZ Bridge: [/robot_3/cmd_vel (geometry_msgs/msg/Twist) -> /robot_3/cmd_vel (ignition.msgs.Twist)] (Lazy 0)
[parameter_bridge-4] [INFO] [1776689061.047396136] [all_robots_bridge]: Creating GZ->ROS Bridge: [/robot_3/odom (ignition.msgs.Odometry) -> /robot_3/odom (nav_msgs/msg/Odometry)] (Lazy 0)
[parameter_bridge-4] [INFO] [1776689061.047926576] [all_robots_bridge]: Creating GZ->ROS Bridge: [/robot_3/depth_camera/depth_image (ignition.msgs.Image) -> /robot_3/depth_camera/depth_image (sensor_msgs/msg/Image)] (Lazy 0)
[parameter_bridge-4] [INFO] [1776689061.048467571] [all_robots_bridge]: Creating GZ->ROS Bridge: [/world/random_world/model/robot_3/link/robot_3/base_footprint/sensor/contact_sensor/contact (ignition.msgs.Contacts) -> /world/random_world/model/robot_3/link/robot_3/base_footprint/sensor/contact_sensor/contact (ros_gz_interfaces/msg/Contacts)] (Lazy 0)
[parameter_bridge-4] [INFO] [1776689061.049128053] [all_robots_bridge]: Creating ROS->GZ Bridge: [/robot_4/cmd_vel (geometry_msgs/msg/Twist) -> /robot_4/cmd_vel (ignition.msgs.Twist)] (Lazy 0)
[parameter_bridge-4] [INFO] [1776689061.049488308] [all_robots_bridge]: Creating GZ->ROS Bridge: [/robot_4/odom (ignition.msgs.Odometry) -> /robot_4/odom (nav_msgs/msg/Odometry)] (Lazy 0)
[parameter_bridge-4] [INFO] [1776689061.049894103] [all_robots_bridge]: Creating GZ->ROS Bridge: [/robot_4/depth_camera/depth_image (ignition.msgs.Image) -> /robot_4/depth_camera/depth_image (sensor_msgs/msg/Image)] (Lazy 0)
[parameter_bridge-4] [INFO] [1776689061.050336805] [all_robots_bridge]: Creating GZ->ROS Bridge: [/world/random_world/model/robot_4/link/robot_4/base_footprint/sensor/contact_sensor/contact (ignition.msgs.Contacts) -> /world/random_world/model/robot_4/link/robot_4/base_footprint/sensor/contact_sensor/contact (ros_gz_interfaces/msg/Contacts)] (Lazy 0)
[parameter_bridge-4] [INFO] [1776689061.050872585] [all_robots_bridge]: Creating GZ->ROS Bridge: [/world/random_world/dynamic_pose/info (ignition.msgs.Pose_V) -> /world/random_world/dynamic_pose/info (tf2_msgs/msg/TFMessage)] (Lazy 0)
[create-18] [INFO] [1776689061.109823749] [robot_4.ros_gz_sim]: Requesting list of world names.
[parameter_bridge-20] [INFO] [1776689061.113529940] [clock_bridge]: Creating GZ->ROS Bridge: [/clock (ignition.msgs.Clock) -> /clock (rosgraph_msgs/msg/Clock)] (Lazy 0)
[bump_counter-3] [INFO] [1776689061.297663207] [bump_counter]: [global] global_mode=True cooldown(robot)=0.80s cooldown(obs)=0.50s Logging to /home/ecem/ros2_ws/src/Leo_sct/results_exp/explore/long/prompt_1/run_1/spread/trial_3/run_20260420_144420/bumps_global_144421.csv
[robot_supervisor-16] [INFO] [1776689061.444431483] [robot_3.robot_supervisor]: Loaded initial mission 'explore' from explicit YAML explore_sup_gpt_long_1_run_1_212.yaml
[robot_supervisor-10] [INFO] [1776689061.492859337] [robot_1.robot_supervisor]: Loaded initial mission 'explore' from explicit YAML explore_sup_gpt_long_1_run_1_212.yaml
[robot_supervisor-19] [INFO] [1776689061.528016950] [robot_4.robot_supervisor]: Loaded initial mission 'explore' from explicit YAML explore_sup_gpt_long_1_run_1_212.yaml
[robot_supervisor-7] [INFO] [1776689061.540559168] [robot_0.robot_supervisor]: Loaded initial mission 'explore' from explicit YAML explore_sup_gpt_long_1_run_1_212.yaml
[robot_supervisor-13] [INFO] [1776689061.545358022] [robot_2.robot_supervisor]: Loaded initial mission 'explore' from explicit YAML explore_sup_gpt_long_1_run_1_212.yaml
[parameter_bridge-4] [INFO] [1776689061.555380721] [all_robots_bridge]: Passing message from ROS geometry_msgs/msg/Twist to Gazebo gz.msgs.Twist (showing msg only once per type)
[create-6] [INFO] [1776689061.634677114] [robot_0.ros_gz_sim]: Waiting messages on topic [/robot_0/robot_description].
[create-15] [INFO] [1776689061.735449306] [robot_3.ros_gz_sim]: Waiting messages on topic [/robot_3/robot_description].
[create-18] [INFO] [1776689061.835542283] [robot_4.ros_gz_sim]: Waiting messages on topic [/robot_4/robot_description].
[create-12] [INFO] [1776689061.935609115] [robot_2.ros_gz_sim]: Waiting messages on topic [/robot_2/robot_description].
[create-18] [INFO] [1776689062.035099684] [robot_4.ros_gz_sim]: Requested creation of entity.
[create-18] [INFO] [1776689062.035202073] [robot_4.ros_gz_sim]: OK creation of entity.
[create-15] [INFO] [1776689062.035131943] [robot_3.ros_gz_sim]: Requested creation of entity.
[create-15] [INFO] [1776689062.035204488] [robot_3.ros_gz_sim]: OK creation of entity.
[create-6] [INFO] [1776689062.035132559] [robot_0.ros_gz_sim]: Requested creation of entity.
[create-6] [INFO] [1776689062.035204426] [robot_0.ros_gz_sim]: OK creation of entity.
[create-12] [INFO] [1776689062.035148129] [robot_2.ros_gz_sim]: Requested creation of entity.
[create-12] [INFO] [1776689062.035219493] [robot_2.ros_gz_sim]: OK creation of entity.
[create-9] [INFO] [1776689062.036711691] [robot_1.ros_gz_sim]: Waiting messages on topic [/robot_1/robot_description].
[create-9] [INFO] [1776689062.041426852] [robot_1.ros_gz_sim]: Requested creation of entity.
[create-9] [INFO] [1776689062.041479920] [robot_1.ros_gz_sim]: OK creation of entity.
[INFO] [create-12]: process has finished cleanly [pid 578896]
[INFO] [create-9]: process has finished cleanly [pid 578890]
[INFO] [create-15]: process has finished cleanly [pid 578902]
[INFO] [create-18]: process has finished cleanly [pid 578943]
[INFO] [create-6]: process has finished cleanly [pid 578883]
[bump_counter-3] [INFO] [1776689062.415843334] [bump_counter]: [global] subscribed: /world/random_world/model/robot_0/link/robot_0/base_footprint/sensor/contact_sensor/contact
[bump_counter-3] [INFO] [1776689062.417185863] [bump_counter]: [global] subscribed: /world/random_world/model/robot_1/link/robot_1/base_footprint/sensor/contact_sensor/contact
[bump_counter-3] [INFO] [1776689062.418232058] [bump_counter]: [global] subscribed: /world/random_world/model/robot_2/link/robot_2/base_footprint/sensor/contact_sensor/contact
[bump_counter-3] [INFO] [1776689062.419134052] [bump_counter]: [global] subscribed: /world/random_world/model/robot_3/link/robot_3/base_footprint/sensor/contact_sensor/contact
[bump_counter-3] [INFO] [1776689062.420168955] [bump_counter]: [global] subscribed: /world/random_world/model/robot_4/link/robot_4/base_footprint/sensor/contact_sensor/contact
[INFO] [image_processor-21]: process started with pid [579274]
[INFO] [image_processor-22]: process started with pid [579276]
[INFO] [image_processor-23]: process started with pid [579278]
[INFO] [image_processor-24]: process started with pid [579280]
[INFO] [image_processor-25]: process started with pid [579282]
[image_processor-22] [INFO] [1776689063.022636818] [robot_1.image_processor]: image_processor: depth='/robot_1/depth_camera/depth_image' aruco_runtime=disabled
[image_processor-21] [INFO] [1776689063.027797179] [robot_0.image_processor]: image_processor: depth='/robot_0/depth_camera/depth_image' aruco_runtime=disabled
[image_processor-25] [INFO] [1776689063.035017985] [robot_4.image_processor]: image_processor: depth='/robot_4/depth_camera/depth_image' aruco_runtime=disabled
[image_processor-23] [INFO] [1776689063.035058224] [robot_2.image_processor]: image_processor: depth='/robot_2/depth_camera/depth_image' aruco_runtime=disabled
[image_processor-24] [INFO] [1776689063.047012164] [robot_3.image_processor]: image_processor: depth='/robot_3/depth_camera/depth_image' aruco_runtime=disabled
[image_processor-21] [INFO] [1776689067.268735556] [robot_0.image_processor]: Zone=CLEAR  left[p=0.904 near=0 v=7650]  front[p=1.356 near=0 v=13500]  right[p=1.356 near=0 v=7740]
[image_processor-24] [INFO] [1776689067.300895059] [robot_3.image_processor]: Zone=CLEAR  left[p=1.102 near=0 v=7650]  front[p=1.719 near=0 v=13500]  right[p=2.172 near=0 v=7740]
[image_processor-25] [INFO] [1776689067.334691951] [robot_4.image_processor]: Zone=CLEAR  left[p=3.196 near=0 v=6573]  front[p=2.953 near=0 v=9956]  right[p=2.658 near=0 v=5511]
[image_processor-23] [INFO] [1776689067.363842211] [robot_2.image_processor]: Zone=CLEAR  left[p=2.745 near=0 v=5011]  front[p=1.644 near=0 v=8425]  right[p=1.700 near=0 v=6986]
[image_processor-22] [INFO] [1776689067.375627179] [robot_1.image_processor]: Zone=CLEAR  left[p=1.667 near=0 v=7650]  front[p=3.100 near=0 v=12175]  right[p=2.607 near=0 v=7450]
[image_processor-21] [INFO] [1776689069.749758384] [robot_0.image_processor]: Zone=CLEAR
[image_processor-24] [INFO] [1776689069.759448001] [robot_3.image_processor]: Zone=CLEAR
[image_processor-25] [INFO] [1776689069.774701149] [robot_4.image_processor]: Zone=CLEAR
[image_processor-23] [INFO] [1776689069.791722842] [robot_2.image_processor]: Zone=CLEAR
[image_processor-22] [INFO] [1776689069.801372223] [robot_1.image_processor]: Zone=CLEAR
[image_processor-21] [INFO] [1776689072.249752326] [robot_0.image_processor]: Zone=CLEAR
[image_processor-24] [INFO] [1776689072.259037486] [robot_3.image_processor]: Zone=CLEAR
[image_processor-25] [INFO] [1776689072.273969396] [robot_4.image_processor]: Zone=CLEAR
[image_processor-23] [INFO] [1776689072.288342318] [robot_2.image_processor]: Zone=CLEAR
[image_processor-22] [INFO] [1776689072.397591404] [robot_1.image_processor]: Zone=CLEAR
[image_processor-21] [INFO] [1776689074.754358847] [robot_0.image_processor]: Zone=CLEAR
[image_processor-24] [INFO] [1776689074.764314929] [robot_3.image_processor]: Zone=CLEAR
[image_processor-25] [INFO] [1776689074.779984510] [robot_4.image_processor]: Zone=CLEAR
[image_processor-23] [INFO] [1776689074.792930635] [robot_2.image_processor]: Zone=CLEAR
[image_processor-22] [INFO] [1776689074.801443246] [robot_1.image_processor]: Zone=CLEAR
[image_processor-21] [INFO] [1776689077.253246132] [robot_0.image_processor]: Zone=CLEAR
[image_processor-24] [INFO] [1776689077.261176807] [robot_3.image_processor]: Zone=CLEAR
[image_processor-25] [INFO] [1776689077.276239755] [robot_4.image_processor]: Zone=CLEAR
[image_processor-23] [INFO] [1776689077.290684750] [robot_2.image_processor]: Zone=CLEAR
[image_processor-22] [INFO] [1776689077.299383707] [robot_1.image_processor]: Zone=CLEAR
[image_processor-21] [INFO] [1776689079.750485542] [robot_0.image_processor]: Zone=CLEAR
[image_processor-24] [INFO] [1776689079.759623202] [robot_3.image_processor]: Zone=CLEAR
[image_processor-23] [INFO] [1776689079.788511436] [robot_2.image_processor]: Zone=CLEAR
[image_processor-22] [INFO] [1776689079.797311714] [robot_1.image_processor]: Zone=CLEAR
[image_processor-25] [INFO] [1776689079.874967359] [robot_4.image_processor]: Zone=CLEAR
[image_processor-21] [INFO] [1776689082.249750248] [robot_0.image_processor]: Zone=CLEAR
[image_processor-24] [INFO] [1776689082.258872512] [robot_3.image_processor]: Zone=CLEAR
[image_processor-25] [INFO] [1776689082.274152417] [robot_4.image_processor]: Zone=CLEAR
[image_processor-23] [INFO] [1776689082.287900253] [robot_2.image_processor]: Zone=CLEAR
[image_processor-22] [INFO] [1776689082.297123964] [robot_1.image_processor]: Zone=CLEAR
[image_processor-24] [INFO] [1776689084.763221916] [robot_3.image_processor]: Zone=CLEAR
[image_processor-25] [INFO] [1776689084.777850806] [robot_4.image_processor]: Zone=CLEAR
[image_processor-23] [INFO] [1776689084.792389780] [robot_2.image_processor]: Zone=CLEAR
[image_processor-22] [INFO] [1776689084.801504178] [robot_1.image_processor]: Zone=CLEAR
[image_processor-21] [INFO] [1776689084.855179782] [robot_0.image_processor]: Zone=CLEAR
[image_processor-21] [INFO] [1776689087.255656255] [robot_0.image_processor]: Zone=CLEAR
[image_processor-24] [INFO] [1776689087.267886305] [robot_3.image_processor]: Zone=CLEAR
[image_processor-25] [INFO] [1776689087.289415363] [robot_4.image_processor]: Zone=CLEAR
[image_processor-23] [INFO] [1776689087.310035933] [robot_2.image_processor]: Zone=CLEAR
[image_processor-22] [INFO] [1776689087.321513064] [robot_1.image_processor]: Zone=CLEAR
[image_processor-21] [INFO] [1776689089.762797001] [robot_0.image_processor]: Zone=CLEAR
[image_processor-24] [INFO] [1776689089.778896520] [robot_3.image_processor]: Zone=CLEAR
[image_processor-25] [INFO] [1776689089.803216868] [robot_4.image_processor]: Zone=CLEAR
[image_processor-23] [INFO] [1776689089.826270581] [robot_2.image_processor]: Zone=CLEAR
[image_processor-22] [INFO] [1776689089.842929525] [robot_1.image_processor]: Zone=CLEAR
[image_processor-21] [INFO] [1776689092.258312089] [robot_0.image_processor]: Zone=CLEAR
[image_processor-24] [INFO] [1776689092.272678826] [robot_3.image_processor]: Zone=CLEAR
[image_processor-25] [INFO] [1776689092.292854593] [robot_4.image_processor]: Zone=CLEAR
[image_processor-23] [INFO] [1776689092.312427974] [robot_2.image_processor]: Zone=CLEAR
[image_processor-22] [INFO] [1776689092.324084903] [robot_1.image_processor]: Zone=CLEAR
[image_processor-21] [INFO] [1776689094.754142821] [robot_0.image_processor]: Zone=CLEAR
[image_processor-24] [INFO] [1776689094.767655472] [robot_3.image_processor]: Zone=CLEAR
[image_processor-25] [INFO] [1776689094.784915691] [robot_4.image_processor]: Zone=CLEAR
[image_processor-23] [INFO] [1776689094.806927012] [robot_2.image_processor]: Zone=CLEAR
[image_processor-22] [INFO] [1776689094.820767554] [robot_1.image_processor]: Zone=CLEAR
[image_processor-21] [INFO] [1776689097.253645461] [robot_0.image_processor]: Zone=CLEAR
[image_processor-24] [INFO] [1776689097.265362675] [robot_3.image_processor]: Zone=CLEAR
[image_processor-25] [INFO] [1776689097.283203101] [robot_4.image_processor]: Zone=CLEAR
[image_processor-23] [INFO] [1776689097.301695122] [robot_2.image_processor]: Zone=CLEAR
[image_processor-22] [INFO] [1776689097.313052185] [robot_1.image_processor]: Zone=CLEAR
[image_processor-21] [INFO] [1776689099.750185611] [robot_0.image_processor]: Zone=CLEAR
[image_processor-24] [INFO] [1776689099.757595960] [robot_3.image_processor]: Zone=CLEAR
[image_processor-25] [INFO] [1776689099.774146894] [robot_4.image_processor]: Zone=CLEAR
[image_processor-23] [INFO] [1776689099.789573197] [robot_2.image_processor]: Zone=CLEAR
[image_processor-22] [INFO] [1776689099.797620282] [robot_1.image_processor]: Zone=CLEAR
[image_processor-21] [INFO] [1776689102.256547711] [robot_0.image_processor]: Zone=CLEAR
[image_processor-24] [INFO] [1776689102.266277136] [robot_3.image_processor]: Zone=CLEAR
[image_processor-25] [INFO] [1776689102.281686934] [robot_4.image_processor]: Zone=CLEAR
[image_processor-23] [INFO] [1776689102.300734435] [robot_2.image_processor]: Zone=CLEAR
[image_processor-22] [INFO] [1776689102.314809560] [robot_1.image_processor]: Zone=CLEAR
[image_processor-21] [INFO] [1776689104.750550316] [robot_0.image_processor]: Zone=CLEAR
[image_processor-24] [INFO] [1776689104.760176246] [robot_3.image_processor]: Zone=CLEAR
[image_processor-25] [INFO] [1776689104.774577695] [robot_4.image_processor]: Zone=CLEAR
[image_processor-23] [INFO] [1776689104.789512770] [robot_2.image_processor]: Zone=CLEAR
[image_processor-22] [INFO] [1776689104.898470610] [robot_1.image_processor]: Zone=CLEAR
[image_processor-21] [INFO] [1776689107.251965740] [robot_0.image_processor]: Zone=CLEAR
[image_processor-24] [INFO] [1776689107.262101368] [robot_3.image_processor]: Zone=CLEAR
[image_processor-25] [INFO] [1776689107.282478294] [robot_4.image_processor]: Zone=CLEAR
[image_processor-23] [INFO] [1776689107.306769343] [robot_2.image_processor]: Zone=CLEAR
[image_processor-22] [INFO] [1776689107.317520007] [robot_1.image_processor]: Zone=CLEAR
[image_processor-21] [INFO] [1776689109.753176207] [robot_0.image_processor]: Zone=CLEAR
[image_processor-24] [INFO] [1776689109.759985065] [robot_3.image_processor]: Zone=CLEAR
[image_processor-25] [INFO] [1776689109.775817125] [robot_4.image_processor]: Zone=CLEAR
[image_processor-23] [INFO] [1776689109.790232898] [robot_2.image_processor]: Zone=CLEAR
[image_processor-22] [INFO] [1776689109.799467541] [robot_1.image_processor]: Zone=CLEAR
[image_processor-21] [INFO] [1776689112.249975837] [robot_0.image_processor]: Zone=CLEAR
[image_processor-24] [INFO] [1776689112.264913754] [robot_3.image_processor]: Zone=CLEAR
[image_processor-25] [INFO] [1776689112.284454668] [robot_4.image_processor]: Zone=CLEAR
[image_processor-23] [INFO] [1776689112.307465787] [robot_2.image_processor]: Zone=CLEAR
[image_processor-22] [INFO] [1776689112.315216067] [robot_1.image_processor]: Zone=CLEAR
[image_processor-21] [INFO] [1776689114.750568685] [robot_0.image_processor]: Zone=CLEAR
[image_processor-24] [INFO] [1776689114.758918405] [robot_3.image_processor]: Zone=CLEAR
[image_processor-25] [INFO] [1776689114.772352161] [robot_4.image_processor]: Zone=CLEAR
[image_processor-23] [INFO] [1776689114.785181597] [robot_2.image_processor]: Zone=CLEAR
[image_processor-22] [INFO] [1776689114.793199221] [robot_1.image_processor]: Zone=CLEAR
[image_processor-21] [INFO] [1776689117.251255202] [robot_0.image_processor]: Zone=CLEAR
[image_processor-24] [INFO] [1776689117.261245435] [robot_3.image_processor]: Zone=CLEAR
[image_processor-25] [INFO] [1776689117.274303068] [robot_4.image_processor]: Zone=CLEAR
[image_processor-23] [INFO] [1776689117.290736069] [robot_2.image_processor]: Zone=CLEAR
[image_processor-22] [INFO] [1776689117.298612516] [robot_1.image_processor]: Zone=CLEAR
[image_processor-21] [INFO] [1776689119.755070373] [robot_0.image_processor]: Zone=CLEAR
[image_processor-24] [INFO] [1776689119.766853649] [robot_3.image_processor]: Zone=CLEAR
[image_processor-25] [INFO] [1776689119.781738537] [robot_4.image_processor]: Zone=CLEAR
[image_processor-23] [INFO] [1776689119.796864789] [robot_2.image_processor]: Zone=CLEAR
[image_processor-22] [INFO] [1776689119.804693042] [robot_1.image_processor]: Zone=CLEAR
[image_processor-21] [INFO] [1776689122.251338063] [robot_0.image_processor]: Zone=CLEAR
[image_processor-24] [INFO] [1776689122.260449397] [robot_3.image_processor]: Zone=CLEAR
[image_processor-25] [INFO] [1776689122.277226791] [robot_4.image_processor]: Zone=CLEAR
[image_processor-23] [INFO] [1776689122.295350572] [robot_2.image_processor]: Zone=CLEAR
[image_processor-22] [INFO] [1776689122.305461120] [robot_1.image_processor]: Zone=CLEAR
[image_processor-21] [INFO] [1776689124.752002592] [robot_0.image_processor]: Zone=CLEAR
[image_processor-24] [INFO] [1776689124.762519272] [robot_3.image_processor]: Zone=CLEAR
[image_processor-23] [INFO] [1776689124.799135766] [robot_2.image_processor]: Zone=CLEAR
[image_processor-22] [INFO] [1776689124.811338621] [robot_1.image_processor]: Zone=CLEAR
[image_processor-25] [INFO] [1776689124.881746073] [robot_4.image_processor]: Zone=CLEAR
[image_processor-21] [INFO] [1776689127.252016176] [robot_0.image_processor]: Zone=CLEAR
[image_processor-24] [INFO] [1776689127.263535829] [robot_3.image_processor]: Zone=CLEAR
[image_processor-25] [INFO] [1776689127.280940074] [robot_4.image_processor]: Zone=CLEAR
[image_processor-23] [INFO] [1776689127.296803744] [robot_2.image_processor]: Zone=CLEAR
[image_processor-22] [INFO] [1776689127.304726524] [robot_1.image_processor]: Zone=CLEAR
[image_processor-21] [INFO] [1776689129.751752012] [robot_0.image_processor]: Zone=CLEAR
[image_processor-24] [INFO] [1776689129.761411271] [robot_3.image_processor]: Zone=CLEAR
[image_processor-25] [INFO] [1776689129.783827110] [robot_4.image_processor]: Zone=CLEAR
[image_processor-23] [INFO] [1776689129.802903130] [robot_2.image_processor]: Zone=CLEAR
[image_processor-22] [INFO] [1776689129.916598786] [robot_1.image_processor]: Zone=CLEAR
[image_processor-21] [INFO] [1776689132.256295428] [robot_0.image_processor]: Zone=CLEAR
[image_processor-24] [INFO] [1776689132.277732192] [robot_3.image_processor]: Zone=CLEAR
[image_processor-25] [INFO] [1776689132.311126319] [robot_4.image_processor]: Zone=CLEAR
[image_processor-23] [INFO] [1776689132.349336244] [robot_2.image_processor]: Zone=CLEAR
[image_processor-22] [INFO] [1776689132.360063552] [robot_1.image_processor]: Zone=CLEAR
[image_processor-21] [INFO] [1776689134.750795872] [robot_0.image_processor]: Zone=CLEAR
[image_processor-24] [INFO] [1776689134.760459240] [robot_3.image_processor]: Zone=CLEAR
[image_processor-25] [INFO] [1776689134.778088260] [robot_4.image_processor]: Zone=CLEAR
[image_processor-23] [INFO] [1776689134.793697552] [robot_2.image_processor]: Zone=CLEAR
[image_processor-22] [INFO] [1776689134.803284512] [robot_1.image_processor]: Zone=CLEAR
[image_processor-21] [INFO] [1776689137.251128568] [robot_0.image_processor]: Zone=CLEAR
[image_processor-24] [INFO] [1776689137.260142894] [robot_3.image_processor]: Zone=CLEAR
[image_processor-25] [INFO] [1776689137.276811583] [robot_4.image_processor]: Zone=CLEAR
[image_processor-23] [INFO] [1776689137.293906660] [robot_2.image_processor]: Zone=CLEAR
[image_processor-22] [INFO] [1776689137.306980129] [robot_1.image_processor]: Zone=CLEAR
[image_processor-21] [INFO] [1776689139.753066677] [robot_0.image_processor]: Zone=CLEAR
[image_processor-24] [INFO] [1776689139.763722211] [robot_3.image_processor]: Zone=CLEAR
[image_processor-25] [INFO] [1776689139.780563283] [robot_4.image_processor]: Zone=CLEAR
[image_processor-23] [INFO] [1776689139.798459883] [robot_2.image_processor]: Zone=CLEAR
[image_processor-22] [INFO] [1776689139.808680446] [robot_1.image_processor]: Zone=CLEAR
[image_processor-21] [INFO] [1776689142.254631024] [robot_0.image_processor]: Zone=CLEAR
[image_processor-24] [INFO] [1776689142.264781249] [robot_3.image_processor]: Zone=CLEAR
[image_processor-25] [INFO] [1776689142.280180032] [robot_4.image_processor]: Zone=CLEAR
[image_processor-23] [INFO] [1776689142.297214022] [robot_2.image_processor]: Zone=CLEAR
[image_processor-22] [INFO] [1776689142.305787075] [robot_1.image_processor]: Zone=CLEAR
[image_processor-21] [INFO] [1776689144.751815502] [robot_0.image_processor]: Zone=CLEAR
[image_processor-24] [INFO] [1776689144.761166291] [robot_3.image_processor]: Zone=CLEAR
[image_processor-25] [INFO] [1776689144.778486849] [robot_4.image_processor]: Zone=CLEAR
[image_processor-23] [INFO] [1776689144.793281372] [robot_2.image_processor]: Zone=CLEAR
[image_processor-22] [INFO] [1776689144.802490385] [robot_1.image_processor]: Zone=CLEAR
[image_processor-21] [INFO] [1776689147.252236312] [robot_0.image_processor]: Zone=CLEAR
[image_processor-24] [INFO] [1776689147.261973790] [robot_3.image_processor]: Zone=CLEAR
[image_processor-25] [INFO] [1776689147.278290965] [robot_4.image_processor]: Zone=CLEAR
[image_processor-23] [INFO] [1776689147.294491253] [robot_2.image_processor]: Zone=CLEAR
[image_processor-22] [INFO] [1776689147.304327615] [robot_1.image_processor]: Zone=CLEAR
[image_processor-21] [INFO] [1776689149.751666901] [robot_0.image_processor]: Zone=CLEAR
[image_processor-24] [INFO] [1776689149.760521833] [robot_3.image_processor]: Zone=CLEAR
[image_processor-25] [INFO] [1776689149.775170296] [robot_4.image_processor]: Zone=CLEAR
[image_processor-23] [INFO] [1776689149.787006771] [robot_2.image_processor]: Zone=CLEAR
[image_processor-22] [INFO] [1776689149.795384746] [robot_1.image_processor]: Zone=CLEAR
[image_processor-21] [INFO] [1776689152.249562527] [robot_0.image_processor]: Zone=CLEAR
[image_processor-24] [INFO] [1776689152.258703607] [robot_3.image_processor]: Zone=CLEAR
[image_processor-25] [INFO] [1776689152.271413016] [robot_4.image_processor]: Zone=CLEAR
[image_processor-23] [INFO] [1776689152.284044581] [robot_2.image_processor]: Zone=CLEAR
[image_processor-22] [INFO] [1776689152.290874589] [robot_1.image_processor]: Zone=CLEAR
[image_processor-21] [INFO] [1776689154.749427398] [robot_0.image_processor]: Zone=CLEAR
[image_processor-24] [INFO] [1776689154.759126133] [robot_3.image_processor]: Zone=CLEAR
[image_processor-25] [INFO] [1776689154.771422978] [robot_4.image_processor]: Zone=CLEAR
[image_processor-23] [INFO] [1776689154.788666950] [robot_2.image_processor]: Zone=CLEAR
[image_processor-22] [INFO] [1776689154.802683112] [robot_1.image_processor]: Zone=CLEAR
[image_processor-21] [INFO] [1776689157.251093512] [robot_0.image_processor]: Zone=CLEAR
[image_processor-24] [INFO] [1776689157.258266509] [robot_3.image_processor]: Zone=CLEAR
[image_processor-25] [INFO] [1776689157.271584562] [robot_4.image_processor]: Zone=CLEAR
[image_processor-23] [INFO] [1776689157.286677476] [robot_2.image_processor]: Zone=CLEAR
[image_processor-22] [INFO] [1776689157.293419736] [robot_1.image_processor]: Zone=CLEAR
[image_processor-21] [INFO] [1776689159.750597380] [robot_0.image_processor]: Zone=CLEAR
[image_processor-24] [INFO] [1776689159.761361494] [robot_3.image_processor]: Zone=CLEAR
[image_processor-25] [INFO] [1776689159.776974075] [robot_4.image_processor]: Zone=CLEAR
[image_processor-23] [INFO] [1776689159.791317602] [robot_2.image_processor]: Zone=CLEAR
[image_processor-22] [INFO] [1776689159.799497999] [robot_1.image_processor]: Zone=CLEAR
[image_processor-21] [INFO] [1776689162.253097984] [robot_0.image_processor]: Zone=CLEAR
[image_processor-24] [INFO] [1776689162.262571966] [robot_3.image_processor]: Zone=CLEAR
[image_processor-25] [INFO] [1776689162.278863457] [robot_4.image_processor]: Zone=CLEAR
[image_processor-23] [INFO] [1776689162.293872179] [robot_2.image_processor]: Zone=CLEAR
[image_processor-22] [INFO] [1776689162.302303978] [robot_1.image_processor]: Zone=CLEAR
[image_processor-21] [INFO] [1776689164.751838731] [robot_0.image_processor]: Zone=CLEAR
[image_processor-23] [INFO] [1776689164.789459687] [robot_2.image_processor]: Zone=CLEAR
[image_processor-24] [INFO] [1776689164.863064451] [robot_3.image_processor]: Zone=CLEAR
[image_processor-25] [INFO] [1776689164.876405436] [robot_4.image_processor]: Zone=CLEAR
[image_processor-22] [INFO] [1776689164.898049884] [robot_1.image_processor]: Zone=CLEAR
[image_processor-21] [INFO] [1776689167.251526301] [robot_0.image_processor]: Zone=CLEAR
[image_processor-24] [INFO] [1776689167.260936492] [robot_3.image_processor]: Zone=CLEAR
[image_processor-25] [INFO] [1776689167.275870106] [robot_4.image_processor]: Zone=CLEAR
[image_processor-23] [INFO] [1776689167.292222115] [robot_2.image_processor]: Zone=CLEAR
[image_processor-22] [INFO] [1776689167.401956290] [robot_1.image_processor]: Zone=CLEAR
[image_processor-21] [INFO] [1776689169.751434021] [robot_0.image_processor]: Zone=CLEAR
[image_processor-24] [INFO] [1776689169.759037267] [robot_3.image_processor]: Zone=CLEAR
[image_processor-25] [INFO] [1776689169.774183338] [robot_4.image_processor]: Zone=CLEAR
[image_processor-23] [INFO] [1776689169.789192267] [robot_2.image_processor]: Zone=CLEAR
[image_processor-22] [INFO] [1776689169.797973807] [robot_1.image_processor]: Zone=CLEAR
[image_processor-21] [INFO] [1776689172.253232052] [robot_0.image_processor]: Zone=CLEAR
[image_processor-24] [INFO] [1776689172.260977820] [robot_3.image_processor]: Zone=CLEAR
[image_processor-25] [INFO] [1776689172.274984259] [robot_4.image_processor]: Zone=CLEAR
[image_processor-23] [INFO] [1776689172.290349399] [robot_2.image_processor]: Zone=CLEAR
[image_processor-22] [INFO] [1776689172.299052322] [robot_1.image_processor]: Zone=CLEAR
[image_processor-21] [INFO] [1776689174.751464649] [robot_0.image_processor]: Zone=CLEAR
[image_processor-24] [INFO] [1776689174.761272588] [robot_3.image_processor]: Zone=CLEAR
[image_processor-25] [INFO] [1776689174.777560625] [robot_4.image_processor]: Zone=CLEAR
[image_processor-23] [INFO] [1776689174.791637816] [robot_2.image_processor]: Zone=CLEAR
[image_processor-22] [INFO] [1776689174.799586296] [robot_1.image_processor]: Zone=CLEAR
[image_processor-21] [INFO] [1776689177.252450567] [robot_0.image_processor]: Zone=CLEAR
[image_processor-24] [INFO] [1776689177.260803556] [robot_3.image_processor]: Zone=CLEAR
[image_processor-25] [INFO] [1776689177.275723878] [robot_4.image_processor]: Zone=CLEAR
[image_processor-23] [INFO] [1776689177.289896359] [robot_2.image_processor]: Zone=CLEAR
[image_processor-22] [INFO] [1776689177.297591498] [robot_1.image_processor]: Zone=CLEAR
[image_processor-21] [INFO] [1776689179.750722559] [robot_0.image_processor]: Zone=CLEAR
[image_processor-24] [INFO] [1776689179.760350281] [robot_3.image_processor]: Zone=CLEAR
[image_processor-25] [INFO] [1776689179.774852179] [robot_4.image_processor]: Zone=CLEAR
[image_processor-23] [INFO] [1776689179.789690495] [robot_2.image_processor]: Zone=CLEAR
[image_processor-22] [INFO] [1776689179.799276895] [robot_1.image_processor]: Zone=CLEAR
[image_processor-21] [INFO] [1776689182.253846140] [robot_0.image_processor]: Zone=CLEAR
[image_processor-24] [INFO] [1776689182.264061300] [robot_3.image_processor]: Zone=CLEAR
[image_processor-25] [INFO] [1776689182.279194075] [robot_4.image_processor]: Zone=CLEAR
[image_processor-23] [INFO] [1776689182.293776859] [robot_2.image_processor]: Zone=CLEAR
[image_processor-22] [INFO] [1776689182.301443659] [robot_1.image_processor]: Zone=CLEAR
[image_processor-24] [INFO] [1776689184.762027463] [robot_3.image_processor]: Zone=CLEAR
[image_processor-25] [INFO] [1776689184.776232622] [robot_4.image_processor]: Zone=CLEAR
[image_processor-23] [INFO] [1776689184.790096026] [robot_2.image_processor]: Zone=CLEAR
[image_processor-22] [INFO] [1776689184.798813014] [robot_1.image_processor]: Zone=CLEAR
[image_processor-21] [INFO] [1776689184.856056184] [robot_0.image_processor]: Zone=CLEAR
[image_processor-21] [INFO] [1776689187.250703610] [robot_0.image_processor]: Zone=CLEAR
[image_processor-24] [INFO] [1776689187.262427538] [robot_3.image_processor]: Zone=CLEAR
[image_processor-25] [INFO] [1776689187.276262770] [robot_4.image_processor]: Zone=CLEAR
[image_processor-23] [INFO] [1776689187.290445283] [robot_2.image_processor]: Zone=CLEAR
[image_processor-22] [INFO] [1776689187.298145379] [robot_1.image_processor]: Zone=CLEAR
[image_processor-21] [INFO] [1776689189.751152193] [robot_0.image_processor]: Zone=CLEAR
[image_processor-24] [INFO] [1776689189.762422692] [robot_3.image_processor]: Zone=CLEAR
[image_processor-25] [INFO] [1776689189.776986903] [robot_4.image_processor]: Zone=CLEAR
[image_processor-23] [INFO] [1776689189.790565235] [robot_2.image_processor]: Zone=CLEAR
[image_processor-22] [INFO] [1776689189.899620462] [robot_1.image_processor]: Zone=CLEAR
[image_processor-21] [INFO] [1776689192.251150006] [robot_0.image_processor]: Zone=CLEAR
[image_processor-24] [INFO] [1776689192.260876707] [robot_3.image_processor]: Zone=CLEAR
[image_processor-25] [INFO] [1776689192.275536095] [robot_4.image_processor]: Zone=CLEAR
[image_processor-23] [INFO] [1776689192.290373097] [robot_2.image_processor]: Zone=CLEAR
[image_processor-22] [INFO] [1776689192.298744835] [robot_1.image_processor]: Zone=CLEAR
[image_processor-21] [INFO] [1776689194.751553660] [robot_0.image_processor]: Zone=CLEAR
[image_processor-24] [INFO] [1776689194.760734672] [robot_3.image_processor]: Zone=CLEAR
[image_processor-25] [INFO] [1776689194.778168099] [robot_4.image_processor]: Zone=CLEAR
[image_processor-23] [INFO] [1776689194.791970187] [robot_2.image_processor]: Zone=CLEAR
[image_processor-22] [INFO] [1776689194.799946045] [robot_1.image_processor]: Zone=CLEAR
[image_processor-21] [INFO] [1776689197.251410647] [robot_0.image_processor]: Zone=CLEAR
[image_processor-24] [INFO] [1776689197.261260522] [robot_3.image_processor]: Zone=CLEAR
[image_processor-25] [INFO] [1776689197.275900287] [robot_4.image_processor]: Zone=CLEAR
[image_processor-23] [INFO] [1776689197.291456010] [robot_2.image_processor]: Zone=CLEAR
[image_processor-22] [INFO] [1776689197.301529612] [robot_1.image_processor]: Zone=CLEAR
[image_processor-21] [INFO] [1776689199.752081114] [robot_0.image_processor]: Zone=CLEAR
[image_processor-24] [INFO] [1776689199.760821443] [robot_3.image_processor]: Zone=CLEAR
[image_processor-25] [INFO] [1776689199.776036428] [robot_4.image_processor]: Zone=CLEAR
[image_processor-23] [INFO] [1776689199.791325376] [robot_2.image_processor]: Zone=CLEAR
[image_processor-22] [INFO] [1776689199.802887105] [robot_1.image_processor]: Zone=CLEAR
[image_processor-21] [INFO] [1776689202.255508995] [robot_0.image_processor]: Zone=CLEAR
[image_processor-24] [INFO] [1776689202.264286697] [robot_3.image_processor]: Zone=CLEAR
[image_processor-25] [INFO] [1776689202.277890328] [robot_4.image_processor]: Zone=CLEAR
[image_processor-23] [INFO] [1776689202.293385297] [robot_2.image_processor]: Zone=CLEAR
[image_processor-22] [INFO] [1776689202.303969843] [robot_1.image_processor]: Zone=CLEAR
[image_processor-21] [INFO] [1776689204.752680491] [robot_0.image_processor]: Zone=CLEAR
[image_processor-24] [INFO] [1776689204.760685821] [robot_3.image_processor]: Zone=CLEAR
[image_processor-25] [INFO] [1776689204.774666202] [robot_4.image_processor]: Zone=CLEAR
[image_processor-22] [INFO] [1776689204.807219261] [robot_1.image_processor]: Zone=CLEAR
[image_processor-23] [INFO] [1776689204.893456078] [robot_2.image_processor]: Zone=CLEAR
[image_processor-21] [INFO] [1776689207.254149266] [robot_0.image_processor]: Zone=CLEAR
[image_processor-24] [INFO] [1776689207.263835978] [robot_3.image_processor]: Zone=CLEAR
[image_processor-25] [INFO] [1776689207.278433719] [robot_4.image_processor]: Zone=CLEAR
[image_processor-23] [INFO] [1776689207.292433583] [robot_2.image_processor]: Zone=CLEAR
[image_processor-22] [INFO] [1776689207.300441942] [robot_1.image_processor]: Zone=CLEAR
[image_processor-21] [INFO] [1776689209.750474946] [robot_0.image_processor]: Zone=CLEAR
[image_processor-25] [INFO] [1776689209.774408157] [robot_4.image_processor]: Zone=CLEAR
[image_processor-23] [INFO] [1776689209.789003599] [robot_2.image_processor]: Zone=CLEAR
[image_processor-22] [INFO] [1776689209.798631881] [robot_1.image_processor]: Zone=CLEAR
[image_processor-24] [INFO] [1776689209.862176524] [robot_3.image_processor]: Zone=CLEAR
[image_processor-21] [INFO] [1776689212.252147897] [robot_0.image_processor]: Zone=CLEAR
[image_processor-24] [INFO] [1776689212.260646316] [robot_3.image_processor]: Zone=CLEAR
[image_processor-25] [INFO] [1776689212.275095641] [robot_4.image_processor]: Zone=CLEAR
[image_processor-23] [INFO] [1776689212.289425907] [robot_2.image_processor]: Zone=CLEAR
[image_processor-22] [INFO] [1776689212.297446763] [robot_1.image_processor]: Zone=CLEAR
[image_processor-21] [INFO] [1776689214.755946029] [robot_0.image_processor]: Zone=CLEAR
[image_processor-25] [INFO] [1776689214.779388880] [robot_4.image_processor]: Zone=CLEAR
[image_processor-23] [INFO] [1776689214.802946873] [robot_2.image_processor]: Zone=CLEAR
[image_processor-22] [INFO] [1776689214.811160452] [robot_1.image_processor]: Zone=CLEAR
[image_processor-24] [INFO] [1776689214.867050448] [robot_3.image_processor]: Zone=CLEAR
[image_processor-24] [INFO] [1776689217.258092410] [robot_3.image_processor]: Zone=CLEAR
[image_processor-25] [INFO] [1776689217.272264105] [robot_4.image_processor]: Zone=CLEAR
[image_processor-23] [INFO] [1776689217.287595103] [robot_2.image_processor]: Zone=CLEAR
[image_processor-22] [INFO] [1776689217.296717777] [robot_1.image_processor]: Zone=CLEAR
[image_processor-21] [INFO] [1776689217.353556669] [robot_0.image_processor]: Zone=CLEAR
[image_processor-21] [INFO] [1776689219.751581595] [robot_0.image_processor]: Zone=CLEAR
[image_processor-24] [INFO] [1776689219.759531291] [robot_3.image_processor]: Zone=CLEAR
[image_processor-25] [INFO] [1776689219.774614223] [robot_4.image_processor]: Zone=CLEAR
[image_processor-23] [INFO] [1776689219.790916727] [robot_2.image_processor]: Zone=CLEAR
[image_processor-22] [INFO] [1776689219.800083810] [robot_1.image_processor]: Zone=CLEAR
[image_processor-21] [INFO] [1776689222.250652206] [robot_0.image_processor]: Zone=CLEAR
[image_processor-24] [INFO] [1776689222.262606624] [robot_3.image_processor]: Zone=CLEAR
[image_processor-25] [INFO] [1776689222.276350017] [robot_4.image_processor]: Zone=CLEAR
[image_processor-23] [INFO] [1776689222.291519431] [robot_2.image_processor]: Zone=CLEAR
[image_processor-22] [INFO] [1776689222.300738757] [robot_1.image_processor]: Zone=CLEAR
[image_processor-21] [INFO] [1776689224.749944138] [robot_0.image_processor]: Zone=CLEAR
[image_processor-24] [INFO] [1776689224.760071831] [robot_3.image_processor]: Zone=CLEAR
[image_processor-25] [INFO] [1776689224.774726311] [robot_4.image_processor]: Zone=CLEAR
[image_processor-23] [INFO] [1776689224.789959934] [robot_2.image_processor]: Zone=CLEAR
[image_processor-22] [INFO] [1776689224.799226367] [robot_1.image_processor]: Zone=CLEAR
[image_processor-21] [INFO] [1776689227.255240386] [robot_0.image_processor]: Zone=CLEAR
[image_processor-24] [INFO] [1776689227.267649159] [robot_3.image_processor]: Zone=CLEAR
[image_processor-23] [INFO] [1776689227.297831690] [robot_2.image_processor]: Zone=CLEAR
[image_processor-22] [INFO] [1776689227.306242782] [robot_1.image_processor]: Zone=CLEAR
[image_processor-25] [INFO] [1776689227.383728980] [robot_4.image_processor]: Zone=CLEAR
[image_processor-21] [INFO] [1776689229.751433945] [robot_0.image_processor]: Zone=CLEAR
[image_processor-24] [INFO] [1776689229.759298465] [robot_3.image_processor]: Zone=CLEAR
[image_processor-25] [INFO] [1776689229.774046400] [robot_4.image_processor]: Zone=CLEAR
[image_processor-23] [INFO] [1776689229.789579785] [robot_2.image_processor]: Zone=CLEAR
[image_processor-22] [INFO] [1776689229.797945021] [robot_1.image_processor]: Zone=CLEAR
[image_processor-21] [INFO] [1776689232.250486769] [robot_0.image_processor]: Zone=CLEAR
[image_processor-24] [INFO] [1776689232.260300125] [robot_3.image_processor]: Zone=CLEAR
[image_processor-25] [INFO] [1776689232.274593048] [robot_4.image_processor]: Zone=CLEAR
[image_processor-23] [INFO] [1776689232.288853218] [robot_2.image_processor]: Zone=CLEAR
[image_processor-22] [INFO] [1776689232.297237710] [robot_1.image_processor]: Zone=CLEAR
[image_processor-21] [INFO] [1776689234.756460444] [robot_0.image_processor]: Zone=CLEAR
[image_processor-24] [INFO] [1776689234.769155070] [robot_3.image_processor]: Zone=CLEAR
[image_processor-25] [INFO] [1776689234.784505544] [robot_4.image_processor]: Zone=CLEAR
[image_processor-23] [INFO] [1776689234.800732135] [robot_2.image_processor]: Zone=CLEAR
[image_processor-22] [INFO] [1776689234.910647950] [robot_1.image_processor]: Zone=CLEAR
[image_processor-21] [INFO] [1776689237.251002890] [robot_0.image_processor]: Zone=CLEAR
[image_processor-24] [INFO] [1776689237.257956856] [robot_3.image_processor]: Zone=CLEAR
[image_processor-25] [INFO] [1776689237.273159150] [robot_4.image_processor]: Zone=CLEAR
[image_processor-23] [INFO] [1776689237.287966148] [robot_2.image_processor]: Zone=CLEAR
[image_processor-22] [INFO] [1776689237.296161724] [robot_1.image_processor]: Zone=CLEAR
[image_processor-24] [INFO] [1776689239.760335483] [robot_3.image_processor]: Zone=CLEAR
[image_processor-25] [INFO] [1776689239.777166082] [robot_4.image_processor]: Zone=CLEAR
[image_processor-23] [INFO] [1776689239.792219340] [robot_2.image_processor]: Zone=CLEAR
[image_processor-22] [INFO] [1776689239.800670683] [robot_1.image_processor]: Zone=CLEAR
[image_processor-21] [INFO] [1776689239.853683719] [robot_0.image_processor]: Zone=CLEAR
[image_processor-21] [INFO] [1776689242.252649834] [robot_0.image_processor]: Zone=CLEAR
[image_processor-24] [INFO] [1776689242.260221874] [robot_3.image_processor]: Zone=CLEAR
[image_processor-25] [INFO] [1776689242.275126995] [robot_4.image_processor]: Zone=CLEAR
[image_processor-23] [INFO] [1776689242.290253806] [robot_2.image_processor]: Zone=CLEAR
[image_processor-22] [INFO] [1776689242.298750873] [robot_1.image_processor]: Zone=CLEAR
[image_processor-21] [INFO] [1776689244.752057789] [robot_0.image_processor]: Zone=CLEAR
[image_processor-24] [INFO] [1776689244.759619227] [robot_3.image_processor]: Zone=CLEAR
[image_processor-25] [INFO] [1776689244.777879539] [robot_4.image_processor]: Zone=CLEAR
[image_processor-23] [INFO] [1776689244.790976456] [robot_2.image_processor]: Zone=CLEAR
[image_processor-22] [INFO] [1776689244.799915474] [robot_1.image_processor]: Zone=CLEAR
[image_processor-21] [INFO] [1776689247.252175078] [robot_0.image_processor]: Zone=CLEAR
[image_processor-24] [INFO] [1776689247.261934506] [robot_3.image_processor]: Zone=CLEAR
[image_processor-25] [INFO] [1776689247.278024315] [robot_4.image_processor]: Zone=CLEAR
[image_processor-23] [INFO] [1776689247.293589519] [robot_2.image_processor]: Zone=CLEAR
[image_processor-22] [INFO] [1776689247.302485071] [robot_1.image_processor]: Zone=CLEAR
[image_processor-21] [INFO] [1776689249.750841629] [robot_0.image_processor]: Zone=CLEAR
[image_processor-24] [INFO] [1776689249.761425751] [robot_3.image_processor]: Zone=CLEAR
[image_processor-25] [INFO] [1776689249.776109682] [robot_4.image_processor]: Zone=CLEAR
[image_processor-23] [INFO] [1776689249.792001159] [robot_2.image_processor]: Zone=CLEAR
[image_processor-22] [INFO] [1776689249.800866708] [robot_1.image_processor]: Zone=CLEAR
[image_processor-21] [INFO] [1776689252.251147873] [robot_0.image_processor]: Zone=CLEAR
[image_processor-25] [INFO] [1776689252.275174662] [robot_4.image_processor]: Zone=CLEAR
[image_processor-23] [INFO] [1776689252.288905338] [robot_2.image_processor]: Zone=CLEAR
[image_processor-22] [INFO] [1776689252.298539761] [robot_1.image_processor]: Zone=CLEAR
[image_processor-24] [INFO] [1776689252.360335174] [robot_3.image_processor]: Zone=CLEAR
[image_processor-21] [INFO] [1776689254.751060719] [robot_0.image_processor]: Zone=CLEAR
[image_processor-24] [INFO] [1776689254.760232957] [robot_3.image_processor]: Zone=CLEAR
[image_processor-25] [INFO] [1776689254.775502347] [robot_4.image_processor]: Zone=CLEAR
[image_processor-23] [INFO] [1776689254.790982176] [robot_2.image_processor]: Zone=CLEAR
[image_processor-22] [INFO] [1776689254.799025318] [robot_1.image_processor]: Zone=CLEAR
[image_processor-21] [INFO] [1776689257.251639470] [robot_0.image_processor]: Zone=CLEAR
[image_processor-24] [INFO] [1776689257.261068916] [robot_3.image_processor]: Zone=CLEAR
[image_processor-25] [INFO] [1776689257.275663286] [robot_4.image_processor]: Zone=CLEAR
[image_processor-23] [INFO] [1776689257.291534563] [robot_2.image_processor]: Zone=CLEAR
[image_processor-22] [INFO] [1776689257.300138787] [robot_1.image_processor]: Zone=CLEAR
[image_processor-21] [INFO] [1776689259.750430446] [robot_0.image_processor]: Zone=CLEAR
[image_processor-24] [INFO] [1776689259.760490435] [robot_3.image_processor]: Zone=CLEAR
[image_processor-25] [INFO] [1776689259.774976680] [robot_4.image_processor]: Zone=CLEAR
[image_processor-23] [INFO] [1776689259.789206999] [robot_2.image_processor]: Zone=CLEAR
[image_processor-22] [INFO] [1776689259.798927808] [robot_1.image_processor]: Zone=CLEAR
[INFO] [image_processor-25]: sending signal 'SIGINT' to process[image_processor-25]
[ERROR] [ign gazebo-1]: process has died [pid 578871, exit code -15, cmd 'ruby /usr/bin/ign gazebo /home/ecem/ros2_ws/install/swarm_basics/share/swarm_basics/worlds/random_world.sdf -s -r --force-version 6'].
[ERROR] [parameter_bridge-4]: process has died [pid 578878, exit code -15, cmd '/opt/ros/humble/lib/ros_ign_bridge/parameter_bridge /robot_0/cmd_vel@geometry_msgs/msg/Twist]ignition.msgs.Twist /robot_0/odom@nav_msgs/msg/Odometry[ignition.msgs.Odometry /robot_0/depth_camera/depth_image@sensor_msgs/msg/Image[ignition.msgs.Image /world/random_world/model/robot_0/link/robot_0/base_footprint/sensor/contact_sensor/contact@ros_gz_interfaces/msg/Contacts[ignition.msgs.Contacts /robot_1/cmd_vel@geometry_msgs/msg/Twist]ignition.msgs.Twist /robot_1/odom@nav_msgs/msg/Odometry[ignition.msgs.Odometry /robot_1/depth_camera/depth_image@sensor_msgs/msg/Image[ignition.msgs.Image /world/random_world/model/robot_1/link/robot_1/base_footprint/sensor/contact_sensor/contact@ros_gz_interfaces/msg/Contacts[ignition.msgs.Contacts /robot_2/cmd_vel@geometry_msgs/msg/Twist]ignition.msgs.Twist /robot_2/odom@nav_msgs/msg/Odometry[ignition.msgs.Odometry /robot_2/depth_camera/depth_image@sensor_msgs/msg/Image[ignition.msgs.Image /world/random_world/model/robot_2/link/robot_2/base_footprint/sensor/contact_sensor/contact@ros_gz_interfaces/msg/Contacts[ignition.msgs.Contacts /robot_3/cmd_vel@geometry_msgs/msg/Twist]ignition.msgs.Twist /robot_3/odom@nav_msgs/msg/Odometry[ignition.msgs.Odometry /robot_3/depth_camera/depth_image@sensor_msgs/msg/Image[ignition.msgs.Image /world/random_world/model/robot_3/link/robot_3/base_footprint/sensor/contact_sensor/contact@ros_gz_interfaces/msg/Contacts[ignition.msgs.Contacts /robot_4/cmd_vel@geometry_msgs/msg/Twist]ignition.msgs.Twist /robot_4/odom@nav_msgs/msg/Odometry[ignition.msgs.Odometry /robot_4/depth_camera/depth_image@sensor_msgs/msg/Image[ignition.msgs.Image /world/random_world/model/robot_4/link/robot_4/base_footprint/sensor/contact_sensor/contact@ros_gz_interfaces/msg/Contacts[ignition.msgs.Contacts /world/random_world/dynamic_pose/info@tf2_msgs/msg/TFMessage[ignition.msgs.Pose_V --ros-args -r __node:=all_robots_bridge --params-file /tmp/launch_params_aq_uoox_'].
[INFO] [parameter_bridge-20]: process has finished cleanly [pid 578960]
[INFO] [image_processor-24]: sending signal 'SIGINT' to process[image_processor-24]
[INFO] [bash-26]: process started with pid [579529]
[INFO] [image_processor-23]: sending signal 'SIGINT' to process[image_processor-23]
[INFO] [image_processor-22]: sending signal 'SIGINT' to process[image_processor-22]
[INFO] [image_processor-21]: sending signal 'SIGINT' to process[image_processor-21]
[INFO] [robot_supervisor-19]: sending signal 'SIGINT' to process[robot_supervisor-19]
[INFO] [robot_state_publisher-17]: sending signal 'SIGINT' to process[robot_state_publisher-17]
[INFO] [robot_supervisor-16]: sending signal 'SIGINT' to process[robot_supervisor-16]
[INFO] [robot_state_publisher-14]: sending signal 'SIGINT' to process[robot_state_publisher-14]
[INFO] [robot_supervisor-13]: sending signal 'SIGINT' to process[robot_supervisor-13]
[INFO] [robot_state_publisher-11]: sending signal 'SIGINT' to process[robot_state_publisher-11]
[ERROR] [bash-26]: process has died [pid 579529, exit code -15, cmd 'bash -lc pkill -f parameter_bridge || true'].
[INFO] [robot_supervisor-10]: sending signal 'SIGINT' to process[robot_supervisor-10]
[INFO] [robot_state_publisher-8]: sending signal 'SIGINT' to process[robot_state_publisher-8]
[INFO] [robot_supervisor-7]: sending signal 'SIGINT' to process[robot_supervisor-7]
[INFO] [robot_state_publisher-5]: sending signal 'SIGINT' to process[robot_state_publisher-5]
[INFO] [bump_counter-3]: sending signal 'SIGINT' to process[bump_counter-3]
[INFO] [coverage_counter-2]: sending signal 'SIGINT' to process[coverage_counter-2]
[parameter_bridge-20] [INFO] [1776689260.985492684] [rclcpp]: signal_handler(SIGINT/SIGTERM)
[parameter_bridge-4] [INFO] [1776689260.985604033] [rclcpp]: signal_handler(SIGINT/SIGTERM)
[INFO] [launch]: process[ign gazebo-1] was required: shutting down launched system
[image_processor-25] [INFO] [1776689261.671771876] [rclcpp]: signal_handler(SIGINT/SIGTERM)
[image_processor-24] [INFO] [1776689261.676414431] [rclcpp]: signal_handler(SIGINT/SIGTERM)
[image_processor-23] [INFO] [1776689261.678608063] [rclcpp]: signal_handler(SIGINT/SIGTERM)
[image_processor-22] [INFO] [1776689261.680864479] [rclcpp]: signal_handler(SIGINT/SIGTERM)
[image_processor-21] [INFO] [1776689261.683065171] [rclcpp]: signal_handler(SIGINT/SIGTERM)
[robot_supervisor-19] Traceback (most recent call last):
[robot_supervisor-19]   File "/home/ecem/ros2_ws/install/swarm_basics/lib/swarm_basics/robot_supervisor", line 33, in <module>
[robot_supervisor-19]     sys.exit(load_entry_point('swarm-basics==0.0.0', 'console_scripts', 'robot_supervisor')())
[robot_supervisor-19]   File "/home/ecem/ros2_ws/install/swarm_basics/lib/python3.10/site-packages/swarm_basics/robot_supervisor.py", line 867, in main
[robot_supervisor-19]     rclpy.spin(node)
[robot_supervisor-19]   File "/opt/ros/humble/local/lib/python3.10/dist-packages/rclpy/__init__.py", line 229, in spin
[robot_supervisor-19]     executor.spin_once()
[robot_supervisor-19]   File "/opt/ros/humble/local/lib/python3.10/dist-packages/rclpy/executors.py", line 773, in spin_once
[robot_supervisor-19]     self._spin_once_impl(timeout_sec)
[robot_supervisor-19]   File "/opt/ros/humble/local/lib/python3.10/dist-packages/rclpy/executors.py", line 762, in _spin_once_impl
[robot_supervisor-19]     handler, entity, node = self.wait_for_ready_callbacks(timeout_sec=timeout_sec)
[robot_supervisor-19]   File "/opt/ros/humble/local/lib/python3.10/dist-packages/rclpy/executors.py", line 745, in wait_for_ready_callbacks
[robot_supervisor-19]     return next(self._cb_iter)
[robot_supervisor-19]   File "/opt/ros/humble/local/lib/python3.10/dist-packages/rclpy/executors.py", line 642, in _wait_for_ready_callbacks
[robot_supervisor-19]     wait_set.wait(timeout_nsec)
[robot_supervisor-19] KeyboardInterrupt
[robot_state_publisher-17] [INFO] [1776689261.689695856] [rclcpp]: signal_handler(SIGINT/SIGTERM)
[robot_supervisor-16] Traceback (most recent call last):
[robot_supervisor-16]   File "/home/ecem/ros2_ws/install/swarm_basics/lib/swarm_basics/robot_supervisor", line 33, in <module>
[robot_supervisor-16]     sys.exit(load_entry_point('swarm-basics==0.0.0', 'console_scripts', 'robot_supervisor')())
[robot_supervisor-16]   File "/home/ecem/ros2_ws/install/swarm_basics/lib/python3.10/site-packages/swarm_basics/robot_supervisor.py", line 867, in main
[robot_supervisor-16]     rclpy.spin(node)
[robot_supervisor-16]   File "/opt/ros/humble/local/lib/python3.10/dist-packages/rclpy/__init__.py", line 229, in spin
[robot_supervisor-16]     executor.spin_once()
[robot_supervisor-16]   File "/opt/ros/humble/local/lib/python3.10/dist-packages/rclpy/executors.py", line 773, in spin_once
[robot_supervisor-16]     self._spin_once_impl(timeout_sec)
[robot_supervisor-16]   File "/opt/ros/humble/local/lib/python3.10/dist-packages/rclpy/executors.py", line 762, in _spin_once_impl
[robot_supervisor-16]     handler, entity, node = self.wait_for_ready_callbacks(timeout_sec=timeout_sec)
[robot_supervisor-16]   File "/opt/ros/humble/local/lib/python3.10/dist-packages/rclpy/executors.py", line 745, in wait_for_ready_callbacks
[robot_supervisor-16]     return next(self._cb_iter)
[robot_supervisor-16]   File "/opt/ros/humble/local/lib/python3.10/dist-packages/rclpy/executors.py", line 642, in _wait_for_ready_callbacks
[robot_supervisor-16]     wait_set.wait(timeout_nsec)
[robot_supervisor-16] KeyboardInterrupt
[robot_state_publisher-14] [INFO] [1776689261.696521644] [rclcpp]: signal_handler(SIGINT/SIGTERM)
[robot_supervisor-13] Traceback (most recent call last):
[robot_supervisor-13]   File "/home/ecem/ros2_ws/install/swarm_basics/lib/swarm_basics/robot_supervisor", line 33, in <module>
[robot_supervisor-13]     sys.exit(load_entry_point('swarm-basics==0.0.0', 'console_scripts', 'robot_supervisor')())
[robot_supervisor-13]   File "/home/ecem/ros2_ws/install/swarm_basics/lib/python3.10/site-packages/swarm_basics/robot_supervisor.py", line 867, in main
[robot_supervisor-13]     rclpy.spin(node)
[robot_supervisor-13]   File "/opt/ros/humble/local/lib/python3.10/dist-packages/rclpy/__init__.py", line 229, in spin
[robot_supervisor-13]     executor.spin_once()
[robot_supervisor-13]   File "/opt/ros/humble/local/lib/python3.10/dist-packages/rclpy/executors.py", line 773, in spin_once
[robot_supervisor-13]     self._spin_once_impl(timeout_sec)
[robot_supervisor-13]   File "/opt/ros/humble/local/lib/python3.10/dist-packages/rclpy/executors.py", line 762, in _spin_once_impl
[robot_supervisor-13]     handler, entity, node = self.wait_for_ready_callbacks(timeout_sec=timeout_sec)
[robot_supervisor-13]   File "/opt/ros/humble/local/lib/python3.10/dist-packages/rclpy/executors.py", line 745, in wait_for_ready_callbacks
[robot_supervisor-13]     return next(self._cb_iter)
[robot_supervisor-13]   File "/opt/ros/humble/local/lib/python3.10/dist-packages/rclpy/executors.py", line 642, in _wait_for_ready_callbacks
[robot_supervisor-13]     wait_set.wait(timeout_nsec)
[robot_supervisor-13] KeyboardInterrupt
[robot_state_publisher-11] [INFO] [1776689261.703800902] [rclcpp]: signal_handler(SIGINT/SIGTERM)
[robot_supervisor-10] Traceback (most recent call last):
[robot_supervisor-10]   File "/home/ecem/ros2_ws/install/swarm_basics/lib/swarm_basics/robot_supervisor", line 33, in <module>
[robot_supervisor-10]     sys.exit(load_entry_point('swarm-basics==0.0.0', 'console_scripts', 'robot_supervisor')())
[robot_supervisor-10]   File "/home/ecem/ros2_ws/install/swarm_basics/lib/python3.10/site-packages/swarm_basics/robot_supervisor.py", line 867, in main
[robot_supervisor-10]     rclpy.spin(node)
[robot_supervisor-10]   File "/opt/ros/humble/local/lib/python3.10/dist-packages/rclpy/__init__.py", line 229, in spin
[robot_supervisor-10]     executor.spin_once()
[robot_supervisor-10]   File "/opt/ros/humble/local/lib/python3.10/dist-packages/rclpy/executors.py", line 773, in spin_once
[robot_supervisor-10]     self._spin_once_impl(timeout_sec)
[robot_supervisor-10]   File "/opt/ros/humble/local/lib/python3.10/dist-packages/rclpy/executors.py", line 762, in _spin_once_impl
[robot_supervisor-10]     handler, entity, node = self.wait_for_ready_callbacks(timeout_sec=timeout_sec)
[robot_supervisor-10]   File "/opt/ros/humble/local/lib/python3.10/dist-packages/rclpy/executors.py", line 745, in wait_for_ready_callbacks
[robot_supervisor-10]     return next(self._cb_iter)
[robot_supervisor-10]   File "/opt/ros/humble/local/lib/python3.10/dist-packages/rclpy/executors.py", line 642, in _wait_for_ready_callbacks
[robot_supervisor-10]     wait_set.wait(timeout_nsec)
[robot_supervisor-10] KeyboardInterrupt
[robot_state_publisher-8] [INFO] [1776689261.708621243] [rclcpp]: signal_handler(SIGINT/SIGTERM)
[robot_supervisor-7] Traceback (most recent call last):
[robot_supervisor-7]   File "/home/ecem/ros2_ws/install/swarm_basics/lib/swarm_basics/robot_supervisor", line 33, in <module>
[robot_supervisor-7]     sys.exit(load_entry_point('swarm-basics==0.0.0', 'console_scripts', 'robot_supervisor')())
[robot_supervisor-7]   File "/home/ecem/ros2_ws/install/swarm_basics/lib/python3.10/site-packages/swarm_basics/robot_supervisor.py", line 867, in main
[robot_supervisor-7]     rclpy.spin(node)
[robot_supervisor-7]   File "/opt/ros/humble/local/lib/python3.10/dist-packages/rclpy/__init__.py", line 229, in spin
[robot_supervisor-7]     executor.spin_once()
[robot_supervisor-7]   File "/opt/ros/humble/local/lib/python3.10/dist-packages/rclpy/executors.py", line 773, in spin_once
[robot_supervisor-7]     self._spin_once_impl(timeout_sec)
[robot_supervisor-7]   File "/opt/ros/humble/local/lib/python3.10/dist-packages/rclpy/executors.py", line 762, in _spin_once_impl
[robot_supervisor-7]     handler, entity, node = self.wait_for_ready_callbacks(timeout_sec=timeout_sec)
[robot_supervisor-7]   File "/opt/ros/humble/local/lib/python3.10/dist-packages/rclpy/executors.py", line 745, in wait_for_ready_callbacks
[robot_supervisor-7]     return next(self._cb_iter)
[robot_supervisor-7]   File "/opt/ros/humble/local/lib/python3.10/dist-packages/rclpy/executors.py", line 642, in _wait_for_ready_callbacks
[robot_supervisor-7]     wait_set.wait(timeout_nsec)
[robot_supervisor-7] KeyboardInterrupt
[robot_state_publisher-5] [INFO] [1776689261.713305722] [rclcpp]: signal_handler(SIGINT/SIGTERM)
[ERROR] [launch]: Caught exception in launch (see debug for traceback): ExecuteLocal action 'bash-27': executed more than once: <launch.actions.execute_process.ExecuteProcess object at 0x7d0dc1dfd240>
[INFO] [image_processor-24]: process has finished cleanly [pid 579280]
[INFO] [image_processor-25]: process has finished cleanly [pid 579282]
[INFO] [image_processor-22]: process has finished cleanly [pid 579276]
[INFO] [image_processor-21]: process has finished cleanly [pid 579274]
[INFO] [image_processor-23]: process has finished cleanly [pid 579278]
[INFO] [robot_state_publisher-17]: process has finished cleanly [pid 578908]
[INFO] [robot_state_publisher-14]: process has finished cleanly [pid 578900]
[INFO] [robot_state_publisher-11]: process has finished cleanly [pid 578894]
[INFO] [robot_state_publisher-8]: process has finished cleanly [pid 578888]
[INFO] [robot_state_publisher-5]: process has finished cleanly [pid 578880]
[coverage_counter-2] Traceback (most recent call last):
[coverage_counter-2]   File "/home/ecem/ros2_ws/install/swarm_basics/lib/python3.10/site-packages/swarm_basics/coverage_counter.py", line 418, in main
[coverage_counter-2]     rclpy.spin(node)
[coverage_counter-2]   File "/opt/ros/humble/local/lib/python3.10/dist-packages/rclpy/__init__.py", line 229, in spin
[coverage_counter-2]     executor.spin_once()
[coverage_counter-2]   File "/opt/ros/humble/local/lib/python3.10/dist-packages/rclpy/executors.py", line 773, in spin_once
[coverage_counter-2]     self._spin_once_impl(timeout_sec)
[coverage_counter-2]   File "/opt/ros/humble/local/lib/python3.10/dist-packages/rclpy/executors.py", line 768, in _spin_once_impl
[coverage_counter-2]     handler()
[coverage_counter-2]   File "/opt/ros/humble/local/lib/python3.10/dist-packages/rclpy/task.py", line 254, in __call__
[coverage_counter-2]     self._handler.send(None)
[coverage_counter-2]   File "/opt/ros/humble/local/lib/python3.10/dist-packages/rclpy/executors.py", line 463, in handler
[coverage_counter-2]     await call_coroutine(entity, arg)
[coverage_counter-2]   File "/opt/ros/humble/local/lib/python3.10/dist-packages/rclpy/executors.py", line 371, in _execute_timer
[coverage_counter-2]     await await_or_execute(tmr.callback)
[coverage_counter-2]   File "/opt/ros/humble/local/lib/python3.10/dist-packages/rclpy/executors.py", line 107, in await_or_execute
[coverage_counter-2]     return callback(*args)
[coverage_counter-2]   File "/home/ecem/ros2_ws/install/swarm_basics/lib/python3.10/site-packages/swarm_basics/coverage_counter.py", line 152, in _on_timeout_timer
[coverage_counter-2]     self.shutdown_and_save()
[coverage_counter-2]   File "/home/ecem/ros2_ws/install/swarm_basics/lib/python3.10/site-packages/swarm_basics/coverage_counter.py", line 174, in shutdown_and_save
[coverage_counter-2]     rclpy.shutdown()
[coverage_counter-2]   File "/opt/ros/humble/local/lib/python3.10/dist-packages/rclpy/__init__.py", line 130, in shutdown
[coverage_counter-2]     _shutdown(context=context)
[coverage_counter-2]   File "/opt/ros/humble/local/lib/python3.10/dist-packages/rclpy/utilities.py", line 58, in shutdown
[coverage_counter-2]     return context.shutdown()
[coverage_counter-2]   File "/opt/ros/humble/local/lib/python3.10/dist-packages/rclpy/context.py", line 103, in shutdown
[coverage_counter-2]     self._call_on_shutdown_callbacks()
[coverage_counter-2]   File "/opt/ros/humble/local/lib/python3.10/dist-packages/rclpy/context.py", line 92, in _call_on_shutdown_callbacks
[coverage_counter-2]     callback = weak_method()
[coverage_counter-2]   File "/opt/ros/humble/local/lib/python3.10/dist-packages/rclpy/__init__.py", line 111, in reset_executor
[coverage_counter-2]     __executor.shutdown()
[coverage_counter-2]   File "/opt/ros/humble/local/lib/python3.10/dist-packages/rclpy/executors.py", line 227, in shutdown
[coverage_counter-2]     if not self._work_tracker.wait(timeout_sec):
[coverage_counter-2]   File "/opt/ros/humble/local/lib/python3.10/dist-packages/rclpy/executors.py", line 94, in wait
[coverage_counter-2]     if not self._work_condition.wait_for(
[coverage_counter-2]   File "/usr/lib/python3.10/threading.py", line 355, in wait_for
[coverage_counter-2]     self.wait(waittime)
[coverage_counter-2]   File "/usr/lib/python3.10/threading.py", line 320, in wait
[coverage_counter-2]     waiter.acquire()
[coverage_counter-2] KeyboardInterrupt
[coverage_counter-2] 
[coverage_counter-2] During handling of the above exception, another exception occurred:
[coverage_counter-2] 
[coverage_counter-2] Traceback (most recent call last):
[coverage_counter-2]   File "/home/ecem/ros2_ws/install/swarm_basics/lib/swarm_basics/coverage_counter", line 33, in <module>
[coverage_counter-2]     sys.exit(load_entry_point('swarm-basics==0.0.0', 'console_scripts', 'coverage_counter')())
[coverage_counter-2]   File "/home/ecem/ros2_ws/install/swarm_basics/lib/python3.10/site-packages/swarm_basics/coverage_counter.py", line 421, in main
[coverage_counter-2]     node.shutdown_and_save()
[coverage_counter-2]   File "/home/ecem/ros2_ws/install/swarm_basics/lib/python3.10/site-packages/swarm_basics/coverage_counter.py", line 174, in shutdown_and_save
[coverage_counter-2]     rclpy.shutdown()
[coverage_counter-2]   File "/opt/ros/humble/local/lib/python3.10/dist-packages/rclpy/__init__.py", line 130, in shutdown
[coverage_counter-2]     _shutdown(context=context)
[coverage_counter-2]   File "/opt/ros/humble/local/lib/python3.10/dist-packages/rclpy/utilities.py", line 58, in shutdown
[coverage_counter-2]     return context.shutdown()
[coverage_counter-2]   File "/opt/ros/humble/local/lib/python3.10/dist-packages/rclpy/context.py", line 100, in shutdown
[coverage_counter-2]     raise RuntimeError('Context must be initialized before it can be shutdown')
[coverage_counter-2] RuntimeError: Context must be initialized before it can be shutdown
[bump_counter-3] Traceback (most recent call last):
[bump_counter-3]   File "/home/ecem/ros2_ws/install/swarm_basics/lib/swarm_basics/bump_counter", line 33, in <module>
[bump_counter-3]     sys.exit(load_entry_point('swarm-basics==0.0.0', 'console_scripts', 'bump_counter')())
[bump_counter-3]   File "/home/ecem/ros2_ws/install/swarm_basics/lib/python3.10/site-packages/swarm_basics/bump_counter.py", line 384, in main
[bump_counter-3]     rclpy.shutdown()
[bump_counter-3]   File "/opt/ros/humble/local/lib/python3.10/dist-packages/rclpy/__init__.py", line 130, in shutdown
[bump_counter-3]     _shutdown(context=context)
[bump_counter-3]   File "/opt/ros/humble/local/lib/python3.10/dist-packages/rclpy/utilities.py", line 58, in shutdown
[bump_counter-3]     return context.shutdown()
[bump_counter-3]   File "/opt/ros/humble/local/lib/python3.10/dist-packages/rclpy/context.py", line 102, in shutdown
[bump_counter-3]     self.__context.shutdown()
[bump_counter-3] rclpy._rclpy_pybind11.RCLError: failed to shutdown: rcl_shutdown already called on the given context, at ./src/rcl/init.c:241
[ERROR] [coverage_counter-2]: process has died [pid 578873, exit code 1, cmd '/home/ecem/ros2_ws/install/swarm_basics/lib/swarm_basics/coverage_counter --ros-args -r __node:=coverage_counter --params-file /tmp/launch_params_wlmq8y2q --params-file /tmp/launch_params_ln_ebkxm --params-file /tmp/launch_params_vbv9kea4 --params-file /tmp/launch_params_g78sd_pt --params-file /tmp/launch_params_x6j3e_zn --params-file /tmp/launch_params_apxh6tbf'].
[ERROR] [bump_counter-3]: process has died [pid 578876, exit code 1, cmd '/home/ecem/ros2_ws/install/swarm_basics/lib/swarm_basics/bump_counter --ros-args -r __node:=bump_counter --params-file /tmp/launch_params_x7_n_3ha --params-file /tmp/launch_params_ksjtpo58 --params-file /tmp/launch_params_vyhw79uw'].
[ERROR] [robot_supervisor-19]: process has died [pid 578958, exit code -2, cmd '/home/ecem/ros2_ws/install/swarm_basics/lib/swarm_basics/robot_supervisor --ros-args -r __node:=robot_supervisor -r __ns:=/robot_4 --params-file /tmp/launch_params_3_5hraqv --params-file /tmp/launch_params_of2y7qoz --params-file /tmp/launch_params_nfcbgdmc --params-file /tmp/launch_params_jzqtrx2k'].
[ERROR] [robot_supervisor-16]: process has died [pid 578905, exit code -2, cmd '/home/ecem/ros2_ws/install/swarm_basics/lib/swarm_basics/robot_supervisor --ros-args -r __node:=robot_supervisor -r __ns:=/robot_3 --params-file /tmp/launch_params_to_2qp8r --params-file /tmp/launch_params_v9p7a0w3 --params-file /tmp/launch_params_0qhrp12i --params-file /tmp/launch_params_jthrmlv0'].
[ERROR] [robot_supervisor-13]: process has died [pid 578898, exit code -2, cmd '/home/ecem/ros2_ws/install/swarm_basics/lib/swarm_basics/robot_supervisor --ros-args -r __node:=robot_supervisor -r __ns:=/robot_2 --params-file /tmp/launch_params_j9c85jdv --params-file /tmp/launch_params_3qi0sly1 --params-file /tmp/launch_params_d_yvll2u --params-file /tmp/launch_params_o990bdj0'].
[ERROR] [robot_supervisor-10]: process has died [pid 578892, exit code -2, cmd '/home/ecem/ros2_ws/install/swarm_basics/lib/swarm_basics/robot_supervisor --ros-args -r __node:=robot_supervisor -r __ns:=/robot_1 --params-file /tmp/launch_params_09nvxeuh --params-file /tmp/launch_params_1unx4nk8 --params-file /tmp/launch_params_x1rsb9io --params-file /tmp/launch_params_2jixq7kd'].
[ERROR] [robot_supervisor-7]: process has died [pid 578886, exit code -2, cmd '/home/ecem/ros2_ws/install/swarm_basics/lib/swarm_basics/robot_supervisor --ros-args -r __node:=robot_supervisor -r __ns:=/robot_0 --params-file /tmp/launch_params_x2zcqykj --params-file /tmp/launch_params_xt7y3vfp --params-file /tmp/launch_params_o3dydlcm --params-file /tmp/launch_params_8xackdxn'].
