[ 50%] Building CXX object CMakeFiles/image_processor_rgb.dir/src/image_processor_rgb.cpp.o
[100%] Linking CXX executable image_processor_rgb
[100%] Built target image_processor_rgb
-- Install configuration: ""
-- Installing: /home/ecem/ros2_real_ws/src/Leo_sct_real/Leo_sct/install/leo_image/lib/leo_image/image_processor_rgb
-- Set runtime path of "/home/ecem/ros2_real_ws/src/Leo_sct_real/Leo_sct/install/leo_image/lib/leo_image/image_processor_rgb" to ""
-- Up-to-date: /home/ecem/ros2_real_ws/src/Leo_sct_real/Leo_sct/install/leo_image/share/ament_index/resource_index/package_run_dependencies/leo_image
-- Up-to-date: /home/ecem/ros2_real_ws/src/Leo_sct_real/Leo_sct/install/leo_image/share/ament_index/resource_index/parent_prefix_path/leo_image
-- Up-to-date: /home/ecem/ros2_real_ws/src/Leo_sct_real/Leo_sct/install/leo_image/share/leo_image/environment/ament_prefix_path.sh
-- Up-to-date: /home/ecem/ros2_real_ws/src/Leo_sct_real/Leo_sct/install/leo_image/share/leo_image/environment/ament_prefix_path.dsv
-- Up-to-date: /home/ecem/ros2_real_ws/src/Leo_sct_real/Leo_sct/install/leo_image/share/leo_image/environment/path.sh
-- Up-to-date: /home/ecem/ros2_real_ws/src/Leo_sct_real/Leo_sct/install/leo_image/share/leo_image/environment/path.dsv
-- Up-to-date: /home/ecem/ros2_real_ws/src/Leo_sct_real/Leo_sct/install/leo_image/share/leo_image/local_setup.bash
-- Up-to-date: /home/ecem/ros2_real_ws/src/Leo_sct_real/Leo_sct/install/leo_image/share/leo_image/local_setup.sh
-- Up-to-date: /home/ecem/ros2_real_ws/src/Leo_sct_real/Leo_sct/install/leo_image/share/leo_image/local_setup.zsh
-- Up-to-date: /home/ecem/ros2_real_ws/src/Leo_sct_real/Leo_sct/install/leo_image/share/leo_image/local_setup.dsv
-- Installing: /home/ecem/ros2_real_ws/src/Leo_sct_real/Leo_sct/install/leo_image/share/leo_image/package.dsv
-- Up-to-date: /home/ecem/ros2_real_ws/src/Leo_sct_real/Leo_sct/install/leo_image/share/ament_index/resource_index/packages/leo_image
-- Up-to-date: /home/ecem/ros2_real_ws/src/Leo_sct_real/Leo_sct/install/leo_image/share/leo_image/cmake/leo_imageConfig.cmake
-- Up-to-date: /home/ecem/ros2_real_ws/src/Leo_sct_real/Leo_sct/install/leo_image/share/leo_image/cmake/leo_imageConfig-version.cmake
-- Up-to-date: /home/ecem/ros2_real_ws/src/Leo_sct_real/Leo_sct/install/leo_image/share/leo_image/package.xml
