[0.478s] Invoking command in '/home/ecem/ros2_real_ws/src/Leo_sct_real/Leo_sct/leo_real': PYTHONPATH=/home/ecem/ros2_real_ws/src/Leo_sct_real/Leo_sct/build/leo_real/prefix_override:/usr/lib/python3/dist-packages/colcon_core/task/python/colcon_distutils_commands:/home/ecem/ros2_real_ws/src/Leo_sct_real/Leo_sct/install/leo_real/lib/python3.10/site-packages:${PYTHONPATH} /usr/bin/python3 -W ignore:setup.py install is deprecated -W ignore:easy_install command is deprecated setup.py egg_info --egg-base ../build/leo_real build --build-base /home/ecem/ros2_real_ws/src/Leo_sct_real/Leo_sct/build/leo_real/build install --record /home/ecem/ros2_real_ws/src/Leo_sct_real/Leo_sct/build/leo_real/install.log --single-version-externally-managed install_data
[0.646s] running egg_info
[0.646s] writing ../build/leo_real/leo_real.egg-info/PKG-INFO
[0.647s] writing dependency_links to ../build/leo_real/leo_real.egg-info/dependency_links.txt
[0.647s] writing entry points to ../build/leo_real/leo_real.egg-info/entry_points.txt
[0.647s] writing requirements to ../build/leo_real/leo_real.egg-info/requires.txt
[0.647s] writing top-level names to ../build/leo_real/leo_real.egg-info/top_level.txt
[0.648s] reading manifest file '../build/leo_real/leo_real.egg-info/SOURCES.txt'
[0.648s] writing manifest file '../build/leo_real/leo_real.egg-info/SOURCES.txt'
[0.649s] running build
[0.649s] running build_py
[0.649s] copying leo_real/robot_supervisor_rgb.py -> /home/ecem/ros2_real_ws/src/Leo_sct_real/Leo_sct/build/leo_real/build/lib/leo_real
[0.649s] running install
[0.649s] running install_lib
[0.649s] copying /home/ecem/ros2_real_ws/src/Leo_sct_real/Leo_sct/build/leo_real/build/lib/leo_real/robot_supervisor_rgb.py -> /home/ecem/ros2_real_ws/src/Leo_sct_real/Leo_sct/install/leo_real/lib/python3.10/site-packages/leo_real
[0.650s] byte-compiling /home/ecem/ros2_real_ws/src/Leo_sct_real/Leo_sct/install/leo_real/lib/python3.10/site-packages/leo_real/robot_supervisor_rgb.py to robot_supervisor_rgb.cpython-310.pyc
[0.653s] running install_data
[0.653s] copying config/real_camera.yaml -> /home/ecem/ros2_real_ws/src/Leo_sct_real/Leo_sct/install/leo_real/share/leo_real/config
[0.653s] running install_egg_info
[0.654s] removing '/home/ecem/ros2_real_ws/src/Leo_sct_real/Leo_sct/install/leo_real/lib/python3.10/site-packages/leo_real-0.0.0-py3.10.egg-info' (and everything under it)
[0.655s] Copying ../build/leo_real/leo_real.egg-info to /home/ecem/ros2_real_ws/src/Leo_sct_real/Leo_sct/install/leo_real/lib/python3.10/site-packages/leo_real-0.0.0-py3.10.egg-info
[0.655s] running install_scripts
[0.668s] Installing robot_supervisor script to /home/ecem/ros2_real_ws/src/Leo_sct_real/Leo_sct/install/leo_real/lib/leo_real
[0.668s] Installing robot_supervisor_rgb script to /home/ecem/ros2_real_ws/src/Leo_sct_real/Leo_sct/install/leo_real/lib/leo_real
[0.668s] writing list of installed files to '/home/ecem/ros2_real_ws/src/Leo_sct_real/Leo_sct/build/leo_real/install.log'
[0.684s] Invoked command in '/home/ecem/ros2_real_ws/src/Leo_sct_real/Leo_sct/leo_real' returned '0': PYTHONPATH=/home/ecem/ros2_real_ws/src/Leo_sct_real/Leo_sct/build/leo_real/prefix_override:/usr/lib/python3/dist-packages/colcon_core/task/python/colcon_distutils_commands:/home/ecem/ros2_real_ws/src/Leo_sct_real/Leo_sct/install/leo_real/lib/python3.10/site-packages:${PYTHONPATH} /usr/bin/python3 -W ignore:setup.py install is deprecated -W ignore:easy_install command is deprecated setup.py egg_info --egg-base ../build/leo_real build --build-base /home/ecem/ros2_real_ws/src/Leo_sct_real/Leo_sct/build/leo_real/build install --record /home/ecem/ros2_real_ws/src/Leo_sct_real/Leo_sct/build/leo_real/install.log --single-version-externally-managed install_data
