-- Found ament_cmake: 1.3.12 (/opt/ros/humble/share/ament_cmake/cmake)
-- Found Python3: /usr/bin/python3 (found version "3.10.12") found components: Interpreter 
-- Configuring done
-- Generating done
-- Build files have been written to: /home/ecem/ros2_ws/src/Leo_sct/build/leo_examples
-- Install configuration: ""
-- Installing: /home/ecem/ros2_ws/src/Leo_sct/install/leo_examples/share/ament_index/resource_index/package_run_dependencies/leo_examples
-- Installing: /home/ecem/ros2_ws/src/Leo_sct/install/leo_examples/share/ament_index/resource_index/parent_prefix_path/leo_examples
-- Installing: /home/ecem/ros2_ws/src/Leo_sct/install/leo_examples/share/leo_examples/environment/ament_prefix_path.sh
-- Installing: /home/ecem/ros2_ws/src/Leo_sct/install/leo_examples/share/leo_examples/environment/ament_prefix_path.dsv
-- Installing: /home/ecem/ros2_ws/src/Leo_sct/install/leo_examples/share/leo_examples/environment/path.sh
-- Installing: /home/ecem/ros2_ws/src/Leo_sct/install/leo_examples/share/leo_examples/environment/path.dsv
-- Installing: /home/ecem/ros2_ws/src/Leo_sct/install/leo_examples/share/leo_examples/local_setup.bash
-- Installing: /home/ecem/ros2_ws/src/Leo_sct/install/leo_examples/share/leo_examples/local_setup.sh
-- Installing: /home/ecem/ros2_ws/src/Leo_sct/install/leo_examples/share/leo_examples/local_setup.zsh
-- Installing: /home/ecem/ros2_ws/src/Leo_sct/install/leo_examples/share/leo_examples/local_setup.dsv
-- Installing: /home/ecem/ros2_ws/src/Leo_sct/install/leo_examples/share/leo_examples/package.dsv
-- Installing: /home/ecem/ros2_ws/src/Leo_sct/install/leo_examples/share/ament_index/resource_index/packages/leo_examples
-- Installing: /home/ecem/ros2_ws/src/Leo_sct/install/leo_examples/share/leo_examples/cmake/leo_examplesConfig.cmake
-- Installing: /home/ecem/ros2_ws/src/Leo_sct/install/leo_examples/share/leo_examples/cmake/leo_examplesConfig-version.cmake
-- Installing: /home/ecem/ros2_ws/src/Leo_sct/install/leo_examples/share/leo_examples/package.xml
