[INFO] [launch]: All log files can be found below /home/ecem/.ros/log/2026-04-21-15-56-42-777256-ecem-pc-313458
[INFO] [launch]: Default logging verbosity is set to INFO
[INFO] [ign gazebo-1]: process started with pid [313473]
[INFO] [coverage_counter-2]: process started with pid [313475]
[INFO] [bump_counter-3]: process started with pid [313478]
[INFO] [parameter_bridge-4]: process started with pid [313480]
[INFO] [robot_state_publisher-5]: process started with pid [313482]
[INFO] [create-6]: process started with pid [313484]
[INFO] [robot_supervisor-7]: process started with pid [313486]
[INFO] [robot_state_publisher-8]: process started with pid [313489]
[INFO] [create-9]: process started with pid [313491]
[INFO] [robot_supervisor-10]: process started with pid [313494]
[INFO] [robot_state_publisher-11]: process started with pid [313496]
[INFO] [create-12]: process started with pid [313498]
[INFO] [robot_supervisor-13]: process started with pid [313500]
[INFO] [robot_state_publisher-14]: process started with pid [313502]
[INFO] [create-15]: process started with pid [313504]
[INFO] [robot_supervisor-16]: process started with pid [313506]
[INFO] [robot_state_publisher-17]: process started with pid [313508]
[INFO] [create-18]: process started with pid [313518]
[INFO] [robot_supervisor-19]: process started with pid [313520]
[INFO] [parameter_bridge-20]: process started with pid [313522]
[parameter_bridge-4] [ros_ign_bridge] is deprecated! Redirecting to use [ros_gz_bridge] instead!
[parameter_bridge-4] 
[create-15] [INFO] [1776779803.224366631] [robot_3.ros_gz_sim]: Requesting list of world names.
[create-18] [INFO] [1776779803.224366295] [robot_4.ros_gz_sim]: Requesting list of world names.
[create-9] [INFO] [1776779803.229615393] [robot_1.ros_gz_sim]: Requesting list of world names.
[create-6] [INFO] [1776779803.232243255] [robot_0.ros_gz_sim]: Requesting list of world names.
[parameter_bridge-4] [INFO] [1776779803.234347461] [all_robots_bridge]: Creating ROS->GZ Bridge: [/robot_0/cmd_vel (geometry_msgs/msg/Twist) -> /robot_0/cmd_vel (ignition.msgs.Twist)] (Lazy 0)
[parameter_bridge-4] [INFO] [1776779803.235338855] [all_robots_bridge]: Creating GZ->ROS Bridge: [/robot_0/odom (ignition.msgs.Odometry) -> /robot_0/odom (nav_msgs/msg/Odometry)] (Lazy 0)
[create-12] [INFO] [1776779803.235384819] [robot_2.ros_gz_sim]: Requesting list of world names.
[parameter_bridge-20] [INFO] [1776779803.235721407] [clock_bridge]: Creating GZ->ROS Bridge: [/clock (ignition.msgs.Clock) -> /clock (rosgraph_msgs/msg/Clock)] (Lazy 0)
[parameter_bridge-4] [INFO] [1776779803.235972504] [all_robots_bridge]: Creating GZ->ROS Bridge: [/robot_0/depth_camera/depth_image (ignition.msgs.Image) -> /robot_0/depth_camera/depth_image (sensor_msgs/msg/Image)] (Lazy 0)
[parameter_bridge-4] [INFO] [1776779803.236587562] [all_robots_bridge]: Creating GZ->ROS Bridge: [/world/random_world/model/robot_0/link/robot_0/base_footprint/sensor/contact_sensor/contact (ignition.msgs.Contacts) -> /world/random_world/model/robot_0/link/robot_0/base_footprint/sensor/contact_sensor/contact (ros_gz_interfaces/msg/Contacts)] (Lazy 0)
[parameter_bridge-4] [INFO] [1776779803.237031814] [all_robots_bridge]: Creating ROS->GZ Bridge: [/robot_1/cmd_vel (geometry_msgs/msg/Twist) -> /robot_1/cmd_vel (ignition.msgs.Twist)] (Lazy 0)
[parameter_bridge-4] [INFO] [1776779803.237194329] [all_robots_bridge]: Creating GZ->ROS Bridge: [/robot_1/odom (ignition.msgs.Odometry) -> /robot_1/odom (nav_msgs/msg/Odometry)] (Lazy 0)
[parameter_bridge-4] [INFO] [1776779803.237348950] [all_robots_bridge]: Creating GZ->ROS Bridge: [/robot_1/depth_camera/depth_image (ignition.msgs.Image) -> /robot_1/depth_camera/depth_image (sensor_msgs/msg/Image)] (Lazy 0)
[parameter_bridge-4] [INFO] [1776779803.237499694] [all_robots_bridge]: Creating GZ->ROS Bridge: [/world/random_world/model/robot_1/link/robot_1/base_footprint/sensor/contact_sensor/contact (ignition.msgs.Contacts) -> /world/random_world/model/robot_1/link/robot_1/base_footprint/sensor/contact_sensor/contact (ros_gz_interfaces/msg/Contacts)] (Lazy 0)
[parameter_bridge-4] [INFO] [1776779803.237692804] [all_robots_bridge]: Creating ROS->GZ Bridge: [/robot_2/cmd_vel (geometry_msgs/msg/Twist) -> /robot_2/cmd_vel (ignition.msgs.Twist)] (Lazy 0)
[parameter_bridge-4] [INFO] [1776779803.237828198] [all_robots_bridge]: Creating GZ->ROS Bridge: [/robot_2/odom (ignition.msgs.Odometry) -> /robot_2/odom (nav_msgs/msg/Odometry)] (Lazy 0)
[parameter_bridge-4] [INFO] [1776779803.237972993] [all_robots_bridge]: Creating GZ->ROS Bridge: [/robot_2/depth_camera/depth_image (ignition.msgs.Image) -> /robot_2/depth_camera/depth_image (sensor_msgs/msg/Image)] (Lazy 0)
[parameter_bridge-4] [INFO] [1776779803.238107181] [all_robots_bridge]: Creating GZ->ROS Bridge: [/world/random_world/model/robot_2/link/robot_2/base_footprint/sensor/contact_sensor/contact (ignition.msgs.Contacts) -> /world/random_world/model/robot_2/link/robot_2/base_footprint/sensor/contact_sensor/contact (ros_gz_interfaces/msg/Contacts)] (Lazy 0)
[parameter_bridge-4] [INFO] [1776779803.238321472] [all_robots_bridge]: Creating ROS->GZ Bridge: [/robot_3/cmd_vel (geometry_msgs/msg/Twist) -> /robot_3/cmd_vel (ignition.msgs.Twist)] (Lazy 0)
[parameter_bridge-4] [INFO] [1776779803.239377636] [all_robots_bridge]: Creating GZ->ROS Bridge: [/robot_3/odom (ignition.msgs.Odometry) -> /robot_3/odom (nav_msgs/msg/Odometry)] (Lazy 0)
[parameter_bridge-4] [INFO] [1776779803.241685281] [all_robots_bridge]: Creating GZ->ROS Bridge: [/robot_3/depth_camera/depth_image (ignition.msgs.Image) -> /robot_3/depth_camera/depth_image (sensor_msgs/msg/Image)] (Lazy 0)
[parameter_bridge-4] [INFO] [1776779803.242789836] [all_robots_bridge]: Creating GZ->ROS Bridge: [/world/random_world/model/robot_3/link/robot_3/base_footprint/sensor/contact_sensor/contact (ignition.msgs.Contacts) -> /world/random_world/model/robot_3/link/robot_3/base_footprint/sensor/contact_sensor/contact (ros_gz_interfaces/msg/Contacts)] (Lazy 0)
[parameter_bridge-4] [INFO] [1776779803.243317626] [all_robots_bridge]: Creating ROS->GZ Bridge: [/robot_4/cmd_vel (geometry_msgs/msg/Twist) -> /robot_4/cmd_vel (ignition.msgs.Twist)] (Lazy 0)
[parameter_bridge-4] [INFO] [1776779803.243595042] [all_robots_bridge]: Creating GZ->ROS Bridge: [/robot_4/odom (ignition.msgs.Odometry) -> /robot_4/odom (nav_msgs/msg/Odometry)] (Lazy 0)
[parameter_bridge-4] [INFO] [1776779803.244447182] [all_robots_bridge]: Creating GZ->ROS Bridge: [/robot_4/depth_camera/depth_image (ignition.msgs.Image) -> /robot_4/depth_camera/depth_image (sensor_msgs/msg/Image)] (Lazy 0)
[parameter_bridge-4] [INFO] [1776779803.245449684] [all_robots_bridge]: Creating GZ->ROS Bridge: [/world/random_world/model/robot_4/link/robot_4/base_footprint/sensor/contact_sensor/contact (ignition.msgs.Contacts) -> /world/random_world/model/robot_4/link/robot_4/base_footprint/sensor/contact_sensor/contact (ros_gz_interfaces/msg/Contacts)] (Lazy 0)
[parameter_bridge-4] [INFO] [1776779803.246595064] [all_robots_bridge]: Creating GZ->ROS Bridge: [/world/random_world/dynamic_pose/info (ignition.msgs.Pose_V) -> /world/random_world/dynamic_pose/info (tf2_msgs/msg/TFMessage)] (Lazy 0)
[robot_state_publisher-11] [INFO] [1776779803.249578465] [robot_2.robot_state_publisher]: got segment robot_2/antenna_link
[robot_state_publisher-11] [INFO] [1776779803.249703375] [robot_2.robot_state_publisher]: got segment robot_2/base_footprint
[robot_state_publisher-11] [INFO] [1776779803.249717987] [robot_2.robot_state_publisher]: got segment robot_2/base_link
[robot_state_publisher-11] [INFO] [1776779803.249727472] [robot_2.robot_state_publisher]: got segment robot_2/realsense_link
[robot_state_publisher-11] [INFO] [1776779803.249735764] [robot_2.robot_state_publisher]: got segment robot_2/rocker_L_link
[robot_state_publisher-11] [INFO] [1776779803.249743598] [robot_2.robot_state_publisher]: got segment robot_2/rocker_R_link
[robot_state_publisher-11] [INFO] [1776779803.249751013] [robot_2.robot_state_publisher]: got segment robot_2/wheel_FL_link
[robot_state_publisher-11] [INFO] [1776779803.249758716] [robot_2.robot_state_publisher]: got segment robot_2/wheel_FR_link
[robot_state_publisher-11] [INFO] [1776779803.249765846] [robot_2.robot_state_publisher]: got segment robot_2/wheel_RL_link
[robot_state_publisher-11] [INFO] [1776779803.249773184] [robot_2.robot_state_publisher]: got segment robot_2/wheel_RR_link
[robot_state_publisher-14] [INFO] [1776779803.252860452] [robot_3.robot_state_publisher]: got segment robot_3/antenna_link
[robot_state_publisher-14] [INFO] [1776779803.252952816] [robot_3.robot_state_publisher]: got segment robot_3/base_footprint
[robot_state_publisher-14] [INFO] [1776779803.252962677] [robot_3.robot_state_publisher]: got segment robot_3/base_link
[robot_state_publisher-14] [INFO] [1776779803.252969200] [robot_3.robot_state_publisher]: got segment robot_3/realsense_link
[robot_state_publisher-14] [INFO] [1776779803.252975119] [robot_3.robot_state_publisher]: got segment robot_3/rocker_L_link
[robot_state_publisher-14] [INFO] [1776779803.252980700] [robot_3.robot_state_publisher]: got segment robot_3/rocker_R_link
[robot_state_publisher-14] [INFO] [1776779803.252986280] [robot_3.robot_state_publisher]: got segment robot_3/wheel_FL_link
[robot_state_publisher-14] [INFO] [1776779803.252992348] [robot_3.robot_state_publisher]: got segment robot_3/wheel_FR_link
[robot_state_publisher-14] [INFO] [1776779803.252998094] [robot_3.robot_state_publisher]: got segment robot_3/wheel_RL_link
[robot_state_publisher-14] [INFO] [1776779803.253003473] [robot_3.robot_state_publisher]: got segment robot_3/wheel_RR_link
[robot_state_publisher-5] [INFO] [1776779803.252979106] [robot_0.robot_state_publisher]: got segment robot_0/antenna_link
[robot_state_publisher-5] [INFO] [1776779803.253084356] [robot_0.robot_state_publisher]: got segment robot_0/base_footprint
[robot_state_publisher-5] [INFO] [1776779803.253098601] [robot_0.robot_state_publisher]: got segment robot_0/base_link
[robot_state_publisher-5] [INFO] [1776779803.253108348] [robot_0.robot_state_publisher]: got segment robot_0/realsense_link
[robot_state_publisher-5] [INFO] [1776779803.253116553] [robot_0.robot_state_publisher]: got segment robot_0/rocker_L_link
[robot_state_publisher-5] [INFO] [1776779803.253124253] [robot_0.robot_state_publisher]: got segment robot_0/rocker_R_link
[robot_state_publisher-5] [INFO] [1776779803.253151485] [robot_0.robot_state_publisher]: got segment robot_0/wheel_FL_link
[robot_state_publisher-5] [INFO] [1776779803.253161156] [robot_0.robot_state_publisher]: got segment robot_0/wheel_FR_link
[robot_state_publisher-5] [INFO] [1776779803.253168765] [robot_0.robot_state_publisher]: got segment robot_0/wheel_RL_link
[robot_state_publisher-5] [INFO] [1776779803.253176083] [robot_0.robot_state_publisher]: got segment robot_0/wheel_RR_link
[robot_state_publisher-8] [INFO] [1776779803.255964580] [robot_1.robot_state_publisher]: got segment robot_1/antenna_link
[robot_state_publisher-8] [INFO] [1776779803.256082868] [robot_1.robot_state_publisher]: got segment robot_1/base_footprint
[robot_state_publisher-8] [INFO] [1776779803.256097632] [robot_1.robot_state_publisher]: got segment robot_1/base_link
[robot_state_publisher-8] [INFO] [1776779803.256107434] [robot_1.robot_state_publisher]: got segment robot_1/realsense_link
[robot_state_publisher-8] [INFO] [1776779803.256115700] [robot_1.robot_state_publisher]: got segment robot_1/rocker_L_link
[robot_state_publisher-8] [INFO] [1776779803.256123387] [robot_1.robot_state_publisher]: got segment robot_1/rocker_R_link
[robot_state_publisher-8] [INFO] [1776779803.256130977] [robot_1.robot_state_publisher]: got segment robot_1/wheel_FL_link
[robot_state_publisher-8] [INFO] [1776779803.256138581] [robot_1.robot_state_publisher]: got segment robot_1/wheel_FR_link
[robot_state_publisher-8] [INFO] [1776779803.256145956] [robot_1.robot_state_publisher]: got segment robot_1/wheel_RL_link
[robot_state_publisher-8] [INFO] [1776779803.256153198] [robot_1.robot_state_publisher]: got segment robot_1/wheel_RR_link
[robot_state_publisher-17] [INFO] [1776779803.265725982] [robot_4.robot_state_publisher]: got segment robot_4/antenna_link
[robot_state_publisher-17] [INFO] [1776779803.265812391] [robot_4.robot_state_publisher]: got segment robot_4/base_footprint
[robot_state_publisher-17] [INFO] [1776779803.265818957] [robot_4.robot_state_publisher]: got segment robot_4/base_link
[robot_state_publisher-17] [INFO] [1776779803.265822549] [robot_4.robot_state_publisher]: got segment robot_4/realsense_link
[robot_state_publisher-17] [INFO] [1776779803.265825907] [robot_4.robot_state_publisher]: got segment robot_4/rocker_L_link
[robot_state_publisher-17] [INFO] [1776779803.265829199] [robot_4.robot_state_publisher]: got segment robot_4/rocker_R_link
[robot_state_publisher-17] [INFO] [1776779803.265832283] [robot_4.robot_state_publisher]: got segment robot_4/wheel_FL_link
[robot_state_publisher-17] [INFO] [1776779803.265835359] [robot_4.robot_state_publisher]: got segment robot_4/wheel_FR_link
[robot_state_publisher-17] [INFO] [1776779803.265838447] [robot_4.robot_state_publisher]: got segment robot_4/wheel_RL_link
[robot_state_publisher-17] [INFO] [1776779803.265841417] [robot_4.robot_state_publisher]: got segment robot_4/wheel_RR_link
[bump_counter-3] [INFO] [1776779803.548661769] [bump_counter]: [global] global_mode=True cooldown(robot)=0.80s cooldown(obs)=0.50s Logging to /home/ecem/ros2_ws/src/Leo_sct/results_exp/explore/medium/prompt_5/run_10/middle_circle/trial_2/run_20260421_155642/bumps_global_155643.csv
[robot_supervisor-13] [INFO] [1776779803.567214277] [robot_2.robot_supervisor]: Loaded initial mission 'explore' from explicit YAML explore_sup_gpt_medium_5_run_10_166.yaml
[robot_supervisor-16] [INFO] [1776779803.576584745] [robot_3.robot_supervisor]: Loaded initial mission 'explore' from explicit YAML explore_sup_gpt_medium_5_run_10_166.yaml
[robot_supervisor-10] [INFO] [1776779803.585470825] [robot_1.robot_supervisor]: Loaded initial mission 'explore' from explicit YAML explore_sup_gpt_medium_5_run_10_166.yaml
[robot_supervisor-7] [INFO] [1776779803.635461742] [robot_0.robot_supervisor]: Loaded initial mission 'explore' from explicit YAML explore_sup_gpt_medium_5_run_10_166.yaml
[robot_supervisor-19] [INFO] [1776779803.645090962] [robot_4.robot_supervisor]: Loaded initial mission 'explore' from explicit YAML explore_sup_gpt_medium_5_run_10_166.yaml
[parameter_bridge-4] [INFO] [1776779803.676502609] [all_robots_bridge]: Passing message from ROS geometry_msgs/msg/Twist to Gazebo gz.msgs.Twist (showing msg only once per type)
[create-12] [INFO] [1776779803.684950408] [robot_2.ros_gz_sim]: Waiting messages on topic [/robot_2/robot_description].
[create-9] [INFO] [1776779803.785193170] [robot_1.ros_gz_sim]: Waiting messages on topic [/robot_1/robot_description].
[create-18] [INFO] [1776779803.885519695] [robot_4.ros_gz_sim]: Waiting messages on topic [/robot_4/robot_description].
[create-6] [INFO] [1776779803.986000057] [robot_0.ros_gz_sim]: Waiting messages on topic [/robot_0/robot_description].
[create-12] [INFO] [1776779804.085304787] [robot_2.ros_gz_sim]: Requested creation of entity.
[create-12] [INFO] [1776779804.085363237] [robot_2.ros_gz_sim]: OK creation of entity.
[create-18] [INFO] [1776779804.085391100] [robot_4.ros_gz_sim]: Requested creation of entity.
[create-18] [INFO] [1776779804.085442429] [robot_4.ros_gz_sim]: OK creation of entity.
[create-6] [INFO] [1776779804.085454952] [robot_0.ros_gz_sim]: Requested creation of entity.
[create-6] [INFO] [1776779804.085524278] [robot_0.ros_gz_sim]: OK creation of entity.
[create-9] [INFO] [1776779804.085500299] [robot_1.ros_gz_sim]: Requested creation of entity.
[create-9] [INFO] [1776779804.085567752] [robot_1.ros_gz_sim]: OK creation of entity.
[create-15] [INFO] [1776779804.086094911] [robot_3.ros_gz_sim]: Waiting messages on topic [/robot_3/robot_description].
[create-15] [INFO] [1776779804.089570731] [robot_3.ros_gz_sim]: Requested creation of entity.
[create-15] [INFO] [1776779804.089612034] [robot_3.ros_gz_sim]: OK creation of entity.
[INFO] [create-18]: process has finished cleanly [pid 313518]
[INFO] [create-15]: process has finished cleanly [pid 313504]
[INFO] [create-9]: process has finished cleanly [pid 313491]
[INFO] [create-6]: process has finished cleanly [pid 313484]
[INFO] [create-12]: process has finished cleanly [pid 313498]
[bump_counter-3] [INFO] [1776779804.646484071] [bump_counter]: [global] subscribed: /world/random_world/model/robot_0/link/robot_0/base_footprint/sensor/contact_sensor/contact
[bump_counter-3] [INFO] [1776779804.646916715] [bump_counter]: [global] subscribed: /world/random_world/model/robot_1/link/robot_1/base_footprint/sensor/contact_sensor/contact
[bump_counter-3] [INFO] [1776779804.647278488] [bump_counter]: [global] subscribed: /world/random_world/model/robot_2/link/robot_2/base_footprint/sensor/contact_sensor/contact
[bump_counter-3] [INFO] [1776779804.647627982] [bump_counter]: [global] subscribed: /world/random_world/model/robot_3/link/robot_3/base_footprint/sensor/contact_sensor/contact
[bump_counter-3] [INFO] [1776779804.648068279] [bump_counter]: [global] subscribed: /world/random_world/model/robot_4/link/robot_4/base_footprint/sensor/contact_sensor/contact
[INFO] [image_processor-21]: process started with pid [313869]
[INFO] [image_processor-22]: process started with pid [313871]
[INFO] [image_processor-23]: process started with pid [313873]
[INFO] [image_processor-24]: process started with pid [313875]
[INFO] [image_processor-25]: process started with pid [313877]
[image_processor-21] [INFO] [1776779805.247135672] [robot_0.image_processor]: image_processor: depth='/robot_0/depth_camera/depth_image' aruco_runtime=disabled
[image_processor-22] [INFO] [1776779805.247490427] [robot_1.image_processor]: image_processor: depth='/robot_1/depth_camera/depth_image' aruco_runtime=disabled
[image_processor-24] [INFO] [1776779805.250048235] [robot_3.image_processor]: image_processor: depth='/robot_3/depth_camera/depth_image' aruco_runtime=disabled
[image_processor-23] [INFO] [1776779805.251078511] [robot_2.image_processor]: image_processor: depth='/robot_2/depth_camera/depth_image' aruco_runtime=disabled
[image_processor-25] [INFO] [1776779805.254407515] [robot_4.image_processor]: image_processor: depth='/robot_4/depth_camera/depth_image' aruco_runtime=disabled
[image_processor-23] [INFO] [1776779808.634916712] [robot_2.image_processor]: Zone=CLEAR  left[p=1.875 near=0 v=7650]  front[p=2.263 near=0 v=12349]  right[p=1.628 near=0 v=7740]
[image_processor-22] [INFO] [1776779808.642893984] [robot_1.image_processor]: Zone=CLEAR  left[p=3.007 near=0 v=7650]  front[p=3.426 near=0 v=13244]  right[p=2.532 near=0 v=7517]
[image_processor-25] [INFO] [1776779808.651159253] [robot_4.image_processor]: Zone=CLEAR  left[p=2.299 near=0 v=7157]  front[p=2.450 near=0 v=13239]  right[p=3.007 near=0 v=7740]
[image_processor-21] [INFO] [1776779808.660003053] [robot_0.image_processor]: Zone=CLEAR  left[p=1.026 near=0 v=7650]  front[p=1.493 near=0 v=13500]  right[p=2.221 near=0 v=7740]
[image_processor-24] [INFO] [1776779808.669699760] [robot_3.image_processor]: Zone=CLEAR  left[p=0.894 near=0 v=7620]  front[p=3.072 near=0 v=13297]  right[p=2.913 near=0 v=7740]
[image_processor-23] [INFO] [1776779811.133032495] [robot_2.image_processor]: Zone=CLEAR
[image_processor-22] [INFO] [1776779811.142326144] [robot_1.image_processor]: Zone=CLEAR
[image_processor-25] [INFO] [1776779811.154505168] [robot_4.image_processor]: Zone=CLEAR
[image_processor-21] [INFO] [1776779811.166839984] [robot_0.image_processor]: Zone=CLEAR
[image_processor-24] [INFO] [1776779811.175547454] [robot_3.image_processor]: Zone=CLEAR
[image_processor-23] [INFO] [1776779813.632936743] [robot_2.image_processor]: Zone=CLEAR
[image_processor-22] [INFO] [1776779813.641436736] [robot_1.image_processor]: Zone=CLEAR
[image_processor-25] [INFO] [1776779813.649865941] [robot_4.image_processor]: Zone=CLEAR
[image_processor-24] [INFO] [1776779813.667599434] [robot_3.image_processor]: Zone=CLEAR
[image_processor-21] [INFO] [1776779813.760798963] [robot_0.image_processor]: Zone=CLEAR
[image_processor-23] [INFO] [1776779816.133062273] [robot_2.image_processor]: Zone=CLEAR
[image_processor-22] [INFO] [1776779816.142560239] [robot_1.image_processor]: Zone=CLEAR
[image_processor-25] [INFO] [1776779816.151191382] [robot_4.image_processor]: Zone=CLEAR
[image_processor-21] [INFO] [1776779816.161996318] [robot_0.image_processor]: Zone=CLEAR
[image_processor-24] [INFO] [1776779816.169828080] [robot_3.image_processor]: Zone=CLEAR
[image_processor-23] [INFO] [1776779818.633682837] [robot_2.image_processor]: Zone=CLEAR
[image_processor-22] [INFO] [1776779818.642194157] [robot_1.image_processor]: Zone=CLEAR
[image_processor-25] [INFO] [1776779818.651012677] [robot_4.image_processor]: Zone=CLEAR
[image_processor-24] [INFO] [1776779818.666856799] [robot_3.image_processor]: Zone=CLEAR
[image_processor-21] [INFO] [1776779818.762744865] [robot_0.image_processor]: Zone=CLEAR
[image_processor-23] [INFO] [1776779821.135772220] [robot_2.image_processor]: Zone=CLEAR
[image_processor-22] [INFO] [1776779821.143761674] [robot_1.image_processor]: Zone=CLEAR
[image_processor-25] [INFO] [1776779821.152431835] [robot_4.image_processor]: Zone=CLEAR
[image_processor-21] [INFO] [1776779821.161918138] [robot_0.image_processor]: Zone=CLEAR
[image_processor-24] [INFO] [1776779821.171429514] [robot_3.image_processor]: Zone=CLEAR
[image_processor-23] [INFO] [1776779823.635122588] [robot_2.image_processor]: Zone=CLEAR
[image_processor-22] [INFO] [1776779823.642817701] [robot_1.image_processor]: Zone=CLEAR
[image_processor-24] [INFO] [1776779823.667993095] [robot_3.image_processor]: Zone=CLEAR
[image_processor-25] [INFO] [1776779823.751647871] [robot_4.image_processor]: Zone=CLEAR
[image_processor-21] [INFO] [1776779823.760157543] [robot_0.image_processor]: Zone=CLEAR
[image_processor-23] [INFO] [1776779826.134191332] [robot_2.image_processor]: Zone=CLEAR
[image_processor-22] [INFO] [1776779826.142207238] [robot_1.image_processor]: Zone=CLEAR
[image_processor-25] [INFO] [1776779826.150460098] [robot_4.image_processor]: Zone=CLEAR
[image_processor-21] [INFO] [1776779826.159173612] [robot_0.image_processor]: Zone=CLEAR
[image_processor-24] [INFO] [1776779826.166324535] [robot_3.image_processor]: Zone=CLEAR
[image_processor-23] [INFO] [1776779828.632495473] [robot_2.image_processor]: Zone=CLEAR
[image_processor-22] [INFO] [1776779828.641418567] [robot_1.image_processor]: Zone=CLEAR
[image_processor-25] [INFO] [1776779828.651097439] [robot_4.image_processor]: Zone=CLEAR
[image_processor-21] [INFO] [1776779828.659175843] [robot_0.image_processor]: Zone=CLEAR
[image_processor-24] [INFO] [1776779828.668077017] [robot_3.image_processor]: Zone=CLEAR
[image_processor-23] [INFO] [1776779831.135204137] [robot_2.image_processor]: Zone=CLEAR
[image_processor-22] [INFO] [1776779831.144274755] [robot_1.image_processor]: Zone=CLEAR
[image_processor-25] [INFO] [1776779831.151129237] [robot_4.image_processor]: Zone=CLEAR
[image_processor-21] [INFO] [1776779831.160234734] [robot_0.image_processor]: Zone=CLEAR
[image_processor-24] [INFO] [1776779831.167259370] [robot_3.image_processor]: Zone=CLEAR
[image_processor-23] [INFO] [1776779833.634150179] [robot_2.image_processor]: Zone=CLEAR
[image_processor-22] [INFO] [1776779833.641735757] [robot_1.image_processor]: Zone=CLEAR
[image_processor-25] [INFO] [1776779833.650564009] [robot_4.image_processor]: Zone=CLEAR
[image_processor-21] [INFO] [1776779833.658588888] [robot_0.image_processor]: Zone=CLEAR
[image_processor-24] [INFO] [1776779833.665297645] [robot_3.image_processor]: Zone=CLEAR
[image_processor-23] [INFO] [1776779836.133356816] [robot_2.image_processor]: Zone=CLEAR
[image_processor-22] [INFO] [1776779836.140652163] [robot_1.image_processor]: Zone=CLEAR
[image_processor-25] [INFO] [1776779836.149744425] [robot_4.image_processor]: Zone=CLEAR
[image_processor-21] [INFO] [1776779836.157727982] [robot_0.image_processor]: Zone=CLEAR
[image_processor-24] [INFO] [1776779836.165398867] [robot_3.image_processor]: Zone=CLEAR
[image_processor-23] [INFO] [1776779838.635218734] [robot_2.image_processor]: Zone=CLEAR
[image_processor-22] [INFO] [1776779838.643903047] [robot_1.image_processor]: Zone=CLEAR
[image_processor-25] [INFO] [1776779838.651758745] [robot_4.image_processor]: Zone=CLEAR
[image_processor-21] [INFO] [1776779838.661186966] [robot_0.image_processor]: Zone=CLEAR
[image_processor-24] [INFO] [1776779838.670761842] [robot_3.image_processor]: Zone=CLEAR
[image_processor-23] [INFO] [1776779841.133972500] [robot_2.image_processor]: Zone=CLEAR
[image_processor-22] [INFO] [1776779841.142241746] [robot_1.image_processor]: Zone=CLEAR
[image_processor-25] [INFO] [1776779841.151495506] [robot_4.image_processor]: Zone=CLEAR
[image_processor-21] [INFO] [1776779841.161859256] [robot_0.image_processor]: Zone=CLEAR
[image_processor-24] [INFO] [1776779841.169920104] [robot_3.image_processor]: Zone=CLEAR
[image_processor-23] [INFO] [1776779843.634275485] [robot_2.image_processor]: Zone=CLEAR
[image_processor-22] [INFO] [1776779843.642338061] [robot_1.image_processor]: Zone=CLEAR
[image_processor-25] [INFO] [1776779843.652591675] [robot_4.image_processor]: Zone=CLEAR
[image_processor-21] [INFO] [1776779843.660371336] [robot_0.image_processor]: Zone=CLEAR
[image_processor-24] [INFO] [1776779843.669100210] [robot_3.image_processor]: Zone=CLEAR
[image_processor-23] [INFO] [1776779846.133804155] [robot_2.image_processor]: Zone=CLEAR
[image_processor-22] [INFO] [1776779846.141755248] [robot_1.image_processor]: Zone=CLEAR
[image_processor-25] [INFO] [1776779846.150319828] [robot_4.image_processor]: Zone=CLEAR
[image_processor-21] [INFO] [1776779846.158507334] [robot_0.image_processor]: Zone=CLEAR
[image_processor-24] [INFO] [1776779846.165560474] [robot_3.image_processor]: Zone=CLEAR
[image_processor-23] [INFO] [1776779848.636407810] [robot_2.image_processor]: Zone=CLEAR
[image_processor-22] [INFO] [1776779848.644864649] [robot_1.image_processor]: Zone=CLEAR
[image_processor-25] [INFO] [1776779848.652902518] [robot_4.image_processor]: Zone=CLEAR
[image_processor-21] [INFO] [1776779848.661341513] [robot_0.image_processor]: Zone=CLEAR
[image_processor-24] [INFO] [1776779848.669202075] [robot_3.image_processor]: Zone=CLEAR
[image_processor-23] [INFO] [1776779851.133732870] [robot_2.image_processor]: Zone=CLEAR
[image_processor-22] [INFO] [1776779851.142405662] [robot_1.image_processor]: Zone=CLEAR
[image_processor-25] [INFO] [1776779851.152411582] [robot_4.image_processor]: Zone=CLEAR
[image_processor-21] [INFO] [1776779851.162687476] [robot_0.image_processor]: Zone=CLEAR
[image_processor-24] [INFO] [1776779851.172266939] [robot_3.image_processor]: Zone=CLEAR
[image_processor-23] [INFO] [1776779853.633103925] [robot_2.image_processor]: Zone=CLEAR
[image_processor-22] [INFO] [1776779853.642536573] [robot_1.image_processor]: Zone=CLEAR
[image_processor-25] [INFO] [1776779853.649989670] [robot_4.image_processor]: Zone=CLEAR
[image_processor-21] [INFO] [1776779853.659673641] [robot_0.image_processor]: Zone=CLEAR
[image_processor-24] [INFO] [1776779853.667975470] [robot_3.image_processor]: Zone=CLEAR
[image_processor-23] [INFO] [1776779856.133824992] [robot_2.image_processor]: Zone=CLEAR
[image_processor-22] [INFO] [1776779856.141507325] [robot_1.image_processor]: Zone=CLEAR
[image_processor-25] [INFO] [1776779856.150964163] [robot_4.image_processor]: Zone=CLEAR
[image_processor-21] [INFO] [1776779856.160507133] [robot_0.image_processor]: Zone=CLEAR
[image_processor-24] [INFO] [1776779856.169562848] [robot_3.image_processor]: Zone=CLEAR
[image_processor-23] [INFO] [1776779858.632908865] [robot_2.image_processor]: Zone=CLEAR
[image_processor-22] [INFO] [1776779858.640337975] [robot_1.image_processor]: Zone=CLEAR
[image_processor-21] [INFO] [1776779858.659180532] [robot_0.image_processor]: Zone=CLEAR
[image_processor-24] [INFO] [1776779858.667932426] [robot_3.image_processor]: Zone=CLEAR
[image_processor-25] [INFO] [1776779858.751325461] [robot_4.image_processor]: Zone=CLEAR
[image_processor-23] [INFO] [1776779861.132313717] [robot_2.image_processor]: Zone=CLEAR
[image_processor-22] [INFO] [1776779861.141442135] [robot_1.image_processor]: Zone=CLEAR
[image_processor-25] [INFO] [1776779861.149516999] [robot_4.image_processor]: Zone=CLEAR
[image_processor-21] [INFO] [1776779861.157361851] [robot_0.image_processor]: Zone=CLEAR
[image_processor-24] [INFO] [1776779861.165148401] [robot_3.image_processor]: Zone=CLEAR
[image_processor-23] [INFO] [1776779863.633294678] [robot_2.image_processor]: Zone=CLEAR
[image_processor-22] [INFO] [1776779863.640943058] [robot_1.image_processor]: Zone=CLEAR
[image_processor-25] [INFO] [1776779863.651713486] [robot_4.image_processor]: Zone=CLEAR
[image_processor-21] [INFO] [1776779863.659673259] [robot_0.image_processor]: Zone=CLEAR
[image_processor-24] [INFO] [1776779863.666905658] [robot_3.image_processor]: Zone=CLEAR
[image_processor-23] [INFO] [1776779866.133895865] [robot_2.image_processor]: Zone=CLEAR
[image_processor-22] [INFO] [1776779866.144030113] [robot_1.image_processor]: Zone=CLEAR
[image_processor-25] [INFO] [1776779866.151903300] [robot_4.image_processor]: Zone=CLEAR
[image_processor-21] [INFO] [1776779866.160167657] [robot_0.image_processor]: Zone=CLEAR
[image_processor-24] [INFO] [1776779866.168425126] [robot_3.image_processor]: Zone=CLEAR
[image_processor-23] [INFO] [1776779868.634731775] [robot_2.image_processor]: Zone=CLEAR
[image_processor-22] [INFO] [1776779868.642461269] [robot_1.image_processor]: Zone=CLEAR
[image_processor-25] [INFO] [1776779868.651799776] [robot_4.image_processor]: Zone=CLEAR
[image_processor-21] [INFO] [1776779868.662663950] [robot_0.image_processor]: Zone=CLEAR
[image_processor-24] [INFO] [1776779868.668771933] [robot_3.image_processor]: Zone=CLEAR
[image_processor-23] [INFO] [1776779871.134167269] [robot_2.image_processor]: Zone=CLEAR
[image_processor-22] [INFO] [1776779871.141998264] [robot_1.image_processor]: Zone=CLEAR
[image_processor-21] [INFO] [1776779871.160803582] [robot_0.image_processor]: Zone=CLEAR
[image_processor-24] [INFO] [1776779871.166763794] [robot_3.image_processor]: Zone=CLEAR
[image_processor-25] [INFO] [1776779871.252355376] [robot_4.image_processor]: Zone=CLEAR
[image_processor-23] [INFO] [1776779873.632734800] [robot_2.image_processor]: Zone=CLEAR
[image_processor-22] [INFO] [1776779873.640772342] [robot_1.image_processor]: Zone=CLEAR
[image_processor-25] [INFO] [1776779873.650667307] [robot_4.image_processor]: Zone=CLEAR
[image_processor-21] [INFO] [1776779873.659981891] [robot_0.image_processor]: Zone=CLEAR
[image_processor-24] [INFO] [1776779873.666807788] [robot_3.image_processor]: Zone=CLEAR
[image_processor-23] [INFO] [1776779876.133926621] [robot_2.image_processor]: Zone=CLEAR
[image_processor-22] [INFO] [1776779876.141841468] [robot_1.image_processor]: Zone=CLEAR
[image_processor-25] [INFO] [1776779876.151031433] [robot_4.image_processor]: Zone=CLEAR
[image_processor-21] [INFO] [1776779876.159756970] [robot_0.image_processor]: Zone=CLEAR
[image_processor-24] [INFO] [1776779876.167694636] [robot_3.image_processor]: Zone=CLEAR
[image_processor-23] [INFO] [1776779878.633939954] [robot_2.image_processor]: Zone=CLEAR
[image_processor-22] [INFO] [1776779878.642288109] [robot_1.image_processor]: Zone=CLEAR
[image_processor-25] [INFO] [1776779878.650890346] [robot_4.image_processor]: Zone=CLEAR
[image_processor-21] [INFO] [1776779878.661900171] [robot_0.image_processor]: Zone=CLEAR
[image_processor-24] [INFO] [1776779878.673299256] [robot_3.image_processor]: Zone=CLEAR
[image_processor-23] [INFO] [1776779881.134196752] [robot_2.image_processor]: Zone=CLEAR
[image_processor-22] [INFO] [1776779881.142408406] [robot_1.image_processor]: Zone=CLEAR
[image_processor-25] [INFO] [1776779881.151275588] [robot_4.image_processor]: Zone=CLEAR
[image_processor-21] [INFO] [1776779881.160289446] [robot_0.image_processor]: Zone=CLEAR
[image_processor-24] [INFO] [1776779881.169023333] [robot_3.image_processor]: Zone=CLEAR
[image_processor-23] [INFO] [1776779883.634975622] [robot_2.image_processor]: Zone=CLEAR
[image_processor-22] [INFO] [1776779883.643063610] [robot_1.image_processor]: Zone=CLEAR
[image_processor-25] [INFO] [1776779883.651365443] [robot_4.image_processor]: Zone=CLEAR
[image_processor-21] [INFO] [1776779883.663020830] [robot_0.image_processor]: Zone=CLEAR
[image_processor-24] [INFO] [1776779883.670532369] [robot_3.image_processor]: Zone=CLEAR
[image_processor-23] [INFO] [1776779886.133864580] [robot_2.image_processor]: Zone=CLEAR
[image_processor-22] [INFO] [1776779886.142487487] [robot_1.image_processor]: Zone=CLEAR
[image_processor-25] [INFO] [1776779886.151366927] [robot_4.image_processor]: Zone=CLEAR
[image_processor-21] [INFO] [1776779886.160419833] [robot_0.image_processor]: Zone=CLEAR
[image_processor-24] [INFO] [1776779886.168115678] [robot_3.image_processor]: Zone=CLEAR
[image_processor-23] [INFO] [1776779888.633567256] [robot_2.image_processor]: Zone=CLEAR
[image_processor-22] [INFO] [1776779888.641507755] [robot_1.image_processor]: Zone=CLEAR
[image_processor-25] [INFO] [1776779888.649717411] [robot_4.image_processor]: Zone=CLEAR
[image_processor-21] [INFO] [1776779888.658466682] [robot_0.image_processor]: Zone=CLEAR
[image_processor-24] [INFO] [1776779888.665721303] [robot_3.image_processor]: Zone=CLEAR
[image_processor-23] [INFO] [1776779891.133849676] [robot_2.image_processor]: Zone=CLEAR
[image_processor-22] [INFO] [1776779891.143754463] [robot_1.image_processor]: Zone=CLEAR
[image_processor-25] [INFO] [1776779891.151444556] [robot_4.image_processor]: Zone=CLEAR
[image_processor-21] [INFO] [1776779891.160437715] [robot_0.image_processor]: Zone=CLEAR
[image_processor-24] [INFO] [1776779891.169229037] [robot_3.image_processor]: Zone=CLEAR
[image_processor-23] [INFO] [1776779893.634796689] [robot_2.image_processor]: Zone=CLEAR
[image_processor-22] [INFO] [1776779893.643001530] [robot_1.image_processor]: Zone=CLEAR
[image_processor-25] [INFO] [1776779893.652502514] [robot_4.image_processor]: Zone=CLEAR
[image_processor-21] [INFO] [1776779893.660456492] [robot_0.image_processor]: Zone=CLEAR
[image_processor-24] [INFO] [1776779893.669226451] [robot_3.image_processor]: Zone=CLEAR
[image_processor-23] [INFO] [1776779896.132159858] [robot_2.image_processor]: Zone=CLEAR
[image_processor-25] [INFO] [1776779896.150133393] [robot_4.image_processor]: Zone=CLEAR
[image_processor-21] [INFO] [1776779896.161306924] [robot_0.image_processor]: Zone=CLEAR
[image_processor-24] [INFO] [1776779896.172761483] [robot_3.image_processor]: Zone=CLEAR
[image_processor-22] [INFO] [1776779896.242421257] [robot_1.image_processor]: Zone=CLEAR
[image_processor-23] [INFO] [1776779898.633709682] [robot_2.image_processor]: Zone=CLEAR
[image_processor-22] [INFO] [1776779898.641228617] [robot_1.image_processor]: Zone=CLEAR
[image_processor-25] [INFO] [1776779898.649041636] [robot_4.image_processor]: Zone=CLEAR
[image_processor-24] [INFO] [1776779898.668574437] [robot_3.image_processor]: Zone=CLEAR
[image_processor-21] [INFO] [1776779898.760846675] [robot_0.image_processor]: Zone=CLEAR
[image_processor-23] [INFO] [1776779901.135511479] [robot_2.image_processor]: Zone=CLEAR
[image_processor-22] [INFO] [1776779901.144139195] [robot_1.image_processor]: Zone=CLEAR
[image_processor-25] [INFO] [1776779901.153477844] [robot_4.image_processor]: Zone=CLEAR
[image_processor-21] [INFO] [1776779901.161640052] [robot_0.image_processor]: Zone=CLEAR
[image_processor-24] [INFO] [1776779901.170266635] [robot_3.image_processor]: Zone=CLEAR
[image_processor-23] [INFO] [1776779903.633400724] [robot_2.image_processor]: Zone=CLEAR
[image_processor-22] [INFO] [1776779903.639809531] [robot_1.image_processor]: Zone=CLEAR
[image_processor-25] [INFO] [1776779903.648703020] [robot_4.image_processor]: Zone=CLEAR
[image_processor-21] [INFO] [1776779903.656784974] [robot_0.image_processor]: Zone=CLEAR
[image_processor-24] [INFO] [1776779903.664734801] [robot_3.image_processor]: Zone=CLEAR
[image_processor-23] [INFO] [1776779906.132208299] [robot_2.image_processor]: Zone=CLEAR
[image_processor-22] [INFO] [1776779906.141656151] [robot_1.image_processor]: Zone=CLEAR
[image_processor-25] [INFO] [1776779906.149740510] [robot_4.image_processor]: Zone=CLEAR
[image_processor-21] [INFO] [1776779906.161007082] [robot_0.image_processor]: Zone=CLEAR
[image_processor-24] [INFO] [1776779906.169034746] [robot_3.image_processor]: Zone=CLEAR
[image_processor-23] [INFO] [1776779908.632431450] [robot_2.image_processor]: Zone=CLEAR
[image_processor-25] [INFO] [1776779908.648102700] [robot_4.image_processor]: Zone=CLEAR
[image_processor-24] [INFO] [1776779908.667129617] [robot_3.image_processor]: Zone=CLEAR
[image_processor-22] [INFO] [1776779908.740733457] [robot_1.image_processor]: Zone=CLEAR
[image_processor-21] [INFO] [1776779908.760736925] [robot_0.image_processor]: Zone=CLEAR
[image_processor-23] [INFO] [1776779911.135534010] [robot_2.image_processor]: Zone=CLEAR
[image_processor-22] [INFO] [1776779911.143167929] [robot_1.image_processor]: Zone=CLEAR
[image_processor-25] [INFO] [1776779911.155082650] [robot_4.image_processor]: Zone=CLEAR
[image_processor-21] [INFO] [1776779911.163453814] [robot_0.image_processor]: Zone=CLEAR
[image_processor-24] [INFO] [1776779911.171656373] [robot_3.image_processor]: Zone=CLEAR
[image_processor-23] [INFO] [1776779913.632881230] [robot_2.image_processor]: Zone=CLEAR
[image_processor-22] [INFO] [1776779913.640315924] [robot_1.image_processor]: Zone=CLEAR
[image_processor-25] [INFO] [1776779913.648982529] [robot_4.image_processor]: Zone=CLEAR
[image_processor-21] [INFO] [1776779913.657837662] [robot_0.image_processor]: Zone=CLEAR
[image_processor-24] [INFO] [1776779913.666402599] [robot_3.image_processor]: Zone=CLEAR
[image_processor-23] [INFO] [1776779916.132385002] [robot_2.image_processor]: Zone=CLEAR
[image_processor-22] [INFO] [1776779916.140878178] [robot_1.image_processor]: Zone=CLEAR
[image_processor-21] [INFO] [1776779916.162649927] [robot_0.image_processor]: Zone=CLEAR
[image_processor-24] [INFO] [1776779916.169533016] [robot_3.image_processor]: Zone=CLEAR
[image_processor-25] [INFO] [1776779916.253398400] [robot_4.image_processor]: Zone=CLEAR
[image_processor-23] [INFO] [1776779918.634358905] [robot_2.image_processor]: Zone=CLEAR
[image_processor-22] [INFO] [1776779918.643225510] [robot_1.image_processor]: Zone=CLEAR
[image_processor-25] [INFO] [1776779918.657137279] [robot_4.image_processor]: Zone=CLEAR
[image_processor-21] [INFO] [1776779918.666781450] [robot_0.image_processor]: Zone=CLEAR
[image_processor-24] [INFO] [1776779918.676292332] [robot_3.image_processor]: Zone=CLEAR
[image_processor-23] [INFO] [1776779921.133287407] [robot_2.image_processor]: Zone=CLEAR
[image_processor-22] [INFO] [1776779921.142073632] [robot_1.image_processor]: Zone=CLEAR
[image_processor-25] [INFO] [1776779921.151179463] [robot_4.image_processor]: Zone=CLEAR
[image_processor-21] [INFO] [1776779921.160285032] [robot_0.image_processor]: Zone=CLEAR
[image_processor-24] [INFO] [1776779921.168297901] [robot_3.image_processor]: Zone=CLEAR
[image_processor-23] [INFO] [1776779923.633193421] [robot_2.image_processor]: Zone=CLEAR
[image_processor-22] [INFO] [1776779923.641206383] [robot_1.image_processor]: Zone=CLEAR
[image_processor-25] [INFO] [1776779923.650447557] [robot_4.image_processor]: Zone=CLEAR
[image_processor-21] [INFO] [1776779923.658733120] [robot_0.image_processor]: Zone=CLEAR
[image_processor-24] [INFO] [1776779923.667021974] [robot_3.image_processor]: Zone=CLEAR
[image_processor-23] [INFO] [1776779926.132147510] [robot_2.image_processor]: Zone=CLEAR
[image_processor-22] [INFO] [1776779926.141950154] [robot_1.image_processor]: Zone=CLEAR
[image_processor-25] [INFO] [1776779926.151960067] [robot_4.image_processor]: Zone=CLEAR
[image_processor-21] [INFO] [1776779926.160826388] [robot_0.image_processor]: Zone=CLEAR
[image_processor-24] [INFO] [1776779926.170965020] [robot_3.image_processor]: Zone=CLEAR
[image_processor-23] [INFO] [1776779928.636284753] [robot_2.image_processor]: Zone=CLEAR
[image_processor-22] [INFO] [1776779928.645970859] [robot_1.image_processor]: Zone=CLEAR
[image_processor-25] [INFO] [1776779928.655295495] [robot_4.image_processor]: Zone=CLEAR
[image_processor-21] [INFO] [1776779928.664355780] [robot_0.image_processor]: Zone=CLEAR
[image_processor-24] [INFO] [1776779928.673519273] [robot_3.image_processor]: Zone=CLEAR
[image_processor-23] [INFO] [1776779931.132899345] [robot_2.image_processor]: Zone=CLEAR
[image_processor-22] [INFO] [1776779931.140234537] [robot_1.image_processor]: Zone=CLEAR
[image_processor-25] [INFO] [1776779931.150043309] [robot_4.image_processor]: Zone=CLEAR
[image_processor-21] [INFO] [1776779931.157154964] [robot_0.image_processor]: Zone=CLEAR
[image_processor-24] [INFO] [1776779931.165259324] [robot_3.image_processor]: Zone=CLEAR
[image_processor-23] [INFO] [1776779933.633380365] [robot_2.image_processor]: Zone=CLEAR
[image_processor-22] [INFO] [1776779933.642895691] [robot_1.image_processor]: Zone=CLEAR
[image_processor-25] [INFO] [1776779933.652374121] [robot_4.image_processor]: Zone=CLEAR
[image_processor-21] [INFO] [1776779933.660212665] [robot_0.image_processor]: Zone=CLEAR
[image_processor-24] [INFO] [1776779933.668173483] [robot_3.image_processor]: Zone=CLEAR
[image_processor-23] [INFO] [1776779936.133241188] [robot_2.image_processor]: Zone=CLEAR
[image_processor-22] [INFO] [1776779936.142765356] [robot_1.image_processor]: Zone=CLEAR
[image_processor-25] [INFO] [1776779936.152434391] [robot_4.image_processor]: Zone=CLEAR
[image_processor-21] [INFO] [1776779936.160448833] [robot_0.image_processor]: Zone=CLEAR
[image_processor-24] [INFO] [1776779936.168591755] [robot_3.image_processor]: Zone=CLEAR
[image_processor-22] [INFO] [1776779938.643803096] [robot_1.image_processor]: Zone=CLEAR
[image_processor-25] [INFO] [1776779938.651407602] [robot_4.image_processor]: Zone=CLEAR
[image_processor-21] [INFO] [1776779938.658836565] [robot_0.image_processor]: Zone=CLEAR
[image_processor-24] [INFO] [1776779938.666092568] [robot_3.image_processor]: Zone=CLEAR
[image_processor-23] [INFO] [1776779938.735304362] [robot_2.image_processor]: Zone=CLEAR
[image_processor-23] [INFO] [1776779941.136184202] [robot_2.image_processor]: Zone=CLEAR
[image_processor-22] [INFO] [1776779941.146637234] [robot_1.image_processor]: Zone=CLEAR
[image_processor-25] [INFO] [1776779941.157598004] [robot_4.image_processor]: Zone=CLEAR
[image_processor-21] [INFO] [1776779941.166420496] [robot_0.image_processor]: Zone=CLEAR
[image_processor-24] [INFO] [1776779941.175668327] [robot_3.image_processor]: Zone=CLEAR
[image_processor-23] [INFO] [1776779943.635500750] [robot_2.image_processor]: Zone=CLEAR
[image_processor-22] [INFO] [1776779943.645966470] [robot_1.image_processor]: Zone=CLEAR
[image_processor-21] [INFO] [1776779943.664054453] [robot_0.image_processor]: Zone=CLEAR
[image_processor-24] [INFO] [1776779943.674364357] [robot_3.image_processor]: Zone=CLEAR
[image_processor-25] [INFO] [1776779943.755748239] [robot_4.image_processor]: Zone=CLEAR
[image_processor-23] [INFO] [1776779946.133342030] [robot_2.image_processor]: Zone=CLEAR
[image_processor-22] [INFO] [1776779946.144935253] [robot_1.image_processor]: Zone=CLEAR
[image_processor-25] [INFO] [1776779946.153721003] [robot_4.image_processor]: Zone=CLEAR
[image_processor-21] [INFO] [1776779946.161783816] [robot_0.image_processor]: Zone=CLEAR
[image_processor-24] [INFO] [1776779946.171937807] [robot_3.image_processor]: Zone=CLEAR
[image_processor-23] [INFO] [1776779948.634025022] [robot_2.image_processor]: Zone=CLEAR
[image_processor-22] [INFO] [1776779948.641583924] [robot_1.image_processor]: Zone=CLEAR
[image_processor-25] [INFO] [1776779948.652793738] [robot_4.image_processor]: Zone=CLEAR
[image_processor-21] [INFO] [1776779948.659171912] [robot_0.image_processor]: Zone=CLEAR
[image_processor-24] [INFO] [1776779948.666867486] [robot_3.image_processor]: Zone=CLEAR
[image_processor-23] [INFO] [1776779951.134231790] [robot_2.image_processor]: Zone=CLEAR
[image_processor-22] [INFO] [1776779951.143462783] [robot_1.image_processor]: Zone=CLEAR
[image_processor-25] [INFO] [1776779951.153115797] [robot_4.image_processor]: Zone=CLEAR
[image_processor-21] [INFO] [1776779951.162793851] [robot_0.image_processor]: Zone=CLEAR
[image_processor-24] [INFO] [1776779951.169255863] [robot_3.image_processor]: Zone=CLEAR
[image_processor-23] [INFO] [1776779953.634103100] [robot_2.image_processor]: Zone=CLEAR
[image_processor-22] [INFO] [1776779953.642756466] [robot_1.image_processor]: Zone=CLEAR
[image_processor-25] [INFO] [1776779953.650432015] [robot_4.image_processor]: Zone=CLEAR
[image_processor-21] [INFO] [1776779953.659791142] [robot_0.image_processor]: Zone=CLEAR
[image_processor-24] [INFO] [1776779953.668077509] [robot_3.image_processor]: Zone=CLEAR
[image_processor-23] [INFO] [1776779956.135762781] [robot_2.image_processor]: Zone=CLEAR
[image_processor-22] [INFO] [1776779956.143068495] [robot_1.image_processor]: Zone=CLEAR
[image_processor-25] [INFO] [1776779956.151839503] [robot_4.image_processor]: Zone=CLEAR
[image_processor-21] [INFO] [1776779956.161864102] [robot_0.image_processor]: Zone=CLEAR
[image_processor-24] [INFO] [1776779956.169022804] [robot_3.image_processor]: Zone=CLEAR
[image_processor-23] [INFO] [1776779958.634298094] [robot_2.image_processor]: Zone=CLEAR
[image_processor-22] [INFO] [1776779958.642879139] [robot_1.image_processor]: Zone=CLEAR
[image_processor-25] [INFO] [1776779958.653009507] [robot_4.image_processor]: Zone=CLEAR
[image_processor-21] [INFO] [1776779958.660954822] [robot_0.image_processor]: Zone=CLEAR
[image_processor-24] [INFO] [1776779958.668527207] [robot_3.image_processor]: Zone=CLEAR
[image_processor-23] [INFO] [1776779961.133921750] [robot_2.image_processor]: Zone=CLEAR
[image_processor-22] [INFO] [1776779961.143209090] [robot_1.image_processor]: Zone=CLEAR
[image_processor-25] [INFO] [1776779961.151207416] [robot_4.image_processor]: Zone=CLEAR
[image_processor-21] [INFO] [1776779961.160911234] [robot_0.image_processor]: Zone=CLEAR
[image_processor-24] [INFO] [1776779961.168778526] [robot_3.image_processor]: Zone=CLEAR
[image_processor-23] [INFO] [1776779963.635642313] [robot_2.image_processor]: Zone=CLEAR
[image_processor-22] [INFO] [1776779963.645086263] [robot_1.image_processor]: Zone=CLEAR
[image_processor-25] [INFO] [1776779963.653614566] [robot_4.image_processor]: Zone=CLEAR
[image_processor-21] [INFO] [1776779963.662467055] [robot_0.image_processor]: Zone=CLEAR
[image_processor-24] [INFO] [1776779963.670100854] [robot_3.image_processor]: Zone=CLEAR
[image_processor-23] [INFO] [1776779966.133712835] [robot_2.image_processor]: Zone=CLEAR
[image_processor-22] [INFO] [1776779966.141718245] [robot_1.image_processor]: Zone=CLEAR
[image_processor-25] [INFO] [1776779966.153465961] [robot_4.image_processor]: Zone=CLEAR
[image_processor-21] [INFO] [1776779966.160887154] [robot_0.image_processor]: Zone=CLEAR
[image_processor-24] [INFO] [1776779966.168957620] [robot_3.image_processor]: Zone=CLEAR
[image_processor-23] [INFO] [1776779968.632493211] [robot_2.image_processor]: Zone=CLEAR
[image_processor-22] [INFO] [1776779968.642079491] [robot_1.image_processor]: Zone=CLEAR
[image_processor-25] [INFO] [1776779968.651825514] [robot_4.image_processor]: Zone=CLEAR
[image_processor-21] [INFO] [1776779968.660015608] [robot_0.image_processor]: Zone=CLEAR
[image_processor-24] [INFO] [1776779968.668621041] [robot_3.image_processor]: Zone=CLEAR
[image_processor-23] [INFO] [1776779971.132627430] [robot_2.image_processor]: Zone=CLEAR
[image_processor-22] [INFO] [1776779971.141606324] [robot_1.image_processor]: Zone=CLEAR
[image_processor-25] [INFO] [1776779971.150067754] [robot_4.image_processor]: Zone=CLEAR
[image_processor-21] [INFO] [1776779971.158999299] [robot_0.image_processor]: Zone=CLEAR
[image_processor-24] [INFO] [1776779971.166392726] [robot_3.image_processor]: Zone=CLEAR
[image_processor-23] [INFO] [1776779973.633587334] [robot_2.image_processor]: Zone=CLEAR
[image_processor-22] [INFO] [1776779973.643317974] [robot_1.image_processor]: Zone=CLEAR
[image_processor-25] [INFO] [1776779973.651241515] [robot_4.image_processor]: Zone=CLEAR
[image_processor-21] [INFO] [1776779973.660394527] [robot_0.image_processor]: Zone=CLEAR
[image_processor-24] [INFO] [1776779973.669593701] [robot_3.image_processor]: Zone=CLEAR
[image_processor-23] [INFO] [1776779976.132094568] [robot_2.image_processor]: Zone=CLEAR
[image_processor-22] [INFO] [1776779976.140724524] [robot_1.image_processor]: Zone=CLEAR
[image_processor-25] [INFO] [1776779976.151815194] [robot_4.image_processor]: Zone=CLEAR
[image_processor-21] [INFO] [1776779976.162566331] [robot_0.image_processor]: Zone=CLEAR
[image_processor-24] [INFO] [1776779976.170054563] [robot_3.image_processor]: Zone=CLEAR
[image_processor-23] [INFO] [1776779978.632869913] [robot_2.image_processor]: Zone=CLEAR
[image_processor-22] [INFO] [1776779978.640991537] [robot_1.image_processor]: Zone=CLEAR
[image_processor-25] [INFO] [1776779978.649814498] [robot_4.image_processor]: Zone=CLEAR
[image_processor-21] [INFO] [1776779978.660236590] [robot_0.image_processor]: Zone=CLEAR
[image_processor-24] [INFO] [1776779978.668468662] [robot_3.image_processor]: Zone=CLEAR
[image_processor-23] [INFO] [1776779981.133495001] [robot_2.image_processor]: Zone=CLEAR
[image_processor-22] [INFO] [1776779981.143019961] [robot_1.image_processor]: Zone=CLEAR
[image_processor-25] [INFO] [1776779981.153644214] [robot_4.image_processor]: Zone=CLEAR
[image_processor-21] [INFO] [1776779981.162262512] [robot_0.image_processor]: Zone=CLEAR
[image_processor-24] [INFO] [1776779981.170585998] [robot_3.image_processor]: Zone=CLEAR
[image_processor-23] [INFO] [1776779983.633066346] [robot_2.image_processor]: Zone=CLEAR
[image_processor-22] [INFO] [1776779983.645312729] [robot_1.image_processor]: Zone=CLEAR
[image_processor-25] [INFO] [1776779983.657021018] [robot_4.image_processor]: Zone=CLEAR
[image_processor-21] [INFO] [1776779983.665595698] [robot_0.image_processor]: Zone=CLEAR
[image_processor-24] [INFO] [1776779983.673513830] [robot_3.image_processor]: Zone=CLEAR
[image_processor-23] [INFO] [1776779986.134486140] [robot_2.image_processor]: Zone=CLEAR
[image_processor-22] [INFO] [1776779986.141238044] [robot_1.image_processor]: Zone=CLEAR
[image_processor-25] [INFO] [1776779986.151039772] [robot_4.image_processor]: Zone=CLEAR
[image_processor-21] [INFO] [1776779986.159977740] [robot_0.image_processor]: Zone=CLEAR
[image_processor-24] [INFO] [1776779986.167662375] [robot_3.image_processor]: Zone=CLEAR
[image_processor-23] [INFO] [1776779988.633456546] [robot_2.image_processor]: Zone=CLEAR
[image_processor-22] [INFO] [1776779988.641496070] [robot_1.image_processor]: Zone=CLEAR
[image_processor-25] [INFO] [1776779988.650740356] [robot_4.image_processor]: Zone=CLEAR
[image_processor-21] [INFO] [1776779988.659143155] [robot_0.image_processor]: Zone=CLEAR
[image_processor-24] [INFO] [1776779988.665980941] [robot_3.image_processor]: Zone=CLEAR
[image_processor-23] [INFO] [1776779991.134073106] [robot_2.image_processor]: Zone=CLEAR
[image_processor-22] [INFO] [1776779991.142813839] [robot_1.image_processor]: Zone=CLEAR
[image_processor-25] [INFO] [1776779991.151530781] [robot_4.image_processor]: Zone=CLEAR
[image_processor-21] [INFO] [1776779991.161241713] [robot_0.image_processor]: Zone=CLEAR
[image_processor-24] [INFO] [1776779991.271882459] [robot_3.image_processor]: Zone=CLEAR
[image_processor-23] [INFO] [1776779993.633155486] [robot_2.image_processor]: Zone=CLEAR
[image_processor-25] [INFO] [1776779993.652293843] [robot_4.image_processor]: Zone=CLEAR
[image_processor-21] [INFO] [1776779993.660890109] [robot_0.image_processor]: Zone=CLEAR
[image_processor-24] [INFO] [1776779993.669696678] [robot_3.image_processor]: Zone=CLEAR
[image_processor-22] [INFO] [1776779993.741881719] [robot_1.image_processor]: Zone=CLEAR
[image_processor-23] [INFO] [1776779996.132938081] [robot_2.image_processor]: Zone=CLEAR
[image_processor-22] [INFO] [1776779996.143039294] [robot_1.image_processor]: Zone=CLEAR
[image_processor-25] [INFO] [1776779996.150086352] [robot_4.image_processor]: Zone=CLEAR
[image_processor-21] [INFO] [1776779996.158733264] [robot_0.image_processor]: Zone=CLEAR
[image_processor-24] [INFO] [1776779996.166443148] [robot_3.image_processor]: Zone=CLEAR
[image_processor-23] [INFO] [1776779998.633494278] [robot_2.image_processor]: Zone=CLEAR
[image_processor-22] [INFO] [1776779998.643807206] [robot_1.image_processor]: Zone=CLEAR
[image_processor-25] [INFO] [1776779998.651985307] [robot_4.image_processor]: Zone=CLEAR
[image_processor-21] [INFO] [1776779998.660183815] [robot_0.image_processor]: Zone=CLEAR
[image_processor-24] [INFO] [1776779998.669899711] [robot_3.image_processor]: Zone=CLEAR
[image_processor-23] [INFO] [1776780001.133024759] [robot_2.image_processor]: Zone=CLEAR
[image_processor-22] [INFO] [1776780001.142215790] [robot_1.image_processor]: Zone=CLEAR
[image_processor-25] [INFO] [1776780001.151705169] [robot_4.image_processor]: Zone=CLEAR
[image_processor-21] [INFO] [1776780001.158959929] [robot_0.image_processor]: Zone=CLEAR
[image_processor-24] [INFO] [1776780001.165742064] [robot_3.image_processor]: Zone=CLEAR
[INFO] [image_processor-25]: sending signal 'SIGINT' to process[image_processor-25]
[ERROR] [ign gazebo-1]: process has died [pid 313473, exit code -15, cmd 'ruby /usr/bin/ign gazebo /home/ecem/ros2_ws/install/swarm_basics/share/swarm_basics/worlds/random_world.sdf -s -r --force-version 6'].
[ERROR] [parameter_bridge-4]: process has died [pid 313480, exit code -15, cmd '/opt/ros/humble/lib/ros_ign_bridge/parameter_bridge /robot_0/cmd_vel@geometry_msgs/msg/Twist]ignition.msgs.Twist /robot_0/odom@nav_msgs/msg/Odometry[ignition.msgs.Odometry /robot_0/depth_camera/depth_image@sensor_msgs/msg/Image[ignition.msgs.Image /world/random_world/model/robot_0/link/robot_0/base_footprint/sensor/contact_sensor/contact@ros_gz_interfaces/msg/Contacts[ignition.msgs.Contacts /robot_1/cmd_vel@geometry_msgs/msg/Twist]ignition.msgs.Twist /robot_1/odom@nav_msgs/msg/Odometry[ignition.msgs.Odometry /robot_1/depth_camera/depth_image@sensor_msgs/msg/Image[ignition.msgs.Image /world/random_world/model/robot_1/link/robot_1/base_footprint/sensor/contact_sensor/contact@ros_gz_interfaces/msg/Contacts[ignition.msgs.Contacts /robot_2/cmd_vel@geometry_msgs/msg/Twist]ignition.msgs.Twist /robot_2/odom@nav_msgs/msg/Odometry[ignition.msgs.Odometry /robot_2/depth_camera/depth_image@sensor_msgs/msg/Image[ignition.msgs.Image /world/random_world/model/robot_2/link/robot_2/base_footprint/sensor/contact_sensor/contact@ros_gz_interfaces/msg/Contacts[ignition.msgs.Contacts /robot_3/cmd_vel@geometry_msgs/msg/Twist]ignition.msgs.Twist /robot_3/odom@nav_msgs/msg/Odometry[ignition.msgs.Odometry /robot_3/depth_camera/depth_image@sensor_msgs/msg/Image[ignition.msgs.Image /world/random_world/model/robot_3/link/robot_3/base_footprint/sensor/contact_sensor/contact@ros_gz_interfaces/msg/Contacts[ignition.msgs.Contacts /robot_4/cmd_vel@geometry_msgs/msg/Twist]ignition.msgs.Twist /robot_4/odom@nav_msgs/msg/Odometry[ignition.msgs.Odometry /robot_4/depth_camera/depth_image@sensor_msgs/msg/Image[ignition.msgs.Image /world/random_world/model/robot_4/link/robot_4/base_footprint/sensor/contact_sensor/contact@ros_gz_interfaces/msg/Contacts[ignition.msgs.Contacts /world/random_world/dynamic_pose/info@tf2_msgs/msg/TFMessage[ignition.msgs.Pose_V --ros-args -r __node:=all_robots_bridge --params-file /tmp/launch_params_s4sbpwng'].
[ERROR] [parameter_bridge-20]: process has died [pid 313522, exit code -9, cmd '/opt/ros/humble/lib/ros_gz_bridge/parameter_bridge /clock@rosgraph_msgs/msg/Clock[ignition.msgs.Clock --ros-args -r __node:=clock_bridge --params-file /tmp/launch_params_wjan_d9e'].
[INFO] [image_processor-24]: sending signal 'SIGINT' to process[image_processor-24]
[INFO] [bash-26]: process started with pid [314052]
[INFO] [image_processor-23]: sending signal 'SIGINT' to process[image_processor-23]
[INFO] [image_processor-22]: sending signal 'SIGINT' to process[image_processor-22]
[INFO] [image_processor-21]: sending signal 'SIGINT' to process[image_processor-21]
[INFO] [robot_supervisor-19]: sending signal 'SIGINT' to process[robot_supervisor-19]
[INFO] [robot_state_publisher-17]: sending signal 'SIGINT' to process[robot_state_publisher-17]
[INFO] [robot_supervisor-16]: sending signal 'SIGINT' to process[robot_supervisor-16]
[INFO] [robot_state_publisher-14]: sending signal 'SIGINT' to process[robot_state_publisher-14]
[INFO] [robot_supervisor-13]: sending signal 'SIGINT' to process[robot_supervisor-13]
[INFO] [robot_state_publisher-11]: sending signal 'SIGINT' to process[robot_state_publisher-11]
[INFO] [robot_supervisor-10]: sending signal 'SIGINT' to process[robot_supervisor-10]
[INFO] [robot_state_publisher-8]: sending signal 'SIGINT' to process[robot_state_publisher-8]
[INFO] [robot_supervisor-7]: sending signal 'SIGINT' to process[robot_supervisor-7]
[ERROR] [bash-26]: process has died [pid 314052, exit code -15, cmd 'bash -lc pkill -f parameter_bridge || true'].
[INFO] [robot_state_publisher-5]: sending signal 'SIGINT' to process[robot_state_publisher-5]
[INFO] [bump_counter-3]: sending signal 'SIGINT' to process[bump_counter-3]
[INFO] [coverage_counter-2]: sending signal 'SIGINT' to process[coverage_counter-2]
[parameter_bridge-20] [INFO] [1776780003.236609159] [rclcpp]: signal_handler(SIGINT/SIGTERM)
[parameter_bridge-4] [INFO] [1776780003.236619040] [rclcpp]: signal_handler(SIGINT/SIGTERM)
[INFO] [launch]: process[ign gazebo-1] was required: shutting down launched system
[image_processor-25] [INFO] [1776780003.917382376] [rclcpp]: signal_handler(SIGINT/SIGTERM)
[image_processor-24] [INFO] [1776780003.922315174] [rclcpp]: signal_handler(SIGINT/SIGTERM)
[image_processor-23] [INFO] [1776780003.924672066] [rclcpp]: signal_handler(SIGINT/SIGTERM)
[image_processor-22] [INFO] [1776780003.926880235] [rclcpp]: signal_handler(SIGINT/SIGTERM)
[image_processor-21] [INFO] [1776780003.929129126] [rclcpp]: signal_handler(SIGINT/SIGTERM)
[robot_supervisor-19] Traceback (most recent call last):
[robot_supervisor-19]   File "/home/ecem/ros2_ws/install/swarm_basics/lib/swarm_basics/robot_supervisor", line 33, in <module>
[robot_supervisor-19]     sys.exit(load_entry_point('swarm-basics==0.0.0', 'console_scripts', 'robot_supervisor')())
[robot_supervisor-19]   File "/home/ecem/ros2_ws/install/swarm_basics/lib/python3.10/site-packages/swarm_basics/robot_supervisor.py", line 867, in main
[robot_supervisor-19]     rclpy.spin(node)
[robot_supervisor-19]   File "/opt/ros/humble/local/lib/python3.10/dist-packages/rclpy/__init__.py", line 229, in spin
[robot_supervisor-19]     executor.spin_once()
[robot_supervisor-19]   File "/opt/ros/humble/local/lib/python3.10/dist-packages/rclpy/executors.py", line 773, in spin_once
[robot_supervisor-19]     self._spin_once_impl(timeout_sec)
[robot_supervisor-19]   File "/opt/ros/humble/local/lib/python3.10/dist-packages/rclpy/executors.py", line 762, in _spin_once_impl
[robot_supervisor-19]     handler, entity, node = self.wait_for_ready_callbacks(timeout_sec=timeout_sec)
[robot_supervisor-19]   File "/opt/ros/humble/local/lib/python3.10/dist-packages/rclpy/executors.py", line 745, in wait_for_ready_callbacks
[robot_supervisor-19]     return next(self._cb_iter)
[robot_supervisor-19]   File "/opt/ros/humble/local/lib/python3.10/dist-packages/rclpy/executors.py", line 642, in _wait_for_ready_callbacks
[robot_supervisor-19]     wait_set.wait(timeout_nsec)
[robot_supervisor-19] KeyboardInterrupt
[robot_state_publisher-17] [INFO] [1776780003.935885191] [rclcpp]: signal_handler(SIGINT/SIGTERM)
[robot_supervisor-16] Traceback (most recent call last):
[robot_supervisor-16]   File "/home/ecem/ros2_ws/install/swarm_basics/lib/swarm_basics/robot_supervisor", line 33, in <module>
[robot_supervisor-16]     sys.exit(load_entry_point('swarm-basics==0.0.0', 'console_scripts', 'robot_supervisor')())
[robot_supervisor-16]   File "/home/ecem/ros2_ws/install/swarm_basics/lib/python3.10/site-packages/swarm_basics/robot_supervisor.py", line 867, in main
[robot_supervisor-16]     rclpy.spin(node)
[robot_supervisor-16]   File "/opt/ros/humble/local/lib/python3.10/dist-packages/rclpy/__init__.py", line 229, in spin
[robot_supervisor-16]     executor.spin_once()
[robot_supervisor-16]   File "/opt/ros/humble/local/lib/python3.10/dist-packages/rclpy/executors.py", line 773, in spin_once
[robot_supervisor-16]     self._spin_once_impl(timeout_sec)
[robot_supervisor-16]   File "/opt/ros/humble/local/lib/python3.10/dist-packages/rclpy/executors.py", line 762, in _spin_once_impl
[robot_supervisor-16]     handler, entity, node = self.wait_for_ready_callbacks(timeout_sec=timeout_sec)
[robot_supervisor-16]   File "/opt/ros/humble/local/lib/python3.10/dist-packages/rclpy/executors.py", line 745, in wait_for_ready_callbacks
[robot_supervisor-16]     return next(self._cb_iter)
[robot_supervisor-16]   File "/opt/ros/humble/local/lib/python3.10/dist-packages/rclpy/executors.py", line 642, in _wait_for_ready_callbacks
[robot_supervisor-16]     wait_set.wait(timeout_nsec)
[robot_supervisor-16] KeyboardInterrupt
[robot_state_publisher-14] [INFO] [1776780003.940515213] [rclcpp]: signal_handler(SIGINT/SIGTERM)
[robot_supervisor-13] Traceback (most recent call last):
[robot_supervisor-13]   File "/home/ecem/ros2_ws/install/swarm_basics/lib/swarm_basics/robot_supervisor", line 33, in <module>
[robot_supervisor-13]     sys.exit(load_entry_point('swarm-basics==0.0.0', 'console_scripts', 'robot_supervisor')())
[robot_supervisor-13]   File "/home/ecem/ros2_ws/install/swarm_basics/lib/python3.10/site-packages/swarm_basics/robot_supervisor.py", line 867, in main
[robot_supervisor-13]     rclpy.spin(node)
[robot_supervisor-13]   File "/opt/ros/humble/local/lib/python3.10/dist-packages/rclpy/__init__.py", line 229, in spin
[robot_supervisor-13]     executor.spin_once()
[robot_supervisor-13]   File "/opt/ros/humble/local/lib/python3.10/dist-packages/rclpy/executors.py", line 773, in spin_once
[robot_supervisor-13]     self._spin_once_impl(timeout_sec)
[robot_supervisor-13]   File "/opt/ros/humble/local/lib/python3.10/dist-packages/rclpy/executors.py", line 762, in _spin_once_impl
[robot_supervisor-13]     handler, entity, node = self.wait_for_ready_callbacks(timeout_sec=timeout_sec)
[robot_supervisor-13]   File "/opt/ros/humble/local/lib/python3.10/dist-packages/rclpy/executors.py", line 745, in wait_for_ready_callbacks
[robot_supervisor-13]     return next(self._cb_iter)
[robot_supervisor-13]   File "/opt/ros/humble/local/lib/python3.10/dist-packages/rclpy/executors.py", line 642, in _wait_for_ready_callbacks
[robot_supervisor-13]     wait_set.wait(timeout_nsec)
[robot_supervisor-13] KeyboardInterrupt
[robot_state_publisher-11] [INFO] [1776780003.945221400] [rclcpp]: signal_handler(SIGINT/SIGTERM)
[robot_supervisor-10] Traceback (most recent call last):
[robot_supervisor-10]   File "/home/ecem/ros2_ws/install/swarm_basics/lib/swarm_basics/robot_supervisor", line 33, in <module>
[robot_supervisor-10]     sys.exit(load_entry_point('swarm-basics==0.0.0', 'console_scripts', 'robot_supervisor')())
[robot_supervisor-10]   File "/home/ecem/ros2_ws/install/swarm_basics/lib/python3.10/site-packages/swarm_basics/robot_supervisor.py", line 867, in main
[robot_supervisor-10]     rclpy.spin(node)
[robot_supervisor-10]   File "/opt/ros/humble/local/lib/python3.10/dist-packages/rclpy/__init__.py", line 229, in spin
[robot_supervisor-10]     executor.spin_once()
[robot_supervisor-10]   File "/opt/ros/humble/local/lib/python3.10/dist-packages/rclpy/executors.py", line 773, in spin_once
[robot_supervisor-10]     self._spin_once_impl(timeout_sec)
[robot_supervisor-10]   File "/opt/ros/humble/local/lib/python3.10/dist-packages/rclpy/executors.py", line 762, in _spin_once_impl
[robot_supervisor-10]     handler, entity, node = self.wait_for_ready_callbacks(timeout_sec=timeout_sec)
[robot_supervisor-10]   File "/opt/ros/humble/local/lib/python3.10/dist-packages/rclpy/executors.py", line 745, in wait_for_ready_callbacks
[robot_supervisor-10]     return next(self._cb_iter)
[robot_supervisor-10]   File "/opt/ros/humble/local/lib/python3.10/dist-packages/rclpy/executors.py", line 642, in _wait_for_ready_callbacks
[robot_supervisor-10]     wait_set.wait(timeout_nsec)
[robot_supervisor-10] KeyboardInterrupt
[robot_state_publisher-8] [INFO] [1776780003.949969681] [rclcpp]: signal_handler(SIGINT/SIGTERM)
[robot_supervisor-7] Traceback (most recent call last):
[robot_supervisor-7]   File "/home/ecem/ros2_ws/install/swarm_basics/lib/swarm_basics/robot_supervisor", line 33, in <module>
[robot_supervisor-7]     sys.exit(load_entry_point('swarm-basics==0.0.0', 'console_scripts', 'robot_supervisor')())
[robot_supervisor-7]   File "/home/ecem/ros2_ws/install/swarm_basics/lib/python3.10/site-packages/swarm_basics/robot_supervisor.py", line 867, in main
[robot_supervisor-7]     rclpy.spin(node)
[robot_supervisor-7]   File "/opt/ros/humble/local/lib/python3.10/dist-packages/rclpy/__init__.py", line 229, in spin
[robot_supervisor-7]     executor.spin_once()
[robot_supervisor-7]   File "/opt/ros/humble/local/lib/python3.10/dist-packages/rclpy/executors.py", line 773, in spin_once
[robot_supervisor-7]     self._spin_once_impl(timeout_sec)
[robot_supervisor-7]   File "/opt/ros/humble/local/lib/python3.10/dist-packages/rclpy/executors.py", line 762, in _spin_once_impl
[robot_supervisor-7]     handler, entity, node = self.wait_for_ready_callbacks(timeout_sec=timeout_sec)
[robot_supervisor-7]   File "/opt/ros/humble/local/lib/python3.10/dist-packages/rclpy/executors.py", line 745, in wait_for_ready_callbacks
[robot_supervisor-7]     return next(self._cb_iter)
[robot_supervisor-7]   File "/opt/ros/humble/local/lib/python3.10/dist-packages/rclpy/executors.py", line 642, in _wait_for_ready_callbacks
[robot_supervisor-7]     wait_set.wait(timeout_nsec)
[robot_supervisor-7] KeyboardInterrupt
[robot_state_publisher-5] [INFO] [1776780003.954629886] [rclcpp]: signal_handler(SIGINT/SIGTERM)
[ERROR] [launch]: Caught exception in launch (see debug for traceback): ExecuteLocal action 'bash-27': executed more than once: <launch.actions.execute_process.ExecuteProcess object at 0x7e0fd6bfc880>
[INFO] [image_processor-25]: process has finished cleanly [pid 313877]
[INFO] [image_processor-23]: process has finished cleanly [pid 313873]
[INFO] [image_processor-21]: process has finished cleanly [pid 313869]
[INFO] [image_processor-24]: process has finished cleanly [pid 313875]
[INFO] [image_processor-22]: process has finished cleanly [pid 313871]
[INFO] [robot_state_publisher-17]: process has finished cleanly [pid 313508]
[INFO] [robot_state_publisher-14]: process has finished cleanly [pid 313502]
[INFO] [robot_state_publisher-11]: process has finished cleanly [pid 313496]
[INFO] [robot_state_publisher-8]: process has finished cleanly [pid 313489]
[INFO] [robot_state_publisher-5]: process has finished cleanly [pid 313482]
[coverage_counter-2] Traceback (most recent call last):
[coverage_counter-2]   File "/home/ecem/ros2_ws/install/swarm_basics/lib/python3.10/site-packages/swarm_basics/coverage_counter.py", line 418, in main
[coverage_counter-2]     rclpy.spin(node)
[coverage_counter-2]   File "/opt/ros/humble/local/lib/python3.10/dist-packages/rclpy/__init__.py", line 229, in spin
[coverage_counter-2]     executor.spin_once()
[coverage_counter-2]   File "/opt/ros/humble/local/lib/python3.10/dist-packages/rclpy/executors.py", line 773, in spin_once
[coverage_counter-2]     self._spin_once_impl(timeout_sec)
[coverage_counter-2]   File "/opt/ros/humble/local/lib/python3.10/dist-packages/rclpy/executors.py", line 768, in _spin_once_impl
[coverage_counter-2]     handler()
[coverage_counter-2]   File "/opt/ros/humble/local/lib/python3.10/dist-packages/rclpy/task.py", line 254, in __call__
[coverage_counter-2]     self._handler.send(None)
[coverage_counter-2]   File "/opt/ros/humble/local/lib/python3.10/dist-packages/rclpy/executors.py", line 463, in handler
[coverage_counter-2]     await call_coroutine(entity, arg)
[coverage_counter-2]   File "/opt/ros/humble/local/lib/python3.10/dist-packages/rclpy/executors.py", line 371, in _execute_timer
[coverage_counter-2]     await await_or_execute(tmr.callback)
[coverage_counter-2]   File "/opt/ros/humble/local/lib/python3.10/dist-packages/rclpy/executors.py", line 107, in await_or_execute
[coverage_counter-2]     return callback(*args)
[coverage_counter-2]   File "/home/ecem/ros2_ws/install/swarm_basics/lib/python3.10/site-packages/swarm_basics/coverage_counter.py", line 152, in _on_timeout_timer
[coverage_counter-2]     self.shutdown_and_save()
[coverage_counter-2]   File "/home/ecem/ros2_ws/install/swarm_basics/lib/python3.10/site-packages/swarm_basics/coverage_counter.py", line 174, in shutdown_and_save
[coverage_counter-2]     rclpy.shutdown()
[coverage_counter-2]   File "/opt/ros/humble/local/lib/python3.10/dist-packages/rclpy/__init__.py", line 130, in shutdown
[coverage_counter-2]     _shutdown(context=context)
[coverage_counter-2]   File "/opt/ros/humble/local/lib/python3.10/dist-packages/rclpy/utilities.py", line 58, in shutdown
[coverage_counter-2]     return context.shutdown()
[coverage_counter-2]   File "/opt/ros/humble/local/lib/python3.10/dist-packages/rclpy/context.py", line 103, in shutdown
[coverage_counter-2]     self._call_on_shutdown_callbacks()
[coverage_counter-2]   File "/opt/ros/humble/local/lib/python3.10/dist-packages/rclpy/context.py", line 92, in _call_on_shutdown_callbacks
[coverage_counter-2]     callback = weak_method()
[coverage_counter-2]   File "/opt/ros/humble/local/lib/python3.10/dist-packages/rclpy/__init__.py", line 111, in reset_executor
[coverage_counter-2]     __executor.shutdown()
[coverage_counter-2]   File "/opt/ros/humble/local/lib/python3.10/dist-packages/rclpy/executors.py", line 227, in shutdown
[coverage_counter-2]     if not self._work_tracker.wait(timeout_sec):
[coverage_counter-2]   File "/opt/ros/humble/local/lib/python3.10/dist-packages/rclpy/executors.py", line 94, in wait
[coverage_counter-2]     if not self._work_condition.wait_for(
[coverage_counter-2]   File "/usr/lib/python3.10/threading.py", line 355, in wait_for
[coverage_counter-2]     self.wait(waittime)
[coverage_counter-2]   File "/usr/lib/python3.10/threading.py", line 320, in wait
[coverage_counter-2]     waiter.acquire()
[coverage_counter-2] KeyboardInterrupt
[coverage_counter-2] 
[coverage_counter-2] During handling of the above exception, another exception occurred:
[coverage_counter-2] 
[coverage_counter-2] Traceback (most recent call last):
[coverage_counter-2]   File "/home/ecem/ros2_ws/install/swarm_basics/lib/swarm_basics/coverage_counter", line 33, in <module>
[coverage_counter-2]     sys.exit(load_entry_point('swarm-basics==0.0.0', 'console_scripts', 'coverage_counter')())
[coverage_counter-2]   File "/home/ecem/ros2_ws/install/swarm_basics/lib/python3.10/site-packages/swarm_basics/coverage_counter.py", line 421, in main
[coverage_counter-2]     node.shutdown_and_save()
[coverage_counter-2]   File "/home/ecem/ros2_ws/install/swarm_basics/lib/python3.10/site-packages/swarm_basics/coverage_counter.py", line 174, in shutdown_and_save
[coverage_counter-2]     rclpy.shutdown()
[coverage_counter-2]   File "/opt/ros/humble/local/lib/python3.10/dist-packages/rclpy/__init__.py", line 130, in shutdown
[coverage_counter-2]     _shutdown(context=context)
[coverage_counter-2]   File "/opt/ros/humble/local/lib/python3.10/dist-packages/rclpy/utilities.py", line 58, in shutdown
[coverage_counter-2]     return context.shutdown()
[coverage_counter-2]   File "/opt/ros/humble/local/lib/python3.10/dist-packages/rclpy/context.py", line 100, in shutdown
[coverage_counter-2]     raise RuntimeError('Context must be initialized before it can be shutdown')
[coverage_counter-2] RuntimeError: Context must be initialized before it can be shutdown
[bump_counter-3] Traceback (most recent call last):
[bump_counter-3]   File "/home/ecem/ros2_ws/install/swarm_basics/lib/swarm_basics/bump_counter", line 33, in <module>
[bump_counter-3]     sys.exit(load_entry_point('swarm-basics==0.0.0', 'console_scripts', 'bump_counter')())
[bump_counter-3]   File "/home/ecem/ros2_ws/install/swarm_basics/lib/python3.10/site-packages/swarm_basics/bump_counter.py", line 384, in main
[bump_counter-3]     rclpy.shutdown()
[bump_counter-3]   File "/opt/ros/humble/local/lib/python3.10/dist-packages/rclpy/__init__.py", line 130, in shutdown
[bump_counter-3]     _shutdown(context=context)
[bump_counter-3]   File "/opt/ros/humble/local/lib/python3.10/dist-packages/rclpy/utilities.py", line 58, in shutdown
[bump_counter-3]     return context.shutdown()
[bump_counter-3]   File "/opt/ros/humble/local/lib/python3.10/dist-packages/rclpy/context.py", line 102, in shutdown
[bump_counter-3]     self.__context.shutdown()
[bump_counter-3] rclpy._rclpy_pybind11.RCLError: failed to shutdown: rcl_shutdown already called on the given context, at ./src/rcl/init.c:241
[ERROR] [coverage_counter-2]: process has died [pid 313475, exit code 1, cmd '/home/ecem/ros2_ws/install/swarm_basics/lib/swarm_basics/coverage_counter --ros-args -r __node:=coverage_counter --params-file /tmp/launch_params_o_l19948 --params-file /tmp/launch_params_7ioly5jx --params-file /tmp/launch_params_jwh0im4e --params-file /tmp/launch_params_2dyl1otn --params-file /tmp/launch_params_dp78qyhu --params-file /tmp/launch_params_c928kvwr'].
[ERROR] [bump_counter-3]: process has died [pid 313478, exit code 1, cmd '/home/ecem/ros2_ws/install/swarm_basics/lib/swarm_basics/bump_counter --ros-args -r __node:=bump_counter --params-file /tmp/launch_params_nfln3d65 --params-file /tmp/launch_params_2y5ce5va --params-file /tmp/launch_params_f8bzjhb0'].
[ERROR] [robot_supervisor-19]: process has died [pid 313520, exit code -2, cmd '/home/ecem/ros2_ws/install/swarm_basics/lib/swarm_basics/robot_supervisor --ros-args -r __node:=robot_supervisor -r __ns:=/robot_4 --params-file /tmp/launch_params_egxe96kz --params-file /tmp/launch_params_tsuixymr --params-file /tmp/launch_params_u_i64kar --params-file /tmp/launch_params__lvy4n6t'].
[ERROR] [robot_supervisor-16]: process has died [pid 313506, exit code -2, cmd '/home/ecem/ros2_ws/install/swarm_basics/lib/swarm_basics/robot_supervisor --ros-args -r __node:=robot_supervisor -r __ns:=/robot_3 --params-file /tmp/launch_params_3uq0tv7u --params-file /tmp/launch_params_xoejb1rg --params-file /tmp/launch_params_zmxoln12 --params-file /tmp/launch_params_spvak16x'].
[ERROR] [robot_supervisor-10]: process has died [pid 313494, exit code -2, cmd '/home/ecem/ros2_ws/install/swarm_basics/lib/swarm_basics/robot_supervisor --ros-args -r __node:=robot_supervisor -r __ns:=/robot_1 --params-file /tmp/launch_params_ampb8e90 --params-file /tmp/launch_params_afl7ki76 --params-file /tmp/launch_params_icdv8q9i --params-file /tmp/launch_params_dy_ag61s'].
[ERROR] [robot_supervisor-13]: process has died [pid 313500, exit code -2, cmd '/home/ecem/ros2_ws/install/swarm_basics/lib/swarm_basics/robot_supervisor --ros-args -r __node:=robot_supervisor -r __ns:=/robot_2 --params-file /tmp/launch_params_sodh37dd --params-file /tmp/launch_params_qyczp9b8 --params-file /tmp/launch_params_5edg0rj0 --params-file /tmp/launch_params__tkq1hpe'].
[ERROR] [robot_supervisor-7]: process has died [pid 313486, exit code -2, cmd '/home/ecem/ros2_ws/install/swarm_basics/lib/swarm_basics/robot_supervisor --ros-args -r __node:=robot_supervisor -r __ns:=/robot_0 --params-file /tmp/launch_params_d3qzvx6u --params-file /tmp/launch_params_evazmzxt --params-file /tmp/launch_params_ue3f3znn --params-file /tmp/launch_params_hr3wuql6'].
