[INFO] [launch]: All log files can be found below /home/ecem/.ros/log/2026-04-21-15-43-08-511709-ecem-pc-311017
[INFO] [launch]: Default logging verbosity is set to INFO
[INFO] [ign gazebo-1]: process started with pid [311032]
[INFO] [coverage_counter-2]: process started with pid [311035]
[INFO] [bump_counter-3]: process started with pid [311037]
[INFO] [parameter_bridge-4]: process started with pid [311039]
[INFO] [robot_state_publisher-5]: process started with pid [311041]
[INFO] [create-6]: process started with pid [311043]
[INFO] [robot_supervisor-7]: process started with pid [311045]
[INFO] [robot_state_publisher-8]: process started with pid [311048]
[INFO] [create-9]: process started with pid [311051]
[INFO] [robot_supervisor-10]: process started with pid [311053]
[INFO] [robot_state_publisher-11]: process started with pid [311055]
[INFO] [create-12]: process started with pid [311057]
[INFO] [robot_supervisor-13]: process started with pid [311059]
[INFO] [robot_state_publisher-14]: process started with pid [311061]
[INFO] [create-15]: process started with pid [311063]
[INFO] [robot_supervisor-16]: process started with pid [311065]
[INFO] [robot_state_publisher-17]: process started with pid [311068]
[INFO] [create-18]: process started with pid [311078]
[INFO] [robot_supervisor-19]: process started with pid [311080]
[INFO] [parameter_bridge-20]: process started with pid [311082]
[parameter_bridge-4] [ros_ign_bridge] is deprecated! Redirecting to use [ros_gz_bridge] instead!
[parameter_bridge-4] 
[create-9] [INFO] [1776778988.945130895] [robot_1.ros_gz_sim]: Requesting list of world names.
[create-6] [INFO] [1776778988.945254907] [robot_0.ros_gz_sim]: Requesting list of world names.
[create-15] [INFO] [1776778988.945254914] [robot_3.ros_gz_sim]: Requesting list of world names.
[create-12] [INFO] [1776778988.947698874] [robot_2.ros_gz_sim]: Requesting list of world names.
[create-18] [INFO] [1776778988.948999449] [robot_4.ros_gz_sim]: Requesting list of world names.
[parameter_bridge-4] [INFO] [1776778988.954470216] [all_robots_bridge]: Creating ROS->GZ Bridge: [/robot_0/cmd_vel (geometry_msgs/msg/Twist) -> /robot_0/cmd_vel (ignition.msgs.Twist)] (Lazy 0)
[parameter_bridge-4] [INFO] [1776778988.955608555] [all_robots_bridge]: Creating GZ->ROS Bridge: [/robot_0/odom (ignition.msgs.Odometry) -> /robot_0/odom (nav_msgs/msg/Odometry)] (Lazy 0)
[parameter_bridge-4] [INFO] [1776778988.956374487] [all_robots_bridge]: Creating GZ->ROS Bridge: [/robot_0/depth_camera/depth_image (ignition.msgs.Image) -> /robot_0/depth_camera/depth_image (sensor_msgs/msg/Image)] (Lazy 0)
[parameter_bridge-4] [INFO] [1776778988.957257272] [all_robots_bridge]: Creating GZ->ROS Bridge: [/world/random_world/model/robot_0/link/robot_0/base_footprint/sensor/contact_sensor/contact (ignition.msgs.Contacts) -> /world/random_world/model/robot_0/link/robot_0/base_footprint/sensor/contact_sensor/contact (ros_gz_interfaces/msg/Contacts)] (Lazy 0)
[parameter_bridge-4] [INFO] [1776778988.958272639] [all_robots_bridge]: Creating ROS->GZ Bridge: [/robot_1/cmd_vel (geometry_msgs/msg/Twist) -> /robot_1/cmd_vel (ignition.msgs.Twist)] (Lazy 0)
[parameter_bridge-4] [INFO] [1776778988.959394182] [all_robots_bridge]: Creating GZ->ROS Bridge: [/robot_1/odom (ignition.msgs.Odometry) -> /robot_1/odom (nav_msgs/msg/Odometry)] (Lazy 0)
[parameter_bridge-4] [INFO] [1776778988.960595625] [all_robots_bridge]: Creating GZ->ROS Bridge: [/robot_1/depth_camera/depth_image (ignition.msgs.Image) -> /robot_1/depth_camera/depth_image (sensor_msgs/msg/Image)] (Lazy 0)
[parameter_bridge-4] [INFO] [1776778988.961792652] [all_robots_bridge]: Creating GZ->ROS Bridge: [/world/random_world/model/robot_1/link/robot_1/base_footprint/sensor/contact_sensor/contact (ignition.msgs.Contacts) -> /world/random_world/model/robot_1/link/robot_1/base_footprint/sensor/contact_sensor/contact (ros_gz_interfaces/msg/Contacts)] (Lazy 0)
[parameter_bridge-4] [INFO] [1776778988.963119467] [all_robots_bridge]: Creating ROS->GZ Bridge: [/robot_2/cmd_vel (geometry_msgs/msg/Twist) -> /robot_2/cmd_vel (ignition.msgs.Twist)] (Lazy 0)
[parameter_bridge-4] [INFO] [1776778988.964023450] [all_robots_bridge]: Creating GZ->ROS Bridge: [/robot_2/odom (ignition.msgs.Odometry) -> /robot_2/odom (nav_msgs/msg/Odometry)] (Lazy 0)
[robot_state_publisher-5] [INFO] [1776778988.964901118] [robot_0.robot_state_publisher]: got segment robot_0/antenna_link
[robot_state_publisher-5] [INFO] [1776778988.965020193] [robot_0.robot_state_publisher]: got segment robot_0/base_footprint
[robot_state_publisher-5] [INFO] [1776778988.965036908] [robot_0.robot_state_publisher]: got segment robot_0/base_link
[robot_state_publisher-5] [INFO] [1776778988.965046828] [robot_0.robot_state_publisher]: got segment robot_0/realsense_link
[robot_state_publisher-5] [INFO] [1776778988.965055232] [robot_0.robot_state_publisher]: got segment robot_0/rocker_L_link
[robot_state_publisher-5] [INFO] [1776778988.965063035] [robot_0.robot_state_publisher]: got segment robot_0/rocker_R_link
[robot_state_publisher-5] [INFO] [1776778988.965070771] [robot_0.robot_state_publisher]: got segment robot_0/wheel_FL_link
[robot_state_publisher-5] [INFO] [1776778988.965078592] [robot_0.robot_state_publisher]: got segment robot_0/wheel_FR_link
[robot_state_publisher-5] [INFO] [1776778988.965086297] [robot_0.robot_state_publisher]: got segment robot_0/wheel_RL_link
[robot_state_publisher-5] [INFO] [1776778988.965093998] [robot_0.robot_state_publisher]: got segment robot_0/wheel_RR_link
[parameter_bridge-4] [INFO] [1776778988.964961771] [all_robots_bridge]: Creating GZ->ROS Bridge: [/robot_2/depth_camera/depth_image (ignition.msgs.Image) -> /robot_2/depth_camera/depth_image (sensor_msgs/msg/Image)] (Lazy 0)
[parameter_bridge-4] [INFO] [1776778988.965863523] [all_robots_bridge]: Creating GZ->ROS Bridge: [/world/random_world/model/robot_2/link/robot_2/base_footprint/sensor/contact_sensor/contact (ignition.msgs.Contacts) -> /world/random_world/model/robot_2/link/robot_2/base_footprint/sensor/contact_sensor/contact (ros_gz_interfaces/msg/Contacts)] (Lazy 0)
[parameter_bridge-4] [INFO] [1776778988.966937662] [all_robots_bridge]: Creating ROS->GZ Bridge: [/robot_3/cmd_vel (geometry_msgs/msg/Twist) -> /robot_3/cmd_vel (ignition.msgs.Twist)] (Lazy 0)
[parameter_bridge-4] [INFO] [1776778988.967443072] [all_robots_bridge]: Creating GZ->ROS Bridge: [/robot_3/odom (ignition.msgs.Odometry) -> /robot_3/odom (nav_msgs/msg/Odometry)] (Lazy 0)
[robot_state_publisher-17] [INFO] [1776778988.967727465] [robot_4.robot_state_publisher]: got segment robot_4/antenna_link
[robot_state_publisher-17] [INFO] [1776778988.967912855] [robot_4.robot_state_publisher]: got segment robot_4/base_footprint
[robot_state_publisher-17] [INFO] [1776778988.967965111] [robot_4.robot_state_publisher]: got segment robot_4/base_link
[robot_state_publisher-17] [INFO] [1776778988.967982523] [robot_4.robot_state_publisher]: got segment robot_4/realsense_link
[robot_state_publisher-17] [INFO] [1776778988.967989550] [robot_4.robot_state_publisher]: got segment robot_4/rocker_L_link
[robot_state_publisher-17] [INFO] [1776778988.967995652] [robot_4.robot_state_publisher]: got segment robot_4/rocker_R_link
[robot_state_publisher-17] [INFO] [1776778988.968000857] [robot_4.robot_state_publisher]: got segment robot_4/wheel_FL_link
[robot_state_publisher-17] [INFO] [1776778988.968006825] [robot_4.robot_state_publisher]: got segment robot_4/wheel_FR_link
[robot_state_publisher-17] [INFO] [1776778988.968012354] [robot_4.robot_state_publisher]: got segment robot_4/wheel_RL_link
[robot_state_publisher-17] [INFO] [1776778988.968017991] [robot_4.robot_state_publisher]: got segment robot_4/wheel_RR_link
[parameter_bridge-4] [INFO] [1776778988.967963441] [all_robots_bridge]: Creating GZ->ROS Bridge: [/robot_3/depth_camera/depth_image (ignition.msgs.Image) -> /robot_3/depth_camera/depth_image (sensor_msgs/msg/Image)] (Lazy 0)
[parameter_bridge-4] [INFO] [1776778988.968477343] [all_robots_bridge]: Creating GZ->ROS Bridge: [/world/random_world/model/robot_3/link/robot_3/base_footprint/sensor/contact_sensor/contact (ignition.msgs.Contacts) -> /world/random_world/model/robot_3/link/robot_3/base_footprint/sensor/contact_sensor/contact (ros_gz_interfaces/msg/Contacts)] (Lazy 0)
[parameter_bridge-4] [INFO] [1776778988.969068825] [all_robots_bridge]: Creating ROS->GZ Bridge: [/robot_4/cmd_vel (geometry_msgs/msg/Twist) -> /robot_4/cmd_vel (ignition.msgs.Twist)] (Lazy 0)
[robot_state_publisher-14] [INFO] [1776778988.969203426] [robot_3.robot_state_publisher]: got segment robot_3/antenna_link
[robot_state_publisher-14] [INFO] [1776778988.969286264] [robot_3.robot_state_publisher]: got segment robot_3/base_footprint
[robot_state_publisher-14] [INFO] [1776778988.969296951] [robot_3.robot_state_publisher]: got segment robot_3/base_link
[robot_state_publisher-14] [INFO] [1776778988.969303077] [robot_3.robot_state_publisher]: got segment robot_3/realsense_link
[robot_state_publisher-14] [INFO] [1776778988.969308482] [robot_3.robot_state_publisher]: got segment robot_3/rocker_L_link
[robot_state_publisher-14] [INFO] [1776778988.969313703] [robot_3.robot_state_publisher]: got segment robot_3/rocker_R_link
[robot_state_publisher-14] [INFO] [1776778988.969319135] [robot_3.robot_state_publisher]: got segment robot_3/wheel_FL_link
[robot_state_publisher-14] [INFO] [1776778988.969324972] [robot_3.robot_state_publisher]: got segment robot_3/wheel_FR_link
[robot_state_publisher-14] [INFO] [1776778988.969330925] [robot_3.robot_state_publisher]: got segment robot_3/wheel_RL_link
[robot_state_publisher-14] [INFO] [1776778988.969336564] [robot_3.robot_state_publisher]: got segment robot_3/wheel_RR_link
[parameter_bridge-4] [INFO] [1776778988.969357765] [all_robots_bridge]: Creating GZ->ROS Bridge: [/robot_4/odom (ignition.msgs.Odometry) -> /robot_4/odom (nav_msgs/msg/Odometry)] (Lazy 0)
[parameter_bridge-4] [INFO] [1776778988.969672638] [all_robots_bridge]: Creating GZ->ROS Bridge: [/robot_4/depth_camera/depth_image (ignition.msgs.Image) -> /robot_4/depth_camera/depth_image (sensor_msgs/msg/Image)] (Lazy 0)
[parameter_bridge-4] [INFO] [1776778988.969969873] [all_robots_bridge]: Creating GZ->ROS Bridge: [/world/random_world/model/robot_4/link/robot_4/base_footprint/sensor/contact_sensor/contact (ignition.msgs.Contacts) -> /world/random_world/model/robot_4/link/robot_4/base_footprint/sensor/contact_sensor/contact (ros_gz_interfaces/msg/Contacts)] (Lazy 0)
[parameter_bridge-4] [INFO] [1776778988.970394623] [all_robots_bridge]: Creating GZ->ROS Bridge: [/world/random_world/dynamic_pose/info (ignition.msgs.Pose_V) -> /world/random_world/dynamic_pose/info (tf2_msgs/msg/TFMessage)] (Lazy 0)
[parameter_bridge-20] [INFO] [1776778988.975819289] [clock_bridge]: Creating GZ->ROS Bridge: [/clock (ignition.msgs.Clock) -> /clock (rosgraph_msgs/msg/Clock)] (Lazy 0)
[robot_state_publisher-11] [INFO] [1776778988.977588606] [robot_2.robot_state_publisher]: got segment robot_2/antenna_link
[robot_state_publisher-11] [INFO] [1776778988.977650575] [robot_2.robot_state_publisher]: got segment robot_2/base_footprint
[robot_state_publisher-11] [INFO] [1776778988.977656901] [robot_2.robot_state_publisher]: got segment robot_2/base_link
[robot_state_publisher-11] [INFO] [1776778988.977660409] [robot_2.robot_state_publisher]: got segment robot_2/realsense_link
[robot_state_publisher-11] [INFO] [1776778988.977663605] [robot_2.robot_state_publisher]: got segment robot_2/rocker_L_link
[robot_state_publisher-11] [INFO] [1776778988.977666778] [robot_2.robot_state_publisher]: got segment robot_2/rocker_R_link
[robot_state_publisher-11] [INFO] [1776778988.977669823] [robot_2.robot_state_publisher]: got segment robot_2/wheel_FL_link
[robot_state_publisher-11] [INFO] [1776778988.977672908] [robot_2.robot_state_publisher]: got segment robot_2/wheel_FR_link
[robot_state_publisher-11] [INFO] [1776778988.977675709] [robot_2.robot_state_publisher]: got segment robot_2/wheel_RL_link
[robot_state_publisher-11] [INFO] [1776778988.977678703] [robot_2.robot_state_publisher]: got segment robot_2/wheel_RR_link
[robot_state_publisher-8] [INFO] [1776778988.981429164] [robot_1.robot_state_publisher]: got segment robot_1/antenna_link
[robot_state_publisher-8] [INFO] [1776778988.981491531] [robot_1.robot_state_publisher]: got segment robot_1/base_footprint
[robot_state_publisher-8] [INFO] [1776778988.981497019] [robot_1.robot_state_publisher]: got segment robot_1/base_link
[robot_state_publisher-8] [INFO] [1776778988.981500800] [robot_1.robot_state_publisher]: got segment robot_1/realsense_link
[robot_state_publisher-8] [INFO] [1776778988.981504201] [robot_1.robot_state_publisher]: got segment robot_1/rocker_L_link
[robot_state_publisher-8] [INFO] [1776778988.981507275] [robot_1.robot_state_publisher]: got segment robot_1/rocker_R_link
[robot_state_publisher-8] [INFO] [1776778988.981510139] [robot_1.robot_state_publisher]: got segment robot_1/wheel_FL_link
[robot_state_publisher-8] [INFO] [1776778988.981513044] [robot_1.robot_state_publisher]: got segment robot_1/wheel_FR_link
[robot_state_publisher-8] [INFO] [1776778988.981515853] [robot_1.robot_state_publisher]: got segment robot_1/wheel_RL_link
[robot_state_publisher-8] [INFO] [1776778988.981518788] [robot_1.robot_state_publisher]: got segment robot_1/wheel_RR_link
[bump_counter-3] [INFO] [1776778989.162063160] [bump_counter]: [global] global_mode=True cooldown(robot)=0.80s cooldown(obs)=0.50s Logging to /home/ecem/ros2_ws/src/Leo_sct/results_exp/explore/medium/prompt_5/run_10/spread/trial_1/run_20260421_154308/bumps_global_154309.csv
[robot_supervisor-13] [INFO] [1776778989.267857679] [robot_2.robot_supervisor]: Loaded initial mission 'explore' from explicit YAML explore_sup_gpt_medium_5_run_10_166.yaml
[robot_supervisor-7] [INFO] [1776778989.299976759] [robot_0.robot_supervisor]: Loaded initial mission 'explore' from explicit YAML explore_sup_gpt_medium_5_run_10_166.yaml
[robot_supervisor-16] [INFO] [1776778989.308964188] [robot_3.robot_supervisor]: Loaded initial mission 'explore' from explicit YAML explore_sup_gpt_medium_5_run_10_166.yaml
[robot_supervisor-19] [INFO] [1776778989.352173410] [robot_4.robot_supervisor]: Loaded initial mission 'explore' from explicit YAML explore_sup_gpt_medium_5_run_10_166.yaml
[robot_supervisor-10] [INFO] [1776778989.358591333] [robot_1.robot_supervisor]: Loaded initial mission 'explore' from explicit YAML explore_sup_gpt_medium_5_run_10_166.yaml
[parameter_bridge-4] [INFO] [1776778989.384875674] [all_robots_bridge]: Passing message from ROS geometry_msgs/msg/Twist to Gazebo gz.msgs.Twist (showing msg only once per type)
[create-12] [INFO] [1776778989.486198073] [robot_2.ros_gz_sim]: Waiting messages on topic [/robot_2/robot_description].
[create-9] [INFO] [1776778989.586428975] [robot_1.ros_gz_sim]: Waiting messages on topic [/robot_1/robot_description].
[create-6] [INFO] [1776778989.687633503] [robot_0.ros_gz_sim]: Waiting messages on topic [/robot_0/robot_description].
[create-15] [INFO] [1776778989.787735023] [robot_3.ros_gz_sim]: Waiting messages on topic [/robot_3/robot_description].
[create-6] [INFO] [1776778989.886667620] [robot_0.ros_gz_sim]: Requested creation of entity.
[create-6] [INFO] [1776778989.886732128] [robot_0.ros_gz_sim]: OK creation of entity.
[create-9] [INFO] [1776778989.886741655] [robot_1.ros_gz_sim]: Requested creation of entity.
[create-9] [INFO] [1776778989.886794214] [robot_1.ros_gz_sim]: OK creation of entity.
[create-12] [INFO] [1776778989.886785647] [robot_2.ros_gz_sim]: Requested creation of entity.
[create-12] [INFO] [1776778989.886835113] [robot_2.ros_gz_sim]: OK creation of entity.
[create-15] [INFO] [1776778989.886930277] [robot_3.ros_gz_sim]: Requested creation of entity.
[create-15] [INFO] [1776778989.886982147] [robot_3.ros_gz_sim]: OK creation of entity.
[create-18] [INFO] [1776778989.887739835] [robot_4.ros_gz_sim]: Waiting messages on topic [/robot_4/robot_description].
[create-18] [INFO] [1776778989.891193665] [robot_4.ros_gz_sim]: Requested creation of entity.
[create-18] [INFO] [1776778989.891226750] [robot_4.ros_gz_sim]: OK creation of entity.
[INFO] [create-9]: process has finished cleanly [pid 311051]
[INFO] [create-6]: process has finished cleanly [pid 311043]
[INFO] [create-15]: process has finished cleanly [pid 311063]
[INFO] [create-18]: process has finished cleanly [pid 311078]
[INFO] [create-12]: process has finished cleanly [pid 311057]
[bump_counter-3] [INFO] [1776778990.210906375] [bump_counter]: [global] subscribed: /world/random_world/model/robot_0/link/robot_0/base_footprint/sensor/contact_sensor/contact
[bump_counter-3] [INFO] [1776778990.213448148] [bump_counter]: [global] subscribed: /world/random_world/model/robot_1/link/robot_1/base_footprint/sensor/contact_sensor/contact
[bump_counter-3] [INFO] [1776778990.214068131] [bump_counter]: [global] subscribed: /world/random_world/model/robot_2/link/robot_2/base_footprint/sensor/contact_sensor/contact
[bump_counter-3] [INFO] [1776778990.214596239] [bump_counter]: [global] subscribed: /world/random_world/model/robot_3/link/robot_3/base_footprint/sensor/contact_sensor/contact
[bump_counter-3] [INFO] [1776778990.215167318] [bump_counter]: [global] subscribed: /world/random_world/model/robot_4/link/robot_4/base_footprint/sensor/contact_sensor/contact
[INFO] [image_processor-21]: process started with pid [311429]
[INFO] [image_processor-22]: process started with pid [311431]
[INFO] [image_processor-23]: process started with pid [311433]
[INFO] [image_processor-24]: process started with pid [311435]
[INFO] [image_processor-25]: process started with pid [311437]
[image_processor-22] [INFO] [1776778990.966548317] [robot_1.image_processor]: image_processor: depth='/robot_1/depth_camera/depth_image' aruco_runtime=disabled
[image_processor-24] [INFO] [1776778990.966626172] [robot_3.image_processor]: image_processor: depth='/robot_3/depth_camera/depth_image' aruco_runtime=disabled
[image_processor-21] [INFO] [1776778990.967565877] [robot_0.image_processor]: image_processor: depth='/robot_0/depth_camera/depth_image' aruco_runtime=disabled
[image_processor-23] [INFO] [1776778990.969261103] [robot_2.image_processor]: image_processor: depth='/robot_2/depth_camera/depth_image' aruco_runtime=disabled
[image_processor-25] [INFO] [1776778990.972560622] [robot_4.image_processor]: image_processor: depth='/robot_4/depth_camera/depth_image' aruco_runtime=disabled
[image_processor-23] [INFO] [1776778994.440223783] [robot_2.image_processor]: Zone=CLEAR  left[p=2.745 near=0 v=5011]  front[p=1.644 near=0 v=8425]  right[p=1.700 near=0 v=6986]
[image_processor-22] [INFO] [1776778994.449343480] [robot_1.image_processor]: Zone=CLEAR  left[p=1.667 near=0 v=7650]  front[p=3.100 near=0 v=12175]  right[p=2.607 near=0 v=7450]
[image_processor-21] [INFO] [1776778994.458087265] [robot_0.image_processor]: Zone=CLEAR  left[p=0.904 near=0 v=7650]  front[p=1.356 near=0 v=13500]  right[p=1.356 near=0 v=7740]
[image_processor-24] [INFO] [1776778994.466352363] [robot_3.image_processor]: Zone=CLEAR  left[p=1.102 near=0 v=7650]  front[p=1.719 near=0 v=13500]  right[p=2.172 near=0 v=7740]
[image_processor-25] [INFO] [1776778994.480903547] [robot_4.image_processor]: Zone=CLEAR  left[p=3.196 near=0 v=6573]  front[p=2.953 near=0 v=9956]  right[p=2.658 near=0 v=5511]
[image_processor-23] [INFO] [1776778996.938957480] [robot_2.image_processor]: Zone=CLEAR
[image_processor-22] [INFO] [1776778996.948900601] [robot_1.image_processor]: Zone=CLEAR
[image_processor-21] [INFO] [1776778996.957399705] [robot_0.image_processor]: Zone=CLEAR
[image_processor-24] [INFO] [1776778996.966009895] [robot_3.image_processor]: Zone=CLEAR
[image_processor-25] [INFO] [1776778996.980433960] [robot_4.image_processor]: Zone=CLEAR
[image_processor-23] [INFO] [1776778999.437877490] [robot_2.image_processor]: Zone=CLEAR
[image_processor-22] [INFO] [1776778999.449841214] [robot_1.image_processor]: Zone=CLEAR
[image_processor-21] [INFO] [1776778999.456212670] [robot_0.image_processor]: Zone=CLEAR
[image_processor-24] [INFO] [1776778999.464216889] [robot_3.image_processor]: Zone=CLEAR
[image_processor-25] [INFO] [1776778999.580372784] [robot_4.image_processor]: Zone=CLEAR
[image_processor-23] [INFO] [1776779001.937378003] [robot_2.image_processor]: Zone=CLEAR
[image_processor-22] [INFO] [1776779001.944556282] [robot_1.image_processor]: Zone=CLEAR
[image_processor-21] [INFO] [1776779001.952758601] [robot_0.image_processor]: Zone=CLEAR
[image_processor-25] [INFO] [1776779001.978255072] [robot_4.image_processor]: Zone=CLEAR
[image_processor-24] [INFO] [1776779002.064599623] [robot_3.image_processor]: Zone=CLEAR
[image_processor-23] [INFO] [1776779004.436935118] [robot_2.image_processor]: Zone=CLEAR
[image_processor-22] [INFO] [1776779004.443558648] [robot_1.image_processor]: Zone=CLEAR
[image_processor-21] [INFO] [1776779004.452387679] [robot_0.image_processor]: Zone=CLEAR
[image_processor-25] [INFO] [1776779004.474585081] [robot_4.image_processor]: Zone=CLEAR
[image_processor-24] [INFO] [1776779004.563416664] [robot_3.image_processor]: Zone=CLEAR
[image_processor-23] [INFO] [1776779006.937847100] [robot_2.image_processor]: Zone=CLEAR
[image_processor-22] [INFO] [1776779006.945337628] [robot_1.image_processor]: Zone=CLEAR
[image_processor-21] [INFO] [1776779006.952142028] [robot_0.image_processor]: Zone=CLEAR
[image_processor-24] [INFO] [1776779006.960889357] [robot_3.image_processor]: Zone=CLEAR
[image_processor-25] [INFO] [1776779006.974400684] [robot_4.image_processor]: Zone=CLEAR
[image_processor-22] [INFO] [1776779009.445380700] [robot_1.image_processor]: Zone=CLEAR
[image_processor-24] [INFO] [1776779009.459987044] [robot_3.image_processor]: Zone=CLEAR
[image_processor-25] [INFO] [1776779009.473962828] [robot_4.image_processor]: Zone=CLEAR
[image_processor-23] [INFO] [1776779009.538735889] [robot_2.image_processor]: Zone=CLEAR
[image_processor-21] [INFO] [1776779009.552213678] [robot_0.image_processor]: Zone=CLEAR
[image_processor-23] [INFO] [1776779011.937918415] [robot_2.image_processor]: Zone=CLEAR
[image_processor-22] [INFO] [1776779011.946184659] [robot_1.image_processor]: Zone=CLEAR
[image_processor-21] [INFO] [1776779011.954211885] [robot_0.image_processor]: Zone=CLEAR
[image_processor-24] [INFO] [1776779011.962685678] [robot_3.image_processor]: Zone=CLEAR
[image_processor-25] [INFO] [1776779011.976810349] [robot_4.image_processor]: Zone=CLEAR
[image_processor-23] [INFO] [1776779014.437403010] [robot_2.image_processor]: Zone=CLEAR
[image_processor-22] [INFO] [1776779014.445179216] [robot_1.image_processor]: Zone=CLEAR
[image_processor-21] [INFO] [1776779014.453529517] [robot_0.image_processor]: Zone=CLEAR
[image_processor-24] [INFO] [1776779014.461430083] [robot_3.image_processor]: Zone=CLEAR
[image_processor-25] [INFO] [1776779014.476877402] [robot_4.image_processor]: Zone=CLEAR
[image_processor-23] [INFO] [1776779016.937441678] [robot_2.image_processor]: Zone=CLEAR
[image_processor-22] [INFO] [1776779016.945693358] [robot_1.image_processor]: Zone=CLEAR
[image_processor-21] [INFO] [1776779016.953147346] [robot_0.image_processor]: Zone=CLEAR
[image_processor-24] [INFO] [1776779016.963299589] [robot_3.image_processor]: Zone=CLEAR
[image_processor-25] [INFO] [1776779016.976268047] [robot_4.image_processor]: Zone=CLEAR
[image_processor-23] [INFO] [1776779019.440016857] [robot_2.image_processor]: Zone=CLEAR
[image_processor-21] [INFO] [1776779019.455016912] [robot_0.image_processor]: Zone=CLEAR
[image_processor-24] [INFO] [1776779019.464091248] [robot_3.image_processor]: Zone=CLEAR
[image_processor-25] [INFO] [1776779019.478438984] [robot_4.image_processor]: Zone=CLEAR
[image_processor-22] [INFO] [1776779019.549419815] [robot_1.image_processor]: Zone=CLEAR
[image_processor-23] [INFO] [1776779021.938970865] [robot_2.image_processor]: Zone=CLEAR
[image_processor-22] [INFO] [1776779021.946319576] [robot_1.image_processor]: Zone=CLEAR
[image_processor-21] [INFO] [1776779021.953822927] [robot_0.image_processor]: Zone=CLEAR
[image_processor-24] [INFO] [1776779021.961899395] [robot_3.image_processor]: Zone=CLEAR
[image_processor-25] [INFO] [1776779021.977208168] [robot_4.image_processor]: Zone=CLEAR
[image_processor-23] [INFO] [1776779024.437713752] [robot_2.image_processor]: Zone=CLEAR
[image_processor-22] [INFO] [1776779024.444508044] [robot_1.image_processor]: Zone=CLEAR
[image_processor-21] [INFO] [1776779024.453586497] [robot_0.image_processor]: Zone=CLEAR
[image_processor-24] [INFO] [1776779024.463710120] [robot_3.image_processor]: Zone=CLEAR
[image_processor-25] [INFO] [1776779024.478061837] [robot_4.image_processor]: Zone=CLEAR
[image_processor-23] [INFO] [1776779026.937059144] [robot_2.image_processor]: Zone=CLEAR
[image_processor-22] [INFO] [1776779026.946425849] [robot_1.image_processor]: Zone=CLEAR
[image_processor-21] [INFO] [1776779026.954481099] [robot_0.image_processor]: Zone=CLEAR
[image_processor-24] [INFO] [1776779026.964954062] [robot_3.image_processor]: Zone=CLEAR
[image_processor-25] [INFO] [1776779026.981584560] [robot_4.image_processor]: Zone=CLEAR
[image_processor-23] [INFO] [1776779029.437796457] [robot_2.image_processor]: Zone=CLEAR
[image_processor-22] [INFO] [1776779029.446455315] [robot_1.image_processor]: Zone=CLEAR
[image_processor-21] [INFO] [1776779029.452477093] [robot_0.image_processor]: Zone=CLEAR
[image_processor-24] [INFO] [1776779029.462293741] [robot_3.image_processor]: Zone=CLEAR
[image_processor-25] [INFO] [1776779029.479451002] [robot_4.image_processor]: Zone=CLEAR
[image_processor-23] [INFO] [1776779031.938456605] [robot_2.image_processor]: Zone=CLEAR
[image_processor-22] [INFO] [1776779031.945261065] [robot_1.image_processor]: Zone=CLEAR
[image_processor-21] [INFO] [1776779031.953239788] [robot_0.image_processor]: Zone=CLEAR
[image_processor-24] [INFO] [1776779031.964715092] [robot_3.image_processor]: Zone=CLEAR
[image_processor-25] [INFO] [1776779031.979761368] [robot_4.image_processor]: Zone=CLEAR
[image_processor-23] [INFO] [1776779034.438115867] [robot_2.image_processor]: Zone=CLEAR
[image_processor-22] [INFO] [1776779034.445643198] [robot_1.image_processor]: Zone=CLEAR
[image_processor-21] [INFO] [1776779034.454583125] [robot_0.image_processor]: Zone=CLEAR
[image_processor-25] [INFO] [1776779034.478742688] [robot_4.image_processor]: Zone=CLEAR
[image_processor-24] [INFO] [1776779034.566904338] [robot_3.image_processor]: Zone=CLEAR
[image_processor-23] [INFO] [1776779036.937664515] [robot_2.image_processor]: Zone=CLEAR
[image_processor-22] [INFO] [1776779036.946760901] [robot_1.image_processor]: Zone=CLEAR
[image_processor-21] [INFO] [1776779036.953375461] [robot_0.image_processor]: Zone=CLEAR
[image_processor-24] [INFO] [1776779036.964521325] [robot_3.image_processor]: Zone=CLEAR
[image_processor-25] [INFO] [1776779036.979546591] [robot_4.image_processor]: Zone=CLEAR
[image_processor-23] [INFO] [1776779039.438627340] [robot_2.image_processor]: Zone=CLEAR
[image_processor-22] [INFO] [1776779039.447127132] [robot_1.image_processor]: Zone=CLEAR
[image_processor-24] [INFO] [1776779039.462888392] [robot_3.image_processor]: Zone=CLEAR
[image_processor-25] [INFO] [1776779039.477769508] [robot_4.image_processor]: Zone=CLEAR
[image_processor-21] [INFO] [1776779039.556312416] [robot_0.image_processor]: Zone=CLEAR
[image_processor-23] [INFO] [1776779041.938205358] [robot_2.image_processor]: Zone=CLEAR
[image_processor-22] [INFO] [1776779041.945756528] [robot_1.image_processor]: Zone=CLEAR
[image_processor-21] [INFO] [1776779041.953650057] [robot_0.image_processor]: Zone=CLEAR
[image_processor-24] [INFO] [1776779041.963372317] [robot_3.image_processor]: Zone=CLEAR
[image_processor-25] [INFO] [1776779041.977792279] [robot_4.image_processor]: Zone=CLEAR
[image_processor-23] [INFO] [1776779044.438621724] [robot_2.image_processor]: Zone=CLEAR
[image_processor-22] [INFO] [1776779044.445022010] [robot_1.image_processor]: Zone=CLEAR
[image_processor-21] [INFO] [1776779044.453520052] [robot_0.image_processor]: Zone=CLEAR
[image_processor-24] [INFO] [1776779044.462208285] [robot_3.image_processor]: Zone=CLEAR
[image_processor-25] [INFO] [1776779044.475776007] [robot_4.image_processor]: Zone=CLEAR
[image_processor-23] [INFO] [1776779046.937730135] [robot_2.image_processor]: Zone=CLEAR
[image_processor-22] [INFO] [1776779046.945766050] [robot_1.image_processor]: Zone=CLEAR
[image_processor-21] [INFO] [1776779046.955036723] [robot_0.image_processor]: Zone=CLEAR
[image_processor-24] [INFO] [1776779046.964079764] [robot_3.image_processor]: Zone=CLEAR
[image_processor-25] [INFO] [1776779046.978491623] [robot_4.image_processor]: Zone=CLEAR
[image_processor-23] [INFO] [1776779049.439671682] [robot_2.image_processor]: Zone=CLEAR
[image_processor-22] [INFO] [1776779049.448433185] [robot_1.image_processor]: Zone=CLEAR
[image_processor-21] [INFO] [1776779049.457091704] [robot_0.image_processor]: Zone=CLEAR
[image_processor-24] [INFO] [1776779049.465712990] [robot_3.image_processor]: Zone=CLEAR
[image_processor-25] [INFO] [1776779049.480687792] [robot_4.image_processor]: Zone=CLEAR
[image_processor-23] [INFO] [1776779051.939844302] [robot_2.image_processor]: Zone=CLEAR
[image_processor-22] [INFO] [1776779051.946046016] [robot_1.image_processor]: Zone=CLEAR
[image_processor-21] [INFO] [1776779051.953923010] [robot_0.image_processor]: Zone=CLEAR
[image_processor-24] [INFO] [1776779051.962433701] [robot_3.image_processor]: Zone=CLEAR
[image_processor-25] [INFO] [1776779051.976727057] [robot_4.image_processor]: Zone=CLEAR
[image_processor-23] [INFO] [1776779054.437913720] [robot_2.image_processor]: Zone=CLEAR
[image_processor-22] [INFO] [1776779054.444420704] [robot_1.image_processor]: Zone=CLEAR
[image_processor-21] [INFO] [1776779054.454062054] [robot_0.image_processor]: Zone=CLEAR
[image_processor-24] [INFO] [1776779054.463254665] [robot_3.image_processor]: Zone=CLEAR
[image_processor-25] [INFO] [1776779054.478053754] [robot_4.image_processor]: Zone=CLEAR
[image_processor-23] [INFO] [1776779056.938080925] [robot_2.image_processor]: Zone=CLEAR
[image_processor-22] [INFO] [1776779056.944670066] [robot_1.image_processor]: Zone=CLEAR
[image_processor-21] [INFO] [1776779056.953225525] [robot_0.image_processor]: Zone=CLEAR
[image_processor-24] [INFO] [1776779056.965183494] [robot_3.image_processor]: Zone=CLEAR
[image_processor-25] [INFO] [1776779056.982095521] [robot_4.image_processor]: Zone=CLEAR
[image_processor-23] [INFO] [1776779059.439034184] [robot_2.image_processor]: Zone=CLEAR
[image_processor-22] [INFO] [1776779059.445919168] [robot_1.image_processor]: Zone=CLEAR
[image_processor-21] [INFO] [1776779059.453757661] [robot_0.image_processor]: Zone=CLEAR
[image_processor-24] [INFO] [1776779059.461480093] [robot_3.image_processor]: Zone=CLEAR
[image_processor-25] [INFO] [1776779059.476339019] [robot_4.image_processor]: Zone=CLEAR
[image_processor-23] [INFO] [1776779061.938202628] [robot_2.image_processor]: Zone=CLEAR
[image_processor-22] [INFO] [1776779061.947212691] [robot_1.image_processor]: Zone=CLEAR
[image_processor-21] [INFO] [1776779061.952828350] [robot_0.image_processor]: Zone=CLEAR
[image_processor-24] [INFO] [1776779061.961560534] [robot_3.image_processor]: Zone=CLEAR
[image_processor-25] [INFO] [1776779061.975407798] [robot_4.image_processor]: Zone=CLEAR
[image_processor-23] [INFO] [1776779064.440916765] [robot_2.image_processor]: Zone=CLEAR
[image_processor-22] [INFO] [1776779064.449886008] [robot_1.image_processor]: Zone=CLEAR
[image_processor-21] [INFO] [1776779064.457662224] [robot_0.image_processor]: Zone=CLEAR
[image_processor-24] [INFO] [1776779064.468366756] [robot_3.image_processor]: Zone=CLEAR
[image_processor-25] [INFO] [1776779064.481951364] [robot_4.image_processor]: Zone=CLEAR
[image_processor-23] [INFO] [1776779066.937938282] [robot_2.image_processor]: Zone=CLEAR
[image_processor-22] [INFO] [1776779066.944661078] [robot_1.image_processor]: Zone=CLEAR
[image_processor-21] [INFO] [1776779066.952471469] [robot_0.image_processor]: Zone=CLEAR
[image_processor-24] [INFO] [1776779066.961547015] [robot_3.image_processor]: Zone=CLEAR
[image_processor-25] [INFO] [1776779066.975143628] [robot_4.image_processor]: Zone=CLEAR
[image_processor-23] [INFO] [1776779069.439370101] [robot_2.image_processor]: Zone=CLEAR
[image_processor-22] [INFO] [1776779069.446585396] [robot_1.image_processor]: Zone=CLEAR
[image_processor-21] [INFO] [1776779069.453716339] [robot_0.image_processor]: Zone=CLEAR
[image_processor-24] [INFO] [1776779069.463512331] [robot_3.image_processor]: Zone=CLEAR
[image_processor-25] [INFO] [1776779069.477062366] [robot_4.image_processor]: Zone=CLEAR
[image_processor-23] [INFO] [1776779071.936972004] [robot_2.image_processor]: Zone=CLEAR
[image_processor-22] [INFO] [1776779071.943936452] [robot_1.image_processor]: Zone=CLEAR
[image_processor-24] [INFO] [1776779071.960434063] [robot_3.image_processor]: Zone=CLEAR
[image_processor-25] [INFO] [1776779071.974844270] [robot_4.image_processor]: Zone=CLEAR
[image_processor-21] [INFO] [1776779072.053887099] [robot_0.image_processor]: Zone=CLEAR
[image_processor-23] [INFO] [1776779074.438793050] [robot_2.image_processor]: Zone=CLEAR
[image_processor-22] [INFO] [1776779074.446297495] [robot_1.image_processor]: Zone=CLEAR
[image_processor-21] [INFO] [1776779074.453774089] [robot_0.image_processor]: Zone=CLEAR
[image_processor-24] [INFO] [1776779074.463655395] [robot_3.image_processor]: Zone=CLEAR
[image_processor-25] [INFO] [1776779074.477485502] [robot_4.image_processor]: Zone=CLEAR
[image_processor-23] [INFO] [1776779076.938105763] [robot_2.image_processor]: Zone=CLEAR
[image_processor-22] [INFO] [1776779076.946492356] [robot_1.image_processor]: Zone=CLEAR
[image_processor-21] [INFO] [1776779076.953856393] [robot_0.image_processor]: Zone=CLEAR
[image_processor-24] [INFO] [1776779076.963488390] [robot_3.image_processor]: Zone=CLEAR
[image_processor-25] [INFO] [1776779077.080469846] [robot_4.image_processor]: Zone=CLEAR
[image_processor-23] [INFO] [1776779079.438881279] [robot_2.image_processor]: Zone=CLEAR
[image_processor-22] [INFO] [1776779079.447503930] [robot_1.image_processor]: Zone=CLEAR
[image_processor-21] [INFO] [1776779079.454526481] [robot_0.image_processor]: Zone=CLEAR
[image_processor-24] [INFO] [1776779079.464055395] [robot_3.image_processor]: Zone=CLEAR
[image_processor-25] [INFO] [1776779079.479078464] [robot_4.image_processor]: Zone=CLEAR
[image_processor-23] [INFO] [1776779081.938529012] [robot_2.image_processor]: Zone=CLEAR
[image_processor-22] [INFO] [1776779082.047666051] [robot_1.image_processor]: Zone=CLEAR
[image_processor-21] [INFO] [1776779082.053335122] [robot_0.image_processor]: Zone=CLEAR
[image_processor-24] [INFO] [1776779082.062889445] [robot_3.image_processor]: Zone=CLEAR
[image_processor-25] [INFO] [1776779082.076775232] [robot_4.image_processor]: Zone=CLEAR
[image_processor-23] [INFO] [1776779084.439322640] [robot_2.image_processor]: Zone=CLEAR
[image_processor-22] [INFO] [1776779084.449356343] [robot_1.image_processor]: Zone=CLEAR
[image_processor-21] [INFO] [1776779084.456761221] [robot_0.image_processor]: Zone=CLEAR
[image_processor-24] [INFO] [1776779084.465681813] [robot_3.image_processor]: Zone=CLEAR
[image_processor-25] [INFO] [1776779084.479440283] [robot_4.image_processor]: Zone=CLEAR
[image_processor-23] [INFO] [1776779086.938390914] [robot_2.image_processor]: Zone=CLEAR
[image_processor-22] [INFO] [1776779086.944986970] [robot_1.image_processor]: Zone=CLEAR
[image_processor-21] [INFO] [1776779086.952799725] [robot_0.image_processor]: Zone=CLEAR
[image_processor-25] [INFO] [1776779086.977802803] [robot_4.image_processor]: Zone=CLEAR
[image_processor-24] [INFO] [1776779087.063357591] [robot_3.image_processor]: Zone=CLEAR
[image_processor-23] [INFO] [1776779089.438389885] [robot_2.image_processor]: Zone=CLEAR
[image_processor-22] [INFO] [1776779089.446563841] [robot_1.image_processor]: Zone=CLEAR
[image_processor-21] [INFO] [1776779089.456333885] [robot_0.image_processor]: Zone=CLEAR
[image_processor-24] [INFO] [1776779089.468819010] [robot_3.image_processor]: Zone=CLEAR
[image_processor-25] [INFO] [1776779089.482277123] [robot_4.image_processor]: Zone=CLEAR
[image_processor-23] [INFO] [1776779091.939345366] [robot_2.image_processor]: Zone=CLEAR
[image_processor-22] [INFO] [1776779091.945572249] [robot_1.image_processor]: Zone=CLEAR
[image_processor-21] [INFO] [1776779091.953906486] [robot_0.image_processor]: Zone=CLEAR
[image_processor-24] [INFO] [1776779091.966750832] [robot_3.image_processor]: Zone=CLEAR
[image_processor-25] [INFO] [1776779091.980524982] [robot_4.image_processor]: Zone=CLEAR
[image_processor-23] [INFO] [1776779094.437207611] [robot_2.image_processor]: Zone=CLEAR
[image_processor-22] [INFO] [1776779094.448323916] [robot_1.image_processor]: Zone=CLEAR
[image_processor-21] [INFO] [1776779094.457272526] [robot_0.image_processor]: Zone=CLEAR
[image_processor-24] [INFO] [1776779094.465854904] [robot_3.image_processor]: Zone=CLEAR
[image_processor-25] [INFO] [1776779094.581820543] [robot_4.image_processor]: Zone=CLEAR
[image_processor-23] [INFO] [1776779096.938248380] [robot_2.image_processor]: Zone=CLEAR
[image_processor-22] [INFO] [1776779096.945469451] [robot_1.image_processor]: Zone=CLEAR
[image_processor-21] [INFO] [1776779096.954447540] [robot_0.image_processor]: Zone=CLEAR
[image_processor-24] [INFO] [1776779096.964402088] [robot_3.image_processor]: Zone=CLEAR
[image_processor-25] [INFO] [1776779096.979677507] [robot_4.image_processor]: Zone=CLEAR
[image_processor-23] [INFO] [1776779099.438786951] [robot_2.image_processor]: Zone=CLEAR
[image_processor-22] [INFO] [1776779099.446370611] [robot_1.image_processor]: Zone=CLEAR
[image_processor-21] [INFO] [1776779099.453752178] [robot_0.image_processor]: Zone=CLEAR
[image_processor-24] [INFO] [1776779099.462428394] [robot_3.image_processor]: Zone=CLEAR
[image_processor-25] [INFO] [1776779099.476588925] [robot_4.image_processor]: Zone=CLEAR
[image_processor-23] [INFO] [1776779101.939010093] [robot_2.image_processor]: Zone=CLEAR
[image_processor-21] [INFO] [1776779101.955128889] [robot_0.image_processor]: Zone=CLEAR
[image_processor-24] [INFO] [1776779101.964612654] [robot_3.image_processor]: Zone=CLEAR
[image_processor-25] [INFO] [1776779101.978920379] [robot_4.image_processor]: Zone=CLEAR
[image_processor-22] [INFO] [1776779102.050374942] [robot_1.image_processor]: Zone=CLEAR
[image_processor-23] [INFO] [1776779104.438447703] [robot_2.image_processor]: Zone=CLEAR
[image_processor-22] [INFO] [1776779104.445776626] [robot_1.image_processor]: Zone=CLEAR
[image_processor-21] [INFO] [1776779104.452909066] [robot_0.image_processor]: Zone=CLEAR
[image_processor-24] [INFO] [1776779104.462179545] [robot_3.image_processor]: Zone=CLEAR
[image_processor-25] [INFO] [1776779104.477163688] [robot_4.image_processor]: Zone=CLEAR
[image_processor-23] [INFO] [1776779106.938837012] [robot_2.image_processor]: Zone=CLEAR
[image_processor-22] [INFO] [1776779106.946307112] [robot_1.image_processor]: Zone=CLEAR
[image_processor-21] [INFO] [1776779106.953902108] [robot_0.image_processor]: Zone=CLEAR
[image_processor-24] [INFO] [1776779106.961318027] [robot_3.image_processor]: Zone=CLEAR
[image_processor-25] [INFO] [1776779106.977354033] [robot_4.image_processor]: Zone=CLEAR
[image_processor-23] [INFO] [1776779109.437377582] [robot_2.image_processor]: Zone=CLEAR
[image_processor-22] [INFO] [1776779109.444498819] [robot_1.image_processor]: Zone=CLEAR
[image_processor-21] [INFO] [1776779109.454171255] [robot_0.image_processor]: Zone=CLEAR
[image_processor-24] [INFO] [1776779109.464174998] [robot_3.image_processor]: Zone=CLEAR
[image_processor-25] [INFO] [1776779109.478923585] [robot_4.image_processor]: Zone=CLEAR
[image_processor-23] [INFO] [1776779111.938187049] [robot_2.image_processor]: Zone=CLEAR
[image_processor-22] [INFO] [1776779111.947396235] [robot_1.image_processor]: Zone=CLEAR
[image_processor-21] [INFO] [1776779111.952987759] [robot_0.image_processor]: Zone=CLEAR
[image_processor-24] [INFO] [1776779111.961518564] [robot_3.image_processor]: Zone=CLEAR
[image_processor-25] [INFO] [1776779111.977181716] [robot_4.image_processor]: Zone=CLEAR
[image_processor-23] [INFO] [1776779114.437577302] [robot_2.image_processor]: Zone=CLEAR
[image_processor-22] [INFO] [1776779114.447440066] [robot_1.image_processor]: Zone=CLEAR
[image_processor-21] [INFO] [1776779114.453004071] [robot_0.image_processor]: Zone=CLEAR
[image_processor-24] [INFO] [1776779114.461994807] [robot_3.image_processor]: Zone=CLEAR
[image_processor-25] [INFO] [1776779114.477573897] [robot_4.image_processor]: Zone=CLEAR
[image_processor-23] [INFO] [1776779116.944247670] [robot_2.image_processor]: Zone=CLEAR
[image_processor-22] [INFO] [1776779116.954732503] [robot_1.image_processor]: Zone=CLEAR
[image_processor-21] [INFO] [1776779116.964723572] [robot_0.image_processor]: Zone=CLEAR
[image_processor-24] [INFO] [1776779116.976815501] [robot_3.image_processor]: Zone=CLEAR
[image_processor-25] [INFO] [1776779116.998175477] [robot_4.image_processor]: Zone=CLEAR
[image_processor-23] [INFO] [1776779119.436445507] [robot_2.image_processor]: Zone=CLEAR
[image_processor-22] [INFO] [1776779119.443238370] [robot_1.image_processor]: Zone=CLEAR
[image_processor-21] [INFO] [1776779119.451972343] [robot_0.image_processor]: Zone=CLEAR
[image_processor-24] [INFO] [1776779119.463419778] [robot_3.image_processor]: Zone=CLEAR
[image_processor-25] [INFO] [1776779119.574142720] [robot_4.image_processor]: Zone=CLEAR
[image_processor-23] [INFO] [1776779121.938368101] [robot_2.image_processor]: Zone=CLEAR
[image_processor-22] [INFO] [1776779121.945473117] [robot_1.image_processor]: Zone=CLEAR
[image_processor-21] [INFO] [1776779121.953522757] [robot_0.image_processor]: Zone=CLEAR
[image_processor-24] [INFO] [1776779121.962586820] [robot_3.image_processor]: Zone=CLEAR
[image_processor-25] [INFO] [1776779121.975653900] [robot_4.image_processor]: Zone=CLEAR
[image_processor-23] [INFO] [1776779124.437799194] [robot_2.image_processor]: Zone=CLEAR
[image_processor-22] [INFO] [1776779124.444280703] [robot_1.image_processor]: Zone=CLEAR
[image_processor-21] [INFO] [1776779124.451359710] [robot_0.image_processor]: Zone=CLEAR
[image_processor-24] [INFO] [1776779124.460031069] [robot_3.image_processor]: Zone=CLEAR
[image_processor-25] [INFO] [1776779124.473422648] [robot_4.image_processor]: Zone=CLEAR
[image_processor-23] [INFO] [1776779126.937759001] [robot_2.image_processor]: Zone=CLEAR
[image_processor-22] [INFO] [1776779126.948297617] [robot_1.image_processor]: Zone=CLEAR
[image_processor-21] [INFO] [1776779126.955939826] [robot_0.image_processor]: Zone=CLEAR
[image_processor-24] [INFO] [1776779126.964439909] [robot_3.image_processor]: Zone=CLEAR
[image_processor-25] [INFO] [1776779126.979281955] [robot_4.image_processor]: Zone=CLEAR
[image_processor-23] [INFO] [1776779129.438741126] [robot_2.image_processor]: Zone=CLEAR
[image_processor-22] [INFO] [1776779129.446360059] [robot_1.image_processor]: Zone=CLEAR
[image_processor-21] [INFO] [1776779129.453580478] [robot_0.image_processor]: Zone=CLEAR
[image_processor-24] [INFO] [1776779129.462239539] [robot_3.image_processor]: Zone=CLEAR
[image_processor-25] [INFO] [1776779129.476743318] [robot_4.image_processor]: Zone=CLEAR
[image_processor-23] [INFO] [1776779131.938983813] [robot_2.image_processor]: Zone=CLEAR
[image_processor-22] [INFO] [1776779131.945003196] [robot_1.image_processor]: Zone=CLEAR
[image_processor-21] [INFO] [1776779131.953037931] [robot_0.image_processor]: Zone=CLEAR
[image_processor-24] [INFO] [1776779131.964057515] [robot_3.image_processor]: Zone=CLEAR
[image_processor-25] [INFO] [1776779131.980191134] [robot_4.image_processor]: Zone=CLEAR
[image_processor-23] [INFO] [1776779134.437253962] [robot_2.image_processor]: Zone=CLEAR
[image_processor-22] [INFO] [1776779134.445764803] [robot_1.image_processor]: Zone=CLEAR
[image_processor-21] [INFO] [1776779134.452452621] [robot_0.image_processor]: Zone=CLEAR
[image_processor-24] [INFO] [1776779134.461728025] [robot_3.image_processor]: Zone=CLEAR
[image_processor-25] [INFO] [1776779134.476232557] [robot_4.image_processor]: Zone=CLEAR
[image_processor-23] [INFO] [1776779136.937161530] [robot_2.image_processor]: Zone=CLEAR
[image_processor-22] [INFO] [1776779136.944969030] [robot_1.image_processor]: Zone=CLEAR
[image_processor-21] [INFO] [1776779136.952798504] [robot_0.image_processor]: Zone=CLEAR
[image_processor-25] [INFO] [1776779136.975120876] [robot_4.image_processor]: Zone=CLEAR
[image_processor-24] [INFO] [1776779137.063068395] [robot_3.image_processor]: Zone=CLEAR
[image_processor-23] [INFO] [1776779139.438251285] [robot_2.image_processor]: Zone=CLEAR
[image_processor-22] [INFO] [1776779139.446714835] [robot_1.image_processor]: Zone=CLEAR
[image_processor-21] [INFO] [1776779139.453836205] [robot_0.image_processor]: Zone=CLEAR
[image_processor-24] [INFO] [1776779139.463735517] [robot_3.image_processor]: Zone=CLEAR
[image_processor-25] [INFO] [1776779139.478058264] [robot_4.image_processor]: Zone=CLEAR
[image_processor-23] [INFO] [1776779141.941054370] [robot_2.image_processor]: Zone=CLEAR
[image_processor-22] [INFO] [1776779141.950237068] [robot_1.image_processor]: Zone=CLEAR
[image_processor-21] [INFO] [1776779141.957172532] [robot_0.image_processor]: Zone=CLEAR
[image_processor-24] [INFO] [1776779141.966594879] [robot_3.image_processor]: Zone=CLEAR
[image_processor-25] [INFO] [1776779141.980617301] [robot_4.image_processor]: Zone=CLEAR
[image_processor-23] [INFO] [1776779144.440195906] [robot_2.image_processor]: Zone=CLEAR
[image_processor-22] [INFO] [1776779144.447153653] [robot_1.image_processor]: Zone=CLEAR
[image_processor-21] [INFO] [1776779144.455960271] [robot_0.image_processor]: Zone=CLEAR
[image_processor-24] [INFO] [1776779144.463130797] [robot_3.image_processor]: Zone=CLEAR
[image_processor-25] [INFO] [1776779144.477918660] [robot_4.image_processor]: Zone=CLEAR
[image_processor-23] [INFO] [1776779146.938178541] [robot_2.image_processor]: Zone=CLEAR
[image_processor-22] [INFO] [1776779146.946491634] [robot_1.image_processor]: Zone=CLEAR
[image_processor-21] [INFO] [1776779146.953474279] [robot_0.image_processor]: Zone=CLEAR
[image_processor-24] [INFO] [1776779146.962347218] [robot_3.image_processor]: Zone=CLEAR
[image_processor-25] [INFO] [1776779146.976738593] [robot_4.image_processor]: Zone=CLEAR
[image_processor-23] [INFO] [1776779149.437052180] [robot_2.image_processor]: Zone=CLEAR
[image_processor-22] [INFO] [1776779149.445722310] [robot_1.image_processor]: Zone=CLEAR
[image_processor-21] [INFO] [1776779149.453781513] [robot_0.image_processor]: Zone=CLEAR
[image_processor-24] [INFO] [1776779149.561890842] [robot_3.image_processor]: Zone=CLEAR
[image_processor-25] [INFO] [1776779149.576423920] [robot_4.image_processor]: Zone=CLEAR
[image_processor-23] [INFO] [1776779151.937888142] [robot_2.image_processor]: Zone=CLEAR
[image_processor-21] [INFO] [1776779151.953419526] [robot_0.image_processor]: Zone=CLEAR
[image_processor-24] [INFO] [1776779151.962554430] [robot_3.image_processor]: Zone=CLEAR
[image_processor-22] [INFO] [1776779152.046795298] [robot_1.image_processor]: Zone=CLEAR
[image_processor-25] [INFO] [1776779152.079028333] [robot_4.image_processor]: Zone=CLEAR
[image_processor-23] [INFO] [1776779154.437914605] [robot_2.image_processor]: Zone=CLEAR
[image_processor-22] [INFO] [1776779154.445198512] [robot_1.image_processor]: Zone=CLEAR
[image_processor-21] [INFO] [1776779154.454909077] [robot_0.image_processor]: Zone=CLEAR
[image_processor-24] [INFO] [1776779154.463429564] [robot_3.image_processor]: Zone=CLEAR
[image_processor-25] [INFO] [1776779154.479321668] [robot_4.image_processor]: Zone=CLEAR
[image_processor-23] [INFO] [1776779156.938554964] [robot_2.image_processor]: Zone=CLEAR
[image_processor-21] [INFO] [1776779156.952875592] [robot_0.image_processor]: Zone=CLEAR
[image_processor-24] [INFO] [1776779156.962303494] [robot_3.image_processor]: Zone=CLEAR
[image_processor-25] [INFO] [1776779156.977128730] [robot_4.image_processor]: Zone=CLEAR
[image_processor-22] [INFO] [1776779157.045809240] [robot_1.image_processor]: Zone=CLEAR
[image_processor-23] [INFO] [1776779159.439036467] [robot_2.image_processor]: Zone=CLEAR
[image_processor-22] [INFO] [1776779159.445581172] [robot_1.image_processor]: Zone=CLEAR
[image_processor-24] [INFO] [1776779159.460551892] [robot_3.image_processor]: Zone=CLEAR
[image_processor-25] [INFO] [1776779159.476366998] [robot_4.image_processor]: Zone=CLEAR
[image_processor-21] [INFO] [1776779159.554597584] [robot_0.image_processor]: Zone=CLEAR
[image_processor-23] [INFO] [1776779161.939022324] [robot_2.image_processor]: Zone=CLEAR
[image_processor-22] [INFO] [1776779161.944689516] [robot_1.image_processor]: Zone=CLEAR
[image_processor-21] [INFO] [1776779161.952272662] [robot_0.image_processor]: Zone=CLEAR
[image_processor-24] [INFO] [1776779161.961530056] [robot_3.image_processor]: Zone=CLEAR
[image_processor-25] [INFO] [1776779161.977059490] [robot_4.image_processor]: Zone=CLEAR
[image_processor-23] [INFO] [1776779164.438066214] [robot_2.image_processor]: Zone=CLEAR
[image_processor-22] [INFO] [1776779164.446961733] [robot_1.image_processor]: Zone=CLEAR
[image_processor-21] [INFO] [1776779164.453621184] [robot_0.image_processor]: Zone=CLEAR
[image_processor-24] [INFO] [1776779164.461667629] [robot_3.image_processor]: Zone=CLEAR
[image_processor-25] [INFO] [1776779164.578117383] [robot_4.image_processor]: Zone=CLEAR
[image_processor-23] [INFO] [1776779166.938198319] [robot_2.image_processor]: Zone=CLEAR
[image_processor-22] [INFO] [1776779166.946167895] [robot_1.image_processor]: Zone=CLEAR
[image_processor-21] [INFO] [1776779166.956108579] [robot_0.image_processor]: Zone=CLEAR
[image_processor-24] [INFO] [1776779167.064072352] [robot_3.image_processor]: Zone=CLEAR
[image_processor-25] [INFO] [1776779167.079608669] [robot_4.image_processor]: Zone=CLEAR
[image_processor-23] [INFO] [1776779169.437160134] [robot_2.image_processor]: Zone=CLEAR
[image_processor-22] [INFO] [1776779169.444816812] [robot_1.image_processor]: Zone=CLEAR
[image_processor-21] [INFO] [1776779169.454288133] [robot_0.image_processor]: Zone=CLEAR
[image_processor-24] [INFO] [1776779169.462433137] [robot_3.image_processor]: Zone=CLEAR
[image_processor-25] [INFO] [1776779169.579247397] [robot_4.image_processor]: Zone=CLEAR
[image_processor-23] [INFO] [1776779171.938122550] [robot_2.image_processor]: Zone=CLEAR
[image_processor-22] [INFO] [1776779171.946433711] [robot_1.image_processor]: Zone=CLEAR
[image_processor-21] [INFO] [1776779171.955931863] [robot_0.image_processor]: Zone=CLEAR
[image_processor-24] [INFO] [1776779171.964636360] [robot_3.image_processor]: Zone=CLEAR
[image_processor-25] [INFO] [1776779171.978998890] [robot_4.image_processor]: Zone=CLEAR
[image_processor-23] [INFO] [1776779174.438637600] [robot_2.image_processor]: Zone=CLEAR
[image_processor-22] [INFO] [1776779174.445105061] [robot_1.image_processor]: Zone=CLEAR
[image_processor-21] [INFO] [1776779174.453831414] [robot_0.image_processor]: Zone=CLEAR
[image_processor-24] [INFO] [1776779174.462426042] [robot_3.image_processor]: Zone=CLEAR
[image_processor-25] [INFO] [1776779174.478005752] [robot_4.image_processor]: Zone=CLEAR
[image_processor-23] [INFO] [1776779176.937764695] [robot_2.image_processor]: Zone=CLEAR
[image_processor-21] [INFO] [1776779176.951891875] [robot_0.image_processor]: Zone=CLEAR
[image_processor-24] [INFO] [1776779176.959919053] [robot_3.image_processor]: Zone=CLEAR
[image_processor-25] [INFO] [1776779176.976127335] [robot_4.image_processor]: Zone=CLEAR
[image_processor-22] [INFO] [1776779177.044171490] [robot_1.image_processor]: Zone=CLEAR
[image_processor-23] [INFO] [1776779179.437291736] [robot_2.image_processor]: Zone=CLEAR
[image_processor-22] [INFO] [1776779179.444642205] [robot_1.image_processor]: Zone=CLEAR
[image_processor-21] [INFO] [1776779179.452847399] [robot_0.image_processor]: Zone=CLEAR
[image_processor-24] [INFO] [1776779179.461636617] [robot_3.image_processor]: Zone=CLEAR
[image_processor-25] [INFO] [1776779179.476203180] [robot_4.image_processor]: Zone=CLEAR
[image_processor-23] [INFO] [1776779181.937419441] [robot_2.image_processor]: Zone=CLEAR
[image_processor-22] [INFO] [1776779181.944931701] [robot_1.image_processor]: Zone=CLEAR
[image_processor-21] [INFO] [1776779181.953230887] [robot_0.image_processor]: Zone=CLEAR
[image_processor-25] [INFO] [1776779181.977512043] [robot_4.image_processor]: Zone=CLEAR
[image_processor-24] [INFO] [1776779182.063448530] [robot_3.image_processor]: Zone=CLEAR
[image_processor-23] [INFO] [1776779184.439232218] [robot_2.image_processor]: Zone=CLEAR
[image_processor-22] [INFO] [1776779184.444602644] [robot_1.image_processor]: Zone=CLEAR
[image_processor-21] [INFO] [1776779184.454068499] [robot_0.image_processor]: Zone=CLEAR
[image_processor-24] [INFO] [1776779184.461866853] [robot_3.image_processor]: Zone=CLEAR
[image_processor-25] [INFO] [1776779184.475693106] [robot_4.image_processor]: Zone=CLEAR
[image_processor-23] [INFO] [1776779186.938237288] [robot_2.image_processor]: Zone=CLEAR
[image_processor-22] [INFO] [1776779186.946930653] [robot_1.image_processor]: Zone=CLEAR
[image_processor-21] [INFO] [1776779186.953293589] [robot_0.image_processor]: Zone=CLEAR
[image_processor-24] [INFO] [1776779186.963496410] [robot_3.image_processor]: Zone=CLEAR
[image_processor-25] [INFO] [1776779186.978932967] [robot_4.image_processor]: Zone=CLEAR
[INFO] [image_processor-25]: sending signal 'SIGINT' to process[image_processor-25]
[ERROR] [ign gazebo-1]: process has died [pid 311032, exit code -15, cmd 'ruby /usr/bin/ign gazebo /home/ecem/ros2_ws/install/swarm_basics/share/swarm_basics/worlds/random_world.sdf -s -r --force-version 6'].
[ERROR] [parameter_bridge-4]: process has died [pid 311039, exit code -15, cmd '/opt/ros/humble/lib/ros_ign_bridge/parameter_bridge /robot_0/cmd_vel@geometry_msgs/msg/Twist]ignition.msgs.Twist /robot_0/odom@nav_msgs/msg/Odometry[ignition.msgs.Odometry /robot_0/depth_camera/depth_image@sensor_msgs/msg/Image[ignition.msgs.Image /world/random_world/model/robot_0/link/robot_0/base_footprint/sensor/contact_sensor/contact@ros_gz_interfaces/msg/Contacts[ignition.msgs.Contacts /robot_1/cmd_vel@geometry_msgs/msg/Twist]ignition.msgs.Twist /robot_1/odom@nav_msgs/msg/Odometry[ignition.msgs.Odometry /robot_1/depth_camera/depth_image@sensor_msgs/msg/Image[ignition.msgs.Image /world/random_world/model/robot_1/link/robot_1/base_footprint/sensor/contact_sensor/contact@ros_gz_interfaces/msg/Contacts[ignition.msgs.Contacts /robot_2/cmd_vel@geometry_msgs/msg/Twist]ignition.msgs.Twist /robot_2/odom@nav_msgs/msg/Odometry[ignition.msgs.Odometry /robot_2/depth_camera/depth_image@sensor_msgs/msg/Image[ignition.msgs.Image /world/random_world/model/robot_2/link/robot_2/base_footprint/sensor/contact_sensor/contact@ros_gz_interfaces/msg/Contacts[ignition.msgs.Contacts /robot_3/cmd_vel@geometry_msgs/msg/Twist]ignition.msgs.Twist /robot_3/odom@nav_msgs/msg/Odometry[ignition.msgs.Odometry /robot_3/depth_camera/depth_image@sensor_msgs/msg/Image[ignition.msgs.Image /world/random_world/model/robot_3/link/robot_3/base_footprint/sensor/contact_sensor/contact@ros_gz_interfaces/msg/Contacts[ignition.msgs.Contacts /robot_4/cmd_vel@geometry_msgs/msg/Twist]ignition.msgs.Twist /robot_4/odom@nav_msgs/msg/Odometry[ignition.msgs.Odometry /robot_4/depth_camera/depth_image@sensor_msgs/msg/Image[ignition.msgs.Image /world/random_world/model/robot_4/link/robot_4/base_footprint/sensor/contact_sensor/contact@ros_gz_interfaces/msg/Contacts[ignition.msgs.Contacts /world/random_world/dynamic_pose/info@tf2_msgs/msg/TFMessage[ignition.msgs.Pose_V --ros-args -r __node:=all_robots_bridge --params-file /tmp/launch_params_x6ca27lb'].
[INFO] [parameter_bridge-20]: process has finished cleanly [pid 311082]
[INFO] [image_processor-24]: sending signal 'SIGINT' to process[image_processor-24]
[INFO] [bash-26]: process started with pid [311603]
[INFO] [image_processor-23]: sending signal 'SIGINT' to process[image_processor-23]
[INFO] [image_processor-22]: sending signal 'SIGINT' to process[image_processor-22]
[INFO] [image_processor-21]: sending signal 'SIGINT' to process[image_processor-21]
[INFO] [robot_supervisor-19]: sending signal 'SIGINT' to process[robot_supervisor-19]
[INFO] [robot_state_publisher-17]: sending signal 'SIGINT' to process[robot_state_publisher-17]
[INFO] [robot_supervisor-16]: sending signal 'SIGINT' to process[robot_supervisor-16]
[INFO] [robot_state_publisher-14]: sending signal 'SIGINT' to process[robot_state_publisher-14]
[ERROR] [bash-26]: process has died [pid 311603, exit code -15, cmd 'bash -lc pkill -f parameter_bridge || true'].
[INFO] [robot_supervisor-13]: sending signal 'SIGINT' to process[robot_supervisor-13]
[INFO] [robot_state_publisher-11]: sending signal 'SIGINT' to process[robot_state_publisher-11]
[INFO] [robot_supervisor-10]: sending signal 'SIGINT' to process[robot_supervisor-10]
[INFO] [robot_state_publisher-8]: sending signal 'SIGINT' to process[robot_state_publisher-8]
[INFO] [robot_supervisor-7]: sending signal 'SIGINT' to process[robot_supervisor-7]
[INFO] [robot_state_publisher-5]: sending signal 'SIGINT' to process[robot_state_publisher-5]
[INFO] [bump_counter-3]: sending signal 'SIGINT' to process[bump_counter-3]
[INFO] [coverage_counter-2]: sending signal 'SIGINT' to process[coverage_counter-2]
[parameter_bridge-20] [INFO] [1776779188.965061239] [rclcpp]: signal_handler(SIGINT/SIGTERM)
[parameter_bridge-4] [INFO] [1776779188.965094083] [rclcpp]: signal_handler(SIGINT/SIGTERM)
[INFO] [launch]: process[ign gazebo-1] was required: shutting down launched system
[image_processor-25] [INFO] [1776779189.648184997] [rclcpp]: signal_handler(SIGINT/SIGTERM)
[image_processor-24] [INFO] [1776779189.651198372] [rclcpp]: signal_handler(SIGINT/SIGTERM)
[image_processor-23] [INFO] [1776779189.656013087] [rclcpp]: signal_handler(SIGINT/SIGTERM)
[image_processor-22] [INFO] [1776779189.659524992] [rclcpp]: signal_handler(SIGINT/SIGTERM)
[image_processor-21] [INFO] [1776779189.662884848] [rclcpp]: signal_handler(SIGINT/SIGTERM)
[robot_supervisor-19] Traceback (most recent call last):
[robot_supervisor-19]   File "/home/ecem/ros2_ws/install/swarm_basics/lib/swarm_basics/robot_supervisor", line 33, in <module>
[robot_supervisor-19]     sys.exit(load_entry_point('swarm-basics==0.0.0', 'console_scripts', 'robot_supervisor')())
[robot_supervisor-19]   File "/home/ecem/ros2_ws/install/swarm_basics/lib/python3.10/site-packages/swarm_basics/robot_supervisor.py", line 867, in main
[robot_supervisor-19]     rclpy.spin(node)
[robot_supervisor-19]   File "/opt/ros/humble/local/lib/python3.10/dist-packages/rclpy/__init__.py", line 229, in spin
[robot_supervisor-19]     executor.spin_once()
[robot_supervisor-19]   File "/opt/ros/humble/local/lib/python3.10/dist-packages/rclpy/executors.py", line 773, in spin_once
[robot_supervisor-19]     self._spin_once_impl(timeout_sec)
[robot_supervisor-19]   File "/opt/ros/humble/local/lib/python3.10/dist-packages/rclpy/executors.py", line 762, in _spin_once_impl
[robot_supervisor-19]     handler, entity, node = self.wait_for_ready_callbacks(timeout_sec=timeout_sec)
[robot_supervisor-19]   File "/opt/ros/humble/local/lib/python3.10/dist-packages/rclpy/executors.py", line 745, in wait_for_ready_callbacks
[robot_supervisor-19]     return next(self._cb_iter)
[robot_supervisor-19]   File "/opt/ros/humble/local/lib/python3.10/dist-packages/rclpy/executors.py", line 642, in _wait_for_ready_callbacks
[robot_supervisor-19]     wait_set.wait(timeout_nsec)
[robot_supervisor-19] KeyboardInterrupt
[robot_state_publisher-17] [INFO] [1776779189.673268608] [rclcpp]: signal_handler(SIGINT/SIGTERM)
[robot_supervisor-16] Traceback (most recent call last):
[robot_supervisor-16]   File "/home/ecem/ros2_ws/install/swarm_basics/lib/swarm_basics/robot_supervisor", line 33, in <module>
[robot_supervisor-16]     sys.exit(load_entry_point('swarm-basics==0.0.0', 'console_scripts', 'robot_supervisor')())
[robot_supervisor-16]   File "/home/ecem/ros2_ws/install/swarm_basics/lib/python3.10/site-packages/swarm_basics/robot_supervisor.py", line 867, in main
[robot_supervisor-16]     rclpy.spin(node)
[robot_supervisor-16]   File "/opt/ros/humble/local/lib/python3.10/dist-packages/rclpy/__init__.py", line 229, in spin
[robot_supervisor-16]     executor.spin_once()
[robot_supervisor-16]   File "/opt/ros/humble/local/lib/python3.10/dist-packages/rclpy/executors.py", line 773, in spin_once
[robot_supervisor-16]     self._spin_once_impl(timeout_sec)
[robot_supervisor-16]   File "/opt/ros/humble/local/lib/python3.10/dist-packages/rclpy/executors.py", line 762, in _spin_once_impl
[robot_supervisor-16]     handler, entity, node = self.wait_for_ready_callbacks(timeout_sec=timeout_sec)
[robot_supervisor-16]   File "/opt/ros/humble/local/lib/python3.10/dist-packages/rclpy/executors.py", line 745, in wait_for_ready_callbacks
[robot_supervisor-16]     return next(self._cb_iter)
[robot_supervisor-16]   File "/opt/ros/humble/local/lib/python3.10/dist-packages/rclpy/executors.py", line 642, in _wait_for_ready_callbacks
[robot_supervisor-16]     wait_set.wait(timeout_nsec)
[robot_supervisor-16] KeyboardInterrupt
[robot_state_publisher-14] [INFO] [1776779189.679340345] [rclcpp]: signal_handler(SIGINT/SIGTERM)
[robot_supervisor-13] Traceback (most recent call last):
[robot_supervisor-13]   File "/home/ecem/ros2_ws/install/swarm_basics/lib/swarm_basics/robot_supervisor", line 33, in <module>
[robot_supervisor-13]     sys.exit(load_entry_point('swarm-basics==0.0.0', 'console_scripts', 'robot_supervisor')())
[robot_supervisor-13]   File "/home/ecem/ros2_ws/install/swarm_basics/lib/python3.10/site-packages/swarm_basics/robot_supervisor.py", line 867, in main
[robot_supervisor-13]     rclpy.spin(node)
[robot_supervisor-13]   File "/opt/ros/humble/local/lib/python3.10/dist-packages/rclpy/__init__.py", line 229, in spin
[robot_supervisor-13]     executor.spin_once()
[robot_supervisor-13]   File "/opt/ros/humble/local/lib/python3.10/dist-packages/rclpy/executors.py", line 773, in spin_once
[robot_supervisor-13]     self._spin_once_impl(timeout_sec)
[robot_supervisor-13]   File "/opt/ros/humble/local/lib/python3.10/dist-packages/rclpy/executors.py", line 762, in _spin_once_impl
[robot_supervisor-13]     handler, entity, node = self.wait_for_ready_callbacks(timeout_sec=timeout_sec)
[robot_supervisor-13]   File "/opt/ros/humble/local/lib/python3.10/dist-packages/rclpy/executors.py", line 745, in wait_for_ready_callbacks
[robot_supervisor-13]     return next(self._cb_iter)
[robot_supervisor-13]   File "/opt/ros/humble/local/lib/python3.10/dist-packages/rclpy/executors.py", line 642, in _wait_for_ready_callbacks
[robot_supervisor-13]     wait_set.wait(timeout_nsec)
[robot_supervisor-13] KeyboardInterrupt
[robot_state_publisher-11] [INFO] [1776779189.684138998] [rclcpp]: signal_handler(SIGINT/SIGTERM)
[robot_supervisor-10] Traceback (most recent call last):
[robot_supervisor-10]   File "/home/ecem/ros2_ws/install/swarm_basics/lib/swarm_basics/robot_supervisor", line 33, in <module>
[robot_supervisor-10]     sys.exit(load_entry_point('swarm-basics==0.0.0', 'console_scripts', 'robot_supervisor')())
[robot_supervisor-10]   File "/home/ecem/ros2_ws/install/swarm_basics/lib/python3.10/site-packages/swarm_basics/robot_supervisor.py", line 867, in main
[robot_supervisor-10]     rclpy.spin(node)
[robot_supervisor-10]   File "/opt/ros/humble/local/lib/python3.10/dist-packages/rclpy/__init__.py", line 229, in spin
[robot_supervisor-10]     executor.spin_once()
[robot_supervisor-10]   File "/opt/ros/humble/local/lib/python3.10/dist-packages/rclpy/executors.py", line 773, in spin_once
[robot_supervisor-10]     self._spin_once_impl(timeout_sec)
[robot_supervisor-10]   File "/opt/ros/humble/local/lib/python3.10/dist-packages/rclpy/executors.py", line 762, in _spin_once_impl
[robot_supervisor-10]     handler, entity, node = self.wait_for_ready_callbacks(timeout_sec=timeout_sec)
[robot_supervisor-10]   File "/opt/ros/humble/local/lib/python3.10/dist-packages/rclpy/executors.py", line 745, in wait_for_ready_callbacks
[robot_supervisor-10]     return next(self._cb_iter)
[robot_supervisor-10]   File "/opt/ros/humble/local/lib/python3.10/dist-packages/rclpy/executors.py", line 642, in _wait_for_ready_callbacks
[robot_supervisor-10]     wait_set.wait(timeout_nsec)
[robot_supervisor-10] KeyboardInterrupt
[robot_state_publisher-8] [INFO] [1776779189.688775830] [rclcpp]: signal_handler(SIGINT/SIGTERM)
[robot_supervisor-7] Traceback (most recent call last):
[robot_supervisor-7]   File "/home/ecem/ros2_ws/install/swarm_basics/lib/swarm_basics/robot_supervisor", line 33, in <module>
[robot_supervisor-7]     sys.exit(load_entry_point('swarm-basics==0.0.0', 'console_scripts', 'robot_supervisor')())
[robot_supervisor-7]   File "/home/ecem/ros2_ws/install/swarm_basics/lib/python3.10/site-packages/swarm_basics/robot_supervisor.py", line 867, in main
[robot_supervisor-7]     rclpy.spin(node)
[robot_supervisor-7]   File "/opt/ros/humble/local/lib/python3.10/dist-packages/rclpy/__init__.py", line 229, in spin
[robot_supervisor-7]     executor.spin_once()
[robot_supervisor-7]   File "/opt/ros/humble/local/lib/python3.10/dist-packages/rclpy/executors.py", line 773, in spin_once
[robot_supervisor-7]     self._spin_once_impl(timeout_sec)
[robot_supervisor-7]   File "/opt/ros/humble/local/lib/python3.10/dist-packages/rclpy/executors.py", line 762, in _spin_once_impl
[robot_supervisor-7]     handler, entity, node = self.wait_for_ready_callbacks(timeout_sec=timeout_sec)
[robot_supervisor-7]   File "/opt/ros/humble/local/lib/python3.10/dist-packages/rclpy/executors.py", line 745, in wait_for_ready_callbacks
[robot_supervisor-7]     return next(self._cb_iter)
[robot_supervisor-7]   File "/opt/ros/humble/local/lib/python3.10/dist-packages/rclpy/executors.py", line 642, in _wait_for_ready_callbacks
[robot_supervisor-7]     wait_set.wait(timeout_nsec)
[robot_supervisor-7] KeyboardInterrupt
[robot_state_publisher-5] [INFO] [1776779189.693414841] [rclcpp]: signal_handler(SIGINT/SIGTERM)
[ERROR] [launch]: Caught exception in launch (see debug for traceback): ExecuteLocal action 'bash-27': executed more than once: <launch.actions.execute_process.ExecuteProcess object at 0x7ab721004880>
[INFO] [image_processor-25]: process has finished cleanly [pid 311437]
[INFO] [image_processor-23]: process has finished cleanly [pid 311433]
[INFO] [image_processor-24]: process has finished cleanly [pid 311435]
[INFO] [image_processor-22]: process has finished cleanly [pid 311431]
[INFO] [image_processor-21]: process has finished cleanly [pid 311429]
[INFO] [robot_state_publisher-17]: process has finished cleanly [pid 311068]
[INFO] [robot_state_publisher-14]: process has finished cleanly [pid 311061]
[INFO] [robot_state_publisher-11]: process has finished cleanly [pid 311055]
[INFO] [robot_state_publisher-8]: process has finished cleanly [pid 311048]
[INFO] [robot_state_publisher-5]: process has finished cleanly [pid 311041]
[coverage_counter-2] Traceback (most recent call last):
[coverage_counter-2]   File "/home/ecem/ros2_ws/install/swarm_basics/lib/python3.10/site-packages/swarm_basics/coverage_counter.py", line 418, in main
[coverage_counter-2]     rclpy.spin(node)
[coverage_counter-2]   File "/opt/ros/humble/local/lib/python3.10/dist-packages/rclpy/__init__.py", line 229, in spin
[coverage_counter-2]     executor.spin_once()
[coverage_counter-2]   File "/opt/ros/humble/local/lib/python3.10/dist-packages/rclpy/executors.py", line 773, in spin_once
[coverage_counter-2]     self._spin_once_impl(timeout_sec)
[coverage_counter-2]   File "/opt/ros/humble/local/lib/python3.10/dist-packages/rclpy/executors.py", line 768, in _spin_once_impl
[coverage_counter-2]     handler()
[coverage_counter-2]   File "/opt/ros/humble/local/lib/python3.10/dist-packages/rclpy/task.py", line 254, in __call__
[coverage_counter-2]     self._handler.send(None)
[coverage_counter-2]   File "/opt/ros/humble/local/lib/python3.10/dist-packages/rclpy/executors.py", line 463, in handler
[coverage_counter-2]     await call_coroutine(entity, arg)
[coverage_counter-2]   File "/opt/ros/humble/local/lib/python3.10/dist-packages/rclpy/executors.py", line 371, in _execute_timer
[coverage_counter-2]     await await_or_execute(tmr.callback)
[coverage_counter-2]   File "/opt/ros/humble/local/lib/python3.10/dist-packages/rclpy/executors.py", line 107, in await_or_execute
[coverage_counter-2]     return callback(*args)
[coverage_counter-2]   File "/home/ecem/ros2_ws/install/swarm_basics/lib/python3.10/site-packages/swarm_basics/coverage_counter.py", line 152, in _on_timeout_timer
[coverage_counter-2]     self.shutdown_and_save()
[coverage_counter-2]   File "/home/ecem/ros2_ws/install/swarm_basics/lib/python3.10/site-packages/swarm_basics/coverage_counter.py", line 174, in shutdown_and_save
[coverage_counter-2]     rclpy.shutdown()
[coverage_counter-2]   File "/opt/ros/humble/local/lib/python3.10/dist-packages/rclpy/__init__.py", line 130, in shutdown
[coverage_counter-2]     _shutdown(context=context)
[coverage_counter-2]   File "/opt/ros/humble/local/lib/python3.10/dist-packages/rclpy/utilities.py", line 58, in shutdown
[coverage_counter-2]     return context.shutdown()
[coverage_counter-2]   File "/opt/ros/humble/local/lib/python3.10/dist-packages/rclpy/context.py", line 103, in shutdown
[coverage_counter-2]     self._call_on_shutdown_callbacks()
[coverage_counter-2]   File "/opt/ros/humble/local/lib/python3.10/dist-packages/rclpy/context.py", line 92, in _call_on_shutdown_callbacks
[coverage_counter-2]     callback = weak_method()
[coverage_counter-2]   File "/opt/ros/humble/local/lib/python3.10/dist-packages/rclpy/__init__.py", line 111, in reset_executor
[coverage_counter-2]     __executor.shutdown()
[coverage_counter-2]   File "/opt/ros/humble/local/lib/python3.10/dist-packages/rclpy/executors.py", line 227, in shutdown
[coverage_counter-2]     if not self._work_tracker.wait(timeout_sec):
[coverage_counter-2]   File "/opt/ros/humble/local/lib/python3.10/dist-packages/rclpy/executors.py", line 94, in wait
[coverage_counter-2]     if not self._work_condition.wait_for(
[coverage_counter-2]   File "/usr/lib/python3.10/threading.py", line 355, in wait_for
[coverage_counter-2]     self.wait(waittime)
[coverage_counter-2]   File "/usr/lib/python3.10/threading.py", line 320, in wait
[coverage_counter-2]     waiter.acquire()
[coverage_counter-2] KeyboardInterrupt
[coverage_counter-2] 
[coverage_counter-2] During handling of the above exception, another exception occurred:
[coverage_counter-2] 
[coverage_counter-2] Traceback (most recent call last):
[coverage_counter-2]   File "/home/ecem/ros2_ws/install/swarm_basics/lib/swarm_basics/coverage_counter", line 33, in <module>
[coverage_counter-2]     sys.exit(load_entry_point('swarm-basics==0.0.0', 'console_scripts', 'coverage_counter')())
[coverage_counter-2]   File "/home/ecem/ros2_ws/install/swarm_basics/lib/python3.10/site-packages/swarm_basics/coverage_counter.py", line 421, in main
[coverage_counter-2]     node.shutdown_and_save()
[coverage_counter-2]   File "/home/ecem/ros2_ws/install/swarm_basics/lib/python3.10/site-packages/swarm_basics/coverage_counter.py", line 174, in shutdown_and_save
[coverage_counter-2]     rclpy.shutdown()
[coverage_counter-2]   File "/opt/ros/humble/local/lib/python3.10/dist-packages/rclpy/__init__.py", line 130, in shutdown
[coverage_counter-2]     _shutdown(context=context)
[coverage_counter-2]   File "/opt/ros/humble/local/lib/python3.10/dist-packages/rclpy/utilities.py", line 58, in shutdown
[coverage_counter-2]     return context.shutdown()
[coverage_counter-2]   File "/opt/ros/humble/local/lib/python3.10/dist-packages/rclpy/context.py", line 100, in shutdown
[coverage_counter-2]     raise RuntimeError('Context must be initialized before it can be shutdown')
[coverage_counter-2] RuntimeError: Context must be initialized before it can be shutdown
[bump_counter-3] Traceback (most recent call last):
[bump_counter-3]   File "/home/ecem/ros2_ws/install/swarm_basics/lib/swarm_basics/bump_counter", line 33, in <module>
[bump_counter-3]     sys.exit(load_entry_point('swarm-basics==0.0.0', 'console_scripts', 'bump_counter')())
[bump_counter-3]   File "/home/ecem/ros2_ws/install/swarm_basics/lib/python3.10/site-packages/swarm_basics/bump_counter.py", line 384, in main
[bump_counter-3]     rclpy.shutdown()
[bump_counter-3]   File "/opt/ros/humble/local/lib/python3.10/dist-packages/rclpy/__init__.py", line 130, in shutdown
[bump_counter-3]     _shutdown(context=context)
[bump_counter-3]   File "/opt/ros/humble/local/lib/python3.10/dist-packages/rclpy/utilities.py", line 58, in shutdown
[bump_counter-3]     return context.shutdown()
[bump_counter-3]   File "/opt/ros/humble/local/lib/python3.10/dist-packages/rclpy/context.py", line 102, in shutdown
[bump_counter-3]     self.__context.shutdown()
[bump_counter-3] rclpy._rclpy_pybind11.RCLError: failed to shutdown: rcl_shutdown already called on the given context, at ./src/rcl/init.c:241
[ERROR] [coverage_counter-2]: process has died [pid 311035, exit code 1, cmd '/home/ecem/ros2_ws/install/swarm_basics/lib/swarm_basics/coverage_counter --ros-args -r __node:=coverage_counter --params-file /tmp/launch_params_uwr53qfm --params-file /tmp/launch_params_pv6s_1ww --params-file /tmp/launch_params_1q1ndh6p --params-file /tmp/launch_params_yac6wsso --params-file /tmp/launch_params_rvgmihc2 --params-file /tmp/launch_params_zeoquzcx'].
[ERROR] [bump_counter-3]: process has died [pid 311037, exit code 1, cmd '/home/ecem/ros2_ws/install/swarm_basics/lib/swarm_basics/bump_counter --ros-args -r __node:=bump_counter --params-file /tmp/launch_params_2sccur55 --params-file /tmp/launch_params_ps9cx7av --params-file /tmp/launch_params_3ek4cvvt'].
[ERROR] [robot_supervisor-19]: process has died [pid 311080, exit code -2, cmd '/home/ecem/ros2_ws/install/swarm_basics/lib/swarm_basics/robot_supervisor --ros-args -r __node:=robot_supervisor -r __ns:=/robot_4 --params-file /tmp/launch_params_u1_en_yy --params-file /tmp/launch_params_e4h_s4zr --params-file /tmp/launch_params_0a85raxz --params-file /tmp/launch_params_fbe22pbu'].
[ERROR] [robot_supervisor-13]: process has died [pid 311059, exit code -2, cmd '/home/ecem/ros2_ws/install/swarm_basics/lib/swarm_basics/robot_supervisor --ros-args -r __node:=robot_supervisor -r __ns:=/robot_2 --params-file /tmp/launch_params_isl6k3b9 --params-file /tmp/launch_params_bpcn58t7 --params-file /tmp/launch_params_evio4l5e --params-file /tmp/launch_params_70si9xad'].
[ERROR] [robot_supervisor-7]: process has died [pid 311045, exit code -2, cmd '/home/ecem/ros2_ws/install/swarm_basics/lib/swarm_basics/robot_supervisor --ros-args -r __node:=robot_supervisor -r __ns:=/robot_0 --params-file /tmp/launch_params_1jkb2bqz --params-file /tmp/launch_params_vkdenutc --params-file /tmp/launch_params_34os98p9 --params-file /tmp/launch_params_5h9j1v5v'].
[ERROR] [robot_supervisor-10]: process has died [pid 311053, exit code -2, cmd '/home/ecem/ros2_ws/install/swarm_basics/lib/swarm_basics/robot_supervisor --ros-args -r __node:=robot_supervisor -r __ns:=/robot_1 --params-file /tmp/launch_params_zij5kgox --params-file /tmp/launch_params_w_fpml_0 --params-file /tmp/launch_params__cr1l4ei --params-file /tmp/launch_params_ahovw7uo'].
[ERROR] [robot_supervisor-16]: process has died [pid 311065, exit code -2, cmd '/home/ecem/ros2_ws/install/swarm_basics/lib/swarm_basics/robot_supervisor --ros-args -r __node:=robot_supervisor -r __ns:=/robot_3 --params-file /tmp/launch_params_uek65_ut --params-file /tmp/launch_params_uulm7ce6 --params-file /tmp/launch_params_rk_1nzkw --params-file /tmp/launch_params__jkps945'].
