[INFO] [launch]: All log files can be found below /home/ecem/.ros/log/2026-04-21-08-11-05-047470-ecem-pc-204451
[INFO] [launch]: Default logging verbosity is set to INFO
[INFO] [ign gazebo-1]: process started with pid [204466]
[INFO] [coverage_counter-2]: process started with pid [204468]
[INFO] [bump_counter-3]: process started with pid [204471]
[INFO] [parameter_bridge-4]: process started with pid [204473]
[INFO] [robot_state_publisher-5]: process started with pid [204475]
[INFO] [create-6]: process started with pid [204477]
[INFO] [robot_supervisor-7]: process started with pid [204479]
[INFO] [robot_state_publisher-8]: process started with pid [204481]
[INFO] [create-9]: process started with pid [204484]
[INFO] [robot_supervisor-10]: process started with pid [204486]
[INFO] [robot_state_publisher-11]: process started with pid [204489]
[INFO] [create-12]: process started with pid [204491]
[INFO] [robot_supervisor-13]: process started with pid [204493]
[INFO] [robot_state_publisher-14]: process started with pid [204495]
[INFO] [create-15]: process started with pid [204497]
[INFO] [robot_supervisor-16]: process started with pid [204499]
[INFO] [robot_state_publisher-17]: process started with pid [204501]
[INFO] [create-18]: process started with pid [204591]
[INFO] [robot_supervisor-19]: process started with pid [204594]
[INFO] [parameter_bridge-20]: process started with pid [204609]
[parameter_bridge-4] [ros_ign_bridge] is deprecated! Redirecting to use [ros_gz_bridge] instead!
[parameter_bridge-4] 
[parameter_bridge-4] [INFO] [1776751865.477788379] [all_robots_bridge]: Creating ROS->GZ Bridge: [/robot_0/cmd_vel (geometry_msgs/msg/Twist) -> /robot_0/cmd_vel (ignition.msgs.Twist)] (Lazy 0)
[create-9] [INFO] [1776751865.476103459] [robot_1.ros_gz_sim]: Requesting list of world names.
[create-12] [INFO] [1776751865.475256110] [robot_2.ros_gz_sim]: Requesting list of world names.
[create-15] [INFO] [1776751865.474929979] [robot_3.ros_gz_sim]: Requesting list of world names.
[parameter_bridge-4] [INFO] [1776751865.479793267] [all_robots_bridge]: Creating GZ->ROS Bridge: [/robot_0/odom (ignition.msgs.Odometry) -> /robot_0/odom (nav_msgs/msg/Odometry)] (Lazy 0)
[create-6] [INFO] [1776751865.480185961] [robot_0.ros_gz_sim]: Requesting list of world names.
[parameter_bridge-4] [INFO] [1776751865.480806447] [all_robots_bridge]: Creating GZ->ROS Bridge: [/robot_0/depth_camera/depth_image (ignition.msgs.Image) -> /robot_0/depth_camera/depth_image (sensor_msgs/msg/Image)] (Lazy 0)
[parameter_bridge-4] [INFO] [1776751865.481935071] [all_robots_bridge]: Creating GZ->ROS Bridge: [/world/random_world/model/robot_0/link/robot_0/base_footprint/sensor/contact_sensor/contact (ignition.msgs.Contacts) -> /world/random_world/model/robot_0/link/robot_0/base_footprint/sensor/contact_sensor/contact (ros_gz_interfaces/msg/Contacts)] (Lazy 0)
[parameter_bridge-4] [INFO] [1776751865.483143737] [all_robots_bridge]: Creating ROS->GZ Bridge: [/robot_1/cmd_vel (geometry_msgs/msg/Twist) -> /robot_1/cmd_vel (ignition.msgs.Twist)] (Lazy 0)
[parameter_bridge-4] [INFO] [1776751865.483616123] [all_robots_bridge]: Creating GZ->ROS Bridge: [/robot_1/odom (ignition.msgs.Odometry) -> /robot_1/odom (nav_msgs/msg/Odometry)] (Lazy 0)
[parameter_bridge-4] [INFO] [1776751865.484407041] [all_robots_bridge]: Creating GZ->ROS Bridge: [/robot_1/depth_camera/depth_image (ignition.msgs.Image) -> /robot_1/depth_camera/depth_image (sensor_msgs/msg/Image)] (Lazy 0)
[parameter_bridge-4] [INFO] [1776751865.485059360] [all_robots_bridge]: Creating GZ->ROS Bridge: [/world/random_world/model/robot_1/link/robot_1/base_footprint/sensor/contact_sensor/contact (ignition.msgs.Contacts) -> /world/random_world/model/robot_1/link/robot_1/base_footprint/sensor/contact_sensor/contact (ros_gz_interfaces/msg/Contacts)] (Lazy 0)
[parameter_bridge-4] [INFO] [1776751865.486578908] [all_robots_bridge]: Creating ROS->GZ Bridge: [/robot_2/cmd_vel (geometry_msgs/msg/Twist) -> /robot_2/cmd_vel (ignition.msgs.Twist)] (Lazy 0)
[parameter_bridge-4] [INFO] [1776751865.487668396] [all_robots_bridge]: Creating GZ->ROS Bridge: [/robot_2/odom (ignition.msgs.Odometry) -> /robot_2/odom (nav_msgs/msg/Odometry)] (Lazy 0)
[parameter_bridge-4] [INFO] [1776751865.488493228] [all_robots_bridge]: Creating GZ->ROS Bridge: [/robot_2/depth_camera/depth_image (ignition.msgs.Image) -> /robot_2/depth_camera/depth_image (sensor_msgs/msg/Image)] (Lazy 0)
[parameter_bridge-4] [INFO] [1776751865.489219873] [all_robots_bridge]: Creating GZ->ROS Bridge: [/world/random_world/model/robot_2/link/robot_2/base_footprint/sensor/contact_sensor/contact (ignition.msgs.Contacts) -> /world/random_world/model/robot_2/link/robot_2/base_footprint/sensor/contact_sensor/contact (ros_gz_interfaces/msg/Contacts)] (Lazy 0)
[parameter_bridge-4] [INFO] [1776751865.490234110] [all_robots_bridge]: Creating ROS->GZ Bridge: [/robot_3/cmd_vel (geometry_msgs/msg/Twist) -> /robot_3/cmd_vel (ignition.msgs.Twist)] (Lazy 0)
[parameter_bridge-4] [INFO] [1776751865.491014889] [all_robots_bridge]: Creating GZ->ROS Bridge: [/robot_3/odom (ignition.msgs.Odometry) -> /robot_3/odom (nav_msgs/msg/Odometry)] (Lazy 0)
[parameter_bridge-4] [INFO] [1776751865.491795387] [all_robots_bridge]: Creating GZ->ROS Bridge: [/robot_3/depth_camera/depth_image (ignition.msgs.Image) -> /robot_3/depth_camera/depth_image (sensor_msgs/msg/Image)] (Lazy 0)
[parameter_bridge-4] [INFO] [1776751865.492547331] [all_robots_bridge]: Creating GZ->ROS Bridge: [/world/random_world/model/robot_3/link/robot_3/base_footprint/sensor/contact_sensor/contact (ignition.msgs.Contacts) -> /world/random_world/model/robot_3/link/robot_3/base_footprint/sensor/contact_sensor/contact (ros_gz_interfaces/msg/Contacts)] (Lazy 0)
[robot_state_publisher-5] [INFO] [1776751865.493001630] [robot_0.robot_state_publisher]: got segment robot_0/antenna_link
[robot_state_publisher-5] [INFO] [1776751865.493059781] [robot_0.robot_state_publisher]: got segment robot_0/base_footprint
[robot_state_publisher-5] [INFO] [1776751865.493064860] [robot_0.robot_state_publisher]: got segment robot_0/base_link
[robot_state_publisher-5] [INFO] [1776751865.493068108] [robot_0.robot_state_publisher]: got segment robot_0/realsense_link
[robot_state_publisher-5] [INFO] [1776751865.493070863] [robot_0.robot_state_publisher]: got segment robot_0/rocker_L_link
[robot_state_publisher-5] [INFO] [1776751865.493073473] [robot_0.robot_state_publisher]: got segment robot_0/rocker_R_link
[robot_state_publisher-5] [INFO] [1776751865.493076120] [robot_0.robot_state_publisher]: got segment robot_0/wheel_FL_link
[robot_state_publisher-5] [INFO] [1776751865.493078803] [robot_0.robot_state_publisher]: got segment robot_0/wheel_FR_link
[robot_state_publisher-5] [INFO] [1776751865.493081299] [robot_0.robot_state_publisher]: got segment robot_0/wheel_RL_link
[robot_state_publisher-5] [INFO] [1776751865.493083917] [robot_0.robot_state_publisher]: got segment robot_0/wheel_RR_link
[parameter_bridge-4] [INFO] [1776751865.493441169] [all_robots_bridge]: Creating ROS->GZ Bridge: [/robot_4/cmd_vel (geometry_msgs/msg/Twist) -> /robot_4/cmd_vel (ignition.msgs.Twist)] (Lazy 0)
[parameter_bridge-4] [INFO] [1776751865.493923377] [all_robots_bridge]: Creating GZ->ROS Bridge: [/robot_4/odom (ignition.msgs.Odometry) -> /robot_4/odom (nav_msgs/msg/Odometry)] (Lazy 0)
[parameter_bridge-4] [INFO] [1776751865.494856010] [all_robots_bridge]: Creating GZ->ROS Bridge: [/robot_4/depth_camera/depth_image (ignition.msgs.Image) -> /robot_4/depth_camera/depth_image (sensor_msgs/msg/Image)] (Lazy 0)
[parameter_bridge-4] [INFO] [1776751865.495509344] [all_robots_bridge]: Creating GZ->ROS Bridge: [/world/random_world/model/robot_4/link/robot_4/base_footprint/sensor/contact_sensor/contact (ignition.msgs.Contacts) -> /world/random_world/model/robot_4/link/robot_4/base_footprint/sensor/contact_sensor/contact (ros_gz_interfaces/msg/Contacts)] (Lazy 0)
[parameter_bridge-4] [INFO] [1776751865.496151599] [all_robots_bridge]: Creating GZ->ROS Bridge: [/world/random_world/dynamic_pose/info (ignition.msgs.Pose_V) -> /world/random_world/dynamic_pose/info (tf2_msgs/msg/TFMessage)] (Lazy 0)
[create-18] [INFO] [1776751865.500665525] [robot_4.ros_gz_sim]: Requesting list of world names.
[robot_state_publisher-14] [INFO] [1776751865.500724000] [robot_3.robot_state_publisher]: got segment robot_3/antenna_link
[robot_state_publisher-17] [INFO] [1776751865.500753912] [robot_4.robot_state_publisher]: got segment robot_4/antenna_link
[robot_state_publisher-17] [INFO] [1776751865.500849401] [robot_4.robot_state_publisher]: got segment robot_4/base_footprint
[robot_state_publisher-17] [INFO] [1776751865.500862723] [robot_4.robot_state_publisher]: got segment robot_4/base_link
[robot_state_publisher-17] [INFO] [1776751865.500871673] [robot_4.robot_state_publisher]: got segment robot_4/realsense_link
[robot_state_publisher-17] [INFO] [1776751865.500879422] [robot_4.robot_state_publisher]: got segment robot_4/rocker_L_link
[robot_state_publisher-17] [INFO] [1776751865.500886966] [robot_4.robot_state_publisher]: got segment robot_4/rocker_R_link
[robot_state_publisher-17] [INFO] [1776751865.500894185] [robot_4.robot_state_publisher]: got segment robot_4/wheel_FL_link
[robot_state_publisher-17] [INFO] [1776751865.500901545] [robot_4.robot_state_publisher]: got segment robot_4/wheel_FR_link
[robot_state_publisher-17] [INFO] [1776751865.500908709] [robot_4.robot_state_publisher]: got segment robot_4/wheel_RL_link
[robot_state_publisher-17] [INFO] [1776751865.500915865] [robot_4.robot_state_publisher]: got segment robot_4/wheel_RR_link
[robot_state_publisher-14] [INFO] [1776751865.500796964] [robot_3.robot_state_publisher]: got segment robot_3/base_footprint
[robot_state_publisher-14] [INFO] [1776751865.500805650] [robot_3.robot_state_publisher]: got segment robot_3/base_link
[robot_state_publisher-14] [INFO] [1776751865.500812086] [robot_3.robot_state_publisher]: got segment robot_3/realsense_link
[robot_state_publisher-14] [INFO] [1776751865.500816243] [robot_3.robot_state_publisher]: got segment robot_3/rocker_L_link
[robot_state_publisher-14] [INFO] [1776751865.500821010] [robot_3.robot_state_publisher]: got segment robot_3/rocker_R_link
[robot_state_publisher-14] [INFO] [1776751865.500825910] [robot_3.robot_state_publisher]: got segment robot_3/wheel_FL_link
[robot_state_publisher-14] [INFO] [1776751865.500830445] [robot_3.robot_state_publisher]: got segment robot_3/wheel_FR_link
[robot_state_publisher-14] [INFO] [1776751865.500834965] [robot_3.robot_state_publisher]: got segment robot_3/wheel_RL_link
[robot_state_publisher-14] [INFO] [1776751865.500839780] [robot_3.robot_state_publisher]: got segment robot_3/wheel_RR_link
[robot_state_publisher-11] [INFO] [1776751865.504112996] [robot_2.robot_state_publisher]: got segment robot_2/antenna_link
[robot_state_publisher-11] [INFO] [1776751865.504172192] [robot_2.robot_state_publisher]: got segment robot_2/base_footprint
[robot_state_publisher-11] [INFO] [1776751865.504177758] [robot_2.robot_state_publisher]: got segment robot_2/base_link
[robot_state_publisher-11] [INFO] [1776751865.504181127] [robot_2.robot_state_publisher]: got segment robot_2/realsense_link
[robot_state_publisher-11] [INFO] [1776751865.504184117] [robot_2.robot_state_publisher]: got segment robot_2/rocker_L_link
[robot_state_publisher-11] [INFO] [1776751865.504187081] [robot_2.robot_state_publisher]: got segment robot_2/rocker_R_link
[robot_state_publisher-11] [INFO] [1776751865.504189658] [robot_2.robot_state_publisher]: got segment robot_2/wheel_FL_link
[robot_state_publisher-11] [INFO] [1776751865.504192361] [robot_2.robot_state_publisher]: got segment robot_2/wheel_FR_link
[robot_state_publisher-11] [INFO] [1776751865.504194935] [robot_2.robot_state_publisher]: got segment robot_2/wheel_RL_link
[robot_state_publisher-11] [INFO] [1776751865.504197626] [robot_2.robot_state_publisher]: got segment robot_2/wheel_RR_link
[robot_state_publisher-8] [INFO] [1776751865.504459254] [robot_1.robot_state_publisher]: got segment robot_1/antenna_link
[robot_state_publisher-8] [INFO] [1776751865.504513866] [robot_1.robot_state_publisher]: got segment robot_1/base_footprint
[robot_state_publisher-8] [INFO] [1776751865.504519861] [robot_1.robot_state_publisher]: got segment robot_1/base_link
[robot_state_publisher-8] [INFO] [1776751865.504523750] [robot_1.robot_state_publisher]: got segment robot_1/realsense_link
[robot_state_publisher-8] [INFO] [1776751865.504526911] [robot_1.robot_state_publisher]: got segment robot_1/rocker_L_link
[robot_state_publisher-8] [INFO] [1776751865.504529859] [robot_1.robot_state_publisher]: got segment robot_1/rocker_R_link
[robot_state_publisher-8] [INFO] [1776751865.504533417] [robot_1.robot_state_publisher]: got segment robot_1/wheel_FL_link
[robot_state_publisher-8] [INFO] [1776751865.504536658] [robot_1.robot_state_publisher]: got segment robot_1/wheel_FR_link
[robot_state_publisher-8] [INFO] [1776751865.504539680] [robot_1.robot_state_publisher]: got segment robot_1/wheel_RL_link
[robot_state_publisher-8] [INFO] [1776751865.504542496] [robot_1.robot_state_publisher]: got segment robot_1/wheel_RR_link
[parameter_bridge-20] [INFO] [1776751865.519991009] [clock_bridge]: Creating GZ->ROS Bridge: [/clock (ignition.msgs.Clock) -> /clock (rosgraph_msgs/msg/Clock)] (Lazy 0)
[bump_counter-3] [INFO] [1776751865.792041352] [bump_counter]: [global] global_mode=True cooldown(robot)=0.80s cooldown(obs)=0.50s Logging to /home/ecem/ros2_ws/src/Leo_sct/results_exp/explore/medium/prompt_2/run_5/spread/trial_1/run_20260421_081105/bumps_global_081105.csv
[robot_supervisor-13] [INFO] [1776751865.832940788] [robot_2.robot_supervisor]: Loaded initial mission 'explore' from explicit YAML explore_sup_gpt_medium_2_run_5_141.yaml
[robot_supervisor-16] [INFO] [1776751865.835478122] [robot_3.robot_supervisor]: Loaded initial mission 'explore' from explicit YAML explore_sup_gpt_medium_2_run_5_141.yaml
[robot_supervisor-10] [INFO] [1776751865.837747522] [robot_1.robot_supervisor]: Loaded initial mission 'explore' from explicit YAML explore_sup_gpt_medium_2_run_5_141.yaml
[robot_supervisor-7] [INFO] [1776751865.847678962] [robot_0.robot_supervisor]: Loaded initial mission 'explore' from explicit YAML explore_sup_gpt_medium_2_run_5_141.yaml
[robot_supervisor-19] [INFO] [1776751865.891205685] [robot_4.robot_supervisor]: Loaded initial mission 'explore' from explicit YAML explore_sup_gpt_medium_2_run_5_141.yaml
[parameter_bridge-4] [INFO] [1776751865.936750991] [all_robots_bridge]: Passing message from ROS geometry_msgs/msg/Twist to Gazebo gz.msgs.Twist (showing msg only once per type)
[create-9] [INFO] [1776751865.954929066] [robot_1.ros_gz_sim]: Waiting messages on topic [/robot_1/robot_description].
[create-15] [INFO] [1776751866.054956715] [robot_3.ros_gz_sim]: Waiting messages on topic [/robot_3/robot_description].
[create-12] [INFO] [1776751866.155567077] [robot_2.ros_gz_sim]: Waiting messages on topic [/robot_2/robot_description].
[create-6] [INFO] [1776751866.255766999] [robot_0.ros_gz_sim]: Waiting messages on topic [/robot_0/robot_description].
[create-9] [INFO] [1776751866.355107996] [robot_1.ros_gz_sim]: Requested creation of entity.
[create-9] [INFO] [1776751866.355182714] [robot_1.ros_gz_sim]: OK creation of entity.
[create-6] [INFO] [1776751866.355125505] [robot_0.ros_gz_sim]: Requested creation of entity.
[create-6] [INFO] [1776751866.355180912] [robot_0.ros_gz_sim]: OK creation of entity.
[create-12] [INFO] [1776751866.355125684] [robot_2.ros_gz_sim]: Requested creation of entity.
[create-12] [INFO] [1776751866.355180929] [robot_2.ros_gz_sim]: OK creation of entity.
[create-15] [INFO] [1776751866.355130040] [robot_3.ros_gz_sim]: Requested creation of entity.
[create-15] [INFO] [1776751866.355182960] [robot_3.ros_gz_sim]: OK creation of entity.
[create-18] [INFO] [1776751866.355906924] [robot_4.ros_gz_sim]: Waiting messages on topic [/robot_4/robot_description].
[create-18] [INFO] [1776751866.358284960] [robot_4.ros_gz_sim]: Requested creation of entity.
[create-18] [INFO] [1776751866.358320525] [robot_4.ros_gz_sim]: OK creation of entity.
[INFO] [create-9]: process has finished cleanly [pid 204484]
[INFO] [create-15]: process has finished cleanly [pid 204497]
[INFO] [create-12]: process has finished cleanly [pid 204491]
[INFO] [create-6]: process has finished cleanly [pid 204477]
[INFO] [create-18]: process has finished cleanly [pid 204591]
[bump_counter-3] [INFO] [1776751866.854733445] [bump_counter]: [global] subscribed: /world/random_world/model/robot_0/link/robot_0/base_footprint/sensor/contact_sensor/contact
[bump_counter-3] [INFO] [1776751866.856486413] [bump_counter]: [global] subscribed: /world/random_world/model/robot_1/link/robot_1/base_footprint/sensor/contact_sensor/contact
[bump_counter-3] [INFO] [1776751866.857079231] [bump_counter]: [global] subscribed: /world/random_world/model/robot_2/link/robot_2/base_footprint/sensor/contact_sensor/contact
[bump_counter-3] [INFO] [1776751866.857580142] [bump_counter]: [global] subscribed: /world/random_world/model/robot_3/link/robot_3/base_footprint/sensor/contact_sensor/contact
[bump_counter-3] [INFO] [1776751866.858131378] [bump_counter]: [global] subscribed: /world/random_world/model/robot_4/link/robot_4/base_footprint/sensor/contact_sensor/contact
[INFO] [image_processor-21]: process started with pid [204862]
[INFO] [image_processor-22]: process started with pid [204864]
[INFO] [image_processor-23]: process started with pid [204866]
[INFO] [image_processor-24]: process started with pid [204868]
[INFO] [image_processor-25]: process started with pid [204870]
[image_processor-22] [INFO] [1776751867.518024243] [robot_1.image_processor]: image_processor: depth='/robot_1/depth_camera/depth_image' aruco_runtime=disabled
[image_processor-23] [INFO] [1776751867.518542165] [robot_2.image_processor]: image_processor: depth='/robot_2/depth_camera/depth_image' aruco_runtime=disabled
[image_processor-24] [INFO] [1776751867.519490442] [robot_3.image_processor]: image_processor: depth='/robot_3/depth_camera/depth_image' aruco_runtime=disabled
[image_processor-21] [INFO] [1776751867.520427968] [robot_0.image_processor]: image_processor: depth='/robot_0/depth_camera/depth_image' aruco_runtime=disabled
[image_processor-25] [INFO] [1776751867.540281824] [robot_4.image_processor]: image_processor: depth='/robot_4/depth_camera/depth_image' aruco_runtime=disabled
[image_processor-24] [INFO] [1776751870.855350118] [robot_3.image_processor]: Zone=CLEAR  left[p=1.102 near=0 v=7650]  front[p=1.719 near=0 v=13500]  right[p=2.172 near=0 v=7740]
[image_processor-23] [INFO] [1776751870.869344058] [robot_2.image_processor]: Zone=CLEAR  left[p=2.745 near=0 v=5011]  front[p=1.644 near=0 v=8425]  right[p=1.700 near=0 v=6986]
[image_processor-21] [INFO] [1776751870.878961617] [robot_0.image_processor]: Zone=CLEAR  left[p=0.904 near=0 v=7650]  front[p=1.356 near=0 v=13500]  right[p=1.356 near=0 v=7740]
[image_processor-25] [INFO] [1776751870.893243396] [robot_4.image_processor]: Zone=CLEAR  left[p=3.196 near=0 v=6573]  front[p=2.953 near=0 v=9956]  right[p=2.658 near=0 v=5511]
[image_processor-22] [INFO] [1776751870.948350095] [robot_1.image_processor]: Zone=CLEAR  left[p=1.667 near=0 v=7650]  front[p=3.100 near=0 v=12175]  right[p=2.607 near=0 v=7450]
[image_processor-24] [INFO] [1776751873.355458169] [robot_3.image_processor]: Zone=CLEAR
[image_processor-23] [INFO] [1776751873.370411382] [robot_2.image_processor]: Zone=CLEAR
[image_processor-21] [INFO] [1776751873.377879144] [robot_0.image_processor]: Zone=CLEAR
[image_processor-25] [INFO] [1776751873.393449644] [robot_4.image_processor]: Zone=CLEAR
[image_processor-22] [INFO] [1776751873.446241754] [robot_1.image_processor]: Zone=CLEAR
[image_processor-22] [INFO] [1776751875.846914601] [robot_1.image_processor]: Zone=CLEAR
[image_processor-24] [INFO] [1776751875.855645545] [robot_3.image_processor]: Zone=CLEAR
[image_processor-23] [INFO] [1776751875.869929605] [robot_2.image_processor]: Zone=CLEAR
[image_processor-21] [INFO] [1776751875.877587626] [robot_0.image_processor]: Zone=CLEAR
[image_processor-25] [INFO] [1776751875.890699325] [robot_4.image_processor]: Zone=CLEAR
[image_processor-22] [INFO] [1776751878.350292494] [robot_1.image_processor]: Zone=CLEAR
[image_processor-24] [INFO] [1776751878.359201264] [robot_3.image_processor]: Zone=CLEAR
[image_processor-23] [INFO] [1776751878.375238354] [robot_2.image_processor]: Zone=CLEAR
[image_processor-25] [INFO] [1776751878.396526026] [robot_4.image_processor]: Zone=CLEAR
[image_processor-21] [INFO] [1776751878.484038968] [robot_0.image_processor]: Zone=CLEAR
[image_processor-24] [INFO] [1776751880.855874495] [robot_3.image_processor]: Zone=CLEAR
[image_processor-23] [INFO] [1776751880.870275347] [robot_2.image_processor]: Zone=CLEAR
[image_processor-21] [INFO] [1776751880.877446933] [robot_0.image_processor]: Zone=CLEAR
[image_processor-25] [INFO] [1776751880.892518047] [robot_4.image_processor]: Zone=CLEAR
[image_processor-22] [INFO] [1776751880.949783926] [robot_1.image_processor]: Zone=CLEAR
[image_processor-22] [INFO] [1776751883.347286710] [robot_1.image_processor]: Zone=CLEAR
[image_processor-24] [INFO] [1776751883.356324853] [robot_3.image_processor]: Zone=CLEAR
[image_processor-23] [INFO] [1776751883.372819618] [robot_2.image_processor]: Zone=CLEAR
[image_processor-21] [INFO] [1776751883.380483385] [robot_0.image_processor]: Zone=CLEAR
[image_processor-25] [INFO] [1776751883.496341328] [robot_4.image_processor]: Zone=CLEAR
[image_processor-22] [INFO] [1776751885.846461993] [robot_1.image_processor]: Zone=CLEAR
[image_processor-24] [INFO] [1776751885.855952541] [robot_3.image_processor]: Zone=CLEAR
[image_processor-23] [INFO] [1776751885.869965899] [robot_2.image_processor]: Zone=CLEAR
[image_processor-21] [INFO] [1776751885.879125065] [robot_0.image_processor]: Zone=CLEAR
[image_processor-25] [INFO] [1776751885.894501401] [robot_4.image_processor]: Zone=CLEAR
[image_processor-24] [INFO] [1776751888.356626501] [robot_3.image_processor]: Zone=CLEAR
[image_processor-23] [INFO] [1776751888.372457105] [robot_2.image_processor]: Zone=CLEAR
[image_processor-21] [INFO] [1776751888.381589119] [robot_0.image_processor]: Zone=CLEAR
[image_processor-25] [INFO] [1776751888.396781059] [robot_4.image_processor]: Zone=CLEAR
[image_processor-22] [INFO] [1776751888.449070947] [robot_1.image_processor]: Zone=CLEAR
[image_processor-22] [INFO] [1776751890.849395288] [robot_1.image_processor]: Zone=CLEAR
[image_processor-24] [INFO] [1776751890.857934971] [robot_3.image_processor]: Zone=CLEAR
[image_processor-23] [INFO] [1776751890.873296673] [robot_2.image_processor]: Zone=CLEAR
[image_processor-21] [INFO] [1776751890.880037172] [robot_0.image_processor]: Zone=CLEAR
[image_processor-25] [INFO] [1776751890.894728851] [robot_4.image_processor]: Zone=CLEAR
[image_processor-22] [INFO] [1776751893.347062576] [robot_1.image_processor]: Zone=CLEAR
[image_processor-24] [INFO] [1776751893.358412952] [robot_3.image_processor]: Zone=CLEAR
[image_processor-23] [INFO] [1776751893.371710070] [robot_2.image_processor]: Zone=CLEAR
[image_processor-21] [INFO] [1776751893.379252839] [robot_0.image_processor]: Zone=CLEAR
[image_processor-25] [INFO] [1776751893.394552435] [robot_4.image_processor]: Zone=CLEAR
[image_processor-24] [INFO] [1776751895.855347139] [robot_3.image_processor]: Zone=CLEAR
[image_processor-23] [INFO] [1776751895.870817179] [robot_2.image_processor]: Zone=CLEAR
[image_processor-21] [INFO] [1776751895.879159440] [robot_0.image_processor]: Zone=CLEAR
[image_processor-25] [INFO] [1776751895.894383557] [robot_4.image_processor]: Zone=CLEAR
[image_processor-22] [INFO] [1776751895.949076095] [robot_1.image_processor]: Zone=CLEAR
[image_processor-22] [INFO] [1776751898.349839126] [robot_1.image_processor]: Zone=CLEAR
[image_processor-24] [INFO] [1776751898.357535166] [robot_3.image_processor]: Zone=CLEAR
[image_processor-23] [INFO] [1776751898.370887237] [robot_2.image_processor]: Zone=CLEAR
[image_processor-21] [INFO] [1776751898.379478202] [robot_0.image_processor]: Zone=CLEAR
[image_processor-25] [INFO] [1776751898.393431004] [robot_4.image_processor]: Zone=CLEAR
[image_processor-22] [INFO] [1776751900.848884461] [robot_1.image_processor]: Zone=CLEAR
[image_processor-24] [INFO] [1776751900.856268199] [robot_3.image_processor]: Zone=CLEAR
[image_processor-23] [INFO] [1776751900.868391804] [robot_2.image_processor]: Zone=CLEAR
[image_processor-21] [INFO] [1776751900.877769164] [robot_0.image_processor]: Zone=CLEAR
[image_processor-25] [INFO] [1776751900.891536651] [robot_4.image_processor]: Zone=CLEAR
[image_processor-22] [INFO] [1776751903.348708597] [robot_1.image_processor]: Zone=CLEAR
[image_processor-23] [INFO] [1776751903.370792447] [robot_2.image_processor]: Zone=CLEAR
[image_processor-21] [INFO] [1776751903.380763918] [robot_0.image_processor]: Zone=CLEAR
[image_processor-25] [INFO] [1776751903.394138102] [robot_4.image_processor]: Zone=CLEAR
[image_processor-24] [INFO] [1776751903.458162638] [robot_3.image_processor]: Zone=CLEAR
[image_processor-22] [INFO] [1776751905.846898451] [robot_1.image_processor]: Zone=CLEAR
[image_processor-24] [INFO] [1776751905.855214560] [robot_3.image_processor]: Zone=CLEAR
[image_processor-23] [INFO] [1776751905.870540266] [robot_2.image_processor]: Zone=CLEAR
[image_processor-21] [INFO] [1776751905.879159908] [robot_0.image_processor]: Zone=CLEAR
[image_processor-25] [INFO] [1776751905.893193525] [robot_4.image_processor]: Zone=CLEAR
[image_processor-22] [INFO] [1776751908.348124334] [robot_1.image_processor]: Zone=CLEAR
[image_processor-24] [INFO] [1776751908.354349618] [robot_3.image_processor]: Zone=CLEAR
[image_processor-23] [INFO] [1776751908.372192480] [robot_2.image_processor]: Zone=CLEAR
[image_processor-21] [INFO] [1776751908.379759232] [robot_0.image_processor]: Zone=CLEAR
[image_processor-25] [INFO] [1776751908.394789559] [robot_4.image_processor]: Zone=CLEAR
[image_processor-22] [INFO] [1776751910.848768157] [robot_1.image_processor]: Zone=CLEAR
[image_processor-24] [INFO] [1776751910.856026973] [robot_3.image_processor]: Zone=CLEAR
[image_processor-23] [INFO] [1776751910.871348094] [robot_2.image_processor]: Zone=CLEAR
[image_processor-21] [INFO] [1776751910.878978643] [robot_0.image_processor]: Zone=CLEAR
[image_processor-25] [INFO] [1776751910.893596798] [robot_4.image_processor]: Zone=CLEAR
[image_processor-22] [INFO] [1776751913.346852629] [robot_1.image_processor]: Zone=CLEAR
[image_processor-24] [INFO] [1776751913.356419579] [robot_3.image_processor]: Zone=CLEAR
[image_processor-23] [INFO] [1776751913.369763070] [robot_2.image_processor]: Zone=CLEAR
[image_processor-21] [INFO] [1776751913.377788276] [robot_0.image_processor]: Zone=CLEAR
[image_processor-25] [INFO] [1776751913.390731168] [robot_4.image_processor]: Zone=CLEAR
[image_processor-22] [INFO] [1776751915.847623491] [robot_1.image_processor]: Zone=CLEAR
[image_processor-23] [INFO] [1776751915.870650779] [robot_2.image_processor]: Zone=CLEAR
[image_processor-21] [INFO] [1776751915.879453385] [robot_0.image_processor]: Zone=CLEAR
[image_processor-25] [INFO] [1776751915.892597611] [robot_4.image_processor]: Zone=CLEAR
[image_processor-24] [INFO] [1776751915.957488700] [robot_3.image_processor]: Zone=CLEAR
[image_processor-22] [INFO] [1776751918.346845686] [robot_1.image_processor]: Zone=CLEAR
[image_processor-24] [INFO] [1776751918.355777029] [robot_3.image_processor]: Zone=CLEAR
[image_processor-23] [INFO] [1776751918.372476770] [robot_2.image_processor]: Zone=CLEAR
[image_processor-21] [INFO] [1776751918.381702525] [robot_0.image_processor]: Zone=CLEAR
[image_processor-25] [INFO] [1776751918.402909380] [robot_4.image_processor]: Zone=CLEAR
[image_processor-22] [INFO] [1776751920.847315836] [robot_1.image_processor]: Zone=CLEAR
[image_processor-24] [INFO] [1776751920.855957035] [robot_3.image_processor]: Zone=CLEAR
[image_processor-23] [INFO] [1776751920.869313789] [robot_2.image_processor]: Zone=CLEAR
[image_processor-21] [INFO] [1776751920.876304505] [robot_0.image_processor]: Zone=CLEAR
[image_processor-25] [INFO] [1776751920.891053601] [robot_4.image_processor]: Zone=CLEAR
[image_processor-22] [INFO] [1776751923.352694909] [robot_1.image_processor]: Zone=CLEAR
[image_processor-24] [INFO] [1776751923.359139507] [robot_3.image_processor]: Zone=CLEAR
[image_processor-23] [INFO] [1776751923.374027663] [robot_2.image_processor]: Zone=CLEAR
[image_processor-21] [INFO] [1776751923.382003485] [robot_0.image_processor]: Zone=CLEAR
[image_processor-25] [INFO] [1776751923.397448360] [robot_4.image_processor]: Zone=CLEAR
[image_processor-22] [INFO] [1776751925.847232223] [robot_1.image_processor]: Zone=CLEAR
[image_processor-24] [INFO] [1776751925.855980830] [robot_3.image_processor]: Zone=CLEAR
[image_processor-23] [INFO] [1776751925.869083010] [robot_2.image_processor]: Zone=CLEAR
[image_processor-21] [INFO] [1776751925.878452249] [robot_0.image_processor]: Zone=CLEAR
[image_processor-25] [INFO] [1776751925.892622262] [robot_4.image_processor]: Zone=CLEAR
[image_processor-22] [INFO] [1776751928.346026988] [robot_1.image_processor]: Zone=CLEAR
[image_processor-23] [INFO] [1776751928.368862884] [robot_2.image_processor]: Zone=CLEAR
[image_processor-21] [INFO] [1776751928.376257385] [robot_0.image_processor]: Zone=CLEAR
[image_processor-25] [INFO] [1776751928.390293386] [robot_4.image_processor]: Zone=CLEAR
[image_processor-24] [INFO] [1776751928.456014735] [robot_3.image_processor]: Zone=CLEAR
[image_processor-24] [INFO] [1776751930.855354535] [robot_3.image_processor]: Zone=CLEAR
[image_processor-23] [INFO] [1776751930.868785993] [robot_2.image_processor]: Zone=CLEAR
[image_processor-21] [INFO] [1776751930.877849204] [robot_0.image_processor]: Zone=CLEAR
[image_processor-25] [INFO] [1776751930.892936559] [robot_4.image_processor]: Zone=CLEAR
[image_processor-22] [INFO] [1776751930.948820488] [robot_1.image_processor]: Zone=CLEAR
[image_processor-22] [INFO] [1776751933.347782891] [robot_1.image_processor]: Zone=CLEAR
[image_processor-24] [INFO] [1776751933.357513588] [robot_3.image_processor]: Zone=CLEAR
[image_processor-21] [INFO] [1776751933.380477272] [robot_0.image_processor]: Zone=CLEAR
[image_processor-25] [INFO] [1776751933.394031349] [robot_4.image_processor]: Zone=CLEAR
[image_processor-23] [INFO] [1776751933.474325468] [robot_2.image_processor]: Zone=CLEAR
[image_processor-22] [INFO] [1776751935.847100973] [robot_1.image_processor]: Zone=CLEAR
[image_processor-24] [INFO] [1776751935.855761469] [robot_3.image_processor]: Zone=CLEAR
[image_processor-23] [INFO] [1776751935.869388308] [robot_2.image_processor]: Zone=CLEAR
[image_processor-21] [INFO] [1776751935.879330895] [robot_0.image_processor]: Zone=CLEAR
[image_processor-25] [INFO] [1776751935.895475143] [robot_4.image_processor]: Zone=CLEAR
[image_processor-22] [INFO] [1776751938.347340130] [robot_1.image_processor]: Zone=CLEAR
[image_processor-24] [INFO] [1776751938.355731815] [robot_3.image_processor]: Zone=CLEAR
[image_processor-23] [INFO] [1776751938.370909943] [robot_2.image_processor]: Zone=CLEAR
[image_processor-25] [INFO] [1776751938.393173099] [robot_4.image_processor]: Zone=CLEAR
[image_processor-21] [INFO] [1776751938.481215145] [robot_0.image_processor]: Zone=CLEAR
[image_processor-22] [INFO] [1776751940.846760247] [robot_1.image_processor]: Zone=CLEAR
[image_processor-24] [INFO] [1776751940.855551197] [robot_3.image_processor]: Zone=CLEAR
[image_processor-23] [INFO] [1776751940.868551059] [robot_2.image_processor]: Zone=CLEAR
[image_processor-21] [INFO] [1776751940.876623100] [robot_0.image_processor]: Zone=CLEAR
[image_processor-25] [INFO] [1776751940.891170631] [robot_4.image_processor]: Zone=CLEAR
[image_processor-22] [INFO] [1776751943.345414035] [robot_1.image_processor]: Zone=CLEAR
[image_processor-24] [INFO] [1776751943.355334221] [robot_3.image_processor]: Zone=CLEAR
[image_processor-23] [INFO] [1776751943.370697518] [robot_2.image_processor]: Zone=CLEAR
[image_processor-21] [INFO] [1776751943.378758944] [robot_0.image_processor]: Zone=CLEAR
[image_processor-25] [INFO] [1776751943.399578910] [robot_4.image_processor]: Zone=CLEAR
[image_processor-22] [INFO] [1776751945.847261347] [robot_1.image_processor]: Zone=CLEAR
[image_processor-24] [INFO] [1776751945.857433866] [robot_3.image_processor]: Zone=CLEAR
[image_processor-21] [INFO] [1776751945.877746481] [robot_0.image_processor]: Zone=CLEAR
[image_processor-25] [INFO] [1776751945.890817416] [robot_4.image_processor]: Zone=CLEAR
[image_processor-23] [INFO] [1776751945.972548356] [robot_2.image_processor]: Zone=CLEAR
[image_processor-22] [INFO] [1776751948.349043904] [robot_1.image_processor]: Zone=CLEAR
[image_processor-24] [INFO] [1776751948.357112337] [robot_3.image_processor]: Zone=CLEAR
[image_processor-23] [INFO] [1776751948.370835444] [robot_2.image_processor]: Zone=CLEAR
[image_processor-21] [INFO] [1776751948.376949412] [robot_0.image_processor]: Zone=CLEAR
[image_processor-25] [INFO] [1776751948.393059549] [robot_4.image_processor]: Zone=CLEAR
[image_processor-22] [INFO] [1776751950.847591025] [robot_1.image_processor]: Zone=CLEAR
[image_processor-24] [INFO] [1776751950.855111414] [robot_3.image_processor]: Zone=CLEAR
[image_processor-23] [INFO] [1776751950.871722001] [robot_2.image_processor]: Zone=CLEAR
[image_processor-21] [INFO] [1776751950.880704401] [robot_0.image_processor]: Zone=CLEAR
[image_processor-25] [INFO] [1776751950.894566672] [robot_4.image_processor]: Zone=CLEAR
[image_processor-22] [INFO] [1776751953.347025843] [robot_1.image_processor]: Zone=CLEAR
[image_processor-24] [INFO] [1776751953.358533066] [robot_3.image_processor]: Zone=CLEAR
[image_processor-23] [INFO] [1776751953.372407193] [robot_2.image_processor]: Zone=CLEAR
[image_processor-21] [INFO] [1776751953.380407686] [robot_0.image_processor]: Zone=CLEAR
[image_processor-25] [INFO] [1776751953.394616091] [robot_4.image_processor]: Zone=CLEAR
[image_processor-22] [INFO] [1776751955.847354151] [robot_1.image_processor]: Zone=CLEAR
[image_processor-24] [INFO] [1776751955.856770686] [robot_3.image_processor]: Zone=CLEAR
[image_processor-23] [INFO] [1776751955.870919283] [robot_2.image_processor]: Zone=CLEAR
[image_processor-21] [INFO] [1776751955.878362458] [robot_0.image_processor]: Zone=CLEAR
[image_processor-25] [INFO] [1776751955.993474033] [robot_4.image_processor]: Zone=CLEAR
[image_processor-24] [INFO] [1776751958.353035515] [robot_3.image_processor]: Zone=CLEAR
[image_processor-23] [INFO] [1776751958.367890058] [robot_2.image_processor]: Zone=CLEAR
[image_processor-21] [INFO] [1776751958.376336782] [robot_0.image_processor]: Zone=CLEAR
[image_processor-25] [INFO] [1776751958.391257488] [robot_4.image_processor]: Zone=CLEAR
[image_processor-22] [INFO] [1776751958.448954914] [robot_1.image_processor]: Zone=CLEAR
[image_processor-22] [INFO] [1776751960.848335686] [robot_1.image_processor]: Zone=CLEAR
[image_processor-24] [INFO] [1776751960.856515850] [robot_3.image_processor]: Zone=CLEAR
[image_processor-23] [INFO] [1776751960.869819370] [robot_2.image_processor]: Zone=CLEAR
[image_processor-21] [INFO] [1776751960.878744780] [robot_0.image_processor]: Zone=CLEAR
[image_processor-25] [INFO] [1776751960.891972865] [robot_4.image_processor]: Zone=CLEAR
[image_processor-22] [INFO] [1776751963.349249736] [robot_1.image_processor]: Zone=CLEAR
[image_processor-24] [INFO] [1776751963.358625057] [robot_3.image_processor]: Zone=CLEAR
[image_processor-23] [INFO] [1776751963.371821495] [robot_2.image_processor]: Zone=CLEAR
[image_processor-21] [INFO] [1776751963.380967469] [robot_0.image_processor]: Zone=CLEAR
[image_processor-25] [INFO] [1776751963.395164195] [robot_4.image_processor]: Zone=CLEAR
[image_processor-22] [INFO] [1776751965.848673769] [robot_1.image_processor]: Zone=CLEAR
[image_processor-24] [INFO] [1776751965.858630102] [robot_3.image_processor]: Zone=CLEAR
[image_processor-23] [INFO] [1776751965.871419688] [robot_2.image_processor]: Zone=CLEAR
[image_processor-21] [INFO] [1776751965.879469948] [robot_0.image_processor]: Zone=CLEAR
[image_processor-25] [INFO] [1776751965.894819363] [robot_4.image_processor]: Zone=CLEAR
[image_processor-22] [INFO] [1776751968.347478785] [robot_1.image_processor]: Zone=CLEAR
[image_processor-24] [INFO] [1776751968.355834712] [robot_3.image_processor]: Zone=CLEAR
[image_processor-23] [INFO] [1776751968.370023009] [robot_2.image_processor]: Zone=CLEAR
[image_processor-21] [INFO] [1776751968.377861302] [robot_0.image_processor]: Zone=CLEAR
[image_processor-25] [INFO] [1776751968.392960565] [robot_4.image_processor]: Zone=CLEAR
[image_processor-22] [INFO] [1776751970.849542071] [robot_1.image_processor]: Zone=CLEAR
[image_processor-24] [INFO] [1776751970.857303587] [robot_3.image_processor]: Zone=CLEAR
[image_processor-23] [INFO] [1776751970.871949613] [robot_2.image_processor]: Zone=CLEAR
[image_processor-21] [INFO] [1776751970.879880989] [robot_0.image_processor]: Zone=CLEAR
[image_processor-25] [INFO] [1776751970.894288533] [robot_4.image_processor]: Zone=CLEAR
[image_processor-22] [INFO] [1776751973.349237734] [robot_1.image_processor]: Zone=CLEAR
[image_processor-24] [INFO] [1776751973.356715639] [robot_3.image_processor]: Zone=CLEAR
[image_processor-23] [INFO] [1776751973.373461596] [robot_2.image_processor]: Zone=CLEAR
[image_processor-21] [INFO] [1776751973.381123628] [robot_0.image_processor]: Zone=CLEAR
[image_processor-25] [INFO] [1776751973.397055700] [robot_4.image_processor]: Zone=CLEAR
[image_processor-24] [INFO] [1776751975.857223407] [robot_3.image_processor]: Zone=CLEAR
[image_processor-23] [INFO] [1776751975.872344784] [robot_2.image_processor]: Zone=CLEAR
[image_processor-21] [INFO] [1776751975.880718048] [robot_0.image_processor]: Zone=CLEAR
[image_processor-25] [INFO] [1776751975.896256714] [robot_4.image_processor]: Zone=CLEAR
[image_processor-22] [INFO] [1776751975.949014132] [robot_1.image_processor]: Zone=CLEAR
[image_processor-22] [INFO] [1776751978.349086222] [robot_1.image_processor]: Zone=CLEAR
[image_processor-24] [INFO] [1776751978.356889163] [robot_3.image_processor]: Zone=CLEAR
[image_processor-21] [INFO] [1776751978.377183031] [robot_0.image_processor]: Zone=CLEAR
[image_processor-25] [INFO] [1776751978.391712539] [robot_4.image_processor]: Zone=CLEAR
[image_processor-23] [INFO] [1776751978.470268363] [robot_2.image_processor]: Zone=CLEAR
[image_processor-22] [INFO] [1776751980.847510180] [robot_1.image_processor]: Zone=CLEAR
[image_processor-24] [INFO] [1776751980.855927863] [robot_3.image_processor]: Zone=CLEAR
[image_processor-23] [INFO] [1776751980.869238375] [robot_2.image_processor]: Zone=CLEAR
[image_processor-21] [INFO] [1776751980.877539406] [robot_0.image_processor]: Zone=CLEAR
[image_processor-25] [INFO] [1776751980.892760409] [robot_4.image_processor]: Zone=CLEAR
[image_processor-22] [INFO] [1776751983.347186317] [robot_1.image_processor]: Zone=CLEAR
[image_processor-24] [INFO] [1776751983.355259959] [robot_3.image_processor]: Zone=CLEAR
[image_processor-23] [INFO] [1776751983.370252385] [robot_2.image_processor]: Zone=CLEAR
[image_processor-21] [INFO] [1776751983.377270804] [robot_0.image_processor]: Zone=CLEAR
[image_processor-25] [INFO] [1776751983.392014029] [robot_4.image_processor]: Zone=CLEAR
[image_processor-22] [INFO] [1776751985.846990890] [robot_1.image_processor]: Zone=CLEAR
[image_processor-23] [INFO] [1776751985.869394247] [robot_2.image_processor]: Zone=CLEAR
[image_processor-21] [INFO] [1776751985.877073700] [robot_0.image_processor]: Zone=CLEAR
[image_processor-25] [INFO] [1776751985.898526574] [robot_4.image_processor]: Zone=CLEAR
[image_processor-24] [INFO] [1776751985.956195295] [robot_3.image_processor]: Zone=CLEAR
[image_processor-22] [INFO] [1776751988.347837462] [robot_1.image_processor]: Zone=CLEAR
[image_processor-24] [INFO] [1776751988.355726874] [robot_3.image_processor]: Zone=CLEAR
[image_processor-23] [INFO] [1776751988.369463249] [robot_2.image_processor]: Zone=CLEAR
[image_processor-21] [INFO] [1776751988.376962896] [robot_0.image_processor]: Zone=CLEAR
[image_processor-25] [INFO] [1776751988.392749805] [robot_4.image_processor]: Zone=CLEAR
[image_processor-22] [INFO] [1776751990.847054754] [robot_1.image_processor]: Zone=CLEAR
[image_processor-24] [INFO] [1776751990.856415139] [robot_3.image_processor]: Zone=CLEAR
[image_processor-23] [INFO] [1776751990.869798730] [robot_2.image_processor]: Zone=CLEAR
[image_processor-21] [INFO] [1776751990.877557482] [robot_0.image_processor]: Zone=CLEAR
[image_processor-25] [INFO] [1776751990.893209641] [robot_4.image_processor]: Zone=CLEAR
[image_processor-22] [INFO] [1776751993.349976063] [robot_1.image_processor]: Zone=CLEAR
[image_processor-24] [INFO] [1776751993.358549798] [robot_3.image_processor]: Zone=CLEAR
[image_processor-23] [INFO] [1776751993.372581686] [robot_2.image_processor]: Zone=CLEAR
[image_processor-21] [INFO] [1776751993.380319244] [robot_0.image_processor]: Zone=CLEAR
[image_processor-25] [INFO] [1776751993.395413190] [robot_4.image_processor]: Zone=CLEAR
[image_processor-22] [INFO] [1776751995.849237525] [robot_1.image_processor]: Zone=CLEAR
[image_processor-24] [INFO] [1776751995.856605220] [robot_3.image_processor]: Zone=CLEAR
[image_processor-23] [INFO] [1776751995.872668789] [robot_2.image_processor]: Zone=CLEAR
[image_processor-21] [INFO] [1776751995.879854340] [robot_0.image_processor]: Zone=CLEAR
[image_processor-25] [INFO] [1776751995.893851082] [robot_4.image_processor]: Zone=CLEAR
[image_processor-22] [INFO] [1776751998.346597087] [robot_1.image_processor]: Zone=CLEAR
[image_processor-24] [INFO] [1776751998.353104686] [robot_3.image_processor]: Zone=CLEAR
[image_processor-23] [INFO] [1776751998.368048557] [robot_2.image_processor]: Zone=CLEAR
[image_processor-21] [INFO] [1776751998.376661942] [robot_0.image_processor]: Zone=CLEAR
[image_processor-25] [INFO] [1776751998.390691329] [robot_4.image_processor]: Zone=CLEAR
[image_processor-22] [INFO] [1776752000.849876622] [robot_1.image_processor]: Zone=CLEAR
[image_processor-24] [INFO] [1776752000.855816967] [robot_3.image_processor]: Zone=CLEAR
[image_processor-23] [INFO] [1776752000.871486374] [robot_2.image_processor]: Zone=CLEAR
[image_processor-21] [INFO] [1776752000.879270751] [robot_0.image_processor]: Zone=CLEAR
[image_processor-25] [INFO] [1776752000.895848992] [robot_4.image_processor]: Zone=CLEAR
[image_processor-22] [INFO] [1776752003.346885667] [robot_1.image_processor]: Zone=CLEAR
[image_processor-24] [INFO] [1776752003.354676709] [robot_3.image_processor]: Zone=CLEAR
[image_processor-23] [INFO] [1776752003.369354395] [robot_2.image_processor]: Zone=CLEAR
[image_processor-21] [INFO] [1776752003.377010374] [robot_0.image_processor]: Zone=CLEAR
[image_processor-25] [INFO] [1776752003.392334185] [robot_4.image_processor]: Zone=CLEAR
[image_processor-22] [INFO] [1776752005.852001118] [robot_1.image_processor]: Zone=CLEAR
[image_processor-24] [INFO] [1776752005.863962720] [robot_3.image_processor]: Zone=CLEAR
[image_processor-23] [INFO] [1776752005.879398852] [robot_2.image_processor]: Zone=CLEAR
[image_processor-21] [INFO] [1776752005.887670778] [robot_0.image_processor]: Zone=CLEAR
[image_processor-25] [INFO] [1776752005.902232016] [robot_4.image_processor]: Zone=CLEAR
[image_processor-22] [INFO] [1776752008.346944685] [robot_1.image_processor]: Zone=CLEAR
[image_processor-24] [INFO] [1776752008.355315588] [robot_3.image_processor]: Zone=CLEAR
[image_processor-23] [INFO] [1776752008.370324254] [robot_2.image_processor]: Zone=CLEAR
[image_processor-21] [INFO] [1776752008.378204584] [robot_0.image_processor]: Zone=CLEAR
[image_processor-25] [INFO] [1776752008.393204769] [robot_4.image_processor]: Zone=CLEAR
[image_processor-22] [INFO] [1776752010.847073157] [robot_1.image_processor]: Zone=CLEAR
[image_processor-24] [INFO] [1776752010.855934038] [robot_3.image_processor]: Zone=CLEAR
[image_processor-23] [INFO] [1776752010.870971721] [robot_2.image_processor]: Zone=CLEAR
[image_processor-21] [INFO] [1776752010.878938873] [robot_0.image_processor]: Zone=CLEAR
[image_processor-25] [INFO] [1776752010.894373176] [robot_4.image_processor]: Zone=CLEAR
[image_processor-22] [INFO] [1776752013.348353642] [robot_1.image_processor]: Zone=CLEAR
[image_processor-24] [INFO] [1776752013.356270004] [robot_3.image_processor]: Zone=CLEAR
[image_processor-23] [INFO] [1776752013.370175837] [robot_2.image_processor]: Zone=CLEAR
[image_processor-21] [INFO] [1776752013.377066022] [robot_0.image_processor]: Zone=CLEAR
[image_processor-25] [INFO] [1776752013.391901175] [robot_4.image_processor]: Zone=CLEAR
[image_processor-22] [INFO] [1776752015.848404854] [robot_1.image_processor]: Zone=CLEAR
[image_processor-24] [INFO] [1776752015.857982548] [robot_3.image_processor]: Zone=CLEAR
[image_processor-23] [INFO] [1776752015.873411250] [robot_2.image_processor]: Zone=CLEAR
[image_processor-21] [INFO] [1776752015.883002427] [robot_0.image_processor]: Zone=CLEAR
[image_processor-25] [INFO] [1776752015.896460036] [robot_4.image_processor]: Zone=CLEAR
[image_processor-24] [INFO] [1776752018.355246109] [robot_3.image_processor]: Zone=CLEAR
[image_processor-23] [INFO] [1776752018.369988253] [robot_2.image_processor]: Zone=CLEAR
[image_processor-21] [INFO] [1776752018.377708271] [robot_0.image_processor]: Zone=CLEAR
[image_processor-25] [INFO] [1776752018.391875234] [robot_4.image_processor]: Zone=CLEAR
[image_processor-22] [INFO] [1776752018.449643694] [robot_1.image_processor]: Zone=CLEAR
[image_processor-22] [INFO] [1776752020.848106833] [robot_1.image_processor]: Zone=CLEAR
[image_processor-24] [INFO] [1776752020.855812501] [robot_3.image_processor]: Zone=CLEAR
[image_processor-23] [INFO] [1776752020.873359650] [robot_2.image_processor]: Zone=CLEAR
[image_processor-21] [INFO] [1776752020.881701322] [robot_0.image_processor]: Zone=CLEAR
[image_processor-25] [INFO] [1776752020.997748924] [robot_4.image_processor]: Zone=CLEAR
[image_processor-22] [INFO] [1776752023.347607397] [robot_1.image_processor]: Zone=CLEAR
[image_processor-24] [INFO] [1776752023.358307848] [robot_3.image_processor]: Zone=CLEAR
[image_processor-23] [INFO] [1776752023.370928714] [robot_2.image_processor]: Zone=CLEAR
[image_processor-21] [INFO] [1776752023.378939841] [robot_0.image_processor]: Zone=CLEAR
[image_processor-25] [INFO] [1776752023.394554558] [robot_4.image_processor]: Zone=CLEAR
[image_processor-22] [INFO] [1776752025.848718603] [robot_1.image_processor]: Zone=CLEAR
[image_processor-24] [INFO] [1776752025.857915349] [robot_3.image_processor]: Zone=CLEAR
[image_processor-23] [INFO] [1776752025.871982383] [robot_2.image_processor]: Zone=CLEAR
[image_processor-21] [INFO] [1776752025.879434834] [robot_0.image_processor]: Zone=CLEAR
[image_processor-25] [INFO] [1776752025.893498682] [robot_4.image_processor]: Zone=CLEAR
[image_processor-22] [INFO] [1776752028.347098504] [robot_1.image_processor]: Zone=CLEAR
[image_processor-24] [INFO] [1776752028.355656150] [robot_3.image_processor]: Zone=CLEAR
[image_processor-23] [INFO] [1776752028.371065380] [robot_2.image_processor]: Zone=CLEAR
[image_processor-21] [INFO] [1776752028.377959203] [robot_0.image_processor]: Zone=CLEAR
[image_processor-25] [INFO] [1776752028.392760299] [robot_4.image_processor]: Zone=CLEAR
[image_processor-22] [INFO] [1776752030.846010846] [robot_1.image_processor]: Zone=CLEAR
[image_processor-24] [INFO] [1776752030.855602779] [robot_3.image_processor]: Zone=CLEAR
[image_processor-23] [INFO] [1776752030.870515694] [robot_2.image_processor]: Zone=CLEAR
[image_processor-21] [INFO] [1776752030.879850143] [robot_0.image_processor]: Zone=CLEAR
[image_processor-25] [INFO] [1776752030.892828332] [robot_4.image_processor]: Zone=CLEAR
[image_processor-22] [INFO] [1776752033.347363180] [robot_1.image_processor]: Zone=CLEAR
[image_processor-24] [INFO] [1776752033.361742949] [robot_3.image_processor]: Zone=CLEAR
[image_processor-23] [INFO] [1776752033.380915403] [robot_2.image_processor]: Zone=CLEAR
[image_processor-21] [INFO] [1776752033.389163589] [robot_0.image_processor]: Zone=CLEAR
[image_processor-25] [INFO] [1776752033.403312037] [robot_4.image_processor]: Zone=CLEAR
[image_processor-22] [INFO] [1776752035.849420983] [robot_1.image_processor]: Zone=CLEAR
[image_processor-24] [INFO] [1776752035.857691958] [robot_3.image_processor]: Zone=CLEAR
[image_processor-23] [INFO] [1776752035.871409522] [robot_2.image_processor]: Zone=CLEAR
[image_processor-21] [INFO] [1776752035.879317498] [robot_0.image_processor]: Zone=CLEAR
[image_processor-25] [INFO] [1776752035.894642320] [robot_4.image_processor]: Zone=CLEAR
[image_processor-22] [INFO] [1776752038.349525434] [robot_1.image_processor]: Zone=CLEAR
[image_processor-24] [INFO] [1776752038.357963734] [robot_3.image_processor]: Zone=CLEAR
[image_processor-23] [INFO] [1776752038.371046112] [robot_2.image_processor]: Zone=CLEAR
[image_processor-21] [INFO] [1776752038.379165737] [robot_0.image_processor]: Zone=CLEAR
[image_processor-25] [INFO] [1776752038.393771490] [robot_4.image_processor]: Zone=CLEAR
[image_processor-22] [INFO] [1776752040.847089792] [robot_1.image_processor]: Zone=CLEAR
[image_processor-21] [INFO] [1776752040.876654690] [robot_0.image_processor]: Zone=CLEAR
[image_processor-25] [INFO] [1776752040.891209394] [robot_4.image_processor]: Zone=CLEAR
[image_processor-24] [INFO] [1776752040.956620771] [robot_3.image_processor]: Zone=CLEAR
[image_processor-23] [INFO] [1776752040.971327737] [robot_2.image_processor]: Zone=CLEAR
[image_processor-22] [INFO] [1776752043.347735579] [robot_1.image_processor]: Zone=CLEAR
[image_processor-24] [INFO] [1776752043.355665798] [robot_3.image_processor]: Zone=CLEAR
[image_processor-23] [INFO] [1776752043.368928592] [robot_2.image_processor]: Zone=CLEAR
[image_processor-21] [INFO] [1776752043.376232117] [robot_0.image_processor]: Zone=CLEAR
[image_processor-25] [INFO] [1776752043.390962851] [robot_4.image_processor]: Zone=CLEAR
[image_processor-22] [INFO] [1776752045.848638200] [robot_1.image_processor]: Zone=CLEAR
[image_processor-24] [INFO] [1776752045.855236457] [robot_3.image_processor]: Zone=CLEAR
[image_processor-23] [INFO] [1776752045.870799576] [robot_2.image_processor]: Zone=CLEAR
[image_processor-21] [INFO] [1776752045.878629464] [robot_0.image_processor]: Zone=CLEAR
[image_processor-25] [INFO] [1776752045.893822256] [robot_4.image_processor]: Zone=CLEAR
[image_processor-22] [INFO] [1776752048.349028330] [robot_1.image_processor]: Zone=CLEAR
[image_processor-24] [INFO] [1776752048.357694658] [robot_3.image_processor]: Zone=CLEAR
[image_processor-23] [INFO] [1776752048.370730093] [robot_2.image_processor]: Zone=CLEAR
[image_processor-21] [INFO] [1776752048.378795000] [robot_0.image_processor]: Zone=CLEAR
[image_processor-25] [INFO] [1776752048.394148934] [robot_4.image_processor]: Zone=CLEAR
[image_processor-22] [INFO] [1776752050.848229262] [robot_1.image_processor]: Zone=CLEAR
[image_processor-24] [INFO] [1776752050.855610452] [robot_3.image_processor]: Zone=CLEAR
[image_processor-23] [INFO] [1776752050.869523235] [robot_2.image_processor]: Zone=CLEAR
[image_processor-21] [INFO] [1776752050.878651553] [robot_0.image_processor]: Zone=CLEAR
[image_processor-25] [INFO] [1776752050.891591137] [robot_4.image_processor]: Zone=CLEAR
[image_processor-22] [INFO] [1776752053.351753321] [robot_1.image_processor]: Zone=CLEAR
[image_processor-24] [INFO] [1776752053.361065157] [robot_3.image_processor]: Zone=CLEAR
[image_processor-23] [INFO] [1776752053.379849207] [robot_2.image_processor]: Zone=CLEAR
[image_processor-25] [INFO] [1776752053.402918736] [robot_4.image_processor]: Zone=CLEAR
[image_processor-21] [INFO] [1776752053.490924289] [robot_0.image_processor]: Zone=CLEAR
[image_processor-22] [INFO] [1776752055.848477427] [robot_1.image_processor]: Zone=CLEAR
[image_processor-24] [INFO] [1776752055.856012027] [robot_3.image_processor]: Zone=CLEAR
[image_processor-23] [INFO] [1776752055.869376032] [robot_2.image_processor]: Zone=CLEAR
[image_processor-21] [INFO] [1776752055.877049483] [robot_0.image_processor]: Zone=CLEAR
[image_processor-25] [INFO] [1776752055.890879281] [robot_4.image_processor]: Zone=CLEAR
[image_processor-22] [INFO] [1776752058.348837329] [robot_1.image_processor]: Zone=CLEAR
[image_processor-24] [INFO] [1776752058.356221618] [robot_3.image_processor]: Zone=CLEAR
[image_processor-23] [INFO] [1776752058.370641016] [robot_2.image_processor]: Zone=CLEAR
[image_processor-21] [INFO] [1776752058.378398592] [robot_0.image_processor]: Zone=CLEAR
[image_processor-25] [INFO] [1776752058.393990491] [robot_4.image_processor]: Zone=CLEAR
[image_processor-22] [INFO] [1776752060.847357812] [robot_1.image_processor]: Zone=CLEAR
[image_processor-24] [INFO] [1776752060.855785464] [robot_3.image_processor]: Zone=CLEAR
[image_processor-23] [INFO] [1776752060.869238825] [robot_2.image_processor]: Zone=CLEAR
[image_processor-21] [INFO] [1776752060.877173923] [robot_0.image_processor]: Zone=CLEAR
[image_processor-25] [INFO] [1776752060.892689515] [robot_4.image_processor]: Zone=CLEAR
[image_processor-22] [INFO] [1776752063.347385504] [robot_1.image_processor]: Zone=CLEAR
[image_processor-24] [INFO] [1776752063.358743904] [robot_3.image_processor]: Zone=CLEAR
[image_processor-23] [INFO] [1776752063.372474862] [robot_2.image_processor]: Zone=CLEAR
[image_processor-21] [INFO] [1776752063.380967458] [robot_0.image_processor]: Zone=CLEAR
[image_processor-25] [INFO] [1776752063.394789136] [robot_4.image_processor]: Zone=CLEAR
[INFO] [image_processor-25]: sending signal 'SIGINT' to process[image_processor-25]
[ERROR] [ign gazebo-1]: process has died [pid 204466, exit code -15, cmd 'ruby /usr/bin/ign gazebo /home/ecem/ros2_ws/install/swarm_basics/share/swarm_basics/worlds/random_world.sdf -s -r --force-version 6'].
[ERROR] [parameter_bridge-4]: process has died [pid 204473, exit code -15, cmd '/opt/ros/humble/lib/ros_ign_bridge/parameter_bridge /robot_0/cmd_vel@geometry_msgs/msg/Twist]ignition.msgs.Twist /robot_0/odom@nav_msgs/msg/Odometry[ignition.msgs.Odometry /robot_0/depth_camera/depth_image@sensor_msgs/msg/Image[ignition.msgs.Image /world/random_world/model/robot_0/link/robot_0/base_footprint/sensor/contact_sensor/contact@ros_gz_interfaces/msg/Contacts[ignition.msgs.Contacts /robot_1/cmd_vel@geometry_msgs/msg/Twist]ignition.msgs.Twist /robot_1/odom@nav_msgs/msg/Odometry[ignition.msgs.Odometry /robot_1/depth_camera/depth_image@sensor_msgs/msg/Image[ignition.msgs.Image /world/random_world/model/robot_1/link/robot_1/base_footprint/sensor/contact_sensor/contact@ros_gz_interfaces/msg/Contacts[ignition.msgs.Contacts /robot_2/cmd_vel@geometry_msgs/msg/Twist]ignition.msgs.Twist /robot_2/odom@nav_msgs/msg/Odometry[ignition.msgs.Odometry /robot_2/depth_camera/depth_image@sensor_msgs/msg/Image[ignition.msgs.Image /world/random_world/model/robot_2/link/robot_2/base_footprint/sensor/contact_sensor/contact@ros_gz_interfaces/msg/Contacts[ignition.msgs.Contacts /robot_3/cmd_vel@geometry_msgs/msg/Twist]ignition.msgs.Twist /robot_3/odom@nav_msgs/msg/Odometry[ignition.msgs.Odometry /robot_3/depth_camera/depth_image@sensor_msgs/msg/Image[ignition.msgs.Image /world/random_world/model/robot_3/link/robot_3/base_footprint/sensor/contact_sensor/contact@ros_gz_interfaces/msg/Contacts[ignition.msgs.Contacts /robot_4/cmd_vel@geometry_msgs/msg/Twist]ignition.msgs.Twist /robot_4/odom@nav_msgs/msg/Odometry[ignition.msgs.Odometry /robot_4/depth_camera/depth_image@sensor_msgs/msg/Image[ignition.msgs.Image /world/random_world/model/robot_4/link/robot_4/base_footprint/sensor/contact_sensor/contact@ros_gz_interfaces/msg/Contacts[ignition.msgs.Contacts /world/random_world/dynamic_pose/info@tf2_msgs/msg/TFMessage[ignition.msgs.Pose_V --ros-args -r __node:=all_robots_bridge --params-file /tmp/launch_params_y7jlno15'].
[INFO] [parameter_bridge-20]: process has finished cleanly [pid 204609]
[INFO] [image_processor-24]: sending signal 'SIGINT' to process[image_processor-24]
[INFO] [bash-26]: process started with pid [205029]
[INFO] [image_processor-23]: sending signal 'SIGINT' to process[image_processor-23]
[INFO] [image_processor-22]: sending signal 'SIGINT' to process[image_processor-22]
[INFO] [image_processor-21]: sending signal 'SIGINT' to process[image_processor-21]
[INFO] [robot_supervisor-19]: sending signal 'SIGINT' to process[robot_supervisor-19]
[INFO] [robot_state_publisher-17]: sending signal 'SIGINT' to process[robot_state_publisher-17]
[INFO] [robot_supervisor-16]: sending signal 'SIGINT' to process[robot_supervisor-16]
[INFO] [robot_state_publisher-14]: sending signal 'SIGINT' to process[robot_state_publisher-14]
[INFO] [robot_supervisor-13]: sending signal 'SIGINT' to process[robot_supervisor-13]
[ERROR] [bash-26]: process has died [pid 205029, exit code -15, cmd 'bash -lc pkill -f parameter_bridge || true'].
[INFO] [robot_state_publisher-11]: sending signal 'SIGINT' to process[robot_state_publisher-11]
[INFO] [robot_supervisor-10]: sending signal 'SIGINT' to process[robot_supervisor-10]
[INFO] [robot_state_publisher-8]: sending signal 'SIGINT' to process[robot_state_publisher-8]
[INFO] [robot_supervisor-7]: sending signal 'SIGINT' to process[robot_supervisor-7]
[INFO] [robot_state_publisher-5]: sending signal 'SIGINT' to process[robot_state_publisher-5]
[INFO] [bump_counter-3]: sending signal 'SIGINT' to process[bump_counter-3]
[INFO] [coverage_counter-2]: sending signal 'SIGINT' to process[coverage_counter-2]
[parameter_bridge-4] [INFO] [1776752065.509101486] [rclcpp]: signal_handler(SIGINT/SIGTERM)
[parameter_bridge-20] [INFO] [1776752065.509116719] [rclcpp]: signal_handler(SIGINT/SIGTERM)
[INFO] [launch]: process[ign gazebo-1] was required: shutting down launched system
[image_processor-25] [INFO] [1776752066.193665216] [rclcpp]: signal_handler(SIGINT/SIGTERM)
[image_processor-24] [INFO] [1776752066.198108943] [rclcpp]: signal_handler(SIGINT/SIGTERM)
[image_processor-23] [INFO] [1776752066.201760872] [rclcpp]: signal_handler(SIGINT/SIGTERM)
[image_processor-22] [INFO] [1776752066.205225507] [rclcpp]: signal_handler(SIGINT/SIGTERM)
[image_processor-21] [INFO] [1776752066.208580378] [rclcpp]: signal_handler(SIGINT/SIGTERM)
[robot_supervisor-19] Traceback (most recent call last):
[robot_supervisor-19]   File "/home/ecem/ros2_ws/install/swarm_basics/lib/swarm_basics/robot_supervisor", line 33, in <module>
[robot_supervisor-19]     sys.exit(load_entry_point('swarm-basics==0.0.0', 'console_scripts', 'robot_supervisor')())
[robot_supervisor-19]   File "/home/ecem/ros2_ws/install/swarm_basics/lib/python3.10/site-packages/swarm_basics/robot_supervisor.py", line 867, in main
[robot_supervisor-19]     rclpy.spin(node)
[robot_supervisor-19]   File "/opt/ros/humble/local/lib/python3.10/dist-packages/rclpy/__init__.py", line 229, in spin
[robot_supervisor-19]     executor.spin_once()
[robot_supervisor-19]   File "/opt/ros/humble/local/lib/python3.10/dist-packages/rclpy/executors.py", line 773, in spin_once
[robot_supervisor-19]     self._spin_once_impl(timeout_sec)
[robot_supervisor-19]   File "/opt/ros/humble/local/lib/python3.10/dist-packages/rclpy/executors.py", line 762, in _spin_once_impl
[robot_supervisor-19]     handler, entity, node = self.wait_for_ready_callbacks(timeout_sec=timeout_sec)
[robot_supervisor-19]   File "/opt/ros/humble/local/lib/python3.10/dist-packages/rclpy/executors.py", line 745, in wait_for_ready_callbacks
[robot_supervisor-19]     return next(self._cb_iter)
[robot_supervisor-19]   File "/opt/ros/humble/local/lib/python3.10/dist-packages/rclpy/executors.py", line 642, in _wait_for_ready_callbacks
[robot_supervisor-19]     wait_set.wait(timeout_nsec)
[robot_supervisor-19] KeyboardInterrupt
[robot_state_publisher-17] [INFO] [1776752066.219168467] [rclcpp]: signal_handler(SIGINT/SIGTERM)
[robot_supervisor-16] Traceback (most recent call last):
[robot_supervisor-16]   File "/home/ecem/ros2_ws/install/swarm_basics/lib/swarm_basics/robot_supervisor", line 33, in <module>
[robot_supervisor-16]     sys.exit(load_entry_point('swarm-basics==0.0.0', 'console_scripts', 'robot_supervisor')())
[robot_supervisor-16]   File "/home/ecem/ros2_ws/install/swarm_basics/lib/python3.10/site-packages/swarm_basics/robot_supervisor.py", line 867, in main
[robot_supervisor-16]     rclpy.spin(node)
[robot_supervisor-16]   File "/opt/ros/humble/local/lib/python3.10/dist-packages/rclpy/__init__.py", line 229, in spin
[robot_supervisor-16]     executor.spin_once()
[robot_supervisor-16]   File "/opt/ros/humble/local/lib/python3.10/dist-packages/rclpy/executors.py", line 773, in spin_once
[robot_supervisor-16]     self._spin_once_impl(timeout_sec)
[robot_supervisor-16]   File "/opt/ros/humble/local/lib/python3.10/dist-packages/rclpy/executors.py", line 762, in _spin_once_impl
[robot_supervisor-16]     handler, entity, node = self.wait_for_ready_callbacks(timeout_sec=timeout_sec)
[robot_supervisor-16]   File "/opt/ros/humble/local/lib/python3.10/dist-packages/rclpy/executors.py", line 745, in wait_for_ready_callbacks
[robot_supervisor-16]     return next(self._cb_iter)
[robot_supervisor-16]   File "/opt/ros/humble/local/lib/python3.10/dist-packages/rclpy/executors.py", line 642, in _wait_for_ready_callbacks
[robot_supervisor-16]     wait_set.wait(timeout_nsec)
[robot_supervisor-16] KeyboardInterrupt
[robot_state_publisher-14] [INFO] [1776752066.227903798] [rclcpp]: signal_handler(SIGINT/SIGTERM)
[robot_supervisor-13] Traceback (most recent call last):
[robot_supervisor-13]   File "/home/ecem/ros2_ws/install/swarm_basics/lib/swarm_basics/robot_supervisor", line 33, in <module>
[robot_supervisor-13]     sys.exit(load_entry_point('swarm-basics==0.0.0', 'console_scripts', 'robot_supervisor')())
[robot_supervisor-13]   File "/home/ecem/ros2_ws/install/swarm_basics/lib/python3.10/site-packages/swarm_basics/robot_supervisor.py", line 867, in main
[robot_supervisor-13]     rclpy.spin(node)
[robot_supervisor-13]   File "/opt/ros/humble/local/lib/python3.10/dist-packages/rclpy/__init__.py", line 229, in spin
[robot_supervisor-13]     executor.spin_once()
[robot_supervisor-13]   File "/opt/ros/humble/local/lib/python3.10/dist-packages/rclpy/executors.py", line 773, in spin_once
[robot_supervisor-13]     self._spin_once_impl(timeout_sec)
[robot_supervisor-13]   File "/opt/ros/humble/local/lib/python3.10/dist-packages/rclpy/executors.py", line 762, in _spin_once_impl
[robot_supervisor-13]     handler, entity, node = self.wait_for_ready_callbacks(timeout_sec=timeout_sec)
[robot_supervisor-13]   File "/opt/ros/humble/local/lib/python3.10/dist-packages/rclpy/executors.py", line 745, in wait_for_ready_callbacks
[robot_supervisor-13]     return next(self._cb_iter)
[robot_supervisor-13]   File "/opt/ros/humble/local/lib/python3.10/dist-packages/rclpy/executors.py", line 642, in _wait_for_ready_callbacks
[robot_supervisor-13]     wait_set.wait(timeout_nsec)
[robot_supervisor-13] KeyboardInterrupt
[robot_state_publisher-11] [INFO] [1776752066.236450120] [rclcpp]: signal_handler(SIGINT/SIGTERM)
[robot_supervisor-10] Traceback (most recent call last):
[robot_supervisor-10]   File "/home/ecem/ros2_ws/install/swarm_basics/lib/swarm_basics/robot_supervisor", line 33, in <module>
[robot_supervisor-10]     sys.exit(load_entry_point('swarm-basics==0.0.0', 'console_scripts', 'robot_supervisor')())
[robot_supervisor-10]   File "/home/ecem/ros2_ws/install/swarm_basics/lib/python3.10/site-packages/swarm_basics/robot_supervisor.py", line 867, in main
[robot_supervisor-10]     rclpy.spin(node)
[robot_supervisor-10]   File "/opt/ros/humble/local/lib/python3.10/dist-packages/rclpy/__init__.py", line 229, in spin
[robot_supervisor-10]     executor.spin_once()
[robot_supervisor-10]   File "/opt/ros/humble/local/lib/python3.10/dist-packages/rclpy/executors.py", line 773, in spin_once
[robot_supervisor-10]     self._spin_once_impl(timeout_sec)
[robot_supervisor-10]   File "/opt/ros/humble/local/lib/python3.10/dist-packages/rclpy/executors.py", line 762, in _spin_once_impl
[robot_supervisor-10]     handler, entity, node = self.wait_for_ready_callbacks(timeout_sec=timeout_sec)
[robot_supervisor-10]   File "/opt/ros/humble/local/lib/python3.10/dist-packages/rclpy/executors.py", line 745, in wait_for_ready_callbacks
[robot_supervisor-10]     return next(self._cb_iter)
[robot_supervisor-10]   File "/opt/ros/humble/local/lib/python3.10/dist-packages/rclpy/executors.py", line 642, in _wait_for_ready_callbacks
[robot_supervisor-10]     wait_set.wait(timeout_nsec)
[robot_supervisor-10] KeyboardInterrupt
[robot_state_publisher-8] [INFO] [1776752066.244152783] [rclcpp]: signal_handler(SIGINT/SIGTERM)
[robot_supervisor-7] Traceback (most recent call last):
[robot_supervisor-7]   File "/home/ecem/ros2_ws/install/swarm_basics/lib/swarm_basics/robot_supervisor", line 33, in <module>
[robot_supervisor-7]     sys.exit(load_entry_point('swarm-basics==0.0.0', 'console_scripts', 'robot_supervisor')())
[robot_supervisor-7]   File "/home/ecem/ros2_ws/install/swarm_basics/lib/python3.10/site-packages/swarm_basics/robot_supervisor.py", line 867, in main
[robot_supervisor-7]     rclpy.spin(node)
[robot_supervisor-7]   File "/opt/ros/humble/local/lib/python3.10/dist-packages/rclpy/__init__.py", line 229, in spin
[robot_supervisor-7]     executor.spin_once()
[robot_supervisor-7]   File "/opt/ros/humble/local/lib/python3.10/dist-packages/rclpy/executors.py", line 773, in spin_once
[robot_supervisor-7]     self._spin_once_impl(timeout_sec)
[robot_supervisor-7]   File "/opt/ros/humble/local/lib/python3.10/dist-packages/rclpy/executors.py", line 762, in _spin_once_impl
[robot_supervisor-7]     handler, entity, node = self.wait_for_ready_callbacks(timeout_sec=timeout_sec)
[robot_supervisor-7]   File "/opt/ros/humble/local/lib/python3.10/dist-packages/rclpy/executors.py", line 745, in wait_for_ready_callbacks
[robot_supervisor-7]     return next(self._cb_iter)
[robot_supervisor-7]   File "/opt/ros/humble/local/lib/python3.10/dist-packages/rclpy/executors.py", line 642, in _wait_for_ready_callbacks
[robot_supervisor-7]     wait_set.wait(timeout_nsec)
[robot_supervisor-7] KeyboardInterrupt
[robot_state_publisher-5] [INFO] [1776752066.250675578] [rclcpp]: signal_handler(SIGINT/SIGTERM)
[ERROR] [launch]: Caught exception in launch (see debug for traceback): ExecuteLocal action 'bash-27': executed more than once: <launch.actions.execute_process.ExecuteProcess object at 0x7c2184d90880>
[INFO] [image_processor-25]: process has finished cleanly [pid 204870]
[INFO] [image_processor-24]: process has finished cleanly [pid 204868]
[INFO] [image_processor-23]: process has finished cleanly [pid 204866]
[INFO] [image_processor-22]: process has finished cleanly [pid 204864]
[INFO] [image_processor-21]: process has finished cleanly [pid 204862]
[INFO] [robot_state_publisher-17]: process has finished cleanly [pid 204501]
[INFO] [robot_state_publisher-14]: process has finished cleanly [pid 204495]
[INFO] [robot_state_publisher-11]: process has finished cleanly [pid 204489]
[INFO] [robot_state_publisher-8]: process has finished cleanly [pid 204481]
[INFO] [robot_state_publisher-5]: process has finished cleanly [pid 204475]
[coverage_counter-2] Traceback (most recent call last):
[coverage_counter-2]   File "/home/ecem/ros2_ws/install/swarm_basics/lib/python3.10/site-packages/swarm_basics/coverage_counter.py", line 418, in main
[coverage_counter-2]     rclpy.spin(node)
[coverage_counter-2]   File "/opt/ros/humble/local/lib/python3.10/dist-packages/rclpy/__init__.py", line 229, in spin
[coverage_counter-2]     executor.spin_once()
[coverage_counter-2]   File "/opt/ros/humble/local/lib/python3.10/dist-packages/rclpy/executors.py", line 773, in spin_once
[coverage_counter-2]     self._spin_once_impl(timeout_sec)
[coverage_counter-2]   File "/opt/ros/humble/local/lib/python3.10/dist-packages/rclpy/executors.py", line 768, in _spin_once_impl
[coverage_counter-2]     handler()
[coverage_counter-2]   File "/opt/ros/humble/local/lib/python3.10/dist-packages/rclpy/task.py", line 254, in __call__
[coverage_counter-2]     self._handler.send(None)
[coverage_counter-2]   File "/opt/ros/humble/local/lib/python3.10/dist-packages/rclpy/executors.py", line 463, in handler
[coverage_counter-2]     await call_coroutine(entity, arg)
[coverage_counter-2]   File "/opt/ros/humble/local/lib/python3.10/dist-packages/rclpy/executors.py", line 371, in _execute_timer
[coverage_counter-2]     await await_or_execute(tmr.callback)
[coverage_counter-2]   File "/opt/ros/humble/local/lib/python3.10/dist-packages/rclpy/executors.py", line 107, in await_or_execute
[coverage_counter-2]     return callback(*args)
[coverage_counter-2]   File "/home/ecem/ros2_ws/install/swarm_basics/lib/python3.10/site-packages/swarm_basics/coverage_counter.py", line 152, in _on_timeout_timer
[coverage_counter-2]     self.shutdown_and_save()
[coverage_counter-2]   File "/home/ecem/ros2_ws/install/swarm_basics/lib/python3.10/site-packages/swarm_basics/coverage_counter.py", line 174, in shutdown_and_save
[coverage_counter-2]     rclpy.shutdown()
[coverage_counter-2]   File "/opt/ros/humble/local/lib/python3.10/dist-packages/rclpy/__init__.py", line 130, in shutdown
[coverage_counter-2]     _shutdown(context=context)
[coverage_counter-2]   File "/opt/ros/humble/local/lib/python3.10/dist-packages/rclpy/utilities.py", line 58, in shutdown
[coverage_counter-2]     return context.shutdown()
[coverage_counter-2]   File "/opt/ros/humble/local/lib/python3.10/dist-packages/rclpy/context.py", line 103, in shutdown
[coverage_counter-2]     self._call_on_shutdown_callbacks()
[coverage_counter-2]   File "/opt/ros/humble/local/lib/python3.10/dist-packages/rclpy/context.py", line 92, in _call_on_shutdown_callbacks
[coverage_counter-2]     callback = weak_method()
[coverage_counter-2]   File "/opt/ros/humble/local/lib/python3.10/dist-packages/rclpy/__init__.py", line 111, in reset_executor
[coverage_counter-2]     __executor.shutdown()
[coverage_counter-2]   File "/opt/ros/humble/local/lib/python3.10/dist-packages/rclpy/executors.py", line 227, in shutdown
[coverage_counter-2]     if not self._work_tracker.wait(timeout_sec):
[coverage_counter-2]   File "/opt/ros/humble/local/lib/python3.10/dist-packages/rclpy/executors.py", line 94, in wait
[coverage_counter-2]     if not self._work_condition.wait_for(
[coverage_counter-2]   File "/usr/lib/python3.10/threading.py", line 355, in wait_for
[coverage_counter-2]     self.wait(waittime)
[coverage_counter-2]   File "/usr/lib/python3.10/threading.py", line 320, in wait
[coverage_counter-2]     waiter.acquire()
[coverage_counter-2] KeyboardInterrupt
[coverage_counter-2] 
[coverage_counter-2] During handling of the above exception, another exception occurred:
[coverage_counter-2] 
[coverage_counter-2] Traceback (most recent call last):
[coverage_counter-2]   File "/home/ecem/ros2_ws/install/swarm_basics/lib/swarm_basics/coverage_counter", line 33, in <module>
[coverage_counter-2]     sys.exit(load_entry_point('swarm-basics==0.0.0', 'console_scripts', 'coverage_counter')())
[coverage_counter-2]   File "/home/ecem/ros2_ws/install/swarm_basics/lib/python3.10/site-packages/swarm_basics/coverage_counter.py", line 421, in main
[coverage_counter-2]     node.shutdown_and_save()
[coverage_counter-2]   File "/home/ecem/ros2_ws/install/swarm_basics/lib/python3.10/site-packages/swarm_basics/coverage_counter.py", line 174, in shutdown_and_save
[coverage_counter-2]     rclpy.shutdown()
[coverage_counter-2]   File "/opt/ros/humble/local/lib/python3.10/dist-packages/rclpy/__init__.py", line 130, in shutdown
[coverage_counter-2]     _shutdown(context=context)
[coverage_counter-2]   File "/opt/ros/humble/local/lib/python3.10/dist-packages/rclpy/utilities.py", line 58, in shutdown
[coverage_counter-2]     return context.shutdown()
[coverage_counter-2]   File "/opt/ros/humble/local/lib/python3.10/dist-packages/rclpy/context.py", line 100, in shutdown
[coverage_counter-2]     raise RuntimeError('Context must be initialized before it can be shutdown')
[coverage_counter-2] RuntimeError: Context must be initialized before it can be shutdown
[bump_counter-3] Traceback (most recent call last):
[bump_counter-3]   File "/home/ecem/ros2_ws/install/swarm_basics/lib/swarm_basics/bump_counter", line 33, in <module>
[bump_counter-3]     sys.exit(load_entry_point('swarm-basics==0.0.0', 'console_scripts', 'bump_counter')())
[bump_counter-3]   File "/home/ecem/ros2_ws/install/swarm_basics/lib/python3.10/site-packages/swarm_basics/bump_counter.py", line 384, in main
[bump_counter-3]     rclpy.shutdown()
[bump_counter-3]   File "/opt/ros/humble/local/lib/python3.10/dist-packages/rclpy/__init__.py", line 130, in shutdown
[bump_counter-3]     _shutdown(context=context)
[bump_counter-3]   File "/opt/ros/humble/local/lib/python3.10/dist-packages/rclpy/utilities.py", line 58, in shutdown
[bump_counter-3]     return context.shutdown()
[bump_counter-3]   File "/opt/ros/humble/local/lib/python3.10/dist-packages/rclpy/context.py", line 102, in shutdown
[bump_counter-3]     self.__context.shutdown()
[bump_counter-3] rclpy._rclpy_pybind11.RCLError: failed to shutdown: rcl_shutdown already called on the given context, at ./src/rcl/init.c:241
[ERROR] [coverage_counter-2]: process has died [pid 204468, exit code 1, cmd '/home/ecem/ros2_ws/install/swarm_basics/lib/swarm_basics/coverage_counter --ros-args -r __node:=coverage_counter --params-file /tmp/launch_params_vkd5qjsr --params-file /tmp/launch_params_1jp2s63v --params-file /tmp/launch_params_r_tkkpgu --params-file /tmp/launch_params_ddmcn_xx --params-file /tmp/launch_params_yacrvdba --params-file /tmp/launch_params_n5wuq3gb'].
[ERROR] [bump_counter-3]: process has died [pid 204471, exit code 1, cmd '/home/ecem/ros2_ws/install/swarm_basics/lib/swarm_basics/bump_counter --ros-args -r __node:=bump_counter --params-file /tmp/launch_params_fhgpuv8a --params-file /tmp/launch_params_icsigjye --params-file /tmp/launch_params_we65xh_x'].
[ERROR] [robot_supervisor-19]: process has died [pid 204594, exit code -2, cmd '/home/ecem/ros2_ws/install/swarm_basics/lib/swarm_basics/robot_supervisor --ros-args -r __node:=robot_supervisor -r __ns:=/robot_4 --params-file /tmp/launch_params_1pehjiu7 --params-file /tmp/launch_params_1j7w6_kc --params-file /tmp/launch_params_a_2pwqnh --params-file /tmp/launch_params_d0x2opgg'].
[ERROR] [robot_supervisor-16]: process has died [pid 204499, exit code -2, cmd '/home/ecem/ros2_ws/install/swarm_basics/lib/swarm_basics/robot_supervisor --ros-args -r __node:=robot_supervisor -r __ns:=/robot_3 --params-file /tmp/launch_params_fipy0rp4 --params-file /tmp/launch_params_55up4_my --params-file /tmp/launch_params_4_rbr59f --params-file /tmp/launch_params_0vvm4eof'].
[ERROR] [robot_supervisor-13]: process has died [pid 204493, exit code -2, cmd '/home/ecem/ros2_ws/install/swarm_basics/lib/swarm_basics/robot_supervisor --ros-args -r __node:=robot_supervisor -r __ns:=/robot_2 --params-file /tmp/launch_params_fjcqhvju --params-file /tmp/launch_params_u6cvilsl --params-file /tmp/launch_params_6y22bvc7 --params-file /tmp/launch_params_vkk7dqo2'].
[ERROR] [robot_supervisor-10]: process has died [pid 204486, exit code -2, cmd '/home/ecem/ros2_ws/install/swarm_basics/lib/swarm_basics/robot_supervisor --ros-args -r __node:=robot_supervisor -r __ns:=/robot_1 --params-file /tmp/launch_params_qu02td4q --params-file /tmp/launch_params_6lgwomvr --params-file /tmp/launch_params_34djk69y --params-file /tmp/launch_params_sneewtoq'].
[ERROR] [robot_supervisor-7]: process has died [pid 204479, exit code -2, cmd '/home/ecem/ros2_ws/install/swarm_basics/lib/swarm_basics/robot_supervisor --ros-args -r __node:=robot_supervisor -r __ns:=/robot_0 --params-file /tmp/launch_params_e5l8f6sp --params-file /tmp/launch_params_s760y33k --params-file /tmp/launch_params_dj4_6022 --params-file /tmp/launch_params_zmbzxhls'].
