[INFO] [launch]: All log files can be found below /home/ecem/.ros/log/2026-04-21-15-32-57-817522-ecem-pc-309139
[INFO] [launch]: Default logging verbosity is set to INFO
[INFO] [ign gazebo-1]: process started with pid [309155]
[INFO] [coverage_counter-2]: process started with pid [309157]
[INFO] [bump_counter-3]: process started with pid [309160]
[INFO] [parameter_bridge-4]: process started with pid [309162]
[INFO] [robot_state_publisher-5]: process started with pid [309164]
[INFO] [create-6]: process started with pid [309166]
[INFO] [robot_supervisor-7]: process started with pid [309168]
[INFO] [robot_state_publisher-8]: process started with pid [309170]
[INFO] [create-9]: process started with pid [309173]
[INFO] [robot_supervisor-10]: process started with pid [309175]
[INFO] [robot_state_publisher-11]: process started with pid [309178]
[INFO] [create-12]: process started with pid [309180]
[INFO] [robot_supervisor-13]: process started with pid [309182]
[INFO] [robot_state_publisher-14]: process started with pid [309184]
[INFO] [create-15]: process started with pid [309186]
[INFO] [robot_supervisor-16]: process started with pid [309189]
[INFO] [robot_state_publisher-17]: process started with pid [309191]
[INFO] [create-18]: process started with pid [309198]
[INFO] [robot_supervisor-19]: process started with pid [309201]
[INFO] [parameter_bridge-20]: process started with pid [309203]
[parameter_bridge-4] [ros_ign_bridge] is deprecated! Redirecting to use [ros_gz_bridge] instead!
[parameter_bridge-4] 
[create-6] [INFO] [1776778378.236463070] [robot_0.ros_gz_sim]: Requesting list of world names.
[create-18] [INFO] [1776778378.237919648] [robot_4.ros_gz_sim]: Requesting list of world names.
[create-9] [INFO] [1776778378.240616001] [robot_1.ros_gz_sim]: Requesting list of world names.
[create-15] [INFO] [1776778378.241511533] [robot_3.ros_gz_sim]: Requesting list of world names.
[create-12] [INFO] [1776778378.244095560] [robot_2.ros_gz_sim]: Requesting list of world names.
[parameter_bridge-20] [INFO] [1776778378.246609834] [clock_bridge]: Creating GZ->ROS Bridge: [/clock (ignition.msgs.Clock) -> /clock (rosgraph_msgs/msg/Clock)] (Lazy 0)
[parameter_bridge-4] [INFO] [1776778378.248723085] [all_robots_bridge]: Creating ROS->GZ Bridge: [/robot_0/cmd_vel (geometry_msgs/msg/Twist) -> /robot_0/cmd_vel (ignition.msgs.Twist)] (Lazy 0)
[parameter_bridge-4] [INFO] [1776778378.250081292] [all_robots_bridge]: Creating GZ->ROS Bridge: [/robot_0/odom (ignition.msgs.Odometry) -> /robot_0/odom (nav_msgs/msg/Odometry)] (Lazy 0)
[robot_state_publisher-8] [INFO] [1776778378.250115164] [robot_1.robot_state_publisher]: got segment robot_1/antenna_link
[robot_state_publisher-8] [INFO] [1776778378.250220797] [robot_1.robot_state_publisher]: got segment robot_1/base_footprint
[robot_state_publisher-8] [INFO] [1776778378.250235065] [robot_1.robot_state_publisher]: got segment robot_1/base_link
[robot_state_publisher-8] [INFO] [1776778378.250244466] [robot_1.robot_state_publisher]: got segment robot_1/realsense_link
[robot_state_publisher-8] [INFO] [1776778378.250252941] [robot_1.robot_state_publisher]: got segment robot_1/rocker_L_link
[robot_state_publisher-8] [INFO] [1776778378.250260916] [robot_1.robot_state_publisher]: got segment robot_1/rocker_R_link
[robot_state_publisher-8] [INFO] [1776778378.250269154] [robot_1.robot_state_publisher]: got segment robot_1/wheel_FL_link
[robot_state_publisher-8] [INFO] [1776778378.250276978] [robot_1.robot_state_publisher]: got segment robot_1/wheel_FR_link
[robot_state_publisher-8] [INFO] [1776778378.250284516] [robot_1.robot_state_publisher]: got segment robot_1/wheel_RL_link
[robot_state_publisher-8] [INFO] [1776778378.250292311] [robot_1.robot_state_publisher]: got segment robot_1/wheel_RR_link
[robot_state_publisher-17] [INFO] [1776778378.251031150] [robot_4.robot_state_publisher]: got segment robot_4/antenna_link
[robot_state_publisher-17] [INFO] [1776778378.251097347] [robot_4.robot_state_publisher]: got segment robot_4/base_footprint
[robot_state_publisher-17] [INFO] [1776778378.251106022] [robot_4.robot_state_publisher]: got segment robot_4/base_link
[robot_state_publisher-17] [INFO] [1776778378.251113067] [robot_4.robot_state_publisher]: got segment robot_4/realsense_link
[robot_state_publisher-17] [INFO] [1776778378.251118681] [robot_4.robot_state_publisher]: got segment robot_4/rocker_L_link
[robot_state_publisher-17] [INFO] [1776778378.251123457] [robot_4.robot_state_publisher]: got segment robot_4/rocker_R_link
[robot_state_publisher-17] [INFO] [1776778378.251128682] [robot_4.robot_state_publisher]: got segment robot_4/wheel_FL_link
[robot_state_publisher-17] [INFO] [1776778378.251133044] [robot_4.robot_state_publisher]: got segment robot_4/wheel_FR_link
[robot_state_publisher-17] [INFO] [1776778378.251136505] [robot_4.robot_state_publisher]: got segment robot_4/wheel_RL_link
[robot_state_publisher-17] [INFO] [1776778378.251140879] [robot_4.robot_state_publisher]: got segment robot_4/wheel_RR_link
[parameter_bridge-4] [INFO] [1776778378.252695107] [all_robots_bridge]: Creating GZ->ROS Bridge: [/robot_0/depth_camera/depth_image (ignition.msgs.Image) -> /robot_0/depth_camera/depth_image (sensor_msgs/msg/Image)] (Lazy 0)
[parameter_bridge-4] [INFO] [1776778378.255068534] [all_robots_bridge]: Creating GZ->ROS Bridge: [/world/random_world/model/robot_0/link/robot_0/base_footprint/sensor/contact_sensor/contact (ignition.msgs.Contacts) -> /world/random_world/model/robot_0/link/robot_0/base_footprint/sensor/contact_sensor/contact (ros_gz_interfaces/msg/Contacts)] (Lazy 0)
[parameter_bridge-4] [INFO] [1776778378.256593888] [all_robots_bridge]: Creating ROS->GZ Bridge: [/robot_1/cmd_vel (geometry_msgs/msg/Twist) -> /robot_1/cmd_vel (ignition.msgs.Twist)] (Lazy 0)
[parameter_bridge-4] [INFO] [1776778378.257156010] [all_robots_bridge]: Creating GZ->ROS Bridge: [/robot_1/odom (ignition.msgs.Odometry) -> /robot_1/odom (nav_msgs/msg/Odometry)] (Lazy 0)
[parameter_bridge-4] [INFO] [1776778378.258073009] [all_robots_bridge]: Creating GZ->ROS Bridge: [/robot_1/depth_camera/depth_image (ignition.msgs.Image) -> /robot_1/depth_camera/depth_image (sensor_msgs/msg/Image)] (Lazy 0)
[parameter_bridge-4] [INFO] [1776778378.259244281] [all_robots_bridge]: Creating GZ->ROS Bridge: [/world/random_world/model/robot_1/link/robot_1/base_footprint/sensor/contact_sensor/contact (ignition.msgs.Contacts) -> /world/random_world/model/robot_1/link/robot_1/base_footprint/sensor/contact_sensor/contact (ros_gz_interfaces/msg/Contacts)] (Lazy 0)
[robot_state_publisher-14] [INFO] [1776778378.259307719] [robot_3.robot_state_publisher]: got segment robot_3/antenna_link
[robot_state_publisher-14] [INFO] [1776778378.259371636] [robot_3.robot_state_publisher]: got segment robot_3/base_footprint
[robot_state_publisher-14] [INFO] [1776778378.259379662] [robot_3.robot_state_publisher]: got segment robot_3/base_link
[robot_state_publisher-14] [INFO] [1776778378.259384993] [robot_3.robot_state_publisher]: got segment robot_3/realsense_link
[robot_state_publisher-14] [INFO] [1776778378.259390139] [robot_3.robot_state_publisher]: got segment robot_3/rocker_L_link
[robot_state_publisher-14] [INFO] [1776778378.259393454] [robot_3.robot_state_publisher]: got segment robot_3/rocker_R_link
[robot_state_publisher-14] [INFO] [1776778378.259396533] [robot_3.robot_state_publisher]: got segment robot_3/wheel_FL_link
[robot_state_publisher-14] [INFO] [1776778378.259399781] [robot_3.robot_state_publisher]: got segment robot_3/wheel_FR_link
[robot_state_publisher-14] [INFO] [1776778378.259402839] [robot_3.robot_state_publisher]: got segment robot_3/wheel_RL_link
[robot_state_publisher-14] [INFO] [1776778378.259405689] [robot_3.robot_state_publisher]: got segment robot_3/wheel_RR_link
[parameter_bridge-4] [INFO] [1776778378.260335051] [all_robots_bridge]: Creating ROS->GZ Bridge: [/robot_2/cmd_vel (geometry_msgs/msg/Twist) -> /robot_2/cmd_vel (ignition.msgs.Twist)] (Lazy 0)
[parameter_bridge-4] [INFO] [1776778378.260977526] [all_robots_bridge]: Creating GZ->ROS Bridge: [/robot_2/odom (ignition.msgs.Odometry) -> /robot_2/odom (nav_msgs/msg/Odometry)] (Lazy 0)
[parameter_bridge-4] [INFO] [1776778378.261671889] [all_robots_bridge]: Creating GZ->ROS Bridge: [/robot_2/depth_camera/depth_image (ignition.msgs.Image) -> /robot_2/depth_camera/depth_image (sensor_msgs/msg/Image)] (Lazy 0)
[parameter_bridge-4] [INFO] [1776778378.262548706] [all_robots_bridge]: Creating GZ->ROS Bridge: [/world/random_world/model/robot_2/link/robot_2/base_footprint/sensor/contact_sensor/contact (ignition.msgs.Contacts) -> /world/random_world/model/robot_2/link/robot_2/base_footprint/sensor/contact_sensor/contact (ros_gz_interfaces/msg/Contacts)] (Lazy 0)
[parameter_bridge-4] [INFO] [1776778378.263915718] [all_robots_bridge]: Creating ROS->GZ Bridge: [/robot_3/cmd_vel (geometry_msgs/msg/Twist) -> /robot_3/cmd_vel (ignition.msgs.Twist)] (Lazy 0)
[parameter_bridge-4] [INFO] [1776778378.264459068] [all_robots_bridge]: Creating GZ->ROS Bridge: [/robot_3/odom (ignition.msgs.Odometry) -> /robot_3/odom (nav_msgs/msg/Odometry)] (Lazy 0)
[parameter_bridge-4] [INFO] [1776778378.265618341] [all_robots_bridge]: Creating GZ->ROS Bridge: [/robot_3/depth_camera/depth_image (ignition.msgs.Image) -> /robot_3/depth_camera/depth_image (sensor_msgs/msg/Image)] (Lazy 0)
[parameter_bridge-4] [INFO] [1776778378.266489295] [all_robots_bridge]: Creating GZ->ROS Bridge: [/world/random_world/model/robot_3/link/robot_3/base_footprint/sensor/contact_sensor/contact (ignition.msgs.Contacts) -> /world/random_world/model/robot_3/link/robot_3/base_footprint/sensor/contact_sensor/contact (ros_gz_interfaces/msg/Contacts)] (Lazy 0)
[parameter_bridge-4] [INFO] [1776778378.267594262] [all_robots_bridge]: Creating ROS->GZ Bridge: [/robot_4/cmd_vel (geometry_msgs/msg/Twist) -> /robot_4/cmd_vel (ignition.msgs.Twist)] (Lazy 0)
[parameter_bridge-4] [INFO] [1776778378.268375320] [all_robots_bridge]: Creating GZ->ROS Bridge: [/robot_4/odom (ignition.msgs.Odometry) -> /robot_4/odom (nav_msgs/msg/Odometry)] (Lazy 0)
[parameter_bridge-4] [INFO] [1776778378.269164971] [all_robots_bridge]: Creating GZ->ROS Bridge: [/robot_4/depth_camera/depth_image (ignition.msgs.Image) -> /robot_4/depth_camera/depth_image (sensor_msgs/msg/Image)] (Lazy 0)
[parameter_bridge-4] [INFO] [1776778378.270037253] [all_robots_bridge]: Creating GZ->ROS Bridge: [/world/random_world/model/robot_4/link/robot_4/base_footprint/sensor/contact_sensor/contact (ignition.msgs.Contacts) -> /world/random_world/model/robot_4/link/robot_4/base_footprint/sensor/contact_sensor/contact (ros_gz_interfaces/msg/Contacts)] (Lazy 0)
[parameter_bridge-4] [INFO] [1776778378.271036425] [all_robots_bridge]: Creating GZ->ROS Bridge: [/world/random_world/dynamic_pose/info (ignition.msgs.Pose_V) -> /world/random_world/dynamic_pose/info (tf2_msgs/msg/TFMessage)] (Lazy 0)
[robot_state_publisher-11] [INFO] [1776778378.273024708] [robot_2.robot_state_publisher]: got segment robot_2/antenna_link
[robot_state_publisher-11] [INFO] [1776778378.273169725] [robot_2.robot_state_publisher]: got segment robot_2/base_footprint
[robot_state_publisher-11] [INFO] [1776778378.273186224] [robot_2.robot_state_publisher]: got segment robot_2/base_link
[robot_state_publisher-11] [INFO] [1776778378.273198298] [robot_2.robot_state_publisher]: got segment robot_2/realsense_link
[robot_state_publisher-11] [INFO] [1776778378.273207464] [robot_2.robot_state_publisher]: got segment robot_2/rocker_L_link
[robot_state_publisher-11] [INFO] [1776778378.273215716] [robot_2.robot_state_publisher]: got segment robot_2/rocker_R_link
[robot_state_publisher-11] [INFO] [1776778378.273223436] [robot_2.robot_state_publisher]: got segment robot_2/wheel_FL_link
[robot_state_publisher-11] [INFO] [1776778378.273231775] [robot_2.robot_state_publisher]: got segment robot_2/wheel_FR_link
[robot_state_publisher-11] [INFO] [1776778378.273240211] [robot_2.robot_state_publisher]: got segment robot_2/wheel_RL_link
[robot_state_publisher-11] [INFO] [1776778378.273248010] [robot_2.robot_state_publisher]: got segment robot_2/wheel_RR_link
[robot_state_publisher-5] [INFO] [1776778378.281871070] [robot_0.robot_state_publisher]: got segment robot_0/antenna_link
[robot_state_publisher-5] [INFO] [1776778378.281999445] [robot_0.robot_state_publisher]: got segment robot_0/base_footprint
[robot_state_publisher-5] [INFO] [1776778378.282013760] [robot_0.robot_state_publisher]: got segment robot_0/base_link
[robot_state_publisher-5] [INFO] [1776778378.282023699] [robot_0.robot_state_publisher]: got segment robot_0/realsense_link
[robot_state_publisher-5] [INFO] [1776778378.282031532] [robot_0.robot_state_publisher]: got segment robot_0/rocker_L_link
[robot_state_publisher-5] [INFO] [1776778378.282038999] [robot_0.robot_state_publisher]: got segment robot_0/rocker_R_link
[robot_state_publisher-5] [INFO] [1776778378.282046228] [robot_0.robot_state_publisher]: got segment robot_0/wheel_FL_link
[robot_state_publisher-5] [INFO] [1776778378.282053497] [robot_0.robot_state_publisher]: got segment robot_0/wheel_FR_link
[robot_state_publisher-5] [INFO] [1776778378.282060709] [robot_0.robot_state_publisher]: got segment robot_0/wheel_RL_link
[robot_state_publisher-5] [INFO] [1776778378.282068027] [robot_0.robot_state_publisher]: got segment robot_0/wheel_RR_link
[bump_counter-3] [INFO] [1776778378.561584322] [bump_counter]: [global] global_mode=True cooldown(robot)=0.80s cooldown(obs)=0.50s Logging to /home/ecem/ros2_ws/src/Leo_sct/results_exp/explore/medium/prompt_4/run_9/middle_circle/trial_1/run_20260421_153258/bumps_global_153258.csv
[robot_supervisor-7] [INFO] [1776778378.648315030] [robot_0.robot_supervisor]: Loaded initial mission 'explore' from explicit YAML explore_sup_gpt_medium_4_run_9_202.yaml
[robot_supervisor-16] [INFO] [1776778378.649864053] [robot_3.robot_supervisor]: Loaded initial mission 'explore' from explicit YAML explore_sup_gpt_medium_4_run_9_202.yaml
[robot_supervisor-13] [INFO] [1776778378.651481133] [robot_2.robot_supervisor]: Loaded initial mission 'explore' from explicit YAML explore_sup_gpt_medium_4_run_9_202.yaml
[robot_supervisor-10] [INFO] [1776778378.669414793] [robot_1.robot_supervisor]: Loaded initial mission 'explore' from explicit YAML explore_sup_gpt_medium_4_run_9_202.yaml
[robot_supervisor-19] [INFO] [1776778378.698664134] [robot_4.robot_supervisor]: Loaded initial mission 'explore' from explicit YAML explore_sup_gpt_medium_4_run_9_202.yaml
[robot_supervisor-7] [INFO] [1776778378.752281484] [robot_0.robot_supervisor]: Selected controllable event: EV_random_walk
[parameter_bridge-4] [INFO] [1776778378.752602499] [all_robots_bridge]: Passing message from ROS geometry_msgs/msg/Twist to Gazebo gz.msgs.Twist (showing msg only once per type)
[robot_supervisor-16] [INFO] [1776778378.754105167] [robot_3.robot_supervisor]: Selected controllable event: EV_random_walk
[robot_supervisor-13] [INFO] [1776778378.756157313] [robot_2.robot_supervisor]: Selected controllable event: EV_random_walk
[robot_supervisor-10] [INFO] [1776778378.774333092] [robot_1.robot_supervisor]: Selected controllable event: EV_random_walk
[create-15] [INFO] [1776778378.794839110] [robot_3.ros_gz_sim]: Waiting messages on topic [/robot_3/robot_description].
[robot_supervisor-19] [INFO] [1776778378.802581765] [robot_4.robot_supervisor]: Selected controllable event: EV_random_walk
[create-18] [INFO] [1776778378.895331931] [robot_4.ros_gz_sim]: Waiting messages on topic [/robot_4/robot_description].
[create-12] [INFO] [1776778378.995409761] [robot_2.ros_gz_sim]: Waiting messages on topic [/robot_2/robot_description].
[robot_supervisor-7] [INFO] [1776778379.052331842] [robot_0.robot_supervisor]: Selected controllable event: EV_random_walk
[robot_supervisor-16] [INFO] [1776778379.054091411] [robot_3.robot_supervisor]: Selected controllable event: EV_random_walk
[robot_supervisor-13] [INFO] [1776778379.056328148] [robot_2.robot_supervisor]: Selected controllable event: EV_random_walk
[robot_supervisor-10] [INFO] [1776778379.074022432] [robot_1.robot_supervisor]: Selected controllable event: EV_random_walk
[create-6] [INFO] [1776778379.095986862] [robot_0.ros_gz_sim]: Waiting messages on topic [/robot_0/robot_description].
[robot_supervisor-19] [INFO] [1776778379.102637878] [robot_4.robot_supervisor]: Selected controllable event: EV_random_walk
[create-15] [INFO] [1776778379.195261713] [robot_3.ros_gz_sim]: Requested creation of entity.
[create-15] [INFO] [1776778379.195326707] [robot_3.ros_gz_sim]: OK creation of entity.
[create-12] [INFO] [1776778379.195302096] [robot_2.ros_gz_sim]: Requested creation of entity.
[create-12] [INFO] [1776778379.195350608] [robot_2.ros_gz_sim]: OK creation of entity.
[create-18] [INFO] [1776778379.195302806] [robot_4.ros_gz_sim]: Requested creation of entity.
[create-18] [INFO] [1776778379.195355873] [robot_4.ros_gz_sim]: OK creation of entity.
[create-6] [INFO] [1776778379.195312207] [robot_0.ros_gz_sim]: Requested creation of entity.
[create-6] [INFO] [1776778379.195385217] [robot_0.ros_gz_sim]: OK creation of entity.
[create-9] [INFO] [1776778379.195617934] [robot_1.ros_gz_sim]: Waiting messages on topic [/robot_1/robot_description].
[create-9] [INFO] [1776778379.199204074] [robot_1.ros_gz_sim]: Requested creation of entity.
[create-9] [INFO] [1776778379.199248545] [robot_1.ros_gz_sim]: OK creation of entity.
[robot_supervisor-7] [INFO] [1776778379.352316673] [robot_0.robot_supervisor]: Selected controllable event: EV_move_forward
[robot_supervisor-16] [INFO] [1776778379.354038257] [robot_3.robot_supervisor]: Selected controllable event: EV_move_forward
[robot_supervisor-13] [INFO] [1776778379.356103758] [robot_2.robot_supervisor]: Selected controllable event: EV_move_forward
[robot_supervisor-10] [INFO] [1776778379.374157259] [robot_1.robot_supervisor]: Selected controllable event: EV_move_forward
[robot_supervisor-19] [INFO] [1776778379.402666310] [robot_4.robot_supervisor]: Selected controllable event: EV_move_forward
[INFO] [create-6]: process has finished cleanly [pid 309166]
[INFO] [create-15]: process has finished cleanly [pid 309186]
[INFO] [create-9]: process has finished cleanly [pid 309173]
[INFO] [create-18]: process has finished cleanly [pid 309198]
[INFO] [create-12]: process has finished cleanly [pid 309180]
[bump_counter-3] [INFO] [1776778379.627679593] [bump_counter]: [global] subscribed: /world/random_world/model/robot_0/link/robot_0/base_footprint/sensor/contact_sensor/contact
[bump_counter-3] [INFO] [1776778379.628420755] [bump_counter]: [global] subscribed: /world/random_world/model/robot_1/link/robot_1/base_footprint/sensor/contact_sensor/contact
[bump_counter-3] [INFO] [1776778379.630243234] [bump_counter]: [global] subscribed: /world/random_world/model/robot_2/link/robot_2/base_footprint/sensor/contact_sensor/contact
[bump_counter-3] [INFO] [1776778379.631577720] [bump_counter]: [global] subscribed: /world/random_world/model/robot_3/link/robot_3/base_footprint/sensor/contact_sensor/contact
[bump_counter-3] [INFO] [1776778379.633017950] [bump_counter]: [global] subscribed: /world/random_world/model/robot_4/link/robot_4/base_footprint/sensor/contact_sensor/contact
[INFO] [image_processor-21]: process started with pid [309552]
[INFO] [image_processor-22]: process started with pid [309554]
[INFO] [image_processor-23]: process started with pid [309556]
[INFO] [image_processor-24]: process started with pid [309558]
[INFO] [image_processor-25]: process started with pid [309560]
[image_processor-22] [INFO] [1776778380.258483160] [robot_1.image_processor]: image_processor: depth='/robot_1/depth_camera/depth_image' aruco_runtime=disabled
[image_processor-21] [INFO] [1776778380.258483491] [robot_0.image_processor]: image_processor: depth='/robot_0/depth_camera/depth_image' aruco_runtime=disabled
[image_processor-25] [INFO] [1776778380.260981186] [robot_4.image_processor]: image_processor: depth='/robot_4/depth_camera/depth_image' aruco_runtime=disabled
[image_processor-24] [INFO] [1776778380.261875504] [robot_3.image_processor]: image_processor: depth='/robot_3/depth_camera/depth_image' aruco_runtime=disabled
[image_processor-23] [INFO] [1776778380.261883000] [robot_2.image_processor]: image_processor: depth='/robot_2/depth_camera/depth_image' aruco_runtime=disabled
[image_processor-24] [INFO] [1776778383.769194722] [robot_3.image_processor]: Zone=CLEAR  left[p=0.894 near=0 v=7620]  front[p=3.072 near=0 v=13297]  right[p=2.913 near=0 v=7740]
[image_processor-25] [INFO] [1776778383.777329668] [robot_4.image_processor]: Zone=CLEAR  left[p=2.299 near=0 v=7157]  front[p=2.450 near=0 v=13239]  right[p=3.007 near=0 v=7740]
[image_processor-23] [INFO] [1776778383.786866087] [robot_2.image_processor]: Zone=CLEAR  left[p=1.875 near=0 v=7650]  front[p=2.263 near=0 v=12349]  right[p=1.628 near=0 v=7740]
[image_processor-21] [INFO] [1776778383.794186178] [robot_0.image_processor]: Zone=CLEAR  left[p=1.026 near=0 v=7650]  front[p=1.493 near=0 v=13500]  right[p=2.221 near=0 v=7740]
[image_processor-22] [INFO] [1776778383.802779851] [robot_1.image_processor]: Zone=CLEAR  left[p=3.007 near=0 v=7650]  front[p=3.426 near=0 v=13244]  right[p=2.532 near=0 v=7517]
[image_processor-24] [INFO] [1776778386.266452658] [robot_3.image_processor]: Zone=CLEAR
[image_processor-25] [INFO] [1776778386.276084774] [robot_4.image_processor]: Zone=CLEAR
[image_processor-23] [INFO] [1776778386.286434595] [robot_2.image_processor]: Zone=CLEAR
[image_processor-21] [INFO] [1776778386.297304577] [robot_0.image_processor]: Zone=CLEAR
[image_processor-22] [INFO] [1776778386.307990344] [robot_1.image_processor]: Zone=CLEAR
[image_processor-24] [INFO] [1776778388.768176521] [robot_3.image_processor]: Zone=CLEAR
[image_processor-25] [INFO] [1776778388.777032815] [robot_4.image_processor]: Zone=CLEAR
[image_processor-23] [INFO] [1776778388.785015406] [robot_2.image_processor]: Zone=CLEAR
[image_processor-21] [INFO] [1776778388.796324125] [robot_0.image_processor]: Zone=CLEAR
[image_processor-22] [INFO] [1776778388.808836316] [robot_1.image_processor]: Zone=CLEAR
[image_processor-24] [INFO] [1776778391.269089507] [robot_3.image_processor]: Zone=CLEAR
[image_processor-25] [INFO] [1776778391.279058490] [robot_4.image_processor]: Zone=CLEAR
[image_processor-23] [INFO] [1776778391.289625882] [robot_2.image_processor]: Zone=CLEAR
[image_processor-21] [INFO] [1776778391.299007197] [robot_0.image_processor]: Zone=CLEAR
[image_processor-22] [INFO] [1776778391.308202476] [robot_1.image_processor]: Zone=CLEAR
[image_processor-24] [INFO] [1776778393.770621445] [robot_3.image_processor]: Zone=CLEAR
[image_processor-25] [INFO] [1776778393.777918047] [robot_4.image_processor]: Zone=CLEAR
[image_processor-23] [INFO] [1776778393.785809027] [robot_2.image_processor]: Zone=CLEAR
[image_processor-21] [INFO] [1776778393.794368552] [robot_0.image_processor]: Zone=CLEAR
[image_processor-22] [INFO] [1776778393.903607404] [robot_1.image_processor]: Zone=CLEAR
[image_processor-24] [INFO] [1776778396.270711377] [robot_3.image_processor]: Zone=CLEAR
[image_processor-25] [INFO] [1776778396.280759040] [robot_4.image_processor]: Zone=CLEAR
[image_processor-23] [INFO] [1776778396.292890582] [robot_2.image_processor]: Zone=CLEAR
[image_processor-21] [INFO] [1776778396.305374337] [robot_0.image_processor]: Zone=CLEAR
[image_processor-22] [INFO] [1776778396.314809186] [robot_1.image_processor]: Zone=CLEAR
[image_processor-24] [INFO] [1776778398.768153733] [robot_3.image_processor]: Zone=CLEAR
[image_processor-25] [INFO] [1776778398.774956918] [robot_4.image_processor]: Zone=CLEAR
[image_processor-23] [INFO] [1776778398.783798620] [robot_2.image_processor]: Zone=CLEAR
[image_processor-21] [INFO] [1776778398.792141679] [robot_0.image_processor]: Zone=CLEAR
[image_processor-22] [INFO] [1776778398.799869134] [robot_1.image_processor]: Zone=CLEAR
[image_processor-24] [INFO] [1776778401.271020890] [robot_3.image_processor]: Zone=CLEAR
[image_processor-25] [INFO] [1776778401.280241238] [robot_4.image_processor]: Zone=CLEAR
[image_processor-23] [INFO] [1776778401.291014598] [robot_2.image_processor]: Zone=CLEAR
[image_processor-21] [INFO] [1776778401.300066504] [robot_0.image_processor]: Zone=CLEAR
[image_processor-22] [INFO] [1776778401.309153272] [robot_1.image_processor]: Zone=CLEAR
[image_processor-24] [INFO] [1776778403.772683320] [robot_3.image_processor]: Zone=CLEAR
[image_processor-25] [INFO] [1776778403.780834504] [robot_4.image_processor]: Zone=CLEAR
[image_processor-23] [INFO] [1776778403.788747596] [robot_2.image_processor]: Zone=CLEAR
[image_processor-21] [INFO] [1776778403.797195919] [robot_0.image_processor]: Zone=CLEAR
[image_processor-22] [INFO] [1776778403.805886151] [robot_1.image_processor]: Zone=CLEAR
[image_processor-24] [INFO] [1776778406.266882173] [robot_3.image_processor]: Zone=CLEAR
[image_processor-25] [INFO] [1776778406.274814793] [robot_4.image_processor]: Zone=CLEAR
[image_processor-23] [INFO] [1776778406.283677185] [robot_2.image_processor]: Zone=CLEAR
[image_processor-21] [INFO] [1776778406.291792060] [robot_0.image_processor]: Zone=CLEAR
[image_processor-22] [INFO] [1776778406.399131785] [robot_1.image_processor]: Zone=CLEAR
[image_processor-24] [INFO] [1776778408.769327530] [robot_3.image_processor]: Zone=CLEAR
[image_processor-25] [INFO] [1776778408.779981714] [robot_4.image_processor]: Zone=CLEAR
[image_processor-23] [INFO] [1776778408.788311475] [robot_2.image_processor]: Zone=CLEAR
[image_processor-21] [INFO] [1776778408.799060278] [robot_0.image_processor]: Zone=CLEAR
[image_processor-22] [INFO] [1776778408.807053802] [robot_1.image_processor]: Zone=CLEAR
[image_processor-24] [INFO] [1776778411.268260780] [robot_3.image_processor]: Zone=CLEAR
[image_processor-25] [INFO] [1776778411.277044700] [robot_4.image_processor]: Zone=CLEAR
[image_processor-23] [INFO] [1776778411.283615218] [robot_2.image_processor]: Zone=CLEAR
[image_processor-21] [INFO] [1776778411.290785863] [robot_0.image_processor]: Zone=CLEAR
[image_processor-22] [INFO] [1776778411.298751476] [robot_1.image_processor]: Zone=CLEAR
[image_processor-24] [INFO] [1776778413.768832799] [robot_3.image_processor]: Zone=CLEAR
[image_processor-25] [INFO] [1776778413.776979375] [robot_4.image_processor]: Zone=CLEAR
[image_processor-23] [INFO] [1776778413.785809160] [robot_2.image_processor]: Zone=CLEAR
[image_processor-22] [INFO] [1776778413.802880597] [robot_1.image_processor]: Zone=CLEAR
[image_processor-21] [INFO] [1776778413.895623758] [robot_0.image_processor]: Zone=CLEAR
[image_processor-24] [INFO] [1776778416.271275081] [robot_3.image_processor]: Zone=CLEAR
[image_processor-25] [INFO] [1776778416.279369944] [robot_4.image_processor]: Zone=CLEAR
[image_processor-23] [INFO] [1776778416.288582280] [robot_2.image_processor]: Zone=CLEAR
[image_processor-21] [INFO] [1776778416.296742458] [robot_0.image_processor]: Zone=CLEAR
[image_processor-22] [INFO] [1776778416.304804405] [robot_1.image_processor]: Zone=CLEAR
[image_processor-24] [INFO] [1776778418.771532337] [robot_3.image_processor]: Zone=CLEAR
[image_processor-25] [INFO] [1776778418.783857035] [robot_4.image_processor]: Zone=CLEAR
[image_processor-23] [INFO] [1776778418.792480554] [robot_2.image_processor]: Zone=CLEAR
[image_processor-21] [INFO] [1776778418.800841862] [robot_0.image_processor]: Zone=CLEAR
[image_processor-22] [INFO] [1776778418.808201331] [robot_1.image_processor]: Zone=CLEAR
[image_processor-24] [INFO] [1776778421.272699447] [robot_3.image_processor]: Zone=CLEAR
[image_processor-25] [INFO] [1776778421.283900039] [robot_4.image_processor]: Zone=CLEAR
[image_processor-23] [INFO] [1776778421.295001395] [robot_2.image_processor]: Zone=CLEAR
[image_processor-21] [INFO] [1776778421.307682543] [robot_0.image_processor]: Zone=CLEAR
[image_processor-22] [INFO] [1776778421.316173458] [robot_1.image_processor]: Zone=CLEAR
[image_processor-24] [INFO] [1776778423.770088157] [robot_3.image_processor]: Zone=CLEAR
[image_processor-25] [INFO] [1776778423.781021847] [robot_4.image_processor]: Zone=CLEAR
[image_processor-23] [INFO] [1776778423.791132258] [robot_2.image_processor]: Zone=CLEAR
[image_processor-21] [INFO] [1776778423.800643727] [robot_0.image_processor]: Zone=CLEAR
[image_processor-22] [INFO] [1776778423.808957013] [robot_1.image_processor]: Zone=CLEAR
[image_processor-24] [INFO] [1776778426.271642280] [robot_3.image_processor]: Zone=CLEAR
[image_processor-25] [INFO] [1776778426.281088980] [robot_4.image_processor]: Zone=CLEAR
[image_processor-23] [INFO] [1776778426.290105397] [robot_2.image_processor]: Zone=CLEAR
[image_processor-21] [INFO] [1776778426.297621823] [robot_0.image_processor]: Zone=CLEAR
[image_processor-22] [INFO] [1776778426.305638725] [robot_1.image_processor]: Zone=CLEAR
[image_processor-24] [INFO] [1776778428.770715562] [robot_3.image_processor]: Zone=CLEAR
[image_processor-23] [INFO] [1776778428.790641329] [robot_2.image_processor]: Zone=CLEAR
[image_processor-21] [INFO] [1776778428.798781882] [robot_0.image_processor]: Zone=CLEAR
[image_processor-22] [INFO] [1776778428.807169855] [robot_1.image_processor]: Zone=CLEAR
[image_processor-25] [INFO] [1776778428.879690818] [robot_4.image_processor]: Zone=CLEAR
[image_processor-24] [INFO] [1776778431.266913638] [robot_3.image_processor]: Zone=CLEAR
[image_processor-25] [INFO] [1776778431.274326003] [robot_4.image_processor]: Zone=CLEAR
[image_processor-21] [INFO] [1776778431.290287266] [robot_0.image_processor]: Zone=CLEAR
[image_processor-22] [INFO] [1776778431.296505401] [robot_1.image_processor]: Zone=CLEAR
[image_processor-23] [INFO] [1776778431.382044083] [robot_2.image_processor]: Zone=CLEAR
[image_processor-24] [INFO] [1776778433.771570239] [robot_3.image_processor]: Zone=CLEAR
[image_processor-25] [INFO] [1776778433.782815641] [robot_4.image_processor]: Zone=CLEAR
[image_processor-23] [INFO] [1776778433.793094583] [robot_2.image_processor]: Zone=CLEAR
[image_processor-21] [INFO] [1776778433.804599213] [robot_0.image_processor]: Zone=CLEAR
[image_processor-22] [INFO] [1776778433.816136727] [robot_1.image_processor]: Zone=CLEAR
[image_processor-24] [INFO] [1776778436.270427488] [robot_3.image_processor]: Zone=CLEAR
[image_processor-25] [INFO] [1776778436.280321216] [robot_4.image_processor]: Zone=CLEAR
[image_processor-23] [INFO] [1776778436.290930011] [robot_2.image_processor]: Zone=CLEAR
[image_processor-21] [INFO] [1776778436.299381078] [robot_0.image_processor]: Zone=CLEAR
[image_processor-22] [INFO] [1776778436.308607837] [robot_1.image_processor]: Zone=CLEAR
[image_processor-24] [INFO] [1776778438.772321995] [robot_3.image_processor]: Zone=CLEAR
[image_processor-25] [INFO] [1776778438.780131229] [robot_4.image_processor]: Zone=CLEAR
[image_processor-23] [INFO] [1776778438.789691181] [robot_2.image_processor]: Zone=CLEAR
[image_processor-21] [INFO] [1776778438.798503279] [robot_0.image_processor]: Zone=CLEAR
[image_processor-22] [INFO] [1776778438.810798192] [robot_1.image_processor]: Zone=CLEAR
[image_processor-24] [INFO] [1776778441.270698790] [robot_3.image_processor]: Zone=CLEAR
[image_processor-25] [INFO] [1776778441.279368097] [robot_4.image_processor]: Zone=CLEAR
[image_processor-23] [INFO] [1776778441.287169635] [robot_2.image_processor]: Zone=CLEAR
[image_processor-21] [INFO] [1776778441.298741275] [robot_0.image_processor]: Zone=CLEAR
[image_processor-22] [INFO] [1776778441.309222590] [robot_1.image_processor]: Zone=CLEAR
[image_processor-24] [INFO] [1776778443.769838100] [robot_3.image_processor]: Zone=CLEAR
[image_processor-25] [INFO] [1776778443.777309405] [robot_4.image_processor]: Zone=CLEAR
[image_processor-23] [INFO] [1776778443.785095943] [robot_2.image_processor]: Zone=CLEAR
[image_processor-21] [INFO] [1776778443.794610087] [robot_0.image_processor]: Zone=CLEAR
[image_processor-22] [INFO] [1776778443.802663122] [robot_1.image_processor]: Zone=CLEAR
[image_processor-24] [INFO] [1776778446.268522819] [robot_3.image_processor]: Zone=CLEAR
[image_processor-25] [INFO] [1776778446.277973639] [robot_4.image_processor]: Zone=CLEAR
[image_processor-23] [INFO] [1776778446.290160347] [robot_2.image_processor]: Zone=CLEAR
[image_processor-21] [INFO] [1776778446.297844898] [robot_0.image_processor]: Zone=CLEAR
[image_processor-22] [INFO] [1776778446.307833321] [robot_1.image_processor]: Zone=CLEAR
[image_processor-24] [INFO] [1776778448.769514860] [robot_3.image_processor]: Zone=CLEAR
[image_processor-25] [INFO] [1776778448.776998973] [robot_4.image_processor]: Zone=CLEAR
[image_processor-23] [INFO] [1776778448.785520222] [robot_2.image_processor]: Zone=CLEAR
[image_processor-21] [INFO] [1776778448.792127846] [robot_0.image_processor]: Zone=CLEAR
[image_processor-22] [INFO] [1776778448.801068960] [robot_1.image_processor]: Zone=CLEAR
[image_processor-24] [INFO] [1776778451.268979086] [robot_3.image_processor]: Zone=CLEAR
[image_processor-25] [INFO] [1776778451.277004314] [robot_4.image_processor]: Zone=CLEAR
[image_processor-23] [INFO] [1776778451.288131530] [robot_2.image_processor]: Zone=CLEAR
[image_processor-21] [INFO] [1776778451.300996643] [robot_0.image_processor]: Zone=CLEAR
[image_processor-22] [INFO] [1776778451.308221794] [robot_1.image_processor]: Zone=CLEAR
[image_processor-24] [INFO] [1776778453.770192361] [robot_3.image_processor]: Zone=CLEAR
[image_processor-25] [INFO] [1776778453.777281120] [robot_4.image_processor]: Zone=CLEAR
[image_processor-23] [INFO] [1776778453.786486824] [robot_2.image_processor]: Zone=CLEAR
[image_processor-21] [INFO] [1776778453.794252496] [robot_0.image_processor]: Zone=CLEAR
[image_processor-22] [INFO] [1776778453.801123564] [robot_1.image_processor]: Zone=CLEAR
[image_processor-24] [INFO] [1776778456.269485566] [robot_3.image_processor]: Zone=CLEAR
[image_processor-25] [INFO] [1776778456.276901869] [robot_4.image_processor]: Zone=CLEAR
[image_processor-23] [INFO] [1776778456.284497916] [robot_2.image_processor]: Zone=CLEAR
[image_processor-21] [INFO] [1776778456.293530541] [robot_0.image_processor]: Zone=CLEAR
[image_processor-22] [INFO] [1776778456.300847166] [robot_1.image_processor]: Zone=CLEAR
[image_processor-24] [INFO] [1776778458.769376972] [robot_3.image_processor]: Zone=CLEAR
[image_processor-25] [INFO] [1776778458.777563706] [robot_4.image_processor]: Zone=CLEAR
[image_processor-23] [INFO] [1776778458.788063112] [robot_2.image_processor]: Zone=CLEAR
[image_processor-21] [INFO] [1776778458.796961790] [robot_0.image_processor]: Zone=CLEAR
[image_processor-22] [INFO] [1776778458.804167891] [robot_1.image_processor]: Zone=CLEAR
[image_processor-24] [INFO] [1776778461.269042676] [robot_3.image_processor]: Zone=CLEAR
[image_processor-25] [INFO] [1776778461.277728202] [robot_4.image_processor]: Zone=CLEAR
[image_processor-23] [INFO] [1776778461.286177902] [robot_2.image_processor]: Zone=CLEAR
[image_processor-21] [INFO] [1776778461.294498743] [robot_0.image_processor]: Zone=CLEAR
[image_processor-22] [INFO] [1776778461.302362874] [robot_1.image_processor]: Zone=CLEAR
[image_processor-24] [INFO] [1776778463.768343300] [robot_3.image_processor]: Zone=CLEAR
[image_processor-25] [INFO] [1776778463.777215104] [robot_4.image_processor]: Zone=CLEAR
[image_processor-23] [INFO] [1776778463.785898170] [robot_2.image_processor]: Zone=CLEAR
[image_processor-21] [INFO] [1776778463.795012265] [robot_0.image_processor]: Zone=CLEAR
[image_processor-22] [INFO] [1776778463.803688543] [robot_1.image_processor]: Zone=CLEAR
[image_processor-24] [INFO] [1776778466.268855626] [robot_3.image_processor]: Zone=CLEAR
[image_processor-25] [INFO] [1776778466.276565131] [robot_4.image_processor]: Zone=CLEAR
[image_processor-23] [INFO] [1776778466.285827282] [robot_2.image_processor]: Zone=CLEAR
[image_processor-21] [INFO] [1776778466.294058651] [robot_0.image_processor]: Zone=CLEAR
[image_processor-22] [INFO] [1776778466.302405816] [robot_1.image_processor]: Zone=CLEAR
[image_processor-24] [INFO] [1776778468.771665385] [robot_3.image_processor]: Zone=CLEAR
[image_processor-25] [INFO] [1776778468.782354086] [robot_4.image_processor]: Zone=CLEAR
[image_processor-23] [INFO] [1776778468.790469576] [robot_2.image_processor]: Zone=CLEAR
[image_processor-21] [INFO] [1776778468.797820200] [robot_0.image_processor]: Zone=CLEAR
[image_processor-22] [INFO] [1776778468.807876103] [robot_1.image_processor]: Zone=CLEAR
[image_processor-24] [INFO] [1776778471.268339465] [robot_3.image_processor]: Zone=CLEAR
[image_processor-25] [INFO] [1776778471.275957050] [robot_4.image_processor]: Zone=CLEAR
[image_processor-21] [INFO] [1776778471.292134518] [robot_0.image_processor]: Zone=CLEAR
[image_processor-22] [INFO] [1776778471.300381093] [robot_1.image_processor]: Zone=CLEAR
[image_processor-23] [INFO] [1776778471.385494937] [robot_2.image_processor]: Zone=CLEAR
[image_processor-24] [INFO] [1776778473.769484140] [robot_3.image_processor]: Zone=CLEAR
[image_processor-25] [INFO] [1776778473.779725708] [robot_4.image_processor]: Zone=CLEAR
[image_processor-23] [INFO] [1776778473.788509112] [robot_2.image_processor]: Zone=CLEAR
[image_processor-21] [INFO] [1776778473.797668521] [robot_0.image_processor]: Zone=CLEAR
[image_processor-22] [INFO] [1776778473.806005155] [robot_1.image_processor]: Zone=CLEAR
[image_processor-24] [INFO] [1776778476.268683994] [robot_3.image_processor]: Zone=CLEAR
[image_processor-25] [INFO] [1776778476.276880593] [robot_4.image_processor]: Zone=CLEAR
[image_processor-23] [INFO] [1776778476.285843725] [robot_2.image_processor]: Zone=CLEAR
[image_processor-21] [INFO] [1776778476.294120820] [robot_0.image_processor]: Zone=CLEAR
[image_processor-22] [INFO] [1776778476.302697722] [robot_1.image_processor]: Zone=CLEAR
[image_processor-24] [INFO] [1776778478.769327652] [robot_3.image_processor]: Zone=CLEAR
[image_processor-25] [INFO] [1776778478.778019864] [robot_4.image_processor]: Zone=CLEAR
[image_processor-23] [INFO] [1776778478.786839855] [robot_2.image_processor]: Zone=CLEAR
[image_processor-21] [INFO] [1776778478.796763370] [robot_0.image_processor]: Zone=CLEAR
[image_processor-22] [INFO] [1776778478.803829986] [robot_1.image_processor]: Zone=CLEAR
[image_processor-24] [INFO] [1776778481.269858565] [robot_3.image_processor]: Zone=CLEAR
[image_processor-25] [INFO] [1776778481.278705891] [robot_4.image_processor]: Zone=CLEAR
[image_processor-23] [INFO] [1776778481.286437757] [robot_2.image_processor]: Zone=CLEAR
[image_processor-21] [INFO] [1776778481.294880702] [robot_0.image_processor]: Zone=CLEAR
[image_processor-22] [INFO] [1776778481.302252322] [robot_1.image_processor]: Zone=CLEAR
[image_processor-24] [INFO] [1776778483.769407461] [robot_3.image_processor]: Zone=CLEAR
[image_processor-25] [INFO] [1776778483.777569729] [robot_4.image_processor]: Zone=CLEAR
[image_processor-23] [INFO] [1776778483.786329404] [robot_2.image_processor]: Zone=CLEAR
[image_processor-21] [INFO] [1776778483.793647127] [robot_0.image_processor]: Zone=CLEAR
[image_processor-22] [INFO] [1776778483.802838515] [robot_1.image_processor]: Zone=CLEAR
[image_processor-24] [INFO] [1776778486.269135768] [robot_3.image_processor]: Zone=CLEAR
[image_processor-25] [INFO] [1776778486.277974644] [robot_4.image_processor]: Zone=CLEAR
[image_processor-23] [INFO] [1776778486.285495700] [robot_2.image_processor]: Zone=CLEAR
[image_processor-21] [INFO] [1776778486.293332523] [robot_0.image_processor]: Zone=CLEAR
[image_processor-22] [INFO] [1776778486.302330690] [robot_1.image_processor]: Zone=CLEAR
[image_processor-24] [INFO] [1776778488.769306450] [robot_3.image_processor]: Zone=CLEAR
[image_processor-25] [INFO] [1776778488.780606314] [robot_4.image_processor]: Zone=CLEAR
[image_processor-23] [INFO] [1776778488.789236580] [robot_2.image_processor]: Zone=CLEAR
[image_processor-21] [INFO] [1776778488.796364666] [robot_0.image_processor]: Zone=CLEAR
[image_processor-22] [INFO] [1776778488.805057521] [robot_1.image_processor]: Zone=CLEAR
[image_processor-24] [INFO] [1776778491.267923714] [robot_3.image_processor]: Zone=CLEAR
[image_processor-25] [INFO] [1776778491.276785066] [robot_4.image_processor]: Zone=CLEAR
[image_processor-23] [INFO] [1776778491.283966961] [robot_2.image_processor]: Zone=CLEAR
[image_processor-21] [INFO] [1776778491.292481135] [robot_0.image_processor]: Zone=CLEAR
[image_processor-22] [INFO] [1776778491.300747253] [robot_1.image_processor]: Zone=CLEAR
[image_processor-24] [INFO] [1776778493.767762213] [robot_3.image_processor]: Zone=CLEAR
[image_processor-23] [INFO] [1776778493.785938797] [robot_2.image_processor]: Zone=CLEAR
[image_processor-21] [INFO] [1776778493.795643200] [robot_0.image_processor]: Zone=CLEAR
[image_processor-22] [INFO] [1776778493.803204078] [robot_1.image_processor]: Zone=CLEAR
[image_processor-25] [INFO] [1776778493.876836178] [robot_4.image_processor]: Zone=CLEAR
[image_processor-24] [INFO] [1776778496.268628941] [robot_3.image_processor]: Zone=CLEAR
[image_processor-25] [INFO] [1776778496.278042007] [robot_4.image_processor]: Zone=CLEAR
[image_processor-23] [INFO] [1776778496.286856421] [robot_2.image_processor]: Zone=CLEAR
[image_processor-21] [INFO] [1776778496.295076041] [robot_0.image_processor]: Zone=CLEAR
[image_processor-22] [INFO] [1776778496.303298899] [robot_1.image_processor]: Zone=CLEAR
[image_processor-24] [INFO] [1776778498.769306994] [robot_3.image_processor]: Zone=CLEAR
[image_processor-25] [INFO] [1776778498.778408760] [robot_4.image_processor]: Zone=CLEAR
[image_processor-23] [INFO] [1776778498.788275439] [robot_2.image_processor]: Zone=CLEAR
[image_processor-21] [INFO] [1776778498.797388458] [robot_0.image_processor]: Zone=CLEAR
[image_processor-22] [INFO] [1776778498.804966284] [robot_1.image_processor]: Zone=CLEAR
[image_processor-24] [INFO] [1776778501.269041471] [robot_3.image_processor]: Zone=CLEAR
[image_processor-25] [INFO] [1776778501.277555966] [robot_4.image_processor]: Zone=CLEAR
[image_processor-23] [INFO] [1776778501.286060085] [robot_2.image_processor]: Zone=CLEAR
[image_processor-21] [INFO] [1776778501.294405412] [robot_0.image_processor]: Zone=CLEAR
[image_processor-22] [INFO] [1776778501.302263314] [robot_1.image_processor]: Zone=CLEAR
[image_processor-24] [INFO] [1776778503.771874231] [robot_3.image_processor]: Zone=CLEAR
[image_processor-25] [INFO] [1776778503.782896301] [robot_4.image_processor]: Zone=CLEAR
[image_processor-23] [INFO] [1776778503.792589745] [robot_2.image_processor]: Zone=CLEAR
[image_processor-21] [INFO] [1776778503.800898152] [robot_0.image_processor]: Zone=CLEAR
[image_processor-22] [INFO] [1776778503.808980127] [robot_1.image_processor]: Zone=CLEAR
[image_processor-24] [INFO] [1776778506.268855536] [robot_3.image_processor]: Zone=CLEAR
[image_processor-25] [INFO] [1776778506.277740050] [robot_4.image_processor]: Zone=CLEAR
[image_processor-23] [INFO] [1776778506.285217773] [robot_2.image_processor]: Zone=CLEAR
[image_processor-21] [INFO] [1776778506.293535214] [robot_0.image_processor]: Zone=CLEAR
[image_processor-22] [INFO] [1776778506.302503422] [robot_1.image_processor]: Zone=CLEAR
[image_processor-24] [INFO] [1776778508.771621884] [robot_3.image_processor]: Zone=CLEAR
[image_processor-25] [INFO] [1776778508.779247274] [robot_4.image_processor]: Zone=CLEAR
[image_processor-23] [INFO] [1776778508.788995786] [robot_2.image_processor]: Zone=CLEAR
[image_processor-21] [INFO] [1776778508.797014678] [robot_0.image_processor]: Zone=CLEAR
[image_processor-22] [INFO] [1776778508.806853839] [robot_1.image_processor]: Zone=CLEAR
[image_processor-24] [INFO] [1776778511.270628693] [robot_3.image_processor]: Zone=CLEAR
[image_processor-23] [INFO] [1776778511.286484305] [robot_2.image_processor]: Zone=CLEAR
[image_processor-21] [INFO] [1776778511.301000934] [robot_0.image_processor]: Zone=CLEAR
[image_processor-22] [INFO] [1776778511.308455410] [robot_1.image_processor]: Zone=CLEAR
[image_processor-25] [INFO] [1776778511.378688043] [robot_4.image_processor]: Zone=CLEAR
[image_processor-24] [INFO] [1776778513.770320929] [robot_3.image_processor]: Zone=CLEAR
[image_processor-25] [INFO] [1776778513.776834446] [robot_4.image_processor]: Zone=CLEAR
[image_processor-23] [INFO] [1776778513.786129597] [robot_2.image_processor]: Zone=CLEAR
[image_processor-21] [INFO] [1776778513.794270748] [robot_0.image_processor]: Zone=CLEAR
[image_processor-22] [INFO] [1776778513.801830318] [robot_1.image_processor]: Zone=CLEAR
[image_processor-24] [INFO] [1776778516.268516349] [robot_3.image_processor]: Zone=CLEAR
[image_processor-25] [INFO] [1776778516.276217266] [robot_4.image_processor]: Zone=CLEAR
[image_processor-23] [INFO] [1776778516.283353224] [robot_2.image_processor]: Zone=CLEAR
[image_processor-21] [INFO] [1776778516.289898597] [robot_0.image_processor]: Zone=CLEAR
[image_processor-22] [INFO] [1776778516.298060789] [robot_1.image_processor]: Zone=CLEAR
[image_processor-24] [INFO] [1776778518.768227397] [robot_3.image_processor]: Zone=CLEAR
[image_processor-25] [INFO] [1776778518.777946938] [robot_4.image_processor]: Zone=CLEAR
[image_processor-23] [INFO] [1776778518.786457262] [robot_2.image_processor]: Zone=CLEAR
[image_processor-21] [INFO] [1776778518.794069653] [robot_0.image_processor]: Zone=CLEAR
[image_processor-22] [INFO] [1776778518.802451605] [robot_1.image_processor]: Zone=CLEAR
[image_processor-24] [INFO] [1776778521.269744511] [robot_3.image_processor]: Zone=CLEAR
[image_processor-25] [INFO] [1776778521.277916077] [robot_4.image_processor]: Zone=CLEAR
[image_processor-23] [INFO] [1776778521.287078264] [robot_2.image_processor]: Zone=CLEAR
[image_processor-21] [INFO] [1776778521.296218700] [robot_0.image_processor]: Zone=CLEAR
[image_processor-22] [INFO] [1776778521.303977343] [robot_1.image_processor]: Zone=CLEAR
[image_processor-24] [INFO] [1776778523.768470291] [robot_3.image_processor]: Zone=CLEAR
[image_processor-25] [INFO] [1776778523.777542847] [robot_4.image_processor]: Zone=CLEAR
[image_processor-23] [INFO] [1776778523.786536392] [robot_2.image_processor]: Zone=CLEAR
[image_processor-21] [INFO] [1776778523.794020704] [robot_0.image_processor]: Zone=CLEAR
[image_processor-22] [INFO] [1776778523.801921843] [robot_1.image_processor]: Zone=CLEAR
[image_processor-24] [INFO] [1776778526.271321898] [robot_3.image_processor]: Zone=CLEAR
[image_processor-25] [INFO] [1776778526.282560652] [robot_4.image_processor]: Zone=CLEAR
[image_processor-23] [INFO] [1776778526.291549344] [robot_2.image_processor]: Zone=CLEAR
[image_processor-21] [INFO] [1776778526.300491567] [robot_0.image_processor]: Zone=CLEAR
[image_processor-22] [INFO] [1776778526.309897018] [robot_1.image_processor]: Zone=CLEAR
[image_processor-24] [INFO] [1776778528.769154034] [robot_3.image_processor]: Zone=CLEAR
[image_processor-25] [INFO] [1776778528.777805857] [robot_4.image_processor]: Zone=CLEAR
[image_processor-23] [INFO] [1776778528.786608580] [robot_2.image_processor]: Zone=CLEAR
[image_processor-21] [INFO] [1776778528.795786296] [robot_0.image_processor]: Zone=CLEAR
[image_processor-22] [INFO] [1776778528.802033586] [robot_1.image_processor]: Zone=CLEAR
[image_processor-24] [INFO] [1776778531.268822963] [robot_3.image_processor]: Zone=CLEAR
[image_processor-25] [INFO] [1776778531.276550392] [robot_4.image_processor]: Zone=CLEAR
[image_processor-23] [INFO] [1776778531.284918337] [robot_2.image_processor]: Zone=CLEAR
[image_processor-21] [INFO] [1776778531.292535621] [robot_0.image_processor]: Zone=CLEAR
[image_processor-22] [INFO] [1776778531.301173704] [robot_1.image_processor]: Zone=CLEAR
[image_processor-24] [INFO] [1776778533.769507424] [robot_3.image_processor]: Zone=CLEAR
[image_processor-25] [INFO] [1776778533.778630440] [robot_4.image_processor]: Zone=CLEAR
[image_processor-23] [INFO] [1776778533.785828199] [robot_2.image_processor]: Zone=CLEAR
[image_processor-21] [INFO] [1776778533.794929091] [robot_0.image_processor]: Zone=CLEAR
[image_processor-22] [INFO] [1776778533.803014667] [robot_1.image_processor]: Zone=CLEAR
[image_processor-24] [INFO] [1776778536.273279131] [robot_3.image_processor]: Zone=CLEAR
[image_processor-25] [INFO] [1776778536.283540932] [robot_4.image_processor]: Zone=CLEAR
[image_processor-23] [INFO] [1776778536.290559041] [robot_2.image_processor]: Zone=CLEAR
[image_processor-21] [INFO] [1776778536.297724924] [robot_0.image_processor]: Zone=CLEAR
[image_processor-22] [INFO] [1776778536.309709624] [robot_1.image_processor]: Zone=CLEAR
[image_processor-24] [INFO] [1776778538.767571170] [robot_3.image_processor]: Zone=CLEAR
[image_processor-25] [INFO] [1776778538.775834748] [robot_4.image_processor]: Zone=CLEAR
[image_processor-23] [INFO] [1776778538.785710054] [robot_2.image_processor]: Zone=CLEAR
[image_processor-21] [INFO] [1776778538.794878593] [robot_0.image_processor]: Zone=CLEAR
[image_processor-22] [INFO] [1776778538.803201095] [robot_1.image_processor]: Zone=CLEAR
[image_processor-24] [INFO] [1776778541.269856781] [robot_3.image_processor]: Zone=CLEAR
[image_processor-25] [INFO] [1776778541.277842802] [robot_4.image_processor]: Zone=CLEAR
[image_processor-21] [INFO] [1776778541.294870897] [robot_0.image_processor]: Zone=CLEAR
[image_processor-22] [INFO] [1776778541.302512897] [robot_1.image_processor]: Zone=CLEAR
[image_processor-23] [INFO] [1776778541.387642032] [robot_2.image_processor]: Zone=CLEAR
[image_processor-24] [INFO] [1776778543.770004617] [robot_3.image_processor]: Zone=CLEAR
[image_processor-25] [INFO] [1776778543.776590877] [robot_4.image_processor]: Zone=CLEAR
[image_processor-23] [INFO] [1776778543.784289702] [robot_2.image_processor]: Zone=CLEAR
[image_processor-21] [INFO] [1776778543.792648624] [robot_0.image_processor]: Zone=CLEAR
[image_processor-22] [INFO] [1776778543.799841806] [robot_1.image_processor]: Zone=CLEAR
[image_processor-25] [INFO] [1776778546.280533675] [robot_4.image_processor]: Zone=CLEAR
[image_processor-23] [INFO] [1776778546.287595735] [robot_2.image_processor]: Zone=CLEAR
[image_processor-21] [INFO] [1776778546.296737415] [robot_0.image_processor]: Zone=CLEAR
[image_processor-22] [INFO] [1776778546.304280934] [robot_1.image_processor]: Zone=CLEAR
[image_processor-24] [INFO] [1776778546.371182954] [robot_3.image_processor]: Zone=CLEAR
[image_processor-24] [INFO] [1776778548.767990902] [robot_3.image_processor]: Zone=CLEAR
[image_processor-25] [INFO] [1776778548.776101023] [robot_4.image_processor]: Zone=CLEAR
[image_processor-23] [INFO] [1776778548.784475325] [robot_2.image_processor]: Zone=CLEAR
[image_processor-21] [INFO] [1776778548.793674515] [robot_0.image_processor]: Zone=CLEAR
[image_processor-22] [INFO] [1776778548.800923826] [robot_1.image_processor]: Zone=CLEAR
[image_processor-24] [INFO] [1776778551.269966065] [robot_3.image_processor]: Zone=CLEAR
[image_processor-25] [INFO] [1776778551.277664289] [robot_4.image_processor]: Zone=CLEAR
[image_processor-23] [INFO] [1776778551.285174257] [robot_2.image_processor]: Zone=CLEAR
[image_processor-21] [INFO] [1776778551.293160602] [robot_0.image_processor]: Zone=CLEAR
[image_processor-22] [INFO] [1776778551.301742369] [robot_1.image_processor]: Zone=CLEAR
[image_processor-24] [INFO] [1776778553.770476683] [robot_3.image_processor]: Zone=CLEAR
[image_processor-25] [INFO] [1776778553.782777399] [robot_4.image_processor]: Zone=CLEAR
[image_processor-23] [INFO] [1776778553.792966973] [robot_2.image_processor]: Zone=CLEAR
[image_processor-22] [INFO] [1776778553.808503841] [robot_1.image_processor]: Zone=CLEAR
[image_processor-21] [INFO] [1776778553.901442558] [robot_0.image_processor]: Zone=CLEAR
[image_processor-24] [INFO] [1776778556.273076721] [robot_3.image_processor]: Zone=CLEAR
[image_processor-25] [INFO] [1776778556.286478225] [robot_4.image_processor]: Zone=CLEAR
[image_processor-23] [INFO] [1776778556.295920263] [robot_2.image_processor]: Zone=CLEAR
[image_processor-21] [INFO] [1776778556.307354771] [robot_0.image_processor]: Zone=CLEAR
[image_processor-22] [INFO] [1776778556.316367269] [robot_1.image_processor]: Zone=CLEAR
[image_processor-24] [INFO] [1776778558.770126629] [robot_3.image_processor]: Zone=CLEAR
[image_processor-25] [INFO] [1776778558.778435219] [robot_4.image_processor]: Zone=CLEAR
[image_processor-23] [INFO] [1776778558.786106512] [robot_2.image_processor]: Zone=CLEAR
[image_processor-21] [INFO] [1776778558.795351952] [robot_0.image_processor]: Zone=CLEAR
[image_processor-22] [INFO] [1776778558.803005056] [robot_1.image_processor]: Zone=CLEAR
[image_processor-24] [INFO] [1776778561.269204899] [robot_3.image_processor]: Zone=CLEAR
[image_processor-25] [INFO] [1776778561.279800742] [robot_4.image_processor]: Zone=CLEAR
[image_processor-23] [INFO] [1776778561.287441643] [robot_2.image_processor]: Zone=CLEAR
[image_processor-21] [INFO] [1776778561.295950281] [robot_0.image_processor]: Zone=CLEAR
[image_processor-22] [INFO] [1776778561.303892001] [robot_1.image_processor]: Zone=CLEAR
[image_processor-24] [INFO] [1776778563.767485034] [robot_3.image_processor]: Zone=CLEAR
[image_processor-25] [INFO] [1776778563.776987718] [robot_4.image_processor]: Zone=CLEAR
[image_processor-23] [INFO] [1776778563.784991455] [robot_2.image_processor]: Zone=CLEAR
[image_processor-21] [INFO] [1776778563.793043206] [robot_0.image_processor]: Zone=CLEAR
[image_processor-22] [INFO] [1776778563.801929168] [robot_1.image_processor]: Zone=CLEAR
[image_processor-24] [INFO] [1776778566.269077895] [robot_3.image_processor]: Zone=CLEAR
[image_processor-25] [INFO] [1776778566.276986369] [robot_4.image_processor]: Zone=CLEAR
[image_processor-23] [INFO] [1776778566.285038617] [robot_2.image_processor]: Zone=CLEAR
[image_processor-21] [INFO] [1776778566.293505248] [robot_0.image_processor]: Zone=CLEAR
[image_processor-22] [INFO] [1776778566.301704037] [robot_1.image_processor]: Zone=CLEAR
[image_processor-24] [INFO] [1776778568.770566615] [robot_3.image_processor]: Zone=CLEAR
[image_processor-25] [INFO] [1776778568.782213292] [robot_4.image_processor]: Zone=CLEAR
[image_processor-23] [INFO] [1776778568.788738995] [robot_2.image_processor]: Zone=CLEAR
[image_processor-21] [INFO] [1776778568.795151489] [robot_0.image_processor]: Zone=CLEAR
[image_processor-22] [INFO] [1776778568.804335290] [robot_1.image_processor]: Zone=CLEAR
[image_processor-24] [INFO] [1776778571.270642638] [robot_3.image_processor]: Zone=CLEAR
[image_processor-25] [INFO] [1776778571.278142715] [robot_4.image_processor]: Zone=CLEAR
[image_processor-23] [INFO] [1776778571.286686863] [robot_2.image_processor]: Zone=CLEAR
[image_processor-21] [INFO] [1776778571.296236740] [robot_0.image_processor]: Zone=CLEAR
[image_processor-22] [INFO] [1776778571.305220005] [robot_1.image_processor]: Zone=CLEAR
[image_processor-24] [INFO] [1776778573.768662643] [robot_3.image_processor]: Zone=CLEAR
[image_processor-25] [INFO] [1776778573.778756368] [robot_4.image_processor]: Zone=CLEAR
[image_processor-23] [INFO] [1776778573.786570238] [robot_2.image_processor]: Zone=CLEAR
[image_processor-21] [INFO] [1776778573.793830447] [robot_0.image_processor]: Zone=CLEAR
[image_processor-22] [INFO] [1776778573.802812274] [robot_1.image_processor]: Zone=CLEAR
[image_processor-24] [INFO] [1776778576.268972919] [robot_3.image_processor]: Zone=CLEAR
[image_processor-25] [INFO] [1776778576.277155467] [robot_4.image_processor]: Zone=CLEAR
[image_processor-23] [INFO] [1776778576.285314050] [robot_2.image_processor]: Zone=CLEAR
[image_processor-21] [INFO] [1776778576.293738256] [robot_0.image_processor]: Zone=CLEAR
[image_processor-22] [INFO] [1776778576.301026841] [robot_1.image_processor]: Zone=CLEAR
[INFO] [image_processor-25]: sending signal 'SIGINT' to process[image_processor-25]
[ERROR] [ign gazebo-1]: process has died [pid 309155, exit code -15, cmd 'ruby /usr/bin/ign gazebo /home/ecem/ros2_ws/install/swarm_basics/share/swarm_basics/worlds/random_world.sdf -s -r --force-version 6'].
[ERROR] [parameter_bridge-4]: process has died [pid 309162, exit code -15, cmd '/opt/ros/humble/lib/ros_ign_bridge/parameter_bridge /robot_0/cmd_vel@geometry_msgs/msg/Twist]ignition.msgs.Twist /robot_0/odom@nav_msgs/msg/Odometry[ignition.msgs.Odometry /robot_0/depth_camera/depth_image@sensor_msgs/msg/Image[ignition.msgs.Image /world/random_world/model/robot_0/link/robot_0/base_footprint/sensor/contact_sensor/contact@ros_gz_interfaces/msg/Contacts[ignition.msgs.Contacts /robot_1/cmd_vel@geometry_msgs/msg/Twist]ignition.msgs.Twist /robot_1/odom@nav_msgs/msg/Odometry[ignition.msgs.Odometry /robot_1/depth_camera/depth_image@sensor_msgs/msg/Image[ignition.msgs.Image /world/random_world/model/robot_1/link/robot_1/base_footprint/sensor/contact_sensor/contact@ros_gz_interfaces/msg/Contacts[ignition.msgs.Contacts /robot_2/cmd_vel@geometry_msgs/msg/Twist]ignition.msgs.Twist /robot_2/odom@nav_msgs/msg/Odometry[ignition.msgs.Odometry /robot_2/depth_camera/depth_image@sensor_msgs/msg/Image[ignition.msgs.Image /world/random_world/model/robot_2/link/robot_2/base_footprint/sensor/contact_sensor/contact@ros_gz_interfaces/msg/Contacts[ignition.msgs.Contacts /robot_3/cmd_vel@geometry_msgs/msg/Twist]ignition.msgs.Twist /robot_3/odom@nav_msgs/msg/Odometry[ignition.msgs.Odometry /robot_3/depth_camera/depth_image@sensor_msgs/msg/Image[ignition.msgs.Image /world/random_world/model/robot_3/link/robot_3/base_footprint/sensor/contact_sensor/contact@ros_gz_interfaces/msg/Contacts[ignition.msgs.Contacts /robot_4/cmd_vel@geometry_msgs/msg/Twist]ignition.msgs.Twist /robot_4/odom@nav_msgs/msg/Odometry[ignition.msgs.Odometry /robot_4/depth_camera/depth_image@sensor_msgs/msg/Image[ignition.msgs.Image /world/random_world/model/robot_4/link/robot_4/base_footprint/sensor/contact_sensor/contact@ros_gz_interfaces/msg/Contacts[ignition.msgs.Contacts /world/random_world/dynamic_pose/info@tf2_msgs/msg/TFMessage[ignition.msgs.Pose_V --ros-args -r __node:=all_robots_bridge --params-file /tmp/launch_params_h02ci25r'].
[INFO] [parameter_bridge-20]: process has finished cleanly [pid 309203]
[INFO] [image_processor-24]: sending signal 'SIGINT' to process[image_processor-24]
[INFO] [bash-26]: process started with pid [309768]
[INFO] [image_processor-23]: sending signal 'SIGINT' to process[image_processor-23]
[INFO] [image_processor-22]: sending signal 'SIGINT' to process[image_processor-22]
[INFO] [image_processor-21]: sending signal 'SIGINT' to process[image_processor-21]
[INFO] [robot_supervisor-19]: sending signal 'SIGINT' to process[robot_supervisor-19]
[INFO] [robot_state_publisher-17]: sending signal 'SIGINT' to process[robot_state_publisher-17]
[INFO] [robot_supervisor-16]: sending signal 'SIGINT' to process[robot_supervisor-16]
[INFO] [robot_state_publisher-14]: sending signal 'SIGINT' to process[robot_state_publisher-14]
[INFO] [robot_supervisor-13]: sending signal 'SIGINT' to process[robot_supervisor-13]
[ERROR] [bash-26]: process has died [pid 309768, exit code -15, cmd 'bash -lc pkill -f parameter_bridge || true'].
[INFO] [robot_state_publisher-11]: sending signal 'SIGINT' to process[robot_state_publisher-11]
[INFO] [robot_supervisor-10]: sending signal 'SIGINT' to process[robot_supervisor-10]
[INFO] [robot_state_publisher-8]: sending signal 'SIGINT' to process[robot_state_publisher-8]
[INFO] [robot_supervisor-7]: sending signal 'SIGINT' to process[robot_supervisor-7]
[INFO] [robot_state_publisher-5]: sending signal 'SIGINT' to process[robot_state_publisher-5]
[INFO] [bump_counter-3]: sending signal 'SIGINT' to process[bump_counter-3]
[INFO] [coverage_counter-2]: sending signal 'SIGINT' to process[coverage_counter-2]
[parameter_bridge-20] [INFO] [1776778578.268572722] [rclcpp]: signal_handler(SIGINT/SIGTERM)
[parameter_bridge-4] [INFO] [1776778578.268680715] [rclcpp]: signal_handler(SIGINT/SIGTERM)
[INFO] [launch]: process[ign gazebo-1] was required: shutting down launched system
[image_processor-25] [INFO] [1776778578.950918935] [rclcpp]: signal_handler(SIGINT/SIGTERM)
[image_processor-24] [INFO] [1776778578.956020041] [rclcpp]: signal_handler(SIGINT/SIGTERM)
[image_processor-23] [INFO] [1776778578.959684460] [rclcpp]: signal_handler(SIGINT/SIGTERM)
[image_processor-22] [INFO] [1776778578.963340667] [rclcpp]: signal_handler(SIGINT/SIGTERM)
[image_processor-21] [INFO] [1776778578.965610294] [rclcpp]: signal_handler(SIGINT/SIGTERM)
[robot_supervisor-19] Traceback (most recent call last):
[robot_supervisor-19]   File "/home/ecem/ros2_ws/install/swarm_basics/lib/swarm_basics/robot_supervisor", line 33, in <module>
[robot_supervisor-19]     sys.exit(load_entry_point('swarm-basics==0.0.0', 'console_scripts', 'robot_supervisor')())
[robot_supervisor-19]   File "/home/ecem/ros2_ws/install/swarm_basics/lib/python3.10/site-packages/swarm_basics/robot_supervisor.py", line 867, in main
[robot_supervisor-19]     rclpy.spin(node)
[robot_supervisor-19]   File "/opt/ros/humble/local/lib/python3.10/dist-packages/rclpy/__init__.py", line 229, in spin
[robot_supervisor-19]     executor.spin_once()
[robot_supervisor-19]   File "/opt/ros/humble/local/lib/python3.10/dist-packages/rclpy/executors.py", line 773, in spin_once
[robot_supervisor-19]     self._spin_once_impl(timeout_sec)
[robot_supervisor-19]   File "/opt/ros/humble/local/lib/python3.10/dist-packages/rclpy/executors.py", line 762, in _spin_once_impl
[robot_supervisor-19]     handler, entity, node = self.wait_for_ready_callbacks(timeout_sec=timeout_sec)
[robot_supervisor-19]   File "/opt/ros/humble/local/lib/python3.10/dist-packages/rclpy/executors.py", line 745, in wait_for_ready_callbacks
[robot_supervisor-19]     return next(self._cb_iter)
[robot_supervisor-19]   File "/opt/ros/humble/local/lib/python3.10/dist-packages/rclpy/executors.py", line 642, in _wait_for_ready_callbacks
[robot_supervisor-19]     wait_set.wait(timeout_nsec)
[robot_supervisor-19] KeyboardInterrupt
[robot_state_publisher-17] [INFO] [1776778578.972550928] [rclcpp]: signal_handler(SIGINT/SIGTERM)
[robot_supervisor-16] Traceback (most recent call last):
[robot_supervisor-16]   File "/home/ecem/ros2_ws/install/swarm_basics/lib/swarm_basics/robot_supervisor", line 33, in <module>
[robot_supervisor-16]     sys.exit(load_entry_point('swarm-basics==0.0.0', 'console_scripts', 'robot_supervisor')())
[robot_supervisor-16]   File "/home/ecem/ros2_ws/install/swarm_basics/lib/python3.10/site-packages/swarm_basics/robot_supervisor.py", line 867, in main
[robot_supervisor-16]     rclpy.spin(node)
[robot_supervisor-16]   File "/opt/ros/humble/local/lib/python3.10/dist-packages/rclpy/__init__.py", line 229, in spin
[robot_supervisor-16]     executor.spin_once()
[robot_supervisor-16]   File "/opt/ros/humble/local/lib/python3.10/dist-packages/rclpy/executors.py", line 773, in spin_once
[robot_supervisor-16]     self._spin_once_impl(timeout_sec)
[robot_supervisor-16]   File "/opt/ros/humble/local/lib/python3.10/dist-packages/rclpy/executors.py", line 762, in _spin_once_impl
[robot_supervisor-16]     handler, entity, node = self.wait_for_ready_callbacks(timeout_sec=timeout_sec)
[robot_supervisor-16]   File "/opt/ros/humble/local/lib/python3.10/dist-packages/rclpy/executors.py", line 745, in wait_for_ready_callbacks
[robot_supervisor-16]     return next(self._cb_iter)
[robot_supervisor-16]   File "/opt/ros/humble/local/lib/python3.10/dist-packages/rclpy/executors.py", line 642, in _wait_for_ready_callbacks
[robot_supervisor-16]     wait_set.wait(timeout_nsec)
[robot_supervisor-16] KeyboardInterrupt
[robot_state_publisher-14] [INFO] [1776778578.977404220] [rclcpp]: signal_handler(SIGINT/SIGTERM)
[robot_supervisor-13] Traceback (most recent call last):
[robot_supervisor-13]   File "/home/ecem/ros2_ws/install/swarm_basics/lib/swarm_basics/robot_supervisor", line 33, in <module>
[robot_supervisor-13]     sys.exit(load_entry_point('swarm-basics==0.0.0', 'console_scripts', 'robot_supervisor')())
[robot_supervisor-13]   File "/home/ecem/ros2_ws/install/swarm_basics/lib/python3.10/site-packages/swarm_basics/robot_supervisor.py", line 867, in main
[robot_supervisor-13]     rclpy.spin(node)
[robot_supervisor-13]   File "/opt/ros/humble/local/lib/python3.10/dist-packages/rclpy/__init__.py", line 229, in spin
[robot_supervisor-13]     executor.spin_once()
[robot_supervisor-13]   File "/opt/ros/humble/local/lib/python3.10/dist-packages/rclpy/executors.py", line 773, in spin_once
[robot_supervisor-13]     self._spin_once_impl(timeout_sec)
[robot_supervisor-13]   File "/opt/ros/humble/local/lib/python3.10/dist-packages/rclpy/executors.py", line 762, in _spin_once_impl
[robot_supervisor-13]     handler, entity, node = self.wait_for_ready_callbacks(timeout_sec=timeout_sec)
[robot_supervisor-13]   File "/opt/ros/humble/local/lib/python3.10/dist-packages/rclpy/executors.py", line 745, in wait_for_ready_callbacks
[robot_supervisor-13]     return next(self._cb_iter)
[robot_supervisor-13]   File "/opt/ros/humble/local/lib/python3.10/dist-packages/rclpy/executors.py", line 642, in _wait_for_ready_callbacks
[robot_supervisor-13]     wait_set.wait(timeout_nsec)
[robot_supervisor-13] KeyboardInterrupt
[robot_state_publisher-11] [INFO] [1776778578.982213138] [rclcpp]: signal_handler(SIGINT/SIGTERM)
[robot_supervisor-10] Traceback (most recent call last):
[robot_supervisor-10]   File "/home/ecem/ros2_ws/install/swarm_basics/lib/swarm_basics/robot_supervisor", line 33, in <module>
[robot_supervisor-10]     sys.exit(load_entry_point('swarm-basics==0.0.0', 'console_scripts', 'robot_supervisor')())
[robot_supervisor-10]   File "/home/ecem/ros2_ws/install/swarm_basics/lib/python3.10/site-packages/swarm_basics/robot_supervisor.py", line 867, in main
[robot_supervisor-10]     rclpy.spin(node)
[robot_supervisor-10]   File "/opt/ros/humble/local/lib/python3.10/dist-packages/rclpy/__init__.py", line 229, in spin
[robot_supervisor-10]     executor.spin_once()
[robot_supervisor-10]   File "/opt/ros/humble/local/lib/python3.10/dist-packages/rclpy/executors.py", line 773, in spin_once
[robot_supervisor-10]     self._spin_once_impl(timeout_sec)
[robot_supervisor-10]   File "/opt/ros/humble/local/lib/python3.10/dist-packages/rclpy/executors.py", line 762, in _spin_once_impl
[robot_supervisor-10]     handler, entity, node = self.wait_for_ready_callbacks(timeout_sec=timeout_sec)
[robot_supervisor-10]   File "/opt/ros/humble/local/lib/python3.10/dist-packages/rclpy/executors.py", line 745, in wait_for_ready_callbacks
[robot_supervisor-10]     return next(self._cb_iter)
[robot_supervisor-10]   File "/opt/ros/humble/local/lib/python3.10/dist-packages/rclpy/executors.py", line 642, in _wait_for_ready_callbacks
[robot_supervisor-10]     wait_set.wait(timeout_nsec)
[robot_supervisor-10] KeyboardInterrupt
[robot_state_publisher-8] [INFO] [1776778578.986895819] [rclcpp]: signal_handler(SIGINT/SIGTERM)
[robot_supervisor-7] Traceback (most recent call last):
[robot_supervisor-7]   File "/home/ecem/ros2_ws/install/swarm_basics/lib/swarm_basics/robot_supervisor", line 33, in <module>
[robot_supervisor-7]     sys.exit(load_entry_point('swarm-basics==0.0.0', 'console_scripts', 'robot_supervisor')())
[robot_supervisor-7]   File "/home/ecem/ros2_ws/install/swarm_basics/lib/python3.10/site-packages/swarm_basics/robot_supervisor.py", line 867, in main
[robot_supervisor-7]     rclpy.spin(node)
[robot_supervisor-7]   File "/opt/ros/humble/local/lib/python3.10/dist-packages/rclpy/__init__.py", line 229, in spin
[robot_supervisor-7]     executor.spin_once()
[robot_supervisor-7]   File "/opt/ros/humble/local/lib/python3.10/dist-packages/rclpy/executors.py", line 773, in spin_once
[robot_supervisor-7]     self._spin_once_impl(timeout_sec)
[robot_supervisor-7]   File "/opt/ros/humble/local/lib/python3.10/dist-packages/rclpy/executors.py", line 762, in _spin_once_impl
[robot_supervisor-7]     handler, entity, node = self.wait_for_ready_callbacks(timeout_sec=timeout_sec)
[robot_supervisor-7]   File "/opt/ros/humble/local/lib/python3.10/dist-packages/rclpy/executors.py", line 745, in wait_for_ready_callbacks
[robot_supervisor-7]     return next(self._cb_iter)
[robot_supervisor-7]   File "/opt/ros/humble/local/lib/python3.10/dist-packages/rclpy/executors.py", line 642, in _wait_for_ready_callbacks
[robot_supervisor-7]     wait_set.wait(timeout_nsec)
[robot_supervisor-7] KeyboardInterrupt
[robot_state_publisher-5] [INFO] [1776778578.991408080] [rclcpp]: signal_handler(SIGINT/SIGTERM)
[ERROR] [launch]: Caught exception in launch (see debug for traceback): ExecuteLocal action 'bash-27': executed more than once: <launch.actions.execute_process.ExecuteProcess object at 0x794f30ff0880>
[INFO] [image_processor-25]: process has finished cleanly [pid 309560]
[INFO] [image_processor-24]: process has finished cleanly [pid 309558]
[INFO] [image_processor-23]: process has finished cleanly [pid 309556]
[INFO] [image_processor-22]: process has finished cleanly [pid 309554]
[INFO] [image_processor-21]: process has finished cleanly [pid 309552]
[INFO] [robot_state_publisher-17]: process has finished cleanly [pid 309191]
[INFO] [robot_state_publisher-14]: process has finished cleanly [pid 309184]
[INFO] [robot_state_publisher-11]: process has finished cleanly [pid 309178]
[INFO] [robot_state_publisher-8]: process has finished cleanly [pid 309170]
[INFO] [robot_state_publisher-5]: process has finished cleanly [pid 309164]
[coverage_counter-2] Traceback (most recent call last):
[coverage_counter-2]   File "/home/ecem/ros2_ws/install/swarm_basics/lib/python3.10/site-packages/swarm_basics/coverage_counter.py", line 418, in main
[coverage_counter-2]     rclpy.spin(node)
[coverage_counter-2]   File "/opt/ros/humble/local/lib/python3.10/dist-packages/rclpy/__init__.py", line 229, in spin
[coverage_counter-2]     executor.spin_once()
[coverage_counter-2]   File "/opt/ros/humble/local/lib/python3.10/dist-packages/rclpy/executors.py", line 773, in spin_once
[coverage_counter-2]     self._spin_once_impl(timeout_sec)
[coverage_counter-2]   File "/opt/ros/humble/local/lib/python3.10/dist-packages/rclpy/executors.py", line 768, in _spin_once_impl
[coverage_counter-2]     handler()
[coverage_counter-2]   File "/opt/ros/humble/local/lib/python3.10/dist-packages/rclpy/task.py", line 254, in __call__
[coverage_counter-2]     self._handler.send(None)
[coverage_counter-2]   File "/opt/ros/humble/local/lib/python3.10/dist-packages/rclpy/executors.py", line 463, in handler
[coverage_counter-2]     await call_coroutine(entity, arg)
[coverage_counter-2]   File "/opt/ros/humble/local/lib/python3.10/dist-packages/rclpy/executors.py", line 371, in _execute_timer
[coverage_counter-2]     await await_or_execute(tmr.callback)
[coverage_counter-2]   File "/opt/ros/humble/local/lib/python3.10/dist-packages/rclpy/executors.py", line 107, in await_or_execute
[coverage_counter-2]     return callback(*args)
[coverage_counter-2]   File "/home/ecem/ros2_ws/install/swarm_basics/lib/python3.10/site-packages/swarm_basics/coverage_counter.py", line 152, in _on_timeout_timer
[coverage_counter-2]     self.shutdown_and_save()
[coverage_counter-2]   File "/home/ecem/ros2_ws/install/swarm_basics/lib/python3.10/site-packages/swarm_basics/coverage_counter.py", line 174, in shutdown_and_save
[coverage_counter-2]     rclpy.shutdown()
[coverage_counter-2]   File "/opt/ros/humble/local/lib/python3.10/dist-packages/rclpy/__init__.py", line 130, in shutdown
[coverage_counter-2]     _shutdown(context=context)
[coverage_counter-2]   File "/opt/ros/humble/local/lib/python3.10/dist-packages/rclpy/utilities.py", line 58, in shutdown
[coverage_counter-2]     return context.shutdown()
[coverage_counter-2]   File "/opt/ros/humble/local/lib/python3.10/dist-packages/rclpy/context.py", line 103, in shutdown
[coverage_counter-2]     self._call_on_shutdown_callbacks()
[coverage_counter-2]   File "/opt/ros/humble/local/lib/python3.10/dist-packages/rclpy/context.py", line 92, in _call_on_shutdown_callbacks
[coverage_counter-2]     callback = weak_method()
[coverage_counter-2]   File "/opt/ros/humble/local/lib/python3.10/dist-packages/rclpy/__init__.py", line 111, in reset_executor
[coverage_counter-2]     __executor.shutdown()
[coverage_counter-2]   File "/opt/ros/humble/local/lib/python3.10/dist-packages/rclpy/executors.py", line 227, in shutdown
[coverage_counter-2]     if not self._work_tracker.wait(timeout_sec):
[coverage_counter-2]   File "/opt/ros/humble/local/lib/python3.10/dist-packages/rclpy/executors.py", line 94, in wait
[coverage_counter-2]     if not self._work_condition.wait_for(
[coverage_counter-2]   File "/usr/lib/python3.10/threading.py", line 355, in wait_for
[coverage_counter-2]     self.wait(waittime)
[coverage_counter-2]   File "/usr/lib/python3.10/threading.py", line 320, in wait
[coverage_counter-2]     waiter.acquire()
[coverage_counter-2] KeyboardInterrupt
[coverage_counter-2] 
[coverage_counter-2] During handling of the above exception, another exception occurred:
[coverage_counter-2] 
[coverage_counter-2] Traceback (most recent call last):
[coverage_counter-2]   File "/home/ecem/ros2_ws/install/swarm_basics/lib/swarm_basics/coverage_counter", line 33, in <module>
[coverage_counter-2]     sys.exit(load_entry_point('swarm-basics==0.0.0', 'console_scripts', 'coverage_counter')())
[coverage_counter-2]   File "/home/ecem/ros2_ws/install/swarm_basics/lib/python3.10/site-packages/swarm_basics/coverage_counter.py", line 421, in main
[coverage_counter-2]     node.shutdown_and_save()
[coverage_counter-2]   File "/home/ecem/ros2_ws/install/swarm_basics/lib/python3.10/site-packages/swarm_basics/coverage_counter.py", line 174, in shutdown_and_save
[coverage_counter-2]     rclpy.shutdown()
[coverage_counter-2]   File "/opt/ros/humble/local/lib/python3.10/dist-packages/rclpy/__init__.py", line 130, in shutdown
[coverage_counter-2]     _shutdown(context=context)
[coverage_counter-2]   File "/opt/ros/humble/local/lib/python3.10/dist-packages/rclpy/utilities.py", line 58, in shutdown
[coverage_counter-2]     return context.shutdown()
[coverage_counter-2]   File "/opt/ros/humble/local/lib/python3.10/dist-packages/rclpy/context.py", line 100, in shutdown
[coverage_counter-2]     raise RuntimeError('Context must be initialized before it can be shutdown')
[coverage_counter-2] RuntimeError: Context must be initialized before it can be shutdown
[bump_counter-3] Traceback (most recent call last):
[bump_counter-3]   File "/home/ecem/ros2_ws/install/swarm_basics/lib/swarm_basics/bump_counter", line 33, in <module>
[bump_counter-3]     sys.exit(load_entry_point('swarm-basics==0.0.0', 'console_scripts', 'bump_counter')())
[bump_counter-3]   File "/home/ecem/ros2_ws/install/swarm_basics/lib/python3.10/site-packages/swarm_basics/bump_counter.py", line 384, in main
[bump_counter-3]     rclpy.shutdown()
[bump_counter-3]   File "/opt/ros/humble/local/lib/python3.10/dist-packages/rclpy/__init__.py", line 130, in shutdown
[bump_counter-3]     _shutdown(context=context)
[bump_counter-3]   File "/opt/ros/humble/local/lib/python3.10/dist-packages/rclpy/utilities.py", line 58, in shutdown
[bump_counter-3]     return context.shutdown()
[bump_counter-3]   File "/opt/ros/humble/local/lib/python3.10/dist-packages/rclpy/context.py", line 102, in shutdown
[bump_counter-3]     self.__context.shutdown()
[bump_counter-3] rclpy._rclpy_pybind11.RCLError: failed to shutdown: rcl_shutdown already called on the given context, at ./src/rcl/init.c:241
[ERROR] [coverage_counter-2]: process has died [pid 309157, exit code 1, cmd '/home/ecem/ros2_ws/install/swarm_basics/lib/swarm_basics/coverage_counter --ros-args -r __node:=coverage_counter --params-file /tmp/launch_params_lc44p34s --params-file /tmp/launch_params_asn6oio4 --params-file /tmp/launch_params_wt7ilamh --params-file /tmp/launch_params_7op_k4gp --params-file /tmp/launch_params_g1xnkj74 --params-file /tmp/launch_params_r8umysat'].
[ERROR] [bump_counter-3]: process has died [pid 309160, exit code 1, cmd '/home/ecem/ros2_ws/install/swarm_basics/lib/swarm_basics/bump_counter --ros-args -r __node:=bump_counter --params-file /tmp/launch_params_vrw0haow --params-file /tmp/launch_params_uxucxwvi --params-file /tmp/launch_params_iqbqt401'].
[ERROR] [robot_supervisor-19]: process has died [pid 309201, exit code -2, cmd '/home/ecem/ros2_ws/install/swarm_basics/lib/swarm_basics/robot_supervisor --ros-args -r __node:=robot_supervisor -r __ns:=/robot_4 --params-file /tmp/launch_params_x937rutu --params-file /tmp/launch_params_lmb8l32r --params-file /tmp/launch_params_07ap9mva --params-file /tmp/launch_params_mctg_v9r'].
[ERROR] [robot_supervisor-10]: process has died [pid 309175, exit code -2, cmd '/home/ecem/ros2_ws/install/swarm_basics/lib/swarm_basics/robot_supervisor --ros-args -r __node:=robot_supervisor -r __ns:=/robot_1 --params-file /tmp/launch_params_isovwzwh --params-file /tmp/launch_params_not5qd0c --params-file /tmp/launch_params_kfc_ulrz --params-file /tmp/launch_params_7nbgqsb8'].
[ERROR] [robot_supervisor-7]: process has died [pid 309168, exit code -2, cmd '/home/ecem/ros2_ws/install/swarm_basics/lib/swarm_basics/robot_supervisor --ros-args -r __node:=robot_supervisor -r __ns:=/robot_0 --params-file /tmp/launch_params_73xwa4_8 --params-file /tmp/launch_params_69eaxbsz --params-file /tmp/launch_params_35i_u0r_ --params-file /tmp/launch_params_1j9i_p4_'].
[ERROR] [robot_supervisor-16]: process has died [pid 309189, exit code -2, cmd '/home/ecem/ros2_ws/install/swarm_basics/lib/swarm_basics/robot_supervisor --ros-args -r __node:=robot_supervisor -r __ns:=/robot_3 --params-file /tmp/launch_params_rw_guxy0 --params-file /tmp/launch_params_bmeqzps9 --params-file /tmp/launch_params_f6j4oi5j --params-file /tmp/launch_params_vneufw9h'].
[ERROR] [robot_supervisor-13]: process has died [pid 309182, exit code -2, cmd '/home/ecem/ros2_ws/install/swarm_basics/lib/swarm_basics/robot_supervisor --ros-args -r __node:=robot_supervisor -r __ns:=/robot_2 --params-file /tmp/launch_params__9hep_25 --params-file /tmp/launch_params_3yrqpjvi --params-file /tmp/launch_params_aza783mq --params-file /tmp/launch_params_creykut2'].
