[INFO] [launch]: All log files can be found below /home/ecem/.ros/log/2026-04-20-17-30-11-002532-ecem-pc-22989
[INFO] [launch]: Default logging verbosity is set to INFO
[INFO] [ign gazebo-1]: process started with pid [23005]
[INFO] [coverage_counter-2]: process started with pid [23007]
[INFO] [bump_counter-3]: process started with pid [23010]
[INFO] [parameter_bridge-4]: process started with pid [23012]
[INFO] [robot_state_publisher-5]: process started with pid [23014]
[INFO] [create-6]: process started with pid [23016]
[INFO] [robot_supervisor-7]: process started with pid [23018]
[INFO] [robot_state_publisher-8]: process started with pid [23020]
[INFO] [create-9]: process started with pid [23022]
[INFO] [robot_supervisor-10]: process started with pid [23025]
[INFO] [robot_state_publisher-11]: process started with pid [23028]
[INFO] [create-12]: process started with pid [23030]
[INFO] [robot_supervisor-13]: process started with pid [23032]
[INFO] [robot_state_publisher-14]: process started with pid [23034]
[INFO] [create-15]: process started with pid [23036]
[INFO] [robot_supervisor-16]: process started with pid [23038]
[INFO] [robot_state_publisher-17]: process started with pid [23040]
[INFO] [create-18]: process started with pid [23047]
[INFO] [robot_supervisor-19]: process started with pid [23049]
[INFO] [parameter_bridge-20]: process started with pid [23051]
[parameter_bridge-4] [ros_ign_bridge] is deprecated! Redirecting to use [ros_gz_bridge] instead!
[parameter_bridge-4] 
[create-9] [INFO] [1776699011.450832785] [robot_1.ros_gz_sim]: Requesting list of world names.
[create-6] [INFO] [1776699011.450851540] [robot_0.ros_gz_sim]: Requesting list of world names.
[create-12] [INFO] [1776699011.451100366] [robot_2.ros_gz_sim]: Requesting list of world names.
[create-15] [INFO] [1776699011.458031263] [robot_3.ros_gz_sim]: Requesting list of world names.
[robot_state_publisher-11] [INFO] [1776699011.467328252] [robot_2.robot_state_publisher]: got segment robot_2/antenna_link
[robot_state_publisher-11] [INFO] [1776699011.467415495] [robot_2.robot_state_publisher]: got segment robot_2/base_footprint
[robot_state_publisher-11] [INFO] [1776699011.467423044] [robot_2.robot_state_publisher]: got segment robot_2/base_link
[robot_state_publisher-11] [INFO] [1776699011.467427919] [robot_2.robot_state_publisher]: got segment robot_2/realsense_link
[robot_state_publisher-11] [INFO] [1776699011.467431892] [robot_2.robot_state_publisher]: got segment robot_2/rocker_L_link
[robot_state_publisher-11] [INFO] [1776699011.467435417] [robot_2.robot_state_publisher]: got segment robot_2/rocker_R_link
[robot_state_publisher-11] [INFO] [1776699011.467438992] [robot_2.robot_state_publisher]: got segment robot_2/wheel_FL_link
[robot_state_publisher-11] [INFO] [1776699011.467442522] [robot_2.robot_state_publisher]: got segment robot_2/wheel_FR_link
[robot_state_publisher-11] [INFO] [1776699011.467445906] [robot_2.robot_state_publisher]: got segment robot_2/wheel_RL_link
[robot_state_publisher-11] [INFO] [1776699011.467449236] [robot_2.robot_state_publisher]: got segment robot_2/wheel_RR_link
[robot_state_publisher-14] [INFO] [1776699011.468646994] [robot_3.robot_state_publisher]: got segment robot_3/antenna_link
[robot_state_publisher-14] [INFO] [1776699011.468762210] [robot_3.robot_state_publisher]: got segment robot_3/base_footprint
[robot_state_publisher-14] [INFO] [1776699011.468778209] [robot_3.robot_state_publisher]: got segment robot_3/base_link
[robot_state_publisher-14] [INFO] [1776699011.468788050] [robot_3.robot_state_publisher]: got segment robot_3/realsense_link
[robot_state_publisher-14] [INFO] [1776699011.468796614] [robot_3.robot_state_publisher]: got segment robot_3/rocker_L_link
[robot_state_publisher-14] [INFO] [1776699011.468804457] [robot_3.robot_state_publisher]: got segment robot_3/rocker_R_link
[robot_state_publisher-14] [INFO] [1776699011.468812263] [robot_3.robot_state_publisher]: got segment robot_3/wheel_FL_link
[robot_state_publisher-14] [INFO] [1776699011.468820086] [robot_3.robot_state_publisher]: got segment robot_3/wheel_FR_link
[robot_state_publisher-14] [INFO] [1776699011.468827770] [robot_3.robot_state_publisher]: got segment robot_3/wheel_RL_link
[robot_state_publisher-14] [INFO] [1776699011.468835243] [robot_3.robot_state_publisher]: got segment robot_3/wheel_RR_link
[robot_state_publisher-5] [INFO] [1776699011.473957728] [robot_0.robot_state_publisher]: got segment robot_0/antenna_link
[robot_state_publisher-5] [INFO] [1776699011.474102926] [robot_0.robot_state_publisher]: got segment robot_0/base_footprint
[robot_state_publisher-5] [INFO] [1776699011.474118384] [robot_0.robot_state_publisher]: got segment robot_0/base_link
[robot_state_publisher-5] [INFO] [1776699011.474128621] [robot_0.robot_state_publisher]: got segment robot_0/realsense_link
[robot_state_publisher-5] [INFO] [1776699011.474139033] [robot_0.robot_state_publisher]: got segment robot_0/rocker_L_link
[robot_state_publisher-5] [INFO] [1776699011.474147516] [robot_0.robot_state_publisher]: got segment robot_0/rocker_R_link
[robot_state_publisher-5] [INFO] [1776699011.474155706] [robot_0.robot_state_publisher]: got segment robot_0/wheel_FL_link
[robot_state_publisher-5] [INFO] [1776699011.474164024] [robot_0.robot_state_publisher]: got segment robot_0/wheel_FR_link
[robot_state_publisher-5] [INFO] [1776699011.474171987] [robot_0.robot_state_publisher]: got segment robot_0/wheel_RL_link
[robot_state_publisher-5] [INFO] [1776699011.474179592] [robot_0.robot_state_publisher]: got segment robot_0/wheel_RR_link
[robot_state_publisher-8] [INFO] [1776699011.475740321] [robot_1.robot_state_publisher]: got segment robot_1/antenna_link
[robot_state_publisher-8] [INFO] [1776699011.475853185] [robot_1.robot_state_publisher]: got segment robot_1/base_footprint
[robot_state_publisher-8] [INFO] [1776699011.475867410] [robot_1.robot_state_publisher]: got segment robot_1/base_link
[robot_state_publisher-8] [INFO] [1776699011.475877755] [robot_1.robot_state_publisher]: got segment robot_1/realsense_link
[robot_state_publisher-8] [INFO] [1776699011.475886273] [robot_1.robot_state_publisher]: got segment robot_1/rocker_L_link
[robot_state_publisher-8] [INFO] [1776699011.475894256] [robot_1.robot_state_publisher]: got segment robot_1/rocker_R_link
[robot_state_publisher-8] [INFO] [1776699011.475902014] [robot_1.robot_state_publisher]: got segment robot_1/wheel_FL_link
[robot_state_publisher-8] [INFO] [1776699011.475909394] [robot_1.robot_state_publisher]: got segment robot_1/wheel_FR_link
[robot_state_publisher-8] [INFO] [1776699011.475916701] [robot_1.robot_state_publisher]: got segment robot_1/wheel_RL_link
[robot_state_publisher-8] [INFO] [1776699011.475924154] [robot_1.robot_state_publisher]: got segment robot_1/wheel_RR_link
[robot_state_publisher-17] [INFO] [1776699011.481886846] [robot_4.robot_state_publisher]: got segment robot_4/antenna_link
[robot_state_publisher-17] [INFO] [1776699011.482018211] [robot_4.robot_state_publisher]: got segment robot_4/base_footprint
[robot_state_publisher-17] [INFO] [1776699011.482034959] [robot_4.robot_state_publisher]: got segment robot_4/base_link
[robot_state_publisher-17] [INFO] [1776699011.482045467] [robot_4.robot_state_publisher]: got segment robot_4/realsense_link
[robot_state_publisher-17] [INFO] [1776699011.482053681] [robot_4.robot_state_publisher]: got segment robot_4/rocker_L_link
[robot_state_publisher-17] [INFO] [1776699011.482061739] [robot_4.robot_state_publisher]: got segment robot_4/rocker_R_link
[robot_state_publisher-17] [INFO] [1776699011.482069991] [robot_4.robot_state_publisher]: got segment robot_4/wheel_FL_link
[robot_state_publisher-17] [INFO] [1776699011.482077812] [robot_4.robot_state_publisher]: got segment robot_4/wheel_FR_link
[robot_state_publisher-17] [INFO] [1776699011.482085155] [robot_4.robot_state_publisher]: got segment robot_4/wheel_RL_link
[robot_state_publisher-17] [INFO] [1776699011.482092615] [robot_4.robot_state_publisher]: got segment robot_4/wheel_RR_link
[create-18] [INFO] [1776699011.482464736] [robot_4.ros_gz_sim]: Requesting list of world names.
[parameter_bridge-4] [INFO] [1776699011.483016498] [all_robots_bridge]: Creating ROS->GZ Bridge: [/robot_0/cmd_vel (geometry_msgs/msg/Twist) -> /robot_0/cmd_vel (ignition.msgs.Twist)] (Lazy 0)
[parameter_bridge-4] [INFO] [1776699011.484962402] [all_robots_bridge]: Creating GZ->ROS Bridge: [/robot_0/odom (ignition.msgs.Odometry) -> /robot_0/odom (nav_msgs/msg/Odometry)] (Lazy 0)
[parameter_bridge-4] [INFO] [1776699011.485899240] [all_robots_bridge]: Creating GZ->ROS Bridge: [/robot_0/depth_camera/depth_image (ignition.msgs.Image) -> /robot_0/depth_camera/depth_image (sensor_msgs/msg/Image)] (Lazy 0)
[parameter_bridge-4] [INFO] [1776699011.488246713] [all_robots_bridge]: Creating GZ->ROS Bridge: [/world/random_world/model/robot_0/link/robot_0/base_footprint/sensor/contact_sensor/contact (ignition.msgs.Contacts) -> /world/random_world/model/robot_0/link/robot_0/base_footprint/sensor/contact_sensor/contact (ros_gz_interfaces/msg/Contacts)] (Lazy 0)
[parameter_bridge-4] [INFO] [1776699011.489398688] [all_robots_bridge]: Creating ROS->GZ Bridge: [/robot_1/cmd_vel (geometry_msgs/msg/Twist) -> /robot_1/cmd_vel (ignition.msgs.Twist)] (Lazy 0)
[parameter_bridge-4] [INFO] [1776699011.489794394] [all_robots_bridge]: Creating GZ->ROS Bridge: [/robot_1/odom (ignition.msgs.Odometry) -> /robot_1/odom (nav_msgs/msg/Odometry)] (Lazy 0)
[parameter_bridge-4] [INFO] [1776699011.490439975] [all_robots_bridge]: Creating GZ->ROS Bridge: [/robot_1/depth_camera/depth_image (ignition.msgs.Image) -> /robot_1/depth_camera/depth_image (sensor_msgs/msg/Image)] (Lazy 0)
[parameter_bridge-4] [INFO] [1776699011.490946453] [all_robots_bridge]: Creating GZ->ROS Bridge: [/world/random_world/model/robot_1/link/robot_1/base_footprint/sensor/contact_sensor/contact (ignition.msgs.Contacts) -> /world/random_world/model/robot_1/link/robot_1/base_footprint/sensor/contact_sensor/contact (ros_gz_interfaces/msg/Contacts)] (Lazy 0)
[parameter_bridge-4] [INFO] [1776699011.491694539] [all_robots_bridge]: Creating ROS->GZ Bridge: [/robot_2/cmd_vel (geometry_msgs/msg/Twist) -> /robot_2/cmd_vel (ignition.msgs.Twist)] (Lazy 0)
[parameter_bridge-4] [INFO] [1776699011.492247861] [all_robots_bridge]: Creating GZ->ROS Bridge: [/robot_2/odom (ignition.msgs.Odometry) -> /robot_2/odom (nav_msgs/msg/Odometry)] (Lazy 0)
[parameter_bridge-4] [INFO] [1776699011.492902663] [all_robots_bridge]: Creating GZ->ROS Bridge: [/robot_2/depth_camera/depth_image (ignition.msgs.Image) -> /robot_2/depth_camera/depth_image (sensor_msgs/msg/Image)] (Lazy 0)
[parameter_bridge-4] [INFO] [1776699011.493412358] [all_robots_bridge]: Creating GZ->ROS Bridge: [/world/random_world/model/robot_2/link/robot_2/base_footprint/sensor/contact_sensor/contact (ignition.msgs.Contacts) -> /world/random_world/model/robot_2/link/robot_2/base_footprint/sensor/contact_sensor/contact (ros_gz_interfaces/msg/Contacts)] (Lazy 0)
[parameter_bridge-4] [INFO] [1776699011.494005044] [all_robots_bridge]: Creating ROS->GZ Bridge: [/robot_3/cmd_vel (geometry_msgs/msg/Twist) -> /robot_3/cmd_vel (ignition.msgs.Twist)] (Lazy 0)
[parameter_bridge-4] [INFO] [1776699011.494440438] [all_robots_bridge]: Creating GZ->ROS Bridge: [/robot_3/odom (ignition.msgs.Odometry) -> /robot_3/odom (nav_msgs/msg/Odometry)] (Lazy 0)
[parameter_bridge-4] [INFO] [1776699011.494962440] [all_robots_bridge]: Creating GZ->ROS Bridge: [/robot_3/depth_camera/depth_image (ignition.msgs.Image) -> /robot_3/depth_camera/depth_image (sensor_msgs/msg/Image)] (Lazy 0)
[parameter_bridge-4] [INFO] [1776699011.495419419] [all_robots_bridge]: Creating GZ->ROS Bridge: [/world/random_world/model/robot_3/link/robot_3/base_footprint/sensor/contact_sensor/contact (ignition.msgs.Contacts) -> /world/random_world/model/robot_3/link/robot_3/base_footprint/sensor/contact_sensor/contact (ros_gz_interfaces/msg/Contacts)] (Lazy 0)
[parameter_bridge-4] [INFO] [1776699011.497041440] [all_robots_bridge]: Creating ROS->GZ Bridge: [/robot_4/cmd_vel (geometry_msgs/msg/Twist) -> /robot_4/cmd_vel (ignition.msgs.Twist)] (Lazy 0)
[parameter_bridge-4] [INFO] [1776699011.497846244] [all_robots_bridge]: Creating GZ->ROS Bridge: [/robot_4/odom (ignition.msgs.Odometry) -> /robot_4/odom (nav_msgs/msg/Odometry)] (Lazy 0)
[parameter_bridge-4] [INFO] [1776699011.498412762] [all_robots_bridge]: Creating GZ->ROS Bridge: [/robot_4/depth_camera/depth_image (ignition.msgs.Image) -> /robot_4/depth_camera/depth_image (sensor_msgs/msg/Image)] (Lazy 0)
[parameter_bridge-4] [INFO] [1776699011.498927620] [all_robots_bridge]: Creating GZ->ROS Bridge: [/world/random_world/model/robot_4/link/robot_4/base_footprint/sensor/contact_sensor/contact (ignition.msgs.Contacts) -> /world/random_world/model/robot_4/link/robot_4/base_footprint/sensor/contact_sensor/contact (ros_gz_interfaces/msg/Contacts)] (Lazy 0)
[parameter_bridge-20] [INFO] [1776699011.499302355] [clock_bridge]: Creating GZ->ROS Bridge: [/clock (ignition.msgs.Clock) -> /clock (rosgraph_msgs/msg/Clock)] (Lazy 0)
[parameter_bridge-4] [INFO] [1776699011.499550271] [all_robots_bridge]: Creating GZ->ROS Bridge: [/world/random_world/dynamic_pose/info (ignition.msgs.Pose_V) -> /world/random_world/dynamic_pose/info (tf2_msgs/msg/TFMessage)] (Lazy 0)
[bump_counter-3] [INFO] [1776699011.818380125] [bump_counter]: [global] global_mode=True cooldown(robot)=0.80s cooldown(obs)=0.50s Logging to /home/ecem/ros2_ws/src/Leo_sct/results_exp/explore/long/prompt_1/run_7/spread/trial_2/run_20260420_173011/bumps_global_173011.csv
[robot_supervisor-13] [INFO] [1776699011.964657300] [robot_2.robot_supervisor]: Loaded initial mission 'explore' from explicit YAML explore_sup_gpt_long_1_run_7_196.yaml
[robot_supervisor-7] [INFO] [1776699012.004471125] [robot_0.robot_supervisor]: Loaded initial mission 'explore' from explicit YAML explore_sup_gpt_long_1_run_7_196.yaml
[robot_supervisor-19] [INFO] [1776699012.017687034] [robot_4.robot_supervisor]: Loaded initial mission 'explore' from explicit YAML explore_sup_gpt_long_1_run_7_196.yaml
[robot_supervisor-10] [INFO] [1776699012.032300495] [robot_1.robot_supervisor]: Loaded initial mission 'explore' from explicit YAML explore_sup_gpt_long_1_run_7_196.yaml
[robot_supervisor-16] [INFO] [1776699012.032941835] [robot_3.robot_supervisor]: Loaded initial mission 'explore' from explicit YAML explore_sup_gpt_long_1_run_7_196.yaml
[robot_supervisor-13] [INFO] [1776699012.071864640] [robot_2.robot_supervisor]: Selected controllable event: EV_random_walk
[parameter_bridge-4] [INFO] [1776699012.072297577] [all_robots_bridge]: Passing message from ROS geometry_msgs/msg/Twist to Gazebo gz.msgs.Twist (showing msg only once per type)
[create-18] [INFO] [1776699012.099403654] [robot_4.ros_gz_sim]: Waiting messages on topic [/robot_4/robot_description].
[robot_supervisor-7] [INFO] [1776699012.113503216] [robot_0.robot_supervisor]: Selected controllable event: EV_random_walk
[robot_supervisor-19] [INFO] [1776699012.124751467] [robot_4.robot_supervisor]: Selected controllable event: EV_random_walk
[robot_supervisor-10] [INFO] [1776699012.139982296] [robot_1.robot_supervisor]: Selected controllable event: EV_random_walk
[robot_supervisor-16] [INFO] [1776699012.140698649] [robot_3.robot_supervisor]: Selected controllable event: EV_random_walk
[create-6] [INFO] [1776699012.199463995] [robot_0.ros_gz_sim]: Waiting messages on topic [/robot_0/robot_description].
[create-15] [INFO] [1776699012.299784645] [robot_3.ros_gz_sim]: Waiting messages on topic [/robot_3/robot_description].
[robot_supervisor-13] [INFO] [1776699012.371839406] [robot_2.robot_supervisor]: Selected controllable event: EV_move_forward
[create-12] [INFO] [1776699012.400052124] [robot_2.ros_gz_sim]: Waiting messages on topic [/robot_2/robot_description].
[robot_supervisor-7] [INFO] [1776699012.413320572] [robot_0.robot_supervisor]: Selected controllable event: EV_move_forward
[robot_supervisor-19] [INFO] [1776699012.424874657] [robot_4.robot_supervisor]: Selected controllable event: EV_move_forward
[robot_supervisor-10] [INFO] [1776699012.439854385] [robot_1.robot_supervisor]: Selected controllable event: EV_move_forward
[robot_supervisor-16] [INFO] [1776699012.440694599] [robot_3.robot_supervisor]: Selected controllable event: EV_move_forward
[create-12] [INFO] [1776699012.499276886] [robot_2.ros_gz_sim]: Requested creation of entity.
[create-12] [INFO] [1776699012.499352039] [robot_2.ros_gz_sim]: OK creation of entity.
[create-15] [INFO] [1776699012.499341990] [robot_3.ros_gz_sim]: Requested creation of entity.
[create-15] [INFO] [1776699012.499395689] [robot_3.ros_gz_sim]: OK creation of entity.
[create-6] [INFO] [1776699012.499340452] [robot_0.ros_gz_sim]: Requested creation of entity.
[create-6] [INFO] [1776699012.499403712] [robot_0.ros_gz_sim]: OK creation of entity.
[create-18] [INFO] [1776699012.499366200] [robot_4.ros_gz_sim]: Requested creation of entity.
[create-18] [INFO] [1776699012.499411383] [robot_4.ros_gz_sim]: OK creation of entity.
[create-9] [INFO] [1776699012.499909318] [robot_1.ros_gz_sim]: Waiting messages on topic [/robot_1/robot_description].
[create-9] [INFO] [1776699012.503286567] [robot_1.ros_gz_sim]: Requested creation of entity.
[create-9] [INFO] [1776699012.503349685] [robot_1.ros_gz_sim]: OK creation of entity.
[INFO] [create-18]: process has finished cleanly [pid 23047]
[INFO] [create-15]: process has finished cleanly [pid 23036]
[INFO] [create-12]: process has finished cleanly [pid 23030]
[INFO] [create-6]: process has finished cleanly [pid 23016]
[INFO] [create-9]: process has finished cleanly [pid 23022]
[bump_counter-3] [INFO] [1776699012.940945323] [bump_counter]: [global] subscribed: /world/random_world/model/robot_0/link/robot_0/base_footprint/sensor/contact_sensor/contact
[bump_counter-3] [INFO] [1776699012.941746539] [bump_counter]: [global] subscribed: /world/random_world/model/robot_1/link/robot_1/base_footprint/sensor/contact_sensor/contact
[bump_counter-3] [INFO] [1776699012.942580451] [bump_counter]: [global] subscribed: /world/random_world/model/robot_2/link/robot_2/base_footprint/sensor/contact_sensor/contact
[bump_counter-3] [INFO] [1776699012.943490209] [bump_counter]: [global] subscribed: /world/random_world/model/robot_3/link/robot_3/base_footprint/sensor/contact_sensor/contact
[bump_counter-3] [INFO] [1776699012.944449508] [bump_counter]: [global] subscribed: /world/random_world/model/robot_4/link/robot_4/base_footprint/sensor/contact_sensor/contact
[INFO] [image_processor-21]: process started with pid [23401]
[INFO] [image_processor-22]: process started with pid [23403]
[INFO] [image_processor-23]: process started with pid [23405]
[INFO] [image_processor-24]: process started with pid [23407]
[INFO] [image_processor-25]: process started with pid [23409]
[image_processor-22] [INFO] [1776699013.494787412] [robot_1.image_processor]: image_processor: depth='/robot_1/depth_camera/depth_image' aruco_runtime=disabled
[image_processor-25] [INFO] [1776699013.510989956] [robot_4.image_processor]: image_processor: depth='/robot_4/depth_camera/depth_image' aruco_runtime=disabled
[image_processor-23] [INFO] [1776699013.513354381] [robot_2.image_processor]: image_processor: depth='/robot_2/depth_camera/depth_image' aruco_runtime=disabled
[image_processor-24] [INFO] [1776699013.520049634] [robot_3.image_processor]: image_processor: depth='/robot_3/depth_camera/depth_image' aruco_runtime=disabled
[image_processor-21] [INFO] [1776699013.520885194] [robot_0.image_processor]: image_processor: depth='/robot_0/depth_camera/depth_image' aruco_runtime=disabled
[image_processor-25] [INFO] [1776699017.366918287] [robot_4.image_processor]: Zone=CLEAR  left[p=3.196 near=0 v=6573]  front[p=2.953 near=0 v=9956]  right[p=2.658 near=0 v=5511]
[image_processor-24] [INFO] [1776699017.384859547] [robot_3.image_processor]: Zone=CLEAR  left[p=1.102 near=0 v=7650]  front[p=1.719 near=0 v=13500]  right[p=2.172 near=0 v=7740]
[image_processor-23] [INFO] [1776699017.403242356] [robot_2.image_processor]: Zone=CLEAR  left[p=2.745 near=0 v=5011]  front[p=1.644 near=0 v=8425]  right[p=1.700 near=0 v=6986]
[image_processor-22] [INFO] [1776699017.411583952] [robot_1.image_processor]: Zone=CLEAR  left[p=1.667 near=0 v=7650]  front[p=3.100 near=0 v=12175]  right[p=2.607 near=0 v=7450]
[image_processor-21] [INFO] [1776699017.474973660] [robot_0.image_processor]: Zone=CLEAR  left[p=0.904 near=0 v=7650]  front[p=1.356 near=0 v=13500]  right[p=1.356 near=0 v=7740]
[image_processor-25] [INFO] [1776699019.859147058] [robot_4.image_processor]: Zone=CLEAR
[image_processor-24] [INFO] [1776699019.872899729] [robot_3.image_processor]: Zone=CLEAR
[image_processor-23] [INFO] [1776699019.888104340] [robot_2.image_processor]: Zone=CLEAR
[image_processor-22] [INFO] [1776699019.897484089] [robot_1.image_processor]: Zone=CLEAR
[image_processor-21] [INFO] [1776699019.967127909] [robot_0.image_processor]: Zone=CLEAR
[image_processor-25] [INFO] [1776699022.364574989] [robot_4.image_processor]: Zone=CLEAR
[image_processor-21] [INFO] [1776699022.371176497] [robot_0.image_processor]: Zone=CLEAR
[image_processor-24] [INFO] [1776699022.380347607] [robot_3.image_processor]: Zone=CLEAR
[image_processor-23] [INFO] [1776699022.394012501] [robot_2.image_processor]: Zone=CLEAR
[image_processor-22] [INFO] [1776699022.403045855] [robot_1.image_processor]: Zone=CLEAR
[image_processor-21] [INFO] [1776699024.874815785] [robot_0.image_processor]: Zone=CLEAR
[image_processor-23] [INFO] [1776699024.904550074] [robot_2.image_processor]: Zone=CLEAR
[image_processor-22] [INFO] [1776699024.914911212] [robot_1.image_processor]: Zone=CLEAR
[image_processor-25] [INFO] [1776699024.966092605] [robot_4.image_processor]: Zone=CLEAR
[image_processor-24] [INFO] [1776699024.986294794] [robot_3.image_processor]: Zone=CLEAR
[image_processor-25] [INFO] [1776699027.373453866] [robot_4.image_processor]: Zone=CLEAR
[image_processor-21] [INFO] [1776699027.388185647] [robot_0.image_processor]: Zone=CLEAR
[image_processor-24] [INFO] [1776699027.404739362] [robot_3.image_processor]: Zone=CLEAR
[image_processor-23] [INFO] [1776699027.424308360] [robot_2.image_processor]: Zone=CLEAR
[image_processor-22] [INFO] [1776699027.440884375] [robot_1.image_processor]: Zone=CLEAR
[image_processor-25] [INFO] [1776699029.862685370] [robot_4.image_processor]: Zone=CLEAR
[image_processor-21] [INFO] [1776699029.869466993] [robot_0.image_processor]: Zone=CLEAR
[image_processor-24] [INFO] [1776699029.877645653] [robot_3.image_processor]: Zone=CLEAR
[image_processor-23] [INFO] [1776699029.893887385] [robot_2.image_processor]: Zone=CLEAR
[image_processor-22] [INFO] [1776699029.901844850] [robot_1.image_processor]: Zone=CLEAR
[image_processor-25] [INFO] [1776699032.362436526] [robot_4.image_processor]: Zone=CLEAR
[image_processor-21] [INFO] [1776699032.370347946] [robot_0.image_processor]: Zone=CLEAR
[image_processor-24] [INFO] [1776699032.378357209] [robot_3.image_processor]: Zone=CLEAR
[image_processor-23] [INFO] [1776699032.393075747] [robot_2.image_processor]: Zone=CLEAR
[image_processor-22] [INFO] [1776699032.401173356] [robot_1.image_processor]: Zone=CLEAR
[image_processor-24] [INFO] [1776699034.877334675] [robot_3.image_processor]: Zone=CLEAR
[image_processor-22] [INFO] [1776699034.900589257] [robot_1.image_processor]: Zone=CLEAR
[image_processor-25] [INFO] [1776699034.962197214] [robot_4.image_processor]: Zone=CLEAR
[image_processor-21] [INFO] [1776699034.968789922] [robot_0.image_processor]: Zone=CLEAR
[image_processor-23] [INFO] [1776699034.992908772] [robot_2.image_processor]: Zone=CLEAR
[image_processor-25] [INFO] [1776699037.360374639] [robot_4.image_processor]: Zone=CLEAR
[image_processor-21] [INFO] [1776699037.368965036] [robot_0.image_processor]: Zone=CLEAR
[image_processor-24] [INFO] [1776699037.377546988] [robot_3.image_processor]: Zone=CLEAR
[image_processor-23] [INFO] [1776699037.392209928] [robot_2.image_processor]: Zone=CLEAR
[image_processor-22] [INFO] [1776699037.400163334] [robot_1.image_processor]: Zone=CLEAR
[image_processor-25] [INFO] [1776699039.863757388] [robot_4.image_processor]: Zone=CLEAR
[image_processor-21] [INFO] [1776699039.871868426] [robot_0.image_processor]: Zone=CLEAR
[image_processor-24] [INFO] [1776699039.880474353] [robot_3.image_processor]: Zone=CLEAR
[image_processor-23] [INFO] [1776699039.896706502] [robot_2.image_processor]: Zone=CLEAR
[image_processor-22] [INFO] [1776699040.006610989] [robot_1.image_processor]: Zone=CLEAR
[image_processor-21] [INFO] [1776699042.371850082] [robot_0.image_processor]: Zone=CLEAR
[image_processor-24] [INFO] [1776699042.382297291] [robot_3.image_processor]: Zone=CLEAR
[image_processor-23] [INFO] [1776699042.396556846] [robot_2.image_processor]: Zone=CLEAR
[image_processor-22] [INFO] [1776699042.404642060] [robot_1.image_processor]: Zone=CLEAR
[image_processor-25] [INFO] [1776699042.462203871] [robot_4.image_processor]: Zone=CLEAR
[image_processor-21] [INFO] [1776699044.873300286] [robot_0.image_processor]: Zone=CLEAR
[image_processor-24] [INFO] [1776699044.881250324] [robot_3.image_processor]: Zone=CLEAR
[image_processor-23] [INFO] [1776699044.895292966] [robot_2.image_processor]: Zone=CLEAR
[image_processor-22] [INFO] [1776699044.904156182] [robot_1.image_processor]: Zone=CLEAR
[image_processor-25] [INFO] [1776699044.961929742] [robot_4.image_processor]: Zone=CLEAR
[image_processor-25] [INFO] [1776699047.364100091] [robot_4.image_processor]: Zone=CLEAR
[image_processor-21] [INFO] [1776699047.369149052] [robot_0.image_processor]: Zone=CLEAR
[image_processor-24] [INFO] [1776699047.377188330] [robot_3.image_processor]: Zone=CLEAR
[image_processor-23] [INFO] [1776699047.391748118] [robot_2.image_processor]: Zone=CLEAR
[image_processor-22] [INFO] [1776699047.401040019] [robot_1.image_processor]: Zone=CLEAR
[image_processor-25] [INFO] [1776699049.863523928] [robot_4.image_processor]: Zone=CLEAR
[image_processor-21] [INFO] [1776699049.870752135] [robot_0.image_processor]: Zone=CLEAR
[image_processor-24] [INFO] [1776699049.879915550] [robot_3.image_processor]: Zone=CLEAR
[image_processor-23] [INFO] [1776699049.894173562] [robot_2.image_processor]: Zone=CLEAR
[image_processor-22] [INFO] [1776699050.004210276] [robot_1.image_processor]: Zone=CLEAR
[image_processor-25] [INFO] [1776699052.365246615] [robot_4.image_processor]: Zone=CLEAR
[image_processor-21] [INFO] [1776699052.373572416] [robot_0.image_processor]: Zone=CLEAR
[image_processor-24] [INFO] [1776699052.381797185] [robot_3.image_processor]: Zone=CLEAR
[image_processor-23] [INFO] [1776699052.396450071] [robot_2.image_processor]: Zone=CLEAR
[image_processor-22] [INFO] [1776699052.403339841] [robot_1.image_processor]: Zone=CLEAR
[image_processor-25] [INFO] [1776699054.859861733] [robot_4.image_processor]: Zone=CLEAR
[image_processor-21] [INFO] [1776699054.868381253] [robot_0.image_processor]: Zone=CLEAR
[image_processor-23] [INFO] [1776699054.891069638] [robot_2.image_processor]: Zone=CLEAR
[image_processor-24] [INFO] [1776699054.977530182] [robot_3.image_processor]: Zone=CLEAR
[image_processor-22] [INFO] [1776699054.999520826] [robot_1.image_processor]: Zone=CLEAR
[image_processor-25] [INFO] [1776699057.363622001] [robot_4.image_processor]: Zone=CLEAR
[image_processor-21] [INFO] [1776699057.371328334] [robot_0.image_processor]: Zone=CLEAR
[image_processor-24] [INFO] [1776699057.380018490] [robot_3.image_processor]: Zone=CLEAR
[image_processor-23] [INFO] [1776699057.395125315] [robot_2.image_processor]: Zone=CLEAR
[image_processor-22] [INFO] [1776699057.403647520] [robot_1.image_processor]: Zone=CLEAR
[image_processor-25] [INFO] [1776699059.860977079] [robot_4.image_processor]: Zone=CLEAR
[image_processor-21] [INFO] [1776699059.869964063] [robot_0.image_processor]: Zone=CLEAR
[image_processor-24] [INFO] [1776699059.878237204] [robot_3.image_processor]: Zone=CLEAR
[image_processor-23] [INFO] [1776699059.893698475] [robot_2.image_processor]: Zone=CLEAR
[image_processor-22] [INFO] [1776699059.902061861] [robot_1.image_processor]: Zone=CLEAR
[image_processor-25] [INFO] [1776699062.362999361] [robot_4.image_processor]: Zone=CLEAR
[image_processor-24] [INFO] [1776699062.377130052] [robot_3.image_processor]: Zone=CLEAR
[image_processor-23] [INFO] [1776699062.392081705] [robot_2.image_processor]: Zone=CLEAR
[image_processor-22] [INFO] [1776699062.404105608] [robot_1.image_processor]: Zone=CLEAR
[image_processor-21] [INFO] [1776699062.470842353] [robot_0.image_processor]: Zone=CLEAR
[image_processor-21] [INFO] [1776699064.870044996] [robot_0.image_processor]: Zone=CLEAR
[image_processor-24] [INFO] [1776699064.877870630] [robot_3.image_processor]: Zone=CLEAR
[image_processor-23] [INFO] [1776699064.892971881] [robot_2.image_processor]: Zone=CLEAR
[image_processor-22] [INFO] [1776699064.904626528] [robot_1.image_processor]: Zone=CLEAR
[image_processor-25] [INFO] [1776699064.962499959] [robot_4.image_processor]: Zone=CLEAR
[image_processor-25] [INFO] [1776699067.361837238] [robot_4.image_processor]: Zone=CLEAR
[image_processor-24] [INFO] [1776699067.378350566] [robot_3.image_processor]: Zone=CLEAR
[image_processor-23] [INFO] [1776699067.391996054] [robot_2.image_processor]: Zone=CLEAR
[image_processor-22] [INFO] [1776699067.400169162] [robot_1.image_processor]: Zone=CLEAR
[image_processor-21] [INFO] [1776699067.469865024] [robot_0.image_processor]: Zone=CLEAR
[image_processor-25] [INFO] [1776699069.862947658] [robot_4.image_processor]: Zone=CLEAR
[image_processor-21] [INFO] [1776699069.871850579] [robot_0.image_processor]: Zone=CLEAR
[image_processor-24] [INFO] [1776699069.879975713] [robot_3.image_processor]: Zone=CLEAR
[image_processor-23] [INFO] [1776699069.896118127] [robot_2.image_processor]: Zone=CLEAR
[image_processor-22] [INFO] [1776699069.905078004] [robot_1.image_processor]: Zone=CLEAR
[image_processor-25] [INFO] [1776699072.364028631] [robot_4.image_processor]: Zone=CLEAR
[image_processor-21] [INFO] [1776699072.375084272] [robot_0.image_processor]: Zone=CLEAR
[image_processor-24] [INFO] [1776699072.389410354] [robot_3.image_processor]: Zone=CLEAR
[image_processor-23] [INFO] [1776699072.408351955] [robot_2.image_processor]: Zone=CLEAR
[image_processor-22] [INFO] [1776699072.420151851] [robot_1.image_processor]: Zone=CLEAR
[image_processor-25] [INFO] [1776699074.862395285] [robot_4.image_processor]: Zone=CLEAR
[image_processor-21] [INFO] [1776699074.870369089] [robot_0.image_processor]: Zone=CLEAR
[image_processor-24] [INFO] [1776699074.879095188] [robot_3.image_processor]: Zone=CLEAR
[image_processor-23] [INFO] [1776699074.894092406] [robot_2.image_processor]: Zone=CLEAR
[image_processor-22] [INFO] [1776699074.905372979] [robot_1.image_processor]: Zone=CLEAR
[image_processor-25] [INFO] [1776699077.360180709] [robot_4.image_processor]: Zone=CLEAR
[image_processor-21] [INFO] [1776699077.369562864] [robot_0.image_processor]: Zone=CLEAR
[image_processor-24] [INFO] [1776699077.381135591] [robot_3.image_processor]: Zone=CLEAR
[image_processor-23] [INFO] [1776699077.399030200] [robot_2.image_processor]: Zone=CLEAR
[image_processor-22] [INFO] [1776699077.408087618] [robot_1.image_processor]: Zone=CLEAR
[image_processor-25] [INFO] [1776699079.862237944] [robot_4.image_processor]: Zone=CLEAR
[image_processor-21] [INFO] [1776699079.871360086] [robot_0.image_processor]: Zone=CLEAR
[image_processor-24] [INFO] [1776699079.883443192] [robot_3.image_processor]: Zone=CLEAR
[image_processor-23] [INFO] [1776699079.900869820] [robot_2.image_processor]: Zone=CLEAR
[image_processor-22] [INFO] [1776699079.909576433] [robot_1.image_processor]: Zone=CLEAR
[image_processor-25] [INFO] [1776699082.365214953] [robot_4.image_processor]: Zone=CLEAR
[image_processor-21] [INFO] [1776699082.373539753] [robot_0.image_processor]: Zone=CLEAR
[image_processor-24] [INFO] [1776699082.383265069] [robot_3.image_processor]: Zone=CLEAR
[image_processor-23] [INFO] [1776699082.399020789] [robot_2.image_processor]: Zone=CLEAR
[image_processor-22] [INFO] [1776699082.407997029] [robot_1.image_processor]: Zone=CLEAR
[image_processor-25] [INFO] [1776699084.866783889] [robot_4.image_processor]: Zone=CLEAR
[image_processor-21] [INFO] [1776699084.886599419] [robot_0.image_processor]: Zone=CLEAR
[image_processor-24] [INFO] [1776699084.901726476] [robot_3.image_processor]: Zone=CLEAR
[image_processor-23] [INFO] [1776699084.919838660] [robot_2.image_processor]: Zone=CLEAR
[image_processor-22] [INFO] [1776699084.939037494] [robot_1.image_processor]: Zone=CLEAR
[image_processor-25] [INFO] [1776699087.361037389] [robot_4.image_processor]: Zone=CLEAR
[image_processor-21] [INFO] [1776699087.369708017] [robot_0.image_processor]: Zone=CLEAR
[image_processor-24] [INFO] [1776699087.380050405] [robot_3.image_processor]: Zone=CLEAR
[image_processor-23] [INFO] [1776699087.396250964] [robot_2.image_processor]: Zone=CLEAR
[image_processor-22] [INFO] [1776699087.405484060] [robot_1.image_processor]: Zone=CLEAR
[image_processor-25] [INFO] [1776699089.862287463] [robot_4.image_processor]: Zone=CLEAR
[image_processor-21] [INFO] [1776699089.868528075] [robot_0.image_processor]: Zone=CLEAR
[image_processor-24] [INFO] [1776699089.877921132] [robot_3.image_processor]: Zone=CLEAR
[image_processor-23] [INFO] [1776699089.892719913] [robot_2.image_processor]: Zone=CLEAR
[image_processor-22] [INFO] [1776699090.003206546] [robot_1.image_processor]: Zone=CLEAR
[image_processor-25] [INFO] [1776699092.364072155] [robot_4.image_processor]: Zone=CLEAR
[image_processor-21] [INFO] [1776699092.371871546] [robot_0.image_processor]: Zone=CLEAR
[image_processor-24] [INFO] [1776699092.380577574] [robot_3.image_processor]: Zone=CLEAR
[image_processor-23] [INFO] [1776699092.395619205] [robot_2.image_processor]: Zone=CLEAR
[image_processor-22] [INFO] [1776699092.403720865] [robot_1.image_processor]: Zone=CLEAR
[image_processor-21] [INFO] [1776699094.868090081] [robot_0.image_processor]: Zone=CLEAR
[image_processor-23] [INFO] [1776699094.892651567] [robot_2.image_processor]: Zone=CLEAR
[image_processor-22] [INFO] [1776699094.900098040] [robot_1.image_processor]: Zone=CLEAR
[image_processor-25] [INFO] [1776699094.962715356] [robot_4.image_processor]: Zone=CLEAR
[image_processor-24] [INFO] [1776699094.977042898] [robot_3.image_processor]: Zone=CLEAR
[image_processor-21] [INFO] [1776699097.367828958] [robot_0.image_processor]: Zone=CLEAR
[image_processor-24] [INFO] [1776699097.376916795] [robot_3.image_processor]: Zone=CLEAR
[image_processor-23] [INFO] [1776699097.391454824] [robot_2.image_processor]: Zone=CLEAR
[image_processor-22] [INFO] [1776699097.402000995] [robot_1.image_processor]: Zone=CLEAR
[image_processor-25] [INFO] [1776699097.462755107] [robot_4.image_processor]: Zone=CLEAR
[image_processor-25] [INFO] [1776699099.861007832] [robot_4.image_processor]: Zone=CLEAR
[image_processor-21] [INFO] [1776699099.874354567] [robot_0.image_processor]: Zone=CLEAR
[image_processor-24] [INFO] [1776699099.885015728] [robot_3.image_processor]: Zone=CLEAR
[image_processor-23] [INFO] [1776699099.899296087] [robot_2.image_processor]: Zone=CLEAR
[image_processor-22] [INFO] [1776699099.907525647] [robot_1.image_processor]: Zone=CLEAR
[image_processor-25] [INFO] [1776699102.359278139] [robot_4.image_processor]: Zone=CLEAR
[image_processor-21] [INFO] [1776699102.365255329] [robot_0.image_processor]: Zone=CLEAR
[image_processor-24] [INFO] [1776699102.372979771] [robot_3.image_processor]: Zone=CLEAR
[image_processor-23] [INFO] [1776699102.384324402] [robot_2.image_processor]: Zone=CLEAR
[image_processor-22] [INFO] [1776699102.390680348] [robot_1.image_processor]: Zone=CLEAR
[image_processor-25] [INFO] [1776699104.863268368] [robot_4.image_processor]: Zone=CLEAR
[image_processor-21] [INFO] [1776699104.871035083] [robot_0.image_processor]: Zone=CLEAR
[image_processor-24] [INFO] [1776699104.879126925] [robot_3.image_processor]: Zone=CLEAR
[image_processor-22] [INFO] [1776699104.901419270] [robot_1.image_processor]: Zone=CLEAR
[image_processor-23] [INFO] [1776699104.994056064] [robot_2.image_processor]: Zone=CLEAR
[image_processor-25] [INFO] [1776699107.359038658] [robot_4.image_processor]: Zone=CLEAR
[image_processor-21] [INFO] [1776699107.366936828] [robot_0.image_processor]: Zone=CLEAR
[image_processor-24] [INFO] [1776699107.374579854] [robot_3.image_processor]: Zone=CLEAR
[image_processor-23] [INFO] [1776699107.388663909] [robot_2.image_processor]: Zone=CLEAR
[image_processor-22] [INFO] [1776699107.396405020] [robot_1.image_processor]: Zone=CLEAR
[image_processor-25] [INFO] [1776699109.862599536] [robot_4.image_processor]: Zone=CLEAR
[image_processor-21] [INFO] [1776699109.873422120] [robot_0.image_processor]: Zone=CLEAR
[image_processor-24] [INFO] [1776699109.885323914] [robot_3.image_processor]: Zone=CLEAR
[image_processor-23] [INFO] [1776699109.901442937] [robot_2.image_processor]: Zone=CLEAR
[image_processor-22] [INFO] [1776699109.909523996] [robot_1.image_processor]: Zone=CLEAR
[image_processor-25] [INFO] [1776699112.363204344] [robot_4.image_processor]: Zone=CLEAR
[image_processor-21] [INFO] [1776699112.372536108] [robot_0.image_processor]: Zone=CLEAR
[image_processor-24] [INFO] [1776699112.381229776] [robot_3.image_processor]: Zone=CLEAR
[image_processor-23] [INFO] [1776699112.395206875] [robot_2.image_processor]: Zone=CLEAR
[image_processor-22] [INFO] [1776699112.404406347] [robot_1.image_processor]: Zone=CLEAR
[image_processor-25] [INFO] [1776699114.864082996] [robot_4.image_processor]: Zone=CLEAR
[image_processor-24] [INFO] [1776699114.878808931] [robot_3.image_processor]: Zone=CLEAR
[image_processor-23] [INFO] [1776699114.893138812] [robot_2.image_processor]: Zone=CLEAR
[image_processor-22] [INFO] [1776699114.900962371] [robot_1.image_processor]: Zone=CLEAR
[image_processor-21] [INFO] [1776699114.972859211] [robot_0.image_processor]: Zone=CLEAR
[image_processor-25] [INFO] [1776699117.365025723] [robot_4.image_processor]: Zone=CLEAR
[image_processor-24] [INFO] [1776699117.383025876] [robot_3.image_processor]: Zone=CLEAR
[image_processor-23] [INFO] [1776699117.398728481] [robot_2.image_processor]: Zone=CLEAR
[image_processor-22] [INFO] [1776699117.406695219] [robot_1.image_processor]: Zone=CLEAR
[image_processor-21] [INFO] [1776699117.473953220] [robot_0.image_processor]: Zone=CLEAR
[image_processor-25] [INFO] [1776699119.861706671] [robot_4.image_processor]: Zone=CLEAR
[image_processor-23] [INFO] [1776699119.892198561] [robot_2.image_processor]: Zone=CLEAR
[image_processor-22] [INFO] [1776699119.900602161] [robot_1.image_processor]: Zone=CLEAR
[image_processor-21] [INFO] [1776699119.968303946] [robot_0.image_processor]: Zone=CLEAR
[image_processor-24] [INFO] [1776699119.977506261] [robot_3.image_processor]: Zone=CLEAR
[image_processor-21] [INFO] [1776699122.367198044] [robot_0.image_processor]: Zone=CLEAR
[image_processor-24] [INFO] [1776699122.376276371] [robot_3.image_processor]: Zone=CLEAR
[image_processor-23] [INFO] [1776699122.391650049] [robot_2.image_processor]: Zone=CLEAR
[image_processor-22] [INFO] [1776699122.400834131] [robot_1.image_processor]: Zone=CLEAR
[image_processor-25] [INFO] [1776699122.463791211] [robot_4.image_processor]: Zone=CLEAR
[image_processor-25] [INFO] [1776699124.862296761] [robot_4.image_processor]: Zone=CLEAR
[image_processor-21] [INFO] [1776699124.868698234] [robot_0.image_processor]: Zone=CLEAR
[image_processor-24] [INFO] [1776699124.880255546] [robot_3.image_processor]: Zone=CLEAR
[image_processor-23] [INFO] [1776699124.899388383] [robot_2.image_processor]: Zone=CLEAR
[image_processor-22] [INFO] [1776699124.907192092] [robot_1.image_processor]: Zone=CLEAR
[image_processor-25] [INFO] [1776699127.363788488] [robot_4.image_processor]: Zone=CLEAR
[image_processor-21] [INFO] [1776699127.371286415] [robot_0.image_processor]: Zone=CLEAR
[image_processor-24] [INFO] [1776699127.380276195] [robot_3.image_processor]: Zone=CLEAR
[image_processor-23] [INFO] [1776699127.394109767] [robot_2.image_processor]: Zone=CLEAR
[image_processor-22] [INFO] [1776699127.402493211] [robot_1.image_processor]: Zone=CLEAR
[image_processor-25] [INFO] [1776699129.862275903] [robot_4.image_processor]: Zone=CLEAR
[image_processor-21] [INFO] [1776699129.869806436] [robot_0.image_processor]: Zone=CLEAR
[image_processor-23] [INFO] [1776699129.893176766] [robot_2.image_processor]: Zone=CLEAR
[image_processor-22] [INFO] [1776699129.899406907] [robot_1.image_processor]: Zone=CLEAR
[image_processor-24] [INFO] [1776699129.978399643] [robot_3.image_processor]: Zone=CLEAR
[image_processor-25] [INFO] [1776699132.361340447] [robot_4.image_processor]: Zone=CLEAR
[image_processor-24] [INFO] [1776699132.378955806] [robot_3.image_processor]: Zone=CLEAR
[image_processor-23] [INFO] [1776699132.393312714] [robot_2.image_processor]: Zone=CLEAR
[image_processor-22] [INFO] [1776699132.402766562] [robot_1.image_processor]: Zone=CLEAR
[image_processor-21] [INFO] [1776699132.470616125] [robot_0.image_processor]: Zone=CLEAR
[image_processor-25] [INFO] [1776699134.864868555] [robot_4.image_processor]: Zone=CLEAR
[image_processor-21] [INFO] [1776699134.873442716] [robot_0.image_processor]: Zone=CLEAR
[image_processor-24] [INFO] [1776699134.885099211] [robot_3.image_processor]: Zone=CLEAR
[image_processor-23] [INFO] [1776699134.900438235] [robot_2.image_processor]: Zone=CLEAR
[image_processor-22] [INFO] [1776699134.908054559] [robot_1.image_processor]: Zone=CLEAR
[image_processor-25] [INFO] [1776699137.364030450] [robot_4.image_processor]: Zone=CLEAR
[image_processor-21] [INFO] [1776699137.370109002] [robot_0.image_processor]: Zone=CLEAR
[image_processor-24] [INFO] [1776699137.378269537] [robot_3.image_processor]: Zone=CLEAR
[image_processor-23] [INFO] [1776699137.393957675] [robot_2.image_processor]: Zone=CLEAR
[image_processor-22] [INFO] [1776699137.403077091] [robot_1.image_processor]: Zone=CLEAR
[image_processor-25] [INFO] [1776699139.862922870] [robot_4.image_processor]: Zone=CLEAR
[image_processor-21] [INFO] [1776699139.869901481] [robot_0.image_processor]: Zone=CLEAR
[image_processor-24] [INFO] [1776699139.877160986] [robot_3.image_processor]: Zone=CLEAR
[image_processor-23] [INFO] [1776699139.893159177] [robot_2.image_processor]: Zone=CLEAR
[image_processor-22] [INFO] [1776699139.900146372] [robot_1.image_processor]: Zone=CLEAR
[image_processor-25] [INFO] [1776699142.362224506] [robot_4.image_processor]: Zone=CLEAR
[image_processor-21] [INFO] [1776699142.369193112] [robot_0.image_processor]: Zone=CLEAR
[image_processor-24] [INFO] [1776699142.376264179] [robot_3.image_processor]: Zone=CLEAR
[image_processor-23] [INFO] [1776699142.390977478] [robot_2.image_processor]: Zone=CLEAR
[image_processor-22] [INFO] [1776699142.399813244] [robot_1.image_processor]: Zone=CLEAR
[image_processor-25] [INFO] [1776699144.862933486] [robot_4.image_processor]: Zone=CLEAR
[image_processor-21] [INFO] [1776699144.870140979] [robot_0.image_processor]: Zone=CLEAR
[image_processor-24] [INFO] [1776699144.878525167] [robot_3.image_processor]: Zone=CLEAR
[image_processor-23] [INFO] [1776699144.893960154] [robot_2.image_processor]: Zone=CLEAR
[image_processor-22] [INFO] [1776699145.005109811] [robot_1.image_processor]: Zone=CLEAR
[image_processor-25] [INFO] [1776699147.362011543] [robot_4.image_processor]: Zone=CLEAR
[image_processor-21] [INFO] [1776699147.368983942] [robot_0.image_processor]: Zone=CLEAR
[image_processor-24] [INFO] [1776699147.378053334] [robot_3.image_processor]: Zone=CLEAR
[image_processor-23] [INFO] [1776699147.393956306] [robot_2.image_processor]: Zone=CLEAR
[image_processor-22] [INFO] [1776699147.401841945] [robot_1.image_processor]: Zone=CLEAR
[image_processor-25] [INFO] [1776699149.861745129] [robot_4.image_processor]: Zone=CLEAR
[image_processor-21] [INFO] [1776699149.869606500] [robot_0.image_processor]: Zone=CLEAR
[image_processor-24] [INFO] [1776699149.877624114] [robot_3.image_processor]: Zone=CLEAR
[image_processor-23] [INFO] [1776699149.891342386] [robot_2.image_processor]: Zone=CLEAR
[image_processor-22] [INFO] [1776699149.899182024] [robot_1.image_processor]: Zone=CLEAR
[image_processor-25] [INFO] [1776699152.359966113] [robot_4.image_processor]: Zone=CLEAR
[image_processor-21] [INFO] [1776699152.367885392] [robot_0.image_processor]: Zone=CLEAR
[image_processor-24] [INFO] [1776699152.376835536] [robot_3.image_processor]: Zone=CLEAR
[image_processor-23] [INFO] [1776699152.390911372] [robot_2.image_processor]: Zone=CLEAR
[image_processor-22] [INFO] [1776699152.399569374] [robot_1.image_processor]: Zone=CLEAR
[image_processor-25] [INFO] [1776699154.862571591] [robot_4.image_processor]: Zone=CLEAR
[image_processor-21] [INFO] [1776699154.869945235] [robot_0.image_processor]: Zone=CLEAR
[image_processor-23] [INFO] [1776699154.891847229] [robot_2.image_processor]: Zone=CLEAR
[image_processor-22] [INFO] [1776699154.899563628] [robot_1.image_processor]: Zone=CLEAR
[image_processor-24] [INFO] [1776699154.979125470] [robot_3.image_processor]: Zone=CLEAR
[image_processor-25] [INFO] [1776699157.362565230] [robot_4.image_processor]: Zone=CLEAR
[image_processor-21] [INFO] [1776699157.369067490] [robot_0.image_processor]: Zone=CLEAR
[image_processor-24] [INFO] [1776699157.376858597] [robot_3.image_processor]: Zone=CLEAR
[image_processor-23] [INFO] [1776699157.391972507] [robot_2.image_processor]: Zone=CLEAR
[image_processor-22] [INFO] [1776699157.401484614] [robot_1.image_processor]: Zone=CLEAR
[image_processor-25] [INFO] [1776699159.860418923] [robot_4.image_processor]: Zone=CLEAR
[image_processor-21] [INFO] [1776699159.868641950] [robot_0.image_processor]: Zone=CLEAR
[image_processor-24] [INFO] [1776699159.878539128] [robot_3.image_processor]: Zone=CLEAR
[image_processor-23] [INFO] [1776699159.890861923] [robot_2.image_processor]: Zone=CLEAR
[image_processor-22] [INFO] [1776699159.898998434] [robot_1.image_processor]: Zone=CLEAR
[image_processor-25] [INFO] [1776699162.361844253] [robot_4.image_processor]: Zone=CLEAR
[image_processor-21] [INFO] [1776699162.370250377] [robot_0.image_processor]: Zone=CLEAR
[image_processor-24] [INFO] [1776699162.378157301] [robot_3.image_processor]: Zone=CLEAR
[image_processor-23] [INFO] [1776699162.393252723] [robot_2.image_processor]: Zone=CLEAR
[image_processor-22] [INFO] [1776699162.402084538] [robot_1.image_processor]: Zone=CLEAR
[image_processor-25] [INFO] [1776699164.861491089] [robot_4.image_processor]: Zone=CLEAR
[image_processor-21] [INFO] [1776699164.870097444] [robot_0.image_processor]: Zone=CLEAR
[image_processor-24] [INFO] [1776699164.876730104] [robot_3.image_processor]: Zone=CLEAR
[image_processor-23] [INFO] [1776699164.891133041] [robot_2.image_processor]: Zone=CLEAR
[image_processor-22] [INFO] [1776699164.899167647] [robot_1.image_processor]: Zone=CLEAR
[image_processor-25] [INFO] [1776699167.362788189] [robot_4.image_processor]: Zone=CLEAR
[image_processor-21] [INFO] [1776699167.369993223] [robot_0.image_processor]: Zone=CLEAR
[image_processor-24] [INFO] [1776699167.378411126] [robot_3.image_processor]: Zone=CLEAR
[image_processor-23] [INFO] [1776699167.393511755] [robot_2.image_processor]: Zone=CLEAR
[image_processor-22] [INFO] [1776699167.502293892] [robot_1.image_processor]: Zone=CLEAR
[image_processor-24] [INFO] [1776699169.877506344] [robot_3.image_processor]: Zone=CLEAR
[image_processor-22] [INFO] [1776699169.900486310] [robot_1.image_processor]: Zone=CLEAR
[image_processor-25] [INFO] [1776699169.963238356] [robot_4.image_processor]: Zone=CLEAR
[image_processor-21] [INFO] [1776699169.969792001] [robot_0.image_processor]: Zone=CLEAR
[image_processor-23] [INFO] [1776699169.991881691] [robot_2.image_processor]: Zone=CLEAR
[image_processor-25] [INFO] [1776699172.363202325] [robot_4.image_processor]: Zone=CLEAR
[image_processor-21] [INFO] [1776699172.370675427] [robot_0.image_processor]: Zone=CLEAR
[image_processor-24] [INFO] [1776699172.377556808] [robot_3.image_processor]: Zone=CLEAR
[image_processor-23] [INFO] [1776699172.392759101] [robot_2.image_processor]: Zone=CLEAR
[image_processor-22] [INFO] [1776699172.399958976] [robot_1.image_processor]: Zone=CLEAR
[image_processor-25] [INFO] [1776699174.860864534] [robot_4.image_processor]: Zone=CLEAR
[image_processor-21] [INFO] [1776699174.868518815] [robot_0.image_processor]: Zone=CLEAR
[image_processor-24] [INFO] [1776699174.877010816] [robot_3.image_processor]: Zone=CLEAR
[image_processor-23] [INFO] [1776699174.893014292] [robot_2.image_processor]: Zone=CLEAR
[image_processor-22] [INFO] [1776699174.902702002] [robot_1.image_processor]: Zone=CLEAR
[image_processor-25] [INFO] [1776699177.360496447] [robot_4.image_processor]: Zone=CLEAR
[image_processor-21] [INFO] [1776699177.369247881] [robot_0.image_processor]: Zone=CLEAR
[image_processor-24] [INFO] [1776699177.378195493] [robot_3.image_processor]: Zone=CLEAR
[image_processor-23] [INFO] [1776699177.392377919] [robot_2.image_processor]: Zone=CLEAR
[image_processor-22] [INFO] [1776699177.401792814] [robot_1.image_processor]: Zone=CLEAR
[image_processor-25] [INFO] [1776699179.862736011] [robot_4.image_processor]: Zone=CLEAR
[image_processor-21] [INFO] [1776699179.869483275] [robot_0.image_processor]: Zone=CLEAR
[image_processor-24] [INFO] [1776699179.877493852] [robot_3.image_processor]: Zone=CLEAR
[image_processor-23] [INFO] [1776699179.892032348] [robot_2.image_processor]: Zone=CLEAR
[image_processor-22] [INFO] [1776699179.900086261] [robot_1.image_processor]: Zone=CLEAR
[image_processor-25] [INFO] [1776699182.362894070] [robot_4.image_processor]: Zone=CLEAR
[image_processor-21] [INFO] [1776699182.368828579] [robot_0.image_processor]: Zone=CLEAR
[image_processor-24] [INFO] [1776699182.378813923] [robot_3.image_processor]: Zone=CLEAR
[image_processor-23] [INFO] [1776699182.392834274] [robot_2.image_processor]: Zone=CLEAR
[image_processor-22] [INFO] [1776699182.400826436] [robot_1.image_processor]: Zone=CLEAR
[image_processor-25] [INFO] [1776699184.861262326] [robot_4.image_processor]: Zone=CLEAR
[image_processor-21] [INFO] [1776699184.870291249] [robot_0.image_processor]: Zone=CLEAR
[image_processor-24] [INFO] [1776699184.879191700] [robot_3.image_processor]: Zone=CLEAR
[image_processor-23] [INFO] [1776699184.893707364] [robot_2.image_processor]: Zone=CLEAR
[image_processor-22] [INFO] [1776699184.902917821] [robot_1.image_processor]: Zone=CLEAR
[image_processor-25] [INFO] [1776699187.363647605] [robot_4.image_processor]: Zone=CLEAR
[image_processor-21] [INFO] [1776699187.370106507] [robot_0.image_processor]: Zone=CLEAR
[image_processor-24] [INFO] [1776699187.378946549] [robot_3.image_processor]: Zone=CLEAR
[image_processor-23] [INFO] [1776699187.393984796] [robot_2.image_processor]: Zone=CLEAR
[image_processor-22] [INFO] [1776699187.401871977] [robot_1.image_processor]: Zone=CLEAR
[image_processor-25] [INFO] [1776699189.863497624] [robot_4.image_processor]: Zone=CLEAR
[image_processor-21] [INFO] [1776699189.871224803] [robot_0.image_processor]: Zone=CLEAR
[image_processor-23] [INFO] [1776699189.895586415] [robot_2.image_processor]: Zone=CLEAR
[image_processor-22] [INFO] [1776699189.905537762] [robot_1.image_processor]: Zone=CLEAR
[image_processor-24] [INFO] [1776699189.982755157] [robot_3.image_processor]: Zone=CLEAR
[image_processor-25] [INFO] [1776699192.361977266] [robot_4.image_processor]: Zone=CLEAR
[image_processor-21] [INFO] [1776699192.369126562] [robot_0.image_processor]: Zone=CLEAR
[image_processor-24] [INFO] [1776699192.377769997] [robot_3.image_processor]: Zone=CLEAR
[image_processor-23] [INFO] [1776699192.390943228] [robot_2.image_processor]: Zone=CLEAR
[image_processor-22] [INFO] [1776699192.400029022] [robot_1.image_processor]: Zone=CLEAR
[image_processor-25] [INFO] [1776699194.859760480] [robot_4.image_processor]: Zone=CLEAR
[image_processor-21] [INFO] [1776699194.867405803] [robot_0.image_processor]: Zone=CLEAR
[image_processor-24] [INFO] [1776699194.876604806] [robot_3.image_processor]: Zone=CLEAR
[image_processor-23] [INFO] [1776699194.890934605] [robot_2.image_processor]: Zone=CLEAR
[image_processor-22] [INFO] [1776699194.898956614] [robot_1.image_processor]: Zone=CLEAR
[image_processor-25] [INFO] [1776699197.359472675] [robot_4.image_processor]: Zone=CLEAR
[image_processor-21] [INFO] [1776699197.366804428] [robot_0.image_processor]: Zone=CLEAR
[image_processor-24] [INFO] [1776699197.377223128] [robot_3.image_processor]: Zone=CLEAR
[image_processor-23] [INFO] [1776699197.391167058] [robot_2.image_processor]: Zone=CLEAR
[image_processor-22] [INFO] [1776699197.499245561] [robot_1.image_processor]: Zone=CLEAR
[image_processor-25] [INFO] [1776699199.876509320] [robot_4.image_processor]: Zone=CLEAR
[image_processor-21] [INFO] [1776699199.885622163] [robot_0.image_processor]: Zone=CLEAR
[image_processor-24] [INFO] [1776699199.898101849] [robot_3.image_processor]: Zone=CLEAR
[image_processor-23] [INFO] [1776699199.915907319] [robot_2.image_processor]: Zone=CLEAR
[image_processor-22] [INFO] [1776699199.923498686] [robot_1.image_processor]: Zone=CLEAR
[image_processor-25] [INFO] [1776699202.364289432] [robot_4.image_processor]: Zone=CLEAR
[image_processor-21] [INFO] [1776699202.370404665] [robot_0.image_processor]: Zone=CLEAR
[image_processor-24] [INFO] [1776699202.381248352] [robot_3.image_processor]: Zone=CLEAR
[image_processor-22] [INFO] [1776699202.404544286] [robot_1.image_processor]: Zone=CLEAR
[image_processor-23] [INFO] [1776699202.499092250] [robot_2.image_processor]: Zone=CLEAR
[image_processor-25] [INFO] [1776699204.861940765] [robot_4.image_processor]: Zone=CLEAR
[image_processor-21] [INFO] [1776699204.870580626] [robot_0.image_processor]: Zone=CLEAR
[image_processor-24] [INFO] [1776699204.879560657] [robot_3.image_processor]: Zone=CLEAR
[image_processor-23] [INFO] [1776699204.894917636] [robot_2.image_processor]: Zone=CLEAR
[image_processor-22] [INFO] [1776699204.902643704] [robot_1.image_processor]: Zone=CLEAR
[image_processor-25] [INFO] [1776699207.359107242] [robot_4.image_processor]: Zone=CLEAR
[image_processor-21] [INFO] [1776699207.367947920] [robot_0.image_processor]: Zone=CLEAR
[image_processor-24] [INFO] [1776699207.377088864] [robot_3.image_processor]: Zone=CLEAR
[image_processor-23] [INFO] [1776699207.391415649] [robot_2.image_processor]: Zone=CLEAR
[image_processor-22] [INFO] [1776699207.400237555] [robot_1.image_processor]: Zone=CLEAR
[image_processor-25] [INFO] [1776699209.868567980] [robot_4.image_processor]: Zone=CLEAR
[image_processor-24] [INFO] [1776699209.893761787] [robot_3.image_processor]: Zone=CLEAR
[image_processor-23] [INFO] [1776699209.911263558] [robot_2.image_processor]: Zone=CLEAR
[image_processor-22] [INFO] [1776699209.925323222] [robot_1.image_processor]: Zone=CLEAR
[image_processor-21] [INFO] [1776699209.982253917] [robot_0.image_processor]: Zone=CLEAR
[INFO] [image_processor-25]: sending signal 'SIGINT' to process[image_processor-25]
[ERROR] [ign gazebo-1]: process has died [pid 23005, exit code -15, cmd 'ruby /usr/bin/ign gazebo /home/ecem/ros2_ws/install/swarm_basics/share/swarm_basics/worlds/random_world.sdf -s -r --force-version 6'].
[ERROR] [parameter_bridge-4]: process has died [pid 23012, exit code -15, cmd '/opt/ros/humble/lib/ros_ign_bridge/parameter_bridge /robot_0/cmd_vel@geometry_msgs/msg/Twist]ignition.msgs.Twist /robot_0/odom@nav_msgs/msg/Odometry[ignition.msgs.Odometry /robot_0/depth_camera/depth_image@sensor_msgs/msg/Image[ignition.msgs.Image /world/random_world/model/robot_0/link/robot_0/base_footprint/sensor/contact_sensor/contact@ros_gz_interfaces/msg/Contacts[ignition.msgs.Contacts /robot_1/cmd_vel@geometry_msgs/msg/Twist]ignition.msgs.Twist /robot_1/odom@nav_msgs/msg/Odometry[ignition.msgs.Odometry /robot_1/depth_camera/depth_image@sensor_msgs/msg/Image[ignition.msgs.Image /world/random_world/model/robot_1/link/robot_1/base_footprint/sensor/contact_sensor/contact@ros_gz_interfaces/msg/Contacts[ignition.msgs.Contacts /robot_2/cmd_vel@geometry_msgs/msg/Twist]ignition.msgs.Twist /robot_2/odom@nav_msgs/msg/Odometry[ignition.msgs.Odometry /robot_2/depth_camera/depth_image@sensor_msgs/msg/Image[ignition.msgs.Image /world/random_world/model/robot_2/link/robot_2/base_footprint/sensor/contact_sensor/contact@ros_gz_interfaces/msg/Contacts[ignition.msgs.Contacts /robot_3/cmd_vel@geometry_msgs/msg/Twist]ignition.msgs.Twist /robot_3/odom@nav_msgs/msg/Odometry[ignition.msgs.Odometry /robot_3/depth_camera/depth_image@sensor_msgs/msg/Image[ignition.msgs.Image /world/random_world/model/robot_3/link/robot_3/base_footprint/sensor/contact_sensor/contact@ros_gz_interfaces/msg/Contacts[ignition.msgs.Contacts /robot_4/cmd_vel@geometry_msgs/msg/Twist]ignition.msgs.Twist /robot_4/odom@nav_msgs/msg/Odometry[ignition.msgs.Odometry /robot_4/depth_camera/depth_image@sensor_msgs/msg/Image[ignition.msgs.Image /world/random_world/model/robot_4/link/robot_4/base_footprint/sensor/contact_sensor/contact@ros_gz_interfaces/msg/Contacts[ignition.msgs.Contacts /world/random_world/dynamic_pose/info@tf2_msgs/msg/TFMessage[ignition.msgs.Pose_V --ros-args -r __node:=all_robots_bridge --params-file /tmp/launch_params_fhk9_di7'].
[ERROR] [parameter_bridge-20]: process has died [pid 23051, exit code -9, cmd '/opt/ros/humble/lib/ros_gz_bridge/parameter_bridge /clock@rosgraph_msgs/msg/Clock[ignition.msgs.Clock --ros-args -r __node:=clock_bridge --params-file /tmp/launch_params_sjmwkt17'].
[INFO] [image_processor-24]: sending signal 'SIGINT' to process[image_processor-24]
[INFO] [bash-26]: process started with pid [24019]
[INFO] [image_processor-23]: sending signal 'SIGINT' to process[image_processor-23]
[INFO] [image_processor-22]: sending signal 'SIGINT' to process[image_processor-22]
[INFO] [image_processor-21]: sending signal 'SIGINT' to process[image_processor-21]
[INFO] [robot_supervisor-19]: sending signal 'SIGINT' to process[robot_supervisor-19]
[INFO] [robot_state_publisher-17]: sending signal 'SIGINT' to process[robot_state_publisher-17]
[ERROR] [bash-26]: process has died [pid 24019, exit code -15, cmd 'bash -lc pkill -f parameter_bridge || true'].
[INFO] [robot_supervisor-16]: sending signal 'SIGINT' to process[robot_supervisor-16]
[INFO] [robot_state_publisher-14]: sending signal 'SIGINT' to process[robot_state_publisher-14]
[INFO] [robot_supervisor-13]: sending signal 'SIGINT' to process[robot_supervisor-13]
[INFO] [robot_state_publisher-11]: sending signal 'SIGINT' to process[robot_state_publisher-11]
[INFO] [robot_supervisor-10]: sending signal 'SIGINT' to process[robot_supervisor-10]
[INFO] [robot_state_publisher-8]: sending signal 'SIGINT' to process[robot_state_publisher-8]
[INFO] [robot_supervisor-7]: sending signal 'SIGINT' to process[robot_supervisor-7]
[INFO] [robot_state_publisher-5]: sending signal 'SIGINT' to process[robot_state_publisher-5]
[INFO] [bump_counter-3]: sending signal 'SIGINT' to process[bump_counter-3]
[INFO] [coverage_counter-2]: sending signal 'SIGINT' to process[coverage_counter-2]
[parameter_bridge-20] [INFO] [1776699211.594129823] [rclcpp]: signal_handler(SIGINT/SIGTERM)
[parameter_bridge-4] [INFO] [1776699211.594129753] [rclcpp]: signal_handler(SIGINT/SIGTERM)
[INFO] [launch]: process[ign gazebo-1] was required: shutting down launched system
[image_processor-25] [INFO] [1776699212.416820993] [rclcpp]: signal_handler(SIGINT/SIGTERM)
[image_processor-24] [INFO] [1776699212.429865968] [rclcpp]: signal_handler(SIGINT/SIGTERM)
[image_processor-23] [INFO] [1776699212.442351076] [rclcpp]: signal_handler(SIGINT/SIGTERM)
[image_processor-22] [INFO] [1776699212.454022270] [rclcpp]: signal_handler(SIGINT/SIGTERM)
[image_processor-21] [INFO] [1776699212.465083338] [rclcpp]: signal_handler(SIGINT/SIGTERM)
[robot_supervisor-19] Traceback (most recent call last):
[robot_supervisor-19]   File "/home/ecem/ros2_ws/install/swarm_basics/lib/swarm_basics/robot_supervisor", line 33, in <module>
[robot_supervisor-19]     sys.exit(load_entry_point('swarm-basics==0.0.0', 'console_scripts', 'robot_supervisor')())
[robot_supervisor-19]   File "/home/ecem/ros2_ws/install/swarm_basics/lib/python3.10/site-packages/swarm_basics/robot_supervisor.py", line 867, in main
[robot_supervisor-19]     rclpy.spin(node)
[robot_supervisor-19]   File "/opt/ros/humble/local/lib/python3.10/dist-packages/rclpy/__init__.py", line 229, in spin
[robot_supervisor-19]     executor.spin_once()
[robot_supervisor-19]   File "/opt/ros/humble/local/lib/python3.10/dist-packages/rclpy/executors.py", line 773, in spin_once
[robot_supervisor-19]     self._spin_once_impl(timeout_sec)
[robot_supervisor-19]   File "/opt/ros/humble/local/lib/python3.10/dist-packages/rclpy/executors.py", line 762, in _spin_once_impl
[robot_supervisor-19]     handler, entity, node = self.wait_for_ready_callbacks(timeout_sec=timeout_sec)
[robot_supervisor-19]   File "/opt/ros/humble/local/lib/python3.10/dist-packages/rclpy/executors.py", line 745, in wait_for_ready_callbacks
[robot_supervisor-19]     return next(self._cb_iter)
[robot_supervisor-19]   File "/opt/ros/humble/local/lib/python3.10/dist-packages/rclpy/executors.py", line 642, in _wait_for_ready_callbacks
[robot_supervisor-19]     wait_set.wait(timeout_nsec)
[robot_supervisor-19] KeyboardInterrupt
[robot_state_publisher-17] [INFO] [1776699212.494113407] [rclcpp]: signal_handler(SIGINT/SIGTERM)
[robot_supervisor-16] Traceback (most recent call last):
[robot_supervisor-16]   File "/home/ecem/ros2_ws/install/swarm_basics/lib/swarm_basics/robot_supervisor", line 33, in <module>
[robot_supervisor-16]     sys.exit(load_entry_point('swarm-basics==0.0.0', 'console_scripts', 'robot_supervisor')())
[robot_supervisor-16]   File "/home/ecem/ros2_ws/install/swarm_basics/lib/python3.10/site-packages/swarm_basics/robot_supervisor.py", line 867, in main
[robot_supervisor-16]     rclpy.spin(node)
[robot_supervisor-16]   File "/opt/ros/humble/local/lib/python3.10/dist-packages/rclpy/__init__.py", line 229, in spin
[robot_supervisor-16]     executor.spin_once()
[robot_supervisor-16]   File "/opt/ros/humble/local/lib/python3.10/dist-packages/rclpy/executors.py", line 773, in spin_once
[robot_supervisor-16]     self._spin_once_impl(timeout_sec)
[robot_supervisor-16]   File "/opt/ros/humble/local/lib/python3.10/dist-packages/rclpy/executors.py", line 762, in _spin_once_impl
[robot_supervisor-16]     handler, entity, node = self.wait_for_ready_callbacks(timeout_sec=timeout_sec)
[robot_supervisor-16]   File "/opt/ros/humble/local/lib/python3.10/dist-packages/rclpy/executors.py", line 745, in wait_for_ready_callbacks
[robot_supervisor-16]     return next(self._cb_iter)
[robot_supervisor-16]   File "/opt/ros/humble/local/lib/python3.10/dist-packages/rclpy/executors.py", line 642, in _wait_for_ready_callbacks
[robot_supervisor-16]     wait_set.wait(timeout_nsec)
[robot_supervisor-16] KeyboardInterrupt
[robot_state_publisher-14] [INFO] [1776699212.512477709] [rclcpp]: signal_handler(SIGINT/SIGTERM)
[robot_supervisor-13] Traceback (most recent call last):
[robot_supervisor-13]   File "/home/ecem/ros2_ws/install/swarm_basics/lib/swarm_basics/robot_supervisor", line 33, in <module>
[robot_supervisor-13]     sys.exit(load_entry_point('swarm-basics==0.0.0', 'console_scripts', 'robot_supervisor')())
[robot_supervisor-13]   File "/home/ecem/ros2_ws/install/swarm_basics/lib/python3.10/site-packages/swarm_basics/robot_supervisor.py", line 867, in main
[robot_supervisor-13]     rclpy.spin(node)
[robot_supervisor-13]   File "/opt/ros/humble/local/lib/python3.10/dist-packages/rclpy/__init__.py", line 229, in spin
[robot_supervisor-13]     executor.spin_once()
[robot_supervisor-13]   File "/opt/ros/humble/local/lib/python3.10/dist-packages/rclpy/executors.py", line 773, in spin_once
[robot_supervisor-13]     self._spin_once_impl(timeout_sec)
[robot_supervisor-13]   File "/opt/ros/humble/local/lib/python3.10/dist-packages/rclpy/executors.py", line 762, in _spin_once_impl
[robot_supervisor-13]     handler, entity, node = self.wait_for_ready_callbacks(timeout_sec=timeout_sec)
[robot_supervisor-13]   File "/opt/ros/humble/local/lib/python3.10/dist-packages/rclpy/executors.py", line 745, in wait_for_ready_callbacks
[robot_supervisor-13]     return next(self._cb_iter)
[robot_supervisor-13]   File "/opt/ros/humble/local/lib/python3.10/dist-packages/rclpy/executors.py", line 642, in _wait_for_ready_callbacks
[robot_supervisor-13]     wait_set.wait(timeout_nsec)
[robot_supervisor-13] KeyboardInterrupt
[robot_state_publisher-11] [INFO] [1776699212.531041298] [rclcpp]: signal_handler(SIGINT/SIGTERM)
[robot_supervisor-10] Traceback (most recent call last):
[robot_supervisor-10]   File "/home/ecem/ros2_ws/install/swarm_basics/lib/swarm_basics/robot_supervisor", line 33, in <module>
[robot_supervisor-10]     sys.exit(load_entry_point('swarm-basics==0.0.0', 'console_scripts', 'robot_supervisor')())
[robot_supervisor-10]   File "/home/ecem/ros2_ws/install/swarm_basics/lib/python3.10/site-packages/swarm_basics/robot_supervisor.py", line 867, in main
[robot_supervisor-10]     rclpy.spin(node)
[robot_supervisor-10]   File "/opt/ros/humble/local/lib/python3.10/dist-packages/rclpy/__init__.py", line 229, in spin
[robot_supervisor-10]     executor.spin_once()
[robot_supervisor-10]   File "/opt/ros/humble/local/lib/python3.10/dist-packages/rclpy/executors.py", line 773, in spin_once
[robot_supervisor-10]     self._spin_once_impl(timeout_sec)
[robot_supervisor-10]   File "/opt/ros/humble/local/lib/python3.10/dist-packages/rclpy/executors.py", line 762, in _spin_once_impl
[robot_supervisor-10]     handler, entity, node = self.wait_for_ready_callbacks(timeout_sec=timeout_sec)
[robot_supervisor-10]   File "/opt/ros/humble/local/lib/python3.10/dist-packages/rclpy/executors.py", line 745, in wait_for_ready_callbacks
[robot_supervisor-10]     return next(self._cb_iter)
[robot_supervisor-10]   File "/opt/ros/humble/local/lib/python3.10/dist-packages/rclpy/executors.py", line 642, in _wait_for_ready_callbacks
[robot_supervisor-10]     wait_set.wait(timeout_nsec)
[robot_supervisor-10] KeyboardInterrupt
[robot_state_publisher-8] [INFO] [1776699212.552964877] [rclcpp]: signal_handler(SIGINT/SIGTERM)
[robot_supervisor-7] Traceback (most recent call last):
[robot_supervisor-7]   File "/home/ecem/ros2_ws/install/swarm_basics/lib/swarm_basics/robot_supervisor", line 33, in <module>
[robot_supervisor-7]     sys.exit(load_entry_point('swarm-basics==0.0.0', 'console_scripts', 'robot_supervisor')())
[robot_supervisor-7]   File "/home/ecem/ros2_ws/install/swarm_basics/lib/python3.10/site-packages/swarm_basics/robot_supervisor.py", line 867, in main
[robot_supervisor-7]     rclpy.spin(node)
[robot_supervisor-7]   File "/opt/ros/humble/local/lib/python3.10/dist-packages/rclpy/__init__.py", line 229, in spin
[robot_supervisor-7]     executor.spin_once()
[robot_supervisor-7]   File "/opt/ros/humble/local/lib/python3.10/dist-packages/rclpy/executors.py", line 773, in spin_once
[robot_supervisor-7]     self._spin_once_impl(timeout_sec)
[robot_supervisor-7]   File "/opt/ros/humble/local/lib/python3.10/dist-packages/rclpy/executors.py", line 762, in _spin_once_impl
[robot_supervisor-7]     handler, entity, node = self.wait_for_ready_callbacks(timeout_sec=timeout_sec)
[robot_supervisor-7]   File "/opt/ros/humble/local/lib/python3.10/dist-packages/rclpy/executors.py", line 745, in wait_for_ready_callbacks
[robot_supervisor-7]     return next(self._cb_iter)
[robot_supervisor-7]   File "/opt/ros/humble/local/lib/python3.10/dist-packages/rclpy/executors.py", line 642, in _wait_for_ready_callbacks
[robot_supervisor-7]     wait_set.wait(timeout_nsec)
[robot_supervisor-7] KeyboardInterrupt
[robot_state_publisher-5] [INFO] [1776699212.575851215] [rclcpp]: signal_handler(SIGINT/SIGTERM)
[ERROR] [launch]: Caught exception in launch (see debug for traceback): ExecuteLocal action 'bash-27': executed more than once: <launch.actions.execute_process.ExecuteProcess object at 0x7a3c21194880>
[INFO] [image_processor-25]: process has finished cleanly [pid 23409]
[INFO] [image_processor-24]: process has finished cleanly [pid 23407]
[INFO] [image_processor-23]: process has finished cleanly [pid 23405]
[INFO] [image_processor-22]: process has finished cleanly [pid 23403]
[INFO] [image_processor-21]: process has finished cleanly [pid 23401]
[INFO] [robot_state_publisher-17]: process has finished cleanly [pid 23040]
[INFO] [robot_state_publisher-14]: process has finished cleanly [pid 23034]
[INFO] [robot_state_publisher-11]: process has finished cleanly [pid 23028]
[INFO] [robot_state_publisher-8]: process has finished cleanly [pid 23020]
[INFO] [robot_state_publisher-5]: process has finished cleanly [pid 23014]
[bump_counter-3] Traceback (most recent call last):
[bump_counter-3]   File "/home/ecem/ros2_ws/install/swarm_basics/lib/swarm_basics/bump_counter", line 33, in <module>
[bump_counter-3]     sys.exit(load_entry_point('swarm-basics==0.0.0', 'console_scripts', 'bump_counter')())
[bump_counter-3]   File "/home/ecem/ros2_ws/install/swarm_basics/lib/python3.10/site-packages/swarm_basics/bump_counter.py", line 384, in main
[bump_counter-3]     rclpy.shutdown()
[bump_counter-3]   File "/opt/ros/humble/local/lib/python3.10/dist-packages/rclpy/__init__.py", line 130, in shutdown
[bump_counter-3]     _shutdown(context=context)
[bump_counter-3]   File "/opt/ros/humble/local/lib/python3.10/dist-packages/rclpy/utilities.py", line 58, in shutdown
[bump_counter-3]     return context.shutdown()
[bump_counter-3]   File "/opt/ros/humble/local/lib/python3.10/dist-packages/rclpy/context.py", line 102, in shutdown
[bump_counter-3]     self.__context.shutdown()
[bump_counter-3] rclpy._rclpy_pybind11.RCLError: failed to shutdown: rcl_shutdown already called on the given context, at ./src/rcl/init.c:241
[coverage_counter-2] Traceback (most recent call last):
[coverage_counter-2]   File "/home/ecem/ros2_ws/install/swarm_basics/lib/python3.10/site-packages/swarm_basics/coverage_counter.py", line 418, in main
[coverage_counter-2]     rclpy.spin(node)
[coverage_counter-2]   File "/opt/ros/humble/local/lib/python3.10/dist-packages/rclpy/__init__.py", line 229, in spin
[coverage_counter-2]     executor.spin_once()
[coverage_counter-2]   File "/opt/ros/humble/local/lib/python3.10/dist-packages/rclpy/executors.py", line 773, in spin_once
[coverage_counter-2]     self._spin_once_impl(timeout_sec)
[coverage_counter-2]   File "/opt/ros/humble/local/lib/python3.10/dist-packages/rclpy/executors.py", line 768, in _spin_once_impl
[coverage_counter-2]     handler()
[coverage_counter-2]   File "/opt/ros/humble/local/lib/python3.10/dist-packages/rclpy/task.py", line 254, in __call__
[coverage_counter-2]     self._handler.send(None)
[coverage_counter-2]   File "/opt/ros/humble/local/lib/python3.10/dist-packages/rclpy/executors.py", line 463, in handler
[coverage_counter-2]     await call_coroutine(entity, arg)
[coverage_counter-2]   File "/opt/ros/humble/local/lib/python3.10/dist-packages/rclpy/executors.py", line 371, in _execute_timer
[coverage_counter-2]     await await_or_execute(tmr.callback)
[coverage_counter-2]   File "/opt/ros/humble/local/lib/python3.10/dist-packages/rclpy/executors.py", line 107, in await_or_execute
[coverage_counter-2]     return callback(*args)
[coverage_counter-2]   File "/home/ecem/ros2_ws/install/swarm_basics/lib/python3.10/site-packages/swarm_basics/coverage_counter.py", line 152, in _on_timeout_timer
[coverage_counter-2]     self.shutdown_and_save()
[coverage_counter-2]   File "/home/ecem/ros2_ws/install/swarm_basics/lib/python3.10/site-packages/swarm_basics/coverage_counter.py", line 174, in shutdown_and_save
[coverage_counter-2]     rclpy.shutdown()
[coverage_counter-2]   File "/opt/ros/humble/local/lib/python3.10/dist-packages/rclpy/__init__.py", line 130, in shutdown
[coverage_counter-2]     _shutdown(context=context)
[coverage_counter-2]   File "/opt/ros/humble/local/lib/python3.10/dist-packages/rclpy/utilities.py", line 58, in shutdown
[coverage_counter-2]     return context.shutdown()
[coverage_counter-2]   File "/opt/ros/humble/local/lib/python3.10/dist-packages/rclpy/context.py", line 103, in shutdown
[coverage_counter-2]     self._call_on_shutdown_callbacks()
[coverage_counter-2]   File "/opt/ros/humble/local/lib/python3.10/dist-packages/rclpy/context.py", line 92, in _call_on_shutdown_callbacks
[coverage_counter-2]     callback = weak_method()
[coverage_counter-2]   File "/opt/ros/humble/local/lib/python3.10/dist-packages/rclpy/__init__.py", line 111, in reset_executor
[coverage_counter-2]     __executor.shutdown()
[coverage_counter-2]   File "/opt/ros/humble/local/lib/python3.10/dist-packages/rclpy/executors.py", line 227, in shutdown
[coverage_counter-2]     if not self._work_tracker.wait(timeout_sec):
[coverage_counter-2]   File "/opt/ros/humble/local/lib/python3.10/dist-packages/rclpy/executors.py", line 94, in wait
[coverage_counter-2]     if not self._work_condition.wait_for(
[coverage_counter-2]   File "/usr/lib/python3.10/threading.py", line 355, in wait_for
[coverage_counter-2]     self.wait(waittime)
[coverage_counter-2]   File "/usr/lib/python3.10/threading.py", line 320, in wait
[coverage_counter-2]     waiter.acquire()
[coverage_counter-2] KeyboardInterrupt
[coverage_counter-2] 
[coverage_counter-2] During handling of the above exception, another exception occurred:
[coverage_counter-2] 
[coverage_counter-2] Traceback (most recent call last):
[coverage_counter-2]   File "/home/ecem/ros2_ws/install/swarm_basics/lib/swarm_basics/coverage_counter", line 33, in <module>
[coverage_counter-2]     sys.exit(load_entry_point('swarm-basics==0.0.0', 'console_scripts', 'coverage_counter')())
[coverage_counter-2]   File "/home/ecem/ros2_ws/install/swarm_basics/lib/python3.10/site-packages/swarm_basics/coverage_counter.py", line 421, in main
[coverage_counter-2]     node.shutdown_and_save()
[coverage_counter-2]   File "/home/ecem/ros2_ws/install/swarm_basics/lib/python3.10/site-packages/swarm_basics/coverage_counter.py", line 174, in shutdown_and_save
[coverage_counter-2]     rclpy.shutdown()
[coverage_counter-2]   File "/opt/ros/humble/local/lib/python3.10/dist-packages/rclpy/__init__.py", line 130, in shutdown
[coverage_counter-2]     _shutdown(context=context)
[coverage_counter-2]   File "/opt/ros/humble/local/lib/python3.10/dist-packages/rclpy/utilities.py", line 58, in shutdown
[coverage_counter-2]     return context.shutdown()
[coverage_counter-2]   File "/opt/ros/humble/local/lib/python3.10/dist-packages/rclpy/context.py", line 100, in shutdown
[coverage_counter-2]     raise RuntimeError('Context must be initialized before it can be shutdown')
[coverage_counter-2] RuntimeError: Context must be initialized before it can be shutdown
[ERROR] [bump_counter-3]: process has died [pid 23010, exit code 1, cmd '/home/ecem/ros2_ws/install/swarm_basics/lib/swarm_basics/bump_counter --ros-args -r __node:=bump_counter --params-file /tmp/launch_params__yo51rdw --params-file /tmp/launch_params_x2hbhmtt --params-file /tmp/launch_params_73yn7j2t'].
[ERROR] [coverage_counter-2]: process has died [pid 23007, exit code 1, cmd '/home/ecem/ros2_ws/install/swarm_basics/lib/swarm_basics/coverage_counter --ros-args -r __node:=coverage_counter --params-file /tmp/launch_params_x9psv2ym --params-file /tmp/launch_params_4oed28gi --params-file /tmp/launch_params_rf2p588s --params-file /tmp/launch_params_vgbfhmwj --params-file /tmp/launch_params_nsr09l1k --params-file /tmp/launch_params_hq89y3zk'].
[ERROR] [robot_supervisor-19]: process has died [pid 23049, exit code -2, cmd '/home/ecem/ros2_ws/install/swarm_basics/lib/swarm_basics/robot_supervisor --ros-args -r __node:=robot_supervisor -r __ns:=/robot_4 --params-file /tmp/launch_params_o3i1vnog --params-file /tmp/launch_params_m0wciyfl --params-file /tmp/launch_params_4ne4q5hx --params-file /tmp/launch_params_scd247lu'].
[ERROR] [robot_supervisor-16]: process has died [pid 23038, exit code -2, cmd '/home/ecem/ros2_ws/install/swarm_basics/lib/swarm_basics/robot_supervisor --ros-args -r __node:=robot_supervisor -r __ns:=/robot_3 --params-file /tmp/launch_params_65d_e4ab --params-file /tmp/launch_params_8xxobzxt --params-file /tmp/launch_params_3hualhy9 --params-file /tmp/launch_params_wgb3ui4m'].
[ERROR] [robot_supervisor-13]: process has died [pid 23032, exit code -2, cmd '/home/ecem/ros2_ws/install/swarm_basics/lib/swarm_basics/robot_supervisor --ros-args -r __node:=robot_supervisor -r __ns:=/robot_2 --params-file /tmp/launch_params_ojvido9m --params-file /tmp/launch_params_cj_a8qgm --params-file /tmp/launch_params_6e5vcwjq --params-file /tmp/launch_params_ya6rfzqu'].
[ERROR] [robot_supervisor-10]: process has died [pid 23025, exit code -2, cmd '/home/ecem/ros2_ws/install/swarm_basics/lib/swarm_basics/robot_supervisor --ros-args -r __node:=robot_supervisor -r __ns:=/robot_1 --params-file /tmp/launch_params_d8svdi4i --params-file /tmp/launch_params_cnhqv75h --params-file /tmp/launch_params_63ahi000 --params-file /tmp/launch_params_ikse3p22'].
[ERROR] [robot_supervisor-7]: process has died [pid 23018, exit code -2, cmd '/home/ecem/ros2_ws/install/swarm_basics/lib/swarm_basics/robot_supervisor --ros-args -r __node:=robot_supervisor -r __ns:=/robot_0 --params-file /tmp/launch_params_vxs08vz6 --params-file /tmp/launch_params_179w10o0 --params-file /tmp/launch_params_ltow_i1k --params-file /tmp/launch_params_1f4xbz96'].
