[INFO] [launch]: All log files can be found below /home/ecem/.ros/log/2026-04-21-15-53-19-229659-ecem-pc-312844
[INFO] [launch]: Default logging verbosity is set to INFO
[INFO] [ign gazebo-1]: process started with pid [312859]
[INFO] [coverage_counter-2]: process started with pid [312862]
[INFO] [bump_counter-3]: process started with pid [312864]
[INFO] [parameter_bridge-4]: process started with pid [312866]
[INFO] [robot_state_publisher-5]: process started with pid [312868]
[INFO] [create-6]: process started with pid [312870]
[INFO] [robot_supervisor-7]: process started with pid [312873]
[INFO] [robot_state_publisher-8]: process started with pid [312876]
[INFO] [create-9]: process started with pid [312878]
[INFO] [robot_supervisor-10]: process started with pid [312880]
[INFO] [robot_state_publisher-11]: process started with pid [312882]
[INFO] [create-12]: process started with pid [312884]
[INFO] [robot_supervisor-13]: process started with pid [312886]
[INFO] [robot_state_publisher-14]: process started with pid [312888]
[INFO] [create-15]: process started with pid [312890]
[INFO] [robot_supervisor-16]: process started with pid [312892]
[INFO] [robot_state_publisher-17]: process started with pid [312896]
[INFO] [create-18]: process started with pid [312913]
[INFO] [robot_supervisor-19]: process started with pid [312915]
[INFO] [parameter_bridge-20]: process started with pid [312917]
[parameter_bridge-4] [ros_ign_bridge] is deprecated! Redirecting to use [ros_gz_bridge] instead!
[parameter_bridge-4] 
[create-15] [INFO] [1776779599.657558575] [robot_3.ros_gz_sim]: Requesting list of world names.
[create-9] [INFO] [1776779599.657685839] [robot_1.ros_gz_sim]: Requesting list of world names.
[create-6] [INFO] [1776779599.660824718] [robot_0.ros_gz_sim]: Requesting list of world names.
[create-12] [INFO] [1776779599.663526365] [robot_2.ros_gz_sim]: Requesting list of world names.
[create-18] [INFO] [1776779599.670567420] [robot_4.ros_gz_sim]: Requesting list of world names.
[robot_state_publisher-8] [INFO] [1776779599.673175312] [robot_1.robot_state_publisher]: got segment robot_1/antenna_link
[robot_state_publisher-8] [INFO] [1776779599.673293392] [robot_1.robot_state_publisher]: got segment robot_1/base_footprint
[robot_state_publisher-8] [INFO] [1776779599.673306730] [robot_1.robot_state_publisher]: got segment robot_1/base_link
[robot_state_publisher-8] [INFO] [1776779599.673315805] [robot_1.robot_state_publisher]: got segment robot_1/realsense_link
[robot_state_publisher-8] [INFO] [1776779599.673323824] [robot_1.robot_state_publisher]: got segment robot_1/rocker_L_link
[robot_state_publisher-8] [INFO] [1776779599.673331432] [robot_1.robot_state_publisher]: got segment robot_1/rocker_R_link
[robot_state_publisher-8] [INFO] [1776779599.673338967] [robot_1.robot_state_publisher]: got segment robot_1/wheel_FL_link
[robot_state_publisher-8] [INFO] [1776779599.673346562] [robot_1.robot_state_publisher]: got segment robot_1/wheel_FR_link
[robot_state_publisher-8] [INFO] [1776779599.673354059] [robot_1.robot_state_publisher]: got segment robot_1/wheel_RL_link
[robot_state_publisher-8] [INFO] [1776779599.673361514] [robot_1.robot_state_publisher]: got segment robot_1/wheel_RR_link
[parameter_bridge-4] [INFO] [1776779599.674054007] [all_robots_bridge]: Creating ROS->GZ Bridge: [/robot_0/cmd_vel (geometry_msgs/msg/Twist) -> /robot_0/cmd_vel (ignition.msgs.Twist)] (Lazy 0)
[robot_state_publisher-14] [INFO] [1776779599.675436128] [robot_3.robot_state_publisher]: got segment robot_3/antenna_link
[robot_state_publisher-14] [INFO] [1776779599.675514720] [robot_3.robot_state_publisher]: got segment robot_3/base_footprint
[robot_state_publisher-14] [INFO] [1776779599.675525995] [robot_3.robot_state_publisher]: got segment robot_3/base_link
[robot_state_publisher-14] [INFO] [1776779599.675532293] [robot_3.robot_state_publisher]: got segment robot_3/realsense_link
[robot_state_publisher-14] [INFO] [1776779599.675544296] [robot_3.robot_state_publisher]: got segment robot_3/rocker_L_link
[robot_state_publisher-14] [INFO] [1776779599.675549646] [robot_3.robot_state_publisher]: got segment robot_3/rocker_R_link
[robot_state_publisher-14] [INFO] [1776779599.675554875] [robot_3.robot_state_publisher]: got segment robot_3/wheel_FL_link
[robot_state_publisher-14] [INFO] [1776779599.675560769] [robot_3.robot_state_publisher]: got segment robot_3/wheel_FR_link
[robot_state_publisher-14] [INFO] [1776779599.675566605] [robot_3.robot_state_publisher]: got segment robot_3/wheel_RL_link
[robot_state_publisher-14] [INFO] [1776779599.675572348] [robot_3.robot_state_publisher]: got segment robot_3/wheel_RR_link
[parameter_bridge-4] [INFO] [1776779599.675582159] [all_robots_bridge]: Creating GZ->ROS Bridge: [/robot_0/odom (ignition.msgs.Odometry) -> /robot_0/odom (nav_msgs/msg/Odometry)] (Lazy 0)
[parameter_bridge-4] [INFO] [1776779599.676250321] [all_robots_bridge]: Creating GZ->ROS Bridge: [/robot_0/depth_camera/depth_image (ignition.msgs.Image) -> /robot_0/depth_camera/depth_image (sensor_msgs/msg/Image)] (Lazy 0)
[parameter_bridge-4] [INFO] [1776779599.677004261] [all_robots_bridge]: Creating GZ->ROS Bridge: [/world/random_world/model/robot_0/link/robot_0/base_footprint/sensor/contact_sensor/contact (ignition.msgs.Contacts) -> /world/random_world/model/robot_0/link/robot_0/base_footprint/sensor/contact_sensor/contact (ros_gz_interfaces/msg/Contacts)] (Lazy 0)
[parameter_bridge-4] [INFO] [1776779599.677732551] [all_robots_bridge]: Creating ROS->GZ Bridge: [/robot_1/cmd_vel (geometry_msgs/msg/Twist) -> /robot_1/cmd_vel (ignition.msgs.Twist)] (Lazy 0)
[parameter_bridge-4] [INFO] [1776779599.678012147] [all_robots_bridge]: Creating GZ->ROS Bridge: [/robot_1/odom (ignition.msgs.Odometry) -> /robot_1/odom (nav_msgs/msg/Odometry)] (Lazy 0)
[parameter_bridge-4] [INFO] [1776779599.678327391] [all_robots_bridge]: Creating GZ->ROS Bridge: [/robot_1/depth_camera/depth_image (ignition.msgs.Image) -> /robot_1/depth_camera/depth_image (sensor_msgs/msg/Image)] (Lazy 0)
[parameter_bridge-4] [INFO] [1776779599.679009612] [all_robots_bridge]: Creating GZ->ROS Bridge: [/world/random_world/model/robot_1/link/robot_1/base_footprint/sensor/contact_sensor/contact (ignition.msgs.Contacts) -> /world/random_world/model/robot_1/link/robot_1/base_footprint/sensor/contact_sensor/contact (ros_gz_interfaces/msg/Contacts)] (Lazy 0)
[parameter_bridge-4] [INFO] [1776779599.679553479] [all_robots_bridge]: Creating ROS->GZ Bridge: [/robot_2/cmd_vel (geometry_msgs/msg/Twist) -> /robot_2/cmd_vel (ignition.msgs.Twist)] (Lazy 0)
[parameter_bridge-4] [INFO] [1776779599.679765132] [all_robots_bridge]: Creating GZ->ROS Bridge: [/robot_2/odom (ignition.msgs.Odometry) -> /robot_2/odom (nav_msgs/msg/Odometry)] (Lazy 0)
[parameter_bridge-4] [INFO] [1776779599.679969805] [all_robots_bridge]: Creating GZ->ROS Bridge: [/robot_2/depth_camera/depth_image (ignition.msgs.Image) -> /robot_2/depth_camera/depth_image (sensor_msgs/msg/Image)] (Lazy 0)
[parameter_bridge-4] [INFO] [1776779599.680139546] [all_robots_bridge]: Creating GZ->ROS Bridge: [/world/random_world/model/robot_2/link/robot_2/base_footprint/sensor/contact_sensor/contact (ignition.msgs.Contacts) -> /world/random_world/model/robot_2/link/robot_2/base_footprint/sensor/contact_sensor/contact (ros_gz_interfaces/msg/Contacts)] (Lazy 0)
[parameter_bridge-4] [INFO] [1776779599.680377485] [all_robots_bridge]: Creating ROS->GZ Bridge: [/robot_3/cmd_vel (geometry_msgs/msg/Twist) -> /robot_3/cmd_vel (ignition.msgs.Twist)] (Lazy 0)
[parameter_bridge-4] [INFO] [1776779599.680546726] [all_robots_bridge]: Creating GZ->ROS Bridge: [/robot_3/odom (ignition.msgs.Odometry) -> /robot_3/odom (nav_msgs/msg/Odometry)] (Lazy 0)
[parameter_bridge-4] [INFO] [1776779599.680725970] [all_robots_bridge]: Creating GZ->ROS Bridge: [/robot_3/depth_camera/depth_image (ignition.msgs.Image) -> /robot_3/depth_camera/depth_image (sensor_msgs/msg/Image)] (Lazy 0)
[parameter_bridge-4] [INFO] [1776779599.680877419] [all_robots_bridge]: Creating GZ->ROS Bridge: [/world/random_world/model/robot_3/link/robot_3/base_footprint/sensor/contact_sensor/contact (ignition.msgs.Contacts) -> /world/random_world/model/robot_3/link/robot_3/base_footprint/sensor/contact_sensor/contact (ros_gz_interfaces/msg/Contacts)] (Lazy 0)
[parameter_bridge-4] [INFO] [1776779599.681095987] [all_robots_bridge]: Creating ROS->GZ Bridge: [/robot_4/cmd_vel (geometry_msgs/msg/Twist) -> /robot_4/cmd_vel (ignition.msgs.Twist)] (Lazy 0)
[parameter_bridge-4] [INFO] [1776779599.681235831] [all_robots_bridge]: Creating GZ->ROS Bridge: [/robot_4/odom (ignition.msgs.Odometry) -> /robot_4/odom (nav_msgs/msg/Odometry)] (Lazy 0)
[parameter_bridge-4] [INFO] [1776779599.681408916] [all_robots_bridge]: Creating GZ->ROS Bridge: [/robot_4/depth_camera/depth_image (ignition.msgs.Image) -> /robot_4/depth_camera/depth_image (sensor_msgs/msg/Image)] (Lazy 0)
[parameter_bridge-4] [INFO] [1776779599.681635387] [all_robots_bridge]: Creating GZ->ROS Bridge: [/world/random_world/model/robot_4/link/robot_4/base_footprint/sensor/contact_sensor/contact (ignition.msgs.Contacts) -> /world/random_world/model/robot_4/link/robot_4/base_footprint/sensor/contact_sensor/contact (ros_gz_interfaces/msg/Contacts)] (Lazy 0)
[parameter_bridge-4] [INFO] [1776779599.682080525] [all_robots_bridge]: Creating GZ->ROS Bridge: [/world/random_world/dynamic_pose/info (ignition.msgs.Pose_V) -> /world/random_world/dynamic_pose/info (tf2_msgs/msg/TFMessage)] (Lazy 0)
[robot_state_publisher-11] [INFO] [1776779599.683143246] [robot_2.robot_state_publisher]: got segment robot_2/antenna_link
[robot_state_publisher-11] [INFO] [1776779599.683305241] [robot_2.robot_state_publisher]: got segment robot_2/base_footprint
[robot_state_publisher-11] [INFO] [1776779599.683332403] [robot_2.robot_state_publisher]: got segment robot_2/base_link
[robot_state_publisher-11] [INFO] [1776779599.683343224] [robot_2.robot_state_publisher]: got segment robot_2/realsense_link
[robot_state_publisher-11] [INFO] [1776779599.683351307] [robot_2.robot_state_publisher]: got segment robot_2/rocker_L_link
[robot_state_publisher-11] [INFO] [1776779599.683359201] [robot_2.robot_state_publisher]: got segment robot_2/rocker_R_link
[robot_state_publisher-11] [INFO] [1776779599.683367183] [robot_2.robot_state_publisher]: got segment robot_2/wheel_FL_link
[robot_state_publisher-11] [INFO] [1776779599.683375352] [robot_2.robot_state_publisher]: got segment robot_2/wheel_FR_link
[robot_state_publisher-11] [INFO] [1776779599.683382943] [robot_2.robot_state_publisher]: got segment robot_2/wheel_RL_link
[robot_state_publisher-11] [INFO] [1776779599.683390210] [robot_2.robot_state_publisher]: got segment robot_2/wheel_RR_link
[robot_state_publisher-5] [INFO] [1776779599.688519318] [robot_0.robot_state_publisher]: got segment robot_0/antenna_link
[robot_state_publisher-5] [INFO] [1776779599.688666302] [robot_0.robot_state_publisher]: got segment robot_0/base_footprint
[robot_state_publisher-5] [INFO] [1776779599.688684804] [robot_0.robot_state_publisher]: got segment robot_0/base_link
[robot_state_publisher-5] [INFO] [1776779599.688697111] [robot_0.robot_state_publisher]: got segment robot_0/realsense_link
[robot_state_publisher-5] [INFO] [1776779599.688706657] [robot_0.robot_state_publisher]: got segment robot_0/rocker_L_link
[robot_state_publisher-5] [INFO] [1776779599.688714578] [robot_0.robot_state_publisher]: got segment robot_0/rocker_R_link
[robot_state_publisher-5] [INFO] [1776779599.688722338] [robot_0.robot_state_publisher]: got segment robot_0/wheel_FL_link
[robot_state_publisher-5] [INFO] [1776779599.688730945] [robot_0.robot_state_publisher]: got segment robot_0/wheel_FR_link
[robot_state_publisher-5] [INFO] [1776779599.688738374] [robot_0.robot_state_publisher]: got segment robot_0/wheel_RL_link
[robot_state_publisher-5] [INFO] [1776779599.688747629] [robot_0.robot_state_publisher]: got segment robot_0/wheel_RR_link
[robot_state_publisher-17] [INFO] [1776779599.688845132] [robot_4.robot_state_publisher]: got segment robot_4/antenna_link
[robot_state_publisher-17] [INFO] [1776779599.688922853] [robot_4.robot_state_publisher]: got segment robot_4/base_footprint
[robot_state_publisher-17] [INFO] [1776779599.688929897] [robot_4.robot_state_publisher]: got segment robot_4/base_link
[robot_state_publisher-17] [INFO] [1776779599.688934845] [robot_4.robot_state_publisher]: got segment robot_4/realsense_link
[robot_state_publisher-17] [INFO] [1776779599.688939888] [robot_4.robot_state_publisher]: got segment robot_4/rocker_L_link
[robot_state_publisher-17] [INFO] [1776779599.688943087] [robot_4.robot_state_publisher]: got segment robot_4/rocker_R_link
[robot_state_publisher-17] [INFO] [1776779599.688946564] [robot_4.robot_state_publisher]: got segment robot_4/wheel_FL_link
[robot_state_publisher-17] [INFO] [1776779599.688951341] [robot_4.robot_state_publisher]: got segment robot_4/wheel_FR_link
[robot_state_publisher-17] [INFO] [1776779599.688954450] [robot_4.robot_state_publisher]: got segment robot_4/wheel_RL_link
[robot_state_publisher-17] [INFO] [1776779599.688957684] [robot_4.robot_state_publisher]: got segment robot_4/wheel_RR_link
[parameter_bridge-20] [INFO] [1776779599.694427792] [clock_bridge]: Creating GZ->ROS Bridge: [/clock (ignition.msgs.Clock) -> /clock (rosgraph_msgs/msg/Clock)] (Lazy 0)
[robot_supervisor-7] [INFO] [1776779599.954738529] [robot_0.robot_supervisor]: Loaded initial mission 'explore' from explicit YAML explore_sup_gpt_medium_5_run_10_166.yaml
[bump_counter-3] [INFO] [1776779600.001268067] [bump_counter]: [global] global_mode=True cooldown(robot)=0.80s cooldown(obs)=0.50s Logging to /home/ecem/ros2_ws/src/Leo_sct/results_exp/explore/medium/prompt_5/run_10/middle_circle/trial_1/run_20260421_155319/bumps_global_155319.csv
[robot_supervisor-16] [INFO] [1776779600.059417704] [robot_3.robot_supervisor]: Loaded initial mission 'explore' from explicit YAML explore_sup_gpt_medium_5_run_10_166.yaml
[robot_supervisor-13] [INFO] [1776779600.061841981] [robot_2.robot_supervisor]: Loaded initial mission 'explore' from explicit YAML explore_sup_gpt_medium_5_run_10_166.yaml
[robot_supervisor-10] [INFO] [1776779600.075858761] [robot_1.robot_supervisor]: Loaded initial mission 'explore' from explicit YAML explore_sup_gpt_medium_5_run_10_166.yaml
[robot_supervisor-19] [INFO] [1776779600.077213795] [robot_4.robot_supervisor]: Loaded initial mission 'explore' from explicit YAML explore_sup_gpt_medium_5_run_10_166.yaml
[parameter_bridge-4] [INFO] [1776779600.110477026] [all_robots_bridge]: Passing message from ROS geometry_msgs/msg/Twist to Gazebo gz.msgs.Twist (showing msg only once per type)
[create-9] [INFO] [1776779600.212010427] [robot_1.ros_gz_sim]: Waiting messages on topic [/robot_1/robot_description].
[create-18] [INFO] [1776779600.312236996] [robot_4.ros_gz_sim]: Waiting messages on topic [/robot_4/robot_description].
[create-12] [INFO] [1776779600.412815155] [robot_2.ros_gz_sim]: Waiting messages on topic [/robot_2/robot_description].
[create-6] [INFO] [1776779600.513069744] [robot_0.ros_gz_sim]: Waiting messages on topic [/robot_0/robot_description].
[create-12] [INFO] [1776779600.612488671] [robot_2.ros_gz_sim]: Requested creation of entity.
[create-12] [INFO] [1776779600.612559099] [robot_2.ros_gz_sim]: OK creation of entity.
[create-9] [INFO] [1776779600.612593141] [robot_1.ros_gz_sim]: Requested creation of entity.
[create-9] [INFO] [1776779600.612645142] [robot_1.ros_gz_sim]: OK creation of entity.
[create-6] [INFO] [1776779600.612591654] [robot_0.ros_gz_sim]: Requested creation of entity.
[create-6] [INFO] [1776779600.612643944] [robot_0.ros_gz_sim]: OK creation of entity.
[create-18] [INFO] [1776779600.612607061] [robot_4.ros_gz_sim]: Requested creation of entity.
[create-18] [INFO] [1776779600.612662195] [robot_4.ros_gz_sim]: OK creation of entity.
[create-15] [INFO] [1776779600.613366457] [robot_3.ros_gz_sim]: Waiting messages on topic [/robot_3/robot_description].
[create-15] [INFO] [1776779600.616447031] [robot_3.ros_gz_sim]: Requested creation of entity.
[create-15] [INFO] [1776779600.616476437] [robot_3.ros_gz_sim]: OK creation of entity.
[INFO] [create-15]: process has finished cleanly [pid 312890]
[INFO] [create-9]: process has finished cleanly [pid 312878]
[INFO] [create-6]: process has finished cleanly [pid 312870]
[INFO] [create-18]: process has finished cleanly [pid 312913]
[INFO] [create-12]: process has finished cleanly [pid 312884]
[bump_counter-3] [INFO] [1776779601.052841120] [bump_counter]: [global] subscribed: /world/random_world/model/robot_0/link/robot_0/base_footprint/sensor/contact_sensor/contact
[bump_counter-3] [INFO] [1776779601.053532114] [bump_counter]: [global] subscribed: /world/random_world/model/robot_1/link/robot_1/base_footprint/sensor/contact_sensor/contact
[bump_counter-3] [INFO] [1776779601.054110872] [bump_counter]: [global] subscribed: /world/random_world/model/robot_2/link/robot_2/base_footprint/sensor/contact_sensor/contact
[bump_counter-3] [INFO] [1776779601.054646076] [bump_counter]: [global] subscribed: /world/random_world/model/robot_3/link/robot_3/base_footprint/sensor/contact_sensor/contact
[bump_counter-3] [INFO] [1776779601.055231799] [bump_counter]: [global] subscribed: /world/random_world/model/robot_4/link/robot_4/base_footprint/sensor/contact_sensor/contact
[INFO] [image_processor-21]: process started with pid [313258]
[INFO] [image_processor-22]: process started with pid [313260]
[INFO] [image_processor-23]: process started with pid [313262]
[INFO] [image_processor-24]: process started with pid [313264]
[INFO] [image_processor-25]: process started with pid [313266]
[image_processor-21] [INFO] [1776779601.686102691] [robot_0.image_processor]: image_processor: depth='/robot_0/depth_camera/depth_image' aruco_runtime=disabled
[image_processor-24] [INFO] [1776779601.686120493] [robot_3.image_processor]: image_processor: depth='/robot_3/depth_camera/depth_image' aruco_runtime=disabled
[image_processor-22] [INFO] [1776779601.687066357] [robot_1.image_processor]: image_processor: depth='/robot_1/depth_camera/depth_image' aruco_runtime=disabled
[image_processor-23] [INFO] [1776779601.689215718] [robot_2.image_processor]: image_processor: depth='/robot_2/depth_camera/depth_image' aruco_runtime=disabled
[image_processor-25] [INFO] [1776779601.706315049] [robot_4.image_processor]: image_processor: depth='/robot_4/depth_camera/depth_image' aruco_runtime=disabled
[image_processor-22] [INFO] [1776779605.097760979] [robot_1.image_processor]: Zone=CLEAR  left[p=3.007 near=0 v=7650]  front[p=3.426 near=0 v=13244]  right[p=2.532 near=0 v=7517]
[image_processor-25] [INFO] [1776779605.105680490] [robot_4.image_processor]: Zone=CLEAR  left[p=2.299 near=0 v=7157]  front[p=2.450 near=0 v=13239]  right[p=3.007 near=0 v=7740]
[image_processor-23] [INFO] [1776779605.115604686] [robot_2.image_processor]: Zone=CLEAR  left[p=1.875 near=0 v=7650]  front[p=2.263 near=0 v=12349]  right[p=1.628 near=0 v=7740]
[image_processor-21] [INFO] [1776779605.124294916] [robot_0.image_processor]: Zone=CLEAR  left[p=1.026 near=0 v=7650]  front[p=1.493 near=0 v=13500]  right[p=2.221 near=0 v=7740]
[image_processor-24] [INFO] [1776779605.132389428] [robot_3.image_processor]: Zone=CLEAR  left[p=0.894 near=0 v=7620]  front[p=3.072 near=0 v=13297]  right[p=2.913 near=0 v=7740]
[image_processor-22] [INFO] [1776779607.599660813] [robot_1.image_processor]: Zone=CLEAR
[image_processor-25] [INFO] [1776779607.610992230] [robot_4.image_processor]: Zone=CLEAR
[image_processor-23] [INFO] [1776779607.620068618] [robot_2.image_processor]: Zone=CLEAR
[image_processor-21] [INFO] [1776779607.628126234] [robot_0.image_processor]: Zone=CLEAR
[image_processor-24] [INFO] [1776779607.636778002] [robot_3.image_processor]: Zone=CLEAR
[image_processor-22] [INFO] [1776779610.096259006] [robot_1.image_processor]: Zone=CLEAR
[image_processor-25] [INFO] [1776779610.104818157] [robot_4.image_processor]: Zone=CLEAR
[image_processor-23] [INFO] [1776779610.113076476] [robot_2.image_processor]: Zone=CLEAR
[image_processor-21] [INFO] [1776779610.120342533] [robot_0.image_processor]: Zone=CLEAR
[image_processor-24] [INFO] [1776779610.128878682] [robot_3.image_processor]: Zone=CLEAR
[image_processor-22] [INFO] [1776779612.596722953] [robot_1.image_processor]: Zone=CLEAR
[image_processor-25] [INFO] [1776779612.602968711] [robot_4.image_processor]: Zone=CLEAR
[image_processor-23] [INFO] [1776779612.611795839] [robot_2.image_processor]: Zone=CLEAR
[image_processor-24] [INFO] [1776779612.627181621] [robot_3.image_processor]: Zone=CLEAR
[image_processor-21] [INFO] [1776779612.721849782] [robot_0.image_processor]: Zone=CLEAR
[image_processor-22] [INFO] [1776779615.098582189] [robot_1.image_processor]: Zone=CLEAR
[image_processor-25] [INFO] [1776779615.111235406] [robot_4.image_processor]: Zone=CLEAR
[image_processor-23] [INFO] [1776779615.119494015] [robot_2.image_processor]: Zone=CLEAR
[image_processor-21] [INFO] [1776779615.128548843] [robot_0.image_processor]: Zone=CLEAR
[image_processor-24] [INFO] [1776779615.239142163] [robot_3.image_processor]: Zone=CLEAR
[image_processor-22] [INFO] [1776779617.595339960] [robot_1.image_processor]: Zone=CLEAR
[image_processor-25] [INFO] [1776779617.603290841] [robot_4.image_processor]: Zone=CLEAR
[image_processor-23] [INFO] [1776779617.611928879] [robot_2.image_processor]: Zone=CLEAR
[image_processor-21] [INFO] [1776779617.620022460] [robot_0.image_processor]: Zone=CLEAR
[image_processor-24] [INFO] [1776779617.628160908] [robot_3.image_processor]: Zone=CLEAR
[image_processor-22] [INFO] [1776779620.096573395] [robot_1.image_processor]: Zone=CLEAR
[image_processor-25] [INFO] [1776779620.104192753] [robot_4.image_processor]: Zone=CLEAR
[image_processor-23] [INFO] [1776779620.113213382] [robot_2.image_processor]: Zone=CLEAR
[image_processor-21] [INFO] [1776779620.120689916] [robot_0.image_processor]: Zone=CLEAR
[image_processor-24] [INFO] [1776779620.128074919] [robot_3.image_processor]: Zone=CLEAR
[image_processor-22] [INFO] [1776779622.596061849] [robot_1.image_processor]: Zone=CLEAR
[image_processor-25] [INFO] [1776779622.603223569] [robot_4.image_processor]: Zone=CLEAR
[image_processor-23] [INFO] [1776779622.611785365] [robot_2.image_processor]: Zone=CLEAR
[image_processor-21] [INFO] [1776779622.621427886] [robot_0.image_processor]: Zone=CLEAR
[image_processor-24] [INFO] [1776779622.632297935] [robot_3.image_processor]: Zone=CLEAR
[image_processor-22] [INFO] [1776779625.096386164] [robot_1.image_processor]: Zone=CLEAR
[image_processor-25] [INFO] [1776779625.105317954] [robot_4.image_processor]: Zone=CLEAR
[image_processor-21] [INFO] [1776779625.122138156] [robot_0.image_processor]: Zone=CLEAR
[image_processor-24] [INFO] [1776779625.129970138] [robot_3.image_processor]: Zone=CLEAR
[image_processor-23] [INFO] [1776779625.215591543] [robot_2.image_processor]: Zone=CLEAR
[image_processor-22] [INFO] [1776779627.595283996] [robot_1.image_processor]: Zone=CLEAR
[image_processor-25] [INFO] [1776779627.603900550] [robot_4.image_processor]: Zone=CLEAR
[image_processor-23] [INFO] [1776779627.611208485] [robot_2.image_processor]: Zone=CLEAR
[image_processor-21] [INFO] [1776779627.619083125] [robot_0.image_processor]: Zone=CLEAR
[image_processor-24] [INFO] [1776779627.626580681] [robot_3.image_processor]: Zone=CLEAR
[image_processor-22] [INFO] [1776779630.095821822] [robot_1.image_processor]: Zone=CLEAR
[image_processor-25] [INFO] [1776779630.103937930] [robot_4.image_processor]: Zone=CLEAR
[image_processor-23] [INFO] [1776779630.112581531] [robot_2.image_processor]: Zone=CLEAR
[image_processor-21] [INFO] [1776779630.120323828] [robot_0.image_processor]: Zone=CLEAR
[image_processor-24] [INFO] [1776779630.128706959] [robot_3.image_processor]: Zone=CLEAR
[image_processor-22] [INFO] [1776779632.595888105] [robot_1.image_processor]: Zone=CLEAR
[image_processor-25] [INFO] [1776779632.604660603] [robot_4.image_processor]: Zone=CLEAR
[image_processor-23] [INFO] [1776779632.612641463] [robot_2.image_processor]: Zone=CLEAR
[image_processor-21] [INFO] [1776779632.621114129] [robot_0.image_processor]: Zone=CLEAR
[image_processor-24] [INFO] [1776779632.629740675] [robot_3.image_processor]: Zone=CLEAR
[image_processor-22] [INFO] [1776779635.094772123] [robot_1.image_processor]: Zone=CLEAR
[image_processor-25] [INFO] [1776779635.103256853] [robot_4.image_processor]: Zone=CLEAR
[image_processor-23] [INFO] [1776779635.111961792] [robot_2.image_processor]: Zone=CLEAR
[image_processor-21] [INFO] [1776779635.119261796] [robot_0.image_processor]: Zone=CLEAR
[image_processor-24] [INFO] [1776779635.126849906] [robot_3.image_processor]: Zone=CLEAR
[image_processor-22] [INFO] [1776779637.596663113] [robot_1.image_processor]: Zone=CLEAR
[image_processor-25] [INFO] [1776779637.604450183] [robot_4.image_processor]: Zone=CLEAR
[image_processor-23] [INFO] [1776779637.612918394] [robot_2.image_processor]: Zone=CLEAR
[image_processor-21] [INFO] [1776779637.619721620] [robot_0.image_processor]: Zone=CLEAR
[image_processor-24] [INFO] [1776779637.627230360] [robot_3.image_processor]: Zone=CLEAR
[image_processor-22] [INFO] [1776779640.097528868] [robot_1.image_processor]: Zone=CLEAR
[image_processor-25] [INFO] [1776779640.105570938] [robot_4.image_processor]: Zone=CLEAR
[image_processor-23] [INFO] [1776779640.114396400] [robot_2.image_processor]: Zone=CLEAR
[image_processor-21] [INFO] [1776779640.122241593] [robot_0.image_processor]: Zone=CLEAR
[image_processor-24] [INFO] [1776779640.129580413] [robot_3.image_processor]: Zone=CLEAR
[image_processor-22] [INFO] [1776779642.595039991] [robot_1.image_processor]: Zone=CLEAR
[image_processor-25] [INFO] [1776779642.605960875] [robot_4.image_processor]: Zone=CLEAR
[image_processor-23] [INFO] [1776779642.614398680] [robot_2.image_processor]: Zone=CLEAR
[image_processor-21] [INFO] [1776779642.624982845] [robot_0.image_processor]: Zone=CLEAR
[image_processor-24] [INFO] [1776779642.632939237] [robot_3.image_processor]: Zone=CLEAR
[image_processor-22] [INFO] [1776779645.095533774] [robot_1.image_processor]: Zone=CLEAR
[image_processor-25] [INFO] [1776779645.103601975] [robot_4.image_processor]: Zone=CLEAR
[image_processor-23] [INFO] [1776779645.111808907] [robot_2.image_processor]: Zone=CLEAR
[image_processor-21] [INFO] [1776779645.119153805] [robot_0.image_processor]: Zone=CLEAR
[image_processor-24] [INFO] [1776779645.127828287] [robot_3.image_processor]: Zone=CLEAR
[image_processor-22] [INFO] [1776779647.596937892] [robot_1.image_processor]: Zone=CLEAR
[image_processor-25] [INFO] [1776779647.605806400] [robot_4.image_processor]: Zone=CLEAR
[image_processor-23] [INFO] [1776779647.613751274] [robot_2.image_processor]: Zone=CLEAR
[image_processor-21] [INFO] [1776779647.622392441] [robot_0.image_processor]: Zone=CLEAR
[image_processor-24] [INFO] [1776779647.629820502] [robot_3.image_processor]: Zone=CLEAR
[image_processor-22] [INFO] [1776779650.095841331] [robot_1.image_processor]: Zone=CLEAR
[image_processor-25] [INFO] [1776779650.103794607] [robot_4.image_processor]: Zone=CLEAR
[image_processor-23] [INFO] [1776779650.114018208] [robot_2.image_processor]: Zone=CLEAR
[image_processor-21] [INFO] [1776779650.122407983] [robot_0.image_processor]: Zone=CLEAR
[image_processor-24] [INFO] [1776779650.130416570] [robot_3.image_processor]: Zone=CLEAR
[image_processor-22] [INFO] [1776779652.597200184] [robot_1.image_processor]: Zone=CLEAR
[image_processor-25] [INFO] [1776779652.605158051] [robot_4.image_processor]: Zone=CLEAR
[image_processor-23] [INFO] [1776779652.614685593] [robot_2.image_processor]: Zone=CLEAR
[image_processor-21] [INFO] [1776779652.622472300] [robot_0.image_processor]: Zone=CLEAR
[image_processor-24] [INFO] [1776779652.630056888] [robot_3.image_processor]: Zone=CLEAR
[image_processor-22] [INFO] [1776779655.095717316] [robot_1.image_processor]: Zone=CLEAR
[image_processor-25] [INFO] [1776779655.104177934] [robot_4.image_processor]: Zone=CLEAR
[image_processor-23] [INFO] [1776779655.111937091] [robot_2.image_processor]: Zone=CLEAR
[image_processor-21] [INFO] [1776779655.119250782] [robot_0.image_processor]: Zone=CLEAR
[image_processor-24] [INFO] [1776779655.127803650] [robot_3.image_processor]: Zone=CLEAR
[image_processor-22] [INFO] [1776779657.595039738] [robot_1.image_processor]: Zone=CLEAR
[image_processor-25] [INFO] [1776779657.603722088] [robot_4.image_processor]: Zone=CLEAR
[image_processor-23] [INFO] [1776779657.713800804] [robot_2.image_processor]: Zone=CLEAR
[image_processor-21] [INFO] [1776779657.720839381] [robot_0.image_processor]: Zone=CLEAR
[image_processor-24] [INFO] [1776779657.730405706] [robot_3.image_processor]: Zone=CLEAR
[image_processor-22] [INFO] [1776779660.097525449] [robot_1.image_processor]: Zone=CLEAR
[image_processor-25] [INFO] [1776779660.105578723] [robot_4.image_processor]: Zone=CLEAR
[image_processor-21] [INFO] [1776779660.121421557] [robot_0.image_processor]: Zone=CLEAR
[image_processor-24] [INFO] [1776779660.129314031] [robot_3.image_processor]: Zone=CLEAR
[image_processor-23] [INFO] [1776779660.215311987] [robot_2.image_processor]: Zone=CLEAR
[image_processor-22] [INFO] [1776779662.596786258] [robot_1.image_processor]: Zone=CLEAR
[image_processor-25] [INFO] [1776779662.605411982] [robot_4.image_processor]: Zone=CLEAR
[image_processor-23] [INFO] [1776779662.613315500] [robot_2.image_processor]: Zone=CLEAR
[image_processor-21] [INFO] [1776779662.622669704] [robot_0.image_processor]: Zone=CLEAR
[image_processor-24] [INFO] [1776779662.630637482] [robot_3.image_processor]: Zone=CLEAR
[image_processor-22] [INFO] [1776779665.095408198] [robot_1.image_processor]: Zone=CLEAR
[image_processor-25] [INFO] [1776779665.103647610] [robot_4.image_processor]: Zone=CLEAR
[image_processor-23] [INFO] [1776779665.111942709] [robot_2.image_processor]: Zone=CLEAR
[image_processor-21] [INFO] [1776779665.119772996] [robot_0.image_processor]: Zone=CLEAR
[image_processor-24] [INFO] [1776779665.128429476] [robot_3.image_processor]: Zone=CLEAR
[image_processor-22] [INFO] [1776779667.595035089] [robot_1.image_processor]: Zone=CLEAR
[image_processor-25] [INFO] [1776779667.603247177] [robot_4.image_processor]: Zone=CLEAR
[image_processor-23] [INFO] [1776779667.610021543] [robot_2.image_processor]: Zone=CLEAR
[image_processor-21] [INFO] [1776779667.619258156] [robot_0.image_processor]: Zone=CLEAR
[image_processor-24] [INFO] [1776779667.627572231] [robot_3.image_processor]: Zone=CLEAR
[image_processor-22] [INFO] [1776779670.096318742] [robot_1.image_processor]: Zone=CLEAR
[image_processor-25] [INFO] [1776779670.104823866] [robot_4.image_processor]: Zone=CLEAR
[image_processor-23] [INFO] [1776779670.113012734] [robot_2.image_processor]: Zone=CLEAR
[image_processor-21] [INFO] [1776779670.120807162] [robot_0.image_processor]: Zone=CLEAR
[image_processor-24] [INFO] [1776779670.128950821] [robot_3.image_processor]: Zone=CLEAR
[image_processor-22] [INFO] [1776779672.596673259] [robot_1.image_processor]: Zone=CLEAR
[image_processor-25] [INFO] [1776779672.604891895] [robot_4.image_processor]: Zone=CLEAR
[image_processor-23] [INFO] [1776779672.612819335] [robot_2.image_processor]: Zone=CLEAR
[image_processor-21] [INFO] [1776779672.620514229] [robot_0.image_processor]: Zone=CLEAR
[image_processor-24] [INFO] [1776779672.629077654] [robot_3.image_processor]: Zone=CLEAR
[image_processor-22] [INFO] [1776779675.100383751] [robot_1.image_processor]: Zone=CLEAR
[image_processor-25] [INFO] [1776779675.110354794] [robot_4.image_processor]: Zone=CLEAR
[image_processor-24] [INFO] [1776779675.138266571] [robot_3.image_processor]: Zone=CLEAR
[image_processor-23] [INFO] [1776779675.219142372] [robot_2.image_processor]: Zone=CLEAR
[image_processor-21] [INFO] [1776779675.229962138] [robot_0.image_processor]: Zone=CLEAR
[image_processor-22] [INFO] [1776779677.598327317] [robot_1.image_processor]: Zone=CLEAR
[image_processor-25] [INFO] [1776779677.606502896] [robot_4.image_processor]: Zone=CLEAR
[image_processor-23] [INFO] [1776779677.614063379] [robot_2.image_processor]: Zone=CLEAR
[image_processor-21] [INFO] [1776779677.622452732] [robot_0.image_processor]: Zone=CLEAR
[image_processor-24] [INFO] [1776779677.630112717] [robot_3.image_processor]: Zone=CLEAR
[image_processor-22] [INFO] [1776779680.096607179] [robot_1.image_processor]: Zone=CLEAR
[image_processor-25] [INFO] [1776779680.104579497] [robot_4.image_processor]: Zone=CLEAR
[image_processor-23] [INFO] [1776779680.113001459] [robot_2.image_processor]: Zone=CLEAR
[image_processor-21] [INFO] [1776779680.121237214] [robot_0.image_processor]: Zone=CLEAR
[image_processor-24] [INFO] [1776779680.130119380] [robot_3.image_processor]: Zone=CLEAR
[image_processor-22] [INFO] [1776779682.600770585] [robot_1.image_processor]: Zone=CLEAR
[image_processor-25] [INFO] [1776779682.608680595] [robot_4.image_processor]: Zone=CLEAR
[image_processor-23] [INFO] [1776779682.617484642] [robot_2.image_processor]: Zone=CLEAR
[image_processor-21] [INFO] [1776779682.625944563] [robot_0.image_processor]: Zone=CLEAR
[image_processor-24] [INFO] [1776779682.634067704] [robot_3.image_processor]: Zone=CLEAR
[image_processor-22] [INFO] [1776779685.097019521] [robot_1.image_processor]: Zone=CLEAR
[image_processor-25] [INFO] [1776779685.105429013] [robot_4.image_processor]: Zone=CLEAR
[image_processor-23] [INFO] [1776779685.114370355] [robot_2.image_processor]: Zone=CLEAR
[image_processor-21] [INFO] [1776779685.121888286] [robot_0.image_processor]: Zone=CLEAR
[image_processor-24] [INFO] [1776779685.131245301] [robot_3.image_processor]: Zone=CLEAR
[image_processor-22] [INFO] [1776779687.595673649] [robot_1.image_processor]: Zone=CLEAR
[image_processor-25] [INFO] [1776779687.603721790] [robot_4.image_processor]: Zone=CLEAR
[image_processor-21] [INFO] [1776779687.620603077] [robot_0.image_processor]: Zone=CLEAR
[image_processor-23] [INFO] [1776779687.713701433] [robot_2.image_processor]: Zone=CLEAR
[image_processor-24] [INFO] [1776779687.729293340] [robot_3.image_processor]: Zone=CLEAR
[image_processor-22] [INFO] [1776779690.095810410] [robot_1.image_processor]: Zone=CLEAR
[image_processor-25] [INFO] [1776779690.103698504] [robot_4.image_processor]: Zone=CLEAR
[image_processor-23] [INFO] [1776779690.113218477] [robot_2.image_processor]: Zone=CLEAR
[image_processor-21] [INFO] [1776779690.124612173] [robot_0.image_processor]: Zone=CLEAR
[image_processor-24] [INFO] [1776779690.132767051] [robot_3.image_processor]: Zone=CLEAR
[image_processor-22] [INFO] [1776779692.596465826] [robot_1.image_processor]: Zone=CLEAR
[image_processor-25] [INFO] [1776779692.605221882] [robot_4.image_processor]: Zone=CLEAR
[image_processor-23] [INFO] [1776779692.613115215] [robot_2.image_processor]: Zone=CLEAR
[image_processor-21] [INFO] [1776779692.620655429] [robot_0.image_processor]: Zone=CLEAR
[image_processor-24] [INFO] [1776779692.628710322] [robot_3.image_processor]: Zone=CLEAR
[image_processor-22] [INFO] [1776779695.095109730] [robot_1.image_processor]: Zone=CLEAR
[image_processor-25] [INFO] [1776779695.104173357] [robot_4.image_processor]: Zone=CLEAR
[image_processor-23] [INFO] [1776779695.112135019] [robot_2.image_processor]: Zone=CLEAR
[image_processor-21] [INFO] [1776779695.119847839] [robot_0.image_processor]: Zone=CLEAR
[image_processor-24] [INFO] [1776779695.128066597] [robot_3.image_processor]: Zone=CLEAR
[image_processor-22] [INFO] [1776779697.594362516] [robot_1.image_processor]: Zone=CLEAR
[image_processor-25] [INFO] [1776779697.604141708] [robot_4.image_processor]: Zone=CLEAR
[image_processor-23] [INFO] [1776779697.614087926] [robot_2.image_processor]: Zone=CLEAR
[image_processor-21] [INFO] [1776779697.623460345] [robot_0.image_processor]: Zone=CLEAR
[image_processor-24] [INFO] [1776779697.632815335] [robot_3.image_processor]: Zone=CLEAR
[image_processor-22] [INFO] [1776779700.098848177] [robot_1.image_processor]: Zone=CLEAR
[image_processor-25] [INFO] [1776779700.108941107] [robot_4.image_processor]: Zone=CLEAR
[image_processor-23] [INFO] [1776779700.118089843] [robot_2.image_processor]: Zone=CLEAR
[image_processor-21] [INFO] [1776779700.127688324] [robot_0.image_processor]: Zone=CLEAR
[image_processor-24] [INFO] [1776779700.135382832] [robot_3.image_processor]: Zone=CLEAR
[image_processor-22] [INFO] [1776779702.595768801] [robot_1.image_processor]: Zone=CLEAR
[image_processor-25] [INFO] [1776779702.603957402] [robot_4.image_processor]: Zone=CLEAR
[image_processor-23] [INFO] [1776779702.612542461] [robot_2.image_processor]: Zone=CLEAR
[image_processor-21] [INFO] [1776779702.620143152] [robot_0.image_processor]: Zone=CLEAR
[image_processor-24] [INFO] [1776779702.629366350] [robot_3.image_processor]: Zone=CLEAR
[image_processor-25] [INFO] [1776779705.106775506] [robot_4.image_processor]: Zone=CLEAR
[image_processor-23] [INFO] [1776779705.113818661] [robot_2.image_processor]: Zone=CLEAR
[image_processor-21] [INFO] [1776779705.123693826] [robot_0.image_processor]: Zone=CLEAR
[image_processor-22] [INFO] [1776779705.196957293] [robot_1.image_processor]: Zone=CLEAR
[image_processor-24] [INFO] [1776779705.233001451] [robot_3.image_processor]: Zone=CLEAR
[image_processor-22] [INFO] [1776779707.595638736] [robot_1.image_processor]: Zone=CLEAR
[image_processor-25] [INFO] [1776779707.603439225] [robot_4.image_processor]: Zone=CLEAR
[image_processor-23] [INFO] [1776779707.612762725] [robot_2.image_processor]: Zone=CLEAR
[image_processor-21] [INFO] [1776779707.620829224] [robot_0.image_processor]: Zone=CLEAR
[image_processor-24] [INFO] [1776779707.627438808] [robot_3.image_processor]: Zone=CLEAR
[image_processor-22] [INFO] [1776779710.095329332] [robot_1.image_processor]: Zone=CLEAR
[image_processor-25] [INFO] [1776779710.104396102] [robot_4.image_processor]: Zone=CLEAR
[image_processor-23] [INFO] [1776779710.112315454] [robot_2.image_processor]: Zone=CLEAR
[image_processor-21] [INFO] [1776779710.120955126] [robot_0.image_processor]: Zone=CLEAR
[image_processor-24] [INFO] [1776779710.129141200] [robot_3.image_processor]: Zone=CLEAR
[image_processor-22] [INFO] [1776779712.596073489] [robot_1.image_processor]: Zone=CLEAR
[image_processor-25] [INFO] [1776779712.604147623] [robot_4.image_processor]: Zone=CLEAR
[image_processor-23] [INFO] [1776779712.612414653] [robot_2.image_processor]: Zone=CLEAR
[image_processor-21] [INFO] [1776779712.622270844] [robot_0.image_processor]: Zone=CLEAR
[image_processor-24] [INFO] [1776779712.629826942] [robot_3.image_processor]: Zone=CLEAR
[image_processor-22] [INFO] [1776779715.095315772] [robot_1.image_processor]: Zone=CLEAR
[image_processor-25] [INFO] [1776779715.104288749] [robot_4.image_processor]: Zone=CLEAR
[image_processor-23] [INFO] [1776779715.113524205] [robot_2.image_processor]: Zone=CLEAR
[image_processor-21] [INFO] [1776779715.120465445] [robot_0.image_processor]: Zone=CLEAR
[image_processor-24] [INFO] [1776779715.127882913] [robot_3.image_processor]: Zone=CLEAR
[image_processor-22] [INFO] [1776779717.596871616] [robot_1.image_processor]: Zone=CLEAR
[image_processor-25] [INFO] [1776779717.605014731] [robot_4.image_processor]: Zone=CLEAR
[image_processor-23] [INFO] [1776779717.614224145] [robot_2.image_processor]: Zone=CLEAR
[image_processor-24] [INFO] [1776779717.631837112] [robot_3.image_processor]: Zone=CLEAR
[image_processor-21] [INFO] [1776779717.724291285] [robot_0.image_processor]: Zone=CLEAR
[image_processor-22] [INFO] [1776779720.098023300] [robot_1.image_processor]: Zone=CLEAR
[image_processor-25] [INFO] [1776779720.108414351] [robot_4.image_processor]: Zone=CLEAR
[image_processor-23] [INFO] [1776779720.117073357] [robot_2.image_processor]: Zone=CLEAR
[image_processor-21] [INFO] [1776779720.127109653] [robot_0.image_processor]: Zone=CLEAR
[image_processor-24] [INFO] [1776779720.135178848] [robot_3.image_processor]: Zone=CLEAR
[image_processor-22] [INFO] [1776779722.594946229] [robot_1.image_processor]: Zone=CLEAR
[image_processor-21] [INFO] [1776779722.635614965] [robot_0.image_processor]: Zone=CLEAR
[image_processor-24] [INFO] [1776779722.642925789] [robot_3.image_processor]: Zone=CLEAR
[image_processor-25] [INFO] [1776779722.707907655] [robot_4.image_processor]: Zone=CLEAR
[image_processor-23] [INFO] [1776779722.723563857] [robot_2.image_processor]: Zone=CLEAR
[image_processor-22] [INFO] [1776779725.097698331] [robot_1.image_processor]: Zone=CLEAR
[image_processor-25] [INFO] [1776779725.105855903] [robot_4.image_processor]: Zone=CLEAR
[image_processor-23] [INFO] [1776779725.113853830] [robot_2.image_processor]: Zone=CLEAR
[image_processor-21] [INFO] [1776779725.122261214] [robot_0.image_processor]: Zone=CLEAR
[image_processor-24] [INFO] [1776779725.131407021] [robot_3.image_processor]: Zone=CLEAR
[image_processor-22] [INFO] [1776779727.597031403] [robot_1.image_processor]: Zone=CLEAR
[image_processor-25] [INFO] [1776779727.605183061] [robot_4.image_processor]: Zone=CLEAR
[image_processor-23] [INFO] [1776779727.612876375] [robot_2.image_processor]: Zone=CLEAR
[image_processor-21] [INFO] [1776779727.622068421] [robot_0.image_processor]: Zone=CLEAR
[image_processor-24] [INFO] [1776779727.632782492] [robot_3.image_processor]: Zone=CLEAR
[image_processor-22] [INFO] [1776779730.099001148] [robot_1.image_processor]: Zone=CLEAR
[image_processor-25] [INFO] [1776779730.108299897] [robot_4.image_processor]: Zone=CLEAR
[image_processor-23] [INFO] [1776779730.115552972] [robot_2.image_processor]: Zone=CLEAR
[image_processor-21] [INFO] [1776779730.123918590] [robot_0.image_processor]: Zone=CLEAR
[image_processor-24] [INFO] [1776779730.131282237] [robot_3.image_processor]: Zone=CLEAR
[image_processor-22] [INFO] [1776779732.596551515] [robot_1.image_processor]: Zone=CLEAR
[image_processor-25] [INFO] [1776779732.605600922] [robot_4.image_processor]: Zone=CLEAR
[image_processor-23] [INFO] [1776779732.614522865] [robot_2.image_processor]: Zone=CLEAR
[image_processor-24] [INFO] [1776779732.629835483] [robot_3.image_processor]: Zone=CLEAR
[image_processor-21] [INFO] [1776779732.725074281] [robot_0.image_processor]: Zone=CLEAR
[image_processor-22] [INFO] [1776779735.095519582] [robot_1.image_processor]: Zone=CLEAR
[image_processor-25] [INFO] [1776779735.104118474] [robot_4.image_processor]: Zone=CLEAR
[image_processor-23] [INFO] [1776779735.113580209] [robot_2.image_processor]: Zone=CLEAR
[image_processor-21] [INFO] [1776779735.121669435] [robot_0.image_processor]: Zone=CLEAR
[image_processor-24] [INFO] [1776779735.130434943] [robot_3.image_processor]: Zone=CLEAR
[image_processor-22] [INFO] [1776779737.595449330] [robot_1.image_processor]: Zone=CLEAR
[image_processor-25] [INFO] [1776779737.604513082] [robot_4.image_processor]: Zone=CLEAR
[image_processor-23] [INFO] [1776779737.612195413] [robot_2.image_processor]: Zone=CLEAR
[image_processor-21] [INFO] [1776779737.624875180] [robot_0.image_processor]: Zone=CLEAR
[image_processor-24] [INFO] [1776779737.634212593] [robot_3.image_processor]: Zone=CLEAR
[image_processor-22] [INFO] [1776779740.096159743] [robot_1.image_processor]: Zone=CLEAR
[image_processor-25] [INFO] [1776779740.104767894] [robot_4.image_processor]: Zone=CLEAR
[image_processor-21] [INFO] [1776779740.122441432] [robot_0.image_processor]: Zone=CLEAR
[image_processor-24] [INFO] [1776779740.128326288] [robot_3.image_processor]: Zone=CLEAR
[image_processor-23] [INFO] [1776779740.214312268] [robot_2.image_processor]: Zone=CLEAR
[image_processor-22] [INFO] [1776779742.596932532] [robot_1.image_processor]: Zone=CLEAR
[image_processor-25] [INFO] [1776779742.604485908] [robot_4.image_processor]: Zone=CLEAR
[image_processor-23] [INFO] [1776779742.612886813] [robot_2.image_processor]: Zone=CLEAR
[image_processor-21] [INFO] [1776779742.620868366] [robot_0.image_processor]: Zone=CLEAR
[image_processor-24] [INFO] [1776779742.628004376] [robot_3.image_processor]: Zone=CLEAR
[image_processor-22] [INFO] [1776779745.096488689] [robot_1.image_processor]: Zone=CLEAR
[image_processor-25] [INFO] [1776779745.104177925] [robot_4.image_processor]: Zone=CLEAR
[image_processor-23] [INFO] [1776779745.114770609] [robot_2.image_processor]: Zone=CLEAR
[image_processor-21] [INFO] [1776779745.122559689] [robot_0.image_processor]: Zone=CLEAR
[image_processor-24] [INFO] [1776779745.132078546] [robot_3.image_processor]: Zone=CLEAR
[image_processor-22] [INFO] [1776779747.596670294] [robot_1.image_processor]: Zone=CLEAR
[image_processor-25] [INFO] [1776779747.604872005] [robot_4.image_processor]: Zone=CLEAR
[image_processor-21] [INFO] [1776779747.620047744] [robot_0.image_processor]: Zone=CLEAR
[image_processor-24] [INFO] [1776779747.627805161] [robot_3.image_processor]: Zone=CLEAR
[image_processor-23] [INFO] [1776779747.714189492] [robot_2.image_processor]: Zone=CLEAR
[image_processor-22] [INFO] [1776779750.096300627] [robot_1.image_processor]: Zone=CLEAR
[image_processor-25] [INFO] [1776779750.103897693] [robot_4.image_processor]: Zone=CLEAR
[image_processor-23] [INFO] [1776779750.112690148] [robot_2.image_processor]: Zone=CLEAR
[image_processor-21] [INFO] [1776779750.121498046] [robot_0.image_processor]: Zone=CLEAR
[image_processor-24] [INFO] [1776779750.129251478] [robot_3.image_processor]: Zone=CLEAR
[image_processor-22] [INFO] [1776779752.595203077] [robot_1.image_processor]: Zone=CLEAR
[image_processor-25] [INFO] [1776779752.603389429] [robot_4.image_processor]: Zone=CLEAR
[image_processor-23] [INFO] [1776779752.611404107] [robot_2.image_processor]: Zone=CLEAR
[image_processor-21] [INFO] [1776779752.619416909] [robot_0.image_processor]: Zone=CLEAR
[image_processor-24] [INFO] [1776779752.627455102] [robot_3.image_processor]: Zone=CLEAR
[image_processor-22] [INFO] [1776779755.097027393] [robot_1.image_processor]: Zone=CLEAR
[image_processor-25] [INFO] [1776779755.104171280] [robot_4.image_processor]: Zone=CLEAR
[image_processor-23] [INFO] [1776779755.113717349] [robot_2.image_processor]: Zone=CLEAR
[image_processor-24] [INFO] [1776779755.128893815] [robot_3.image_processor]: Zone=CLEAR
[image_processor-21] [INFO] [1776779755.221602975] [robot_0.image_processor]: Zone=CLEAR
[image_processor-22] [INFO] [1776779757.596358975] [robot_1.image_processor]: Zone=CLEAR
[image_processor-25] [INFO] [1776779757.604067305] [robot_4.image_processor]: Zone=CLEAR
[image_processor-23] [INFO] [1776779757.612775475] [robot_2.image_processor]: Zone=CLEAR
[image_processor-21] [INFO] [1776779757.620918076] [robot_0.image_processor]: Zone=CLEAR
[image_processor-24] [INFO] [1776779757.628715983] [robot_3.image_processor]: Zone=CLEAR
[image_processor-22] [INFO] [1776779760.097035394] [robot_1.image_processor]: Zone=CLEAR
[image_processor-25] [INFO] [1776779760.108286553] [robot_4.image_processor]: Zone=CLEAR
[image_processor-23] [INFO] [1776779760.116133884] [robot_2.image_processor]: Zone=CLEAR
[image_processor-21] [INFO] [1776779760.124788478] [robot_0.image_processor]: Zone=CLEAR
[image_processor-24] [INFO] [1776779760.134082152] [robot_3.image_processor]: Zone=CLEAR
[image_processor-22] [INFO] [1776779762.594890793] [robot_1.image_processor]: Zone=CLEAR
[image_processor-25] [INFO] [1776779762.608358097] [robot_4.image_processor]: Zone=CLEAR
[image_processor-23] [INFO] [1776779762.618451032] [robot_2.image_processor]: Zone=CLEAR
[image_processor-21] [INFO] [1776779762.627705001] [robot_0.image_processor]: Zone=CLEAR
[image_processor-24] [INFO] [1776779762.635685067] [robot_3.image_processor]: Zone=CLEAR
[image_processor-22] [INFO] [1776779765.096550804] [robot_1.image_processor]: Zone=CLEAR
[image_processor-25] [INFO] [1776779765.108638983] [robot_4.image_processor]: Zone=CLEAR
[image_processor-23] [INFO] [1776779765.117779911] [robot_2.image_processor]: Zone=CLEAR
[image_processor-21] [INFO] [1776779765.126389771] [robot_0.image_processor]: Zone=CLEAR
[image_processor-24] [INFO] [1776779765.135102449] [robot_3.image_processor]: Zone=CLEAR
[image_processor-22] [INFO] [1776779767.595196081] [robot_1.image_processor]: Zone=CLEAR
[image_processor-25] [INFO] [1776779767.603510552] [robot_4.image_processor]: Zone=CLEAR
[image_processor-23] [INFO] [1776779767.611480257] [robot_2.image_processor]: Zone=CLEAR
[image_processor-21] [INFO] [1776779767.618188668] [robot_0.image_processor]: Zone=CLEAR
[image_processor-24] [INFO] [1776779767.626705389] [robot_3.image_processor]: Zone=CLEAR
[image_processor-22] [INFO] [1776779770.097840786] [robot_1.image_processor]: Zone=CLEAR
[image_processor-23] [INFO] [1776779770.117848736] [robot_2.image_processor]: Zone=CLEAR
[image_processor-21] [INFO] [1776779770.125636768] [robot_0.image_processor]: Zone=CLEAR
[image_processor-24] [INFO] [1776779770.134118892] [robot_3.image_processor]: Zone=CLEAR
[image_processor-25] [INFO] [1776779770.211511505] [robot_4.image_processor]: Zone=CLEAR
[image_processor-22] [INFO] [1776779772.597237025] [robot_1.image_processor]: Zone=CLEAR
[image_processor-25] [INFO] [1776779772.606889370] [robot_4.image_processor]: Zone=CLEAR
[image_processor-21] [INFO] [1776779772.623795826] [robot_0.image_processor]: Zone=CLEAR
[image_processor-24] [INFO] [1776779772.631604990] [robot_3.image_processor]: Zone=CLEAR
[image_processor-23] [INFO] [1776779772.715696499] [robot_2.image_processor]: Zone=CLEAR
[image_processor-22] [INFO] [1776779775.097616281] [robot_1.image_processor]: Zone=CLEAR
[image_processor-25] [INFO] [1776779775.103482436] [robot_4.image_processor]: Zone=CLEAR
[image_processor-23] [INFO] [1776779775.111738160] [robot_2.image_processor]: Zone=CLEAR
[image_processor-21] [INFO] [1776779775.120404504] [robot_0.image_processor]: Zone=CLEAR
[image_processor-24] [INFO] [1776779775.129267485] [robot_3.image_processor]: Zone=CLEAR
[image_processor-22] [INFO] [1776779777.597528407] [robot_1.image_processor]: Zone=CLEAR
[image_processor-25] [INFO] [1776779777.614414297] [robot_4.image_processor]: Zone=CLEAR
[image_processor-23] [INFO] [1776779777.622666225] [robot_2.image_processor]: Zone=CLEAR
[image_processor-21] [INFO] [1776779777.633442210] [robot_0.image_processor]: Zone=CLEAR
[image_processor-24] [INFO] [1776779777.641817333] [robot_3.image_processor]: Zone=CLEAR
[image_processor-22] [INFO] [1776779780.098608009] [robot_1.image_processor]: Zone=CLEAR
[image_processor-25] [INFO] [1776779780.109240954] [robot_4.image_processor]: Zone=CLEAR
[image_processor-23] [INFO] [1776779780.120707915] [robot_2.image_processor]: Zone=CLEAR
[image_processor-21] [INFO] [1776779780.130160972] [robot_0.image_processor]: Zone=CLEAR
[image_processor-24] [INFO] [1776779780.141262790] [robot_3.image_processor]: Zone=CLEAR
[image_processor-22] [INFO] [1776779782.594694375] [robot_1.image_processor]: Zone=CLEAR
[image_processor-25] [INFO] [1776779782.604350348] [robot_4.image_processor]: Zone=CLEAR
[image_processor-21] [INFO] [1776779782.626236950] [robot_0.image_processor]: Zone=CLEAR
[image_processor-24] [INFO] [1776779782.637787989] [robot_3.image_processor]: Zone=CLEAR
[image_processor-23] [INFO] [1776779782.716062050] [robot_2.image_processor]: Zone=CLEAR
[image_processor-22] [INFO] [1776779785.095868737] [robot_1.image_processor]: Zone=CLEAR
[image_processor-25] [INFO] [1776779785.106883760] [robot_4.image_processor]: Zone=CLEAR
[image_processor-23] [INFO] [1776779785.117738133] [robot_2.image_processor]: Zone=CLEAR
[image_processor-21] [INFO] [1776779785.127817741] [robot_0.image_processor]: Zone=CLEAR
[image_processor-24] [INFO] [1776779785.239291041] [robot_3.image_processor]: Zone=CLEAR
[image_processor-22] [INFO] [1776779787.597079471] [robot_1.image_processor]: Zone=CLEAR
[image_processor-25] [INFO] [1776779787.604877152] [robot_4.image_processor]: Zone=CLEAR
[image_processor-23] [INFO] [1776779787.615681813] [robot_2.image_processor]: Zone=CLEAR
[image_processor-21] [INFO] [1776779787.624461876] [robot_0.image_processor]: Zone=CLEAR
[image_processor-24] [INFO] [1776779787.634630201] [robot_3.image_processor]: Zone=CLEAR
[image_processor-22] [INFO] [1776779790.095987270] [robot_1.image_processor]: Zone=CLEAR
[image_processor-25] [INFO] [1776779790.104445023] [robot_4.image_processor]: Zone=CLEAR
[image_processor-21] [INFO] [1776779790.124106286] [robot_0.image_processor]: Zone=CLEAR
[image_processor-24] [INFO] [1776779790.131349244] [robot_3.image_processor]: Zone=CLEAR
[image_processor-23] [INFO] [1776779790.213243607] [robot_2.image_processor]: Zone=CLEAR
[image_processor-22] [INFO] [1776779792.594393597] [robot_1.image_processor]: Zone=CLEAR
[image_processor-25] [INFO] [1776779792.604122617] [robot_4.image_processor]: Zone=CLEAR
[image_processor-23] [INFO] [1776779792.612068094] [robot_2.image_processor]: Zone=CLEAR
[image_processor-24] [INFO] [1776779792.629030751] [robot_3.image_processor]: Zone=CLEAR
[image_processor-21] [INFO] [1776779792.721873923] [robot_0.image_processor]: Zone=CLEAR
[image_processor-22] [INFO] [1776779795.095162157] [robot_1.image_processor]: Zone=CLEAR
[image_processor-25] [INFO] [1776779795.103269180] [robot_4.image_processor]: Zone=CLEAR
[image_processor-23] [INFO] [1776779795.112688794] [robot_2.image_processor]: Zone=CLEAR
[image_processor-21] [INFO] [1776779795.121689687] [robot_0.image_processor]: Zone=CLEAR
[image_processor-24] [INFO] [1776779795.129111722] [robot_3.image_processor]: Zone=CLEAR
[image_processor-22] [INFO] [1776779797.595572273] [robot_1.image_processor]: Zone=CLEAR
[image_processor-25] [INFO] [1776779797.603440872] [robot_4.image_processor]: Zone=CLEAR
[image_processor-23] [INFO] [1776779797.610260372] [robot_2.image_processor]: Zone=CLEAR
[image_processor-21] [INFO] [1776779797.618439860] [robot_0.image_processor]: Zone=CLEAR
[image_processor-24] [INFO] [1776779797.626861741] [robot_3.image_processor]: Zone=CLEAR
[INFO] [image_processor-25]: sending signal 'SIGINT' to process[image_processor-25]
[ERROR] [ign gazebo-1]: process has died [pid 312859, exit code -15, cmd 'ruby /usr/bin/ign gazebo /home/ecem/ros2_ws/install/swarm_basics/share/swarm_basics/worlds/random_world.sdf -s -r --force-version 6'].
[ERROR] [parameter_bridge-4]: process has died [pid 312866, exit code -15, cmd '/opt/ros/humble/lib/ros_ign_bridge/parameter_bridge /robot_0/cmd_vel@geometry_msgs/msg/Twist]ignition.msgs.Twist /robot_0/odom@nav_msgs/msg/Odometry[ignition.msgs.Odometry /robot_0/depth_camera/depth_image@sensor_msgs/msg/Image[ignition.msgs.Image /world/random_world/model/robot_0/link/robot_0/base_footprint/sensor/contact_sensor/contact@ros_gz_interfaces/msg/Contacts[ignition.msgs.Contacts /robot_1/cmd_vel@geometry_msgs/msg/Twist]ignition.msgs.Twist /robot_1/odom@nav_msgs/msg/Odometry[ignition.msgs.Odometry /robot_1/depth_camera/depth_image@sensor_msgs/msg/Image[ignition.msgs.Image /world/random_world/model/robot_1/link/robot_1/base_footprint/sensor/contact_sensor/contact@ros_gz_interfaces/msg/Contacts[ignition.msgs.Contacts /robot_2/cmd_vel@geometry_msgs/msg/Twist]ignition.msgs.Twist /robot_2/odom@nav_msgs/msg/Odometry[ignition.msgs.Odometry /robot_2/depth_camera/depth_image@sensor_msgs/msg/Image[ignition.msgs.Image /world/random_world/model/robot_2/link/robot_2/base_footprint/sensor/contact_sensor/contact@ros_gz_interfaces/msg/Contacts[ignition.msgs.Contacts /robot_3/cmd_vel@geometry_msgs/msg/Twist]ignition.msgs.Twist /robot_3/odom@nav_msgs/msg/Odometry[ignition.msgs.Odometry /robot_3/depth_camera/depth_image@sensor_msgs/msg/Image[ignition.msgs.Image /world/random_world/model/robot_3/link/robot_3/base_footprint/sensor/contact_sensor/contact@ros_gz_interfaces/msg/Contacts[ignition.msgs.Contacts /robot_4/cmd_vel@geometry_msgs/msg/Twist]ignition.msgs.Twist /robot_4/odom@nav_msgs/msg/Odometry[ignition.msgs.Odometry /robot_4/depth_camera/depth_image@sensor_msgs/msg/Image[ignition.msgs.Image /world/random_world/model/robot_4/link/robot_4/base_footprint/sensor/contact_sensor/contact@ros_gz_interfaces/msg/Contacts[ignition.msgs.Contacts /world/random_world/dynamic_pose/info@tf2_msgs/msg/TFMessage[ignition.msgs.Pose_V --ros-args -r __node:=all_robots_bridge --params-file /tmp/launch_params_cco1ff8c'].
[INFO] [parameter_bridge-20]: process has finished cleanly [pid 312917]
[INFO] [image_processor-24]: sending signal 'SIGINT' to process[image_processor-24]
[INFO] [bash-26]: process started with pid [313435]
[INFO] [image_processor-23]: sending signal 'SIGINT' to process[image_processor-23]
[INFO] [image_processor-22]: sending signal 'SIGINT' to process[image_processor-22]
[INFO] [image_processor-21]: sending signal 'SIGINT' to process[image_processor-21]
[INFO] [robot_supervisor-19]: sending signal 'SIGINT' to process[robot_supervisor-19]
[INFO] [robot_state_publisher-17]: sending signal 'SIGINT' to process[robot_state_publisher-17]
[INFO] [robot_supervisor-16]: sending signal 'SIGINT' to process[robot_supervisor-16]
[INFO] [robot_state_publisher-14]: sending signal 'SIGINT' to process[robot_state_publisher-14]
[INFO] [robot_supervisor-13]: sending signal 'SIGINT' to process[robot_supervisor-13]
[INFO] [robot_state_publisher-11]: sending signal 'SIGINT' to process[robot_state_publisher-11]
[INFO] [robot_supervisor-10]: sending signal 'SIGINT' to process[robot_supervisor-10]
[ERROR] [bash-26]: process has died [pid 313435, exit code -15, cmd 'bash -lc pkill -f parameter_bridge || true'].
[INFO] [robot_state_publisher-8]: sending signal 'SIGINT' to process[robot_state_publisher-8]
[INFO] [robot_supervisor-7]: sending signal 'SIGINT' to process[robot_supervisor-7]
[INFO] [robot_state_publisher-5]: sending signal 'SIGINT' to process[robot_state_publisher-5]
[INFO] [bump_counter-3]: sending signal 'SIGINT' to process[bump_counter-3]
[INFO] [coverage_counter-2]: sending signal 'SIGINT' to process[coverage_counter-2]
[parameter_bridge-4] [INFO] [1776779799.679097244] [rclcpp]: signal_handler(SIGINT/SIGTERM)
[parameter_bridge-20] [INFO] [1776779799.679195143] [rclcpp]: signal_handler(SIGINT/SIGTERM)
[INFO] [launch]: process[ign gazebo-1] was required: shutting down launched system
[image_processor-25] [INFO] [1776779800.354694692] [rclcpp]: signal_handler(SIGINT/SIGTERM)
[image_processor-24] [INFO] [1776779800.358737433] [rclcpp]: signal_handler(SIGINT/SIGTERM)
[image_processor-23] [INFO] [1776779800.361312401] [rclcpp]: signal_handler(SIGINT/SIGTERM)
[image_processor-22] [INFO] [1776779800.363469328] [rclcpp]: signal_handler(SIGINT/SIGTERM)
[image_processor-21] [INFO] [1776779800.365619805] [rclcpp]: signal_handler(SIGINT/SIGTERM)
[robot_supervisor-19] Traceback (most recent call last):
[robot_supervisor-19]   File "/home/ecem/ros2_ws/install/swarm_basics/lib/swarm_basics/robot_supervisor", line 33, in <module>
[robot_supervisor-19]     sys.exit(load_entry_point('swarm-basics==0.0.0', 'console_scripts', 'robot_supervisor')())
[robot_supervisor-19]   File "/home/ecem/ros2_ws/install/swarm_basics/lib/python3.10/site-packages/swarm_basics/robot_supervisor.py", line 867, in main
[robot_supervisor-19]     rclpy.spin(node)
[robot_supervisor-19]   File "/opt/ros/humble/local/lib/python3.10/dist-packages/rclpy/__init__.py", line 229, in spin
[robot_supervisor-19]     executor.spin_once()
[robot_supervisor-19]   File "/opt/ros/humble/local/lib/python3.10/dist-packages/rclpy/executors.py", line 773, in spin_once
[robot_supervisor-19]     self._spin_once_impl(timeout_sec)
[robot_supervisor-19]   File "/opt/ros/humble/local/lib/python3.10/dist-packages/rclpy/executors.py", line 762, in _spin_once_impl
[robot_supervisor-19]     handler, entity, node = self.wait_for_ready_callbacks(timeout_sec=timeout_sec)
[robot_supervisor-19]   File "/opt/ros/humble/local/lib/python3.10/dist-packages/rclpy/executors.py", line 745, in wait_for_ready_callbacks
[robot_supervisor-19]     return next(self._cb_iter)
[robot_supervisor-19]   File "/opt/ros/humble/local/lib/python3.10/dist-packages/rclpy/executors.py", line 642, in _wait_for_ready_callbacks
[robot_supervisor-19]     wait_set.wait(timeout_nsec)
[robot_supervisor-19] KeyboardInterrupt
[robot_state_publisher-17] [INFO] [1776779800.372615218] [rclcpp]: signal_handler(SIGINT/SIGTERM)
[robot_supervisor-16] Traceback (most recent call last):
[robot_supervisor-16]   File "/home/ecem/ros2_ws/install/swarm_basics/lib/swarm_basics/robot_supervisor", line 33, in <module>
[robot_supervisor-16]     sys.exit(load_entry_point('swarm-basics==0.0.0', 'console_scripts', 'robot_supervisor')())
[robot_supervisor-16]   File "/home/ecem/ros2_ws/install/swarm_basics/lib/python3.10/site-packages/swarm_basics/robot_supervisor.py", line 867, in main
[robot_supervisor-16]     rclpy.spin(node)
[robot_supervisor-16]   File "/opt/ros/humble/local/lib/python3.10/dist-packages/rclpy/__init__.py", line 229, in spin
[robot_supervisor-16]     executor.spin_once()
[robot_supervisor-16]   File "/opt/ros/humble/local/lib/python3.10/dist-packages/rclpy/executors.py", line 773, in spin_once
[robot_supervisor-16]     self._spin_once_impl(timeout_sec)
[robot_supervisor-16]   File "/opt/ros/humble/local/lib/python3.10/dist-packages/rclpy/executors.py", line 762, in _spin_once_impl
[robot_supervisor-16]     handler, entity, node = self.wait_for_ready_callbacks(timeout_sec=timeout_sec)
[robot_supervisor-16]   File "/opt/ros/humble/local/lib/python3.10/dist-packages/rclpy/executors.py", line 745, in wait_for_ready_callbacks
[robot_supervisor-16]     return next(self._cb_iter)
[robot_supervisor-16]   File "/opt/ros/humble/local/lib/python3.10/dist-packages/rclpy/executors.py", line 642, in _wait_for_ready_callbacks
[robot_supervisor-16]     wait_set.wait(timeout_nsec)
[robot_supervisor-16] KeyboardInterrupt
[robot_state_publisher-14] [INFO] [1776779800.376827616] [rclcpp]: signal_handler(SIGINT/SIGTERM)
[robot_supervisor-13] Traceback (most recent call last):
[robot_supervisor-13]   File "/home/ecem/ros2_ws/install/swarm_basics/lib/swarm_basics/robot_supervisor", line 33, in <module>
[robot_supervisor-13]     sys.exit(load_entry_point('swarm-basics==0.0.0', 'console_scripts', 'robot_supervisor')())
[robot_supervisor-13]   File "/home/ecem/ros2_ws/install/swarm_basics/lib/python3.10/site-packages/swarm_basics/robot_supervisor.py", line 867, in main
[robot_supervisor-13]     rclpy.spin(node)
[robot_supervisor-13]   File "/opt/ros/humble/local/lib/python3.10/dist-packages/rclpy/__init__.py", line 229, in spin
[robot_supervisor-13]     executor.spin_once()
[robot_supervisor-13]   File "/opt/ros/humble/local/lib/python3.10/dist-packages/rclpy/executors.py", line 773, in spin_once
[robot_supervisor-13]     self._spin_once_impl(timeout_sec)
[robot_supervisor-13]   File "/opt/ros/humble/local/lib/python3.10/dist-packages/rclpy/executors.py", line 762, in _spin_once_impl
[robot_supervisor-13]     handler, entity, node = self.wait_for_ready_callbacks(timeout_sec=timeout_sec)
[robot_supervisor-13]   File "/opt/ros/humble/local/lib/python3.10/dist-packages/rclpy/executors.py", line 745, in wait_for_ready_callbacks
[robot_supervisor-13]     return next(self._cb_iter)
[robot_supervisor-13]   File "/opt/ros/humble/local/lib/python3.10/dist-packages/rclpy/executors.py", line 642, in _wait_for_ready_callbacks
[robot_supervisor-13]     wait_set.wait(timeout_nsec)
[robot_supervisor-13] KeyboardInterrupt
[robot_state_publisher-11] [INFO] [1776779800.382093981] [rclcpp]: signal_handler(SIGINT/SIGTERM)
[robot_supervisor-10] Traceback (most recent call last):
[robot_supervisor-10]   File "/home/ecem/ros2_ws/install/swarm_basics/lib/swarm_basics/robot_supervisor", line 33, in <module>
[robot_supervisor-10]     sys.exit(load_entry_point('swarm-basics==0.0.0', 'console_scripts', 'robot_supervisor')())
[robot_supervisor-10]   File "/home/ecem/ros2_ws/install/swarm_basics/lib/python3.10/site-packages/swarm_basics/robot_supervisor.py", line 867, in main
[robot_supervisor-10]     rclpy.spin(node)
[robot_supervisor-10]   File "/opt/ros/humble/local/lib/python3.10/dist-packages/rclpy/__init__.py", line 229, in spin
[robot_supervisor-10]     executor.spin_once()
[robot_supervisor-10]   File "/opt/ros/humble/local/lib/python3.10/dist-packages/rclpy/executors.py", line 773, in spin_once
[robot_supervisor-10]     self._spin_once_impl(timeout_sec)
[robot_supervisor-10]   File "/opt/ros/humble/local/lib/python3.10/dist-packages/rclpy/executors.py", line 762, in _spin_once_impl
[robot_supervisor-10]     handler, entity, node = self.wait_for_ready_callbacks(timeout_sec=timeout_sec)
[robot_supervisor-10]   File "/opt/ros/humble/local/lib/python3.10/dist-packages/rclpy/executors.py", line 745, in wait_for_ready_callbacks
[robot_supervisor-10]     return next(self._cb_iter)
[robot_supervisor-10]   File "/opt/ros/humble/local/lib/python3.10/dist-packages/rclpy/executors.py", line 642, in _wait_for_ready_callbacks
[robot_supervisor-10]     wait_set.wait(timeout_nsec)
[robot_supervisor-10] KeyboardInterrupt
[robot_state_publisher-8] [INFO] [1776779800.387561092] [rclcpp]: signal_handler(SIGINT/SIGTERM)
[robot_supervisor-7] Traceback (most recent call last):
[robot_supervisor-7]   File "/home/ecem/ros2_ws/install/swarm_basics/lib/swarm_basics/robot_supervisor", line 33, in <module>
[robot_supervisor-7]     sys.exit(load_entry_point('swarm-basics==0.0.0', 'console_scripts', 'robot_supervisor')())
[robot_supervisor-7]   File "/home/ecem/ros2_ws/install/swarm_basics/lib/python3.10/site-packages/swarm_basics/robot_supervisor.py", line 867, in main
[robot_supervisor-7]     rclpy.spin(node)
[robot_supervisor-7]   File "/opt/ros/humble/local/lib/python3.10/dist-packages/rclpy/__init__.py", line 229, in spin
[robot_supervisor-7]     executor.spin_once()
[robot_supervisor-7]   File "/opt/ros/humble/local/lib/python3.10/dist-packages/rclpy/executors.py", line 773, in spin_once
[robot_supervisor-7]     self._spin_once_impl(timeout_sec)
[robot_supervisor-7]   File "/opt/ros/humble/local/lib/python3.10/dist-packages/rclpy/executors.py", line 762, in _spin_once_impl
[robot_supervisor-7]     handler, entity, node = self.wait_for_ready_callbacks(timeout_sec=timeout_sec)
[robot_supervisor-7]   File "/opt/ros/humble/local/lib/python3.10/dist-packages/rclpy/executors.py", line 745, in wait_for_ready_callbacks
[robot_supervisor-7]     return next(self._cb_iter)
[robot_supervisor-7]   File "/opt/ros/humble/local/lib/python3.10/dist-packages/rclpy/executors.py", line 642, in _wait_for_ready_callbacks
[robot_supervisor-7]     wait_set.wait(timeout_nsec)
[robot_supervisor-7] KeyboardInterrupt
[robot_state_publisher-5] [INFO] [1776779800.393114875] [rclcpp]: signal_handler(SIGINT/SIGTERM)
[ERROR] [launch]: Caught exception in launch (see debug for traceback): ExecuteLocal action 'bash-27': executed more than once: <launch.actions.execute_process.ExecuteProcess object at 0x742f2ab84880>
[INFO] [image_processor-25]: process has finished cleanly [pid 313266]
[INFO] [image_processor-24]: process has finished cleanly [pid 313264]
[INFO] [image_processor-22]: process has finished cleanly [pid 313260]
[INFO] [image_processor-23]: process has finished cleanly [pid 313262]
[INFO] [image_processor-21]: process has finished cleanly [pid 313258]
[INFO] [robot_state_publisher-17]: process has finished cleanly [pid 312896]
[INFO] [robot_state_publisher-14]: process has finished cleanly [pid 312888]
[INFO] [robot_state_publisher-11]: process has finished cleanly [pid 312882]
[INFO] [robot_state_publisher-8]: process has finished cleanly [pid 312876]
[INFO] [robot_state_publisher-5]: process has finished cleanly [pid 312868]
[coverage_counter-2] Traceback (most recent call last):
[coverage_counter-2]   File "/home/ecem/ros2_ws/install/swarm_basics/lib/python3.10/site-packages/swarm_basics/coverage_counter.py", line 418, in main
[coverage_counter-2]     rclpy.spin(node)
[coverage_counter-2]   File "/opt/ros/humble/local/lib/python3.10/dist-packages/rclpy/__init__.py", line 229, in spin
[coverage_counter-2]     executor.spin_once()
[coverage_counter-2]   File "/opt/ros/humble/local/lib/python3.10/dist-packages/rclpy/executors.py", line 773, in spin_once
[coverage_counter-2]     self._spin_once_impl(timeout_sec)
[coverage_counter-2]   File "/opt/ros/humble/local/lib/python3.10/dist-packages/rclpy/executors.py", line 768, in _spin_once_impl
[coverage_counter-2]     handler()
[coverage_counter-2]   File "/opt/ros/humble/local/lib/python3.10/dist-packages/rclpy/task.py", line 254, in __call__
[coverage_counter-2]     self._handler.send(None)
[coverage_counter-2]   File "/opt/ros/humble/local/lib/python3.10/dist-packages/rclpy/executors.py", line 463, in handler
[coverage_counter-2]     await call_coroutine(entity, arg)
[coverage_counter-2]   File "/opt/ros/humble/local/lib/python3.10/dist-packages/rclpy/executors.py", line 371, in _execute_timer
[coverage_counter-2]     await await_or_execute(tmr.callback)
[coverage_counter-2]   File "/opt/ros/humble/local/lib/python3.10/dist-packages/rclpy/executors.py", line 107, in await_or_execute
[coverage_counter-2]     return callback(*args)
[coverage_counter-2]   File "/home/ecem/ros2_ws/install/swarm_basics/lib/python3.10/site-packages/swarm_basics/coverage_counter.py", line 152, in _on_timeout_timer
[coverage_counter-2]     self.shutdown_and_save()
[coverage_counter-2]   File "/home/ecem/ros2_ws/install/swarm_basics/lib/python3.10/site-packages/swarm_basics/coverage_counter.py", line 174, in shutdown_and_save
[coverage_counter-2]     rclpy.shutdown()
[coverage_counter-2]   File "/opt/ros/humble/local/lib/python3.10/dist-packages/rclpy/__init__.py", line 130, in shutdown
[coverage_counter-2]     _shutdown(context=context)
[coverage_counter-2]   File "/opt/ros/humble/local/lib/python3.10/dist-packages/rclpy/utilities.py", line 58, in shutdown
[coverage_counter-2]     return context.shutdown()
[coverage_counter-2]   File "/opt/ros/humble/local/lib/python3.10/dist-packages/rclpy/context.py", line 103, in shutdown
[coverage_counter-2]     self._call_on_shutdown_callbacks()
[coverage_counter-2]   File "/opt/ros/humble/local/lib/python3.10/dist-packages/rclpy/context.py", line 92, in _call_on_shutdown_callbacks
[coverage_counter-2]     callback = weak_method()
[coverage_counter-2]   File "/opt/ros/humble/local/lib/python3.10/dist-packages/rclpy/__init__.py", line 111, in reset_executor
[coverage_counter-2]     __executor.shutdown()
[coverage_counter-2]   File "/opt/ros/humble/local/lib/python3.10/dist-packages/rclpy/executors.py", line 227, in shutdown
[coverage_counter-2]     if not self._work_tracker.wait(timeout_sec):
[coverage_counter-2]   File "/opt/ros/humble/local/lib/python3.10/dist-packages/rclpy/executors.py", line 94, in wait
[coverage_counter-2]     if not self._work_condition.wait_for(
[coverage_counter-2]   File "/usr/lib/python3.10/threading.py", line 355, in wait_for
[coverage_counter-2]     self.wait(waittime)
[coverage_counter-2]   File "/usr/lib/python3.10/threading.py", line 320, in wait
[coverage_counter-2]     waiter.acquire()
[coverage_counter-2] KeyboardInterrupt
[coverage_counter-2] 
[coverage_counter-2] During handling of the above exception, another exception occurred:
[coverage_counter-2] 
[coverage_counter-2] Traceback (most recent call last):
[coverage_counter-2]   File "/home/ecem/ros2_ws/install/swarm_basics/lib/swarm_basics/coverage_counter", line 33, in <module>
[coverage_counter-2]     sys.exit(load_entry_point('swarm-basics==0.0.0', 'console_scripts', 'coverage_counter')())
[coverage_counter-2]   File "/home/ecem/ros2_ws/install/swarm_basics/lib/python3.10/site-packages/swarm_basics/coverage_counter.py", line 421, in main
[coverage_counter-2]     node.shutdown_and_save()
[coverage_counter-2]   File "/home/ecem/ros2_ws/install/swarm_basics/lib/python3.10/site-packages/swarm_basics/coverage_counter.py", line 174, in shutdown_and_save
[coverage_counter-2]     rclpy.shutdown()
[coverage_counter-2]   File "/opt/ros/humble/local/lib/python3.10/dist-packages/rclpy/__init__.py", line 130, in shutdown
[coverage_counter-2]     _shutdown(context=context)
[coverage_counter-2]   File "/opt/ros/humble/local/lib/python3.10/dist-packages/rclpy/utilities.py", line 58, in shutdown
[coverage_counter-2]     return context.shutdown()
[coverage_counter-2]   File "/opt/ros/humble/local/lib/python3.10/dist-packages/rclpy/context.py", line 100, in shutdown
[coverage_counter-2]     raise RuntimeError('Context must be initialized before it can be shutdown')
[coverage_counter-2] RuntimeError: Context must be initialized before it can be shutdown
[bump_counter-3] Traceback (most recent call last):
[bump_counter-3]   File "/home/ecem/ros2_ws/install/swarm_basics/lib/swarm_basics/bump_counter", line 33, in <module>
[bump_counter-3]     sys.exit(load_entry_point('swarm-basics==0.0.0', 'console_scripts', 'bump_counter')())
[bump_counter-3]   File "/home/ecem/ros2_ws/install/swarm_basics/lib/python3.10/site-packages/swarm_basics/bump_counter.py", line 384, in main
[bump_counter-3]     rclpy.shutdown()
[bump_counter-3]   File "/opt/ros/humble/local/lib/python3.10/dist-packages/rclpy/__init__.py", line 130, in shutdown
[bump_counter-3]     _shutdown(context=context)
[bump_counter-3]   File "/opt/ros/humble/local/lib/python3.10/dist-packages/rclpy/utilities.py", line 58, in shutdown
[bump_counter-3]     return context.shutdown()
[bump_counter-3]   File "/opt/ros/humble/local/lib/python3.10/dist-packages/rclpy/context.py", line 102, in shutdown
[bump_counter-3]     self.__context.shutdown()
[bump_counter-3] rclpy._rclpy_pybind11.RCLError: failed to shutdown: rcl_shutdown already called on the given context, at ./src/rcl/init.c:241
[ERROR] [coverage_counter-2]: process has died [pid 312862, exit code 1, cmd '/home/ecem/ros2_ws/install/swarm_basics/lib/swarm_basics/coverage_counter --ros-args -r __node:=coverage_counter --params-file /tmp/launch_params_vmcx0ks9 --params-file /tmp/launch_params_34z7z7b0 --params-file /tmp/launch_params_xll8ovig --params-file /tmp/launch_params_fjls_d6j --params-file /tmp/launch_params_byrqb5ol --params-file /tmp/launch_params_xltox346'].
[ERROR] [bump_counter-3]: process has died [pid 312864, exit code 1, cmd '/home/ecem/ros2_ws/install/swarm_basics/lib/swarm_basics/bump_counter --ros-args -r __node:=bump_counter --params-file /tmp/launch_params_4cm16ptr --params-file /tmp/launch_params_6cxrniwi --params-file /tmp/launch_params_ddzd2i91'].
[ERROR] [robot_supervisor-19]: process has died [pid 312915, exit code -2, cmd '/home/ecem/ros2_ws/install/swarm_basics/lib/swarm_basics/robot_supervisor --ros-args -r __node:=robot_supervisor -r __ns:=/robot_4 --params-file /tmp/launch_params_bt3waw94 --params-file /tmp/launch_params_uhshvm85 --params-file /tmp/launch_params_i5j9g7mq --params-file /tmp/launch_params_iwtx6mom'].
[ERROR] [robot_supervisor-16]: process has died [pid 312892, exit code -2, cmd '/home/ecem/ros2_ws/install/swarm_basics/lib/swarm_basics/robot_supervisor --ros-args -r __node:=robot_supervisor -r __ns:=/robot_3 --params-file /tmp/launch_params_ide_rxi4 --params-file /tmp/launch_params_2ws4ap8w --params-file /tmp/launch_params_163jezz4 --params-file /tmp/launch_params_ddkk65o9'].
[ERROR] [robot_supervisor-7]: process has died [pid 312873, exit code -2, cmd '/home/ecem/ros2_ws/install/swarm_basics/lib/swarm_basics/robot_supervisor --ros-args -r __node:=robot_supervisor -r __ns:=/robot_0 --params-file /tmp/launch_params_6pp33brc --params-file /tmp/launch_params_z9_75qc7 --params-file /tmp/launch_params_pruou1ly --params-file /tmp/launch_params_yno0ftas'].
[ERROR] [robot_supervisor-13]: process has died [pid 312886, exit code -2, cmd '/home/ecem/ros2_ws/install/swarm_basics/lib/swarm_basics/robot_supervisor --ros-args -r __node:=robot_supervisor -r __ns:=/robot_2 --params-file /tmp/launch_params_hz20b68a --params-file /tmp/launch_params_pgj_ho1n --params-file /tmp/launch_params_jzufzqf0 --params-file /tmp/launch_params_5t_nby8q'].
[ERROR] [robot_supervisor-10]: process has died [pid 312880, exit code -2, cmd '/home/ecem/ros2_ws/install/swarm_basics/lib/swarm_basics/robot_supervisor --ros-args -r __node:=robot_supervisor -r __ns:=/robot_1 --params-file /tmp/launch_params_6di2bzsd --params-file /tmp/launch_params_otu766wk --params-file /tmp/launch_params_6u_wlwr_ --params-file /tmp/launch_params_m_7jgnkt'].
