running egg_info
writing ../build/leo_real/leo_real.egg-info/PKG-INFO
writing dependency_links to ../build/leo_real/leo_real.egg-info/dependency_links.txt
writing entry points to ../build/leo_real/leo_real.egg-info/entry_points.txt
writing requirements to ../build/leo_real/leo_real.egg-info/requires.txt
writing top-level names to ../build/leo_real/leo_real.egg-info/top_level.txt
reading manifest file '../build/leo_real/leo_real.egg-info/SOURCES.txt'
writing manifest file '../build/leo_real/leo_real.egg-info/SOURCES.txt'
running build
running build_py
running install
running install_lib
running install_data
copying config/real_camera.yaml -> /home/ecem/ros2_real_ws/src/Leo_sct_real/Leo_sct/install/leo_real/share/leo_real/config
running install_egg_info
removing '/home/ecem/ros2_real_ws/src/Leo_sct_real/Leo_sct/install/leo_real/lib/python3.10/site-packages/leo_real-0.0.0-py3.10.egg-info' (and everything under it)
Copying ../build/leo_real/leo_real.egg-info to /home/ecem/ros2_real_ws/src/Leo_sct_real/Leo_sct/install/leo_real/lib/python3.10/site-packages/leo_real-0.0.0-py3.10.egg-info
running install_scripts
Installing robot_supervisor script to /home/ecem/ros2_real_ws/src/Leo_sct_real/Leo_sct/install/leo_real/lib/leo_real
Installing robot_supervisor_rgb script to /home/ecem/ros2_real_ws/src/Leo_sct_real/Leo_sct/install/leo_real/lib/leo_real
writing list of installed files to '/home/ecem/ros2_real_ws/src/Leo_sct_real/Leo_sct/build/leo_real/install.log'
