[INFO] [launch]: All log files can be found below /home/ecem/.ros/log/2026-04-21-15-49-55-628572-ecem-pc-312237
[INFO] [launch]: Default logging verbosity is set to INFO
[INFO] [ign gazebo-1]: process started with pid [312252]
[INFO] [coverage_counter-2]: process started with pid [312254]
[INFO] [bump_counter-3]: process started with pid [312257]
[INFO] [parameter_bridge-4]: process started with pid [312259]
[INFO] [robot_state_publisher-5]: process started with pid [312261]
[INFO] [create-6]: process started with pid [312263]
[INFO] [robot_supervisor-7]: process started with pid [312265]
[INFO] [robot_state_publisher-8]: process started with pid [312267]
[INFO] [create-9]: process started with pid [312270]
[INFO] [robot_supervisor-10]: process started with pid [312272]
[INFO] [robot_state_publisher-11]: process started with pid [312274]
[INFO] [create-12]: process started with pid [312277]
[INFO] [robot_supervisor-13]: process started with pid [312279]
[INFO] [robot_state_publisher-14]: process started with pid [312281]
[INFO] [create-15]: process started with pid [312283]
[INFO] [robot_supervisor-16]: process started with pid [312285]
[INFO] [robot_state_publisher-17]: process started with pid [312287]
[INFO] [create-18]: process started with pid [312294]
[INFO] [robot_supervisor-19]: process started with pid [312297]
[INFO] [parameter_bridge-20]: process started with pid [312299]
[parameter_bridge-4] [ros_ign_bridge] is deprecated! Redirecting to use [ros_gz_bridge] instead!
[parameter_bridge-4] 
[create-6] [INFO] [1776779396.069786948] [robot_0.ros_gz_sim]: Requesting list of world names.
[create-9] [INFO] [1776779396.070338471] [robot_1.ros_gz_sim]: Requesting list of world names.
[create-18] [INFO] [1776779396.071387228] [robot_4.ros_gz_sim]: Requesting list of world names.
[create-12] [INFO] [1776779396.074418967] [robot_2.ros_gz_sim]: Requesting list of world names.
[create-15] [INFO] [1776779396.074701077] [robot_3.ros_gz_sim]: Requesting list of world names.
[parameter_bridge-4] [INFO] [1776779396.079655301] [all_robots_bridge]: Creating ROS->GZ Bridge: [/robot_0/cmd_vel (geometry_msgs/msg/Twist) -> /robot_0/cmd_vel (ignition.msgs.Twist)] (Lazy 0)
[parameter_bridge-4] [INFO] [1776779396.080814472] [all_robots_bridge]: Creating GZ->ROS Bridge: [/robot_0/odom (ignition.msgs.Odometry) -> /robot_0/odom (nav_msgs/msg/Odometry)] (Lazy 0)
[parameter_bridge-4] [INFO] [1776779396.081535296] [all_robots_bridge]: Creating GZ->ROS Bridge: [/robot_0/depth_camera/depth_image (ignition.msgs.Image) -> /robot_0/depth_camera/depth_image (sensor_msgs/msg/Image)] (Lazy 0)
[parameter_bridge-4] [INFO] [1776779396.082869332] [all_robots_bridge]: Creating GZ->ROS Bridge: [/world/random_world/model/robot_0/link/robot_0/base_footprint/sensor/contact_sensor/contact (ignition.msgs.Contacts) -> /world/random_world/model/robot_0/link/robot_0/base_footprint/sensor/contact_sensor/contact (ros_gz_interfaces/msg/Contacts)] (Lazy 0)
[parameter_bridge-4] [INFO] [1776779396.084361908] [all_robots_bridge]: Creating ROS->GZ Bridge: [/robot_1/cmd_vel (geometry_msgs/msg/Twist) -> /robot_1/cmd_vel (ignition.msgs.Twist)] (Lazy 0)
[robot_state_publisher-11] [INFO] [1776779396.084427141] [robot_2.robot_state_publisher]: got segment robot_2/antenna_link
[robot_state_publisher-11] [INFO] [1776779396.084532549] [robot_2.robot_state_publisher]: got segment robot_2/base_footprint
[robot_state_publisher-11] [INFO] [1776779396.084552216] [robot_2.robot_state_publisher]: got segment robot_2/base_link
[robot_state_publisher-11] [INFO] [1776779396.084562532] [robot_2.robot_state_publisher]: got segment robot_2/realsense_link
[robot_state_publisher-11] [INFO] [1776779396.084571253] [robot_2.robot_state_publisher]: got segment robot_2/rocker_L_link
[robot_state_publisher-11] [INFO] [1776779396.084579082] [robot_2.robot_state_publisher]: got segment robot_2/rocker_R_link
[robot_state_publisher-11] [INFO] [1776779396.084586599] [robot_2.robot_state_publisher]: got segment robot_2/wheel_FL_link
[robot_state_publisher-11] [INFO] [1776779396.084594146] [robot_2.robot_state_publisher]: got segment robot_2/wheel_FR_link
[robot_state_publisher-11] [INFO] [1776779396.084601394] [robot_2.robot_state_publisher]: got segment robot_2/wheel_RL_link
[robot_state_publisher-11] [INFO] [1776779396.084608641] [robot_2.robot_state_publisher]: got segment robot_2/wheel_RR_link
[parameter_bridge-4] [INFO] [1776779396.084661248] [all_robots_bridge]: Creating GZ->ROS Bridge: [/robot_1/odom (ignition.msgs.Odometry) -> /robot_1/odom (nav_msgs/msg/Odometry)] (Lazy 0)
[parameter_bridge-4] [INFO] [1776779396.084899775] [all_robots_bridge]: Creating GZ->ROS Bridge: [/robot_1/depth_camera/depth_image (ignition.msgs.Image) -> /robot_1/depth_camera/depth_image (sensor_msgs/msg/Image)] (Lazy 0)
[parameter_bridge-4] [INFO] [1776779396.085124453] [all_robots_bridge]: Creating GZ->ROS Bridge: [/world/random_world/model/robot_1/link/robot_1/base_footprint/sensor/contact_sensor/contact (ignition.msgs.Contacts) -> /world/random_world/model/robot_1/link/robot_1/base_footprint/sensor/contact_sensor/contact (ros_gz_interfaces/msg/Contacts)] (Lazy 0)
[parameter_bridge-4] [INFO] [1776779396.085409504] [all_robots_bridge]: Creating ROS->GZ Bridge: [/robot_2/cmd_vel (geometry_msgs/msg/Twist) -> /robot_2/cmd_vel (ignition.msgs.Twist)] (Lazy 0)
[parameter_bridge-4] [INFO] [1776779396.085626601] [all_robots_bridge]: Creating GZ->ROS Bridge: [/robot_2/odom (ignition.msgs.Odometry) -> /robot_2/odom (nav_msgs/msg/Odometry)] (Lazy 0)
[parameter_bridge-4] [INFO] [1776779396.086083688] [all_robots_bridge]: Creating GZ->ROS Bridge: [/robot_2/depth_camera/depth_image (ignition.msgs.Image) -> /robot_2/depth_camera/depth_image (sensor_msgs/msg/Image)] (Lazy 0)
[parameter_bridge-4] [INFO] [1776779396.086468054] [all_robots_bridge]: Creating GZ->ROS Bridge: [/world/random_world/model/robot_2/link/robot_2/base_footprint/sensor/contact_sensor/contact (ignition.msgs.Contacts) -> /world/random_world/model/robot_2/link/robot_2/base_footprint/sensor/contact_sensor/contact (ros_gz_interfaces/msg/Contacts)] (Lazy 0)
[parameter_bridge-4] [INFO] [1776779396.086828910] [all_robots_bridge]: Creating ROS->GZ Bridge: [/robot_3/cmd_vel (geometry_msgs/msg/Twist) -> /robot_3/cmd_vel (ignition.msgs.Twist)] (Lazy 0)
[parameter_bridge-4] [INFO] [1776779396.087067439] [all_robots_bridge]: Creating GZ->ROS Bridge: [/robot_3/odom (ignition.msgs.Odometry) -> /robot_3/odom (nav_msgs/msg/Odometry)] (Lazy 0)
[parameter_bridge-4] [INFO] [1776779396.087441159] [all_robots_bridge]: Creating GZ->ROS Bridge: [/robot_3/depth_camera/depth_image (ignition.msgs.Image) -> /robot_3/depth_camera/depth_image (sensor_msgs/msg/Image)] (Lazy 0)
[parameter_bridge-4] [INFO] [1776779396.087709696] [all_robots_bridge]: Creating GZ->ROS Bridge: [/world/random_world/model/robot_3/link/robot_3/base_footprint/sensor/contact_sensor/contact (ignition.msgs.Contacts) -> /world/random_world/model/robot_3/link/robot_3/base_footprint/sensor/contact_sensor/contact (ros_gz_interfaces/msg/Contacts)] (Lazy 0)
[parameter_bridge-4] [INFO] [1776779396.088038892] [all_robots_bridge]: Creating ROS->GZ Bridge: [/robot_4/cmd_vel (geometry_msgs/msg/Twist) -> /robot_4/cmd_vel (ignition.msgs.Twist)] (Lazy 0)
[parameter_bridge-4] [INFO] [1776779396.088270758] [all_robots_bridge]: Creating GZ->ROS Bridge: [/robot_4/odom (ignition.msgs.Odometry) -> /robot_4/odom (nav_msgs/msg/Odometry)] (Lazy 0)
[parameter_bridge-4] [INFO] [1776779396.088551999] [all_robots_bridge]: Creating GZ->ROS Bridge: [/robot_4/depth_camera/depth_image (ignition.msgs.Image) -> /robot_4/depth_camera/depth_image (sensor_msgs/msg/Image)] (Lazy 0)
[parameter_bridge-4] [INFO] [1776779396.089354189] [all_robots_bridge]: Creating GZ->ROS Bridge: [/world/random_world/model/robot_4/link/robot_4/base_footprint/sensor/contact_sensor/contact (ignition.msgs.Contacts) -> /world/random_world/model/robot_4/link/robot_4/base_footprint/sensor/contact_sensor/contact (ros_gz_interfaces/msg/Contacts)] (Lazy 0)
[parameter_bridge-4] [INFO] [1776779396.089920201] [all_robots_bridge]: Creating GZ->ROS Bridge: [/world/random_world/dynamic_pose/info (ignition.msgs.Pose_V) -> /world/random_world/dynamic_pose/info (tf2_msgs/msg/TFMessage)] (Lazy 0)
[parameter_bridge-20] [INFO] [1776779396.092603030] [clock_bridge]: Creating GZ->ROS Bridge: [/clock (ignition.msgs.Clock) -> /clock (rosgraph_msgs/msg/Clock)] (Lazy 0)
[robot_state_publisher-14] [INFO] [1776779396.103413288] [robot_3.robot_state_publisher]: got segment robot_3/antenna_link
[robot_state_publisher-14] [INFO] [1776779396.103494850] [robot_3.robot_state_publisher]: got segment robot_3/base_footprint
[robot_state_publisher-14] [INFO] [1776779396.103502034] [robot_3.robot_state_publisher]: got segment robot_3/base_link
[robot_state_publisher-14] [INFO] [1776779396.103506467] [robot_3.robot_state_publisher]: got segment robot_3/realsense_link
[robot_state_publisher-14] [INFO] [1776779396.103509988] [robot_3.robot_state_publisher]: got segment robot_3/rocker_L_link
[robot_state_publisher-14] [INFO] [1776779396.103513509] [robot_3.robot_state_publisher]: got segment robot_3/rocker_R_link
[robot_state_publisher-14] [INFO] [1776779396.103516738] [robot_3.robot_state_publisher]: got segment robot_3/wheel_FL_link
[robot_state_publisher-14] [INFO] [1776779396.103521635] [robot_3.robot_state_publisher]: got segment robot_3/wheel_FR_link
[robot_state_publisher-14] [INFO] [1776779396.103525068] [robot_3.robot_state_publisher]: got segment robot_3/wheel_RL_link
[robot_state_publisher-14] [INFO] [1776779396.103528578] [robot_3.robot_state_publisher]: got segment robot_3/wheel_RR_link
[robot_state_publisher-17] [INFO] [1776779396.104376852] [robot_4.robot_state_publisher]: got segment robot_4/antenna_link
[robot_state_publisher-17] [INFO] [1776779396.104432723] [robot_4.robot_state_publisher]: got segment robot_4/base_footprint
[robot_state_publisher-17] [INFO] [1776779396.104439100] [robot_4.robot_state_publisher]: got segment robot_4/base_link
[robot_state_publisher-17] [INFO] [1776779396.104442926] [robot_4.robot_state_publisher]: got segment robot_4/realsense_link
[robot_state_publisher-17] [INFO] [1776779396.104446337] [robot_4.robot_state_publisher]: got segment robot_4/rocker_L_link
[robot_state_publisher-17] [INFO] [1776779396.104449586] [robot_4.robot_state_publisher]: got segment robot_4/rocker_R_link
[robot_state_publisher-17] [INFO] [1776779396.104452706] [robot_4.robot_state_publisher]: got segment robot_4/wheel_FL_link
[robot_state_publisher-17] [INFO] [1776779396.104455957] [robot_4.robot_state_publisher]: got segment robot_4/wheel_FR_link
[robot_state_publisher-17] [INFO] [1776779396.104458881] [robot_4.robot_state_publisher]: got segment robot_4/wheel_RL_link
[robot_state_publisher-17] [INFO] [1776779396.104462118] [robot_4.robot_state_publisher]: got segment robot_4/wheel_RR_link
[robot_state_publisher-5] [INFO] [1776779396.106177217] [robot_0.robot_state_publisher]: got segment robot_0/antenna_link
[robot_state_publisher-5] [INFO] [1776779396.106235439] [robot_0.robot_state_publisher]: got segment robot_0/base_footprint
[robot_state_publisher-5] [INFO] [1776779396.106241405] [robot_0.robot_state_publisher]: got segment robot_0/base_link
[robot_state_publisher-5] [INFO] [1776779396.106245250] [robot_0.robot_state_publisher]: got segment robot_0/realsense_link
[robot_state_publisher-5] [INFO] [1776779396.106248507] [robot_0.robot_state_publisher]: got segment robot_0/rocker_L_link
[robot_state_publisher-5] [INFO] [1776779396.106251682] [robot_0.robot_state_publisher]: got segment robot_0/rocker_R_link
[robot_state_publisher-5] [INFO] [1776779396.106254658] [robot_0.robot_state_publisher]: got segment robot_0/wheel_FL_link
[robot_state_publisher-5] [INFO] [1776779396.106257682] [robot_0.robot_state_publisher]: got segment robot_0/wheel_FR_link
[robot_state_publisher-5] [INFO] [1776779396.106260673] [robot_0.robot_state_publisher]: got segment robot_0/wheel_RL_link
[robot_state_publisher-5] [INFO] [1776779396.106263811] [robot_0.robot_state_publisher]: got segment robot_0/wheel_RR_link
[robot_state_publisher-8] [INFO] [1776779396.110729758] [robot_1.robot_state_publisher]: got segment robot_1/antenna_link
[robot_state_publisher-8] [INFO] [1776779396.110800011] [robot_1.robot_state_publisher]: got segment robot_1/base_footprint
[robot_state_publisher-8] [INFO] [1776779396.110806374] [robot_1.robot_state_publisher]: got segment robot_1/base_link
[robot_state_publisher-8] [INFO] [1776779396.110810157] [robot_1.robot_state_publisher]: got segment robot_1/realsense_link
[robot_state_publisher-8] [INFO] [1776779396.110813408] [robot_1.robot_state_publisher]: got segment robot_1/rocker_L_link
[robot_state_publisher-8] [INFO] [1776779396.110816586] [robot_1.robot_state_publisher]: got segment robot_1/rocker_R_link
[robot_state_publisher-8] [INFO] [1776779396.110819861] [robot_1.robot_state_publisher]: got segment robot_1/wheel_FL_link
[robot_state_publisher-8] [INFO] [1776779396.110822912] [robot_1.robot_state_publisher]: got segment robot_1/wheel_FR_link
[robot_state_publisher-8] [INFO] [1776779396.110826012] [robot_1.robot_state_publisher]: got segment robot_1/wheel_RL_link
[robot_state_publisher-8] [INFO] [1776779396.110828972] [robot_1.robot_state_publisher]: got segment robot_1/wheel_RR_link
[bump_counter-3] [INFO] [1776779396.424312236] [bump_counter]: [global] global_mode=True cooldown(robot)=0.80s cooldown(obs)=0.50s Logging to /home/ecem/ros2_ws/src/Leo_sct/results_exp/explore/medium/prompt_5/run_10/spread/trial_3/run_20260421_154955/bumps_global_154956.csv
[robot_supervisor-16] [INFO] [1776779396.426872562] [robot_3.robot_supervisor]: Loaded initial mission 'explore' from explicit YAML explore_sup_gpt_medium_5_run_10_166.yaml
[robot_supervisor-7] [INFO] [1776779396.441977295] [robot_0.robot_supervisor]: Loaded initial mission 'explore' from explicit YAML explore_sup_gpt_medium_5_run_10_166.yaml
[robot_supervisor-19] [INFO] [1776779396.469564234] [robot_4.robot_supervisor]: Loaded initial mission 'explore' from explicit YAML explore_sup_gpt_medium_5_run_10_166.yaml
[robot_supervisor-13] [INFO] [1776779396.482790960] [robot_2.robot_supervisor]: Loaded initial mission 'explore' from explicit YAML explore_sup_gpt_medium_5_run_10_166.yaml
[robot_supervisor-10] [INFO] [1776779396.512057761] [robot_1.robot_supervisor]: Loaded initial mission 'explore' from explicit YAML explore_sup_gpt_medium_5_run_10_166.yaml
[parameter_bridge-4] [INFO] [1776779396.530674270] [all_robots_bridge]: Passing message from ROS geometry_msgs/msg/Twist to Gazebo gz.msgs.Twist (showing msg only once per type)
[create-6] [INFO] [1776779396.586035202] [robot_0.ros_gz_sim]: Waiting messages on topic [/robot_0/robot_description].
[create-18] [INFO] [1776779396.686461912] [robot_4.ros_gz_sim]: Waiting messages on topic [/robot_4/robot_description].
[create-9] [INFO] [1776779396.787234705] [robot_1.ros_gz_sim]: Waiting messages on topic [/robot_1/robot_description].
[create-15] [INFO] [1776779396.887738449] [robot_3.ros_gz_sim]: Waiting messages on topic [/robot_3/robot_description].
[create-9] [INFO] [1776779396.987265780] [robot_1.ros_gz_sim]: Requested creation of entity.
[create-9] [INFO] [1776779396.987334922] [robot_1.ros_gz_sim]: OK creation of entity.
[create-15] [INFO] [1776779396.987418912] [robot_3.ros_gz_sim]: Requested creation of entity.
[create-15] [INFO] [1776779396.987488437] [robot_3.ros_gz_sim]: OK creation of entity.
[create-18] [INFO] [1776779396.987418686] [robot_4.ros_gz_sim]: Requested creation of entity.
[create-18] [INFO] [1776779396.987488290] [robot_4.ros_gz_sim]: OK creation of entity.
[create-6] [INFO] [1776779396.987431388] [robot_0.ros_gz_sim]: Requested creation of entity.
[create-6] [INFO] [1776779396.987483813] [robot_0.ros_gz_sim]: OK creation of entity.
[create-12] [INFO] [1776779396.988006692] [robot_2.ros_gz_sim]: Waiting messages on topic [/robot_2/robot_description].
[create-12] [INFO] [1776779396.991242318] [robot_2.ros_gz_sim]: Requested creation of entity.
[create-12] [INFO] [1776779396.991282926] [robot_2.ros_gz_sim]: OK creation of entity.
[INFO] [create-15]: process has finished cleanly [pid 312283]
[INFO] [create-6]: process has finished cleanly [pid 312263]
[INFO] [create-9]: process has finished cleanly [pid 312270]
[INFO] [create-18]: process has finished cleanly [pid 312294]
[INFO] [create-12]: process has finished cleanly [pid 312277]
[bump_counter-3] [INFO] [1776779397.491302684] [bump_counter]: [global] subscribed: /world/random_world/model/robot_0/link/robot_0/base_footprint/sensor/contact_sensor/contact
[bump_counter-3] [INFO] [1776779397.492019290] [bump_counter]: [global] subscribed: /world/random_world/model/robot_1/link/robot_1/base_footprint/sensor/contact_sensor/contact
[bump_counter-3] [INFO] [1776779397.492606871] [bump_counter]: [global] subscribed: /world/random_world/model/robot_2/link/robot_2/base_footprint/sensor/contact_sensor/contact
[bump_counter-3] [INFO] [1776779397.494594149] [bump_counter]: [global] subscribed: /world/random_world/model/robot_3/link/robot_3/base_footprint/sensor/contact_sensor/contact
[bump_counter-3] [INFO] [1776779397.495751924] [bump_counter]: [global] subscribed: /world/random_world/model/robot_4/link/robot_4/base_footprint/sensor/contact_sensor/contact
[INFO] [image_processor-21]: process started with pid [312648]
[INFO] [image_processor-22]: process started with pid [312650]
[INFO] [image_processor-23]: process started with pid [312652]
[INFO] [image_processor-24]: process started with pid [312654]
[INFO] [image_processor-25]: process started with pid [312656]
[image_processor-21] [INFO] [1776779398.077246824] [robot_0.image_processor]: image_processor: depth='/robot_0/depth_camera/depth_image' aruco_runtime=disabled
[image_processor-23] [INFO] [1776779398.080055897] [robot_2.image_processor]: image_processor: depth='/robot_2/depth_camera/depth_image' aruco_runtime=disabled
[image_processor-22] [INFO] [1776779398.085840250] [robot_1.image_processor]: image_processor: depth='/robot_1/depth_camera/depth_image' aruco_runtime=disabled
[image_processor-24] [INFO] [1776779398.091529988] [robot_3.image_processor]: image_processor: depth='/robot_3/depth_camera/depth_image' aruco_runtime=disabled
[image_processor-25] [INFO] [1776779398.092542961] [robot_4.image_processor]: image_processor: depth='/robot_4/depth_camera/depth_image' aruco_runtime=disabled
[image_processor-21] [INFO] [1776779401.499871159] [robot_0.image_processor]: Zone=CLEAR  left[p=0.904 near=0 v=7650]  front[p=1.356 near=0 v=13500]  right[p=1.356 near=0 v=7740]
[image_processor-25] [INFO] [1776779401.514027552] [robot_4.image_processor]: Zone=CLEAR  left[p=3.196 near=0 v=6573]  front[p=2.953 near=0 v=9956]  right[p=2.658 near=0 v=5511]
[image_processor-22] [INFO] [1776779401.522901586] [robot_1.image_processor]: Zone=CLEAR  left[p=1.667 near=0 v=7650]  front[p=3.100 near=0 v=12175]  right[p=2.607 near=0 v=7450]
[image_processor-24] [INFO] [1776779401.532208765] [robot_3.image_processor]: Zone=CLEAR  left[p=1.102 near=0 v=7650]  front[p=1.719 near=0 v=13500]  right[p=2.172 near=0 v=7740]
[image_processor-23] [INFO] [1776779401.546464320] [robot_2.image_processor]: Zone=CLEAR  left[p=2.745 near=0 v=5011]  front[p=1.644 near=0 v=8425]  right[p=1.700 near=0 v=6986]
[image_processor-21] [INFO] [1776779404.001073879] [robot_0.image_processor]: Zone=CLEAR
[image_processor-25] [INFO] [1776779404.014298729] [robot_4.image_processor]: Zone=CLEAR
[image_processor-22] [INFO] [1776779404.023092405] [robot_1.image_processor]: Zone=CLEAR
[image_processor-24] [INFO] [1776779404.032225222] [robot_3.image_processor]: Zone=CLEAR
[image_processor-23] [INFO] [1776779404.049369492] [robot_2.image_processor]: Zone=CLEAR
[image_processor-21] [INFO] [1776779406.503273777] [robot_0.image_processor]: Zone=CLEAR
[image_processor-25] [INFO] [1776779406.517686434] [robot_4.image_processor]: Zone=CLEAR
[image_processor-22] [INFO] [1776779406.526820997] [robot_1.image_processor]: Zone=CLEAR
[image_processor-24] [INFO] [1776779406.536743936] [robot_3.image_processor]: Zone=CLEAR
[image_processor-23] [INFO] [1776779406.552525028] [robot_2.image_processor]: Zone=CLEAR
[image_processor-21] [INFO] [1776779408.999865837] [robot_0.image_processor]: Zone=CLEAR
[image_processor-25] [INFO] [1776779409.013663994] [robot_4.image_processor]: Zone=CLEAR
[image_processor-22] [INFO] [1776779409.022371808] [robot_1.image_processor]: Zone=CLEAR
[image_processor-24] [INFO] [1776779409.030844438] [robot_3.image_processor]: Zone=CLEAR
[image_processor-23] [INFO] [1776779409.044929708] [robot_2.image_processor]: Zone=CLEAR
[image_processor-21] [INFO] [1776779411.499582794] [robot_0.image_processor]: Zone=CLEAR
[image_processor-25] [INFO] [1776779411.513187841] [robot_4.image_processor]: Zone=CLEAR
[image_processor-22] [INFO] [1776779411.521200949] [robot_1.image_processor]: Zone=CLEAR
[image_processor-24] [INFO] [1776779411.531238762] [robot_3.image_processor]: Zone=CLEAR
[image_processor-23] [INFO] [1776779411.546926368] [robot_2.image_processor]: Zone=CLEAR
[image_processor-21] [INFO] [1776779414.001678747] [robot_0.image_processor]: Zone=CLEAR
[image_processor-25] [INFO] [1776779414.015985734] [robot_4.image_processor]: Zone=CLEAR
[image_processor-24] [INFO] [1776779414.031909580] [robot_3.image_processor]: Zone=CLEAR
[image_processor-23] [INFO] [1776779414.047746174] [robot_2.image_processor]: Zone=CLEAR
[image_processor-22] [INFO] [1776779414.126030904] [robot_1.image_processor]: Zone=CLEAR
[image_processor-21] [INFO] [1776779416.500500035] [robot_0.image_processor]: Zone=CLEAR
[image_processor-25] [INFO] [1776779416.521041679] [robot_4.image_processor]: Zone=CLEAR
[image_processor-22] [INFO] [1776779416.530364602] [robot_1.image_processor]: Zone=CLEAR
[image_processor-24] [INFO] [1776779416.540942044] [robot_3.image_processor]: Zone=CLEAR
[image_processor-23] [INFO] [1776779416.558182493] [robot_2.image_processor]: Zone=CLEAR
[image_processor-21] [INFO] [1776779419.001039913] [robot_0.image_processor]: Zone=CLEAR
[image_processor-25] [INFO] [1776779419.015519347] [robot_4.image_processor]: Zone=CLEAR
[image_processor-22] [INFO] [1776779419.023413637] [robot_1.image_processor]: Zone=CLEAR
[image_processor-24] [INFO] [1776779419.032821786] [robot_3.image_processor]: Zone=CLEAR
[image_processor-23] [INFO] [1776779419.050501652] [robot_2.image_processor]: Zone=CLEAR
[image_processor-21] [INFO] [1776779421.499776094] [robot_0.image_processor]: Zone=CLEAR
[image_processor-25] [INFO] [1776779421.513802181] [robot_4.image_processor]: Zone=CLEAR
[image_processor-22] [INFO] [1776779421.522308053] [robot_1.image_processor]: Zone=CLEAR
[image_processor-24] [INFO] [1776779421.531714305] [robot_3.image_processor]: Zone=CLEAR
[image_processor-23] [INFO] [1776779421.544958707] [robot_2.image_processor]: Zone=CLEAR
[image_processor-21] [INFO] [1776779424.002167492] [robot_0.image_processor]: Zone=CLEAR
[image_processor-25] [INFO] [1776779424.016361016] [robot_4.image_processor]: Zone=CLEAR
[image_processor-22] [INFO] [1776779424.023916947] [robot_1.image_processor]: Zone=CLEAR
[image_processor-24] [INFO] [1776779424.033126904] [robot_3.image_processor]: Zone=CLEAR
[image_processor-23] [INFO] [1776779424.047196868] [robot_2.image_processor]: Zone=CLEAR
[image_processor-21] [INFO] [1776779426.502922523] [robot_0.image_processor]: Zone=CLEAR
[image_processor-25] [INFO] [1776779426.517994139] [robot_4.image_processor]: Zone=CLEAR
[image_processor-22] [INFO] [1776779426.530174232] [robot_1.image_processor]: Zone=CLEAR
[image_processor-24] [INFO] [1776779426.539021039] [robot_3.image_processor]: Zone=CLEAR
[image_processor-23] [INFO] [1776779426.553243696] [robot_2.image_processor]: Zone=CLEAR
[image_processor-21] [INFO] [1776779428.999875956] [robot_0.image_processor]: Zone=CLEAR
[image_processor-22] [INFO] [1776779429.022739902] [robot_1.image_processor]: Zone=CLEAR
[image_processor-24] [INFO] [1776779429.031044312] [robot_3.image_processor]: Zone=CLEAR
[image_processor-23] [INFO] [1776779429.045889098] [robot_2.image_processor]: Zone=CLEAR
[image_processor-25] [INFO] [1776779429.115394500] [robot_4.image_processor]: Zone=CLEAR
[image_processor-21] [INFO] [1776779431.499968181] [robot_0.image_processor]: Zone=CLEAR
[image_processor-25] [INFO] [1776779431.514697219] [robot_4.image_processor]: Zone=CLEAR
[image_processor-22] [INFO] [1776779431.522785283] [robot_1.image_processor]: Zone=CLEAR
[image_processor-24] [INFO] [1776779431.530695521] [robot_3.image_processor]: Zone=CLEAR
[image_processor-23] [INFO] [1776779431.546171490] [robot_2.image_processor]: Zone=CLEAR
[image_processor-21] [INFO] [1776779434.000235518] [robot_0.image_processor]: Zone=CLEAR
[image_processor-25] [INFO] [1776779434.014329222] [robot_4.image_processor]: Zone=CLEAR
[image_processor-22] [INFO] [1776779434.022593313] [robot_1.image_processor]: Zone=CLEAR
[image_processor-24] [INFO] [1776779434.031412732] [robot_3.image_processor]: Zone=CLEAR
[image_processor-23] [INFO] [1776779434.045551204] [robot_2.image_processor]: Zone=CLEAR
[image_processor-21] [INFO] [1776779436.501595280] [robot_0.image_processor]: Zone=CLEAR
[image_processor-25] [INFO] [1776779436.515492149] [robot_4.image_processor]: Zone=CLEAR
[image_processor-22] [INFO] [1776779436.523476172] [robot_1.image_processor]: Zone=CLEAR
[image_processor-24] [INFO] [1776779436.531726755] [robot_3.image_processor]: Zone=CLEAR
[image_processor-23] [INFO] [1776779436.545487761] [robot_2.image_processor]: Zone=CLEAR
[image_processor-21] [INFO] [1776779439.001090584] [robot_0.image_processor]: Zone=CLEAR
[image_processor-25] [INFO] [1776779439.014648573] [robot_4.image_processor]: Zone=CLEAR
[image_processor-22] [INFO] [1776779439.022604142] [robot_1.image_processor]: Zone=CLEAR
[image_processor-24] [INFO] [1776779439.031916942] [robot_3.image_processor]: Zone=CLEAR
[image_processor-23] [INFO] [1776779439.048274857] [robot_2.image_processor]: Zone=CLEAR
[image_processor-21] [INFO] [1776779441.499993335] [robot_0.image_processor]: Zone=CLEAR
[image_processor-25] [INFO] [1776779441.519292148] [robot_4.image_processor]: Zone=CLEAR
[image_processor-22] [INFO] [1776779441.528182070] [robot_1.image_processor]: Zone=CLEAR
[image_processor-24] [INFO] [1776779441.536680886] [robot_3.image_processor]: Zone=CLEAR
[image_processor-23] [INFO] [1776779441.551442571] [robot_2.image_processor]: Zone=CLEAR
[image_processor-21] [INFO] [1776779444.000328295] [robot_0.image_processor]: Zone=CLEAR
[image_processor-25] [INFO] [1776779444.014675990] [robot_4.image_processor]: Zone=CLEAR
[image_processor-22] [INFO] [1776779444.021808746] [robot_1.image_processor]: Zone=CLEAR
[image_processor-24] [INFO] [1776779444.030205871] [robot_3.image_processor]: Zone=CLEAR
[image_processor-23] [INFO] [1776779444.045650639] [robot_2.image_processor]: Zone=CLEAR
[image_processor-21] [INFO] [1776779446.501324776] [robot_0.image_processor]: Zone=CLEAR
[image_processor-25] [INFO] [1776779446.516369577] [robot_4.image_processor]: Zone=CLEAR
[image_processor-22] [INFO] [1776779446.525694010] [robot_1.image_processor]: Zone=CLEAR
[image_processor-24] [INFO] [1776779446.534856362] [robot_3.image_processor]: Zone=CLEAR
[image_processor-23] [INFO] [1776779446.547655877] [robot_2.image_processor]: Zone=CLEAR
[image_processor-21] [INFO] [1776779448.999379147] [robot_0.image_processor]: Zone=CLEAR
[image_processor-25] [INFO] [1776779449.013718941] [robot_4.image_processor]: Zone=CLEAR
[image_processor-22] [INFO] [1776779449.021907214] [robot_1.image_processor]: Zone=CLEAR
[image_processor-24] [INFO] [1776779449.030509174] [robot_3.image_processor]: Zone=CLEAR
[image_processor-23] [INFO] [1776779449.045580072] [robot_2.image_processor]: Zone=CLEAR
[image_processor-21] [INFO] [1776779451.499833270] [robot_0.image_processor]: Zone=CLEAR
[image_processor-25] [INFO] [1776779451.515003915] [robot_4.image_processor]: Zone=CLEAR
[image_processor-22] [INFO] [1776779451.522976367] [robot_1.image_processor]: Zone=CLEAR
[image_processor-24] [INFO] [1776779451.532205262] [robot_3.image_processor]: Zone=CLEAR
[image_processor-23] [INFO] [1776779451.545916649] [robot_2.image_processor]: Zone=CLEAR
[image_processor-21] [INFO] [1776779454.000098538] [robot_0.image_processor]: Zone=CLEAR
[image_processor-25] [INFO] [1776779454.015077923] [robot_4.image_processor]: Zone=CLEAR
[image_processor-22] [INFO] [1776779454.022897721] [robot_1.image_processor]: Zone=CLEAR
[image_processor-23] [INFO] [1776779454.048356672] [robot_2.image_processor]: Zone=CLEAR
[image_processor-24] [INFO] [1776779454.134352478] [robot_3.image_processor]: Zone=CLEAR
[image_processor-21] [INFO] [1776779456.499994353] [robot_0.image_processor]: Zone=CLEAR
[image_processor-25] [INFO] [1776779456.514160061] [robot_4.image_processor]: Zone=CLEAR
[image_processor-22] [INFO] [1776779456.522785560] [robot_1.image_processor]: Zone=CLEAR
[image_processor-23] [INFO] [1776779456.545299822] [robot_2.image_processor]: Zone=CLEAR
[image_processor-24] [INFO] [1776779456.631675787] [robot_3.image_processor]: Zone=CLEAR
[image_processor-21] [INFO] [1776779459.000769313] [robot_0.image_processor]: Zone=CLEAR
[image_processor-25] [INFO] [1776779459.013940971] [robot_4.image_processor]: Zone=CLEAR
[image_processor-22] [INFO] [1776779459.022594682] [robot_1.image_processor]: Zone=CLEAR
[image_processor-24] [INFO] [1776779459.031129323] [robot_3.image_processor]: Zone=CLEAR
[image_processor-23] [INFO] [1776779459.044935194] [robot_2.image_processor]: Zone=CLEAR
[image_processor-21] [INFO] [1776779461.500814651] [robot_0.image_processor]: Zone=CLEAR
[image_processor-25] [INFO] [1776779461.515087414] [robot_4.image_processor]: Zone=CLEAR
[image_processor-22] [INFO] [1776779461.523453259] [robot_1.image_processor]: Zone=CLEAR
[image_processor-24] [INFO] [1776779461.531095274] [robot_3.image_processor]: Zone=CLEAR
[image_processor-23] [INFO] [1776779461.546096318] [robot_2.image_processor]: Zone=CLEAR
[image_processor-21] [INFO] [1776779464.000881044] [robot_0.image_processor]: Zone=CLEAR
[image_processor-25] [INFO] [1776779464.014938410] [robot_4.image_processor]: Zone=CLEAR
[image_processor-22] [INFO] [1776779464.023401986] [robot_1.image_processor]: Zone=CLEAR
[image_processor-24] [INFO] [1776779464.032983914] [robot_3.image_processor]: Zone=CLEAR
[image_processor-23] [INFO] [1776779464.046385292] [robot_2.image_processor]: Zone=CLEAR
[image_processor-21] [INFO] [1776779466.499817864] [robot_0.image_processor]: Zone=CLEAR
[image_processor-25] [INFO] [1776779466.513565236] [robot_4.image_processor]: Zone=CLEAR
[image_processor-22] [INFO] [1776779466.523520104] [robot_1.image_processor]: Zone=CLEAR
[image_processor-24] [INFO] [1776779466.529595238] [robot_3.image_processor]: Zone=CLEAR
[image_processor-23] [INFO] [1776779466.543906095] [robot_2.image_processor]: Zone=CLEAR
[image_processor-21] [INFO] [1776779468.999572691] [robot_0.image_processor]: Zone=CLEAR
[image_processor-25] [INFO] [1776779469.013091529] [robot_4.image_processor]: Zone=CLEAR
[image_processor-22] [INFO] [1776779469.020975704] [robot_1.image_processor]: Zone=CLEAR
[image_processor-24] [INFO] [1776779469.029116418] [robot_3.image_processor]: Zone=CLEAR
[image_processor-23] [INFO] [1776779469.045331863] [robot_2.image_processor]: Zone=CLEAR
[image_processor-21] [INFO] [1776779471.500009932] [robot_0.image_processor]: Zone=CLEAR
[image_processor-25] [INFO] [1776779471.515313871] [robot_4.image_processor]: Zone=CLEAR
[image_processor-22] [INFO] [1776779471.523040415] [robot_1.image_processor]: Zone=CLEAR
[image_processor-24] [INFO] [1776779471.531840792] [robot_3.image_processor]: Zone=CLEAR
[image_processor-23] [INFO] [1776779471.545591761] [robot_2.image_processor]: Zone=CLEAR
[image_processor-21] [INFO] [1776779474.000737080] [robot_0.image_processor]: Zone=CLEAR
[image_processor-25] [INFO] [1776779474.014502258] [robot_4.image_processor]: Zone=CLEAR
[image_processor-22] [INFO] [1776779474.022470054] [robot_1.image_processor]: Zone=CLEAR
[image_processor-24] [INFO] [1776779474.030776035] [robot_3.image_processor]: Zone=CLEAR
[image_processor-23] [INFO] [1776779474.045939676] [robot_2.image_processor]: Zone=CLEAR
[image_processor-21] [INFO] [1776779476.501068710] [robot_0.image_processor]: Zone=CLEAR
[image_processor-25] [INFO] [1776779476.514797178] [robot_4.image_processor]: Zone=CLEAR
[image_processor-22] [INFO] [1776779476.524608052] [robot_1.image_processor]: Zone=CLEAR
[image_processor-24] [INFO] [1776779476.538968217] [robot_3.image_processor]: Zone=CLEAR
[image_processor-23] [INFO] [1776779476.556567508] [robot_2.image_processor]: Zone=CLEAR
[image_processor-21] [INFO] [1776779479.000858991] [robot_0.image_processor]: Zone=CLEAR
[image_processor-25] [INFO] [1776779479.014511446] [robot_4.image_processor]: Zone=CLEAR
[image_processor-22] [INFO] [1776779479.022619098] [robot_1.image_processor]: Zone=CLEAR
[image_processor-24] [INFO] [1776779479.031191602] [robot_3.image_processor]: Zone=CLEAR
[image_processor-23] [INFO] [1776779479.045038081] [robot_2.image_processor]: Zone=CLEAR
[image_processor-21] [INFO] [1776779481.500977184] [robot_0.image_processor]: Zone=CLEAR
[image_processor-25] [INFO] [1776779481.520130054] [robot_4.image_processor]: Zone=CLEAR
[image_processor-22] [INFO] [1776779481.528376010] [robot_1.image_processor]: Zone=CLEAR
[image_processor-24] [INFO] [1776779481.537131543] [robot_3.image_processor]: Zone=CLEAR
[image_processor-23] [INFO] [1776779481.550585477] [robot_2.image_processor]: Zone=CLEAR
[image_processor-21] [INFO] [1776779484.001816695] [robot_0.image_processor]: Zone=CLEAR
[image_processor-25] [INFO] [1776779484.016972969] [robot_4.image_processor]: Zone=CLEAR
[image_processor-22] [INFO] [1776779484.024699962] [robot_1.image_processor]: Zone=CLEAR
[image_processor-24] [INFO] [1776779484.033583761] [robot_3.image_processor]: Zone=CLEAR
[image_processor-23] [INFO] [1776779484.048036977] [robot_2.image_processor]: Zone=CLEAR
[image_processor-21] [INFO] [1776779486.499027125] [robot_0.image_processor]: Zone=CLEAR
[image_processor-25] [INFO] [1776779486.513111584] [robot_4.image_processor]: Zone=CLEAR
[image_processor-22] [INFO] [1776779486.522019160] [robot_1.image_processor]: Zone=CLEAR
[image_processor-24] [INFO] [1776779486.531927125] [robot_3.image_processor]: Zone=CLEAR
[image_processor-23] [INFO] [1776779486.546844406] [robot_2.image_processor]: Zone=CLEAR
[image_processor-21] [INFO] [1776779489.000094725] [robot_0.image_processor]: Zone=CLEAR
[image_processor-22] [INFO] [1776779489.022948856] [robot_1.image_processor]: Zone=CLEAR
[image_processor-24] [INFO] [1776779489.031890878] [robot_3.image_processor]: Zone=CLEAR
[image_processor-23] [INFO] [1776779489.046382088] [robot_2.image_processor]: Zone=CLEAR
[image_processor-25] [INFO] [1776779489.114335560] [robot_4.image_processor]: Zone=CLEAR
[image_processor-21] [INFO] [1776779491.498800626] [robot_0.image_processor]: Zone=CLEAR
[image_processor-25] [INFO] [1776779491.514070948] [robot_4.image_processor]: Zone=CLEAR
[image_processor-22] [INFO] [1776779491.523160923] [robot_1.image_processor]: Zone=CLEAR
[image_processor-24] [INFO] [1776779491.531855109] [robot_3.image_processor]: Zone=CLEAR
[image_processor-23] [INFO] [1776779491.546317489] [robot_2.image_processor]: Zone=CLEAR
[image_processor-21] [INFO] [1776779493.999983207] [robot_0.image_processor]: Zone=CLEAR
[image_processor-25] [INFO] [1776779494.012435938] [robot_4.image_processor]: Zone=CLEAR
[image_processor-22] [INFO] [1776779494.022872042] [robot_1.image_processor]: Zone=CLEAR
[image_processor-24] [INFO] [1776779494.030319600] [robot_3.image_processor]: Zone=CLEAR
[image_processor-23] [INFO] [1776779494.045177198] [robot_2.image_processor]: Zone=CLEAR
[image_processor-21] [INFO] [1776779496.503851235] [robot_0.image_processor]: Zone=CLEAR
[image_processor-25] [INFO] [1776779496.517701858] [robot_4.image_processor]: Zone=CLEAR
[image_processor-22] [INFO] [1776779496.527829646] [robot_1.image_processor]: Zone=CLEAR
[image_processor-24] [INFO] [1776779496.535696744] [robot_3.image_processor]: Zone=CLEAR
[image_processor-23] [INFO] [1776779496.551456657] [robot_2.image_processor]: Zone=CLEAR
[image_processor-21] [INFO] [1776779499.001386774] [robot_0.image_processor]: Zone=CLEAR
[image_processor-25] [INFO] [1776779499.017764654] [robot_4.image_processor]: Zone=CLEAR
[image_processor-22] [INFO] [1776779499.025640740] [robot_1.image_processor]: Zone=CLEAR
[image_processor-24] [INFO] [1776779499.034669105] [robot_3.image_processor]: Zone=CLEAR
[image_processor-23] [INFO] [1776779499.050782118] [robot_2.image_processor]: Zone=CLEAR
[image_processor-21] [INFO] [1776779501.500616673] [robot_0.image_processor]: Zone=CLEAR
[image_processor-25] [INFO] [1776779501.514480873] [robot_4.image_processor]: Zone=CLEAR
[image_processor-22] [INFO] [1776779501.524135740] [robot_1.image_processor]: Zone=CLEAR
[image_processor-24] [INFO] [1776779501.531801158] [robot_3.image_processor]: Zone=CLEAR
[image_processor-23] [INFO] [1776779501.547552841] [robot_2.image_processor]: Zone=CLEAR
[image_processor-21] [INFO] [1776779503.998249753] [robot_0.image_processor]: Zone=CLEAR
[image_processor-25] [INFO] [1776779504.015606540] [robot_4.image_processor]: Zone=CLEAR
[image_processor-22] [INFO] [1776779504.023740302] [robot_1.image_processor]: Zone=CLEAR
[image_processor-24] [INFO] [1776779504.031589612] [robot_3.image_processor]: Zone=CLEAR
[image_processor-23] [INFO] [1776779504.046420131] [robot_2.image_processor]: Zone=CLEAR
[image_processor-21] [INFO] [1776779506.499552035] [robot_0.image_processor]: Zone=CLEAR
[image_processor-25] [INFO] [1776779506.513371469] [robot_4.image_processor]: Zone=CLEAR
[image_processor-22] [INFO] [1776779506.523244867] [robot_1.image_processor]: Zone=CLEAR
[image_processor-24] [INFO] [1776779506.530860122] [robot_3.image_processor]: Zone=CLEAR
[image_processor-23] [INFO] [1776779506.546363242] [robot_2.image_processor]: Zone=CLEAR
[image_processor-21] [INFO] [1776779508.999050952] [robot_0.image_processor]: Zone=CLEAR
[image_processor-25] [INFO] [1776779509.012755982] [robot_4.image_processor]: Zone=CLEAR
[image_processor-22] [INFO] [1776779509.020674705] [robot_1.image_processor]: Zone=CLEAR
[image_processor-24] [INFO] [1776779509.028744103] [robot_3.image_processor]: Zone=CLEAR
[image_processor-23] [INFO] [1776779509.042656561] [robot_2.image_processor]: Zone=CLEAR
[image_processor-21] [INFO] [1776779511.501623318] [robot_0.image_processor]: Zone=CLEAR
[image_processor-25] [INFO] [1776779511.519798189] [robot_4.image_processor]: Zone=CLEAR
[image_processor-22] [INFO] [1776779511.529665278] [robot_1.image_processor]: Zone=CLEAR
[image_processor-24] [INFO] [1776779511.537405788] [robot_3.image_processor]: Zone=CLEAR
[image_processor-23] [INFO] [1776779511.551930744] [robot_2.image_processor]: Zone=CLEAR
[image_processor-21] [INFO] [1776779513.999935003] [robot_0.image_processor]: Zone=CLEAR
[image_processor-25] [INFO] [1776779514.013311592] [robot_4.image_processor]: Zone=CLEAR
[image_processor-22] [INFO] [1776779514.021424070] [robot_1.image_processor]: Zone=CLEAR
[image_processor-24] [INFO] [1776779514.030836251] [robot_3.image_processor]: Zone=CLEAR
[image_processor-23] [INFO] [1776779514.043721163] [robot_2.image_processor]: Zone=CLEAR
[image_processor-21] [INFO] [1776779516.497316266] [robot_0.image_processor]: Zone=CLEAR
[image_processor-25] [INFO] [1776779516.512411135] [robot_4.image_processor]: Zone=CLEAR
[image_processor-22] [INFO] [1776779516.521583489] [robot_1.image_processor]: Zone=CLEAR
[image_processor-24] [INFO] [1776779516.529348205] [robot_3.image_processor]: Zone=CLEAR
[image_processor-23] [INFO] [1776779516.543593085] [robot_2.image_processor]: Zone=CLEAR
[image_processor-21] [INFO] [1776779519.001180694] [robot_0.image_processor]: Zone=CLEAR
[image_processor-25] [INFO] [1776779519.014011448] [robot_4.image_processor]: Zone=CLEAR
[image_processor-22] [INFO] [1776779519.023320902] [robot_1.image_processor]: Zone=CLEAR
[image_processor-24] [INFO] [1776779519.031594248] [robot_3.image_processor]: Zone=CLEAR
[image_processor-23] [INFO] [1776779519.045563930] [robot_2.image_processor]: Zone=CLEAR
[image_processor-21] [INFO] [1776779521.499982521] [robot_0.image_processor]: Zone=CLEAR
[image_processor-25] [INFO] [1776779521.513919385] [robot_4.image_processor]: Zone=CLEAR
[image_processor-22] [INFO] [1776779521.522138593] [robot_1.image_processor]: Zone=CLEAR
[image_processor-24] [INFO] [1776779521.531579914] [robot_3.image_processor]: Zone=CLEAR
[image_processor-23] [INFO] [1776779521.545096899] [robot_2.image_processor]: Zone=CLEAR
[image_processor-21] [INFO] [1776779523.999346449] [robot_0.image_processor]: Zone=CLEAR
[image_processor-25] [INFO] [1776779524.012384850] [robot_4.image_processor]: Zone=CLEAR
[image_processor-22] [INFO] [1776779524.021459089] [robot_1.image_processor]: Zone=CLEAR
[image_processor-24] [INFO] [1776779524.030160517] [robot_3.image_processor]: Zone=CLEAR
[image_processor-23] [INFO] [1776779524.045353888] [robot_2.image_processor]: Zone=CLEAR
[image_processor-21] [INFO] [1776779526.500210566] [robot_0.image_processor]: Zone=CLEAR
[image_processor-25] [INFO] [1776779526.514606993] [robot_4.image_processor]: Zone=CLEAR
[image_processor-22] [INFO] [1776779526.522690191] [robot_1.image_processor]: Zone=CLEAR
[image_processor-24] [INFO] [1776779526.531219199] [robot_3.image_processor]: Zone=CLEAR
[image_processor-23] [INFO] [1776779526.545049172] [robot_2.image_processor]: Zone=CLEAR
[image_processor-21] [INFO] [1776779528.999482953] [robot_0.image_processor]: Zone=CLEAR
[image_processor-25] [INFO] [1776779529.013485574] [robot_4.image_processor]: Zone=CLEAR
[image_processor-22] [INFO] [1776779529.022926642] [robot_1.image_processor]: Zone=CLEAR
[image_processor-24] [INFO] [1776779529.032768976] [robot_3.image_processor]: Zone=CLEAR
[image_processor-23] [INFO] [1776779529.046834994] [robot_2.image_processor]: Zone=CLEAR
[image_processor-21] [INFO] [1776779531.498974377] [robot_0.image_processor]: Zone=CLEAR
[image_processor-25] [INFO] [1776779531.513137764] [robot_4.image_processor]: Zone=CLEAR
[image_processor-22] [INFO] [1776779531.522357070] [robot_1.image_processor]: Zone=CLEAR
[image_processor-24] [INFO] [1776779531.531700163] [robot_3.image_processor]: Zone=CLEAR
[image_processor-23] [INFO] [1776779531.545581489] [robot_2.image_processor]: Zone=CLEAR
[image_processor-21] [INFO] [1776779533.998995368] [robot_0.image_processor]: Zone=CLEAR
[image_processor-25] [INFO] [1776779534.013839485] [robot_4.image_processor]: Zone=CLEAR
[image_processor-22] [INFO] [1776779534.022543978] [robot_1.image_processor]: Zone=CLEAR
[image_processor-24] [INFO] [1776779534.030222916] [robot_3.image_processor]: Zone=CLEAR
[image_processor-23] [INFO] [1776779534.045206063] [robot_2.image_processor]: Zone=CLEAR
[image_processor-21] [INFO] [1776779536.498238691] [robot_0.image_processor]: Zone=CLEAR
[image_processor-25] [INFO] [1776779536.512734015] [robot_4.image_processor]: Zone=CLEAR
[image_processor-22] [INFO] [1776779536.520693322] [robot_1.image_processor]: Zone=CLEAR
[image_processor-24] [INFO] [1776779536.529517824] [robot_3.image_processor]: Zone=CLEAR
[image_processor-23] [INFO] [1776779536.544360378] [robot_2.image_processor]: Zone=CLEAR
[image_processor-21] [INFO] [1776779539.003015218] [robot_0.image_processor]: Zone=CLEAR
[image_processor-25] [INFO] [1776779539.017560854] [robot_4.image_processor]: Zone=CLEAR
[image_processor-22] [INFO] [1776779539.026289604] [robot_1.image_processor]: Zone=CLEAR
[image_processor-24] [INFO] [1776779539.035262566] [robot_3.image_processor]: Zone=CLEAR
[image_processor-23] [INFO] [1776779539.049747338] [robot_2.image_processor]: Zone=CLEAR
[image_processor-21] [INFO] [1776779541.499036533] [robot_0.image_processor]: Zone=CLEAR
[image_processor-25] [INFO] [1776779541.513145241] [robot_4.image_processor]: Zone=CLEAR
[image_processor-22] [INFO] [1776779541.522239064] [robot_1.image_processor]: Zone=CLEAR
[image_processor-24] [INFO] [1776779541.530955579] [robot_3.image_processor]: Zone=CLEAR
[image_processor-23] [INFO] [1776779541.545713064] [robot_2.image_processor]: Zone=CLEAR
[image_processor-21] [INFO] [1776779543.999599704] [robot_0.image_processor]: Zone=CLEAR
[image_processor-25] [INFO] [1776779544.014564076] [robot_4.image_processor]: Zone=CLEAR
[image_processor-22] [INFO] [1776779544.022687313] [robot_1.image_processor]: Zone=CLEAR
[image_processor-24] [INFO] [1776779544.031779505] [robot_3.image_processor]: Zone=CLEAR
[image_processor-23] [INFO] [1776779544.046420737] [robot_2.image_processor]: Zone=CLEAR
[image_processor-21] [INFO] [1776779546.498864900] [robot_0.image_processor]: Zone=CLEAR
[image_processor-25] [INFO] [1776779546.513606771] [robot_4.image_processor]: Zone=CLEAR
[image_processor-22] [INFO] [1776779546.521358347] [robot_1.image_processor]: Zone=CLEAR
[image_processor-24] [INFO] [1776779546.529614747] [robot_3.image_processor]: Zone=CLEAR
[image_processor-23] [INFO] [1776779546.546801290] [robot_2.image_processor]: Zone=CLEAR
[image_processor-21] [INFO] [1776779548.999307884] [robot_0.image_processor]: Zone=CLEAR
[image_processor-25] [INFO] [1776779549.014101267] [robot_4.image_processor]: Zone=CLEAR
[image_processor-22] [INFO] [1776779549.022388196] [robot_1.image_processor]: Zone=CLEAR
[image_processor-24] [INFO] [1776779549.030992976] [robot_3.image_processor]: Zone=CLEAR
[image_processor-23] [INFO] [1776779549.044854432] [robot_2.image_processor]: Zone=CLEAR
[image_processor-21] [INFO] [1776779551.501795162] [robot_0.image_processor]: Zone=CLEAR
[image_processor-25] [INFO] [1776779551.515287047] [robot_4.image_processor]: Zone=CLEAR
[image_processor-22] [INFO] [1776779551.523836421] [robot_1.image_processor]: Zone=CLEAR
[image_processor-24] [INFO] [1776779551.530819249] [robot_3.image_processor]: Zone=CLEAR
[image_processor-23] [INFO] [1776779551.546900003] [robot_2.image_processor]: Zone=CLEAR
[image_processor-21] [INFO] [1776779554.000249935] [robot_0.image_processor]: Zone=CLEAR
[image_processor-25] [INFO] [1776779554.013451799] [robot_4.image_processor]: Zone=CLEAR
[image_processor-22] [INFO] [1776779554.022205811] [robot_1.image_processor]: Zone=CLEAR
[image_processor-24] [INFO] [1776779554.031974100] [robot_3.image_processor]: Zone=CLEAR
[image_processor-23] [INFO] [1776779554.046748179] [robot_2.image_processor]: Zone=CLEAR
[image_processor-21] [INFO] [1776779556.499629833] [robot_0.image_processor]: Zone=CLEAR
[image_processor-25] [INFO] [1776779556.513279488] [robot_4.image_processor]: Zone=CLEAR
[image_processor-22] [INFO] [1776779556.520905544] [robot_1.image_processor]: Zone=CLEAR
[image_processor-24] [INFO] [1776779556.529789889] [robot_3.image_processor]: Zone=CLEAR
[image_processor-23] [INFO] [1776779556.547989342] [robot_2.image_processor]: Zone=CLEAR
[image_processor-21] [INFO] [1776779558.999761272] [robot_0.image_processor]: Zone=CLEAR
[image_processor-25] [INFO] [1776779559.013982852] [robot_4.image_processor]: Zone=CLEAR
[image_processor-22] [INFO] [1776779559.023541960] [robot_1.image_processor]: Zone=CLEAR
[image_processor-24] [INFO] [1776779559.031620700] [robot_3.image_processor]: Zone=CLEAR
[image_processor-23] [INFO] [1776779559.044461787] [robot_2.image_processor]: Zone=CLEAR
[image_processor-21] [INFO] [1776779561.500811514] [robot_0.image_processor]: Zone=CLEAR
[image_processor-25] [INFO] [1776779561.514200287] [robot_4.image_processor]: Zone=CLEAR
[image_processor-22] [INFO] [1776779561.523005025] [robot_1.image_processor]: Zone=CLEAR
[image_processor-24] [INFO] [1776779561.531841549] [robot_3.image_processor]: Zone=CLEAR
[image_processor-23] [INFO] [1776779561.546573572] [robot_2.image_processor]: Zone=CLEAR
[image_processor-21] [INFO] [1776779563.998810237] [robot_0.image_processor]: Zone=CLEAR
[image_processor-25] [INFO] [1776779564.013433234] [robot_4.image_processor]: Zone=CLEAR
[image_processor-22] [INFO] [1776779564.021818752] [robot_1.image_processor]: Zone=CLEAR
[image_processor-24] [INFO] [1776779564.030035613] [robot_3.image_processor]: Zone=CLEAR
[image_processor-23] [INFO] [1776779564.044227976] [robot_2.image_processor]: Zone=CLEAR
[image_processor-21] [INFO] [1776779566.499620492] [robot_0.image_processor]: Zone=CLEAR
[image_processor-25] [INFO] [1776779566.514214298] [robot_4.image_processor]: Zone=CLEAR
[image_processor-22] [INFO] [1776779566.522455813] [robot_1.image_processor]: Zone=CLEAR
[image_processor-24] [INFO] [1776779566.531111892] [robot_3.image_processor]: Zone=CLEAR
[image_processor-23] [INFO] [1776779566.544948638] [robot_2.image_processor]: Zone=CLEAR
[image_processor-21] [INFO] [1776779569.001104694] [robot_0.image_processor]: Zone=CLEAR
[image_processor-25] [INFO] [1776779569.018157489] [robot_4.image_processor]: Zone=CLEAR
[image_processor-22] [INFO] [1776779569.025595393] [robot_1.image_processor]: Zone=CLEAR
[image_processor-24] [INFO] [1776779569.033508373] [robot_3.image_processor]: Zone=CLEAR
[image_processor-23] [INFO] [1776779569.049276215] [robot_2.image_processor]: Zone=CLEAR
[image_processor-21] [INFO] [1776779571.500474094] [robot_0.image_processor]: Zone=CLEAR
[image_processor-25] [INFO] [1776779571.514357434] [robot_4.image_processor]: Zone=CLEAR
[image_processor-22] [INFO] [1776779571.522842051] [robot_1.image_processor]: Zone=CLEAR
[image_processor-24] [INFO] [1776779571.531255159] [robot_3.image_processor]: Zone=CLEAR
[image_processor-23] [INFO] [1776779571.546874663] [robot_2.image_processor]: Zone=CLEAR
[image_processor-21] [INFO] [1776779574.000586694] [robot_0.image_processor]: Zone=CLEAR
[image_processor-25] [INFO] [1776779574.013614694] [robot_4.image_processor]: Zone=CLEAR
[image_processor-22] [INFO] [1776779574.023079562] [robot_1.image_processor]: Zone=CLEAR
[image_processor-24] [INFO] [1776779574.030062002] [robot_3.image_processor]: Zone=CLEAR
[image_processor-23] [INFO] [1776779574.044791468] [robot_2.image_processor]: Zone=CLEAR
[image_processor-21] [INFO] [1776779576.500216672] [robot_0.image_processor]: Zone=CLEAR
[image_processor-25] [INFO] [1776779576.514157800] [robot_4.image_processor]: Zone=CLEAR
[image_processor-22] [INFO] [1776779576.521993977] [robot_1.image_processor]: Zone=CLEAR
[image_processor-24] [INFO] [1776779576.530345104] [robot_3.image_processor]: Zone=CLEAR
[image_processor-23] [INFO] [1776779576.545633311] [robot_2.image_processor]: Zone=CLEAR
[image_processor-21] [INFO] [1776779579.000740106] [robot_0.image_processor]: Zone=CLEAR
[image_processor-25] [INFO] [1776779579.015636047] [robot_4.image_processor]: Zone=CLEAR
[image_processor-22] [INFO] [1776779579.025252940] [robot_1.image_processor]: Zone=CLEAR
[image_processor-24] [INFO] [1776779579.033204937] [robot_3.image_processor]: Zone=CLEAR
[image_processor-23] [INFO] [1776779579.049514246] [robot_2.image_processor]: Zone=CLEAR
[image_processor-21] [INFO] [1776779581.499272116] [robot_0.image_processor]: Zone=CLEAR
[image_processor-25] [INFO] [1776779581.512690765] [robot_4.image_processor]: Zone=CLEAR
[image_processor-22] [INFO] [1776779581.522315564] [robot_1.image_processor]: Zone=CLEAR
[image_processor-24] [INFO] [1776779581.530492199] [robot_3.image_processor]: Zone=CLEAR
[image_processor-23] [INFO] [1776779581.544716595] [robot_2.image_processor]: Zone=CLEAR
[image_processor-21] [INFO] [1776779584.000290034] [robot_0.image_processor]: Zone=CLEAR
[image_processor-25] [INFO] [1776779584.013443505] [robot_4.image_processor]: Zone=CLEAR
[image_processor-22] [INFO] [1776779584.023004721] [robot_1.image_processor]: Zone=CLEAR
[image_processor-24] [INFO] [1776779584.031571436] [robot_3.image_processor]: Zone=CLEAR
[image_processor-23] [INFO] [1776779584.048113629] [robot_2.image_processor]: Zone=CLEAR
[image_processor-21] [INFO] [1776779586.499128206] [robot_0.image_processor]: Zone=CLEAR
[image_processor-25] [INFO] [1776779586.513138286] [robot_4.image_processor]: Zone=CLEAR
[image_processor-22] [INFO] [1776779586.522719866] [robot_1.image_processor]: Zone=CLEAR
[image_processor-24] [INFO] [1776779586.531616811] [robot_3.image_processor]: Zone=CLEAR
[image_processor-23] [INFO] [1776779586.544556938] [robot_2.image_processor]: Zone=CLEAR
[image_processor-21] [INFO] [1776779588.999661690] [robot_0.image_processor]: Zone=CLEAR
[image_processor-25] [INFO] [1776779589.014291685] [robot_4.image_processor]: Zone=CLEAR
[image_processor-22] [INFO] [1776779589.022037138] [robot_1.image_processor]: Zone=CLEAR
[image_processor-24] [INFO] [1776779589.031082264] [robot_3.image_processor]: Zone=CLEAR
[image_processor-23] [INFO] [1776779589.045459471] [robot_2.image_processor]: Zone=CLEAR
[image_processor-21] [INFO] [1776779591.499968801] [robot_0.image_processor]: Zone=CLEAR
[image_processor-25] [INFO] [1776779591.513840058] [robot_4.image_processor]: Zone=CLEAR
[image_processor-22] [INFO] [1776779591.521996906] [robot_1.image_processor]: Zone=CLEAR
[image_processor-24] [INFO] [1776779591.530466295] [robot_3.image_processor]: Zone=CLEAR
[image_processor-23] [INFO] [1776779591.545681000] [robot_2.image_processor]: Zone=CLEAR
[image_processor-21] [INFO] [1776779594.002041035] [robot_0.image_processor]: Zone=CLEAR
[image_processor-25] [INFO] [1776779594.016191713] [robot_4.image_processor]: Zone=CLEAR
[image_processor-22] [INFO] [1776779594.025924393] [robot_1.image_processor]: Zone=CLEAR
[image_processor-24] [INFO] [1776779594.038184697] [robot_3.image_processor]: Zone=CLEAR
[image_processor-23] [INFO] [1776779594.052457845] [robot_2.image_processor]: Zone=CLEAR
[INFO] [image_processor-25]: sending signal 'SIGINT' to process[image_processor-25]
[ERROR] [ign gazebo-1]: process has died [pid 312252, exit code -15, cmd 'ruby /usr/bin/ign gazebo /home/ecem/ros2_ws/install/swarm_basics/share/swarm_basics/worlds/random_world.sdf -s -r --force-version 6'].
[ERROR] [parameter_bridge-4]: process has died [pid 312259, exit code -15, cmd '/opt/ros/humble/lib/ros_ign_bridge/parameter_bridge /robot_0/cmd_vel@geometry_msgs/msg/Twist]ignition.msgs.Twist /robot_0/odom@nav_msgs/msg/Odometry[ignition.msgs.Odometry /robot_0/depth_camera/depth_image@sensor_msgs/msg/Image[ignition.msgs.Image /world/random_world/model/robot_0/link/robot_0/base_footprint/sensor/contact_sensor/contact@ros_gz_interfaces/msg/Contacts[ignition.msgs.Contacts /robot_1/cmd_vel@geometry_msgs/msg/Twist]ignition.msgs.Twist /robot_1/odom@nav_msgs/msg/Odometry[ignition.msgs.Odometry /robot_1/depth_camera/depth_image@sensor_msgs/msg/Image[ignition.msgs.Image /world/random_world/model/robot_1/link/robot_1/base_footprint/sensor/contact_sensor/contact@ros_gz_interfaces/msg/Contacts[ignition.msgs.Contacts /robot_2/cmd_vel@geometry_msgs/msg/Twist]ignition.msgs.Twist /robot_2/odom@nav_msgs/msg/Odometry[ignition.msgs.Odometry /robot_2/depth_camera/depth_image@sensor_msgs/msg/Image[ignition.msgs.Image /world/random_world/model/robot_2/link/robot_2/base_footprint/sensor/contact_sensor/contact@ros_gz_interfaces/msg/Contacts[ignition.msgs.Contacts /robot_3/cmd_vel@geometry_msgs/msg/Twist]ignition.msgs.Twist /robot_3/odom@nav_msgs/msg/Odometry[ignition.msgs.Odometry /robot_3/depth_camera/depth_image@sensor_msgs/msg/Image[ignition.msgs.Image /world/random_world/model/robot_3/link/robot_3/base_footprint/sensor/contact_sensor/contact@ros_gz_interfaces/msg/Contacts[ignition.msgs.Contacts /robot_4/cmd_vel@geometry_msgs/msg/Twist]ignition.msgs.Twist /robot_4/odom@nav_msgs/msg/Odometry[ignition.msgs.Odometry /robot_4/depth_camera/depth_image@sensor_msgs/msg/Image[ignition.msgs.Image /world/random_world/model/robot_4/link/robot_4/base_footprint/sensor/contact_sensor/contact@ros_gz_interfaces/msg/Contacts[ignition.msgs.Contacts /world/random_world/dynamic_pose/info@tf2_msgs/msg/TFMessage[ignition.msgs.Pose_V --ros-args -r __node:=all_robots_bridge --params-file /tmp/launch_params_zioxjy38'].
[INFO] [parameter_bridge-20]: process has finished cleanly [pid 312299]
[INFO] [image_processor-24]: sending signal 'SIGINT' to process[image_processor-24]
[INFO] [bash-26]: process started with pid [312821]
[INFO] [image_processor-23]: sending signal 'SIGINT' to process[image_processor-23]
[INFO] [image_processor-22]: sending signal 'SIGINT' to process[image_processor-22]
[INFO] [image_processor-21]: sending signal 'SIGINT' to process[image_processor-21]
[INFO] [robot_supervisor-19]: sending signal 'SIGINT' to process[robot_supervisor-19]
[INFO] [robot_state_publisher-17]: sending signal 'SIGINT' to process[robot_state_publisher-17]
[INFO] [robot_supervisor-16]: sending signal 'SIGINT' to process[robot_supervisor-16]
[INFO] [robot_state_publisher-14]: sending signal 'SIGINT' to process[robot_state_publisher-14]
[INFO] [robot_supervisor-13]: sending signal 'SIGINT' to process[robot_supervisor-13]
[INFO] [robot_state_publisher-11]: sending signal 'SIGINT' to process[robot_state_publisher-11]
[INFO] [robot_supervisor-10]: sending signal 'SIGINT' to process[robot_supervisor-10]
[INFO] [robot_state_publisher-8]: sending signal 'SIGINT' to process[robot_state_publisher-8]
[INFO] [robot_supervisor-7]: sending signal 'SIGINT' to process[robot_supervisor-7]
[INFO] [robot_state_publisher-5]: sending signal 'SIGINT' to process[robot_state_publisher-5]
[ERROR] [bash-26]: process has died [pid 312821, exit code -15, cmd 'bash -lc pkill -f parameter_bridge || true'].
[INFO] [bump_counter-3]: sending signal 'SIGINT' to process[bump_counter-3]
[INFO] [coverage_counter-2]: sending signal 'SIGINT' to process[coverage_counter-2]
[parameter_bridge-4] [INFO] [1776779596.092206933] [rclcpp]: signal_handler(SIGINT/SIGTERM)
[parameter_bridge-20] [INFO] [1776779596.092306821] [rclcpp]: signal_handler(SIGINT/SIGTERM)
[INFO] [launch]: process[ign gazebo-1] was required: shutting down launched system
[image_processor-25] [INFO] [1776779596.767824252] [rclcpp]: signal_handler(SIGINT/SIGTERM)
[image_processor-24] [INFO] [1776779596.770448023] [rclcpp]: signal_handler(SIGINT/SIGTERM)
[image_processor-23] [INFO] [1776779596.772998109] [rclcpp]: signal_handler(SIGINT/SIGTERM)
[image_processor-22] [INFO] [1776779596.775337117] [rclcpp]: signal_handler(SIGINT/SIGTERM)
[image_processor-21] [INFO] [1776779596.777522122] [rclcpp]: signal_handler(SIGINT/SIGTERM)
[robot_supervisor-19] Traceback (most recent call last):
[robot_supervisor-19]   File "/home/ecem/ros2_ws/install/swarm_basics/lib/swarm_basics/robot_supervisor", line 33, in <module>
[robot_supervisor-19]     sys.exit(load_entry_point('swarm-basics==0.0.0', 'console_scripts', 'robot_supervisor')())
[robot_supervisor-19]   File "/home/ecem/ros2_ws/install/swarm_basics/lib/python3.10/site-packages/swarm_basics/robot_supervisor.py", line 867, in main
[robot_supervisor-19]     rclpy.spin(node)
[robot_supervisor-19]   File "/opt/ros/humble/local/lib/python3.10/dist-packages/rclpy/__init__.py", line 229, in spin
[robot_supervisor-19]     executor.spin_once()
[robot_supervisor-19]   File "/opt/ros/humble/local/lib/python3.10/dist-packages/rclpy/executors.py", line 773, in spin_once
[robot_supervisor-19]     self._spin_once_impl(timeout_sec)
[robot_supervisor-19]   File "/opt/ros/humble/local/lib/python3.10/dist-packages/rclpy/executors.py", line 762, in _spin_once_impl
[robot_supervisor-19]     handler, entity, node = self.wait_for_ready_callbacks(timeout_sec=timeout_sec)
[robot_supervisor-19]   File "/opt/ros/humble/local/lib/python3.10/dist-packages/rclpy/executors.py", line 745, in wait_for_ready_callbacks
[robot_supervisor-19]     return next(self._cb_iter)
[robot_supervisor-19]   File "/opt/ros/humble/local/lib/python3.10/dist-packages/rclpy/executors.py", line 642, in _wait_for_ready_callbacks
[robot_supervisor-19]     wait_set.wait(timeout_nsec)
[robot_supervisor-19] KeyboardInterrupt
[robot_state_publisher-17] [INFO] [1776779596.784253163] [rclcpp]: signal_handler(SIGINT/SIGTERM)
[robot_supervisor-16] Traceback (most recent call last):
[robot_supervisor-16]   File "/home/ecem/ros2_ws/install/swarm_basics/lib/swarm_basics/robot_supervisor", line 33, in <module>
[robot_supervisor-16]     sys.exit(load_entry_point('swarm-basics==0.0.0', 'console_scripts', 'robot_supervisor')())
[robot_supervisor-16]   File "/home/ecem/ros2_ws/install/swarm_basics/lib/python3.10/site-packages/swarm_basics/robot_supervisor.py", line 867, in main
[robot_supervisor-16]     rclpy.spin(node)
[robot_supervisor-16]   File "/opt/ros/humble/local/lib/python3.10/dist-packages/rclpy/__init__.py", line 229, in spin
[robot_supervisor-16]     executor.spin_once()
[robot_supervisor-16]   File "/opt/ros/humble/local/lib/python3.10/dist-packages/rclpy/executors.py", line 773, in spin_once
[robot_supervisor-16]     self._spin_once_impl(timeout_sec)
[robot_supervisor-16]   File "/opt/ros/humble/local/lib/python3.10/dist-packages/rclpy/executors.py", line 762, in _spin_once_impl
[robot_supervisor-16]     handler, entity, node = self.wait_for_ready_callbacks(timeout_sec=timeout_sec)
[robot_supervisor-16]   File "/opt/ros/humble/local/lib/python3.10/dist-packages/rclpy/executors.py", line 745, in wait_for_ready_callbacks
[robot_supervisor-16]     return next(self._cb_iter)
[robot_supervisor-16]   File "/opt/ros/humble/local/lib/python3.10/dist-packages/rclpy/executors.py", line 642, in _wait_for_ready_callbacks
[robot_supervisor-16]     wait_set.wait(timeout_nsec)
[robot_supervisor-16] KeyboardInterrupt
[robot_state_publisher-14] [INFO] [1776779596.788800817] [rclcpp]: signal_handler(SIGINT/SIGTERM)
[robot_supervisor-13] Traceback (most recent call last):
[robot_supervisor-13]   File "/home/ecem/ros2_ws/install/swarm_basics/lib/swarm_basics/robot_supervisor", line 33, in <module>
[robot_supervisor-13]     sys.exit(load_entry_point('swarm-basics==0.0.0', 'console_scripts', 'robot_supervisor')())
[robot_supervisor-13]   File "/home/ecem/ros2_ws/install/swarm_basics/lib/python3.10/site-packages/swarm_basics/robot_supervisor.py", line 867, in main
[robot_supervisor-13]     rclpy.spin(node)
[robot_supervisor-13]   File "/opt/ros/humble/local/lib/python3.10/dist-packages/rclpy/__init__.py", line 229, in spin
[robot_supervisor-13]     executor.spin_once()
[robot_supervisor-13]   File "/opt/ros/humble/local/lib/python3.10/dist-packages/rclpy/executors.py", line 773, in spin_once
[robot_supervisor-13]     self._spin_once_impl(timeout_sec)
[robot_supervisor-13]   File "/opt/ros/humble/local/lib/python3.10/dist-packages/rclpy/executors.py", line 762, in _spin_once_impl
[robot_supervisor-13]     handler, entity, node = self.wait_for_ready_callbacks(timeout_sec=timeout_sec)
[robot_supervisor-13]   File "/opt/ros/humble/local/lib/python3.10/dist-packages/rclpy/executors.py", line 745, in wait_for_ready_callbacks
[robot_supervisor-13]     return next(self._cb_iter)
[robot_supervisor-13]   File "/opt/ros/humble/local/lib/python3.10/dist-packages/rclpy/executors.py", line 642, in _wait_for_ready_callbacks
[robot_supervisor-13]     wait_set.wait(timeout_nsec)
[robot_supervisor-13] KeyboardInterrupt
[robot_state_publisher-11] [INFO] [1776779596.793680010] [rclcpp]: signal_handler(SIGINT/SIGTERM)
[robot_supervisor-10] Traceback (most recent call last):
[robot_supervisor-10]   File "/home/ecem/ros2_ws/install/swarm_basics/lib/swarm_basics/robot_supervisor", line 33, in <module>
[robot_supervisor-10]     sys.exit(load_entry_point('swarm-basics==0.0.0', 'console_scripts', 'robot_supervisor')())
[robot_supervisor-10]   File "/home/ecem/ros2_ws/install/swarm_basics/lib/python3.10/site-packages/swarm_basics/robot_supervisor.py", line 867, in main
[robot_supervisor-10]     rclpy.spin(node)
[robot_supervisor-10]   File "/opt/ros/humble/local/lib/python3.10/dist-packages/rclpy/__init__.py", line 229, in spin
[robot_supervisor-10]     executor.spin_once()
[robot_supervisor-10]   File "/opt/ros/humble/local/lib/python3.10/dist-packages/rclpy/executors.py", line 773, in spin_once
[robot_supervisor-10]     self._spin_once_impl(timeout_sec)
[robot_supervisor-10]   File "/opt/ros/humble/local/lib/python3.10/dist-packages/rclpy/executors.py", line 762, in _spin_once_impl
[robot_supervisor-10]     handler, entity, node = self.wait_for_ready_callbacks(timeout_sec=timeout_sec)
[robot_supervisor-10]   File "/opt/ros/humble/local/lib/python3.10/dist-packages/rclpy/executors.py", line 745, in wait_for_ready_callbacks
[robot_supervisor-10]     return next(self._cb_iter)
[robot_supervisor-10]   File "/opt/ros/humble/local/lib/python3.10/dist-packages/rclpy/executors.py", line 642, in _wait_for_ready_callbacks
[robot_supervisor-10]     wait_set.wait(timeout_nsec)
[robot_supervisor-10] KeyboardInterrupt
[robot_state_publisher-8] [INFO] [1776779596.798476531] [rclcpp]: signal_handler(SIGINT/SIGTERM)
[robot_supervisor-7] Traceback (most recent call last):
[robot_supervisor-7]   File "/home/ecem/ros2_ws/install/swarm_basics/lib/swarm_basics/robot_supervisor", line 33, in <module>
[robot_supervisor-7]     sys.exit(load_entry_point('swarm-basics==0.0.0', 'console_scripts', 'robot_supervisor')())
[robot_supervisor-7]   File "/home/ecem/ros2_ws/install/swarm_basics/lib/python3.10/site-packages/swarm_basics/robot_supervisor.py", line 867, in main
[robot_supervisor-7]     rclpy.spin(node)
[robot_supervisor-7]   File "/opt/ros/humble/local/lib/python3.10/dist-packages/rclpy/__init__.py", line 229, in spin
[robot_supervisor-7]     executor.spin_once()
[robot_supervisor-7]   File "/opt/ros/humble/local/lib/python3.10/dist-packages/rclpy/executors.py", line 773, in spin_once
[robot_supervisor-7]     self._spin_once_impl(timeout_sec)
[robot_supervisor-7]   File "/opt/ros/humble/local/lib/python3.10/dist-packages/rclpy/executors.py", line 762, in _spin_once_impl
[robot_supervisor-7]     handler, entity, node = self.wait_for_ready_callbacks(timeout_sec=timeout_sec)
[robot_supervisor-7]   File "/opt/ros/humble/local/lib/python3.10/dist-packages/rclpy/executors.py", line 745, in wait_for_ready_callbacks
[robot_supervisor-7]     return next(self._cb_iter)
[robot_supervisor-7]   File "/opt/ros/humble/local/lib/python3.10/dist-packages/rclpy/executors.py", line 642, in _wait_for_ready_callbacks
[robot_supervisor-7]     wait_set.wait(timeout_nsec)
[robot_supervisor-7] KeyboardInterrupt
[robot_state_publisher-5] [INFO] [1776779596.803172118] [rclcpp]: signal_handler(SIGINT/SIGTERM)
[ERROR] [launch]: Caught exception in launch (see debug for traceback): ExecuteLocal action 'bash-27': executed more than once: <launch.actions.execute_process.ExecuteProcess object at 0x7cdaf5d90880>
[INFO] [image_processor-25]: process has finished cleanly [pid 312656]
[INFO] [image_processor-23]: process has finished cleanly [pid 312652]
[INFO] [image_processor-24]: process has finished cleanly [pid 312654]
[INFO] [image_processor-22]: process has finished cleanly [pid 312650]
[INFO] [image_processor-21]: process has finished cleanly [pid 312648]
[INFO] [robot_state_publisher-17]: process has finished cleanly [pid 312287]
[INFO] [robot_state_publisher-14]: process has finished cleanly [pid 312281]
[INFO] [robot_state_publisher-11]: process has finished cleanly [pid 312274]
[INFO] [robot_state_publisher-8]: process has finished cleanly [pid 312267]
[INFO] [robot_state_publisher-5]: process has finished cleanly [pid 312261]
[coverage_counter-2] Traceback (most recent call last):
[coverage_counter-2]   File "/home/ecem/ros2_ws/install/swarm_basics/lib/python3.10/site-packages/swarm_basics/coverage_counter.py", line 418, in main
[coverage_counter-2]     rclpy.spin(node)
[coverage_counter-2]   File "/opt/ros/humble/local/lib/python3.10/dist-packages/rclpy/__init__.py", line 229, in spin
[coverage_counter-2]     executor.spin_once()
[coverage_counter-2]   File "/opt/ros/humble/local/lib/python3.10/dist-packages/rclpy/executors.py", line 773, in spin_once
[coverage_counter-2]     self._spin_once_impl(timeout_sec)
[coverage_counter-2]   File "/opt/ros/humble/local/lib/python3.10/dist-packages/rclpy/executors.py", line 768, in _spin_once_impl
[coverage_counter-2]     handler()
[coverage_counter-2]   File "/opt/ros/humble/local/lib/python3.10/dist-packages/rclpy/task.py", line 254, in __call__
[coverage_counter-2]     self._handler.send(None)
[coverage_counter-2]   File "/opt/ros/humble/local/lib/python3.10/dist-packages/rclpy/executors.py", line 463, in handler
[coverage_counter-2]     await call_coroutine(entity, arg)
[coverage_counter-2]   File "/opt/ros/humble/local/lib/python3.10/dist-packages/rclpy/executors.py", line 371, in _execute_timer
[coverage_counter-2]     await await_or_execute(tmr.callback)
[coverage_counter-2]   File "/opt/ros/humble/local/lib/python3.10/dist-packages/rclpy/executors.py", line 107, in await_or_execute
[coverage_counter-2]     return callback(*args)
[coverage_counter-2]   File "/home/ecem/ros2_ws/install/swarm_basics/lib/python3.10/site-packages/swarm_basics/coverage_counter.py", line 152, in _on_timeout_timer
[coverage_counter-2]     self.shutdown_and_save()
[coverage_counter-2]   File "/home/ecem/ros2_ws/install/swarm_basics/lib/python3.10/site-packages/swarm_basics/coverage_counter.py", line 174, in shutdown_and_save
[coverage_counter-2]     rclpy.shutdown()
[coverage_counter-2]   File "/opt/ros/humble/local/lib/python3.10/dist-packages/rclpy/__init__.py", line 130, in shutdown
[coverage_counter-2]     _shutdown(context=context)
[coverage_counter-2]   File "/opt/ros/humble/local/lib/python3.10/dist-packages/rclpy/utilities.py", line 58, in shutdown
[coverage_counter-2]     return context.shutdown()
[coverage_counter-2]   File "/opt/ros/humble/local/lib/python3.10/dist-packages/rclpy/context.py", line 103, in shutdown
[coverage_counter-2]     self._call_on_shutdown_callbacks()
[coverage_counter-2]   File "/opt/ros/humble/local/lib/python3.10/dist-packages/rclpy/context.py", line 92, in _call_on_shutdown_callbacks
[coverage_counter-2]     callback = weak_method()
[coverage_counter-2]   File "/opt/ros/humble/local/lib/python3.10/dist-packages/rclpy/__init__.py", line 111, in reset_executor
[coverage_counter-2]     __executor.shutdown()
[coverage_counter-2]   File "/opt/ros/humble/local/lib/python3.10/dist-packages/rclpy/executors.py", line 227, in shutdown
[coverage_counter-2]     if not self._work_tracker.wait(timeout_sec):
[coverage_counter-2]   File "/opt/ros/humble/local/lib/python3.10/dist-packages/rclpy/executors.py", line 94, in wait
[coverage_counter-2]     if not self._work_condition.wait_for(
[coverage_counter-2]   File "/usr/lib/python3.10/threading.py", line 355, in wait_for
[coverage_counter-2]     self.wait(waittime)
[coverage_counter-2]   File "/usr/lib/python3.10/threading.py", line 320, in wait
[coverage_counter-2]     waiter.acquire()
[coverage_counter-2] KeyboardInterrupt
[coverage_counter-2] 
[coverage_counter-2] During handling of the above exception, another exception occurred:
[coverage_counter-2] 
[coverage_counter-2] Traceback (most recent call last):
[coverage_counter-2]   File "/home/ecem/ros2_ws/install/swarm_basics/lib/swarm_basics/coverage_counter", line 33, in <module>
[coverage_counter-2]     sys.exit(load_entry_point('swarm-basics==0.0.0', 'console_scripts', 'coverage_counter')())
[coverage_counter-2]   File "/home/ecem/ros2_ws/install/swarm_basics/lib/python3.10/site-packages/swarm_basics/coverage_counter.py", line 421, in main
[coverage_counter-2]     node.shutdown_and_save()
[coverage_counter-2]   File "/home/ecem/ros2_ws/install/swarm_basics/lib/python3.10/site-packages/swarm_basics/coverage_counter.py", line 174, in shutdown_and_save
[coverage_counter-2]     rclpy.shutdown()
[coverage_counter-2]   File "/opt/ros/humble/local/lib/python3.10/dist-packages/rclpy/__init__.py", line 130, in shutdown
[coverage_counter-2]     _shutdown(context=context)
[coverage_counter-2]   File "/opt/ros/humble/local/lib/python3.10/dist-packages/rclpy/utilities.py", line 58, in shutdown
[coverage_counter-2]     return context.shutdown()
[coverage_counter-2]   File "/opt/ros/humble/local/lib/python3.10/dist-packages/rclpy/context.py", line 100, in shutdown
[coverage_counter-2]     raise RuntimeError('Context must be initialized before it can be shutdown')
[coverage_counter-2] RuntimeError: Context must be initialized before it can be shutdown
[bump_counter-3] Traceback (most recent call last):
[bump_counter-3]   File "/home/ecem/ros2_ws/install/swarm_basics/lib/swarm_basics/bump_counter", line 33, in <module>
[bump_counter-3]     sys.exit(load_entry_point('swarm-basics==0.0.0', 'console_scripts', 'bump_counter')())
[bump_counter-3]   File "/home/ecem/ros2_ws/install/swarm_basics/lib/python3.10/site-packages/swarm_basics/bump_counter.py", line 384, in main
[bump_counter-3]     rclpy.shutdown()
[bump_counter-3]   File "/opt/ros/humble/local/lib/python3.10/dist-packages/rclpy/__init__.py", line 130, in shutdown
[bump_counter-3]     _shutdown(context=context)
[bump_counter-3]   File "/opt/ros/humble/local/lib/python3.10/dist-packages/rclpy/utilities.py", line 58, in shutdown
[bump_counter-3]     return context.shutdown()
[bump_counter-3]   File "/opt/ros/humble/local/lib/python3.10/dist-packages/rclpy/context.py", line 102, in shutdown
[bump_counter-3]     self.__context.shutdown()
[bump_counter-3] rclpy._rclpy_pybind11.RCLError: failed to shutdown: rcl_shutdown already called on the given context, at ./src/rcl/init.c:241
[ERROR] [coverage_counter-2]: process has died [pid 312254, exit code 1, cmd '/home/ecem/ros2_ws/install/swarm_basics/lib/swarm_basics/coverage_counter --ros-args -r __node:=coverage_counter --params-file /tmp/launch_params_nz0rqte_ --params-file /tmp/launch_params_mlahmbuf --params-file /tmp/launch_params_ysntjvk9 --params-file /tmp/launch_params_kwl4j488 --params-file /tmp/launch_params_mpi0tkw4 --params-file /tmp/launch_params_ddrondjz'].
[ERROR] [bump_counter-3]: process has died [pid 312257, exit code 1, cmd '/home/ecem/ros2_ws/install/swarm_basics/lib/swarm_basics/bump_counter --ros-args -r __node:=bump_counter --params-file /tmp/launch_params_j1rfmclc --params-file /tmp/launch_params_v1h7vk1n --params-file /tmp/launch_params_e_cyoodj'].
[ERROR] [robot_supervisor-19]: process has died [pid 312297, exit code -2, cmd '/home/ecem/ros2_ws/install/swarm_basics/lib/swarm_basics/robot_supervisor --ros-args -r __node:=robot_supervisor -r __ns:=/robot_4 --params-file /tmp/launch_params_zhylp9qw --params-file /tmp/launch_params_lbq2j2ip --params-file /tmp/launch_params_731acd70 --params-file /tmp/launch_params_atzs9x09'].
[ERROR] [robot_supervisor-13]: process has died [pid 312279, exit code -2, cmd '/home/ecem/ros2_ws/install/swarm_basics/lib/swarm_basics/robot_supervisor --ros-args -r __node:=robot_supervisor -r __ns:=/robot_2 --params-file /tmp/launch_params_f1_xa7fw --params-file /tmp/launch_params_lmv7uhs5 --params-file /tmp/launch_params_shyfqio1 --params-file /tmp/launch_params_r7sxrlig'].
[ERROR] [robot_supervisor-16]: process has died [pid 312285, exit code -2, cmd '/home/ecem/ros2_ws/install/swarm_basics/lib/swarm_basics/robot_supervisor --ros-args -r __node:=robot_supervisor -r __ns:=/robot_3 --params-file /tmp/launch_params_5i1csmp9 --params-file /tmp/launch_params_vu9luio4 --params-file /tmp/launch_params_81r58ios --params-file /tmp/launch_params_e9q4sxew'].
[ERROR] [robot_supervisor-10]: process has died [pid 312272, exit code -2, cmd '/home/ecem/ros2_ws/install/swarm_basics/lib/swarm_basics/robot_supervisor --ros-args -r __node:=robot_supervisor -r __ns:=/robot_1 --params-file /tmp/launch_params__csoeyd7 --params-file /tmp/launch_params_3100lsm0 --params-file /tmp/launch_params_p43sdzsm --params-file /tmp/launch_params_wslufndh'].
[ERROR] [robot_supervisor-7]: process has died [pid 312265, exit code -2, cmd '/home/ecem/ros2_ws/install/swarm_basics/lib/swarm_basics/robot_supervisor --ros-args -r __node:=robot_supervisor -r __ns:=/robot_0 --params-file /tmp/launch_params_flcz_8g7 --params-file /tmp/launch_params_egs_w8vi --params-file /tmp/launch_params_ys46akv_ --params-file /tmp/launch_params_9tol3xnj'].
