[INFO] [launch]: All log files can be found below /home/ecem/.ros/log/2026-04-23-19-52-19-159824-ecem-pc-434705
[INFO] [launch]: Default logging verbosity is set to INFO
[INFO] [ign gazebo-1]: process started with pid [434720]
[INFO] [coverage_counter-2]: process started with pid [434722]
[INFO] [bump_counter-3]: process started with pid [434725]
[INFO] [parameter_bridge-4]: process started with pid [434727]
[INFO] [robot_state_publisher-5]: process started with pid [434729]
[INFO] [create-6]: process started with pid [434731]
[INFO] [robot_supervisor-7]: process started with pid [434733]
[INFO] [robot_state_publisher-8]: process started with pid [434736]
[INFO] [create-9]: process started with pid [434739]
[INFO] [robot_supervisor-10]: process started with pid [434741]
[INFO] [robot_state_publisher-11]: process started with pid [434743]
[INFO] [create-12]: process started with pid [434745]
[INFO] [robot_supervisor-13]: process started with pid [434747]
[INFO] [robot_state_publisher-14]: process started with pid [434749]
[INFO] [create-15]: process started with pid [434751]
[INFO] [robot_supervisor-16]: process started with pid [434753]
[INFO] [robot_state_publisher-17]: process started with pid [434755]
[INFO] [create-18]: process started with pid [434793]
[INFO] [robot_supervisor-19]: process started with pid [434795]
[INFO] [parameter_bridge-20]: process started with pid [434804]
[parameter_bridge-4] [ros_ign_bridge] is deprecated! Redirecting to use [ros_gz_bridge] instead!
[parameter_bridge-4] 
[create-15] [INFO] [1776966740.012660879] [robot_3.ros_gz_sim]: Requesting list of world names.
[create-12] [INFO] [1776966740.015201627] [robot_2.ros_gz_sim]: Requesting list of world names.
[robot_state_publisher-17] [INFO] [1776966740.024398583] [robot_4.robot_state_publisher]: got segment robot_4/antenna_link
[robot_state_publisher-17] [INFO] [1776966740.024597057] [robot_4.robot_state_publisher]: got segment robot_4/base_footprint
[robot_state_publisher-17] [INFO] [1776966740.024619918] [robot_4.robot_state_publisher]: got segment robot_4/base_link
[robot_state_publisher-17] [INFO] [1776966740.024634352] [robot_4.robot_state_publisher]: got segment robot_4/realsense_link
[robot_state_publisher-17] [INFO] [1776966740.024647345] [robot_4.robot_state_publisher]: got segment robot_4/rocker_L_link
[robot_state_publisher-17] [INFO] [1776966740.024659264] [robot_4.robot_state_publisher]: got segment robot_4/rocker_R_link
[robot_state_publisher-17] [INFO] [1776966740.024670898] [robot_4.robot_state_publisher]: got segment robot_4/wheel_FL_link
[robot_state_publisher-17] [INFO] [1776966740.024683512] [robot_4.robot_state_publisher]: got segment robot_4/wheel_FR_link
[robot_state_publisher-17] [INFO] [1776966740.024694976] [robot_4.robot_state_publisher]: got segment robot_4/wheel_RL_link
[robot_state_publisher-17] [INFO] [1776966740.024706571] [robot_4.robot_state_publisher]: got segment robot_4/wheel_RR_link
[create-9] [INFO] [1776966740.028845794] [robot_1.ros_gz_sim]: Requesting list of world names.
[robot_state_publisher-11] [INFO] [1776966740.032015129] [robot_2.robot_state_publisher]: got segment robot_2/antenna_link
[robot_state_publisher-11] [INFO] [1776966740.032179868] [robot_2.robot_state_publisher]: got segment robot_2/base_footprint
[robot_state_publisher-11] [INFO] [1776966740.032201149] [robot_2.robot_state_publisher]: got segment robot_2/base_link
[robot_state_publisher-11] [INFO] [1776966740.032213265] [robot_2.robot_state_publisher]: got segment robot_2/realsense_link
[robot_state_publisher-11] [INFO] [1776966740.032222574] [robot_2.robot_state_publisher]: got segment robot_2/rocker_L_link
[robot_state_publisher-11] [INFO] [1776966740.032231543] [robot_2.robot_state_publisher]: got segment robot_2/rocker_R_link
[robot_state_publisher-11] [INFO] [1776966740.032240307] [robot_2.robot_state_publisher]: got segment robot_2/wheel_FL_link
[robot_state_publisher-11] [INFO] [1776966740.032248498] [robot_2.robot_state_publisher]: got segment robot_2/wheel_FR_link
[robot_state_publisher-11] [INFO] [1776966740.032256985] [robot_2.robot_state_publisher]: got segment robot_2/wheel_RL_link
[robot_state_publisher-11] [INFO] [1776966740.032265972] [robot_2.robot_state_publisher]: got segment robot_2/wheel_RR_link
[robot_state_publisher-8] [INFO] [1776966740.036126992] [robot_1.robot_state_publisher]: got segment robot_1/antenna_link
[robot_state_publisher-8] [INFO] [1776966740.036323073] [robot_1.robot_state_publisher]: got segment robot_1/base_footprint
[robot_state_publisher-8] [INFO] [1776966740.036345933] [robot_1.robot_state_publisher]: got segment robot_1/base_link
[robot_state_publisher-8] [INFO] [1776966740.036360558] [robot_1.robot_state_publisher]: got segment robot_1/realsense_link
[robot_state_publisher-8] [INFO] [1776966740.036373634] [robot_1.robot_state_publisher]: got segment robot_1/rocker_L_link
[robot_state_publisher-8] [INFO] [1776966740.036385942] [robot_1.robot_state_publisher]: got segment robot_1/rocker_R_link
[robot_state_publisher-8] [INFO] [1776966740.036397856] [robot_1.robot_state_publisher]: got segment robot_1/wheel_FL_link
[robot_state_publisher-8] [INFO] [1776966740.036409629] [robot_1.robot_state_publisher]: got segment robot_1/wheel_FR_link
[robot_state_publisher-8] [INFO] [1776966740.036421063] [robot_1.robot_state_publisher]: got segment robot_1/wheel_RL_link
[robot_state_publisher-8] [INFO] [1776966740.036432603] [robot_1.robot_state_publisher]: got segment robot_1/wheel_RR_link
[create-6] [INFO] [1776966740.036417810] [robot_0.ros_gz_sim]: Requesting list of world names.
[create-18] [INFO] [1776966740.043981638] [robot_4.ros_gz_sim]: Requesting list of world names.
[robot_state_publisher-5] [INFO] [1776966740.044560257] [robot_0.robot_state_publisher]: got segment robot_0/antenna_link
[robot_state_publisher-5] [INFO] [1776966740.044687574] [robot_0.robot_state_publisher]: got segment robot_0/base_footprint
[robot_state_publisher-5] [INFO] [1776966740.044706149] [robot_0.robot_state_publisher]: got segment robot_0/base_link
[robot_state_publisher-5] [INFO] [1776966740.044718424] [robot_0.robot_state_publisher]: got segment robot_0/realsense_link
[robot_state_publisher-5] [INFO] [1776966740.044729648] [robot_0.robot_state_publisher]: got segment robot_0/rocker_L_link
[robot_state_publisher-5] [INFO] [1776966740.044740008] [robot_0.robot_state_publisher]: got segment robot_0/rocker_R_link
[robot_state_publisher-5] [INFO] [1776966740.044750570] [robot_0.robot_state_publisher]: got segment robot_0/wheel_FL_link
[robot_state_publisher-5] [INFO] [1776966740.044760960] [robot_0.robot_state_publisher]: got segment robot_0/wheel_FR_link
[robot_state_publisher-5] [INFO] [1776966740.044771136] [robot_0.robot_state_publisher]: got segment robot_0/wheel_RL_link
[robot_state_publisher-5] [INFO] [1776966740.044780514] [robot_0.robot_state_publisher]: got segment robot_0/wheel_RR_link
[parameter_bridge-4] [INFO] [1776966740.047061424] [all_robots_bridge]: Creating ROS->GZ Bridge: [/robot_0/cmd_vel (geometry_msgs/msg/Twist) -> /robot_0/cmd_vel (ignition.msgs.Twist)] (Lazy 0)
[robot_state_publisher-14] [INFO] [1776966740.048653651] [robot_3.robot_state_publisher]: got segment robot_3/antenna_link
[robot_state_publisher-14] [INFO] [1776966740.048748454] [robot_3.robot_state_publisher]: got segment robot_3/base_footprint
[robot_state_publisher-14] [INFO] [1776966740.048760036] [robot_3.robot_state_publisher]: got segment robot_3/base_link
[robot_state_publisher-14] [INFO] [1776966740.048769920] [robot_3.robot_state_publisher]: got segment robot_3/realsense_link
[robot_state_publisher-14] [INFO] [1776966740.048778476] [robot_3.robot_state_publisher]: got segment robot_3/rocker_L_link
[robot_state_publisher-14] [INFO] [1776966740.048786831] [robot_3.robot_state_publisher]: got segment robot_3/rocker_R_link
[robot_state_publisher-14] [INFO] [1776966740.048795202] [robot_3.robot_state_publisher]: got segment robot_3/wheel_FL_link
[robot_state_publisher-14] [INFO] [1776966740.048804275] [robot_3.robot_state_publisher]: got segment robot_3/wheel_FR_link
[robot_state_publisher-14] [INFO] [1776966740.048812665] [robot_3.robot_state_publisher]: got segment robot_3/wheel_RL_link
[robot_state_publisher-14] [INFO] [1776966740.048821565] [robot_3.robot_state_publisher]: got segment robot_3/wheel_RR_link
[parameter_bridge-4] [INFO] [1776966740.050723494] [all_robots_bridge]: Creating GZ->ROS Bridge: [/robot_0/odom (ignition.msgs.Odometry) -> /robot_0/odom (nav_msgs/msg/Odometry)] (Lazy 0)
[parameter_bridge-4] [INFO] [1776966740.053574458] [all_robots_bridge]: Creating GZ->ROS Bridge: [/robot_0/depth_camera/depth_image (ignition.msgs.Image) -> /robot_0/depth_camera/depth_image (sensor_msgs/msg/Image)] (Lazy 0)
[parameter_bridge-4] [INFO] [1776966740.056148560] [all_robots_bridge]: Creating GZ->ROS Bridge: [/world/random_world/model/robot_0/link/robot_0/base_footprint/sensor/contact_sensor/contact (ignition.msgs.Contacts) -> /world/random_world/model/robot_0/link/robot_0/base_footprint/sensor/contact_sensor/contact (ros_gz_interfaces/msg/Contacts)] (Lazy 0)
[parameter_bridge-4] [INFO] [1776966740.057986601] [all_robots_bridge]: Creating ROS->GZ Bridge: [/robot_1/cmd_vel (geometry_msgs/msg/Twist) -> /robot_1/cmd_vel (ignition.msgs.Twist)] (Lazy 0)
[parameter_bridge-4] [INFO] [1776966740.058680557] [all_robots_bridge]: Creating GZ->ROS Bridge: [/robot_1/odom (ignition.msgs.Odometry) -> /robot_1/odom (nav_msgs/msg/Odometry)] (Lazy 0)
[parameter_bridge-4] [INFO] [1776966740.059388624] [all_robots_bridge]: Creating GZ->ROS Bridge: [/robot_1/depth_camera/depth_image (ignition.msgs.Image) -> /robot_1/depth_camera/depth_image (sensor_msgs/msg/Image)] (Lazy 0)
[parameter_bridge-4] [INFO] [1776966740.060122990] [all_robots_bridge]: Creating GZ->ROS Bridge: [/world/random_world/model/robot_1/link/robot_1/base_footprint/sensor/contact_sensor/contact (ignition.msgs.Contacts) -> /world/random_world/model/robot_1/link/robot_1/base_footprint/sensor/contact_sensor/contact (ros_gz_interfaces/msg/Contacts)] (Lazy 0)
[parameter_bridge-4] [INFO] [1776966740.060974362] [all_robots_bridge]: Creating ROS->GZ Bridge: [/robot_2/cmd_vel (geometry_msgs/msg/Twist) -> /robot_2/cmd_vel (ignition.msgs.Twist)] (Lazy 0)
[parameter_bridge-4] [INFO] [1776966740.061599106] [all_robots_bridge]: Creating GZ->ROS Bridge: [/robot_2/odom (ignition.msgs.Odometry) -> /robot_2/odom (nav_msgs/msg/Odometry)] (Lazy 0)
[parameter_bridge-4] [INFO] [1776966740.062521388] [all_robots_bridge]: Creating GZ->ROS Bridge: [/robot_2/depth_camera/depth_image (ignition.msgs.Image) -> /robot_2/depth_camera/depth_image (sensor_msgs/msg/Image)] (Lazy 0)
[parameter_bridge-4] [INFO] [1776966740.063414404] [all_robots_bridge]: Creating GZ->ROS Bridge: [/world/random_world/model/robot_2/link/robot_2/base_footprint/sensor/contact_sensor/contact (ignition.msgs.Contacts) -> /world/random_world/model/robot_2/link/robot_2/base_footprint/sensor/contact_sensor/contact (ros_gz_interfaces/msg/Contacts)] (Lazy 0)
[parameter_bridge-4] [INFO] [1776966740.064409629] [all_robots_bridge]: Creating ROS->GZ Bridge: [/robot_3/cmd_vel (geometry_msgs/msg/Twist) -> /robot_3/cmd_vel (ignition.msgs.Twist)] (Lazy 0)
[parameter_bridge-4] [INFO] [1776966740.065296316] [all_robots_bridge]: Creating GZ->ROS Bridge: [/robot_3/odom (ignition.msgs.Odometry) -> /robot_3/odom (nav_msgs/msg/Odometry)] (Lazy 0)
[parameter_bridge-4] [INFO] [1776966740.066031050] [all_robots_bridge]: Creating GZ->ROS Bridge: [/robot_3/depth_camera/depth_image (ignition.msgs.Image) -> /robot_3/depth_camera/depth_image (sensor_msgs/msg/Image)] (Lazy 0)
[parameter_bridge-4] [INFO] [1776966740.066985858] [all_robots_bridge]: Creating GZ->ROS Bridge: [/world/random_world/model/robot_3/link/robot_3/base_footprint/sensor/contact_sensor/contact (ignition.msgs.Contacts) -> /world/random_world/model/robot_3/link/robot_3/base_footprint/sensor/contact_sensor/contact (ros_gz_interfaces/msg/Contacts)] (Lazy 0)
[parameter_bridge-4] [INFO] [1776966740.067840895] [all_robots_bridge]: Creating ROS->GZ Bridge: [/robot_4/cmd_vel (geometry_msgs/msg/Twist) -> /robot_4/cmd_vel (ignition.msgs.Twist)] (Lazy 0)
[parameter_bridge-4] [INFO] [1776966740.068494409] [all_robots_bridge]: Creating GZ->ROS Bridge: [/robot_4/odom (ignition.msgs.Odometry) -> /robot_4/odom (nav_msgs/msg/Odometry)] (Lazy 0)
[parameter_bridge-4] [INFO] [1776966740.069207822] [all_robots_bridge]: Creating GZ->ROS Bridge: [/robot_4/depth_camera/depth_image (ignition.msgs.Image) -> /robot_4/depth_camera/depth_image (sensor_msgs/msg/Image)] (Lazy 0)
[parameter_bridge-4] [INFO] [1776966740.069873309] [all_robots_bridge]: Creating GZ->ROS Bridge: [/world/random_world/model/robot_4/link/robot_4/base_footprint/sensor/contact_sensor/contact (ignition.msgs.Contacts) -> /world/random_world/model/robot_4/link/robot_4/base_footprint/sensor/contact_sensor/contact (ros_gz_interfaces/msg/Contacts)] (Lazy 0)
[parameter_bridge-4] [INFO] [1776966740.070815285] [all_robots_bridge]: Creating GZ->ROS Bridge: [/world/random_world/dynamic_pose/info (ignition.msgs.Pose_V) -> /world/random_world/dynamic_pose/info (tf2_msgs/msg/TFMessage)] (Lazy 0)
[parameter_bridge-20] [INFO] [1776966740.090362476] [clock_bridge]: Creating GZ->ROS Bridge: [/clock (ignition.msgs.Clock) -> /clock (rosgraph_msgs/msg/Clock)] (Lazy 0)
[robot_supervisor-13] [INFO] [1776966740.545813579] [robot_2.robot_supervisor]: Loaded initial mission 'explore' from explicit YAML explore_sup_gpt_medium_5_run_2_241.yaml
[bump_counter-3] [INFO] [1776966740.557260532] [bump_counter]: [global] global_mode=True cooldown(robot)=0.80s cooldown(obs)=0.50s Logging to /home/ecem/ros2_ws/src/Leo_sct/results_exp/explore_gpt54_repeat3_once/medium/prompt_5/run_2/spread/trial_3/run_20260423_195219/bumps_global_195220.csv
[robot_supervisor-7] [INFO] [1776966740.563789769] [robot_0.robot_supervisor]: Loaded initial mission 'explore' from explicit YAML explore_sup_gpt_medium_5_run_2_241.yaml
[robot_supervisor-16] [INFO] [1776966740.643920352] [robot_3.robot_supervisor]: Loaded initial mission 'explore' from explicit YAML explore_sup_gpt_medium_5_run_2_241.yaml
[robot_supervisor-13] [INFO] [1776966740.655457986] [robot_2.robot_supervisor]: Selected controllable event: EV_random_walk
[parameter_bridge-4] [INFO] [1776966740.655802259] [all_robots_bridge]: Passing message from ROS geometry_msgs/msg/Twist to Gazebo gz.msgs.Twist (showing msg only once per type)
[create-18] [INFO] [1776966740.664727657] [robot_4.ros_gz_sim]: Waiting messages on topic [/robot_4/robot_description].
[robot_supervisor-7] [INFO] [1776966740.675053437] [robot_0.robot_supervisor]: Selected controllable event: EV_random_walk
[robot_supervisor-10] [INFO] [1776966740.703013815] [robot_1.robot_supervisor]: Loaded initial mission 'explore' from explicit YAML explore_sup_gpt_medium_5_run_2_241.yaml
[robot_supervisor-19] [INFO] [1776966740.712035774] [robot_4.robot_supervisor]: Loaded initial mission 'explore' from explicit YAML explore_sup_gpt_medium_5_run_2_241.yaml
[robot_supervisor-16] [INFO] [1776966740.758266081] [robot_3.robot_supervisor]: Selected controllable event: EV_random_walk
[create-6] [INFO] [1776966740.765066389] [robot_0.ros_gz_sim]: Waiting messages on topic [/robot_0/robot_description].
[robot_supervisor-10] [INFO] [1776966740.812898184] [robot_1.robot_supervisor]: Selected controllable event: EV_random_walk
[robot_supervisor-19] [INFO] [1776966740.821676641] [robot_4.robot_supervisor]: Selected controllable event: EV_random_walk
[create-9] [INFO] [1776966740.865362438] [robot_1.ros_gz_sim]: Waiting messages on topic [/robot_1/robot_description].
[robot_supervisor-13] [INFO] [1776966740.955353487] [robot_2.robot_supervisor]: Selected controllable event: EV_random_walk
[create-15] [INFO] [1776966740.966533032] [robot_3.ros_gz_sim]: Waiting messages on topic [/robot_3/robot_description].
[robot_supervisor-7] [INFO] [1776966740.975005604] [robot_0.robot_supervisor]: Selected controllable event: EV_random_walk
[robot_supervisor-16] [INFO] [1776966741.058086341] [robot_3.robot_supervisor]: Selected controllable event: EV_random_walk
[create-18] [INFO] [1776966741.065789561] [robot_4.ros_gz_sim]: Requested creation of entity.
[create-18] [INFO] [1776966741.065848676] [robot_4.ros_gz_sim]: OK creation of entity.
[create-6] [INFO] [1776966741.065862179] [robot_0.ros_gz_sim]: Requested creation of entity.
[create-6] [INFO] [1776966741.065959233] [robot_0.ros_gz_sim]: OK creation of entity.
[create-15] [INFO] [1776966741.066000113] [robot_3.ros_gz_sim]: Requested creation of entity.
[create-15] [INFO] [1776966741.066061967] [robot_3.ros_gz_sim]: OK creation of entity.
[create-9] [INFO] [1776966741.066355660] [robot_1.ros_gz_sim]: Requested creation of entity.
[create-9] [INFO] [1776966741.066421109] [robot_1.ros_gz_sim]: OK creation of entity.
[create-12] [INFO] [1776966741.066605059] [robot_2.ros_gz_sim]: Waiting messages on topic [/robot_2/robot_description].
[create-12] [INFO] [1776966741.070697005] [robot_2.ros_gz_sim]: Requested creation of entity.
[create-12] [INFO] [1776966741.070751423] [robot_2.ros_gz_sim]: OK creation of entity.
[robot_supervisor-10] [INFO] [1776966741.112713698] [robot_1.robot_supervisor]: Selected controllable event: EV_random_walk
[robot_supervisor-19] [INFO] [1776966741.121471342] [robot_4.robot_supervisor]: Selected controllable event: EV_random_walk
[robot_supervisor-13] [INFO] [1776966741.255360230] [robot_2.robot_supervisor]: Selected controllable event: EV_move_forward
[robot_supervisor-7] [INFO] [1776966741.274992531] [robot_0.robot_supervisor]: Selected controllable event: EV_move_forward
[INFO] [create-6]: process has finished cleanly [pid 434731]
[robot_supervisor-16] [INFO] [1776966741.358512712] [robot_3.robot_supervisor]: Selected controllable event: EV_move_forward
[INFO] [create-9]: process has finished cleanly [pid 434739]
[INFO] [create-18]: process has finished cleanly [pid 434793]
[INFO] [create-15]: process has finished cleanly [pid 434751]
[INFO] [create-12]: process has finished cleanly [pid 434745]
[robot_supervisor-10] [INFO] [1776966741.412635561] [robot_1.robot_supervisor]: Selected controllable event: EV_move_forward
[robot_supervisor-19] [INFO] [1776966741.421416167] [robot_4.robot_supervisor]: Selected controllable event: EV_move_forward
[bump_counter-3] [INFO] [1776966741.658450383] [bump_counter]: [global] subscribed: /world/random_world/model/robot_0/link/robot_0/base_footprint/sensor/contact_sensor/contact
[bump_counter-3] [INFO] [1776966741.660846092] [bump_counter]: [global] subscribed: /world/random_world/model/robot_1/link/robot_1/base_footprint/sensor/contact_sensor/contact
[bump_counter-3] [INFO] [1776966741.662706958] [bump_counter]: [global] subscribed: /world/random_world/model/robot_2/link/robot_2/base_footprint/sensor/contact_sensor/contact
[bump_counter-3] [INFO] [1776966741.663760982] [bump_counter]: [global] subscribed: /world/random_world/model/robot_3/link/robot_3/base_footprint/sensor/contact_sensor/contact
[bump_counter-3] [INFO] [1776966741.664686768] [bump_counter]: [global] subscribed: /world/random_world/model/robot_4/link/robot_4/base_footprint/sensor/contact_sensor/contact
[INFO] [image_processor-21]: process started with pid [435116]
[INFO] [image_processor-22]: process started with pid [435118]
[INFO] [image_processor-23]: process started with pid [435120]
[INFO] [image_processor-24]: process started with pid [435122]
[INFO] [image_processor-25]: process started with pid [435124]
[image_processor-21] [INFO] [1776966742.075616365] [robot_0.image_processor]: image_processor: depth='/robot_0/depth_camera/depth_image' aruco_runtime=disabled
[image_processor-22] [INFO] [1776966742.079728130] [robot_1.image_processor]: image_processor: depth='/robot_1/depth_camera/depth_image' aruco_runtime=disabled
[image_processor-23] [INFO] [1776966742.087415788] [robot_2.image_processor]: image_processor: depth='/robot_2/depth_camera/depth_image' aruco_runtime=disabled
[image_processor-24] [INFO] [1776966742.096319476] [robot_3.image_processor]: image_processor: depth='/robot_3/depth_camera/depth_image' aruco_runtime=disabled
[image_processor-25] [INFO] [1776966742.123209243] [robot_4.image_processor]: image_processor: depth='/robot_4/depth_camera/depth_image' aruco_runtime=disabled
[image_processor-25] [INFO] [1776966747.095325407] [robot_4.image_processor]: Zone=CLEAR  left[p=3.196 near=0 v=6573]  front[p=2.953 near=0 v=9956]  right[p=2.658 near=0 v=5511]
[image_processor-21] [INFO] [1776966747.108736590] [robot_0.image_processor]: Zone=CLEAR  left[p=0.904 near=0 v=7650]  front[p=1.356 near=0 v=13500]  right[p=1.356 near=0 v=7740]
[image_processor-22] [INFO] [1776966747.120096827] [robot_1.image_processor]: Zone=CLEAR  left[p=1.667 near=0 v=7650]  front[p=3.100 near=0 v=12175]  right[p=2.607 near=0 v=7450]
[image_processor-24] [INFO] [1776966747.140655484] [robot_3.image_processor]: Zone=CLEAR  left[p=1.102 near=0 v=7650]  front[p=1.719 near=0 v=13500]  right[p=2.172 near=0 v=7740]
[image_processor-23] [INFO] [1776966747.171366596] [robot_2.image_processor]: Zone=CLEAR  left[p=2.745 near=0 v=5011]  front[p=1.644 near=0 v=8425]  right[p=1.700 near=0 v=6986]
[image_processor-25] [INFO] [1776966749.600205252] [robot_4.image_processor]: Zone=CLEAR
[image_processor-21] [INFO] [1776966749.613176653] [robot_0.image_processor]: Zone=CLEAR
[image_processor-22] [INFO] [1776966749.629258665] [robot_1.image_processor]: Zone=CLEAR
[image_processor-24] [INFO] [1776966749.640493549] [robot_3.image_processor]: Zone=CLEAR
[image_processor-23] [INFO] [1776966749.675727050] [robot_2.image_processor]: Zone=CLEAR
[image_processor-25] [INFO] [1776966752.106205893] [robot_4.image_processor]: Zone=CLEAR
[image_processor-21] [INFO] [1776966752.134063859] [robot_0.image_processor]: Zone=CLEAR
[image_processor-22] [INFO] [1776966752.148078889] [robot_1.image_processor]: Zone=CLEAR
[image_processor-24] [INFO] [1776966752.159250583] [robot_3.image_processor]: Zone=CLEAR
[image_processor-23] [INFO] [1776966752.178932847] [robot_2.image_processor]: Zone=CLEAR
[image_processor-25] [INFO] [1776966754.596574545] [robot_4.image_processor]: Zone=CLEAR
[image_processor-21] [INFO] [1776966754.607509723] [robot_0.image_processor]: Zone=CLEAR
[image_processor-22] [INFO] [1776966754.618932220] [robot_1.image_processor]: Zone=CLEAR
[image_processor-24] [INFO] [1776966754.636721593] [robot_3.image_processor]: Zone=CLEAR
[image_processor-23] [INFO] [1776966754.667087292] [robot_2.image_processor]: Zone=CLEAR
[image_processor-25] [INFO] [1776966757.111631640] [robot_4.image_processor]: Zone=CLEAR
[image_processor-21] [INFO] [1776966757.143194705] [robot_0.image_processor]: Zone=CLEAR
[image_processor-22] [INFO] [1776966757.161922206] [robot_1.image_processor]: Zone=CLEAR
[image_processor-24] [INFO] [1776966757.184083087] [robot_3.image_processor]: Zone=CLEAR
[image_processor-23] [INFO] [1776966757.220341134] [robot_2.image_processor]: Zone=CLEAR
[image_processor-25] [INFO] [1776966759.606110424] [robot_4.image_processor]: Zone=CLEAR
[image_processor-21] [INFO] [1776966759.618834870] [robot_0.image_processor]: Zone=CLEAR
[image_processor-22] [INFO] [1776966759.642527765] [robot_1.image_processor]: Zone=CLEAR
[image_processor-24] [INFO] [1776966759.660304241] [robot_3.image_processor]: Zone=CLEAR
[image_processor-23] [INFO] [1776966759.681084688] [robot_2.image_processor]: Zone=CLEAR
[image_processor-25] [INFO] [1776966762.098465436] [robot_4.image_processor]: Zone=CLEAR
[image_processor-21] [INFO] [1776966762.114300264] [robot_0.image_processor]: Zone=CLEAR
[image_processor-22] [INFO] [1776966762.136477636] [robot_1.image_processor]: Zone=CLEAR
[image_processor-24] [INFO] [1776966762.148634131] [robot_3.image_processor]: Zone=CLEAR
[image_processor-23] [INFO] [1776966762.180898661] [robot_2.image_processor]: Zone=CLEAR
[image_processor-25] [INFO] [1776966764.593250219] [robot_4.image_processor]: Zone=CLEAR
[image_processor-21] [INFO] [1776966764.603844488] [robot_0.image_processor]: Zone=CLEAR
[image_processor-22] [INFO] [1776966764.614694725] [robot_1.image_processor]: Zone=CLEAR
[image_processor-24] [INFO] [1776966764.635730082] [robot_3.image_processor]: Zone=CLEAR
[image_processor-23] [INFO] [1776966764.669408523] [robot_2.image_processor]: Zone=CLEAR
[image_processor-25] [INFO] [1776966767.113753866] [robot_4.image_processor]: Zone=CLEAR
[image_processor-21] [INFO] [1776966767.136490049] [robot_0.image_processor]: Zone=CLEAR
[image_processor-22] [INFO] [1776966767.147756804] [robot_1.image_processor]: Zone=CLEAR
[image_processor-24] [INFO] [1776966767.161253870] [robot_3.image_processor]: Zone=CLEAR
[image_processor-23] [INFO] [1776966767.183019904] [robot_2.image_processor]: Zone=CLEAR
[image_processor-25] [INFO] [1776966769.603639057] [robot_4.image_processor]: Zone=CLEAR
[image_processor-21] [INFO] [1776966769.613846142] [robot_0.image_processor]: Zone=CLEAR
[image_processor-22] [INFO] [1776966769.627987717] [robot_1.image_processor]: Zone=CLEAR
[image_processor-24] [INFO] [1776966769.642311229] [robot_3.image_processor]: Zone=CLEAR
[image_processor-23] [INFO] [1776966769.677200447] [robot_2.image_processor]: Zone=CLEAR
[image_processor-25] [INFO] [1776966772.101134381] [robot_4.image_processor]: Zone=CLEAR
[image_processor-21] [INFO] [1776966772.112795668] [robot_0.image_processor]: Zone=CLEAR
[image_processor-22] [INFO] [1776966772.127587520] [robot_1.image_processor]: Zone=CLEAR
[image_processor-24] [INFO] [1776966772.143745480] [robot_3.image_processor]: Zone=CLEAR
[image_processor-23] [INFO] [1776966772.176795276] [robot_2.image_processor]: Zone=CLEAR
[image_processor-25] [INFO] [1776966774.593718874] [robot_4.image_processor]: Zone=CLEAR
[image_processor-21] [INFO] [1776966774.604546581] [robot_0.image_processor]: Zone=CLEAR
[image_processor-22] [INFO] [1776966774.614641299] [robot_1.image_processor]: Zone=CLEAR
[image_processor-24] [INFO] [1776966774.626505907] [robot_3.image_processor]: Zone=CLEAR
[image_processor-23] [INFO] [1776966774.643277622] [robot_2.image_processor]: Zone=CLEAR
[image_processor-25] [INFO] [1776966777.102957889] [robot_4.image_processor]: Zone=CLEAR
[image_processor-21] [INFO] [1776966777.114870805] [robot_0.image_processor]: Zone=CLEAR
[image_processor-22] [INFO] [1776966777.130548936] [robot_1.image_processor]: Zone=CLEAR
[image_processor-23] [INFO] [1776966777.172628380] [robot_2.image_processor]: Zone=CLEAR
[image_processor-24] [INFO] [1776966777.243750957] [robot_3.image_processor]: Zone=CLEAR
[image_processor-25] [INFO] [1776966779.604541942] [robot_4.image_processor]: Zone=CLEAR
[image_processor-21] [INFO] [1776966779.615791009] [robot_0.image_processor]: Zone=CLEAR
[image_processor-22] [INFO] [1776966779.629500771] [robot_1.image_processor]: Zone=CLEAR
[image_processor-24] [INFO] [1776966779.641597647] [robot_3.image_processor]: Zone=CLEAR
[image_processor-23] [INFO] [1776966779.672353347] [robot_2.image_processor]: Zone=CLEAR
[image_processor-21] [INFO] [1776966782.120592966] [robot_0.image_processor]: Zone=CLEAR
[image_processor-24] [INFO] [1776966782.152870854] [robot_3.image_processor]: Zone=CLEAR
[image_processor-23] [INFO] [1776966782.175021306] [robot_2.image_processor]: Zone=CLEAR
[image_processor-25] [INFO] [1776966782.203800395] [robot_4.image_processor]: Zone=CLEAR
[image_processor-22] [INFO] [1776966782.240424971] [robot_1.image_processor]: Zone=CLEAR
[image_processor-25] [INFO] [1776966784.590307793] [robot_4.image_processor]: Zone=CLEAR
[image_processor-21] [INFO] [1776966784.599820527] [robot_0.image_processor]: Zone=CLEAR
[image_processor-22] [INFO] [1776966784.609915678] [robot_1.image_processor]: Zone=CLEAR
[image_processor-24] [INFO] [1776966784.627948310] [robot_3.image_processor]: Zone=CLEAR
[image_processor-23] [INFO] [1776966784.643914104] [robot_2.image_processor]: Zone=CLEAR
[image_processor-25] [INFO] [1776966787.093375559] [robot_4.image_processor]: Zone=CLEAR
[image_processor-21] [INFO] [1776966787.102476713] [robot_0.image_processor]: Zone=CLEAR
[image_processor-22] [INFO] [1776966787.112799498] [robot_1.image_processor]: Zone=CLEAR
[image_processor-24] [INFO] [1776966787.132064564] [robot_3.image_processor]: Zone=CLEAR
[image_processor-23] [INFO] [1776966787.148447008] [robot_2.image_processor]: Zone=CLEAR
[image_processor-25] [INFO] [1776966789.597636854] [robot_4.image_processor]: Zone=CLEAR
[image_processor-21] [INFO] [1776966789.607048121] [robot_0.image_processor]: Zone=CLEAR
[image_processor-22] [INFO] [1776966789.618648322] [robot_1.image_processor]: Zone=CLEAR
[image_processor-24] [INFO] [1776966789.632692888] [robot_3.image_processor]: Zone=CLEAR
[image_processor-23] [INFO] [1776966789.648804649] [robot_2.image_processor]: Zone=CLEAR
[image_processor-25] [INFO] [1776966792.090753970] [robot_4.image_processor]: Zone=CLEAR
[image_processor-21] [INFO] [1776966792.100698610] [robot_0.image_processor]: Zone=CLEAR
[image_processor-22] [INFO] [1776966792.111386082] [robot_1.image_processor]: Zone=CLEAR
[image_processor-24] [INFO] [1776966792.132256480] [robot_3.image_processor]: Zone=CLEAR
[image_processor-23] [INFO] [1776966792.160049661] [robot_2.image_processor]: Zone=CLEAR
[image_processor-25] [INFO] [1776966794.586595728] [robot_4.image_processor]: Zone=CLEAR
[image_processor-21] [INFO] [1776966794.596764565] [robot_0.image_processor]: Zone=CLEAR
[image_processor-22] [INFO] [1776966794.610588929] [robot_1.image_processor]: Zone=CLEAR
[image_processor-23] [INFO] [1776966794.646224898] [robot_2.image_processor]: Zone=CLEAR
[image_processor-24] [INFO] [1776966794.729776470] [robot_3.image_processor]: Zone=CLEAR
[image_processor-25] [INFO] [1776966797.084970979] [robot_4.image_processor]: Zone=CLEAR
[image_processor-21] [INFO] [1776966797.096214155] [robot_0.image_processor]: Zone=CLEAR
[image_processor-22] [INFO] [1776966797.106714428] [robot_1.image_processor]: Zone=CLEAR
[image_processor-24] [INFO] [1776966797.118035299] [robot_3.image_processor]: Zone=CLEAR
[image_processor-23] [INFO] [1776966797.139513685] [robot_2.image_processor]: Zone=CLEAR
[image_processor-25] [INFO] [1776966799.586834326] [robot_4.image_processor]: Zone=CLEAR
[image_processor-21] [INFO] [1776966799.596046019] [robot_0.image_processor]: Zone=CLEAR
[image_processor-22] [INFO] [1776966799.605506672] [robot_1.image_processor]: Zone=CLEAR
[image_processor-24] [INFO] [1776966799.619965329] [robot_3.image_processor]: Zone=CLEAR
[image_processor-23] [INFO] [1776966799.639603483] [robot_2.image_processor]: Zone=CLEAR
[image_processor-25] [INFO] [1776966802.093196137] [robot_4.image_processor]: Zone=CLEAR
[image_processor-21] [INFO] [1776966802.102361475] [robot_0.image_processor]: Zone=CLEAR
[image_processor-22] [INFO] [1776966802.112347355] [robot_1.image_processor]: Zone=CLEAR
[image_processor-24] [INFO] [1776966802.130961086] [robot_3.image_processor]: Zone=CLEAR
[image_processor-23] [INFO] [1776966802.147830553] [robot_2.image_processor]: Zone=CLEAR
[image_processor-25] [INFO] [1776966804.592729799] [robot_4.image_processor]: Zone=CLEAR
[image_processor-21] [INFO] [1776966804.603109349] [robot_0.image_processor]: Zone=CLEAR
[image_processor-22] [INFO] [1776966804.613981846] [robot_1.image_processor]: Zone=CLEAR
[image_processor-24] [INFO] [1776966804.633373397] [robot_3.image_processor]: Zone=CLEAR
[image_processor-23] [INFO] [1776966804.650246351] [robot_2.image_processor]: Zone=CLEAR
[image_processor-25] [INFO] [1776966807.098981381] [robot_4.image_processor]: Zone=CLEAR
[image_processor-21] [INFO] [1776966807.109862751] [robot_0.image_processor]: Zone=CLEAR
[image_processor-22] [INFO] [1776966807.130564775] [robot_1.image_processor]: Zone=CLEAR
[image_processor-24] [INFO] [1776966807.142234972] [robot_3.image_processor]: Zone=CLEAR
[image_processor-23] [INFO] [1776966807.165283039] [robot_2.image_processor]: Zone=CLEAR
[image_processor-25] [INFO] [1776966809.608061465] [robot_4.image_processor]: Zone=CLEAR
[image_processor-21] [INFO] [1776966809.619489026] [robot_0.image_processor]: Zone=CLEAR
[image_processor-22] [INFO] [1776966809.648324010] [robot_1.image_processor]: Zone=CLEAR
[image_processor-24] [INFO] [1776966809.664304917] [robot_3.image_processor]: Zone=CLEAR
[image_processor-23] [INFO] [1776966809.687068015] [robot_2.image_processor]: Zone=CLEAR
[image_processor-25] [INFO] [1776966812.096317033] [robot_4.image_processor]: Zone=CLEAR
[image_processor-21] [INFO] [1776966812.107931201] [robot_0.image_processor]: Zone=CLEAR
[image_processor-22] [INFO] [1776966812.121137776] [robot_1.image_processor]: Zone=CLEAR
[image_processor-23] [INFO] [1776966812.161837140] [robot_2.image_processor]: Zone=CLEAR
[image_processor-24] [INFO] [1776966812.239455408] [robot_3.image_processor]: Zone=CLEAR
[image_processor-25] [INFO] [1776966814.595907462] [robot_4.image_processor]: Zone=CLEAR
[image_processor-21] [INFO] [1776966814.608972956] [robot_0.image_processor]: Zone=CLEAR
[image_processor-22] [INFO] [1776966814.627000896] [robot_1.image_processor]: Zone=CLEAR
[image_processor-24] [INFO] [1776966814.641824751] [robot_3.image_processor]: Zone=CLEAR
[image_processor-23] [INFO] [1776966814.680527251] [robot_2.image_processor]: Zone=CLEAR
[image_processor-25] [INFO] [1776966817.095786268] [robot_4.image_processor]: Zone=CLEAR
[image_processor-21] [INFO] [1776966817.108400990] [robot_0.image_processor]: Zone=CLEAR
[image_processor-22] [INFO] [1776966817.131358045] [robot_1.image_processor]: Zone=CLEAR
[image_processor-24] [INFO] [1776966817.143240762] [robot_3.image_processor]: Zone=CLEAR
[image_processor-23] [INFO] [1776966817.173379514] [robot_2.image_processor]: Zone=CLEAR
[image_processor-25] [INFO] [1776966819.590974376] [robot_4.image_processor]: Zone=CLEAR
[image_processor-21] [INFO] [1776966819.604052980] [robot_0.image_processor]: Zone=CLEAR
[image_processor-22] [INFO] [1776966819.616902712] [robot_1.image_processor]: Zone=CLEAR
[image_processor-24] [INFO] [1776966819.638210254] [robot_3.image_processor]: Zone=CLEAR
[image_processor-23] [INFO] [1776966819.662067305] [robot_2.image_processor]: Zone=CLEAR
[image_processor-25] [INFO] [1776966822.101353387] [robot_4.image_processor]: Zone=CLEAR
[image_processor-21] [INFO] [1776966822.116269621] [robot_0.image_processor]: Zone=CLEAR
[image_processor-22] [INFO] [1776966822.138729597] [robot_1.image_processor]: Zone=CLEAR
[image_processor-24] [INFO] [1776966822.149635144] [robot_3.image_processor]: Zone=CLEAR
[image_processor-23] [INFO] [1776966822.170629680] [robot_2.image_processor]: Zone=CLEAR
[image_processor-25] [INFO] [1776966824.607263834] [robot_4.image_processor]: Zone=CLEAR
[image_processor-21] [INFO] [1776966824.617390965] [robot_0.image_processor]: Zone=CLEAR
[image_processor-22] [INFO] [1776966824.639060633] [robot_1.image_processor]: Zone=CLEAR
[image_processor-24] [INFO] [1776966824.655619914] [robot_3.image_processor]: Zone=CLEAR
[image_processor-23] [INFO] [1776966824.681599801] [robot_2.image_processor]: Zone=CLEAR
[image_processor-25] [INFO] [1776966827.103458743] [robot_4.image_processor]: Zone=CLEAR
[image_processor-21] [INFO] [1776966827.116632632] [robot_0.image_processor]: Zone=CLEAR
[image_processor-22] [INFO] [1776966827.140796770] [robot_1.image_processor]: Zone=CLEAR
[image_processor-24] [INFO] [1776966827.153346535] [robot_3.image_processor]: Zone=CLEAR
[image_processor-23] [INFO] [1776966827.173335892] [robot_2.image_processor]: Zone=CLEAR
[image_processor-25] [INFO] [1776966829.599078919] [robot_4.image_processor]: Zone=CLEAR
[image_processor-21] [INFO] [1776966829.612152092] [robot_0.image_processor]: Zone=CLEAR
[image_processor-22] [INFO] [1776966829.635582844] [robot_1.image_processor]: Zone=CLEAR
[image_processor-24] [INFO] [1776966829.649822063] [robot_3.image_processor]: Zone=CLEAR
[image_processor-23] [INFO] [1776966829.669099787] [robot_2.image_processor]: Zone=CLEAR
[image_processor-25] [INFO] [1776966832.097414508] [robot_4.image_processor]: Zone=CLEAR
[image_processor-21] [INFO] [1776966832.107920251] [robot_0.image_processor]: Zone=CLEAR
[image_processor-22] [INFO] [1776966832.122178702] [robot_1.image_processor]: Zone=CLEAR
[image_processor-24] [INFO] [1776966832.140198289] [robot_3.image_processor]: Zone=CLEAR
[image_processor-23] [INFO] [1776966832.165341437] [robot_2.image_processor]: Zone=CLEAR
[image_processor-25] [INFO] [1776966834.610285919] [robot_4.image_processor]: Zone=CLEAR
[image_processor-21] [INFO] [1776966834.628181315] [robot_0.image_processor]: Zone=CLEAR
[image_processor-22] [INFO] [1776966834.641695915] [robot_1.image_processor]: Zone=CLEAR
[image_processor-24] [INFO] [1776966834.655381631] [robot_3.image_processor]: Zone=CLEAR
[image_processor-23] [INFO] [1776966834.675551892] [robot_2.image_processor]: Zone=CLEAR
[image_processor-25] [INFO] [1776966837.109751241] [robot_4.image_processor]: Zone=CLEAR
[image_processor-21] [INFO] [1776966837.128183037] [robot_0.image_processor]: Zone=CLEAR
[image_processor-22] [INFO] [1776966837.140058604] [robot_1.image_processor]: Zone=CLEAR
[image_processor-24] [INFO] [1776966837.152742491] [robot_3.image_processor]: Zone=CLEAR
[image_processor-23] [INFO] [1776966837.173421918] [robot_2.image_processor]: Zone=CLEAR
[image_processor-25] [INFO] [1776966839.602902206] [robot_4.image_processor]: Zone=CLEAR
[image_processor-21] [INFO] [1776966839.616241027] [robot_0.image_processor]: Zone=CLEAR
[image_processor-22] [INFO] [1776966839.639008094] [robot_1.image_processor]: Zone=CLEAR
[image_processor-24] [INFO] [1776966839.650012656] [robot_3.image_processor]: Zone=CLEAR
[image_processor-23] [INFO] [1776966839.670898180] [robot_2.image_processor]: Zone=CLEAR
[image_processor-25] [INFO] [1776966842.097476869] [robot_4.image_processor]: Zone=CLEAR
[image_processor-21] [INFO] [1776966842.106650166] [robot_0.image_processor]: Zone=CLEAR
[image_processor-22] [INFO] [1776966842.117639375] [robot_1.image_processor]: Zone=CLEAR
[image_processor-24] [INFO] [1776966842.138928854] [robot_3.image_processor]: Zone=CLEAR
[image_processor-23] [INFO] [1776966842.161117193] [robot_2.image_processor]: Zone=CLEAR
[image_processor-25] [INFO] [1776966844.604853389] [robot_4.image_processor]: Zone=CLEAR
[image_processor-21] [INFO] [1776966844.616052405] [robot_0.image_processor]: Zone=CLEAR
[image_processor-22] [INFO] [1776966844.639113553] [robot_1.image_processor]: Zone=CLEAR
[image_processor-24] [INFO] [1776966844.651064437] [robot_3.image_processor]: Zone=CLEAR
[image_processor-23] [INFO] [1776966844.669202901] [robot_2.image_processor]: Zone=CLEAR
[image_processor-25] [INFO] [1776966847.104706145] [robot_4.image_processor]: Zone=CLEAR
[image_processor-21] [INFO] [1776966847.117241506] [robot_0.image_processor]: Zone=CLEAR
[image_processor-22] [INFO] [1776966847.138842375] [robot_1.image_processor]: Zone=CLEAR
[image_processor-24] [INFO] [1776966847.150745768] [robot_3.image_processor]: Zone=CLEAR
[image_processor-23] [INFO] [1776966847.170597492] [robot_2.image_processor]: Zone=CLEAR
[image_processor-25] [INFO] [1776966849.601234472] [robot_4.image_processor]: Zone=CLEAR
[image_processor-21] [INFO] [1776966849.615279116] [robot_0.image_processor]: Zone=CLEAR
[image_processor-22] [INFO] [1776966849.638946152] [robot_1.image_processor]: Zone=CLEAR
[image_processor-24] [INFO] [1776966849.651287995] [robot_3.image_processor]: Zone=CLEAR
[image_processor-23] [INFO] [1776966849.670718962] [robot_2.image_processor]: Zone=CLEAR
[image_processor-25] [INFO] [1776966852.098995402] [robot_4.image_processor]: Zone=CLEAR
[image_processor-21] [INFO] [1776966852.112228954] [robot_0.image_processor]: Zone=CLEAR
[image_processor-22] [INFO] [1776966852.137778448] [robot_1.image_processor]: Zone=CLEAR
[image_processor-24] [INFO] [1776966852.150029291] [robot_3.image_processor]: Zone=CLEAR
[image_processor-23] [INFO] [1776966852.171547940] [robot_2.image_processor]: Zone=CLEAR
[image_processor-25] [INFO] [1776966854.600295815] [robot_4.image_processor]: Zone=CLEAR
[image_processor-21] [INFO] [1776966854.613949739] [robot_0.image_processor]: Zone=CLEAR
[image_processor-22] [INFO] [1776966854.633309195] [robot_1.image_processor]: Zone=CLEAR
[image_processor-24] [INFO] [1776966854.644075724] [robot_3.image_processor]: Zone=CLEAR
[image_processor-23] [INFO] [1776966854.666003562] [robot_2.image_processor]: Zone=CLEAR
[image_processor-25] [INFO] [1776966857.104205321] [robot_4.image_processor]: Zone=CLEAR
[image_processor-21] [INFO] [1776966857.116337977] [robot_0.image_processor]: Zone=CLEAR
[image_processor-22] [INFO] [1776966857.138361819] [robot_1.image_processor]: Zone=CLEAR
[image_processor-24] [INFO] [1776966857.153199867] [robot_3.image_processor]: Zone=CLEAR
[image_processor-23] [INFO] [1776966857.175634025] [robot_2.image_processor]: Zone=CLEAR
[image_processor-25] [INFO] [1776966859.597057351] [robot_4.image_processor]: Zone=CLEAR
[image_processor-21] [INFO] [1776966859.607916719] [robot_0.image_processor]: Zone=CLEAR
[image_processor-22] [INFO] [1776966859.622105238] [robot_1.image_processor]: Zone=CLEAR
[image_processor-24] [INFO] [1776966859.638649003] [robot_3.image_processor]: Zone=CLEAR
[image_processor-23] [INFO] [1776966859.661279090] [robot_2.image_processor]: Zone=CLEAR
[image_processor-25] [INFO] [1776966862.103108360] [robot_4.image_processor]: Zone=CLEAR
[image_processor-21] [INFO] [1776966862.117390442] [robot_0.image_processor]: Zone=CLEAR
[image_processor-22] [INFO] [1776966862.139867730] [robot_1.image_processor]: Zone=CLEAR
[image_processor-24] [INFO] [1776966862.152138325] [robot_3.image_processor]: Zone=CLEAR
[image_processor-23] [INFO] [1776966862.172356895] [robot_2.image_processor]: Zone=CLEAR
[image_processor-25] [INFO] [1776966864.605022000] [robot_4.image_processor]: Zone=CLEAR
[image_processor-21] [INFO] [1776966864.616708966] [robot_0.image_processor]: Zone=CLEAR
[image_processor-22] [INFO] [1776966864.639594834] [robot_1.image_processor]: Zone=CLEAR
[image_processor-24] [INFO] [1776966864.650805633] [robot_3.image_processor]: Zone=CLEAR
[image_processor-23] [INFO] [1776966864.688316505] [robot_2.image_processor]: Zone=CLEAR
[image_processor-25] [INFO] [1776966867.101547101] [robot_4.image_processor]: Zone=CLEAR
[image_processor-21] [INFO] [1776966867.115829601] [robot_0.image_processor]: Zone=CLEAR
[image_processor-22] [INFO] [1776966867.139522417] [robot_1.image_processor]: Zone=CLEAR
[image_processor-24] [INFO] [1776966867.151264523] [robot_3.image_processor]: Zone=CLEAR
[image_processor-23] [INFO] [1776966867.182736138] [robot_2.image_processor]: Zone=CLEAR
[image_processor-25] [INFO] [1776966869.599185318] [robot_4.image_processor]: Zone=CLEAR
[image_processor-21] [INFO] [1776966869.616485049] [robot_0.image_processor]: Zone=CLEAR
[image_processor-22] [INFO] [1776966869.638315638] [robot_1.image_processor]: Zone=CLEAR
[image_processor-24] [INFO] [1776966869.654942981] [robot_3.image_processor]: Zone=CLEAR
[image_processor-23] [INFO] [1776966869.686130443] [robot_2.image_processor]: Zone=CLEAR
[image_processor-25] [INFO] [1776966872.096474925] [robot_4.image_processor]: Zone=CLEAR
[image_processor-21] [INFO] [1776966872.106943461] [robot_0.image_processor]: Zone=CLEAR
[image_processor-22] [INFO] [1776966872.117688501] [robot_1.image_processor]: Zone=CLEAR
[image_processor-24] [INFO] [1776966872.137242316] [robot_3.image_processor]: Zone=CLEAR
[image_processor-23] [INFO] [1776966872.153094285] [robot_2.image_processor]: Zone=CLEAR
[image_processor-25] [INFO] [1776966874.604110312] [robot_4.image_processor]: Zone=CLEAR
[image_processor-21] [INFO] [1776966874.615078346] [robot_0.image_processor]: Zone=CLEAR
[image_processor-22] [INFO] [1776966874.636648557] [robot_1.image_processor]: Zone=CLEAR
[image_processor-24] [INFO] [1776966874.648011834] [robot_3.image_processor]: Zone=CLEAR
[image_processor-23] [INFO] [1776966874.684238120] [robot_2.image_processor]: Zone=CLEAR
[image_processor-25] [INFO] [1776966877.101205070] [robot_4.image_processor]: Zone=CLEAR
[image_processor-21] [INFO] [1776966877.115151775] [robot_0.image_processor]: Zone=CLEAR
[image_processor-22] [INFO] [1776966877.139645519] [robot_1.image_processor]: Zone=CLEAR
[image_processor-24] [INFO] [1776966877.152102349] [robot_3.image_processor]: Zone=CLEAR
[image_processor-23] [INFO] [1776966877.172340909] [robot_2.image_processor]: Zone=CLEAR
[image_processor-25] [INFO] [1776966879.601811267] [robot_4.image_processor]: Zone=CLEAR
[image_processor-21] [INFO] [1776966879.615387997] [robot_0.image_processor]: Zone=CLEAR
[image_processor-22] [INFO] [1776966879.639388460] [robot_1.image_processor]: Zone=CLEAR
[image_processor-24] [INFO] [1776966879.651874163] [robot_3.image_processor]: Zone=CLEAR
[image_processor-23] [INFO] [1776966879.686823143] [robot_2.image_processor]: Zone=CLEAR
[image_processor-25] [INFO] [1776966882.093951682] [robot_4.image_processor]: Zone=CLEAR
[image_processor-21] [INFO] [1776966882.105886470] [robot_0.image_processor]: Zone=CLEAR
[image_processor-22] [INFO] [1776966882.117239832] [robot_1.image_processor]: Zone=CLEAR
[image_processor-24] [INFO] [1776966882.137804112] [robot_3.image_processor]: Zone=CLEAR
[image_processor-23] [INFO] [1776966882.163126255] [robot_2.image_processor]: Zone=CLEAR
[image_processor-25] [INFO] [1776966884.596348700] [robot_4.image_processor]: Zone=CLEAR
[image_processor-21] [INFO] [1776966884.607567807] [robot_0.image_processor]: Zone=CLEAR
[image_processor-22] [INFO] [1776966884.618379385] [robot_1.image_processor]: Zone=CLEAR
[image_processor-24] [INFO] [1776966884.639271904] [robot_3.image_processor]: Zone=CLEAR
[image_processor-23] [INFO] [1776966884.666756840] [robot_2.image_processor]: Zone=CLEAR
[image_processor-25] [INFO] [1776966887.096869635] [robot_4.image_processor]: Zone=CLEAR
[image_processor-21] [INFO] [1776966887.115208994] [robot_0.image_processor]: Zone=CLEAR
[image_processor-22] [INFO] [1776966887.138680547] [robot_1.image_processor]: Zone=CLEAR
[image_processor-24] [INFO] [1776966887.151033754] [robot_3.image_processor]: Zone=CLEAR
[image_processor-23] [INFO] [1776966887.171890389] [robot_2.image_processor]: Zone=CLEAR
[image_processor-25] [INFO] [1776966889.594668542] [robot_4.image_processor]: Zone=CLEAR
[image_processor-21] [INFO] [1776966889.602050404] [robot_0.image_processor]: Zone=CLEAR
[image_processor-22] [INFO] [1776966889.612368506] [robot_1.image_processor]: Zone=CLEAR
[image_processor-24] [INFO] [1776966889.635298890] [robot_3.image_processor]: Zone=CLEAR
[image_processor-23] [INFO] [1776966889.649864488] [robot_2.image_processor]: Zone=CLEAR
[image_processor-25] [INFO] [1776966892.095622542] [robot_4.image_processor]: Zone=CLEAR
[image_processor-21] [INFO] [1776966892.106501310] [robot_0.image_processor]: Zone=CLEAR
[image_processor-22] [INFO] [1776966892.115129065] [robot_1.image_processor]: Zone=CLEAR
[image_processor-24] [INFO] [1776966892.124799027] [robot_3.image_processor]: Zone=CLEAR
[image_processor-23] [INFO] [1776966892.143258279] [robot_2.image_processor]: Zone=CLEAR
[image_processor-25] [INFO] [1776966894.597355743] [robot_4.image_processor]: Zone=CLEAR
[image_processor-21] [INFO] [1776966894.604737847] [robot_0.image_processor]: Zone=CLEAR
[image_processor-22] [INFO] [1776966894.614411532] [robot_1.image_processor]: Zone=CLEAR
[image_processor-24] [INFO] [1776966894.626621238] [robot_3.image_processor]: Zone=CLEAR
[image_processor-23] [INFO] [1776966894.645643066] [robot_2.image_processor]: Zone=CLEAR
[image_processor-25] [INFO] [1776966897.094489930] [robot_4.image_processor]: Zone=CLEAR
[image_processor-21] [INFO] [1776966897.102017476] [robot_0.image_processor]: Zone=CLEAR
[image_processor-22] [INFO] [1776966897.113884514] [robot_1.image_processor]: Zone=CLEAR
[image_processor-24] [INFO] [1776966897.136290484] [robot_3.image_processor]: Zone=CLEAR
[image_processor-23] [INFO] [1776966897.165658176] [robot_2.image_processor]: Zone=CLEAR
[image_processor-25] [INFO] [1776966899.598451090] [robot_4.image_processor]: Zone=CLEAR
[image_processor-21] [INFO] [1776966899.606028581] [robot_0.image_processor]: Zone=CLEAR
[image_processor-22] [INFO] [1776966899.614738927] [robot_1.image_processor]: Zone=CLEAR
[image_processor-24] [INFO] [1776966899.635797355] [robot_3.image_processor]: Zone=CLEAR
[image_processor-23] [INFO] [1776966899.761014806] [robot_2.image_processor]: Zone=CLEAR
[image_processor-25] [INFO] [1776966902.094049961] [robot_4.image_processor]: Zone=CLEAR
[image_processor-21] [INFO] [1776966902.102733255] [robot_0.image_processor]: Zone=CLEAR
[image_processor-22] [INFO] [1776966902.111230148] [robot_1.image_processor]: Zone=CLEAR
[image_processor-24] [INFO] [1776966902.123604527] [robot_3.image_processor]: Zone=CLEAR
[image_processor-23] [INFO] [1776966902.139627629] [robot_2.image_processor]: Zone=CLEAR
[image_processor-25] [INFO] [1776966904.594316895] [robot_4.image_processor]: Zone=CLEAR
[image_processor-21] [INFO] [1776966904.603427443] [robot_0.image_processor]: Zone=CLEAR
[image_processor-22] [INFO] [1776966904.612653942] [robot_1.image_processor]: Zone=CLEAR
[image_processor-24] [INFO] [1776966904.626076376] [robot_3.image_processor]: Zone=CLEAR
[image_processor-23] [INFO] [1776966904.643132068] [robot_2.image_processor]: Zone=CLEAR
[image_processor-25] [INFO] [1776966907.096855984] [robot_4.image_processor]: Zone=CLEAR
[image_processor-21] [INFO] [1776966907.105555150] [robot_0.image_processor]: Zone=CLEAR
[image_processor-22] [INFO] [1776966907.115195677] [robot_1.image_processor]: Zone=CLEAR
[image_processor-24] [INFO] [1776966907.126724173] [robot_3.image_processor]: Zone=CLEAR
[image_processor-23] [INFO] [1776966907.146136914] [robot_2.image_processor]: Zone=CLEAR
[image_processor-25] [INFO] [1776966909.597379088] [robot_4.image_processor]: Zone=CLEAR
[image_processor-21] [INFO] [1776966909.608004542] [robot_0.image_processor]: Zone=CLEAR
[image_processor-22] [INFO] [1776966909.619592303] [robot_1.image_processor]: Zone=CLEAR
[image_processor-24] [INFO] [1776966909.630787430] [robot_3.image_processor]: Zone=CLEAR
[image_processor-23] [INFO] [1776966909.750493254] [robot_2.image_processor]: Zone=CLEAR
[image_processor-25] [INFO] [1776966912.101636353] [robot_4.image_processor]: Zone=CLEAR
[image_processor-21] [INFO] [1776966912.114231189] [robot_0.image_processor]: Zone=CLEAR
[image_processor-22] [INFO] [1776966912.127229347] [robot_1.image_processor]: Zone=CLEAR
[image_processor-24] [INFO] [1776966912.136023598] [robot_3.image_processor]: Zone=CLEAR
[image_processor-23] [INFO] [1776966912.163217655] [robot_2.image_processor]: Zone=CLEAR
[image_processor-25] [INFO] [1776966914.586211010] [robot_4.image_processor]: Zone=CLEAR
[image_processor-21] [INFO] [1776966914.603448216] [robot_0.image_processor]: Zone=CLEAR
[image_processor-22] [INFO] [1776966914.614950485] [robot_1.image_processor]: Zone=CLEAR
[image_processor-24] [INFO] [1776966914.625731138] [robot_3.image_processor]: Zone=CLEAR
[image_processor-23] [INFO] [1776966914.644429821] [robot_2.image_processor]: Zone=CLEAR
[image_processor-25] [INFO] [1776966917.094478703] [robot_4.image_processor]: Zone=CLEAR
[image_processor-21] [INFO] [1776966917.104012293] [robot_0.image_processor]: Zone=CLEAR
[image_processor-24] [INFO] [1776966917.125612559] [robot_3.image_processor]: Zone=CLEAR
[image_processor-23] [INFO] [1776966917.143288308] [robot_2.image_processor]: Zone=CLEAR
[image_processor-22] [INFO] [1776966917.212269335] [robot_1.image_processor]: Zone=CLEAR
[image_processor-25] [INFO] [1776966919.601114155] [robot_4.image_processor]: Zone=CLEAR
[image_processor-21] [INFO] [1776966919.610845512] [robot_0.image_processor]: Zone=CLEAR
[image_processor-22] [INFO] [1776966919.629210612] [robot_1.image_processor]: Zone=CLEAR
[image_processor-24] [INFO] [1776966919.637431579] [robot_3.image_processor]: Zone=CLEAR
[image_processor-23] [INFO] [1776966919.659497857] [robot_2.image_processor]: Zone=CLEAR
[image_processor-21] [INFO] [1776966922.107261376] [robot_0.image_processor]: Zone=CLEAR
[image_processor-22] [INFO] [1776966922.115975657] [robot_1.image_processor]: Zone=CLEAR
[image_processor-24] [INFO] [1776966922.126416809] [robot_3.image_processor]: Zone=CLEAR
[image_processor-23] [INFO] [1776966922.143831948] [robot_2.image_processor]: Zone=CLEAR
[image_processor-25] [INFO] [1776966922.196675732] [robot_4.image_processor]: Zone=CLEAR
[image_processor-25] [INFO] [1776966924.591041766] [robot_4.image_processor]: Zone=CLEAR
[image_processor-22] [INFO] [1776966924.611577762] [robot_1.image_processor]: Zone=CLEAR
[image_processor-24] [INFO] [1776966924.625514087] [robot_3.image_processor]: Zone=CLEAR
[image_processor-23] [INFO] [1776966924.643660193] [robot_2.image_processor]: Zone=CLEAR
[image_processor-21] [INFO] [1776966924.703864121] [robot_0.image_processor]: Zone=CLEAR
[image_processor-25] [INFO] [1776966927.093115288] [robot_4.image_processor]: Zone=CLEAR
[image_processor-21] [INFO] [1776966927.104813983] [robot_0.image_processor]: Zone=CLEAR
[image_processor-22] [INFO] [1776966927.116637884] [robot_1.image_processor]: Zone=CLEAR
[image_processor-24] [INFO] [1776966927.130185131] [robot_3.image_processor]: Zone=CLEAR
[image_processor-23] [INFO] [1776966927.149405396] [robot_2.image_processor]: Zone=CLEAR
[image_processor-25] [INFO] [1776966929.594575379] [robot_4.image_processor]: Zone=CLEAR
[image_processor-21] [INFO] [1776966929.602704355] [robot_0.image_processor]: Zone=CLEAR
[image_processor-22] [INFO] [1776966929.613453417] [robot_1.image_processor]: Zone=CLEAR
[image_processor-24] [INFO] [1776966929.625783263] [robot_3.image_processor]: Zone=CLEAR
[image_processor-23] [INFO] [1776966929.643531381] [robot_2.image_processor]: Zone=CLEAR
[image_processor-21] [INFO] [1776966932.104472115] [robot_0.image_processor]: Zone=CLEAR
[image_processor-22] [INFO] [1776966932.114405077] [robot_1.image_processor]: Zone=CLEAR
[image_processor-24] [INFO] [1776966932.125404676] [robot_3.image_processor]: Zone=CLEAR
[image_processor-23] [INFO] [1776966932.143261777] [robot_2.image_processor]: Zone=CLEAR
[image_processor-25] [INFO] [1776966932.196904617] [robot_4.image_processor]: Zone=CLEAR
[image_processor-25] [INFO] [1776966934.598991967] [robot_4.image_processor]: Zone=CLEAR
[image_processor-21] [INFO] [1776966934.608899388] [robot_0.image_processor]: Zone=CLEAR
[image_processor-22] [INFO] [1776966934.622172321] [robot_1.image_processor]: Zone=CLEAR
[image_processor-24] [INFO] [1776966934.632078003] [robot_3.image_processor]: Zone=CLEAR
[image_processor-23] [INFO] [1776966934.651720203] [robot_2.image_processor]: Zone=CLEAR
[image_processor-25] [INFO] [1776966937.094727779] [robot_4.image_processor]: Zone=CLEAR
[image_processor-21] [INFO] [1776966937.108110041] [robot_0.image_processor]: Zone=CLEAR
[image_processor-22] [INFO] [1776966937.120576890] [robot_1.image_processor]: Zone=CLEAR
[image_processor-24] [INFO] [1776966937.131498011] [robot_3.image_processor]: Zone=CLEAR
[image_processor-23] [INFO] [1776966937.150720505] [robot_2.image_processor]: Zone=CLEAR
[image_processor-25] [INFO] [1776966939.602517150] [robot_4.image_processor]: Zone=CLEAR
[image_processor-21] [INFO] [1776966939.615500488] [robot_0.image_processor]: Zone=CLEAR
[image_processor-22] [INFO] [1776966939.629185802] [robot_1.image_processor]: Zone=CLEAR
[image_processor-24] [INFO] [1776966939.643500968] [robot_3.image_processor]: Zone=CLEAR
[image_processor-23] [INFO] [1776966939.675086150] [robot_2.image_processor]: Zone=CLEAR
[INFO] [image_processor-25]: sending signal 'SIGINT' to process[image_processor-25]
[ERROR] [ign gazebo-1]: process has died [pid 434720, exit code -15, cmd 'ruby /usr/bin/ign gazebo /home/ecem/ros2_ws/install/swarm_basics/share/swarm_basics/worlds/random_world.sdf -s -r --force-version 6'].
[ERROR] [parameter_bridge-4]: process has died [pid 434727, exit code -15, cmd '/opt/ros/humble/lib/ros_ign_bridge/parameter_bridge /robot_0/cmd_vel@geometry_msgs/msg/Twist]ignition.msgs.Twist /robot_0/odom@nav_msgs/msg/Odometry[ignition.msgs.Odometry /robot_0/depth_camera/depth_image@sensor_msgs/msg/Image[ignition.msgs.Image /world/random_world/model/robot_0/link/robot_0/base_footprint/sensor/contact_sensor/contact@ros_gz_interfaces/msg/Contacts[ignition.msgs.Contacts /robot_1/cmd_vel@geometry_msgs/msg/Twist]ignition.msgs.Twist /robot_1/odom@nav_msgs/msg/Odometry[ignition.msgs.Odometry /robot_1/depth_camera/depth_image@sensor_msgs/msg/Image[ignition.msgs.Image /world/random_world/model/robot_1/link/robot_1/base_footprint/sensor/contact_sensor/contact@ros_gz_interfaces/msg/Contacts[ignition.msgs.Contacts /robot_2/cmd_vel@geometry_msgs/msg/Twist]ignition.msgs.Twist /robot_2/odom@nav_msgs/msg/Odometry[ignition.msgs.Odometry /robot_2/depth_camera/depth_image@sensor_msgs/msg/Image[ignition.msgs.Image /world/random_world/model/robot_2/link/robot_2/base_footprint/sensor/contact_sensor/contact@ros_gz_interfaces/msg/Contacts[ignition.msgs.Contacts /robot_3/cmd_vel@geometry_msgs/msg/Twist]ignition.msgs.Twist /robot_3/odom@nav_msgs/msg/Odometry[ignition.msgs.Odometry /robot_3/depth_camera/depth_image@sensor_msgs/msg/Image[ignition.msgs.Image /world/random_world/model/robot_3/link/robot_3/base_footprint/sensor/contact_sensor/contact@ros_gz_interfaces/msg/Contacts[ignition.msgs.Contacts /robot_4/cmd_vel@geometry_msgs/msg/Twist]ignition.msgs.Twist /robot_4/odom@nav_msgs/msg/Odometry[ignition.msgs.Odometry /robot_4/depth_camera/depth_image@sensor_msgs/msg/Image[ignition.msgs.Image /world/random_world/model/robot_4/link/robot_4/base_footprint/sensor/contact_sensor/contact@ros_gz_interfaces/msg/Contacts[ignition.msgs.Contacts /world/random_world/dynamic_pose/info@tf2_msgs/msg/TFMessage[ignition.msgs.Pose_V --ros-args -r __node:=all_robots_bridge --params-file /tmp/launch_params_ayoxaij8'].
[INFO] [parameter_bridge-20]: process has finished cleanly [pid 434804]
[INFO] [image_processor-24]: sending signal 'SIGINT' to process[image_processor-24]
[INFO] [bash-26]: process started with pid [435730]
[INFO] [image_processor-23]: sending signal 'SIGINT' to process[image_processor-23]
[INFO] [image_processor-22]: sending signal 'SIGINT' to process[image_processor-22]
[INFO] [image_processor-21]: sending signal 'SIGINT' to process[image_processor-21]
[INFO] [robot_supervisor-19]: sending signal 'SIGINT' to process[robot_supervisor-19]
[INFO] [robot_state_publisher-17]: sending signal 'SIGINT' to process[robot_state_publisher-17]
[INFO] [robot_supervisor-16]: sending signal 'SIGINT' to process[robot_supervisor-16]
[INFO] [robot_state_publisher-14]: sending signal 'SIGINT' to process[robot_state_publisher-14]
[ERROR] [bash-26]: process has died [pid 435730, exit code -15, cmd 'bash -lc pkill -f parameter_bridge || true'].
[INFO] [robot_supervisor-13]: sending signal 'SIGINT' to process[robot_supervisor-13]
[INFO] [robot_state_publisher-11]: sending signal 'SIGINT' to process[robot_state_publisher-11]
[INFO] [robot_supervisor-10]: sending signal 'SIGINT' to process[robot_supervisor-10]
[INFO] [robot_state_publisher-8]: sending signal 'SIGINT' to process[robot_state_publisher-8]
[INFO] [robot_supervisor-7]: sending signal 'SIGINT' to process[robot_supervisor-7]
[INFO] [robot_state_publisher-5]: sending signal 'SIGINT' to process[robot_state_publisher-5]
[INFO] [bump_counter-3]: sending signal 'SIGINT' to process[bump_counter-3]
[INFO] [coverage_counter-2]: sending signal 'SIGINT' to process[coverage_counter-2]
[parameter_bridge-20] [INFO] [1776966940.076822494] [rclcpp]: signal_handler(SIGINT/SIGTERM)
[parameter_bridge-4] [INFO] [1776966940.076825614] [rclcpp]: signal_handler(SIGINT/SIGTERM)
[INFO] [launch]: process[ign gazebo-1] was required: shutting down launched system
[image_processor-25] [INFO] [1776966940.817245955] [rclcpp]: signal_handler(SIGINT/SIGTERM)
[image_processor-24] [INFO] [1776966940.822785197] [rclcpp]: signal_handler(SIGINT/SIGTERM)
[image_processor-23] [INFO] [1776966940.828429666] [rclcpp]: signal_handler(SIGINT/SIGTERM)
[image_processor-22] [INFO] [1776966940.833958852] [rclcpp]: signal_handler(SIGINT/SIGTERM)
[image_processor-21] [INFO] [1776966940.839702194] [rclcpp]: signal_handler(SIGINT/SIGTERM)
[robot_supervisor-19] Traceback (most recent call last):
[robot_supervisor-19]   File "/home/ecem/ros2_ws/install/swarm_basics/lib/swarm_basics/robot_supervisor", line 33, in <module>
[robot_supervisor-19]     sys.exit(load_entry_point('swarm-basics==0.0.0', 'console_scripts', 'robot_supervisor')())
[robot_supervisor-19]   File "/home/ecem/ros2_ws/install/swarm_basics/lib/python3.10/site-packages/swarm_basics/robot_supervisor.py", line 867, in main
[robot_supervisor-19]     rclpy.spin(node)
[robot_supervisor-19]   File "/opt/ros/humble/local/lib/python3.10/dist-packages/rclpy/__init__.py", line 229, in spin
[robot_supervisor-19]     executor.spin_once()
[robot_supervisor-19]   File "/opt/ros/humble/local/lib/python3.10/dist-packages/rclpy/executors.py", line 773, in spin_once
[robot_supervisor-19]     self._spin_once_impl(timeout_sec)
[robot_supervisor-19]   File "/opt/ros/humble/local/lib/python3.10/dist-packages/rclpy/executors.py", line 762, in _spin_once_impl
[robot_supervisor-19]     handler, entity, node = self.wait_for_ready_callbacks(timeout_sec=timeout_sec)
[robot_supervisor-19]   File "/opt/ros/humble/local/lib/python3.10/dist-packages/rclpy/executors.py", line 745, in wait_for_ready_callbacks
[robot_supervisor-19]     return next(self._cb_iter)
[robot_supervisor-19]   File "/opt/ros/humble/local/lib/python3.10/dist-packages/rclpy/executors.py", line 642, in _wait_for_ready_callbacks
[robot_supervisor-19]     wait_set.wait(timeout_nsec)
[robot_supervisor-19] KeyboardInterrupt
[robot_state_publisher-17] [INFO] [1776966940.854219925] [rclcpp]: signal_handler(SIGINT/SIGTERM)
[robot_supervisor-16] Traceback (most recent call last):
[robot_supervisor-16]   File "/home/ecem/ros2_ws/install/swarm_basics/lib/swarm_basics/robot_supervisor", line 33, in <module>
[robot_supervisor-16]     sys.exit(load_entry_point('swarm-basics==0.0.0', 'console_scripts', 'robot_supervisor')())
[robot_supervisor-16]   File "/home/ecem/ros2_ws/install/swarm_basics/lib/python3.10/site-packages/swarm_basics/robot_supervisor.py", line 867, in main
[robot_supervisor-16]     rclpy.spin(node)
[robot_supervisor-16]   File "/opt/ros/humble/local/lib/python3.10/dist-packages/rclpy/__init__.py", line 229, in spin
[robot_supervisor-16]     executor.spin_once()
[robot_supervisor-16]   File "/opt/ros/humble/local/lib/python3.10/dist-packages/rclpy/executors.py", line 773, in spin_once
[robot_supervisor-16]     self._spin_once_impl(timeout_sec)
[robot_supervisor-16]   File "/opt/ros/humble/local/lib/python3.10/dist-packages/rclpy/executors.py", line 762, in _spin_once_impl
[robot_supervisor-16]     handler, entity, node = self.wait_for_ready_callbacks(timeout_sec=timeout_sec)
[robot_supervisor-16]   File "/opt/ros/humble/local/lib/python3.10/dist-packages/rclpy/executors.py", line 745, in wait_for_ready_callbacks
[robot_supervisor-16]     return next(self._cb_iter)
[robot_supervisor-16]   File "/opt/ros/humble/local/lib/python3.10/dist-packages/rclpy/executors.py", line 642, in _wait_for_ready_callbacks
[robot_supervisor-16]     wait_set.wait(timeout_nsec)
[robot_supervisor-16] KeyboardInterrupt
[robot_state_publisher-14] [INFO] [1776966940.863673564] [rclcpp]: signal_handler(SIGINT/SIGTERM)
[robot_supervisor-13] Traceback (most recent call last):
[robot_supervisor-13]   File "/home/ecem/ros2_ws/install/swarm_basics/lib/swarm_basics/robot_supervisor", line 33, in <module>
[robot_supervisor-13]     sys.exit(load_entry_point('swarm-basics==0.0.0', 'console_scripts', 'robot_supervisor')())
[robot_supervisor-13]   File "/home/ecem/ros2_ws/install/swarm_basics/lib/python3.10/site-packages/swarm_basics/robot_supervisor.py", line 867, in main
[robot_supervisor-13]     rclpy.spin(node)
[robot_supervisor-13]   File "/opt/ros/humble/local/lib/python3.10/dist-packages/rclpy/__init__.py", line 229, in spin
[robot_supervisor-13]     executor.spin_once()
[robot_supervisor-13]   File "/opt/ros/humble/local/lib/python3.10/dist-packages/rclpy/executors.py", line 773, in spin_once
[robot_supervisor-13]     self._spin_once_impl(timeout_sec)
[robot_supervisor-13]   File "/opt/ros/humble/local/lib/python3.10/dist-packages/rclpy/executors.py", line 762, in _spin_once_impl
[robot_supervisor-13]     handler, entity, node = self.wait_for_ready_callbacks(timeout_sec=timeout_sec)
[robot_supervisor-13]   File "/opt/ros/humble/local/lib/python3.10/dist-packages/rclpy/executors.py", line 745, in wait_for_ready_callbacks
[robot_supervisor-13]     return next(self._cb_iter)
[robot_supervisor-13]   File "/opt/ros/humble/local/lib/python3.10/dist-packages/rclpy/executors.py", line 642, in _wait_for_ready_callbacks
[robot_supervisor-13]     wait_set.wait(timeout_nsec)
[robot_supervisor-13] KeyboardInterrupt
[robot_state_publisher-11] [INFO] [1776966940.873949757] [rclcpp]: signal_handler(SIGINT/SIGTERM)
[robot_supervisor-10] Traceback (most recent call last):
[robot_supervisor-10]   File "/home/ecem/ros2_ws/install/swarm_basics/lib/swarm_basics/robot_supervisor", line 33, in <module>
[robot_supervisor-10]     sys.exit(load_entry_point('swarm-basics==0.0.0', 'console_scripts', 'robot_supervisor')())
[robot_supervisor-10]   File "/home/ecem/ros2_ws/install/swarm_basics/lib/python3.10/site-packages/swarm_basics/robot_supervisor.py", line 867, in main
[robot_supervisor-10]     rclpy.spin(node)
[robot_supervisor-10]   File "/opt/ros/humble/local/lib/python3.10/dist-packages/rclpy/__init__.py", line 229, in spin
[robot_supervisor-10]     executor.spin_once()
[robot_supervisor-10]   File "/opt/ros/humble/local/lib/python3.10/dist-packages/rclpy/executors.py", line 773, in spin_once
[robot_supervisor-10]     self._spin_once_impl(timeout_sec)
[robot_supervisor-10]   File "/opt/ros/humble/local/lib/python3.10/dist-packages/rclpy/executors.py", line 762, in _spin_once_impl
[robot_supervisor-10]     handler, entity, node = self.wait_for_ready_callbacks(timeout_sec=timeout_sec)
[robot_supervisor-10]   File "/opt/ros/humble/local/lib/python3.10/dist-packages/rclpy/executors.py", line 745, in wait_for_ready_callbacks
[robot_supervisor-10]     return next(self._cb_iter)
[robot_supervisor-10]   File "/opt/ros/humble/local/lib/python3.10/dist-packages/rclpy/executors.py", line 642, in _wait_for_ready_callbacks
[robot_supervisor-10]     wait_set.wait(timeout_nsec)
[robot_supervisor-10] KeyboardInterrupt
[robot_state_publisher-8] [INFO] [1776966940.883129058] [rclcpp]: signal_handler(SIGINT/SIGTERM)
[robot_supervisor-7] Traceback (most recent call last):
[robot_supervisor-7]   File "/home/ecem/ros2_ws/install/swarm_basics/lib/swarm_basics/robot_supervisor", line 33, in <module>
[robot_supervisor-7]     sys.exit(load_entry_point('swarm-basics==0.0.0', 'console_scripts', 'robot_supervisor')())
[robot_supervisor-7]   File "/home/ecem/ros2_ws/install/swarm_basics/lib/python3.10/site-packages/swarm_basics/robot_supervisor.py", line 867, in main
[robot_supervisor-7]     rclpy.spin(node)
[robot_supervisor-7]   File "/opt/ros/humble/local/lib/python3.10/dist-packages/rclpy/__init__.py", line 229, in spin
[robot_supervisor-7]     executor.spin_once()
[robot_supervisor-7]   File "/opt/ros/humble/local/lib/python3.10/dist-packages/rclpy/executors.py", line 773, in spin_once
[robot_supervisor-7]     self._spin_once_impl(timeout_sec)
[robot_supervisor-7]   File "/opt/ros/humble/local/lib/python3.10/dist-packages/rclpy/executors.py", line 762, in _spin_once_impl
[robot_supervisor-7]     handler, entity, node = self.wait_for_ready_callbacks(timeout_sec=timeout_sec)
[robot_supervisor-7]   File "/opt/ros/humble/local/lib/python3.10/dist-packages/rclpy/executors.py", line 745, in wait_for_ready_callbacks
[robot_supervisor-7]     return next(self._cb_iter)
[robot_supervisor-7]   File "/opt/ros/humble/local/lib/python3.10/dist-packages/rclpy/executors.py", line 642, in _wait_for_ready_callbacks
[robot_supervisor-7]     wait_set.wait(timeout_nsec)
[robot_supervisor-7] KeyboardInterrupt
[robot_state_publisher-5] [INFO] [1776966940.892729576] [rclcpp]: signal_handler(SIGINT/SIGTERM)
[ERROR] [launch]: Caught exception in launch (see debug for traceback): ExecuteLocal action 'bash-27': executed more than once: <launch.actions.execute_process.ExecuteProcess object at 0x735691394850>
[INFO] [image_processor-25]: process has finished cleanly [pid 435124]
[INFO] [image_processor-24]: process has finished cleanly [pid 435122]
[INFO] [image_processor-23]: process has finished cleanly [pid 435120]
[INFO] [image_processor-22]: process has finished cleanly [pid 435118]
[INFO] [image_processor-21]: process has finished cleanly [pid 435116]
[INFO] [robot_state_publisher-17]: process has finished cleanly [pid 434755]
[INFO] [robot_state_publisher-14]: process has finished cleanly [pid 434749]
[INFO] [robot_state_publisher-11]: process has finished cleanly [pid 434743]
[INFO] [robot_state_publisher-8]: process has finished cleanly [pid 434736]
[INFO] [robot_state_publisher-5]: process has finished cleanly [pid 434729]
[coverage_counter-2] Traceback (most recent call last):
[coverage_counter-2]   File "/home/ecem/ros2_ws/install/swarm_basics/lib/python3.10/site-packages/swarm_basics/coverage_counter.py", line 418, in main
[coverage_counter-2]     rclpy.spin(node)
[coverage_counter-2]   File "/opt/ros/humble/local/lib/python3.10/dist-packages/rclpy/__init__.py", line 229, in spin
[coverage_counter-2]     executor.spin_once()
[coverage_counter-2]   File "/opt/ros/humble/local/lib/python3.10/dist-packages/rclpy/executors.py", line 773, in spin_once
[coverage_counter-2]     self._spin_once_impl(timeout_sec)
[coverage_counter-2]   File "/opt/ros/humble/local/lib/python3.10/dist-packages/rclpy/executors.py", line 768, in _spin_once_impl
[coverage_counter-2]     handler()
[coverage_counter-2]   File "/opt/ros/humble/local/lib/python3.10/dist-packages/rclpy/task.py", line 254, in __call__
[coverage_counter-2]     self._handler.send(None)
[coverage_counter-2]   File "/opt/ros/humble/local/lib/python3.10/dist-packages/rclpy/executors.py", line 463, in handler
[coverage_counter-2]     await call_coroutine(entity, arg)
[coverage_counter-2]   File "/opt/ros/humble/local/lib/python3.10/dist-packages/rclpy/executors.py", line 371, in _execute_timer
[coverage_counter-2]     await await_or_execute(tmr.callback)
[coverage_counter-2]   File "/opt/ros/humble/local/lib/python3.10/dist-packages/rclpy/executors.py", line 107, in await_or_execute
[coverage_counter-2]     return callback(*args)
[coverage_counter-2]   File "/home/ecem/ros2_ws/install/swarm_basics/lib/python3.10/site-packages/swarm_basics/coverage_counter.py", line 152, in _on_timeout_timer
[coverage_counter-2]     self.shutdown_and_save()
[coverage_counter-2]   File "/home/ecem/ros2_ws/install/swarm_basics/lib/python3.10/site-packages/swarm_basics/coverage_counter.py", line 174, in shutdown_and_save
[coverage_counter-2]     rclpy.shutdown()
[coverage_counter-2]   File "/opt/ros/humble/local/lib/python3.10/dist-packages/rclpy/__init__.py", line 130, in shutdown
[coverage_counter-2]     _shutdown(context=context)
[coverage_counter-2]   File "/opt/ros/humble/local/lib/python3.10/dist-packages/rclpy/utilities.py", line 58, in shutdown
[coverage_counter-2]     return context.shutdown()
[coverage_counter-2]   File "/opt/ros/humble/local/lib/python3.10/dist-packages/rclpy/context.py", line 103, in shutdown
[coverage_counter-2]     self._call_on_shutdown_callbacks()
[coverage_counter-2]   File "/opt/ros/humble/local/lib/python3.10/dist-packages/rclpy/context.py", line 92, in _call_on_shutdown_callbacks
[coverage_counter-2]     callback = weak_method()
[coverage_counter-2]   File "/opt/ros/humble/local/lib/python3.10/dist-packages/rclpy/__init__.py", line 111, in reset_executor
[coverage_counter-2]     __executor.shutdown()
[coverage_counter-2]   File "/opt/ros/humble/local/lib/python3.10/dist-packages/rclpy/executors.py", line 227, in shutdown
[coverage_counter-2]     if not self._work_tracker.wait(timeout_sec):
[coverage_counter-2]   File "/opt/ros/humble/local/lib/python3.10/dist-packages/rclpy/executors.py", line 94, in wait
[coverage_counter-2]     if not self._work_condition.wait_for(
[coverage_counter-2]   File "/usr/lib/python3.10/threading.py", line 355, in wait_for
[coverage_counter-2]     self.wait(waittime)
[coverage_counter-2]   File "/usr/lib/python3.10/threading.py", line 320, in wait
[coverage_counter-2]     waiter.acquire()
[coverage_counter-2] KeyboardInterrupt
[coverage_counter-2] 
[coverage_counter-2] During handling of the above exception, another exception occurred:
[coverage_counter-2] 
[coverage_counter-2] Traceback (most recent call last):
[coverage_counter-2]   File "/home/ecem/ros2_ws/install/swarm_basics/lib/swarm_basics/coverage_counter", line 33, in <module>
[coverage_counter-2]     sys.exit(load_entry_point('swarm-basics==0.0.0', 'console_scripts', 'coverage_counter')())
[coverage_counter-2]   File "/home/ecem/ros2_ws/install/swarm_basics/lib/python3.10/site-packages/swarm_basics/coverage_counter.py", line 421, in main
[coverage_counter-2]     node.shutdown_and_save()
[coverage_counter-2]   File "/home/ecem/ros2_ws/install/swarm_basics/lib/python3.10/site-packages/swarm_basics/coverage_counter.py", line 174, in shutdown_and_save
[coverage_counter-2]     rclpy.shutdown()
[coverage_counter-2]   File "/opt/ros/humble/local/lib/python3.10/dist-packages/rclpy/__init__.py", line 130, in shutdown
[coverage_counter-2]     _shutdown(context=context)
[coverage_counter-2]   File "/opt/ros/humble/local/lib/python3.10/dist-packages/rclpy/utilities.py", line 58, in shutdown
[coverage_counter-2]     return context.shutdown()
[coverage_counter-2]   File "/opt/ros/humble/local/lib/python3.10/dist-packages/rclpy/context.py", line 100, in shutdown
[coverage_counter-2]     raise RuntimeError('Context must be initialized before it can be shutdown')
[coverage_counter-2] RuntimeError: Context must be initialized before it can be shutdown
[bump_counter-3] Traceback (most recent call last):
[bump_counter-3]   File "/home/ecem/ros2_ws/install/swarm_basics/lib/swarm_basics/bump_counter", line 33, in <module>
[bump_counter-3]     sys.exit(load_entry_point('swarm-basics==0.0.0', 'console_scripts', 'bump_counter')())
[bump_counter-3]   File "/home/ecem/ros2_ws/install/swarm_basics/lib/python3.10/site-packages/swarm_basics/bump_counter.py", line 384, in main
[bump_counter-3]     rclpy.shutdown()
[bump_counter-3]   File "/opt/ros/humble/local/lib/python3.10/dist-packages/rclpy/__init__.py", line 130, in shutdown
[bump_counter-3]     _shutdown(context=context)
[bump_counter-3]   File "/opt/ros/humble/local/lib/python3.10/dist-packages/rclpy/utilities.py", line 58, in shutdown
[bump_counter-3]     return context.shutdown()
[bump_counter-3]   File "/opt/ros/humble/local/lib/python3.10/dist-packages/rclpy/context.py", line 102, in shutdown
[bump_counter-3]     self.__context.shutdown()
[bump_counter-3] rclpy._rclpy_pybind11.RCLError: failed to shutdown: rcl_shutdown already called on the given context, at ./src/rcl/init.c:241
[ERROR] [coverage_counter-2]: process has died [pid 434722, exit code 1, cmd '/home/ecem/ros2_ws/install/swarm_basics/lib/swarm_basics/coverage_counter --ros-args -r __node:=coverage_counter --params-file /tmp/launch_params_0un6ir7y --params-file /tmp/launch_params_r2mqdxau --params-file /tmp/launch_params_n4azfgpl --params-file /tmp/launch_params_cl9ntt2e --params-file /tmp/launch_params_l3ljks82 --params-file /tmp/launch_params_pelq5_w1'].
[ERROR] [bump_counter-3]: process has died [pid 434725, exit code 1, cmd '/home/ecem/ros2_ws/install/swarm_basics/lib/swarm_basics/bump_counter --ros-args -r __node:=bump_counter --params-file /tmp/launch_params_4ld4czmt --params-file /tmp/launch_params_rixy8a2y --params-file /tmp/launch_params_d5jv1kub'].
[ERROR] [robot_supervisor-19]: process has died [pid 434795, exit code -2, cmd '/home/ecem/ros2_ws/install/swarm_basics/lib/swarm_basics/robot_supervisor --ros-args -r __node:=robot_supervisor -r __ns:=/robot_4 --params-file /tmp/launch_params_vhr1tb30 --params-file /tmp/launch_params_yllx4hh7 --params-file /tmp/launch_params_cx_hpy37 --params-file /tmp/launch_params_67w5l315'].
[ERROR] [robot_supervisor-16]: process has died [pid 434753, exit code -2, cmd '/home/ecem/ros2_ws/install/swarm_basics/lib/swarm_basics/robot_supervisor --ros-args -r __node:=robot_supervisor -r __ns:=/robot_3 --params-file /tmp/launch_params_5rc4x3v0 --params-file /tmp/launch_params_x1u3mfxh --params-file /tmp/launch_params_5879elvb --params-file /tmp/launch_params_2b8axnd_'].
[ERROR] [robot_supervisor-7]: process has died [pid 434733, exit code -2, cmd '/home/ecem/ros2_ws/install/swarm_basics/lib/swarm_basics/robot_supervisor --ros-args -r __node:=robot_supervisor -r __ns:=/robot_0 --params-file /tmp/launch_params_vinpskxv --params-file /tmp/launch_params_9lkoj_a2 --params-file /tmp/launch_params_idznv36y --params-file /tmp/launch_params_vpd45xrx'].
[ERROR] [robot_supervisor-13]: process has died [pid 434747, exit code -2, cmd '/home/ecem/ros2_ws/install/swarm_basics/lib/swarm_basics/robot_supervisor --ros-args -r __node:=robot_supervisor -r __ns:=/robot_2 --params-file /tmp/launch_params_67wigxdb --params-file /tmp/launch_params_9lyqf5wu --params-file /tmp/launch_params_d6tc2n1x --params-file /tmp/launch_params_90tcrsmb'].
[ERROR] [robot_supervisor-10]: process has died [pid 434741, exit code -2, cmd '/home/ecem/ros2_ws/install/swarm_basics/lib/swarm_basics/robot_supervisor --ros-args -r __node:=robot_supervisor -r __ns:=/robot_1 --params-file /tmp/launch_params_ze1evu1v --params-file /tmp/launch_params_9g11o4x3 --params-file /tmp/launch_params_4lezzzn3 --params-file /tmp/launch_params_3byajlk7'].
