Starting >>> leo_image
Starting >>> swarm_basics
Finished <<< leo_image [0.22s]
Finished <<< swarm_basics [0.58s]

Summary: 2 packages finished [1.14s]
[INFO] [launch]: All log files can be found below /home/ecem/.ros/log/2026-04-17-21-11-33-644185-ecem-pc-424863
[INFO] [launch]: Default logging verbosity is set to INFO
[INFO] [ign gazebo-1]: process started with pid [424927]
[INFO] [coverage_counter-2]: process started with pid [424930]
[INFO] [bump_counter-3]: process started with pid [424932]
[INFO] [parameter_bridge-4]: process started with pid [424934]
[INFO] [robot_state_publisher-5]: process started with pid [424936]
[INFO] [create-6]: process started with pid [424938]
[INFO] [robot_supervisor-7]: process started with pid [424940]
[INFO] [robot_state_publisher-8]: process started with pid [424943]
[INFO] [create-9]: process started with pid [424946]
[INFO] [robot_supervisor-10]: process started with pid [424948]
[INFO] [robot_state_publisher-11]: process started with pid [424950]
[INFO] [create-12]: process started with pid [424952]
[INFO] [robot_supervisor-13]: process started with pid [424954]
[INFO] [robot_state_publisher-14]: process started with pid [424956]
[INFO] [create-15]: process started with pid [424958]
[INFO] [robot_supervisor-16]: process started with pid [424962]
[INFO] [robot_state_publisher-17]: process started with pid [424964]
[INFO] [create-18]: process started with pid [425008]
[INFO] [robot_supervisor-19]: process started with pid [425018]
[INFO] [parameter_bridge-20]: process started with pid [425049]
[parameter_bridge-4] [ros_ign_bridge] is deprecated! Redirecting to use [ros_gz_bridge] instead!
[parameter_bridge-4] 
[create-15] [INFO] [1776453094.050372154] [robot_3.ros_gz_sim]: Requesting list of world names.
[create-6] [INFO] [1776453094.050521666] [robot_0.ros_gz_sim]: Requesting list of world names.
[create-12] [INFO] [1776453094.051992038] [robot_2.ros_gz_sim]: Requesting list of world names.
[create-9] [INFO] [1776453094.052423660] [robot_1.ros_gz_sim]: Requesting list of world names.
[parameter_bridge-4] [INFO] [1776453094.066815653] [all_robots_bridge]: Creating ROS->GZ Bridge: [/robot_0/cmd_vel (geometry_msgs/msg/Twist) -> /robot_0/cmd_vel (ignition.msgs.Twist)] (Lazy 0)
[parameter_bridge-4] [INFO] [1776453094.068064692] [all_robots_bridge]: Creating GZ->ROS Bridge: [/robot_0/odom (ignition.msgs.Odometry) -> /robot_0/odom (nav_msgs/msg/Odometry)] (Lazy 0)
[robot_state_publisher-8] [INFO] [1776453094.068701635] [robot_1.robot_state_publisher]: got segment robot_1/antenna_link
[robot_state_publisher-8] [INFO] [1776453094.068775567] [robot_1.robot_state_publisher]: got segment robot_1/base_footprint
[robot_state_publisher-8] [INFO] [1776453094.068784445] [robot_1.robot_state_publisher]: got segment robot_1/base_link
[robot_state_publisher-8] [INFO] [1776453094.068789431] [robot_1.robot_state_publisher]: got segment robot_1/realsense_link
[robot_state_publisher-8] [INFO] [1776453094.068793566] [robot_1.robot_state_publisher]: got segment robot_1/rocker_L_link
[robot_state_publisher-8] [INFO] [1776453094.068797719] [robot_1.robot_state_publisher]: got segment robot_1/rocker_R_link
[robot_state_publisher-8] [INFO] [1776453094.068801911] [robot_1.robot_state_publisher]: got segment robot_1/wheel_FL_link
[robot_state_publisher-8] [INFO] [1776453094.068805577] [robot_1.robot_state_publisher]: got segment robot_1/wheel_FR_link
[robot_state_publisher-8] [INFO] [1776453094.068808352] [robot_1.robot_state_publisher]: got segment robot_1/wheel_RL_link
[robot_state_publisher-8] [INFO] [1776453094.068810915] [robot_1.robot_state_publisher]: got segment robot_1/wheel_RR_link
[parameter_bridge-4] [INFO] [1776453094.068838234] [all_robots_bridge]: Creating GZ->ROS Bridge: [/robot_0/depth_camera/depth_image (ignition.msgs.Image) -> /robot_0/depth_camera/depth_image (sensor_msgs/msg/Image)] (Lazy 0)
[parameter_bridge-4] [INFO] [1776453094.069746116] [all_robots_bridge]: Creating GZ->ROS Bridge: [/world/random_world/model/robot_0/link/robot_0/base_footprint/sensor/contact_sensor/contact (ignition.msgs.Contacts) -> /world/random_world/model/robot_0/link/robot_0/base_footprint/sensor/contact_sensor/contact (ros_gz_interfaces/msg/Contacts)] (Lazy 0)
[parameter_bridge-4] [INFO] [1776453094.070586714] [all_robots_bridge]: Creating ROS->GZ Bridge: [/robot_1/cmd_vel (geometry_msgs/msg/Twist) -> /robot_1/cmd_vel (ignition.msgs.Twist)] (Lazy 0)
[parameter_bridge-4] [INFO] [1776453094.070938053] [all_robots_bridge]: Creating GZ->ROS Bridge: [/robot_1/odom (ignition.msgs.Odometry) -> /robot_1/odom (nav_msgs/msg/Odometry)] (Lazy 0)
[parameter_bridge-4] [INFO] [1776453094.071279706] [all_robots_bridge]: Creating GZ->ROS Bridge: [/robot_1/depth_camera/depth_image (ignition.msgs.Image) -> /robot_1/depth_camera/depth_image (sensor_msgs/msg/Image)] (Lazy 0)
[parameter_bridge-4] [INFO] [1776453094.071587169] [all_robots_bridge]: Creating GZ->ROS Bridge: [/world/random_world/model/robot_1/link/robot_1/base_footprint/sensor/contact_sensor/contact (ignition.msgs.Contacts) -> /world/random_world/model/robot_1/link/robot_1/base_footprint/sensor/contact_sensor/contact (ros_gz_interfaces/msg/Contacts)] (Lazy 0)
[parameter_bridge-4] [INFO] [1776453094.072003986] [all_robots_bridge]: Creating ROS->GZ Bridge: [/robot_2/cmd_vel (geometry_msgs/msg/Twist) -> /robot_2/cmd_vel (ignition.msgs.Twist)] (Lazy 0)
[robot_state_publisher-5] [INFO] [1776453094.072213933] [robot_0.robot_state_publisher]: got segment robot_0/antenna_link
[robot_state_publisher-5] [INFO] [1776453094.072332351] [robot_0.robot_state_publisher]: got segment robot_0/base_footprint
[robot_state_publisher-5] [INFO] [1776453094.072348449] [robot_0.robot_state_publisher]: got segment robot_0/base_link
[robot_state_publisher-5] [INFO] [1776453094.072359102] [robot_0.robot_state_publisher]: got segment robot_0/realsense_link
[robot_state_publisher-5] [INFO] [1776453094.072367470] [robot_0.robot_state_publisher]: got segment robot_0/rocker_L_link
[robot_state_publisher-5] [INFO] [1776453094.072375741] [robot_0.robot_state_publisher]: got segment robot_0/rocker_R_link
[robot_state_publisher-5] [INFO] [1776453094.072384316] [robot_0.robot_state_publisher]: got segment robot_0/wheel_FL_link
[robot_state_publisher-5] [INFO] [1776453094.072391867] [robot_0.robot_state_publisher]: got segment robot_0/wheel_FR_link
[robot_state_publisher-5] [INFO] [1776453094.072399641] [robot_0.robot_state_publisher]: got segment robot_0/wheel_RL_link
[robot_state_publisher-5] [INFO] [1776453094.072407148] [robot_0.robot_state_publisher]: got segment robot_0/wheel_RR_link
[parameter_bridge-4] [INFO] [1776453094.072314117] [all_robots_bridge]: Creating GZ->ROS Bridge: [/robot_2/odom (ignition.msgs.Odometry) -> /robot_2/odom (nav_msgs/msg/Odometry)] (Lazy 0)
[parameter_bridge-4] [INFO] [1776453094.072630368] [all_robots_bridge]: Creating GZ->ROS Bridge: [/robot_2/depth_camera/depth_image (ignition.msgs.Image) -> /robot_2/depth_camera/depth_image (sensor_msgs/msg/Image)] (Lazy 0)
[robot_state_publisher-11] [INFO] [1776453094.072894241] [robot_2.robot_state_publisher]: got segment robot_2/antenna_link
[robot_state_publisher-11] [INFO] [1776453094.072961244] [robot_2.robot_state_publisher]: got segment robot_2/base_footprint
[robot_state_publisher-11] [INFO] [1776453094.072968865] [robot_2.robot_state_publisher]: got segment robot_2/base_link
[robot_state_publisher-11] [INFO] [1776453094.072972180] [robot_2.robot_state_publisher]: got segment robot_2/realsense_link
[robot_state_publisher-11] [INFO] [1776453094.072975238] [robot_2.robot_state_publisher]: got segment robot_2/rocker_L_link
[robot_state_publisher-11] [INFO] [1776453094.072977942] [robot_2.robot_state_publisher]: got segment robot_2/rocker_R_link
[robot_state_publisher-11] [INFO] [1776453094.072980849] [robot_2.robot_state_publisher]: got segment robot_2/wheel_FL_link
[robot_state_publisher-11] [INFO] [1776453094.072983553] [robot_2.robot_state_publisher]: got segment robot_2/wheel_FR_link
[robot_state_publisher-11] [INFO] [1776453094.072986285] [robot_2.robot_state_publisher]: got segment robot_2/wheel_RL_link
[robot_state_publisher-11] [INFO] [1776453094.072988895] [robot_2.robot_state_publisher]: got segment robot_2/wheel_RR_link
[parameter_bridge-4] [INFO] [1776453094.072925151] [all_robots_bridge]: Creating GZ->ROS Bridge: [/world/random_world/model/robot_2/link/robot_2/base_footprint/sensor/contact_sensor/contact (ignition.msgs.Contacts) -> /world/random_world/model/robot_2/link/robot_2/base_footprint/sensor/contact_sensor/contact (ros_gz_interfaces/msg/Contacts)] (Lazy 0)
[parameter_bridge-4] [INFO] [1776453094.073448426] [all_robots_bridge]: Creating ROS->GZ Bridge: [/robot_3/cmd_vel (geometry_msgs/msg/Twist) -> /robot_3/cmd_vel (ignition.msgs.Twist)] (Lazy 0)
[parameter_bridge-4] [INFO] [1776453094.073806933] [all_robots_bridge]: Creating GZ->ROS Bridge: [/robot_3/odom (ignition.msgs.Odometry) -> /robot_3/odom (nav_msgs/msg/Odometry)] (Lazy 0)
[parameter_bridge-4] [INFO] [1776453094.074254343] [all_robots_bridge]: Creating GZ->ROS Bridge: [/robot_3/depth_camera/depth_image (ignition.msgs.Image) -> /robot_3/depth_camera/depth_image (sensor_msgs/msg/Image)] (Lazy 0)
[parameter_bridge-4] [INFO] [1776453094.074671859] [all_robots_bridge]: Creating GZ->ROS Bridge: [/world/random_world/model/robot_3/link/robot_3/base_footprint/sensor/contact_sensor/contact (ignition.msgs.Contacts) -> /world/random_world/model/robot_3/link/robot_3/base_footprint/sensor/contact_sensor/contact (ros_gz_interfaces/msg/Contacts)] (Lazy 0)
[parameter_bridge-4] [INFO] [1776453094.075018394] [all_robots_bridge]: Creating ROS->GZ Bridge: [/robot_4/cmd_vel (geometry_msgs/msg/Twist) -> /robot_4/cmd_vel (ignition.msgs.Twist)] (Lazy 0)
[parameter_bridge-4] [INFO] [1776453094.075261713] [all_robots_bridge]: Creating GZ->ROS Bridge: [/robot_4/odom (ignition.msgs.Odometry) -> /robot_4/odom (nav_msgs/msg/Odometry)] (Lazy 0)
[parameter_bridge-4] [INFO] [1776453094.075661249] [all_robots_bridge]: Creating GZ->ROS Bridge: [/robot_4/depth_camera/depth_image (ignition.msgs.Image) -> /robot_4/depth_camera/depth_image (sensor_msgs/msg/Image)] (Lazy 0)
[robot_state_publisher-14] [INFO] [1776453094.075170052] [robot_3.robot_state_publisher]: got segment robot_3/antenna_link
[robot_state_publisher-14] [INFO] [1776453094.075289370] [robot_3.robot_state_publisher]: got segment robot_3/base_footprint
[robot_state_publisher-14] [INFO] [1776453094.075304583] [robot_3.robot_state_publisher]: got segment robot_3/base_link
[robot_state_publisher-14] [INFO] [1776453094.075315185] [robot_3.robot_state_publisher]: got segment robot_3/realsense_link
[robot_state_publisher-14] [INFO] [1776453094.075324103] [robot_3.robot_state_publisher]: got segment robot_3/rocker_L_link
[robot_state_publisher-14] [INFO] [1776453094.076278120] [robot_3.robot_state_publisher]: got segment robot_3/rocker_R_link
[robot_state_publisher-14] [INFO] [1776453094.076334338] [robot_3.robot_state_publisher]: got segment robot_3/wheel_FL_link
[robot_state_publisher-14] [INFO] [1776453094.076410307] [robot_3.robot_state_publisher]: got segment robot_3/wheel_FR_link
[robot_state_publisher-14] [INFO] [1776453094.076421496] [robot_3.robot_state_publisher]: got segment robot_3/wheel_RL_link
[robot_state_publisher-14] [INFO] [1776453094.076447177] [robot_3.robot_state_publisher]: got segment robot_3/wheel_RR_link
[parameter_bridge-4] [INFO] [1776453094.076359807] [all_robots_bridge]: Creating GZ->ROS Bridge: [/world/random_world/model/robot_4/link/robot_4/base_footprint/sensor/contact_sensor/contact (ignition.msgs.Contacts) -> /world/random_world/model/robot_4/link/robot_4/base_footprint/sensor/contact_sensor/contact (ros_gz_interfaces/msg/Contacts)] (Lazy 0)
[parameter_bridge-4] [INFO] [1776453094.077050761] [all_robots_bridge]: Creating GZ->ROS Bridge: [/world/random_world/dynamic_pose/info (ignition.msgs.Pose_V) -> /world/random_world/dynamic_pose/info (tf2_msgs/msg/TFMessage)] (Lazy 0)
[create-18] [INFO] [1776453094.083832614] [robot_4.ros_gz_sim]: Requesting list of world names.
[robot_state_publisher-17] [INFO] [1776453094.094017525] [robot_4.robot_state_publisher]: got segment robot_4/antenna_link
[robot_state_publisher-17] [INFO] [1776453094.094142318] [robot_4.robot_state_publisher]: got segment robot_4/base_footprint
[robot_state_publisher-17] [INFO] [1776453094.094157123] [robot_4.robot_state_publisher]: got segment robot_4/base_link
[robot_state_publisher-17] [INFO] [1776453094.094166179] [robot_4.robot_state_publisher]: got segment robot_4/realsense_link
[robot_state_publisher-17] [INFO] [1776453094.094174263] [robot_4.robot_state_publisher]: got segment robot_4/rocker_L_link
[robot_state_publisher-17] [INFO] [1776453094.094181860] [robot_4.robot_state_publisher]: got segment robot_4/rocker_R_link
[robot_state_publisher-17] [INFO] [1776453094.094188998] [robot_4.robot_state_publisher]: got segment robot_4/wheel_FL_link
[robot_state_publisher-17] [INFO] [1776453094.094196259] [robot_4.robot_state_publisher]: got segment robot_4/wheel_FR_link
[robot_state_publisher-17] [INFO] [1776453094.094203275] [robot_4.robot_state_publisher]: got segment robot_4/wheel_RL_link
[robot_state_publisher-17] [INFO] [1776453094.094217170] [robot_4.robot_state_publisher]: got segment robot_4/wheel_RR_link
[parameter_bridge-20] [INFO] [1776453094.096694286] [clock_bridge]: Creating GZ->ROS Bridge: [/clock (ignition.msgs.Clock) -> /clock (rosgraph_msgs/msg/Clock)] (Lazy 0)
[bump_counter-3] [INFO] [1776453094.290475825] [bump_counter]: [global] global_mode=True cooldown(robot)=0.80s cooldown(obs)=0.50s Logging to /home/ecem/ros2_ws/src/Leo_sct/results_exp/explore/medium/prompt_1/run_1/middle_circle/trial_2/run_20260417_211133/bumps_global_211134.csv
[robot_supervisor-7] [INFO] [1776453094.399986633] [robot_0.robot_supervisor]: Loaded initial mission 'explore' from explicit YAML explore_sup_gpt_medium_1_run_1_79.yaml
[robot_supervisor-16] [INFO] [1776453094.449593117] [robot_3.robot_supervisor]: Loaded initial mission 'explore' from explicit YAML explore_sup_gpt_medium_1_run_1_79.yaml
[robot_supervisor-19] [INFO] [1776453094.471477565] [robot_4.robot_supervisor]: Loaded initial mission 'explore' from explicit YAML explore_sup_gpt_medium_1_run_1_79.yaml
[robot_supervisor-13] [INFO] [1776453094.486670959] [robot_2.robot_supervisor]: Loaded initial mission 'explore' from explicit YAML explore_sup_gpt_medium_1_run_1_79.yaml
[robot_supervisor-10] [INFO] [1776453094.486835984] [robot_1.robot_supervisor]: Loaded initial mission 'explore' from explicit YAML explore_sup_gpt_medium_1_run_1_79.yaml
[parameter_bridge-4] [INFO] [1776453094.532098062] [all_robots_bridge]: Passing message from ROS geometry_msgs/msg/Twist to Gazebo gz.msgs.Twist (showing msg only once per type)
[create-12] [INFO] [1776453094.634041354] [robot_2.ros_gz_sim]: Waiting messages on topic [/robot_2/robot_description].
[create-18] [INFO] [1776453094.734252224] [robot_4.ros_gz_sim]: Waiting messages on topic [/robot_4/robot_description].
[create-9] [INFO] [1776453094.834089005] [robot_1.ros_gz_sim]: Waiting messages on topic [/robot_1/robot_description].
[create-15] [INFO] [1776453094.934142714] [robot_3.ros_gz_sim]: Waiting messages on topic [/robot_3/robot_description].
[create-12] [INFO] [1776453095.033960126] [robot_2.ros_gz_sim]: Requested creation of entity.
[create-15] [INFO] [1776453095.033974561] [robot_3.ros_gz_sim]: Requested creation of entity.
[create-15] [INFO] [1776453095.034037012] [robot_3.ros_gz_sim]: OK creation of entity.
[create-12] [INFO] [1776453095.034037055] [robot_2.ros_gz_sim]: OK creation of entity.
[create-18] [INFO] [1776453095.034153295] [robot_4.ros_gz_sim]: Requested creation of entity.
[create-18] [INFO] [1776453095.034222402] [robot_4.ros_gz_sim]: OK creation of entity.
[create-9] [INFO] [1776453095.034160991] [robot_1.ros_gz_sim]: Requested creation of entity.
[create-9] [INFO] [1776453095.034227632] [robot_1.ros_gz_sim]: OK creation of entity.
[create-6] [INFO] [1776453095.034734024] [robot_0.ros_gz_sim]: Waiting messages on topic [/robot_0/robot_description].
[create-6] [INFO] [1776453095.037873008] [robot_0.ros_gz_sim]: Requested creation of entity.
[create-6] [INFO] [1776453095.037912381] [robot_0.ros_gz_sim]: OK creation of entity.
[INFO] [create-15]: process has finished cleanly [pid 424958]
[INFO] [create-9]: process has finished cleanly [pid 424946]
[INFO] [create-12]: process has finished cleanly [pid 424952]
[INFO] [create-18]: process has finished cleanly [pid 425008]
[INFO] [create-6]: process has finished cleanly [pid 424938]
[bump_counter-3] [INFO] [1776453095.340414906] [bump_counter]: [global] subscribed: /world/random_world/model/robot_0/link/robot_0/base_footprint/sensor/contact_sensor/contact
[bump_counter-3] [INFO] [1776453095.341055935] [bump_counter]: [global] subscribed: /world/random_world/model/robot_1/link/robot_1/base_footprint/sensor/contact_sensor/contact
[bump_counter-3] [INFO] [1776453095.341573081] [bump_counter]: [global] subscribed: /world/random_world/model/robot_2/link/robot_2/base_footprint/sensor/contact_sensor/contact
[bump_counter-3] [INFO] [1776453095.342083204] [bump_counter]: [global] subscribed: /world/random_world/model/robot_3/link/robot_3/base_footprint/sensor/contact_sensor/contact
[bump_counter-3] [INFO] [1776453095.343756031] [bump_counter]: [global] subscribed: /world/random_world/model/robot_4/link/robot_4/base_footprint/sensor/contact_sensor/contact
[INFO] [image_processor-21]: process started with pid [425323]
[INFO] [image_processor-22]: process started with pid [425325]
[INFO] [image_processor-23]: process started with pid [425327]
[INFO] [image_processor-24]: process started with pid [425329]
[INFO] [image_processor-25]: process started with pid [425331]
[image_processor-22] [INFO] [1776453096.083019030] [robot_1.image_processor]: image_processor: depth='/robot_1/depth_camera/depth_image' aruco_runtime=disabled
[image_processor-21] [INFO] [1776453096.084282330] [robot_0.image_processor]: image_processor: depth='/robot_0/depth_camera/depth_image' aruco_runtime=disabled
[image_processor-23] [INFO] [1776453096.086688579] [robot_2.image_processor]: image_processor: depth='/robot_2/depth_camera/depth_image' aruco_runtime=disabled
[image_processor-24] [INFO] [1776453096.086688590] [robot_3.image_processor]: image_processor: depth='/robot_3/depth_camera/depth_image' aruco_runtime=disabled
[image_processor-25] [INFO] [1776453096.107716175] [robot_4.image_processor]: image_processor: depth='/robot_4/depth_camera/depth_image' aruco_runtime=disabled
[image_processor-23] [INFO] [1776453099.568745413] [robot_2.image_processor]: Zone=CLEAR  left[p=1.875 near=0 v=7650]  front[p=2.263 near=0 v=12349]  right[p=1.628 near=0 v=7740]
[image_processor-22] [INFO] [1776453099.587096381] [robot_1.image_processor]: Zone=CLEAR  left[p=3.007 near=0 v=7650]  front[p=3.426 near=0 v=13244]  right[p=2.532 near=0 v=7517]
[image_processor-24] [INFO] [1776453099.595642060] [robot_3.image_processor]: Zone=CLEAR  left[p=0.894 near=0 v=7620]  front[p=3.072 near=0 v=13297]  right[p=2.913 near=0 v=7740]
[image_processor-21] [INFO] [1776453099.604522022] [robot_0.image_processor]: Zone=CLEAR  left[p=1.026 near=0 v=7650]  front[p=1.493 near=0 v=13500]  right[p=2.221 near=0 v=7740]
[image_processor-25] [INFO] [1776453099.677473880] [robot_4.image_processor]: Zone=CLEAR  left[p=2.299 near=0 v=7157]  front[p=2.450 near=0 v=13239]  right[p=3.007 near=0 v=7740]
[image_processor-23] [INFO] [1776453102.067383241] [robot_2.image_processor]: Zone=CLEAR
[image_processor-25] [INFO] [1776453102.076056036] [robot_4.image_processor]: Zone=CLEAR
[image_processor-22] [INFO] [1776453102.085173304] [robot_1.image_processor]: Zone=CLEAR
[image_processor-24] [INFO] [1776453102.094026227] [robot_3.image_processor]: Zone=CLEAR
[image_processor-21] [INFO] [1776453102.102571025] [robot_0.image_processor]: Zone=CLEAR
[image_processor-23] [INFO] [1776453104.569390574] [robot_2.image_processor]: Zone=CLEAR
[image_processor-25] [INFO] [1776453104.577233022] [robot_4.image_processor]: Zone=CLEAR
[image_processor-22] [INFO] [1776453104.585454681] [robot_1.image_processor]: Zone=CLEAR
[image_processor-24] [INFO] [1776453104.593519656] [robot_3.image_processor]: Zone=CLEAR
[image_processor-21] [INFO] [1776453104.602003776] [robot_0.image_processor]: Zone=CLEAR
[image_processor-23] [INFO] [1776453107.071079622] [robot_2.image_processor]: Zone=CLEAR
[image_processor-25] [INFO] [1776453107.079374460] [robot_4.image_processor]: Zone=CLEAR
[image_processor-22] [INFO] [1776453107.086084012] [robot_1.image_processor]: Zone=CLEAR
[image_processor-24] [INFO] [1776453107.094773145] [robot_3.image_processor]: Zone=CLEAR
[image_processor-21] [INFO] [1776453107.104496410] [robot_0.image_processor]: Zone=CLEAR
[image_processor-23] [INFO] [1776453109.568570677] [robot_2.image_processor]: Zone=CLEAR
[image_processor-25] [INFO] [1776453109.576085549] [robot_4.image_processor]: Zone=CLEAR
[image_processor-22] [INFO] [1776453109.583130437] [robot_1.image_processor]: Zone=CLEAR
[image_processor-24] [INFO] [1776453109.591728600] [robot_3.image_processor]: Zone=CLEAR
[image_processor-21] [INFO] [1776453109.601116077] [robot_0.image_processor]: Zone=CLEAR
[image_processor-23] [INFO] [1776453112.071815534] [robot_2.image_processor]: Zone=CLEAR
[image_processor-25] [INFO] [1776453112.084370857] [robot_4.image_processor]: Zone=CLEAR
[image_processor-24] [INFO] [1776453112.103582015] [robot_3.image_processor]: Zone=CLEAR
[image_processor-21] [INFO] [1776453112.112350496] [robot_0.image_processor]: Zone=CLEAR
[image_processor-22] [INFO] [1776453112.193794467] [robot_1.image_processor]: Zone=CLEAR
[image_processor-23] [INFO] [1776453114.568607137] [robot_2.image_processor]: Zone=CLEAR
[image_processor-25] [INFO] [1776453114.575951288] [robot_4.image_processor]: Zone=CLEAR
[image_processor-22] [INFO] [1776453114.585783209] [robot_1.image_processor]: Zone=CLEAR
[image_processor-21] [INFO] [1776453114.603156907] [robot_0.image_processor]: Zone=CLEAR
[image_processor-24] [INFO] [1776453114.695507255] [robot_3.image_processor]: Zone=CLEAR
[image_processor-23] [INFO] [1776453117.068517159] [robot_2.image_processor]: Zone=CLEAR
[image_processor-25] [INFO] [1776453117.075522150] [robot_4.image_processor]: Zone=CLEAR
[image_processor-22] [INFO] [1776453117.084264007] [robot_1.image_processor]: Zone=CLEAR
[image_processor-24] [INFO] [1776453117.093076109] [robot_3.image_processor]: Zone=CLEAR
[image_processor-21] [INFO] [1776453117.103190484] [robot_0.image_processor]: Zone=CLEAR
[image_processor-25] [INFO] [1776453119.577357009] [robot_4.image_processor]: Zone=CLEAR
[image_processor-22] [INFO] [1776453119.585785795] [robot_1.image_processor]: Zone=CLEAR
[image_processor-24] [INFO] [1776453119.593626411] [robot_3.image_processor]: Zone=CLEAR
[image_processor-21] [INFO] [1776453119.602157231] [robot_0.image_processor]: Zone=CLEAR
[image_processor-23] [INFO] [1776453119.670476843] [robot_2.image_processor]: Zone=CLEAR
[image_processor-23] [INFO] [1776453122.067864863] [robot_2.image_processor]: Zone=CLEAR
[image_processor-25] [INFO] [1776453122.075261994] [robot_4.image_processor]: Zone=CLEAR
[image_processor-22] [INFO] [1776453122.083794540] [robot_1.image_processor]: Zone=CLEAR
[image_processor-24] [INFO] [1776453122.093716773] [robot_3.image_processor]: Zone=CLEAR
[image_processor-21] [INFO] [1776453122.101311319] [robot_0.image_processor]: Zone=CLEAR
[image_processor-23] [INFO] [1776453124.567010046] [robot_2.image_processor]: Zone=CLEAR
[image_processor-25] [INFO] [1776453124.575762866] [robot_4.image_processor]: Zone=CLEAR
[image_processor-22] [INFO] [1776453124.584625633] [robot_1.image_processor]: Zone=CLEAR
[image_processor-24] [INFO] [1776453124.592294577] [robot_3.image_processor]: Zone=CLEAR
[image_processor-21] [INFO] [1776453124.599818613] [robot_0.image_processor]: Zone=CLEAR
[image_processor-23] [INFO] [1776453127.069825783] [robot_2.image_processor]: Zone=CLEAR
[image_processor-25] [INFO] [1776453127.076172481] [robot_4.image_processor]: Zone=CLEAR
[image_processor-22] [INFO] [1776453127.084915808] [robot_1.image_processor]: Zone=CLEAR
[image_processor-21] [INFO] [1776453127.101151244] [robot_0.image_processor]: Zone=CLEAR
[image_processor-24] [INFO] [1776453127.195562878] [robot_3.image_processor]: Zone=CLEAR
[image_processor-23] [INFO] [1776453129.568577484] [robot_2.image_processor]: Zone=CLEAR
[image_processor-25] [INFO] [1776453129.576044578] [robot_4.image_processor]: Zone=CLEAR
[image_processor-22] [INFO] [1776453129.585944095] [robot_1.image_processor]: Zone=CLEAR
[image_processor-24] [INFO] [1776453129.595415965] [robot_3.image_processor]: Zone=CLEAR
[image_processor-21] [INFO] [1776453129.604434269] [robot_0.image_processor]: Zone=CLEAR
[image_processor-23] [INFO] [1776453132.068046346] [robot_2.image_processor]: Zone=CLEAR
[image_processor-24] [INFO] [1776453132.095102690] [robot_3.image_processor]: Zone=CLEAR
[image_processor-21] [INFO] [1776453132.105680183] [robot_0.image_processor]: Zone=CLEAR
[image_processor-25] [INFO] [1776453132.178640691] [robot_4.image_processor]: Zone=CLEAR
[image_processor-22] [INFO] [1776453132.187114552] [robot_1.image_processor]: Zone=CLEAR
[image_processor-23] [INFO] [1776453134.566640734] [robot_2.image_processor]: Zone=CLEAR
[image_processor-25] [INFO] [1776453134.575194825] [robot_4.image_processor]: Zone=CLEAR
[image_processor-22] [INFO] [1776453134.585412071] [robot_1.image_processor]: Zone=CLEAR
[image_processor-24] [INFO] [1776453134.593942383] [robot_3.image_processor]: Zone=CLEAR
[image_processor-21] [INFO] [1776453134.603323435] [robot_0.image_processor]: Zone=CLEAR
[image_processor-25] [INFO] [1776453137.076221556] [robot_4.image_processor]: Zone=CLEAR
[image_processor-24] [INFO] [1776453137.093013948] [robot_3.image_processor]: Zone=CLEAR
[image_processor-21] [INFO] [1776453137.104278537] [robot_0.image_processor]: Zone=CLEAR
[image_processor-23] [INFO] [1776453137.170581608] [robot_2.image_processor]: Zone=CLEAR
[image_processor-22] [INFO] [1776453137.185032224] [robot_1.image_processor]: Zone=CLEAR
[image_processor-23] [INFO] [1776453139.568228641] [robot_2.image_processor]: Zone=CLEAR
[image_processor-25] [INFO] [1776453139.575928856] [robot_4.image_processor]: Zone=CLEAR
[image_processor-22] [INFO] [1776453139.584857895] [robot_1.image_processor]: Zone=CLEAR
[image_processor-24] [INFO] [1776453139.594492064] [robot_3.image_processor]: Zone=CLEAR
[image_processor-21] [INFO] [1776453139.703360914] [robot_0.image_processor]: Zone=CLEAR
[image_processor-23] [INFO] [1776453142.069870459] [robot_2.image_processor]: Zone=CLEAR
[image_processor-25] [INFO] [1776453142.079853640] [robot_4.image_processor]: Zone=CLEAR
[image_processor-22] [INFO] [1776453142.090214390] [robot_1.image_processor]: Zone=CLEAR
[image_processor-24] [INFO] [1776453142.101091160] [robot_3.image_processor]: Zone=CLEAR
[image_processor-21] [INFO] [1776453142.114778869] [robot_0.image_processor]: Zone=CLEAR
[image_processor-23] [INFO] [1776453144.567914761] [robot_2.image_processor]: Zone=CLEAR
[image_processor-22] [INFO] [1776453144.584837862] [robot_1.image_processor]: Zone=CLEAR
[image_processor-24] [INFO] [1776453144.592498394] [robot_3.image_processor]: Zone=CLEAR
[image_processor-21] [INFO] [1776453144.601005006] [robot_0.image_processor]: Zone=CLEAR
[image_processor-25] [INFO] [1776453144.678546654] [robot_4.image_processor]: Zone=CLEAR
[image_processor-23] [INFO] [1776453147.067694030] [robot_2.image_processor]: Zone=CLEAR
[image_processor-25] [INFO] [1776453147.075426330] [robot_4.image_processor]: Zone=CLEAR
[image_processor-22] [INFO] [1776453147.084227613] [robot_1.image_processor]: Zone=CLEAR
[image_processor-21] [INFO] [1776453147.101531553] [robot_0.image_processor]: Zone=CLEAR
[image_processor-24] [INFO] [1776453147.193064735] [robot_3.image_processor]: Zone=CLEAR
[image_processor-23] [INFO] [1776453149.568473784] [robot_2.image_processor]: Zone=CLEAR
[image_processor-25] [INFO] [1776453149.576436855] [robot_4.image_processor]: Zone=CLEAR
[image_processor-22] [INFO] [1776453149.585089634] [robot_1.image_processor]: Zone=CLEAR
[image_processor-24] [INFO] [1776453149.594392767] [robot_3.image_processor]: Zone=CLEAR
[image_processor-21] [INFO] [1776453149.602569456] [robot_0.image_processor]: Zone=CLEAR
[image_processor-23] [INFO] [1776453152.068084559] [robot_2.image_processor]: Zone=CLEAR
[image_processor-25] [INFO] [1776453152.078257396] [robot_4.image_processor]: Zone=CLEAR
[image_processor-22] [INFO] [1776453152.087927724] [robot_1.image_processor]: Zone=CLEAR
[image_processor-24] [INFO] [1776453152.097117022] [robot_3.image_processor]: Zone=CLEAR
[image_processor-21] [INFO] [1776453152.107049946] [robot_0.image_processor]: Zone=CLEAR
[image_processor-23] [INFO] [1776453154.568132128] [robot_2.image_processor]: Zone=CLEAR
[image_processor-25] [INFO] [1776453154.577049345] [robot_4.image_processor]: Zone=CLEAR
[image_processor-22] [INFO] [1776453154.585996083] [robot_1.image_processor]: Zone=CLEAR
[image_processor-24] [INFO] [1776453154.594023507] [robot_3.image_processor]: Zone=CLEAR
[image_processor-21] [INFO] [1776453154.603205266] [robot_0.image_processor]: Zone=CLEAR
[image_processor-23] [INFO] [1776453157.068306018] [robot_2.image_processor]: Zone=CLEAR
[image_processor-25] [INFO] [1776453157.076745336] [robot_4.image_processor]: Zone=CLEAR
[image_processor-22] [INFO] [1776453157.085834596] [robot_1.image_processor]: Zone=CLEAR
[image_processor-24] [INFO] [1776453157.094532988] [robot_3.image_processor]: Zone=CLEAR
[image_processor-21] [INFO] [1776453157.104249420] [robot_0.image_processor]: Zone=CLEAR
[image_processor-23] [INFO] [1776453159.569810910] [robot_2.image_processor]: Zone=CLEAR
[image_processor-21] [INFO] [1776453159.603187838] [robot_0.image_processor]: Zone=CLEAR
[image_processor-25] [INFO] [1776453159.676252304] [robot_4.image_processor]: Zone=CLEAR
[image_processor-22] [INFO] [1776453159.684960840] [robot_1.image_processor]: Zone=CLEAR
[image_processor-24] [INFO] [1776453159.694541089] [robot_3.image_processor]: Zone=CLEAR
[image_processor-23] [INFO] [1776453162.069775817] [robot_2.image_processor]: Zone=CLEAR
[image_processor-25] [INFO] [1776453162.076715278] [robot_4.image_processor]: Zone=CLEAR
[image_processor-22] [INFO] [1776453162.084813827] [robot_1.image_processor]: Zone=CLEAR
[image_processor-24] [INFO] [1776453162.093836716] [robot_3.image_processor]: Zone=CLEAR
[image_processor-21] [INFO] [1776453162.204346924] [robot_0.image_processor]: Zone=CLEAR
[image_processor-23] [INFO] [1776453164.568944334] [robot_2.image_processor]: Zone=CLEAR
[image_processor-22] [INFO] [1776453164.584256051] [robot_1.image_processor]: Zone=CLEAR
[image_processor-24] [INFO] [1776453164.593155673] [robot_3.image_processor]: Zone=CLEAR
[image_processor-21] [INFO] [1776453164.602984194] [robot_0.image_processor]: Zone=CLEAR
[image_processor-25] [INFO] [1776453164.676673511] [robot_4.image_processor]: Zone=CLEAR
[image_processor-23] [INFO] [1776453167.068618939] [robot_2.image_processor]: Zone=CLEAR
[image_processor-25] [INFO] [1776453167.076553744] [robot_4.image_processor]: Zone=CLEAR
[image_processor-24] [INFO] [1776453167.093255161] [robot_3.image_processor]: Zone=CLEAR
[image_processor-21] [INFO] [1776453167.103929274] [robot_0.image_processor]: Zone=CLEAR
[image_processor-22] [INFO] [1776453167.186938567] [robot_1.image_processor]: Zone=CLEAR
[image_processor-23] [INFO] [1776453169.567608406] [robot_2.image_processor]: Zone=CLEAR
[image_processor-25] [INFO] [1776453169.575460752] [robot_4.image_processor]: Zone=CLEAR
[image_processor-22] [INFO] [1776453169.584199885] [robot_1.image_processor]: Zone=CLEAR
[image_processor-24] [INFO] [1776453169.593599873] [robot_3.image_processor]: Zone=CLEAR
[image_processor-21] [INFO] [1776453169.602755640] [robot_0.image_processor]: Zone=CLEAR
[image_processor-23] [INFO] [1776453172.068130649] [robot_2.image_processor]: Zone=CLEAR
[image_processor-22] [INFO] [1776453172.084413100] [robot_1.image_processor]: Zone=CLEAR
[image_processor-24] [INFO] [1776453172.092912326] [robot_3.image_processor]: Zone=CLEAR
[image_processor-21] [INFO] [1776453172.101943756] [robot_0.image_processor]: Zone=CLEAR
[image_processor-25] [INFO] [1776453172.176610806] [robot_4.image_processor]: Zone=CLEAR
[image_processor-23] [INFO] [1776453174.567289307] [robot_2.image_processor]: Zone=CLEAR
[image_processor-25] [INFO] [1776453174.575394946] [robot_4.image_processor]: Zone=CLEAR
[image_processor-22] [INFO] [1776453174.584706238] [robot_1.image_processor]: Zone=CLEAR
[image_processor-24] [INFO] [1776453174.592465663] [robot_3.image_processor]: Zone=CLEAR
[image_processor-21] [INFO] [1776453174.601575121] [robot_0.image_processor]: Zone=CLEAR
[image_processor-23] [INFO] [1776453177.069364093] [robot_2.image_processor]: Zone=CLEAR
[image_processor-25] [INFO] [1776453177.077497921] [robot_4.image_processor]: Zone=CLEAR
[image_processor-22] [INFO] [1776453177.085557115] [robot_1.image_processor]: Zone=CLEAR
[image_processor-24] [INFO] [1776453177.095391966] [robot_3.image_processor]: Zone=CLEAR
[image_processor-21] [INFO] [1776453177.103505469] [robot_0.image_processor]: Zone=CLEAR
[image_processor-23] [INFO] [1776453179.569160220] [robot_2.image_processor]: Zone=CLEAR
[image_processor-25] [INFO] [1776453179.577933919] [robot_4.image_processor]: Zone=CLEAR
[image_processor-22] [INFO] [1776453179.586201290] [robot_1.image_processor]: Zone=CLEAR
[image_processor-24] [INFO] [1776453179.593958423] [robot_3.image_processor]: Zone=CLEAR
[image_processor-21] [INFO] [1776453179.603763903] [robot_0.image_processor]: Zone=CLEAR
[image_processor-23] [INFO] [1776453182.069608006] [robot_2.image_processor]: Zone=CLEAR
[image_processor-22] [INFO] [1776453182.084441910] [robot_1.image_processor]: Zone=CLEAR
[image_processor-24] [INFO] [1776453182.097831612] [robot_3.image_processor]: Zone=CLEAR
[image_processor-21] [INFO] [1776453182.105522912] [robot_0.image_processor]: Zone=CLEAR
[image_processor-25] [INFO] [1776453182.177225730] [robot_4.image_processor]: Zone=CLEAR
[image_processor-23] [INFO] [1776453184.568990231] [robot_2.image_processor]: Zone=CLEAR
[image_processor-25] [INFO] [1776453184.577797448] [robot_4.image_processor]: Zone=CLEAR
[image_processor-22] [INFO] [1776453184.585914418] [robot_1.image_processor]: Zone=CLEAR
[image_processor-24] [INFO] [1776453184.597874018] [robot_3.image_processor]: Zone=CLEAR
[image_processor-21] [INFO] [1776453184.605787693] [robot_0.image_processor]: Zone=CLEAR
[image_processor-23] [INFO] [1776453187.068746182] [robot_2.image_processor]: Zone=CLEAR
[image_processor-25] [INFO] [1776453187.076351206] [robot_4.image_processor]: Zone=CLEAR
[image_processor-22] [INFO] [1776453187.085313988] [robot_1.image_processor]: Zone=CLEAR
[image_processor-24] [INFO] [1776453187.093741875] [robot_3.image_processor]: Zone=CLEAR
[image_processor-21] [INFO] [1776453187.102578418] [robot_0.image_processor]: Zone=CLEAR
[image_processor-23] [INFO] [1776453189.571148933] [robot_2.image_processor]: Zone=CLEAR
[image_processor-25] [INFO] [1776453189.575928184] [robot_4.image_processor]: Zone=CLEAR
[image_processor-22] [INFO] [1776453189.585200555] [robot_1.image_processor]: Zone=CLEAR
[image_processor-24] [INFO] [1776453189.594818257] [robot_3.image_processor]: Zone=CLEAR
[image_processor-21] [INFO] [1776453189.603072835] [robot_0.image_processor]: Zone=CLEAR
[image_processor-23] [INFO] [1776453192.071044070] [robot_2.image_processor]: Zone=CLEAR
[image_processor-25] [INFO] [1776453192.078035154] [robot_4.image_processor]: Zone=CLEAR
[image_processor-22] [INFO] [1776453192.086747206] [robot_1.image_processor]: Zone=CLEAR
[image_processor-24] [INFO] [1776453192.095489239] [robot_3.image_processor]: Zone=CLEAR
[image_processor-21] [INFO] [1776453192.104899191] [robot_0.image_processor]: Zone=CLEAR
[image_processor-23] [INFO] [1776453194.567120168] [robot_2.image_processor]: Zone=CLEAR
[image_processor-25] [INFO] [1776453194.574831925] [robot_4.image_processor]: Zone=CLEAR
[image_processor-24] [INFO] [1776453194.593518292] [robot_3.image_processor]: Zone=CLEAR
[image_processor-21] [INFO] [1776453194.600848832] [robot_0.image_processor]: Zone=CLEAR
[image_processor-22] [INFO] [1776453194.685018673] [robot_1.image_processor]: Zone=CLEAR
[image_processor-23] [INFO] [1776453197.072161585] [robot_2.image_processor]: Zone=CLEAR
[image_processor-25] [INFO] [1776453197.079881199] [robot_4.image_processor]: Zone=CLEAR
[image_processor-22] [INFO] [1776453197.090980559] [robot_1.image_processor]: Zone=CLEAR
[image_processor-24] [INFO] [1776453197.099105933] [robot_3.image_processor]: Zone=CLEAR
[image_processor-21] [INFO] [1776453197.108461416] [robot_0.image_processor]: Zone=CLEAR
[image_processor-23] [INFO] [1776453199.568576178] [robot_2.image_processor]: Zone=CLEAR
[image_processor-25] [INFO] [1776453199.576482283] [robot_4.image_processor]: Zone=CLEAR
[image_processor-22] [INFO] [1776453199.584934328] [robot_1.image_processor]: Zone=CLEAR
[image_processor-24] [INFO] [1776453199.594098863] [robot_3.image_processor]: Zone=CLEAR
[image_processor-21] [INFO] [1776453199.605902587] [robot_0.image_processor]: Zone=CLEAR
[image_processor-23] [INFO] [1776453202.067374333] [robot_2.image_processor]: Zone=CLEAR
[image_processor-25] [INFO] [1776453202.077137362] [robot_4.image_processor]: Zone=CLEAR
[image_processor-22] [INFO] [1776453202.085262161] [robot_1.image_processor]: Zone=CLEAR
[image_processor-24] [INFO] [1776453202.093858150] [robot_3.image_processor]: Zone=CLEAR
[image_processor-21] [INFO] [1776453202.103318139] [robot_0.image_processor]: Zone=CLEAR
[image_processor-23] [INFO] [1776453204.569517367] [robot_2.image_processor]: Zone=CLEAR
[image_processor-25] [INFO] [1776453204.579657821] [robot_4.image_processor]: Zone=CLEAR
[image_processor-24] [INFO] [1776453204.596775347] [robot_3.image_processor]: Zone=CLEAR
[image_processor-21] [INFO] [1776453204.605708499] [robot_0.image_processor]: Zone=CLEAR
[image_processor-22] [INFO] [1776453204.689099304] [robot_1.image_processor]: Zone=CLEAR
[image_processor-23] [INFO] [1776453207.066551272] [robot_2.image_processor]: Zone=CLEAR
[image_processor-25] [INFO] [1776453207.075403713] [robot_4.image_processor]: Zone=CLEAR
[image_processor-22] [INFO] [1776453207.086874475] [robot_1.image_processor]: Zone=CLEAR
[image_processor-24] [INFO] [1776453207.095636405] [robot_3.image_processor]: Zone=CLEAR
[image_processor-21] [INFO] [1776453207.104392123] [robot_0.image_processor]: Zone=CLEAR
[image_processor-23] [INFO] [1776453209.568623635] [robot_2.image_processor]: Zone=CLEAR
[image_processor-25] [INFO] [1776453209.575525750] [robot_4.image_processor]: Zone=CLEAR
[image_processor-22] [INFO] [1776453209.585575443] [robot_1.image_processor]: Zone=CLEAR
[image_processor-24] [INFO] [1776453209.593448754] [robot_3.image_processor]: Zone=CLEAR
[image_processor-21] [INFO] [1776453209.603592881] [robot_0.image_processor]: Zone=CLEAR
[image_processor-23] [INFO] [1776453212.068643804] [robot_2.image_processor]: Zone=CLEAR
[image_processor-25] [INFO] [1776453212.077494189] [robot_4.image_processor]: Zone=CLEAR
[image_processor-22] [INFO] [1776453212.086768321] [robot_1.image_processor]: Zone=CLEAR
[image_processor-24] [INFO] [1776453212.094726223] [robot_3.image_processor]: Zone=CLEAR
[image_processor-21] [INFO] [1776453212.103202218] [robot_0.image_processor]: Zone=CLEAR
[image_processor-23] [INFO] [1776453214.568226735] [robot_2.image_processor]: Zone=CLEAR
[image_processor-25] [INFO] [1776453214.578333967] [robot_4.image_processor]: Zone=CLEAR
[image_processor-22] [INFO] [1776453214.586727565] [robot_1.image_processor]: Zone=CLEAR
[image_processor-24] [INFO] [1776453214.595217535] [robot_3.image_processor]: Zone=CLEAR
[image_processor-21] [INFO] [1776453214.705293145] [robot_0.image_processor]: Zone=CLEAR
[image_processor-23] [INFO] [1776453217.067104310] [robot_2.image_processor]: Zone=CLEAR
[image_processor-25] [INFO] [1776453217.075351896] [robot_4.image_processor]: Zone=CLEAR
[image_processor-22] [INFO] [1776453217.085408722] [robot_1.image_processor]: Zone=CLEAR
[image_processor-24] [INFO] [1776453217.094187499] [robot_3.image_processor]: Zone=CLEAR
[image_processor-21] [INFO] [1776453217.105940677] [robot_0.image_processor]: Zone=CLEAR
[image_processor-23] [INFO] [1776453219.568219267] [robot_2.image_processor]: Zone=CLEAR
[image_processor-25] [INFO] [1776453219.576165136] [robot_4.image_processor]: Zone=CLEAR
[image_processor-22] [INFO] [1776453219.585967634] [robot_1.image_processor]: Zone=CLEAR
[image_processor-24] [INFO] [1776453219.594634168] [robot_3.image_processor]: Zone=CLEAR
[image_processor-21] [INFO] [1776453219.604106744] [robot_0.image_processor]: Zone=CLEAR
[image_processor-23] [INFO] [1776453222.069350145] [robot_2.image_processor]: Zone=CLEAR
[image_processor-25] [INFO] [1776453222.077746287] [robot_4.image_processor]: Zone=CLEAR
[image_processor-22] [INFO] [1776453222.087286017] [robot_1.image_processor]: Zone=CLEAR
[image_processor-24] [INFO] [1776453222.095620020] [robot_3.image_processor]: Zone=CLEAR
[image_processor-21] [INFO] [1776453222.108939983] [robot_0.image_processor]: Zone=CLEAR
[image_processor-23] [INFO] [1776453224.568497246] [robot_2.image_processor]: Zone=CLEAR
[image_processor-25] [INFO] [1776453224.576666653] [robot_4.image_processor]: Zone=CLEAR
[image_processor-22] [INFO] [1776453224.586727277] [robot_1.image_processor]: Zone=CLEAR
[image_processor-24] [INFO] [1776453224.594438183] [robot_3.image_processor]: Zone=CLEAR
[image_processor-21] [INFO] [1776453224.603952958] [robot_0.image_processor]: Zone=CLEAR
[image_processor-23] [INFO] [1776453227.068115141] [robot_2.image_processor]: Zone=CLEAR
[image_processor-25] [INFO] [1776453227.075733604] [robot_4.image_processor]: Zone=CLEAR
[image_processor-22] [INFO] [1776453227.084907429] [robot_1.image_processor]: Zone=CLEAR
[image_processor-24] [INFO] [1776453227.092171224] [robot_3.image_processor]: Zone=CLEAR
[image_processor-21] [INFO] [1776453227.101760161] [robot_0.image_processor]: Zone=CLEAR
[image_processor-23] [INFO] [1776453229.567517108] [robot_2.image_processor]: Zone=CLEAR
[image_processor-25] [INFO] [1776453229.576192907] [robot_4.image_processor]: Zone=CLEAR
[image_processor-22] [INFO] [1776453229.587620600] [robot_1.image_processor]: Zone=CLEAR
[image_processor-24] [INFO] [1776453229.597861112] [robot_3.image_processor]: Zone=CLEAR
[image_processor-21] [INFO] [1776453229.606846297] [robot_0.image_processor]: Zone=CLEAR
[image_processor-23] [INFO] [1776453232.071004361] [robot_2.image_processor]: Zone=CLEAR
[image_processor-22] [INFO] [1776453232.092401548] [robot_1.image_processor]: Zone=CLEAR
[image_processor-24] [INFO] [1776453232.100850991] [robot_3.image_processor]: Zone=CLEAR
[image_processor-21] [INFO] [1776453232.110571736] [robot_0.image_processor]: Zone=CLEAR
[image_processor-25] [INFO] [1776453232.182161184] [robot_4.image_processor]: Zone=CLEAR
[image_processor-23] [INFO] [1776453234.570187201] [robot_2.image_processor]: Zone=CLEAR
[image_processor-25] [INFO] [1776453234.582127660] [robot_4.image_processor]: Zone=CLEAR
[image_processor-22] [INFO] [1776453234.590307872] [robot_1.image_processor]: Zone=CLEAR
[image_processor-21] [INFO] [1776453234.607628425] [robot_0.image_processor]: Zone=CLEAR
[image_processor-24] [INFO] [1776453234.699892804] [robot_3.image_processor]: Zone=CLEAR
[image_processor-23] [INFO] [1776453237.068637652] [robot_2.image_processor]: Zone=CLEAR
[image_processor-25] [INFO] [1776453237.079137418] [robot_4.image_processor]: Zone=CLEAR
[image_processor-22] [INFO] [1776453237.085647239] [robot_1.image_processor]: Zone=CLEAR
[image_processor-24] [INFO] [1776453237.095464656] [robot_3.image_processor]: Zone=CLEAR
[image_processor-21] [INFO] [1776453237.104525295] [robot_0.image_processor]: Zone=CLEAR
[image_processor-23] [INFO] [1776453239.567541313] [robot_2.image_processor]: Zone=CLEAR
[image_processor-25] [INFO] [1776453239.575711053] [robot_4.image_processor]: Zone=CLEAR
[image_processor-22] [INFO] [1776453239.585015691] [robot_1.image_processor]: Zone=CLEAR
[image_processor-24] [INFO] [1776453239.594402342] [robot_3.image_processor]: Zone=CLEAR
[image_processor-21] [INFO] [1776453239.602257793] [robot_0.image_processor]: Zone=CLEAR
[image_processor-23] [INFO] [1776453242.067690697] [robot_2.image_processor]: Zone=CLEAR
[image_processor-25] [INFO] [1776453242.077965453] [robot_4.image_processor]: Zone=CLEAR
[image_processor-22] [INFO] [1776453242.084909302] [robot_1.image_processor]: Zone=CLEAR
[image_processor-21] [INFO] [1776453242.102068239] [robot_0.image_processor]: Zone=CLEAR
[image_processor-24] [INFO] [1776453242.194772762] [robot_3.image_processor]: Zone=CLEAR
[image_processor-23] [INFO] [1776453244.567745948] [robot_2.image_processor]: Zone=CLEAR
[image_processor-25] [INFO] [1776453244.575649999] [robot_4.image_processor]: Zone=CLEAR
[image_processor-22] [INFO] [1776453244.585920487] [robot_1.image_processor]: Zone=CLEAR
[image_processor-24] [INFO] [1776453244.593545912] [robot_3.image_processor]: Zone=CLEAR
[image_processor-21] [INFO] [1776453244.602853931] [robot_0.image_processor]: Zone=CLEAR
[image_processor-23] [INFO] [1776453247.067651235] [robot_2.image_processor]: Zone=CLEAR
[image_processor-25] [INFO] [1776453247.076575749] [robot_4.image_processor]: Zone=CLEAR
[image_processor-22] [INFO] [1776453247.085460412] [robot_1.image_processor]: Zone=CLEAR
[image_processor-21] [INFO] [1776453247.103033364] [robot_0.image_processor]: Zone=CLEAR
[image_processor-24] [INFO] [1776453247.196588328] [robot_3.image_processor]: Zone=CLEAR
[image_processor-23] [INFO] [1776453249.568196728] [robot_2.image_processor]: Zone=CLEAR
[image_processor-25] [INFO] [1776453249.575367642] [robot_4.image_processor]: Zone=CLEAR
[image_processor-22] [INFO] [1776453249.588135123] [robot_1.image_processor]: Zone=CLEAR
[image_processor-24] [INFO] [1776453249.598973662] [robot_3.image_processor]: Zone=CLEAR
[image_processor-21] [INFO] [1776453249.609476243] [robot_0.image_processor]: Zone=CLEAR
[image_processor-23] [INFO] [1776453252.067378012] [robot_2.image_processor]: Zone=CLEAR
[image_processor-25] [INFO] [1776453252.076010601] [robot_4.image_processor]: Zone=CLEAR
[image_processor-22] [INFO] [1776453252.085550251] [robot_1.image_processor]: Zone=CLEAR
[image_processor-24] [INFO] [1776453252.094151905] [robot_3.image_processor]: Zone=CLEAR
[image_processor-21] [INFO] [1776453252.102210386] [robot_0.image_processor]: Zone=CLEAR
[image_processor-23] [INFO] [1776453254.566440185] [robot_2.image_processor]: Zone=CLEAR
[image_processor-25] [INFO] [1776453254.577603829] [robot_4.image_processor]: Zone=CLEAR
[image_processor-22] [INFO] [1776453254.588639634] [robot_1.image_processor]: Zone=CLEAR
[image_processor-24] [INFO] [1776453254.598375831] [robot_3.image_processor]: Zone=CLEAR
[image_processor-21] [INFO] [1776453254.606889088] [robot_0.image_processor]: Zone=CLEAR
[image_processor-23] [INFO] [1776453257.067562317] [robot_2.image_processor]: Zone=CLEAR
[image_processor-22] [INFO] [1776453257.082775044] [robot_1.image_processor]: Zone=CLEAR
[image_processor-24] [INFO] [1776453257.090713591] [robot_3.image_processor]: Zone=CLEAR
[image_processor-21] [INFO] [1776453257.098942709] [robot_0.image_processor]: Zone=CLEAR
[image_processor-25] [INFO] [1776453257.175367725] [robot_4.image_processor]: Zone=CLEAR
[image_processor-23] [INFO] [1776453259.570316402] [robot_2.image_processor]: Zone=CLEAR
[image_processor-22] [INFO] [1776453259.583894424] [robot_1.image_processor]: Zone=CLEAR
[image_processor-24] [INFO] [1776453259.594386247] [robot_3.image_processor]: Zone=CLEAR
[image_processor-21] [INFO] [1776453259.604494401] [robot_0.image_processor]: Zone=CLEAR
[image_processor-25] [INFO] [1776453259.676904929] [robot_4.image_processor]: Zone=CLEAR
[image_processor-23] [INFO] [1776453262.068109362] [robot_2.image_processor]: Zone=CLEAR
[image_processor-25] [INFO] [1776453262.075129073] [robot_4.image_processor]: Zone=CLEAR
[image_processor-22] [INFO] [1776453262.084021351] [robot_1.image_processor]: Zone=CLEAR
[image_processor-24] [INFO] [1776453262.094168485] [robot_3.image_processor]: Zone=CLEAR
[image_processor-21] [INFO] [1776453262.102175948] [robot_0.image_processor]: Zone=CLEAR
[image_processor-23] [INFO] [1776453264.571091064] [robot_2.image_processor]: Zone=CLEAR
[image_processor-25] [INFO] [1776453264.579534187] [robot_4.image_processor]: Zone=CLEAR
[image_processor-22] [INFO] [1776453264.588855949] [robot_1.image_processor]: Zone=CLEAR
[image_processor-24] [INFO] [1776453264.598790026] [robot_3.image_processor]: Zone=CLEAR
[image_processor-21] [INFO] [1776453264.607980176] [robot_0.image_processor]: Zone=CLEAR
[image_processor-23] [INFO] [1776453267.068616293] [robot_2.image_processor]: Zone=CLEAR
[image_processor-25] [INFO] [1776453267.076587940] [robot_4.image_processor]: Zone=CLEAR
[image_processor-22] [INFO] [1776453267.085128919] [robot_1.image_processor]: Zone=CLEAR
[image_processor-24] [INFO] [1776453267.095016740] [robot_3.image_processor]: Zone=CLEAR
[image_processor-21] [INFO] [1776453267.103046286] [robot_0.image_processor]: Zone=CLEAR
[image_processor-23] [INFO] [1776453269.569531489] [robot_2.image_processor]: Zone=CLEAR
[image_processor-25] [INFO] [1776453269.576852337] [robot_4.image_processor]: Zone=CLEAR
[image_processor-22] [INFO] [1776453269.586105505] [robot_1.image_processor]: Zone=CLEAR
[image_processor-21] [INFO] [1776453269.603535440] [robot_0.image_processor]: Zone=CLEAR
[image_processor-24] [INFO] [1776453269.697662670] [robot_3.image_processor]: Zone=CLEAR
[image_processor-23] [INFO] [1776453272.068427885] [robot_2.image_processor]: Zone=CLEAR
[image_processor-25] [INFO] [1776453272.076151803] [robot_4.image_processor]: Zone=CLEAR
[image_processor-22] [INFO] [1776453272.086150177] [robot_1.image_processor]: Zone=CLEAR
[image_processor-24] [INFO] [1776453272.094427694] [robot_3.image_processor]: Zone=CLEAR
[image_processor-21] [INFO] [1776453272.103775045] [robot_0.image_processor]: Zone=CLEAR
[image_processor-23] [INFO] [1776453274.567142859] [robot_2.image_processor]: Zone=CLEAR
[image_processor-25] [INFO] [1776453274.573663034] [robot_4.image_processor]: Zone=CLEAR
[image_processor-22] [INFO] [1776453274.583016865] [robot_1.image_processor]: Zone=CLEAR
[image_processor-24] [INFO] [1776453274.591501710] [robot_3.image_processor]: Zone=CLEAR
[image_processor-21] [INFO] [1776453274.600257087] [robot_0.image_processor]: Zone=CLEAR
[image_processor-23] [INFO] [1776453277.067301630] [robot_2.image_processor]: Zone=CLEAR
[image_processor-25] [INFO] [1776453277.075716728] [robot_4.image_processor]: Zone=CLEAR
[image_processor-22] [INFO] [1776453277.084972784] [robot_1.image_processor]: Zone=CLEAR
[image_processor-24] [INFO] [1776453277.093757957] [robot_3.image_processor]: Zone=CLEAR
[image_processor-21] [INFO] [1776453277.103061942] [robot_0.image_processor]: Zone=CLEAR
[image_processor-23] [INFO] [1776453279.572991388] [robot_2.image_processor]: Zone=CLEAR
[image_processor-25] [INFO] [1776453279.583686642] [robot_4.image_processor]: Zone=CLEAR
[image_processor-22] [INFO] [1776453279.594815733] [robot_1.image_processor]: Zone=CLEAR
[image_processor-24] [INFO] [1776453279.603694105] [robot_3.image_processor]: Zone=CLEAR
[image_processor-21] [INFO] [1776453279.611554933] [robot_0.image_processor]: Zone=CLEAR
[image_processor-23] [INFO] [1776453282.068139207] [robot_2.image_processor]: Zone=CLEAR
[image_processor-25] [INFO] [1776453282.077231724] [robot_4.image_processor]: Zone=CLEAR
[image_processor-22] [INFO] [1776453282.085748523] [robot_1.image_processor]: Zone=CLEAR
[image_processor-24] [INFO] [1776453282.094104040] [robot_3.image_processor]: Zone=CLEAR
[image_processor-21] [INFO] [1776453282.104487443] [robot_0.image_processor]: Zone=CLEAR
[image_processor-25] [INFO] [1776453284.575963217] [robot_4.image_processor]: Zone=CLEAR
[image_processor-22] [INFO] [1776453284.585962486] [robot_1.image_processor]: Zone=CLEAR
[image_processor-24] [INFO] [1776453284.593727306] [robot_3.image_processor]: Zone=CLEAR
[image_processor-21] [INFO] [1776453284.604512296] [robot_0.image_processor]: Zone=CLEAR
[image_processor-23] [INFO] [1776453284.669967300] [robot_2.image_processor]: Zone=CLEAR
[image_processor-25] [INFO] [1776453287.075421577] [robot_4.image_processor]: Zone=CLEAR
[image_processor-24] [INFO] [1776453287.093997142] [robot_3.image_processor]: Zone=CLEAR
[image_processor-21] [INFO] [1776453287.103162593] [robot_0.image_processor]: Zone=CLEAR
[image_processor-23] [INFO] [1776453287.170504009] [robot_2.image_processor]: Zone=CLEAR
[image_processor-22] [INFO] [1776453287.184155407] [robot_1.image_processor]: Zone=CLEAR
[image_processor-23] [INFO] [1776453289.567059645] [robot_2.image_processor]: Zone=CLEAR
[image_processor-25] [INFO] [1776453289.576241734] [robot_4.image_processor]: Zone=CLEAR
[image_processor-22] [INFO] [1776453289.585309907] [robot_1.image_processor]: Zone=CLEAR
[image_processor-24] [INFO] [1776453289.595326407] [robot_3.image_processor]: Zone=CLEAR
[image_processor-21] [INFO] [1776453289.603677106] [robot_0.image_processor]: Zone=CLEAR
[image_processor-23] [INFO] [1776453292.068090278] [robot_2.image_processor]: Zone=CLEAR
[image_processor-25] [INFO] [1776453292.076038130] [robot_4.image_processor]: Zone=CLEAR
[image_processor-22] [INFO] [1776453292.084420855] [robot_1.image_processor]: Zone=CLEAR
[image_processor-24] [INFO] [1776453292.092439825] [robot_3.image_processor]: Zone=CLEAR
[image_processor-21] [INFO] [1776453292.102595260] [robot_0.image_processor]: Zone=CLEAR
[INFO] [image_processor-25]: sending signal 'SIGINT' to process[image_processor-25]
[ERROR] [ign gazebo-1]: process has died [pid 424927, exit code -15, cmd 'ruby /usr/bin/ign gazebo /home/ecem/ros2_ws/install/swarm_basics/share/swarm_basics/worlds/random_world.sdf -s -r --force-version 6'].
[ERROR] [parameter_bridge-4]: process has died [pid 424934, exit code -15, cmd '/opt/ros/humble/lib/ros_ign_bridge/parameter_bridge /robot_0/cmd_vel@geometry_msgs/msg/Twist]ignition.msgs.Twist /robot_0/odom@nav_msgs/msg/Odometry[ignition.msgs.Odometry /robot_0/depth_camera/depth_image@sensor_msgs/msg/Image[ignition.msgs.Image /world/random_world/model/robot_0/link/robot_0/base_footprint/sensor/contact_sensor/contact@ros_gz_interfaces/msg/Contacts[ignition.msgs.Contacts /robot_1/cmd_vel@geometry_msgs/msg/Twist]ignition.msgs.Twist /robot_1/odom@nav_msgs/msg/Odometry[ignition.msgs.Odometry /robot_1/depth_camera/depth_image@sensor_msgs/msg/Image[ignition.msgs.Image /world/random_world/model/robot_1/link/robot_1/base_footprint/sensor/contact_sensor/contact@ros_gz_interfaces/msg/Contacts[ignition.msgs.Contacts /robot_2/cmd_vel@geometry_msgs/msg/Twist]ignition.msgs.Twist /robot_2/odom@nav_msgs/msg/Odometry[ignition.msgs.Odometry /robot_2/depth_camera/depth_image@sensor_msgs/msg/Image[ignition.msgs.Image /world/random_world/model/robot_2/link/robot_2/base_footprint/sensor/contact_sensor/contact@ros_gz_interfaces/msg/Contacts[ignition.msgs.Contacts /robot_3/cmd_vel@geometry_msgs/msg/Twist]ignition.msgs.Twist /robot_3/odom@nav_msgs/msg/Odometry[ignition.msgs.Odometry /robot_3/depth_camera/depth_image@sensor_msgs/msg/Image[ignition.msgs.Image /world/random_world/model/robot_3/link/robot_3/base_footprint/sensor/contact_sensor/contact@ros_gz_interfaces/msg/Contacts[ignition.msgs.Contacts /robot_4/cmd_vel@geometry_msgs/msg/Twist]ignition.msgs.Twist /robot_4/odom@nav_msgs/msg/Odometry[ignition.msgs.Odometry /robot_4/depth_camera/depth_image@sensor_msgs/msg/Image[ignition.msgs.Image /world/random_world/model/robot_4/link/robot_4/base_footprint/sensor/contact_sensor/contact@ros_gz_interfaces/msg/Contacts[ignition.msgs.Contacts /world/random_world/dynamic_pose/info@tf2_msgs/msg/TFMessage[ignition.msgs.Pose_V --ros-args -r __node:=all_robots_bridge --params-file /tmp/launch_params_rxa4u8gs'].
[INFO] [parameter_bridge-20]: process has finished cleanly [pid 425049]
[INFO] [image_processor-24]: sending signal 'SIGINT' to process[image_processor-24]
[INFO] [bash-26]: process started with pid [425489]
[INFO] [image_processor-23]: sending signal 'SIGINT' to process[image_processor-23]
[INFO] [image_processor-22]: sending signal 'SIGINT' to process[image_processor-22]
[INFO] [image_processor-21]: sending signal 'SIGINT' to process[image_processor-21]
[INFO] [robot_supervisor-19]: sending signal 'SIGINT' to process[robot_supervisor-19]
[INFO] [robot_state_publisher-17]: sending signal 'SIGINT' to process[robot_state_publisher-17]
[INFO] [robot_supervisor-16]: sending signal 'SIGINT' to process[robot_supervisor-16]
[INFO] [robot_state_publisher-14]: sending signal 'SIGINT' to process[robot_state_publisher-14]
[INFO] [robot_supervisor-13]: sending signal 'SIGINT' to process[robot_supervisor-13]
[INFO] [robot_state_publisher-11]: sending signal 'SIGINT' to process[robot_state_publisher-11]
[INFO] [robot_supervisor-10]: sending signal 'SIGINT' to process[robot_supervisor-10]
[INFO] [robot_state_publisher-8]: sending signal 'SIGINT' to process[robot_state_publisher-8]
[ERROR] [bash-26]: process has died [pid 425489, exit code -15, cmd 'bash -lc pkill -f parameter_bridge || true'].
[INFO] [robot_supervisor-7]: sending signal 'SIGINT' to process[robot_supervisor-7]
[INFO] [robot_state_publisher-5]: sending signal 'SIGINT' to process[robot_state_publisher-5]
[INFO] [bump_counter-3]: sending signal 'SIGINT' to process[bump_counter-3]
[INFO] [coverage_counter-2]: sending signal 'SIGINT' to process[coverage_counter-2]
[parameter_bridge-20] [INFO] [1776453294.089832968] [rclcpp]: signal_handler(SIGINT/SIGTERM)
[parameter_bridge-4] [INFO] [1776453294.089844505] [rclcpp]: signal_handler(SIGINT/SIGTERM)
[INFO] [launch]: process[ign gazebo-1] was required: shutting down launched system
[image_processor-25] [INFO] [1776453294.765841298] [rclcpp]: signal_handler(SIGINT/SIGTERM)
[image_processor-24] [INFO] [1776453294.770430447] [rclcpp]: signal_handler(SIGINT/SIGTERM)
[image_processor-23] [INFO] [1776453294.773307739] [rclcpp]: signal_handler(SIGINT/SIGTERM)
[image_processor-22] [INFO] [1776453294.776232049] [rclcpp]: signal_handler(SIGINT/SIGTERM)
[image_processor-21] [INFO] [1776453294.777732741] [rclcpp]: signal_handler(SIGINT/SIGTERM)
[robot_supervisor-19] Traceback (most recent call last):
[robot_supervisor-19]   File "/home/ecem/ros2_ws/install/swarm_basics/lib/swarm_basics/robot_supervisor", line 33, in <module>
[robot_supervisor-19]     sys.exit(load_entry_point('swarm-basics==0.0.0', 'console_scripts', 'robot_supervisor')())
[robot_supervisor-19]   File "/home/ecem/ros2_ws/install/swarm_basics/lib/python3.10/site-packages/swarm_basics/robot_supervisor.py", line 867, in main
[robot_supervisor-19]     rclpy.spin(node)
[robot_supervisor-19]   File "/opt/ros/humble/local/lib/python3.10/dist-packages/rclpy/__init__.py", line 229, in spin
[robot_supervisor-19]     executor.spin_once()
[robot_supervisor-19]   File "/opt/ros/humble/local/lib/python3.10/dist-packages/rclpy/executors.py", line 773, in spin_once
[robot_supervisor-19]     self._spin_once_impl(timeout_sec)
[robot_supervisor-19]   File "/opt/ros/humble/local/lib/python3.10/dist-packages/rclpy/executors.py", line 762, in _spin_once_impl
[robot_supervisor-19]     handler, entity, node = self.wait_for_ready_callbacks(timeout_sec=timeout_sec)
[robot_supervisor-19]   File "/opt/ros/humble/local/lib/python3.10/dist-packages/rclpy/executors.py", line 745, in wait_for_ready_callbacks
[robot_supervisor-19]     return next(self._cb_iter)
[robot_supervisor-19]   File "/opt/ros/humble/local/lib/python3.10/dist-packages/rclpy/executors.py", line 642, in _wait_for_ready_callbacks
[robot_supervisor-19]     wait_set.wait(timeout_nsec)
[robot_supervisor-19] KeyboardInterrupt
[robot_state_publisher-17] [INFO] [1776453294.784187534] [rclcpp]: signal_handler(SIGINT/SIGTERM)
[robot_supervisor-16] Traceback (most recent call last):
[robot_supervisor-16]   File "/home/ecem/ros2_ws/install/swarm_basics/lib/swarm_basics/robot_supervisor", line 33, in <module>
[robot_supervisor-16]     sys.exit(load_entry_point('swarm-basics==0.0.0', 'console_scripts', 'robot_supervisor')())
[robot_supervisor-16]   File "/home/ecem/ros2_ws/install/swarm_basics/lib/python3.10/site-packages/swarm_basics/robot_supervisor.py", line 867, in main
[robot_supervisor-16]     rclpy.spin(node)
[robot_supervisor-16]   File "/opt/ros/humble/local/lib/python3.10/dist-packages/rclpy/__init__.py", line 229, in spin
[robot_supervisor-16]     executor.spin_once()
[robot_supervisor-16]   File "/opt/ros/humble/local/lib/python3.10/dist-packages/rclpy/executors.py", line 773, in spin_once
[robot_supervisor-16]     self._spin_once_impl(timeout_sec)
[robot_supervisor-16]   File "/opt/ros/humble/local/lib/python3.10/dist-packages/rclpy/executors.py", line 762, in _spin_once_impl
[robot_supervisor-16]     handler, entity, node = self.wait_for_ready_callbacks(timeout_sec=timeout_sec)
[robot_supervisor-16]   File "/opt/ros/humble/local/lib/python3.10/dist-packages/rclpy/executors.py", line 745, in wait_for_ready_callbacks
[robot_supervisor-16]     return next(self._cb_iter)
[robot_supervisor-16]   File "/opt/ros/humble/local/lib/python3.10/dist-packages/rclpy/executors.py", line 642, in _wait_for_ready_callbacks
[robot_supervisor-16]     wait_set.wait(timeout_nsec)
[robot_supervisor-16] KeyboardInterrupt
[robot_state_publisher-14] [INFO] [1776453294.788484191] [rclcpp]: signal_handler(SIGINT/SIGTERM)
[robot_supervisor-13] Traceback (most recent call last):
[robot_supervisor-13]   File "/home/ecem/ros2_ws/install/swarm_basics/lib/swarm_basics/robot_supervisor", line 33, in <module>
[robot_supervisor-13]     sys.exit(load_entry_point('swarm-basics==0.0.0', 'console_scripts', 'robot_supervisor')())
[robot_supervisor-13]   File "/home/ecem/ros2_ws/install/swarm_basics/lib/python3.10/site-packages/swarm_basics/robot_supervisor.py", line 867, in main
[robot_supervisor-13]     rclpy.spin(node)
[robot_supervisor-13]   File "/opt/ros/humble/local/lib/python3.10/dist-packages/rclpy/__init__.py", line 229, in spin
[robot_supervisor-13]     executor.spin_once()
[robot_supervisor-13]   File "/opt/ros/humble/local/lib/python3.10/dist-packages/rclpy/executors.py", line 773, in spin_once
[robot_supervisor-13]     self._spin_once_impl(timeout_sec)
[robot_supervisor-13]   File "/opt/ros/humble/local/lib/python3.10/dist-packages/rclpy/executors.py", line 762, in _spin_once_impl
[robot_supervisor-13]     handler, entity, node = self.wait_for_ready_callbacks(timeout_sec=timeout_sec)
[robot_supervisor-13]   File "/opt/ros/humble/local/lib/python3.10/dist-packages/rclpy/executors.py", line 745, in wait_for_ready_callbacks
[robot_supervisor-13]     return next(self._cb_iter)
[robot_supervisor-13]   File "/opt/ros/humble/local/lib/python3.10/dist-packages/rclpy/executors.py", line 642, in _wait_for_ready_callbacks
[robot_supervisor-13]     wait_set.wait(timeout_nsec)
[robot_supervisor-13] KeyboardInterrupt
[robot_state_publisher-11] [INFO] [1776453294.793142182] [rclcpp]: signal_handler(SIGINT/SIGTERM)
[robot_supervisor-10] Traceback (most recent call last):
[robot_supervisor-10]   File "/home/ecem/ros2_ws/install/swarm_basics/lib/swarm_basics/robot_supervisor", line 33, in <module>
[robot_supervisor-10]     sys.exit(load_entry_point('swarm-basics==0.0.0', 'console_scripts', 'robot_supervisor')())
[robot_supervisor-10]   File "/home/ecem/ros2_ws/install/swarm_basics/lib/python3.10/site-packages/swarm_basics/robot_supervisor.py", line 867, in main
[robot_supervisor-10]     rclpy.spin(node)
[robot_supervisor-10]   File "/opt/ros/humble/local/lib/python3.10/dist-packages/rclpy/__init__.py", line 229, in spin
[robot_supervisor-10]     executor.spin_once()
[robot_supervisor-10]   File "/opt/ros/humble/local/lib/python3.10/dist-packages/rclpy/executors.py", line 773, in spin_once
[robot_supervisor-10]     self._spin_once_impl(timeout_sec)
[robot_supervisor-10]   File "/opt/ros/humble/local/lib/python3.10/dist-packages/rclpy/executors.py", line 762, in _spin_once_impl
[robot_supervisor-10]     handler, entity, node = self.wait_for_ready_callbacks(timeout_sec=timeout_sec)
[robot_supervisor-10]   File "/opt/ros/humble/local/lib/python3.10/dist-packages/rclpy/executors.py", line 745, in wait_for_ready_callbacks
[robot_supervisor-10]     return next(self._cb_iter)
[robot_supervisor-10]   File "/opt/ros/humble/local/lib/python3.10/dist-packages/rclpy/executors.py", line 642, in _wait_for_ready_callbacks
[robot_supervisor-10]     wait_set.wait(timeout_nsec)
[robot_supervisor-10] KeyboardInterrupt
[robot_state_publisher-8] [INFO] [1776453294.799813240] [rclcpp]: signal_handler(SIGINT/SIGTERM)
[robot_supervisor-7] Traceback (most recent call last):
[robot_supervisor-7]   File "/home/ecem/ros2_ws/install/swarm_basics/lib/swarm_basics/robot_supervisor", line 33, in <module>
[robot_supervisor-7]     sys.exit(load_entry_point('swarm-basics==0.0.0', 'console_scripts', 'robot_supervisor')())
[robot_supervisor-7]   File "/home/ecem/ros2_ws/install/swarm_basics/lib/python3.10/site-packages/swarm_basics/robot_supervisor.py", line 867, in main
[robot_supervisor-7]     rclpy.spin(node)
[robot_supervisor-7]   File "/opt/ros/humble/local/lib/python3.10/dist-packages/rclpy/__init__.py", line 229, in spin
[robot_supervisor-7]     executor.spin_once()
[robot_supervisor-7]   File "/opt/ros/humble/local/lib/python3.10/dist-packages/rclpy/executors.py", line 773, in spin_once
[robot_supervisor-7]     self._spin_once_impl(timeout_sec)
[robot_supervisor-7]   File "/opt/ros/humble/local/lib/python3.10/dist-packages/rclpy/executors.py", line 762, in _spin_once_impl
[robot_supervisor-7]     handler, entity, node = self.wait_for_ready_callbacks(timeout_sec=timeout_sec)
[robot_supervisor-7]   File "/opt/ros/humble/local/lib/python3.10/dist-packages/rclpy/executors.py", line 745, in wait_for_ready_callbacks
[robot_supervisor-7]     return next(self._cb_iter)
[robot_supervisor-7]   File "/opt/ros/humble/local/lib/python3.10/dist-packages/rclpy/executors.py", line 642, in _wait_for_ready_callbacks
[robot_supervisor-7]     wait_set.wait(timeout_nsec)
[robot_supervisor-7] KeyboardInterrupt
[robot_state_publisher-5] [INFO] [1776453294.806362395] [rclcpp]: signal_handler(SIGINT/SIGTERM)
[ERROR] [launch]: Caught exception in launch (see debug for traceback): ExecuteLocal action 'bash-27': executed more than once: <launch.actions.execute_process.ExecuteProcess object at 0x7b4dc9f90850>
[INFO] [image_processor-25]: process has finished cleanly [pid 425331]
[INFO] [image_processor-24]: process has finished cleanly [pid 425329]
[INFO] [image_processor-23]: process has finished cleanly [pid 425327]
[INFO] [image_processor-22]: process has finished cleanly [pid 425325]
[INFO] [image_processor-21]: process has finished cleanly [pid 425323]
[INFO] [robot_state_publisher-17]: process has finished cleanly [pid 424964]
[INFO] [robot_state_publisher-14]: process has finished cleanly [pid 424956]
[INFO] [robot_state_publisher-11]: process has finished cleanly [pid 424950]
[INFO] [robot_state_publisher-8]: process has finished cleanly [pid 424943]
[INFO] [robot_state_publisher-5]: process has finished cleanly [pid 424936]
[coverage_counter-2] Traceback (most recent call last):
[coverage_counter-2]   File "/home/ecem/ros2_ws/install/swarm_basics/lib/python3.10/site-packages/swarm_basics/coverage_counter.py", line 418, in main
[coverage_counter-2]     rclpy.spin(node)
[coverage_counter-2]   File "/opt/ros/humble/local/lib/python3.10/dist-packages/rclpy/__init__.py", line 229, in spin
[coverage_counter-2]     executor.spin_once()
[coverage_counter-2]   File "/opt/ros/humble/local/lib/python3.10/dist-packages/rclpy/executors.py", line 773, in spin_once
[coverage_counter-2]     self._spin_once_impl(timeout_sec)
[coverage_counter-2]   File "/opt/ros/humble/local/lib/python3.10/dist-packages/rclpy/executors.py", line 768, in _spin_once_impl
[coverage_counter-2]     handler()
[coverage_counter-2]   File "/opt/ros/humble/local/lib/python3.10/dist-packages/rclpy/task.py", line 254, in __call__
[coverage_counter-2]     self._handler.send(None)
[coverage_counter-2]   File "/opt/ros/humble/local/lib/python3.10/dist-packages/rclpy/executors.py", line 463, in handler
[coverage_counter-2]     await call_coroutine(entity, arg)
[coverage_counter-2]   File "/opt/ros/humble/local/lib/python3.10/dist-packages/rclpy/executors.py", line 371, in _execute_timer
[coverage_counter-2]     await await_or_execute(tmr.callback)
[coverage_counter-2]   File "/opt/ros/humble/local/lib/python3.10/dist-packages/rclpy/executors.py", line 107, in await_or_execute
[coverage_counter-2]     return callback(*args)
[coverage_counter-2]   File "/home/ecem/ros2_ws/install/swarm_basics/lib/python3.10/site-packages/swarm_basics/coverage_counter.py", line 152, in _on_timeout_timer
[coverage_counter-2]     self.shutdown_and_save()
[coverage_counter-2]   File "/home/ecem/ros2_ws/install/swarm_basics/lib/python3.10/site-packages/swarm_basics/coverage_counter.py", line 174, in shutdown_and_save
[coverage_counter-2]     rclpy.shutdown()
[coverage_counter-2]   File "/opt/ros/humble/local/lib/python3.10/dist-packages/rclpy/__init__.py", line 130, in shutdown
[coverage_counter-2]     _shutdown(context=context)
[coverage_counter-2]   File "/opt/ros/humble/local/lib/python3.10/dist-packages/rclpy/utilities.py", line 58, in shutdown
[coverage_counter-2]     return context.shutdown()
[coverage_counter-2]   File "/opt/ros/humble/local/lib/python3.10/dist-packages/rclpy/context.py", line 103, in shutdown
[coverage_counter-2]     self._call_on_shutdown_callbacks()
[coverage_counter-2]   File "/opt/ros/humble/local/lib/python3.10/dist-packages/rclpy/context.py", line 92, in _call_on_shutdown_callbacks
[coverage_counter-2]     callback = weak_method()
[coverage_counter-2]   File "/opt/ros/humble/local/lib/python3.10/dist-packages/rclpy/__init__.py", line 111, in reset_executor
[coverage_counter-2]     __executor.shutdown()
[coverage_counter-2]   File "/opt/ros/humble/local/lib/python3.10/dist-packages/rclpy/executors.py", line 227, in shutdown
[coverage_counter-2]     if not self._work_tracker.wait(timeout_sec):
[coverage_counter-2]   File "/opt/ros/humble/local/lib/python3.10/dist-packages/rclpy/executors.py", line 94, in wait
[coverage_counter-2]     if not self._work_condition.wait_for(
[coverage_counter-2]   File "/usr/lib/python3.10/threading.py", line 355, in wait_for
[coverage_counter-2]     self.wait(waittime)
[coverage_counter-2]   File "/usr/lib/python3.10/threading.py", line 320, in wait
[coverage_counter-2]     waiter.acquire()
[coverage_counter-2] KeyboardInterrupt
[coverage_counter-2] 
[coverage_counter-2] During handling of the above exception, another exception occurred:
[coverage_counter-2] 
[coverage_counter-2] Traceback (most recent call last):
[coverage_counter-2]   File "/home/ecem/ros2_ws/install/swarm_basics/lib/swarm_basics/coverage_counter", line 33, in <module>
[coverage_counter-2]     sys.exit(load_entry_point('swarm-basics==0.0.0', 'console_scripts', 'coverage_counter')())
[coverage_counter-2]   File "/home/ecem/ros2_ws/install/swarm_basics/lib/python3.10/site-packages/swarm_basics/coverage_counter.py", line 421, in main
[coverage_counter-2]     node.shutdown_and_save()
[coverage_counter-2]   File "/home/ecem/ros2_ws/install/swarm_basics/lib/python3.10/site-packages/swarm_basics/coverage_counter.py", line 174, in shutdown_and_save
[coverage_counter-2]     rclpy.shutdown()
[coverage_counter-2]   File "/opt/ros/humble/local/lib/python3.10/dist-packages/rclpy/__init__.py", line 130, in shutdown
[coverage_counter-2]     _shutdown(context=context)
[coverage_counter-2]   File "/opt/ros/humble/local/lib/python3.10/dist-packages/rclpy/utilities.py", line 58, in shutdown
[coverage_counter-2]     return context.shutdown()
[coverage_counter-2]   File "/opt/ros/humble/local/lib/python3.10/dist-packages/rclpy/context.py", line 100, in shutdown
[coverage_counter-2]     raise RuntimeError('Context must be initialized before it can be shutdown')
[coverage_counter-2] RuntimeError: Context must be initialized before it can be shutdown
[bump_counter-3] Traceback (most recent call last):
[bump_counter-3]   File "/home/ecem/ros2_ws/install/swarm_basics/lib/swarm_basics/bump_counter", line 33, in <module>
[bump_counter-3]     sys.exit(load_entry_point('swarm-basics==0.0.0', 'console_scripts', 'bump_counter')())
[bump_counter-3]   File "/home/ecem/ros2_ws/install/swarm_basics/lib/python3.10/site-packages/swarm_basics/bump_counter.py", line 384, in main
[bump_counter-3]     rclpy.shutdown()
[bump_counter-3]   File "/opt/ros/humble/local/lib/python3.10/dist-packages/rclpy/__init__.py", line 130, in shutdown
[bump_counter-3]     _shutdown(context=context)
[bump_counter-3]   File "/opt/ros/humble/local/lib/python3.10/dist-packages/rclpy/utilities.py", line 58, in shutdown
[bump_counter-3]     return context.shutdown()
[bump_counter-3]   File "/opt/ros/humble/local/lib/python3.10/dist-packages/rclpy/context.py", line 102, in shutdown
[bump_counter-3]     self.__context.shutdown()
[bump_counter-3] rclpy._rclpy_pybind11.RCLError: failed to shutdown: rcl_shutdown already called on the given context, at ./src/rcl/init.c:241
[ERROR] [coverage_counter-2]: process has died [pid 424930, exit code 1, cmd '/home/ecem/ros2_ws/install/swarm_basics/lib/swarm_basics/coverage_counter --ros-args -r __node:=coverage_counter --params-file /tmp/launch_params_zlvhxs2j --params-file /tmp/launch_params_ruow6sr5 --params-file /tmp/launch_params_5gfb8sag --params-file /tmp/launch_params_00l1mz8_ --params-file /tmp/launch_params_m09u6l4t --params-file /tmp/launch_params_k1gaza0w'].
[ERROR] [bump_counter-3]: process has died [pid 424932, exit code 1, cmd '/home/ecem/ros2_ws/install/swarm_basics/lib/swarm_basics/bump_counter --ros-args -r __node:=bump_counter --params-file /tmp/launch_params_x1wdfno_ --params-file /tmp/launch_params_7vknviil --params-file /tmp/launch_params_5n5x28x0'].
[ERROR] [robot_supervisor-13]: process has died [pid 424954, exit code -2, cmd '/home/ecem/ros2_ws/install/swarm_basics/lib/swarm_basics/robot_supervisor --ros-args -r __node:=robot_supervisor -r __ns:=/robot_2 --params-file /tmp/launch_params_vp59hds5 --params-file /tmp/launch_params_vsmlvho1 --params-file /tmp/launch_params_k5v67ogs --params-file /tmp/launch_params_ucdpdbr6'].
[ERROR] [robot_supervisor-19]: process has died [pid 425018, exit code -2, cmd '/home/ecem/ros2_ws/install/swarm_basics/lib/swarm_basics/robot_supervisor --ros-args -r __node:=robot_supervisor -r __ns:=/robot_4 --params-file /tmp/launch_params_cqfxp5pc --params-file /tmp/launch_params_abpd790d --params-file /tmp/launch_params_yqkv70ix --params-file /tmp/launch_params_hk7ndnpv'].
[ERROR] [robot_supervisor-7]: process has died [pid 424940, exit code -2, cmd '/home/ecem/ros2_ws/install/swarm_basics/lib/swarm_basics/robot_supervisor --ros-args -r __node:=robot_supervisor -r __ns:=/robot_0 --params-file /tmp/launch_params__wy28mlj --params-file /tmp/launch_params_hfa9chpc --params-file /tmp/launch_params_cn0vz1p3 --params-file /tmp/launch_params_jeepuq_g'].
[ERROR] [robot_supervisor-10]: process has died [pid 424948, exit code -2, cmd '/home/ecem/ros2_ws/install/swarm_basics/lib/swarm_basics/robot_supervisor --ros-args -r __node:=robot_supervisor -r __ns:=/robot_1 --params-file /tmp/launch_params_mso4rsdk --params-file /tmp/launch_params_xtseqhec --params-file /tmp/launch_params_scny9n1d --params-file /tmp/launch_params_qkpwc79f'].
[ERROR] [robot_supervisor-16]: process has died [pid 424962, exit code -2, cmd '/home/ecem/ros2_ws/install/swarm_basics/lib/swarm_basics/robot_supervisor --ros-args -r __node:=robot_supervisor -r __ns:=/robot_3 --params-file /tmp/launch_params_uqohr7qg --params-file /tmp/launch_params_dewdn6nh --params-file /tmp/launch_params_ffos32de --params-file /tmp/launch_params_r56ma2z4'].
