Writing generation outputs to /home/ecem/ros2_ws/src/Leo_sct/basic_sim/llm_generated/prompt_13/run_002
Writing generation log to /home/ecem/ros2_ws/src/Leo_sct/basic_sim/llm_generated/prompt_13/run_002/generation.log
Wrote /home/ecem/ros2_ws/src/Leo_sct/basic_sim/llm_generated/prompt_13/run_002/full_prompt.txt
Wrote /home/ecem/ros2_ws/src/Leo_sct/basic_sim/llm_generated/prompt_13/run_002/user_prompt.txt
Wrote /home/ecem/ros2_ws/src/Leo_sct/basic_sim/llm_generated/prompt_13/run_002/json/basic_sim_ge.json
Wrote /home/ecem/ros2_ws/src/Leo_sct/basic_sim/llm_generated/prompt_13/run_002/json/G.json
Wrote /home/ecem/ros2_ws/src/Leo_sct/basic_sim/llm_generated/prompt_13/run_002/json/E.json
Wrote /home/ecem/ros2_ws/src/Leo_sct/basic_sim/llm_generated/prompt_13/run_002/xml/G.xml
Wrote /home/ecem/ros2_ws/src/Leo_sct/basic_sim/llm_generated/prompt_13/run_002/xml/E.xml

Synthesizing Sloc...
Wrote /home/ecem/ros2_ws/src/Leo_sct/basic_sim/llm_generated/prompt_13/run_002/synthesized/Gloc.xml
Wrote /home/ecem/ros2_ws/src/Leo_sct/basic_sim/llm_generated/prompt_13/run_002/synthesized/Kloc.xml
Wrote /home/ecem/ros2_ws/src/Leo_sct/basic_sim/llm_generated/prompt_13/run_002/synthesized/Sloc.xml

Running feedback simulation round 1...
Wrote /home/ecem/ros2_ws/src/Leo_sct/basic_sim/llm_generated/prompt_13/run_002/feedback_round_001/simulation_feedback.txt
Wrote /home/ecem/ros2_ws/src/Leo_sct/basic_sim/llm_generated/prompt_13/run_002/feedback_round_001/full_prompt.txt
Wrote /home/ecem/ros2_ws/src/Leo_sct/basic_sim/llm_generated/prompt_13/run_002/feedback_round_001/user_prompt.txt
Wrote /home/ecem/ros2_ws/src/Leo_sct/basic_sim/llm_generated/prompt_13/run_002/feedback_round_001/json/basic_sim_ge.json
Wrote /home/ecem/ros2_ws/src/Leo_sct/basic_sim/llm_generated/prompt_13/run_002/feedback_round_001/json/G.json
Wrote /home/ecem/ros2_ws/src/Leo_sct/basic_sim/llm_generated/prompt_13/run_002/feedback_round_001/json/E.json
Wrote /home/ecem/ros2_ws/src/Leo_sct/basic_sim/llm_generated/prompt_13/run_002/feedback_round_001/xml/G.xml
Wrote /home/ecem/ros2_ws/src/Leo_sct/basic_sim/llm_generated/prompt_13/run_002/feedback_round_001/xml/E.xml

Synthesizing Sloc...
Wrote /home/ecem/ros2_ws/src/Leo_sct/basic_sim/llm_generated/prompt_13/run_002/feedback_round_001/synthesized/Gloc.xml
Wrote /home/ecem/ros2_ws/src/Leo_sct/basic_sim/llm_generated/prompt_13/run_002/feedback_round_001/synthesized/Kloc.xml
Wrote /home/ecem/ros2_ws/src/Leo_sct/basic_sim/llm_generated/prompt_13/run_002/feedback_round_001/synthesized/Sloc.xml

Running feedback simulation round 2...
Wrote /home/ecem/ros2_ws/src/Leo_sct/basic_sim/llm_generated/prompt_13/run_002/feedback_round_002/simulation_feedback.txt
Wrote /home/ecem/ros2_ws/src/Leo_sct/basic_sim/llm_generated/prompt_13/run_002/feedback_round_002/full_prompt.txt
Wrote /home/ecem/ros2_ws/src/Leo_sct/basic_sim/llm_generated/prompt_13/run_002/feedback_round_002/user_prompt.txt
Wrote /home/ecem/ros2_ws/src/Leo_sct/basic_sim/llm_generated/prompt_13/run_002/feedback_round_002/json/basic_sim_ge.json
Wrote /home/ecem/ros2_ws/src/Leo_sct/basic_sim/llm_generated/prompt_13/run_002/feedback_round_002/json/G.json
Wrote /home/ecem/ros2_ws/src/Leo_sct/basic_sim/llm_generated/prompt_13/run_002/feedback_round_002/json/E.json
Wrote /home/ecem/ros2_ws/src/Leo_sct/basic_sim/llm_generated/prompt_13/run_002/feedback_round_002/xml/G.xml
Wrote /home/ecem/ros2_ws/src/Leo_sct/basic_sim/llm_generated/prompt_13/run_002/feedback_round_002/xml/E.xml

Synthesizing Sloc...
Wrote /home/ecem/ros2_ws/src/Leo_sct/basic_sim/llm_generated/prompt_13/run_002/feedback_round_002/synthesized/Gloc.xml
Wrote /home/ecem/ros2_ws/src/Leo_sct/basic_sim/llm_generated/prompt_13/run_002/feedback_round_002/synthesized/Kloc.xml
Wrote /home/ecem/ros2_ws/src/Leo_sct/basic_sim/llm_generated/prompt_13/run_002/feedback_round_002/synthesized/Sloc.xml

Running final feedback simulation...
Wrote /home/ecem/ros2_ws/src/Leo_sct/basic_sim/llm_generated/prompt_13/run_002/final_feedback_simulation/simulation_feedback.txt

Next step:
  python3 basic_sim/grid_sim.py --automata /home/ecem/ros2_ws/src/Leo_sct/basic_sim/llm_generated/prompt_13/run_002/feedback_round_002/synthesized/Sloc.xml --agents 5
