[0.011s] Invoking command in '/home/ecem/ros2_ws/src/Leo_sct/build/leo_image': CMAKE_PREFIX_PATH=${CMAKE_PREFIX_PATH}:/home/ecem/ros2_ws/install/swarm_basics:/opt/ros/humble /usr/bin/cmake /home/ecem/ros2_ws/src/Leo_sct/leo_image -DCMAKE_INSTALL_PREFIX=/home/ecem/ros2_ws/src/Leo_sct/install/leo_image
[0.096s] -- The C compiler identification is GNU 11.4.0
[0.173s] -- The CXX compiler identification is GNU 11.4.0
[0.182s] -- Detecting C compiler ABI info
[0.240s] -- Detecting C compiler ABI info - done
[0.248s] -- Check for working C compiler: /usr/bin/cc - skipped
[0.248s] -- Detecting C compile features
[0.249s] -- Detecting C compile features - done
[0.251s] -- Detecting CXX compiler ABI info
[0.318s] -- Detecting CXX compiler ABI info - done
[0.325s] -- Check for working CXX compiler: /usr/bin/c++ - skipped
[0.325s] -- Detecting CXX compile features
[0.326s] -- Detecting CXX compile features - done
[0.330s] -- Found ament_cmake: 1.3.12 (/opt/ros/humble/share/ament_cmake/cmake)
[0.456s] -- Found Python3: /usr/bin/python3 (found version "3.10.12") found components: Interpreter 
[0.550s] -- Found rclcpp: 16.0.17 (/opt/ros/humble/share/rclcpp/cmake)
[0.594s] -- Found rosidl_generator_c: 3.1.8 (/opt/ros/humble/share/rosidl_generator_c/cmake)
[0.603s] -- Found rosidl_adapter: 3.1.8 (/opt/ros/humble/share/rosidl_adapter/cmake)
[0.610s] -- Found rosidl_generator_cpp: 3.1.8 (/opt/ros/humble/share/rosidl_generator_cpp/cmake)
[0.632s] -- Using all available rosidl_typesupport_c: rosidl_typesupport_fastrtps_c;rosidl_typesupport_introspection_c
[0.640s] -- Using all available rosidl_typesupport_cpp: rosidl_typesupport_fastrtps_cpp;rosidl_typesupport_introspection_cpp
[0.678s] -- Found rmw_implementation_cmake: 6.1.2 (/opt/ros/humble/share/rmw_implementation_cmake/cmake)
[0.681s] -- Found rmw_cyclonedds_cpp: 1.3.4 (/opt/ros/humble/share/rmw_cyclonedds_cpp/cmake)
[0.703s] -- Using RMW implementation 'rmw_cyclonedds_cpp' as default
[0.711s] -- Looking for pthread.h
[0.775s] -- Looking for pthread.h - found
[0.776s] -- Performing Test CMAKE_HAVE_LIBC_PTHREAD
[0.831s] -- Performing Test CMAKE_HAVE_LIBC_PTHREAD - Success
[0.832s] -- Found Threads: TRUE  
[0.874s] -- Found sensor_msgs: 4.9.0 (/opt/ros/humble/share/sensor_msgs/cmake)
[0.895s] -- Found message_filters: 4.3.11 (/opt/ros/humble/share/message_filters/cmake)
[0.902s] -- Found OpenCV: /usr (found version "4.5.4") 
[0.904s] -- Found cv_bridge: 3.2.1 (/opt/ros/humble/share/cv_bridge/cmake)
[0.909s] -- Found ament_lint_auto: 0.12.14 (/opt/ros/humble/share/ament_lint_auto/cmake)
[0.968s] -- Added test 'cppcheck' to perform static code analysis on C / C++ code
[0.968s] -- Configured cppcheck include dirs: $<BUILD_INTERFACE:/home/ecem/ros2_ws/src/Leo_sct/leo_image/include>
[0.969s] -- Configured cppcheck exclude dirs and/or files: 
[0.969s] -- Added test 'lint_cmake' to check CMake code style
[0.970s] -- Added test 'uncrustify' to check C / C++ code style
[0.970s] -- Configured uncrustify additional arguments: 
[0.971s] -- Added test 'xmllint' to check XML markup files
[0.972s] -- Configuring done
[0.978s] -- Generating done
[0.980s] -- Build files have been written to: /home/ecem/ros2_ws/src/Leo_sct/build/leo_image
[0.989s] Invoked command in '/home/ecem/ros2_ws/src/Leo_sct/build/leo_image' returned '0': CMAKE_PREFIX_PATH=${CMAKE_PREFIX_PATH}:/home/ecem/ros2_ws/install/swarm_basics:/opt/ros/humble /usr/bin/cmake /home/ecem/ros2_ws/src/Leo_sct/leo_image -DCMAKE_INSTALL_PREFIX=/home/ecem/ros2_ws/src/Leo_sct/install/leo_image
[0.989s] Invoking command in '/home/ecem/ros2_ws/src/Leo_sct/build/leo_image': CMAKE_PREFIX_PATH=${CMAKE_PREFIX_PATH}:/home/ecem/ros2_ws/install/swarm_basics:/opt/ros/humble /usr/bin/cmake --build /home/ecem/ros2_ws/src/Leo_sct/build/leo_image -- -j22 -l22
[1.029s] [ 50%] [32mBuilding CXX object CMakeFiles/image_processor.dir/src/image_processor.cpp.o[0m
[6.358s] [100%] [32m[1mLinking CXX executable image_processor[0m
[6.836s] [100%] Built target image_processor
[6.847s] Invoked command in '/home/ecem/ros2_ws/src/Leo_sct/build/leo_image' returned '0': CMAKE_PREFIX_PATH=${CMAKE_PREFIX_PATH}:/home/ecem/ros2_ws/install/swarm_basics:/opt/ros/humble /usr/bin/cmake --build /home/ecem/ros2_ws/src/Leo_sct/build/leo_image -- -j22 -l22
[6.857s] Invoking command in '/home/ecem/ros2_ws/src/Leo_sct/build/leo_image': CMAKE_PREFIX_PATH=${CMAKE_PREFIX_PATH}:/home/ecem/ros2_ws/install/swarm_basics:/opt/ros/humble /usr/bin/cmake --install /home/ecem/ros2_ws/src/Leo_sct/build/leo_image
[6.862s] -- Install configuration: ""
[6.862s] -- Installing: /home/ecem/ros2_ws/src/Leo_sct/install/leo_image/lib/leo_image/image_processor
[6.864s] -- Set runtime path of "/home/ecem/ros2_ws/src/Leo_sct/install/leo_image/lib/leo_image/image_processor" to ""
[6.864s] -- Installing: /home/ecem/ros2_ws/src/Leo_sct/install/leo_image/share/ament_index/resource_index/package_run_dependencies/leo_image
[6.864s] -- Installing: /home/ecem/ros2_ws/src/Leo_sct/install/leo_image/share/ament_index/resource_index/parent_prefix_path/leo_image
[6.864s] -- Installing: /home/ecem/ros2_ws/src/Leo_sct/install/leo_image/share/leo_image/environment/ament_prefix_path.sh
[6.864s] -- Installing: /home/ecem/ros2_ws/src/Leo_sct/install/leo_image/share/leo_image/environment/ament_prefix_path.dsv
[6.864s] -- Installing: /home/ecem/ros2_ws/src/Leo_sct/install/leo_image/share/leo_image/environment/path.sh
[6.865s] -- Installing: /home/ecem/ros2_ws/src/Leo_sct/install/leo_image/share/leo_image/environment/path.dsv
[6.865s] -- Installing: /home/ecem/ros2_ws/src/Leo_sct/install/leo_image/share/leo_image/local_setup.bash
[6.865s] -- Installing: /home/ecem/ros2_ws/src/Leo_sct/install/leo_image/share/leo_image/local_setup.sh
[6.865s] -- Installing: /home/ecem/ros2_ws/src/Leo_sct/install/leo_image/share/leo_image/local_setup.zsh
[6.865s] -- Installing: /home/ecem/ros2_ws/src/Leo_sct/install/leo_image/share/leo_image/local_setup.dsv
[6.865s] -- Installing: /home/ecem/ros2_ws/src/Leo_sct/install/leo_image/share/leo_image/package.dsv
[6.865s] -- Installing: /home/ecem/ros2_ws/src/Leo_sct/install/leo_image/share/ament_index/resource_index/packages/leo_image
[6.865s] -- Installing: /home/ecem/ros2_ws/src/Leo_sct/install/leo_image/share/leo_image/cmake/leo_imageConfig.cmake
[6.865s] -- Installing: /home/ecem/ros2_ws/src/Leo_sct/install/leo_image/share/leo_image/cmake/leo_imageConfig-version.cmake
[6.865s] -- Installing: /home/ecem/ros2_ws/src/Leo_sct/install/leo_image/share/leo_image/package.xml
[6.866s] Invoked command in '/home/ecem/ros2_ws/src/Leo_sct/build/leo_image' returned '0': CMAKE_PREFIX_PATH=${CMAKE_PREFIX_PATH}:/home/ecem/ros2_ws/install/swarm_basics:/opt/ros/humble /usr/bin/cmake --install /home/ecem/ros2_ws/src/Leo_sct/build/leo_image
