[0.010s] Invoking command in '/home/ecem/ros2_real_ws/src/Leo_sct_real/Leo_sct/build/leo_image': CMAKE_PREFIX_PATH=${CMAKE_PREFIX_PATH}:/home/ecem/ros2_ws/install/swarm_basics:/opt/ros/humble /usr/bin/cmake --build /home/ecem/ros2_real_ws/src/Leo_sct_real/Leo_sct/build/leo_image -- -j22 -l22
[0.051s] Consolidate compiler generated dependencies of target image_processor_rgb
[0.067s] [ 50%] Building CXX object CMakeFiles/image_processor_rgb.dir/src/image_processor_rgb.cpp.o
[5.974s] [100%] Linking CXX executable image_processor_rgb
[6.444s] [100%] Built target image_processor_rgb
[6.456s] Invoked command in '/home/ecem/ros2_real_ws/src/Leo_sct_real/Leo_sct/build/leo_image' returned '0': CMAKE_PREFIX_PATH=${CMAKE_PREFIX_PATH}:/home/ecem/ros2_ws/install/swarm_basics:/opt/ros/humble /usr/bin/cmake --build /home/ecem/ros2_real_ws/src/Leo_sct_real/Leo_sct/build/leo_image -- -j22 -l22
[6.464s] Invoking command in '/home/ecem/ros2_real_ws/src/Leo_sct_real/Leo_sct/build/leo_image': CMAKE_PREFIX_PATH=${CMAKE_PREFIX_PATH}:/home/ecem/ros2_ws/install/swarm_basics:/opt/ros/humble /usr/bin/cmake --install /home/ecem/ros2_real_ws/src/Leo_sct_real/Leo_sct/build/leo_image
[6.469s] -- Install configuration: ""
[6.469s] -- Installing: /home/ecem/ros2_real_ws/src/Leo_sct_real/Leo_sct/install/leo_image/lib/leo_image/image_processor_rgb
[6.472s] -- Set runtime path of "/home/ecem/ros2_real_ws/src/Leo_sct_real/Leo_sct/install/leo_image/lib/leo_image/image_processor_rgb" to ""
[6.472s] -- Up-to-date: /home/ecem/ros2_real_ws/src/Leo_sct_real/Leo_sct/install/leo_image/share/ament_index/resource_index/package_run_dependencies/leo_image
[6.472s] -- Up-to-date: /home/ecem/ros2_real_ws/src/Leo_sct_real/Leo_sct/install/leo_image/share/ament_index/resource_index/parent_prefix_path/leo_image
[6.472s] -- Up-to-date: /home/ecem/ros2_real_ws/src/Leo_sct_real/Leo_sct/install/leo_image/share/leo_image/environment/ament_prefix_path.sh
[6.472s] -- Up-to-date: /home/ecem/ros2_real_ws/src/Leo_sct_real/Leo_sct/install/leo_image/share/leo_image/environment/ament_prefix_path.dsv
[6.473s] -- Up-to-date: /home/ecem/ros2_real_ws/src/Leo_sct_real/Leo_sct/install/leo_image/share/leo_image/environment/path.sh
[6.473s] -- Up-to-date: /home/ecem/ros2_real_ws/src/Leo_sct_real/Leo_sct/install/leo_image/share/leo_image/environment/path.dsv
[6.473s] -- Up-to-date: /home/ecem/ros2_real_ws/src/Leo_sct_real/Leo_sct/install/leo_image/share/leo_image/local_setup.bash
[6.473s] -- Up-to-date: /home/ecem/ros2_real_ws/src/Leo_sct_real/Leo_sct/install/leo_image/share/leo_image/local_setup.sh
[6.473s] -- Up-to-date: /home/ecem/ros2_real_ws/src/Leo_sct_real/Leo_sct/install/leo_image/share/leo_image/local_setup.zsh
[6.473s] -- Up-to-date: /home/ecem/ros2_real_ws/src/Leo_sct_real/Leo_sct/install/leo_image/share/leo_image/local_setup.dsv
[6.473s] -- Installing: /home/ecem/ros2_real_ws/src/Leo_sct_real/Leo_sct/install/leo_image/share/leo_image/package.dsv
[6.473s] -- Up-to-date: /home/ecem/ros2_real_ws/src/Leo_sct_real/Leo_sct/install/leo_image/share/ament_index/resource_index/packages/leo_image
[6.473s] -- Up-to-date: /home/ecem/ros2_real_ws/src/Leo_sct_real/Leo_sct/install/leo_image/share/leo_image/cmake/leo_imageConfig.cmake
[6.473s] -- Up-to-date: /home/ecem/ros2_real_ws/src/Leo_sct_real/Leo_sct/install/leo_image/share/leo_image/cmake/leo_imageConfig-version.cmake
[6.473s] -- Up-to-date: /home/ecem/ros2_real_ws/src/Leo_sct_real/Leo_sct/install/leo_image/share/leo_image/package.xml
[6.474s] Invoked command in '/home/ecem/ros2_real_ws/src/Leo_sct_real/Leo_sct/build/leo_image' returned '0': CMAKE_PREFIX_PATH=${CMAKE_PREFIX_PATH}:/home/ecem/ros2_ws/install/swarm_basics:/opt/ros/humble /usr/bin/cmake --install /home/ecem/ros2_real_ws/src/Leo_sct_real/Leo_sct/build/leo_image
