[0.014s] Invoking command in '/home/ecem/ros2_real_ws/src/Leo_sct_real/Leo_sct/build/leo_image': CMAKE_PREFIX_PATH=${CMAKE_PREFIX_PATH}:/home/ecem/ros2_ws/install/swarm_basics:/opt/ros/humble /usr/bin/cmake --build /home/ecem/ros2_real_ws/src/Leo_sct_real/Leo_sct/build/leo_image -- -j22 -l22
[0.229s] Consolidate compiler generated dependencies of target image_processor_rgb
[0.229s] [ 50%] Building CXX object CMakeFiles/image_processor_rgb.dir/src/image_processor_rgb.cpp.o
[1.610s] /home/ecem/ros2_real_ws/src/Leo_sct_real/Leo_sct/leo_image/src/image_processor_rgb.cpp: In member function ‘void DepthZoneDetector::rgbCallback(const ConstSharedPtr&)’:
[1.611s] /home/ecem/ros2_real_ws/src/Leo_sct_real/Leo_sct/leo_image/src/image_processor_rgb.cpp:286:15: warning: unused variable ‘green_area_px’ [-Wunused-variable]
[1.611s]   286 |     const int green_area_px = cv::countNonZero(green_mask);
[1.611s]       |               ^~~~~~~~~~~~~
[5.783s] [100%] Linking CXX executable image_processor_rgb
[6.241s] [100%] Built target image_processor_rgb
[6.252s] Invoked command in '/home/ecem/ros2_real_ws/src/Leo_sct_real/Leo_sct/build/leo_image' returned '0': CMAKE_PREFIX_PATH=${CMAKE_PREFIX_PATH}:/home/ecem/ros2_ws/install/swarm_basics:/opt/ros/humble /usr/bin/cmake --build /home/ecem/ros2_real_ws/src/Leo_sct_real/Leo_sct/build/leo_image -- -j22 -l22
[6.262s] Invoking command in '/home/ecem/ros2_real_ws/src/Leo_sct_real/Leo_sct/build/leo_image': CMAKE_PREFIX_PATH=${CMAKE_PREFIX_PATH}:/home/ecem/ros2_ws/install/swarm_basics:/opt/ros/humble /usr/bin/cmake --install /home/ecem/ros2_real_ws/src/Leo_sct_real/Leo_sct/build/leo_image
[6.271s] -- Install configuration: ""
[6.271s] -- Installing: /home/ecem/ros2_real_ws/src/Leo_sct_real/Leo_sct/install/leo_image/lib/leo_image/image_processor_rgb
[6.273s] -- Set runtime path of "/home/ecem/ros2_real_ws/src/Leo_sct_real/Leo_sct/install/leo_image/lib/leo_image/image_processor_rgb" to ""
[6.273s] -- Up-to-date: /home/ecem/ros2_real_ws/src/Leo_sct_real/Leo_sct/install/leo_image/share/ament_index/resource_index/package_run_dependencies/leo_image
[6.273s] -- Up-to-date: /home/ecem/ros2_real_ws/src/Leo_sct_real/Leo_sct/install/leo_image/share/ament_index/resource_index/parent_prefix_path/leo_image
[6.273s] -- Up-to-date: /home/ecem/ros2_real_ws/src/Leo_sct_real/Leo_sct/install/leo_image/share/leo_image/environment/ament_prefix_path.sh
[6.273s] -- Up-to-date: /home/ecem/ros2_real_ws/src/Leo_sct_real/Leo_sct/install/leo_image/share/leo_image/environment/ament_prefix_path.dsv
[6.273s] -- Up-to-date: /home/ecem/ros2_real_ws/src/Leo_sct_real/Leo_sct/install/leo_image/share/leo_image/environment/path.sh
[6.273s] -- Up-to-date: /home/ecem/ros2_real_ws/src/Leo_sct_real/Leo_sct/install/leo_image/share/leo_image/environment/path.dsv
[6.273s] -- Up-to-date: /home/ecem/ros2_real_ws/src/Leo_sct_real/Leo_sct/install/leo_image/share/leo_image/local_setup.bash
[6.273s] -- Up-to-date: /home/ecem/ros2_real_ws/src/Leo_sct_real/Leo_sct/install/leo_image/share/leo_image/local_setup.sh
[6.273s] -- Up-to-date: /home/ecem/ros2_real_ws/src/Leo_sct_real/Leo_sct/install/leo_image/share/leo_image/local_setup.zsh
[6.274s] -- Up-to-date: /home/ecem/ros2_real_ws/src/Leo_sct_real/Leo_sct/install/leo_image/share/leo_image/local_setup.dsv
[6.274s] -- Installing: /home/ecem/ros2_real_ws/src/Leo_sct_real/Leo_sct/install/leo_image/share/leo_image/package.dsv
[6.274s] -- Up-to-date: /home/ecem/ros2_real_ws/src/Leo_sct_real/Leo_sct/install/leo_image/share/ament_index/resource_index/packages/leo_image
[6.274s] -- Up-to-date: /home/ecem/ros2_real_ws/src/Leo_sct_real/Leo_sct/install/leo_image/share/leo_image/cmake/leo_imageConfig.cmake
[6.274s] -- Up-to-date: /home/ecem/ros2_real_ws/src/Leo_sct_real/Leo_sct/install/leo_image/share/leo_image/cmake/leo_imageConfig-version.cmake
[6.274s] -- Up-to-date: /home/ecem/ros2_real_ws/src/Leo_sct_real/Leo_sct/install/leo_image/share/leo_image/package.xml
[6.275s] Invoked command in '/home/ecem/ros2_real_ws/src/Leo_sct_real/Leo_sct/build/leo_image' returned '0': CMAKE_PREFIX_PATH=${CMAKE_PREFIX_PATH}:/home/ecem/ros2_ws/install/swarm_basics:/opt/ros/humble /usr/bin/cmake --install /home/ecem/ros2_real_ws/src/Leo_sct_real/Leo_sct/build/leo_image
