[INFO] [launch]: All log files can be found below /home/ecem/.ros/log/2026-04-20-14-37-33-064221-ecem-pc-577333
[INFO] [launch]: Default logging verbosity is set to INFO
[INFO] [ign gazebo-1]: process started with pid [577348]
[INFO] [coverage_counter-2]: process started with pid [577350]
[INFO] [bump_counter-3]: process started with pid [577353]
[INFO] [parameter_bridge-4]: process started with pid [577355]
[INFO] [robot_state_publisher-5]: process started with pid [577357]
[INFO] [create-6]: process started with pid [577359]
[INFO] [robot_supervisor-7]: process started with pid [577361]
[INFO] [robot_state_publisher-8]: process started with pid [577364]
[INFO] [create-9]: process started with pid [577367]
[INFO] [robot_supervisor-10]: process started with pid [577369]
[INFO] [robot_state_publisher-11]: process started with pid [577371]
[INFO] [create-12]: process started with pid [577373]
[INFO] [robot_supervisor-13]: process started with pid [577375]
[INFO] [robot_state_publisher-14]: process started with pid [577377]
[INFO] [create-15]: process started with pid [577379]
[INFO] [robot_supervisor-16]: process started with pid [577381]
[INFO] [robot_state_publisher-17]: process started with pid [577383]
[INFO] [create-18]: process started with pid [577391]
[INFO] [robot_supervisor-19]: process started with pid [577394]
[INFO] [parameter_bridge-20]: process started with pid [577396]
[parameter_bridge-4] [ros_ign_bridge] is deprecated! Redirecting to use [ros_gz_bridge] instead!
[parameter_bridge-4] 
[create-18] [INFO] [1776688653.594249996] [robot_4.ros_gz_sim]: Requesting list of world names.
[create-15] [INFO] [1776688653.594280495] [robot_3.ros_gz_sim]: Requesting list of world names.
[create-12] [INFO] [1776688653.594462442] [robot_2.ros_gz_sim]: Requesting list of world names.
[create-9] [INFO] [1776688653.594632333] [robot_1.ros_gz_sim]: Requesting list of world names.
[create-6] [INFO] [1776688653.595578431] [robot_0.ros_gz_sim]: Requesting list of world names.
[parameter_bridge-4] [INFO] [1776688653.596191799] [all_robots_bridge]: Creating ROS->GZ Bridge: [/robot_0/cmd_vel (geometry_msgs/msg/Twist) -> /robot_0/cmd_vel (ignition.msgs.Twist)] (Lazy 0)
[parameter_bridge-4] [INFO] [1776688653.597889201] [all_robots_bridge]: Creating GZ->ROS Bridge: [/robot_0/odom (ignition.msgs.Odometry) -> /robot_0/odom (nav_msgs/msg/Odometry)] (Lazy 0)
[robot_state_publisher-11] [INFO] [1776688653.598030766] [robot_2.robot_state_publisher]: got segment robot_2/antenna_link
[robot_state_publisher-11] [INFO] [1776688653.598104508] [robot_2.robot_state_publisher]: got segment robot_2/base_footprint
[robot_state_publisher-11] [INFO] [1776688653.598116235] [robot_2.robot_state_publisher]: got segment robot_2/base_link
[robot_state_publisher-11] [INFO] [1776688653.598122548] [robot_2.robot_state_publisher]: got segment robot_2/realsense_link
[robot_state_publisher-11] [INFO] [1776688653.598129735] [robot_2.robot_state_publisher]: got segment robot_2/rocker_L_link
[robot_state_publisher-11] [INFO] [1776688653.598136438] [robot_2.robot_state_publisher]: got segment robot_2/rocker_R_link
[robot_state_publisher-11] [INFO] [1776688653.598141861] [robot_2.robot_state_publisher]: got segment robot_2/wheel_FL_link
[robot_state_publisher-11] [INFO] [1776688653.598147630] [robot_2.robot_state_publisher]: got segment robot_2/wheel_FR_link
[robot_state_publisher-11] [INFO] [1776688653.598152986] [robot_2.robot_state_publisher]: got segment robot_2/wheel_RL_link
[robot_state_publisher-11] [INFO] [1776688653.598158495] [robot_2.robot_state_publisher]: got segment robot_2/wheel_RR_link
[parameter_bridge-4] [INFO] [1776688653.599518422] [all_robots_bridge]: Creating GZ->ROS Bridge: [/robot_0/depth_camera/depth_image (ignition.msgs.Image) -> /robot_0/depth_camera/depth_image (sensor_msgs/msg/Image)] (Lazy 0)
[parameter_bridge-4] [INFO] [1776688653.600880659] [all_robots_bridge]: Creating GZ->ROS Bridge: [/world/random_world/model/robot_0/link/robot_0/base_footprint/sensor/contact_sensor/contact (ignition.msgs.Contacts) -> /world/random_world/model/robot_0/link/robot_0/base_footprint/sensor/contact_sensor/contact (ros_gz_interfaces/msg/Contacts)] (Lazy 0)
[parameter_bridge-4] [INFO] [1776688653.602524624] [all_robots_bridge]: Creating ROS->GZ Bridge: [/robot_1/cmd_vel (geometry_msgs/msg/Twist) -> /robot_1/cmd_vel (ignition.msgs.Twist)] (Lazy 0)
[parameter_bridge-4] [INFO] [1776688653.603119588] [all_robots_bridge]: Creating GZ->ROS Bridge: [/robot_1/odom (ignition.msgs.Odometry) -> /robot_1/odom (nav_msgs/msg/Odometry)] (Lazy 0)
[parameter_bridge-4] [INFO] [1776688653.603586205] [all_robots_bridge]: Creating GZ->ROS Bridge: [/robot_1/depth_camera/depth_image (ignition.msgs.Image) -> /robot_1/depth_camera/depth_image (sensor_msgs/msg/Image)] (Lazy 0)
[parameter_bridge-4] [INFO] [1776688653.603992463] [all_robots_bridge]: Creating GZ->ROS Bridge: [/world/random_world/model/robot_1/link/robot_1/base_footprint/sensor/contact_sensor/contact (ignition.msgs.Contacts) -> /world/random_world/model/robot_1/link/robot_1/base_footprint/sensor/contact_sensor/contact (ros_gz_interfaces/msg/Contacts)] (Lazy 0)
[parameter_bridge-4] [INFO] [1776688653.604451996] [all_robots_bridge]: Creating ROS->GZ Bridge: [/robot_2/cmd_vel (geometry_msgs/msg/Twist) -> /robot_2/cmd_vel (ignition.msgs.Twist)] (Lazy 0)
[parameter_bridge-4] [INFO] [1776688653.604774216] [all_robots_bridge]: Creating GZ->ROS Bridge: [/robot_2/odom (ignition.msgs.Odometry) -> /robot_2/odom (nav_msgs/msg/Odometry)] (Lazy 0)
[parameter_bridge-4] [INFO] [1776688653.605182947] [all_robots_bridge]: Creating GZ->ROS Bridge: [/robot_2/depth_camera/depth_image (ignition.msgs.Image) -> /robot_2/depth_camera/depth_image (sensor_msgs/msg/Image)] (Lazy 0)
[parameter_bridge-4] [INFO] [1776688653.605555243] [all_robots_bridge]: Creating GZ->ROS Bridge: [/world/random_world/model/robot_2/link/robot_2/base_footprint/sensor/contact_sensor/contact (ignition.msgs.Contacts) -> /world/random_world/model/robot_2/link/robot_2/base_footprint/sensor/contact_sensor/contact (ros_gz_interfaces/msg/Contacts)] (Lazy 0)
[parameter_bridge-4] [INFO] [1776688653.606088966] [all_robots_bridge]: Creating ROS->GZ Bridge: [/robot_3/cmd_vel (geometry_msgs/msg/Twist) -> /robot_3/cmd_vel (ignition.msgs.Twist)] (Lazy 0)
[parameter_bridge-4] [INFO] [1776688653.606456607] [all_robots_bridge]: Creating GZ->ROS Bridge: [/robot_3/odom (ignition.msgs.Odometry) -> /robot_3/odom (nav_msgs/msg/Odometry)] (Lazy 0)
[robot_state_publisher-17] [INFO] [1776688653.608184497] [robot_4.robot_state_publisher]: got segment robot_4/antenna_link
[robot_state_publisher-17] [INFO] [1776688653.608271588] [robot_4.robot_state_publisher]: got segment robot_4/base_footprint
[robot_state_publisher-17] [INFO] [1776688653.608280619] [robot_4.robot_state_publisher]: got segment robot_4/base_link
[robot_state_publisher-17] [INFO] [1776688653.608286737] [robot_4.robot_state_publisher]: got segment robot_4/realsense_link
[robot_state_publisher-17] [INFO] [1776688653.608292245] [robot_4.robot_state_publisher]: got segment robot_4/rocker_L_link
[robot_state_publisher-17] [INFO] [1776688653.608297247] [robot_4.robot_state_publisher]: got segment robot_4/rocker_R_link
[parameter_bridge-4] [INFO] [1776688653.608303776] [all_robots_bridge]: Creating GZ->ROS Bridge: [/robot_3/depth_camera/depth_image (ignition.msgs.Image) -> /robot_3/depth_camera/depth_image (sensor_msgs/msg/Image)] (Lazy 0)
[robot_state_publisher-17] [INFO] [1776688653.608301755] [robot_4.robot_state_publisher]: got segment robot_4/wheel_FL_link
[robot_state_publisher-17] [INFO] [1776688653.608463596] [robot_4.robot_state_publisher]: got segment robot_4/wheel_FR_link
[robot_state_publisher-17] [INFO] [1776688653.608473237] [robot_4.robot_state_publisher]: got segment robot_4/wheel_RL_link
[robot_state_publisher-17] [INFO] [1776688653.608478905] [robot_4.robot_state_publisher]: got segment robot_4/wheel_RR_link
[parameter_bridge-4] [INFO] [1776688653.609261024] [all_robots_bridge]: Creating GZ->ROS Bridge: [/world/random_world/model/robot_3/link/robot_3/base_footprint/sensor/contact_sensor/contact (ignition.msgs.Contacts) -> /world/random_world/model/robot_3/link/robot_3/base_footprint/sensor/contact_sensor/contact (ros_gz_interfaces/msg/Contacts)] (Lazy 0)
[parameter_bridge-4] [INFO] [1776688653.610451999] [all_robots_bridge]: Creating ROS->GZ Bridge: [/robot_4/cmd_vel (geometry_msgs/msg/Twist) -> /robot_4/cmd_vel (ignition.msgs.Twist)] (Lazy 0)
[parameter_bridge-4] [INFO] [1776688653.610919804] [all_robots_bridge]: Creating GZ->ROS Bridge: [/robot_4/odom (ignition.msgs.Odometry) -> /robot_4/odom (nav_msgs/msg/Odometry)] (Lazy 0)
[parameter_bridge-4] [INFO] [1776688653.611353735] [all_robots_bridge]: Creating GZ->ROS Bridge: [/robot_4/depth_camera/depth_image (ignition.msgs.Image) -> /robot_4/depth_camera/depth_image (sensor_msgs/msg/Image)] (Lazy 0)
[parameter_bridge-4] [INFO] [1776688653.611887950] [all_robots_bridge]: Creating GZ->ROS Bridge: [/world/random_world/model/robot_4/link/robot_4/base_footprint/sensor/contact_sensor/contact (ignition.msgs.Contacts) -> /world/random_world/model/robot_4/link/robot_4/base_footprint/sensor/contact_sensor/contact (ros_gz_interfaces/msg/Contacts)] (Lazy 0)
[parameter_bridge-4] [INFO] [1776688653.612419982] [all_robots_bridge]: Creating GZ->ROS Bridge: [/world/random_world/dynamic_pose/info (ignition.msgs.Pose_V) -> /world/random_world/dynamic_pose/info (tf2_msgs/msg/TFMessage)] (Lazy 0)
[parameter_bridge-20] [INFO] [1776688653.615688230] [clock_bridge]: Creating GZ->ROS Bridge: [/clock (ignition.msgs.Clock) -> /clock (rosgraph_msgs/msg/Clock)] (Lazy 0)
[robot_state_publisher-8] [INFO] [1776688653.619965341] [robot_1.robot_state_publisher]: got segment robot_1/antenna_link
[robot_state_publisher-8] [INFO] [1776688653.620052178] [robot_1.robot_state_publisher]: got segment robot_1/base_footprint
[robot_state_publisher-8] [INFO] [1776688653.620059406] [robot_1.robot_state_publisher]: got segment robot_1/base_link
[robot_state_publisher-8] [INFO] [1776688653.620063591] [robot_1.robot_state_publisher]: got segment robot_1/realsense_link
[robot_state_publisher-8] [INFO] [1776688653.620067054] [robot_1.robot_state_publisher]: got segment robot_1/rocker_L_link
[robot_state_publisher-8] [INFO] [1776688653.620070441] [robot_1.robot_state_publisher]: got segment robot_1/rocker_R_link
[robot_state_publisher-8] [INFO] [1776688653.620073584] [robot_1.robot_state_publisher]: got segment robot_1/wheel_FL_link
[robot_state_publisher-8] [INFO] [1776688653.620076841] [robot_1.robot_state_publisher]: got segment robot_1/wheel_FR_link
[robot_state_publisher-8] [INFO] [1776688653.620079992] [robot_1.robot_state_publisher]: got segment robot_1/wheel_RL_link
[robot_state_publisher-8] [INFO] [1776688653.620083359] [robot_1.robot_state_publisher]: got segment robot_1/wheel_RR_link
[robot_state_publisher-5] [INFO] [1776688653.621626661] [robot_0.robot_state_publisher]: got segment robot_0/antenna_link
[robot_state_publisher-5] [INFO] [1776688653.621731130] [robot_0.robot_state_publisher]: got segment robot_0/base_footprint
[robot_state_publisher-5] [INFO] [1776688653.621744819] [robot_0.robot_state_publisher]: got segment robot_0/base_link
[robot_state_publisher-5] [INFO] [1776688653.621755029] [robot_0.robot_state_publisher]: got segment robot_0/realsense_link
[robot_state_publisher-5] [INFO] [1776688653.621771324] [robot_0.robot_state_publisher]: got segment robot_0/rocker_L_link
[robot_state_publisher-5] [INFO] [1776688653.621779840] [robot_0.robot_state_publisher]: got segment robot_0/rocker_R_link
[robot_state_publisher-5] [INFO] [1776688653.621787603] [robot_0.robot_state_publisher]: got segment robot_0/wheel_FL_link
[robot_state_publisher-5] [INFO] [1776688653.621795498] [robot_0.robot_state_publisher]: got segment robot_0/wheel_FR_link
[robot_state_publisher-5] [INFO] [1776688653.621803101] [robot_0.robot_state_publisher]: got segment robot_0/wheel_RL_link
[robot_state_publisher-5] [INFO] [1776688653.621810992] [robot_0.robot_state_publisher]: got segment robot_0/wheel_RR_link
[robot_state_publisher-14] [INFO] [1776688653.623446129] [robot_3.robot_state_publisher]: got segment robot_3/antenna_link
[robot_state_publisher-14] [INFO] [1776688653.623555147] [robot_3.robot_state_publisher]: got segment robot_3/base_footprint
[robot_state_publisher-14] [INFO] [1776688653.623569711] [robot_3.robot_state_publisher]: got segment robot_3/base_link
[robot_state_publisher-14] [INFO] [1776688653.623580105] [robot_3.robot_state_publisher]: got segment robot_3/realsense_link
[robot_state_publisher-14] [INFO] [1776688653.623588638] [robot_3.robot_state_publisher]: got segment robot_3/rocker_L_link
[robot_state_publisher-14] [INFO] [1776688653.623597016] [robot_3.robot_state_publisher]: got segment robot_3/rocker_R_link
[robot_state_publisher-14] [INFO] [1776688653.623605034] [robot_3.robot_state_publisher]: got segment robot_3/wheel_FL_link
[robot_state_publisher-14] [INFO] [1776688653.623612959] [robot_3.robot_state_publisher]: got segment robot_3/wheel_FR_link
[robot_state_publisher-14] [INFO] [1776688653.623620684] [robot_3.robot_state_publisher]: got segment robot_3/wheel_RL_link
[robot_state_publisher-14] [INFO] [1776688653.623628405] [robot_3.robot_state_publisher]: got segment robot_3/wheel_RR_link
[bump_counter-3] [INFO] [1776688653.924055301] [bump_counter]: [global] global_mode=True cooldown(robot)=0.80s cooldown(obs)=0.50s Logging to /home/ecem/ros2_ws/src/Leo_sct/results_exp/explore/long/prompt_1/run_1/spread/trial_1/run_20260420_143733/bumps_global_143733.csv
[robot_supervisor-19] [INFO] [1776688653.945715304] [robot_4.robot_supervisor]: Loaded initial mission 'explore' from explicit YAML explore_sup_gpt_long_1_run_1_212.yaml
[robot_supervisor-7] [INFO] [1776688653.948397539] [robot_0.robot_supervisor]: Loaded initial mission 'explore' from explicit YAML explore_sup_gpt_long_1_run_1_212.yaml
[robot_supervisor-10] [INFO] [1776688653.951977026] [robot_1.robot_supervisor]: Loaded initial mission 'explore' from explicit YAML explore_sup_gpt_long_1_run_1_212.yaml
[robot_supervisor-13] [INFO] [1776688653.965330072] [robot_2.robot_supervisor]: Loaded initial mission 'explore' from explicit YAML explore_sup_gpt_long_1_run_1_212.yaml
[robot_supervisor-16] [INFO] [1776688653.978433077] [robot_3.robot_supervisor]: Loaded initial mission 'explore' from explicit YAML explore_sup_gpt_long_1_run_1_212.yaml
[parameter_bridge-4] [INFO] [1776688654.050165471] [all_robots_bridge]: Passing message from ROS geometry_msgs/msg/Twist to Gazebo gz.msgs.Twist (showing msg only once per type)
[create-12] [INFO] [1776688654.113422868] [robot_2.ros_gz_sim]: Waiting messages on topic [/robot_2/robot_description].
[create-6] [INFO] [1776688654.213347257] [robot_0.ros_gz_sim]: Waiting messages on topic [/robot_0/robot_description].
[create-18] [INFO] [1776688654.313629022] [robot_4.ros_gz_sim]: Waiting messages on topic [/robot_4/robot_description].
[create-9] [INFO] [1776688654.413608513] [robot_1.ros_gz_sim]: Waiting messages on topic [/robot_1/robot_description].
[create-9] [INFO] [1776688654.513050689] [robot_1.ros_gz_sim]: Requested creation of entity.
[create-9] [INFO] [1776688654.513112484] [robot_1.ros_gz_sim]: OK creation of entity.
[create-18] [INFO] [1776688654.513171334] [robot_4.ros_gz_sim]: Requested creation of entity.
[create-18] [INFO] [1776688654.513230631] [robot_4.ros_gz_sim]: OK creation of entity.
[create-12] [INFO] [1776688654.513293096] [robot_2.ros_gz_sim]: Requested creation of entity.
[create-12] [INFO] [1776688654.513386994] [robot_2.ros_gz_sim]: OK creation of entity.
[create-6] [INFO] [1776688654.513383823] [robot_0.ros_gz_sim]: Requested creation of entity.
[create-6] [INFO] [1776688654.513449026] [robot_0.ros_gz_sim]: OK creation of entity.
[create-15] [INFO] [1776688654.514458809] [robot_3.ros_gz_sim]: Waiting messages on topic [/robot_3/robot_description].
[create-15] [INFO] [1776688654.517295221] [robot_3.ros_gz_sim]: Requested creation of entity.
[create-15] [INFO] [1776688654.517352414] [robot_3.ros_gz_sim]: OK creation of entity.
[INFO] [create-18]: process has finished cleanly [pid 577391]
[INFO] [create-9]: process has finished cleanly [pid 577367]
[INFO] [create-6]: process has finished cleanly [pid 577359]
[INFO] [create-12]: process has finished cleanly [pid 577373]
[INFO] [create-15]: process has finished cleanly [pid 577379]
[bump_counter-3] [INFO] [1776688654.995121581] [bump_counter]: [global] subscribed: /world/random_world/model/robot_0/link/robot_0/base_footprint/sensor/contact_sensor/contact
[bump_counter-3] [INFO] [1776688654.995899458] [bump_counter]: [global] subscribed: /world/random_world/model/robot_1/link/robot_1/base_footprint/sensor/contact_sensor/contact
[bump_counter-3] [INFO] [1776688654.996522053] [bump_counter]: [global] subscribed: /world/random_world/model/robot_2/link/robot_2/base_footprint/sensor/contact_sensor/contact
[bump_counter-3] [INFO] [1776688654.998737898] [bump_counter]: [global] subscribed: /world/random_world/model/robot_3/link/robot_3/base_footprint/sensor/contact_sensor/contact
[bump_counter-3] [INFO] [1776688654.999547585] [bump_counter]: [global] subscribed: /world/random_world/model/robot_4/link/robot_4/base_footprint/sensor/contact_sensor/contact
[INFO] [image_processor-21]: process started with pid [577746]
[INFO] [image_processor-22]: process started with pid [577748]
[INFO] [image_processor-23]: process started with pid [577750]
[INFO] [image_processor-24]: process started with pid [577752]
[INFO] [image_processor-25]: process started with pid [577754]
[image_processor-24] [INFO] [1776688655.611291623] [robot_3.image_processor]: image_processor: depth='/robot_3/depth_camera/depth_image' aruco_runtime=disabled
[image_processor-23] [INFO] [1776688655.611776140] [robot_2.image_processor]: image_processor: depth='/robot_2/depth_camera/depth_image' aruco_runtime=disabled
[image_processor-22] [INFO] [1776688655.612917980] [robot_1.image_processor]: image_processor: depth='/robot_1/depth_camera/depth_image' aruco_runtime=disabled
[image_processor-21] [INFO] [1776688655.613197603] [robot_0.image_processor]: image_processor: depth='/robot_0/depth_camera/depth_image' aruco_runtime=disabled
[image_processor-25] [INFO] [1776688655.616897233] [robot_4.image_processor]: image_processor: depth='/robot_4/depth_camera/depth_image' aruco_runtime=disabled
[image_processor-21] [INFO] [1776688659.238022491] [robot_0.image_processor]: Zone=CLEAR  left[p=0.904 near=0 v=7650]  front[p=1.356 near=0 v=13500]  right[p=1.356 near=0 v=7740]
[image_processor-25] [INFO] [1776688659.251999190] [robot_4.image_processor]: Zone=CLEAR  left[p=3.196 near=0 v=6573]  front[p=2.953 near=0 v=9956]  right[p=2.658 near=0 v=5511]
[image_processor-22] [INFO] [1776688659.262822329] [robot_1.image_processor]: Zone=CLEAR  left[p=1.667 near=0 v=7650]  front[p=3.100 near=0 v=12175]  right[p=2.607 near=0 v=7450]
[image_processor-24] [INFO] [1776688659.271558249] [robot_3.image_processor]: Zone=CLEAR  left[p=1.102 near=0 v=7650]  front[p=1.719 near=0 v=13500]  right[p=2.172 near=0 v=7740]
[image_processor-23] [INFO] [1776688659.328755913] [robot_2.image_processor]: Zone=CLEAR  left[p=2.745 near=0 v=5011]  front[p=1.644 near=0 v=8425]  right[p=1.700 near=0 v=6986]
[image_processor-23] [INFO] [1776688661.728800942] [robot_2.image_processor]: Zone=CLEAR
[image_processor-21] [INFO] [1776688661.736451316] [robot_0.image_processor]: Zone=CLEAR
[image_processor-25] [INFO] [1776688661.754146934] [robot_4.image_processor]: Zone=CLEAR
[image_processor-22] [INFO] [1776688661.763200769] [robot_1.image_processor]: Zone=CLEAR
[image_processor-24] [INFO] [1776688661.872596820] [robot_3.image_processor]: Zone=CLEAR
[image_processor-23] [INFO] [1776688664.227836135] [robot_2.image_processor]: Zone=CLEAR
[image_processor-21] [INFO] [1776688664.238351538] [robot_0.image_processor]: Zone=CLEAR
[image_processor-25] [INFO] [1776688664.254774499] [robot_4.image_processor]: Zone=CLEAR
[image_processor-22] [INFO] [1776688664.263106612] [robot_1.image_processor]: Zone=CLEAR
[image_processor-24] [INFO] [1776688664.272074038] [robot_3.image_processor]: Zone=CLEAR
[image_processor-23] [INFO] [1776688666.727631237] [robot_2.image_processor]: Zone=CLEAR
[image_processor-21] [INFO] [1776688666.736057926] [robot_0.image_processor]: Zone=CLEAR
[image_processor-25] [INFO] [1776688666.753222176] [robot_4.image_processor]: Zone=CLEAR
[image_processor-22] [INFO] [1776688666.762359263] [robot_1.image_processor]: Zone=CLEAR
[image_processor-24] [INFO] [1776688666.771289298] [robot_3.image_processor]: Zone=CLEAR
[image_processor-23] [INFO] [1776688669.231564416] [robot_2.image_processor]: Zone=CLEAR
[image_processor-21] [INFO] [1776688669.240842911] [robot_0.image_processor]: Zone=CLEAR
[image_processor-25] [INFO] [1776688669.259030681] [robot_4.image_processor]: Zone=CLEAR
[image_processor-22] [INFO] [1776688669.268055644] [robot_1.image_processor]: Zone=CLEAR
[image_processor-24] [INFO] [1776688669.276481076] [robot_3.image_processor]: Zone=CLEAR
[image_processor-23] [INFO] [1776688671.730842157] [robot_2.image_processor]: Zone=CLEAR
[image_processor-21] [INFO] [1776688671.741291396] [robot_0.image_processor]: Zone=CLEAR
[image_processor-25] [INFO] [1776688671.758237345] [robot_4.image_processor]: Zone=CLEAR
[image_processor-22] [INFO] [1776688671.767578779] [robot_1.image_processor]: Zone=CLEAR
[image_processor-24] [INFO] [1776688671.775676374] [robot_3.image_processor]: Zone=CLEAR
[image_processor-23] [INFO] [1776688674.227507247] [robot_2.image_processor]: Zone=CLEAR
[image_processor-21] [INFO] [1776688674.238733084] [robot_0.image_processor]: Zone=CLEAR
[image_processor-25] [INFO] [1776688674.256057002] [robot_4.image_processor]: Zone=CLEAR
[image_processor-22] [INFO] [1776688674.266095138] [robot_1.image_processor]: Zone=CLEAR
[image_processor-24] [INFO] [1776688674.276699449] [robot_3.image_processor]: Zone=CLEAR
[image_processor-23] [INFO] [1776688676.730361932] [robot_2.image_processor]: Zone=CLEAR
[image_processor-21] [INFO] [1776688676.738741751] [robot_0.image_processor]: Zone=CLEAR
[image_processor-22] [INFO] [1776688676.768110691] [robot_1.image_processor]: Zone=CLEAR
[image_processor-24] [INFO] [1776688676.776978682] [robot_3.image_processor]: Zone=CLEAR
[image_processor-25] [INFO] [1776688676.858396036] [robot_4.image_processor]: Zone=CLEAR
[image_processor-23] [INFO] [1776688679.232864930] [robot_2.image_processor]: Zone=CLEAR
[image_processor-21] [INFO] [1776688679.243077838] [robot_0.image_processor]: Zone=CLEAR
[image_processor-25] [INFO] [1776688679.261773927] [robot_4.image_processor]: Zone=CLEAR
[image_processor-22] [INFO] [1776688679.270729810] [robot_1.image_processor]: Zone=CLEAR
[image_processor-24] [INFO] [1776688679.280141779] [robot_3.image_processor]: Zone=CLEAR
[image_processor-23] [INFO] [1776688681.727235355] [robot_2.image_processor]: Zone=CLEAR
[image_processor-21] [INFO] [1776688681.735412112] [robot_0.image_processor]: Zone=CLEAR
[image_processor-25] [INFO] [1776688681.752834193] [robot_4.image_processor]: Zone=CLEAR
[image_processor-22] [INFO] [1776688681.760481608] [robot_1.image_processor]: Zone=CLEAR
[image_processor-24] [INFO] [1776688681.769266467] [robot_3.image_processor]: Zone=CLEAR
[image_processor-23] [INFO] [1776688684.228380289] [robot_2.image_processor]: Zone=CLEAR
[image_processor-21] [INFO] [1776688684.237922171] [robot_0.image_processor]: Zone=CLEAR
[image_processor-25] [INFO] [1776688684.254307128] [robot_4.image_processor]: Zone=CLEAR
[image_processor-22] [INFO] [1776688684.262987386] [robot_1.image_processor]: Zone=CLEAR
[image_processor-24] [INFO] [1776688684.270990845] [robot_3.image_processor]: Zone=CLEAR
[image_processor-23] [INFO] [1776688686.728626283] [robot_2.image_processor]: Zone=CLEAR
[image_processor-21] [INFO] [1776688686.737455213] [robot_0.image_processor]: Zone=CLEAR
[image_processor-25] [INFO] [1776688686.751672117] [robot_4.image_processor]: Zone=CLEAR
[image_processor-22] [INFO] [1776688686.761350240] [robot_1.image_processor]: Zone=CLEAR
[image_processor-24] [INFO] [1776688686.769952038] [robot_3.image_processor]: Zone=CLEAR
[image_processor-23] [INFO] [1776688689.230258592] [robot_2.image_processor]: Zone=CLEAR
[image_processor-21] [INFO] [1776688689.238489155] [robot_0.image_processor]: Zone=CLEAR
[image_processor-25] [INFO] [1776688689.254496447] [robot_4.image_processor]: Zone=CLEAR
[image_processor-22] [INFO] [1776688689.262829454] [robot_1.image_processor]: Zone=CLEAR
[image_processor-24] [INFO] [1776688689.271243839] [robot_3.image_processor]: Zone=CLEAR
[image_processor-23] [INFO] [1776688691.730680785] [robot_2.image_processor]: Zone=CLEAR
[image_processor-21] [INFO] [1776688691.739448596] [robot_0.image_processor]: Zone=CLEAR
[image_processor-25] [INFO] [1776688691.754069682] [robot_4.image_processor]: Zone=CLEAR
[image_processor-22] [INFO] [1776688691.763087343] [robot_1.image_processor]: Zone=CLEAR
[image_processor-24] [INFO] [1776688691.771723669] [robot_3.image_processor]: Zone=CLEAR
[image_processor-23] [INFO] [1776688694.229099336] [robot_2.image_processor]: Zone=CLEAR
[image_processor-21] [INFO] [1776688694.236749520] [robot_0.image_processor]: Zone=CLEAR
[image_processor-25] [INFO] [1776688694.250431747] [robot_4.image_processor]: Zone=CLEAR
[image_processor-22] [INFO] [1776688694.259352631] [robot_1.image_processor]: Zone=CLEAR
[image_processor-24] [INFO] [1776688694.269368771] [robot_3.image_processor]: Zone=CLEAR
[image_processor-23] [INFO] [1776688696.730628129] [robot_2.image_processor]: Zone=CLEAR
[image_processor-21] [INFO] [1776688696.738981782] [robot_0.image_processor]: Zone=CLEAR
[image_processor-25] [INFO] [1776688696.752538149] [robot_4.image_processor]: Zone=CLEAR
[image_processor-22] [INFO] [1776688696.760848103] [robot_1.image_processor]: Zone=CLEAR
[image_processor-24] [INFO] [1776688696.771251130] [robot_3.image_processor]: Zone=CLEAR
[image_processor-23] [INFO] [1776688699.227253727] [robot_2.image_processor]: Zone=CLEAR
[image_processor-21] [INFO] [1776688699.236397567] [robot_0.image_processor]: Zone=CLEAR
[image_processor-25] [INFO] [1776688699.251032396] [robot_4.image_processor]: Zone=CLEAR
[image_processor-22] [INFO] [1776688699.261037805] [robot_1.image_processor]: Zone=CLEAR
[image_processor-24] [INFO] [1776688699.269204332] [robot_3.image_processor]: Zone=CLEAR
[image_processor-23] [INFO] [1776688701.727420588] [robot_2.image_processor]: Zone=CLEAR
[image_processor-21] [INFO] [1776688701.736370907] [robot_0.image_processor]: Zone=CLEAR
[image_processor-25] [INFO] [1776688701.751449066] [robot_4.image_processor]: Zone=CLEAR
[image_processor-22] [INFO] [1776688701.761914375] [robot_1.image_processor]: Zone=CLEAR
[image_processor-24] [INFO] [1776688701.770594476] [robot_3.image_processor]: Zone=CLEAR
[image_processor-23] [INFO] [1776688704.226533927] [robot_2.image_processor]: Zone=CLEAR
[image_processor-21] [INFO] [1776688704.236012722] [robot_0.image_processor]: Zone=CLEAR
[image_processor-25] [INFO] [1776688704.250505023] [robot_4.image_processor]: Zone=CLEAR
[image_processor-22] [INFO] [1776688704.260889692] [robot_1.image_processor]: Zone=CLEAR
[image_processor-24] [INFO] [1776688704.271229422] [robot_3.image_processor]: Zone=CLEAR
[image_processor-23] [INFO] [1776688706.725597212] [robot_2.image_processor]: Zone=CLEAR
[image_processor-21] [INFO] [1776688706.731612038] [robot_0.image_processor]: Zone=CLEAR
[image_processor-25] [INFO] [1776688706.743558974] [robot_4.image_processor]: Zone=CLEAR
[image_processor-22] [INFO] [1776688706.752264428] [robot_1.image_processor]: Zone=CLEAR
[image_processor-24] [INFO] [1776688706.760166375] [robot_3.image_processor]: Zone=CLEAR
[image_processor-23] [INFO] [1776688709.229032405] [robot_2.image_processor]: Zone=CLEAR
[image_processor-21] [INFO] [1776688709.237427459] [robot_0.image_processor]: Zone=CLEAR
[image_processor-22] [INFO] [1776688709.262899629] [robot_1.image_processor]: Zone=CLEAR
[image_processor-24] [INFO] [1776688709.271287180] [robot_3.image_processor]: Zone=CLEAR
[image_processor-25] [INFO] [1776688709.353701481] [robot_4.image_processor]: Zone=CLEAR
[image_processor-23] [INFO] [1776688711.726753063] [robot_2.image_processor]: Zone=CLEAR
[image_processor-21] [INFO] [1776688711.736634254] [robot_0.image_processor]: Zone=CLEAR
[image_processor-25] [INFO] [1776688711.750365762] [robot_4.image_processor]: Zone=CLEAR
[image_processor-22] [INFO] [1776688711.759189586] [robot_1.image_processor]: Zone=CLEAR
[image_processor-24] [INFO] [1776688711.768119911] [robot_3.image_processor]: Zone=CLEAR
[image_processor-23] [INFO] [1776688714.228367280] [robot_2.image_processor]: Zone=CLEAR
[image_processor-21] [INFO] [1776688714.236293380] [robot_0.image_processor]: Zone=CLEAR
[image_processor-25] [INFO] [1776688714.251034826] [robot_4.image_processor]: Zone=CLEAR
[image_processor-22] [INFO] [1776688714.260208901] [robot_1.image_processor]: Zone=CLEAR
[image_processor-24] [INFO] [1776688714.268316027] [robot_3.image_processor]: Zone=CLEAR
[image_processor-23] [INFO] [1776688716.726950420] [robot_2.image_processor]: Zone=CLEAR
[image_processor-21] [INFO] [1776688716.734521932] [robot_0.image_processor]: Zone=CLEAR
[image_processor-25] [INFO] [1776688716.749845419] [robot_4.image_processor]: Zone=CLEAR
[image_processor-22] [INFO] [1776688716.759214073] [robot_1.image_processor]: Zone=CLEAR
[image_processor-24] [INFO] [1776688716.766887411] [robot_3.image_processor]: Zone=CLEAR
[image_processor-23] [INFO] [1776688719.228189219] [robot_2.image_processor]: Zone=CLEAR
[image_processor-21] [INFO] [1776688719.235685064] [robot_0.image_processor]: Zone=CLEAR
[image_processor-25] [INFO] [1776688719.251107785] [robot_4.image_processor]: Zone=CLEAR
[image_processor-22] [INFO] [1776688719.259756741] [robot_1.image_processor]: Zone=CLEAR
[image_processor-24] [INFO] [1776688719.269082354] [robot_3.image_processor]: Zone=CLEAR
[image_processor-23] [INFO] [1776688721.726946986] [robot_2.image_processor]: Zone=CLEAR
[image_processor-21] [INFO] [1776688721.737021468] [robot_0.image_processor]: Zone=CLEAR
[image_processor-25] [INFO] [1776688721.751276586] [robot_4.image_processor]: Zone=CLEAR
[image_processor-22] [INFO] [1776688721.759991185] [robot_1.image_processor]: Zone=CLEAR
[image_processor-24] [INFO] [1776688721.770618715] [robot_3.image_processor]: Zone=CLEAR
[image_processor-23] [INFO] [1776688724.228941098] [robot_2.image_processor]: Zone=CLEAR
[image_processor-21] [INFO] [1776688724.236983361] [robot_0.image_processor]: Zone=CLEAR
[image_processor-22] [INFO] [1776688724.262352232] [robot_1.image_processor]: Zone=CLEAR
[image_processor-24] [INFO] [1776688724.273045062] [robot_3.image_processor]: Zone=CLEAR
[image_processor-25] [INFO] [1776688724.353387233] [robot_4.image_processor]: Zone=CLEAR
[image_processor-23] [INFO] [1776688726.727841941] [robot_2.image_processor]: Zone=CLEAR
[image_processor-21] [INFO] [1776688726.738324116] [robot_0.image_processor]: Zone=CLEAR
[image_processor-25] [INFO] [1776688726.755653924] [robot_4.image_processor]: Zone=CLEAR
[image_processor-22] [INFO] [1776688726.764640912] [robot_1.image_processor]: Zone=CLEAR
[image_processor-24] [INFO] [1776688726.773705654] [robot_3.image_processor]: Zone=CLEAR
[image_processor-23] [INFO] [1776688729.228112990] [robot_2.image_processor]: Zone=CLEAR
[image_processor-21] [INFO] [1776688729.236836970] [robot_0.image_processor]: Zone=CLEAR
[image_processor-25] [INFO] [1776688729.253468220] [robot_4.image_processor]: Zone=CLEAR
[image_processor-22] [INFO] [1776688729.261643173] [robot_1.image_processor]: Zone=CLEAR
[image_processor-24] [INFO] [1776688729.270744074] [robot_3.image_processor]: Zone=CLEAR
[image_processor-23] [INFO] [1776688731.727781052] [robot_2.image_processor]: Zone=CLEAR
[image_processor-21] [INFO] [1776688731.734959480] [robot_0.image_processor]: Zone=CLEAR
[image_processor-25] [INFO] [1776688731.750424518] [robot_4.image_processor]: Zone=CLEAR
[image_processor-22] [INFO] [1776688731.760008720] [robot_1.image_processor]: Zone=CLEAR
[image_processor-24] [INFO] [1776688731.767111786] [robot_3.image_processor]: Zone=CLEAR
[image_processor-23] [INFO] [1776688734.228841797] [robot_2.image_processor]: Zone=CLEAR
[image_processor-21] [INFO] [1776688734.237941606] [robot_0.image_processor]: Zone=CLEAR
[image_processor-25] [INFO] [1776688734.253343682] [robot_4.image_processor]: Zone=CLEAR
[image_processor-22] [INFO] [1776688734.262497017] [robot_1.image_processor]: Zone=CLEAR
[image_processor-24] [INFO] [1776688734.270258873] [robot_3.image_processor]: Zone=CLEAR
[image_processor-23] [INFO] [1776688736.728402617] [robot_2.image_processor]: Zone=CLEAR
[image_processor-21] [INFO] [1776688736.736672840] [robot_0.image_processor]: Zone=CLEAR
[image_processor-25] [INFO] [1776688736.752726505] [robot_4.image_processor]: Zone=CLEAR
[image_processor-22] [INFO] [1776688736.767156902] [robot_1.image_processor]: Zone=CLEAR
[image_processor-24] [INFO] [1776688736.779551776] [robot_3.image_processor]: Zone=CLEAR
[image_processor-23] [INFO] [1776688739.228854141] [robot_2.image_processor]: Zone=CLEAR
[image_processor-21] [INFO] [1776688739.237999502] [robot_0.image_processor]: Zone=CLEAR
[image_processor-25] [INFO] [1776688739.254835988] [robot_4.image_processor]: Zone=CLEAR
[image_processor-22] [INFO] [1776688739.263059795] [robot_1.image_processor]: Zone=CLEAR
[image_processor-24] [INFO] [1776688739.271679899] [robot_3.image_processor]: Zone=CLEAR
[image_processor-23] [INFO] [1776688741.729177965] [robot_2.image_processor]: Zone=CLEAR
[image_processor-21] [INFO] [1776688741.737125720] [robot_0.image_processor]: Zone=CLEAR
[image_processor-22] [INFO] [1776688741.763787107] [robot_1.image_processor]: Zone=CLEAR
[image_processor-24] [INFO] [1776688741.773285625] [robot_3.image_processor]: Zone=CLEAR
[image_processor-25] [INFO] [1776688741.853792655] [robot_4.image_processor]: Zone=CLEAR
[image_processor-23] [INFO] [1776688744.228127744] [robot_2.image_processor]: Zone=CLEAR
[image_processor-21] [INFO] [1776688744.235774107] [robot_0.image_processor]: Zone=CLEAR
[image_processor-25] [INFO] [1776688744.251766311] [robot_4.image_processor]: Zone=CLEAR
[image_processor-22] [INFO] [1776688744.261218163] [robot_1.image_processor]: Zone=CLEAR
[image_processor-24] [INFO] [1776688744.270371672] [robot_3.image_processor]: Zone=CLEAR
[image_processor-23] [INFO] [1776688746.730414386] [robot_2.image_processor]: Zone=CLEAR
[image_processor-21] [INFO] [1776688746.738321810] [robot_0.image_processor]: Zone=CLEAR
[image_processor-25] [INFO] [1776688746.752812952] [robot_4.image_processor]: Zone=CLEAR
[image_processor-22] [INFO] [1776688746.862939260] [robot_1.image_processor]: Zone=CLEAR
[image_processor-24] [INFO] [1776688746.872699293] [robot_3.image_processor]: Zone=CLEAR
[image_processor-23] [INFO] [1776688749.228250847] [robot_2.image_processor]: Zone=CLEAR
[image_processor-21] [INFO] [1776688749.234941782] [robot_0.image_processor]: Zone=CLEAR
[image_processor-25] [INFO] [1776688749.249774748] [robot_4.image_processor]: Zone=CLEAR
[image_processor-22] [INFO] [1776688749.258372540] [robot_1.image_processor]: Zone=CLEAR
[image_processor-24] [INFO] [1776688749.266786165] [robot_3.image_processor]: Zone=CLEAR
[image_processor-23] [INFO] [1776688751.729151076] [robot_2.image_processor]: Zone=CLEAR
[image_processor-21] [INFO] [1776688751.738355625] [robot_0.image_processor]: Zone=CLEAR
[image_processor-25] [INFO] [1776688751.756822704] [robot_4.image_processor]: Zone=CLEAR
[image_processor-22] [INFO] [1776688751.766861062] [robot_1.image_processor]: Zone=CLEAR
[image_processor-24] [INFO] [1776688751.775073650] [robot_3.image_processor]: Zone=CLEAR
[image_processor-23] [INFO] [1776688754.227775567] [robot_2.image_processor]: Zone=CLEAR
[image_processor-21] [INFO] [1776688754.236897761] [robot_0.image_processor]: Zone=CLEAR
[image_processor-25] [INFO] [1776688754.251666703] [robot_4.image_processor]: Zone=CLEAR
[image_processor-22] [INFO] [1776688754.262947082] [robot_1.image_processor]: Zone=CLEAR
[image_processor-24] [INFO] [1776688754.271711857] [robot_3.image_processor]: Zone=CLEAR
[image_processor-23] [INFO] [1776688756.729933807] [robot_2.image_processor]: Zone=CLEAR
[image_processor-21] [INFO] [1776688756.739243901] [robot_0.image_processor]: Zone=CLEAR
[image_processor-25] [INFO] [1776688756.757314591] [robot_4.image_processor]: Zone=CLEAR
[image_processor-22] [INFO] [1776688756.767163773] [robot_1.image_processor]: Zone=CLEAR
[image_processor-24] [INFO] [1776688756.776071367] [robot_3.image_processor]: Zone=CLEAR
[image_processor-23] [INFO] [1776688759.230291620] [robot_2.image_processor]: Zone=CLEAR
[image_processor-21] [INFO] [1776688759.239462704] [robot_0.image_processor]: Zone=CLEAR
[image_processor-25] [INFO] [1776688759.261159575] [robot_4.image_processor]: Zone=CLEAR
[image_processor-22] [INFO] [1776688759.273737091] [robot_1.image_processor]: Zone=CLEAR
[image_processor-24] [INFO] [1776688759.292526083] [robot_3.image_processor]: Zone=CLEAR
[image_processor-23] [INFO] [1776688761.729371160] [robot_2.image_processor]: Zone=CLEAR
[image_processor-21] [INFO] [1776688761.737840459] [robot_0.image_processor]: Zone=CLEAR
[image_processor-25] [INFO] [1776688761.758883234] [robot_4.image_processor]: Zone=CLEAR
[image_processor-22] [INFO] [1776688761.772146358] [robot_1.image_processor]: Zone=CLEAR
[image_processor-24] [INFO] [1776688761.781575474] [robot_3.image_processor]: Zone=CLEAR
[image_processor-21] [INFO] [1776688764.238486992] [robot_0.image_processor]: Zone=CLEAR
[image_processor-25] [INFO] [1776688764.254819954] [robot_4.image_processor]: Zone=CLEAR
[image_processor-22] [INFO] [1776688764.263351796] [robot_1.image_processor]: Zone=CLEAR
[image_processor-24] [INFO] [1776688764.272277124] [robot_3.image_processor]: Zone=CLEAR
[image_processor-23] [INFO] [1776688764.330512857] [robot_2.image_processor]: Zone=CLEAR
[image_processor-23] [INFO] [1776688766.727445739] [robot_2.image_processor]: Zone=CLEAR
[image_processor-21] [INFO] [1776688766.735848057] [robot_0.image_processor]: Zone=CLEAR
[image_processor-25] [INFO] [1776688766.751100238] [robot_4.image_processor]: Zone=CLEAR
[image_processor-24] [INFO] [1776688766.770132596] [robot_3.image_processor]: Zone=CLEAR
[image_processor-22] [INFO] [1776688766.863002426] [robot_1.image_processor]: Zone=CLEAR
[image_processor-23] [INFO] [1776688769.230254776] [robot_2.image_processor]: Zone=CLEAR
[image_processor-21] [INFO] [1776688769.241488741] [robot_0.image_processor]: Zone=CLEAR
[image_processor-25] [INFO] [1776688769.258454786] [robot_4.image_processor]: Zone=CLEAR
[image_processor-22] [INFO] [1776688769.268841485] [robot_1.image_processor]: Zone=CLEAR
[image_processor-24] [INFO] [1776688769.277839869] [robot_3.image_processor]: Zone=CLEAR
[image_processor-23] [INFO] [1776688771.731078220] [robot_2.image_processor]: Zone=CLEAR
[image_processor-21] [INFO] [1776688771.740009124] [robot_0.image_processor]: Zone=CLEAR
[image_processor-25] [INFO] [1776688771.754490411] [robot_4.image_processor]: Zone=CLEAR
[image_processor-22] [INFO] [1776688771.762788657] [robot_1.image_processor]: Zone=CLEAR
[image_processor-24] [INFO] [1776688771.872469551] [robot_3.image_processor]: Zone=CLEAR
[image_processor-23] [INFO] [1776688774.230335196] [robot_2.image_processor]: Zone=CLEAR
[image_processor-21] [INFO] [1776688774.238155229] [robot_0.image_processor]: Zone=CLEAR
[image_processor-25] [INFO] [1776688774.254021229] [robot_4.image_processor]: Zone=CLEAR
[image_processor-22] [INFO] [1776688774.262618510] [robot_1.image_processor]: Zone=CLEAR
[image_processor-24] [INFO] [1776688774.271826376] [robot_3.image_processor]: Zone=CLEAR
[image_processor-23] [INFO] [1776688776.729965158] [robot_2.image_processor]: Zone=CLEAR
[image_processor-21] [INFO] [1776688776.737456212] [robot_0.image_processor]: Zone=CLEAR
[image_processor-25] [INFO] [1776688776.753168552] [robot_4.image_processor]: Zone=CLEAR
[image_processor-22] [INFO] [1776688776.762011263] [robot_1.image_processor]: Zone=CLEAR
[image_processor-24] [INFO] [1776688776.770572005] [robot_3.image_processor]: Zone=CLEAR
[image_processor-23] [INFO] [1776688779.228887275] [robot_2.image_processor]: Zone=CLEAR
[image_processor-21] [INFO] [1776688779.238595414] [robot_0.image_processor]: Zone=CLEAR
[image_processor-25] [INFO] [1776688779.252872496] [robot_4.image_processor]: Zone=CLEAR
[image_processor-22] [INFO] [1776688779.261579884] [robot_1.image_processor]: Zone=CLEAR
[image_processor-24] [INFO] [1776688779.269404332] [robot_3.image_processor]: Zone=CLEAR
[image_processor-23] [INFO] [1776688781.726840219] [robot_2.image_processor]: Zone=CLEAR
[image_processor-21] [INFO] [1776688781.735995474] [robot_0.image_processor]: Zone=CLEAR
[image_processor-25] [INFO] [1776688781.750849888] [robot_4.image_processor]: Zone=CLEAR
[image_processor-22] [INFO] [1776688781.759624432] [robot_1.image_processor]: Zone=CLEAR
[image_processor-24] [INFO] [1776688781.767747211] [robot_3.image_processor]: Zone=CLEAR
[image_processor-23] [INFO] [1776688784.231097378] [robot_2.image_processor]: Zone=CLEAR
[image_processor-21] [INFO] [1776688784.240896989] [robot_0.image_processor]: Zone=CLEAR
[image_processor-25] [INFO] [1776688784.256412408] [robot_4.image_processor]: Zone=CLEAR
[image_processor-22] [INFO] [1776688784.264333105] [robot_1.image_processor]: Zone=CLEAR
[image_processor-24] [INFO] [1776688784.272394384] [robot_3.image_processor]: Zone=CLEAR
[image_processor-23] [INFO] [1776688786.729493742] [robot_2.image_processor]: Zone=CLEAR
[image_processor-21] [INFO] [1776688786.737979151] [robot_0.image_processor]: Zone=CLEAR
[image_processor-25] [INFO] [1776688786.753101932] [robot_4.image_processor]: Zone=CLEAR
[image_processor-22] [INFO] [1776688786.763939841] [robot_1.image_processor]: Zone=CLEAR
[image_processor-24] [INFO] [1776688786.771231881] [robot_3.image_processor]: Zone=CLEAR
[image_processor-23] [INFO] [1776688789.228914353] [robot_2.image_processor]: Zone=CLEAR
[image_processor-21] [INFO] [1776688789.236670137] [robot_0.image_processor]: Zone=CLEAR
[image_processor-25] [INFO] [1776688789.252516381] [robot_4.image_processor]: Zone=CLEAR
[image_processor-22] [INFO] [1776688789.261405239] [robot_1.image_processor]: Zone=CLEAR
[image_processor-24] [INFO] [1776688789.270986012] [robot_3.image_processor]: Zone=CLEAR
[image_processor-23] [INFO] [1776688791.728465255] [robot_2.image_processor]: Zone=CLEAR
[image_processor-21] [INFO] [1776688791.738867117] [robot_0.image_processor]: Zone=CLEAR
[image_processor-25] [INFO] [1776688791.754347977] [robot_4.image_processor]: Zone=CLEAR
[image_processor-22] [INFO] [1776688791.763362945] [robot_1.image_processor]: Zone=CLEAR
[image_processor-24] [INFO] [1776688791.771522380] [robot_3.image_processor]: Zone=CLEAR
[image_processor-23] [INFO] [1776688794.228172511] [robot_2.image_processor]: Zone=CLEAR
[image_processor-21] [INFO] [1776688794.235982404] [robot_0.image_processor]: Zone=CLEAR
[image_processor-25] [INFO] [1776688794.251574653] [robot_4.image_processor]: Zone=CLEAR
[image_processor-22] [INFO] [1776688794.261615453] [robot_1.image_processor]: Zone=CLEAR
[image_processor-24] [INFO] [1776688794.270087027] [robot_3.image_processor]: Zone=CLEAR
[image_processor-23] [INFO] [1776688796.729563432] [robot_2.image_processor]: Zone=CLEAR
[image_processor-21] [INFO] [1776688796.737330798] [robot_0.image_processor]: Zone=CLEAR
[image_processor-25] [INFO] [1776688796.752303523] [robot_4.image_processor]: Zone=CLEAR
[image_processor-22] [INFO] [1776688796.761440723] [robot_1.image_processor]: Zone=CLEAR
[image_processor-24] [INFO] [1776688796.769467182] [robot_3.image_processor]: Zone=CLEAR
[image_processor-23] [INFO] [1776688799.226655277] [robot_2.image_processor]: Zone=CLEAR
[image_processor-21] [INFO] [1776688799.235324621] [robot_0.image_processor]: Zone=CLEAR
[image_processor-25] [INFO] [1776688799.251668512] [robot_4.image_processor]: Zone=CLEAR
[image_processor-24] [INFO] [1776688799.269392822] [robot_3.image_processor]: Zone=CLEAR
[image_processor-22] [INFO] [1776688799.361568724] [robot_1.image_processor]: Zone=CLEAR
[image_processor-23] [INFO] [1776688801.728199060] [robot_2.image_processor]: Zone=CLEAR
[image_processor-21] [INFO] [1776688801.736275541] [robot_0.image_processor]: Zone=CLEAR
[image_processor-25] [INFO] [1776688801.751154101] [robot_4.image_processor]: Zone=CLEAR
[image_processor-22] [INFO] [1776688801.758585880] [robot_1.image_processor]: Zone=CLEAR
[image_processor-24] [INFO] [1776688801.768051823] [robot_3.image_processor]: Zone=CLEAR
[image_processor-23] [INFO] [1776688804.227395772] [robot_2.image_processor]: Zone=CLEAR
[image_processor-21] [INFO] [1776688804.234258656] [robot_0.image_processor]: Zone=CLEAR
[image_processor-25] [INFO] [1776688804.251239432] [robot_4.image_processor]: Zone=CLEAR
[image_processor-22] [INFO] [1776688804.260670419] [robot_1.image_processor]: Zone=CLEAR
[image_processor-24] [INFO] [1776688804.267077367] [robot_3.image_processor]: Zone=CLEAR
[image_processor-23] [INFO] [1776688806.729961948] [robot_2.image_processor]: Zone=CLEAR
[image_processor-25] [INFO] [1776688806.752711277] [robot_4.image_processor]: Zone=CLEAR
[image_processor-22] [INFO] [1776688806.761270045] [robot_1.image_processor]: Zone=CLEAR
[image_processor-24] [INFO] [1776688806.770156637] [robot_3.image_processor]: Zone=CLEAR
[image_processor-21] [INFO] [1776688806.838504731] [robot_0.image_processor]: Zone=CLEAR
[image_processor-23] [INFO] [1776688809.229941830] [robot_2.image_processor]: Zone=CLEAR
[image_processor-21] [INFO] [1776688809.239629858] [robot_0.image_processor]: Zone=CLEAR
[image_processor-25] [INFO] [1776688809.256274288] [robot_4.image_processor]: Zone=CLEAR
[image_processor-22] [INFO] [1776688809.265132982] [robot_1.image_processor]: Zone=CLEAR
[image_processor-24] [INFO] [1776688809.274217731] [robot_3.image_processor]: Zone=CLEAR
[image_processor-23] [INFO] [1776688811.729863480] [robot_2.image_processor]: Zone=CLEAR
[image_processor-21] [INFO] [1776688811.739918361] [robot_0.image_processor]: Zone=CLEAR
[image_processor-25] [INFO] [1776688811.756094021] [robot_4.image_processor]: Zone=CLEAR
[image_processor-22] [INFO] [1776688811.763374979] [robot_1.image_processor]: Zone=CLEAR
[image_processor-24] [INFO] [1776688811.772605935] [robot_3.image_processor]: Zone=CLEAR
[image_processor-23] [INFO] [1776688814.226868897] [robot_2.image_processor]: Zone=CLEAR
[image_processor-21] [INFO] [1776688814.234371838] [robot_0.image_processor]: Zone=CLEAR
[image_processor-25] [INFO] [1776688814.249962003] [robot_4.image_processor]: Zone=CLEAR
[image_processor-22] [INFO] [1776688814.258365372] [robot_1.image_processor]: Zone=CLEAR
[image_processor-24] [INFO] [1776688814.266580194] [robot_3.image_processor]: Zone=CLEAR
[image_processor-23] [INFO] [1776688816.728414604] [robot_2.image_processor]: Zone=CLEAR
[image_processor-25] [INFO] [1776688816.752548580] [robot_4.image_processor]: Zone=CLEAR
[image_processor-22] [INFO] [1776688816.761165415] [robot_1.image_processor]: Zone=CLEAR
[image_processor-24] [INFO] [1776688816.769951825] [robot_3.image_processor]: Zone=CLEAR
[image_processor-21] [INFO] [1776688816.836217067] [robot_0.image_processor]: Zone=CLEAR
[image_processor-23] [INFO] [1776688819.230367204] [robot_2.image_processor]: Zone=CLEAR
[image_processor-21] [INFO] [1776688819.240171710] [robot_0.image_processor]: Zone=CLEAR
[image_processor-25] [INFO] [1776688819.255383929] [robot_4.image_processor]: Zone=CLEAR
[image_processor-22] [INFO] [1776688819.265148038] [robot_1.image_processor]: Zone=CLEAR
[image_processor-24] [INFO] [1776688819.375795099] [robot_3.image_processor]: Zone=CLEAR
[image_processor-23] [INFO] [1776688821.729601158] [robot_2.image_processor]: Zone=CLEAR
[image_processor-21] [INFO] [1776688821.736803011] [robot_0.image_processor]: Zone=CLEAR
[image_processor-22] [INFO] [1776688821.761018302] [robot_1.image_processor]: Zone=CLEAR
[image_processor-24] [INFO] [1776688821.771121686] [robot_3.image_processor]: Zone=CLEAR
[image_processor-25] [INFO] [1776688821.852092518] [robot_4.image_processor]: Zone=CLEAR
[image_processor-23] [INFO] [1776688824.229847263] [robot_2.image_processor]: Zone=CLEAR
[image_processor-21] [INFO] [1776688824.239840790] [robot_0.image_processor]: Zone=CLEAR
[image_processor-25] [INFO] [1776688824.253637436] [robot_4.image_processor]: Zone=CLEAR
[image_processor-22] [INFO] [1776688824.262381847] [robot_1.image_processor]: Zone=CLEAR
[image_processor-24] [INFO] [1776688824.273173600] [robot_3.image_processor]: Zone=CLEAR
[image_processor-23] [INFO] [1776688826.729189627] [robot_2.image_processor]: Zone=CLEAR
[image_processor-21] [INFO] [1776688826.736919395] [robot_0.image_processor]: Zone=CLEAR
[image_processor-25] [INFO] [1776688826.751819823] [robot_4.image_processor]: Zone=CLEAR
[image_processor-22] [INFO] [1776688826.761288604] [robot_1.image_processor]: Zone=CLEAR
[image_processor-24] [INFO] [1776688826.770194716] [robot_3.image_processor]: Zone=CLEAR
[image_processor-23] [INFO] [1776688829.226440402] [robot_2.image_processor]: Zone=CLEAR
[image_processor-21] [INFO] [1776688829.233503382] [robot_0.image_processor]: Zone=CLEAR
[image_processor-25] [INFO] [1776688829.248179062] [robot_4.image_processor]: Zone=CLEAR
[image_processor-22] [INFO] [1776688829.258401248] [robot_1.image_processor]: Zone=CLEAR
[image_processor-24] [INFO] [1776688829.266223012] [robot_3.image_processor]: Zone=CLEAR
[image_processor-23] [INFO] [1776688831.728668158] [robot_2.image_processor]: Zone=CLEAR
[image_processor-21] [INFO] [1776688831.737076325] [robot_0.image_processor]: Zone=CLEAR
[image_processor-25] [INFO] [1776688831.752825743] [robot_4.image_processor]: Zone=CLEAR
[image_processor-22] [INFO] [1776688831.764643551] [robot_1.image_processor]: Zone=CLEAR
[image_processor-24] [INFO] [1776688831.772842280] [robot_3.image_processor]: Zone=CLEAR
[image_processor-23] [INFO] [1776688834.228083185] [robot_2.image_processor]: Zone=CLEAR
[image_processor-21] [INFO] [1776688834.236987879] [robot_0.image_processor]: Zone=CLEAR
[image_processor-25] [INFO] [1776688834.250747754] [robot_4.image_processor]: Zone=CLEAR
[image_processor-22] [INFO] [1776688834.260274908] [robot_1.image_processor]: Zone=CLEAR
[image_processor-24] [INFO] [1776688834.272882525] [robot_3.image_processor]: Zone=CLEAR
[image_processor-23] [INFO] [1776688836.728396497] [robot_2.image_processor]: Zone=CLEAR
[image_processor-21] [INFO] [1776688836.736360506] [robot_0.image_processor]: Zone=CLEAR
[image_processor-25] [INFO] [1776688836.751560893] [robot_4.image_processor]: Zone=CLEAR
[image_processor-22] [INFO] [1776688836.761500806] [robot_1.image_processor]: Zone=CLEAR
[image_processor-24] [INFO] [1776688836.769093397] [robot_3.image_processor]: Zone=CLEAR
[image_processor-23] [INFO] [1776688839.228307370] [robot_2.image_processor]: Zone=CLEAR
[image_processor-21] [INFO] [1776688839.237426181] [robot_0.image_processor]: Zone=CLEAR
[image_processor-25] [INFO] [1776688839.253743095] [robot_4.image_processor]: Zone=CLEAR
[image_processor-22] [INFO] [1776688839.262724680] [robot_1.image_processor]: Zone=CLEAR
[image_processor-24] [INFO] [1776688839.272004839] [robot_3.image_processor]: Zone=CLEAR
[image_processor-23] [INFO] [1776688841.728892761] [robot_2.image_processor]: Zone=CLEAR
[image_processor-25] [INFO] [1776688841.757084228] [robot_4.image_processor]: Zone=CLEAR
[image_processor-22] [INFO] [1776688841.766794562] [robot_1.image_processor]: Zone=CLEAR
[image_processor-24] [INFO] [1776688841.775137763] [robot_3.image_processor]: Zone=CLEAR
[image_processor-21] [INFO] [1776688841.840183123] [robot_0.image_processor]: Zone=CLEAR
[image_processor-23] [INFO] [1776688844.229991317] [robot_2.image_processor]: Zone=CLEAR
[image_processor-21] [INFO] [1776688844.239846385] [robot_0.image_processor]: Zone=CLEAR
[image_processor-25] [INFO] [1776688844.260332569] [robot_4.image_processor]: Zone=CLEAR
[image_processor-22] [INFO] [1776688844.269736539] [robot_1.image_processor]: Zone=CLEAR
[image_processor-24] [INFO] [1776688844.281072854] [robot_3.image_processor]: Zone=CLEAR
[image_processor-23] [INFO] [1776688846.734701910] [robot_2.image_processor]: Zone=CLEAR
[image_processor-21] [INFO] [1776688846.745163747] [robot_0.image_processor]: Zone=CLEAR
[image_processor-25] [INFO] [1776688846.765926968] [robot_4.image_processor]: Zone=CLEAR
[image_processor-22] [INFO] [1776688846.781483898] [robot_1.image_processor]: Zone=CLEAR
[image_processor-24] [INFO] [1776688846.794772302] [robot_3.image_processor]: Zone=CLEAR
[image_processor-23] [INFO] [1776688849.235863724] [robot_2.image_processor]: Zone=CLEAR
[image_processor-21] [INFO] [1776688849.246777650] [robot_0.image_processor]: Zone=CLEAR
[image_processor-25] [INFO] [1776688849.269346180] [robot_4.image_processor]: Zone=CLEAR
[image_processor-22] [INFO] [1776688849.286018684] [robot_1.image_processor]: Zone=CLEAR
[image_processor-24] [INFO] [1776688849.300603231] [robot_3.image_processor]: Zone=CLEAR
[image_processor-23] [INFO] [1776688851.735786035] [robot_2.image_processor]: Zone=CLEAR
[image_processor-21] [INFO] [1776688851.749958786] [robot_0.image_processor]: Zone=CLEAR
[image_processor-25] [INFO] [1776688851.769373242] [robot_4.image_processor]: Zone=CLEAR
[image_processor-22] [INFO] [1776688851.782502860] [robot_1.image_processor]: Zone=CLEAR
[image_processor-24] [INFO] [1776688851.795356302] [robot_3.image_processor]: Zone=CLEAR
[INFO] [image_processor-25]: sending signal 'SIGINT' to process[image_processor-25]
[ERROR] [ign gazebo-1]: process has died [pid 577348, exit code -15, cmd 'ruby /usr/bin/ign gazebo /home/ecem/ros2_ws/install/swarm_basics/share/swarm_basics/worlds/random_world.sdf -s -r --force-version 6'].
[ERROR] [parameter_bridge-4]: process has died [pid 577355, exit code -15, cmd '/opt/ros/humble/lib/ros_ign_bridge/parameter_bridge /robot_0/cmd_vel@geometry_msgs/msg/Twist]ignition.msgs.Twist /robot_0/odom@nav_msgs/msg/Odometry[ignition.msgs.Odometry /robot_0/depth_camera/depth_image@sensor_msgs/msg/Image[ignition.msgs.Image /world/random_world/model/robot_0/link/robot_0/base_footprint/sensor/contact_sensor/contact@ros_gz_interfaces/msg/Contacts[ignition.msgs.Contacts /robot_1/cmd_vel@geometry_msgs/msg/Twist]ignition.msgs.Twist /robot_1/odom@nav_msgs/msg/Odometry[ignition.msgs.Odometry /robot_1/depth_camera/depth_image@sensor_msgs/msg/Image[ignition.msgs.Image /world/random_world/model/robot_1/link/robot_1/base_footprint/sensor/contact_sensor/contact@ros_gz_interfaces/msg/Contacts[ignition.msgs.Contacts /robot_2/cmd_vel@geometry_msgs/msg/Twist]ignition.msgs.Twist /robot_2/odom@nav_msgs/msg/Odometry[ignition.msgs.Odometry /robot_2/depth_camera/depth_image@sensor_msgs/msg/Image[ignition.msgs.Image /world/random_world/model/robot_2/link/robot_2/base_footprint/sensor/contact_sensor/contact@ros_gz_interfaces/msg/Contacts[ignition.msgs.Contacts /robot_3/cmd_vel@geometry_msgs/msg/Twist]ignition.msgs.Twist /robot_3/odom@nav_msgs/msg/Odometry[ignition.msgs.Odometry /robot_3/depth_camera/depth_image@sensor_msgs/msg/Image[ignition.msgs.Image /world/random_world/model/robot_3/link/robot_3/base_footprint/sensor/contact_sensor/contact@ros_gz_interfaces/msg/Contacts[ignition.msgs.Contacts /robot_4/cmd_vel@geometry_msgs/msg/Twist]ignition.msgs.Twist /robot_4/odom@nav_msgs/msg/Odometry[ignition.msgs.Odometry /robot_4/depth_camera/depth_image@sensor_msgs/msg/Image[ignition.msgs.Image /world/random_world/model/robot_4/link/robot_4/base_footprint/sensor/contact_sensor/contact@ros_gz_interfaces/msg/Contacts[ignition.msgs.Contacts /world/random_world/dynamic_pose/info@tf2_msgs/msg/TFMessage[ignition.msgs.Pose_V --ros-args -r __node:=all_robots_bridge --params-file /tmp/launch_params_7bpoqgfp'].
[INFO] [parameter_bridge-20]: process has finished cleanly [pid 577396]
[INFO] [image_processor-24]: sending signal 'SIGINT' to process[image_processor-24]
[INFO] [bash-26]: process started with pid [578077]
[INFO] [image_processor-23]: sending signal 'SIGINT' to process[image_processor-23]
[INFO] [image_processor-22]: sending signal 'SIGINT' to process[image_processor-22]
[INFO] [image_processor-21]: sending signal 'SIGINT' to process[image_processor-21]
[INFO] [robot_supervisor-19]: sending signal 'SIGINT' to process[robot_supervisor-19]
[INFO] [robot_state_publisher-17]: sending signal 'SIGINT' to process[robot_state_publisher-17]
[INFO] [robot_supervisor-16]: sending signal 'SIGINT' to process[robot_supervisor-16]
[INFO] [robot_state_publisher-14]: sending signal 'SIGINT' to process[robot_state_publisher-14]
[INFO] [robot_supervisor-13]: sending signal 'SIGINT' to process[robot_supervisor-13]
[INFO] [robot_state_publisher-11]: sending signal 'SIGINT' to process[robot_state_publisher-11]
[INFO] [robot_supervisor-10]: sending signal 'SIGINT' to process[robot_supervisor-10]
[ERROR] [bash-26]: process has died [pid 578077, exit code -15, cmd 'bash -lc pkill -f parameter_bridge || true'].
[INFO] [robot_state_publisher-8]: sending signal 'SIGINT' to process[robot_state_publisher-8]
[INFO] [robot_supervisor-7]: sending signal 'SIGINT' to process[robot_supervisor-7]
[INFO] [robot_state_publisher-5]: sending signal 'SIGINT' to process[robot_state_publisher-5]
[INFO] [bump_counter-3]: sending signal 'SIGINT' to process[bump_counter-3]
[INFO] [coverage_counter-2]: sending signal 'SIGINT' to process[coverage_counter-2]
[parameter_bridge-4] [INFO] [1776688853.657248541] [rclcpp]: signal_handler(SIGINT/SIGTERM)
[parameter_bridge-20] [INFO] [1776688853.657248616] [rclcpp]: signal_handler(SIGINT/SIGTERM)
[INFO] [launch]: process[ign gazebo-1] was required: shutting down launched system
[image_processor-25] [INFO] [1776688854.381411181] [rclcpp]: signal_handler(SIGINT/SIGTERM)
[image_processor-24] [INFO] [1776688854.385654144] [rclcpp]: signal_handler(SIGINT/SIGTERM)
[image_processor-23] [INFO] [1776688854.390123607] [rclcpp]: signal_handler(SIGINT/SIGTERM)
[image_processor-22] [INFO] [1776688854.393965593] [rclcpp]: signal_handler(SIGINT/SIGTERM)
[image_processor-21] [INFO] [1776688854.397523752] [rclcpp]: signal_handler(SIGINT/SIGTERM)
[robot_supervisor-19] Traceback (most recent call last):
[robot_supervisor-19]   File "/home/ecem/ros2_ws/install/swarm_basics/lib/swarm_basics/robot_supervisor", line 33, in <module>
[robot_supervisor-19]     sys.exit(load_entry_point('swarm-basics==0.0.0', 'console_scripts', 'robot_supervisor')())
[robot_supervisor-19]   File "/home/ecem/ros2_ws/install/swarm_basics/lib/python3.10/site-packages/swarm_basics/robot_supervisor.py", line 867, in main
[robot_supervisor-19]     rclpy.spin(node)
[robot_supervisor-19]   File "/opt/ros/humble/local/lib/python3.10/dist-packages/rclpy/__init__.py", line 229, in spin
[robot_supervisor-19]     executor.spin_once()
[robot_supervisor-19]   File "/opt/ros/humble/local/lib/python3.10/dist-packages/rclpy/executors.py", line 773, in spin_once
[robot_supervisor-19]     self._spin_once_impl(timeout_sec)
[robot_supervisor-19]   File "/opt/ros/humble/local/lib/python3.10/dist-packages/rclpy/executors.py", line 762, in _spin_once_impl
[robot_supervisor-19]     handler, entity, node = self.wait_for_ready_callbacks(timeout_sec=timeout_sec)
[robot_supervisor-19]   File "/opt/ros/humble/local/lib/python3.10/dist-packages/rclpy/executors.py", line 745, in wait_for_ready_callbacks
[robot_supervisor-19]     return next(self._cb_iter)
[robot_supervisor-19]   File "/opt/ros/humble/local/lib/python3.10/dist-packages/rclpy/executors.py", line 642, in _wait_for_ready_callbacks
[robot_supervisor-19]     wait_set.wait(timeout_nsec)
[robot_supervisor-19] KeyboardInterrupt
[robot_state_publisher-17] [INFO] [1776688854.407202829] [rclcpp]: signal_handler(SIGINT/SIGTERM)
[robot_supervisor-16] Traceback (most recent call last):
[robot_supervisor-16]   File "/home/ecem/ros2_ws/install/swarm_basics/lib/swarm_basics/robot_supervisor", line 33, in <module>
[robot_supervisor-16]     sys.exit(load_entry_point('swarm-basics==0.0.0', 'console_scripts', 'robot_supervisor')())
[robot_supervisor-16]   File "/home/ecem/ros2_ws/install/swarm_basics/lib/python3.10/site-packages/swarm_basics/robot_supervisor.py", line 867, in main
[robot_supervisor-16]     rclpy.spin(node)
[robot_supervisor-16]   File "/opt/ros/humble/local/lib/python3.10/dist-packages/rclpy/__init__.py", line 229, in spin
[robot_supervisor-16]     executor.spin_once()
[robot_supervisor-16]   File "/opt/ros/humble/local/lib/python3.10/dist-packages/rclpy/executors.py", line 773, in spin_once
[robot_supervisor-16]     self._spin_once_impl(timeout_sec)
[robot_supervisor-16]   File "/opt/ros/humble/local/lib/python3.10/dist-packages/rclpy/executors.py", line 762, in _spin_once_impl
[robot_supervisor-16]     handler, entity, node = self.wait_for_ready_callbacks(timeout_sec=timeout_sec)
[robot_supervisor-16]   File "/opt/ros/humble/local/lib/python3.10/dist-packages/rclpy/executors.py", line 745, in wait_for_ready_callbacks
[robot_supervisor-16]     return next(self._cb_iter)
[robot_supervisor-16]   File "/opt/ros/humble/local/lib/python3.10/dist-packages/rclpy/executors.py", line 642, in _wait_for_ready_callbacks
[robot_supervisor-16]     wait_set.wait(timeout_nsec)
[robot_supervisor-16] KeyboardInterrupt
[robot_state_publisher-14] [INFO] [1776688854.413524773] [rclcpp]: signal_handler(SIGINT/SIGTERM)
[robot_supervisor-13] Traceback (most recent call last):
[robot_supervisor-13]   File "/home/ecem/ros2_ws/install/swarm_basics/lib/swarm_basics/robot_supervisor", line 33, in <module>
[robot_supervisor-13]     sys.exit(load_entry_point('swarm-basics==0.0.0', 'console_scripts', 'robot_supervisor')())
[robot_supervisor-13]   File "/home/ecem/ros2_ws/install/swarm_basics/lib/python3.10/site-packages/swarm_basics/robot_supervisor.py", line 867, in main
[robot_supervisor-13]     rclpy.spin(node)
[robot_supervisor-13]   File "/opt/ros/humble/local/lib/python3.10/dist-packages/rclpy/__init__.py", line 229, in spin
[robot_supervisor-13]     executor.spin_once()
[robot_supervisor-13]   File "/opt/ros/humble/local/lib/python3.10/dist-packages/rclpy/executors.py", line 773, in spin_once
[robot_supervisor-13]     self._spin_once_impl(timeout_sec)
[robot_supervisor-13]   File "/opt/ros/humble/local/lib/python3.10/dist-packages/rclpy/executors.py", line 762, in _spin_once_impl
[robot_supervisor-13]     handler, entity, node = self.wait_for_ready_callbacks(timeout_sec=timeout_sec)
[robot_supervisor-13]   File "/opt/ros/humble/local/lib/python3.10/dist-packages/rclpy/executors.py", line 745, in wait_for_ready_callbacks
[robot_supervisor-13]     return next(self._cb_iter)
[robot_supervisor-13]   File "/opt/ros/humble/local/lib/python3.10/dist-packages/rclpy/executors.py", line 642, in _wait_for_ready_callbacks
[robot_supervisor-13]     wait_set.wait(timeout_nsec)
[robot_supervisor-13] KeyboardInterrupt
[robot_state_publisher-11] [INFO] [1776688854.422778856] [rclcpp]: signal_handler(SIGINT/SIGTERM)
[robot_supervisor-10] Traceback (most recent call last):
[robot_supervisor-10]   File "/home/ecem/ros2_ws/install/swarm_basics/lib/swarm_basics/robot_supervisor", line 33, in <module>
[robot_supervisor-10]     sys.exit(load_entry_point('swarm-basics==0.0.0', 'console_scripts', 'robot_supervisor')())
[robot_supervisor-10]   File "/home/ecem/ros2_ws/install/swarm_basics/lib/python3.10/site-packages/swarm_basics/robot_supervisor.py", line 867, in main
[robot_supervisor-10]     rclpy.spin(node)
[robot_supervisor-10]   File "/opt/ros/humble/local/lib/python3.10/dist-packages/rclpy/__init__.py", line 229, in spin
[robot_supervisor-10]     executor.spin_once()
[robot_supervisor-10]   File "/opt/ros/humble/local/lib/python3.10/dist-packages/rclpy/executors.py", line 773, in spin_once
[robot_supervisor-10]     self._spin_once_impl(timeout_sec)
[robot_supervisor-10]   File "/opt/ros/humble/local/lib/python3.10/dist-packages/rclpy/executors.py", line 762, in _spin_once_impl
[robot_supervisor-10]     handler, entity, node = self.wait_for_ready_callbacks(timeout_sec=timeout_sec)
[robot_supervisor-10]   File "/opt/ros/humble/local/lib/python3.10/dist-packages/rclpy/executors.py", line 745, in wait_for_ready_callbacks
[robot_supervisor-10]     return next(self._cb_iter)
[robot_supervisor-10]   File "/opt/ros/humble/local/lib/python3.10/dist-packages/rclpy/executors.py", line 642, in _wait_for_ready_callbacks
[robot_supervisor-10]     wait_set.wait(timeout_nsec)
[robot_supervisor-10] KeyboardInterrupt
[robot_state_publisher-8] [INFO] [1776688854.429058921] [rclcpp]: signal_handler(SIGINT/SIGTERM)
[robot_supervisor-7] Traceback (most recent call last):
[robot_supervisor-7]   File "/home/ecem/ros2_ws/install/swarm_basics/lib/swarm_basics/robot_supervisor", line 33, in <module>
[robot_supervisor-7]     sys.exit(load_entry_point('swarm-basics==0.0.0', 'console_scripts', 'robot_supervisor')())
[robot_supervisor-7]   File "/home/ecem/ros2_ws/install/swarm_basics/lib/python3.10/site-packages/swarm_basics/robot_supervisor.py", line 867, in main
[robot_supervisor-7]     rclpy.spin(node)
[robot_supervisor-7]   File "/opt/ros/humble/local/lib/python3.10/dist-packages/rclpy/__init__.py", line 229, in spin
[robot_supervisor-7]     executor.spin_once()
[robot_supervisor-7]   File "/opt/ros/humble/local/lib/python3.10/dist-packages/rclpy/executors.py", line 773, in spin_once
[robot_supervisor-7]     self._spin_once_impl(timeout_sec)
[robot_supervisor-7]   File "/opt/ros/humble/local/lib/python3.10/dist-packages/rclpy/executors.py", line 762, in _spin_once_impl
[robot_supervisor-7]     handler, entity, node = self.wait_for_ready_callbacks(timeout_sec=timeout_sec)
[robot_supervisor-7]   File "/opt/ros/humble/local/lib/python3.10/dist-packages/rclpy/executors.py", line 745, in wait_for_ready_callbacks
[robot_supervisor-7]     return next(self._cb_iter)
[robot_supervisor-7]   File "/opt/ros/humble/local/lib/python3.10/dist-packages/rclpy/executors.py", line 642, in _wait_for_ready_callbacks
[robot_supervisor-7]     wait_set.wait(timeout_nsec)
[robot_supervisor-7] KeyboardInterrupt
[robot_state_publisher-5] [INFO] [1776688854.436474257] [rclcpp]: signal_handler(SIGINT/SIGTERM)
[ERROR] [launch]: Caught exception in launch (see debug for traceback): ExecuteLocal action 'bash-27': executed more than once: <launch.actions.execute_process.ExecuteProcess object at 0x7e4655399240>
[INFO] [image_processor-24]: process has finished cleanly [pid 577752]
[INFO] [image_processor-25]: process has finished cleanly [pid 577754]
[INFO] [image_processor-22]: process has finished cleanly [pid 577748]
[INFO] [image_processor-23]: process has finished cleanly [pid 577750]
[INFO] [image_processor-21]: process has finished cleanly [pid 577746]
[INFO] [robot_state_publisher-17]: process has finished cleanly [pid 577383]
[INFO] [robot_state_publisher-14]: process has finished cleanly [pid 577377]
[INFO] [robot_state_publisher-11]: process has finished cleanly [pid 577371]
[INFO] [robot_state_publisher-8]: process has finished cleanly [pid 577364]
[INFO] [robot_state_publisher-5]: process has finished cleanly [pid 577357]
[coverage_counter-2] Traceback (most recent call last):
[coverage_counter-2]   File "/home/ecem/ros2_ws/install/swarm_basics/lib/python3.10/site-packages/swarm_basics/coverage_counter.py", line 418, in main
[coverage_counter-2]     rclpy.spin(node)
[coverage_counter-2]   File "/opt/ros/humble/local/lib/python3.10/dist-packages/rclpy/__init__.py", line 229, in spin
[coverage_counter-2]     executor.spin_once()
[coverage_counter-2]   File "/opt/ros/humble/local/lib/python3.10/dist-packages/rclpy/executors.py", line 773, in spin_once
[coverage_counter-2]     self._spin_once_impl(timeout_sec)
[coverage_counter-2]   File "/opt/ros/humble/local/lib/python3.10/dist-packages/rclpy/executors.py", line 768, in _spin_once_impl
[coverage_counter-2]     handler()
[coverage_counter-2]   File "/opt/ros/humble/local/lib/python3.10/dist-packages/rclpy/task.py", line 254, in __call__
[coverage_counter-2]     self._handler.send(None)
[coverage_counter-2]   File "/opt/ros/humble/local/lib/python3.10/dist-packages/rclpy/executors.py", line 463, in handler
[coverage_counter-2]     await call_coroutine(entity, arg)
[coverage_counter-2]   File "/opt/ros/humble/local/lib/python3.10/dist-packages/rclpy/executors.py", line 371, in _execute_timer
[coverage_counter-2]     await await_or_execute(tmr.callback)
[coverage_counter-2]   File "/opt/ros/humble/local/lib/python3.10/dist-packages/rclpy/executors.py", line 107, in await_or_execute
[coverage_counter-2]     return callback(*args)
[coverage_counter-2]   File "/home/ecem/ros2_ws/install/swarm_basics/lib/python3.10/site-packages/swarm_basics/coverage_counter.py", line 152, in _on_timeout_timer
[coverage_counter-2]     self.shutdown_and_save()
[coverage_counter-2]   File "/home/ecem/ros2_ws/install/swarm_basics/lib/python3.10/site-packages/swarm_basics/coverage_counter.py", line 174, in shutdown_and_save
[coverage_counter-2]     rclpy.shutdown()
[coverage_counter-2]   File "/opt/ros/humble/local/lib/python3.10/dist-packages/rclpy/__init__.py", line 130, in shutdown
[coverage_counter-2]     _shutdown(context=context)
[coverage_counter-2]   File "/opt/ros/humble/local/lib/python3.10/dist-packages/rclpy/utilities.py", line 58, in shutdown
[coverage_counter-2]     return context.shutdown()
[coverage_counter-2]   File "/opt/ros/humble/local/lib/python3.10/dist-packages/rclpy/context.py", line 103, in shutdown
[coverage_counter-2]     self._call_on_shutdown_callbacks()
[coverage_counter-2]   File "/opt/ros/humble/local/lib/python3.10/dist-packages/rclpy/context.py", line 92, in _call_on_shutdown_callbacks
[coverage_counter-2]     callback = weak_method()
[coverage_counter-2]   File "/opt/ros/humble/local/lib/python3.10/dist-packages/rclpy/__init__.py", line 111, in reset_executor
[coverage_counter-2]     __executor.shutdown()
[coverage_counter-2]   File "/opt/ros/humble/local/lib/python3.10/dist-packages/rclpy/executors.py", line 227, in shutdown
[coverage_counter-2]     if not self._work_tracker.wait(timeout_sec):
[coverage_counter-2]   File "/opt/ros/humble/local/lib/python3.10/dist-packages/rclpy/executors.py", line 94, in wait
[coverage_counter-2]     if not self._work_condition.wait_for(
[coverage_counter-2]   File "/usr/lib/python3.10/threading.py", line 355, in wait_for
[coverage_counter-2]     self.wait(waittime)
[coverage_counter-2]   File "/usr/lib/python3.10/threading.py", line 320, in wait
[coverage_counter-2]     waiter.acquire()
[coverage_counter-2] KeyboardInterrupt
[coverage_counter-2] 
[coverage_counter-2] During handling of the above exception, another exception occurred:
[coverage_counter-2] 
[coverage_counter-2] Traceback (most recent call last):
[coverage_counter-2]   File "/home/ecem/ros2_ws/install/swarm_basics/lib/swarm_basics/coverage_counter", line 33, in <module>
[coverage_counter-2]     sys.exit(load_entry_point('swarm-basics==0.0.0', 'console_scripts', 'coverage_counter')())
[coverage_counter-2]   File "/home/ecem/ros2_ws/install/swarm_basics/lib/python3.10/site-packages/swarm_basics/coverage_counter.py", line 421, in main
[coverage_counter-2]     node.shutdown_and_save()
[coverage_counter-2]   File "/home/ecem/ros2_ws/install/swarm_basics/lib/python3.10/site-packages/swarm_basics/coverage_counter.py", line 174, in shutdown_and_save
[coverage_counter-2]     rclpy.shutdown()
[coverage_counter-2]   File "/opt/ros/humble/local/lib/python3.10/dist-packages/rclpy/__init__.py", line 130, in shutdown
[coverage_counter-2]     _shutdown(context=context)
[coverage_counter-2]   File "/opt/ros/humble/local/lib/python3.10/dist-packages/rclpy/utilities.py", line 58, in shutdown
[coverage_counter-2]     return context.shutdown()
[coverage_counter-2]   File "/opt/ros/humble/local/lib/python3.10/dist-packages/rclpy/context.py", line 100, in shutdown
[coverage_counter-2]     raise RuntimeError('Context must be initialized before it can be shutdown')
[coverage_counter-2] RuntimeError: Context must be initialized before it can be shutdown
[bump_counter-3] Traceback (most recent call last):
[bump_counter-3]   File "/home/ecem/ros2_ws/install/swarm_basics/lib/swarm_basics/bump_counter", line 33, in <module>
[bump_counter-3]     sys.exit(load_entry_point('swarm-basics==0.0.0', 'console_scripts', 'bump_counter')())
[bump_counter-3]   File "/home/ecem/ros2_ws/install/swarm_basics/lib/python3.10/site-packages/swarm_basics/bump_counter.py", line 384, in main
[bump_counter-3]     rclpy.shutdown()
[bump_counter-3]   File "/opt/ros/humble/local/lib/python3.10/dist-packages/rclpy/__init__.py", line 130, in shutdown
[bump_counter-3]     _shutdown(context=context)
[bump_counter-3]   File "/opt/ros/humble/local/lib/python3.10/dist-packages/rclpy/utilities.py", line 58, in shutdown
[bump_counter-3]     return context.shutdown()
[bump_counter-3]   File "/opt/ros/humble/local/lib/python3.10/dist-packages/rclpy/context.py", line 102, in shutdown
[bump_counter-3]     self.__context.shutdown()
[bump_counter-3] rclpy._rclpy_pybind11.RCLError: failed to shutdown: rcl_shutdown already called on the given context, at ./src/rcl/init.c:241
[ERROR] [coverage_counter-2]: process has died [pid 577350, exit code 1, cmd '/home/ecem/ros2_ws/install/swarm_basics/lib/swarm_basics/coverage_counter --ros-args -r __node:=coverage_counter --params-file /tmp/launch_params_7hbs6o1h --params-file /tmp/launch_params_axy0iy_3 --params-file /tmp/launch_params_m_qvmjfr --params-file /tmp/launch_params_okxe1e10 --params-file /tmp/launch_params_jpopyxvj --params-file /tmp/launch_params_ed_45m85'].
[ERROR] [bump_counter-3]: process has died [pid 577353, exit code 1, cmd '/home/ecem/ros2_ws/install/swarm_basics/lib/swarm_basics/bump_counter --ros-args -r __node:=bump_counter --params-file /tmp/launch_params_hgc0n_tp --params-file /tmp/launch_params_rhsd9ki_ --params-file /tmp/launch_params_4rlyhnpt'].
[ERROR] [robot_supervisor-19]: process has died [pid 577394, exit code -2, cmd '/home/ecem/ros2_ws/install/swarm_basics/lib/swarm_basics/robot_supervisor --ros-args -r __node:=robot_supervisor -r __ns:=/robot_4 --params-file /tmp/launch_params__0djchoc --params-file /tmp/launch_params_c93zauch --params-file /tmp/launch_params_5t3zg2fc --params-file /tmp/launch_params_nfivqshz'].
[ERROR] [robot_supervisor-10]: process has died [pid 577369, exit code -2, cmd '/home/ecem/ros2_ws/install/swarm_basics/lib/swarm_basics/robot_supervisor --ros-args -r __node:=robot_supervisor -r __ns:=/robot_1 --params-file /tmp/launch_params_d6sorrve --params-file /tmp/launch_params_27z5glz9 --params-file /tmp/launch_params_yc_25iey --params-file /tmp/launch_params_qt6men_o'].
[ERROR] [robot_supervisor-7]: process has died [pid 577361, exit code -2, cmd '/home/ecem/ros2_ws/install/swarm_basics/lib/swarm_basics/robot_supervisor --ros-args -r __node:=robot_supervisor -r __ns:=/robot_0 --params-file /tmp/launch_params_9g_9adh0 --params-file /tmp/launch_params_lhs7uwmu --params-file /tmp/launch_params_5ndam4q1 --params-file /tmp/launch_params_1l20hry8'].
[ERROR] [robot_supervisor-16]: process has died [pid 577381, exit code -2, cmd '/home/ecem/ros2_ws/install/swarm_basics/lib/swarm_basics/robot_supervisor --ros-args -r __node:=robot_supervisor -r __ns:=/robot_3 --params-file /tmp/launch_params_0e5ygle2 --params-file /tmp/launch_params_5515sy3r --params-file /tmp/launch_params_dsfwz5bt --params-file /tmp/launch_params_7fqzhytd'].
[ERROR] [robot_supervisor-13]: process has died [pid 577375, exit code -2, cmd '/home/ecem/ros2_ws/install/swarm_basics/lib/swarm_basics/robot_supervisor --ros-args -r __node:=robot_supervisor -r __ns:=/robot_2 --params-file /tmp/launch_params_yjjsvd1g --params-file /tmp/launch_params_ig9q_w00 --params-file /tmp/launch_params_e4wr7r1m --params-file /tmp/launch_params_evo0bgr4'].
