[0.008s] Invoking command in '/home/ecem/ros2_ws/src/Leo_sct/build/leo_example_follow_aruco_marker': AMENT_PREFIX_PATH=/home/ecem/ros2_ws/src/Leo_sct/install/aruco_opencv:/home/ecem/ros2_ws/src/Leo_sct/install/aruco_opencv_msgs:${AMENT_PREFIX_PATH} CMAKE_PREFIX_PATH=/home/ecem/ros2_ws/src/Leo_sct/install/aruco_opencv:/home/ecem/ros2_ws/src/Leo_sct/install/aruco_opencv_msgs:/home/ecem/ros2_ws/install/leo_examples:/home/ecem/ros2_ws/install/leo:/home/ecem/ros2_ws/install/leo_teleop:/home/ecem/ros2_ws/install/leo_simulator:/home/ecem/ros2_ws/install/leo_msgs:/home/ecem/ros2_ws/install/leo_image:/home/ecem/ros2_ws/install/leo_gz_bringup:/home/ecem/ros2_ws/install/leo_gz_worlds:/home/ecem/ros2_ws/install/leo_gz_plugins:/home/ecem/ros2_ws/install/leo_example_object_detection:/home/ecem/ros2_ws/install/leo_example_line_follower:/home/ecem/ros2_ws/install/leo_example_follow_aruco_marker:/home/ecem/ros2_ws/install/leo_description:/home/ecem/ros2_ws/install/aruco_opencv:/home/ecem/ros2_ws/install/aruco_opencv_msgs:/home/ecem/ros2_ws/install/swarm_basics:/opt/ros/humble LD_LIBRARY_PATH=/home/ecem/ros2_ws/src/Leo_sct/install/aruco_opencv/lib:/home/ecem/ros2_ws/src/Leo_sct/install/aruco_opencv_msgs/lib:${LD_LIBRARY_PATH} PYTHONPATH=/home/ecem/ros2_ws/src/Leo_sct/install/aruco_opencv_msgs/local/lib/python3.10/dist-packages:${PYTHONPATH} /usr/bin/cmake /home/ecem/ros2_ws/src/Leo_sct/leo_examples-ros2/leo_example_follow_aruco_marker -DCMAKE_INSTALL_PREFIX=/home/ecem/ros2_ws/src/Leo_sct/install/leo_example_follow_aruco_marker
[0.047s] -- The C compiler identification is GNU 11.4.0
[0.081s] -- The CXX compiler identification is GNU 11.4.0
[0.085s] -- Detecting C compiler ABI info
[0.132s] -- Detecting C compiler ABI info - done
[0.137s] -- Check for working C compiler: /usr/bin/cc - skipped
[0.137s] -- Detecting C compile features
[0.137s] -- Detecting C compile features - done
[0.139s] -- Detecting CXX compiler ABI info
[0.190s] -- Detecting CXX compiler ABI info - done
[0.198s] -- Check for working CXX compiler: /usr/bin/c++ - skipped
[0.198s] -- Detecting CXX compile features
[0.198s] -- Detecting CXX compile features - done
[0.200s] -- Found ament_cmake: 1.3.12 (/opt/ros/humble/share/ament_cmake/cmake)
[0.300s] -- Found Python3: /usr/bin/python3 (found version "3.10.12") found components: Interpreter 
[0.365s] -- Found generate_parameter_library: 0.6.0 (/opt/ros/humble/share/generate_parameter_library/cmake)
[0.368s] -- Found parameter_traits: 0.6.0 (/opt/ros/humble/share/parameter_traits/cmake)
[0.399s] -- Found rosidl_generator_c: 3.1.8 (/opt/ros/humble/share/rosidl_generator_c/cmake)
[0.403s] -- Found rosidl_adapter: 3.1.8 (/opt/ros/humble/share/rosidl_adapter/cmake)
[0.409s] -- Found rosidl_generator_cpp: 3.1.8 (/opt/ros/humble/share/rosidl_generator_cpp/cmake)
[0.416s] -- Using all available rosidl_typesupport_c: rosidl_typesupport_fastrtps_c;rosidl_typesupport_introspection_c
[0.426s] -- Using all available rosidl_typesupport_cpp: rosidl_typesupport_fastrtps_cpp;rosidl_typesupport_introspection_cpp
[0.456s] -- Found rmw_implementation_cmake: 6.1.2 (/opt/ros/humble/share/rmw_implementation_cmake/cmake)
[0.458s] -- Found rmw_cyclonedds_cpp: 1.3.4 (/opt/ros/humble/share/rmw_cyclonedds_cpp/cmake)
[0.472s] -- Using RMW implementation 'rmw_cyclonedds_cpp' as default
[0.478s] -- Looking for pthread.h
[0.543s] -- Looking for pthread.h - found
[0.543s] -- Performing Test CMAKE_HAVE_LIBC_PTHREAD
[0.597s] -- Performing Test CMAKE_HAVE_LIBC_PTHREAD - Success
[0.597s] -- Found Threads: TRUE  
[0.638s] -- Found rclcpp_lifecycle: 16.0.17 (/opt/ros/humble/share/rclcpp_lifecycle/cmake)
[0.707s] -- Found ament_lint_auto: 0.12.14 (/opt/ros/humble/share/ament_lint_auto/cmake)
[0.759s] -- Added test 'lint_cmake' to check CMake code style
[0.759s] -- Added test 'xmllint' to check XML markup files
[0.760s] -- Configuring done
[0.763s] -- Generating done
[0.764s] -- Build files have been written to: /home/ecem/ros2_ws/src/Leo_sct/build/leo_example_follow_aruco_marker
[0.770s] Invoked command in '/home/ecem/ros2_ws/src/Leo_sct/build/leo_example_follow_aruco_marker' returned '0': AMENT_PREFIX_PATH=/home/ecem/ros2_ws/src/Leo_sct/install/aruco_opencv:/home/ecem/ros2_ws/src/Leo_sct/install/aruco_opencv_msgs:${AMENT_PREFIX_PATH} CMAKE_PREFIX_PATH=/home/ecem/ros2_ws/src/Leo_sct/install/aruco_opencv:/home/ecem/ros2_ws/src/Leo_sct/install/aruco_opencv_msgs:/home/ecem/ros2_ws/install/leo_examples:/home/ecem/ros2_ws/install/leo:/home/ecem/ros2_ws/install/leo_teleop:/home/ecem/ros2_ws/install/leo_simulator:/home/ecem/ros2_ws/install/leo_msgs:/home/ecem/ros2_ws/install/leo_image:/home/ecem/ros2_ws/install/leo_gz_bringup:/home/ecem/ros2_ws/install/leo_gz_worlds:/home/ecem/ros2_ws/install/leo_gz_plugins:/home/ecem/ros2_ws/install/leo_example_object_detection:/home/ecem/ros2_ws/install/leo_example_line_follower:/home/ecem/ros2_ws/install/leo_example_follow_aruco_marker:/home/ecem/ros2_ws/install/leo_description:/home/ecem/ros2_ws/install/aruco_opencv:/home/ecem/ros2_ws/install/aruco_opencv_msgs:/home/ecem/ros2_ws/install/swarm_basics:/opt/ros/humble LD_LIBRARY_PATH=/home/ecem/ros2_ws/src/Leo_sct/install/aruco_opencv/lib:/home/ecem/ros2_ws/src/Leo_sct/install/aruco_opencv_msgs/lib:${LD_LIBRARY_PATH} PYTHONPATH=/home/ecem/ros2_ws/src/Leo_sct/install/aruco_opencv_msgs/local/lib/python3.10/dist-packages:${PYTHONPATH} /usr/bin/cmake /home/ecem/ros2_ws/src/Leo_sct/leo_examples-ros2/leo_example_follow_aruco_marker -DCMAKE_INSTALL_PREFIX=/home/ecem/ros2_ws/src/Leo_sct/install/leo_example_follow_aruco_marker
[0.771s] Invoking command in '/home/ecem/ros2_ws/src/Leo_sct/build/leo_example_follow_aruco_marker': AMENT_PREFIX_PATH=/home/ecem/ros2_ws/src/Leo_sct/install/aruco_opencv:/home/ecem/ros2_ws/src/Leo_sct/install/aruco_opencv_msgs:${AMENT_PREFIX_PATH} CMAKE_PREFIX_PATH=/home/ecem/ros2_ws/src/Leo_sct/install/aruco_opencv:/home/ecem/ros2_ws/src/Leo_sct/install/aruco_opencv_msgs:/home/ecem/ros2_ws/install/leo_examples:/home/ecem/ros2_ws/install/leo:/home/ecem/ros2_ws/install/leo_teleop:/home/ecem/ros2_ws/install/leo_simulator:/home/ecem/ros2_ws/install/leo_msgs:/home/ecem/ros2_ws/install/leo_image:/home/ecem/ros2_ws/install/leo_gz_bringup:/home/ecem/ros2_ws/install/leo_gz_worlds:/home/ecem/ros2_ws/install/leo_gz_plugins:/home/ecem/ros2_ws/install/leo_example_object_detection:/home/ecem/ros2_ws/install/leo_example_line_follower:/home/ecem/ros2_ws/install/leo_example_follow_aruco_marker:/home/ecem/ros2_ws/install/leo_description:/home/ecem/ros2_ws/install/aruco_opencv:/home/ecem/ros2_ws/install/aruco_opencv_msgs:/home/ecem/ros2_ws/install/swarm_basics:/opt/ros/humble LD_LIBRARY_PATH=/home/ecem/ros2_ws/src/Leo_sct/install/aruco_opencv/lib:/home/ecem/ros2_ws/src/Leo_sct/install/aruco_opencv_msgs/lib:${LD_LIBRARY_PATH} PYTHONPATH=/home/ecem/ros2_ws/src/Leo_sct/install/aruco_opencv_msgs/local/lib/python3.10/dist-packages:${PYTHONPATH} /usr/bin/cmake --build /home/ecem/ros2_ws/src/Leo_sct/build/leo_example_follow_aruco_marker -- -j22 -l22
[0.811s] [100%] [34m[1mRunning `/opt/ros/humble/bin/generate_parameter_library_python /home/ecem/ros2_ws/src/Leo_sct/install/leo_example_follow_aruco_marker/local/lib/python3.10/dist-packages/leo_example_follow_aruco_marker/follower_parameters.py /home/ecem/ros2_ws/src/Leo_sct/leo_examples-ros2/leo_example_follow_aruco_marker/leo_follow_aruco/follower_parameters.yaml `[0m
[0.815s] [100%] Built target ament_cmake_python_copy_leo_follow_aruco
[0.869s] Running /opt/ros/humble/lib/python3.10/site-packages/generate_parameter_library_py/generate_python_module.py /home/ecem/ros2_ws/src/Leo_sct/install/leo_example_follow_aruco_marker/local/lib/python3.10/dist-packages/leo_example_follow_aruco_marker/follower_parameters.py /home/ecem/ros2_ws/src/Leo_sct/leo_examples-ros2/leo_example_follow_aruco_marker/leo_follow_aruco/follower_parameters.yaml 
[0.984s] running egg_info
[0.984s] creating leo_follow_aruco.egg-info
[0.984s] writing leo_follow_aruco.egg-info/PKG-INFO
[0.984s] writing dependency_links to leo_follow_aruco.egg-info/dependency_links.txt
[0.984s] writing top-level names to leo_follow_aruco.egg-info/top_level.txt
[0.984s] writing manifest file 'leo_follow_aruco.egg-info/SOURCES.txt'
[0.986s] reading manifest file 'leo_follow_aruco.egg-info/SOURCES.txt'
[0.986s] writing manifest file 'leo_follow_aruco.egg-info/SOURCES.txt'
[1.007s] [100%] Built target ament_cmake_python_build_leo_follow_aruco_egg
[1.051s] [100%] Built target follower_parameters
[1.060s] Invoked command in '/home/ecem/ros2_ws/src/Leo_sct/build/leo_example_follow_aruco_marker' returned '0': AMENT_PREFIX_PATH=/home/ecem/ros2_ws/src/Leo_sct/install/aruco_opencv:/home/ecem/ros2_ws/src/Leo_sct/install/aruco_opencv_msgs:${AMENT_PREFIX_PATH} CMAKE_PREFIX_PATH=/home/ecem/ros2_ws/src/Leo_sct/install/aruco_opencv:/home/ecem/ros2_ws/src/Leo_sct/install/aruco_opencv_msgs:/home/ecem/ros2_ws/install/leo_examples:/home/ecem/ros2_ws/install/leo:/home/ecem/ros2_ws/install/leo_teleop:/home/ecem/ros2_ws/install/leo_simulator:/home/ecem/ros2_ws/install/leo_msgs:/home/ecem/ros2_ws/install/leo_image:/home/ecem/ros2_ws/install/leo_gz_bringup:/home/ecem/ros2_ws/install/leo_gz_worlds:/home/ecem/ros2_ws/install/leo_gz_plugins:/home/ecem/ros2_ws/install/leo_example_object_detection:/home/ecem/ros2_ws/install/leo_example_line_follower:/home/ecem/ros2_ws/install/leo_example_follow_aruco_marker:/home/ecem/ros2_ws/install/leo_description:/home/ecem/ros2_ws/install/aruco_opencv:/home/ecem/ros2_ws/install/aruco_opencv_msgs:/home/ecem/ros2_ws/install/swarm_basics:/opt/ros/humble LD_LIBRARY_PATH=/home/ecem/ros2_ws/src/Leo_sct/install/aruco_opencv/lib:/home/ecem/ros2_ws/src/Leo_sct/install/aruco_opencv_msgs/lib:${LD_LIBRARY_PATH} PYTHONPATH=/home/ecem/ros2_ws/src/Leo_sct/install/aruco_opencv_msgs/local/lib/python3.10/dist-packages:${PYTHONPATH} /usr/bin/cmake --build /home/ecem/ros2_ws/src/Leo_sct/build/leo_example_follow_aruco_marker -- -j22 -l22
[1.061s] Invoking command in '/home/ecem/ros2_ws/src/Leo_sct/build/leo_example_follow_aruco_marker': AMENT_PREFIX_PATH=/home/ecem/ros2_ws/src/Leo_sct/install/aruco_opencv:/home/ecem/ros2_ws/src/Leo_sct/install/aruco_opencv_msgs:${AMENT_PREFIX_PATH} CMAKE_PREFIX_PATH=/home/ecem/ros2_ws/src/Leo_sct/install/aruco_opencv:/home/ecem/ros2_ws/src/Leo_sct/install/aruco_opencv_msgs:/home/ecem/ros2_ws/install/leo_examples:/home/ecem/ros2_ws/install/leo:/home/ecem/ros2_ws/install/leo_teleop:/home/ecem/ros2_ws/install/leo_simulator:/home/ecem/ros2_ws/install/leo_msgs:/home/ecem/ros2_ws/install/leo_image:/home/ecem/ros2_ws/install/leo_gz_bringup:/home/ecem/ros2_ws/install/leo_gz_worlds:/home/ecem/ros2_ws/install/leo_gz_plugins:/home/ecem/ros2_ws/install/leo_example_object_detection:/home/ecem/ros2_ws/install/leo_example_line_follower:/home/ecem/ros2_ws/install/leo_example_follow_aruco_marker:/home/ecem/ros2_ws/install/leo_description:/home/ecem/ros2_ws/install/aruco_opencv:/home/ecem/ros2_ws/install/aruco_opencv_msgs:/home/ecem/ros2_ws/install/swarm_basics:/opt/ros/humble LD_LIBRARY_PATH=/home/ecem/ros2_ws/src/Leo_sct/install/aruco_opencv/lib:/home/ecem/ros2_ws/src/Leo_sct/install/aruco_opencv_msgs/lib:${LD_LIBRARY_PATH} PYTHONPATH=/home/ecem/ros2_ws/src/Leo_sct/install/aruco_opencv_msgs/local/lib/python3.10/dist-packages:${PYTHONPATH} /usr/bin/cmake --install /home/ecem/ros2_ws/src/Leo_sct/build/leo_example_follow_aruco_marker
[1.066s] -- Install configuration: ""
[1.066s] -- Installing: /home/ecem/ros2_ws/src/Leo_sct/install/leo_example_follow_aruco_marker/share/leo_example_follow_aruco_marker//config
[1.066s] -- Installing: /home/ecem/ros2_ws/src/Leo_sct/install/leo_example_follow_aruco_marker/share/leo_example_follow_aruco_marker//config/follower.yaml
[1.066s] -- Installing: /home/ecem/ros2_ws/src/Leo_sct/install/leo_example_follow_aruco_marker/share/leo_example_follow_aruco_marker//config/tracker.yaml
[1.066s] -- Installing: /home/ecem/ros2_ws/src/Leo_sct/install/leo_example_follow_aruco_marker/share/leo_example_follow_aruco_marker//launch
[1.066s] -- Installing: /home/ecem/ros2_ws/src/Leo_sct/install/leo_example_follow_aruco_marker/share/leo_example_follow_aruco_marker//launch/follow_aruco_marker.launch.xml
[1.066s] -- Installing: /home/ecem/ros2_ws/src/Leo_sct/install/leo_example_follow_aruco_marker/share/leo_example_follow_aruco_marker/environment/pythonpath.sh
[1.066s] -- Installing: /home/ecem/ros2_ws/src/Leo_sct/install/leo_example_follow_aruco_marker/share/leo_example_follow_aruco_marker/environment/pythonpath.dsv
[1.066s] -- Installing: /home/ecem/ros2_ws/src/Leo_sct/install/leo_example_follow_aruco_marker/local/lib/python3.10/dist-packages/leo_follow_aruco-1.0.0-py3.10.egg-info
[1.066s] -- Installing: /home/ecem/ros2_ws/src/Leo_sct/install/leo_example_follow_aruco_marker/local/lib/python3.10/dist-packages/leo_follow_aruco-1.0.0-py3.10.egg-info/PKG-INFO
[1.066s] -- Installing: /home/ecem/ros2_ws/src/Leo_sct/install/leo_example_follow_aruco_marker/local/lib/python3.10/dist-packages/leo_follow_aruco-1.0.0-py3.10.egg-info/dependency_links.txt
[1.066s] -- Installing: /home/ecem/ros2_ws/src/Leo_sct/install/leo_example_follow_aruco_marker/local/lib/python3.10/dist-packages/leo_follow_aruco-1.0.0-py3.10.egg-info/top_level.txt
[1.066s] -- Installing: /home/ecem/ros2_ws/src/Leo_sct/install/leo_example_follow_aruco_marker/local/lib/python3.10/dist-packages/leo_follow_aruco-1.0.0-py3.10.egg-info/SOURCES.txt
[1.067s] -- Installing: /home/ecem/ros2_ws/src/Leo_sct/install/leo_example_follow_aruco_marker/local/lib/python3.10/dist-packages/leo_follow_aruco
[1.067s] -- Installing: /home/ecem/ros2_ws/src/Leo_sct/install/leo_example_follow_aruco_marker/local/lib/python3.10/dist-packages/leo_follow_aruco/follower_parameters.yaml
[1.067s] -- Installing: /home/ecem/ros2_ws/src/Leo_sct/install/leo_example_follow_aruco_marker/local/lib/python3.10/dist-packages/leo_follow_aruco/__init__.py
[1.067s] -- Installing: /home/ecem/ros2_ws/src/Leo_sct/install/leo_example_follow_aruco_marker/local/lib/python3.10/dist-packages/leo_follow_aruco/aruco_follower_node.py
[1.067s] -- Installing: /home/ecem/ros2_ws/src/Leo_sct/install/leo_example_follow_aruco_marker/local/lib/python3.10/dist-packages/leo_follow_aruco/utils.py
[1.089s] Listing '/home/ecem/ros2_ws/src/Leo_sct/install/leo_example_follow_aruco_marker/local/lib/python3.10/dist-packages/leo_follow_aruco'...
[1.089s] Compiling '/home/ecem/ros2_ws/src/Leo_sct/install/leo_example_follow_aruco_marker/local/lib/python3.10/dist-packages/leo_follow_aruco/__init__.py'...
[1.089s] Compiling '/home/ecem/ros2_ws/src/Leo_sct/install/leo_example_follow_aruco_marker/local/lib/python3.10/dist-packages/leo_follow_aruco/aruco_follower_node.py'...
[1.089s] Compiling '/home/ecem/ros2_ws/src/Leo_sct/install/leo_example_follow_aruco_marker/local/lib/python3.10/dist-packages/leo_follow_aruco/utils.py'...
[1.091s] -- Installing: /home/ecem/ros2_ws/src/Leo_sct/install/leo_example_follow_aruco_marker/lib/leo_example_follow_aruco_marker/aruco_follower
[1.091s] -- Installing: /home/ecem/ros2_ws/src/Leo_sct/install/leo_example_follow_aruco_marker/share/ament_index/resource_index/package_run_dependencies/leo_example_follow_aruco_marker
[1.092s] -- Installing: /home/ecem/ros2_ws/src/Leo_sct/install/leo_example_follow_aruco_marker/share/ament_index/resource_index/parent_prefix_path/leo_example_follow_aruco_marker
[1.092s] -- Installing: /home/ecem/ros2_ws/src/Leo_sct/install/leo_example_follow_aruco_marker/share/leo_example_follow_aruco_marker/environment/ament_prefix_path.sh
[1.092s] -- Installing: /home/ecem/ros2_ws/src/Leo_sct/install/leo_example_follow_aruco_marker/share/leo_example_follow_aruco_marker/environment/ament_prefix_path.dsv
[1.092s] -- Installing: /home/ecem/ros2_ws/src/Leo_sct/install/leo_example_follow_aruco_marker/share/leo_example_follow_aruco_marker/environment/path.sh
[1.092s] -- Installing: /home/ecem/ros2_ws/src/Leo_sct/install/leo_example_follow_aruco_marker/share/leo_example_follow_aruco_marker/environment/path.dsv
[1.092s] -- Installing: /home/ecem/ros2_ws/src/Leo_sct/install/leo_example_follow_aruco_marker/share/leo_example_follow_aruco_marker/local_setup.bash
[1.092s] -- Installing: /home/ecem/ros2_ws/src/Leo_sct/install/leo_example_follow_aruco_marker/share/leo_example_follow_aruco_marker/local_setup.sh
[1.092s] -- Installing: /home/ecem/ros2_ws/src/Leo_sct/install/leo_example_follow_aruco_marker/share/leo_example_follow_aruco_marker/local_setup.zsh
[1.092s] -- Installing: /home/ecem/ros2_ws/src/Leo_sct/install/leo_example_follow_aruco_marker/share/leo_example_follow_aruco_marker/local_setup.dsv
[1.092s] -- Installing: /home/ecem/ros2_ws/src/Leo_sct/install/leo_example_follow_aruco_marker/share/leo_example_follow_aruco_marker/package.dsv
[1.092s] -- Installing: /home/ecem/ros2_ws/src/Leo_sct/install/leo_example_follow_aruco_marker/share/ament_index/resource_index/packages/leo_example_follow_aruco_marker
[1.092s] -- Installing: /home/ecem/ros2_ws/src/Leo_sct/install/leo_example_follow_aruco_marker/share/leo_example_follow_aruco_marker/cmake/leo_example_follow_aruco_markerConfig.cmake
[1.092s] -- Installing: /home/ecem/ros2_ws/src/Leo_sct/install/leo_example_follow_aruco_marker/share/leo_example_follow_aruco_marker/cmake/leo_example_follow_aruco_markerConfig-version.cmake
[1.092s] -- Installing: /home/ecem/ros2_ws/src/Leo_sct/install/leo_example_follow_aruco_marker/share/leo_example_follow_aruco_marker/package.xml
[1.094s] Invoked command in '/home/ecem/ros2_ws/src/Leo_sct/build/leo_example_follow_aruco_marker' returned '0': AMENT_PREFIX_PATH=/home/ecem/ros2_ws/src/Leo_sct/install/aruco_opencv:/home/ecem/ros2_ws/src/Leo_sct/install/aruco_opencv_msgs:${AMENT_PREFIX_PATH} CMAKE_PREFIX_PATH=/home/ecem/ros2_ws/src/Leo_sct/install/aruco_opencv:/home/ecem/ros2_ws/src/Leo_sct/install/aruco_opencv_msgs:/home/ecem/ros2_ws/install/leo_examples:/home/ecem/ros2_ws/install/leo:/home/ecem/ros2_ws/install/leo_teleop:/home/ecem/ros2_ws/install/leo_simulator:/home/ecem/ros2_ws/install/leo_msgs:/home/ecem/ros2_ws/install/leo_image:/home/ecem/ros2_ws/install/leo_gz_bringup:/home/ecem/ros2_ws/install/leo_gz_worlds:/home/ecem/ros2_ws/install/leo_gz_plugins:/home/ecem/ros2_ws/install/leo_example_object_detection:/home/ecem/ros2_ws/install/leo_example_line_follower:/home/ecem/ros2_ws/install/leo_example_follow_aruco_marker:/home/ecem/ros2_ws/install/leo_description:/home/ecem/ros2_ws/install/aruco_opencv:/home/ecem/ros2_ws/install/aruco_opencv_msgs:/home/ecem/ros2_ws/install/swarm_basics:/opt/ros/humble LD_LIBRARY_PATH=/home/ecem/ros2_ws/src/Leo_sct/install/aruco_opencv/lib:/home/ecem/ros2_ws/src/Leo_sct/install/aruco_opencv_msgs/lib:${LD_LIBRARY_PATH} PYTHONPATH=/home/ecem/ros2_ws/src/Leo_sct/install/aruco_opencv_msgs/local/lib/python3.10/dist-packages:${PYTHONPATH} /usr/bin/cmake --install /home/ecem/ros2_ws/src/Leo_sct/build/leo_example_follow_aruco_marker
