[30.035s] Invoking command in '/home/ecem/ros2_real_ws/src/Leo_sct_real/Leo_sct/build/leo_image': CMAKE_PREFIX_PATH=${CMAKE_PREFIX_PATH}:/home/ecem/ros2_ws/install/swarm_basics:/opt/ros/humble /usr/bin/cmake --build /home/ecem/ros2_real_ws/src/Leo_sct_real/Leo_sct/build/leo_image -- -j22 -l22
[30.078s] Consolidate compiler generated dependencies of target image_processor_rgb
[30.089s] [ 50%] Building CXX object CMakeFiles/image_processor_rgb.dir/src/image_processor_rgb.cpp.o
[35.741s] [100%] Linking CXX executable image_processor_rgb
[36.210s] [100%] Built target image_processor_rgb
[36.221s] Invoked command in '/home/ecem/ros2_real_ws/src/Leo_sct_real/Leo_sct/build/leo_image' returned '0': CMAKE_PREFIX_PATH=${CMAKE_PREFIX_PATH}:/home/ecem/ros2_ws/install/swarm_basics:/opt/ros/humble /usr/bin/cmake --build /home/ecem/ros2_real_ws/src/Leo_sct_real/Leo_sct/build/leo_image -- -j22 -l22
[36.229s] Invoking command in '/home/ecem/ros2_real_ws/src/Leo_sct_real/Leo_sct/build/leo_image': CMAKE_PREFIX_PATH=${CMAKE_PREFIX_PATH}:/home/ecem/ros2_ws/install/swarm_basics:/opt/ros/humble /usr/bin/cmake --install /home/ecem/ros2_real_ws/src/Leo_sct_real/Leo_sct/build/leo_image
[36.233s] -- Install configuration: ""
[36.233s] -- Installing: /home/ecem/ros2_real_ws/src/Leo_sct_real/Leo_sct/install/leo_image/lib/leo_image/image_processor_rgb
[36.236s] -- Set runtime path of "/home/ecem/ros2_real_ws/src/Leo_sct_real/Leo_sct/install/leo_image/lib/leo_image/image_processor_rgb" to ""
[36.236s] -- Up-to-date: /home/ecem/ros2_real_ws/src/Leo_sct_real/Leo_sct/install/leo_image/share/ament_index/resource_index/package_run_dependencies/leo_image
[36.236s] -- Up-to-date: /home/ecem/ros2_real_ws/src/Leo_sct_real/Leo_sct/install/leo_image/share/ament_index/resource_index/parent_prefix_path/leo_image
[36.236s] -- Up-to-date: /home/ecem/ros2_real_ws/src/Leo_sct_real/Leo_sct/install/leo_image/share/leo_image/environment/ament_prefix_path.sh
[36.236s] -- Up-to-date: /home/ecem/ros2_real_ws/src/Leo_sct_real/Leo_sct/install/leo_image/share/leo_image/environment/ament_prefix_path.dsv
[36.237s] -- Up-to-date: /home/ecem/ros2_real_ws/src/Leo_sct_real/Leo_sct/install/leo_image/share/leo_image/environment/path.sh
[36.237s] -- Up-to-date: /home/ecem/ros2_real_ws/src/Leo_sct_real/Leo_sct/install/leo_image/share/leo_image/environment/path.dsv
[36.237s] -- Up-to-date: /home/ecem/ros2_real_ws/src/Leo_sct_real/Leo_sct/install/leo_image/share/leo_image/local_setup.bash
[36.238s] -- Up-to-date: /home/ecem/ros2_real_ws/src/Leo_sct_real/Leo_sct/install/leo_image/share/leo_image/local_setup.sh
[36.238s] -- Up-to-date: /home/ecem/ros2_real_ws/src/Leo_sct_real/Leo_sct/install/leo_image/share/leo_image/local_setup.zsh
[36.238s] -- Up-to-date: /home/ecem/ros2_real_ws/src/Leo_sct_real/Leo_sct/install/leo_image/share/leo_image/local_setup.dsv
[36.239s] -- Installing: /home/ecem/ros2_real_ws/src/Leo_sct_real/Leo_sct/install/leo_image/share/leo_image/package.dsv
[36.239s] -- Up-to-date: /home/ecem/ros2_real_ws/src/Leo_sct_real/Leo_sct/install/leo_image/share/ament_index/resource_index/packages/leo_image
[36.239s] -- Up-to-date: /home/ecem/ros2_real_ws/src/Leo_sct_real/Leo_sct/install/leo_image/share/leo_image/cmake/leo_imageConfig.cmake
[36.239s] -- Up-to-date: /home/ecem/ros2_real_ws/src/Leo_sct_real/Leo_sct/install/leo_image/share/leo_image/cmake/leo_imageConfig-version.cmake
[36.239s] -- Up-to-date: /home/ecem/ros2_real_ws/src/Leo_sct_real/Leo_sct/install/leo_image/share/leo_image/package.xml
[36.240s] Invoked command in '/home/ecem/ros2_real_ws/src/Leo_sct_real/Leo_sct/build/leo_image' returned '0': CMAKE_PREFIX_PATH=${CMAKE_PREFIX_PATH}:/home/ecem/ros2_ws/install/swarm_basics:/opt/ros/humble /usr/bin/cmake --install /home/ecem/ros2_real_ws/src/Leo_sct_real/Leo_sct/build/leo_image
