[INFO] [launch]: All log files can be found below /home/ecem/.ros/log/2026-04-21-15-36-21-379478-ecem-pc-309791
[INFO] [launch]: Default logging verbosity is set to INFO
[INFO] [ign gazebo-1]: process started with pid [309806]
[INFO] [coverage_counter-2]: process started with pid [309808]
[INFO] [bump_counter-3]: process started with pid [309811]
[INFO] [parameter_bridge-4]: process started with pid [309813]
[INFO] [robot_state_publisher-5]: process started with pid [309815]
[INFO] [create-6]: process started with pid [309817]
[INFO] [robot_supervisor-7]: process started with pid [309819]
[INFO] [robot_state_publisher-8]: process started with pid [309821]
[INFO] [create-9]: process started with pid [309824]
[INFO] [robot_supervisor-10]: process started with pid [309826]
[INFO] [robot_state_publisher-11]: process started with pid [309829]
[INFO] [create-12]: process started with pid [309831]
[INFO] [robot_supervisor-13]: process started with pid [309833]
[INFO] [robot_state_publisher-14]: process started with pid [309835]
[INFO] [create-15]: process started with pid [309837]
[INFO] [robot_supervisor-16]: process started with pid [309839]
[INFO] [robot_state_publisher-17]: process started with pid [309841]
[INFO] [create-18]: process started with pid [309851]
[INFO] [robot_supervisor-19]: process started with pid [309854]
[INFO] [parameter_bridge-20]: process started with pid [309856]
[parameter_bridge-4] [ros_ign_bridge] is deprecated! Redirecting to use [ros_gz_bridge] instead!
[parameter_bridge-4] 
[create-18] [INFO] [1776778581.815113634] [robot_4.ros_gz_sim]: Requesting list of world names.
[parameter_bridge-4] [INFO] [1776778581.815470518] [all_robots_bridge]: Creating ROS->GZ Bridge: [/robot_0/cmd_vel (geometry_msgs/msg/Twist) -> /robot_0/cmd_vel (ignition.msgs.Twist)] (Lazy 0)
[create-12] [INFO] [1776778581.816136024] [robot_2.ros_gz_sim]: Requesting list of world names.
[create-15] [INFO] [1776778581.818413664] [robot_3.ros_gz_sim]: Requesting list of world names.
[parameter_bridge-4] [INFO] [1776778581.819362562] [all_robots_bridge]: Creating GZ->ROS Bridge: [/robot_0/odom (ignition.msgs.Odometry) -> /robot_0/odom (nav_msgs/msg/Odometry)] (Lazy 0)
[create-6] [INFO] [1776778581.820666358] [robot_0.ros_gz_sim]: Requesting list of world names.
[parameter_bridge-4] [INFO] [1776778581.820945532] [all_robots_bridge]: Creating GZ->ROS Bridge: [/robot_0/depth_camera/depth_image (ignition.msgs.Image) -> /robot_0/depth_camera/depth_image (sensor_msgs/msg/Image)] (Lazy 0)
[create-9] [INFO] [1776778581.823749336] [robot_1.ros_gz_sim]: Requesting list of world names.
[parameter_bridge-4] [INFO] [1776778581.826712894] [all_robots_bridge]: Creating GZ->ROS Bridge: [/world/random_world/model/robot_0/link/robot_0/base_footprint/sensor/contact_sensor/contact (ignition.msgs.Contacts) -> /world/random_world/model/robot_0/link/robot_0/base_footprint/sensor/contact_sensor/contact (ros_gz_interfaces/msg/Contacts)] (Lazy 0)
[parameter_bridge-4] [INFO] [1776778581.829608800] [all_robots_bridge]: Creating ROS->GZ Bridge: [/robot_1/cmd_vel (geometry_msgs/msg/Twist) -> /robot_1/cmd_vel (ignition.msgs.Twist)] (Lazy 0)
[parameter_bridge-4] [INFO] [1776778581.830073228] [all_robots_bridge]: Creating GZ->ROS Bridge: [/robot_1/odom (ignition.msgs.Odometry) -> /robot_1/odom (nav_msgs/msg/Odometry)] (Lazy 0)
[parameter_bridge-4] [INFO] [1776778581.830565481] [all_robots_bridge]: Creating GZ->ROS Bridge: [/robot_1/depth_camera/depth_image (ignition.msgs.Image) -> /robot_1/depth_camera/depth_image (sensor_msgs/msg/Image)] (Lazy 0)
[parameter_bridge-4] [INFO] [1776778581.831009410] [all_robots_bridge]: Creating GZ->ROS Bridge: [/world/random_world/model/robot_1/link/robot_1/base_footprint/sensor/contact_sensor/contact (ignition.msgs.Contacts) -> /world/random_world/model/robot_1/link/robot_1/base_footprint/sensor/contact_sensor/contact (ros_gz_interfaces/msg/Contacts)] (Lazy 0)
[parameter_bridge-4] [INFO] [1776778581.832607285] [all_robots_bridge]: Creating ROS->GZ Bridge: [/robot_2/cmd_vel (geometry_msgs/msg/Twist) -> /robot_2/cmd_vel (ignition.msgs.Twist)] (Lazy 0)
[parameter_bridge-4] [INFO] [1776778581.833910961] [all_robots_bridge]: Creating GZ->ROS Bridge: [/robot_2/odom (ignition.msgs.Odometry) -> /robot_2/odom (nav_msgs/msg/Odometry)] (Lazy 0)
[parameter_bridge-4] [INFO] [1776778581.834666512] [all_robots_bridge]: Creating GZ->ROS Bridge: [/robot_2/depth_camera/depth_image (ignition.msgs.Image) -> /robot_2/depth_camera/depth_image (sensor_msgs/msg/Image)] (Lazy 0)
[parameter_bridge-4] [INFO] [1776778581.835475974] [all_robots_bridge]: Creating GZ->ROS Bridge: [/world/random_world/model/robot_2/link/robot_2/base_footprint/sensor/contact_sensor/contact (ignition.msgs.Contacts) -> /world/random_world/model/robot_2/link/robot_2/base_footprint/sensor/contact_sensor/contact (ros_gz_interfaces/msg/Contacts)] (Lazy 0)
[parameter_bridge-20] [INFO] [1776778581.835842276] [clock_bridge]: Creating GZ->ROS Bridge: [/clock (ignition.msgs.Clock) -> /clock (rosgraph_msgs/msg/Clock)] (Lazy 0)
[parameter_bridge-4] [INFO] [1776778581.837282194] [all_robots_bridge]: Creating ROS->GZ Bridge: [/robot_3/cmd_vel (geometry_msgs/msg/Twist) -> /robot_3/cmd_vel (ignition.msgs.Twist)] (Lazy 0)
[parameter_bridge-4] [INFO] [1776778581.838190337] [all_robots_bridge]: Creating GZ->ROS Bridge: [/robot_3/odom (ignition.msgs.Odometry) -> /robot_3/odom (nav_msgs/msg/Odometry)] (Lazy 0)
[parameter_bridge-4] [INFO] [1776778581.839353289] [all_robots_bridge]: Creating GZ->ROS Bridge: [/robot_3/depth_camera/depth_image (ignition.msgs.Image) -> /robot_3/depth_camera/depth_image (sensor_msgs/msg/Image)] (Lazy 0)
[robot_state_publisher-5] [INFO] [1776778581.840005713] [robot_0.robot_state_publisher]: got segment robot_0/antenna_link
[robot_state_publisher-5] [INFO] [1776778581.840125218] [robot_0.robot_state_publisher]: got segment robot_0/base_footprint
[robot_state_publisher-5] [INFO] [1776778581.840139136] [robot_0.robot_state_publisher]: got segment robot_0/base_link
[robot_state_publisher-5] [INFO] [1776778581.840148804] [robot_0.robot_state_publisher]: got segment robot_0/realsense_link
[robot_state_publisher-5] [INFO] [1776778581.840156996] [robot_0.robot_state_publisher]: got segment robot_0/rocker_L_link
[robot_state_publisher-5] [INFO] [1776778581.840164698] [robot_0.robot_state_publisher]: got segment robot_0/rocker_R_link
[robot_state_publisher-5] [INFO] [1776778581.840172239] [robot_0.robot_state_publisher]: got segment robot_0/wheel_FL_link
[robot_state_publisher-5] [INFO] [1776778581.840179726] [robot_0.robot_state_publisher]: got segment robot_0/wheel_FR_link
[robot_state_publisher-5] [INFO] [1776778581.840186934] [robot_0.robot_state_publisher]: got segment robot_0/wheel_RL_link
[robot_state_publisher-5] [INFO] [1776778581.840194288] [robot_0.robot_state_publisher]: got segment robot_0/wheel_RR_link
[parameter_bridge-4] [INFO] [1776778581.841800041] [all_robots_bridge]: Creating GZ->ROS Bridge: [/world/random_world/model/robot_3/link/robot_3/base_footprint/sensor/contact_sensor/contact (ignition.msgs.Contacts) -> /world/random_world/model/robot_3/link/robot_3/base_footprint/sensor/contact_sensor/contact (ros_gz_interfaces/msg/Contacts)] (Lazy 0)
[parameter_bridge-4] [INFO] [1776778581.842429343] [all_robots_bridge]: Creating ROS->GZ Bridge: [/robot_4/cmd_vel (geometry_msgs/msg/Twist) -> /robot_4/cmd_vel (ignition.msgs.Twist)] (Lazy 0)
[parameter_bridge-4] [INFO] [1776778581.842879419] [all_robots_bridge]: Creating GZ->ROS Bridge: [/robot_4/odom (ignition.msgs.Odometry) -> /robot_4/odom (nav_msgs/msg/Odometry)] (Lazy 0)
[parameter_bridge-4] [INFO] [1776778581.843390797] [all_robots_bridge]: Creating GZ->ROS Bridge: [/robot_4/depth_camera/depth_image (ignition.msgs.Image) -> /robot_4/depth_camera/depth_image (sensor_msgs/msg/Image)] (Lazy 0)
[parameter_bridge-4] [INFO] [1776778581.843869564] [all_robots_bridge]: Creating GZ->ROS Bridge: [/world/random_world/model/robot_4/link/robot_4/base_footprint/sensor/contact_sensor/contact (ignition.msgs.Contacts) -> /world/random_world/model/robot_4/link/robot_4/base_footprint/sensor/contact_sensor/contact (ros_gz_interfaces/msg/Contacts)] (Lazy 0)
[parameter_bridge-4] [INFO] [1776778581.844699354] [all_robots_bridge]: Creating GZ->ROS Bridge: [/world/random_world/dynamic_pose/info (ignition.msgs.Pose_V) -> /world/random_world/dynamic_pose/info (tf2_msgs/msg/TFMessage)] (Lazy 0)
[robot_state_publisher-17] [INFO] [1776778581.846107694] [robot_4.robot_state_publisher]: got segment robot_4/antenna_link
[robot_state_publisher-14] [INFO] [1776778581.846123518] [robot_3.robot_state_publisher]: got segment robot_3/antenna_link
[robot_state_publisher-14] [INFO] [1776778581.846225337] [robot_3.robot_state_publisher]: got segment robot_3/base_footprint
[robot_state_publisher-17] [INFO] [1776778581.846188564] [robot_4.robot_state_publisher]: got segment robot_4/base_footprint
[robot_state_publisher-17] [INFO] [1776778581.846197476] [robot_4.robot_state_publisher]: got segment robot_4/base_link
[robot_state_publisher-17] [INFO] [1776778581.846203798] [robot_4.robot_state_publisher]: got segment robot_4/realsense_link
[robot_state_publisher-17] [INFO] [1776778581.846209392] [robot_4.robot_state_publisher]: got segment robot_4/rocker_L_link
[robot_state_publisher-17] [INFO] [1776778581.846215100] [robot_4.robot_state_publisher]: got segment robot_4/rocker_R_link
[robot_state_publisher-17] [INFO] [1776778581.846220604] [robot_4.robot_state_publisher]: got segment robot_4/wheel_FL_link
[robot_state_publisher-17] [INFO] [1776778581.846226309] [robot_4.robot_state_publisher]: got segment robot_4/wheel_FR_link
[robot_state_publisher-17] [INFO] [1776778581.846231626] [robot_4.robot_state_publisher]: got segment robot_4/wheel_RL_link
[robot_state_publisher-17] [INFO] [1776778581.846236523] [robot_4.robot_state_publisher]: got segment robot_4/wheel_RR_link
[robot_state_publisher-14] [INFO] [1776778581.846299960] [robot_3.robot_state_publisher]: got segment robot_3/base_link
[robot_state_publisher-14] [INFO] [1776778581.846311901] [robot_3.robot_state_publisher]: got segment robot_3/realsense_link
[robot_state_publisher-14] [INFO] [1776778581.846320710] [robot_3.robot_state_publisher]: got segment robot_3/rocker_L_link
[robot_state_publisher-14] [INFO] [1776778581.846328729] [robot_3.robot_state_publisher]: got segment robot_3/rocker_R_link
[robot_state_publisher-14] [INFO] [1776778581.846336584] [robot_3.robot_state_publisher]: got segment robot_3/wheel_FL_link
[robot_state_publisher-14] [INFO] [1776778581.846344418] [robot_3.robot_state_publisher]: got segment robot_3/wheel_FR_link
[robot_state_publisher-14] [INFO] [1776778581.846353037] [robot_3.robot_state_publisher]: got segment robot_3/wheel_RL_link
[robot_state_publisher-14] [INFO] [1776778581.846360536] [robot_3.robot_state_publisher]: got segment robot_3/wheel_RR_link
[robot_state_publisher-8] [INFO] [1776778581.846448354] [robot_1.robot_state_publisher]: got segment robot_1/antenna_link
[robot_state_publisher-8] [INFO] [1776778581.846520193] [robot_1.robot_state_publisher]: got segment robot_1/base_footprint
[robot_state_publisher-8] [INFO] [1776778581.846530661] [robot_1.robot_state_publisher]: got segment robot_1/base_link
[robot_state_publisher-8] [INFO] [1776778581.846543514] [robot_1.robot_state_publisher]: got segment robot_1/realsense_link
[robot_state_publisher-8] [INFO] [1776778581.846550072] [robot_1.robot_state_publisher]: got segment robot_1/rocker_L_link
[robot_state_publisher-8] [INFO] [1776778581.846555727] [robot_1.robot_state_publisher]: got segment robot_1/rocker_R_link
[robot_state_publisher-8] [INFO] [1776778581.846561360] [robot_1.robot_state_publisher]: got segment robot_1/wheel_FL_link
[robot_state_publisher-8] [INFO] [1776778581.846566940] [robot_1.robot_state_publisher]: got segment robot_1/wheel_FR_link
[robot_state_publisher-8] [INFO] [1776778581.846572535] [robot_1.robot_state_publisher]: got segment robot_1/wheel_RL_link
[robot_state_publisher-8] [INFO] [1776778581.846578032] [robot_1.robot_state_publisher]: got segment robot_1/wheel_RR_link
[robot_state_publisher-11] [INFO] [1776778581.850777565] [robot_2.robot_state_publisher]: got segment robot_2/antenna_link
[robot_state_publisher-11] [INFO] [1776778581.850846825] [robot_2.robot_state_publisher]: got segment robot_2/base_footprint
[robot_state_publisher-11] [INFO] [1776778581.850852821] [robot_2.robot_state_publisher]: got segment robot_2/base_link
[robot_state_publisher-11] [INFO] [1776778581.850856484] [robot_2.robot_state_publisher]: got segment robot_2/realsense_link
[robot_state_publisher-11] [INFO] [1776778581.850859724] [robot_2.robot_state_publisher]: got segment robot_2/rocker_L_link
[robot_state_publisher-11] [INFO] [1776778581.850862770] [robot_2.robot_state_publisher]: got segment robot_2/rocker_R_link
[robot_state_publisher-11] [INFO] [1776778581.850865973] [robot_2.robot_state_publisher]: got segment robot_2/wheel_FL_link
[robot_state_publisher-11] [INFO] [1776778581.850869241] [robot_2.robot_state_publisher]: got segment robot_2/wheel_FR_link
[robot_state_publisher-11] [INFO] [1776778581.850872292] [robot_2.robot_state_publisher]: got segment robot_2/wheel_RL_link
[robot_state_publisher-11] [INFO] [1776778581.850875280] [robot_2.robot_state_publisher]: got segment robot_2/wheel_RR_link
[bump_counter-3] [INFO] [1776778582.105421787] [bump_counter]: [global] global_mode=True cooldown(robot)=0.80s cooldown(obs)=0.50s Logging to /home/ecem/ros2_ws/src/Leo_sct/results_exp/explore/medium/prompt_4/run_9/middle_circle/trial_2/run_20260421_153621/bumps_global_153622.csv
[robot_supervisor-16] [INFO] [1776778582.220659254] [robot_3.robot_supervisor]: Loaded initial mission 'explore' from explicit YAML explore_sup_gpt_medium_4_run_9_202.yaml
[robot_supervisor-7] [INFO] [1776778582.220923665] [robot_0.robot_supervisor]: Loaded initial mission 'explore' from explicit YAML explore_sup_gpt_medium_4_run_9_202.yaml
[robot_supervisor-10] [INFO] [1776778582.221093422] [robot_1.robot_supervisor]: Loaded initial mission 'explore' from explicit YAML explore_sup_gpt_medium_4_run_9_202.yaml
[robot_supervisor-13] [INFO] [1776778582.230062768] [robot_2.robot_supervisor]: Loaded initial mission 'explore' from explicit YAML explore_sup_gpt_medium_4_run_9_202.yaml
[robot_supervisor-19] [INFO] [1776778582.269418319] [robot_4.robot_supervisor]: Loaded initial mission 'explore' from explicit YAML explore_sup_gpt_medium_4_run_9_202.yaml
[robot_supervisor-16] [INFO] [1776778582.324846084] [robot_3.robot_supervisor]: Selected controllable event: EV_random_walk
[parameter_bridge-4] [INFO] [1776778582.325141559] [all_robots_bridge]: Passing message from ROS geometry_msgs/msg/Twist to Gazebo gz.msgs.Twist (showing msg only once per type)
[robot_supervisor-10] [INFO] [1776778582.325754438] [robot_1.robot_supervisor]: Selected controllable event: EV_random_walk
[robot_supervisor-7] [INFO] [1776778582.326857396] [robot_0.robot_supervisor]: Selected controllable event: EV_random_walk
[robot_supervisor-13] [INFO] [1776778582.334168426] [robot_2.robot_supervisor]: Selected controllable event: EV_random_walk
[create-9] [INFO] [1776778582.364082776] [robot_1.ros_gz_sim]: Waiting messages on topic [/robot_1/robot_description].
[robot_supervisor-19] [INFO] [1776778582.374417697] [robot_4.robot_supervisor]: Selected controllable event: EV_random_walk
[create-6] [INFO] [1776778582.464658426] [robot_0.ros_gz_sim]: Waiting messages on topic [/robot_0/robot_description].
[create-18] [INFO] [1776778582.564908812] [robot_4.ros_gz_sim]: Waiting messages on topic [/robot_4/robot_description].
[robot_supervisor-16] [INFO] [1776778582.625113869] [robot_3.robot_supervisor]: Selected controllable event: EV_random_walk
[robot_supervisor-10] [INFO] [1776778582.625829778] [robot_1.robot_supervisor]: Selected controllable event: EV_random_walk
[robot_supervisor-7] [INFO] [1776778582.626835208] [robot_0.robot_supervisor]: Selected controllable event: EV_random_walk
[robot_supervisor-13] [INFO] [1776778582.634423011] [robot_2.robot_supervisor]: Selected controllable event: EV_random_walk
[create-15] [INFO] [1776778582.665173143] [robot_3.ros_gz_sim]: Waiting messages on topic [/robot_3/robot_description].
[robot_supervisor-19] [INFO] [1776778582.674438131] [robot_4.robot_supervisor]: Selected controllable event: EV_random_walk
[create-6] [INFO] [1776778582.764430626] [robot_0.ros_gz_sim]: Requested creation of entity.
[create-6] [INFO] [1776778582.764559874] [robot_0.ros_gz_sim]: OK creation of entity.
[create-9] [INFO] [1776778582.764430620] [robot_1.ros_gz_sim]: Requested creation of entity.
[create-9] [INFO] [1776778582.764560071] [robot_1.ros_gz_sim]: OK creation of entity.
[create-18] [INFO] [1776778582.764517883] [robot_4.ros_gz_sim]: Requested creation of entity.
[create-18] [INFO] [1776778582.764762679] [robot_4.ros_gz_sim]: OK creation of entity.
[create-15] [INFO] [1776778582.764560245] [robot_3.ros_gz_sim]: Requested creation of entity.
[create-15] [INFO] [1776778582.764641699] [robot_3.ros_gz_sim]: OK creation of entity.
[create-12] [INFO] [1776778582.765504589] [robot_2.ros_gz_sim]: Waiting messages on topic [/robot_2/robot_description].
[create-12] [INFO] [1776778582.768331880] [robot_2.ros_gz_sim]: Requested creation of entity.
[create-12] [INFO] [1776778582.768374709] [robot_2.ros_gz_sim]: OK creation of entity.
[robot_supervisor-16] [INFO] [1776778582.924974879] [robot_3.robot_supervisor]: Selected controllable event: EV_move_forward
[robot_supervisor-10] [INFO] [1776778582.926082213] [robot_1.robot_supervisor]: Selected controllable event: EV_move_forward
[robot_supervisor-7] [INFO] [1776778582.926925874] [robot_0.robot_supervisor]: Selected controllable event: EV_move_forward
[robot_supervisor-13] [INFO] [1776778582.934103266] [robot_2.robot_supervisor]: Selected controllable event: EV_move_forward
[INFO] [create-9]: process has finished cleanly [pid 309824]
[robot_supervisor-19] [INFO] [1776778582.974327998] [robot_4.robot_supervisor]: Selected controllable event: EV_move_forward
[INFO] [create-12]: process has finished cleanly [pid 309831]
[INFO] [create-15]: process has finished cleanly [pid 309837]
[INFO] [create-6]: process has finished cleanly [pid 309817]
[INFO] [create-18]: process has finished cleanly [pid 309851]
[bump_counter-3] [INFO] [1776778583.222885800] [bump_counter]: [global] subscribed: /world/random_world/model/robot_0/link/robot_0/base_footprint/sensor/contact_sensor/contact
[bump_counter-3] [INFO] [1776778583.223330957] [bump_counter]: [global] subscribed: /world/random_world/model/robot_1/link/robot_1/base_footprint/sensor/contact_sensor/contact
[bump_counter-3] [INFO] [1776778583.223743189] [bump_counter]: [global] subscribed: /world/random_world/model/robot_2/link/robot_2/base_footprint/sensor/contact_sensor/contact
[bump_counter-3] [INFO] [1776778583.224191559] [bump_counter]: [global] subscribed: /world/random_world/model/robot_3/link/robot_3/base_footprint/sensor/contact_sensor/contact
[bump_counter-3] [INFO] [1776778583.224723989] [bump_counter]: [global] subscribed: /world/random_world/model/robot_4/link/robot_4/base_footprint/sensor/contact_sensor/contact
[INFO] [image_processor-21]: process started with pid [310203]
[INFO] [image_processor-22]: process started with pid [310205]
[INFO] [image_processor-23]: process started with pid [310207]
[INFO] [image_processor-24]: process started with pid [310209]
[INFO] [image_processor-25]: process started with pid [310211]
[image_processor-21] [INFO] [1776778583.829181542] [robot_0.image_processor]: image_processor: depth='/robot_0/depth_camera/depth_image' aruco_runtime=disabled
[image_processor-25] [INFO] [1776778583.829329599] [robot_4.image_processor]: image_processor: depth='/robot_4/depth_camera/depth_image' aruco_runtime=disabled
[image_processor-24] [INFO] [1776778583.831513915] [robot_3.image_processor]: image_processor: depth='/robot_3/depth_camera/depth_image' aruco_runtime=disabled
[image_processor-22] [INFO] [1776778583.831736776] [robot_1.image_processor]: image_processor: depth='/robot_1/depth_camera/depth_image' aruco_runtime=disabled
[image_processor-23] [INFO] [1776778583.832104326] [robot_2.image_processor]: image_processor: depth='/robot_2/depth_camera/depth_image' aruco_runtime=disabled
[image_processor-22] [INFO] [1776778587.294085708] [robot_1.image_processor]: Zone=CLEAR  left[p=3.007 near=0 v=7650]  front[p=3.426 near=0 v=13244]  right[p=2.532 near=0 v=7517]
[image_processor-21] [INFO] [1776778587.302796098] [robot_0.image_processor]: Zone=CLEAR  left[p=1.026 near=0 v=7650]  front[p=1.493 near=0 v=13500]  right[p=2.221 near=0 v=7740]
[image_processor-25] [INFO] [1776778587.310580032] [robot_4.image_processor]: Zone=CLEAR  left[p=2.299 near=0 v=7157]  front[p=2.450 near=0 v=13239]  right[p=3.007 near=0 v=7740]
[image_processor-24] [INFO] [1776778587.320120275] [robot_3.image_processor]: Zone=CLEAR  left[p=0.894 near=0 v=7620]  front[p=3.072 near=0 v=13297]  right[p=2.913 near=0 v=7740]
[image_processor-23] [INFO] [1776778587.328647199] [robot_2.image_processor]: Zone=CLEAR  left[p=1.875 near=0 v=7650]  front[p=2.263 near=0 v=12349]  right[p=1.628 near=0 v=7740]
[image_processor-22] [INFO] [1776778589.792082305] [robot_1.image_processor]: Zone=CLEAR
[image_processor-21] [INFO] [1776778589.801525905] [robot_0.image_processor]: Zone=CLEAR
[image_processor-25] [INFO] [1776778589.810893178] [robot_4.image_processor]: Zone=CLEAR
[image_processor-24] [INFO] [1776778589.818984723] [robot_3.image_processor]: Zone=CLEAR
[image_processor-23] [INFO] [1776778589.825706070] [robot_2.image_processor]: Zone=CLEAR
[image_processor-22] [INFO] [1776778592.292294160] [robot_1.image_processor]: Zone=CLEAR
[image_processor-21] [INFO] [1776778592.300331273] [robot_0.image_processor]: Zone=CLEAR
[image_processor-25] [INFO] [1776778592.309597652] [robot_4.image_processor]: Zone=CLEAR
[image_processor-24] [INFO] [1776778592.316838286] [robot_3.image_processor]: Zone=CLEAR
[image_processor-23] [INFO] [1776778592.325586654] [robot_2.image_processor]: Zone=CLEAR
[image_processor-22] [INFO] [1776778594.794954796] [robot_1.image_processor]: Zone=CLEAR
[image_processor-21] [INFO] [1776778594.802949934] [robot_0.image_processor]: Zone=CLEAR
[image_processor-25] [INFO] [1776778594.811004663] [robot_4.image_processor]: Zone=CLEAR
[image_processor-24] [INFO] [1776778594.818656894] [robot_3.image_processor]: Zone=CLEAR
[image_processor-23] [INFO] [1776778594.829072633] [robot_2.image_processor]: Zone=CLEAR
[image_processor-22] [INFO] [1776778597.294019865] [robot_1.image_processor]: Zone=CLEAR
[image_processor-21] [INFO] [1776778597.302073178] [robot_0.image_processor]: Zone=CLEAR
[image_processor-25] [INFO] [1776778597.310894454] [robot_4.image_processor]: Zone=CLEAR
[image_processor-24] [INFO] [1776778597.319477415] [robot_3.image_processor]: Zone=CLEAR
[image_processor-23] [INFO] [1776778597.327511349] [robot_2.image_processor]: Zone=CLEAR
[image_processor-22] [INFO] [1776778599.792583372] [robot_1.image_processor]: Zone=CLEAR
[image_processor-25] [INFO] [1776778599.810115179] [robot_4.image_processor]: Zone=CLEAR
[image_processor-24] [INFO] [1776778599.817476061] [robot_3.image_processor]: Zone=CLEAR
[image_processor-23] [INFO] [1776778599.827655989] [robot_2.image_processor]: Zone=CLEAR
[image_processor-21] [INFO] [1776778599.901639077] [robot_0.image_processor]: Zone=CLEAR
[image_processor-22] [INFO] [1776778602.292685849] [robot_1.image_processor]: Zone=CLEAR
[image_processor-21] [INFO] [1776778602.301493498] [robot_0.image_processor]: Zone=CLEAR
[image_processor-25] [INFO] [1776778602.310255924] [robot_4.image_processor]: Zone=CLEAR
[image_processor-24] [INFO] [1776778602.318648684] [robot_3.image_processor]: Zone=CLEAR
[image_processor-23] [INFO] [1776778602.328123828] [robot_2.image_processor]: Zone=CLEAR
[image_processor-22] [INFO] [1776778604.790589675] [robot_1.image_processor]: Zone=CLEAR
[image_processor-21] [INFO] [1776778604.802375817] [robot_0.image_processor]: Zone=CLEAR
[image_processor-25] [INFO] [1776778604.810088033] [robot_4.image_processor]: Zone=CLEAR
[image_processor-24] [INFO] [1776778604.818402587] [robot_3.image_processor]: Zone=CLEAR
[image_processor-23] [INFO] [1776778604.827046446] [robot_2.image_processor]: Zone=CLEAR
[image_processor-22] [INFO] [1776778607.293377137] [robot_1.image_processor]: Zone=CLEAR
[image_processor-21] [INFO] [1776778607.300830881] [robot_0.image_processor]: Zone=CLEAR
[image_processor-25] [INFO] [1776778607.310527581] [robot_4.image_processor]: Zone=CLEAR
[image_processor-24] [INFO] [1776778607.318167907] [robot_3.image_processor]: Zone=CLEAR
[image_processor-23] [INFO] [1776778607.328920689] [robot_2.image_processor]: Zone=CLEAR
[image_processor-22] [INFO] [1776778609.793469976] [robot_1.image_processor]: Zone=CLEAR
[image_processor-21] [INFO] [1776778609.801667692] [robot_0.image_processor]: Zone=CLEAR
[image_processor-23] [INFO] [1776778609.827659094] [robot_2.image_processor]: Zone=CLEAR
[image_processor-25] [INFO] [1776778609.912222992] [robot_4.image_processor]: Zone=CLEAR
[image_processor-24] [INFO] [1776778609.920961042] [robot_3.image_processor]: Zone=CLEAR
[image_processor-22] [INFO] [1776778612.291821042] [robot_1.image_processor]: Zone=CLEAR
[image_processor-21] [INFO] [1776778612.300888389] [robot_0.image_processor]: Zone=CLEAR
[image_processor-25] [INFO] [1776778612.310014433] [robot_4.image_processor]: Zone=CLEAR
[image_processor-24] [INFO] [1776778612.319421770] [robot_3.image_processor]: Zone=CLEAR
[image_processor-23] [INFO] [1776778612.328869767] [robot_2.image_processor]: Zone=CLEAR
[image_processor-22] [INFO] [1776778614.793604112] [robot_1.image_processor]: Zone=CLEAR
[image_processor-21] [INFO] [1776778614.801345080] [robot_0.image_processor]: Zone=CLEAR
[image_processor-25] [INFO] [1776778614.810015959] [robot_4.image_processor]: Zone=CLEAR
[image_processor-24] [INFO] [1776778614.818240044] [robot_3.image_processor]: Zone=CLEAR
[image_processor-23] [INFO] [1776778614.827825273] [robot_2.image_processor]: Zone=CLEAR
[image_processor-22] [INFO] [1776778617.291218907] [robot_1.image_processor]: Zone=CLEAR
[image_processor-21] [INFO] [1776778617.300102835] [robot_0.image_processor]: Zone=CLEAR
[image_processor-25] [INFO] [1776778617.307879472] [robot_4.image_processor]: Zone=CLEAR
[image_processor-24] [INFO] [1776778617.316291530] [robot_3.image_processor]: Zone=CLEAR
[image_processor-23] [INFO] [1776778617.324019689] [robot_2.image_processor]: Zone=CLEAR
[image_processor-22] [INFO] [1776778619.792821268] [robot_1.image_processor]: Zone=CLEAR
[image_processor-21] [INFO] [1776778619.800924393] [robot_0.image_processor]: Zone=CLEAR
[image_processor-25] [INFO] [1776778619.808586875] [robot_4.image_processor]: Zone=CLEAR
[image_processor-24] [INFO] [1776778619.818735272] [robot_3.image_processor]: Zone=CLEAR
[image_processor-23] [INFO] [1776778619.825967201] [robot_2.image_processor]: Zone=CLEAR
[image_processor-22] [INFO] [1776778622.293939849] [robot_1.image_processor]: Zone=CLEAR
[image_processor-21] [INFO] [1776778622.302023085] [robot_0.image_processor]: Zone=CLEAR
[image_processor-25] [INFO] [1776778622.310100409] [robot_4.image_processor]: Zone=CLEAR
[image_processor-24] [INFO] [1776778622.317723900] [robot_3.image_processor]: Zone=CLEAR
[image_processor-23] [INFO] [1776778622.325122894] [robot_2.image_processor]: Zone=CLEAR
[image_processor-22] [INFO] [1776778624.793061814] [robot_1.image_processor]: Zone=CLEAR
[image_processor-21] [INFO] [1776778624.801197959] [robot_0.image_processor]: Zone=CLEAR
[image_processor-25] [INFO] [1776778624.810606466] [robot_4.image_processor]: Zone=CLEAR
[image_processor-24] [INFO] [1776778624.817801206] [robot_3.image_processor]: Zone=CLEAR
[image_processor-23] [INFO] [1776778624.827553986] [robot_2.image_processor]: Zone=CLEAR
[image_processor-22] [INFO] [1776778627.293563610] [robot_1.image_processor]: Zone=CLEAR
[image_processor-21] [INFO] [1776778627.301533026] [robot_0.image_processor]: Zone=CLEAR
[image_processor-25] [INFO] [1776778627.309678496] [robot_4.image_processor]: Zone=CLEAR
[image_processor-24] [INFO] [1776778627.319068881] [robot_3.image_processor]: Zone=CLEAR
[image_processor-23] [INFO] [1776778627.327359476] [robot_2.image_processor]: Zone=CLEAR
[image_processor-22] [INFO] [1776778629.792260625] [robot_1.image_processor]: Zone=CLEAR
[image_processor-25] [INFO] [1776778629.808361144] [robot_4.image_processor]: Zone=CLEAR
[image_processor-24] [INFO] [1776778629.817979442] [robot_3.image_processor]: Zone=CLEAR
[image_processor-23] [INFO] [1776778629.828002288] [robot_2.image_processor]: Zone=CLEAR
[image_processor-21] [INFO] [1776778629.901183984] [robot_0.image_processor]: Zone=CLEAR
[image_processor-22] [INFO] [1776778632.293925716] [robot_1.image_processor]: Zone=CLEAR
[image_processor-21] [INFO] [1776778632.303731825] [robot_0.image_processor]: Zone=CLEAR
[image_processor-25] [INFO] [1776778632.311223586] [robot_4.image_processor]: Zone=CLEAR
[image_processor-24] [INFO] [1776778632.320900450] [robot_3.image_processor]: Zone=CLEAR
[image_processor-23] [INFO] [1776778632.328990631] [robot_2.image_processor]: Zone=CLEAR
[image_processor-22] [INFO] [1776778634.795239357] [robot_1.image_processor]: Zone=CLEAR
[image_processor-21] [INFO] [1776778634.803493071] [robot_0.image_processor]: Zone=CLEAR
[image_processor-25] [INFO] [1776778634.810616487] [robot_4.image_processor]: Zone=CLEAR
[image_processor-24] [INFO] [1776778634.819153390] [robot_3.image_processor]: Zone=CLEAR
[image_processor-23] [INFO] [1776778634.828732523] [robot_2.image_processor]: Zone=CLEAR
[image_processor-22] [INFO] [1776778637.296817589] [robot_1.image_processor]: Zone=CLEAR
[image_processor-21] [INFO] [1776778637.303105706] [robot_0.image_processor]: Zone=CLEAR
[image_processor-25] [INFO] [1776778637.311004670] [robot_4.image_processor]: Zone=CLEAR
[image_processor-23] [INFO] [1776778637.329819218] [robot_2.image_processor]: Zone=CLEAR
[image_processor-24] [INFO] [1776778637.420658672] [robot_3.image_processor]: Zone=CLEAR
[image_processor-22] [INFO] [1776778639.793146529] [robot_1.image_processor]: Zone=CLEAR
[image_processor-21] [INFO] [1776778639.801271258] [robot_0.image_processor]: Zone=CLEAR
[image_processor-25] [INFO] [1776778639.809822529] [robot_4.image_processor]: Zone=CLEAR
[image_processor-23] [INFO] [1776778639.828203866] [robot_2.image_processor]: Zone=CLEAR
[image_processor-24] [INFO] [1776778639.918943414] [robot_3.image_processor]: Zone=CLEAR
[image_processor-22] [INFO] [1776778642.294076827] [robot_1.image_processor]: Zone=CLEAR
[image_processor-21] [INFO] [1776778642.301064683] [robot_0.image_processor]: Zone=CLEAR
[image_processor-25] [INFO] [1776778642.309027069] [robot_4.image_processor]: Zone=CLEAR
[image_processor-24] [INFO] [1776778642.318033978] [robot_3.image_processor]: Zone=CLEAR
[image_processor-23] [INFO] [1776778642.325851329] [robot_2.image_processor]: Zone=CLEAR
[image_processor-22] [INFO] [1776778644.791902395] [robot_1.image_processor]: Zone=CLEAR
[image_processor-21] [INFO] [1776778644.801211304] [robot_0.image_processor]: Zone=CLEAR
[image_processor-25] [INFO] [1776778644.810672113] [robot_4.image_processor]: Zone=CLEAR
[image_processor-24] [INFO] [1776778644.819908119] [robot_3.image_processor]: Zone=CLEAR
[image_processor-23] [INFO] [1776778644.828535807] [robot_2.image_processor]: Zone=CLEAR
[image_processor-22] [INFO] [1776778647.291594981] [robot_1.image_processor]: Zone=CLEAR
[image_processor-21] [INFO] [1776778647.299836661] [robot_0.image_processor]: Zone=CLEAR
[image_processor-25] [INFO] [1776778647.309617383] [robot_4.image_processor]: Zone=CLEAR
[image_processor-24] [INFO] [1776778647.317202861] [robot_3.image_processor]: Zone=CLEAR
[image_processor-23] [INFO] [1776778647.326672734] [robot_2.image_processor]: Zone=CLEAR
[image_processor-22] [INFO] [1776778649.795674680] [robot_1.image_processor]: Zone=CLEAR
[image_processor-21] [INFO] [1776778649.804455738] [robot_0.image_processor]: Zone=CLEAR
[image_processor-25] [INFO] [1776778649.813468436] [robot_4.image_processor]: Zone=CLEAR
[image_processor-24] [INFO] [1776778649.821895605] [robot_3.image_processor]: Zone=CLEAR
[image_processor-23] [INFO] [1776778649.830398229] [robot_2.image_processor]: Zone=CLEAR
[image_processor-22] [INFO] [1776778652.292645784] [robot_1.image_processor]: Zone=CLEAR
[image_processor-21] [INFO] [1776778652.301393229] [robot_0.image_processor]: Zone=CLEAR
[image_processor-25] [INFO] [1776778652.309514753] [robot_4.image_processor]: Zone=CLEAR
[image_processor-24] [INFO] [1776778652.319089674] [robot_3.image_processor]: Zone=CLEAR
[image_processor-23] [INFO] [1776778652.326153547] [robot_2.image_processor]: Zone=CLEAR
[image_processor-22] [INFO] [1776778654.792444199] [robot_1.image_processor]: Zone=CLEAR
[image_processor-21] [INFO] [1776778654.800984556] [robot_0.image_processor]: Zone=CLEAR
[image_processor-25] [INFO] [1776778654.808965479] [robot_4.image_processor]: Zone=CLEAR
[image_processor-23] [INFO] [1776778654.824518292] [robot_2.image_processor]: Zone=CLEAR
[image_processor-24] [INFO] [1776778654.918602940] [robot_3.image_processor]: Zone=CLEAR
[image_processor-22] [INFO] [1776778657.291829764] [robot_1.image_processor]: Zone=CLEAR
[image_processor-21] [INFO] [1776778657.300098789] [robot_0.image_processor]: Zone=CLEAR
[image_processor-25] [INFO] [1776778657.308420624] [robot_4.image_processor]: Zone=CLEAR
[image_processor-24] [INFO] [1776778657.316172142] [robot_3.image_processor]: Zone=CLEAR
[image_processor-23] [INFO] [1776778657.323903671] [robot_2.image_processor]: Zone=CLEAR
[image_processor-22] [INFO] [1776778659.791886783] [robot_1.image_processor]: Zone=CLEAR
[image_processor-21] [INFO] [1776778659.801348910] [robot_0.image_processor]: Zone=CLEAR
[image_processor-25] [INFO] [1776778659.809238346] [robot_4.image_processor]: Zone=CLEAR
[image_processor-24] [INFO] [1776778659.820553612] [robot_3.image_processor]: Zone=CLEAR
[image_processor-23] [INFO] [1776778659.829010878] [robot_2.image_processor]: Zone=CLEAR
[image_processor-22] [INFO] [1776778662.291476252] [robot_1.image_processor]: Zone=CLEAR
[image_processor-21] [INFO] [1776778662.303149595] [robot_0.image_processor]: Zone=CLEAR
[image_processor-25] [INFO] [1776778662.310439660] [robot_4.image_processor]: Zone=CLEAR
[image_processor-24] [INFO] [1776778662.318509651] [robot_3.image_processor]: Zone=CLEAR
[image_processor-23] [INFO] [1776778662.326839191] [robot_2.image_processor]: Zone=CLEAR
[image_processor-22] [INFO] [1776778664.793068712] [robot_1.image_processor]: Zone=CLEAR
[image_processor-21] [INFO] [1776778664.803617297] [robot_0.image_processor]: Zone=CLEAR
[image_processor-25] [INFO] [1776778664.810636469] [robot_4.image_processor]: Zone=CLEAR
[image_processor-24] [INFO] [1776778664.817829358] [robot_3.image_processor]: Zone=CLEAR
[image_processor-23] [INFO] [1776778664.827731294] [robot_2.image_processor]: Zone=CLEAR
[image_processor-22] [INFO] [1776778667.292257780] [robot_1.image_processor]: Zone=CLEAR
[image_processor-21] [INFO] [1776778667.301007447] [robot_0.image_processor]: Zone=CLEAR
[image_processor-25] [INFO] [1776778667.310589991] [robot_4.image_processor]: Zone=CLEAR
[image_processor-24] [INFO] [1776778667.320585887] [robot_3.image_processor]: Zone=CLEAR
[image_processor-23] [INFO] [1776778667.331377607] [robot_2.image_processor]: Zone=CLEAR
[image_processor-22] [INFO] [1776778669.795612471] [robot_1.image_processor]: Zone=CLEAR
[image_processor-21] [INFO] [1776778669.803807131] [robot_0.image_processor]: Zone=CLEAR
[image_processor-25] [INFO] [1776778669.812377319] [robot_4.image_processor]: Zone=CLEAR
[image_processor-24] [INFO] [1776778669.822365011] [robot_3.image_processor]: Zone=CLEAR
[image_processor-23] [INFO] [1776778669.831867259] [robot_2.image_processor]: Zone=CLEAR
[image_processor-22] [INFO] [1776778672.293663028] [robot_1.image_processor]: Zone=CLEAR
[image_processor-21] [INFO] [1776778672.303416479] [robot_0.image_processor]: Zone=CLEAR
[image_processor-25] [INFO] [1776778672.311305007] [robot_4.image_processor]: Zone=CLEAR
[image_processor-24] [INFO] [1776778672.318775543] [robot_3.image_processor]: Zone=CLEAR
[image_processor-23] [INFO] [1776778672.327261620] [robot_2.image_processor]: Zone=CLEAR
[image_processor-22] [INFO] [1776778674.790276972] [robot_1.image_processor]: Zone=CLEAR
[image_processor-21] [INFO] [1776778674.800533133] [robot_0.image_processor]: Zone=CLEAR
[image_processor-25] [INFO] [1776778674.810217694] [robot_4.image_processor]: Zone=CLEAR
[image_processor-24] [INFO] [1776778674.822003752] [robot_3.image_processor]: Zone=CLEAR
[image_processor-23] [INFO] [1776778674.929444872] [robot_2.image_processor]: Zone=CLEAR
[image_processor-22] [INFO] [1776778677.292296155] [robot_1.image_processor]: Zone=CLEAR
[image_processor-21] [INFO] [1776778677.304409564] [robot_0.image_processor]: Zone=CLEAR
[image_processor-25] [INFO] [1776778677.310626589] [robot_4.image_processor]: Zone=CLEAR
[image_processor-24] [INFO] [1776778677.318879625] [robot_3.image_processor]: Zone=CLEAR
[image_processor-23] [INFO] [1776778677.328826515] [robot_2.image_processor]: Zone=CLEAR
[image_processor-21] [INFO] [1776778679.801381731] [robot_0.image_processor]: Zone=CLEAR
[image_processor-25] [INFO] [1776778679.809417700] [robot_4.image_processor]: Zone=CLEAR
[image_processor-24] [INFO] [1776778679.818391065] [robot_3.image_processor]: Zone=CLEAR
[image_processor-23] [INFO] [1776778679.826529649] [robot_2.image_processor]: Zone=CLEAR
[image_processor-22] [INFO] [1776778679.894050992] [robot_1.image_processor]: Zone=CLEAR
[image_processor-22] [INFO] [1776778682.291915945] [robot_1.image_processor]: Zone=CLEAR
[image_processor-21] [INFO] [1776778682.300001606] [robot_0.image_processor]: Zone=CLEAR
[image_processor-25] [INFO] [1776778682.308689709] [robot_4.image_processor]: Zone=CLEAR
[image_processor-24] [INFO] [1776778682.315986146] [robot_3.image_processor]: Zone=CLEAR
[image_processor-23] [INFO] [1776778682.325233286] [robot_2.image_processor]: Zone=CLEAR
[image_processor-22] [INFO] [1776778684.793265161] [robot_1.image_processor]: Zone=CLEAR
[image_processor-21] [INFO] [1776778684.801593755] [robot_0.image_processor]: Zone=CLEAR
[image_processor-25] [INFO] [1776778684.808910322] [robot_4.image_processor]: Zone=CLEAR
[image_processor-24] [INFO] [1776778684.816739190] [robot_3.image_processor]: Zone=CLEAR
[image_processor-23] [INFO] [1776778684.824784452] [robot_2.image_processor]: Zone=CLEAR
[image_processor-22] [INFO] [1776778687.294004563] [robot_1.image_processor]: Zone=CLEAR
[image_processor-25] [INFO] [1776778687.310504285] [robot_4.image_processor]: Zone=CLEAR
[image_processor-24] [INFO] [1776778687.319853700] [robot_3.image_processor]: Zone=CLEAR
[image_processor-23] [INFO] [1776778687.328591626] [robot_2.image_processor]: Zone=CLEAR
[image_processor-21] [INFO] [1776778687.403721444] [robot_0.image_processor]: Zone=CLEAR
[image_processor-22] [INFO] [1776778689.796013705] [robot_1.image_processor]: Zone=CLEAR
[image_processor-21] [INFO] [1776778689.803120178] [robot_0.image_processor]: Zone=CLEAR
[image_processor-25] [INFO] [1776778689.812842622] [robot_4.image_processor]: Zone=CLEAR
[image_processor-24] [INFO] [1776778689.821470068] [robot_3.image_processor]: Zone=CLEAR
[image_processor-23] [INFO] [1776778689.829500554] [robot_2.image_processor]: Zone=CLEAR
[image_processor-22] [INFO] [1776778692.291269279] [robot_1.image_processor]: Zone=CLEAR
[image_processor-21] [INFO] [1776778692.299898885] [robot_0.image_processor]: Zone=CLEAR
[image_processor-25] [INFO] [1776778692.309482432] [robot_4.image_processor]: Zone=CLEAR
[image_processor-24] [INFO] [1776778692.316522700] [robot_3.image_processor]: Zone=CLEAR
[image_processor-23] [INFO] [1776778692.324568405] [robot_2.image_processor]: Zone=CLEAR
[image_processor-22] [INFO] [1776778694.792878381] [robot_1.image_processor]: Zone=CLEAR
[image_processor-21] [INFO] [1776778694.801059929] [robot_0.image_processor]: Zone=CLEAR
[image_processor-25] [INFO] [1776778694.811398060] [robot_4.image_processor]: Zone=CLEAR
[image_processor-24] [INFO] [1776778694.820291096] [robot_3.image_processor]: Zone=CLEAR
[image_processor-23] [INFO] [1776778694.827130893] [robot_2.image_processor]: Zone=CLEAR
[image_processor-22] [INFO] [1776778697.292622774] [robot_1.image_processor]: Zone=CLEAR
[image_processor-21] [INFO] [1776778697.302210712] [robot_0.image_processor]: Zone=CLEAR
[image_processor-24] [INFO] [1776778697.317694241] [robot_3.image_processor]: Zone=CLEAR
[image_processor-23] [INFO] [1776778697.324800910] [robot_2.image_processor]: Zone=CLEAR
[image_processor-25] [INFO] [1776778697.411947305] [robot_4.image_processor]: Zone=CLEAR
[image_processor-21] [INFO] [1776778699.800232465] [robot_0.image_processor]: Zone=CLEAR
[image_processor-25] [INFO] [1776778699.806581200] [robot_4.image_processor]: Zone=CLEAR
[image_processor-24] [INFO] [1776778699.814643709] [robot_3.image_processor]: Zone=CLEAR
[image_processor-23] [INFO] [1776778699.823244735] [robot_2.image_processor]: Zone=CLEAR
[image_processor-22] [INFO] [1776778699.892932054] [robot_1.image_processor]: Zone=CLEAR
[image_processor-22] [INFO] [1776778702.295370427] [robot_1.image_processor]: Zone=CLEAR
[image_processor-21] [INFO] [1776778702.303437406] [robot_0.image_processor]: Zone=CLEAR
[image_processor-25] [INFO] [1776778702.310924784] [robot_4.image_processor]: Zone=CLEAR
[image_processor-24] [INFO] [1776778702.322150241] [robot_3.image_processor]: Zone=CLEAR
[image_processor-23] [INFO] [1776778702.331990773] [robot_2.image_processor]: Zone=CLEAR
[image_processor-22] [INFO] [1776778704.796885167] [robot_1.image_processor]: Zone=CLEAR
[image_processor-21] [INFO] [1776778704.807246127] [robot_0.image_processor]: Zone=CLEAR
[image_processor-24] [INFO] [1776778704.826009353] [robot_3.image_processor]: Zone=CLEAR
[image_processor-23] [INFO] [1776778704.833127969] [robot_2.image_processor]: Zone=CLEAR
[image_processor-25] [INFO] [1776778704.920758840] [robot_4.image_processor]: Zone=CLEAR
[image_processor-22] [INFO] [1776778707.293111241] [robot_1.image_processor]: Zone=CLEAR
[image_processor-21] [INFO] [1776778707.300731044] [robot_0.image_processor]: Zone=CLEAR
[image_processor-25] [INFO] [1776778707.308820724] [robot_4.image_processor]: Zone=CLEAR
[image_processor-24] [INFO] [1776778707.318235660] [robot_3.image_processor]: Zone=CLEAR
[image_processor-23] [INFO] [1776778707.326990858] [robot_2.image_processor]: Zone=CLEAR
[image_processor-22] [INFO] [1776778709.793429170] [robot_1.image_processor]: Zone=CLEAR
[image_processor-21] [INFO] [1776778709.801481578] [robot_0.image_processor]: Zone=CLEAR
[image_processor-25] [INFO] [1776778709.809264524] [robot_4.image_processor]: Zone=CLEAR
[image_processor-24] [INFO] [1776778709.816600199] [robot_3.image_processor]: Zone=CLEAR
[image_processor-23] [INFO] [1776778709.825769434] [robot_2.image_processor]: Zone=CLEAR
[image_processor-22] [INFO] [1776778712.292918737] [robot_1.image_processor]: Zone=CLEAR
[image_processor-21] [INFO] [1776778712.302298348] [robot_0.image_processor]: Zone=CLEAR
[image_processor-25] [INFO] [1776778712.309663196] [robot_4.image_processor]: Zone=CLEAR
[image_processor-24] [INFO] [1776778712.321450000] [robot_3.image_processor]: Zone=CLEAR
[image_processor-23] [INFO] [1776778712.329203225] [robot_2.image_processor]: Zone=CLEAR
[image_processor-22] [INFO] [1776778714.792903397] [robot_1.image_processor]: Zone=CLEAR
[image_processor-21] [INFO] [1776778714.800996645] [robot_0.image_processor]: Zone=CLEAR
[image_processor-25] [INFO] [1776778714.808174626] [robot_4.image_processor]: Zone=CLEAR
[image_processor-24] [INFO] [1776778714.815893722] [robot_3.image_processor]: Zone=CLEAR
[image_processor-23] [INFO] [1776778714.824439779] [robot_2.image_processor]: Zone=CLEAR
[image_processor-22] [INFO] [1776778717.292045661] [robot_1.image_processor]: Zone=CLEAR
[image_processor-21] [INFO] [1776778717.300613432] [robot_0.image_processor]: Zone=CLEAR
[image_processor-25] [INFO] [1776778717.311446763] [robot_4.image_processor]: Zone=CLEAR
[image_processor-23] [INFO] [1776778717.326849812] [robot_2.image_processor]: Zone=CLEAR
[image_processor-24] [INFO] [1776778717.421097548] [robot_3.image_processor]: Zone=CLEAR
[image_processor-22] [INFO] [1776778719.793367280] [robot_1.image_processor]: Zone=CLEAR
[image_processor-21] [INFO] [1776778719.801472603] [robot_0.image_processor]: Zone=CLEAR
[image_processor-25] [INFO] [1776778719.808884908] [robot_4.image_processor]: Zone=CLEAR
[image_processor-24] [INFO] [1776778719.816109397] [robot_3.image_processor]: Zone=CLEAR
[image_processor-23] [INFO] [1776778719.824482718] [robot_2.image_processor]: Zone=CLEAR
[image_processor-22] [INFO] [1776778722.291631001] [robot_1.image_processor]: Zone=CLEAR
[image_processor-21] [INFO] [1776778722.299556769] [robot_0.image_processor]: Zone=CLEAR
[image_processor-25] [INFO] [1776778722.307959991] [robot_4.image_processor]: Zone=CLEAR
[image_processor-24] [INFO] [1776778722.315631183] [robot_3.image_processor]: Zone=CLEAR
[image_processor-23] [INFO] [1776778722.325398654] [robot_2.image_processor]: Zone=CLEAR
[image_processor-22] [INFO] [1776778724.792349552] [robot_1.image_processor]: Zone=CLEAR
[image_processor-21] [INFO] [1776778724.800733174] [robot_0.image_processor]: Zone=CLEAR
[image_processor-25] [INFO] [1776778724.808812277] [robot_4.image_processor]: Zone=CLEAR
[image_processor-24] [INFO] [1776778724.817859062] [robot_3.image_processor]: Zone=CLEAR
[image_processor-23] [INFO] [1776778724.825281123] [robot_2.image_processor]: Zone=CLEAR
[image_processor-22] [INFO] [1776778727.292115017] [robot_1.image_processor]: Zone=CLEAR
[image_processor-21] [INFO] [1776778727.301192613] [robot_0.image_processor]: Zone=CLEAR
[image_processor-24] [INFO] [1776778727.319203394] [robot_3.image_processor]: Zone=CLEAR
[image_processor-23] [INFO] [1776778727.325891355] [robot_2.image_processor]: Zone=CLEAR
[image_processor-25] [INFO] [1776778727.410616420] [robot_4.image_processor]: Zone=CLEAR
[image_processor-22] [INFO] [1776778729.792772200] [robot_1.image_processor]: Zone=CLEAR
[image_processor-21] [INFO] [1776778729.802418452] [robot_0.image_processor]: Zone=CLEAR
[image_processor-25] [INFO] [1776778729.812224836] [robot_4.image_processor]: Zone=CLEAR
[image_processor-24] [INFO] [1776778729.820928971] [robot_3.image_processor]: Zone=CLEAR
[image_processor-23] [INFO] [1776778729.930632060] [robot_2.image_processor]: Zone=CLEAR
[image_processor-22] [INFO] [1776778732.293589951] [robot_1.image_processor]: Zone=CLEAR
[image_processor-21] [INFO] [1776778732.302872847] [robot_0.image_processor]: Zone=CLEAR
[image_processor-25] [INFO] [1776778732.311815832] [robot_4.image_processor]: Zone=CLEAR
[image_processor-24] [INFO] [1776778732.319142329] [robot_3.image_processor]: Zone=CLEAR
[image_processor-23] [INFO] [1776778732.327129287] [robot_2.image_processor]: Zone=CLEAR
[image_processor-22] [INFO] [1776778734.793023280] [robot_1.image_processor]: Zone=CLEAR
[image_processor-21] [INFO] [1776778734.801320952] [robot_0.image_processor]: Zone=CLEAR
[image_processor-25] [INFO] [1776778734.810488726] [robot_4.image_processor]: Zone=CLEAR
[image_processor-24] [INFO] [1776778734.818557941] [robot_3.image_processor]: Zone=CLEAR
[image_processor-23] [INFO] [1776778734.826357499] [robot_2.image_processor]: Zone=CLEAR
[image_processor-22] [INFO] [1776778737.294446989] [robot_1.image_processor]: Zone=CLEAR
[image_processor-21] [INFO] [1776778737.302074748] [robot_0.image_processor]: Zone=CLEAR
[image_processor-25] [INFO] [1776778737.309963140] [robot_4.image_processor]: Zone=CLEAR
[image_processor-24] [INFO] [1776778737.319584818] [robot_3.image_processor]: Zone=CLEAR
[image_processor-23] [INFO] [1776778737.327568527] [robot_2.image_processor]: Zone=CLEAR
[image_processor-22] [INFO] [1776778739.791194721] [robot_1.image_processor]: Zone=CLEAR
[image_processor-21] [INFO] [1776778739.802838732] [robot_0.image_processor]: Zone=CLEAR
[image_processor-25] [INFO] [1776778739.812717190] [robot_4.image_processor]: Zone=CLEAR
[image_processor-24] [INFO] [1776778739.823981266] [robot_3.image_processor]: Zone=CLEAR
[image_processor-23] [INFO] [1776778739.830411094] [robot_2.image_processor]: Zone=CLEAR
[image_processor-22] [INFO] [1776778742.292297220] [robot_1.image_processor]: Zone=CLEAR
[image_processor-21] [INFO] [1776778742.300781262] [robot_0.image_processor]: Zone=CLEAR
[image_processor-25] [INFO] [1776778742.310528742] [robot_4.image_processor]: Zone=CLEAR
[image_processor-24] [INFO] [1776778742.318090939] [robot_3.image_processor]: Zone=CLEAR
[image_processor-23] [INFO] [1776778742.326990152] [robot_2.image_processor]: Zone=CLEAR
[image_processor-22] [INFO] [1776778744.794249952] [robot_1.image_processor]: Zone=CLEAR
[image_processor-21] [INFO] [1776778744.801943856] [robot_0.image_processor]: Zone=CLEAR
[image_processor-25] [INFO] [1776778744.811063573] [robot_4.image_processor]: Zone=CLEAR
[image_processor-24] [INFO] [1776778744.819325214] [robot_3.image_processor]: Zone=CLEAR
[image_processor-23] [INFO] [1776778744.829231535] [robot_2.image_processor]: Zone=CLEAR
[image_processor-22] [INFO] [1776778747.295600637] [robot_1.image_processor]: Zone=CLEAR
[image_processor-21] [INFO] [1776778747.305746399] [robot_0.image_processor]: Zone=CLEAR
[image_processor-25] [INFO] [1776778747.314126275] [robot_4.image_processor]: Zone=CLEAR
[image_processor-24] [INFO] [1776778747.322398985] [robot_3.image_processor]: Zone=CLEAR
[image_processor-23] [INFO] [1776778747.332632582] [robot_2.image_processor]: Zone=CLEAR
[image_processor-21] [INFO] [1776778749.800688761] [robot_0.image_processor]: Zone=CLEAR
[image_processor-25] [INFO] [1776778749.808018027] [robot_4.image_processor]: Zone=CLEAR
[image_processor-24] [INFO] [1776778749.817404206] [robot_3.image_processor]: Zone=CLEAR
[image_processor-22] [INFO] [1776778749.895470755] [robot_1.image_processor]: Zone=CLEAR
[image_processor-23] [INFO] [1776778749.926760309] [robot_2.image_processor]: Zone=CLEAR
[image_processor-22] [INFO] [1776778752.291146451] [robot_1.image_processor]: Zone=CLEAR
[image_processor-21] [INFO] [1776778752.300863630] [robot_0.image_processor]: Zone=CLEAR
[image_processor-25] [INFO] [1776778752.309675650] [robot_4.image_processor]: Zone=CLEAR
[image_processor-24] [INFO] [1776778752.319465321] [robot_3.image_processor]: Zone=CLEAR
[image_processor-23] [INFO] [1776778752.326763719] [robot_2.image_processor]: Zone=CLEAR
[image_processor-22] [INFO] [1776778754.792479643] [robot_1.image_processor]: Zone=CLEAR
[image_processor-21] [INFO] [1776778754.803417653] [robot_0.image_processor]: Zone=CLEAR
[image_processor-25] [INFO] [1776778754.809513057] [robot_4.image_processor]: Zone=CLEAR
[image_processor-24] [INFO] [1776778754.818399138] [robot_3.image_processor]: Zone=CLEAR
[image_processor-23] [INFO] [1776778754.827235328] [robot_2.image_processor]: Zone=CLEAR
[image_processor-22] [INFO] [1776778757.291962767] [robot_1.image_processor]: Zone=CLEAR
[image_processor-21] [INFO] [1776778757.301739068] [robot_0.image_processor]: Zone=CLEAR
[image_processor-25] [INFO] [1776778757.312878317] [robot_4.image_processor]: Zone=CLEAR
[image_processor-24] [INFO] [1776778757.321237019] [robot_3.image_processor]: Zone=CLEAR
[image_processor-23] [INFO] [1776778757.330452609] [robot_2.image_processor]: Zone=CLEAR
[image_processor-22] [INFO] [1776778759.793465438] [robot_1.image_processor]: Zone=CLEAR
[image_processor-21] [INFO] [1776778759.800658078] [robot_0.image_processor]: Zone=CLEAR
[image_processor-25] [INFO] [1776778759.809418313] [robot_4.image_processor]: Zone=CLEAR
[image_processor-24] [INFO] [1776778759.818270178] [robot_3.image_processor]: Zone=CLEAR
[image_processor-23] [INFO] [1776778759.830295143] [robot_2.image_processor]: Zone=CLEAR
[image_processor-22] [INFO] [1776778762.292246570] [robot_1.image_processor]: Zone=CLEAR
[image_processor-25] [INFO] [1776778762.312682600] [robot_4.image_processor]: Zone=CLEAR
[image_processor-24] [INFO] [1776778762.321037071] [robot_3.image_processor]: Zone=CLEAR
[image_processor-23] [INFO] [1776778762.330574336] [robot_2.image_processor]: Zone=CLEAR
[image_processor-21] [INFO] [1776778762.402233750] [robot_0.image_processor]: Zone=CLEAR
[image_processor-22] [INFO] [1776778764.793071205] [robot_1.image_processor]: Zone=CLEAR
[image_processor-21] [INFO] [1776778764.801816247] [robot_0.image_processor]: Zone=CLEAR
[image_processor-25] [INFO] [1776778764.808780714] [robot_4.image_processor]: Zone=CLEAR
[image_processor-24] [INFO] [1776778764.817432652] [robot_3.image_processor]: Zone=CLEAR
[image_processor-23] [INFO] [1776778764.826281032] [robot_2.image_processor]: Zone=CLEAR
[image_processor-22] [INFO] [1776778767.296178903] [robot_1.image_processor]: Zone=CLEAR
[image_processor-21] [INFO] [1776778767.305760904] [robot_0.image_processor]: Zone=CLEAR
[image_processor-25] [INFO] [1776778767.314564101] [robot_4.image_processor]: Zone=CLEAR
[image_processor-24] [INFO] [1776778767.323840536] [robot_3.image_processor]: Zone=CLEAR
[image_processor-23] [INFO] [1776778767.331846390] [robot_2.image_processor]: Zone=CLEAR
[image_processor-22] [INFO] [1776778769.793888405] [robot_1.image_processor]: Zone=CLEAR
[image_processor-25] [INFO] [1776778769.811324723] [robot_4.image_processor]: Zone=CLEAR
[image_processor-24] [INFO] [1776778769.818754809] [robot_3.image_processor]: Zone=CLEAR
[image_processor-23] [INFO] [1776778769.827123110] [robot_2.image_processor]: Zone=CLEAR
[image_processor-21] [INFO] [1776778769.901777607] [robot_0.image_processor]: Zone=CLEAR
[image_processor-22] [INFO] [1776778772.292639218] [robot_1.image_processor]: Zone=CLEAR
[image_processor-21] [INFO] [1776778772.300318134] [robot_0.image_processor]: Zone=CLEAR
[image_processor-23] [INFO] [1776778772.327144107] [robot_2.image_processor]: Zone=CLEAR
[image_processor-25] [INFO] [1776778772.411721033] [robot_4.image_processor]: Zone=CLEAR
[image_processor-24] [INFO] [1776778772.418684214] [robot_3.image_processor]: Zone=CLEAR
[image_processor-22] [INFO] [1776778774.794459406] [robot_1.image_processor]: Zone=CLEAR
[image_processor-21] [INFO] [1776778774.803151993] [robot_0.image_processor]: Zone=CLEAR
[image_processor-25] [INFO] [1776778774.812227978] [robot_4.image_processor]: Zone=CLEAR
[image_processor-24] [INFO] [1776778774.819376680] [robot_3.image_processor]: Zone=CLEAR
[image_processor-23] [INFO] [1776778774.828387790] [robot_2.image_processor]: Zone=CLEAR
[image_processor-22] [INFO] [1776778777.291575812] [robot_1.image_processor]: Zone=CLEAR
[image_processor-21] [INFO] [1776778777.300025208] [robot_0.image_processor]: Zone=CLEAR
[image_processor-25] [INFO] [1776778777.313646438] [robot_4.image_processor]: Zone=CLEAR
[image_processor-24] [INFO] [1776778777.323200116] [robot_3.image_processor]: Zone=CLEAR
[image_processor-23] [INFO] [1776778777.331440246] [robot_2.image_processor]: Zone=CLEAR
[image_processor-22] [INFO] [1776778779.793105076] [robot_1.image_processor]: Zone=CLEAR
[image_processor-21] [INFO] [1776778779.802288325] [robot_0.image_processor]: Zone=CLEAR
[image_processor-25] [INFO] [1776778779.811500880] [robot_4.image_processor]: Zone=CLEAR
[image_processor-24] [INFO] [1776778779.818130863] [robot_3.image_processor]: Zone=CLEAR
[image_processor-23] [INFO] [1776778779.826866171] [robot_2.image_processor]: Zone=CLEAR
[INFO] [image_processor-25]: sending signal 'SIGINT' to process[image_processor-25]
[ERROR] [ign gazebo-1]: process has died [pid 309806, exit code -15, cmd 'ruby /usr/bin/ign gazebo /home/ecem/ros2_ws/install/swarm_basics/share/swarm_basics/worlds/random_world.sdf -s -r --force-version 6'].
[ERROR] [parameter_bridge-4]: process has died [pid 309813, exit code -15, cmd '/opt/ros/humble/lib/ros_ign_bridge/parameter_bridge /robot_0/cmd_vel@geometry_msgs/msg/Twist]ignition.msgs.Twist /robot_0/odom@nav_msgs/msg/Odometry[ignition.msgs.Odometry /robot_0/depth_camera/depth_image@sensor_msgs/msg/Image[ignition.msgs.Image /world/random_world/model/robot_0/link/robot_0/base_footprint/sensor/contact_sensor/contact@ros_gz_interfaces/msg/Contacts[ignition.msgs.Contacts /robot_1/cmd_vel@geometry_msgs/msg/Twist]ignition.msgs.Twist /robot_1/odom@nav_msgs/msg/Odometry[ignition.msgs.Odometry /robot_1/depth_camera/depth_image@sensor_msgs/msg/Image[ignition.msgs.Image /world/random_world/model/robot_1/link/robot_1/base_footprint/sensor/contact_sensor/contact@ros_gz_interfaces/msg/Contacts[ignition.msgs.Contacts /robot_2/cmd_vel@geometry_msgs/msg/Twist]ignition.msgs.Twist /robot_2/odom@nav_msgs/msg/Odometry[ignition.msgs.Odometry /robot_2/depth_camera/depth_image@sensor_msgs/msg/Image[ignition.msgs.Image /world/random_world/model/robot_2/link/robot_2/base_footprint/sensor/contact_sensor/contact@ros_gz_interfaces/msg/Contacts[ignition.msgs.Contacts /robot_3/cmd_vel@geometry_msgs/msg/Twist]ignition.msgs.Twist /robot_3/odom@nav_msgs/msg/Odometry[ignition.msgs.Odometry /robot_3/depth_camera/depth_image@sensor_msgs/msg/Image[ignition.msgs.Image /world/random_world/model/robot_3/link/robot_3/base_footprint/sensor/contact_sensor/contact@ros_gz_interfaces/msg/Contacts[ignition.msgs.Contacts /robot_4/cmd_vel@geometry_msgs/msg/Twist]ignition.msgs.Twist /robot_4/odom@nav_msgs/msg/Odometry[ignition.msgs.Odometry /robot_4/depth_camera/depth_image@sensor_msgs/msg/Image[ignition.msgs.Image /world/random_world/model/robot_4/link/robot_4/base_footprint/sensor/contact_sensor/contact@ros_gz_interfaces/msg/Contacts[ignition.msgs.Contacts /world/random_world/dynamic_pose/info@tf2_msgs/msg/TFMessage[ignition.msgs.Pose_V --ros-args -r __node:=all_robots_bridge --params-file /tmp/launch_params_y1qmgvun'].
[INFO] [parameter_bridge-20]: process has finished cleanly [pid 309856]
[INFO] [image_processor-24]: sending signal 'SIGINT' to process[image_processor-24]
[INFO] [bash-26]: process started with pid [310390]
[INFO] [image_processor-23]: sending signal 'SIGINT' to process[image_processor-23]
[INFO] [image_processor-22]: sending signal 'SIGINT' to process[image_processor-22]
[INFO] [image_processor-21]: sending signal 'SIGINT' to process[image_processor-21]
[INFO] [robot_supervisor-19]: sending signal 'SIGINT' to process[robot_supervisor-19]
[INFO] [robot_state_publisher-17]: sending signal 'SIGINT' to process[robot_state_publisher-17]
[INFO] [robot_supervisor-16]: sending signal 'SIGINT' to process[robot_supervisor-16]
[INFO] [robot_state_publisher-14]: sending signal 'SIGINT' to process[robot_state_publisher-14]
[INFO] [robot_supervisor-13]: sending signal 'SIGINT' to process[robot_supervisor-13]
[INFO] [robot_state_publisher-11]: sending signal 'SIGINT' to process[robot_state_publisher-11]
[INFO] [robot_supervisor-10]: sending signal 'SIGINT' to process[robot_supervisor-10]
[INFO] [robot_state_publisher-8]: sending signal 'SIGINT' to process[robot_state_publisher-8]
[INFO] [robot_supervisor-7]: sending signal 'SIGINT' to process[robot_supervisor-7]
[ERROR] [bash-26]: process has died [pid 310390, exit code -15, cmd 'bash -lc pkill -f parameter_bridge || true'].
[INFO] [robot_state_publisher-5]: sending signal 'SIGINT' to process[robot_state_publisher-5]
[INFO] [bump_counter-3]: sending signal 'SIGINT' to process[bump_counter-3]
[INFO] [coverage_counter-2]: sending signal 'SIGINT' to process[coverage_counter-2]
[parameter_bridge-4] [INFO] [1776778781.827959797] [rclcpp]: signal_handler(SIGINT/SIGTERM)
[parameter_bridge-20] [INFO] [1776778781.827969315] [rclcpp]: signal_handler(SIGINT/SIGTERM)
[INFO] [launch]: process[ign gazebo-1] was required: shutting down launched system
[image_processor-25] [INFO] [1776778782.509094740] [rclcpp]: signal_handler(SIGINT/SIGTERM)
[image_processor-24] [INFO] [1776778782.514014387] [rclcpp]: signal_handler(SIGINT/SIGTERM)
[image_processor-23] [INFO] [1776778782.516491331] [rclcpp]: signal_handler(SIGINT/SIGTERM)
[image_processor-22] [INFO] [1776778782.518668768] [rclcpp]: signal_handler(SIGINT/SIGTERM)
[image_processor-21] [INFO] [1776778782.520817245] [rclcpp]: signal_handler(SIGINT/SIGTERM)
[robot_supervisor-19] Traceback (most recent call last):
[robot_supervisor-19]   File "/home/ecem/ros2_ws/install/swarm_basics/lib/swarm_basics/robot_supervisor", line 33, in <module>
[robot_supervisor-19]     sys.exit(load_entry_point('swarm-basics==0.0.0', 'console_scripts', 'robot_supervisor')())
[robot_supervisor-19]   File "/home/ecem/ros2_ws/install/swarm_basics/lib/python3.10/site-packages/swarm_basics/robot_supervisor.py", line 867, in main
[robot_supervisor-19]     rclpy.spin(node)
[robot_supervisor-19]   File "/opt/ros/humble/local/lib/python3.10/dist-packages/rclpy/__init__.py", line 229, in spin
[robot_supervisor-19]     executor.spin_once()
[robot_supervisor-19]   File "/opt/ros/humble/local/lib/python3.10/dist-packages/rclpy/executors.py", line 773, in spin_once
[robot_supervisor-19]     self._spin_once_impl(timeout_sec)
[robot_supervisor-19]   File "/opt/ros/humble/local/lib/python3.10/dist-packages/rclpy/executors.py", line 762, in _spin_once_impl
[robot_supervisor-19]     handler, entity, node = self.wait_for_ready_callbacks(timeout_sec=timeout_sec)
[robot_supervisor-19]   File "/opt/ros/humble/local/lib/python3.10/dist-packages/rclpy/executors.py", line 745, in wait_for_ready_callbacks
[robot_supervisor-19]     return next(self._cb_iter)
[robot_supervisor-19]   File "/opt/ros/humble/local/lib/python3.10/dist-packages/rclpy/executors.py", line 642, in _wait_for_ready_callbacks
[robot_supervisor-19]     wait_set.wait(timeout_nsec)
[robot_supervisor-19] KeyboardInterrupt
[robot_state_publisher-17] [INFO] [1776778782.527418719] [rclcpp]: signal_handler(SIGINT/SIGTERM)
[robot_supervisor-16] Traceback (most recent call last):
[robot_supervisor-16]   File "/home/ecem/ros2_ws/install/swarm_basics/lib/swarm_basics/robot_supervisor", line 33, in <module>
[robot_supervisor-16]     sys.exit(load_entry_point('swarm-basics==0.0.0', 'console_scripts', 'robot_supervisor')())
[robot_supervisor-16]   File "/home/ecem/ros2_ws/install/swarm_basics/lib/python3.10/site-packages/swarm_basics/robot_supervisor.py", line 867, in main
[robot_supervisor-16]     rclpy.spin(node)
[robot_supervisor-16]   File "/opt/ros/humble/local/lib/python3.10/dist-packages/rclpy/__init__.py", line 229, in spin
[robot_supervisor-16]     executor.spin_once()
[robot_supervisor-16]   File "/opt/ros/humble/local/lib/python3.10/dist-packages/rclpy/executors.py", line 773, in spin_once
[robot_supervisor-16]     self._spin_once_impl(timeout_sec)
[robot_supervisor-16]   File "/opt/ros/humble/local/lib/python3.10/dist-packages/rclpy/executors.py", line 762, in _spin_once_impl
[robot_supervisor-16]     handler, entity, node = self.wait_for_ready_callbacks(timeout_sec=timeout_sec)
[robot_supervisor-16]   File "/opt/ros/humble/local/lib/python3.10/dist-packages/rclpy/executors.py", line 745, in wait_for_ready_callbacks
[robot_supervisor-16]     return next(self._cb_iter)
[robot_supervisor-16]   File "/opt/ros/humble/local/lib/python3.10/dist-packages/rclpy/executors.py", line 642, in _wait_for_ready_callbacks
[robot_supervisor-16]     wait_set.wait(timeout_nsec)
[robot_supervisor-16] KeyboardInterrupt
[robot_state_publisher-14] [INFO] [1776778782.531832061] [rclcpp]: signal_handler(SIGINT/SIGTERM)
[robot_supervisor-13] Traceback (most recent call last):
[robot_supervisor-13]   File "/home/ecem/ros2_ws/install/swarm_basics/lib/swarm_basics/robot_supervisor", line 33, in <module>
[robot_supervisor-13]     sys.exit(load_entry_point('swarm-basics==0.0.0', 'console_scripts', 'robot_supervisor')())
[robot_supervisor-13]   File "/home/ecem/ros2_ws/install/swarm_basics/lib/python3.10/site-packages/swarm_basics/robot_supervisor.py", line 867, in main
[robot_supervisor-13]     rclpy.spin(node)
[robot_supervisor-13]   File "/opt/ros/humble/local/lib/python3.10/dist-packages/rclpy/__init__.py", line 229, in spin
[robot_supervisor-13]     executor.spin_once()
[robot_supervisor-13]   File "/opt/ros/humble/local/lib/python3.10/dist-packages/rclpy/executors.py", line 773, in spin_once
[robot_supervisor-13]     self._spin_once_impl(timeout_sec)
[robot_supervisor-13]   File "/opt/ros/humble/local/lib/python3.10/dist-packages/rclpy/executors.py", line 762, in _spin_once_impl
[robot_supervisor-13]     handler, entity, node = self.wait_for_ready_callbacks(timeout_sec=timeout_sec)
[robot_supervisor-13]   File "/opt/ros/humble/local/lib/python3.10/dist-packages/rclpy/executors.py", line 745, in wait_for_ready_callbacks
[robot_supervisor-13]     return next(self._cb_iter)
[robot_supervisor-13]   File "/opt/ros/humble/local/lib/python3.10/dist-packages/rclpy/executors.py", line 588, in _wait_for_ready_callbacks
[robot_supervisor-13]     context_stack.enter_context(srv.handle)
[robot_supervisor-13]   File "/usr/lib/python3.10/contextlib.py", line 492, in enter_context
[robot_supervisor-13]     result = _cm_type.__enter__(cm)
[robot_supervisor-13] KeyboardInterrupt
[robot_state_publisher-11] [INFO] [1776778782.536648513] [rclcpp]: signal_handler(SIGINT/SIGTERM)
[robot_supervisor-10] Traceback (most recent call last):
[robot_supervisor-10]   File "/home/ecem/ros2_ws/install/swarm_basics/lib/swarm_basics/robot_supervisor", line 33, in <module>
[robot_supervisor-10]     sys.exit(load_entry_point('swarm-basics==0.0.0', 'console_scripts', 'robot_supervisor')())
[robot_supervisor-10]   File "/home/ecem/ros2_ws/install/swarm_basics/lib/python3.10/site-packages/swarm_basics/robot_supervisor.py", line 867, in main
[robot_supervisor-10]     rclpy.spin(node)
[robot_supervisor-10]   File "/opt/ros/humble/local/lib/python3.10/dist-packages/rclpy/__init__.py", line 229, in spin
[robot_supervisor-10]     executor.spin_once()
[robot_supervisor-10]   File "/opt/ros/humble/local/lib/python3.10/dist-packages/rclpy/executors.py", line 773, in spin_once
[robot_supervisor-10]     self._spin_once_impl(timeout_sec)
[robot_supervisor-10]   File "/opt/ros/humble/local/lib/python3.10/dist-packages/rclpy/executors.py", line 762, in _spin_once_impl
[robot_supervisor-10]     handler, entity, node = self.wait_for_ready_callbacks(timeout_sec=timeout_sec)
[robot_supervisor-10]   File "/opt/ros/humble/local/lib/python3.10/dist-packages/rclpy/executors.py", line 745, in wait_for_ready_callbacks
[robot_supervisor-10]     return next(self._cb_iter)
[robot_supervisor-10]   File "/opt/ros/humble/local/lib/python3.10/dist-packages/rclpy/executors.py", line 642, in _wait_for_ready_callbacks
[robot_supervisor-10]     wait_set.wait(timeout_nsec)
[robot_supervisor-10] KeyboardInterrupt
[robot_state_publisher-8] [INFO] [1776778782.541679027] [rclcpp]: signal_handler(SIGINT/SIGTERM)
[robot_supervisor-7] Traceback (most recent call last):
[robot_supervisor-7]   File "/home/ecem/ros2_ws/install/swarm_basics/lib/swarm_basics/robot_supervisor", line 33, in <module>
[robot_supervisor-7]     sys.exit(load_entry_point('swarm-basics==0.0.0', 'console_scripts', 'robot_supervisor')())
[robot_supervisor-7]   File "/home/ecem/ros2_ws/install/swarm_basics/lib/python3.10/site-packages/swarm_basics/robot_supervisor.py", line 867, in main
[robot_supervisor-7]     rclpy.spin(node)
[robot_supervisor-7]   File "/opt/ros/humble/local/lib/python3.10/dist-packages/rclpy/__init__.py", line 229, in spin
[robot_supervisor-7]     executor.spin_once()
[robot_supervisor-7]   File "/opt/ros/humble/local/lib/python3.10/dist-packages/rclpy/executors.py", line 773, in spin_once
[robot_supervisor-7]     self._spin_once_impl(timeout_sec)
[robot_supervisor-7]   File "/opt/ros/humble/local/lib/python3.10/dist-packages/rclpy/executors.py", line 762, in _spin_once_impl
[robot_supervisor-7]     handler, entity, node = self.wait_for_ready_callbacks(timeout_sec=timeout_sec)
[robot_supervisor-7]   File "/opt/ros/humble/local/lib/python3.10/dist-packages/rclpy/executors.py", line 745, in wait_for_ready_callbacks
[robot_supervisor-7]     return next(self._cb_iter)
[robot_supervisor-7]   File "/opt/ros/humble/local/lib/python3.10/dist-packages/rclpy/executors.py", line 642, in _wait_for_ready_callbacks
[robot_supervisor-7]     wait_set.wait(timeout_nsec)
[robot_supervisor-7] KeyboardInterrupt
[robot_state_publisher-5] [INFO] [1776778782.546648828] [rclcpp]: signal_handler(SIGINT/SIGTERM)
[ERROR] [launch]: Caught exception in launch (see debug for traceback): ExecuteLocal action 'bash-27': executed more than once: <launch.actions.execute_process.ExecuteProcess object at 0x786d3b6b4880>
[INFO] [image_processor-25]: process has finished cleanly [pid 310211]
[INFO] [image_processor-24]: process has finished cleanly [pid 310209]
[INFO] [image_processor-23]: process has finished cleanly [pid 310207]
[INFO] [image_processor-22]: process has finished cleanly [pid 310205]
[INFO] [image_processor-21]: process has finished cleanly [pid 310203]
[INFO] [robot_state_publisher-17]: process has finished cleanly [pid 309841]
[INFO] [robot_state_publisher-14]: process has finished cleanly [pid 309835]
[INFO] [robot_state_publisher-11]: process has finished cleanly [pid 309829]
[INFO] [robot_state_publisher-8]: process has finished cleanly [pid 309821]
[INFO] [robot_state_publisher-5]: process has finished cleanly [pid 309815]
[coverage_counter-2] Traceback (most recent call last):
[coverage_counter-2]   File "/home/ecem/ros2_ws/install/swarm_basics/lib/python3.10/site-packages/swarm_basics/coverage_counter.py", line 418, in main
[coverage_counter-2]     rclpy.spin(node)
[coverage_counter-2]   File "/opt/ros/humble/local/lib/python3.10/dist-packages/rclpy/__init__.py", line 229, in spin
[coverage_counter-2]     executor.spin_once()
[coverage_counter-2]   File "/opt/ros/humble/local/lib/python3.10/dist-packages/rclpy/executors.py", line 773, in spin_once
[coverage_counter-2]     self._spin_once_impl(timeout_sec)
[coverage_counter-2]   File "/opt/ros/humble/local/lib/python3.10/dist-packages/rclpy/executors.py", line 768, in _spin_once_impl
[coverage_counter-2]     handler()
[coverage_counter-2]   File "/opt/ros/humble/local/lib/python3.10/dist-packages/rclpy/task.py", line 254, in __call__
[coverage_counter-2]     self._handler.send(None)
[coverage_counter-2]   File "/opt/ros/humble/local/lib/python3.10/dist-packages/rclpy/executors.py", line 463, in handler
[coverage_counter-2]     await call_coroutine(entity, arg)
[coverage_counter-2]   File "/opt/ros/humble/local/lib/python3.10/dist-packages/rclpy/executors.py", line 371, in _execute_timer
[coverage_counter-2]     await await_or_execute(tmr.callback)
[coverage_counter-2]   File "/opt/ros/humble/local/lib/python3.10/dist-packages/rclpy/executors.py", line 107, in await_or_execute
[coverage_counter-2]     return callback(*args)
[coverage_counter-2]   File "/home/ecem/ros2_ws/install/swarm_basics/lib/python3.10/site-packages/swarm_basics/coverage_counter.py", line 152, in _on_timeout_timer
[coverage_counter-2]     self.shutdown_and_save()
[coverage_counter-2]   File "/home/ecem/ros2_ws/install/swarm_basics/lib/python3.10/site-packages/swarm_basics/coverage_counter.py", line 174, in shutdown_and_save
[coverage_counter-2]     rclpy.shutdown()
[coverage_counter-2]   File "/opt/ros/humble/local/lib/python3.10/dist-packages/rclpy/__init__.py", line 130, in shutdown
[coverage_counter-2]     _shutdown(context=context)
[coverage_counter-2]   File "/opt/ros/humble/local/lib/python3.10/dist-packages/rclpy/utilities.py", line 58, in shutdown
[coverage_counter-2]     return context.shutdown()
[coverage_counter-2]   File "/opt/ros/humble/local/lib/python3.10/dist-packages/rclpy/context.py", line 103, in shutdown
[coverage_counter-2]     self._call_on_shutdown_callbacks()
[coverage_counter-2]   File "/opt/ros/humble/local/lib/python3.10/dist-packages/rclpy/context.py", line 92, in _call_on_shutdown_callbacks
[coverage_counter-2]     callback = weak_method()
[coverage_counter-2]   File "/opt/ros/humble/local/lib/python3.10/dist-packages/rclpy/__init__.py", line 111, in reset_executor
[coverage_counter-2]     __executor.shutdown()
[coverage_counter-2]   File "/opt/ros/humble/local/lib/python3.10/dist-packages/rclpy/executors.py", line 227, in shutdown
[coverage_counter-2]     if not self._work_tracker.wait(timeout_sec):
[coverage_counter-2]   File "/opt/ros/humble/local/lib/python3.10/dist-packages/rclpy/executors.py", line 94, in wait
[coverage_counter-2]     if not self._work_condition.wait_for(
[coverage_counter-2]   File "/usr/lib/python3.10/threading.py", line 355, in wait_for
[coverage_counter-2]     self.wait(waittime)
[coverage_counter-2]   File "/usr/lib/python3.10/threading.py", line 320, in wait
[coverage_counter-2]     waiter.acquire()
[coverage_counter-2] KeyboardInterrupt
[coverage_counter-2] 
[coverage_counter-2] During handling of the above exception, another exception occurred:
[coverage_counter-2] 
[coverage_counter-2] Traceback (most recent call last):
[coverage_counter-2]   File "/home/ecem/ros2_ws/install/swarm_basics/lib/swarm_basics/coverage_counter", line 33, in <module>
[coverage_counter-2]     sys.exit(load_entry_point('swarm-basics==0.0.0', 'console_scripts', 'coverage_counter')())
[coverage_counter-2]   File "/home/ecem/ros2_ws/install/swarm_basics/lib/python3.10/site-packages/swarm_basics/coverage_counter.py", line 421, in main
[coverage_counter-2]     node.shutdown_and_save()
[coverage_counter-2]   File "/home/ecem/ros2_ws/install/swarm_basics/lib/python3.10/site-packages/swarm_basics/coverage_counter.py", line 174, in shutdown_and_save
[coverage_counter-2]     rclpy.shutdown()
[coverage_counter-2]   File "/opt/ros/humble/local/lib/python3.10/dist-packages/rclpy/__init__.py", line 130, in shutdown
[coverage_counter-2]     _shutdown(context=context)
[coverage_counter-2]   File "/opt/ros/humble/local/lib/python3.10/dist-packages/rclpy/utilities.py", line 58, in shutdown
[coverage_counter-2]     return context.shutdown()
[coverage_counter-2]   File "/opt/ros/humble/local/lib/python3.10/dist-packages/rclpy/context.py", line 100, in shutdown
[coverage_counter-2]     raise RuntimeError('Context must be initialized before it can be shutdown')
[coverage_counter-2] RuntimeError: Context must be initialized before it can be shutdown
[bump_counter-3] Traceback (most recent call last):
[bump_counter-3]   File "/home/ecem/ros2_ws/install/swarm_basics/lib/swarm_basics/bump_counter", line 33, in <module>
[bump_counter-3]     sys.exit(load_entry_point('swarm-basics==0.0.0', 'console_scripts', 'bump_counter')())
[bump_counter-3]   File "/home/ecem/ros2_ws/install/swarm_basics/lib/python3.10/site-packages/swarm_basics/bump_counter.py", line 384, in main
[bump_counter-3]     rclpy.shutdown()
[bump_counter-3]   File "/opt/ros/humble/local/lib/python3.10/dist-packages/rclpy/__init__.py", line 130, in shutdown
[bump_counter-3]     _shutdown(context=context)
[bump_counter-3]   File "/opt/ros/humble/local/lib/python3.10/dist-packages/rclpy/utilities.py", line 58, in shutdown
[bump_counter-3]     return context.shutdown()
[bump_counter-3]   File "/opt/ros/humble/local/lib/python3.10/dist-packages/rclpy/context.py", line 102, in shutdown
[bump_counter-3]     self.__context.shutdown()
[bump_counter-3] rclpy._rclpy_pybind11.RCLError: failed to shutdown: rcl_shutdown already called on the given context, at ./src/rcl/init.c:241
[ERROR] [coverage_counter-2]: process has died [pid 309808, exit code 1, cmd '/home/ecem/ros2_ws/install/swarm_basics/lib/swarm_basics/coverage_counter --ros-args -r __node:=coverage_counter --params-file /tmp/launch_params_lfp1_v73 --params-file /tmp/launch_params_q_3d8wva --params-file /tmp/launch_params_9u9nbr1b --params-file /tmp/launch_params_0ew_otmd --params-file /tmp/launch_params_q4j0jrg7 --params-file /tmp/launch_params_5b1u_mes'].
[ERROR] [bump_counter-3]: process has died [pid 309811, exit code 1, cmd '/home/ecem/ros2_ws/install/swarm_basics/lib/swarm_basics/bump_counter --ros-args -r __node:=bump_counter --params-file /tmp/launch_params__fpgv_dy --params-file /tmp/launch_params_6we81m5l --params-file /tmp/launch_params_19z4mkdr'].
[ERROR] [robot_supervisor-16]: process has died [pid 309839, exit code -2, cmd '/home/ecem/ros2_ws/install/swarm_basics/lib/swarm_basics/robot_supervisor --ros-args -r __node:=robot_supervisor -r __ns:=/robot_3 --params-file /tmp/launch_params_7s0wdxdt --params-file /tmp/launch_params_kw2h1cai --params-file /tmp/launch_params_78rh976e --params-file /tmp/launch_params__3hk6fz6'].
[ERROR] [robot_supervisor-19]: process has died [pid 309854, exit code -2, cmd '/home/ecem/ros2_ws/install/swarm_basics/lib/swarm_basics/robot_supervisor --ros-args -r __node:=robot_supervisor -r __ns:=/robot_4 --params-file /tmp/launch_params__k35sybw --params-file /tmp/launch_params_gyspzva6 --params-file /tmp/launch_params_dipo657l --params-file /tmp/launch_params_yjx9omx1'].
[ERROR] [robot_supervisor-13]: process has died [pid 309833, exit code -2, cmd '/home/ecem/ros2_ws/install/swarm_basics/lib/swarm_basics/robot_supervisor --ros-args -r __node:=robot_supervisor -r __ns:=/robot_2 --params-file /tmp/launch_params_i7acw_pe --params-file /tmp/launch_params_8kshzaxs --params-file /tmp/launch_params_3c79yiu5 --params-file /tmp/launch_params_wtbzjf1e'].
[ERROR] [robot_supervisor-7]: process has died [pid 309819, exit code -2, cmd '/home/ecem/ros2_ws/install/swarm_basics/lib/swarm_basics/robot_supervisor --ros-args -r __node:=robot_supervisor -r __ns:=/robot_0 --params-file /tmp/launch_params_qa8y1p09 --params-file /tmp/launch_params_0uk7oxdr --params-file /tmp/launch_params_fbujovxc --params-file /tmp/launch_params_vctlffc6'].
[ERROR] [robot_supervisor-10]: process has died [pid 309826, exit code -2, cmd '/home/ecem/ros2_ws/install/swarm_basics/lib/swarm_basics/robot_supervisor --ros-args -r __node:=robot_supervisor -r __ns:=/robot_1 --params-file /tmp/launch_params_pc7ge14e --params-file /tmp/launch_params__2zhp6rr --params-file /tmp/launch_params_ar8mt79e --params-file /tmp/launch_params_cgk82j6z'].
