[INFO] [1777619093.207191111] [robot_3.image_processor]: image_processor: depth='/robot_3/depth_camera/depth_image' aruco_runtime=disabled
[INFO] [1777619096.816764208] [robot_3.image_processor]: Zone=CLEAR  left[p=0.951 near=0 v=7650]  front[p=2.096 near=0 v=13500]  right[p=1.807 near=0 v=7740]
[INFO] [1777619099.496154422] [robot_3.image_processor]: Zone=CLEAR
[INFO] [1777619102.191720239] [robot_3.image_processor]: Zone=CLEAR
[INFO] [1777619104.907428291] [robot_3.image_processor]: Zone=CLEAR
[INFO] [1777619107.581744205] [robot_3.image_processor]: Zone=CLEAR
[INFO] [1777619110.236704662] [robot_3.image_processor]: Zone=CLEAR
[INFO] [1777619113.014451795] [robot_3.image_processor]: Zone=CORNER  left[p=0.269 near=7650 v=7650]  front[p=0.269 near=13500 v=13500]  right[p=0.269 near=7740 v=7740]
[INFO] [1777619115.556095776] [robot_3.image_processor]: Zone=CORNER
[INFO] [1777619118.222651777] [robot_3.image_processor]: Zone=LEFT  left[p=0.599 near=4769 v=7115]  front[p=2.780 near=0 v=8321]  right[p=2.781 near=0 v=4910]
[INFO] [1777619120.929874287] [robot_3.image_processor]: Zone=CORNER  left[p=0.605 near=7642 v=7642]  front[p=0.678 near=5388 v=11035]  right[p=2.781 near=0 v=5037]
[INFO] [1777619123.752035147] [robot_3.image_processor]: Zone=CORNER
[INFO] [1777619126.304186763] [robot_3.image_processor]: Zone=CORNER
[INFO] [1777619128.976730017] [robot_3.image_processor]: Zone=RIGHT  left[p=1.117 near=0 v=7650]  front[p=1.186 near=0 v=12720]  right[p=0.429 near=6726 v=7740]
[INFO] [1777619131.711643089] [robot_3.image_processor]: Zone=RIGHT
[INFO] [1777619134.471547359] [robot_3.image_processor]: Zone=CORNER  left[p=0.325 near=7650 v=7650]  front[p=0.649 near=7606 v=13152]  right[p=0.592 near=7734 v=7734]
[INFO] [1777619137.169049327] [robot_3.image_processor]: Zone=CORNER
[INFO] [1777619139.831156270] [robot_3.image_processor]: Zone=CLEAR  left[p=1.083 near=0 v=7650]  front[p=1.391 near=0 v=12997]  right[p=1.045 near=0 v=7612]
[INFO] [1777619142.539235105] [robot_3.image_processor]: Zone=CLEAR
[INFO] [1777619145.279545184] [robot_3.image_processor]: Zone=CORNER  left[p=0.267 near=7650 v=7650]  front[p=0.441 near=12582 v=13500]  right[p=0.346 near=7740 v=7740]
[INFO] [1777619148.135705272] [robot_3.image_processor]: Zone=CORNER
[INFO] [1777619150.770835930] [robot_3.image_processor]: Zone=CLEAR  left[p=2.821 near=0 v=4818]  front[p=1.569 near=0 v=12743]  right[p=2.183 near=0 v=7402]
[INFO] [1777619153.528880001] [robot_3.image_processor]: Zone=CLEAR
[INFO] [1777619156.264074020] [robot_3.image_processor]: Zone=CLEAR
[INFO] [1777619159.012425132] [robot_3.image_processor]: Zone=CLEAR
[INFO] [1777619161.715261197] [robot_3.image_processor]: Zone=CLEAR
[INFO] [1777619164.436138660] [robot_3.image_processor]: Zone=CLEAR
[INFO] [1777619167.157933312] [robot_3.image_processor]: Zone=CLEAR
[INFO] [1777619169.869395815] [robot_3.image_processor]: Zone=CLEAR
[INFO] [1777619172.470051486] [robot_3.image_processor]: Zone=CLEAR
[INFO] [1777619175.167026123] [robot_3.image_processor]: Zone=CLEAR
[INFO] [1777619177.849713664] [robot_3.image_processor]: Zone=CLEAR
[INFO] [1777619180.487829182] [robot_3.image_processor]: Zone=CLEAR
[INFO] [1777619183.135417950] [robot_3.image_processor]: Zone=CLEAR
[INFO] [1777619185.788260875] [robot_3.image_processor]: Zone=CLEAR
[INFO] [1777619188.522899783] [robot_3.image_processor]: Zone=CLEAR
[INFO] [1777619191.524032824] [robot_3.image_processor]: Zone=CLEAR
[INFO] [1777619194.522627292] [robot_3.image_processor]: Zone=CLEAR
[INFO] [1777619197.483699216] [robot_3.image_processor]: Zone=CLEAR
[INFO] [1777619200.407907755] [robot_3.image_processor]: Zone=CLEAR
[INFO] [1777619203.450587374] [robot_3.image_processor]: Zone=CORNER  left[p=0.296 near=7650 v=7650]  front[p=0.286 near=13500 v=13500]  right[p=0.278 near=7740 v=7740]
[INFO] [1777619206.229576394] [robot_3.image_processor]: Zone=RIGHT  left[p=2.227 near=0 v=7650]  front[p=1.054 near=0 v=13500]  right[p=0.390 near=7524 v=7740]
[INFO] [1777619209.008689603] [robot_3.image_processor]: Zone=RIGHT
[INFO] [1777619211.824489613] [robot_3.image_processor]: Zone=CORNER  left[p=0.282 near=7650 v=7650]  front[p=0.523 near=4554 v=12696]  right[p=1.162 near=0 v=7402]
[INFO] [1777619214.641483005] [robot_3.image_processor]: Zone=CORNER
[INFO] [1777619217.402891670] [robot_3.image_processor]: Zone=CLEAR  left[p=2.836 near=0 v=4875]  front[p=2.371 near=0 v=10388]  right[p=1.469 near=0 v=7740]
[INFO] [1777619220.223001693] [robot_3.image_processor]: Zone=CLEAR
[INFO] [1777619223.014021434] [robot_3.image_processor]: Zone=CLEAR
[INFO] [1777619225.860980670] [robot_3.image_processor]: Zone=CLEAR
[INFO] [1777619228.734135736] [robot_3.image_processor]: Zone=CLEAR
[INFO] [1777619231.542933656] [robot_3.image_processor]: Zone=CLEAR
[INFO] [1777619234.328172232] [robot_3.image_processor]: Zone=CLEAR
[INFO] [1777619237.076633890] [robot_3.image_processor]: Zone=CLEAR
[INFO] [1777619239.907121808] [robot_3.image_processor]: Zone=CLEAR
[INFO] [1777619242.618294845] [robot_3.image_processor]: Zone=CLEAR
[INFO] [1777619245.348717001] [robot_3.image_processor]: Zone=CLEAR
[INFO] [1777619248.142909419] [robot_3.image_processor]: Zone=CLEAR
[INFO] [1777619250.948956342] [robot_3.image_processor]: Zone=CLEAR
[INFO] [1777619253.673911128] [robot_3.image_processor]: Zone=CLEAR
[INFO] [1777619256.449112207] [robot_3.image_processor]: Zone=CLEAR
[INFO] [1777619259.207198723] [robot_3.image_processor]: Zone=LEFT  left[p=0.503 near=3121 v=7650]  front[p=2.231 near=0 v=13500]  right[p=1.169 near=0 v=7740]
[INFO] [1777619261.956233970] [robot_3.image_processor]: Zone=LEFT
[INFO] [1777619264.708750919] [robot_3.image_processor]: Zone=CLEAR  left[p=2.741 near=0 v=5895]  front[p=2.836 near=0 v=8850]  right[p=3.057 near=0 v=5609]
[INFO] [1777619267.539975595] [robot_3.image_processor]: Zone=CORNER  left[p=3.315 near=39 v=6695]  front[p=0.513 near=12669 v=13445]  right[p=0.406 near=7740 v=7740]
[INFO] [1777619270.373209695] [robot_3.image_processor]: Zone=CLEAR  left[p=2.753 near=0 v=5826]  front[p=2.836 near=0 v=8852]  right[p=3.057 near=0 v=5695]
[INFO] [1777619273.116408836] [robot_3.image_processor]: Zone=CLEAR
[INFO] [1777619275.824763160] [robot_3.image_processor]: Zone=CLEAR
[INFO] [1777619278.596416778] [robot_3.image_processor]: Zone=CLEAR
[INFO] [1777619281.359868190] [robot_3.image_processor]: Zone=CLEAR
[INFO] [1777619284.103675078] [robot_3.image_processor]: Zone=CLEAR
[INFO] [1777619286.873231854] [robot_3.image_processor]: Zone=CLEAR
[INFO] [1777619289.602482795] [robot_3.image_processor]: Zone=CLEAR
[INFO] [1777619291.963247857] [rclcpp]: signal_handler(SIGINT/SIGTERM)
