[INFO] [1777619093.198037569] [robot_0.image_processor]: image_processor: depth='/robot_0/depth_camera/depth_image' aruco_runtime=disabled
[INFO] [1777619096.839410140] [robot_0.image_processor]: Zone=CLEAR  left[p=0.996 near=0 v=7650]  front[p=0.996 near=0 v=13500]  right[p=0.996 near=0 v=7740]
[INFO] [1777619099.519261682] [robot_0.image_processor]: Zone=CORNER  left[p=0.511 near=7650 v=7650]  front[p=0.511 near=13500 v=13500]  right[p=0.511 near=7740 v=7740]
[INFO] [1777619102.220932797] [robot_0.image_processor]: Zone=CORNER
[INFO] [1777619104.933027808] [robot_0.image_processor]: Zone=CLEAR  left[p=1.416 near=0 v=7650]  front[p=1.153 near=0 v=13290]  right[p=1.670 near=0 v=5362]
[INFO] [1777619107.602773715] [robot_0.image_processor]: Zone=CLEAR
[INFO] [1777619110.256213185] [robot_0.image_processor]: Zone=CLEAR
[INFO] [1777619113.032631756] [robot_0.image_processor]: Zone=CORNER  left[p=0.410 near=7650 v=7650]  front[p=0.433 near=13500 v=13500]  right[p=0.467 near=7740 v=7740]
[INFO] [1777619115.573082543] [robot_0.image_processor]: Zone=CORNER
[INFO] [1777619118.252651692] [robot_0.image_processor]: Zone=CLEAR  left[p=2.295 near=0 v=3324]  front[p=1.889 near=0 v=7530]  right[p=1.030 near=0 v=7740]
[INFO] [1777619120.950750815] [robot_0.image_processor]: Zone=CLEAR
[INFO] [1777619123.670427114] [robot_0.image_processor]: Zone=CORNER  left[p=0.816 near=541 v=7650]  front[p=0.305 near=11507 v=13500]  right[p=0.238 near=7740 v=7740]
[INFO] [1777619126.326010175] [robot_0.image_processor]: Zone=CORNER
[INFO] [1777619128.998604345] [robot_0.image_processor]: Zone=CLEAR  left[p=1.713 near=0 v=7650]  front[p=1.257 near=0 v=13500]  right[p=1.051 near=0 v=7740]
[INFO] [1777619131.737385681] [robot_0.image_processor]: Zone=CLEAR
[INFO] [1777619134.495688869] [robot_0.image_processor]: Zone=CLEAR
[INFO] [1777619137.192389055] [robot_0.image_processor]: Zone=CLEAR
[INFO] [1777619139.854129961] [robot_0.image_processor]: Zone=CORNER  left[p=0.199 near=7650 v=7650]  front[p=0.192 near=13500 v=13500]  right[p=0.205 near=7740 v=7740]
[INFO] [1777619142.567406886] [robot_0.image_processor]: Zone=CLEAR  left[p=1.085 near=0 v=7150]  front[p=2.157 near=0 v=6701]  right[p=2.775 near=0 v=5093]
[INFO] [1777619145.304284960] [robot_0.image_processor]: Zone=CLEAR
[INFO] [1777619148.156692995] [robot_0.image_processor]: Zone=LEFT  left[p=0.580 near=1090 v=6257]  front[p=2.793 near=12 v=8170]  right[p=2.793 near=0 v=5141]
[INFO] [1777619150.795435473] [robot_0.image_processor]: Zone=CORNER  left[p=2.493 near=0 v=6671]  front[p=0.707 near=2442 v=12507]  right[p=0.472 near=7740 v=7740]
[INFO] [1777619153.553158004] [robot_0.image_processor]: Zone=CLEAR  left[p=0.862 near=0 v=6198]  front[p=2.607 near=0 v=8151]  right[p=3.007 near=0 v=5204]
[INFO] [1777619156.285416592] [robot_0.image_processor]: Zone=CLEAR
[INFO] [1777619159.035821975] [robot_0.image_processor]: Zone=CLEAR
[INFO] [1777619161.737740998] [robot_0.image_processor]: Zone=CLEAR
[INFO] [1777619164.458149060] [robot_0.image_processor]: Zone=LEFT  left[p=0.571 near=1172 v=7093]  front[p=2.173 near=44 v=9838]  right[p=3.007 near=0 v=5506]
[INFO] [1777619167.191718530] [robot_0.image_processor]: Zone=LEFT
[INFO] [1777619169.889998400] [robot_0.image_processor]: Zone=CLEAR  left[p=2.067 near=0 v=7650]  front[p=2.265 near=0 v=13136]  right[p=1.313 near=0 v=7740]
[INFO] [1777619172.487870461] [robot_0.image_processor]: Zone=CLEAR
[INFO] [1777619175.187546919] [robot_0.image_processor]: Zone=CLEAR
[INFO] [1777619177.867993132] [robot_0.image_processor]: Zone=CLEAR
[INFO] [1777619180.504496889] [robot_0.image_processor]: Zone=CLEAR
[INFO] [1777619183.153923264] [robot_0.image_processor]: Zone=CLEAR
[INFO] [1777619185.805334470] [robot_0.image_processor]: Zone=CLEAR
[INFO] [1777619188.548561246] [robot_0.image_processor]: Zone=CORNER  left[p=0.262 near=7650 v=7650]  front[p=0.320 near=13500 v=13500]  right[p=0.479 near=7740 v=7740]
[INFO] [1777619191.550004303] [robot_0.image_processor]: Zone=CORNER
[INFO] [1777619194.572007032] [robot_0.image_processor]: Zone=CLEAR  left[p=3.257 near=0 v=6398]  front[p=1.628 near=0 v=8050]  right[p=2.793 near=0 v=5082]
[INFO] [1777619197.526031507] [robot_0.image_processor]: Zone=CLEAR
[INFO] [1777619200.446618638] [robot_0.image_processor]: Zone=CLEAR
[INFO] [1777619203.485184026] [robot_0.image_processor]: Zone=RIGHT  left[p=1.192 near=0 v=7650]  front[p=3.257 near=0 v=11203]  right[p=0.600 near=3570 v=6553]
[INFO] [1777619206.256599213] [robot_0.image_processor]: Zone=RIGHT
[INFO] [1777619209.040238051] [robot_0.image_processor]: Zone=CLEAR  left[p=2.350 near=0 v=6656]  front[p=1.526 near=0 v=13060]  right[p=0.989 near=0 v=7740]
[INFO] [1777619211.855968311] [robot_0.image_processor]: Zone=CORNER  left[p=0.418 near=7650 v=7650]  front[p=0.509 near=7399 v=11547]  right[p=3.257 near=0 v=6526]
[INFO] [1777619214.670534218] [robot_0.image_processor]: Zone=RIGHT  left[p=1.302 near=0 v=7650]  front[p=2.972 near=0 v=12296]  right[p=0.634 near=1164 v=5824]
[INFO] [1777619217.430360996] [robot_0.image_processor]: Zone=RIGHT
[INFO] [1777619220.246492561] [robot_0.image_processor]: Zone=CLEAR  left[p=2.566 near=0 v=6648]  front[p=1.898 near=0 v=12467]  right[p=1.148 near=0 v=7740]
[INFO] [1777619223.046030691] [robot_0.image_processor]: Zone=CORNER  left[p=0.432 near=7625 v=7625]  front[p=0.436 near=13350 v=13397]  right[p=3.007 near=78 v=5883]
[INFO] [1777619225.889873842] [robot_0.image_processor]: Zone=CLEAR  left[p=1.462 near=0 v=7650]  front[p=1.920 near=0 v=13033]  right[p=2.793 near=0 v=6175]
[INFO] [1777619228.765839361] [robot_0.image_processor]: Zone=CLEAR
[INFO] [1777619231.568296694] [robot_0.image_processor]: Zone=CLEAR
[INFO] [1777619234.354390646] [robot_0.image_processor]: Zone=LEFT  left[p=0.593 near=4470 v=7650]  front[p=1.402 near=0 v=13500]  right[p=2.896 near=0 v=7740]
[INFO] [1777619237.220906492] [robot_0.image_processor]: Zone=LEFT
[INFO] [1777619239.932787621] [robot_0.image_processor]: Zone=CLEAR  left[p=0.824 near=130 v=6602]  front[p=2.445 near=0 v=11671]  right[p=1.552 near=0 v=7740]
[INFO] [1777619242.644229851] [robot_0.image_processor]: Zone=CORNER  left[p=1.381 near=0 v=7650]  front[p=0.387 near=6890 v=13500]  right[p=0.402 near=7740 v=7740]
[INFO] [1777619245.375032109] [robot_0.image_processor]: Zone=CLEAR  left[p=1.023 near=0 v=5881]  front[p=2.178 near=0 v=12114]  right[p=1.403 near=0 v=7740]
[INFO] [1777619248.169259118] [robot_0.image_processor]: Zone=CLEAR
[INFO] [1777619250.971909211] [robot_0.image_processor]: Zone=CLEAR
[INFO] [1777619253.696602282] [robot_0.image_processor]: Zone=CLEAR
[INFO] [1777619256.470232243] [robot_0.image_processor]: Zone=CLEAR
[INFO] [1777619259.227820500] [robot_0.image_processor]: Zone=CLEAR
[INFO] [1777619261.976394733] [robot_0.image_processor]: Zone=CLEAR
[INFO] [1777619264.731861233] [robot_0.image_processor]: Zone=RIGHT  left[p=1.268 near=0 v=7650]  front[p=0.827 near=980 v=13481]  right[p=0.474 near=7740 v=7740]
[INFO] [1777619267.579609613] [robot_0.image_processor]: Zone=RIGHT
[INFO] [1777619270.397701392] [robot_0.image_processor]: Zone=CLEAR  left[p=0.918 near=0 v=7650]  front[p=3.007 near=0 v=12027]  right[p=1.421 near=0 v=5428]
[INFO] [1777619273.140567681] [robot_0.image_processor]: Zone=CORNER  left[p=0.350 near=7650 v=7650]  front[p=0.382 near=13500 v=13500]  right[p=0.438 near=7740 v=7740]
[INFO] [1777619275.846281724] [robot_0.image_processor]: Zone=CORNER
[INFO] [1777619278.628341528] [robot_0.image_processor]: Zone=CLEAR  left[p=1.820 near=0 v=5951]  front[p=1.875 near=0 v=7567]  right[p=3.007 near=0 v=5291]
[INFO] [1777619281.386658165] [robot_0.image_processor]: Zone=CLEAR
[INFO] [1777619284.130992849] [robot_0.image_processor]: Zone=CLEAR
[INFO] [1777619286.903582941] [robot_0.image_processor]: Zone=CLEAR
[INFO] [1777619289.627659267] [robot_0.image_processor]: Zone=CLEAR
[INFO] [1777619291.974196036] [rclcpp]: signal_handler(SIGINT/SIGTERM)
