[INFO] [1777619093.197734051] [robot_1.image_processor]: image_processor: depth='/robot_1/depth_camera/depth_image' aruco_runtime=disabled
[INFO] [1777619096.807817248] [robot_1.image_processor]: Zone=CLEAR  left[p=1.667 near=0 v=7650]  front[p=2.787 near=0 v=12354]  right[p=2.397 near=0 v=7633]
[INFO] [1777619099.486726756] [robot_1.image_processor]: Zone=CLEAR
[INFO] [1777619102.285871641] [robot_1.image_processor]: Zone=CLEAR
[INFO] [1777619104.897577534] [robot_1.image_processor]: Zone=CLEAR
[INFO] [1777619107.573192418] [robot_1.image_processor]: Zone=CLEAR
[INFO] [1777619110.228542078] [robot_1.image_processor]: Zone=CORNER  left[p=1.667 near=0 v=7650]  front[p=0.298 near=10778 v=13500]  right[p=0.282 near=7740 v=7740]
[INFO] [1777619112.905153936] [robot_1.image_processor]: Zone=CLEAR  left[p=1.362 near=0 v=7650]  front[p=1.358 near=0 v=13500]  right[p=1.353 near=0 v=7740]
[INFO] [1777619115.544371568] [robot_1.image_processor]: Zone=CLEAR
[INFO] [1777619118.211670187] [robot_1.image_processor]: Zone=CORNER  left[p=0.422 near=7650 v=7650]  front[p=0.413 near=13500 v=13500]  right[p=0.404 near=7740 v=7740]
[INFO] [1777619120.915147892] [robot_1.image_processor]: Zone=RIGHT  left[p=2.994 near=0 v=4745]  front[p=1.691 near=0 v=10458]  right[p=0.606 near=3794 v=7740]
[INFO] [1777619123.638736897] [robot_1.image_processor]: Zone=RIGHT
[INFO] [1777619126.294905460] [robot_1.image_processor]: Zone=CORNER  left[p=0.389 near=7650 v=7650]  front[p=0.692 near=2777 v=13500]  right[p=1.843 near=0 v=7740]
[INFO] [1777619128.961826916] [robot_1.image_processor]: Zone=CORNER
[INFO] [1777619131.696829740] [robot_1.image_processor]: Zone=CLEAR  left[p=2.418 near=0 v=5602]  front[p=2.782 near=0 v=6386]  right[p=3.338 near=0 v=6140]
[INFO] [1777619134.461303457] [robot_1.image_processor]: Zone=CLEAR
[INFO] [1777619137.161347183] [robot_1.image_processor]: Zone=CORNER  left[p=0.237 near=7650 v=7650]  front[p=0.391 near=2690 v=13079]  right[p=2.994 near=0 v=4910]
[INFO] [1777619139.819907523] [robot_1.image_processor]: Zone=RIGHT  left[p=1.114 near=0 v=7650]  front[p=1.989 near=0 v=13500]  right[p=0.257 near=6965 v=7740]
[INFO] [1777619142.524313212] [robot_1.image_processor]: Zone=RIGHT
[INFO] [1777619145.267310758] [robot_1.image_processor]: Zone=CLEAR  left[p=1.402 near=7 v=7650]  front[p=1.682 near=0 v=9951]  right[p=2.994 near=0 v=4814]
[INFO] [1777619148.025102554] [robot_1.image_processor]: Zone=CLEAR
[INFO] [1777619150.759522975] [robot_1.image_processor]: Zone=CLEAR
[INFO] [1777619153.513312850] [robot_1.image_processor]: Zone=CORNER  left[p=0.201 near=7645 v=7650]  front[p=0.243 near=13500 v=13500]  right[p=0.760 near=939 v=6377]
[INFO] [1777619156.248555152] [robot_1.image_processor]: Zone=LEFT  left[p=0.650 near=950 v=7650]  front[p=1.931 near=0 v=13500]  right[p=1.801 near=0 v=7740]
[INFO] [1777619158.995982417] [robot_1.image_processor]: Zone=CORNER  left[p=0.189 near=7650 v=7650]  front[p=0.296 near=10567 v=13275]  right[p=3.028 near=0 v=5209]
[INFO] [1777619161.700381239] [robot_1.image_processor]: Zone=CLEAR  left[p=1.974 near=0 v=7650]  front[p=1.932 near=0 v=13500]  right[p=0.865 near=477 v=7740]
[INFO] [1777619164.519868085] [robot_1.image_processor]: Zone=CLEAR
[INFO] [1777619167.142917561] [robot_1.image_processor]: Zone=CLEAR
[INFO] [1777619169.856766438] [robot_1.image_processor]: Zone=CORNER  left[p=0.536 near=7650 v=7650]  front[p=0.515 near=13500 v=13500]  right[p=0.499 near=7740 v=7740]
[INFO] [1777619172.459822515] [robot_1.image_processor]: Zone=RIGHT  left[p=0.755 near=1642 v=7650]  front[p=2.046 near=0 v=13500]  right[p=0.727 near=1934 v=7740]
[INFO] [1777619175.156645036] [robot_1.image_processor]: Zone=LEFT  left[p=0.681 near=4835 v=7650]  front[p=0.958 near=0 v=10216]  right[p=0.765 near=1267 v=6655]
[INFO] [1777619177.832689670] [robot_1.image_processor]: Zone=LEFT
[INFO] [1777619180.476074375] [robot_1.image_processor]: Zone=CORNER  left[p=0.527 near=7650 v=7650]  front[p=0.481 near=13500 v=13500]  right[p=0.451 near=7740 v=7740]
[INFO] [1777619183.125861550] [robot_1.image_processor]: Zone=LEFT  left[p=0.653 near=3330 v=7650]  front[p=1.529 near=0 v=10775]  right[p=0.674 near=5897 v=7310]
[INFO] [1777619185.777240917] [robot_1.image_processor]: Zone=CORNER  left[p=0.512 near=7650 v=7650]  front[p=0.482 near=13500 v=13500]  right[p=0.460 near=7740 v=7740]
[INFO] [1777619188.509414203] [robot_1.image_processor]: Zone=LEFT  left[p=0.675 near=2880 v=7650]  front[p=1.646 near=0 v=10637]  right[p=0.677 near=6235 v=7488]
[INFO] [1777619191.610897826] [robot_1.image_processor]: Zone=CORNER  left[p=0.471 near=7650 v=7650]  front[p=0.483 near=13500 v=13500]  right[p=0.496 near=7740 v=7740]
[INFO] [1777619194.496261288] [robot_1.image_processor]: Zone=LEFT  left[p=0.665 near=3060 v=7650]  front[p=1.595 near=0 v=10689]  right[p=0.676 near=6094 v=7414]
[INFO] [1777619197.471347004] [robot_1.image_processor]: Zone=CORNER  left[p=0.458 near=7650 v=7650]  front[p=0.481 near=13500 v=13500]  right[p=0.511 near=7740 v=7740]
[INFO] [1777619200.394571463] [robot_1.image_processor]: Zone=LEFT  left[p=0.542 near=6059 v=7650]  front[p=1.064 near=0 v=11670]  right[p=0.671 near=2007 v=6196]
[INFO] [1777619203.437602269] [robot_1.image_processor]: Zone=CORNER  left[p=0.404 near=7650 v=7650]  front[p=0.476 near=13500 v=13500]  right[p=0.647 near=6804 v=7740]
[INFO] [1777619206.217400929] [robot_1.image_processor]: Zone=CORNER
[INFO] [1777619208.985418549] [robot_1.image_processor]: Zone=CORNER
[INFO] [1777619211.813277952] [robot_1.image_processor]: Zone=CLEAR  left[p=0.828 near=80 v=6646]  front[p=0.892 near=0 v=9951]  right[p=0.811 near=266 v=7740]
[INFO] [1777619214.630183215] [robot_1.image_processor]: Zone=CLEAR
[INFO] [1777619217.377652618] [robot_1.image_processor]: Zone=RIGHT  left[p=1.112 near=0 v=7650]  front[p=2.158 near=0 v=9947]  right[p=0.321 near=7449 v=7740]
[INFO] [1777619220.201283063] [robot_1.image_processor]: Zone=CORNER  left[p=0.540 near=7650 v=7650]  front[p=0.589 near=13500 v=13500]  right[p=0.671 near=7740 v=7740]
[INFO] [1777619222.995082768] [robot_1.image_processor]: Zone=RIGHT  left[p=0.946 near=0 v=7650]  front[p=1.426 near=0 v=13500]  right[p=0.678 near=3167 v=7740]
[INFO] [1777619225.843029467] [robot_1.image_processor]: Zone=CORNER  left[p=0.328 near=7650 v=7650]  front[p=0.507 near=6597 v=11775]  right[p=2.979 near=0 v=7194]
[INFO] [1777619228.714902423] [robot_1.image_processor]: Zone=LEFT  left[p=0.715 near=2354 v=7650]  front[p=1.538 near=0 v=11297]  right[p=0.927 near=274 v=6155]
[INFO] [1777619231.527209763] [robot_1.image_processor]: Zone=CORNER  left[p=0.510 near=7650 v=7650]  front[p=0.586 near=13500 v=13500]  right[p=0.751 near=2880 v=7740]
[INFO] [1777619234.313413381] [robot_1.image_processor]: Zone=LEFT  left[p=0.588 near=5675 v=7650]  front[p=1.048 near=0 v=12346]  right[p=2.633 near=0 v=5998]
[INFO] [1777619237.062972167] [robot_1.image_processor]: Zone=CORNER  left[p=0.484 near=7650 v=7650]  front[p=0.596 near=10541 v=13500]  right[p=0.921 near=0 v=7740]
[INFO] [1777619239.892034742] [robot_1.image_processor]: Zone=LEFT  left[p=0.580 near=5943 v=7650]  front[p=1.021 near=0 v=12431]  right[p=2.598 near=0 v=6019]
[INFO] [1777619242.604457156] [robot_1.image_processor]: Zone=CORNER  left[p=0.477 near=7650 v=7650]  front[p=0.608 near=8592 v=13500]  right[p=1.056 near=0 v=7740]
[INFO] [1777619245.334121664] [robot_1.image_processor]: Zone=LEFT  left[p=0.553 near=6955 v=7650]  front[p=0.933 near=0 v=12765]  right[p=2.501 near=0 v=6097]
[INFO] [1777619248.128729351] [robot_1.image_processor]: Zone=CORNER  left[p=0.474 near=7650 v=7650]  front[p=0.633 near=6511 v=13500]  right[p=1.321 near=0 v=7740]
[INFO] [1777619250.932258741] [robot_1.image_processor]: Zone=LEFT  left[p=0.522 near=7650 v=7650]  front[p=0.831 near=787 v=13271]  right[p=2.334 near=0 v=6175]
[INFO] [1777619253.658062016] [robot_1.image_processor]: Zone=CORNER  left[p=0.477 near=7650 v=7650]  front[p=0.660 near=5115 v=13500]  right[p=1.642 near=0 v=7448]
[INFO] [1777619256.436055317] [robot_1.image_processor]: Zone=CORNER
[INFO] [1777619259.297342708] [robot_1.image_processor]: Zone=CORNER
[INFO] [1777619262.044269894] [robot_1.image_processor]: Zone=CORNER
[INFO] [1777619264.693083322] [robot_1.image_processor]: Zone=RIGHT  left[p=0.739 near=1872 v=7650]  front[p=1.653 near=0 v=11130]  right[p=0.700 near=1050 v=6338]
[INFO] [1777619267.523425739] [robot_1.image_processor]: Zone=CORNER  left[p=1.572 near=0 v=7650]  front[p=0.653 near=5399 v=13500]  right[p=0.475 near=7740 v=7740]
[INFO] [1777619270.358473491] [robot_1.image_processor]: Zone=LEFT  left[p=0.636 near=3057 v=6584]  front[p=1.176 near=0 v=11587]  right[p=1.225 near=0 v=7740]
[INFO] [1777619273.102262259] [robot_1.image_processor]: Zone=RIGHT  left[p=1.809 near=0 v=7650]  front[p=0.970 near=0 v=13500]  right[p=0.560 near=6642 v=7740]
[INFO] [1777619275.811791264] [robot_1.image_processor]: Zone=LEFT  left[p=0.497 near=6187 v=7650]  front[p=1.185 near=0 v=10742]  right[p=1.051 near=0 v=7740]
[INFO] [1777619278.582803768] [robot_1.image_processor]: Zone=RIGHT  left[p=2.237 near=0 v=7650]  front[p=0.860 near=365 v=13500]  right[p=0.529 near=7734 v=7740]
[INFO] [1777619281.346843931] [robot_1.image_processor]: Zone=LEFT  left[p=0.462 near=7225 v=7650]  front[p=0.965 near=0 v=10822]  right[p=1.001 near=0 v=7740]
[INFO] [1777619284.091895694] [robot_1.image_processor]: Zone=RIGHT  left[p=2.184 near=0 v=7650]  front[p=0.812 near=1142 v=13500]  right[p=0.515 near=7740 v=7740]
[INFO] [1777619286.858592220] [robot_1.image_processor]: Zone=CORNER  left[p=0.474 near=7650 v=7650]  front[p=0.626 near=6945 v=13500]  right[p=1.251 near=0 v=7740]
[INFO] [1777619289.588760347] [robot_1.image_processor]: Zone=CORNER
[INFO] [1777619291.970684160] [rclcpp]: signal_handler(SIGINT/SIGTERM)
