[INFO] [1777619093.209636773] [robot_4.image_processor]: image_processor: depth='/robot_4/depth_camera/depth_image' aruco_runtime=disabled
[INFO] [1777619096.854171349] [robot_4.image_processor]: Zone=CLEAR  left[p=3.783 near=0 v=6604]  front[p=3.448 near=0 v=10150]  right[p=2.729 near=0 v=5590]
[INFO] [1777619099.536127250] [robot_4.image_processor]: Zone=CLEAR
[INFO] [1777619102.235780040] [robot_4.image_processor]: Zone=CLEAR
[INFO] [1777619104.946617685] [robot_4.image_processor]: Zone=CLEAR
[INFO] [1777619107.614211164] [robot_4.image_processor]: Zone=CLEAR
[INFO] [1777619110.269651475] [robot_4.image_processor]: Zone=CLEAR
[INFO] [1777619112.945625157] [robot_4.image_processor]: Zone=RIGHT  left[p=1.223 near=0 v=7650]  front[p=0.693 near=5310 v=13500]  right[p=0.593 near=4226 v=7740]
[INFO] [1777619115.585811024] [robot_4.image_processor]: Zone=RIGHT
[INFO] [1777619118.263850657] [robot_4.image_processor]: Zone=CLEAR  left[p=3.241 near=0 v=5750]  front[p=3.175 near=0 v=9528]  right[p=2.803 near=0 v=6966]
[INFO] [1777619120.962589505] [robot_4.image_processor]: Zone=CLEAR
[INFO] [1777619123.684269887] [robot_4.image_processor]: Zone=CLEAR
[INFO] [1777619126.338066125] [robot_4.image_processor]: Zone=CLEAR
[INFO] [1777619129.013245187] [robot_4.image_processor]: Zone=CLEAR
[INFO] [1777619131.749790578] [robot_4.image_processor]: Zone=CLEAR
[INFO] [1777619134.506995702] [robot_4.image_processor]: Zone=CLEAR
[INFO] [1777619137.301451656] [robot_4.image_processor]: Zone=CLEAR
[INFO] [1777619139.861344005] [robot_4.image_processor]: Zone=CLEAR
[INFO] [1777619142.580146668] [robot_4.image_processor]: Zone=CORNER  left[p=0.624 near=1881 v=7650]  front[p=0.176 near=13500 v=13500]  right[p=0.157 near=7729 v=7740]
[INFO] [1777619145.314904192] [robot_4.image_processor]: Zone=RIGHT  left[p=0.893 near=0 v=7650]  front[p=2.403 near=0 v=13500]  right[p=0.410 near=5848 v=7740]
[INFO] [1777619148.073931431] [robot_4.image_processor]: Zone=RIGHT
[INFO] [1777619150.807792788] [robot_4.image_processor]: Zone=CLEAR  left[p=2.704 near=0 v=6840]  front[p=2.356 near=0 v=8741]  right[p=2.913 near=0 v=5024]
[INFO] [1777619153.566391518] [robot_4.image_processor]: Zone=CLEAR
[INFO] [1777619156.399116910] [robot_4.image_processor]: Zone=CLEAR
[INFO] [1777619159.049627877] [robot_4.image_processor]: Zone=CLEAR
[INFO] [1777619161.748879912] [robot_4.image_processor]: Zone=LEFT  left[p=0.517 near=7650 v=7650]  front[p=0.728 near=2259 v=11142]  right[p=3.139 near=0 v=5513]
[INFO] [1777619164.574208131] [robot_4.image_processor]: Zone=LEFT
[INFO] [1777619167.202042859] [robot_4.image_processor]: Zone=CLEAR  left[p=2.575 near=567 v=7640]  front[p=1.982 near=0 v=12309]  right[p=2.383 near=0 v=7740]
[INFO] [1777619169.897145469] [robot_4.image_processor]: Zone=RIGHT  left[p=2.198 near=0 v=7650]  front[p=0.869 near=968 v=13487]  right[p=0.459 near=7740 v=7740]
[INFO] [1777619172.500516045] [robot_4.image_processor]: Zone=RIGHT
[INFO] [1777619175.199381840] [robot_4.image_processor]: Zone=CLEAR  left[p=2.707 near=0 v=5925]  front[p=2.532 near=0 v=9960]  right[p=3.192 near=0 v=7249]
[INFO] [1777619177.880260547] [robot_4.image_processor]: Zone=CORNER  left[p=0.370 near=7650 v=7650]  front[p=0.511 near=5293 v=11701]  right[p=3.139 near=0 v=5551]
[INFO] [1777619180.516899066] [robot_4.image_processor]: Zone=RIGHT  left[p=0.822 near=657 v=7650]  front[p=2.674 near=0 v=13500]  right[p=0.402 near=6849 v=7740]
[INFO] [1777619183.265076547] [robot_4.image_processor]: Zone=RIGHT
[INFO] [1777619185.816047839] [robot_4.image_processor]: Zone=CLEAR  left[p=3.139 near=0 v=5529]  front[p=3.139 near=0 v=9344]  right[p=2.689 near=0 v=7118]
[INFO] [1777619188.564135197] [robot_4.image_processor]: Zone=CLEAR
[INFO] [1777619191.572131310] [robot_4.image_processor]: Zone=CLEAR
[INFO] [1777619194.587896338] [robot_4.image_processor]: Zone=CLEAR
[INFO] [1777619197.537690155] [robot_4.image_processor]: Zone=CLEAR
[INFO] [1777619200.459718552] [robot_4.image_processor]: Zone=CLEAR
[INFO] [1777619203.497399066] [robot_4.image_processor]: Zone=CLEAR
[INFO] [1777619206.270000145] [robot_4.image_processor]: Zone=CLEAR
[INFO] [1777619209.050172476] [robot_4.image_processor]: Zone=CLEAR
[INFO] [1777619211.866678385] [robot_4.image_processor]: Zone=CLEAR
[INFO] [1777619214.681133747] [robot_4.image_processor]: Zone=CLEAR
[INFO] [1777619217.443036310] [robot_4.image_processor]: Zone=CLEAR
[INFO] [1777619220.258269257] [robot_4.image_processor]: Zone=CLEAR
[INFO] [1777619223.057793900] [robot_4.image_processor]: Zone=CORNER  left[p=0.477 near=7650 v=7650]  front[p=0.513 near=13500 v=13500]  right[p=0.569 near=7740 v=7740]
[INFO] [1777619225.904063171] [robot_4.image_processor]: Zone=RIGHT  left[p=2.194 near=0 v=6865]  front[p=1.386 near=0 v=12812]  right[p=0.619 near=4115 v=7740]
[INFO] [1777619228.788406235] [robot_4.image_processor]: Zone=RIGHT
[INFO] [1777619231.582978289] [robot_4.image_processor]: Zone=LEFT  left[p=0.638 near=3690 v=7650]  front[p=1.486 near=0 v=13500]  right[p=1.824 near=0 v=7740]
[INFO] [1777619234.366131663] [robot_4.image_processor]: Zone=CORNER  left[p=0.504 near=7650 v=7650]  front[p=0.497 near=13500 v=13500]  right[p=0.490 near=7740 v=7740]
[INFO] [1777619237.133505273] [robot_4.image_processor]: Zone=LEFT  left[p=0.652 near=3364 v=7650]  front[p=1.571 near=0 v=13500]  right[p=1.848 near=0 v=7740]
[INFO] [1777619239.942584014] [robot_4.image_processor]: Zone=CORNER  left[p=0.495 near=7650 v=7650]  front[p=0.496 near=13500 v=13500]  right[p=0.497 near=7740 v=7740]
[INFO] [1777619242.654771969] [robot_4.image_processor]: Zone=LEFT  left[p=0.513 near=7176 v=7650]  front[p=0.951 near=0 v=13500]  right[p=1.613 near=0 v=7740]
[INFO] [1777619245.386059839] [robot_4.image_processor]: Zone=CORNER  left[p=0.423 near=7650 v=7650]  front[p=0.489 near=13500 v=13500]  right[p=0.632 near=7586 v=7740]
[INFO] [1777619248.181808733] [robot_4.image_processor]: Zone=CORNER
[INFO] [1777619250.983566924] [robot_4.image_processor]: Zone=CORNER
[INFO] [1777619253.718077945] [robot_4.image_processor]: Zone=CLEAR  left[p=2.394 near=0 v=6769]  front[p=2.907 near=0 v=7714]  right[p=3.139 near=0 v=5379]
[INFO] [1777619256.484149657] [robot_4.image_processor]: Zone=CLEAR
[INFO] [1777619259.242218211] [robot_4.image_processor]: Zone=CLEAR
[INFO] [1777619261.992019040] [robot_4.image_processor]: Zone=CLEAR
[INFO] [1777619264.744417202] [robot_4.image_processor]: Zone=CLEAR
[INFO] [1777619267.592691647] [robot_4.image_processor]: Zone=CLEAR
[INFO] [1777619270.409482158] [robot_4.image_processor]: Zone=CLEAR
[INFO] [1777619273.151989044] [robot_4.image_processor]: Zone=CLEAR
[INFO] [1777619275.856119943] [robot_4.image_processor]: Zone=CORNER  left[p=0.372 near=7650 v=7650]  front[p=0.398 near=13500 v=13500]  right[p=0.439 near=7740 v=7740]
[INFO] [1777619278.639240008] [robot_4.image_processor]: Zone=RIGHT  left[p=0.857 near=0 v=7650]  front[p=0.906 near=0 v=13500]  right[p=0.487 near=6704 v=7740]
[INFO] [1777619281.405175556] [robot_4.image_processor]: Zone=LEFT  left[p=0.705 near=5348 v=7650]  front[p=1.010 near=0 v=10569]  right[p=1.078 near=0 v=7740]
[INFO] [1777619284.144952648] [robot_4.image_processor]: Zone=RIGHT  left[p=0.829 near=0 v=7650]  front[p=0.885 near=0 v=13500]  right[p=0.459 near=7592 v=7740]
[INFO] [1777619286.915623370] [robot_4.image_processor]: Zone=CORNER  left[p=0.333 near=7650 v=7650]  front[p=0.379 near=13500 v=13500]  right[p=0.471 near=7740 v=7740]
[INFO] [1777619289.639840026] [robot_4.image_processor]: Zone=RIGHT  left[p=0.817 near=161 v=7650]  front[p=0.872 near=318 v=13500]  right[p=0.447 near=7740 v=7740]
[INFO] [1777619291.958365778] [rclcpp]: signal_handler(SIGINT/SIGTERM)
