[INFO] [1777619093.202019639] [robot_2.image_processor]: image_processor: depth='/robot_2/depth_camera/depth_image' aruco_runtime=disabled
[INFO] [1777619096.830466395] [robot_2.image_processor]: Zone=CLEAR  left[p=3.171 near=0 v=5006]  front[p=1.301 near=0 v=8687]  right[p=1.269 near=0 v=6907]
[INFO] [1777619099.510657292] [robot_2.image_processor]: Zone=CLEAR
[INFO] [1777619102.206621753] [robot_2.image_processor]: Zone=CORNER  left[p=3.243 near=0 v=5503]  front[p=0.491 near=5906 v=11200]  right[p=0.366 near=7740 v=7740]
[INFO] [1777619104.920320337] [robot_2.image_processor]: Zone=CLEAR  left[p=2.071 near=0 v=6870]  front[p=3.241 near=0 v=9457]  right[p=2.766 near=0 v=5510]
[INFO] [1777619107.593672923] [robot_2.image_processor]: Zone=CLEAR
[INFO] [1777619110.247593802] [robot_2.image_processor]: Zone=CLEAR
[INFO] [1777619112.922930755] [robot_2.image_processor]: Zone=CLEAR
[INFO] [1777619115.564289316] [robot_2.image_processor]: Zone=CLEAR
[INFO] [1777619118.334364382] [robot_2.image_processor]: Zone=CLEAR
[INFO] [1777619120.937914038] [robot_2.image_processor]: Zone=CLEAR
[INFO] [1777619123.760012958] [robot_2.image_processor]: Zone=CLEAR
[INFO] [1777619126.314145893] [robot_2.image_processor]: Zone=CORNER  left[p=0.222 near=7351 v=7650]  front[p=0.286 near=13500 v=13500]  right[p=0.520 near=5009 v=7740]
[INFO] [1777619128.986686257] [robot_2.image_processor]: Zone=CLEAR  left[p=1.501 near=0 v=7650]  front[p=1.306 near=0 v=13500]  right[p=2.773 near=0 v=7740]
[INFO] [1777619131.721416359] [robot_2.image_processor]: Zone=CLEAR
[INFO] [1777619134.481478358] [robot_2.image_processor]: Zone=CORNER  left[p=0.460 near=7650 v=7650]  front[p=0.361 near=13500 v=13500]  right[p=0.317 near=6833 v=7740]
[INFO] [1777619137.180745898] [robot_2.image_processor]: Zone=CLEAR  left[p=2.994 near=0 v=4854]  front[p=3.241 near=0 v=9572]  right[p=0.816 near=547 v=7322]
[INFO] [1777619139.943202028] [robot_2.image_processor]: Zone=CLEAR
[INFO] [1777619142.552632540] [robot_2.image_processor]: Zone=CLEAR
[INFO] [1777619145.289919110] [robot_2.image_processor]: Zone=CLEAR
[INFO] [1777619148.142537093] [robot_2.image_processor]: Zone=CLEAR
[INFO] [1777619150.780625783] [robot_2.image_processor]: Zone=CLEAR
[INFO] [1777619153.538555759] [robot_2.image_processor]: Zone=CLEAR
[INFO] [1777619156.271777886] [robot_2.image_processor]: Zone=CLEAR
[INFO] [1777619159.021942013] [robot_2.image_processor]: Zone=LEFT  left[p=0.552 near=5286 v=7650]  front[p=2.931 near=0 v=13500]  right[p=1.362 near=0 v=7740]
[INFO] [1777619161.724200245] [robot_2.image_processor]: Zone=LEFT
[INFO] [1777619164.444008495] [robot_2.image_processor]: Zone=CLEAR  left[p=2.272 near=0 v=7415]  front[p=2.782 near=0 v=9470]  right[p=3.241 near=0 v=5553]
[INFO] [1777619167.176465602] [robot_2.image_processor]: Zone=CORNER  left[p=3.241 near=0 v=5425]  front[p=0.544 near=6642 v=11465]  right[p=0.442 near=7740 v=7740]
[INFO] [1777619169.881631893] [robot_2.image_processor]: Zone=CLEAR  left[p=2.218 near=0 v=7230]  front[p=3.014 near=0 v=9401]  right[p=3.241 near=0 v=5475]
[INFO] [1777619172.579304846] [robot_2.image_processor]: Zone=CLEAR
[INFO] [1777619175.176622148] [robot_2.image_processor]: Zone=CLEAR
[INFO] [1777619177.858768888] [robot_2.image_processor]: Zone=CLEAR
[INFO] [1777619180.496081881] [robot_2.image_processor]: Zone=CLEAR
[INFO] [1777619183.144125270] [robot_2.image_processor]: Zone=CLEAR
[INFO] [1777619185.897133895] [robot_2.image_processor]: Zone=CLEAR
[INFO] [1777619188.535668866] [robot_2.image_processor]: Zone=CLEAR
[INFO] [1777619191.536430832] [robot_2.image_processor]: Zone=CORNER  left[p=2.619 near=0 v=7650]  front[p=0.509 near=6265 v=13500]  right[p=0.316 near=7740 v=7740]
[INFO] [1777619194.542556481] [robot_2.image_processor]: Zone=CLEAR  left[p=1.063 near=0 v=7650]  front[p=0.801 near=1314 v=13500]  right[p=2.207 near=321 v=7740]
[INFO] [1777619197.500861002] [robot_2.image_processor]: Zone=CORNER  left[p=0.516 near=7650 v=7650]  front[p=0.372 near=13500 v=13500]  right[p=0.313 near=7740 v=7740]
[INFO] [1777619200.427820885] [robot_2.image_processor]: Zone=CLEAR  left[p=2.994 near=0 v=4821]  front[p=3.241 near=0 v=9307]  right[p=1.129 near=0 v=7110]
[INFO] [1777619203.466938093] [robot_2.image_processor]: Zone=CLEAR
[INFO] [1777619206.244665164] [robot_2.image_processor]: Zone=CLEAR
[INFO] [1777619209.025273754] [robot_2.image_processor]: Zone=CLEAR
[INFO] [1777619211.838025774] [robot_2.image_processor]: Zone=CLEAR
[INFO] [1777619214.654951354] [robot_2.image_processor]: Zone=CLEAR
[INFO] [1777619217.419273583] [robot_2.image_processor]: Zone=CLEAR
[INFO] [1777619220.235282629] [robot_2.image_processor]: Zone=CLEAR
[INFO] [1777619223.027053196] [robot_2.image_processor]: Zone=CORNER  left[p=0.261 near=7650 v=7650]  front[p=0.368 near=6558 v=13500]  right[p=2.557 near=0 v=7740]
[INFO] [1777619225.975917644] [robot_2.image_processor]: Zone=RIGHT  left[p=3.241 near=0 v=5500]  front[p=2.437 near=641 v=9444]  right[p=0.289 near=7740 v=7740]
[INFO] [1777619228.753500050] [robot_2.image_processor]: Zone=RIGHT
[INFO] [1777619231.556356230] [robot_2.image_processor]: Zone=CLEAR  left[p=1.733 near=0 v=7650]  front[p=2.008 near=0 v=13500]  right[p=2.457 near=0 v=7740]
[INFO] [1777619234.342282893] [robot_2.image_processor]: Zone=CORNER  left[p=0.189 near=7650 v=7650]  front[p=0.240 near=10555 v=13500]  right[p=2.333 near=0 v=7740]
[INFO] [1777619237.096161597] [robot_2.image_processor]: Zone=RIGHT  left[p=3.020 near=92 v=5838]  front[p=3.021 near=0 v=9071]  right[p=0.276 near=6075 v=7434]
[INFO] [1777619239.919003612] [robot_2.image_processor]: Zone=RIGHT
[INFO] [1777619242.631535583] [robot_2.image_processor]: Zone=CORNER  left[p=0.216 near=7650 v=7650]  front[p=0.368 near=3717 v=13500]  right[p=1.480 near=0 v=7740]
[INFO] [1777619245.365235441] [robot_2.image_processor]: Zone=CORNER
[INFO] [1777619248.154589286] [robot_2.image_processor]: Zone=CLEAR  left[p=2.457 near=0 v=7650]  front[p=2.879 near=0 v=11261]  right[p=3.262 near=0 v=6247]
[INFO] [1777619250.960025000] [robot_2.image_processor]: Zone=CLEAR
[INFO] [1777619253.685039524] [robot_2.image_processor]: Zone=CLEAR
[INFO] [1777619256.459773991] [robot_2.image_processor]: Zone=CLEAR
[INFO] [1777619259.216516990] [robot_2.image_processor]: Zone=CLEAR
[INFO] [1777619261.965361441] [robot_2.image_processor]: Zone=CORNER  left[p=0.368 near=7650 v=7650]  front[p=0.540 near=5534 v=13500]  right[p=0.947 near=0 v=7740]
[INFO] [1777619264.720794032] [robot_2.image_processor]: Zone=CORNER
[INFO] [1777619267.560324931] [robot_2.image_processor]: Zone=CLEAR  left[p=2.282 near=0 v=5685]  front[p=2.633 near=0 v=6831]  right[p=1.636 near=0 v=5228]
[INFO] [1777619270.383193172] [robot_2.image_processor]: Zone=CLEAR
[INFO] [1777619273.128565585] [robot_2.image_processor]: Zone=CLEAR
[INFO] [1777619275.835707534] [robot_2.image_processor]: Zone=CLEAR
[INFO] [1777619278.606732148] [robot_2.image_processor]: Zone=CLEAR
[INFO] [1777619281.372038393] [robot_2.image_processor]: Zone=CLEAR
[INFO] [1777619284.117033061] [robot_2.image_processor]: Zone=CORNER  left[p=0.246 near=7650 v=7650]  front[p=0.214 near=13500 v=13500]  right[p=0.196 near=7740 v=7740]
[INFO] [1777619286.885282498] [robot_2.image_processor]: Zone=CLEAR  left[p=0.934 near=0 v=7650]  front[p=1.010 near=0 v=13500]  right[p=1.133 near=0 v=7740]
[INFO] [1777619289.613389754] [robot_2.image_processor]: Zone=CORNER  left[p=0.552 near=7650 v=7650]  front[p=0.583 near=13500 v=13500]  right[p=0.627 near=7740 v=7740]
[INFO] [1777619291.967132742] [rclcpp]: signal_handler(SIGINT/SIGTERM)
