[INFO] [1777619091.482526854] [robot_4.robot_supervisor]: Loaded initial mission 'explore' from explicit YAML explore_sup_gpt_new_1_run_5_406.yaml
[INFO] [1777619091.586926580] [robot_4.robot_supervisor]: Selected controllable event: EV_move_forward
[INFO] [1777619091.887052866] [robot_4.robot_supervisor]: Selected controllable event: EV_move_forward
[INFO] [1777619092.186908523] [robot_4.robot_supervisor]: Selected controllable event: EV_move_forward
[INFO] [1777619092.486912117] [robot_4.robot_supervisor]: Selected controllable event: EV_move_forward
[INFO] [1777619092.786923834] [robot_4.robot_supervisor]: Selected controllable event: EV_move_forward
[INFO] [1777619093.086998067] [robot_4.robot_supervisor]: Selected controllable event: EV_move_forward
[INFO] [1777619093.386945175] [robot_4.robot_supervisor]: Selected controllable event: EV_move_forward
[INFO] [1777619093.686942414] [robot_4.robot_supervisor]: Selected controllable event: EV_move_forward
[INFO] [1777619093.986614102] [robot_4.robot_supervisor]: Selected controllable event: EV_move_forward
[INFO] [1777619094.286917963] [robot_4.robot_supervisor]: Selected controllable event: EV_move_forward
[INFO] [1777619094.586912766] [robot_4.robot_supervisor]: Selected controllable event: EV_move_forward
[INFO] [1777619094.886645366] [robot_4.robot_supervisor]: Selected controllable event: EV_move_forward
[INFO] [1777619095.186706665] [robot_4.robot_supervisor]: Selected controllable event: EV_move_forward
[INFO] [1777619095.486699774] [robot_4.robot_supervisor]: Selected controllable event: EV_move_forward
[INFO] [1777619095.786657853] [robot_4.robot_supervisor]: Selected controllable event: EV_move_forward
[INFO] [1777619096.087311970] [robot_4.robot_supervisor]: Selected controllable event: EV_move_forward
[INFO] [1777619096.386924307] [robot_4.robot_supervisor]: Selected controllable event: EV_move_forward
[INFO] [1777619096.686508173] [robot_4.robot_supervisor]: Selected controllable event: EV_move_forward
[INFO] [1777619096.986615916] [robot_4.robot_supervisor]: Selected controllable event: EV_move_forward
[INFO] [1777619097.286598889] [robot_4.robot_supervisor]: Selected controllable event: EV_move_forward
[INFO] [1777619097.586630279] [robot_4.robot_supervisor]: Selected controllable event: EV_move_forward
[INFO] [1777619097.886719158] [robot_4.robot_supervisor]: Selected controllable event: EV_move_forward
[INFO] [1777619098.186821355] [robot_4.robot_supervisor]: Selected controllable event: EV_move_forward
[INFO] [1777619098.486860247] [robot_4.robot_supervisor]: Selected controllable event: EV_move_forward
[INFO] [1777619098.786770021] [robot_4.robot_supervisor]: Selected controllable event: EV_move_forward
[INFO] [1777619099.087009740] [robot_4.robot_supervisor]: Selected controllable event: EV_move_forward
[INFO] [1777619099.387341514] [robot_4.robot_supervisor]: Selected controllable event: EV_move_forward
[INFO] [1777619099.687422691] [robot_4.robot_supervisor]: Selected controllable event: EV_move_forward
[INFO] [1777619099.986927704] [robot_4.robot_supervisor]: Selected controllable event: EV_move_forward
[INFO] [1777619100.286667192] [robot_4.robot_supervisor]: Selected controllable event: EV_move_forward
[INFO] [1777619100.586873173] [robot_4.robot_supervisor]: Selected controllable event: EV_move_forward
[INFO] [1777619100.886578021] [robot_4.robot_supervisor]: Selected controllable event: EV_move_forward
[INFO] [1777619101.186606431] [robot_4.robot_supervisor]: Selected controllable event: EV_move_forward
[INFO] [1777619101.486882035] [robot_4.robot_supervisor]: Selected controllable event: EV_move_forward
[INFO] [1777619101.787179089] [robot_4.robot_supervisor]: Selected controllable event: EV_move_forward
[INFO] [1777619102.086589341] [robot_4.robot_supervisor]: Selected controllable event: EV_move_forward
[INFO] [1777619102.386629680] [robot_4.robot_supervisor]: Selected controllable event: EV_move_forward
[INFO] [1777619102.686763376] [robot_4.robot_supervisor]: Selected controllable event: EV_move_forward
[INFO] [1777619102.986732041] [robot_4.robot_supervisor]: Selected controllable event: EV_move_forward
[INFO] [1777619103.287018846] [robot_4.robot_supervisor]: Selected controllable event: EV_move_forward
[INFO] [1777619103.586654749] [robot_4.robot_supervisor]: Selected controllable event: EV_move_forward
[INFO] [1777619103.887811127] [robot_4.robot_supervisor]: Selected controllable event: EV_move_forward
[INFO] [1777619104.186650243] [robot_4.robot_supervisor]: Selected controllable event: EV_move_forward
[INFO] [1777619104.486841679] [robot_4.robot_supervisor]: Selected controllable event: EV_move_forward
[INFO] [1777619104.787021731] [robot_4.robot_supervisor]: Selected controllable event: EV_move_forward
[INFO] [1777619105.086676701] [robot_4.robot_supervisor]: Selected controllable event: EV_move_forward
[INFO] [1777619105.386828859] [robot_4.robot_supervisor]: Selected controllable event: EV_move_forward
[INFO] [1777619105.686616091] [robot_4.robot_supervisor]: Selected controllable event: EV_move_forward
[INFO] [1777619105.986946558] [robot_4.robot_supervisor]: Selected controllable event: EV_move_forward
[INFO] [1777619106.287580648] [robot_4.robot_supervisor]: Selected controllable event: EV_move_forward
[INFO] [1777619106.587022737] [robot_4.robot_supervisor]: Selected controllable event: EV_move_forward
[INFO] [1777619106.886933605] [robot_4.robot_supervisor]: Selected controllable event: EV_move_forward
[INFO] [1777619107.186622310] [robot_4.robot_supervisor]: Selected controllable event: EV_move_forward
[INFO] [1777619107.486831543] [robot_4.robot_supervisor]: Selected controllable event: EV_move_forward
[INFO] [1777619107.786890782] [robot_4.robot_supervisor]: Selected controllable event: EV_move_forward
[INFO] [1777619108.086930089] [robot_4.robot_supervisor]: Selected controllable event: EV_move_forward
[INFO] [1777619108.386933936] [robot_4.robot_supervisor]: Selected controllable event: EV_move_forward
[INFO] [1777619108.687228109] [robot_4.robot_supervisor]: Selected controllable event: EV_move_forward
[INFO] [1777619108.986804519] [robot_4.robot_supervisor]: Selected controllable event: EV_move_forward
[INFO] [1777619109.286579546] [robot_4.robot_supervisor]: Selected controllable event: EV_move_forward
[INFO] [1777619109.586614251] [robot_4.robot_supervisor]: Selected controllable event: EV_move_forward
[INFO] [1777619109.886859559] [robot_4.robot_supervisor]: Selected controllable event: EV_move_forward
[INFO] [1777619110.186881127] [robot_4.robot_supervisor]: Selected controllable event: EV_move_forward
[INFO] [1777619110.486791883] [robot_4.robot_supervisor]: Selected controllable event: EV_move_forward
[INFO] [1777619110.786644584] [robot_4.robot_supervisor]: Selected controllable event: EV_move_forward
[INFO] [1777619111.086624064] [robot_4.robot_supervisor]: Selected controllable event: EV_move_forward
[INFO] [1777619111.386627328] [robot_4.robot_supervisor]: Selected controllable event: EV_move_forward
[INFO] [1777619111.686595672] [robot_4.robot_supervisor]: Selected controllable event: EV_move_forward
[INFO] [1777619111.986748726] [robot_4.robot_supervisor]: Selected controllable event: EV_move_forward
[INFO] [1777619112.286606603] [robot_4.robot_supervisor]: Selected controllable event: EV_move_forward
[INFO] [1777619112.586594945] [robot_4.robot_supervisor]: Selected controllable event: EV_move_forward
[INFO] [1777619112.887155546] [robot_4.robot_supervisor]: Selected controllable event: EV_move_forward
[INFO] [1777619112.946473489] [robot_4.robot_supervisor]: Detected zone changed to RIGHT
[INFO] [1777619113.186626291] [robot_4.robot_supervisor]: Selected controllable event: EV_rotate_counterclockwise
[INFO] [1777619115.386626752] [robot_4.robot_supervisor]: Selected controllable event: EV_rotate_counterclockwise
[INFO] [1777619115.386839215] [robot_4.robot_supervisor]: rotate_90 blocked by recent completion; stopping this tick
[INFO] [1777619115.486505123] [robot_4.robot_supervisor]: Selected controllable event: EV_rotate_counterclockwise
[INFO] [1777619115.486724074] [robot_4.robot_supervisor]: rotate_90 blocked by recent completion; stopping this tick
[INFO] [1777619115.586692250] [robot_4.robot_supervisor]: Selected controllable event: EV_rotate_counterclockwise
[INFO] [1777619115.586902243] [robot_4.robot_supervisor]: rotate_90 blocked by recent completion; stopping this tick
[INFO] [1777619115.686659556] [robot_4.robot_supervisor]: Selected controllable event: EV_rotate_counterclockwise
[INFO] [1777619117.986837764] [robot_4.robot_supervisor]: Selected controllable event: EV_rotate_counterclockwise
[INFO] [1777619117.987170565] [robot_4.robot_supervisor]: rotate_90 blocked by recent completion; stopping this tick
[INFO] [1777619118.086908803] [robot_4.robot_supervisor]: Selected controllable event: EV_rotate_counterclockwise
[INFO] [1777619118.087333205] [robot_4.robot_supervisor]: rotate_90 blocked by recent completion; stopping this tick
[INFO] [1777619118.186920837] [robot_4.robot_supervisor]: Selected controllable event: EV_rotate_counterclockwise
[INFO] [1777619118.264670808] [robot_4.robot_supervisor]: Detected zone changed to CLEAR
[INFO] [1777619120.586978498] [robot_4.robot_supervisor]: Selected controllable event: EV_move_forward
[INFO] [1777619120.886546359] [robot_4.robot_supervisor]: Selected controllable event: EV_move_forward
[INFO] [1777619121.186834540] [robot_4.robot_supervisor]: Selected controllable event: EV_move_forward
[INFO] [1777619121.487013159] [robot_4.robot_supervisor]: Selected controllable event: EV_move_forward
[INFO] [1777619121.786895329] [robot_4.robot_supervisor]: Selected controllable event: EV_move_forward
[INFO] [1777619122.086604738] [robot_4.robot_supervisor]: Selected controllable event: EV_move_forward
[INFO] [1777619122.386639519] [robot_4.robot_supervisor]: Selected controllable event: EV_move_forward
[INFO] [1777619122.686748957] [robot_4.robot_supervisor]: Selected controllable event: EV_move_forward
[INFO] [1777619122.986942929] [robot_4.robot_supervisor]: Selected controllable event: EV_move_forward
[INFO] [1777619123.286948394] [robot_4.robot_supervisor]: Selected controllable event: EV_move_forward
[INFO] [1777619123.586672372] [robot_4.robot_supervisor]: Selected controllable event: EV_move_forward
[INFO] [1777619123.886841818] [robot_4.robot_supervisor]: Selected controllable event: EV_move_forward
[INFO] [1777619124.186892520] [robot_4.robot_supervisor]: Selected controllable event: EV_move_forward
[INFO] [1777619124.487111999] [robot_4.robot_supervisor]: Selected controllable event: EV_move_forward
[INFO] [1777619124.787258694] [robot_4.robot_supervisor]: Selected controllable event: EV_move_forward
[INFO] [1777619125.087202509] [robot_4.robot_supervisor]: Selected controllable event: EV_move_forward
[INFO] [1777619125.386988424] [robot_4.robot_supervisor]: Selected controllable event: EV_move_forward
[INFO] [1777619125.686821506] [robot_4.robot_supervisor]: Selected controllable event: EV_move_forward
[INFO] [1777619125.987042982] [robot_4.robot_supervisor]: Selected controllable event: EV_move_forward
[INFO] [1777619126.286742056] [robot_4.robot_supervisor]: Selected controllable event: EV_move_forward
[INFO] [1777619126.586652287] [robot_4.robot_supervisor]: Selected controllable event: EV_move_forward
[INFO] [1777619126.886870213] [robot_4.robot_supervisor]: Selected controllable event: EV_move_forward
[INFO] [1777619127.186953298] [robot_4.robot_supervisor]: Selected controllable event: EV_move_forward
[INFO] [1777619127.486590041] [robot_4.robot_supervisor]: Selected controllable event: EV_move_forward
[INFO] [1777619127.787221689] [robot_4.robot_supervisor]: Selected controllable event: EV_move_forward
[INFO] [1777619128.087249461] [robot_4.robot_supervisor]: Selected controllable event: EV_move_forward
[INFO] [1777619128.387161230] [robot_4.robot_supervisor]: Selected controllable event: EV_move_forward
[INFO] [1777619128.686634767] [robot_4.robot_supervisor]: Selected controllable event: EV_move_forward
[INFO] [1777619128.986659918] [robot_4.robot_supervisor]: Selected controllable event: EV_move_forward
[INFO] [1777619129.286865563] [robot_4.robot_supervisor]: Selected controllable event: EV_move_forward
[INFO] [1777619129.586808985] [robot_4.robot_supervisor]: Selected controllable event: EV_move_forward
[INFO] [1777619129.886764701] [robot_4.robot_supervisor]: Selected controllable event: EV_move_forward
[INFO] [1777619130.186932917] [robot_4.robot_supervisor]: Selected controllable event: EV_move_forward
[INFO] [1777619130.486979181] [robot_4.robot_supervisor]: Selected controllable event: EV_move_forward
[INFO] [1777619130.786929626] [robot_4.robot_supervisor]: Selected controllable event: EV_move_forward
[INFO] [1777619131.086909195] [robot_4.robot_supervisor]: Selected controllable event: EV_move_forward
[INFO] [1777619131.386634239] [robot_4.robot_supervisor]: Selected controllable event: EV_move_forward
[INFO] [1777619131.686696827] [robot_4.robot_supervisor]: Selected controllable event: EV_move_forward
[INFO] [1777619131.986625767] [robot_4.robot_supervisor]: Selected controllable event: EV_move_forward
[INFO] [1777619132.286738928] [robot_4.robot_supervisor]: Selected controllable event: EV_move_forward
[INFO] [1777619132.586616560] [robot_4.robot_supervisor]: Selected controllable event: EV_move_forward
[INFO] [1777619132.886774858] [robot_4.robot_supervisor]: Selected controllable event: EV_move_forward
[INFO] [1777619133.186896765] [robot_4.robot_supervisor]: Selected controllable event: EV_move_forward
[INFO] [1777619133.486676505] [robot_4.robot_supervisor]: Selected controllable event: EV_move_forward
[INFO] [1777619133.787145184] [robot_4.robot_supervisor]: Selected controllable event: EV_move_forward
[INFO] [1777619134.086659945] [robot_4.robot_supervisor]: Selected controllable event: EV_move_forward
[INFO] [1777619134.387114032] [robot_4.robot_supervisor]: Selected controllable event: EV_move_forward
[INFO] [1777619134.686908902] [robot_4.robot_supervisor]: Selected controllable event: EV_move_forward
[INFO] [1777619134.986713575] [robot_4.robot_supervisor]: Selected controllable event: EV_move_forward
[INFO] [1777619135.286664836] [robot_4.robot_supervisor]: Selected controllable event: EV_move_forward
[INFO] [1777619135.587249675] [robot_4.robot_supervisor]: Selected controllable event: EV_move_forward
[INFO] [1777619135.887146729] [robot_4.robot_supervisor]: Selected controllable event: EV_move_forward
[INFO] [1777619136.186843859] [robot_4.robot_supervisor]: Selected controllable event: EV_move_forward
[INFO] [1777619136.486838708] [robot_4.robot_supervisor]: Selected controllable event: EV_move_forward
[INFO] [1777619136.787443984] [robot_4.robot_supervisor]: Selected controllable event: EV_move_forward
[INFO] [1777619137.086708124] [robot_4.robot_supervisor]: Selected controllable event: EV_move_forward
[INFO] [1777619137.386562577] [robot_4.robot_supervisor]: Selected controllable event: EV_move_forward
[INFO] [1777619137.686606509] [robot_4.robot_supervisor]: Selected controllable event: EV_move_forward
[INFO] [1777619137.986928189] [robot_4.robot_supervisor]: Selected controllable event: EV_move_forward
[INFO] [1777619138.286823939] [robot_4.robot_supervisor]: Selected controllable event: EV_move_forward
[INFO] [1777619138.586922874] [robot_4.robot_supervisor]: Selected controllable event: EV_move_forward
[INFO] [1777619138.888539586] [robot_4.robot_supervisor]: Selected controllable event: EV_move_forward
[INFO] [1777619139.186603033] [robot_4.robot_supervisor]: Selected controllable event: EV_move_forward
[INFO] [1777619139.487272537] [robot_4.robot_supervisor]: Selected controllable event: EV_move_forward
[INFO] [1777619139.787032747] [robot_4.robot_supervisor]: Selected controllable event: EV_move_forward
[INFO] [1777619140.086604730] [robot_4.robot_supervisor]: Selected controllable event: EV_move_forward
[INFO] [1777619140.387273270] [robot_4.robot_supervisor]: Selected controllable event: EV_move_forward
[INFO] [1777619140.686842531] [robot_4.robot_supervisor]: Selected controllable event: EV_move_forward
[INFO] [1777619140.986630105] [robot_4.robot_supervisor]: Selected controllable event: EV_move_forward
[INFO] [1777619141.286642242] [robot_4.robot_supervisor]: Selected controllable event: EV_move_forward
[INFO] [1777619141.586730910] [robot_4.robot_supervisor]: Selected controllable event: EV_move_forward
[INFO] [1777619141.887042230] [robot_4.robot_supervisor]: Selected controllable event: EV_move_forward
[INFO] [1777619142.186891572] [robot_4.robot_supervisor]: Selected controllable event: EV_move_forward
[INFO] [1777619142.486615928] [robot_4.robot_supervisor]: Selected controllable event: EV_move_forward
[INFO] [1777619142.581079795] [robot_4.robot_supervisor]: Detected zone changed to CORNER
[INFO] [1777619142.786596707] [robot_4.robot_supervisor]: Selected controllable event: EV_move_backward
[INFO] [1777619143.187090456] [robot_4.robot_supervisor]: Selected controllable event: EV_rotate_counterclockwise
[INFO] [1777619145.315629783] [robot_4.robot_supervisor]: Detected zone changed to RIGHT
[INFO] [1777619145.386636042] [robot_4.robot_supervisor]: Selected controllable event: EV_rotate_counterclockwise
[INFO] [1777619145.386869640] [robot_4.robot_supervisor]: rotate_90 blocked by recent completion; stopping this tick
[INFO] [1777619145.486943794] [robot_4.robot_supervisor]: Selected controllable event: EV_rotate_counterclockwise
[INFO] [1777619145.487330529] [robot_4.robot_supervisor]: rotate_90 blocked by recent completion; stopping this tick
[INFO] [1777619145.586912453] [robot_4.robot_supervisor]: Selected controllable event: EV_rotate_counterclockwise
[INFO] [1777619145.587334378] [robot_4.robot_supervisor]: rotate_90 blocked by recent completion; stopping this tick
[INFO] [1777619145.686639586] [robot_4.robot_supervisor]: Selected controllable event: EV_rotate_counterclockwise
[INFO] [1777619147.986805998] [robot_4.robot_supervisor]: Selected controllable event: EV_rotate_counterclockwise
[INFO] [1777619147.987228593] [robot_4.robot_supervisor]: rotate_90 blocked by recent completion; stopping this tick
[INFO] [1777619148.086585117] [robot_4.robot_supervisor]: Selected controllable event: EV_rotate_counterclockwise
[INFO] [1777619148.086790086] [robot_4.robot_supervisor]: rotate_90 blocked by recent completion; stopping this tick
[INFO] [1777619148.186715437] [robot_4.robot_supervisor]: Selected controllable event: EV_rotate_counterclockwise
[INFO] [1777619148.186933981] [robot_4.robot_supervisor]: rotate_90 blocked by recent completion; stopping this tick
[INFO] [1777619148.287010966] [robot_4.robot_supervisor]: Selected controllable event: EV_rotate_counterclockwise
[INFO] [1777619150.686935940] [robot_4.robot_supervisor]: Selected controllable event: EV_rotate_counterclockwise
[INFO] [1777619150.687363884] [robot_4.robot_supervisor]: rotate_90 blocked by recent completion; stopping this tick
[INFO] [1777619150.786924763] [robot_4.robot_supervisor]: Selected controllable event: EV_rotate_counterclockwise
[INFO] [1777619150.787365007] [robot_4.robot_supervisor]: rotate_90 blocked by recent completion; stopping this tick
[INFO] [1777619150.808554863] [robot_4.robot_supervisor]: Detected zone changed to CLEAR
[INFO] [1777619150.886852760] [robot_4.robot_supervisor]: Selected controllable event: EV_move_forward
[INFO] [1777619151.187323563] [robot_4.robot_supervisor]: Selected controllable event: EV_move_forward
[INFO] [1777619151.486993317] [robot_4.robot_supervisor]: Selected controllable event: EV_move_forward
[INFO] [1777619151.786621371] [robot_4.robot_supervisor]: Selected controllable event: EV_move_forward
[INFO] [1777619152.086848645] [robot_4.robot_supervisor]: Selected controllable event: EV_move_forward
[INFO] [1777619152.386993204] [robot_4.robot_supervisor]: Selected controllable event: EV_move_forward
[INFO] [1777619152.686504180] [robot_4.robot_supervisor]: Selected controllable event: EV_move_forward
[INFO] [1777619152.986652498] [robot_4.robot_supervisor]: Selected controllable event: EV_move_forward
[INFO] [1777619153.286807971] [robot_4.robot_supervisor]: Selected controllable event: EV_move_forward
[INFO] [1777619153.586861718] [robot_4.robot_supervisor]: Selected controllable event: EV_move_forward
[INFO] [1777619153.886598154] [robot_4.robot_supervisor]: Selected controllable event: EV_move_forward
[INFO] [1777619154.186518914] [robot_4.robot_supervisor]: Selected controllable event: EV_move_forward
[INFO] [1777619154.486576986] [robot_4.robot_supervisor]: Selected controllable event: EV_move_forward
[INFO] [1777619154.786633714] [robot_4.robot_supervisor]: Selected controllable event: EV_move_forward
[INFO] [1777619155.086587313] [robot_4.robot_supervisor]: Selected controllable event: EV_move_forward
[INFO] [1777619155.386774481] [robot_4.robot_supervisor]: Selected controllable event: EV_move_forward
[INFO] [1777619155.687074926] [robot_4.robot_supervisor]: Selected controllable event: EV_move_forward
[INFO] [1777619155.986774155] [robot_4.robot_supervisor]: Selected controllable event: EV_move_forward
[INFO] [1777619156.287129033] [robot_4.robot_supervisor]: Selected controllable event: EV_move_forward
[INFO] [1777619156.586615550] [robot_4.robot_supervisor]: Selected controllable event: EV_move_forward
[INFO] [1777619156.886899270] [robot_4.robot_supervisor]: Selected controllable event: EV_move_forward
[INFO] [1777619157.187204821] [robot_4.robot_supervisor]: Selected controllable event: EV_move_forward
[INFO] [1777619157.486917188] [robot_4.robot_supervisor]: Selected controllable event: EV_move_forward
[INFO] [1777619157.786968403] [robot_4.robot_supervisor]: Selected controllable event: EV_move_forward
[INFO] [1777619158.086907298] [robot_4.robot_supervisor]: Selected controllable event: EV_move_forward
[INFO] [1777619158.386619643] [robot_4.robot_supervisor]: Selected controllable event: EV_move_forward
[INFO] [1777619158.687340052] [robot_4.robot_supervisor]: Selected controllable event: EV_move_forward
[INFO] [1777619158.987040152] [robot_4.robot_supervisor]: Selected controllable event: EV_move_forward
[INFO] [1777619159.287258381] [robot_4.robot_supervisor]: Selected controllable event: EV_move_forward
[INFO] [1777619159.586733059] [robot_4.robot_supervisor]: Selected controllable event: EV_move_forward
[INFO] [1777619159.886837178] [robot_4.robot_supervisor]: Selected controllable event: EV_move_forward
[INFO] [1777619160.186910042] [robot_4.robot_supervisor]: Selected controllable event: EV_move_forward
[INFO] [1777619160.486756555] [robot_4.robot_supervisor]: Selected controllable event: EV_move_forward
[INFO] [1777619160.786910538] [robot_4.robot_supervisor]: Selected controllable event: EV_move_forward
[INFO] [1777619161.086825123] [robot_4.robot_supervisor]: Selected controllable event: EV_move_forward
[INFO] [1777619161.386636315] [robot_4.robot_supervisor]: Selected controllable event: EV_move_forward
[INFO] [1777619161.687301338] [robot_4.robot_supervisor]: Selected controllable event: EV_move_forward
[INFO] [1777619161.749973744] [robot_4.robot_supervisor]: Detected zone changed to LEFT
[INFO] [1777619161.986832316] [robot_4.robot_supervisor]: Selected controllable event: EV_rotate_clockwise
[INFO] [1777619164.386687636] [robot_4.robot_supervisor]: Selected controllable event: EV_rotate_clockwise
[INFO] [1777619164.386914949] [robot_4.robot_supervisor]: rotate_90 blocked by recent completion; stopping this tick
[INFO] [1777619164.486706946] [robot_4.robot_supervisor]: Selected controllable event: EV_rotate_clockwise
[INFO] [1777619164.486936648] [robot_4.robot_supervisor]: rotate_90 blocked by recent completion; stopping this tick
[INFO] [1777619164.586973594] [robot_4.robot_supervisor]: Selected controllable event: EV_rotate_clockwise
[INFO] [1777619166.786726612] [robot_4.robot_supervisor]: Selected controllable event: EV_rotate_clockwise
[INFO] [1777619166.786975654] [robot_4.robot_supervisor]: rotate_90 blocked by recent completion; stopping this tick
[INFO] [1777619166.886824944] [robot_4.robot_supervisor]: Selected controllable event: EV_rotate_clockwise
[INFO] [1777619166.887131403] [robot_4.robot_supervisor]: rotate_90 blocked by recent completion; stopping this tick
[INFO] [1777619166.987083509] [robot_4.robot_supervisor]: Selected controllable event: EV_rotate_clockwise
[INFO] [1777619166.987588407] [robot_4.robot_supervisor]: rotate_90 blocked by recent completion; stopping this tick
[INFO] [1777619167.086729550] [robot_4.robot_supervisor]: Selected controllable event: EV_rotate_clockwise
[INFO] [1777619167.202867265] [robot_4.robot_supervisor]: Detected zone changed to CLEAR
[INFO] [1777619169.486742452] [robot_4.robot_supervisor]: Selected controllable event: EV_move_forward
[INFO] [1777619169.786999495] [robot_4.robot_supervisor]: Selected controllable event: EV_move_forward
[INFO] [1777619169.897784365] [robot_4.robot_supervisor]: Detected zone changed to RIGHT
[INFO] [1777619170.087006121] [robot_4.robot_supervisor]: Selected controllable event: EV_rotate_counterclockwise
[INFO] [1777619172.386638481] [robot_4.robot_supervisor]: Selected controllable event: EV_rotate_counterclockwise
[INFO] [1777619172.386864561] [robot_4.robot_supervisor]: rotate_90 blocked by recent completion; stopping this tick
[INFO] [1777619172.486813904] [robot_4.robot_supervisor]: Selected controllable event: EV_rotate_counterclockwise
[INFO] [1777619172.487172367] [robot_4.robot_supervisor]: rotate_90 blocked by recent completion; stopping this tick
[INFO] [1777619172.586571640] [robot_4.robot_supervisor]: Selected controllable event: EV_rotate_counterclockwise
[INFO] [1777619174.886664743] [robot_4.robot_supervisor]: Selected controllable event: EV_rotate_counterclockwise
[INFO] [1777619174.886998560] [robot_4.robot_supervisor]: rotate_90 blocked by recent completion; stopping this tick
[INFO] [1777619174.986573278] [robot_4.robot_supervisor]: Selected controllable event: EV_rotate_counterclockwise
[INFO] [1777619174.986830123] [robot_4.robot_supervisor]: rotate_90 blocked by recent completion; stopping this tick
[INFO] [1777619175.086611787] [robot_4.robot_supervisor]: Selected controllable event: EV_rotate_counterclockwise
[INFO] [1777619175.199913629] [robot_4.robot_supervisor]: Detected zone changed to CLEAR
[INFO] [1777619177.386671963] [robot_4.robot_supervisor]: Selected controllable event: EV_move_forward
[INFO] [1777619177.686672906] [robot_4.robot_supervisor]: Selected controllable event: EV_move_forward
[INFO] [1777619177.881212280] [robot_4.robot_supervisor]: Detected zone changed to CORNER
[INFO] [1777619177.986924424] [robot_4.robot_supervisor]: Selected controllable event: EV_move_backward
[INFO] [1777619178.386687792] [robot_4.robot_supervisor]: Selected controllable event: EV_rotate_counterclockwise
[INFO] [1777619180.517302945] [robot_4.robot_supervisor]: Detected zone changed to RIGHT
[INFO] [1777619180.686966381] [robot_4.robot_supervisor]: Selected controllable event: EV_rotate_counterclockwise
[INFO] [1777619180.687419489] [robot_4.robot_supervisor]: rotate_90 blocked by recent completion; stopping this tick
[INFO] [1777619180.786963149] [robot_4.robot_supervisor]: Selected controllable event: EV_rotate_counterclockwise
[INFO] [1777619180.787393627] [robot_4.robot_supervisor]: rotate_90 blocked by recent completion; stopping this tick
[INFO] [1777619180.886607016] [robot_4.robot_supervisor]: Selected controllable event: EV_rotate_counterclockwise
[INFO] [1777619183.187134268] [robot_4.robot_supervisor]: Selected controllable event: EV_rotate_counterclockwise
[INFO] [1777619183.187606069] [robot_4.robot_supervisor]: rotate_90 blocked by recent completion; stopping this tick
[INFO] [1777619183.286956090] [robot_4.robot_supervisor]: Selected controllable event: EV_rotate_counterclockwise
[INFO] [1777619183.287382576] [robot_4.robot_supervisor]: rotate_90 blocked by recent completion; stopping this tick
[INFO] [1777619183.386977888] [robot_4.robot_supervisor]: Selected controllable event: EV_rotate_counterclockwise
[INFO] [1777619183.387410289] [robot_4.robot_supervisor]: rotate_90 blocked by recent completion; stopping this tick
[INFO] [1777619183.486839702] [robot_4.robot_supervisor]: Selected controllable event: EV_rotate_counterclockwise
[INFO] [1777619185.786654703] [robot_4.robot_supervisor]: Selected controllable event: EV_rotate_counterclockwise
[INFO] [1777619185.786884897] [robot_4.robot_supervisor]: rotate_90 blocked by recent completion; stopping this tick
[INFO] [1777619185.816911090] [robot_4.robot_supervisor]: Detected zone changed to CLEAR
[INFO] [1777619185.886893774] [robot_4.robot_supervisor]: Selected controllable event: EV_move_forward
[INFO] [1777619186.187453753] [robot_4.robot_supervisor]: Selected controllable event: EV_move_forward
[INFO] [1777619186.486660208] [robot_4.robot_supervisor]: Selected controllable event: EV_move_forward
[INFO] [1777619186.786786462] [robot_4.robot_supervisor]: Selected controllable event: EV_move_forward
[INFO] [1777619187.086865094] [robot_4.robot_supervisor]: Selected controllable event: EV_move_forward
[INFO] [1777619187.387259690] [robot_4.robot_supervisor]: Selected controllable event: EV_move_forward
[INFO] [1777619187.686906648] [robot_4.robot_supervisor]: Selected controllable event: EV_move_forward
[INFO] [1777619187.987004777] [robot_4.robot_supervisor]: Selected controllable event: EV_move_forward
[INFO] [1777619188.286930004] [robot_4.robot_supervisor]: Selected controllable event: EV_move_forward
[INFO] [1777619188.587366734] [robot_4.robot_supervisor]: Selected controllable event: EV_move_forward
[INFO] [1777619188.887395388] [robot_4.robot_supervisor]: Selected controllable event: EV_move_forward
[INFO] [1777619189.187712060] [robot_4.robot_supervisor]: Selected controllable event: EV_move_forward
[INFO] [1777619189.487209183] [robot_4.robot_supervisor]: Selected controllable event: EV_move_forward
[INFO] [1777619189.788008870] [robot_4.robot_supervisor]: Selected controllable event: EV_move_forward
[INFO] [1777619190.086990335] [robot_4.robot_supervisor]: Selected controllable event: EV_move_forward
[INFO] [1777619190.387005215] [robot_4.robot_supervisor]: Selected controllable event: EV_move_forward
[INFO] [1777619190.687969592] [robot_4.robot_supervisor]: Selected controllable event: EV_move_forward
[INFO] [1777619190.987016746] [robot_4.robot_supervisor]: Selected controllable event: EV_move_forward
[INFO] [1777619191.287033249] [robot_4.robot_supervisor]: Selected controllable event: EV_move_forward
[INFO] [1777619191.587374367] [robot_4.robot_supervisor]: Selected controllable event: EV_move_forward
[INFO] [1777619191.886947149] [robot_4.robot_supervisor]: Selected controllable event: EV_move_forward
[INFO] [1777619192.186984648] [robot_4.robot_supervisor]: Selected controllable event: EV_move_forward
[INFO] [1777619192.487064162] [robot_4.robot_supervisor]: Selected controllable event: EV_move_forward
[INFO] [1777619192.786897468] [robot_4.robot_supervisor]: Selected controllable event: EV_move_forward
[INFO] [1777619193.088172567] [robot_4.robot_supervisor]: Selected controllable event: EV_move_forward
[INFO] [1777619193.387856884] [robot_4.robot_supervisor]: Selected controllable event: EV_move_forward
[INFO] [1777619193.687015584] [robot_4.robot_supervisor]: Selected controllable event: EV_move_forward
[INFO] [1777619193.987012771] [robot_4.robot_supervisor]: Selected controllable event: EV_move_forward
[INFO] [1777619194.287017365] [robot_4.robot_supervisor]: Selected controllable event: EV_move_forward
[INFO] [1777619194.587894106] [robot_4.robot_supervisor]: Selected controllable event: EV_move_forward
[INFO] [1777619194.887823238] [robot_4.robot_supervisor]: Selected controllable event: EV_move_forward
[INFO] [1777619195.187025188] [robot_4.robot_supervisor]: Selected controllable event: EV_move_forward
[INFO] [1777619195.487117928] [robot_4.robot_supervisor]: Selected controllable event: EV_move_forward
[INFO] [1777619195.787513500] [robot_4.robot_supervisor]: Selected controllable event: EV_move_forward
[INFO] [1777619196.086959269] [robot_4.robot_supervisor]: Selected controllable event: EV_move_forward
[INFO] [1777619196.387017852] [robot_4.robot_supervisor]: Selected controllable event: EV_move_forward
[INFO] [1777619196.687599168] [robot_4.robot_supervisor]: Selected controllable event: EV_move_forward
[INFO] [1777619196.987109649] [robot_4.robot_supervisor]: Selected controllable event: EV_move_forward
[INFO] [1777619197.287829630] [robot_4.robot_supervisor]: Selected controllable event: EV_move_forward
[INFO] [1777619197.586987944] [robot_4.robot_supervisor]: Selected controllable event: EV_move_forward
[INFO] [1777619197.886947609] [robot_4.robot_supervisor]: Selected controllable event: EV_move_forward
[INFO] [1777619198.187020146] [robot_4.robot_supervisor]: Selected controllable event: EV_move_forward
[INFO] [1777619198.487787749] [robot_4.robot_supervisor]: Selected controllable event: EV_move_forward
[INFO] [1777619198.787987491] [robot_4.robot_supervisor]: Selected controllable event: EV_move_forward
[INFO] [1777619199.086995007] [robot_4.robot_supervisor]: Selected controllable event: EV_move_forward
[INFO] [1777619199.387712312] [robot_4.robot_supervisor]: Selected controllable event: EV_move_forward
[INFO] [1777619199.687211380] [robot_4.robot_supervisor]: Selected controllable event: EV_move_forward
[INFO] [1777619199.987023282] [robot_4.robot_supervisor]: Selected controllable event: EV_move_forward
[INFO] [1777619200.287589206] [robot_4.robot_supervisor]: Selected controllable event: EV_move_forward
[INFO] [1777619200.587845499] [robot_4.robot_supervisor]: Selected controllable event: EV_move_forward
[INFO] [1777619200.887063966] [robot_4.robot_supervisor]: Selected controllable event: EV_move_forward
[INFO] [1777619201.187542873] [robot_4.robot_supervisor]: Selected controllable event: EV_move_forward
[INFO] [1777619201.486972927] [robot_4.robot_supervisor]: Selected controllable event: EV_move_forward
[INFO] [1777619201.787490247] [robot_4.robot_supervisor]: Selected controllable event: EV_move_forward
[INFO] [1777619202.087002921] [robot_4.robot_supervisor]: Selected controllable event: EV_move_forward
[INFO] [1777619202.387965620] [robot_4.robot_supervisor]: Selected controllable event: EV_move_forward
[INFO] [1777619202.687827048] [robot_4.robot_supervisor]: Selected controllable event: EV_move_forward
[INFO] [1777619202.987659705] [robot_4.robot_supervisor]: Selected controllable event: EV_move_forward
[INFO] [1777619203.287549686] [robot_4.robot_supervisor]: Selected controllable event: EV_move_forward
[INFO] [1777619203.587003781] [robot_4.robot_supervisor]: Selected controllable event: EV_move_forward
[INFO] [1777619203.887442048] [robot_4.robot_supervisor]: Selected controllable event: EV_move_forward
[INFO] [1777619204.187114497] [robot_4.robot_supervisor]: Selected controllable event: EV_move_forward
[INFO] [1777619204.487486806] [robot_4.robot_supervisor]: Selected controllable event: EV_move_forward
[INFO] [1777619204.787211304] [robot_4.robot_supervisor]: Selected controllable event: EV_move_forward
[INFO] [1777619205.086831949] [robot_4.robot_supervisor]: Selected controllable event: EV_move_forward
[INFO] [1777619205.387198097] [robot_4.robot_supervisor]: Selected controllable event: EV_move_forward
[INFO] [1777619205.687029470] [robot_4.robot_supervisor]: Selected controllable event: EV_move_forward
[INFO] [1777619205.987347068] [robot_4.robot_supervisor]: Selected controllable event: EV_move_forward
[INFO] [1777619206.286960353] [robot_4.robot_supervisor]: Selected controllable event: EV_move_forward
[INFO] [1777619206.587294033] [robot_4.robot_supervisor]: Selected controllable event: EV_move_forward
[INFO] [1777619206.887037004] [robot_4.robot_supervisor]: Selected controllable event: EV_move_forward
[INFO] [1777619207.186919386] [robot_4.robot_supervisor]: Selected controllable event: EV_move_forward
[INFO] [1777619207.487250974] [robot_4.robot_supervisor]: Selected controllable event: EV_move_forward
[INFO] [1777619207.786878909] [robot_4.robot_supervisor]: Selected controllable event: EV_move_forward
[INFO] [1777619208.086926541] [robot_4.robot_supervisor]: Selected controllable event: EV_move_forward
[INFO] [1777619208.387176380] [robot_4.robot_supervisor]: Selected controllable event: EV_move_forward
[INFO] [1777619208.687086536] [robot_4.robot_supervisor]: Selected controllable event: EV_move_forward
[INFO] [1777619208.987426435] [robot_4.robot_supervisor]: Selected controllable event: EV_move_forward
[INFO] [1777619209.286909624] [robot_4.robot_supervisor]: Selected controllable event: EV_move_forward
[INFO] [1777619209.587009593] [robot_4.robot_supervisor]: Selected controllable event: EV_move_forward
[INFO] [1777619209.886820172] [robot_4.robot_supervisor]: Selected controllable event: EV_move_forward
[INFO] [1777619210.187094793] [robot_4.robot_supervisor]: Selected controllable event: EV_move_forward
[INFO] [1777619210.487220866] [robot_4.robot_supervisor]: Selected controllable event: EV_move_forward
[INFO] [1777619210.786909611] [robot_4.robot_supervisor]: Selected controllable event: EV_move_forward
[INFO] [1777619211.087404660] [robot_4.robot_supervisor]: Selected controllable event: EV_move_forward
[INFO] [1777619211.387200414] [robot_4.robot_supervisor]: Selected controllable event: EV_move_forward
[INFO] [1777619211.687188249] [robot_4.robot_supervisor]: Selected controllable event: EV_move_forward
[INFO] [1777619211.986849515] [robot_4.robot_supervisor]: Selected controllable event: EV_move_forward
[INFO] [1777619212.286837780] [robot_4.robot_supervisor]: Selected controllable event: EV_move_forward
[INFO] [1777619212.587205578] [robot_4.robot_supervisor]: Selected controllable event: EV_move_forward
[INFO] [1777619212.887315075] [robot_4.robot_supervisor]: Selected controllable event: EV_move_forward
[INFO] [1777619213.187062672] [robot_4.robot_supervisor]: Selected controllable event: EV_move_forward
[INFO] [1777619213.486910326] [robot_4.robot_supervisor]: Selected controllable event: EV_move_forward
[INFO] [1777619213.786799247] [robot_4.robot_supervisor]: Selected controllable event: EV_move_forward
[INFO] [1777619214.086971286] [robot_4.robot_supervisor]: Selected controllable event: EV_move_forward
[INFO] [1777619214.387100362] [robot_4.robot_supervisor]: Selected controllable event: EV_move_forward
[INFO] [1777619214.687153205] [robot_4.robot_supervisor]: Selected controllable event: EV_move_forward
[INFO] [1777619214.986873056] [robot_4.robot_supervisor]: Selected controllable event: EV_move_forward
[INFO] [1777619215.286973344] [robot_4.robot_supervisor]: Selected controllable event: EV_move_forward
[INFO] [1777619215.587094776] [robot_4.robot_supervisor]: Selected controllable event: EV_move_forward
[INFO] [1777619215.886976004] [robot_4.robot_supervisor]: Selected controllable event: EV_move_forward
[INFO] [1777619216.187211429] [robot_4.robot_supervisor]: Selected controllable event: EV_move_forward
[INFO] [1777619216.487300907] [robot_4.robot_supervisor]: Selected controllable event: EV_move_forward
[INFO] [1777619216.787268752] [robot_4.robot_supervisor]: Selected controllable event: EV_move_forward
[INFO] [1777619217.087162872] [robot_4.robot_supervisor]: Selected controllable event: EV_move_forward
[INFO] [1777619217.386958214] [robot_4.robot_supervisor]: Selected controllable event: EV_move_forward
[INFO] [1777619217.686946178] [robot_4.robot_supervisor]: Selected controllable event: EV_move_forward
[INFO] [1777619217.987275890] [robot_4.robot_supervisor]: Selected controllable event: EV_move_forward
[INFO] [1777619218.286772986] [robot_4.robot_supervisor]: Selected controllable event: EV_move_forward
[INFO] [1777619218.587274298] [robot_4.robot_supervisor]: Selected controllable event: EV_move_forward
[INFO] [1777619218.887199454] [robot_4.robot_supervisor]: Selected controllable event: EV_move_forward
[INFO] [1777619219.187207894] [robot_4.robot_supervisor]: Selected controllable event: EV_move_forward
[INFO] [1777619219.487263856] [robot_4.robot_supervisor]: Selected controllable event: EV_move_forward
[INFO] [1777619219.787050073] [robot_4.robot_supervisor]: Selected controllable event: EV_move_forward
[INFO] [1777619220.086772484] [robot_4.robot_supervisor]: Selected controllable event: EV_move_forward
[INFO] [1777619220.386766188] [robot_4.robot_supervisor]: Selected controllable event: EV_move_forward
[INFO] [1777619220.687284505] [robot_4.robot_supervisor]: Selected controllable event: EV_move_forward
[INFO] [1777619220.986879877] [robot_4.robot_supervisor]: Selected controllable event: EV_move_forward
[INFO] [1777619221.287191488] [robot_4.robot_supervisor]: Selected controllable event: EV_move_forward
[INFO] [1777619221.586902744] [robot_4.robot_supervisor]: Selected controllable event: EV_move_forward
[INFO] [1777619221.887039569] [robot_4.robot_supervisor]: Selected controllable event: EV_move_forward
[INFO] [1777619222.186781244] [robot_4.robot_supervisor]: Selected controllable event: EV_move_forward
[INFO] [1777619222.486970475] [robot_4.robot_supervisor]: Selected controllable event: EV_move_forward
[INFO] [1777619222.787164904] [robot_4.robot_supervisor]: Selected controllable event: EV_move_forward
[INFO] [1777619223.058809031] [robot_4.robot_supervisor]: Detected zone changed to CORNER
[INFO] [1777619223.087098792] [robot_4.robot_supervisor]: Selected controllable event: EV_move_backward
[INFO] [1777619223.487124833] [robot_4.robot_supervisor]: Selected controllable event: EV_rotate_counterclockwise
[INFO] [1777619225.905150714] [robot_4.robot_supervisor]: Detected zone changed to RIGHT
[INFO] [1777619225.987117199] [robot_4.robot_supervisor]: Selected controllable event: EV_rotate_counterclockwise
[INFO] [1777619225.987680243] [robot_4.robot_supervisor]: rotate_90 blocked by recent completion; stopping this tick
[INFO] [1777619226.086888544] [robot_4.robot_supervisor]: Selected controllable event: EV_rotate_counterclockwise
[INFO] [1777619226.087244247] [robot_4.robot_supervisor]: rotate_90 blocked by recent completion; stopping this tick
[INFO] [1777619226.187857511] [robot_4.robot_supervisor]: Selected controllable event: EV_rotate_counterclockwise
[INFO] [1777619228.686942859] [robot_4.robot_supervisor]: Selected controllable event: EV_rotate_counterclockwise
[INFO] [1777619228.687383486] [robot_4.robot_supervisor]: rotate_90 blocked by recent completion; stopping this tick
[INFO] [1777619228.787111954] [robot_4.robot_supervisor]: Selected controllable event: EV_rotate_counterclockwise
[INFO] [1777619228.787685986] [robot_4.robot_supervisor]: rotate_90 blocked by recent completion; stopping this tick
[INFO] [1777619228.886882082] [robot_4.robot_supervisor]: Selected controllable event: EV_rotate_counterclockwise
[INFO] [1777619231.187854945] [robot_4.robot_supervisor]: Selected controllable event: EV_rotate_counterclockwise
[INFO] [1777619231.188316874] [robot_4.robot_supervisor]: rotate_90 blocked by recent completion; stopping this tick
[INFO] [1777619231.286972365] [robot_4.robot_supervisor]: Selected controllable event: EV_rotate_counterclockwise
[INFO] [1777619231.287445859] [robot_4.robot_supervisor]: rotate_90 blocked by recent completion; stopping this tick
[INFO] [1777619231.387214183] [robot_4.robot_supervisor]: Selected controllable event: EV_rotate_counterclockwise
[INFO] [1777619231.387841623] [robot_4.robot_supervisor]: rotate_90 blocked by recent completion; stopping this tick
[INFO] [1777619231.488007064] [robot_4.robot_supervisor]: Selected controllable event: EV_rotate_counterclockwise
[INFO] [1777619231.583818819] [robot_4.robot_supervisor]: Detected zone changed to LEFT
[INFO] [1777619233.787191077] [robot_4.robot_supervisor]: Selected controllable event: EV_rotate_clockwise
[INFO] [1777619233.787768558] [robot_4.robot_supervisor]: rotate_90 blocked by recent completion; stopping this tick
[INFO] [1777619233.886861216] [robot_4.robot_supervisor]: Selected controllable event: EV_rotate_clockwise
[INFO] [1777619233.887316704] [robot_4.robot_supervisor]: rotate_90 blocked by recent completion; stopping this tick
[INFO] [1777619233.987152358] [robot_4.robot_supervisor]: Selected controllable event: EV_rotate_clockwise
[INFO] [1777619233.987784689] [robot_4.robot_supervisor]: rotate_90 blocked by recent completion; stopping this tick
[INFO] [1777619234.087099107] [robot_4.robot_supervisor]: Selected controllable event: EV_rotate_clockwise
[INFO] [1777619234.367273783] [robot_4.robot_supervisor]: Detected zone changed to CORNER
[INFO] [1777619236.487180390] [robot_4.robot_supervisor]: Selected controllable event: EV_move_backward
[INFO] [1777619236.886938818] [robot_4.robot_supervisor]: Selected controllable event: EV_rotate_counterclockwise
[INFO] [1777619237.134449468] [robot_4.robot_supervisor]: Detected zone changed to LEFT
[INFO] [1777619239.387293307] [robot_4.robot_supervisor]: Selected controllable event: EV_rotate_clockwise
[INFO] [1777619239.387996697] [robot_4.robot_supervisor]: rotate_90 blocked by recent completion; stopping this tick
[INFO] [1777619239.487234394] [robot_4.robot_supervisor]: Selected controllable event: EV_rotate_clockwise
[INFO] [1777619239.487889525] [robot_4.robot_supervisor]: rotate_90 blocked by recent completion; stopping this tick
[INFO] [1777619239.587139112] [robot_4.robot_supervisor]: Selected controllable event: EV_rotate_clockwise
[INFO] [1777619239.943634949] [robot_4.robot_supervisor]: Detected zone changed to CORNER
[INFO] [1777619241.787617846] [robot_4.robot_supervisor]: Selected controllable event: EV_move_backward
[INFO] [1777619242.187033493] [robot_4.robot_supervisor]: Selected controllable event: EV_rotate_counterclockwise
[INFO] [1777619242.655563567] [robot_4.robot_supervisor]: Detected zone changed to LEFT
[INFO] [1777619244.486849810] [robot_4.robot_supervisor]: Selected controllable event: EV_rotate_clockwise
[INFO] [1777619244.487216455] [robot_4.robot_supervisor]: rotate_90 blocked by recent completion; stopping this tick
[INFO] [1777619244.586872553] [robot_4.robot_supervisor]: Selected controllable event: EV_rotate_clockwise
[INFO] [1777619244.587300768] [robot_4.robot_supervisor]: rotate_90 blocked by recent completion; stopping this tick
[INFO] [1777619244.686850796] [robot_4.robot_supervisor]: Selected controllable event: EV_rotate_clockwise
[INFO] [1777619245.387262603] [robot_4.robot_supervisor]: Detected zone changed to CORNER
[INFO] [1777619246.987168669] [robot_4.robot_supervisor]: Selected controllable event: EV_move_backward
[INFO] [1777619247.387168217] [robot_4.robot_supervisor]: Selected controllable event: EV_rotate_counterclockwise
[INFO] [1777619249.786924438] [robot_4.robot_supervisor]: Selected controllable event: EV_full_rotate
[INFO] [1777619249.787418367] [robot_4.robot_supervisor]: Starting FULL ROTATE (omega=1.000, have_odom=True, target_rad=3.142, timeout_s=3.500)
[INFO] [1777619249.887195574] [robot_4.robot_supervisor]: FULL ROTATE active (accum_rad=0.000, timed_fallback=False, stall_count=0)
[INFO] [1777619249.987146580] [robot_4.robot_supervisor]: FULL ROTATE active (accum_rad=0.002, timed_fallback=False, stall_count=0)
[INFO] [1777619250.086809529] [robot_4.robot_supervisor]: FULL ROTATE active (accum_rad=0.027, timed_fallback=False, stall_count=0)
[INFO] [1777619250.186891963] [robot_4.robot_supervisor]: FULL ROTATE active (accum_rad=0.083, timed_fallback=False, stall_count=0)
[INFO] [1777619250.286749220] [robot_4.robot_supervisor]: FULL ROTATE active (accum_rad=0.168, timed_fallback=False, stall_count=0)
[INFO] [1777619250.387183564] [robot_4.robot_supervisor]: FULL ROTATE active (accum_rad=0.268, timed_fallback=False, stall_count=0)
[INFO] [1777619250.487073324] [robot_4.robot_supervisor]: FULL ROTATE active (accum_rad=0.318, timed_fallback=False, stall_count=0)
[INFO] [1777619250.587136251] [robot_4.robot_supervisor]: FULL ROTATE active (accum_rad=0.418, timed_fallback=False, stall_count=0)
[INFO] [1777619250.686793779] [robot_4.robot_supervisor]: FULL ROTATE active (accum_rad=0.518, timed_fallback=False, stall_count=0)
[INFO] [1777619250.787273822] [robot_4.robot_supervisor]: FULL ROTATE active (accum_rad=0.618, timed_fallback=False, stall_count=0)
[INFO] [1777619250.887902440] [robot_4.robot_supervisor]: FULL ROTATE active (accum_rad=0.718, timed_fallback=False, stall_count=0)
[INFO] [1777619250.986801291] [robot_4.robot_supervisor]: FULL ROTATE active (accum_rad=0.818, timed_fallback=False, stall_count=0)
[INFO] [1777619251.086735791] [robot_4.robot_supervisor]: FULL ROTATE active (accum_rad=0.868, timed_fallback=False, stall_count=0)
[INFO] [1777619251.187070549] [robot_4.robot_supervisor]: FULL ROTATE active (accum_rad=0.968, timed_fallback=False, stall_count=0)
[INFO] [1777619251.287145908] [robot_4.robot_supervisor]: FULL ROTATE active (accum_rad=1.068, timed_fallback=False, stall_count=0)
[INFO] [1777619251.387050118] [robot_4.robot_supervisor]: FULL ROTATE active (accum_rad=1.168, timed_fallback=False, stall_count=0)
[INFO] [1777619251.486986043] [robot_4.robot_supervisor]: FULL ROTATE active (accum_rad=1.268, timed_fallback=False, stall_count=0)
[INFO] [1777619251.587161156] [robot_4.robot_supervisor]: FULL ROTATE active (accum_rad=1.318, timed_fallback=False, stall_count=0)
[INFO] [1777619251.687166139] [robot_4.robot_supervisor]: FULL ROTATE active (accum_rad=1.368, timed_fallback=False, stall_count=0)
[INFO] [1777619251.787234998] [robot_4.robot_supervisor]: FULL ROTATE active (accum_rad=1.468, timed_fallback=False, stall_count=0)
[INFO] [1777619251.887051742] [robot_4.robot_supervisor]: FULL ROTATE active (accum_rad=1.568, timed_fallback=False, stall_count=0)
[INFO] [1777619251.987004458] [robot_4.robot_supervisor]: FULL ROTATE active (accum_rad=1.668, timed_fallback=False, stall_count=0)
[INFO] [1777619252.086792169] [robot_4.robot_supervisor]: FULL ROTATE active (accum_rad=1.768, timed_fallback=False, stall_count=0)
[INFO] [1777619252.186889002] [robot_4.robot_supervisor]: FULL ROTATE active (accum_rad=1.868, timed_fallback=False, stall_count=0)
[INFO] [1777619252.286842239] [robot_4.robot_supervisor]: FULL ROTATE active (accum_rad=1.968, timed_fallback=False, stall_count=0)
[INFO] [1777619252.386713518] [robot_4.robot_supervisor]: FULL ROTATE active (accum_rad=2.068, timed_fallback=False, stall_count=0)
[INFO] [1777619252.486978967] [robot_4.robot_supervisor]: FULL ROTATE active (accum_rad=2.168, timed_fallback=False, stall_count=0)
[INFO] [1777619252.586878127] [robot_4.robot_supervisor]: FULL ROTATE active (accum_rad=2.268, timed_fallback=False, stall_count=0)
[INFO] [1777619252.686728669] [robot_4.robot_supervisor]: FULL ROTATE active (accum_rad=2.318, timed_fallback=False, stall_count=0)
[INFO] [1777619252.786969971] [robot_4.robot_supervisor]: FULL ROTATE active (accum_rad=2.418, timed_fallback=False, stall_count=0)
[INFO] [1777619252.886961397] [robot_4.robot_supervisor]: FULL ROTATE active (accum_rad=2.518, timed_fallback=False, stall_count=0)
[INFO] [1777619252.986951071] [robot_4.robot_supervisor]: FULL ROTATE active (accum_rad=2.618, timed_fallback=False, stall_count=0)
[INFO] [1777619253.086644280] [robot_4.robot_supervisor]: FULL ROTATE active (accum_rad=2.718, timed_fallback=False, stall_count=0)
[INFO] [1777619253.187105119] [robot_4.robot_supervisor]: FULL ROTATE active (accum_rad=2.818, timed_fallback=False, stall_count=0)
[INFO] [1777619253.286787619] [robot_4.robot_supervisor]: FULL ROTATE active (accum_rad=2.868, timed_fallback=False, stall_count=0)
[INFO] [1777619253.386944105] [robot_4.robot_supervisor]: FULL ROTATE active (accum_rad=2.968, timed_fallback=False, stall_count=0)
[INFO] [1777619253.387709978] [robot_4.robot_supervisor]: FULL ROTATE completed by timeout
[INFO] [1777619253.388350964] [robot_4.robot_supervisor]: FULL ROTATE stopped; supervisor will select next event next tick
[INFO] [1777619253.687094006] [robot_4.robot_supervisor]: Selected controllable event: EV_move_backward
[INFO] [1777619253.719158452] [robot_4.robot_supervisor]: Detected zone changed to CLEAR
[INFO] [1777619254.087003434] [robot_4.robot_supervisor]: Selected controllable event: EV_rotate_counterclockwise
[INFO] [1777619256.387127942] [robot_4.robot_supervisor]: Selected controllable event: EV_move_forward
[INFO] [1777619256.687132152] [robot_4.robot_supervisor]: Selected controllable event: EV_move_forward
[INFO] [1777619256.987038063] [robot_4.robot_supervisor]: Selected controllable event: EV_move_forward
[INFO] [1777619257.287224269] [robot_4.robot_supervisor]: Selected controllable event: EV_move_forward
[INFO] [1777619257.587227781] [robot_4.robot_supervisor]: Selected controllable event: EV_move_forward
[INFO] [1777619257.886806872] [robot_4.robot_supervisor]: Selected controllable event: EV_move_forward
[INFO] [1777619258.186889843] [robot_4.robot_supervisor]: Selected controllable event: EV_move_forward
[INFO] [1777619258.486851736] [robot_4.robot_supervisor]: Selected controllable event: EV_move_forward
[INFO] [1777619258.787149973] [robot_4.robot_supervisor]: Selected controllable event: EV_move_forward
[INFO] [1777619259.086952858] [robot_4.robot_supervisor]: Selected controllable event: EV_move_forward
[INFO] [1777619259.386859818] [robot_4.robot_supervisor]: Selected controllable event: EV_move_forward
[INFO] [1777619259.686764940] [robot_4.robot_supervisor]: Selected controllable event: EV_move_forward
[INFO] [1777619259.987274526] [robot_4.robot_supervisor]: Selected controllable event: EV_move_forward
[INFO] [1777619260.286882751] [robot_4.robot_supervisor]: Selected controllable event: EV_move_forward
[INFO] [1777619260.586868211] [robot_4.robot_supervisor]: Selected controllable event: EV_move_forward
[INFO] [1777619260.886911446] [robot_4.robot_supervisor]: Selected controllable event: EV_move_forward
[INFO] [1777619261.187295669] [robot_4.robot_supervisor]: Selected controllable event: EV_move_forward
[INFO] [1777619261.487136647] [robot_4.robot_supervisor]: Selected controllable event: EV_move_forward
[INFO] [1777619261.786786487] [robot_4.robot_supervisor]: Selected controllable event: EV_move_forward
[INFO] [1777619262.086796652] [robot_4.robot_supervisor]: Selected controllable event: EV_move_forward
[INFO] [1777619262.386930698] [robot_4.robot_supervisor]: Selected controllable event: EV_move_forward
[INFO] [1777619262.686851408] [robot_4.robot_supervisor]: Selected controllable event: EV_move_forward
[INFO] [1777619262.987215995] [robot_4.robot_supervisor]: Selected controllable event: EV_move_forward
[INFO] [1777619263.286822540] [robot_4.robot_supervisor]: Selected controllable event: EV_move_forward
[INFO] [1777619263.586953795] [robot_4.robot_supervisor]: Selected controllable event: EV_move_forward
[INFO] [1777619263.887211053] [robot_4.robot_supervisor]: Selected controllable event: EV_move_forward
[INFO] [1777619264.187290706] [robot_4.robot_supervisor]: Selected controllable event: EV_move_forward
[INFO] [1777619264.487216590] [robot_4.robot_supervisor]: Selected controllable event: EV_move_forward
[INFO] [1777619264.786831873] [robot_4.robot_supervisor]: Selected controllable event: EV_move_forward
[INFO] [1777619265.087229763] [robot_4.robot_supervisor]: Selected controllable event: EV_move_forward
[INFO] [1777619265.386916726] [robot_4.robot_supervisor]: Selected controllable event: EV_move_forward
[INFO] [1777619265.687146278] [robot_4.robot_supervisor]: Selected controllable event: EV_move_forward
[INFO] [1777619265.987044158] [robot_4.robot_supervisor]: Selected controllable event: EV_move_forward
[INFO] [1777619266.286810170] [robot_4.robot_supervisor]: Selected controllable event: EV_move_forward
[INFO] [1777619266.587225536] [robot_4.robot_supervisor]: Selected controllable event: EV_move_forward
[INFO] [1777619266.887273798] [robot_4.robot_supervisor]: Selected controllable event: EV_move_forward
[INFO] [1777619267.187219739] [robot_4.robot_supervisor]: Selected controllable event: EV_move_forward
[INFO] [1777619267.486711443] [robot_4.robot_supervisor]: Selected controllable event: EV_move_forward
[INFO] [1777619267.786845244] [robot_4.robot_supervisor]: Selected controllable event: EV_move_forward
[INFO] [1777619268.086789700] [robot_4.robot_supervisor]: Selected controllable event: EV_move_forward
[INFO] [1777619268.386919746] [robot_4.robot_supervisor]: Selected controllable event: EV_move_forward
[INFO] [1777619268.686906450] [robot_4.robot_supervisor]: Selected controllable event: EV_move_forward
[INFO] [1777619268.986775027] [robot_4.robot_supervisor]: Selected controllable event: EV_move_forward
[INFO] [1777619269.286952378] [robot_4.robot_supervisor]: Selected controllable event: EV_move_forward
[INFO] [1777619269.586788972] [robot_4.robot_supervisor]: Selected controllable event: EV_move_forward
[INFO] [1777619269.886880117] [robot_4.robot_supervisor]: Selected controllable event: EV_move_forward
[INFO] [1777619270.187038384] [robot_4.robot_supervisor]: Selected controllable event: EV_move_forward
[INFO] [1777619270.487177489] [robot_4.robot_supervisor]: Selected controllable event: EV_move_forward
[INFO] [1777619270.787266004] [robot_4.robot_supervisor]: Selected controllable event: EV_move_forward
[INFO] [1777619271.086848157] [robot_4.robot_supervisor]: Selected controllable event: EV_move_forward
[INFO] [1777619271.386752531] [robot_4.robot_supervisor]: Selected controllable event: EV_move_forward
[INFO] [1777619271.686932643] [robot_4.robot_supervisor]: Selected controllable event: EV_move_forward
[INFO] [1777619271.986887380] [robot_4.robot_supervisor]: Selected controllable event: EV_move_forward
[INFO] [1777619272.286819224] [robot_4.robot_supervisor]: Selected controllable event: EV_move_forward
[INFO] [1777619272.586994005] [robot_4.robot_supervisor]: Selected controllable event: EV_move_forward
[INFO] [1777619272.887140442] [robot_4.robot_supervisor]: Selected controllable event: EV_move_forward
[INFO] [1777619273.186918307] [robot_4.robot_supervisor]: Selected controllable event: EV_move_forward
[INFO] [1777619273.486945387] [robot_4.robot_supervisor]: Selected controllable event: EV_move_forward
[INFO] [1777619273.787164532] [robot_4.robot_supervisor]: Selected controllable event: EV_move_forward
[INFO] [1777619274.086917140] [robot_4.robot_supervisor]: Selected controllable event: EV_move_forward
[INFO] [1777619274.387173126] [robot_4.robot_supervisor]: Selected controllable event: EV_move_forward
[INFO] [1777619274.686942821] [robot_4.robot_supervisor]: Selected controllable event: EV_move_forward
[INFO] [1777619274.987238213] [robot_4.robot_supervisor]: Selected controllable event: EV_move_forward
[INFO] [1777619275.287097858] [robot_4.robot_supervisor]: Selected controllable event: EV_move_forward
[INFO] [1777619275.586880511] [robot_4.robot_supervisor]: Selected controllable event: EV_move_forward
[INFO] [1777619275.856980125] [robot_4.robot_supervisor]: Detected zone changed to CORNER
[INFO] [1777619275.886717953] [robot_4.robot_supervisor]: Selected controllable event: EV_move_backward
[INFO] [1777619276.286905376] [robot_4.robot_supervisor]: Selected controllable event: EV_rotate_counterclockwise
[INFO] [1777619278.640424147] [robot_4.robot_supervisor]: Detected zone changed to RIGHT
[INFO] [1777619278.687181572] [robot_4.robot_supervisor]: Selected controllable event: EV_rotate_counterclockwise
[INFO] [1777619278.687897488] [robot_4.robot_supervisor]: rotate_90 blocked by recent completion; stopping this tick
[INFO] [1777619278.787127139] [robot_4.robot_supervisor]: Selected controllable event: EV_rotate_counterclockwise
[INFO] [1777619278.787689173] [robot_4.robot_supervisor]: rotate_90 blocked by recent completion; stopping this tick
[INFO] [1777619278.887171325] [robot_4.robot_supervisor]: Selected controllable event: EV_rotate_counterclockwise
[INFO] [1777619281.187235427] [robot_4.robot_supervisor]: Selected controllable event: EV_rotate_counterclockwise
[INFO] [1777619281.187940162] [robot_4.robot_supervisor]: rotate_90 blocked by recent completion; stopping this tick
[INFO] [1777619281.286882353] [robot_4.robot_supervisor]: Selected controllable event: EV_rotate_counterclockwise
[INFO] [1777619281.287508513] [robot_4.robot_supervisor]: rotate_90 blocked by recent completion; stopping this tick
[INFO] [1777619281.386965535] [robot_4.robot_supervisor]: Selected controllable event: EV_rotate_counterclockwise
[INFO] [1777619281.387377479] [robot_4.robot_supervisor]: rotate_90 blocked by recent completion; stopping this tick
[INFO] [1777619281.406237524] [robot_4.robot_supervisor]: Detected zone changed to LEFT
[INFO] [1777619281.486877177] [robot_4.robot_supervisor]: Selected controllable event: EV_rotate_clockwise
[INFO] [1777619283.787408998] [robot_4.robot_supervisor]: Selected controllable event: EV_rotate_clockwise
[INFO] [1777619283.788089471] [robot_4.robot_supervisor]: rotate_90 blocked by recent completion; stopping this tick
[INFO] [1777619283.887270684] [robot_4.robot_supervisor]: Selected controllable event: EV_rotate_clockwise
[INFO] [1777619283.887