[INFO] [1777619091.515195979] [robot_3.robot_supervisor]: Loaded initial mission 'explore' from explicit YAML explore_sup_gpt_new_1_run_5_406.yaml
[INFO] [1777619091.619375770] [robot_3.robot_supervisor]: Selected controllable event: EV_move_forward
[INFO] [1777619091.919276795] [robot_3.robot_supervisor]: Selected controllable event: EV_move_forward
[INFO] [1777619092.219075490] [robot_3.robot_supervisor]: Selected controllable event: EV_move_forward
[INFO] [1777619092.522639416] [robot_3.robot_supervisor]: Selected controllable event: EV_move_forward
[INFO] [1777619092.819502227] [robot_3.robot_supervisor]: Selected controllable event: EV_move_forward
[INFO] [1777619093.119402224] [robot_3.robot_supervisor]: Selected controllable event: EV_move_forward
[INFO] [1777619093.419338201] [robot_3.robot_supervisor]: Selected controllable event: EV_move_forward
[INFO] [1777619093.719426319] [robot_3.robot_supervisor]: Selected controllable event: EV_move_forward
[INFO] [1777619094.019431308] [robot_3.robot_supervisor]: Selected controllable event: EV_move_forward
[INFO] [1777619094.319424685] [robot_3.robot_supervisor]: Selected controllable event: EV_move_forward
[INFO] [1777619094.619617169] [robot_3.robot_supervisor]: Selected controllable event: EV_move_forward
[INFO] [1777619094.919135584] [robot_3.robot_supervisor]: Selected controllable event: EV_move_forward
[INFO] [1777619095.219748019] [robot_3.robot_supervisor]: Selected controllable event: EV_move_forward
[INFO] [1777619095.519140054] [robot_3.robot_supervisor]: Selected controllable event: EV_move_forward
[INFO] [1777619095.819191863] [robot_3.robot_supervisor]: Selected controllable event: EV_move_forward
[INFO] [1777619096.119468686] [robot_3.robot_supervisor]: Selected controllable event: EV_move_forward
[INFO] [1777619096.419098136] [robot_3.robot_supervisor]: Selected controllable event: EV_move_forward
[INFO] [1777619096.719416497] [robot_3.robot_supervisor]: Selected controllable event: EV_move_forward
[INFO] [1777619097.019114213] [robot_3.robot_supervisor]: Selected controllable event: EV_move_forward
[INFO] [1777619097.319126011] [robot_3.robot_supervisor]: Selected controllable event: EV_move_forward
[INFO] [1777619097.618983863] [robot_3.robot_supervisor]: Selected controllable event: EV_move_forward
[INFO] [1777619097.919202679] [robot_3.robot_supervisor]: Selected controllable event: EV_move_forward
[INFO] [1777619098.219061636] [robot_3.robot_supervisor]: Selected controllable event: EV_move_forward
[INFO] [1777619098.519332961] [robot_3.robot_supervisor]: Selected controllable event: EV_move_forward
[INFO] [1777619098.819372692] [robot_3.robot_supervisor]: Selected controllable event: EV_move_forward
[INFO] [1777619099.119096595] [robot_3.robot_supervisor]: Selected controllable event: EV_move_forward
[INFO] [1777619099.419467651] [robot_3.robot_supervisor]: Selected controllable event: EV_move_forward
[INFO] [1777619099.719260372] [robot_3.robot_supervisor]: Selected controllable event: EV_move_forward
[INFO] [1777619100.019149828] [robot_3.robot_supervisor]: Selected controllable event: EV_move_forward
[INFO] [1777619100.319154133] [robot_3.robot_supervisor]: Selected controllable event: EV_move_forward
[INFO] [1777619100.619163184] [robot_3.robot_supervisor]: Selected controllable event: EV_move_forward
[INFO] [1777619100.919769998] [robot_3.robot_supervisor]: Selected controllable event: EV_move_forward
[INFO] [1777619101.219216126] [robot_3.robot_supervisor]: Selected controllable event: EV_move_forward
[INFO] [1777619101.519154367] [robot_3.robot_supervisor]: Selected controllable event: EV_move_forward
[INFO] [1777619101.819350702] [robot_3.robot_supervisor]: Selected controllable event: EV_move_forward
[INFO] [1777619102.119596877] [robot_3.robot_supervisor]: Selected controllable event: EV_move_forward
[INFO] [1777619102.419188594] [robot_3.robot_supervisor]: Selected controllable event: EV_move_forward
[INFO] [1777619102.719155124] [robot_3.robot_supervisor]: Selected controllable event: EV_move_forward
[INFO] [1777619103.019135577] [robot_3.robot_supervisor]: Selected controllable event: EV_move_forward
[INFO] [1777619103.319669696] [robot_3.robot_supervisor]: Selected controllable event: EV_move_forward
[INFO] [1777619103.619774879] [robot_3.robot_supervisor]: Selected controllable event: EV_move_forward
[INFO] [1777619103.919553459] [robot_3.robot_supervisor]: Selected controllable event: EV_move_forward
[INFO] [1777619104.219449538] [robot_3.robot_supervisor]: Selected controllable event: EV_move_forward
[INFO] [1777619104.519727164] [robot_3.robot_supervisor]: Selected controllable event: EV_move_forward
[INFO] [1777619104.819478479] [robot_3.robot_supervisor]: Selected controllable event: EV_move_forward
[INFO] [1777619105.119247997] [robot_3.robot_supervisor]: Selected controllable event: EV_move_forward
[INFO] [1777619105.419160148] [robot_3.robot_supervisor]: Selected controllable event: EV_move_forward
[INFO] [1777619105.719657850] [robot_3.robot_supervisor]: Selected controllable event: EV_move_forward
[INFO] [1777619106.019377533] [robot_3.robot_supervisor]: Selected controllable event: EV_move_forward
[INFO] [1777619106.319217385] [robot_3.robot_supervisor]: Selected controllable event: EV_move_forward
[INFO] [1777619106.619237744] [robot_3.robot_supervisor]: Selected controllable event: EV_move_forward
[INFO] [1777619106.919116830] [robot_3.robot_supervisor]: Selected controllable event: EV_move_forward
[INFO] [1777619107.219129858] [robot_3.robot_supervisor]: Selected controllable event: EV_move_forward
[INFO] [1777619107.519156970] [robot_3.robot_supervisor]: Selected controllable event: EV_move_forward
[INFO] [1777619107.819197480] [robot_3.robot_supervisor]: Selected controllable event: EV_move_forward
[INFO] [1777619108.119325220] [robot_3.robot_supervisor]: Selected controllable event: EV_move_forward
[INFO] [1777619108.419628678] [robot_3.robot_supervisor]: Selected controllable event: EV_move_forward
[INFO] [1777619108.719325402] [robot_3.robot_supervisor]: Selected controllable event: EV_move_forward
[INFO] [1777619109.019121249] [robot_3.robot_supervisor]: Selected controllable event: EV_move_forward
[INFO] [1777619109.319440188] [robot_3.robot_supervisor]: Selected controllable event: EV_move_forward
[INFO] [1777619109.619131623] [robot_3.robot_supervisor]: Selected controllable event: EV_move_forward
[INFO] [1777619109.919279781] [robot_3.robot_supervisor]: Selected controllable event: EV_move_forward
[INFO] [1777619110.219406795] [robot_3.robot_supervisor]: Selected controllable event: EV_move_forward
[INFO] [1777619110.519553962] [robot_3.robot_supervisor]: Selected controllable event: EV_move_forward
[INFO] [1777619110.819445052] [robot_3.robot_supervisor]: Selected controllable event: EV_move_forward
[INFO] [1777619111.119560471] [robot_3.robot_supervisor]: Selected controllable event: EV_move_forward
[INFO] [1777619111.419632160] [robot_3.robot_supervisor]: Selected controllable event: EV_move_forward
[INFO] [1777619111.719372063] [robot_3.robot_supervisor]: Selected controllable event: EV_move_forward
[INFO] [1777619112.019451503] [robot_3.robot_supervisor]: Selected controllable event: EV_move_forward
[INFO] [1777619112.319313387] [robot_3.robot_supervisor]: Selected controllable event: EV_move_forward
[INFO] [1777619112.619473435] [robot_3.robot_supervisor]: Selected controllable event: EV_move_forward
[INFO] [1777619112.919520177] [robot_3.robot_supervisor]: Selected controllable event: EV_move_forward
[INFO] [1777619113.015213382] [robot_3.robot_supervisor]: Detected zone changed to CORNER
[INFO] [1777619113.219473607] [robot_3.robot_supervisor]: Selected controllable event: EV_move_backward
[INFO] [1777619113.619451728] [robot_3.robot_supervisor]: Selected controllable event: EV_rotate_counterclockwise
[INFO] [1777619115.919325514] [robot_3.robot_supervisor]: Selected controllable event: EV_full_rotate
[INFO] [1777619115.919774013] [robot_3.robot_supervisor]: Starting FULL ROTATE (omega=1.000, have_odom=True, target_rad=3.142, timeout_s=3.500)
[INFO] [1777619116.019289910] [robot_3.robot_supervisor]: FULL ROTATE active (accum_rad=0.000, timed_fallback=False, stall_count=0)
[INFO] [1777619116.119625995] [robot_3.robot_supervisor]: FULL ROTATE active (accum_rad=0.013, timed_fallback=False, stall_count=0)
[INFO] [1777619116.219212458] [robot_3.robot_supervisor]: FULL ROTATE active (accum_rad=0.031, timed_fallback=False, stall_count=0)
[INFO] [1777619116.319078534] [robot_3.robot_supervisor]: FULL ROTATE active (accum_rad=0.090, timed_fallback=False, stall_count=0)
[INFO] [1777619116.419388973] [robot_3.robot_supervisor]: FULL ROTATE active (accum_rad=0.178, timed_fallback=False, stall_count=0)
[INFO] [1777619116.519423597] [robot_3.robot_supervisor]: FULL ROTATE active (accum_rad=0.278, timed_fallback=False, stall_count=0)
[INFO] [1777619116.619471353] [robot_3.robot_supervisor]: FULL ROTATE active (accum_rad=0.378, timed_fallback=False, stall_count=0)
[INFO] [1777619116.719341210] [robot_3.robot_supervisor]: FULL ROTATE active (accum_rad=0.478, timed_fallback=False, stall_count=0)
[INFO] [1777619116.819392285] [robot_3.robot_supervisor]: FULL ROTATE active (accum_rad=0.528, timed_fallback=False, stall_count=0)
[INFO] [1777619116.919407220] [robot_3.robot_supervisor]: FULL ROTATE active (accum_rad=0.628, timed_fallback=False, stall_count=0)
[INFO] [1777619117.019739293] [robot_3.robot_supervisor]: FULL ROTATE active (accum_rad=0.728, timed_fallback=False, stall_count=0)
[INFO] [1777619117.119434924] [robot_3.robot_supervisor]: FULL ROTATE active (accum_rad=0.828, timed_fallback=False, stall_count=0)
[INFO] [1777619117.219530663] [robot_3.robot_supervisor]: FULL ROTATE active (accum_rad=0.928, timed_fallback=False, stall_count=0)
[INFO] [1777619117.319101372] [robot_3.robot_supervisor]: FULL ROTATE active (accum_rad=1.028, timed_fallback=False, stall_count=0)
[INFO] [1777619117.419121050] [robot_3.robot_supervisor]: FULL ROTATE active (accum_rad=1.128, timed_fallback=False, stall_count=0)
[INFO] [1777619117.519042655] [robot_3.robot_supervisor]: FULL ROTATE active (accum_rad=1.228, timed_fallback=False, stall_count=0)
[INFO] [1777619117.619166098] [robot_3.robot_supervisor]: FULL ROTATE active (accum_rad=1.328, timed_fallback=False, stall_count=0)
[INFO] [1777619117.719648268] [robot_3.robot_supervisor]: FULL ROTATE active (accum_rad=1.428, timed_fallback=False, stall_count=0)
[INFO] [1777619117.819026689] [robot_3.robot_supervisor]: FULL ROTATE active (accum_rad=1.478, timed_fallback=False, stall_count=0)
[INFO] [1777619117.919076835] [robot_3.robot_supervisor]: FULL ROTATE active (accum_rad=1.578, timed_fallback=False, stall_count=0)
[INFO] [1777619118.019226757] [robot_3.robot_supervisor]: FULL ROTATE active (accum_rad=1.678, timed_fallback=False, stall_count=0)
[INFO] [1777619118.119064870] [robot_3.robot_supervisor]: FULL ROTATE active (accum_rad=1.778, timed_fallback=False, stall_count=0)
[INFO] [1777619118.219072151] [robot_3.robot_supervisor]: FULL ROTATE active (accum_rad=1.878, timed_fallback=False, stall_count=0)
[INFO] [1777619118.223033014] [robot_3.robot_supervisor]: Detected zone changed to LEFT
[INFO] [1777619118.319346563] [robot_3.robot_supervisor]: FULL ROTATE active (accum_rad=1.978, timed_fallback=False, stall_count=0)
[INFO] [1777619118.419383173] [robot_3.robot_supervisor]: FULL ROTATE active (accum_rad=2.028, timed_fallback=False, stall_count=0)
[INFO] [1777619118.519149428] [robot_3.robot_supervisor]: FULL ROTATE active (accum_rad=2.128, timed_fallback=False, stall_count=0)
[INFO] [1777619118.619107525] [robot_3.robot_supervisor]: FULL ROTATE active (accum_rad=2.228, timed_fallback=False, stall_count=0)
[INFO] [1777619118.719125645] [robot_3.robot_supervisor]: FULL ROTATE active (accum_rad=2.328, timed_fallback=False, stall_count=0)
[INFO] [1777619118.819082274] [robot_3.robot_supervisor]: FULL ROTATE active (accum_rad=2.428, timed_fallback=False, stall_count=0)
[INFO] [1777619118.919111197] [robot_3.robot_supervisor]: FULL ROTATE active (accum_rad=2.478, timed_fallback=False, stall_count=0)
[INFO] [1777619119.019098127] [robot_3.robot_supervisor]: FULL ROTATE active (accum_rad=2.578, timed_fallback=False, stall_count=0)
[INFO] [1777619119.119092860] [robot_3.robot_supervisor]: FULL ROTATE active (accum_rad=2.678, timed_fallback=False, stall_count=0)
[INFO] [1777619119.219169441] [robot_3.robot_supervisor]: FULL ROTATE active (accum_rad=2.778, timed_fallback=False, stall_count=0)
[INFO] [1777619119.319396458] [robot_3.robot_supervisor]: FULL ROTATE active (accum_rad=2.878, timed_fallback=False, stall_count=0)
[INFO] [1777619119.419045314] [robot_3.robot_supervisor]: FULL ROTATE active (accum_rad=2.978, timed_fallback=False, stall_count=0)
[INFO] [1777619119.519092588] [robot_3.robot_supervisor]: FULL ROTATE active (accum_rad=3.078, timed_fallback=False, stall_count=0)
[INFO] [1777619119.519564686] [robot_3.robot_supervisor]: FULL ROTATE completed by timeout
[INFO] [1777619119.520027353] [robot_3.robot_supervisor]: FULL ROTATE stopped; supervisor will select next event next tick
[INFO] [1777619119.919116217] [robot_3.robot_supervisor]: Selected controllable event: EV_rotate_clockwise
[INFO] [1777619120.930738388] [robot_3.robot_supervisor]: Detected zone changed to CORNER
[INFO] [1777619122.119146705] [robot_3.robot_supervisor]: Selected controllable event: EV_move_backward
[INFO] [1777619122.519436175] [robot_3.robot_supervisor]: Selected controllable event: EV_rotate_counterclockwise
[INFO] [1777619124.919142428] [robot_3.robot_supervisor]: Selected controllable event: EV_full_rotate
[INFO] [1777619124.919395429] [robot_3.robot_supervisor]: Starting FULL ROTATE (omega=1.000, have_odom=True, target_rad=3.142, timeout_s=3.500)
[INFO] [1777619125.019398811] [robot_3.robot_supervisor]: FULL ROTATE active (accum_rad=0.000, timed_fallback=False, stall_count=0)
[INFO] [1777619125.119279515] [robot_3.robot_supervisor]: FULL ROTATE active (accum_rad=0.006, timed_fallback=False, stall_count=0)
[INFO] [1777619125.219320660] [robot_3.robot_supervisor]: FULL ROTATE active (accum_rad=0.037, timed_fallback=False, stall_count=0)
[INFO] [1777619125.319318629] [robot_3.robot_supervisor]: FULL ROTATE active (accum_rad=0.099, timed_fallback=False, stall_count=0)
[INFO] [1777619125.419168187] [robot_3.robot_supervisor]: FULL ROTATE active (accum_rad=0.189, timed_fallback=False, stall_count=0)
[INFO] [1777619125.519066148] [robot_3.robot_supervisor]: FULL ROTATE active (accum_rad=0.289, timed_fallback=False, stall_count=0)
[INFO] [1777619125.619374935] [robot_3.robot_supervisor]: FULL ROTATE active (accum_rad=0.389, timed_fallback=False, stall_count=0)
[INFO] [1777619125.719349142] [robot_3.robot_supervisor]: FULL ROTATE active (accum_rad=0.489, timed_fallback=False, stall_count=0)
[INFO] [1777619125.819118954] [robot_3.robot_supervisor]: FULL ROTATE active (accum_rad=0.589, timed_fallback=False, stall_count=0)
[INFO] [1777619125.919356146] [robot_3.robot_supervisor]: FULL ROTATE active (accum_rad=0.639, timed_fallback=False, stall_count=0)
[INFO] [1777619126.019689812] [robot_3.robot_supervisor]: FULL ROTATE active (accum_rad=0.739, timed_fallback=False, stall_count=0)
[INFO] [1777619126.119532168] [robot_3.robot_supervisor]: FULL ROTATE active (accum_rad=0.839, timed_fallback=False, stall_count=0)
[INFO] [1777619126.219427502] [robot_3.robot_supervisor]: FULL ROTATE active (accum_rad=0.939, timed_fallback=False, stall_count=0)
[INFO] [1777619126.319371140] [robot_3.robot_supervisor]: FULL ROTATE active (accum_rad=1.039, timed_fallback=False, stall_count=0)
[INFO] [1777619126.419425134] [robot_3.robot_supervisor]: FULL ROTATE active (accum_rad=1.139, timed_fallback=False, stall_count=0)
[INFO] [1777619126.518961781] [robot_3.robot_supervisor]: FULL ROTATE active (accum_rad=1.239, timed_fallback=False, stall_count=0)
[INFO] [1777619126.619138523] [robot_3.robot_supervisor]: FULL ROTATE active (accum_rad=1.339, timed_fallback=False, stall_count=0)
[INFO] [1777619126.718999319] [robot_3.robot_supervisor]: FULL ROTATE active (accum_rad=1.439, timed_fallback=False, stall_count=0)
[INFO] [1777619126.819262038] [robot_3.robot_supervisor]: FULL ROTATE active (accum_rad=1.539, timed_fallback=False, stall_count=0)
[INFO] [1777619126.919489774] [robot_3.robot_supervisor]: FULL ROTATE active (accum_rad=1.639, timed_fallback=False, stall_count=0)
[INFO] [1777619127.019373765] [robot_3.robot_supervisor]: FULL ROTATE active (accum_rad=1.689, timed_fallback=False, stall_count=0)
[INFO] [1777619127.119173543] [robot_3.robot_supervisor]: FULL ROTATE active (accum_rad=1.789, timed_fallback=False, stall_count=0)
[INFO] [1777619127.219088120] [robot_3.robot_supervisor]: FULL ROTATE active (accum_rad=1.889, timed_fallback=False, stall_count=0)
[INFO] [1777619127.319482773] [robot_3.robot_supervisor]: FULL ROTATE active (accum_rad=1.989, timed_fallback=False, stall_count=0)
[INFO] [1777619127.419381052] [robot_3.robot_supervisor]: FULL ROTATE active (accum_rad=2.089, timed_fallback=False, stall_count=0)
[INFO] [1777619127.519453050] [robot_3.robot_supervisor]: FULL ROTATE active (accum_rad=2.139, timed_fallback=False, stall_count=0)
[INFO] [1777619127.619624306] [robot_3.robot_supervisor]: FULL ROTATE active (accum_rad=2.239, timed_fallback=False, stall_count=0)
[INFO] [1777619127.719099694] [robot_3.robot_supervisor]: FULL ROTATE active (accum_rad=2.339, timed_fallback=False, stall_count=0)
[INFO] [1777619127.819100830] [robot_3.robot_supervisor]: FULL ROTATE active (accum_rad=2.439, timed_fallback=False, stall_count=0)
[INFO] [1777619127.919126561] [robot_3.robot_supervisor]: FULL ROTATE active (accum_rad=2.539, timed_fallback=False, stall_count=0)
[INFO] [1777619128.019136763] [robot_3.robot_supervisor]: FULL ROTATE active (accum_rad=2.639, timed_fallback=False, stall_count=0)
[INFO] [1777619128.118949904] [robot_3.robot_supervisor]: FULL ROTATE active (accum_rad=2.739, timed_fallback=False, stall_count=0)
[INFO] [1777619128.219209641] [robot_3.robot_supervisor]: FULL ROTATE active (accum_rad=2.839, timed_fallback=False, stall_count=0)
[INFO] [1777619128.318947828] [robot_3.robot_supervisor]: FULL ROTATE active (accum_rad=2.939, timed_fallback=False, stall_count=0)
[INFO] [1777619128.419008653] [robot_3.robot_supervisor]: FULL ROTATE active (accum_rad=3.039, timed_fallback=False, stall_count=0)
[INFO] [1777619128.519180314] [robot_3.robot_supervisor]: FULL ROTATE active (accum_rad=3.139, timed_fallback=False, stall_count=0)
[INFO] [1777619128.519547709] [robot_3.robot_supervisor]: FULL ROTATE completed by timeout
[INFO] [1777619128.519845055] [robot_3.robot_supervisor]: FULL ROTATE stopped; supervisor will select next event next tick
[INFO] [1777619128.819409503] [robot_3.robot_supervisor]: Selected controllable event: EV_move_backward
[INFO] [1777619128.977579422] [robot_3.robot_supervisor]: Detected zone changed to RIGHT
[INFO] [1777619129.219142839] [robot_3.robot_supervisor]: Selected controllable event: EV_rotate_counterclockwise
[INFO] [1777619131.419317024] [robot_3.robot_supervisor]: Selected controllable event: EV_rotate_counterclockwise
[INFO] [1777619131.419626443] [robot_3.robot_supervisor]: rotate_90 blocked by recent completion; stopping this tick
[INFO] [1777619131.519400256] [robot_3.robot_supervisor]: Selected controllable event: EV_rotate_counterclockwise
[INFO] [1777619131.519796469] [robot_3.robot_supervisor]: rotate_90 blocked by recent completion; stopping this tick
[INFO] [1777619131.619256323] [robot_3.robot_supervisor]: Selected controllable event: EV_rotate_counterclockwise
[INFO] [1777619131.619606329] [robot_3.robot_supervisor]: rotate_90 blocked by recent completion; stopping this tick
[INFO] [1777619131.719650661] [robot_3.robot_supervisor]: Selected controllable event: EV_rotate_counterclockwise
[INFO] [1777619134.119378831] [robot_3.robot_supervisor]: Selected controllable event: EV_rotate_counterclockwise
[INFO] [1777619134.119613056] [robot_3.robot_supervisor]: rotate_90 blocked by recent completion; stopping this tick
[INFO] [1777619134.219104531] [robot_3.robot_supervisor]: Selected controllable event: EV_rotate_counterclockwise
[INFO] [1777619134.219335539] [robot_3.robot_supervisor]: rotate_90 blocked by recent completion; stopping this tick
[INFO] [1777619134.319430272] [robot_3.robot_supervisor]: Selected controllable event: EV_rotate_counterclockwise
[INFO] [1777619134.472775864] [robot_3.robot_supervisor]: Detected zone changed to CORNER
[INFO] [1777619136.719146779] [robot_3.robot_supervisor]: Selected controllable event: EV_move_backward
[INFO] [1777619137.119177961] [robot_3.robot_supervisor]: Selected controllable event: EV_rotate_counterclockwise
[INFO] [1777619139.519436848] [robot_3.robot_supervisor]: Selected controllable event: EV_full_rotate
[INFO] [1777619139.519928893] [robot_3.robot_supervisor]: Starting FULL ROTATE (omega=1.000, have_odom=True, target_rad=3.142, timeout_s=3.500)
[INFO] [1777619139.619035237] [robot_3.robot_supervisor]: FULL ROTATE active (accum_rad=0.000, timed_fallback=False, stall_count=0)
[INFO] [1777619139.719019281] [robot_3.robot_supervisor]: FULL ROTATE active (accum_rad=0.011, timed_fallback=False, stall_count=0)
[INFO] [1777619139.819095451] [robot_3.robot_supervisor]: FULL ROTATE active (accum_rad=0.051, timed_fallback=False, stall_count=0)
[INFO] [1777619139.831974424] [robot_3.robot_supervisor]: Detected zone changed to CLEAR
[INFO] [1777619139.919476307] [robot_3.robot_supervisor]: FULL ROTATE active (accum_rad=0.122, timed_fallback=False, stall_count=0)
[INFO] [1777619140.019438882] [robot_3.robot_supervisor]: FULL ROTATE active (accum_rad=0.168, timed_fallback=False, stall_count=0)
[INFO] [1777619140.119083077] [robot_3.robot_supervisor]: FULL ROTATE active (accum_rad=0.268, timed_fallback=False, stall_count=0)
[INFO] [1777619140.219081199] [robot_3.robot_supervisor]: FULL ROTATE active (accum_rad=0.368, timed_fallback=False, stall_count=0)
[INFO] [1777619140.319327789] [robot_3.robot_supervisor]: FULL ROTATE active (accum_rad=0.468, timed_fallback=False, stall_count=0)
[INFO] [1777619140.419384811] [robot_3.robot_supervisor]: FULL ROTATE active (accum_rad=0.568, timed_fallback=False, stall_count=0)
[INFO] [1777619140.519144261] [robot_3.robot_supervisor]: FULL ROTATE active (accum_rad=0.618, timed_fallback=False, stall_count=0)
[INFO] [1777619140.619104317] [robot_3.robot_supervisor]: FULL ROTATE active (accum_rad=0.718, timed_fallback=False, stall_count=0)
[INFO] [1777619140.719390614] [robot_3.robot_supervisor]: FULL ROTATE active (accum_rad=0.818, timed_fallback=False, stall_count=0)
[INFO] [1777619140.819195775] [robot_3.robot_supervisor]: FULL ROTATE active (accum_rad=0.918, timed_fallback=False, stall_count=0)
[INFO] [1777619140.919123706] [robot_3.robot_supervisor]: FULL ROTATE active (accum_rad=1.018, timed_fallback=False, stall_count=0)
[INFO] [1777619141.019384136] [robot_3.robot_supervisor]: FULL ROTATE active (accum_rad=1.118, timed_fallback=False, stall_count=0)
[INFO] [1777619141.119319957] [robot_3.robot_supervisor]: FULL ROTATE active (accum_rad=1.218, timed_fallback=False, stall_count=0)
[INFO] [1777619141.219375410] [robot_3.robot_supervisor]: FULL ROTATE active (accum_rad=1.318, timed_fallback=False, stall_count=0)
[INFO] [1777619141.319096039] [robot_3.robot_supervisor]: FULL ROTATE active (accum_rad=1.418, timed_fallback=False, stall_count=0)
[INFO] [1777619141.419303767] [robot_3.robot_supervisor]: FULL ROTATE active (accum_rad=1.518, timed_fallback=False, stall_count=0)
[INFO] [1777619141.519395251] [robot_3.robot_supervisor]: FULL ROTATE active (accum_rad=1.618, timed_fallback=False, stall_count=0)
[INFO] [1777619141.619309402] [robot_3.robot_supervisor]: FULL ROTATE active (accum_rad=1.668, timed_fallback=False, stall_count=0)
[INFO] [1777619141.719020159] [robot_3.robot_supervisor]: FULL ROTATE active (accum_rad=1.768, timed_fallback=False, stall_count=0)
[INFO] [1777619141.819063299] [robot_3.robot_supervisor]: FULL ROTATE active (accum_rad=1.868, timed_fallback=False, stall_count=0)
[INFO] [1777619141.919070979] [robot_3.robot_supervisor]: FULL ROTATE active (accum_rad=1.968, timed_fallback=False, stall_count=0)
[INFO] [1777619142.019396157] [robot_3.robot_supervisor]: FULL ROTATE active (accum_rad=2.068, timed_fallback=False, stall_count=0)
[INFO] [1777619142.119085580] [robot_3.robot_supervisor]: FULL ROTATE active (accum_rad=2.118, timed_fallback=False, stall_count=0)
[INFO] [1777619142.219049329] [robot_3.robot_supervisor]: FULL ROTATE active (accum_rad=2.218, timed_fallback=False, stall_count=0)
[INFO] [1777619142.319079798] [robot_3.robot_supervisor]: FULL ROTATE active (accum_rad=2.318, timed_fallback=False, stall_count=0)
[INFO] [1777619142.419060259] [robot_3.robot_supervisor]: FULL ROTATE active (accum_rad=2.418, timed_fallback=False, stall_count=0)
[INFO] [1777619142.519070144] [robot_3.robot_supervisor]: FULL ROTATE active (accum_rad=2.518, timed_fallback=False, stall_count=0)
[INFO] [1777619142.619447657] [robot_3.robot_supervisor]: FULL ROTATE active (accum_rad=2.618, timed_fallback=False, stall_count=0)
[INFO] [1777619142.719133235] [robot_3.robot_supervisor]: FULL ROTATE active (accum_rad=2.668, timed_fallback=False, stall_count=0)
[INFO] [1777619142.819063172] [robot_3.robot_supervisor]: FULL ROTATE active (accum_rad=2.768, timed_fallback=False, stall_count=0)
[INFO] [1777619142.919103671] [robot_3.robot_supervisor]: FULL ROTATE active (accum_rad=2.868, timed_fallback=False, stall_count=0)
[INFO] [1777619143.019163001] [robot_3.robot_supervisor]: FULL ROTATE active (accum_rad=2.968, timed_fallback=False, stall_count=0)
[INFO] [1777619143.119585649] [robot_3.robot_supervisor]: FULL ROTATE active (accum_rad=3.068, timed_fallback=False, stall_count=0)
[INFO] [1777619143.120278839] [robot_3.robot_supervisor]: FULL ROTATE completed by timeout
[INFO] [1777619143.120900806] [robot_3.robot_supervisor]: FULL ROTATE stopped; supervisor will select next event next tick
[INFO] [1777619143.519141006] [robot_3.robot_supervisor]: Selected controllable event: EV_move_forward
[INFO] [1777619143.819567942] [robot_3.robot_supervisor]: Selected controllable event: EV_move_forward
[INFO] [1777619144.119409540] [robot_3.robot_supervisor]: Selected controllable event: EV_move_forward
[INFO] [1777619144.419690672] [robot_3.robot_supervisor]: Selected controllable event: EV_move_forward
[INFO] [1777619144.719457132] [robot_3.robot_supervisor]: Selected controllable event: EV_move_forward
[INFO] [1777619145.019193959] [robot_3.robot_supervisor]: Selected controllable event: EV_move_forward
[INFO] [1777619145.280290384] [robot_3.robot_supervisor]: Detected zone changed to CORNER
[INFO] [1777619145.319403799] [robot_3.robot_supervisor]: Selected controllable event: EV_move_backward
[INFO] [1777619145.719109971] [robot_3.robot_supervisor]: Selected controllable event: EV_rotate_counterclockwise
[INFO] [1777619148.019293773] [robot_3.robot_supervisor]: Selected controllable event: EV_full_rotate
[INFO] [1777619148.019550820] [robot_3.robot_supervisor]: Starting FULL ROTATE (omega=1.000, have_odom=True, target_rad=3.142, timeout_s=3.500)
[INFO] [1777619148.119047062] [robot_3.robot_supervisor]: FULL ROTATE active (accum_rad=0.000, timed_fallback=False, stall_count=0)
[INFO] [1777619148.219341982] [robot_3.robot_supervisor]: FULL ROTATE active (accum_rad=0.007, timed_fallback=False, stall_count=0)
[INFO] [1777619148.319370324] [robot_3.robot_supervisor]: FULL ROTATE active (accum_rad=0.037, timed_fallback=False, stall_count=0)
[INFO] [1777619148.419371943] [robot_3.robot_supervisor]: FULL ROTATE active (accum_rad=0.096, timed_fallback=False, stall_count=0)
[INFO] [1777619148.519401273] [robot_3.robot_supervisor]: FULL ROTATE active (accum_rad=0.185, timed_fallback=False, stall_count=0)
[INFO] [1777619148.619268227] [robot_3.robot_supervisor]: FULL ROTATE active (accum_rad=0.285, timed_fallback=False, stall_count=0)
[INFO] [1777619148.719722878] [robot_3.robot_supervisor]: FULL ROTATE active (accum_rad=0.335, timed_fallback=False, stall_count=0)
[INFO] [1777619148.819263979] [robot_3.robot_supervisor]: FULL ROTATE active (accum_rad=0.435, timed_fallback=False, stall_count=0)
[INFO] [1777619148.919333439] [robot_3.robot_supervisor]: FULL ROTATE active (accum_rad=0.535, timed_fallback=False, stall_count=0)
[INFO] [1777619149.019186402] [robot_3.robot_supervisor]: FULL ROTATE active (accum_rad=0.635, timed_fallback=False, stall_count=0)
[INFO] [1777619149.119276429] [robot_3.robot_supervisor]: FULL ROTATE active (accum_rad=0.735, timed_fallback=False, stall_count=0)
[INFO] [1777619149.219119574] [robot_3.robot_supervisor]: FULL ROTATE active (accum_rad=0.835, timed_fallback=False, stall_count=0)
[INFO] [1777619149.319107719] [robot_3.robot_supervisor]: FULL ROTATE active (accum_rad=0.885, timed_fallback=False, stall_count=0)
[INFO] [1777619149.419052557] [robot_3.robot_supervisor]: FULL ROTATE active (accum_rad=0.985, timed_fallback=False, stall_count=0)
[INFO] [1777619149.519441320] [robot_3.robot_supervisor]: FULL ROTATE active (accum_rad=1.085, timed_fallback=False, stall_count=0)
[INFO] [1777619149.619562665] [robot_3.robot_supervisor]: FULL ROTATE active (accum_rad=1.185, timed_fallback=False, stall_count=0)
[INFO] [1777619149.719608163] [robot_3.robot_supervisor]: FULL ROTATE active (accum_rad=1.285, timed_fallback=False, stall_count=0)
[INFO] [1777619149.819044262] [robot_3.robot_supervisor]: FULL ROTATE active (accum_rad=1.335, timed_fallback=False, stall_count=0)
[INFO] [1777619149.919228365] [robot_3.robot_supervisor]: FULL ROTATE active (accum_rad=1.435, timed_fallback=False, stall_count=0)
[INFO] [1777619150.019069279] [robot_3.robot_supervisor]: FULL ROTATE active (accum_rad=1.535, timed_fallback=False, stall_count=0)
[INFO] [1777619150.119391962] [robot_3.robot_supervisor]: FULL ROTATE active (accum_rad=1.635, timed_fallback=False, stall_count=0)
[INFO] [1777619150.219131160] [robot_3.robot_supervisor]: FULL ROTATE active (accum_rad=1.735, timed_fallback=False, stall_count=0)
[INFO] [1777619150.319548395] [robot_3.robot_supervisor]: FULL ROTATE active (accum_rad=1.835, timed_fallback=False, stall_count=0)
[INFO] [1777619150.419660466] [robot_3.robot_supervisor]: FULL ROTATE active (accum_rad=1.885, timed_fallback=False, stall_count=0)
[INFO] [1777619150.519573789] [robot_3.robot_supervisor]: FULL ROTATE active (accum_rad=1.985, timed_fallback=False, stall_count=0)
[INFO] [1777619150.619424989] [robot_3.robot_supervisor]: FULL ROTATE active (accum_rad=2.085, timed_fallback=False, stall_count=0)
[INFO] [1777619150.719314500] [robot_3.robot_supervisor]: FULL ROTATE active (accum_rad=2.185, timed_fallback=False, stall_count=0)
[INFO] [1777619150.771685233] [robot_3.robot_supervisor]: Detected zone changed to CLEAR
[INFO] [1777619150.819356340] [robot_3.robot_supervisor]: FULL ROTATE active (accum_rad=2.285, timed_fallback=False, stall_count=0)
[INFO] [1777619150.919616123] [robot_3.robot_supervisor]: FULL ROTATE active (accum_rad=2.335, timed_fallback=False, stall_count=0)
[INFO] [1777619151.019406255] [robot_3.robot_supervisor]: FULL ROTATE active (accum_rad=2.435, timed_fallback=False, stall_count=0)
[INFO] [1777619151.119367879] [robot_3.robot_supervisor]: FULL ROTATE active (accum_rad=2.535, timed_fallback=False, stall_count=0)
[INFO] [1777619151.219444632] [robot_3.robot_supervisor]: FULL ROTATE active (accum_rad=2.635, timed_fallback=False, stall_count=0)
[INFO] [1777619151.319345817] [robot_3.robot_supervisor]: FULL ROTATE active (accum_rad=2.735, timed_fallback=False, stall_count=0)
[INFO] [1777619151.419205350] [robot_3.robot_supervisor]: FULL ROTATE active (accum_rad=2.835, timed_fallback=False, stall_count=0)
[INFO] [1777619151.519142022] [robot_3.robot_supervisor]: FULL ROTATE active (accum_rad=2.885, timed_fallback=False, stall_count=0)
[INFO] [1777619151.619238910] [robot_3.robot_supervisor]: FULL ROTATE active (accum_rad=2.985, timed_fallback=False, stall_count=0)
[INFO] [1777619151.619666623] [robot_3.robot_supervisor]: FULL ROTATE completed by timeout
[INFO] [1777619151.619975271] [robot_3.robot_supervisor]: FULL ROTATE stopped; supervisor will select next event next tick
[INFO] [1777619151.919438787] [robot_3.robot_supervisor]: Selected controllable event: EV_move_forward
[INFO] [1777619152.219431999] [robot_3.robot_supervisor]: Selected controllable event: EV_move_forward
[INFO] [1777619152.519452714] [robot_3.robot_supervisor]: Selected controllable event: EV_move_forward
[INFO] [1777619152.819106432] [robot_3.robot_supervisor]: Selected controllable event: EV_move_forward
[INFO] [1777619153.119188759] [robot_3.robot_supervisor]: Selected controllable event: EV_move_forward
[INFO] [1777619153.419476841] [robot_3.robot_supervisor]: Selected controllable event: EV_move_forward
[INFO] [1777619153.719687946] [robot_3.robot_supervisor]: Selected controllable event: EV_move_forward
[INFO] [1777619154.019108203] [robot_3.robot_supervisor]: Selected controllable event: EV_move_forward
[INFO] [1777619154.221974362] [robot_3.robot_supervisor]: Selected controllable event: EV_move_forward
[INFO] [1777619154.519616065] [robot_3.robot_supervisor]: Selected controllable event: EV_move_forward
[INFO] [1777619154.820401522] [robot_3.robot_supervisor]: Selected controllable event: EV_move_forward
[INFO] [1777619155.120329422] [robot_3.robot_supervisor]: Selected controllable event: EV_move_forward
[INFO] [1777619155.420259220] [robot_3.robot_supervisor]: Selected controllable event: EV_move_forward
[INFO] [1777619155.719202734] [robot_3.robot_supervisor]: Selected controllable event: EV_move_forward
[INFO] [1777619156.019102684] [robot_3.robot_supervisor]: Selected controllable event: EV_move_forward
[INFO] [1777619156.319386780] [robot_3.robot_supervisor]: Selected controllable event: EV_move_forward
[INFO] [1777619156.619513569] [robot_3.robot_supervisor]: Selected controllable event: EV_move_forward
[INFO] [1777619156.918976156] [robot_3.robot_supervisor]: Selected controllable event: EV_move_forward
[INFO] [1777619157.219041245] [robot_3.robot_supervisor]: Selected controllable event: EV_move_forward
[INFO] [1777619157.519644909] [robot_3.robot_supervisor]: Selected controllable event: EV_move_forward
[INFO] [1777619157.819099202] [robot_3.robot_supervisor]: Selected controllable event: EV_move_forward
[INFO] [1777619158.119136562] [robot_3.robot_supervisor]: Selected controllable event: EV_move_forward
[INFO] [1777619158.419449978] [robot_3.robot_supervisor]: Selected controllable event: EV_move_forward
[INFO] [1777619158.719156521] [robot_3.robot_supervisor]: Selected controllable event: EV_move_forward
[INFO] [1777619159.019141278] [robot_3.robot_supervisor]: Selected controllable event: EV_move_forward
[INFO] [1777619159.319455587] [robot_3.robot_supervisor]: Selected controllable event: EV_move_forward
[INFO] [1777619159.619151053] [robot_3.robot_supervisor]: Selected controllable event: EV_move_forward
[INFO] [1777619159.919403802] [robot_3.robot_supervisor]: Selected controllable event: EV_move_forward
[INFO] [1777619160.219105524] [robot_3.robot_supervisor]: Selected controllable event: EV_move_forward
[INFO] [1777619160.519491848] [robot_3.robot_supervisor]: Selected controllable event: EV_move_forward
[INFO] [1777619160.819130574] [robot_3.robot_supervisor]: Selected controllable event: EV_move_forward
[INFO] [1777619161.119120679] [robot_3.robot_supervisor]: Selected controllable event: EV_move_forward
[INFO] [1777619161.419381518] [robot_3.robot_supervisor]: Selected controllable event: EV_move_forward
[INFO] [1777619161.719063140] [robot_3.robot_supervisor]: Selected controllable event: EV_move_forward
[INFO] [1777619162.019422222] [robot_3.robot_supervisor]: Selected controllable event: EV_move_forward
[INFO] [1777619162.319497695] [robot_3.robot_supervisor]: Selected controllable event: EV_move_forward
[INFO] [1777619162.619652187] [robot_3.robot_supervisor]: Selected controllable event: EV_move_forward
[INFO] [1777619162.919647677] [robot_3.robot_supervisor]: Selected controllable event: EV_move_forward
[INFO] [1777619163.219425642] [robot_3.robot_supervisor]: Selected controllable event: EV_move_forward
[INFO] [1777619163.519195875] [robot_3.robot_supervisor]: Selected controllable event: EV_move_forward
[INFO] [1777619163.819641019] [robot_3.robot_supervisor]: Selected controllable event: EV_move_forward
[INFO] [1777619164.119134286] [robot_3.robot_supervisor]: Selected controllable event: EV_move_forward
[INFO] [1777619164.419481852] [robot_3.robot_supervisor]: Selected controllable event: EV_move_forward
[INFO] [1777619164.719383768] [robot_3.robot_supervisor]: Selected controllable event: EV_move_forward
[INFO] [1777619165.019244180] [robot_3.robot_supervisor]: Selected controllable event: EV_move_forward
[INFO] [1777619165.319490936] [robot_3.robot_supervisor]: Selected controllable event: EV_move_forward
[INFO] [1777619165.619625744] [robot_3.robot_supervisor]: Selected controllable event: EV_move_forward
[INFO] [1777619165.919703769] [robot_3.robot_supervisor]: Selected controllable event: EV_move_forward
[INFO] [1777619166.219092445] [robot_3.robot_supervisor]: Selected controllable event: EV_move_forward
[INFO] [1777619166.519321031] [robot_3.robot_supervisor]: Selected controllable event: EV_move_forward
[INFO] [1777619166.819111434] [robot_3.robot_supervisor]: Selected controllable event: EV_move_forward
[INFO] [1777619167.119418341] [robot_3.robot_supervisor]: Selected controllable event: EV_move_forward
[INFO] [1777619167.419186828] [robot_3.robot_supervisor]: Selected controllable event: EV_move_forward
[INFO] [1777619167.719754535] [robot_3.robot_supervisor]: Selected controllable event: EV_move_forward
[INFO] [1777619168.019443672] [robot_3.robot_supervisor]: Selected controllable event: EV_move_forward
[INFO] [1777619168.319390783] [robot_3.robot_supervisor]: Selected controllable event: EV_move_forward
[INFO] [1777619168.619186069] [robot_3.robot_supervisor]: Selected controllable event: EV_move_forward
[INFO] [1777619168.919455203] [robot_3.robot_supervisor]: Selected controllable event: EV_move_forward
[INFO] [1777619169.219517620] [robot_3.robot_supervisor]: Selected controllable event: EV_move_forward
[INFO] [1777619169.519480479] [robot_3.robot_supervisor]: Selected controllable event: EV_move_forward
[INFO] [1777619169.819515229] [robot_3.robot_supervisor]: Selected controllable event: EV_move_forward
[INFO] [1777619170.119478747] [robot_3.robot_supervisor]: Selected controllable event: EV_move_forward
[INFO] [1777619170.419742598] [robot_3.robot_supervisor]: Selected controllable event: EV_move_forward
[INFO] [1777619170.719676613] [robot_3.robot_supervisor]: Selected controllable event: EV_move_forward
[INFO] [1777619171.019618893] [robot_3.robot_supervisor]: Selected controllable event: EV_move_forward
[INFO] [1777619171.319290914] [robot_3.robot_supervisor]: Selected controllable event: EV_move_forward
[INFO] [1777619171.619188290] [robot_3.robot_supervisor]: Selected controllable event: EV_move_forward
[INFO] [1777619171.919568144] [robot_3.robot_supervisor]: Selected controllable event: EV_move_forward
[INFO] [1777619172.219124978] [robot_3.robot_supervisor]: Selected controllable event: EV_move_forward
[INFO] [1777619172.519711059] [robot_3.robot_supervisor]: Selected controllable event: EV_move_forward
[INFO] [1777619172.819513722] [robot_3.robot_supervisor]: Selected controllable event: EV_move_forward
[INFO] [1777619173.119188210] [robot_3.robot_supervisor]: Selected controllable event: EV_move_forward
[INFO] [1777619173.419104208] [robot_3.robot_supervisor]: Selected controllable event: EV_move_forward
[INFO] [1777619173.719560365] [robot_3.robot_supervisor]: Selected controllable event: EV_move_forward
[INFO] [1777619174.019384285] [robot_3.robot_supervisor]: Selected controllable event: EV_move_forward
[INFO] [1777619174.319395912] [robot_3.robot_supervisor]: Selected controllable event: EV_move_forward
[INFO] [1777619174.619538268] [robot_3.robot_supervisor]: Selected controllable event: EV_move_forward
[INFO] [1777619174.919174866] [robot_3.robot_supervisor]: Selected controllable event: EV_move_forward
[INFO] [1777619175.220271034] [robot_3.robot_supervisor]: Selected controllable event: EV_move_forward
[INFO] [1777619175.519659011] [robot_3.robot_supervisor]: Selected controllable event: EV_move_forward
[INFO] [1777619175.819424114] [robot_3.robot_supervisor]: Selected controllable event: EV_move_forward
[INFO] [1777619176.119101168] [robot_3.robot_supervisor]: Selected controllable event: EV_move_forward
[INFO] [1777619176.419484109] [robot_3.robot_supervisor]: Selected controllable event: EV_move_forward
[INFO] [1777619176.719137392] [robot_3.robot_supervisor]: Selected controllable event: EV_move_forward
[INFO] [1777619177.019314896] [robot_3.robot_supervisor]: Selected controllable event: EV_move_forward
[INFO] [1777619177.319282981] [robot_3.robot_supervisor]: Selected controllable event: EV_move_forward
[INFO] [1777619177.619374553] [robot_3.robot_supervisor]: Selected controllable event: EV_move_forward
[INFO] [1777619177.919478697] [robot_3.robot_supervisor]: Selected controllable event: EV_move_forward
[INFO] [1777619178.219561083] [robot_3.robot_supervisor]: Selected controllable event: EV_move_forward
[INFO] [1777619178.519005289] [robot_3.robot_supervisor]: Selected controllable event: EV_move_forward
[INFO] [1777619178.819175425] [robot_3.robot_supervisor]: Selected controllable event: EV_move_forward
[INFO] [1777619179.119428136] [robot_3.robot_supervisor]: Selected controllable event: EV_move_forward
[INFO] [1777619179.419482221] [robot_3.robot_supervisor]: Selected controllable event: EV_move_forward
[INFO] [1777619179.719350278] [robot_3.robot_supervisor]: Selected controllable event: EV_move_forward
[INFO] [1777619180.019310148] [robot_3.robot_supervisor]: Selected controllable event: EV_move_forward
[INFO] [1777619180.319291305] [robot_3.robot_supervisor]: Selected controllable event: EV_move_forward
[INFO] [1777619180.620054035] [robot_3.robot_supervisor]: Selected controllable event: EV_move_forward
[INFO] [1777619180.919359316] [robot_3.robot_supervisor]: Selected controllable event: EV_move_forward
[INFO] [1777619181.219539489] [robot_3.robot_supervisor]: Selected controllable event: EV_move_forward
[INFO] [1777619181.519183391] [robot_3.robot_supervisor]: Selected controllable event: EV_move_forward
[INFO] [1777619181.819066867] [robot_3.robot_supervisor]: Selected controllable event: EV_move_forward
[INFO] [1777619182.119278292] [robot_3.robot_supervisor]: Selected controllable event: EV_move_forward
[INFO] [1777619182.419432556] [robot_3.robot_supervisor]: Selected controllable event: EV_move_forward
[INFO] [1777619182.719086026] [robot_3.robot_supervisor]: Selected controllable event: EV_move_forward
[INFO] [1777619183.019101157] [robot_3.robot_supervisor]: Selected controllable event: EV_move_forward
[INFO] [1777619183.319403586] [robot_3.robot_supervisor]: Selected controllable event: EV_move_forward
[INFO] [1777619183.619630264] [robot_3.robot_supervisor]: Selected controllable event: EV_move_forward
[INFO] [1777619183.919047612] [robot_3.robot_supervisor]: Selected controllable event: EV_move_forward
[INFO] [1777619184.219664842] [robot_3.robot_supervisor]: Selected controllable event: EV_move_forward
[INFO] [1777619184.519183144] [robot_3.robot_supervisor]: Selected controllable event: EV_move_forward
[INFO] [1777619184.819150172] [robot_3.robot_supervisor]: Selected controllable event: EV_move_forward
[INFO] [1777619185.119191167] [robot_3.robot_supervisor]: Selected controllable event: EV_move_forward
[INFO] [1777619185.419162554] [robot_3.robot_supervisor]: Selected controllable event: EV_move_forward
[INFO] [1777619185.719113556] [robot_3.robot_supervisor]: Selected controllable event: EV_move_forward
[INFO] [1777619186.019307610] [robot_3.robot_supervisor]: Selected controllable event: EV_move_forward
[INFO] [1777619186.319314418] [robot_3.robot_supervisor]: Selected controllable event: EV_move_forward
[INFO] [1777619186.619315877] [robot_3.robot_supervisor]: Selected controllable event: EV_move_forward
[INFO] [1777619186.919333640] [robot_3.robot_supervisor]: Selected controllable event: EV_move_forward
[INFO] [1777619187.219754319] [robot_3.robot_supervisor]: Selected controllable event: EV_move_forward
[INFO] [1777619187.519335619] [robot_3.robot_supervisor]: Selected controllable event: EV_move_forward
[INFO] [1777619187.819692829] [robot_3.robot_supervisor]: Selected controllable event: EV_move_forward
[INFO] [1777619188.119408684] [robot_3.robot_supervisor]: Selected controllable event: EV_move_forward
[INFO] [1777619188.420455644] [robot_3.robot_supervisor]: Selected controllable event: EV_move_forward
[INFO] [1777619188.720101272] [robot_3.robot_supervisor]: Selected controllable event: EV_move_forward
[INFO] [1777619189.020553607] [robot_3.robot_supervisor]: Selected controllable event: EV_move_forward
[INFO] [1777619189.319592535] [robot_3.robot_supervisor]: Selected controllable event: EV_move_forward
[INFO] [1777619189.620262302] [robot_3.robot_supervisor]: Selected controllable event: EV_move_forward
[INFO] [1777619189.919595277] [robot_3.robot_supervisor]: Selected controllable event: EV_move_forward
[INFO] [1777619190.220190852] [robot_3.robot_supervisor]: Selected controllable event: EV_move_forward
[INFO] [1777619190.519497018] [robot_3.robot_supervisor]: Selected controllable event: EV_move_forward
[INFO] [1777619190.819610107] [robot_3.robot_supervisor]: Selected controllable event: EV_move_forward
[INFO] [1777619191.120409339] [robot_3.robot_supervisor]: Selected controllable event: EV_move_forward
[INFO] [1777619191.419505581] [robot_3.robot_supervisor]: Selected controllable event: EV_move_forward
[INFO] [1777619191.719561529] [robot_3.robot_supervisor]: Selected controllable event: EV_move_forward
[INFO] [1777619192.020609171] [robot_3.robot_supervisor]: Selected controllable event: EV_move_forward
[INFO] [1777619192.320455451] [robot_3.robot_supervisor]: Selected controllable event: EV_move_forward
[INFO] [1777619192.620476458] [robot_3.robot_supervisor]: Selected controllable event: EV_move_forward
[INFO] [1777619192.920444160] [robot_3.robot_supervisor]: Selected controllable event: EV_move_forward
[INFO] [1777619193.220791555] [robot_3.robot_supervisor]: Selected controllable event: EV_move_forward
[INFO] [1777619193.519704705] [robot_3.robot_supervisor]: Selected controllable event: EV_move_forward
[INFO] [1777619193.820226675] [robot_3.robot_supervisor]: Selected controllable event: EV_move_forward
[INFO] [1777619194.119439974] [robot_3.robot_supervisor]: Selected controllable event: EV_move_forward
[INFO] [1777619194.420169193] [robot_3.robot_supervisor]: Selected controllable event: EV_move_forward
[INFO] [1777619194.719889489] [robot_3.robot_supervisor]: Selected controllable event: EV_move_forward
[INFO] [1777619195.019649103] [robot_3.robot_supervisor]: Selected controllable event: EV_move_forward
[INFO] [1777619195.319748646] [robot_3.robot_supervisor]: Selected controllable event: EV_move_forward
[INFO] [1777619195.619689489] [robot_3.robot_supervisor]: Selected controllable event: EV_move_forward
[INFO] [1777619195.919560476] [robot_3.robot_supervisor]: Selected controllable event: EV_move_forward
[INFO] [1777619196.220444915] [robot_3.robot_supervisor]: Selected controllable event: EV_move_forward
[INFO] [1777619196.520702529] [robot_3.robot_supervisor]: Selected controllable event: EV_move_forward
[INFO] [1777619196.819610403] [robot_3.robot_supervisor]: Selected controllable event: EV_move_forward
[INFO] [1777619197.120483133] [robot_3.robot_supervisor]: Selected controllable event: EV_move_forward
[INFO] [1777619197.420402555] [robot_3.robot_supervisor]: Selected controllable event: EV_move_forward
[INFO] [1777619197.720311460] [robot_3.robot_supervisor]: Selected controllable event: EV_move_forward
[INFO] [1777619198.020288440] [robot_3.robot_supervisor]: Selected controllable event: EV_move_forward
[INFO] [1777619198.319473696] [robot_3.robot_supervisor]: Selected controllable event: EV_move_forward
[INFO] [1777619198.620330876] [robot_3.robot_supervisor]: Selected controllable event: EV_move_forward
[INFO] [1777619198.920254473] [robot_3.robot_supervisor]: Selected controllable event: EV_move_forward
[INFO] [1777619199.219458388] [robot_3.robot_supervisor]: Selected controllable event: EV_move_forward
[INFO] [1777619199.519661300] [robot_3.robot_supervisor]: Selected controllable event: EV_move_forward
[INFO] [1777619199.820190958] [robot_3.robot_supervisor]: Selected controllable event: EV_move_forward
[INFO] [1777619200.119374172] [robot_3.robot_supervisor]: Selected controllable event: EV_move_forward
[INFO] [1777619200.419892114] [robot_3.robot_supervisor]: Selected controllable event: EV_move_forward
[INFO] [1777619200.720122964] [robot_3.robot_supervisor]: Selected controllable event: EV_move_forward
[INFO] [1777619201.020103615] [robot_3.robot_supervisor]: Selected controllable event: EV_move_forward
[INFO] [1777619201.319751038] [robot_3.robot_supervisor]: Selected controllable event: EV_move_forward
[INFO] [1777619201.619449073] [robot_3.robot_supervisor]: Selected controllable event: EV_move_forward
[INFO] [1777619201.920211659] [robot_3.robot_supervisor]: Selected controllable event: EV_move_forward
[INFO] [1777619202.220754183] [robot_3.robot_supervisor]: Selected controllable event: EV_move_forward
[INFO] [1777619202.520241029] [robot_3.robot_supervisor]: Selected controllable event: EV_move_forward
[INFO] [1777619202.820230451] [robot_3.robot_supervisor]: Selected controllable event: EV_move_forward
[INFO] [1777619203.120157899] [robot_3.robot_supervisor]: Selected controllable event: EV_move_forward
[INFO] [1777619203.419911094] [robot_3.robot_supervisor]: Selected controllable event: EV_move_forward
[INFO] [1777619203.451422388] [robot_3.robot_supervisor]: Detected zone changed to CORNER
[INFO] [1777619203.719521926] [robot_3.robot_supervisor]: Selected controllable event: EV_move_backward
[INFO] [1777619204.121674132] [robot_3.robot_supervisor]: Selected controllable event: EV_rotate_counterclockwise
[INFO] [1777619206.230801430] [robot_3.robot_supervisor]: Detected zone changed to RIGHT
[INFO] [1777619206.519629364] [robot_3.robot_supervisor]: Selected controllable event: EV_rotate_counterclockwise
[INFO] [1777619206.520217072] [robot_3.robot_supervisor]: rotate_90 blocked by recent completion; stopping this tick
[INFO] [1777619206.620105397] [robot_3.robot_supervisor]: Selected controllable event: EV_rotate_counterclockwise
[INFO] [1777619206.620632020] [robot_3.robot_supervisor]: rotate_90 blocked by recent completion; stopping this tick
[INFO] [1777619206.719602714] [robot_3.robot_supervisor]: Selected controllable event: EV_rotate_counterclockwise
[INFO] [1777619209.019698507] [robot_3.robot_supervisor]: Selected controllable event: EV_rotate_counterclockwise
[INFO] [1777619209.020152474] [robot_3.robot_supervisor]: rotate_90 blocked by recent completion; stopping this tick
[INFO] [1777619209.119350882] [robot_3.robot_supervisor]: Selected controllable event: EV_rotate_counterclockwise
[INFO] [1777619209.119799074] [robot_3.robot_supervisor]: rotate_90 blocked by recent completion; stopping this tick
[INFO] [1777619209.219300784] [robot_3.robot_supervisor]: Selected controllable event: EV_rotate_counterclockwise
[INFO] [1777619209.219738643] [robot_3.robot_supervisor]: rotate_90 blocked by recent completion; stopping this tick
[INFO] [1777619209.319832723] [robot_3.robot_supervisor]: Selected controllable event: EV_rotate_counterclockwise
[INFO] [1777619211.719435307] [robot_3.robot_supervisor]: Selected controllable event: EV_rotate_counterclockwise
[INFO] [1777619211.719890641] [robot_3.robot_supervisor]: rotate_90 blocked by recent completion; stopping this tick
[INFO] [1777619211.819447037] [robot_3.robot_supervisor]: Selected controllable event: EV_rotate_counterclockwise
[INFO] [1777619211.819914761] [robot_3.robot_supervisor]: rotate_90 blocked by recent completion; stopping this tick
[INFO] [1777619211.825197556] [robot_3.robot_supervisor]: Detected zone changed to CORNER
[INFO] [1777619211.919814898] [robot_3.robot_supervisor]: Selected controllable event: EV_move_backward
[INFO] [1777619212.319687582] [robot_3.robot_supervisor]: Selected controllable event: EV_rotate_counterclockwise
[INFO] [1777619214.719329083] [robot_3.robot_supervisor]: Selected controllable event: EV_full_rotate
[INFO] [1777619214.719731135] [robot_3.robot_supervisor]: Starting FULL ROTATE (omega=1.000, have_odom=True, target_rad=3.142, timeout_s=3.500)
[INFO] [1777619214.819238441] [robot_3.robot_supervisor]: FULL ROTATE active (accum_rad=0.000, timed_fallback=False, stall_count=0)
[INFO] [1777619214.919303769] [robot_3.robot_supervisor]: FULL ROTATE active (accum_rad=0.033, timed_fallback=False, stall_count=0)
[INFO] [1777619215.019290383] [robot_3.robot_supervisor]: FULL ROTATE active (accum_rad=0.093, timed_fallback=False, stall_count=0)
[INFO] [1777619215.119305752] [robot_3.robot_supervisor]: FULL ROTATE active (accum_rad=0.182, timed_fallback=False, stall_count=0)
[INFO] [1777619215.219430943] [robot_3.robot_supervisor]: FULL ROTATE active (accum_rad=0.282, timed_fallback=False, stall_count=0)
[INFO] [1777619215.319365906] [robot_3.robot_supervisor]: FULL ROTATE active (accum_rad=0.332, timed_fallback=False, stall_count=0)
[INFO] [1777619215.419940445] [robot_3.robot_supervisor]: FULL ROTATE active (accum_rad=0.432, timed_fallback=False, stall_count=0)
[INFO] [1777619215.519402695] [robot_3.robot_supervisor]: FULL ROTATE active (accum_rad=0.532, timed_fallback=False, stall_count=0)
[INFO] [1777619215.619376636] [robot_3.robot_supervisor]: FULL ROTATE active (accum_rad=0.632, timed_fallback=False, stall_count=0)
[INFO] [1777619215.719346285] [robot_3.robot_supervisor]: FULL ROTATE active (accum_rad=0.732, timed_fallback=False, stall_count=0)
[INFO] [1777619215.819260019] [robot_3.robot_supervisor]: FULL ROTATE active (accum_rad=0.832, timed_fallback=False, stall_count=0)
[INFO] [1777619215.919532587] [robot_3.robot_supervisor]: FULL ROTATE active (accum_rad=0.882, timed_fallback=False, stall_count=0)
[INFO] [1777619216.019272264] [robot_3.robot_supervisor]: FULL ROTATE active (accum_rad=0.982, timed_fallback=False, stall_count=0)
[INFO] [1777619216.119349861] [robot_3.robot_supervisor]: FULL ROTATE active (accum_rad=1.082, timed_fallback=False, stall_count=0)
[INFO] [1777619216.219416565] [robot_3.robot_supervisor]: FULL ROTATE active (accum_rad=1.182, timed_fallback=False, stall_count=0)
[INFO] [1777619216.319308536] [robot_3.robot_supervisor]: FULL ROTATE active (accum_rad=1.282, timed_fallback=False, stall_count=0)
[INFO] [1777619216.419433051] [robot_3.robot_supervisor]: FULL ROTATE active (accum_rad=1.332, timed_fallback=False, stall_count=0)
[INFO] [1777619216.519335095] [robot_3.robot_supervisor]: FULL ROTATE active (accum_rad=1.432, timed_fallback=False, stall_count=0)
[INFO] [1777619216.619308938] [robot_3.robot_supervisor]: FULL ROTATE active (accum_rad=1.532, timed_fallback=False, stall_count=0)
[INFO] [1777619216.719593444] [robot_3.robot_supervisor]: FULL ROTATE active (accum_rad=1.632, timed_fallback=False, stall_count=0)
[INFO] [1777619216.819353884] [robot_3.robot_supervisor]: FULL ROTATE active (accum_rad=1.732, timed_fallback=False, stall_count=0)
[INFO] [1777619216.919483280] [robot_3.robot_supervisor]: FULL ROTATE active (accum_rad=1.832, timed_fallback=False, stall_count=0)
[INFO] [1777619217.019341950] [robot_3.robot_supervisor]: FULL ROTATE active (accum_rad=1.882, timed_fallback=False, stall_count=0)
[INFO] [1777619217.119329236] [robot_3.robot_supervisor]: FULL ROTATE active (accum_rad=1.982, timed_fallback=False, stall_count=0)
[INFO] [1777619217.219337776] [robot_3.robot_supervisor]: FULL ROTATE active (accum_rad=2.082, timed_fallback=False, stall_count=0)
[INFO] [1777619217.319602799] [robot_3.robot_supervisor]: FULL ROTATE active (accum_rad=2.182, timed_fallback=False, stall_count=0)
[INFO] [1777619217.403697089] [robot_3.robot_supervisor]: Detected zone changed to CLEAR
[INFO] [1777619217.419535399] [robot_3.robot_supervisor]: FULL ROTATE active (accum_rad=2.282, timed_fallback=False, stall_count=0)
[INFO] [1777619217.519819533] [robot_3.robot_supervisor]: FULL ROTATE active (accum_rad=2.332, timed_fallback=False, stall_count=0)
[INFO] [1777619217.619769101] [robot_3.robot_supervisor]: FULL ROTATE active (accum_rad=2.382, timed_fallback=False, stall_count=0)
[INFO] [1777619217.719734092] [robot_3.robot_supervisor]: FULL ROTATE active (accum_rad=2.482, timed_fallback=False, stall_count=0)
[INFO] [1777619217.819710054] [robot_3.robot_supervisor]: FULL ROTATE active (accum_rad=2.582, timed_fallback=False, stall_count=0)
[INFO] [1777619217.919797665] [robot_3.robot_supervisor]: FULL ROTATE active (accum_rad=2.682, timed_fallback=False, stall_count=0)
[INFO] [1777619218.019437106] [robot_3.robot_supervisor]: FULL ROTATE active (accum_rad=2.782, timed_fallback=False, stall_count=0)
[INFO] [1777619218.119390701] [robot_3.robot_supervisor]: FULL ROTATE active (accum_rad=2.832, timed_fallback=False, stall_count=0)
[INFO] [1777619218.219729241] [robot_3.robot_supervisor]: FULL ROTATE active (accum_rad=2.932, timed_fallback=False, stall_count=0)
[INFO] [1777619218.220587071] [robot_3.robot_supervisor]: FULL ROTATE completed by timeout
[INFO] [1777619218.221313027] [robot_3.robot_supervisor]: FULL ROTATE stopped; supervisor will select next event next tick
[INFO] [1777619218.619594582] [robot_3.robot_supervisor]: Selected controllable event: EV_move_forward
[INFO] [1777619218.919413100] [robot_3.robot_supervisor]: Selected controllable event: EV_move_forward
[INFO] [1777619219.219442547] [robot_3.robot_supervisor]: Selected controllable event: EV_move_forward
[INFO] [1777619219.519984254] [robot_3.robot_supervisor]: Selected controllable event: EV_move_forward
[INFO] [1777619219.819410664] [robot_3.robot_supervisor]: Selected controllable event: EV_move_forward
[INFO] [1777619220.119314320] [robot_3.robot_supervisor]: Selected controllable event: EV_move_forward
[INFO] [1777619220.419402104] [robot_3.robot_supervisor]: Selected controllable event: EV_move_forward
[INFO] [1777619220.719737055] [robot_3.robot_supervisor]: Selected controllable event: EV_move_forward
[INFO] [1777619221.019315031] [robot_3.robot_supervisor]: Selected controllable event: EV_move_forward
[INFO] [1777619221.319715719] [robot_3.robot_supervisor]: Selected controllable event: EV_move_forward
[INFO] [1777619221.619709550] [robot_3.robot_supervisor]: Selected controllable event: EV_move_forward
[INFO] [1777619221.919818160] [robot_3.robot_supervisor]: Selected controllable event: EV_move_forward
[INFO] [1777619222.219299175] [robot_3.robot_supervisor]: Selected controllable event: EV_move_forward
[INFO] [1777619222.519796399] [robot_3.robot_supervisor]: Selected controllable event: EV_move_forward
[INFO] [1777619222.819211237] [robot_3.robot_supervisor]: Selected controllable event: EV_move_forward
[INFO] [1777619223.119271286] [robot_3.robot_supervisor]: Selected controllable event: EV_move_forward
[INFO] [1777619223.419678069] [robot_3.robot_supervisor]: Selected controllable event: EV_move_forward
[INFO] [1777619223.719264428] [robot_3.robot_supervisor]: Selected controllable event: EV_move_forward
[INFO] [1777619224.019363581] [robot_3.robot_supervisor]: Selected controllable event: EV_move_forward
[INFO] [1777619224.319269558] [robot_3.robot_supervisor]: Selected controllable event: EV_move_forward
[INFO] [1777619224.619615515] [robot_3.robot_supervisor]: Selected controllable event: EV_move_forward
[INFO] [1777619224.919648818] [robot_3.robot_supervisor]: Selected controllable event: EV_move_forward
[INFO] [1777619225.219336086] [robot_3.robot_supervisor]: Selected controllable event: EV_move_forward
[INFO] [1777619225.519365071] [robot_3.robot_supervisor]: Selected controllable event: EV_move_forward
[INFO] [1777619225.819645910] [robot_3.robot_supervisor]: Selected controllable event: EV_move_forward
[INFO] [1777619226.119499065] [robot_3.robot_supervisor]: Selected controllable event: EV_move_forward
[INFO] [1777619226.419383053] [robot_3.robot_supervisor]: Selected controllable event: EV_move_forward
[INFO] [1777619226.719366092] [robot_3.robot_supervisor]: Selected controllable event: EV_move_forward
[INFO] [1777619227.019344690] [robot_3.robot_supervisor]: Selected controllable event: EV_move_forward
[INFO] [1777619227.319656612] [robot_3.robot_supervisor]: Selected controllable event: EV_move_forward
[INFO] [1777619227.619717468] [robot_3.robot_supervisor]: Selected controllable event: EV_move_forward
[INFO] [1777619227.919750532] [robot_3.robot_supervisor]: Selected controllable event: EV_move_forward
[INFO] [1777619228.219916971] [robot_3.robot_supervisor]: Selected controllable event: EV_move_forward
[INFO] [1777619228.519475066] [robot_3.robot_supervisor]: Selected controllable event: EV_move_forward
[INFO] [1777619228.819564354] [robot_3.robot_supervisor]: Selected controllable event: EV_move_forward
[INFO] [1777619229.119565175] [robot_3.robot_supervisor]: Selected controllable event: EV_move_forward
[INFO] [1777619229.419619800] [robot_3.robot_supervisor]: Selected controllable event: EV_move_forward
[INFO] [1777619229.719819593] [robot_3.robot_supervisor]: Selected controllable event: EV_move_forward
[INFO] [1777619230.019927735] [robot_3.robot_supervisor]: Selected controllable event: EV_move_forward
[INFO] [1777619230.319441397] [robot_3.robot_supervisor]: Selected controllable event: EV_move_forward
[INFO] [1777619230.619368051] [robot_3.robot_supervisor]: Selected controllable event: EV_move_forward
[INFO] [1777619230.919572004] [robot_3.robot_supervisor]: Selected controllable event: EV_move_forward
[INFO] [1777619231.219496724] [robot_3.robot_supervisor]: Selected controllable event: EV_move_forward
[INFO] [1777619231.519578503] [robot_3.robot_supervisor]: Selected controllable event: EV_move_forward
[INFO] [1777619231.819830344] [robot_3.robot_supervisor]: Selected controllable event: EV_move_forward
[INFO] [1777619232.119806636] [robot_3.robot_supervisor]: Selected controllable event: EV_move_forward
[INFO] [1777619232.419880708] [robot_3.robot_supervisor]: Selected controllable event: EV_move_forward
[INFO] [1777619232.719773162] [robot_3.robot_supervisor]: Selected controllable event: EV_move_forward
[INFO] [1777619233.019848559] [robot_3.robot_supervisor]: Selected controllable event: EV_move_forward
[INFO] [1777619233.319777179] [robot_3.robot_supervisor]: Selected controllable event: EV_move_forward
[INFO] [1777619233.619619594] [robot_3.robot_supervisor]: Selected controllable event: EV_move_forward
[INFO] [1777619233.919442082] [robot_3.robot_supervisor]: Selected controllable event: EV_move_forward
[INFO] [1777619234.219753935] [robot_3.robot_supervisor]: Selected controllable event: EV_move_forward
[INFO] [1777619234.519723552] [robot_3.robot_supervisor]: Selected controllable event: EV_move_forward
[INFO] [1777619234.819456079] [robot_3.robot_supervisor]: Selected controllable event: EV_move_forward
[INFO] [1777619235.119615046] [robot_3.robot_supervisor]: Selected controllable event: EV_move_forward
[INFO] [1777619235.419802924] [robot_3.robot_supervisor]: Selected controllable event: EV_move_forward
[INFO] [1777619235.719599408] [robot_3.robot_supervisor]: Selected controllable event: EV_move_forward
[INFO] [1777619236.019146159] [robot_3.robot_supervisor]: Selected controllable event: EV_move_forward
[INFO] [1777619236.319657100] [robot_3.robot_supervisor]: Selected controllable event: EV_move_forward
[INFO] [1777619236.619479792] [robot_3.robot_supervisor]: Selected controllable event: EV_move_forward
[INFO] [1777619236.919742529] [robot_3.robot_supervisor]: Selected controllable event: EV_move_forward
[INFO] [1777619237.219414250] [robot_3.robot_supervisor]: Selected controllable event: EV_move_forward
[INFO] [1777619237.519447375] [robot_3.robot_supervisor]: Selected controllable event: EV_move_forward
[INFO] [1777619237.819223638] [robot_3.robot_supervisor]: Selected controllable event: EV_move_forward
[INFO] [1777619238.119348795] [robot_3.robot_supervisor]: Selected controllable event: EV_move_forward
[INFO] [1777619238.419757779] [robot_3.robot_supervisor]: Selected controllable event: EV_move_forward
[INFO] [1777619238.719770732] [robot_3.robot_supervisor]: Selected controllable event: EV_move_forward
[INFO] [1777619239.019425001] [robot_3.robot_supervisor]: Selected controllable event: EV_move_forward
[INFO] [1777619239.319710555] [robot_3.robot_supervisor]: Selected controllable event: EV_move_forward
[INFO] [1777619239.619670376] [robot_3.robot_supervisor]: Selected controllable event: EV_move_forward
[INFO] [1777619239.919744233] [robot_3.robot_supervisor]: Selected controllable event: EV_move_forward
[INFO] [1777619240.219917230] [robot_3.robot_supervisor]: Selected controllable event: EV_move_forward
[INFO] [1777619240.519738080] [robot_3.robot_supervisor]: Selected controllable event: EV_move_forward
[INFO] [1777619240.819776721] [robot_3.robot_supervisor]: Selected controllable event: EV_move_forward
[INFO] [1777619241.119433888] [robot_3.robot_supervisor]: Selected controllable event: EV_move_forward
[INFO] [1777619241.419732789] [robot_3.robot_supervisor]: Selected controllable event: EV_move_forward
[INFO] [1777619241.719293975] [robot_3.robot_supervisor]: Selected controllable event: EV_move_forward
[INFO] [1777619242.019633288] [robot_3.robot_supervisor]: Selected controllable event: EV_move_forward
[INFO] [1777619242.319642039] [robot_3.robot_supervisor]: Selected controllable event: EV_move_forward
[INFO] [1777619242.620064057] [robot_3.robot_supervisor]: Selected controllable event: EV_move_forward
[INFO] [1777619242.919670187] [robot_3.robot_supervisor]: Selected controllable event: EV_move_forward
[INFO] [1777619243.219689905] [robot_3.robot_supervisor]: Selected controllable event: EV_move_forward
[INFO] [1777619243.519719310] [robot_3.robot_supervisor]: Selected controllable event: EV_move_forward
[INFO] [1777619243.819452145] [robot_3.robot_supervisor]: Selected controllable event: EV_move_forward
[INFO] [1777619244.119923554] [robot_3.robot_supervisor]: Selected controllable event: EV_move_forward
[INFO] [1777619244.419536707] [robot_3.robot_supervisor]: Selected controllable event: EV_move_forward
[INFO] [1777619244.719652514] [robot_3.robot_supervisor]: Selected controllable event: EV_move_forward
[INFO] [1777619245.019361489] [robot_3.robot_supervisor]: Selected controllable event: EV_move_forward
[INFO] [1777619245.319680226] [robot_3.robot_supervisor]: Selected controllable event: EV_move_forward
[INFO] [1777619245.619274500] [robot_3.robot_supervisor]: Selected controllable event: EV_move_forward
[INFO] [1777619245.919491329] [robot_3.robot_supervisor]: Selected controllable event: EV_move_forward
[INFO] [1777619246.219662563] [robot_3.robot_supervisor]: Selected controllable event: EV_move_forward
[INFO] [1777619246.519714573] [robot_3.robot_supervisor]: Selected controllable event: EV_move_forward
[INFO] [1777619246.819377942] [robot_3.robot_supervisor]: Selected controllable event: EV_move_forward
[INFO] [1777619247.119360277] [robot_3.robot_supervisor]: Selected controllable event: EV_move_forward
[INFO] [1777619247.419405423] [robot_3.robot_supervisor]: Selected controllable event: EV_move_forward
[INFO] [1777619247.719722238] [robot_3.robot_supervisor]: Selected controllable event: EV_move_forward
[INFO] [1777619248.019388881] [robot_3.robot_supervisor]: Selected controllable event: EV_move_forward
[INFO] [1777619248.319371041] [robot_3.robot_supervisor]: Selected controllable event: EV_move_forward
[INFO] [1777619248.619505884] [robot_3.robot_supervisor]: Selected controllable event: EV_move_forward
[INFO] [1777619248.919263152] [robot_3.robot_supervisor]: Selected controllable event: EV_move_forward
[INFO] [1777619249.219408294] [robot_3.robot_supervisor]: Selected controllable event: EV_move_forward
[INFO] [1777619249.519726363] [robot_3.robot_supervisor]: Selected controllable event: EV_move_forward
[INFO] [1777619249.819537545] [robot_3.robot_supervisor]: Selected controllable event: EV_move_forward
[INFO] [1777619250.119648807] [robot_3.robot_supervisor]: Selected controllable event: EV_move_forward
[INFO] [1777619250.419484906] [robot_3.robot_supervisor]: Selected controllable event: EV_move_forward
[INFO] [1777619250.719438694] [robot_3.robot_supervisor]: Selected controllable event: EV_move_forward
[INFO] [1777619251.019762122] [robot_3.robot_supervisor]: Selected controllable event: EV_move_forward
[INFO] [1777619251.319744595] [robot_3.robot_supervisor]: Selected controllable event: EV_move_forward
[INFO] [1777619251.619385865] [robot_3.robot_supervisor]: Selected controllable event: EV_move_forward
[INFO] [1777619251.919785839] [robot_3.robot_supervisor]: Selected controllable event: EV_move_forward
[INFO] [1777619252.220151557] [robot_3.robot_supervisor]: Selected controllable event: EV_move_forward
[INFO] [1777619252.519552164] [robot_3.robot_supervisor]: Selected controllable event: EV_move_forward
[INFO] [1777619252.819315231] [robot_3.robot_supervisor]: Selected controllable event: EV_move_forward
[INFO] [1777619253.119815721] [robot_3.robot_supervisor]: Selected controllable event: EV_move_forward
[INFO] [1777619253.419764436] [robot_3.robot_supervisor]: Selected controllable event: EV_move_forward
[INFO] [1777619253.719566091] [robot_3.robot_supervisor]: Selected controllable event: EV_move_forward
[INFO] [1777619254.019381673] [robot_3.robot_supervisor]: Selected controllable event: EV_move_forward
[INFO] [1777619254.319602730] [robot_3.robot_supervisor]: Selected controllable event: EV_move_forward
[INFO] [1777619254.619825072] [robot_3.robot_supervisor]: Selected controllable event: EV_move_forward
[INFO] [1777619254.919644485] [robot_3.robot_supervisor]: Selected controllable event: EV_move_forward
[INFO] [1777619255.219660912] [robot_3.robot_supervisor]: Selected controllable event: EV_move_forward
[INFO] [1777619255.519723730] [robot_3.robot_supervisor]: Selected controllable event: EV_move_forward
[INFO] [1777619255.819436601] [robot_3.robot_supervisor]: Selected controllable event: EV_move_forward
[INFO] [1777619256.119323062] [robot_3.robot_supervisor]: Selected controllable event: EV_move_forward
[INFO] [1777619256.419483058] [robot_3.robot_supervisor]: Selected controllable event: EV_move_forward
[INFO] [1777619256.719377914] [robot_3.robot_supervisor]: Selected controllable event: EV_move_forward
[INFO] [1777619257.019737890] [robot_3.robot_supervisor]: Selected controllable event: EV_move_forward
[INFO] [1777619257.319428750] [robot_3.robot_supervisor]: Selected controllable event: EV_move_forward
[INFO] [1777619257.619681429] [robot_3.robot_supervisor]: Selected controllable event: EV_move_forward
[INFO] [1777619257.919548589] [robot_3.robot_supervisor]: Selected controllable event: EV_move_forward
[INFO] [1777619258.219572924] [robot_3.robot_supervisor]: Selected controllable event: EV_move_forward
[INFO] [1777619258.519683424] [robot_3.robot_supervisor]: Selected controllable event: EV_move_forward
[INFO] [1777619258.819696300] [robot_3.robot_supervisor]: Selected controllable event: EV_move_forward
[INFO] [1777619259.119713878] [robot_3.robot_supervisor]: Selected controllable event: EV_move_forward
[INFO] [1777619259.207894797] [robot_3.robot_supervisor]: Detected zone changed to LEFT
[INFO] [1777619259.419680224] [robot_3.robot_supervisor]: Selected controllable event: EV_rotate_clockwise
[INFO] [1777619261.819640243] [robot_3.robot_supervisor]: Selected controllable event: EV_rotate_clockwise
[INFO] [1777619261.820216016] [robot_3.robot_supervisor]: rotate_90 blocked by recent completion; stopping this tick
[INFO] [1777619261.919712366] [robot_3.robot_supervisor]: Selected controllable event: EV_rotate_clockwise
[INFO] [1777619261.920066679] [robot_3.robot_supervisor]: rotate_90 blocked by recent completion; stopping this tick
[INFO] [1777619262.019490646] [robot_3.robot_supervisor]: Selected controllable event: EV_rotate_clockwise
[INFO] [1777619264.319659026] [robot_3.robot_supervisor]: Selected controllable event: EV_rotate_clockwise
[INFO] [1777619264.320270051] [robot_3.robot_supervisor]: rotate_90 blocked by recent completion; stopping this tick
[INFO] [1777619264.419374620] [robot_3.robot_supervisor]: Selected controllable event: EV_rotate_clockwise
[INFO] [1777619264.419935104] [robot_3.robot_supervisor]: rotate_90 blocked by recent completion; stopping this tick
[INFO] [1777619264.519559595] [robot_3.robot_supervisor]: Selected controllable event: EV_rotate_clockwise
[INFO] [1777619264.520143086] [robot_3.robot_supervisor]: rotate_90 blocked by recent completion; stopping this tick
[INFO] [1777619264.619611004] [robot_3.robot_supervisor]: Selected controllable event: EV_rotate_clockwise
[INFO] [1777619264.709834299] [robot_3.robot_supervisor]: Detected zone changed to CLEAR
[INFO] [1777619266.919780955] [robot_3.robot_supervisor]: Selected controllable event: EV_move_forward
[INFO] [1777619267.219785828] [robot_3.robot_supervisor]: Selected controllable event: EV_move_forward
[INFO] [1777619267.519546097] [robot_3.robot_supervisor]: Selected controllable event: EV_move_forward
[INFO] [1777619267.540801406] [robot_3.robot_supervisor]: Detected zone changed to CORNER
[INFO] [1777619267.819790305] [robot_3.robot_supervisor]: Selected controllable event: EV_move_backward
[INFO] [1777619268.219769889] [robot_3.robot_supervisor]: Selected controllable event: EV_rotate_counterclockwise
[INFO] [1777619270.373995472] [robot_3.robot_supervisor]: Detected zone changed to CLEAR
[INFO] [1777619270.619321513] [robot_3.robot_supervisor]: Selected controllable event: EV_move_forward
[INFO] [1777619270.919692160] [robot_3.robot_supervisor]: Selected controllable event: EV_move_forward
[INFO] [1777619271.219272349] [robot_3.robot_supervisor]: Selected controllable event: EV_move_forward
[INFO] [1777619271.519709103] [robot_3.robot_supervisor]: Selected controllable event: EV_move_forward
[INFO] [1777619271.819374520] [robot_3.robot_supervisor]: Selected controllable event: EV_move_forward
[INFO] [1777619272.119632123] [robot_3.robot_supervisor]: Selected controllable event: EV_move_forward
[INFO] [1777619272.419349332] [robot_3.robot_supervisor]: Selected controllable event: EV_move_forward
[INFO] [1777619272.719674140] [robot_3.robot_supervisor]: Selected controllable event: EV_move_forward
[INFO] [1777619273.019662775] [robot_3.robot_supervisor]: Selected controllable event: EV_move_forward
[INFO] [1777619273.319674655] [robot_3.robot_supervisor]: Selected controllable event: EV_move_forward
[INFO] [1777619273.619410799] [robot_3.robot_supervisor]: Selected controllable event: EV_move_forward
[INFO] [1777619273.919508495] [robot_3.robot_supervisor]: Selected controllable event: EV_move_forward
[INFO] [1777619274.219591056] [robot_3.robot_supervisor]: Selected controllable event: EV_move_forward
[INFO] [1777619274.519633264] [robot_3.robot_supervisor]: Selected controllable event: EV_move_forward
[INFO] [1777619274.819295159] [robot_3.robot_supervisor]: Selected controllable event: EV_move_forward
[INFO] [1777619275.119276542] [robot_3.robot_supervisor]: Selected controllable event: EV_move_forward
[INFO] [1777619275.419321102] [robot_3.robot_supervisor]: Selected controllable event: EV_move_forward
[INFO] [1777619275.719350905] [robot_3.robot_supervisor]: Selected controllable event: EV_move_forward
[INFO] [1777619276.019656878] [robot_3.robot_supervisor]: Selected controllable event: EV_move_forward
[INFO] [1777619276.319645484] [robot_3.robot_supervisor]: Selected controllable event: EV_move_forward
[INFO] [1777619276.619541465] [robot_3.robot_supervisor]: Selected controllable event: EV_move_forward
[INFO] [1777619276.919383273] [robot_3.robot_supervisor]: Selected controllable event: EV_move_forward
[INFO] [1777619277.219263724] [robot_3.robot_supervisor]: Selected controllable event: EV_move_forward
[INFO] [1777619277.519803859] [robot_3.robot_supervisor]: Selected controllable event: EV_move_forward
[INFO] [1777619277.819668804] [robot_3.robot_supervisor]: Selected controllable event: EV_move_forward
[INFO] [1777619278.119379069] [robot_3.robot_supervisor]: Selected controllable event: EV_move_forward
[INFO] [1777619278.419301367] [robot_3.robot_supervisor]: Selected controllable event: EV_move_forward
[INFO] [1777619278.719393160] [robot_3.robot_supervisor]: Selected controllable event: EV_move_forward
[INFO] [1777619279.019279481] [robot_3.robot_supervisor]: Selected controllable event: EV_move_forward
[INFO] [1777619279.319235873] [robot_3.robot_supervisor]: Selected controllable event: EV_move_forward
[INFO] [1777619279.619241804] [robot_3.robot_supervisor]: Selected controllable event: EV_move_forward
[INFO] [1777619279.919556734] [robot_3.robot_supervisor]: Selected controllable event: EV_move_forward
[INFO] [1777619280.219147800] [robot_3.robot_supervisor]: Selected controllable event: EV_move_forward
[INFO] [1777619280.421080496] [robot_3.robot_supervisor]: Selected controllable event: EV_move_forward
[INFO] [1777619280.719257951] [robot_3.robot_supervisor]: Selected controllable event: EV_move_forward
[INFO] [1777619281.019442