[INFO] [1777619091.490449910] [robot_0.robot_supervisor]: Loaded initial mission 'explore' from explicit YAML explore_sup_gpt_new_1_run_5_406.yaml
[INFO] [1777619091.595553191] [robot_0.robot_supervisor]: Selected controllable event: EV_move_forward
[INFO] [1777619091.895550648] [robot_0.robot_supervisor]: Selected controllable event: EV_move_forward
[INFO] [1777619092.195555753] [robot_0.robot_supervisor]: Selected controllable event: EV_move_forward
[INFO] [1777619092.496097670] [robot_0.robot_supervisor]: Selected controllable event: EV_move_forward
[INFO] [1777619092.795579210] [robot_0.robot_supervisor]: Selected controllable event: EV_move_forward
[INFO] [1777619093.095661720] [robot_0.robot_supervisor]: Selected controllable event: EV_move_forward
[INFO] [1777619093.395244332] [robot_0.robot_supervisor]: Selected controllable event: EV_move_forward
[INFO] [1777619093.695665974] [robot_0.robot_supervisor]: Selected controllable event: EV_move_forward
[INFO] [1777619093.995571434] [robot_0.robot_supervisor]: Selected controllable event: EV_move_forward
[INFO] [1777619094.295528900] [robot_0.robot_supervisor]: Selected controllable event: EV_move_forward
[INFO] [1777619094.595558437] [robot_0.robot_supervisor]: Selected controllable event: EV_move_forward
[INFO] [1777619094.895467031] [robot_0.robot_supervisor]: Selected controllable event: EV_move_forward
[INFO] [1777619095.195275467] [robot_0.robot_supervisor]: Selected controllable event: EV_move_forward
[INFO] [1777619095.495792530] [robot_0.robot_supervisor]: Selected controllable event: EV_move_forward
[INFO] [1777619095.795283907] [robot_0.robot_supervisor]: Selected controllable event: EV_move_forward
[INFO] [1777619096.095555890] [robot_0.robot_supervisor]: Selected controllable event: EV_move_forward
[INFO] [1777619096.395558331] [robot_0.robot_supervisor]: Selected controllable event: EV_move_forward
[INFO] [1777619096.695356040] [robot_0.robot_supervisor]: Selected controllable event: EV_move_forward
[INFO] [1777619096.995259153] [robot_0.robot_supervisor]: Selected controllable event: EV_move_forward
[INFO] [1777619097.295515830] [robot_0.robot_supervisor]: Selected controllable event: EV_move_forward
[INFO] [1777619097.595679393] [robot_0.robot_supervisor]: Selected controllable event: EV_move_forward
[INFO] [1777619097.895578211] [robot_0.robot_supervisor]: Selected controllable event: EV_move_forward
[INFO] [1777619098.195554227] [robot_0.robot_supervisor]: Selected controllable event: EV_move_forward
[INFO] [1777619098.495481265] [robot_0.robot_supervisor]: Selected controllable event: EV_move_forward
[INFO] [1777619098.795476310] [robot_0.robot_supervisor]: Selected controllable event: EV_move_forward
[INFO] [1777619099.095685440] [robot_0.robot_supervisor]: Selected controllable event: EV_move_forward
[INFO] [1777619099.395884715] [robot_0.robot_supervisor]: Selected controllable event: EV_move_forward
[INFO] [1777619099.520147392] [robot_0.robot_supervisor]: Detected zone changed to CORNER
[INFO] [1777619099.695232213] [robot_0.robot_supervisor]: Selected controllable event: EV_move_backward
[INFO] [1777619100.095544585] [robot_0.robot_supervisor]: Selected controllable event: EV_rotate_counterclockwise
[INFO] [1777619102.395655124] [robot_0.robot_supervisor]: Selected controllable event: EV_full_rotate
[INFO] [1777619102.395989827] [robot_0.robot_supervisor]: Starting FULL ROTATE (omega=1.000, have_odom=True, target_rad=3.142, timeout_s=3.500)
[INFO] [1777619102.495179703] [robot_0.robot_supervisor]: FULL ROTATE active (accum_rad=0.000, timed_fallback=False, stall_count=0)
[INFO] [1777619102.595230388] [robot_0.robot_supervisor]: FULL ROTATE active (accum_rad=0.006, timed_fallback=False, stall_count=0)
[INFO] [1777619102.695510267] [robot_0.robot_supervisor]: FULL ROTATE active (accum_rad=0.037, timed_fallback=False, stall_count=0)
[INFO] [1777619102.795161802] [robot_0.robot_supervisor]: FULL ROTATE active (accum_rad=0.099, timed_fallback=False, stall_count=0)
[INFO] [1777619102.895224613] [robot_0.robot_supervisor]: FULL ROTATE active (accum_rad=0.189, timed_fallback=False, stall_count=0)
[INFO] [1777619102.995167922] [robot_0.robot_supervisor]: FULL ROTATE active (accum_rad=0.289, timed_fallback=False, stall_count=0)
[INFO] [1777619103.095217144] [robot_0.robot_supervisor]: FULL ROTATE active (accum_rad=0.389, timed_fallback=False, stall_count=0)
[INFO] [1777619103.195155263] [robot_0.robot_supervisor]: FULL ROTATE active (accum_rad=0.489, timed_fallback=False, stall_count=0)
[INFO] [1777619103.295200909] [robot_0.robot_supervisor]: FULL ROTATE active (accum_rad=0.589, timed_fallback=False, stall_count=0)
[INFO] [1777619103.395631872] [robot_0.robot_supervisor]: FULL ROTATE active (accum_rad=0.639, timed_fallback=False, stall_count=0)
[INFO] [1777619103.495102821] [robot_0.robot_supervisor]: FULL ROTATE active (accum_rad=0.739, timed_fallback=False, stall_count=0)
[INFO] [1777619103.595315184] [robot_0.robot_supervisor]: FULL ROTATE active (accum_rad=0.839, timed_fallback=False, stall_count=0)
[INFO] [1777619103.695387695] [robot_0.robot_supervisor]: FULL ROTATE active (accum_rad=0.939, timed_fallback=False, stall_count=0)
[INFO] [1777619103.795626567] [robot_0.robot_supervisor]: FULL ROTATE active (accum_rad=1.039, timed_fallback=False, stall_count=0)
[INFO] [1777619103.895372012] [robot_0.robot_supervisor]: FULL ROTATE active (accum_rad=1.139, timed_fallback=False, stall_count=0)
[INFO] [1777619103.995517965] [robot_0.robot_supervisor]: FULL ROTATE active (accum_rad=1.189, timed_fallback=False, stall_count=0)
[INFO] [1777619104.095575646] [robot_0.robot_supervisor]: FULL ROTATE active (accum_rad=1.289, timed_fallback=False, stall_count=0)
[INFO] [1777619104.195488307] [robot_0.robot_supervisor]: FULL ROTATE active (accum_rad=1.389, timed_fallback=False, stall_count=0)
[INFO] [1777619104.295632763] [robot_0.robot_supervisor]: FULL ROTATE active (accum_rad=1.489, timed_fallback=False, stall_count=0)
[INFO] [1777619104.395243433] [robot_0.robot_supervisor]: FULL ROTATE active (accum_rad=1.589, timed_fallback=False, stall_count=0)
[INFO] [1777619104.495332886] [robot_0.robot_supervisor]: FULL ROTATE active (accum_rad=1.639, timed_fallback=False, stall_count=0)
[INFO] [1777619104.595170274] [robot_0.robot_supervisor]: FULL ROTATE active (accum_rad=1.739, timed_fallback=False, stall_count=0)
[INFO] [1777619104.695158754] [robot_0.robot_supervisor]: FULL ROTATE active (accum_rad=1.839, timed_fallback=False, stall_count=0)
[INFO] [1777619104.795233779] [robot_0.robot_supervisor]: FULL ROTATE active (accum_rad=1.939, timed_fallback=False, stall_count=0)
[INFO] [1777619104.895296632] [robot_0.robot_supervisor]: FULL ROTATE active (accum_rad=2.039, timed_fallback=False, stall_count=0)
[INFO] [1777619104.933632689] [robot_0.robot_supervisor]: Detected zone changed to CLEAR
[INFO] [1777619104.995213097] [robot_0.robot_supervisor]: FULL ROTATE active (accum_rad=2.139, timed_fallback=False, stall_count=0)
[INFO] [1777619105.095577604] [robot_0.robot_supervisor]: FULL ROTATE active (accum_rad=2.189, timed_fallback=False, stall_count=0)
[INFO] [1777619105.195201827] [robot_0.robot_supervisor]: FULL ROTATE active (accum_rad=2.289, timed_fallback=False, stall_count=0)
[INFO] [1777619105.295213123] [robot_0.robot_supervisor]: FULL ROTATE active (accum_rad=2.389, timed_fallback=False, stall_count=0)
[INFO] [1777619105.395699385] [robot_0.robot_supervisor]: FULL ROTATE active (accum_rad=2.489, timed_fallback=False, stall_count=0)
[INFO] [1777619105.495532482] [robot_0.robot_supervisor]: FULL ROTATE active (accum_rad=2.589, timed_fallback=False, stall_count=0)
[INFO] [1777619105.595570099] [robot_0.robot_supervisor]: FULL ROTATE active (accum_rad=2.639, timed_fallback=False, stall_count=0)
[INFO] [1777619105.695508325] [robot_0.robot_supervisor]: FULL ROTATE active (accum_rad=2.739, timed_fallback=False, stall_count=0)
[INFO] [1777619105.795529530] [robot_0.robot_supervisor]: FULL ROTATE active (accum_rad=2.839, timed_fallback=False, stall_count=0)
[INFO] [1777619105.895404735] [robot_0.robot_supervisor]: FULL ROTATE active (accum_rad=2.939, timed_fallback=False, stall_count=0)
[INFO] [1777619105.995552853] [robot_0.robot_supervisor]: FULL ROTATE active (accum_rad=3.039, timed_fallback=False, stall_count=0)
[INFO] [1777619105.996169452] [robot_0.robot_supervisor]: FULL ROTATE completed by timeout
[INFO] [1777619105.996651421] [robot_0.robot_supervisor]: FULL ROTATE stopped; supervisor will select next event next tick
[INFO] [1777619106.395594903] [robot_0.robot_supervisor]: Selected controllable event: EV_move_forward
[INFO] [1777619106.695599493] [robot_0.robot_supervisor]: Selected controllable event: EV_move_forward
[INFO] [1777619106.995736231] [robot_0.robot_supervisor]: Selected controllable event: EV_move_forward
[INFO] [1777619107.295386307] [robot_0.robot_supervisor]: Selected controllable event: EV_move_forward
[INFO] [1777619107.595946662] [robot_0.robot_supervisor]: Selected controllable event: EV_move_forward
[INFO] [1777619107.895566146] [robot_0.robot_supervisor]: Selected controllable event: EV_move_forward
[INFO] [1777619108.195615924] [robot_0.robot_supervisor]: Selected controllable event: EV_move_forward
[INFO] [1777619108.495501030] [robot_0.robot_supervisor]: Selected controllable event: EV_move_forward
[INFO] [1777619108.795518027] [robot_0.robot_supervisor]: Selected controllable event: EV_move_forward
[INFO] [1777619109.095686882] [robot_0.robot_supervisor]: Selected controllable event: EV_move_forward
[INFO] [1777619109.395777641] [robot_0.robot_supervisor]: Selected controllable event: EV_move_forward
[INFO] [1777619109.695221883] [robot_0.robot_supervisor]: Selected controllable event: EV_move_forward
[INFO] [1777619109.995547244] [robot_0.robot_supervisor]: Selected controllable event: EV_move_forward
[INFO] [1777619110.295276577] [robot_0.robot_supervisor]: Selected controllable event: EV_move_forward
[INFO] [1777619110.595181512] [robot_0.robot_supervisor]: Selected controllable event: EV_move_forward
[INFO] [1777619110.895225298] [robot_0.robot_supervisor]: Selected controllable event: EV_move_forward
[INFO] [1777619111.195225840] [robot_0.robot_supervisor]: Selected controllable event: EV_move_forward
[INFO] [1777619111.495363176] [robot_0.robot_supervisor]: Selected controllable event: EV_move_forward
[INFO] [1777619111.795627066] [robot_0.robot_supervisor]: Selected controllable event: EV_move_forward
[INFO] [1777619112.095603616] [robot_0.robot_supervisor]: Selected controllable event: EV_move_forward
[INFO] [1777619112.395499586] [robot_0.robot_supervisor]: Selected controllable event: EV_move_forward
[INFO] [1777619112.695604873] [robot_0.robot_supervisor]: Selected controllable event: EV_move_forward
[INFO] [1777619112.995603231] [robot_0.robot_supervisor]: Selected controllable event: EV_move_forward
[INFO] [1777619113.033428089] [robot_0.robot_supervisor]: Detected zone changed to CORNER
[INFO] [1777619113.295632693] [robot_0.robot_supervisor]: Selected controllable event: EV_move_backward
[INFO] [1777619113.695141987] [robot_0.robot_supervisor]: Selected controllable event: EV_rotate_counterclockwise
[INFO] [1777619115.895420840] [robot_0.robot_supervisor]: Selected controllable event: EV_full_rotate
[INFO] [1777619115.895714368] [robot_0.robot_supervisor]: Starting FULL ROTATE (omega=1.000, have_odom=True, target_rad=3.142, timeout_s=3.500)
[INFO] [1777619115.995519517] [robot_0.robot_supervisor]: FULL ROTATE active (accum_rad=0.000, timed_fallback=False, stall_count=0)
[INFO] [1777619116.095221711] [robot_0.robot_supervisor]: FULL ROTATE active (accum_rad=0.018, timed_fallback=False, stall_count=0)
[INFO] [1777619116.195237491] [robot_0.robot_supervisor]: FULL ROTATE active (accum_rad=0.063, timed_fallback=False, stall_count=0)
[INFO] [1777619116.295142831] [robot_0.robot_supervisor]: FULL ROTATE active (accum_rad=0.137, timed_fallback=False, stall_count=0)
[INFO] [1777619116.395160638] [robot_0.robot_supervisor]: FULL ROTATE active (accum_rad=0.235, timed_fallback=False, stall_count=0)
[INFO] [1777619116.495446273] [robot_0.robot_supervisor]: FULL ROTATE active (accum_rad=0.335, timed_fallback=False, stall_count=0)
[INFO] [1777619116.595141724] [robot_0.robot_supervisor]: FULL ROTATE active (accum_rad=0.435, timed_fallback=False, stall_count=0)
[INFO] [1777619116.695205757] [robot_0.robot_supervisor]: FULL ROTATE active (accum_rad=0.535, timed_fallback=False, stall_count=0)
[INFO] [1777619116.795322565] [robot_0.robot_supervisor]: FULL ROTATE active (accum_rad=0.585, timed_fallback=False, stall_count=0)
[INFO] [1777619116.895182793] [robot_0.robot_supervisor]: FULL ROTATE active (accum_rad=0.685, timed_fallback=False, stall_count=0)
[INFO] [1777619116.995187164] [robot_0.robot_supervisor]: FULL ROTATE active (accum_rad=0.785, timed_fallback=False, stall_count=0)
[INFO] [1777619117.095490038] [robot_0.robot_supervisor]: FULL ROTATE active (accum_rad=0.885, timed_fallback=False, stall_count=0)
[INFO] [1777619117.195571685] [robot_0.robot_supervisor]: FULL ROTATE active (accum_rad=0.985, timed_fallback=False, stall_count=0)
[INFO] [1777619117.295587099] [robot_0.robot_supervisor]: FULL ROTATE active (accum_rad=1.035, timed_fallback=False, stall_count=0)
[INFO] [1777619117.395672336] [robot_0.robot_supervisor]: FULL ROTATE active (accum_rad=1.135, timed_fallback=False, stall_count=0)
[INFO] [1777619117.495757480] [robot_0.robot_supervisor]: FULL ROTATE active (accum_rad=1.235, timed_fallback=False, stall_count=0)
[INFO] [1777619117.595231263] [robot_0.robot_supervisor]: FULL ROTATE active (accum_rad=1.335, timed_fallback=False, stall_count=0)
[INFO] [1777619117.695732601] [robot_0.robot_supervisor]: FULL ROTATE active (accum_rad=1.435, timed_fallback=False, stall_count=0)
[INFO] [1777619117.795490400] [robot_0.robot_supervisor]: FULL ROTATE active (accum_rad=1.535, timed_fallback=False, stall_count=0)
[INFO] [1777619117.895293458] [robot_0.robot_supervisor]: FULL ROTATE active (accum_rad=1.585, timed_fallback=False, stall_count=0)
[INFO] [1777619117.995440605] [robot_0.robot_supervisor]: FULL ROTATE active (accum_rad=1.685, timed_fallback=False, stall_count=0)
[INFO] [1777619118.095207611] [robot_0.robot_supervisor]: FULL ROTATE active (accum_rad=1.785, timed_fallback=False, stall_count=0)
[INFO] [1777619118.195306295] [robot_0.robot_supervisor]: FULL ROTATE active (accum_rad=1.885, timed_fallback=False, stall_count=0)
[INFO] [1777619118.253590067] [robot_0.robot_supervisor]: Detected zone changed to CLEAR
[INFO] [1777619118.295112948] [robot_0.robot_supervisor]: FULL ROTATE active (accum_rad=1.985, timed_fallback=False, stall_count=0)
[INFO] [1777619118.395448949] [robot_0.robot_supervisor]: FULL ROTATE active (accum_rad=2.085, timed_fallback=False, stall_count=0)
[INFO] [1777619118.495477757] [robot_0.robot_supervisor]: FULL ROTATE active (accum_rad=2.185, timed_fallback=False, stall_count=0)
[INFO] [1777619118.595437206] [robot_0.robot_supervisor]: FULL ROTATE active (accum_rad=2.285, timed_fallback=False, stall_count=0)
[INFO] [1777619118.695402525] [robot_0.robot_supervisor]: FULL ROTATE active (accum_rad=2.385, timed_fallback=False, stall_count=0)
[INFO] [1777619118.795436781] [robot_0.robot_supervisor]: FULL ROTATE active (accum_rad=2.485, timed_fallback=False, stall_count=0)
[INFO] [1777619118.895468321] [robot_0.robot_supervisor]: FULL ROTATE active (accum_rad=2.535, timed_fallback=False, stall_count=0)
[INFO] [1777619118.995220950] [robot_0.robot_supervisor]: FULL ROTATE active (accum_rad=2.635, timed_fallback=False, stall_count=0)
[INFO] [1777619119.095195625] [robot_0.robot_supervisor]: FULL ROTATE active (accum_rad=2.735, timed_fallback=False, stall_count=0)
[INFO] [1777619119.195302635] [robot_0.robot_supervisor]: FULL ROTATE active (accum_rad=2.835, timed_fallback=False, stall_count=0)
[INFO] [1777619119.295226151] [robot_0.robot_supervisor]: FULL ROTATE active (accum_rad=2.935, timed_fallback=False, stall_count=0)
[INFO] [1777619119.395210854] [robot_0.robot_supervisor]: FULL ROTATE active (accum_rad=3.035, timed_fallback=False, stall_count=0)
[INFO] [1777619119.495168683] [robot_0.robot_supervisor]: FULL ROTATE active (accum_rad=3.085, timed_fallback=False, stall_count=0)
[INFO] [1777619119.495439152] [robot_0.robot_supervisor]: FULL ROTATE completed by timeout
[INFO] [1777619119.495695027] [robot_0.robot_supervisor]: FULL ROTATE stopped; supervisor will select next event next tick
[INFO] [1777619119.895384469] [robot_0.robot_supervisor]: Selected controllable event: EV_move_forward
[INFO] [1777619120.195273913] [robot_0.robot_supervisor]: Selected controllable event: EV_move_forward
[INFO] [1777619120.495240939] [robot_0.robot_supervisor]: Selected controllable event: EV_move_forward
[INFO] [1777619120.795227888] [robot_0.robot_supervisor]: Selected controllable event: EV_move_forward
[INFO] [1777619121.095358856] [robot_0.robot_supervisor]: Selected controllable event: EV_move_forward
[INFO] [1777619121.395237114] [robot_0.robot_supervisor]: Selected controllable event: EV_move_forward
[INFO] [1777619121.695561925] [robot_0.robot_supervisor]: Selected controllable event: EV_move_forward
[INFO] [1777619121.995277820] [robot_0.robot_supervisor]: Selected controllable event: EV_move_forward
[INFO] [1777619122.295268107] [robot_0.robot_supervisor]: Selected controllable event: EV_move_forward
[INFO] [1777619122.595487095] [robot_0.robot_supervisor]: Selected controllable event: EV_move_forward
[INFO] [1777619122.895838758] [robot_0.robot_supervisor]: Selected controllable event: EV_move_forward
[INFO] [1777619123.195386065] [robot_0.robot_supervisor]: Selected controllable event: EV_move_forward
[INFO] [1777619123.495720354] [robot_0.robot_supervisor]: Selected controllable event: EV_move_forward
[INFO] [1777619123.670956621] [robot_0.robot_supervisor]: Detected zone changed to CORNER
[INFO] [1777619123.795227604] [robot_0.robot_supervisor]: Selected controllable event: EV_move_backward
[INFO] [1777619124.195699928] [robot_0.robot_supervisor]: Selected controllable event: EV_rotate_counterclockwise
[INFO] [1777619126.395661417] [robot_0.robot_supervisor]: Selected controllable event: EV_full_rotate
[INFO] [1777619126.395909946] [robot_0.robot_supervisor]: Starting FULL ROTATE (omega=1.000, have_odom=True, target_rad=3.142, timeout_s=3.500)
[INFO] [1777619126.495323075] [robot_0.robot_supervisor]: FULL ROTATE active (accum_rad=0.000, timed_fallback=False, stall_count=0)
[INFO] [1777619126.595519775] [robot_0.robot_supervisor]: FULL ROTATE active (accum_rad=0.031, timed_fallback=False, stall_count=0)
[INFO] [1777619126.695537967] [robot_0.robot_supervisor]: FULL ROTATE active (accum_rad=0.091, timed_fallback=False, stall_count=0)
[INFO] [1777619126.795502121] [robot_0.robot_supervisor]: FULL ROTATE active (accum_rad=0.180, timed_fallback=False, stall_count=0)
[INFO] [1777619126.895329479] [robot_0.robot_supervisor]: FULL ROTATE active (accum_rad=0.280, timed_fallback=False, stall_count=0)
[INFO] [1777619126.995518553] [robot_0.robot_supervisor]: FULL ROTATE active (accum_rad=0.380, timed_fallback=False, stall_count=0)
[INFO] [1777619127.095455037] [robot_0.robot_supervisor]: FULL ROTATE active (accum_rad=0.480, timed_fallback=False, stall_count=0)
[INFO] [1777619127.195107073] [robot_0.robot_supervisor]: FULL ROTATE active (accum_rad=0.580, timed_fallback=False, stall_count=0)
[INFO] [1777619127.295189609] [robot_0.robot_supervisor]: FULL ROTATE active (accum_rad=0.680, timed_fallback=False, stall_count=0)
[INFO] [1777619127.395789847] [robot_0.robot_supervisor]: FULL ROTATE active (accum_rad=0.780, timed_fallback=False, stall_count=0)
[INFO] [1777619127.495369712] [robot_0.robot_supervisor]: FULL ROTATE active (accum_rad=0.830, timed_fallback=False, stall_count=0)
[INFO] [1777619127.595288712] [robot_0.robot_supervisor]: FULL ROTATE active (accum_rad=0.930, timed_fallback=False, stall_count=0)
[INFO] [1777619127.695893274] [robot_0.robot_supervisor]: FULL ROTATE active (accum_rad=1.030, timed_fallback=False, stall_count=0)
[INFO] [1777619127.795474225] [robot_0.robot_supervisor]: FULL ROTATE active (accum_rad=1.130, timed_fallback=False, stall_count=0)
[INFO] [1777619127.895312886] [robot_0.robot_supervisor]: FULL ROTATE active (accum_rad=1.230, timed_fallback=False, stall_count=0)
[INFO] [1777619127.995780745] [robot_0.robot_supervisor]: FULL ROTATE active (accum_rad=1.330, timed_fallback=False, stall_count=0)
[INFO] [1777619128.095259275] [robot_0.robot_supervisor]: FULL ROTATE active (accum_rad=1.380, timed_fallback=False, stall_count=0)
[INFO] [1777619128.195511376] [robot_0.robot_supervisor]: FULL ROTATE active (accum_rad=1.480, timed_fallback=False, stall_count=0)
[INFO] [1777619128.295341081] [robot_0.robot_supervisor]: FULL ROTATE active (accum_rad=1.580, timed_fallback=False, stall_count=0)
[INFO] [1777619128.395612312] [robot_0.robot_supervisor]: FULL ROTATE active (accum_rad=1.680, timed_fallback=False, stall_count=0)
[INFO] [1777619128.495304283] [robot_0.robot_supervisor]: FULL ROTATE active (accum_rad=1.780, timed_fallback=False, stall_count=0)
[INFO] [1777619128.595222099] [robot_0.robot_supervisor]: FULL ROTATE active (accum_rad=1.830, timed_fallback=False, stall_count=0)
[INFO] [1777619128.695657453] [robot_0.robot_supervisor]: FULL ROTATE active (accum_rad=1.930, timed_fallback=False, stall_count=0)
[INFO] [1777619128.795195048] [robot_0.robot_supervisor]: FULL ROTATE active (accum_rad=2.030, timed_fallback=False, stall_count=0)
[INFO] [1777619128.895210736] [robot_0.robot_supervisor]: FULL ROTATE active (accum_rad=2.130, timed_fallback=False, stall_count=0)
[INFO] [1777619128.995530161] [robot_0.robot_supervisor]: FULL ROTATE active (accum_rad=2.230, timed_fallback=False, stall_count=0)
[INFO] [1777619128.999300664] [robot_0.robot_supervisor]: Detected zone changed to CLEAR
[INFO] [1777619129.095635461] [robot_0.robot_supervisor]: FULL ROTATE active (accum_rad=2.330, timed_fallback=False, stall_count=0)
[INFO] [1777619129.195419629] [robot_0.robot_supervisor]: FULL ROTATE active (accum_rad=2.430, timed_fallback=False, stall_count=0)
[INFO] [1777619129.295563311] [robot_0.robot_supervisor]: FULL ROTATE active (accum_rad=2.530, timed_fallback=False, stall_count=0)
[INFO] [1777619129.395502441] [robot_0.robot_supervisor]: FULL ROTATE active (accum_rad=2.630, timed_fallback=False, stall_count=0)
[INFO] [1777619129.495310705] [robot_0.robot_supervisor]: FULL ROTATE active (accum_rad=2.730, timed_fallback=False, stall_count=0)
[INFO] [1777619129.595189090] [robot_0.robot_supervisor]: FULL ROTATE active (accum_rad=2.830, timed_fallback=False, stall_count=0)
[INFO] [1777619129.695216252] [robot_0.robot_supervisor]: FULL ROTATE active (accum_rad=2.880, timed_fallback=False, stall_count=0)
[INFO] [1777619129.795443402] [robot_0.robot_supervisor]: FULL ROTATE active (accum_rad=2.980, timed_fallback=False, stall_count=0)
[INFO] [1777619129.895449347] [robot_0.robot_supervisor]: FULL ROTATE active (accum_rad=3.080, timed_fallback=False, stall_count=0)
[INFO] [1777619129.895983387] [robot_0.robot_supervisor]: FULL ROTATE completed by odom (accum_rad=3.180)
[INFO] [1777619129.896420227] [robot_0.robot_supervisor]: FULL ROTATE stopped; supervisor will select next event next tick
[INFO] [1777619130.295245910] [robot_0.robot_supervisor]: Selected controllable event: EV_move_forward
[INFO] [1777619130.595395217] [robot_0.robot_supervisor]: Selected controllable event: EV_move_forward
[INFO] [1777619130.895673300] [robot_0.robot_supervisor]: Selected controllable event: EV_move_forward
[INFO] [1777619131.195281650] [robot_0.robot_supervisor]: Selected controllable event: EV_move_forward
[INFO] [1777619131.495536716] [robot_0.robot_supervisor]: Selected controllable event: EV_move_forward
[INFO] [1777619131.795668551] [robot_0.robot_supervisor]: Selected controllable event: EV_move_forward
[INFO] [1777619132.095638524] [robot_0.robot_supervisor]: Selected controllable event: EV_move_forward
[INFO] [1777619132.395242666] [robot_0.robot_supervisor]: Selected controllable event: EV_move_forward
[INFO] [1777619132.695275443] [robot_0.robot_supervisor]: Selected controllable event: EV_move_forward
[INFO] [1777619132.995421171] [robot_0.robot_supervisor]: Selected controllable event: EV_move_forward
[INFO] [1777619133.295215611] [robot_0.robot_supervisor]: Selected controllable event: EV_move_forward
[INFO] [1777619133.595568835] [robot_0.robot_supervisor]: Selected controllable event: EV_move_forward
[INFO] [1777619133.895553111] [robot_0.robot_supervisor]: Selected controllable event: EV_move_forward
[INFO] [1777619134.195600017] [robot_0.robot_supervisor]: Selected controllable event: EV_move_forward
[INFO] [1777619134.495606271] [robot_0.robot_supervisor]: Selected controllable event: EV_move_forward
[INFO] [1777619134.795484994] [robot_0.robot_supervisor]: Selected controllable event: EV_move_forward
[INFO] [1777619135.095495228] [robot_0.robot_supervisor]: Selected controllable event: EV_move_forward
[INFO] [1777619135.395502598] [robot_0.robot_supervisor]: Selected controllable event: EV_move_forward
[INFO] [1777619135.695138292] [robot_0.robot_supervisor]: Selected controllable event: EV_move_forward
[INFO] [1777619135.995490373] [robot_0.robot_supervisor]: Selected controllable event: EV_move_forward
[INFO] [1777619136.295294224] [robot_0.robot_supervisor]: Selected controllable event: EV_move_forward
[INFO] [1777619136.595620860] [robot_0.robot_supervisor]: Selected controllable event: EV_move_forward
[INFO] [1777619136.895145293] [robot_0.robot_supervisor]: Selected controllable event: EV_move_forward
[INFO] [1777619137.195720802] [robot_0.robot_supervisor]: Selected controllable event: EV_move_forward
[INFO] [1777619137.495555126] [robot_0.robot_supervisor]: Selected controllable event: EV_move_forward
[INFO] [1777619137.795252606] [robot_0.robot_supervisor]: Selected controllable event: EV_move_forward
[INFO] [1777619138.095296569] [robot_0.robot_supervisor]: Selected controllable event: EV_move_forward
[INFO] [1777619138.395261939] [robot_0.robot_supervisor]: Selected controllable event: EV_move_forward
[INFO] [1777619138.695584752] [robot_0.robot_supervisor]: Selected controllable event: EV_move_forward
[INFO] [1777619138.995230770] [robot_0.robot_supervisor]: Selected controllable event: EV_move_forward
[INFO] [1777619139.295683048] [robot_0.robot_supervisor]: Selected controllable event: EV_move_forward
[INFO] [1777619139.595339052] [robot_0.robot_supervisor]: Selected controllable event: EV_move_forward
[INFO] [1777619139.854835856] [robot_0.robot_supervisor]: Detected zone changed to CORNER
[INFO] [1777619139.895217796] [robot_0.robot_supervisor]: Selected controllable event: EV_move_backward
[INFO] [1777619140.295469357] [robot_0.robot_supervisor]: Selected controllable event: EV_rotate_counterclockwise
[INFO] [1777619142.568218623] [robot_0.robot_supervisor]: Detected zone changed to CLEAR
[INFO] [1777619142.595643876] [robot_0.robot_supervisor]: Selected controllable event: EV_move_forward
[INFO] [1777619142.895528146] [robot_0.robot_supervisor]: Selected controllable event: EV_move_forward
[INFO] [1777619143.195567983] [robot_0.robot_supervisor]: Selected controllable event: EV_move_forward
[INFO] [1777619143.495530483] [robot_0.robot_supervisor]: Selected controllable event: EV_move_forward
[INFO] [1777619143.795479742] [robot_0.robot_supervisor]: Selected controllable event: EV_move_forward
[INFO] [1777619144.095229983] [robot_0.robot_supervisor]: Selected controllable event: EV_move_forward
[INFO] [1777619144.395932124] [robot_0.robot_supervisor]: Selected controllable event: EV_move_forward
[INFO] [1777619144.695556227] [robot_0.robot_supervisor]: Selected controllable event: EV_move_forward
[INFO] [1777619144.995605847] [robot_0.robot_supervisor]: Selected controllable event: EV_move_forward
[INFO] [1777619145.295602234] [robot_0.robot_supervisor]: Selected controllable event: EV_move_forward
[INFO] [1777619145.595545781] [robot_0.robot_supervisor]: Selected controllable event: EV_move_forward
[INFO] [1777619145.895619036] [robot_0.robot_supervisor]: Selected controllable event: EV_move_forward
[INFO] [1777619146.195775622] [robot_0.robot_supervisor]: Selected controllable event: EV_move_forward
[INFO] [1777619146.495597195] [robot_0.robot_supervisor]: Selected controllable event: EV_move_forward
[INFO] [1777619146.795585593] [robot_0.robot_supervisor]: Selected controllable event: EV_move_forward
[INFO] [1777619147.095734117] [robot_0.robot_supervisor]: Selected controllable event: EV_move_forward
[INFO] [1777619147.395216471] [robot_0.robot_supervisor]: Selected controllable event: EV_move_forward
[INFO] [1777619147.695243091] [robot_0.robot_supervisor]: Selected controllable event: EV_move_forward
[INFO] [1777619147.995211372] [robot_0.robot_supervisor]: Selected controllable event: EV_move_forward
[INFO] [1777619148.157186163] [robot_0.robot_supervisor]: Detected zone changed to LEFT
[INFO] [1777619148.295556601] [robot_0.robot_supervisor]: Selected controllable event: EV_rotate_clockwise
[INFO] [1777619150.695553779] [robot_0.robot_supervisor]: Selected controllable event: EV_rotate_clockwise
[INFO] [1777619150.695936399] [robot_0.robot_supervisor]: rotate_90 blocked by recent completion; stopping this tick
[INFO] [1777619150.795650444] [robot_0.robot_supervisor]: Selected controllable event: EV_rotate_clockwise
[INFO] [1777619150.796228193] [robot_0.robot_supervisor]: rotate_90 blocked by recent completion; stopping this tick
[INFO] [1777619150.797243815] [robot_0.robot_supervisor]: Detected zone changed to CORNER
[INFO] [1777619150.895222732] [robot_0.robot_supervisor]: Selected controllable event: EV_move_backward
[INFO] [1777619151.295653187] [robot_0.robot_supervisor]: Selected controllable event: EV_rotate_counterclockwise
[INFO] [1777619153.553898065] [robot_0.robot_supervisor]: Detected zone changed to CLEAR
[INFO] [1777619153.595307906] [robot_0.robot_supervisor]: Selected controllable event: EV_move_forward
[INFO] [1777619153.895227925] [robot_0.robot_supervisor]: Selected controllable event: EV_move_forward
[INFO] [1777619154.195363569] [robot_0.robot_supervisor]: Selected controllable event: EV_move_forward
[INFO] [1777619154.495266173] [robot_0.robot_supervisor]: Selected controllable event: EV_move_forward
[INFO] [1777619154.795190334] [robot_0.robot_supervisor]: Selected controllable event: EV_move_forward
[INFO] [1777619155.095248791] [robot_0.robot_supervisor]: Selected controllable event: EV_move_forward
[INFO] [1777619155.395490409] [robot_0.robot_supervisor]: Selected controllable event: EV_move_forward
[INFO] [1777619155.695284731] [robot_0.robot_supervisor]: Selected controllable event: EV_move_forward
[INFO] [1777619155.995565819] [robot_0.robot_supervisor]: Selected controllable event: EV_move_forward
[INFO] [1777619156.295246119] [robot_0.robot_supervisor]: Selected controllable event: EV_move_forward
[INFO] [1777619156.595562411] [robot_0.robot_supervisor]: Selected controllable event: EV_move_forward
[INFO] [1777619156.895299661] [robot_0.robot_supervisor]: Selected controllable event: EV_move_forward
[INFO] [1777619157.195241406] [robot_0.robot_supervisor]: Selected controllable event: EV_move_forward
[INFO] [1777619157.495273982] [robot_0.robot_supervisor]: Selected controllable event: EV_move_forward
[INFO] [1777619157.795835724] [robot_0.robot_supervisor]: Selected controllable event: EV_move_forward
[INFO] [1777619158.095599998] [robot_0.robot_supervisor]: Selected controllable event: EV_move_forward
[INFO] [1777619158.395553111] [robot_0.robot_supervisor]: Selected controllable event: EV_move_forward
[INFO] [1777619158.695523259] [robot_0.robot_supervisor]: Selected controllable event: EV_move_forward
[INFO] [1777619158.995559710] [robot_0.robot_supervisor]: Selected controllable event: EV_move_forward
[INFO] [1777619159.295244868] [robot_0.robot_supervisor]: Selected controllable event: EV_move_forward
[INFO] [1777619159.595586604] [robot_0.robot_supervisor]: Selected controllable event: EV_move_forward
[INFO] [1777619159.895367155] [robot_0.robot_supervisor]: Selected controllable event: EV_move_forward
[INFO] [1777619160.195307410] [robot_0.robot_supervisor]: Selected controllable event: EV_move_forward
[INFO] [1777619160.495683600] [robot_0.robot_supervisor]: Selected controllable event: EV_move_forward
[INFO] [1777619160.795383379] [robot_0.robot_supervisor]: Selected controllable event: EV_move_forward
[INFO] [1777619161.095315298] [robot_0.robot_supervisor]: Selected controllable event: EV_move_forward
[INFO] [1777619161.395516733] [robot_0.robot_supervisor]: Selected controllable event: EV_move_forward
[INFO] [1777619161.695267590] [robot_0.robot_supervisor]: Selected controllable event: EV_move_forward
[INFO] [1777619161.995219029] [robot_0.robot_supervisor]: Selected controllable event: EV_move_forward
[INFO] [1777619162.295238506] [robot_0.robot_supervisor]: Selected controllable event: EV_move_forward
[INFO] [1777619162.595376154] [robot_0.robot_supervisor]: Selected controllable event: EV_move_forward
[INFO] [1777619162.895831178] [robot_0.robot_supervisor]: Selected controllable event: EV_move_forward
[INFO] [1777619163.195579611] [robot_0.robot_supervisor]: Selected controllable event: EV_move_forward
[INFO] [1777619163.495496810] [robot_0.robot_supervisor]: Selected controllable event: EV_move_forward
[INFO] [1777619163.795767628] [robot_0.robot_supervisor]: Selected controllable event: EV_move_forward
[INFO] [1777619164.095647452] [robot_0.robot_supervisor]: Selected controllable event: EV_move_forward
[INFO] [1777619164.395735559] [robot_0.robot_supervisor]: Selected controllable event: EV_move_forward
[INFO] [1777619164.459078563] [robot_0.robot_supervisor]: Detected zone changed to LEFT
[INFO] [1777619164.695211464] [robot_0.robot_supervisor]: Selected controllable event: EV_rotate_clockwise
[INFO] [1777619166.995558543] [robot_0.robot_supervisor]: Selected controllable event: EV_rotate_clockwise
[INFO] [1777619166.995991614] [robot_0.robot_supervisor]: rotate_90 blocked by recent completion; stopping this tick
[INFO] [1777619167.095316231] [robot_0.robot_supervisor]: Selected controllable event: EV_rotate_clockwise
[INFO] [1777619167.095597784] [robot_0.robot_supervisor]: rotate_90 blocked by recent completion; stopping this tick
[INFO] [1777619167.195654154] [robot_0.robot_supervisor]: Selected controllable event: EV_rotate_clockwise
[INFO] [1777619169.395263459] [robot_0.robot_supervisor]: Selected controllable event: EV_rotate_clockwise
[INFO] [1777619169.395496464] [robot_0.robot_supervisor]: rotate_90 blocked by recent completion; stopping this tick
[INFO] [1777619169.495375625] [robot_0.robot_supervisor]: Selected controllable event: EV_rotate_clockwise
[INFO] [1777619169.495756963] [robot_0.robot_supervisor]: rotate_90 blocked by recent completion; stopping this tick
[INFO] [1777619169.595400102] [robot_0.robot_supervisor]: Selected controllable event: EV_rotate_clockwise
[INFO] [1777619169.595768484] [robot_0.robot_supervisor]: rotate_90 blocked by recent completion; stopping this tick
[INFO] [1777619169.695252894] [robot_0.robot_supervisor]: Selected controllable event: EV_rotate_clockwise
[INFO] [1777619169.890891099] [robot_0.robot_supervisor]: Detected zone changed to CLEAR
[INFO] [1777619171.895490216] [robot_0.robot_supervisor]: Selected controllable event: EV_move_forward
[INFO] [1777619172.195415536] [robot_0.robot_supervisor]: Selected controllable event: EV_move_forward
[INFO] [1777619172.495596948] [robot_0.robot_supervisor]: Selected controllable event: EV_move_forward
[INFO] [1777619172.795382228] [robot_0.robot_supervisor]: Selected controllable event: EV_move_forward
[INFO] [1777619173.095239609] [robot_0.robot_supervisor]: Selected controllable event: EV_move_forward
[INFO] [1777619173.395398317] [robot_0.robot_supervisor]: Selected controllable event: EV_move_forward
[INFO] [1777619173.695579356] [robot_0.robot_supervisor]: Selected controllable event: EV_move_forward
[INFO] [1777619173.995236430] [robot_0.robot_supervisor]: Selected controllable event: EV_move_forward
[INFO] [1777619174.295145633] [robot_0.robot_supervisor]: Selected controllable event: EV_move_forward
[INFO] [1777619174.595210530] [robot_0.robot_supervisor]: Selected controllable event: EV_move_forward
[INFO] [1777619174.895301027] [robot_0.robot_supervisor]: Selected controllable event: EV_move_forward
[INFO] [1777619175.195246569] [robot_0.robot_supervisor]: Selected controllable event: EV_move_forward
[INFO] [1777619175.495660886] [robot_0.robot_supervisor]: Selected controllable event: EV_move_forward
[INFO] [1777619175.795632233] [robot_0.robot_supervisor]: Selected controllable event: EV_move_forward
[INFO] [1777619176.095599835] [robot_0.robot_supervisor]: Selected controllable event: EV_move_forward
[INFO] [1777619176.395651101] [robot_0.robot_supervisor]: Selected controllable event: EV_move_forward
[INFO] [1777619176.695411484] [robot_0.robot_supervisor]: Selected controllable event: EV_move_forward
[INFO] [1777619176.995224831] [robot_0.robot_supervisor]: Selected controllable event: EV_move_forward
[INFO] [1777619177.295354140] [robot_0.robot_supervisor]: Selected controllable event: EV_move_forward
[INFO] [1777619177.595611095] [robot_0.robot_supervisor]: Selected controllable event: EV_move_forward
[INFO] [1777619177.895229853] [robot_0.robot_supervisor]: Selected controllable event: EV_move_forward
[INFO] [1777619178.195393256] [robot_0.robot_supervisor]: Selected controllable event: EV_move_forward
[INFO] [1777619178.495902824] [robot_0.robot_supervisor]: Selected controllable event: EV_move_forward
[INFO] [1777619178.795583814] [robot_0.robot_supervisor]: Selected controllable event: EV_move_forward
[INFO] [1777619179.095145657] [robot_0.robot_supervisor]: Selected controllable event: EV_move_forward
[INFO] [1777619179.395483954] [robot_0.robot_supervisor]: Selected controllable event: EV_move_forward
[INFO] [1777619179.695776035] [robot_0.robot_supervisor]: Selected controllable event: EV_move_forward
[INFO] [1777619179.995876561] [robot_0.robot_supervisor]: Selected controllable event: EV_move_forward
[INFO] [1777619180.295205730] [robot_0.robot_supervisor]: Selected controllable event: EV_move_forward
[INFO] [1777619180.595742038] [robot_0.robot_supervisor]: Selected controllable event: EV_move_forward
[INFO] [1777619180.895516209] [robot_0.robot_supervisor]: Selected controllable event: EV_move_forward
[INFO] [1777619181.195386721] [robot_0.robot_supervisor]: Selected controllable event: EV_move_forward
[INFO] [1777619181.495708921] [robot_0.robot_supervisor]: Selected controllable event: EV_move_forward
[INFO] [1777619181.795285119] [robot_0.robot_supervisor]: Selected controllable event: EV_move_forward
[INFO] [1777619182.095293385] [robot_0.robot_supervisor]: Selected controllable event: EV_move_forward
[INFO] [1777619182.395221345] [robot_0.robot_supervisor]: Selected controllable event: EV_move_forward
[INFO] [1777619182.695296024] [robot_0.robot_supervisor]: Selected controllable event: EV_move_forward
[INFO] [1777619182.995254145] [robot_0.robot_supervisor]: Selected controllable event: EV_move_forward
[INFO] [1777619183.295233893] [robot_0.robot_supervisor]: Selected controllable event: EV_move_forward
[INFO] [1777619183.595128580] [robot_0.robot_supervisor]: Selected controllable event: EV_move_forward
[INFO] [1777619183.895652178] [robot_0.robot_supervisor]: Selected controllable event: EV_move_forward
[INFO] [1777619184.195251692] [robot_0.robot_supervisor]: Selected controllable event: EV_move_forward
[INFO] [1777619184.495506814] [robot_0.robot_supervisor]: Selected controllable event: EV_move_forward
[INFO] [1777619184.795356708] [robot_0.robot_supervisor]: Selected controllable event: EV_move_forward
[INFO] [1777619185.095597546] [robot_0.robot_supervisor]: Selected controllable event: EV_move_forward
[INFO] [1777619185.395370379] [robot_0.robot_supervisor]: Selected controllable event: EV_move_forward
[INFO] [1777619185.695406279] [robot_0.robot_supervisor]: Selected controllable event: EV_move_forward
[INFO] [1777619185.995174649] [robot_0.robot_supervisor]: Selected controllable event: EV_move_forward
[INFO] [1777619186.295346433] [robot_0.robot_supervisor]: Selected controllable event: EV_move_forward
[INFO] [1777619186.595408098] [robot_0.robot_supervisor]: Selected controllable event: EV_move_forward
[INFO] [1777619186.895486476] [robot_0.robot_supervisor]: Selected controllable event: EV_move_forward
[INFO] [1777619187.195568393] [robot_0.robot_supervisor]: Selected controllable event: EV_move_forward
[INFO] [1777619187.495828151] [robot_0.robot_supervisor]: Selected controllable event: EV_move_forward
[INFO] [1777619187.795670564] [robot_0.robot_supervisor]: Selected controllable event: EV_move_forward
[INFO] [1777619188.095974571] [robot_0.robot_supervisor]: Selected controllable event: EV_move_forward
[INFO] [1777619188.395743581] [robot_0.robot_supervisor]: Selected controllable event: EV_move_forward
[INFO] [1777619188.549436341] [robot_0.robot_supervisor]: Detected zone changed to CORNER
[INFO] [1777619188.696134631] [robot_0.robot_supervisor]: Selected controllable event: EV_move_backward
[INFO] [1777619189.096243585] [robot_0.robot_supervisor]: Selected controllable event: EV_rotate_counterclockwise
[INFO] [1777619191.595721459] [robot_0.robot_supervisor]: Selected controllable event: EV_full_rotate
[INFO] [1777619191.596296042] [robot_0.robot_supervisor]: Starting FULL ROTATE (omega=1.000, have_odom=True, target_rad=3.142, timeout_s=3.500)
[INFO] [1777619191.696130599] [robot_0.robot_supervisor]: FULL ROTATE active (accum_rad=0.000, timed_fallback=False, stall_count=0)
[INFO] [1777619191.796712149] [robot_0.robot_supervisor]: FULL ROTATE active (accum_rad=0.042, timed_fallback=False, stall_count=0)
[INFO] [1777619191.897426861] [robot_0.robot_supervisor]: FULL ROTATE active (accum_rad=0.114, timed_fallback=False, stall_count=0)
[INFO] [1777619191.995810307] [robot_0.robot_supervisor]: FULL ROTATE active (accum_rad=0.211, timed_fallback=False, stall_count=0)
[INFO] [1777619192.095653844] [robot_0.robot_supervisor]: FULL ROTATE active (accum_rad=0.311, timed_fallback=False, stall_count=0)
[INFO] [1777619192.195532001] [robot_0.robot_supervisor]: FULL ROTATE active (accum_rad=0.361, timed_fallback=False, stall_count=0)
[INFO] [1777619192.296759972] [robot_0.robot_supervisor]: FULL ROTATE active (accum_rad=0.461, timed_fallback=False, stall_count=0)
[INFO] [1777619192.397137651] [robot_0.robot_supervisor]: FULL ROTATE active (accum_rad=0.561, timed_fallback=False, stall_count=0)
[INFO] [1777619192.497583400] [robot_0.robot_supervisor]: FULL ROTATE active (accum_rad=0.661, timed_fallback=False, stall_count=0)
[INFO] [1777619192.596549818] [robot_0.robot_supervisor]: FULL ROTATE active (accum_rad=0.761, timed_fallback=False, stall_count=0)
[INFO] [1777619192.696502332] [robot_0.robot_supervisor]: FULL ROTATE active (accum_rad=0.811, timed_fallback=False, stall_count=0)
[INFO] [1777619192.795749925] [robot_0.robot_supervisor]: FULL ROTATE active (accum_rad=0.861, timed_fallback=False, stall_count=0)
[INFO] [1777619192.896456364] [robot_0.robot_supervisor]: FULL ROTATE active (accum_rad=0.911, timed_fallback=False, stall_count=0)
[INFO] [1777619192.996626702] [robot_0.robot_supervisor]: FULL ROTATE active (accum_rad=1.011, timed_fallback=False, stall_count=0)
[INFO] [1777619193.095570666] [robot_0.robot_supervisor]: FULL ROTATE active (accum_rad=1.111, timed_fallback=False, stall_count=0)
[INFO] [1777619193.196489590] [robot_0.robot_supervisor]: FULL ROTATE active (accum_rad=1.211, timed_fallback=False, stall_count=0)
[INFO] [1777619193.295660065] [robot_0.robot_supervisor]: FULL ROTATE active (accum_rad=1.261, timed_fallback=False, stall_count=0)
[INFO] [1777619193.395757753] [robot_0.robot_supervisor]: FULL ROTATE active (accum_rad=1.361, timed_fallback=False, stall_count=0)
[INFO] [1777619193.495925073] [robot_0.robot_supervisor]: FULL ROTATE active (accum_rad=1.361, timed_fallback=False, stall_count=1)
[INFO] [1777619193.595552215] [robot_0.robot_supervisor]: FULL ROTATE active (accum_rad=1.461, timed_fallback=False, stall_count=0)
[INFO] [1777619193.695577566] [robot_0.robot_supervisor]: FULL ROTATE active (accum_rad=1.561, timed_fallback=False, stall_count=0)
[INFO] [1777619193.796352138] [robot_0.robot_supervisor]: FULL ROTATE active (accum_rad=1.661, timed_fallback=False, stall_count=0)
[INFO] [1777619193.896433480] [robot_0.robot_supervisor]: FULL ROTATE active (accum_rad=1.761, timed_fallback=False, stall_count=0)
[INFO] [1777619193.996012193] [robot_0.robot_supervisor]: FULL ROTATE active (accum_rad=1.861, timed_fallback=False, stall_count=0)
[INFO] [1777619194.096341949] [robot_0.robot_supervisor]: FULL ROTATE active (accum_rad=1.861, timed_fallback=False, stall_count=1)
[INFO] [1777619194.196336704] [robot_0.robot_supervisor]: FULL ROTATE active (accum_rad=1.961, timed_fallback=False, stall_count=0)
[INFO] [1777619194.296196412] [robot_0.robot_supervisor]: FULL ROTATE active (accum_rad=2.061, timed_fallback=False, stall_count=0)
[INFO] [1777619194.395947709] [robot_0.robot_supervisor]: FULL ROTATE active (accum_rad=2.161, timed_fallback=False, stall_count=0)
[INFO] [1777619194.495822811] [robot_0.robot_supervisor]: FULL ROTATE active (accum_rad=2.261, timed_fallback=False, stall_count=0)
[INFO] [1777619194.573809811] [robot_0.robot_supervisor]: Detected zone changed to CLEAR
[INFO] [1777619194.596343088] [robot_0.robot_supervisor]: FULL ROTATE active (accum_rad=2.361, timed_fallback=False, stall_count=0)
[INFO] [1777619194.695656168] [robot_0.robot_supervisor]: FULL ROTATE active (accum_rad=2.361, timed_fallback=False, stall_count=1)
[INFO] [1777619194.796076030] [robot_0.robot_supervisor]: FULL ROTATE active (accum_rad=2.461, timed_fallback=False, stall_count=0)
[INFO] [1777619194.895513563] [robot_0.robot_supervisor]: FULL ROTATE active (accum_rad=2.561, timed_fallback=False, stall_count=0)
[INFO] [1777619194.995443471] [robot_0.robot_supervisor]: FULL ROTATE active (accum_rad=2.661, timed_fallback=False, stall_count=0)
[INFO] [1777619195.095629595] [robot_0.robot_supervisor]: FULL ROTATE active (accum_rad=2.761, timed_fallback=False, stall_count=0)
[INFO] [1777619195.096332944] [robot_0.robot_supervisor]: FULL ROTATE completed by timeout
[INFO] [1777619195.097378979] [robot_0.robot_supervisor]: FULL ROTATE stopped; supervisor will select next event next tick
[INFO] [1777619195.396541149] [robot_0.robot_supervisor]: Selected controllable event: EV_move_forward
[INFO] [1777619195.695608245] [robot_0.robot_supervisor]: Selected controllable event: EV_move_forward
[INFO] [1777619195.996397188] [robot_0.robot_supervisor]: Selected controllable event: EV_move_forward
[INFO] [1777619196.296275658] [robot_0.robot_supervisor]: Selected controllable event: EV_move_forward
[INFO] [1777619196.596243628] [robot_0.robot_supervisor]: Selected controllable event: EV_move_forward
[INFO] [1777619196.895904599] [robot_0.robot_supervisor]: Selected controllable event: EV_move_forward
[INFO] [1777619197.195707509] [robot_0.robot_supervisor]: Selected controllable event: EV_move_forward
[INFO] [1777619197.496107254] [robot_0.robot_supervisor]: Selected controllable event: EV_move_forward
[INFO] [1777619197.796481493] [robot_0.robot_supervisor]: Selected controllable event: EV_move_forward
[INFO] [1777619198.096539872] [robot_0.robot_supervisor]: Selected controllable event: EV_move_forward
[INFO] [1777619198.396035075] [robot_0.robot_supervisor]: Selected controllable event: EV_move_forward
[INFO] [1777619198.696767646] [robot_0.robot_supervisor]: Selected controllable event: EV_move_forward
[INFO] [1777619198.995781751] [robot_0.robot_supervisor]: Selected controllable event: EV_move_forward
[INFO] [1777619199.296354253] [robot_0.robot_supervisor]: Selected controllable event: EV_move_forward
[INFO] [1777619199.595800453] [robot_0.robot_supervisor]: Selected controllable event: EV_move_forward
[INFO] [1777619199.895693870] [robot_0.robot_supervisor]: Selected controllable event: EV_move_forward
[INFO] [1777619200.195566976] [robot_0.robot_supervisor]: Selected controllable event: EV_move_forward
[INFO] [1777619200.495594075] [robot_0.robot_supervisor]: Selected controllable event: EV_move_forward
[INFO] [1777619200.796378829] [robot_0.robot_supervisor]: Selected controllable event: EV_move_forward
[INFO] [1777619201.096681695] [robot_0.robot_supervisor]: Selected controllable event: EV_move_forward
[INFO] [1777619201.396782576] [robot_0.robot_supervisor]: Selected controllable event: EV_move_forward
[INFO] [1777619201.696365611] [robot_0.robot_supervisor]: Selected controllable event: EV_move_forward
[INFO] [1777619201.996415023] [robot_0.robot_supervisor]: Selected controllable event: EV_move_forward
[INFO] [1777619202.296090842] [robot_0.robot_supervisor]: Selected controllable event: EV_move_forward
[INFO] [1777619202.596383688] [robot_0.robot_supervisor]: Selected controllable event: EV_move_forward
[INFO] [1777619202.896280982] [robot_0.robot_supervisor]: Selected controllable event: EV_move_forward
[INFO] [1777619203.195979037] [robot_0.robot_supervisor]: Selected controllable event: EV_move_forward
[INFO] [1777619203.486109508] [robot_0.robot_supervisor]: Detected zone changed to RIGHT
[INFO] [1777619203.495671275] [robot_0.robot_supervisor]: Selected controllable event: EV_rotate_counterclockwise
[INFO] [1777619205.895552142] [robot_0.robot_supervisor]: Selected controllable event: EV_rotate_counterclockwise
[INFO] [1777619205.896126083] [robot_0.robot_supervisor]: rotate_90 blocked by recent completion; stopping this tick
[INFO] [1777619205.995513326] [robot_0.robot_supervisor]: Selected controllable event: EV_rotate_counterclockwise
[INFO] [1777619205.996004574] [robot_0.robot_supervisor]: rotate_90 blocked by recent completion; stopping this tick
[INFO] [1777619206.095861584] [robot_0.robot_supervisor]: Selected controllable event: EV_rotate_counterclockwise
[INFO] [1777619208.395855867] [robot_0.robot_supervisor]: Selected controllable event: EV_rotate_counterclockwise
[INFO] [1777619208.396508211] [robot_0.robot_supervisor]: rotate_90 blocked by recent completion; stopping this tick
[INFO] [1777619208.495886338] [robot_0.robot_supervisor]: Selected controllable event: EV_rotate_counterclockwise
[INFO] [1777619208.496499962] [robot_0.robot_supervisor]: rotate_90 blocked by recent completion; stopping this tick
[INFO] [1777619208.595776678] [robot_0.robot_supervisor]: Selected controllable event: EV_rotate_counterclockwise
[INFO] [1777619208.596239403] [robot_0.robot_supervisor]: rotate_90 blocked by recent completion; stopping this tick
[INFO] [1777619208.695617346] [robot_0.robot_supervisor]: Selected controllable event: EV_rotate_counterclockwise
[INFO] [1777619209.041116500] [robot_0.robot_supervisor]: Detected zone changed to CLEAR
[INFO] [1777619210.995864966] [robot_0.robot_supervisor]: Selected controllable event: EV_move_forward
[INFO] [1777619211.295805169] [robot_0.robot_supervisor]: Selected controllable event: EV_move_forward
[INFO] [1777619211.595444349] [robot_0.robot_supervisor]: Selected controllable event: EV_move_forward
[INFO] [1777619211.856958459] [robot_0.robot_supervisor]: Detected zone changed to CORNER
[INFO] [1777619211.895806795] [robot_0.robot_supervisor]: Selected controllable event: EV_move_backward
[INFO] [1777619212.295840356] [robot_0.robot_supervisor]: Selected controllable event: EV_rotate_counterclockwise
[INFO] [1777619214.671862116] [robot_0.robot_supervisor]: Detected zone changed to RIGHT
[INFO] [1777619214.795699200] [robot_0.robot_supervisor]: Selected controllable event: EV_rotate_counterclockwise
[INFO] [1777619214.796254510] [robot_0.robot_supervisor]: rotate_90 blocked by recent completion; stopping this tick
[INFO] [1777619214.895397558] [robot_0.robot_supervisor]: Selected controllable event: EV_rotate_counterclockwise
[INFO] [1777619214.895798629] [robot_0.robot_supervisor]: rotate_90 blocked by recent completion; stopping this tick
[INFO] [1777619214.995437830] [robot_0.robot_supervisor]: Selected controllable event: EV_rotate_counterclockwise
[INFO] [1777619217.295812906] [robot_0.robot_supervisor]: Selected controllable event: EV_rotate_counterclockwise
[INFO] [1777619217.296252100] [robot_0.robot_supervisor]: rotate_90 blocked by recent completion; stopping this tick
[INFO] [1777619217.395599793] [robot_0.robot_supervisor]: Selected controllable event: EV_rotate_counterclockwise
[INFO] [1777619217.396079665] [robot_0.robot_supervisor]: rotate_90 blocked by recent completion; stopping this tick
[INFO] [1777619217.495728810] [robot_0.robot_supervisor]: Selected controllable event: EV_rotate_counterclockwise
[INFO] [1777619217.496250143] [robot_0.robot_supervisor]: rotate_90 blocked by recent completion; stopping this tick
[INFO] [1777619217.595792467] [robot_0.robot_supervisor]: Selected controllable event: EV_rotate_counterclockwise
[INFO] [1777619219.995434426] [robot_0.robot_supervisor]: Selected controllable event: EV_rotate_counterclockwise
[INFO] [1777619219.995813886] [robot_0.robot_supervisor]: rotate_90 blocked by recent completion; stopping this tick
[INFO] [1777619220.095563609] [robot_0.robot_supervisor]: Selected controllable event: EV_rotate_counterclockwise
[INFO] [1777619220.095985653] [robot_0.robot_supervisor]: rotate_90 blocked by recent completion; stopping this tick
[INFO] [1777619220.195579116] [robot_0.robot_supervisor]: Selected controllable event: EV_rotate_counterclockwise
[INFO] [1777619220.247319798] [robot_0.robot_supervisor]: Detected zone changed to CLEAR
[INFO] [1777619222.695519094] [robot_0.robot_supervisor]: Selected controllable event: EV_move_forward
[INFO] [1777619222.995593100] [robot_0.robot_supervisor]: Selected controllable event: EV_move_forward
[INFO] [1777619223.046863916] [robot_0.robot_supervisor]: Detected zone changed to CORNER
[INFO] [1777619223.295516863] [robot_0.robot_supervisor]: Selected controllable event: EV_move_backward
[INFO] [1777619223.695384178] [robot_0.robot_supervisor]: Selected controllable event: EV_rotate_counterclockwise
[INFO] [1777619225.891026630] [robot_0.robot_supervisor]: Detected zone changed to CLEAR
[INFO] [1777619226.095528130] [robot_0.robot_supervisor]: Selected controllable event: EV_move_forward
[INFO] [1777619226.395886028] [robot_0.robot_supervisor]: Selected controllable event: EV_move_forward
[INFO] [1777619226.695495145] [robot_0.robot_supervisor]: Selected controllable event: EV_move_forward
[INFO] [1777619226.995640330] [robot_0.robot_supervisor]: Selected controllable event: EV_move_forward
[INFO] [1777619227.295443779] [robot_0.robot_supervisor]: Selected controllable event: EV_move_forward
[INFO] [1777619227.595605463] [robot_0.robot_supervisor]: Selected controllable event: EV_move_forward
[INFO] [1777619227.895527333] [robot_0.robot_supervisor]: Selected controllable event: EV_move_forward
[INFO] [1777619228.195545923] [robot_0.robot_supervisor]: Selected controllable event: EV_move_forward
[INFO] [1777619228.495601806] [robot_0.robot_supervisor]: Selected controllable event: EV_move_forward
[INFO] [1777619228.795800953] [robot_0.robot_supervisor]: Selected controllable event: EV_move_forward
[INFO] [1777619229.095822639] [robot_0.robot_supervisor]: Selected controllable event: EV_move_forward
[INFO] [1777619229.395589367] [robot_0.robot_supervisor]: Selected controllable event: EV_move_forward
[INFO] [1777619229.695869495] [robot_0.robot_supervisor]: Selected controllable event: EV_move_forward
[INFO] [1777619229.996017808] [robot_0.robot_supervisor]: Selected controllable event: EV_move_forward
[INFO] [1777619230.295554935] [robot_0.robot_supervisor]: Selected controllable event: EV_move_forward
[INFO] [1777619230.595934453] [robot_0.robot_supervisor]: Selected controllable event: EV_move_forward
[INFO] [1777619230.895885970] [robot_0.robot_supervisor]: Selected controllable event: EV_move_forward
[INFO] [1777619231.195607087] [robot_0.robot_supervisor]: Selected controllable event: EV_move_forward
[INFO] [1777619231.495861158] [robot_0.robot_supervisor]: Selected controllable event: EV_move_forward
[INFO] [1777619231.795592735] [robot_0.robot_supervisor]: Selected controllable event: EV_move_forward
[INFO] [1777619232.095879599] [robot_0.robot_supervisor]: Selected controllable event: EV_move_forward
[INFO] [1777619232.395901320] [robot_0.robot_supervisor]: Selected controllable event: EV_move_forward
[INFO] [1777619232.695874465] [robot_0.robot_supervisor]: Selected controllable event: EV_move_forward
[INFO] [1777619232.996044576] [robot_0.robot_supervisor]: Selected controllable event: EV_move_forward
[INFO] [1777619233.295930850] [robot_0.robot_supervisor]: Selected controllable event: EV_move_forward
[INFO] [1777619233.595907983] [robot_0.robot_supervisor]: Selected controllable event: EV_move_forward
[INFO] [1777619233.895871461] [robot_0.robot_supervisor]: Selected controllable event: EV_move_forward
[INFO] [1777619234.195595923] [robot_0.robot_supervisor]: Selected controllable event: EV_move_forward
[INFO] [1777619234.355625791] [robot_0.robot_supervisor]: Detected zone changed to LEFT
[INFO] [1777619234.495820371] [robot_0.robot_supervisor]: Selected controllable event: EV_rotate_clockwise
[INFO] [1777619236.895643118] [robot_0.robot_supervisor]: Selected controllable event: EV_rotate_clockwise
[INFO] [1777619236.896149040] [robot_0.robot_supervisor]: rotate_90 blocked by recent completion; stopping this tick
[INFO] [1777619236.995845151] [robot_0.robot_supervisor]: Selected controllable event: EV_rotate_clockwise
[INFO] [1777619236.996434062] [robot_0.robot_supervisor]: rotate_90 blocked by recent completion; stopping this tick
[INFO] [1777619237.095598535] [robot_0.robot_supervisor]: Selected controllable event: EV_rotate_clockwise
[INFO] [1777619239.395834062] [robot_0.robot_supervisor]: Selected controllable event: EV_rotate_clockwise
[INFO] [1777619239.396423923] [robot_0.robot_supervisor]: rotate_90 blocked by recent completion; stopping this tick
[INFO] [1777619239.495683535] [robot_0.robot_supervisor]: Selected controllable event: EV_rotate_clockwise
[INFO] [1777619239.496085998] [robot_0.robot_supervisor]: rotate_90 blocked by recent completion; stopping this tick
[INFO] [1777619239.595823399] [robot_0.robot_supervisor]: Selected controllable event: EV_rotate_clockwise
[INFO] [1777619239.596422251] [robot_0.robot_supervisor]: rotate_90 blocked by recent completion; stopping this tick
[INFO] [1777619239.695895805] [robot_0.robot_supervisor]: Selected controllable event: EV_rotate_clockwise
[INFO] [1777619239.934009939] [robot_0.robot_supervisor]: Detected zone changed to CLEAR
[INFO] [1777619241.995734063] [robot_0.robot_supervisor]: Selected controllable event: EV_move_forward
[INFO] [1777619242.295554247] [robot_0.robot_supervisor]: Selected controllable event: EV_move_forward
[INFO] [1777619242.595836558] [robot_0.robot_supervisor]: Selected controllable event: EV_move_forward
[INFO] [1777619242.645321707] [robot_0.robot_supervisor]: Detected zone changed to CORNER
[INFO] [1777619242.895434816] [robot_0.robot_supervisor]: Selected controllable event: EV_move_backward
[INFO] [1777619243.295837513] [robot_0.robot_supervisor]: Selected controllable event: EV_rotate_counterclockwise
[INFO] [1777619245.376188785] [robot_0.robot_supervisor]: Detected zone changed to CLEAR
[INFO] [1777619245.696021571] [robot_0.robot_supervisor]: Selected controllable event: EV_move_forward
[INFO] [1777619245.996020070] [robot_0.robot_supervisor]: Selected controllable event: EV_move_forward
[INFO] [1777619246.295533267] [robot_0.robot_supervisor]: Selected controllable event: EV_move_forward
[INFO] [1777619246.595859286] [robot_0.robot_supervisor]: Selected controllable event: EV_move_forward
[INFO] [1777619246.895804991] [robot_0.robot_supervisor]: Selected controllable event: EV_move_forward
[INFO] [1777619247.195689361] [robot_0.robot_supervisor]: Selected controllable event: EV_move_forward
[INFO] [1777619247.495526647] [robot_0.robot_supervisor]: Selected controllable event: EV_move_forward
[INFO] [1777619247.795579296] [robot_0.robot_supervisor]: Selected controllable event: EV_move_forward
[INFO] [1777619248.095323827] [robot_0.robot_supervisor]: Selected controllable event: EV_move_forward
[INFO] [1777619248.395541273] [robot_0.robot_supervisor]: Selected controllable event: EV_move_forward
[INFO] [1777619248.695763607] [robot_0.robot_supervisor]: Selected controllable event: EV_move_forward
[INFO] [1777619248.995956156] [robot_0.robot_supervisor]: Selected controllable event: EV_move_forward
[INFO] [1777619249.295969413] [robot_0.robot_supervisor]: Selected controllable event: EV_move_forward
[INFO] [1777619249.595970328] [robot_0.robot_supervisor]: Selected controllable event: EV_move_forward
[INFO] [1777619249.896001631] [robot_0.robot_supervisor]: Selected controllable event: EV_move_forward
[INFO] [1777619250.196110637] [robot_0.robot_supervisor]: Selected controllable event: EV_move_forward
[INFO] [1777619250.495954170] [robot_0.robot_supervisor]: Selected controllable event: EV_move_forward
[INFO] [1777619250.795944456] [robot_0.robot_supervisor]: Selected controllable event: EV_move_forward
[INFO] [1777619251.095565578] [robot_0.robot_supervisor]: Selected controllable event: EV_move_forward
[INFO] [1777619251.395616208] [robot_0.robot_supervisor]: Selected controllable event: EV_move_forward
[INFO] [1777619251.695390622] [robot_0.robot_supervisor]: Selected controllable event: EV_move_forward
[INFO] [1777619251.996315330] [robot_0.robot_supervisor]: Selected controllable event: EV_move_forward
[INFO] [1777619252.295855611] [robot_0.robot_supervisor]: Selected controllable event: EV_move_forward
[INFO] [1777619252.595616071] [robot_0.robot_supervisor]: Selected controllable event: EV_move_forward
[INFO] [1777619252.895451408] [robot_0.robot_supervisor]: Selected controllable event: EV_move_forward
[INFO] [1777619253.195852842] [robot_0.robot_supervisor]: Selected controllable event: EV_move_forward
[INFO] [1777619253.495851065] [robot_0.robot_supervisor]: Selected controllable event: EV_move_forward
[INFO] [1777619253.795887618] [robot_0.robot_supervisor]: Selected controllable event: EV_move_forward
[INFO] [1777619254.095973562] [robot_0.robot_supervisor]: Selected controllable event: EV_move_forward
[INFO] [1777619254.395900989] [robot_0.robot_supervisor]: Selected controllable event: EV_move_forward
[INFO] [1777619254.695893592] [robot_0.robot_supervisor]: Selected controllable event: EV_move_forward
[INFO] [1777619254.995839994] [robot_0.robot_supervisor]: Selected controllable event: EV_move_forward
[INFO] [1777619255.295872688] [robot_0.robot_supervisor]: Selected controllable event: EV_move_forward
[INFO] [1777619255.595781743] [robot_0.robot_supervisor]: Selected controllable event: EV_move_forward
[INFO] [1777619255.895811458] [robot_0.robot_supervisor]: Selected controllable event: EV_move_forward
[INFO] [1777619256.195499997] [robot_0.robot_supervisor]: Selected controllable event: EV_move_forward
[INFO] [1777619256.495830793] [robot_0.robot_supervisor]: Selected controllable event: EV_move_forward
[INFO] [1777619256.795394045] [robot_0.robot_supervisor]: Selected controllable event: EV_move_forward
[INFO] [1777619257.095395764] [robot_0.robot_supervisor]: Selected controllable event: EV_move_forward
[INFO] [1777619257.395873115] [robot_0.robot_supervisor]: Selected controllable event: EV_move_forward
[INFO] [1777619257.695490331] [robot_0.robot_supervisor]: Selected controllable event: EV_move_forward
[INFO] [1777619257.995795827] [robot_0.robot_supervisor]: Selected controllable event: EV_move_forward
[INFO] [1777619258.295801702] [robot_0.robot_supervisor]: Selected controllable event: EV_move_forward
[INFO] [1777619258.595851494] [robot_0.robot_supervisor]: Selected controllable event: EV_move_forward
[INFO] [1777619258.895797339] [robot_0.robot_supervisor]: Selected controllable event: EV_move_forward
[INFO] [1777619259.195512018] [robot_0.robot_supervisor]: Selected controllable event: EV_move_forward
[INFO] [1777619259.495814315] [robot_0.robot_supervisor]: Selected controllable event: EV_move_forward
[INFO] [1777619259.795328408] [robot_0.robot_supervisor]: Selected controllable event: EV_move_forward
[INFO] [1777619260.095850843] [robot_0.robot_supervisor]: Selected controllable event: EV_move_forward
[INFO] [1777619260.395858026] [robot_0.robot_supervisor]: Selected controllable event: EV_move_forward
[INFO] [1777619260.695363671] [robot_0.robot_supervisor]: Selected controllable event: EV_move_forward
[INFO] [1777619260.995541350] [robot_0.robot_supervisor]: Selected controllable event: EV_move_forward
[INFO] [1777619261.295807946] [robot_0.robot_supervisor]: Selected controllable event: EV_move_forward
[INFO] [1777619261.595438597] [robot_0.robot_supervisor]: Selected controllable event: EV_move_forward
[INFO] [1777619261.895397379] [robot_0.robot_supervisor]: Selected controllable event: EV_move_forward
[INFO] [1777619262.195825081] [robot_0.robot_supervisor]: Selected controllable event: EV_move_forward
[INFO] [1777619262.495596417] [robot_0.robot_supervisor]: Selected controllable event: EV_move_forward
[INFO] [1777619262.795521839] [robot_0.robot_supervisor]: Selected controllable event: EV_move_forward
[INFO] [1777619263.096057312] [robot_0.robot_supervisor]: Selected controllable event: EV_move_forward
[INFO] [1777619263.395809282] [robot_0.robot_supervisor]: Selected controllable event: EV_move_forward
[INFO] [1777619263.695912901] [robot_0.robot_supervisor]: Selected controllable event: EV_move_forward
[INFO] [1777619263.995917339] [robot_0.robot_supervisor]: Selected controllable event: EV_move_forward
[INFO] [1777619264.295587219] [robot_0.robot_supervisor]: Selected controllable event: EV_move_forward
[INFO] [1777619264.595843966] [robot_0.robot_supervisor]: Selected controllable event: EV_move_forward
[INFO] [1777619264.732919107] [robot_0.robot_supervisor]: Detected zone changed to RIGHT
[INFO] [1777619264.895891196] [robot_0.robot_supervisor]: Selected controllable event: EV_rotate_counterclockwise
[INFO] [1777619267.195867592] [robot_0.robot_supervisor]: Selected controllable event: EV_rotate_counterclockwise
[INFO] [1777619267.196514040] [robot_0.robot_supervisor]: rotate_90 blocked by recent completion; stopping this tick
[INFO] [1777619267.295574173] [robot_0.robot_supervisor]: Selected controllable event: EV_rotate_counterclockwise
[INFO] [1777619267.295997587] [robot_0.robot_supervisor]: rotate_90 blocked by recent completion; stopping this tick
[INFO] [1777619267.395679012] [robot_0.robot_supervisor]: Selected controllable event: EV_rotate_counterclockwise
[INFO] [1777619267.396171892] [robot_0.robot_supervisor]: rotate_90 blocked by recent completion; stopping this tick
[INFO] [1777619267.495640017] [robot_0.robot_supervisor]: Selected controllable event: EV_rotate_counterclockwise
[INFO] [1777619269.895836727] [robot_0.robot_supervisor]: Selected controllable event: EV_rotate_counterclockwise
[INFO] [1777619269.896560515] [robot_0.robot_supervisor]: rotate_90 blocked by recent completion; stopping this tick
[INFO] [1777619269.995552838] [robot_0.robot_supervisor]: Selected controllable event: EV_rotate_counterclockwise
[INFO] [1777619269.995994672] [robot_0.robot_supervisor]: rotate_90 blocked by recent completion; stopping this tick
[INFO] [1777619270.095564076] [robot_0.robot_supervisor]: Selected controllable event: EV_rotate_counterclockwise
[INFO] [1777619270.095970558] [robot_0.robot_supervisor]: rotate_90 blocked by recent completion; stopping this tick
[INFO] [1777619270.195864242] [robot_0.robot_supervisor]: Selected controllable event: EV_rotate_counterclockwise
[INFO] [1777619270.398390239] [robot_0.robot_supervisor]: Detected zone changed to CLEAR
[INFO] [1777619272.495796516] [robot_0.robot_supervisor]: Selected controllable event: EV_move_forward
[INFO] [1777619272.795793263] [robot_0.robot_supervisor]: Selected controllable event: EV_move_forward
[INFO] [1777619273.096159708] [robot_0.robot_supervisor]: Selected controllable event: EV_move_forward
[INFO] [1777619273.141325316] [robot_0.robot_supervisor]: Detected zone changed to CORNER
[INFO] [1777619273.395848254] [robot_0.robot_supervisor]: Selected controllable event: EV_move_backward
[INFO] [1777619273.795819379] [robot_0.robot_supervisor]: Selected controllable event: EV_rotate_counterclockwise
[INFO] [1777619275.995714548] [robot_0.robot_supervisor]: Selected controllable event: EV_full_rotate
[INFO] [1777619275.996284210] [robot_0.robot_supervisor]: Starting FULL ROTATE (omega=1.000, have_odom=True, target_rad=3.142, timeout_s=3.500)
[INFO] [1777619276.095305946] [robot_0.robot_supervisor]: FULL ROTATE active (accum_rad=0.000, timed_fallback=False, stall_count=0)
[INFO] [1777619276.195376191] [robot_0.robot_supervisor]: FULL ROTATE active (accum_rad=0.033, timed_fallback=False, stall_count=0)
[INFO] [1777619276.295741843] [robot_0.robot_supervisor]: FULL ROTATE active (accum_rad=0.096, timed_fallback=False, stall_count=0)
[INFO] [1777619276.395708906] [robot_0.robot_supervisor]: FULL ROTATE active (accum_rad=0.187, timed_fallback=False, stall_count=0)
[INFO] [1777619276.495665284] [robot_0.robot_supervisor]: FULL ROTATE active (accum_rad=0.237, timed_fallback=False, stall_count=0)
[INFO] [1777619276.595736953] [robot_0.robot_supervisor]: FULL ROTATE active (accum_rad=0.337, timed_fallback=False, stall_count=0)
[INFO] [1777619276.695419258] [robot_0.robot_supervisor]: FULL ROTATE active (accum_rad=0.437, timed_fallback=False, stall_count=0)
[INFO] [1777619276.795495125] [robot_0.robot_supervisor]: FULL ROTATE active (accum_rad=0.537, timed_fallback=False, stall_count=0)
[INFO] [1777619276.895547378] [robot_0.robot_supervisor]: FULL ROTATE active (accum_rad=0.637, timed_fallback=False, stall_count=0)
[INFO] [1777619276.995716413] [robot_0.robot_supervisor]: FULL ROTATE active (accum_rad=0.737, timed_fallback=False, stall_count=0)
[INFO] [1777619277.095650461] [robot_0.robot_supervisor]: FULL ROTATE active (accum_rad=0.787, timed_fallback=False, stall_count=0)
[INFO] [1777619277.195711366] [robot_0.robot_supervisor]: FULL ROTATE active (accum_rad=0.887, timed_fallback=False, stall_count=0)
[INFO] [1777619277.295770223] [robot_0.robot_supervisor]: FULL ROTATE active (accum_rad=0.987, timed_fallback=False, stall_count=0)
[INFO] [1777619277.395716792] [robot_0.robot_supervisor]: FULL ROTATE active (accum_rad=1.087, timed_fallback=False, stall_count=0)
[INFO] [1777619277.495733956] [robot_0.robot_supervisor]: FULL ROTATE active (accum_rad=1.187, timed_fallback=False, stall_count=0)
[INFO] [1777619277.595670771] [robot_0.robot_supervisor]: FULL ROTATE active (accum_rad=1.237, timed_fallback=False, stall_count=0)
[INFO] [1777619277.695634960] [robot_0.robot_supervisor]: FULL ROTATE active (accum_rad=1.337, timed_fallback=False, stall_count=0)
[INFO] [1777619277.795640688] [robot_0.robot_supervisor]: FULL ROTATE active (accum_rad=1.437, timed_fallback=False, stall_count=0)
[INFO] [1777619277.895658497] [robot_0.robot_supervisor]: FULL ROTATE active (accum_rad=1.537, timed_fallback=False, stall_count=0)
[INFO] [1777619277.995322243] [robot_0.robot_supervisor]: FULL ROTATE active (accum_rad=1.637, timed_fallback=False, stall_count=0)
[INFO] [1777619278.095732560] [robot_0.robot_supervisor]: FULL ROTATE active (accum_rad=1.737, timed_fallback=False, stall_count=0)
[INFO] [1777619278.195807770] [robot_0.robot_supervisor]: FULL ROTATE active (accum_rad=1.737, timed_fallback=False, stall_count=1)
[INFO] [1777619278.295479234] [robot_0.robot_supervisor]: FULL ROTATE active (accum_rad=1.837, timed_fallback=False, stall_count=0)
[INFO] [1777619278.395904278] [robot_0.robot_supervisor]: FULL ROTATE active (accum_rad=1.937, timed_fallback=False, stall_count=0)
[INFO] [1777619278.495752573] [robot_0.robot_supervisor]: FULL ROTATE active (accum_rad=2.037, timed_fallback=False, stall_count=0)
[INFO] [1777619278.595789295] [robot_0.robot_supervisor]: FULL ROTATE active (accum_rad=2.137, timed_fallback=False, stall_count=0)
[INFO] [1777619278.629396840] [robot_0.robot_supervisor]: Detected zone changed to CLEAR
[INFO] [1777619278.695803468] [robot_0.robot_supervisor]: FULL ROTATE active (accum_rad=2.237, timed_fallback=False, stall_count=0)
[INFO] [1777619278.795555795] [robot_0.robot_supervisor]: FULL ROTATE active (accum_rad=2.287, timed_fallback=False, stall_count=0)
[INFO] [1777619278.895422446] [robot_0.robot_supervisor]: FULL ROTATE active (accum_rad=2.387, timed_fallback=False, stall_count=0)
[INFO] [1777619278.995426521] [robot_0.robot_supervisor]: FULL ROTATE active (accum_rad=2.487, timed_fallback=False, stall_count=0)
[INFO] [1777619279.095797018] [robot_0.robot_supervisor]: FULL ROTATE active (accum_rad=2.587, timed_fallback=False, stall_count=0)
[INFO] [1777619279.195791747] [robot_0.robot_supervisor]: FULL ROTATE active (accum_rad=2.687, timed_fallback=False, stall_count=0)
[INFO] [1777619279.295595557] [robot_0.robot_supervisor]: FULL ROTATE active (accum_rad=2.737, timed_fallback=False, stall_count=0)
[INFO] [1777619279.395808631] [robot_0.robot_supervisor]: FULL ROTATE active (accum_rad=2.837, timed_fallback=False, stall_count=0)
[INFO] [1777619279.495711032] [robot_0.robot_supervisor]: FULL ROTATE active (accum_rad=2.937, timed_fallback=False, stall_count=0)
[INFO] [1777619279.496493468] [robot_0.robot_supervisor]: FULL ROTATE completed by timeout
[INFO] [1777619279.497126968] [robot_0.robot_supervisor]: FULL ROTATE stopped; supervisor will select next event next tick
[INFO] [1777619279.795921001] [robot_0.robot_supervisor]: Selected controllable event: EV_move_forward
[INFO] [1777619280.095807327] [robot_0.robot_supervisor]: Selected controllable event: EV_move_forward
[INFO] [1777619280.395522492] [robot_0.robot_supervisor]: Selected controllable event: EV_move_forward
[INFO] [1777619280.695579216] [robot_0.robot_supervisor]: Selected controllable event: EV_move_forward
[INFO] [1777619280.995491435] [robot_0.robot_supervisor]: Selected controllable event: EV_move_forward
[INFO] [1777619281.295821539] [robot_0.robot_supervisor]: Selected controllable event: EV_move_forward
[INFO] [1777619281.595569198] [robot_0.robot_supervisor]: Selected controllable event: EV_move_forward
[INFO] [1777619281.895551497] [robot_0.robot_supervisor]: Selected controllable event: EV_move_forward
[INFO] [1777619282.195863078] [robot_0.robot_supervisor]: Selected controllable event: EV_move_forward
[INFO] [1777619282.495529863] [robot_0.robot_supervisor]: Selected controllable event: EV_move_forward
[INFO] [1777619282.795840403] [robot_0.robot_supervisor]: Selected controllable event: EV_move_forward
[INFO] [1777619283.095725567] [robot_0.robot_supervisor]: Selected controllable event: EV_move_forward
[INFO] [1777619283.395827640] [robot_0.robot_supervisor]: Selected controllable event: EV_move_forward
[INFO] [1777619283.695807984] [robot_0.robot_supervisor]: Selected controllable event: EV_move_forward
[INFO] [1777619283.995510607] [robot_0.robot_supervisor]: Selected controllable event: EV_move_forward
[INFO] [1777619284.295531043] [robot_0.robot_supervisor]: Selected controllable event: EV_move_forward
[INFO] [1777619284.595436447] [robot_0.robot_supervisor]: Selected controllable event: EV_move_forward
[INFO] [1777619284.895933842] [robot_0.robot_supervisor]: Selected controllable event: EV_move_forward
[INFO] [1777619285.195545818] [robot_0.robot_supervisor]: Selected controllable event: EV_move_forward
[INFO] [1777619285.496388175] [robot_0.robot_supervisor]: Selected controllable event: EV_move_forward
[INFO] [1777619285.795625243] [robot_0.robot_supervisor]: Selected controllable event: EV_move_forward
[INFO] [1777619286.095428914] [robot_0.robot_supervisor]: Selected controllable event: EV_move_forward
[INFO] [1777619286.395581174] [robot_0.robot_supervisor]: Selected controllable event: EV_move_forward
[INFO] [1777619286.695383382] [robot_0.robot_supervisor]: Selected controllable event: EV_move_forward
[INFO] [1777619286.995721351] [robot_0.robot_supervisor]: Selected controllable event: EV_move_forward
[INFO] [1777619287.295384076] [robot_0.robot_supervisor]: Selected controllable event: EV_move_forward
[INFO] [1777619287.595694212] [robot_0.robot_supervisor]: Selected controllable event: EV_move_forward
[INFO] [1777619287.895542899] [robot_0.robot_supervisor]: Selected controllable event: EV_move_forward
[INFO] [1777619288.195770131] [robot_0.robot_supervisor]: Selected controllable event: EV_move_forward
[INFO] [1777619288.495852266] [robot_0.robot_supervisor]: Selected controllable event: EV_move_forward
[INFO] [1777619288.795835303] [robot_0.robot_supervisor]: Selected controllable event: EV_move_forward
[INFO] [1777619289.095881020] [robot_0.robot_supervisor]: Selected controllable event: EV_move_forward
[INFO] [1777619289.395892324] [robot_0.robot_supervisor]: Selected controllable event: EV_move_forward
[INFO] [1777619289.695622507] [robot_0.robot_supervisor]: Selected controllable event: EV_move_forward
[INFO] [1777619289.995985272] [robot_0.robot_supervisor]: Selected controllable event: EV_move_forward
[INFO] [1777619290.295846713] [robot_0.robot_supervisor]: Selected controllable event: EV_move_forward
[INFO] [1777619290.595824659] [robot_0.robot_supervisor]: Selected controllable event: EV_move_forwar