[INFO] [1777619091.490696831] [robot_2.robot_supervisor]: Loaded initial mission 'explore' from explicit YAML explore_sup_gpt_new_1_run_5_406.yaml
[INFO] [1777619091.594993840] [robot_2.robot_supervisor]: Selected controllable event: EV_move_forward
[INFO] [1777619091.895022906] [robot_2.robot_supervisor]: Selected controllable event: EV_move_forward
[INFO] [1777619092.194993893] [robot_2.robot_supervisor]: Selected controllable event: EV_move_forward
[INFO] [1777619092.494918569] [robot_2.robot_supervisor]: Selected controllable event: EV_move_forward
[INFO] [1777619092.795034562] [robot_2.robot_supervisor]: Selected controllable event: EV_move_forward
[INFO] [1777619093.095004622] [robot_2.robot_supervisor]: Selected controllable event: EV_move_forward
[INFO] [1777619093.394990442] [robot_2.robot_supervisor]: Selected controllable event: EV_move_forward
[INFO] [1777619093.695012876] [robot_2.robot_supervisor]: Selected controllable event: EV_move_forward
[INFO] [1777619093.994985062] [robot_2.robot_supervisor]: Selected controllable event: EV_move_forward
[INFO] [1777619094.295000311] [robot_2.robot_supervisor]: Selected controllable event: EV_move_forward
[INFO] [1777619094.595003602] [robot_2.robot_supervisor]: Selected controllable event: EV_move_forward
[INFO] [1777619094.894724824] [robot_2.robot_supervisor]: Selected controllable event: EV_move_forward
[INFO] [1777619095.194671331] [robot_2.robot_supervisor]: Selected controllable event: EV_move_forward
[INFO] [1777619095.494793926] [robot_2.robot_supervisor]: Selected controllable event: EV_move_forward
[INFO] [1777619095.794743355] [robot_2.robot_supervisor]: Selected controllable event: EV_move_forward
[INFO] [1777619096.095005491] [robot_2.robot_supervisor]: Selected controllable event: EV_move_forward
[INFO] [1777619096.394681377] [robot_2.robot_supervisor]: Selected controllable event: EV_move_forward
[INFO] [1777619096.694677588] [robot_2.robot_supervisor]: Selected controllable event: EV_move_forward
[INFO] [1777619096.994714205] [robot_2.robot_supervisor]: Selected controllable event: EV_move_forward
[INFO] [1777619097.294828003] [robot_2.robot_supervisor]: Selected controllable event: EV_move_forward
[INFO] [1777619097.595015138] [robot_2.robot_supervisor]: Selected controllable event: EV_move_forward
[INFO] [1777619097.895076410] [robot_2.robot_supervisor]: Selected controllable event: EV_move_forward
[INFO] [1777619098.194765962] [robot_2.robot_supervisor]: Selected controllable event: EV_move_forward
[INFO] [1777619098.494897161] [robot_2.robot_supervisor]: Selected controllable event: EV_move_forward
[INFO] [1777619098.794663991] [robot_2.robot_supervisor]: Selected controllable event: EV_move_forward
[INFO] [1777619099.094807612] [robot_2.robot_supervisor]: Selected controllable event: EV_move_forward
[INFO] [1777619099.394930885] [robot_2.robot_supervisor]: Selected controllable event: EV_move_forward
[INFO] [1777619099.694717745] [robot_2.robot_supervisor]: Selected controllable event: EV_move_forward
[INFO] [1777619099.994886146] [robot_2.robot_supervisor]: Selected controllable event: EV_move_forward
[INFO] [1777619100.294641991] [robot_2.robot_supervisor]: Selected controllable event: EV_move_forward
[INFO] [1777619100.594798116] [robot_2.robot_supervisor]: Selected controllable event: EV_move_forward
[INFO] [1777619100.894701653] [robot_2.robot_supervisor]: Selected controllable event: EV_move_forward
[INFO] [1777619101.194686155] [robot_2.robot_supervisor]: Selected controllable event: EV_move_forward
[INFO] [1777619101.494726152] [robot_2.robot_supervisor]: Selected controllable event: EV_move_forward
[INFO] [1777619101.794784786] [robot_2.robot_supervisor]: Selected controllable event: EV_move_forward
[INFO] [1777619102.094683999] [robot_2.robot_supervisor]: Selected controllable event: EV_move_forward
[INFO] [1777619102.207291538] [robot_2.robot_supervisor]: Detected zone changed to CORNER
[INFO] [1777619102.395006580] [robot_2.robot_supervisor]: Selected controllable event: EV_move_backward
[INFO] [1777619102.794674411] [robot_2.robot_supervisor]: Selected controllable event: EV_rotate_counterclockwise
[INFO] [1777619104.921166443] [robot_2.robot_supervisor]: Detected zone changed to CLEAR
[INFO] [1777619105.094731533] [robot_2.robot_supervisor]: Selected controllable event: EV_move_forward
[INFO] [1777619105.394707342] [robot_2.robot_supervisor]: Selected controllable event: EV_move_forward
[INFO] [1777619105.695052454] [robot_2.robot_supervisor]: Selected controllable event: EV_move_forward
[INFO] [1777619105.994745847] [robot_2.robot_supervisor]: Selected controllable event: EV_move_forward
[INFO] [1777619106.294877794] [robot_2.robot_supervisor]: Selected controllable event: EV_move_forward
[INFO] [1777619106.595151845] [robot_2.robot_supervisor]: Selected controllable event: EV_move_forward
[INFO] [1777619106.895354553] [robot_2.robot_supervisor]: Selected controllable event: EV_move_forward
[INFO] [1777619107.195033844] [robot_2.robot_supervisor]: Selected controllable event: EV_move_forward
[INFO] [1777619107.494855018] [robot_2.robot_supervisor]: Selected controllable event: EV_move_forward
[INFO] [1777619107.794791379] [robot_2.robot_supervisor]: Selected controllable event: EV_move_forward
[INFO] [1777619108.094691940] [robot_2.robot_supervisor]: Selected controllable event: EV_move_forward
[INFO] [1777619108.395070190] [robot_2.robot_supervisor]: Selected controllable event: EV_move_forward
[INFO] [1777619108.695033922] [robot_2.robot_supervisor]: Selected controllable event: EV_move_forward
[INFO] [1777619108.994757969] [robot_2.robot_supervisor]: Selected controllable event: EV_move_forward
[INFO] [1777619109.295293388] [robot_2.robot_supervisor]: Selected controllable event: EV_move_forward
[INFO] [1777619109.594732176] [robot_2.robot_supervisor]: Selected controllable event: EV_move_forward
[INFO] [1777619109.895427955] [robot_2.robot_supervisor]: Selected controllable event: EV_move_forward
[INFO] [1777619110.195026741] [robot_2.robot_supervisor]: Selected controllable event: EV_move_forward
[INFO] [1777619110.494867176] [robot_2.robot_supervisor]: Selected controllable event: EV_move_forward
[INFO] [1777619110.795062491] [robot_2.robot_supervisor]: Selected controllable event: EV_move_forward
[INFO] [1777619111.094919162] [robot_2.robot_supervisor]: Selected controllable event: EV_move_forward
[INFO] [1777619111.395105949] [robot_2.robot_supervisor]: Selected controllable event: EV_move_forward
[INFO] [1777619111.694951199] [robot_2.robot_supervisor]: Selected controllable event: EV_move_forward
[INFO] [1777619111.994701067] [robot_2.robot_supervisor]: Selected controllable event: EV_move_forward
[INFO] [1777619112.295448792] [robot_2.robot_supervisor]: Selected controllable event: EV_move_forward
[INFO] [1777619112.595079533] [robot_2.robot_supervisor]: Selected controllable event: EV_move_forward
[INFO] [1777619112.895102003] [robot_2.robot_supervisor]: Selected controllable event: EV_move_forward
[INFO] [1777619113.194707524] [robot_2.robot_supervisor]: Selected controllable event: EV_move_forward
[INFO] [1777619113.494884663] [robot_2.robot_supervisor]: Selected controllable event: EV_move_forward
[INFO] [1777619113.794703358] [robot_2.robot_supervisor]: Selected controllable event: EV_move_forward
[INFO] [1777619114.094710741] [robot_2.robot_supervisor]: Selected controllable event: EV_move_forward
[INFO] [1777619114.394910355] [robot_2.robot_supervisor]: Selected controllable event: EV_move_forward
[INFO] [1777619114.694805925] [robot_2.robot_supervisor]: Selected controllable event: EV_move_forward
[INFO] [1777619114.995416740] [robot_2.robot_supervisor]: Selected controllable event: EV_move_forward
[INFO] [1777619115.295153069] [robot_2.robot_supervisor]: Selected controllable event: EV_move_forward
[INFO] [1777619115.594828076] [robot_2.robot_supervisor]: Selected controllable event: EV_move_forward
[INFO] [1777619115.894834930] [robot_2.robot_supervisor]: Selected controllable event: EV_move_forward
[INFO] [1777619116.194939033] [robot_2.robot_supervisor]: Selected controllable event: EV_move_forward
[INFO] [1777619116.494882258] [robot_2.robot_supervisor]: Selected controllable event: EV_move_forward
[INFO] [1777619116.794799783] [robot_2.robot_supervisor]: Selected controllable event: EV_move_forward
[INFO] [1777619117.095039627] [robot_2.robot_supervisor]: Selected controllable event: EV_move_forward
[INFO] [1777619117.394701182] [robot_2.robot_supervisor]: Selected controllable event: EV_move_forward
[INFO] [1777619117.694739204] [robot_2.robot_supervisor]: Selected controllable event: EV_move_forward
[INFO] [1777619117.995161450] [robot_2.robot_supervisor]: Selected controllable event: EV_move_forward
[INFO] [1777619118.294973422] [robot_2.robot_supervisor]: Selected controllable event: EV_move_forward
[INFO] [1777619118.594872876] [robot_2.robot_supervisor]: Selected controllable event: EV_move_forward
[INFO] [1777619118.894838189] [robot_2.robot_supervisor]: Selected controllable event: EV_move_forward
[INFO] [1777619119.195020628] [robot_2.robot_supervisor]: Selected controllable event: EV_move_forward
[INFO] [1777619119.495011386] [robot_2.robot_supervisor]: Selected controllable event: EV_move_forward
[INFO] [1777619119.795029131] [robot_2.robot_supervisor]: Selected controllable event: EV_move_forward
[INFO] [1777619120.094914551] [robot_2.robot_supervisor]: Selected controllable event: EV_move_forward
[INFO] [1777619120.395032965] [robot_2.robot_supervisor]: Selected controllable event: EV_move_forward
[INFO] [1777619120.694688830] [robot_2.robot_supervisor]: Selected controllable event: EV_move_forward
[INFO] [1777619120.995044054] [robot_2.robot_supervisor]: Selected controllable event: EV_move_forward
[INFO] [1777619121.295018204] [robot_2.robot_supervisor]: Selected controllable event: EV_move_forward
[INFO] [1777619121.594745528] [robot_2.robot_supervisor]: Selected controllable event: EV_move_forward
[INFO] [1777619121.894723320] [robot_2.robot_supervisor]: Selected controllable event: EV_move_forward
[INFO] [1777619122.194775396] [robot_2.robot_supervisor]: Selected controllable event: EV_move_forward
[INFO] [1777619122.494716576] [robot_2.robot_supervisor]: Selected controllable event: EV_move_forward
[INFO] [1777619122.794972126] [robot_2.robot_supervisor]: Selected controllable event: EV_move_forward
[INFO] [1777619123.095059360] [robot_2.robot_supervisor]: Selected controllable event: EV_move_forward
[INFO] [1777619123.395107063] [robot_2.robot_supervisor]: Selected controllable event: EV_move_forward
[INFO] [1777619123.694795758] [robot_2.robot_supervisor]: Selected controllable event: EV_move_forward
[INFO] [1777619123.994714827] [robot_2.robot_supervisor]: Selected controllable event: EV_move_forward
[INFO] [1777619124.295015767] [robot_2.robot_supervisor]: Selected controllable event: EV_move_forward
[INFO] [1777619124.595038030] [robot_2.robot_supervisor]: Selected controllable event: EV_move_forward
[INFO] [1777619124.894803096] [robot_2.robot_supervisor]: Selected controllable event: EV_move_forward
[INFO] [1777619125.194707387] [robot_2.robot_supervisor]: Selected controllable event: EV_move_forward
[INFO] [1777619125.495141719] [robot_2.robot_supervisor]: Selected controllable event: EV_move_forward
[INFO] [1777619125.794705661] [robot_2.robot_supervisor]: Selected controllable event: EV_move_forward
[INFO] [1777619126.094899092] [robot_2.robot_supervisor]: Selected controllable event: EV_move_forward
[INFO] [1777619126.314715594] [robot_2.robot_supervisor]: Detected zone changed to CORNER
[INFO] [1777619126.395006883] [robot_2.robot_supervisor]: Selected controllable event: EV_move_backward
[INFO] [1777619126.795040954] [robot_2.robot_supervisor]: Selected controllable event: EV_rotate_counterclockwise
[INFO] [1777619128.987763051] [robot_2.robot_supervisor]: Detected zone changed to CLEAR
[INFO] [1777619129.194776998] [robot_2.robot_supervisor]: Selected controllable event: EV_move_forward
[INFO] [1777619129.494680521] [robot_2.robot_supervisor]: Selected controllable event: EV_move_forward
[INFO] [1777619129.795088513] [robot_2.robot_supervisor]: Selected controllable event: EV_move_forward
[INFO] [1777619130.095018255] [robot_2.robot_supervisor]: Selected controllable event: EV_move_forward
[INFO] [1777619130.395042609] [robot_2.robot_supervisor]: Selected controllable event: EV_move_forward
[INFO] [1777619130.695036739] [robot_2.robot_supervisor]: Selected controllable event: EV_move_forward
[INFO] [1777619130.995263037] [robot_2.robot_supervisor]: Selected controllable event: EV_move_forward
[INFO] [1777619131.295887905] [robot_2.robot_supervisor]: Selected controllable event: EV_move_forward
[INFO] [1777619131.594861183] [robot_2.robot_supervisor]: Selected controllable event: EV_move_forward
[INFO] [1777619131.894795836] [robot_2.robot_supervisor]: Selected controllable event: EV_move_forward
[INFO] [1777619132.194704538] [robot_2.robot_supervisor]: Selected controllable event: EV_move_forward
[INFO] [1777619132.494871479] [robot_2.robot_supervisor]: Selected controllable event: EV_move_forward
[INFO] [1777619132.794742822] [robot_2.robot_supervisor]: Selected controllable event: EV_move_forward
[INFO] [1777619133.094710772] [robot_2.robot_supervisor]: Selected controllable event: EV_move_forward
[INFO] [1777619133.394719876] [robot_2.robot_supervisor]: Selected controllable event: EV_move_forward
[INFO] [1777619133.694721148] [robot_2.robot_supervisor]: Selected controllable event: EV_move_forward
[INFO] [1777619133.994779455] [robot_2.robot_supervisor]: Selected controllable event: EV_move_forward
[INFO] [1777619134.295111451] [robot_2.robot_supervisor]: Selected controllable event: EV_move_forward
[INFO] [1777619134.482037149] [robot_2.robot_supervisor]: Detected zone changed to CORNER
[INFO] [1777619134.594856419] [robot_2.robot_supervisor]: Selected controllable event: EV_move_backward
[INFO] [1777619134.994723948] [robot_2.robot_supervisor]: Selected controllable event: EV_rotate_counterclockwise
[INFO] [1777619137.181773042] [robot_2.robot_supervisor]: Detected zone changed to CLEAR
[INFO] [1777619137.295034925] [robot_2.robot_supervisor]: Selected controllable event: EV_move_forward
[INFO] [1777619137.595244698] [robot_2.robot_supervisor]: Selected controllable event: EV_move_forward
[INFO] [1777619137.894672470] [robot_2.robot_supervisor]: Selected controllable event: EV_move_forward
[INFO] [1777619138.194796677] [robot_2.robot_supervisor]: Selected controllable event: EV_move_forward
[INFO] [1777619138.495007648] [robot_2.robot_supervisor]: Selected controllable event: EV_move_forward
[INFO] [1777619138.794760968] [robot_2.robot_supervisor]: Selected controllable event: EV_move_forward
[INFO] [1777619139.094693460] [robot_2.robot_supervisor]: Selected controllable event: EV_move_forward
[INFO] [1777619139.394708514] [robot_2.robot_supervisor]: Selected controllable event: EV_move_forward
[INFO] [1777619139.695013264] [robot_2.robot_supervisor]: Selected controllable event: EV_move_forward
[INFO] [1777619139.994810670] [robot_2.robot_supervisor]: Selected controllable event: EV_move_forward
[INFO] [1777619140.294749021] [robot_2.robot_supervisor]: Selected controllable event: EV_move_forward
[INFO] [1777619140.594796588] [robot_2.robot_supervisor]: Selected controllable event: EV_move_forward
[INFO] [1777619140.894658733] [robot_2.robot_supervisor]: Selected controllable event: EV_move_forward
[INFO] [1777619141.194720701] [robot_2.robot_supervisor]: Selected controllable event: EV_move_forward
[INFO] [1777619141.494896131] [robot_2.robot_supervisor]: Selected controllable event: EV_move_forward
[INFO] [1777619141.794977545] [robot_2.robot_supervisor]: Selected controllable event: EV_move_forward
[INFO] [1777619142.095033558] [robot_2.robot_supervisor]: Selected controllable event: EV_move_forward
[INFO] [1777619142.394691665] [robot_2.robot_supervisor]: Selected controllable event: EV_move_forward
[INFO] [1777619142.694679015] [robot_2.robot_supervisor]: Selected controllable event: EV_move_forward
[INFO] [1777619142.994907199] [robot_2.robot_supervisor]: Selected controllable event: EV_move_forward
[INFO] [1777619143.294839005] [robot_2.robot_supervisor]: Selected controllable event: EV_move_forward
[INFO] [1777619143.594731585] [robot_2.robot_supervisor]: Selected controllable event: EV_move_forward
[INFO] [1777619143.894919537] [robot_2.robot_supervisor]: Selected controllable event: EV_move_forward
[INFO] [1777619144.195072305] [robot_2.robot_supervisor]: Selected controllable event: EV_move_forward
[INFO] [1777619144.494797793] [robot_2.robot_supervisor]: Selected controllable event: EV_move_forward
[INFO] [1777619144.794843327] [robot_2.robot_supervisor]: Selected controllable event: EV_move_forward
[INFO] [1777619145.095211777] [robot_2.robot_supervisor]: Selected controllable event: EV_move_forward
[INFO] [1777619145.394720156] [robot_2.robot_supervisor]: Selected controllable event: EV_move_forward
[INFO] [1777619145.695024365] [robot_2.robot_supervisor]: Selected controllable event: EV_move_forward
[INFO] [1777619145.994710050] [robot_2.robot_supervisor]: Selected controllable event: EV_move_forward
[INFO] [1777619146.295008091] [robot_2.robot_supervisor]: Selected controllable event: EV_move_forward
[INFO] [1777619146.595071634] [robot_2.robot_supervisor]: Selected controllable event: EV_move_forward
[INFO] [1777619146.894713625] [robot_2.robot_supervisor]: Selected controllable event: EV_move_forward
[INFO] [1777619147.195052332] [robot_2.robot_supervisor]: Selected controllable event: EV_move_forward
[INFO] [1777619147.494880227] [robot_2.robot_supervisor]: Selected controllable event: EV_move_forward
[INFO] [1777619147.794801106] [robot_2.robot_supervisor]: Selected controllable event: EV_move_forward
[INFO] [1777619148.094739979] [robot_2.robot_supervisor]: Selected controllable event: EV_move_forward
[INFO] [1777619148.395121959] [robot_2.robot_supervisor]: Selected controllable event: EV_move_forward
[INFO] [1777619148.695440516] [robot_2.robot_supervisor]: Selected controllable event: EV_move_forward
[INFO] [1777619148.994949115] [robot_2.robot_supervisor]: Selected controllable event: EV_move_forward
[INFO] [1777619149.295040931] [robot_2.robot_supervisor]: Selected controllable event: EV_move_forward
[INFO] [1777619149.595288854] [robot_2.robot_supervisor]: Selected controllable event: EV_move_forward
[INFO] [1777619149.894775306] [robot_2.robot_supervisor]: Selected controllable event: EV_move_forward
[INFO] [1777619150.194871143] [robot_2.robot_supervisor]: Selected controllable event: EV_move_forward
[INFO] [1777619150.494822997] [robot_2.robot_supervisor]: Selected controllable event: EV_move_forward
[INFO] [1777619150.794687349] [robot_2.robot_supervisor]: Selected controllable event: EV_move_forward
[INFO] [1777619151.094694237] [robot_2.robot_supervisor]: Selected controllable event: EV_move_forward
[INFO] [1777619151.394612724] [robot_2.robot_supervisor]: Selected controllable event: EV_move_forward
[INFO] [1777619151.694640085] [robot_2.robot_supervisor]: Selected controllable event: EV_move_forward
[INFO] [1777619151.994818740] [robot_2.robot_supervisor]: Selected controllable event: EV_move_forward
[INFO] [1777619152.294963758] [robot_2.robot_supervisor]: Selected controllable event: EV_move_forward
[INFO] [1777619152.594999537] [robot_2.robot_supervisor]: Selected controllable event: EV_move_forward
[INFO] [1777619152.894690513] [robot_2.robot_supervisor]: Selected controllable event: EV_move_forward
[INFO] [1777619153.195202276] [robot_2.robot_supervisor]: Selected controllable event: EV_move_forward
[INFO] [1777619153.494767404] [robot_2.robot_supervisor]: Selected controllable event: EV_move_forward
[INFO] [1777619153.795039310] [robot_2.robot_supervisor]: Selected controllable event: EV_move_forward
[INFO] [1777619154.095016464] [robot_2.robot_supervisor]: Selected controllable event: EV_move_forward
[INFO] [1777619154.394969330] [robot_2.robot_supervisor]: Selected controllable event: EV_move_forward
[INFO] [1777619154.694801283] [robot_2.robot_supervisor]: Selected controllable event: EV_move_forward
[INFO] [1777619154.994689714] [robot_2.robot_supervisor]: Selected controllable event: EV_move_forward
[INFO] [1777619155.295276402] [robot_2.robot_supervisor]: Selected controllable event: EV_move_forward
[INFO] [1777619155.594727349] [robot_2.robot_supervisor]: Selected controllable event: EV_move_forward
[INFO] [1777619155.895083531] [robot_2.robot_supervisor]: Selected controllable event: EV_move_forward
[INFO] [1777619156.195248875] [robot_2.robot_supervisor]: Selected controllable event: EV_move_forward
[INFO] [1777619156.494698891] [robot_2.robot_supervisor]: Selected controllable event: EV_move_forward
[INFO] [1777619156.794717373] [robot_2.robot_supervisor]: Selected controllable event: EV_move_forward
[INFO] [1777619157.095244113] [robot_2.robot_supervisor]: Selected controllable event: EV_move_forward
[INFO] [1777619157.394907891] [robot_2.robot_supervisor]: Selected controllable event: EV_move_forward
[INFO] [1777619157.694772657] [robot_2.robot_supervisor]: Selected controllable event: EV_move_forward
[INFO] [1777619157.994759786] [robot_2.robot_supervisor]: Selected controllable event: EV_move_forward
[INFO] [1777619158.295281301] [robot_2.robot_supervisor]: Selected controllable event: EV_move_forward
[INFO] [1777619158.595088378] [robot_2.robot_supervisor]: Selected controllable event: EV_move_forward
[INFO] [1777619158.895128786] [robot_2.robot_supervisor]: Selected controllable event: EV_move_forward
[INFO] [1777619159.022877690] [robot_2.robot_supervisor]: Detected zone changed to LEFT
[INFO] [1777619159.194766325] [robot_2.robot_supervisor]: Selected controllable event: EV_rotate_clockwise
[INFO] [1777619161.594956680] [robot_2.robot_supervisor]: Selected controllable event: EV_rotate_clockwise
[INFO] [1777619161.595410828] [robot_2.robot_supervisor]: rotate_90 blocked by recent completion; stopping this tick
[INFO] [1777619161.694757413] [robot_2.robot_supervisor]: Selected controllable event: EV_rotate_clockwise
[INFO] [1777619161.694976239] [robot_2.robot_supervisor]: rotate_90 blocked by recent completion; stopping this tick
[INFO] [1777619161.794885254] [robot_2.robot_supervisor]: Selected controllable event: EV_rotate_clockwise
[INFO] [1777619164.096861753] [robot_2.robot_supervisor]: Selected controllable event: EV_rotate_clockwise
[INFO] [1777619164.097760114] [robot_2.robot_supervisor]: rotate_90 blocked by recent completion; stopping this tick
[INFO] [1777619164.194790928] [robot_2.robot_supervisor]: Selected controllable event: EV_rotate_clockwise
[INFO] [1777619164.195052006] [robot_2.robot_supervisor]: rotate_90 blocked by recent completion; stopping this tick
[INFO] [1777619164.294838491] [robot_2.robot_supervisor]: Selected controllable event: EV_rotate_clockwise
[INFO] [1777619164.295089974] [robot_2.robot_supervisor]: rotate_90 blocked by recent completion; stopping this tick
[INFO] [1777619164.395334805] [robot_2.robot_supervisor]: Selected controllable event: EV_rotate_clockwise
[INFO] [1777619164.444762048] [robot_2.robot_supervisor]: Detected zone changed to CLEAR
[INFO] [1777619166.694753422] [robot_2.robot_supervisor]: Selected controllable event: EV_move_forward
[INFO] [1777619166.994864110] [robot_2.robot_supervisor]: Selected controllable event: EV_move_forward
[INFO] [1777619167.177113538] [robot_2.robot_supervisor]: Detected zone changed to CORNER
[INFO] [1777619167.294855873] [robot_2.robot_supervisor]: Selected controllable event: EV_move_backward
[INFO] [1777619167.694716474] [robot_2.robot_supervisor]: Selected controllable event: EV_rotate_counterclockwise
[INFO] [1777619169.882604576] [robot_2.robot_supervisor]: Detected zone changed to CLEAR
[INFO] [1777619169.995068451] [robot_2.robot_supervisor]: Selected controllable event: EV_move_forward
[INFO] [1777619170.294722831] [robot_2.robot_supervisor]: Selected controllable event: EV_move_forward
[INFO] [1777619170.595058303] [robot_2.robot_supervisor]: Selected controllable event: EV_move_forward
[INFO] [1777619170.895059629] [robot_2.robot_supervisor]: Selected controllable event: EV_move_forward
[INFO] [1777619171.194941148] [robot_2.robot_supervisor]: Selected controllable event: EV_move_forward
[INFO] [1777619171.495127669] [robot_2.robot_supervisor]: Selected controllable event: EV_move_forward
[INFO] [1777619171.794926528] [robot_2.robot_supervisor]: Selected controllable event: EV_move_forward
[INFO] [1777619172.095187420] [robot_2.robot_supervisor]: Selected controllable event: EV_move_forward
[INFO] [1777619172.395088482] [robot_2.robot_supervisor]: Selected controllable event: EV_move_forward
[INFO] [1777619172.695376862] [robot_2.robot_supervisor]: Selected controllable event: EV_move_forward
[INFO] [1777619172.994998751] [robot_2.robot_supervisor]: Selected controllable event: EV_move_forward
[INFO] [1777619173.294976174] [robot_2.robot_supervisor]: Selected controllable event: EV_move_forward
[INFO] [1777619173.595062564] [robot_2.robot_supervisor]: Selected controllable event: EV_move_forward
[INFO] [1777619173.895288858] [robot_2.robot_supervisor]: Selected controllable event: EV_move_forward
[INFO] [1777619174.194645467] [robot_2.robot_supervisor]: Selected controllable event: EV_move_forward
[INFO] [1777619174.494749993] [robot_2.robot_supervisor]: Selected controllable event: EV_move_forward
[INFO] [1777619174.794682966] [robot_2.robot_supervisor]: Selected controllable event: EV_move_forward
[INFO] [1777619175.094698283] [robot_2.robot_supervisor]: Selected controllable event: EV_move_forward
[INFO] [1777619175.394887023] [robot_2.robot_supervisor]: Selected controllable event: EV_move_forward
[INFO] [1777619175.694805014] [robot_2.robot_supervisor]: Selected controllable event: EV_move_forward
[INFO] [1777619175.995016402] [robot_2.robot_supervisor]: Selected controllable event: EV_move_forward
[INFO] [1777619176.295130124] [robot_2.robot_supervisor]: Selected controllable event: EV_move_forward
[INFO] [1777619176.595081117] [robot_2.robot_supervisor]: Selected controllable event: EV_move_forward
[INFO] [1777619176.894990268] [robot_2.robot_supervisor]: Selected controllable event: EV_move_forward
[INFO] [1777619177.194821229] [robot_2.robot_supervisor]: Selected controllable event: EV_move_forward
[INFO] [1777619177.495206597] [robot_2.robot_supervisor]: Selected controllable event: EV_move_forward
[INFO] [1777619177.794709639] [robot_2.robot_supervisor]: Selected controllable event: EV_move_forward
[INFO] [1777619178.094700777] [robot_2.robot_supervisor]: Selected controllable event: EV_move_forward
[INFO] [1777619178.394940359] [robot_2.robot_supervisor]: Selected controllable event: EV_move_forward
[INFO] [1777619178.694791622] [robot_2.robot_supervisor]: Selected controllable event: EV_move_forward
[INFO] [1777619178.994609746] [robot_2.robot_supervisor]: Selected controllable event: EV_move_forward
[INFO] [1777619179.294695207] [robot_2.robot_supervisor]: Selected controllable event: EV_move_forward
[INFO] [1777619179.594969583] [robot_2.robot_supervisor]: Selected controllable event: EV_move_forward
[INFO] [1777619179.895012316] [robot_2.robot_supervisor]: Selected controllable event: EV_move_forward
[INFO] [1777619180.194867896] [robot_2.robot_supervisor]: Selected controllable event: EV_move_forward
[INFO] [1777619180.494853807] [robot_2.robot_supervisor]: Selected controllable event: EV_move_forward
[INFO] [1777619180.794950876] [robot_2.robot_supervisor]: Selected controllable event: EV_move_forward
[INFO] [1777619181.094802251] [robot_2.robot_supervisor]: Selected controllable event: EV_move_forward
[INFO] [1777619181.395123839] [robot_2.robot_supervisor]: Selected controllable event: EV_move_forward
[INFO] [1777619181.694954535] [robot_2.robot_supervisor]: Selected controllable event: EV_move_forward
[INFO] [1777619181.994682929] [robot_2.robot_supervisor]: Selected controllable event: EV_move_forward
[INFO] [1777619182.294923716] [robot_2.robot_supervisor]: Selected controllable event: EV_move_forward
[INFO] [1777619182.594957021] [robot_2.robot_supervisor]: Selected controllable event: EV_move_forward
[INFO] [1777619182.894919267] [robot_2.robot_supervisor]: Selected controllable event: EV_move_forward
[INFO] [1777619183.194843626] [robot_2.robot_supervisor]: Selected controllable event: EV_move_forward
[INFO] [1777619183.494745698] [robot_2.robot_supervisor]: Selected controllable event: EV_move_forward
[INFO] [1777619183.795000691] [robot_2.robot_supervisor]: Selected controllable event: EV_move_forward
[INFO] [1777619184.094664776] [robot_2.robot_supervisor]: Selected controllable event: EV_move_forward
[INFO] [1777619184.394646578] [robot_2.robot_supervisor]: Selected controllable event: EV_move_forward
[INFO] [1777619184.695056705] [robot_2.robot_supervisor]: Selected controllable event: EV_move_forward
[INFO] [1777619184.995122577] [robot_2.robot_supervisor]: Selected controllable event: EV_move_forward
[INFO] [1777619185.294686801] [robot_2.robot_supervisor]: Selected controllable event: EV_move_forward
[INFO] [1777619185.595092940] [robot_2.robot_supervisor]: Selected controllable event: EV_move_forward
[INFO] [1777619185.894749929] [robot_2.robot_supervisor]: Selected controllable event: EV_move_forward
[INFO] [1777619186.194648260] [robot_2.robot_supervisor]: Selected controllable event: EV_move_forward
[INFO] [1777619186.494757527] [robot_2.robot_supervisor]: Selected controllable event: EV_move_forward
[INFO] [1777619186.794802984] [robot_2.robot_supervisor]: Selected controllable event: EV_move_forward
[INFO] [1777619187.094878355] [robot_2.robot_supervisor]: Selected controllable event: EV_move_forward
[INFO] [1777619187.395383809] [robot_2.robot_supervisor]: Selected controllable event: EV_move_forward
[INFO] [1777619187.695483692] [robot_2.robot_supervisor]: Selected controllable event: EV_move_forward
[INFO] [1777619187.995448324] [robot_2.robot_supervisor]: Selected controllable event: EV_move_forward
[INFO] [1777619188.295410469] [robot_2.robot_supervisor]: Selected controllable event: EV_move_forward
[INFO] [1777619188.595622735] [robot_2.robot_supervisor]: Selected controllable event: EV_move_forward
[INFO] [1777619188.895759646] [robot_2.robot_supervisor]: Selected controllable event: EV_move_forward
[INFO] [1777619189.195363219] [robot_2.robot_supervisor]: Selected controllable event: EV_move_forward
[INFO] [1777619189.495293008] [robot_2.robot_supervisor]: Selected controllable event: EV_move_forward
[INFO] [1777619189.795607791] [robot_2.robot_supervisor]: Selected controllable event: EV_move_forward
[INFO] [1777619190.096362036] [robot_2.robot_supervisor]: Selected controllable event: EV_move_forward
[INFO] [1777619190.395391371] [robot_2.robot_supervisor]: Selected controllable event: EV_move_forward
[INFO] [1777619190.695425609] [robot_2.robot_supervisor]: Selected controllable event: EV_move_forward
[INFO] [1777619190.995183983] [robot_2.robot_supervisor]: Selected controllable event: EV_move_forward
[INFO] [1777619191.295151245] [robot_2.robot_supervisor]: Selected controllable event: EV_move_forward
[INFO] [1777619191.537379315] [robot_2.robot_supervisor]: Detected zone changed to CORNER
[INFO] [1777619191.595095883] [robot_2.robot_supervisor]: Selected controllable event: EV_move_backward
[INFO] [1777619191.995237583] [robot_2.robot_supervisor]: Selected controllable event: EV_rotate_counterclockwise
[INFO] [1777619194.544343887] [robot_2.robot_supervisor]: Detected zone changed to CLEAR
[INFO] [1777619194.595934266] [robot_2.robot_supervisor]: Selected controllable event: EV_move_forward
[INFO] [1777619194.895894443] [robot_2.robot_supervisor]: Selected controllable event: EV_move_forward
[INFO] [1777619195.195083812] [robot_2.robot_supervisor]: Selected controllable event: EV_move_forward
[INFO] [1777619195.495144684] [robot_2.robot_supervisor]: Selected controllable event: EV_move_forward
[INFO] [1777619195.795022855] [robot_2.robot_supervisor]: Selected controllable event: EV_move_forward
[INFO] [1777619196.095762481] [robot_2.robot_supervisor]: Selected controllable event: EV_move_forward
[INFO] [1777619196.395000250] [robot_2.robot_supervisor]: Selected controllable event: EV_move_forward
[INFO] [1777619196.695673597] [robot_2.robot_supervisor]: Selected controllable event: EV_move_forward
[INFO] [1777619196.995918218] [robot_2.robot_supervisor]: Selected controllable event: EV_move_forward
[INFO] [1777619197.295896637] [robot_2.robot_supervisor]: Selected controllable event: EV_move_forward
[INFO] [1777619197.502665973] [robot_2.robot_supervisor]: Detected zone changed to CORNER
[INFO] [1777619197.595944198] [robot_2.robot_supervisor]: Selected controllable event: EV_move_backward
[INFO] [1777619197.995928130] [robot_2.robot_supervisor]: Selected controllable event: EV_rotate_counterclockwise
[INFO] [1777619200.428850776] [robot_2.robot_supervisor]: Detected zone changed to CLEAR
[INFO] [1777619200.595126653] [robot_2.robot_supervisor]: Selected controllable event: EV_move_forward
[INFO] [1777619200.895393740] [robot_2.robot_supervisor]: Selected controllable event: EV_move_forward
[INFO] [1777619201.196203812] [robot_2.robot_supervisor]: Selected controllable event: EV_move_forward
[INFO] [1777619201.495060623] [robot_2.robot_supervisor]: Selected controllable event: EV_move_forward
[INFO] [1777619201.795246099] [robot_2.robot_supervisor]: Selected controllable event: EV_move_forward
[INFO] [1777619202.095862442] [robot_2.robot_supervisor]: Selected controllable event: EV_move_forward
[INFO] [1777619202.395782775] [robot_2.robot_supervisor]: Selected controllable event: EV_move_forward
[INFO] [1777619202.695110821] [robot_2.robot_supervisor]: Selected controllable event: EV_move_forward
[INFO] [1777619202.995174637] [robot_2.robot_supervisor]: Selected controllable event: EV_move_forward
[INFO] [1777619203.295328624] [robot_2.robot_supervisor]: Selected controllable event: EV_move_forward
[INFO] [1777619203.595049654] [robot_2.robot_supervisor]: Selected controllable event: EV_move_forward
[INFO] [1777619203.895734033] [robot_2.robot_supervisor]: Selected controllable event: EV_move_forward
[INFO] [1777619204.195178114] [robot_2.robot_supervisor]: Selected controllable event: EV_move_forward
[INFO] [1777619204.495001940] [robot_2.robot_supervisor]: Selected controllable event: EV_move_forward
[INFO] [1777619204.795663009] [robot_2.robot_supervisor]: Selected controllable event: EV_move_forward
[INFO] [1777619205.094864129] [robot_2.robot_supervisor]: Selected controllable event: EV_move_forward
[INFO] [1777619205.395422063] [robot_2.robot_supervisor]: Selected controllable event: EV_move_forward
[INFO] [1777619205.695427085] [robot_2.robot_supervisor]: Selected controllable event: EV_move_forward
[INFO] [1777619205.995008127] [robot_2.robot_supervisor]: Selected controllable event: EV_move_forward
[INFO] [1777619206.295528271] [robot_2.robot_supervisor]: Selected controllable event: EV_move_forward
[INFO] [1777619206.595330739] [robot_2.robot_supervisor]: Selected controllable event: EV_move_forward
[INFO] [1777619206.895405859] [robot_2.robot_supervisor]: Selected controllable event: EV_move_forward
[INFO] [1777619207.194978177] [robot_2.robot_supervisor]: Selected controllable event: EV_move_forward
[INFO] [1777619207.495018275] [robot_2.robot_supervisor]: Selected controllable event: EV_move_forward
[INFO] [1777619207.794955613] [robot_2.robot_supervisor]: Selected controllable event: EV_move_forward
[INFO] [1777619208.095344673] [robot_2.robot_supervisor]: Selected controllable event: EV_move_forward
[INFO] [1777619208.395355643] [robot_2.robot_supervisor]: Selected controllable event: EV_move_forward
[INFO] [1777619208.694942747] [robot_2.robot_supervisor]: Selected controllable event: EV_move_forward
[INFO] [1777619208.994992984] [robot_2.robot_supervisor]: Selected controllable event: EV_move_forward
[INFO] [1777619209.295142298] [robot_2.robot_supervisor]: Selected controllable event: EV_move_forward
[INFO] [1777619209.595034897] [robot_2.robot_supervisor]: Selected controllable event: EV_move_forward
[INFO] [1777619209.894858406] [robot_2.robot_supervisor]: Selected controllable event: EV_move_forward
[INFO] [1777619210.196112737] [robot_2.robot_supervisor]: Selected controllable event: EV_move_forward
[INFO] [1777619210.495351774] [robot_2.robot_supervisor]: Selected controllable event: EV_move_forward
[INFO] [1777619210.795327581] [robot_2.robot_supervisor]: Selected controllable event: EV_move_forward
[INFO] [1777619211.094969674] [robot_2.robot_supervisor]: Selected controllable event: EV_move_forward
[INFO] [1777619211.395001082] [robot_2.robot_supervisor]: Selected controllable event: EV_move_forward
[INFO] [1777619211.695271167] [robot_2.robot_supervisor]: Selected controllable event: EV_move_forward
[INFO] [1777619211.994956972] [robot_2.robot_supervisor]: Selected controllable event: EV_move_forward
[INFO] [1777619212.295296815] [robot_2.robot_supervisor]: Selected controllable event: EV_move_forward
[INFO] [1777619212.595774627] [robot_2.robot_supervisor]: Selected controllable event: EV_move_forward
[INFO] [1777619212.895006232] [robot_2.robot_supervisor]: Selected controllable event: EV_move_forward
[INFO] [1777619213.194953104] [robot_2.robot_supervisor]: Selected controllable event: EV_move_forward
[INFO] [1777619213.495026704] [robot_2.robot_supervisor]: Selected controllable event: EV_move_forward
[INFO] [1777619213.794915363] [robot_2.robot_supervisor]: Selected controllable event: EV_move_forward
[INFO] [1777619214.095327039] [robot_2.robot_supervisor]: Selected controllable event: EV_move_forward
[INFO] [1777619214.394833961] [robot_2.robot_supervisor]: Selected controllable event: EV_move_forward
[INFO] [1777619214.695057483] [robot_2.robot_supervisor]: Selected controllable event: EV_move_forward
[INFO] [1777619214.994993745] [robot_2.robot_supervisor]: Selected controllable event: EV_move_forward
[INFO] [1777619215.294966607] [robot_2.robot_supervisor]: Selected controllable event: EV_move_forward
[INFO] [1777619215.595219715] [robot_2.robot_supervisor]: Selected controllable event: EV_move_forward
[INFO] [1777619215.895295466] [robot_2.robot_supervisor]: Selected controllable event: EV_move_forward
[INFO] [1777619216.195142275] [robot_2.robot_supervisor]: Selected controllable event: EV_move_forward
[INFO] [1777619216.495261101] [robot_2.robot_supervisor]: Selected controllable event: EV_move_forward
[INFO] [1777619216.795368286] [robot_2.robot_supervisor]: Selected controllable event: EV_move_forward
[INFO] [1777619217.095428891] [robot_2.robot_supervisor]: Selected controllable event: EV_move_forward
[INFO] [1777619217.395029999] [robot_2.robot_supervisor]: Selected controllable event: EV_move_forward
[INFO] [1777619217.695270347] [robot_2.robot_supervisor]: Selected controllable event: EV_move_forward
[INFO] [1777619217.995029627] [robot_2.robot_supervisor]: Selected controllable event: EV_move_forward
[INFO] [1777619218.294926108] [robot_2.robot_supervisor]: Selected controllable event: EV_move_forward
[INFO] [1777619218.595361071] [robot_2.robot_supervisor]: Selected controllable event: EV_move_forward
[INFO] [1777619218.895323297] [robot_2.robot_supervisor]: Selected controllable event: EV_move_forward
[INFO] [1777619219.195368398] [robot_2.robot_supervisor]: Selected controllable event: EV_move_forward
[INFO] [1777619219.495300381] [robot_2.robot_supervisor]: Selected controllable event: EV_move_forward
[INFO] [1777619219.794911354] [robot_2.robot_supervisor]: Selected controllable event: EV_move_forward
[INFO] [1777619220.094928699] [robot_2.robot_supervisor]: Selected controllable event: EV_move_forward
[INFO] [1777619220.395133698] [robot_2.robot_supervisor]: Selected controllable event: EV_move_forward
[INFO] [1777619220.695268351] [robot_2.robot_supervisor]: Selected controllable event: EV_move_forward
[INFO] [1777619220.995132867] [robot_2.robot_supervisor]: Selected controllable event: EV_move_forward
[INFO] [1777619221.295150063] [robot_2.robot_supervisor]: Selected controllable event: EV_move_forward
[INFO] [1777619221.595332602] [robot_2.robot_supervisor]: Selected controllable event: EV_move_forward
[INFO] [1777619221.895235599] [robot_2.robot_supervisor]: Selected controllable event: EV_move_forward
[INFO] [1777619222.195042452] [robot_2.robot_supervisor]: Selected controllable event: EV_move_forward
[INFO] [1777619222.495004272] [robot_2.robot_supervisor]: Selected controllable event: EV_move_forward
[INFO] [1777619222.794921154] [robot_2.robot_supervisor]: Selected controllable event: EV_move_forward
[INFO] [1777619223.028176810] [robot_2.robot_supervisor]: Detected zone changed to CORNER
[INFO] [1777619223.095257653] [robot_2.robot_supervisor]: Selected controllable event: EV_move_backward
[INFO] [1777619223.495187206] [robot_2.robot_supervisor]: Selected controllable event: EV_rotate_counterclockwise
[INFO] [1777619225.976651740] [robot_2.robot_supervisor]: Detected zone changed to RIGHT
[INFO] [1777619225.995237731] [robot_2.robot_supervisor]: Selected controllable event: EV_rotate_counterclockwise
[INFO] [1777619225.995819533] [robot_2.robot_supervisor]: rotate_90 blocked by recent completion; stopping this tick
[INFO] [1777619226.095113755] [robot_2.robot_supervisor]: Selected controllable event: EV_rotate_counterclockwise
[INFO] [1777619226.095552499] [robot_2.robot_supervisor]: rotate_90 blocked by recent completion; stopping this tick
[INFO] [1777619226.195285965] [robot_2.robot_supervisor]: Selected controllable event: EV_rotate_counterclockwise
[INFO] [1777619228.695110568] [robot_2.robot_supervisor]: Selected controllable event: EV_rotate_counterclockwise
[INFO] [1777619228.695784368] [robot_2.robot_supervisor]: rotate_90 blocked by recent completion; stopping this tick
[INFO] [1777619228.795492123] [robot_2.robot_supervisor]: Selected controllable event: EV_rotate_counterclockwise
[INFO] [1777619228.796205281] [robot_2.robot_supervisor]: rotate_90 blocked by recent completion; stopping this tick
[INFO] [1777619228.895412314] [robot_2.robot_supervisor]: Selected controllable event: EV_rotate_counterclockwise
[INFO] [1777619231.295411553] [robot_2.robot_supervisor]: Selected controllable event: EV_rotate_counterclockwise
[INFO] [1777619231.296100331] [robot_2.robot_supervisor]: rotate_90 blocked by recent completion; stopping this tick
[INFO] [1777619231.395386698] [robot_2.robot_supervisor]: Selected controllable event: EV_rotate_counterclockwise
[INFO] [1777619231.396030642] [robot_2.robot_supervisor]: rotate_90 blocked by recent completion; stopping this tick
[INFO] [1777619231.495145351] [robot_2.robot_supervisor]: Selected controllable event: EV_rotate_counterclockwise
[INFO] [1777619231.557208686] [robot_2.robot_supervisor]: Detected zone changed to CLEAR
[INFO] [1777619233.795088139] [robot_2.robot_supervisor]: Selected controllable event: EV_move_forward
[INFO] [1777619234.095275155] [robot_2.robot_supervisor]: Selected controllable event: EV_move_forward
[INFO] [1777619234.343515929] [robot_2.robot_supervisor]: Detected zone changed to CORNER
[INFO] [1777619234.395278191] [robot_2.robot_supervisor]: Selected controllable event: EV_move_backward
[INFO] [1777619234.794971137] [robot_2.robot_supervisor]: Selected controllable event: EV_rotate_counterclockwise
[INFO] [1777619237.095101368] [robot_2.robot_supervisor]: Selected controllable event: EV_full_rotate
[INFO] [1777619237.095648686] [robot_2.robot_supervisor]: Starting FULL ROTATE (omega=1.000, have_odom=True, target_rad=3.142, timeout_s=3.500)
[INFO] [1777619237.096971178] [robot_2.robot_supervisor]: Detected zone changed to RIGHT
[INFO] [1777619237.195053222] [robot_2.robot_supervisor]: FULL ROTATE active (accum_rad=0.000, timed_fallback=False, stall_count=0)
[INFO] [1777619237.296553517] [robot_2.robot_supervisor]: FULL ROTATE active (accum_rad=0.030, timed_fallback=False, stall_count=0)
[INFO] [1777619237.395023600] [robot_2.robot_supervisor]: FULL ROTATE active (accum_rad=0.087, timed_fallback=False, stall_count=0)
[INFO] [1777619237.494820751] [robot_2.robot_supervisor]: FULL ROTATE active (accum_rad=0.173, timed_fallback=False, stall_count=0)
[INFO] [1777619237.595260113] [robot_2.robot_supervisor]: FULL ROTATE active (accum_rad=0.273, timed_fallback=False, stall_count=0)
[INFO] [1777619237.694988109] [robot_2.robot_supervisor]: FULL ROTATE active (accum_rad=0.373, timed_fallback=False, stall_count=0)
[INFO] [1777619237.795275914] [robot_2.robot_supervisor]: FULL ROTATE active (accum_rad=0.373, timed_fallback=False, stall_count=1)
[INFO] [1777619237.895331925] [robot_2.robot_supervisor]: FULL ROTATE active (accum_rad=0.473, timed_fallback=False, stall_count=0)
[INFO] [1777619237.995209604] [robot_2.robot_supervisor]: FULL ROTATE active (accum_rad=0.573, timed_fallback=False, stall_count=0)
[INFO] [1777619238.095201479] [robot_2.robot_supervisor]: FULL ROTATE active (accum_rad=0.673, timed_fallback=False, stall_count=0)
[INFO] [1777619238.195214087] [robot_2.robot_supervisor]: FULL ROTATE active (accum_rad=0.773, timed_fallback=False, stall_count=0)
[INFO] [1777619238.294925837] [robot_2.robot_supervisor]: FULL ROTATE active (accum_rad=0.873, timed_fallback=False, stall_count=0)
[INFO] [1777619238.395228364] [robot_2.robot_supervisor]: FULL ROTATE active (accum_rad=0.923, timed_fallback=False, stall_count=0)
[INFO] [1777619238.495185100] [robot_2.robot_supervisor]: FULL ROTATE active (accum_rad=1.023, timed_fallback=False, stall_count=0)
[INFO] [1777619238.595241048] [robot_2.robot_supervisor]: FULL ROTATE active (accum_rad=1.123, timed_fallback=False, stall_count=0)
[INFO] [1777619238.695233805] [robot_2.robot_supervisor]: FULL ROTATE active (accum_rad=1.223, timed_fallback=False, stall_count=0)
[INFO] [1777619238.794992239] [robot_2.robot_supervisor]: FULL ROTATE active (accum_rad=1.323, timed_fallback=False, stall_count=0)
[INFO] [1777619238.895155850] [robot_2.robot_supervisor]: FULL ROTATE active (accum_rad=1.373, timed_fallback=False, stall_count=0)
[INFO] [1777619238.995324034] [robot_2.robot_supervisor]: FULL ROTATE active (accum_rad=1.473, timed_fallback=False, stall_count=0)
[INFO] [1777619239.094963429] [robot_2.robot_supervisor]: FULL ROTATE active (accum_rad=1.573, timed_fallback=False, stall_count=0)
[INFO] [1777619239.194938771] [robot_2.robot_supervisor]: FULL ROTATE active (accum_rad=1.673, timed_fallback=False, stall_count=0)
[INFO] [1777619239.295272872] [robot_2.robot_supervisor]: FULL ROTATE active (accum_rad=1.773, timed_fallback=False, stall_count=0)
[INFO] [1777619239.395044285] [robot_2.robot_supervisor]: FULL ROTATE active (accum_rad=1.873, timed_fallback=False, stall_count=0)
[INFO] [1777619239.495107575] [robot_2.robot_supervisor]: FULL ROTATE active (accum_rad=1.873, timed_fallback=False, stall_count=1)
[INFO] [1777619239.595457857] [robot_2.robot_supervisor]: FULL ROTATE active (accum_rad=1.973, timed_fallback=False, stall_count=0)
[INFO] [1777619239.695173633] [robot_2.robot_supervisor]: FULL ROTATE active (accum_rad=2.073, timed_fallback=False, stall_count=0)
[INFO] [1777619239.794912852] [robot_2.robot_supervisor]: FULL ROTATE active (accum_rad=2.173, timed_fallback=False, stall_count=0)
[INFO] [1777619239.894879502] [robot_2.robot_supervisor]: FULL ROTATE active (accum_rad=2.273, timed_fallback=False, stall_count=0)
[INFO] [1777619239.994995628] [robot_2.robot_supervisor]: FULL ROTATE active (accum_rad=2.373, timed_fallback=False, stall_count=0)
[INFO] [1777619240.095080575] [robot_2.robot_supervisor]: FULL ROTATE active (accum_rad=2.473, timed_fallback=False, stall_count=0)
[INFO] [1777619240.195092457] [robot_2.robot_supervisor]: FULL ROTATE active (accum_rad=2.573, timed_fallback=False, stall_count=0)
[INFO] [1777619240.295041332] [robot_2.robot_supervisor]: FULL ROTATE active (accum_rad=2.673, timed_fallback=False, stall_count=0)
[INFO] [1777619240.395157293] [robot_2.robot_supervisor]: FULL ROTATE active (accum_rad=2.773, timed_fallback=False, stall_count=0)
[INFO] [1777619240.494909056] [robot_2.robot_supervisor]: FULL ROTATE active (accum_rad=2.873, timed_fallback=False, stall_count=0)
[INFO] [1777619240.594880507] [robot_2.robot_supervisor]: FULL ROTATE active (accum_rad=2.923, timed_fallback=False, stall_count=0)
[INFO] [1777619240.694887944] [robot_2.robot_supervisor]: FULL ROTATE active (accum_rad=3.023, timed_fallback=False, stall_count=0)
[INFO] [1777619240.695361085] [robot_2.robot_supervisor]: FULL ROTATE completed by timeout
[INFO] [1777619240.695735872] [robot_2.robot_supervisor]: FULL ROTATE stopped; supervisor will select next event next tick
[INFO] [1777619240.995273220] [robot_2.robot_supervisor]: Selected controllable event: EV_rotate_counterclockwise
[INFO] [1777619242.632299804] [robot_2.robot_supervisor]: Detected zone changed to CORNER
[INFO] [1777619243.195036391] [robot_2.robot_supervisor]: Selected controllable event: EV_move_backward
[INFO] [1777619243.594904288] [robot_2.robot_supervisor]: Selected controllable event: EV_rotate_counterclockwise
[INFO] [1777619245.995117639] [robot_2.robot_supervisor]: Selected controllable event: EV_full_rotate
[INFO] [1777619245.996042424] [robot_2.robot_supervisor]: Starting FULL ROTATE (omega=1.000, have_odom=True, target_rad=3.142, timeout_s=3.500)
[INFO] [1777619246.095248044] [robot_2.robot_supervisor]: FULL ROTATE active (accum_rad=0.000, timed_fallback=False, stall_count=0)
[INFO] [1777619246.195140022] [robot_2.robot_supervisor]: FULL ROTATE active (accum_rad=0.010, timed_fallback=False, stall_count=0)
[INFO] [1777619246.295162494] [robot_2.robot_supervisor]: FULL ROTATE active (accum_rad=0.049, timed_fallback=False, stall_count=0)
[INFO] [1777619246.394952517] [robot_2.robot_supervisor]: FULL ROTATE active (accum_rad=0.117, timed_fallback=False, stall_count=0)
[INFO] [1777619246.494912574] [robot_2.robot_supervisor]: FULL ROTATE active (accum_rad=0.213, timed_fallback=False, stall_count=0)
[INFO] [1777619246.594922299] [robot_2.robot_supervisor]: FULL ROTATE active (accum_rad=0.263, timed_fallback=False, stall_count=0)
[INFO] [1777619246.695129102] [robot_2.robot_supervisor]: FULL ROTATE active (accum_rad=0.363, timed_fallback=False, stall_count=0)
[INFO] [1777619246.794968148] [robot_2.robot_supervisor]: FULL ROTATE active (accum_rad=0.463, timed_fallback=False, stall_count=0)
[INFO] [1777619246.894988781] [robot_2.robot_supervisor]: FULL ROTATE active (accum_rad=0.563, timed_fallback=False, stall_count=0)
[INFO] [1777619246.994999266] [robot_2.robot_supervisor]: FULL ROTATE active (accum_rad=0.663, timed_fallback=False, stall_count=0)
[INFO] [1777619247.095014595] [robot_2.robot_supervisor]: FULL ROTATE active (accum_rad=0.763, timed_fallback=False, stall_count=0)
[INFO] [1777619247.194675265] [robot_2.robot_supervisor]: FULL ROTATE active (accum_rad=0.813, timed_fallback=False, stall_count=0)
[INFO] [1777619247.294764175] [robot_2.robot_supervisor]: FULL ROTATE active (accum_rad=0.913, timed_fallback=False, stall_count=0)
[INFO] [1777619247.394819603] [robot_2.robot_supervisor]: FULL ROTATE active (accum_rad=1.013, timed_fallback=False, stall_count=0)
[INFO] [1777619247.494673056] [robot_2.robot_supervisor]: FULL ROTATE active (accum_rad=1.113, timed_fallback=False, stall_count=0)
[INFO] [1777619247.594913766] [robot_2.robot_supervisor]: FULL ROTATE active (accum_rad=1.213, timed_fallback=False, stall_count=0)
[INFO] [1777619247.694872633] [robot_2.robot_supervisor]: FULL ROTATE active (accum_rad=1.263, timed_fallback=False, stall_count=0)
[INFO] [1777619247.794762246] [robot_2.robot_supervisor]: FULL ROTATE active (accum_rad=1.363, timed_fallback=False, stall_count=0)
[INFO] [1777619247.894742708] [robot_2.robot_supervisor]: FULL ROTATE active (accum_rad=1.463, timed_fallback=False, stall_count=0)
[INFO] [1777619247.994750254] [robot_2.robot_supervisor]: FULL ROTATE active (accum_rad=1.563, timed_fallback=False, stall_count=0)
[INFO] [1777619248.094715481] [robot_2.robot_supervisor]: FULL ROTATE active (accum_rad=1.663, timed_fallback=False, stall_count=0)
[INFO] [1777619248.155522429] [robot_2.robot_supervisor]: Detected zone changed to CLEAR
[INFO] [1777619248.194826030] [robot_2.robot_supervisor]: FULL ROTATE active (accum_rad=1.763, timed_fallback=False, stall_count=0)
[INFO] [1777619248.294804457] [robot_2.robot_supervisor]: FULL ROTATE active (accum_rad=1.813, timed_fallback=False, stall_count=0)
[INFO] [1777619248.394854099] [robot_2.robot_supervisor]: FULL ROTATE active (accum_rad=1.913, timed_fallback=False, stall_count=0)
[INFO] [1777619248.494764303] [robot_2.robot_supervisor]: FULL ROTATE active (accum_rad=2.013, timed_fallback=False, stall_count=0)
[INFO] [1777619248.595686811] [robot_2.robot_supervisor]: FULL ROTATE active (accum_rad=2.113, timed_fallback=False, stall_count=0)
[INFO] [1777619248.695679873] [robot_2.robot_supervisor]: FULL ROTATE active (accum_rad=2.213, timed_fallback=False, stall_count=0)
[INFO] [1777619248.795926653] [robot_2.robot_supervisor]: FULL ROTATE active (accum_rad=2.263, timed_fallback=False, stall_count=0)
[INFO] [1777619248.894985128] [robot_2.robot_supervisor]: FULL ROTATE active (accum_rad=2.313, timed_fallback=False, stall_count=0)
[INFO] [1777619248.995027778] [robot_2.robot_supervisor]: FULL ROTATE active (accum_rad=2.413, timed_fallback=False, stall_count=0)
[INFO] [1777619249.095085027] [robot_2.robot_supervisor]: FULL ROTATE active (accum_rad=2.513, timed_fallback=False, stall_count=0)
[INFO] [1777619249.195315113] [robot_2.robot_supervisor]: FULL ROTATE active (accum_rad=2.613, timed_fallback=False, stall_count=0)
[INFO] [1777619249.295319007] [robot_2.robot_supervisor]: FULL ROTATE active (accum_rad=2.713, timed_fallback=False, stall_count=0)
[INFO] [1777619249.394997907] [robot_2.robot_supervisor]: FULL ROTATE active (accum_rad=2.763, timed_fallback=False, stall_count=0)
[INFO] [1777619249.495270142] [robot_2.robot_supervisor]: FULL ROTATE active (accum_rad=2.863, timed_fallback=False, stall_count=0)
[INFO] [1777619249.496146528] [robot_2.robot_supervisor]: FULL ROTATE completed by timeout
[INFO] [1777619249.496886243] [robot_2.robot_supervisor]: FULL ROTATE stopped; supervisor will select next event next tick
[INFO] [1777619249.795439726] [robot_2.robot_supervisor]: Selected controllable event: EV_move_forward
[INFO] [1777619250.095000880] [robot_2.robot_supervisor]: Selected controllable event: EV_move_forward
[INFO] [1777619250.395106698] [robot_2.robot_supervisor]: Selected controllable event: EV_move_forward
[INFO] [1777619250.695328989] [robot_2.robot_supervisor]: Selected controllable event: EV_move_forward
[INFO] [1777619250.995028078] [robot_2.robot_supervisor]: Selected controllable event: EV_move_forward
[INFO] [1777619251.295055138] [robot_2.robot_supervisor]: Selected controllable event: EV_move_forward
[INFO] [1777619251.596347899] [robot_2.robot_supervisor]: Selected controllable event: EV_move_forward
[INFO] [1777619251.895320031] [robot_2.robot_supervisor]: Selected controllable event: EV_move_forward
[INFO] [1777619252.195079744] [robot_2.robot_supervisor]: Selected controllable event: EV_move_forward
[INFO] [1777619252.495898436] [robot_2.robot_supervisor]: Selected controllable event: EV_move_forward
[INFO] [1777619252.795265963] [robot_2.robot_supervisor]: Selected controllable event: EV_move_forward
[INFO] [1777619253.095472614] [robot_2.robot_supervisor]: Selected controllable event: EV_move_forward
[INFO] [1777619253.395044723] [robot_2.robot_supervisor]: Selected controllable event: EV_move_forward
[INFO] [1777619253.695189197] [robot_2.robot_supervisor]: Selected controllable event: EV_move_forward
[INFO] [1777619253.995321456] [robot_2.robot_supervisor]: Selected controllable event: EV_move_forward
[INFO] [1777619254.295399366] [robot_2.robot_supervisor]: Selected controllable event: EV_move_forward
[INFO] [1777619254.595278176] [robot_2.robot_supervisor]: Selected controllable event: EV_move_forward
[INFO] [1777619254.895305723] [robot_2.robot_supervisor]: Selected controllable event: EV_move_forward
[INFO] [1777619255.195280387] [robot_2.robot_supervisor]: Selected controllable event: EV_move_forward
[INFO] [1777619255.495320325] [robot_2.robot_supervisor]: Selected controllable event: EV_move_forward
[INFO] [1777619255.795480716] [robot_2.robot_supervisor]: Selected controllable event: EV_move_forward
[INFO] [1777619256.095622874] [robot_2.robot_supervisor]: Selected controllable event: EV_move_forward
[INFO] [1777619256.395177121] [robot_2.robot_supervisor]: Selected controllable event: EV_move_forward
[INFO] [1777619256.695240791] [robot_2.robot_supervisor]: Selected controllable event: EV_move_forward
[INFO] [1777619256.995291998] [robot_2.robot_supervisor]: Selected controllable event: EV_move_forward
[INFO] [1777619257.295233864] [robot_2.robot_supervisor]: Selected controllable event: EV_move_forward
[INFO] [1777619257.595304919] [robot_2.robot_supervisor]: Selected controllable event: EV_move_forward
[INFO] [1777619257.894923201] [robot_2.robot_supervisor]: Selected controllable event: EV_move_forward
[INFO] [1777619258.194848082] [robot_2.robot_supervisor]: Selected controllable event: EV_move_forward
[INFO] [1777619258.495050753] [robot_2.robot_supervisor]: Selected controllable event: EV_move_forward
[INFO] [1777619258.794969858] [robot_2.robot_supervisor]: Selected controllable event: EV_move_forward
[INFO] [1777619259.095262048] [robot_2.robot_supervisor]: Selected controllable event: EV_move_forward
[INFO] [1777619259.394873253] [robot_2.robot_supervisor]: Selected controllable event: EV_move_forward
[INFO] [1777619259.694917954] [robot_2.robot_supervisor]: Selected controllable event: EV_move_forward
[INFO] [1777619259.995070853] [robot_2.robot_supervisor]: Selected controllable event: EV_move_forward
[INFO] [1777619260.295049925] [robot_2.robot_supervisor]: Selected controllable event: EV_move_forward
[INFO] [1777619260.595170970] [robot_2.robot_supervisor]: Selected controllable event: EV_move_forward
[INFO] [1777619260.895253767] [robot_2.robot_supervisor]: Selected controllable event: EV_move_forward
[INFO] [1777619261.195262632] [robot_2.robot_supervisor]: Selected controllable event: EV_move_forward
[INFO] [1777619261.495028466] [robot_2.robot_supervisor]: Selected controllable event: EV_move_forward
[INFO] [1777619261.795174499] [robot_2.robot_supervisor]: Selected controllable event: EV_move_forward
[INFO] [1777619261.966301359] [robot_2.robot_supervisor]: Detected zone changed to CORNER
[INFO] [1777619262.094715217] [robot_2.robot_supervisor]: Selected controllable event: EV_move_backward
[INFO] [1777619262.495281439] [robot_2.robot_supervisor]: Selected controllable event: EV_rotate_counterclockwise
[INFO] [1777619264.895003450] [robot_2.robot_supervisor]: Selected controllable event: EV_full_rotate
[INFO] [1777619264.895492016] [robot_2.robot_supervisor]: Starting FULL ROTATE (omega=1.000, have_odom=True, target_rad=3.142, timeout_s=3.500)
[INFO] [1777619264.995026588] [robot_2.robot_supervisor]: FULL ROTATE active (accum_rad=0.000, timed_fallback=False, stall_count=0)
[INFO] [1777619265.094951613] [robot_2.robot_supervisor]: FULL ROTATE active (accum_rad=0.009, timed_fallback=False, stall_count=0)
[INFO] [1777619265.195004691] [robot_2.robot_supervisor]: FULL ROTATE active (accum_rad=0.046, timed_fallback=False, stall_count=0)
[INFO] [1777619265.295270193] [robot_2.robot_supervisor]: FULL ROTATE active (accum_rad=0.114, timed_fallback=False, stall_count=0)
[INFO] [1777619265.395017532] [robot_2.robot_supervisor]: FULL ROTATE active (accum_rad=0.159, timed_fallback=False, stall_count=0)
[INFO] [1777619265.495112811] [robot_2.robot_supervisor]: FULL ROTATE active (accum_rad=0.259, timed_fallback=False, stall_count=0)
[INFO] [1777619265.595337674] [robot_2.robot_supervisor]: FULL ROTATE active (accum_rad=0.359, timed_fallback=False, stall_count=0)
[INFO] [1777619265.694932368] [robot_2.robot_supervisor]: FULL ROTATE active (accum_rad=0.459, timed_fallback=False, stall_count=0)
[INFO] [1777619265.794991739] [robot_2.robot_supervisor]: FULL ROTATE active (accum_rad=0.559, timed_fallback=False, stall_count=0)
[INFO] [1777619265.894992179] [robot_2.robot_supervisor]: FULL ROTATE active (accum_rad=0.659, timed_fallback=False, stall_count=0)
[INFO] [1777619265.995278636] [robot_2.robot_supervisor]: FULL ROTATE active (accum_rad=0.709, timed_fallback=False, stall_count=0)
[INFO] [1777619266.095081854] [robot_2.robot_supervisor]: FULL ROTATE active (accum_rad=0.809, timed_fallback=False, stall_count=0)
[INFO] [1777619266.195291172] [robot_2.robot_supervisor]: FULL ROTATE active (accum_rad=0.909, timed_fallback=False, stall_count=0)
[INFO] [1777619266.294934589] [robot_2.robot_supervisor]: FULL ROTATE active (accum_rad=1.009, timed_fallback=False, stall_count=0)
[INFO] [1777619266.394969605] [robot_2.robot_supervisor]: FULL ROTATE active (accum_rad=1.109, timed_fallback=False, stall_count=0)
[INFO] [1777619266.494946003] [robot_2.robot_supervisor]: FULL ROTATE active (accum_rad=1.159, timed_fallback=False, stall_count=0)
[INFO] [1777619266.595319872] [robot_2.robot_supervisor]: FULL ROTATE active (accum_rad=1.209, timed_fallback=False, stall_count=0)
[INFO] [1777619266.695250417] [robot_2.robot_supervisor]: FULL ROTATE active (accum_rad=1.309, timed_fallback=False, stall_count=0)
[INFO] [1777619266.795265329] [robot_2.robot_supervisor]: FULL ROTATE active (accum_rad=1.409, timed_fallback=False, stall_count=0)
[INFO] [1777619266.895236178] [robot_2.robot_supervisor]: FULL ROTATE active (accum_rad=1.509, timed_fallback=False, stall_count=0)
[INFO] [1777619266.995270767] [robot_2.robot_supervisor]: FULL ROTATE active (accum_rad=1.609, timed_fallback=False, stall_count=0)
[INFO] [1777619267.094961781] [robot_2.robot_supervisor]: FULL ROTATE active (accum_rad=1.659, timed_fallback=False, stall_count=0)
[INFO] [1777619267.195317626] [robot_2.robot_supervisor]: FULL ROTATE active (accum_rad=1.759, timed_fallback=False, stall_count=0)
[INFO] [1777619267.294932896] [robot_2.robot_supervisor]: FULL ROTATE active (accum_rad=1.859, timed_fallback=False, stall_count=0)
[INFO] [1777619267.395165538] [robot_2.robot_supervisor]: FULL ROTATE active (accum_rad=1.959, timed_fallback=False, stall_count=0)
[INFO] [1777619267.495042240] [robot_2.robot_supervisor]: FULL ROTATE active (accum_rad=2.059, timed_fallback=False, stall_count=0)
[INFO] [1777619267.561245572] [robot_2.robot_supervisor]: Detected zone changed to CLEAR
[INFO] [1777619267.594927194] [robot_2.robot_supervisor]: FULL ROTATE active (accum_rad=2.159, timed_fallback=False, stall_count=0)
[INFO] [1777619267.695155237] [robot_2.robot_supervisor]: FULL ROTATE active (accum_rad=2.159, timed_fallback=False, stall_count=1)
[INFO] [1777619267.794943525] [robot_2.robot_supervisor]: FULL ROTATE active (accum_rad=2.259, timed_fallback=False, stall_count=0)
[INFO] [1777619267.895264380] [robot_2.robot_supervisor]: FULL ROTATE active (accum_rad=2.359, timed_fallback=False, stall_count=0)
[INFO] [1777619267.995239822] [robot_2.robot_supervisor]: FULL ROTATE active (accum_rad=2.409, timed_fallback=False, stall_count=0)
[INFO] [1777619268.095208829] [robot_2.robot_supervisor]: FULL ROTATE active (accum_rad=2.509, timed_fallback=False, stall_count=0)
[INFO] [1777619268.194983268] [robot_2.robot_supervisor]: FULL ROTATE active (accum_rad=2.609, timed_fallback=False, stall_count=0)
[INFO] [1777619268.295128546] [robot_2.robot_supervisor]: FULL ROTATE active (accum_rad=2.659, timed_fallback=False, stall_count=0)
[INFO] [1777619268.394945092] [robot_2.robot_supervisor]: FULL ROTATE active (accum_rad=2.759, timed_fallback=False, stall_count=0)
[INFO] [1777619268.395860159] [robot_2.robot_supervisor]: FULL ROTATE completed by timeout
[INFO] [1777619268.396633088] [robot_2.robot_supervisor]: FULL ROTATE stopped; supervisor will select next event next tick
[INFO] [1777619268.695083886] [robot_2.robot_supervisor]: Selected controllable event: EV_move_forward
[INFO] [1777619268.995366901] [robot_2.robot_supervisor]: Selected controllable event: EV_move_forward
[INFO] [1777619269.295297520] [robot_2.robot_supervisor]: Selected controllable event: EV_move_forward
[INFO] [1777619269.594815776] [robot_2.robot_supervisor]: Selected controllable event: EV_move_forward
[INFO] [1777619269.894851927] [robot_2.robot_supervisor]: Selected controllable event: EV_move_forward
[INFO] [1777619270.194887245] [robot_2.robot_supervisor]: Selected controllable event: EV_move_forward
[INFO] [1777619270.494960311] [robot_2.robot_supervisor]: Selected controllable event: EV_move_forward
[INFO] [1777619270.794972378] [robot_2.robot_supervisor]: Selected controllable event: EV_move_forward
[INFO] [1777619271.094981745] [robot_2.robot_supervisor]: Selected controllable event: EV_move_forward
[INFO] [1777619271.395124880] [robot_2.robot_supervisor]: Selected controllable event: EV_move_forward
[INFO] [1777619271.695074746] [robot_2.robot_supervisor]: Selected controllable event: EV_move_forward
[INFO] [1777619271.994960266] [robot_2.robot_supervisor]: Selected controllable event: EV_move_forward
[INFO] [1777619272.295506516] [robot_2.robot_supervisor]: Selected controllable event: EV_move_forward
[INFO] [1777619272.594959526] [robot_2.robot_supervisor]: Selected controllable event: EV_move_forward
[INFO] [1777619272.895333583] [robot_2.robot_supervisor]: Selected controllable event: EV_move_forward
[INFO] [1777619273.194962349] [robot_2.robot_supervisor]: Selected controllable event: EV_move_forward
[INFO] [1777619273.495337974] [robot_2.robot_supervisor]: Selected controllable event: EV_move_forward
[INFO] [1777619273.794955064] [robot_2.robot_supervisor]: Selected controllable event: EV_move_forward
[INFO] [1777619274.095271187] [robot_2.robot_supervisor]: Selected controllable event: EV_move_forward
[INFO] [1777619274.395241084] [robot_2.robot_supervisor]: Selected controllable event: EV_move_forward
[INFO] [1777619274.695247833] [robot_2.robot_supervisor]: Selected controllable event: EV_move_forward
[INFO] [1777619274.994786113] [robot_2.robot_supervisor]: Selected controllable event: EV_move_forward
[INFO] [1777619275.295304134] [robot_2.robot_supervisor]: Selected controllable event: EV_move_forward
[INFO] [1777619275.594879731] [robot_2.robot_supervisor]: Selected controllable event: EV_move_forward
[INFO] [1777619275.894930079] [robot_2.robot_supervisor]: Selected controllable event: EV_move_forward
[INFO] [1777619276.195155559] [robot_2.robot_supervisor]: Selected controllable event: EV_move_forward
[INFO] [1777619276.494926758] [robot_2.robot_supervisor]: Selected controllable event: EV_move_forward
[INFO] [1777619276.795321137] [robot_2.robot_supervisor]: Selected controllable event: EV_move_forward
[INFO] [1777619277.095187994] [robot_2.robot_supervisor]: Selected controllable event: EV_move_forward
[INFO] [1777619277.395366525] [robot_2.robot_supervisor]: Selected controllable event: EV_move_forward
[INFO] [1777619277.695226254] [robot_2.robot_supervisor]: Selected controllable event: EV_move_forward
[INFO] [1777619277.995159112] [robot_2.robot_supervisor]: Selected controllable event: EV_move_forward
[INFO] [1777619278.295248954] [robot_2.robot_supervisor]: Selected controllable event: EV_move_forward
[INFO] [1777619278.595355627] [robot_2.robot_supervisor]: Selected controllable event: EV_move_forward
[INFO] [1777619278.895210033] [robot_2.robot_supervisor]: Selected controllable event: EV_move_forward
[INFO] [1777619279.194958481] [robot_2.robot_supervisor]: Selected controllable event: EV_move_forward
[INFO] [1777619279.495327658] [robot_2.robot_supervisor]: Selected controllable event: EV_move_forward
[INFO] [1777619279.794949494] [robot_2.robot_supervisor]: Selected controllable event: EV_move_forward
[INFO] [1777619280.095236655] [robot_2.robot_supervisor]: Selected controllable event: EV_move_forward
[INFO] [1777619280.394995510] [robot_2.robot_supervisor]: Selected controllable event: EV_move_forward
[INFO] [1777619280.694956258] [robot_2.robot_supervisor]: Selected controllable event: EV_move_forward
[INFO] [1777619280.995003430] [robot_2.robot_supervisor]: Selected controllable event: EV_move_forward
[INFO] [1777619281.295250486] [robot_2.robot_supervisor]: Selected controllable event: EV_move_forward
[INFO] [1777619281.595309062] [robot_2.robot_supervisor]: Selected controllable event: EV_move_forward
[INFO] [1777619281.895043873] [robot_2.robot_supervisor]: Selected controllable event: EV_move_forward
[INFO] [1777619282.195265140] [robot_2.robot_supervisor]: Selected controllable event: EV_move_forward
[INFO] [1777619282.495018716] [robot_2.robot_supervisor]: Selected controllable event: EV_move_forward
[INFO] [1777619282.795079150] [robot_2.robot_supervisor]: Selected controllable event: EV_move_forward
[INFO] [1777619283.095033969] [robot_2.robot_supervisor]: Selected controllable event: EV_move_forward
[INFO] [1777619283.394872224] [robot_2.robot_supervisor]: Selected controllable event: EV_move_forward
[INFO] [1777619283.695183025] [robot_2.robot_supervisor]: Selected controllable event: EV_move_forward
[INFO] [1777619283.995651357] [robot_2.robot_supervisor]: Selected controllable event: EV_move_forward
[INFO] [1777619284.117978318] [robot_2