[INFO] [1777619091.468522055] [robot_1.robot_supervisor]: Loaded initial mission 'explore' from explicit YAML explore_sup_gpt_new_1_run_5_406.yaml
[INFO] [1777619091.573739015] [robot_1.robot_supervisor]: Selected controllable event: EV_move_forward
[INFO] [1777619091.873828293] [robot_1.robot_supervisor]: Selected controllable event: EV_move_forward
[INFO] [1777619092.173863016] [robot_1.robot_supervisor]: Selected controllable event: EV_move_forward
[INFO] [1777619092.473801674] [robot_1.robot_supervisor]: Selected controllable event: EV_move_forward
[INFO] [1777619092.773933926] [robot_1.robot_supervisor]: Selected controllable event: EV_move_forward
[INFO] [1777619093.073826828] [robot_1.robot_supervisor]: Selected controllable event: EV_move_forward
[INFO] [1777619093.373596751] [robot_1.robot_supervisor]: Selected controllable event: EV_move_forward
[INFO] [1777619093.674211608] [robot_1.robot_supervisor]: Selected controllable event: EV_move_forward
[INFO] [1777619093.973548281] [robot_1.robot_supervisor]: Selected controllable event: EV_move_forward
[INFO] [1777619094.274056165] [robot_1.robot_supervisor]: Selected controllable event: EV_move_forward
[INFO] [1777619094.573852428] [robot_1.robot_supervisor]: Selected controllable event: EV_move_forward
[INFO] [1777619094.873687180] [robot_1.robot_supervisor]: Selected controllable event: EV_move_forward
[INFO] [1777619095.173991970] [robot_1.robot_supervisor]: Selected controllable event: EV_move_forward
[INFO] [1777619095.473430647] [robot_1.robot_supervisor]: Selected controllable event: EV_move_forward
[INFO] [1777619095.773571945] [robot_1.robot_supervisor]: Selected controllable event: EV_move_forward
[INFO] [1777619096.073833705] [robot_1.robot_supervisor]: Selected controllable event: EV_move_forward
[INFO] [1777619096.373577870] [robot_1.robot_supervisor]: Selected controllable event: EV_move_forward
[INFO] [1777619096.674147617] [robot_1.robot_supervisor]: Selected controllable event: EV_move_forward
[INFO] [1777619096.974122587] [robot_1.robot_supervisor]: Selected controllable event: EV_move_forward
[INFO] [1777619097.273973470] [robot_1.robot_supervisor]: Selected controllable event: EV_move_forward
[INFO] [1777619097.573551808] [robot_1.robot_supervisor]: Selected controllable event: EV_move_forward
[INFO] [1777619097.873699185] [robot_1.robot_supervisor]: Selected controllable event: EV_move_forward
[INFO] [1777619098.173484755] [robot_1.robot_supervisor]: Selected controllable event: EV_move_forward
[INFO] [1777619098.474146349] [robot_1.robot_supervisor]: Selected controllable event: EV_move_forward
[INFO] [1777619098.773644147] [robot_1.robot_supervisor]: Selected controllable event: EV_move_forward
[INFO] [1777619099.073739138] [robot_1.robot_supervisor]: Selected controllable event: EV_move_forward
[INFO] [1777619099.373990831] [robot_1.robot_supervisor]: Selected controllable event: EV_move_forward
[INFO] [1777619099.674089214] [robot_1.robot_supervisor]: Selected controllable event: EV_move_forward
[INFO] [1777619099.973537400] [robot_1.robot_supervisor]: Selected controllable event: EV_move_forward
[INFO] [1777619100.274268651] [robot_1.robot_supervisor]: Selected controllable event: EV_move_forward
[INFO] [1777619100.573541859] [robot_1.robot_supervisor]: Selected controllable event: EV_move_forward
[INFO] [1777619100.873540766] [robot_1.robot_supervisor]: Selected controllable event: EV_move_forward
[INFO] [1777619101.173427062] [robot_1.robot_supervisor]: Selected controllable event: EV_move_forward
[INFO] [1777619101.473423001] [robot_1.robot_supervisor]: Selected controllable event: EV_move_forward
[INFO] [1777619101.773827894] [robot_1.robot_supervisor]: Selected controllable event: EV_move_forward
[INFO] [1777619102.073685906] [robot_1.robot_supervisor]: Selected controllable event: EV_move_forward
[INFO] [1777619102.373956500] [robot_1.robot_supervisor]: Selected controllable event: EV_move_forward
[INFO] [1777619102.673906071] [robot_1.robot_supervisor]: Selected controllable event: EV_move_forward
[INFO] [1777619102.973890288] [robot_1.robot_supervisor]: Selected controllable event: EV_move_forward
[INFO] [1777619103.274104703] [robot_1.robot_supervisor]: Selected controllable event: EV_move_forward
[INFO] [1777619103.573823620] [robot_1.robot_supervisor]: Selected controllable event: EV_move_forward
[INFO] [1777619103.873522209] [robot_1.robot_supervisor]: Selected controllable event: EV_move_forward
[INFO] [1777619104.173578674] [robot_1.robot_supervisor]: Selected controllable event: EV_move_forward
[INFO] [1777619104.473941984] [robot_1.robot_supervisor]: Selected controllable event: EV_move_forward
[INFO] [1777619104.773634000] [robot_1.robot_supervisor]: Selected controllable event: EV_move_forward
[INFO] [1777619105.074172176] [robot_1.robot_supervisor]: Selected controllable event: EV_move_forward
[INFO] [1777619105.373597732] [robot_1.robot_supervisor]: Selected controllable event: EV_move_forward
[INFO] [1777619105.673861809] [robot_1.robot_supervisor]: Selected controllable event: EV_move_forward
[INFO] [1777619105.973895884] [robot_1.robot_supervisor]: Selected controllable event: EV_move_forward
[INFO] [1777619106.273935882] [robot_1.robot_supervisor]: Selected controllable event: EV_move_forward
[INFO] [1777619106.573578285] [robot_1.robot_supervisor]: Selected controllable event: EV_move_forward
[INFO] [1777619106.873561609] [robot_1.robot_supervisor]: Selected controllable event: EV_move_forward
[INFO] [1777619107.173575589] [robot_1.robot_supervisor]: Selected controllable event: EV_move_forward
[INFO] [1777619107.375541591] [robot_1.robot_supervisor]: Selected controllable event: EV_move_forward
[INFO] [1777619107.673940500] [robot_1.robot_supervisor]: Selected controllable event: EV_move_forward
[INFO] [1777619107.973568874] [robot_1.robot_supervisor]: Selected controllable event: EV_move_forward
[INFO] [1777619108.273425473] [robot_1.robot_supervisor]: Selected controllable event: EV_move_forward
[INFO] [1777619108.573683148] [robot_1.robot_supervisor]: Selected controllable event: EV_move_forward
[INFO] [1777619108.873778466] [robot_1.robot_supervisor]: Selected controllable event: EV_move_forward
[INFO] [1777619109.173903893] [robot_1.robot_supervisor]: Selected controllable event: EV_move_forward
[INFO] [1777619109.474113765] [robot_1.robot_supervisor]: Selected controllable event: EV_move_forward
[INFO] [1777619109.773901781] [robot_1.robot_supervisor]: Selected controllable event: EV_move_forward
[INFO] [1777619110.074126297] [robot_1.robot_supervisor]: Selected controllable event: EV_move_forward
[INFO] [1777619110.229482199] [robot_1.robot_supervisor]: Detected zone changed to CORNER
[INFO] [1777619110.373804693] [robot_1.robot_supervisor]: Selected controllable event: EV_move_backward
[INFO] [1777619110.773572179] [robot_1.robot_supervisor]: Selected controllable event: EV_rotate_counterclockwise
[INFO] [1777619112.906033428] [robot_1.robot_supervisor]: Detected zone changed to CLEAR
[INFO] [1777619112.973871311] [robot_1.robot_supervisor]: Selected controllable event: EV_move_forward
[INFO] [1777619113.273819398] [robot_1.robot_supervisor]: Selected controllable event: EV_move_forward
[INFO] [1777619113.573881292] [robot_1.robot_supervisor]: Selected controllable event: EV_move_forward
[INFO] [1777619113.874050333] [robot_1.robot_supervisor]: Selected controllable event: EV_move_forward
[INFO] [1777619114.173669202] [robot_1.robot_supervisor]: Selected controllable event: EV_move_forward
[INFO] [1777619114.473875303] [robot_1.robot_supervisor]: Selected controllable event: EV_move_forward
[INFO] [1777619114.773842248] [robot_1.robot_supervisor]: Selected controllable event: EV_move_forward
[INFO] [1777619115.073931631] [robot_1.robot_supervisor]: Selected controllable event: EV_move_forward
[INFO] [1777619115.373830872] [robot_1.robot_supervisor]: Selected controllable event: EV_move_forward
[INFO] [1777619115.673385139] [robot_1.robot_supervisor]: Selected controllable event: EV_move_forward
[INFO] [1777619115.973784514] [robot_1.robot_supervisor]: Selected controllable event: EV_move_forward
[INFO] [1777619116.273876357] [robot_1.robot_supervisor]: Selected controllable event: EV_move_forward
[INFO] [1777619116.573653120] [robot_1.robot_supervisor]: Selected controllable event: EV_move_forward
[INFO] [1777619116.873763956] [robot_1.robot_supervisor]: Selected controllable event: EV_move_forward
[INFO] [1777619117.173865454] [robot_1.robot_supervisor]: Selected controllable event: EV_move_forward
[INFO] [1777619117.473922066] [robot_1.robot_supervisor]: Selected controllable event: EV_move_forward
[INFO] [1777619117.773597384] [robot_1.robot_supervisor]: Selected controllable event: EV_move_forward
[INFO] [1777619118.073504798] [robot_1.robot_supervisor]: Selected controllable event: EV_move_forward
[INFO] [1777619118.212456396] [robot_1.robot_supervisor]: Detected zone changed to CORNER
[INFO] [1777619118.373568467] [robot_1.robot_supervisor]: Selected controllable event: EV_move_backward
[INFO] [1777619118.773837618] [robot_1.robot_supervisor]: Selected controllable event: EV_rotate_counterclockwise
[INFO] [1777619120.915811074] [robot_1.robot_supervisor]: Detected zone changed to RIGHT
[INFO] [1777619121.073959395] [robot_1.robot_supervisor]: Selected controllable event: EV_rotate_counterclockwise
[INFO] [1777619121.074414833] [robot_1.robot_supervisor]: rotate_90 blocked by recent completion; stopping this tick
[INFO] [1777619121.173947586] [robot_1.robot_supervisor]: Selected controllable event: EV_rotate_counterclockwise
[INFO] [1777619121.174385422] [robot_1.robot_supervisor]: rotate_90 blocked by recent completion; stopping this tick
[INFO] [1777619121.273977770] [robot_1.robot_supervisor]: Selected controllable event: EV_rotate_counterclockwise
[INFO] [1777619121.274421316] [robot_1.robot_supervisor]: rotate_90 blocked by recent completion; stopping this tick
[INFO] [1777619121.373968072] [robot_1.robot_supervisor]: Selected controllable event: EV_rotate_counterclockwise
[INFO] [1777619123.773591321] [robot_1.robot_supervisor]: Selected controllable event: EV_rotate_counterclockwise
[INFO] [1777619123.773818356] [robot_1.robot_supervisor]: rotate_90 blocked by recent completion; stopping this tick
[INFO] [1777619123.874430004] [robot_1.robot_supervisor]: Selected controllable event: EV_rotate_counterclockwise
[INFO] [1777619123.875048560] [robot_1.robot_supervisor]: rotate_90 blocked by recent completion; stopping this tick
[INFO] [1777619123.973862680] [robot_1.robot_supervisor]: Selected controllable event: EV_rotate_counterclockwise
[INFO] [1777619126.295528705] [robot_1.robot_supervisor]: Detected zone changed to CORNER
[INFO] [1777619126.373453348] [robot_1.robot_supervisor]: Selected controllable event: EV_move_backward
[INFO] [1777619126.773424882] [robot_1.robot_supervisor]: Selected controllable event: EV_rotate_counterclockwise
[INFO] [1777619129.073905880] [robot_1.robot_supervisor]: Selected controllable event: EV_full_rotate
[INFO] [1777619129.074520164] [robot_1.robot_supervisor]: Starting FULL ROTATE (omega=1.000, have_odom=True, target_rad=3.142, timeout_s=3.500)
[INFO] [1777619129.173713564] [robot_1.robot_supervisor]: FULL ROTATE active (accum_rad=0.000, timed_fallback=False, stall_count=0)
[INFO] [1777619129.273901185] [robot_1.robot_supervisor]: FULL ROTATE active (accum_rad=0.006, timed_fallback=False, stall_count=0)
[INFO] [1777619129.373903405] [robot_1.robot_supervisor]: FULL ROTATE active (accum_rad=0.041, timed_fallback=False, stall_count=0)
[INFO] [1777619129.473767407] [robot_1.robot_supervisor]: FULL ROTATE active (accum_rad=0.105, timed_fallback=False, stall_count=0)
[INFO] [1777619129.574005399] [robot_1.robot_supervisor]: FULL ROTATE active (accum_rad=0.198, timed_fallback=False, stall_count=0)
[INFO] [1777619129.674100707] [robot_1.robot_supervisor]: FULL ROTATE active (accum_rad=0.248, timed_fallback=False, stall_count=0)
[INFO] [1777619129.773743822] [robot_1.robot_supervisor]: FULL ROTATE active (accum_rad=0.348, timed_fallback=False, stall_count=0)
[INFO] [1777619129.873596005] [robot_1.robot_supervisor]: FULL ROTATE active (accum_rad=0.448, timed_fallback=False, stall_count=0)
[INFO] [1777619129.973491764] [robot_1.robot_supervisor]: FULL ROTATE active (accum_rad=0.548, timed_fallback=False, stall_count=0)
[INFO] [1777619130.073673615] [robot_1.robot_supervisor]: FULL ROTATE active (accum_rad=0.648, timed_fallback=False, stall_count=0)
[INFO] [1777619130.173599760] [robot_1.robot_supervisor]: FULL ROTATE active (accum_rad=0.748, timed_fallback=False, stall_count=0)
[INFO] [1777619130.273684129] [robot_1.robot_supervisor]: FULL ROTATE active (accum_rad=0.848, timed_fallback=False, stall_count=0)
[INFO] [1777619130.373404916] [robot_1.robot_supervisor]: FULL ROTATE active (accum_rad=0.948, timed_fallback=False, stall_count=0)
[INFO] [1777619130.473400965] [robot_1.robot_supervisor]: FULL ROTATE active (accum_rad=1.048, timed_fallback=False, stall_count=0)
[INFO] [1777619130.573411831] [robot_1.robot_supervisor]: FULL ROTATE active (accum_rad=1.148, timed_fallback=False, stall_count=0)
[INFO] [1777619130.673414439] [robot_1.robot_supervisor]: FULL ROTATE active (accum_rad=1.248, timed_fallback=False, stall_count=0)
[INFO] [1777619130.773784474] [robot_1.robot_supervisor]: FULL ROTATE active (accum_rad=1.298, timed_fallback=False, stall_count=0)
[INFO] [1777619130.873739118] [robot_1.robot_supervisor]: FULL ROTATE active (accum_rad=1.398, timed_fallback=False, stall_count=0)
[INFO] [1777619130.973628431] [robot_1.robot_supervisor]: FULL ROTATE active (accum_rad=1.498, timed_fallback=False, stall_count=0)
[INFO] [1777619131.073678738] [robot_1.robot_supervisor]: FULL ROTATE active (accum_rad=1.598, timed_fallback=False, stall_count=0)
[INFO] [1777619131.173645448] [robot_1.robot_supervisor]: FULL ROTATE active (accum_rad=1.698, timed_fallback=False, stall_count=0)
[INFO] [1777619131.273417758] [robot_1.robot_supervisor]: FULL ROTATE active (accum_rad=1.748, timed_fallback=False, stall_count=0)
[INFO] [1777619131.373384037] [robot_1.robot_supervisor]: FULL ROTATE active (accum_rad=1.848, timed_fallback=False, stall_count=0)
[INFO] [1777619131.473543023] [robot_1.robot_supervisor]: FULL ROTATE active (accum_rad=1.948, timed_fallback=False, stall_count=0)
[INFO] [1777619131.573451009] [robot_1.robot_supervisor]: FULL ROTATE active (accum_rad=2.048, timed_fallback=False, stall_count=0)
[INFO] [1777619131.673430658] [robot_1.robot_supervisor]: FULL ROTATE active (accum_rad=2.148, timed_fallback=False, stall_count=0)
[INFO] [1777619131.697384733] [robot_1.robot_supervisor]: Detected zone changed to CLEAR
[INFO] [1777619131.773751917] [robot_1.robot_supervisor]: FULL ROTATE active (accum_rad=2.248, timed_fallback=False, stall_count=0)
[INFO] [1777619131.873847323] [robot_1.robot_supervisor]: FULL ROTATE active (accum_rad=2.298, timed_fallback=False, stall_count=0)
[INFO] [1777619131.973423472] [robot_1.robot_supervisor]: FULL ROTATE active (accum_rad=2.398, timed_fallback=False, stall_count=0)
[INFO] [1777619132.073404312] [robot_1.robot_supervisor]: FULL ROTATE active (accum_rad=2.498, timed_fallback=False, stall_count=0)
[INFO] [1777619132.173667362] [robot_1.robot_supervisor]: FULL ROTATE active (accum_rad=2.598, timed_fallback=False, stall_count=0)
[INFO] [1777619132.273820728] [robot_1.robot_supervisor]: FULL ROTATE active (accum_rad=2.698, timed_fallback=False, stall_count=0)
[INFO] [1777619132.373481610] [robot_1.robot_supervisor]: FULL ROTATE active (accum_rad=2.748, timed_fallback=False, stall_count=0)
[INFO] [1777619132.473498137] [robot_1.robot_supervisor]: FULL ROTATE active (accum_rad=2.848, timed_fallback=False, stall_count=0)
[INFO] [1777619132.573565190] [robot_1.robot_supervisor]: FULL ROTATE active (accum_rad=2.948, timed_fallback=False, stall_count=0)
[INFO] [1777619132.673589300] [robot_1.robot_supervisor]: FULL ROTATE active (accum_rad=3.048, timed_fallback=False, stall_count=0)
[INFO] [1777619132.674049557] [robot_1.robot_supervisor]: FULL ROTATE completed by timeout
[INFO] [1777619132.674507274] [robot_1.robot_supervisor]: FULL ROTATE stopped; supervisor will select next event next tick
[INFO] [1777619132.974038358] [robot_1.robot_supervisor]: Selected controllable event: EV_move_forward
[INFO] [1777619133.273574784] [robot_1.robot_supervisor]: Selected controllable event: EV_move_forward
[INFO] [1777619133.573837523] [robot_1.robot_supervisor]: Selected controllable event: EV_move_forward
[INFO] [1777619133.873833672] [robot_1.robot_supervisor]: Selected controllable event: EV_move_forward
[INFO] [1777619134.173754326] [robot_1.robot_supervisor]: Selected controllable event: EV_move_forward
[INFO] [1777619134.473538969] [robot_1.robot_supervisor]: Selected controllable event: EV_move_forward
[INFO] [1777619134.773505912] [robot_1.robot_supervisor]: Selected controllable event: EV_move_forward
[INFO] [1777619135.073539527] [robot_1.robot_supervisor]: Selected controllable event: EV_move_forward
[INFO] [1777619135.373889380] [robot_1.robot_supervisor]: Selected controllable event: EV_move_forward
[INFO] [1777619135.673695964] [robot_1.robot_supervisor]: Selected controllable event: EV_move_forward
[INFO] [1777619135.973834129] [robot_1.robot_supervisor]: Selected controllable event: EV_move_forward
[INFO] [1777619136.274175550] [robot_1.robot_supervisor]: Selected controllable event: EV_move_forward
[INFO] [1777619136.573833926] [robot_1.robot_supervisor]: Selected controllable event: EV_move_forward
[INFO] [1777619136.873975187] [robot_1.robot_supervisor]: Selected controllable event: EV_move_forward
[INFO] [1777619137.162183789] [robot_1.robot_supervisor]: Detected zone changed to CORNER
[INFO] [1777619137.173697499] [robot_1.robot_supervisor]: Selected controllable event: EV_move_backward
[INFO] [1777619137.574109066] [robot_1.robot_supervisor]: Selected controllable event: EV_rotate_counterclockwise
[INFO] [1777619139.774244243] [robot_1.robot_supervisor]: Selected controllable event: EV_full_rotate
[INFO] [1777619139.775013323] [robot_1.robot_supervisor]: Starting FULL ROTATE (omega=1.000, have_odom=True, target_rad=3.142, timeout_s=3.500)
[INFO] [1777619139.820519645] [robot_1.robot_supervisor]: Detected zone changed to RIGHT
[INFO] [1777619139.873475966] [robot_1.robot_supervisor]: FULL ROTATE active (accum_rad=0.000, timed_fallback=False, stall_count=0)
[INFO] [1777619139.973744229] [robot_1.robot_supervisor]: FULL ROTATE active (accum_rad=0.007, timed_fallback=False, stall_count=0)
[INFO] [1777619140.073784485] [robot_1.robot_supervisor]: FULL ROTATE active (accum_rad=0.043, timed_fallback=False, stall_count=0)
[INFO] [1777619140.173993988] [robot_1.robot_supervisor]: FULL ROTATE active (accum_rad=0.108, timed_fallback=False, stall_count=0)
[INFO] [1777619140.273774778] [robot_1.robot_supervisor]: FULL ROTATE active (accum_rad=0.202, timed_fallback=False, stall_count=0)
[INFO] [1777619140.373835959] [robot_1.robot_supervisor]: FULL ROTATE active (accum_rad=0.302, timed_fallback=False, stall_count=0)
[INFO] [1777619140.473522298] [robot_1.robot_supervisor]: FULL ROTATE active (accum_rad=0.402, timed_fallback=False, stall_count=0)
[INFO] [1777619140.573714581] [robot_1.robot_supervisor]: FULL ROTATE active (accum_rad=0.452, timed_fallback=False, stall_count=0)
[INFO] [1777619140.673930345] [robot_1.robot_supervisor]: FULL ROTATE active (accum_rad=0.552, timed_fallback=False, stall_count=0)
[INFO] [1777619140.773764585] [robot_1.robot_supervisor]: FULL ROTATE active (accum_rad=0.652, timed_fallback=False, stall_count=0)
[INFO] [1777619140.873829954] [robot_1.robot_supervisor]: FULL ROTATE active (accum_rad=0.752, timed_fallback=False, stall_count=0)
[INFO] [1777619140.973721737] [robot_1.robot_supervisor]: FULL ROTATE active (accum_rad=0.852, timed_fallback=False, stall_count=0)
[INFO] [1777619141.073742530] [robot_1.robot_supervisor]: FULL ROTATE active (accum_rad=0.952, timed_fallback=False, stall_count=0)
[INFO] [1777619141.173754542] [robot_1.robot_supervisor]: FULL ROTATE active (accum_rad=1.052, timed_fallback=False, stall_count=0)
[INFO] [1777619141.273797677] [robot_1.robot_supervisor]: FULL ROTATE active (accum_rad=1.152, timed_fallback=False, stall_count=0)
[INFO] [1777619141.373754717] [robot_1.robot_supervisor]: FULL ROTATE active (accum_rad=1.252, timed_fallback=False, stall_count=0)
[INFO] [1777619141.473599359] [robot_1.robot_supervisor]: FULL ROTATE active (accum_rad=1.352, timed_fallback=False, stall_count=0)
[INFO] [1777619141.573800050] [robot_1.robot_supervisor]: FULL ROTATE active (accum_rad=1.402, timed_fallback=False, stall_count=0)
[INFO] [1777619141.673764700] [robot_1.robot_supervisor]: FULL ROTATE active (accum_rad=1.502, timed_fallback=False, stall_count=0)
[INFO] [1777619141.773901593] [robot_1.robot_supervisor]: FULL ROTATE active (accum_rad=1.602, timed_fallback=False, stall_count=0)
[INFO] [1777619141.873605239] [robot_1.robot_supervisor]: FULL ROTATE active (accum_rad=1.702, timed_fallback=False, stall_count=0)
[INFO] [1777619141.973650052] [robot_1.robot_supervisor]: FULL ROTATE active (accum_rad=1.802, timed_fallback=False, stall_count=0)
[INFO] [1777619142.073854998] [robot_1.robot_supervisor]: FULL ROTATE active (accum_rad=1.902, timed_fallback=False, stall_count=0)
[INFO] [1777619142.173502265] [robot_1.robot_supervisor]: FULL ROTATE active (accum_rad=1.952, timed_fallback=False, stall_count=0)
[INFO] [1777619142.274019172] [robot_1.robot_supervisor]: FULL ROTATE active (accum_rad=2.052, timed_fallback=False, stall_count=0)
[INFO] [1777619142.373746952] [robot_1.robot_supervisor]: FULL ROTATE active (accum_rad=2.152, timed_fallback=False, stall_count=0)
[INFO] [1777619142.473786104] [robot_1.robot_supervisor]: FULL ROTATE active (accum_rad=2.252, timed_fallback=False, stall_count=0)
[INFO] [1777619142.573718704] [robot_1.robot_supervisor]: FULL ROTATE active (accum_rad=2.352, timed_fallback=False, stall_count=0)
[INFO] [1777619142.673514483] [robot_1.robot_supervisor]: FULL ROTATE active (accum_rad=2.402, timed_fallback=False, stall_count=0)
[INFO] [1777619142.773510566] [robot_1.robot_supervisor]: FULL ROTATE active (accum_rad=2.502, timed_fallback=False, stall_count=0)
[INFO] [1777619142.873639373] [robot_1.robot_supervisor]: FULL ROTATE active (accum_rad=2.602, timed_fallback=False, stall_count=0)
[INFO] [1777619142.973687434] [robot_1.robot_supervisor]: FULL ROTATE active (accum_rad=2.702, timed_fallback=False, stall_count=0)
[INFO] [1777619143.073752743] [robot_1.robot_supervisor]: FULL ROTATE active (accum_rad=2.802, timed_fallback=False, stall_count=0)
[INFO] [1777619143.173726748] [robot_1.robot_supervisor]: FULL ROTATE active (accum_rad=2.902, timed_fallback=False, stall_count=0)
[INFO] [1777619143.273481889] [robot_1.robot_supervisor]: FULL ROTATE active (accum_rad=2.952, timed_fallback=False, stall_count=0)
[INFO] [1777619143.373484623] [robot_1.robot_supervisor]: FULL ROTATE active (accum_rad=3.052, timed_fallback=False, stall_count=0)
[INFO] [1777619143.373785450] [robot_1.robot_supervisor]: FULL ROTATE completed by timeout
[INFO] [1777619143.373995126] [robot_1.robot_supervisor]: FULL ROTATE stopped; supervisor will select next event next tick
[INFO] [1777619143.673877300] [robot_1.robot_supervisor]: Selected controllable event: EV_rotate_counterclockwise
[INFO] [1777619145.268266695] [robot_1.robot_supervisor]: Detected zone changed to CLEAR
[INFO] [1777619145.973691446] [robot_1.robot_supervisor]: Selected controllable event: EV_move_forward
[INFO] [1777619146.273730310] [robot_1.robot_supervisor]: Selected controllable event: EV_move_forward
[INFO] [1777619146.573709432] [robot_1.robot_supervisor]: Selected controllable event: EV_move_forward
[INFO] [1777619146.873850130] [robot_1.robot_supervisor]: Selected controllable event: EV_move_forward
[INFO] [1777619147.173765092] [robot_1.robot_supervisor]: Selected controllable event: EV_move_forward
[INFO] [1777619147.474806751] [robot_1.robot_supervisor]: Selected controllable event: EV_move_forward
[INFO] [1777619147.774786243] [robot_1.robot_supervisor]: Selected controllable event: EV_move_forward
[INFO] [1777619148.073501846] [robot_1.robot_supervisor]: Selected controllable event: EV_move_forward
[INFO] [1777619148.374233828] [robot_1.robot_supervisor]: Selected controllable event: EV_move_forward
[INFO] [1777619148.674205420] [robot_1.robot_supervisor]: Selected controllable event: EV_move_forward
[INFO] [1777619148.973512421] [robot_1.robot_supervisor]: Selected controllable event: EV_move_forward
[INFO] [1777619149.273871918] [robot_1.robot_supervisor]: Selected controllable event: EV_move_forward
[INFO] [1777619149.573503172] [robot_1.robot_supervisor]: Selected controllable event: EV_move_forward
[INFO] [1777619149.873693956] [robot_1.robot_supervisor]: Selected controllable event: EV_move_forward
[INFO] [1777619150.173644870] [robot_1.robot_supervisor]: Selected controllable event: EV_move_forward
[INFO] [1777619150.473861676] [robot_1.robot_supervisor]: Selected controllable event: EV_move_forward
[INFO] [1777619150.773922201] [robot_1.robot_supervisor]: Selected controllable event: EV_move_forward
[INFO] [1777619151.073931846] [robot_1.robot_supervisor]: Selected controllable event: EV_move_forward
[INFO] [1777619151.373996081] [robot_1.robot_supervisor]: Selected controllable event: EV_move_forward
[INFO] [1777619151.673612237] [robot_1.robot_supervisor]: Selected controllable event: EV_move_forward
[INFO] [1777619151.973863620] [robot_1.robot_supervisor]: Selected controllable event: EV_move_forward
[INFO] [1777619152.273594874] [robot_1.robot_supervisor]: Selected controllable event: EV_move_forward
[INFO] [1777619152.573494712] [robot_1.robot_supervisor]: Selected controllable event: EV_move_forward
[INFO] [1777619152.874035963] [robot_1.robot_supervisor]: Selected controllable event: EV_move_forward
[INFO] [1777619153.173716403] [robot_1.robot_supervisor]: Selected controllable event: EV_move_forward
[INFO] [1777619153.473828835] [robot_1.robot_supervisor]: Selected controllable event: EV_move_forward
[INFO] [1777619153.513871262] [robot_1.robot_supervisor]: Detected zone changed to CORNER
[INFO] [1777619153.773846240] [robot_1.robot_supervisor]: Selected controllable event: EV_move_backward
[INFO] [1777619154.173845909] [robot_1.robot_supervisor]: Selected controllable event: EV_rotate_counterclockwise
[INFO] [1777619156.249380825] [robot_1.robot_supervisor]: Detected zone changed to LEFT
[INFO] [1777619156.473521619] [robot_1.robot_supervisor]: Selected controllable event: EV_rotate_clockwise
[INFO] [1777619156.473751233] [robot_1.robot_supervisor]: rotate_90 blocked by recent completion; stopping this tick
[INFO] [1777619156.573849271] [robot_1.robot_supervisor]: Selected controllable event: EV_rotate_clockwise
[INFO] [1777619156.574233954] [robot_1.robot_supervisor]: rotate_90 blocked by recent completion; stopping this tick
[INFO] [1777619156.673508581] [robot_1.robot_supervisor]: Selected controllable event: EV_rotate_clockwise
[INFO] [1777619158.996463286] [robot_1.robot_supervisor]: Detected zone changed to CORNER
[INFO] [1777619159.073609295] [robot_1.robot_supervisor]: Selected controllable event: EV_move_backward
[INFO] [1777619159.473518309] [robot_1.robot_supervisor]: Selected controllable event: EV_rotate_counterclockwise
[INFO] [1777619161.700934050] [robot_1.robot_supervisor]: Detected zone changed to CLEAR
[INFO] [1777619161.874121232] [robot_1.robot_supervisor]: Selected controllable event: EV_move_forward
[INFO] [1777619162.173740952] [robot_1.robot_supervisor]: Selected controllable event: EV_move_forward
[INFO] [1777619162.473823845] [robot_1.robot_supervisor]: Selected controllable event: EV_move_forward
[INFO] [1777619162.773794980] [robot_1.robot_supervisor]: Selected controllable event: EV_move_forward
[INFO] [1777619163.073781894] [robot_1.robot_supervisor]: Selected controllable event: EV_move_forward
[INFO] [1777619163.373622092] [robot_1.robot_supervisor]: Selected controllable event: EV_move_forward
[INFO] [1777619163.673839681] [robot_1.robot_supervisor]: Selected controllable event: EV_move_forward
[INFO] [1777619163.974015872] [robot_1.robot_supervisor]: Selected controllable event: EV_move_forward
[INFO] [1777619164.274046699] [robot_1.robot_supervisor]: Selected controllable event: EV_move_forward
[INFO] [1777619164.573903327] [robot_1.robot_supervisor]: Selected controllable event: EV_move_forward
[INFO] [1777619164.873800744] [robot_1.robot_supervisor]: Selected controllable event: EV_move_forward
[INFO] [1777619165.173536660] [robot_1.robot_supervisor]: Selected controllable event: EV_move_forward
[INFO] [1777619165.473517985] [robot_1.robot_supervisor]: Selected controllable event: EV_move_forward
[INFO] [1777619165.773789893] [robot_1.robot_supervisor]: Selected controllable event: EV_move_forward
[INFO] [1777619166.074007951] [robot_1.robot_supervisor]: Selected controllable event: EV_move_forward
[INFO] [1777619166.374121838] [robot_1.robot_supervisor]: Selected controllable event: EV_move_forward
[INFO] [1777619166.673711560] [robot_1.robot_supervisor]: Selected controllable event: EV_move_forward
[INFO] [1777619166.974278187] [robot_1.robot_supervisor]: Selected controllable event: EV_move_forward
[INFO] [1777619167.274148721] [robot_1.robot_supervisor]: Selected controllable event: EV_move_forward
[INFO] [1777619167.573521996] [robot_1.robot_supervisor]: Selected controllable event: EV_move_forward
[INFO] [1777619167.873537568] [robot_1.robot_supervisor]: Selected controllable event: EV_move_forward
[INFO] [1777619168.173883574] [robot_1.robot_supervisor]: Selected controllable event: EV_move_forward
[INFO] [1777619168.473756254] [robot_1.robot_supervisor]: Selected controllable event: EV_move_forward
[INFO] [1777619168.774007506] [robot_1.robot_supervisor]: Selected controllable event: EV_move_forward
[INFO] [1777619169.073983750] [robot_1.robot_supervisor]: Selected controllable event: EV_move_forward
[INFO] [1777619169.374159008] [robot_1.robot_supervisor]: Selected controllable event: EV_move_forward
[INFO] [1777619169.673804111] [robot_1.robot_supervisor]: Selected controllable event: EV_move_forward
[INFO] [1777619169.858414841] [robot_1.robot_supervisor]: Detected zone changed to CORNER
[INFO] [1777619169.973558358] [robot_1.robot_supervisor]: Selected controllable event: EV_move_backward
[INFO] [1777619170.373729905] [robot_1.robot_supervisor]: Selected controllable event: EV_rotate_counterclockwise
[INFO] [1777619172.460691160] [robot_1.robot_supervisor]: Detected zone changed to RIGHT
[INFO] [1777619172.574018178] [robot_1.robot_supervisor]: Selected controllable event: EV_rotate_counterclockwise
[INFO] [1777619172.574260482] [robot_1.robot_supervisor]: rotate_90 blocked by recent completion; stopping this tick
[INFO] [1777619172.673507013] [robot_1.robot_supervisor]: Selected controllable event: EV_rotate_counterclockwise
[INFO] [1777619172.673723405] [robot_1.robot_supervisor]: rotate_90 blocked by recent completion; stopping this tick
[INFO] [1777619172.773720798] [robot_1.robot_supervisor]: Selected controllable event: EV_rotate_counterclockwise
[INFO] [1777619172.774074669] [robot_1.robot_supervisor]: rotate_90 blocked by recent completion; stopping this tick
[INFO] [1777619172.873603366] [robot_1.robot_supervisor]: Selected controllable event: EV_rotate_counterclockwise
[INFO] [1777619175.157235607] [robot_1.robot_supervisor]: Detected zone changed to LEFT
[INFO] [1777619175.173710709] [robot_1.robot_supervisor]: Selected controllable event: EV_rotate_clockwise
[INFO] [1777619175.174066259] [robot_1.robot_supervisor]: rotate_90 blocked by recent completion; stopping this tick
[INFO] [1777619175.273514274] [robot_1.robot_supervisor]: Selected controllable event: EV_rotate_clockwise
[INFO] [1777619175.273855934] [robot_1.robot_supervisor]: rotate_90 blocked by recent completion; stopping this tick
[INFO] [1777619175.373828294] [robot_1.robot_supervisor]: Selected controllable event: EV_rotate_clockwise
[INFO] [1777619175.374267471] [robot_1.robot_supervisor]: rotate_90 blocked by recent completion; stopping this tick
[INFO] [1777619175.473771577] [robot_1.robot_supervisor]: Selected controllable event: EV_rotate_clockwise
[INFO] [1777619177.673679542] [robot_1.robot_supervisor]: Selected controllable event: EV_rotate_clockwise
[INFO] [1777619177.674052429] [robot_1.robot_supervisor]: rotate_90 blocked by recent completion; stopping this tick
[INFO] [1777619177.773532588] [robot_1.robot_supervisor]: Selected controllable event: EV_rotate_clockwise
[INFO] [1777619177.773758443] [robot_1.robot_supervisor]: rotate_90 blocked by recent completion; stopping this tick
[INFO] [1777619177.873649777] [robot_1.robot_supervisor]: Selected controllable event: EV_rotate_clockwise
[INFO] [1777619177.873992287] [robot_1.robot_supervisor]: rotate_90 blocked by recent completion; stopping this tick
[INFO] [1777619177.973877675] [robot_1.robot_supervisor]: Selected controllable event: EV_rotate_clockwise
[INFO] [1777619180.173774544] [robot_1.robot_supervisor]: Selected controllable event: EV_rotate_clockwise
[INFO] [1777619180.174095063] [robot_1.robot_supervisor]: rotate_90 blocked by recent completion; stopping this tick
[INFO] [1777619180.273631194] [robot_1.robot_supervisor]: Selected controllable event: EV_rotate_clockwise
[INFO] [1777619180.273942037] [robot_1.robot_supervisor]: rotate_90 blocked by recent completion; stopping this tick
[INFO] [1777619180.373948163] [robot_1.robot_supervisor]: Selected controllable event: EV_rotate_clockwise
[INFO] [1777619180.374511753] [robot_1.robot_supervisor]: rotate_90 blocked by recent completion; stopping this tick
[INFO] [1777619180.473832500] [robot_1.robot_supervisor]: Selected controllable event: EV_rotate_clockwise
[INFO] [1777619180.476791721] [robot_1.robot_supervisor]: Detected zone changed to CORNER
[INFO] [1777619182.873714180] [robot_1.robot_supervisor]: Selected controllable event: EV_move_backward
[INFO] [1777619183.126670280] [robot_1.robot_supervisor]: Detected zone changed to LEFT
[INFO] [1777619183.273982314] [robot_1.robot_supervisor]: Selected controllable event: EV_rotate_counterclockwise
[INFO] [1777619185.473562612] [robot_1.robot_supervisor]: Selected controllable event: EV_rotate_clockwise
[INFO] [1777619185.473787771] [robot_1.robot_supervisor]: rotate_90 blocked by recent completion; stopping this tick
[INFO] [1777619185.573507730] [robot_1.robot_supervisor]: Selected controllable event: EV_rotate_clockwise
[INFO] [1777619185.573724527] [robot_1.robot_supervisor]: rotate_90 blocked by recent completion; stopping this tick
[INFO] [1777619185.673517250] [robot_1.robot_supervisor]: Selected controllable event: EV_rotate_clockwise
[INFO] [1777619185.673742087] [robot_1.robot_supervisor]: rotate_90 blocked by recent completion; stopping this tick
[INFO] [1777619185.773770202] [robot_1.robot_supervisor]: Selected controllable event: EV_rotate_clockwise
[INFO] [1777619185.777767517] [robot_1.robot_supervisor]: Detected zone changed to CORNER
[INFO] [1777619188.174086998] [robot_1.robot_supervisor]: Selected controllable event: EV_move_backward
[INFO] [1777619188.510441679] [robot_1.robot_supervisor]: Detected zone changed to LEFT
[INFO] [1777619188.573868125] [robot_1.robot_supervisor]: Selected controllable event: EV_rotate_counterclockwise
[INFO] [1777619191.075083741] [robot_1.robot_supervisor]: Selected controllable event: EV_rotate_clockwise
[INFO] [1777619191.076241169] [robot_1.robot_supervisor]: rotate_90 blocked by recent completion; stopping this tick
[INFO] [1777619191.174894532] [robot_1.robot_supervisor]: Selected controllable event: EV_rotate_clockwise
[INFO] [1777619191.176494529] [robot_1.robot_supervisor]: rotate_90 blocked by recent completion; stopping this tick
[INFO] [1777619191.274581128] [robot_1.robot_supervisor]: Selected controllable event: EV_rotate_clockwise
[INFO] [1777619191.612316914] [robot_1.robot_supervisor]: Detected zone changed to CORNER
[INFO] [1777619193.874852372] [robot_1.robot_supervisor]: Selected controllable event: EV_move_backward
[INFO] [1777619194.274639584] [robot_1.robot_supervisor]: Selected controllable event: EV_rotate_counterclockwise
[INFO] [1777619194.497858685] [robot_1.robot_supervisor]: Detected zone changed to LEFT
[INFO] [1777619196.874357970] [robot_1.robot_supervisor]: Selected controllable event: EV_rotate_clockwise
[INFO] [1777619196.875122209] [robot_1.robot_supervisor]: rotate_90 blocked by recent completion; stopping this tick
[INFO] [1777619196.974266432] [robot_1.robot_supervisor]: Selected controllable event: EV_rotate_clockwise
[INFO] [1777619196.974788162] [robot_1.robot_supervisor]: rotate_90 blocked by recent completion; stopping this tick
[INFO] [1777619197.074637127] [robot_1.robot_supervisor]: Selected controllable event: EV_rotate_clockwise
[INFO] [1777619197.472798630] [robot_1.robot_supervisor]: Detected zone changed to CORNER
[INFO] [1777619199.574644621] [robot_1.robot_supervisor]: Selected controllable event: EV_move_backward
[INFO] [1777619199.975013396] [robot_1.robot_supervisor]: Selected controllable event: EV_rotate_counterclockwise
[INFO] [1777619200.395667556] [robot_1.robot_supervisor]: Detected zone changed to LEFT
[INFO] [1777619202.473988537] [robot_1.robot_supervisor]: Selected controllable event: EV_rotate_clockwise
[INFO] [1777619202.474441186] [robot_1.robot_supervisor]: rotate_90 blocked by recent completion; stopping this tick
[INFO] [1777619202.573899541] [robot_1.robot_supervisor]: Selected controllable event: EV_rotate_clockwise
[INFO] [1777619202.574453209] [robot_1.robot_supervisor]: rotate_90 blocked by recent completion; stopping this tick
[INFO] [1777619202.673967509] [robot_1.robot_supervisor]: Selected controllable event: EV_rotate_clockwise
[INFO] [1777619203.438530198] [robot_1.robot_supervisor]: Detected zone changed to CORNER
[INFO] [1777619205.074345083] [robot_1.robot_supervisor]: Selected controllable event: EV_move_backward
[INFO] [1777619205.474388514] [robot_1.robot_supervisor]: Selected controllable event: EV_rotate_counterclockwise
[INFO] [1777619207.773846224] [robot_1.robot_supervisor]: Selected controllable event: EV_full_rotate
[INFO] [1777619207.774658283] [robot_1.robot_supervisor]: Starting FULL ROTATE (omega=1.000, have_odom=True, target_rad=3.142, timeout_s=3.500)
[INFO] [1777619207.873881751] [robot_1.robot_supervisor]: FULL ROTATE active (accum_rad=0.000, timed_fallback=False, stall_count=0)
[INFO] [1777619207.974118504] [robot_1.robot_supervisor]: FULL ROTATE active (accum_rad=0.019, timed_fallback=False, stall_count=0)
[INFO] [1777619208.074138765] [robot_1.robot_supervisor]: FULL ROTATE active (accum_rad=0.039, timed_fallback=False, stall_count=0)
[INFO] [1777619208.174003596] [robot_1.robot_supervisor]: FULL ROTATE active (accum_rad=0.102, timed_fallback=False, stall_count=0)
[INFO] [1777619208.274080523] [robot_1.robot_supervisor]: FULL ROTATE active (accum_rad=0.193, timed_fallback=False, stall_count=0)
[INFO] [1777619208.374062227] [robot_1.robot_supervisor]: FULL ROTATE active (accum_rad=0.293, timed_fallback=False, stall_count=0)
[INFO] [1777619208.473842809] [robot_1.robot_supervisor]: FULL ROTATE active (accum_rad=0.393, timed_fallback=False, stall_count=0)
[INFO] [1777619208.573784939] [robot_1.robot_supervisor]: FULL ROTATE active (accum_rad=0.443, timed_fallback=False, stall_count=0)
[INFO] [1777619208.673971048] [robot_1.robot_supervisor]: FULL ROTATE active (accum_rad=0.543, timed_fallback=False, stall_count=0)
[INFO] [1777619208.774092171] [robot_1.robot_supervisor]: FULL ROTATE active (accum_rad=0.643, timed_fallback=False, stall_count=0)
[INFO] [1777619208.873917965] [robot_1.robot_supervisor]: FULL ROTATE active (accum_rad=0.743, timed_fallback=False, stall_count=0)
[INFO] [1777619208.976581338] [robot_1.robot_supervisor]: FULL ROTATE active (accum_rad=0.843, timed_fallback=False, stall_count=0)
[INFO] [1777619209.073753763] [robot_1.robot_supervisor]: FULL ROTATE active (accum_rad=0.943, timed_fallback=False, stall_count=0)
[INFO] [1777619209.173878744] [robot_1.robot_supervisor]: FULL ROTATE active (accum_rad=0.993, timed_fallback=False, stall_count=0)
[INFO] [1777619209.273866724] [robot_1.robot_supervisor]: FULL ROTATE active (accum_rad=1.093, timed_fallback=False, stall_count=0)
[INFO] [1777619209.373592364] [robot_1.robot_supervisor]: FULL ROTATE active (accum_rad=1.193, timed_fallback=False, stall_count=0)
[INFO] [1777619209.473571767] [robot_1.robot_supervisor]: FULL ROTATE active (accum_rad=1.293, timed_fallback=False, stall_count=0)
[INFO] [1777619209.573719964] [robot_1.robot_supervisor]: FULL ROTATE active (accum_rad=1.393, timed_fallback=False, stall_count=0)
[INFO] [1777619209.673956660] [robot_1.robot_supervisor]: FULL ROTATE active (accum_rad=1.443, timed_fallback=False, stall_count=0)
[INFO] [1777619209.774051225] [robot_1.robot_supervisor]: FULL ROTATE active (accum_rad=1.493, timed_fallback=False, stall_count=0)
[INFO] [1777619209.873958425] [robot_1.robot_supervisor]: FULL ROTATE active (accum_rad=1.593, timed_fallback=False, stall_count=0)
[INFO] [1777619209.973790279] [robot_1.robot_supervisor]: FULL ROTATE active (accum_rad=1.693, timed_fallback=False, stall_count=0)
[INFO] [1777619210.074039854] [robot_1.robot_supervisor]: FULL ROTATE active (accum_rad=1.793, timed_fallback=False, stall_count=0)
[INFO] [1777619210.174143466] [robot_1.robot_supervisor]: FULL ROTATE active (accum_rad=1.893, timed_fallback=False, stall_count=0)
[INFO] [1777619210.274048337] [robot_1.robot_supervisor]: FULL ROTATE active (accum_rad=1.943, timed_fallback=False, stall_count=0)
[INFO] [1777619210.373852165] [robot_1.robot_supervisor]: FULL ROTATE active (accum_rad=2.043, timed_fallback=False, stall_count=0)
[INFO] [1777619210.474042331] [robot_1.robot_supervisor]: FULL ROTATE active (accum_rad=2.143, timed_fallback=False, stall_count=0)
[INFO] [1777619210.574025032] [robot_1.robot_supervisor]: FULL ROTATE active (accum_rad=2.243, timed_fallback=False, stall_count=0)
[INFO] [1777619210.674086130] [robot_1.robot_supervisor]: FULL ROTATE active (accum_rad=2.343, timed_fallback=False, stall_count=0)
[INFO] [1777619210.774396936] [robot_1.robot_supervisor]: FULL ROTATE active (accum_rad=2.443, timed_fallback=False, stall_count=0)
[INFO] [1777619210.874131104] [robot_1.robot_supervisor]: FULL ROTATE active (accum_rad=2.493, timed_fallback=False, stall_count=0)
[INFO] [1777619210.973754990] [robot_1.robot_supervisor]: FULL ROTATE active (accum_rad=2.593, timed_fallback=False, stall_count=0)
[INFO] [1777619211.074089594] [robot_1.robot_supervisor]: FULL ROTATE active (accum_rad=2.693, timed_fallback=False, stall_count=0)
[INFO] [1777619211.174057272] [robot_1.robot_supervisor]: FULL ROTATE active (accum_rad=2.793, timed_fallback=False, stall_count=0)
[INFO] [1777619211.274013730] [robot_1.robot_supervisor]: FULL ROTATE active (accum_rad=2.893, timed_fallback=False, stall_count=0)
[INFO] [1777619211.274702307] [robot_1.robot_supervisor]: FULL ROTATE completed by timeout
[INFO] [1777619211.275189169] [robot_1.robot_supervisor]: FULL ROTATE stopped; supervisor will select next event next tick
[INFO] [1777619211.673788635] [robot_1.robot_supervisor]: Selected controllable event: EV_move_backward
[INFO] [1777619211.814369517] [robot_1.robot_supervisor]: Detected zone changed to CLEAR
[INFO] [1777619212.074163018] [robot_1.robot_supervisor]: Selected controllable event: EV_rotate_counterclockwise
[INFO] [1777619214.473711524] [robot_1.robot_supervisor]: Selected controllable event: EV_move_forward
[INFO] [1777619214.773794562] [robot_1.robot_supervisor]: Selected controllable event: EV_move_forward
[INFO] [1777619215.073795706] [robot_1.robot_supervisor]: Selected controllable event: EV_move_forward
[INFO] [1777619215.374245243] [robot_1.robot_supervisor]: Selected controllable event: EV_move_forward
[INFO] [1777619215.674234976] [robot_1.robot_supervisor]: Selected controllable event: EV_move_forward
[INFO] [1777619215.974128141] [robot_1.robot_supervisor]: Selected controllable event: EV_move_forward
[INFO] [1777619216.274022455] [robot_1.robot_supervisor]: Selected controllable event: EV_move_forward
[INFO] [1777619216.573918865] [robot_1.robot_supervisor]: Selected controllable event: EV_move_forward
[INFO] [1777619216.874149694] [robot_1.robot_supervisor]: Selected controllable event: EV_move_forward
[INFO] [1777619217.173807064] [robot_1.robot_supervisor]: Selected controllable event: EV_move_forward
[INFO] [1777619217.378284404] [robot_1.robot_supervisor]: Detected zone changed to RIGHT
[INFO] [1777619217.473673782] [robot_1.robot_supervisor]: Selected controllable event: EV_rotate_counterclockwise
[INFO] [1777619219.774081547] [robot_1.robot_supervisor]: Selected controllable event: EV_rotate_counterclockwise
[INFO] [1777619219.774704225] [robot_1.robot_supervisor]: rotate_90 blocked by recent completion; stopping this tick
[INFO] [1777619219.873814469] [robot_1.robot_supervisor]: Selected controllable event: EV_rotate_counterclockwise
[INFO] [1777619219.874238393] [robot_1.robot_supervisor]: rotate_90 blocked by recent completion; stopping this tick
[INFO] [1777619219.973838054] [robot_1.robot_supervisor]: Selected controllable event: EV_rotate_counterclockwise
[INFO] [1777619219.974259908] [robot_1.robot_supervisor]: rotate_90 blocked by recent completion; stopping this tick
[INFO] [1777619220.074118902] [robot_1.robot_supervisor]: Selected controllable event: EV_rotate_counterclockwise
[INFO] [1777619220.202397904] [robot_1.robot_supervisor]: Detected zone changed to CORNER
[INFO] [1777619222.474137372] [robot_1.robot_supervisor]: Selected controllable event: EV_move_backward
[INFO] [1777619222.873935475] [robot_1.robot_supervisor]: Selected controllable event: EV_rotate_counterclockwise
[INFO] [1777619222.996108908] [robot_1.robot_supervisor]: Detected zone changed to RIGHT
[INFO] [1777619225.274070402] [robot_1.robot_supervisor]: Selected controllable event: EV_rotate_counterclockwise
[INFO] [1777619225.274644778] [robot_1.robot_supervisor]: rotate_90 blocked by recent completion; stopping this tick
[INFO] [1777619225.374157176] [robot_1.robot_supervisor]: Selected controllable event: EV_rotate_counterclockwise
[INFO] [1777619225.374735296] [robot_1.robot_supervisor]: rotate_90 blocked by recent completion; stopping this tick
[INFO] [1777619225.474169490] [robot_1.robot_supervisor]: Selected controllable event: EV_rotate_counterclockwise
[INFO] [1777619225.474873220] [robot_1.robot_supervisor]: rotate_90 blocked by recent completion; stopping this tick
[INFO] [1777619225.574077092] [robot_1.robot_supervisor]: Selected controllable event: EV_rotate_counterclockwise
[INFO] [1777619225.844196298] [robot_1.robot_supervisor]: Detected zone changed to CORNER
[INFO] [1777619227.973743335] [robot_1.robot_supervisor]: Selected controllable event: EV_move_backward
[INFO] [1777619228.374661192] [robot_1.robot_supervisor]: Selected controllable event: EV_rotate_counterclockwise
[INFO] [1777619228.716132166] [robot_1.robot_supervisor]: Detected zone changed to LEFT
[INFO] [1777619230.773921017] [robot_1.robot_supervisor]: Selected controllable event: EV_rotate_clockwise
[INFO] [1777619230.774382563] [robot_1.robot_supervisor]: rotate_90 blocked by recent completion; stopping this tick
[INFO] [1777619230.874134537] [robot_1.robot_supervisor]: Selected controllable event: EV_rotate_clockwise
[INFO] [1777619230.874839343] [robot_1.robot_supervisor]: rotate_90 blocked by recent completion; stopping this tick
[INFO] [1777619230.974357366] [robot_1.robot_supervisor]: Selected controllable event: EV_rotate_clockwise
[INFO] [1777619231.527987991] [robot_1.robot_supervisor]: Detected zone changed to CORNER
[INFO] [1777619233.273969811] [robot_1.robot_supervisor]: Selected controllable event: EV_move_backward
[INFO] [1777619233.673903540] [robot_1.robot_supervisor]: Selected controllable event: EV_rotate_counterclockwise
[INFO] [1777619234.314231922] [robot_1.robot_supervisor]: Detected zone changed to LEFT
[INFO] [1777619235.974005038] [robot_1.robot_supervisor]: Selected controllable event: EV_rotate_clockwise
[INFO] [1777619235.974450470] [robot_1.robot_supervisor]: rotate_90 blocked by recent completion; stopping this tick
[INFO] [1777619236.073989132] [robot_1.robot_supervisor]: Selected controllable event: EV_rotate_clockwise
[INFO] [1777619236.074592548] [robot_1.robot_supervisor]: rotate_90 blocked by recent completion; stopping this tick
[INFO] [1777619236.173913577] [robot_1.robot_supervisor]: Selected controllable event: EV_rotate_clockwise
[INFO] [1777619236.174342092] [robot_1.robot_supervisor]: rotate_90 blocked by recent completion; stopping this tick
[INFO] [1777619236.273731974] [robot_1.robot_supervisor]: Selected controllable event: EV_rotate_clockwise
[INFO] [1777619237.064286776] [robot_1.robot_supervisor]: Detected zone changed to CORNER
[INFO] [1777619238.773909032] [robot_1.robot_supervisor]: Selected controllable event: EV_move_backward
[INFO] [1777619239.174294809] [robot_1.robot_supervisor]: Selected controllable event: EV_rotate_counterclockwise
[INFO] [1777619239.892852797] [robot_1.robot_supervisor]: Detected zone changed to LEFT
[INFO] [1777619241.474286076] [robot_1.robot_supervisor]: Selected controllable event: EV_rotate_clockwise
[INFO] [1777619241.475024173] [robot_1.robot_supervisor]: rotate_90 blocked by recent completion; stopping this tick
[INFO] [1777619241.573852088] [robot_1.robot_supervisor]: Selected controllable event: EV_rotate_clockwise
[INFO] [1777619241.574331407] [robot_1.robot_supervisor]: rotate_90 blocked by recent completion; stopping this tick
[INFO] [1777619241.673787092] [robot_1.robot_supervisor]: Selected controllable event: EV_rotate_clockwise
[INFO] [1777619241.674190769] [robot_1.robot_supervisor]: rotate_90 blocked by recent completion; stopping this tick
[INFO] [1777619241.773823792] [robot_1.robot_supervisor]: Selected controllable event: EV_rotate_clockwise
[INFO] [1777619242.605640992] [robot_1.robot_supervisor]: Detected zone changed to CORNER
[INFO] [1777619244.174021594] [robot_1.robot_supervisor]: Selected controllable event: EV_move_backward
[INFO] [1777619244.573861955] [robot_1.robot_supervisor]: Selected controllable event: EV_rotate_counterclockwise
[INFO] [1777619245.335338278] [robot_1.robot_supervisor]: Detected zone changed to LEFT
[INFO] [1777619246.974094916] [robot_1.robot_supervisor]: Selected controllable event: EV_rotate_clockwise
[INFO] [1777619246.974695862] [robot_1.robot_supervisor]: rotate_90 blocked by recent completion; stopping this tick
[INFO] [1777619247.074230290] [robot_1.robot_supervisor]: Selected controllable event: EV_rotate_clockwise
[INFO] [1777619247.074823770] [robot_1.robot_supervisor]: rotate_90 blocked by recent completion; stopping this tick
[INFO] [1777619247.173753174] [robot_1.robot_supervisor]: Selected controllable event: EV_rotate_clockwise
[INFO] [1777619248.129455666] [robot_1.robot_supervisor]: Detected zone changed to CORNER
[INFO] [1777619249.574075224] [robot_1.robot_supervisor]: Selected controllable event: EV_move_backward
[INFO] [1777619249.974186361] [robot_1.robot_supervisor]: Selected controllable event: EV_rotate_counterclockwise
[INFO] [1777619250.933435477] [robot_1.robot_supervisor]: Detected zone changed to LEFT
[INFO] [1777619252.373854900] [robot_1.robot_supervisor]: Selected controllable event: EV_rotate_clockwise
[INFO] [1777619252.374290221] [robot_1.robot_supervisor]: rotate_90 blocked by recent completion; stopping this tick
[INFO] [1777619252.474243423] [robot_1.robot_supervisor]: Selected controllable event: EV_rotate_clockwise
[INFO] [1777619252.474871992] [robot_1.robot_supervisor]: rotate_90 blocked by recent completion; stopping this tick
[INFO] [1777619252.574300570] [robot_1.robot_supervisor]: Selected controllable event: EV_rotate_clockwise
[INFO] [1777619253.659246865] [robot_1.robot_supervisor]: Detected zone changed to CORNER
[INFO] [1777619254.973810485] [robot_1.robot_supervisor]: Selected controllable event: EV_move_backward
[INFO] [1777619255.374366112] [robot_1.robot_supervisor]: Selected controllable event: EV_rotate_counterclockwise
[INFO] [1777619257.773808251] [robot_1.robot_supervisor]: Selected controllable event: EV_full_rotate
[INFO] [1777619257.774248963] [robot_1.robot_supervisor]: Starting FULL ROTATE (omega=1.000, have_odom=True, target_rad=3.142, timeout_s=3.500)
[INFO] [1777619257.873968618] [robot_1.robot_supervisor]: FULL ROTATE active (accum_rad=0.000, timed_fallback=False, stall_count=0)
[INFO] [1777619257.973695681] [robot_1.robot_supervisor]: FULL ROTATE active (accum_rad=0.008, timed_fallback=False, stall_count=0)
[INFO] [1777619258.073890414] [robot_1.robot_supervisor]: FULL ROTATE active (accum_rad=0.046, timed_fallback=False, stall_count=0)
[INFO] [1777619258.173890448] [robot_1.robot_supervisor]: FULL ROTATE active (accum_rad=0.113, timed_fallback=False, stall_count=0)
[INFO] [1777619258.274155608] [robot_1.robot_supervisor]: FULL ROTATE active (accum_rad=0.158, timed_fallback=False, stall_count=0)
[INFO] [1777619258.373711213] [robot_1.robot_supervisor]: FULL ROTATE active (accum_rad=0.258, timed_fallback=False, stall_count=0)
[INFO] [1777619258.473638663] [robot_1.robot_supervisor]: FULL ROTATE active (accum_rad=0.358, timed_fallback=False, stall_count=0)
[INFO] [1777619258.573941132] [robot_1.robot_supervisor]: FULL ROTATE active (accum_rad=0.458, timed_fallback=False, stall_count=0)
[INFO] [1777619258.674039570] [robot_1.robot_supervisor]: FULL ROTATE active (accum_rad=0.558, timed_fallback=False, stall_count=0)
[INFO] [1777619258.773910583] [robot_1.robot_supervisor]: FULL ROTATE active (accum_rad=0.608, timed_fallback=False, stall_count=0)
[INFO] [1777619258.873971109] [robot_1.robot_supervisor]: FULL ROTATE active (accum_rad=0.708, timed_fallback=False, stall_count=0)
[INFO] [1777619258.973978957] [robot_1.robot_supervisor]: FULL ROTATE active (accum_rad=0.808, timed_fallback=False, stall_count=0)
[INFO] [1777619259.073989046] [robot_1.robot_supervisor]: FULL ROTATE active (accum_rad=0.908, timed_fallback=False, stall_count=0)
[INFO] [1777619259.173936796] [robot_1.robot_supervisor]: FULL ROTATE active (accum_rad=1.008, timed_fallback=False, stall_count=0)
[INFO] [1777619259.273705078] [robot_1.robot_supervisor]: FULL ROTATE active (accum_rad=1.108, timed_fallback=False, stall_count=0)
[INFO] [1777619259.373866419] [robot_1.robot_supervisor]: FULL ROTATE active (accum_rad=1.158, timed_fallback=False, stall_count=0)
[INFO] [1777619259.473721669] [robot_1.robot_supervisor]: FULL ROTATE active (accum_rad=1.258, timed_fallback=False, stall_count=0)
[INFO] [1777619259.573749821] [robot_1.robot_supervisor]: FULL ROTATE active (accum_rad=1.358, timed_fallback=False, stall_count=0)
[INFO] [1777619259.673982990] [robot_1.robot_supervisor]: FULL ROTATE active (accum_rad=1.458, timed_fallback=False, stall_count=0)
[INFO] [1777619259.774024477] [robot_1.robot_supervisor]: FULL ROTATE active (accum_rad=1.558, timed_fallback=False, stall_count=0)
[INFO] [1777619259.874011679] [robot_1.robot_supervisor]: FULL ROTATE active (accum_rad=1.608, timed_fallback=False, stall_count=0)
[INFO] [1777619259.974032526] [robot_1.robot_supervisor]: FULL ROTATE active (accum_rad=1.708, timed_fallback=False, stall_count=0)
[INFO] [1777619260.073952340] [robot_1.robot_supervisor]: FULL ROTATE active (accum_rad=1.808, timed_fallback=False, stall_count=0)
[INFO] [1777619260.173643575] [robot_1.robot_supervisor]: FULL ROTATE active (accum_rad=1.908, timed_fallback=False, stall_count=0)
[INFO] [1777619260.273766681] [robot_1.robot_supervisor]: FULL ROTATE active (accum_rad=2.008, timed_fallback=False, stall_count=0)
[INFO] [1777619260.373734276] [robot_1.robot_supervisor]: FULL ROTATE active (accum_rad=2.108, timed_fallback=False, stall_count=0)
[INFO] [1777619260.473982206] [robot_1.robot_supervisor]: FULL ROTATE active (accum_rad=2.158, timed_fallback=False, stall_count=0)
[INFO] [1777619260.573987512] [robot_1.robot_supervisor]: FULL ROTATE active (accum_rad=2.258, timed_fallback=False, stall_count=0)
[INFO] [1777619260.674039264] [robot_1.robot_supervisor]: FULL ROTATE active (accum_rad=2.358, timed_fallback=False, stall_count=0)
[INFO] [1777619260.774004591] [robot_1.robot_supervisor]: FULL ROTATE active (accum_rad=2.458, timed_fallback=False, stall_count=0)
[INFO] [1777619260.874092975] [robot_1.robot_supervisor]: FULL ROTATE active (accum_rad=2.558, timed_fallback=False, stall_count=0)
[INFO] [1777619260.974077321] [robot_1.robot_supervisor]: FULL ROTATE active (accum_rad=2.608, timed_fallback=False, stall_count=0)
[INFO] [1777619261.073805506] [robot_1.robot_supervisor]: FULL ROTATE active (accum_rad=2.708, timed_fallback=False, stall_count=0)
[INFO] [1777619261.173727159] [robot_1.robot_supervisor]: FULL ROTATE active (accum_rad=2.808, timed_fallback=False, stall_count=0)
[INFO] [1777619261.273749293] [robot_1.robot_supervisor]: FULL ROTATE active (accum_rad=2.908, timed_fallback=False, stall_count=0)
[INFO] [1777619261.274540186] [robot_1.robot_supervisor]: FULL ROTATE completed by timeout
[INFO] [1777619261.275376649] [robot_1.robot_supervisor]: FULL ROTATE stopped; supervisor will select next event next tick
[INFO] [1777619261.574053717] [robot_1.robot_supervisor]: Selected controllable event: EV_move_backward
[INFO] [1777619261.974213147] [robot_1.robot_supervisor]: Selected controllable event: EV_rotate_counterclockwise
[INFO] [1777619264.273960277] [robot_1.robot_supervisor]: Selected controllable event: EV_full_rotate
[INFO] [1777619264.274539692] [robot_1.robot_supervisor]: Starting FULL ROTATE (omega=1.000, have_odom=True, target_rad=3.142, timeout_s=3.500)
[INFO] [1777619264.374082983] [robot_1.robot_supervisor]: FULL ROTATE active (accum_rad=0.000, timed_fallback=False, stall_count=0)
[INFO] [1777619264.473994690] [robot_1.robot_supervisor]: FULL ROTATE active (accum_rad=0.033, timed_fallback=False, stall_count=0)
[INFO] [1777619264.574172367] [robot_1.robot_supervisor]: FULL ROTATE active (accum_rad=0.096, timed_fallback=False, stall_count=0)
[INFO] [1777619264.674107403] [robot_1.robot_supervisor]: FULL ROTATE active (accum_rad=0.187, timed_fallback=False, stall_count=0)
[INFO] [1777619264.694170982] [robot_1.robot_supervisor]: Detected zone changed to RIGHT
[INFO] [1777619264.774404219] [robot_1.robot_supervisor]: FULL ROTATE active (accum_rad=0.287, timed_fallback=False, stall_count=0)
[INFO] [1777619264.873821034] [robot_1.robot_supervisor]: FULL ROTATE active (accum_rad=0.337, timed_fallback=False, stall_count=0)
[INFO] [1777619264.973784249] [robot_1.robot_supervisor]: FULL ROTATE active (accum_rad=0.437, timed_fallback=False, stall_count=0)
[INFO] [1777619265.073881190] [robot_1.robot_supervisor]: FULL ROTATE active (accum_rad=0.537, timed_fallback=False, stall_count=0)
[INFO] [1777619265.173587890] [robot_1.robot_supervisor]: FULL ROTATE active (accum_rad=0.637, timed_fallback=False, stall_count=0)
[INFO] [1777619265.273972807] [robot_1.robot_supervisor]: FULL ROTATE active (accum_rad=0.737, timed_fallback=False, stall_count=0)
[INFO] [1777619265.373738253] [robot_1.robot_supervisor]: FULL ROTATE active (accum_rad=0.787, timed_fallback=False, stall_count=0)
[INFO] [1777619265.473719117] [robot_1.robot_supervisor]: FULL ROTATE active (accum_rad=0.837, timed_fallback=False, stall_count=0)
[INFO] [1777619265.573909270] [robot_1.robot_supervisor]: FULL ROTATE active (accum_rad=0.937, timed_fallback=False, stall_count=0)
[INFO] [1777619265.673725877] [robot_1.robot_supervisor]: FULL ROTATE active (accum_rad=1.037, timed_fallback=False, stall_count=0)
[INFO] [1777619265.773992677] [robot_1.robot_supervisor]: FULL ROTATE active (accum_rad=1.137, timed_fallback=False, stall_count=0)
[INFO] [1777619265.874118341] [robot_1.robot_supervisor]: FULL ROTATE active (accum_rad=1.237, timed_fallback=False, stall_count=0)
[INFO] [1777619265.973823604] [robot_1.robot_supervisor]: FULL ROTATE active (accum_rad=1.287, timed_fallback=False, stall_count=0)
[INFO] [1777619266.073716014] [robot_1.robot_supervisor]: FULL ROTATE active (accum_rad=1.387, timed_fallback=False, stall_count=0)
[INFO] [1777619266.174069822] [robot_1.robot_supervisor]: FULL ROTATE active (accum_rad=1.487, timed_fallback=False, stall_count=0)
[INFO] [1777619266.273787247] [robot_1.robot_supervisor]: FULL ROTATE active (accum_rad=1.587, timed_fallback=False, stall_count=0)
[INFO] [1777619266.373803498] [robot_1.robot_supervisor]: FULL ROTATE active (accum_rad=1.687, timed_fallback=False, stall_count=0)
[INFO] [1777619266.473757134] [robot_1.robot_supervisor]: FULL ROTATE active (accum_rad=1.787, timed_fallback=False, stall_count=0)
[INFO] [1777619266.573778757] [robot_1.robot_supervisor]: FULL ROTATE active (accum_rad=1.837, timed_fallback=False, stall_count=0)
[INFO] [1777619266.673764965] [robot_1.robot_supervisor]: FULL ROTATE active (accum_rad=1.937, timed_fallback=False, stall_count=0)
[INFO] [1777619266.773781771] [robot_1.robot_supervisor]: FULL ROTATE active (accum_rad=2.037, timed_fallback=False, stall_count=0)
[INFO] [1777619266.873773386] [robot_1.robot_supervisor]: FULL ROTATE active (accum_rad=2.137, timed_fallback=False, stall_count=0)
[INFO] [1777619266.974045821] [robot_1.robot_supervisor]: FULL ROTATE active (accum_rad=2.237, timed_fallback=False, stall_count=0)
[INFO] [1777619267.073986352] [robot_1.robot_supervisor]: FULL ROTATE active (accum_rad=2.287, timed_fallback=False, stall_count=0)
[INFO] [1777619267.173710489] [robot_1.robot_supervisor]: FULL ROTATE active (accum_rad=2.337, timed_fallback=False, stall_count=0)
[INFO] [1777619267.274092463] [robot_1.robot_supervisor]: FULL ROTATE active (accum_rad=2.437, timed_fallback=False, stall_count=0)
[INFO] [1777619267.374060803] [robot_1.robot_supervisor]: FULL ROTATE active (accum_rad=2.537, timed_fallback=False, stall_count=0)
[INFO] [1777619267.474118809] [robot_1.robot_supervisor]: FULL ROTATE active (accum_rad=2.637, timed_fallback=False, stall_count=0)
[INFO] [1777619267.524606304] [robot_1.robot_supervisor]: Detected zone changed to CORNER
[INFO] [1777619267.574024141] [robot_1.robot_supervisor]: FULL ROTATE active (accum_rad=2.737, timed_fallback=False, stall_count=0)
[INFO] [1777619267.673956276] [robot_1.robot_supervisor]: FULL ROTATE active (accum_rad=2.787, timed_fallback=False, stall_count=0)
[INFO] [1777619267.773908782] [robot_1.robot_supervisor]: FULL ROTATE active (accum_rad=2.887, timed_fallback=False, stall_count=0)
[INFO] [1777619267.774753957] [robot_1.robot_supervisor]: FULL ROTATE completed by timeout
[INFO] [1777619267.775476091] [robot_1.robot_supervisor]: FULL ROTATE stopped; supervisor will select next event next tick
[INFO] [1777619268.074103687] [robot_1.robot_supervisor]: Selected controllable event: EV_move_backward
[INFO] [1777619268.473908438] [robot_1.robot_supervisor]: Selected controllable event: EV_rotate_counterclockwise
[INFO] [1777619270.359446567] [robot_1.robot_supervisor]: Detected zone changed to LEFT
[INFO] [1777619270.874069500] [robot_1.robot_supervisor]: Selected controllable event: EV_rotate_clockwise
[INFO] [1777619270.874657727] [robot_1.robot_supervisor]: rotate_90 blocked by recent completion; stopping this tick
[INFO] [1777619270.974134328] [robot_1.robot_supervisor]: Selected controllable event: EV_rotate_clockwise
[INFO] [1777619270.974757105] [robot_1.robot_supervisor]: rotate_90 blocked by recent completion; stopping this tick
[INFO] [1777619271.074201901] [robot_1.robot_supervisor]: Selected controllable event: EV_rotate_clockwise
[INFO] [1777619273.103122419] [robot_1.robot_supervisor]: Detected zone changed to RIGHT
[INFO] [1777619273.473835835] [robot_1.robot_supervisor]: Selected controllable event: EV_rotate_counterclockwise
[INFO] [1777619273.474247445] [robot_1.robot_supervisor]: rotate_90 blocked by recent completion; stopping this tick
[INFO] [1777619273.574082947] [robot_1.robot_supervisor]: Selected controllable event: EV_rotate_counterclockwise
[INFO] [1777619273.574673711] [robot_1.robot_supervisor]: rotate_90 blocked by recent completion; stopping this tick
[INFO] [1777619273.674124398] [robot_1.robot_supervisor]: Selected controllable event: EV_rotate_counterclockwise
[INFO] [1777619275.812844680] [robot_1.robot_supervisor]: Detected zone changed to LEFT
[INFO] [1777619276.073772069] [robot_1.robot_supervisor]: Selected controllable event: EV_rotate_clockwise
[INFO] [1777619276.074161554] [robot_1.robot_supervisor]: rotate_90 blocked by recent completion; stopping this tick
[INFO] [1777619276.173786021] [robot_1.robot_supervisor]: Selected controllable event: EV_rotate_clockwise
[INFO] [1777619276.174177220] [robot_1.robot_supervisor]: rotate_90 blocked by recent completion; stopping this tick
[INFO] [1777619276.273679756] [robot_1.robot_supervisor]: Selected controllable event: EV_rotate_clockwise
[INFO] [1777619278.583671285] [robot_1.robot_supervisor]: Detected zone changed to RIGHT
[INFO] [1777619278.673835184] [robot_1.robot_supervisor]: Selected controllable event: EV_rotate_counterclockwise
[INFO] [1777619278.674281443] [robot_1.robot_supervisor]: rotate_90 blocked by recent completion; stopping this tick
[INFO] [1777619278.773812994] [robot_1.robot_s