Starting >>> leo_image
Starting >>> swarm_basics
Finished <<< leo_image [0.22s]
Finished <<< swarm_basics [0.58s]

Summary: 2 packages finished [1.44s]
[INFO] [launch]: All log files can be found below /home/ecem/.ros/log/2026-04-18-04-01-33-431981-ecem-pc-505697
[INFO] [launch]: Default logging verbosity is set to INFO
[INFO] [ign gazebo-1]: process started with pid [505761]
[INFO] [coverage_counter-2]: process started with pid [505763]
[INFO] [bump_counter-3]: process started with pid [505766]
[INFO] [parameter_bridge-4]: process started with pid [505768]
[INFO] [robot_state_publisher-5]: process started with pid [505770]
[INFO] [create-6]: process started with pid [505772]
[INFO] [robot_supervisor-7]: process started with pid [505775]
[INFO] [robot_state_publisher-8]: process started with pid [505778]
[INFO] [create-9]: process started with pid [505780]
[INFO] [robot_supervisor-10]: process started with pid [505782]
[INFO] [robot_state_publisher-11]: process started with pid [505784]
[INFO] [create-12]: process started with pid [505786]
[INFO] [robot_supervisor-13]: process started with pid [505788]
[INFO] [robot_state_publisher-14]: process started with pid [505791]
[INFO] [create-15]: process started with pid [505793]
[INFO] [robot_supervisor-16]: process started with pid [505795]
[INFO] [robot_state_publisher-17]: process started with pid [505797]
[INFO] [create-18]: process started with pid [505824]
[INFO] [robot_supervisor-19]: process started with pid [505836]
[INFO] [parameter_bridge-20]: process started with pid [505843]
[parameter_bridge-4] [ros_ign_bridge] is deprecated! Redirecting to use [ros_gz_bridge] instead!
[parameter_bridge-4] 
[create-12] [INFO] [1776477693.838052796] [robot_2.ros_gz_sim]: Requesting list of world names.
[create-9] [INFO] [1776477693.838955399] [robot_1.ros_gz_sim]: Requesting list of world names.
[create-6] [INFO] [1776477693.842607018] [robot_0.ros_gz_sim]: Requesting list of world names.
[create-15] [INFO] [1776477693.846985670] [robot_3.ros_gz_sim]: Requesting list of world names.
[create-18] [INFO] [1776477693.850821025] [robot_4.ros_gz_sim]: Requesting list of world names.
[robot_state_publisher-5] [INFO] [1776477693.851204113] [robot_0.robot_state_publisher]: got segment robot_0/antenna_link
[robot_state_publisher-5] [INFO] [1776477693.851309778] [robot_0.robot_state_publisher]: got segment robot_0/base_footprint
[robot_state_publisher-5] [INFO] [1776477693.851322747] [robot_0.robot_state_publisher]: got segment robot_0/base_link
[robot_state_publisher-5] [INFO] [1776477693.851332121] [robot_0.robot_state_publisher]: got segment robot_0/realsense_link
[robot_state_publisher-5] [INFO] [1776477693.851340137] [robot_0.robot_state_publisher]: got segment robot_0/rocker_L_link
[robot_state_publisher-5] [INFO] [1776477693.851348233] [robot_0.robot_state_publisher]: got segment robot_0/rocker_R_link
[robot_state_publisher-5] [INFO] [1776477693.851355721] [robot_0.robot_state_publisher]: got segment robot_0/wheel_FL_link
[robot_state_publisher-5] [INFO] [1776477693.851363472] [robot_0.robot_state_publisher]: got segment robot_0/wheel_FR_link
[robot_state_publisher-5] [INFO] [1776477693.851371105] [robot_0.robot_state_publisher]: got segment robot_0/wheel_RL_link
[robot_state_publisher-5] [INFO] [1776477693.851379104] [robot_0.robot_state_publisher]: got segment robot_0/wheel_RR_link
[robot_state_publisher-8] [INFO] [1776477693.854646115] [robot_1.robot_state_publisher]: got segment robot_1/antenna_link
[robot_state_publisher-8] [INFO] [1776477693.854706048] [robot_1.robot_state_publisher]: got segment robot_1/base_footprint
[robot_state_publisher-8] [INFO] [1776477693.854711469] [robot_1.robot_state_publisher]: got segment robot_1/base_link
[robot_state_publisher-8] [INFO] [1776477693.854714890] [robot_1.robot_state_publisher]: got segment robot_1/realsense_link
[robot_state_publisher-8] [INFO] [1776477693.854717892] [robot_1.robot_state_publisher]: got segment robot_1/rocker_L_link
[robot_state_publisher-8] [INFO] [1776477693.854720595] [robot_1.robot_state_publisher]: got segment robot_1/rocker_R_link
[robot_state_publisher-8] [INFO] [1776477693.854723262] [robot_1.robot_state_publisher]: got segment robot_1/wheel_FL_link
[robot_state_publisher-8] [INFO] [1776477693.854726066] [robot_1.robot_state_publisher]: got segment robot_1/wheel_FR_link
[robot_state_publisher-8] [INFO] [1776477693.854728626] [robot_1.robot_state_publisher]: got segment robot_1/wheel_RL_link
[robot_state_publisher-8] [INFO] [1776477693.854731301] [robot_1.robot_state_publisher]: got segment robot_1/wheel_RR_link
[robot_state_publisher-17] [INFO] [1776477693.860697637] [robot_4.robot_state_publisher]: got segment robot_4/antenna_link
[robot_state_publisher-17] [INFO] [1776477693.860778597] [robot_4.robot_state_publisher]: got segment robot_4/base_footprint
[robot_state_publisher-17] [INFO] [1776477693.860786924] [robot_4.robot_state_publisher]: got segment robot_4/base_link
[robot_state_publisher-17] [INFO] [1776477693.860792056] [robot_4.robot_state_publisher]: got segment robot_4/realsense_link
[robot_state_publisher-17] [INFO] [1776477693.860796445] [robot_4.robot_state_publisher]: got segment robot_4/rocker_L_link
[robot_state_publisher-17] [INFO] [1776477693.860801266] [robot_4.robot_state_publisher]: got segment robot_4/rocker_R_link
[robot_state_publisher-17] [INFO] [1776477693.860805259] [robot_4.robot_state_publisher]: got segment robot_4/wheel_FL_link
[robot_state_publisher-17] [INFO] [1776477693.860809288] [robot_4.robot_state_publisher]: got segment robot_4/wheel_FR_link
[robot_state_publisher-17] [INFO] [1776477693.860813596] [robot_4.robot_state_publisher]: got segment robot_4/wheel_RL_link
[robot_state_publisher-17] [INFO] [1776477693.860817700] [robot_4.robot_state_publisher]: got segment robot_4/wheel_RR_link
[robot_state_publisher-11] [INFO] [1776477693.862618712] [robot_2.robot_state_publisher]: got segment robot_2/antenna_link
[robot_state_publisher-11] [INFO] [1776477693.862721902] [robot_2.robot_state_publisher]: got segment robot_2/base_footprint
[robot_state_publisher-11] [INFO] [1776477693.862735395] [robot_2.robot_state_publisher]: got segment robot_2/base_link
[robot_state_publisher-11] [INFO] [1776477693.862745155] [robot_2.robot_state_publisher]: got segment robot_2/realsense_link
[robot_state_publisher-11] [INFO] [1776477693.862753062] [robot_2.robot_state_publisher]: got segment robot_2/rocker_L_link
[robot_state_publisher-11] [INFO] [1776477693.862760791] [robot_2.robot_state_publisher]: got segment robot_2/rocker_R_link
[robot_state_publisher-11] [INFO] [1776477693.862768057] [robot_2.robot_state_publisher]: got segment robot_2/wheel_FL_link
[robot_state_publisher-11] [INFO] [1776477693.862775385] [robot_2.robot_state_publisher]: got segment robot_2/wheel_FR_link
[robot_state_publisher-11] [INFO] [1776477693.862782601] [robot_2.robot_state_publisher]: got segment robot_2/wheel_RL_link
[robot_state_publisher-11] [INFO] [1776477693.862789819] [robot_2.robot_state_publisher]: got segment robot_2/wheel_RR_link
[parameter_bridge-4] [INFO] [1776477693.865492627] [all_robots_bridge]: Creating ROS->GZ Bridge: [/robot_0/cmd_vel (geometry_msgs/msg/Twist) -> /robot_0/cmd_vel (ignition.msgs.Twist)] (Lazy 0)
[parameter_bridge-4] [INFO] [1776477693.866345804] [all_robots_bridge]: Creating GZ->ROS Bridge: [/robot_0/odom (ignition.msgs.Odometry) -> /robot_0/odom (nav_msgs/msg/Odometry)] (Lazy 0)
[parameter_bridge-4] [INFO] [1776477693.866990533] [all_robots_bridge]: Creating GZ->ROS Bridge: [/robot_0/depth_camera/depth_image (ignition.msgs.Image) -> /robot_0/depth_camera/depth_image (sensor_msgs/msg/Image)] (Lazy 0)
[parameter_bridge-4] [INFO] [1776477693.867904996] [all_robots_bridge]: Creating GZ->ROS Bridge: [/world/random_world/model/robot_0/link/robot_0/base_footprint/sensor/contact_sensor/contact (ignition.msgs.Contacts) -> /world/random_world/model/robot_0/link/robot_0/base_footprint/sensor/contact_sensor/contact (ros_gz_interfaces/msg/Contacts)] (Lazy 0)
[parameter_bridge-4] [INFO] [1776477693.868774144] [all_robots_bridge]: Creating ROS->GZ Bridge: [/robot_1/cmd_vel (geometry_msgs/msg/Twist) -> /robot_1/cmd_vel (ignition.msgs.Twist)] (Lazy 0)
[parameter_bridge-4] [INFO] [1776477693.869115769] [all_robots_bridge]: Creating GZ->ROS Bridge: [/robot_1/odom (ignition.msgs.Odometry) -> /robot_1/odom (nav_msgs/msg/Odometry)] (Lazy 0)
[parameter_bridge-4] [INFO] [1776477693.869747986] [all_robots_bridge]: Creating GZ->ROS Bridge: [/robot_1/depth_camera/depth_image (ignition.msgs.Image) -> /robot_1/depth_camera/depth_image (sensor_msgs/msg/Image)] (Lazy 0)
[parameter_bridge-4] [INFO] [1776477693.870017845] [all_robots_bridge]: Creating GZ->ROS Bridge: [/world/random_world/model/robot_1/link/robot_1/base_footprint/sensor/contact_sensor/contact (ignition.msgs.Contacts) -> /world/random_world/model/robot_1/link/robot_1/base_footprint/sensor/contact_sensor/contact (ros_gz_interfaces/msg/Contacts)] (Lazy 0)
[parameter_bridge-4] [INFO] [1776477693.870355622] [all_robots_bridge]: Creating ROS->GZ Bridge: [/robot_2/cmd_vel (geometry_msgs/msg/Twist) -> /robot_2/cmd_vel (ignition.msgs.Twist)] (Lazy 0)
[parameter_bridge-4] [INFO] [1776477693.870581901] [all_robots_bridge]: Creating GZ->ROS Bridge: [/robot_2/odom (ignition.msgs.Odometry) -> /robot_2/odom (nav_msgs/msg/Odometry)] (Lazy 0)
[parameter_bridge-4] [INFO] [1776477693.871434132] [all_robots_bridge]: Creating GZ->ROS Bridge: [/robot_2/depth_camera/depth_image (ignition.msgs.Image) -> /robot_2/depth_camera/depth_image (sensor_msgs/msg/Image)] (Lazy 0)
[parameter_bridge-4] [INFO] [1776477693.872924774] [all_robots_bridge]: Creating GZ->ROS Bridge: [/world/random_world/model/robot_2/link/robot_2/base_footprint/sensor/contact_sensor/contact (ignition.msgs.Contacts) -> /world/random_world/model/robot_2/link/robot_2/base_footprint/sensor/contact_sensor/contact (ros_gz_interfaces/msg/Contacts)] (Lazy 0)
[parameter_bridge-4] [INFO] [1776477693.873983707] [all_robots_bridge]: Creating ROS->GZ Bridge: [/robot_3/cmd_vel (geometry_msgs/msg/Twist) -> /robot_3/cmd_vel (ignition.msgs.Twist)] (Lazy 0)
[parameter_bridge-4] [INFO] [1776477693.874423519] [all_robots_bridge]: Creating GZ->ROS Bridge: [/robot_3/odom (ignition.msgs.Odometry) -> /robot_3/odom (nav_msgs/msg/Odometry)] (Lazy 0)
[parameter_bridge-4] [INFO] [1776477693.874884121] [all_robots_bridge]: Creating GZ->ROS Bridge: [/robot_3/depth_camera/depth_image (ignition.msgs.Image) -> /robot_3/depth_camera/depth_image (sensor_msgs/msg/Image)] (Lazy 0)
[parameter_bridge-4] [INFO] [1776477693.875313784] [all_robots_bridge]: Creating GZ->ROS Bridge: [/world/random_world/model/robot_3/link/robot_3/base_footprint/sensor/contact_sensor/contact (ignition.msgs.Contacts) -> /world/random_world/model/robot_3/link/robot_3/base_footprint/sensor/contact_sensor/contact (ros_gz_interfaces/msg/Contacts)] (Lazy 0)
[parameter_bridge-4] [INFO] [1776477693.875823647] [all_robots_bridge]: Creating ROS->GZ Bridge: [/robot_4/cmd_vel (geometry_msgs/msg/Twist) -> /robot_4/cmd_vel (ignition.msgs.Twist)] (Lazy 0)
[parameter_bridge-4] [INFO] [1776477693.876188411] [all_robots_bridge]: Creating GZ->ROS Bridge: [/robot_4/odom (ignition.msgs.Odometry) -> /robot_4/odom (nav_msgs/msg/Odometry)] (Lazy 0)
[parameter_bridge-4] [INFO] [1776477693.877694016] [all_robots_bridge]: Creating GZ->ROS Bridge: [/robot_4/depth_camera/depth_image (ignition.msgs.Image) -> /robot_4/depth_camera/depth_image (sensor_msgs/msg/Image)] (Lazy 0)
[parameter_bridge-20] [INFO] [1776477693.877793269] [clock_bridge]: Creating GZ->ROS Bridge: [/clock (ignition.msgs.Clock) -> /clock (rosgraph_msgs/msg/Clock)] (Lazy 0)
[robot_state_publisher-14] [INFO] [1776477693.878400845] [robot_3.robot_state_publisher]: got segment robot_3/antenna_link
[parameter_bridge-4] [INFO] [1776477693.878480489] [all_robots_bridge]: Creating GZ->ROS Bridge: [/world/random_world/model/robot_4/link/robot_4/base_footprint/sensor/contact_sensor/contact (ignition.msgs.Contacts) -> /world/random_world/model/robot_4/link/robot_4/base_footprint/sensor/contact_sensor/contact (ros_gz_interfaces/msg/Contacts)] (Lazy 0)
[robot_state_publisher-14] [INFO] [1776477693.878600076] [robot_3.robot_state_publisher]: got segment robot_3/base_footprint
[robot_state_publisher-14] [INFO] [1776477693.878616323] [robot_3.robot_state_publisher]: got segment robot_3/base_link
[robot_state_publisher-14] [INFO] [1776477693.878626165] [robot_3.robot_state_publisher]: got segment robot_3/realsense_link
[robot_state_publisher-14] [INFO] [1776477693.878634260] [robot_3.robot_state_publisher]: got segment robot_3/rocker_L_link
[robot_state_publisher-14] [INFO] [1776477693.878642087] [robot_3.robot_state_publisher]: got segment robot_3/rocker_R_link
[robot_state_publisher-14] [INFO] [1776477693.878649514] [robot_3.robot_state_publisher]: got segment robot_3/wheel_FL_link
[robot_state_publisher-14] [INFO] [1776477693.878657046] [robot_3.robot_state_publisher]: got segment robot_3/wheel_FR_link
[robot_state_publisher-14] [INFO] [1776477693.878664653] [robot_3.robot_state_publisher]: got segment robot_3/wheel_RL_link
[robot_state_publisher-14] [INFO] [1776477693.878672010] [robot_3.robot_state_publisher]: got segment robot_3/wheel_RR_link
[parameter_bridge-4] [INFO] [1776477693.879686577] [all_robots_bridge]: Creating GZ->ROS Bridge: [/world/random_world/dynamic_pose/info (ignition.msgs.Pose_V) -> /world/random_world/dynamic_pose/info (tf2_msgs/msg/TFMessage)] (Lazy 0)
[robot_supervisor-13] [INFO] [1776477694.162638251] [robot_2.robot_supervisor]: Loaded initial mission 'explore' from explicit YAML explore_sup_gpt_vague_4_run_2_99.yaml
[robot_supervisor-19] [INFO] [1776477694.172891913] [robot_4.robot_supervisor]: Loaded initial mission 'explore' from explicit YAML explore_sup_gpt_vague_4_run_2_99.yaml
[bump_counter-3] [INFO] [1776477694.181930214] [bump_counter]: [global] global_mode=True cooldown(robot)=0.80s cooldown(obs)=0.50s Logging to /home/ecem/ros2_ws/src/Leo_sct/results_exp/explore/vague/prompt_4/run_2/middle_circle/trial_2/run_20260418_040133/bumps_global_040134.csv
[robot_supervisor-16] [INFO] [1776477694.190125808] [robot_3.robot_supervisor]: Loaded initial mission 'explore' from explicit YAML explore_sup_gpt_vague_4_run_2_99.yaml
[robot_supervisor-7] [INFO] [1776477694.192479227] [robot_0.robot_supervisor]: Loaded initial mission 'explore' from explicit YAML explore_sup_gpt_vague_4_run_2_99.yaml
[robot_supervisor-10] [INFO] [1776477694.221479737] [robot_1.robot_supervisor]: Loaded initial mission 'explore' from explicit YAML explore_sup_gpt_vague_4_run_2_99.yaml
[create-12] [INFO] [1776477694.267959397] [robot_2.ros_gz_sim]: Waiting messages on topic [/robot_2/robot_description].
[parameter_bridge-4] [INFO] [1776477694.268633873] [all_robots_bridge]: Passing message from ROS geometry_msgs/msg/Twist to Gazebo gz.msgs.Twist (showing msg only once per type)
[create-9] [INFO] [1776477694.367963521] [robot_1.ros_gz_sim]: Waiting messages on topic [/robot_1/robot_description].
[create-15] [INFO] [1776477694.468746280] [robot_3.ros_gz_sim]: Waiting messages on topic [/robot_3/robot_description].
[create-18] [INFO] [1776477694.569147750] [robot_4.ros_gz_sim]: Waiting messages on topic [/robot_4/robot_description].
[create-12] [INFO] [1776477694.668290979] [robot_2.ros_gz_sim]: Requested creation of entity.
[create-12] [INFO] [1776477694.668367922] [robot_2.ros_gz_sim]: OK creation of entity.
[create-15] [INFO] [1776477694.668383021] [robot_3.ros_gz_sim]: Requested creation of entity.
[create-15] [INFO] [1776477694.668440202] [robot_3.ros_gz_sim]: OK creation of entity.
[create-18] [INFO] [1776477694.668384172] [robot_4.ros_gz_sim]: Requested creation of entity.
[create-18] [INFO] [1776477694.668453897] [robot_4.ros_gz_sim]: OK creation of entity.
[create-9] [INFO] [1776477694.668419317] [robot_1.ros_gz_sim]: Requested creation of entity.
[create-9] [INFO] [1776477694.668466386] [robot_1.ros_gz_sim]: OK creation of entity.
[create-6] [INFO] [1776477694.669513535] [robot_0.ros_gz_sim]: Waiting messages on topic [/robot_0/robot_description].
[create-6] [INFO] [1776477694.673093903] [robot_0.ros_gz_sim]: Requested creation of entity.
[create-6] [INFO] [1776477694.673118852] [robot_0.ros_gz_sim]: OK creation of entity.
[INFO] [create-12]: process has finished cleanly [pid 505786]
[INFO] [create-15]: process has finished cleanly [pid 505793]
[INFO] [create-6]: process has finished cleanly [pid 505772]
[INFO] [create-18]: process has finished cleanly [pid 505824]
[INFO] [create-9]: process has finished cleanly [pid 505780]
[bump_counter-3] [INFO] [1776477695.240886490] [bump_counter]: [global] subscribed: /world/random_world/model/robot_0/link/robot_0/base_footprint/sensor/contact_sensor/contact
[bump_counter-3] [INFO] [1776477695.241908054] [bump_counter]: [global] subscribed: /world/random_world/model/robot_1/link/robot_1/base_footprint/sensor/contact_sensor/contact
[bump_counter-3] [INFO] [1776477695.242775198] [bump_counter]: [global] subscribed: /world/random_world/model/robot_2/link/robot_2/base_footprint/sensor/contact_sensor/contact
[bump_counter-3] [INFO] [1776477695.243508503] [bump_counter]: [global] subscribed: /world/random_world/model/robot_3/link/robot_3/base_footprint/sensor/contact_sensor/contact
[bump_counter-3] [INFO] [1776477695.244389013] [bump_counter]: [global] subscribed: /world/random_world/model/robot_4/link/robot_4/base_footprint/sensor/contact_sensor/contact
[INFO] [image_processor-21]: process started with pid [506158]
[INFO] [image_processor-22]: process started with pid [506160]
[INFO] [image_processor-23]: process started with pid [506162]
[INFO] [image_processor-24]: process started with pid [506164]
[INFO] [image_processor-25]: process started with pid [506166]
[image_processor-22] [INFO] [1776477695.875860732] [robot_1.image_processor]: image_processor: depth='/robot_1/depth_camera/depth_image' aruco_runtime=disabled
[image_processor-21] [INFO] [1776477695.876847355] [robot_0.image_processor]: image_processor: depth='/robot_0/depth_camera/depth_image' aruco_runtime=disabled
[image_processor-25] [INFO] [1776477695.884733004] [robot_4.image_processor]: image_processor: depth='/robot_4/depth_camera/depth_image' aruco_runtime=disabled
[image_processor-24] [INFO] [1776477695.892164306] [robot_3.image_processor]: image_processor: depth='/robot_3/depth_camera/depth_image' aruco_runtime=disabled
[image_processor-23] [INFO] [1776477695.892168955] [robot_2.image_processor]: image_processor: depth='/robot_2/depth_camera/depth_image' aruco_runtime=disabled
[image_processor-23] [INFO] [1776477699.209785232] [robot_2.image_processor]: Zone=CLEAR  left[p=1.875 near=0 v=7650]  front[p=2.263 near=0 v=12349]  right[p=1.628 near=0 v=7740]
[image_processor-24] [INFO] [1776477699.225145093] [robot_3.image_processor]: Zone=CLEAR  left[p=0.894 near=0 v=7620]  front[p=3.072 near=0 v=13297]  right[p=2.913 near=0 v=7740]
[image_processor-25] [INFO] [1776477699.233398845] [robot_4.image_processor]: Zone=CLEAR  left[p=2.299 near=0 v=7157]  front[p=2.450 near=0 v=13239]  right[p=3.007 near=0 v=7740]
[image_processor-21] [INFO] [1776477699.243571080] [robot_0.image_processor]: Zone=CLEAR  left[p=1.026 near=0 v=7650]  front[p=1.493 near=0 v=13500]  right[p=2.221 near=0 v=7740]
[image_processor-22] [INFO] [1776477699.318121604] [robot_1.image_processor]: Zone=CLEAR  left[p=3.007 near=0 v=7650]  front[p=3.426 near=0 v=13244]  right[p=2.532 near=0 v=7517]
[image_processor-23] [INFO] [1776477701.708125356] [robot_2.image_processor]: Zone=CLEAR
[image_processor-22] [INFO] [1776477701.716246240] [robot_1.image_processor]: Zone=CLEAR
[image_processor-24] [INFO] [1776477701.723243684] [robot_3.image_processor]: Zone=CLEAR
[image_processor-25] [INFO] [1776477701.733230865] [robot_4.image_processor]: Zone=CLEAR
[image_processor-21] [INFO] [1776477701.742534995] [robot_0.image_processor]: Zone=CLEAR
[image_processor-23] [INFO] [1776477704.205569472] [robot_2.image_processor]: Zone=CLEAR
[image_processor-22] [INFO] [1776477704.215369276] [robot_1.image_processor]: Zone=CLEAR
[image_processor-24] [INFO] [1776477704.225323799] [robot_3.image_processor]: Zone=CLEAR
[image_processor-25] [INFO] [1776477704.235246705] [robot_4.image_processor]: Zone=CLEAR
[image_processor-21] [INFO] [1776477704.244648033] [robot_0.image_processor]: Zone=CLEAR
[image_processor-23] [INFO] [1776477706.706822131] [robot_2.image_processor]: Zone=CLEAR
[image_processor-22] [INFO] [1776477706.714963683] [robot_1.image_processor]: Zone=CLEAR
[image_processor-24] [INFO] [1776477706.724806366] [robot_3.image_processor]: Zone=CLEAR
[image_processor-25] [INFO] [1776477706.734194550] [robot_4.image_processor]: Zone=CLEAR
[image_processor-21] [INFO] [1776477706.743095117] [robot_0.image_processor]: Zone=CLEAR
[image_processor-22] [INFO] [1776477709.217291938] [robot_1.image_processor]: Zone=CLEAR
[image_processor-24] [INFO] [1776477709.226906958] [robot_3.image_processor]: Zone=CLEAR
[image_processor-25] [INFO] [1776477709.234511980] [robot_4.image_processor]: Zone=CLEAR
[image_processor-21] [INFO] [1776477709.243636328] [robot_0.image_processor]: Zone=CLEAR
[image_processor-23] [INFO] [1776477709.309495019] [robot_2.image_processor]: Zone=CLEAR
[image_processor-23] [INFO] [1776477711.705900993] [robot_2.image_processor]: Zone=CLEAR
[image_processor-22] [INFO] [1776477711.713544554] [robot_1.image_processor]: Zone=CLEAR
[image_processor-24] [INFO] [1776477711.724018776] [robot_3.image_processor]: Zone=CLEAR
[image_processor-25] [INFO] [1776477711.733021877] [robot_4.image_processor]: Zone=CLEAR
[image_processor-21] [INFO] [1776477711.742797738] [robot_0.image_processor]: Zone=CLEAR
[image_processor-23] [INFO] [1776477714.206801735] [robot_2.image_processor]: Zone=CLEAR
[image_processor-22] [INFO] [1776477714.215679401] [robot_1.image_processor]: Zone=CLEAR
[image_processor-24] [INFO] [1776477714.226489258] [robot_3.image_processor]: Zone=CLEAR
[image_processor-25] [INFO] [1776477714.234368862] [robot_4.image_processor]: Zone=CLEAR
[image_processor-21] [INFO] [1776477714.245401610] [robot_0.image_processor]: Zone=CLEAR
[image_processor-23] [INFO] [1776477716.705867039] [robot_2.image_processor]: Zone=CLEAR
[image_processor-22] [INFO] [1776477716.714687537] [robot_1.image_processor]: Zone=CLEAR
[image_processor-24] [INFO] [1776477716.723133379] [robot_3.image_processor]: Zone=CLEAR
[image_processor-25] [INFO] [1776477716.731946199] [robot_4.image_processor]: Zone=CLEAR
[image_processor-21] [INFO] [1776477716.743809301] [robot_0.image_processor]: Zone=CLEAR
[image_processor-23] [INFO] [1776477719.206761294] [robot_2.image_processor]: Zone=CLEAR
[image_processor-22] [INFO] [1776477719.215997333] [robot_1.image_processor]: Zone=CLEAR
[image_processor-24] [INFO] [1776477719.225990766] [robot_3.image_processor]: Zone=CLEAR
[image_processor-25] [INFO] [1776477719.234473684] [robot_4.image_processor]: Zone=CLEAR
[image_processor-21] [INFO] [1776477719.244416272] [robot_0.image_processor]: Zone=CLEAR
[image_processor-22] [INFO] [1776477721.713341018] [robot_1.image_processor]: Zone=CLEAR
[image_processor-24] [INFO] [1776477721.722051532] [robot_3.image_processor]: Zone=CLEAR
[image_processor-25] [INFO] [1776477721.733151330] [robot_4.image_processor]: Zone=CLEAR
[image_processor-21] [INFO] [1776477721.743923231] [robot_0.image_processor]: Zone=CLEAR
[image_processor-23] [INFO] [1776477721.807879563] [robot_2.image_processor]: Zone=CLEAR
[image_processor-23] [INFO] [1776477724.210639900] [robot_2.image_processor]: Zone=CLEAR
[image_processor-22] [INFO] [1776477724.218120103] [robot_1.image_processor]: Zone=CLEAR
[image_processor-24] [INFO] [1776477724.227334589] [robot_3.image_processor]: Zone=CLEAR
[image_processor-25] [INFO] [1776477724.235297729] [robot_4.image_processor]: Zone=CLEAR
[image_processor-21] [INFO] [1776477724.244022114] [robot_0.image_processor]: Zone=CLEAR
[image_processor-23] [INFO] [1776477726.706979290] [robot_2.image_processor]: Zone=CLEAR
[image_processor-22] [INFO] [1776477726.715001267] [robot_1.image_processor]: Zone=CLEAR
[image_processor-24] [INFO] [1776477726.724884051] [robot_3.image_processor]: Zone=CLEAR
[image_processor-25] [INFO] [1776477726.732897920] [robot_4.image_processor]: Zone=CLEAR
[image_processor-21] [INFO] [1776477726.742018760] [robot_0.image_processor]: Zone=CLEAR
[image_processor-23] [INFO] [1776477729.210394228] [robot_2.image_processor]: Zone=CLEAR
[image_processor-22] [INFO] [1776477729.218039046] [robot_1.image_processor]: Zone=CLEAR
[image_processor-24] [INFO] [1776477729.226113495] [robot_3.image_processor]: Zone=CLEAR
[image_processor-25] [INFO] [1776477729.235647375] [robot_4.image_processor]: Zone=CLEAR
[image_processor-21] [INFO] [1776477729.244442006] [robot_0.image_processor]: Zone=CLEAR
[image_processor-22] [INFO] [1776477731.712843162] [robot_1.image_processor]: Zone=CLEAR
[image_processor-24] [INFO] [1776477731.722923504] [robot_3.image_processor]: Zone=CLEAR
[image_processor-25] [INFO] [1776477731.731420539] [robot_4.image_processor]: Zone=CLEAR
[image_processor-21] [INFO] [1776477731.739096105] [robot_0.image_processor]: Zone=CLEAR
[image_processor-23] [INFO] [1776477731.805787031] [robot_2.image_processor]: Zone=CLEAR
[image_processor-23] [INFO] [1776477734.207485999] [robot_2.image_processor]: Zone=CLEAR
[image_processor-22] [INFO] [1776477734.215977419] [robot_1.image_processor]: Zone=CLEAR
[image_processor-24] [INFO] [1776477734.224453475] [robot_3.image_processor]: Zone=CLEAR
[image_processor-25] [INFO] [1776477734.234422474] [robot_4.image_processor]: Zone=CLEAR
[image_processor-21] [INFO] [1776477734.243619272] [robot_0.image_processor]: Zone=CLEAR
[image_processor-23] [INFO] [1776477736.707963272] [robot_2.image_processor]: Zone=CLEAR
[image_processor-22] [INFO] [1776477736.717777892] [robot_1.image_processor]: Zone=CLEAR
[image_processor-24] [INFO] [1776477736.727770336] [robot_3.image_processor]: Zone=CLEAR
[image_processor-25] [INFO] [1776477736.738118079] [robot_4.image_processor]: Zone=CLEAR
[image_processor-21] [INFO] [1776477736.747150600] [robot_0.image_processor]: Zone=CLEAR
[image_processor-23] [INFO] [1776477739.204881911] [robot_2.image_processor]: Zone=CLEAR
[image_processor-22] [INFO] [1776477739.214101471] [robot_1.image_processor]: Zone=CLEAR
[image_processor-25] [INFO] [1776477739.231250066] [robot_4.image_processor]: Zone=CLEAR
[image_processor-21] [INFO] [1776477739.238633899] [robot_0.image_processor]: Zone=CLEAR
[image_processor-24] [INFO] [1776477739.323850021] [robot_3.image_processor]: Zone=CLEAR
[image_processor-23] [INFO] [1776477741.707819573] [robot_2.image_processor]: Zone=CLEAR
[image_processor-22] [INFO] [1776477741.718639400] [robot_1.image_processor]: Zone=CLEAR
[image_processor-24] [INFO] [1776477741.727826067] [robot_3.image_processor]: Zone=CLEAR
[image_processor-25] [INFO] [1776477741.738063564] [robot_4.image_processor]: Zone=CLEAR
[image_processor-21] [INFO] [1776477741.846246825] [robot_0.image_processor]: Zone=CLEAR
[image_processor-23] [INFO] [1776477744.205382504] [robot_2.image_processor]: Zone=CLEAR
[image_processor-22] [INFO] [1776477744.214471693] [robot_1.image_processor]: Zone=CLEAR
[image_processor-24] [INFO] [1776477744.224131972] [robot_3.image_processor]: Zone=CLEAR
[image_processor-21] [INFO] [1776477744.241803970] [robot_0.image_processor]: Zone=CLEAR
[image_processor-25] [INFO] [1776477744.334055117] [robot_4.image_processor]: Zone=CLEAR
[image_processor-23] [INFO] [1776477746.706420916] [robot_2.image_processor]: Zone=CLEAR
[image_processor-22] [INFO] [1776477746.714988916] [robot_1.image_processor]: Zone=CLEAR
[image_processor-24] [INFO] [1776477746.723868893] [robot_3.image_processor]: Zone=CLEAR
[image_processor-25] [INFO] [1776477746.731984713] [robot_4.image_processor]: Zone=CLEAR
[image_processor-21] [INFO] [1776477746.741332490] [robot_0.image_processor]: Zone=CLEAR
[image_processor-23] [INFO] [1776477749.207470114] [robot_2.image_processor]: Zone=CLEAR
[image_processor-22] [INFO] [1776477749.214369320] [robot_1.image_processor]: Zone=CLEAR
[image_processor-24] [INFO] [1776477749.226099746] [robot_3.image_processor]: Zone=CLEAR
[image_processor-25] [INFO] [1776477749.234514753] [robot_4.image_processor]: Zone=CLEAR
[image_processor-21] [INFO] [1776477749.243118061] [robot_0.image_processor]: Zone=CLEAR
[image_processor-23] [INFO] [1776477751.707751887] [robot_2.image_processor]: Zone=CLEAR
[image_processor-22] [INFO] [1776477751.717941277] [robot_1.image_processor]: Zone=CLEAR
[image_processor-25] [INFO] [1776477751.735017176] [robot_4.image_processor]: Zone=CLEAR
[image_processor-21] [INFO] [1776477751.744183075] [robot_0.image_processor]: Zone=CLEAR
[image_processor-24] [INFO] [1776477751.827414480] [robot_3.image_processor]: Zone=CLEAR
[image_processor-23] [INFO] [1776477754.207230215] [robot_2.image_processor]: Zone=CLEAR
[image_processor-22] [INFO] [1776477754.215327329] [robot_1.image_processor]: Zone=CLEAR
[image_processor-24] [INFO] [1776477754.222901741] [robot_3.image_processor]: Zone=CLEAR
[image_processor-25] [INFO] [1776477754.232318905] [robot_4.image_processor]: Zone=CLEAR
[image_processor-21] [INFO] [1776477754.239864259] [robot_0.image_processor]: Zone=CLEAR
[image_processor-23] [INFO] [1776477756.708051543] [robot_2.image_processor]: Zone=CLEAR
[image_processor-22] [INFO] [1776477756.716341491] [robot_1.image_processor]: Zone=CLEAR
[image_processor-25] [INFO] [1776477756.732234457] [robot_4.image_processor]: Zone=CLEAR
[image_processor-21] [INFO] [1776477756.741044372] [robot_0.image_processor]: Zone=CLEAR
[image_processor-24] [INFO] [1776477756.825719771] [robot_3.image_processor]: Zone=CLEAR
[image_processor-23] [INFO] [1776477759.207883164] [robot_2.image_processor]: Zone=CLEAR
[image_processor-22] [INFO] [1776477759.216553285] [robot_1.image_processor]: Zone=CLEAR
[image_processor-24] [INFO] [1776477759.226454309] [robot_3.image_processor]: Zone=CLEAR
[image_processor-25] [INFO] [1776477759.235855904] [robot_4.image_processor]: Zone=CLEAR
[image_processor-21] [INFO] [1776477759.244717061] [robot_0.image_processor]: Zone=CLEAR
[image_processor-23] [INFO] [1776477761.707831902] [robot_2.image_processor]: Zone=CLEAR
[image_processor-24] [INFO] [1776477761.722177699] [robot_3.image_processor]: Zone=CLEAR
[image_processor-25] [INFO] [1776477761.731870316] [robot_4.image_processor]: Zone=CLEAR
[image_processor-21] [INFO] [1776477761.741449744] [robot_0.image_processor]: Zone=CLEAR
[image_processor-22] [INFO] [1776477761.816587137] [robot_1.image_processor]: Zone=CLEAR
[image_processor-22] [INFO] [1776477764.213399458] [robot_1.image_processor]: Zone=CLEAR
[image_processor-24] [INFO] [1776477764.223609128] [robot_3.image_processor]: Zone=CLEAR
[image_processor-25] [INFO] [1776477764.232730055] [robot_4.image_processor]: Zone=CLEAR
[image_processor-21] [INFO] [1776477764.241775422] [robot_0.image_processor]: Zone=CLEAR
[image_processor-23] [INFO] [1776477764.308838818] [robot_2.image_processor]: Zone=CLEAR
[image_processor-23] [INFO] [1776477766.705865868] [robot_2.image_processor]: Zone=CLEAR
[image_processor-22] [INFO] [1776477766.714342510] [robot_1.image_processor]: Zone=CLEAR
[image_processor-24] [INFO] [1776477766.724144453] [robot_3.image_processor]: Zone=CLEAR
[image_processor-25] [INFO] [1776477766.734272065] [robot_4.image_processor]: Zone=CLEAR
[image_processor-21] [INFO] [1776477766.743677309] [robot_0.image_processor]: Zone=CLEAR
[image_processor-23] [INFO] [1776477769.206292168] [robot_2.image_processor]: Zone=CLEAR
[image_processor-22] [INFO] [1776477769.215116952] [robot_1.image_processor]: Zone=CLEAR
[image_processor-24] [INFO] [1776477769.222928547] [robot_3.image_processor]: Zone=CLEAR
[image_processor-25] [INFO] [1776477769.232775507] [robot_4.image_processor]: Zone=CLEAR
[image_processor-21] [INFO] [1776477769.241281372] [robot_0.image_processor]: Zone=CLEAR
[image_processor-23] [INFO] [1776477771.705722425] [robot_2.image_processor]: Zone=CLEAR
[image_processor-22] [INFO] [1776477771.713647650] [robot_1.image_processor]: Zone=CLEAR
[image_processor-24] [INFO] [1776477771.724582689] [robot_3.image_processor]: Zone=CLEAR
[image_processor-25] [INFO] [1776477771.734426237] [robot_4.image_processor]: Zone=CLEAR
[image_processor-21] [INFO] [1776477771.743487860] [robot_0.image_processor]: Zone=CLEAR
[image_processor-23] [INFO] [1776477774.207565001] [robot_2.image_processor]: Zone=CLEAR
[image_processor-22] [INFO] [1776477774.219903416] [robot_1.image_processor]: Zone=CLEAR
[image_processor-24] [INFO] [1776477774.228265910] [robot_3.image_processor]: Zone=CLEAR
[image_processor-25] [INFO] [1776477774.236529643] [robot_4.image_processor]: Zone=CLEAR
[image_processor-21] [INFO] [1776477774.245563841] [robot_0.image_processor]: Zone=CLEAR
[image_processor-23] [INFO] [1776477776.707474236] [robot_2.image_processor]: Zone=CLEAR
[image_processor-22] [INFO] [1776477776.714787071] [robot_1.image_processor]: Zone=CLEAR
[image_processor-24] [INFO] [1776477776.723524720] [robot_3.image_processor]: Zone=CLEAR
[image_processor-21] [INFO] [1776477776.740204112] [robot_0.image_processor]: Zone=CLEAR
[image_processor-25] [INFO] [1776477776.832444342] [robot_4.image_processor]: Zone=CLEAR
[image_processor-23] [INFO] [1776477779.206178195] [robot_2.image_processor]: Zone=CLEAR
[image_processor-22] [INFO] [1776477779.214906445] [robot_1.image_processor]: Zone=CLEAR
[image_processor-24] [INFO] [1776477779.224374484] [robot_3.image_processor]: Zone=CLEAR
[image_processor-25] [INFO] [1776477779.232176019] [robot_4.image_processor]: Zone=CLEAR
[image_processor-21] [INFO] [1776477779.241241525] [robot_0.image_processor]: Zone=CLEAR
[image_processor-23] [INFO] [1776477781.704888327] [robot_2.image_processor]: Zone=CLEAR
[image_processor-22] [INFO] [1776477781.714782531] [robot_1.image_processor]: Zone=CLEAR
[image_processor-24] [INFO] [1776477781.722823597] [robot_3.image_processor]: Zone=CLEAR
[image_processor-25] [INFO] [1776477781.731355205] [robot_4.image_processor]: Zone=CLEAR
[image_processor-21] [INFO] [1776477781.740873207] [robot_0.image_processor]: Zone=CLEAR
[image_processor-22] [INFO] [1776477784.212506063] [robot_1.image_processor]: Zone=CLEAR
[image_processor-24] [INFO] [1776477784.220885675] [robot_3.image_processor]: Zone=CLEAR
[image_processor-25] [INFO] [1776477784.230716857] [robot_4.image_processor]: Zone=CLEAR
[image_processor-21] [INFO] [1776477784.240251597] [robot_0.image_processor]: Zone=CLEAR
[image_processor-23] [INFO] [1776477784.305136621] [robot_2.image_processor]: Zone=CLEAR
[image_processor-23] [INFO] [1776477786.707874572] [robot_2.image_processor]: Zone=CLEAR
[image_processor-22] [INFO] [1776477786.714686427] [robot_1.image_processor]: Zone=CLEAR
[image_processor-24] [INFO] [1776477786.723376133] [robot_3.image_processor]: Zone=CLEAR
[image_processor-21] [INFO] [1776477786.743088424] [robot_0.image_processor]: Zone=CLEAR
[image_processor-25] [INFO] [1776477786.834310859] [robot_4.image_processor]: Zone=CLEAR
[image_processor-23] [INFO] [1776477789.206983908] [robot_2.image_processor]: Zone=CLEAR
[image_processor-22] [INFO] [1776477789.216690188] [robot_1.image_processor]: Zone=CLEAR
[image_processor-24] [INFO] [1776477789.224992832] [robot_3.image_processor]: Zone=CLEAR
[image_processor-25] [INFO] [1776477789.234565983] [robot_4.image_processor]: Zone=CLEAR
[image_processor-21] [INFO] [1776477789.242787882] [robot_0.image_processor]: Zone=CLEAR
[image_processor-23] [INFO] [1776477791.707779898] [robot_2.image_processor]: Zone=CLEAR
[image_processor-22] [INFO] [1776477791.715538789] [robot_1.image_processor]: Zone=CLEAR
[image_processor-24] [INFO] [1776477791.724122950] [robot_3.image_processor]: Zone=CLEAR
[image_processor-25] [INFO] [1776477791.732526132] [robot_4.image_processor]: Zone=CLEAR
[image_processor-21] [INFO] [1776477791.741687025] [robot_0.image_processor]: Zone=CLEAR
[image_processor-22] [INFO] [1776477794.213495717] [robot_1.image_processor]: Zone=CLEAR
[image_processor-24] [INFO] [1776477794.223650823] [robot_3.image_processor]: Zone=CLEAR
[image_processor-25] [INFO] [1776477794.231784933] [robot_4.image_processor]: Zone=CLEAR
[image_processor-21] [INFO] [1776477794.241957506] [robot_0.image_processor]: Zone=CLEAR
[image_processor-23] [INFO] [1776477794.309197318] [robot_2.image_processor]: Zone=CLEAR
[image_processor-22] [INFO] [1776477796.717979077] [robot_1.image_processor]: Zone=CLEAR
[image_processor-25] [INFO] [1776477796.734826581] [robot_4.image_processor]: Zone=CLEAR
[image_processor-21] [INFO] [1776477796.742839425] [robot_0.image_processor]: Zone=CLEAR
[image_processor-23] [INFO] [1776477796.808558918] [robot_2.image_processor]: Zone=CLEAR
[image_processor-24] [INFO] [1776477796.827408920] [robot_3.image_processor]: Zone=CLEAR
[image_processor-23] [INFO] [1776477799.208332970] [robot_2.image_processor]: Zone=CLEAR
[image_processor-22] [INFO] [1776477799.221568818] [robot_1.image_processor]: Zone=CLEAR
[image_processor-24] [INFO] [1776477799.230799679] [robot_3.image_processor]: Zone=CLEAR
[image_processor-25] [INFO] [1776477799.239204512] [robot_4.image_processor]: Zone=CLEAR
[image_processor-21] [INFO] [1776477799.247734084] [robot_0.image_processor]: Zone=CLEAR
[image_processor-23] [INFO] [1776477801.706566737] [robot_2.image_processor]: Zone=CLEAR
[image_processor-22] [INFO] [1776477801.713237261] [robot_1.image_processor]: Zone=CLEAR
[image_processor-24] [INFO] [1776477801.722234218] [robot_3.image_processor]: Zone=CLEAR
[image_processor-25] [INFO] [1776477801.729871222] [robot_4.image_processor]: Zone=CLEAR
[image_processor-21] [INFO] [1776477801.740193254] [robot_0.image_processor]: Zone=CLEAR
[image_processor-23] [INFO] [1776477804.207448678] [robot_2.image_processor]: Zone=CLEAR
[image_processor-22] [INFO] [1776477804.214242681] [robot_1.image_processor]: Zone=CLEAR
[image_processor-24] [INFO] [1776477804.222725812] [robot_3.image_processor]: Zone=CLEAR
[image_processor-25] [INFO] [1776477804.232394353] [robot_4.image_processor]: Zone=CLEAR
[image_processor-21] [INFO] [1776477804.241615634] [robot_0.image_processor]: Zone=CLEAR
[image_processor-23] [INFO] [1776477806.706391831] [robot_2.image_processor]: Zone=CLEAR
[image_processor-22] [INFO] [1776477806.712784319] [robot_1.image_processor]: Zone=CLEAR
[image_processor-24] [INFO] [1776477806.722520588] [robot_3.image_processor]: Zone=CLEAR
[image_processor-25] [INFO] [1776477806.732694981] [robot_4.image_processor]: Zone=CLEAR
[image_processor-21] [INFO] [1776477806.841900554] [robot_0.image_processor]: Zone=CLEAR
[image_processor-23] [INFO] [1776477809.204809447] [robot_2.image_processor]: Zone=CLEAR
[image_processor-22] [INFO] [1776477809.213120633] [robot_1.image_processor]: Zone=CLEAR
[image_processor-24] [INFO] [1776477809.222654201] [robot_3.image_processor]: Zone=CLEAR
[image_processor-21] [INFO] [1776477809.240296345] [robot_0.image_processor]: Zone=CLEAR
[image_processor-25] [INFO] [1776477809.333722051] [robot_4.image_processor]: Zone=CLEAR
[image_processor-23] [INFO] [1776477811.705566052] [robot_2.image_processor]: Zone=CLEAR
[image_processor-22] [INFO] [1776477811.713761607] [robot_1.image_processor]: Zone=CLEAR
[image_processor-24] [INFO] [1776477811.723092831] [robot_3.image_processor]: Zone=CLEAR
[image_processor-25] [INFO] [1776477811.732172883] [robot_4.image_processor]: Zone=CLEAR
[image_processor-21] [INFO] [1776477811.744342256] [robot_0.image_processor]: Zone=CLEAR
[image_processor-22] [INFO] [1776477814.212698725] [robot_1.image_processor]: Zone=CLEAR
[image_processor-24] [INFO] [1776477814.220826784] [robot_3.image_processor]: Zone=CLEAR
[image_processor-25] [INFO] [1776477814.229166663] [robot_4.image_processor]: Zone=CLEAR
[image_processor-21] [INFO] [1776477814.237323136] [robot_0.image_processor]: Zone=CLEAR
[image_processor-23] [INFO] [1776477814.306968816] [robot_2.image_processor]: Zone=CLEAR
[image_processor-23] [INFO] [1776477816.711935598] [robot_2.image_processor]: Zone=CLEAR
[image_processor-22] [INFO] [1776477816.718898570] [robot_1.image_processor]: Zone=CLEAR
[image_processor-24] [INFO] [1776477816.728727140] [robot_3.image_processor]: Zone=CLEAR
[image_processor-25] [INFO] [1776477816.737171769] [robot_4.image_processor]: Zone=CLEAR
[image_processor-21] [INFO] [1776477816.745781697] [robot_0.image_processor]: Zone=CLEAR
[image_processor-23] [INFO] [1776477819.208593340] [robot_2.image_processor]: Zone=CLEAR
[image_processor-22] [INFO] [1776477819.218986865] [robot_1.image_processor]: Zone=CLEAR
[image_processor-24] [INFO] [1776477819.227027354] [robot_3.image_processor]: Zone=CLEAR
[image_processor-25] [INFO] [1776477819.236170490] [robot_4.image_processor]: Zone=CLEAR
[image_processor-21] [INFO] [1776477819.346182401] [robot_0.image_processor]: Zone=CLEAR
[image_processor-23] [INFO] [1776477821.706000022] [robot_2.image_processor]: Zone=CLEAR
[image_processor-24] [INFO] [1776477821.721123873] [robot_3.image_processor]: Zone=CLEAR
[image_processor-25] [INFO] [1776477821.729537273] [robot_4.image_processor]: Zone=CLEAR
[image_processor-21] [INFO] [1776477821.739701026] [robot_0.image_processor]: Zone=CLEAR
[image_processor-22] [INFO] [1776477821.814562744] [robot_1.image_processor]: Zone=CLEAR
[image_processor-23] [INFO] [1776477824.205155245] [robot_2.image_processor]: Zone=CLEAR
[image_processor-22] [INFO] [1776477824.214091690] [robot_1.image_processor]: Zone=CLEAR
[image_processor-24] [INFO] [1776477824.223131982] [robot_3.image_processor]: Zone=CLEAR
[image_processor-21] [INFO] [1776477824.239462886] [robot_0.image_processor]: Zone=CLEAR
[image_processor-25] [INFO] [1776477824.331716379] [robot_4.image_processor]: Zone=CLEAR
[image_processor-23] [INFO] [1776477826.706555664] [robot_2.image_processor]: Zone=CLEAR
[image_processor-22] [INFO] [1776477826.714017268] [robot_1.image_processor]: Zone=CLEAR
[image_processor-24] [INFO] [1776477826.723890209] [robot_3.image_processor]: Zone=CLEAR
[image_processor-25] [INFO] [1776477826.731726429] [robot_4.image_processor]: Zone=CLEAR
[image_processor-21] [INFO] [1776477826.740861378] [robot_0.image_processor]: Zone=CLEAR
[image_processor-23] [INFO] [1776477829.206432006] [robot_2.image_processor]: Zone=CLEAR
[image_processor-22] [INFO] [1776477829.216656443] [robot_1.image_processor]: Zone=CLEAR
[image_processor-24] [INFO] [1776477829.226188108] [robot_3.image_processor]: Zone=CLEAR
[image_processor-25] [INFO] [1776477829.234624652] [robot_4.image_processor]: Zone=CLEAR
[image_processor-21] [INFO] [1776477829.243984538] [robot_0.image_processor]: Zone=CLEAR
[image_processor-23] [INFO] [1776477831.706280205] [robot_2.image_processor]: Zone=CLEAR
[image_processor-22] [INFO] [1776477831.715523449] [robot_1.image_processor]: Zone=CLEAR
[image_processor-24] [INFO] [1776477831.724670001] [robot_3.image_processor]: Zone=CLEAR
[image_processor-21] [INFO] [1776477831.741712126] [robot_0.image_processor]: Zone=CLEAR
[image_processor-25] [INFO] [1776477831.834213375] [robot_4.image_processor]: Zone=CLEAR
[image_processor-23] [INFO] [1776477834.206182237] [robot_2.image_processor]: Zone=CLEAR
[image_processor-22] [INFO] [1776477834.214507417] [robot_1.image_processor]: Zone=CLEAR
[image_processor-24] [INFO] [1776477834.221730146] [robot_3.image_processor]: Zone=CLEAR
[image_processor-25] [INFO] [1776477834.230526561] [robot_4.image_processor]: Zone=CLEAR
[image_processor-21] [INFO] [1776477834.239330171] [robot_0.image_processor]: Zone=CLEAR
[image_processor-23] [INFO] [1776477836.706139730] [robot_2.image_processor]: Zone=CLEAR
[image_processor-22] [INFO] [1776477836.715465392] [robot_1.image_processor]: Zone=CLEAR
[image_processor-24] [INFO] [1776477836.726442264] [robot_3.image_processor]: Zone=CLEAR
[image_processor-25] [INFO] [1776477836.733828381] [robot_4.image_processor]: Zone=CLEAR
[image_processor-21] [INFO] [1776477836.743324378] [robot_0.image_processor]: Zone=CLEAR
[image_processor-23] [INFO] [1776477839.207194628] [robot_2.image_processor]: Zone=CLEAR
[image_processor-22] [INFO] [1776477839.215356999] [robot_1.image_processor]: Zone=CLEAR
[image_processor-24] [INFO] [1776477839.222971442] [robot_3.image_processor]: Zone=CLEAR
[image_processor-21] [INFO] [1776477839.240932390] [robot_0.image_processor]: Zone=CLEAR
[image_processor-25] [INFO] [1776477839.332287446] [robot_4.image_processor]: Zone=CLEAR
[image_processor-23] [INFO] [1776477841.706643754] [robot_2.image_processor]: Zone=CLEAR
[image_processor-22] [INFO] [1776477841.714377708] [robot_1.image_processor]: Zone=CLEAR
[image_processor-24] [INFO] [1776477841.722546825] [robot_3.image_processor]: Zone=CLEAR
[image_processor-25] [INFO] [1776477841.731347210] [robot_4.image_processor]: Zone=CLEAR
[image_processor-21] [INFO] [1776477841.738858696] [robot_0.image_processor]: Zone=CLEAR
[image_processor-22] [INFO] [1776477844.213991802] [robot_1.image_processor]: Zone=CLEAR
[image_processor-24] [INFO] [1776477844.222727193] [robot_3.image_processor]: Zone=CLEAR
[image_processor-25] [INFO] [1776477844.232617382] [robot_4.image_processor]: Zone=CLEAR
[image_processor-21] [INFO] [1776477844.242232751] [robot_0.image_processor]: Zone=CLEAR
[image_processor-23] [INFO] [1776477844.308168959] [robot_2.image_processor]: Zone=CLEAR
[image_processor-23] [INFO] [1776477846.707527165] [robot_2.image_processor]: Zone=CLEAR
[image_processor-22] [INFO] [1776477846.717400382] [robot_1.image_processor]: Zone=CLEAR
[image_processor-24] [INFO] [1776477846.726399113] [robot_3.image_processor]: Zone=CLEAR
[image_processor-25] [INFO] [1776477846.734347160] [robot_4.image_processor]: Zone=CLEAR
[image_processor-21] [INFO] [1776477846.744321742] [robot_0.image_processor]: Zone=CLEAR
[image_processor-23] [INFO] [1776477849.207960615] [robot_2.image_processor]: Zone=CLEAR
[image_processor-24] [INFO] [1776477849.222843170] [robot_3.image_processor]: Zone=CLEAR
[image_processor-25] [INFO] [1776477849.232255400] [robot_4.image_processor]: Zone=CLEAR
[image_processor-21] [INFO] [1776477849.240631482] [robot_0.image_processor]: Zone=CLEAR
[image_processor-22] [INFO] [1776477849.318058316] [robot_1.image_processor]: Zone=CLEAR
[image_processor-23] [INFO] [1776477851.706137733] [robot_2.image_processor]: Zone=CLEAR
[image_processor-22] [INFO] [1776477851.715563087] [robot_1.image_processor]: Zone=CLEAR
[image_processor-24] [INFO] [1776477851.721727727] [robot_3.image_processor]: Zone=CLEAR
[image_processor-25] [INFO] [1776477851.730326529] [robot_4.image_processor]: Zone=CLEAR
[image_processor-21] [INFO] [1776477851.841443959] [robot_0.image_processor]: Zone=CLEAR
[image_processor-23] [INFO] [1776477854.207324094] [robot_2.image_processor]: Zone=CLEAR
[image_processor-22] [INFO] [1776477854.215967368] [robot_1.image_processor]: Zone=CLEAR
[image_processor-25] [INFO] [1776477854.232515169] [robot_4.image_processor]: Zone=CLEAR
[image_processor-21] [INFO] [1776477854.242338773] [robot_0.image_processor]: Zone=CLEAR
[image_processor-24] [INFO] [1776477854.326033777] [robot_3.image_processor]: Zone=CLEAR
[image_processor-23] [INFO] [1776477856.706415538] [robot_2.image_processor]: Zone=CLEAR
[image_processor-22] [INFO] [1776477856.714715190] [robot_1.image_processor]: Zone=CLEAR
[image_processor-24] [INFO] [1776477856.722534715] [robot_3.image_processor]: Zone=CLEAR
[image_processor-25] [INFO] [1776477856.731614719] [robot_4.image_processor]: Zone=CLEAR
[image_processor-21] [INFO] [1776477856.739756645] [robot_0.image_processor]: Zone=CLEAR
[image_processor-22] [INFO] [1776477859.213936177] [robot_1.image_processor]: Zone=CLEAR
[image_processor-24] [INFO] [1776477859.222612594] [robot_3.image_processor]: Zone=CLEAR
[image_processor-25] [INFO] [1776477859.231023243] [robot_4.image_processor]: Zone=CLEAR
[image_processor-21] [INFO] [1776477859.239379002] [robot_0.image_processor]: Zone=CLEAR
[image_processor-23] [INFO] [1776477859.308552814] [robot_2.image_processor]: Zone=CLEAR
[image_processor-23] [INFO] [1776477861.706091237] [robot_2.image_processor]: Zone=CLEAR
[image_processor-22] [INFO] [1776477861.714734345] [robot_1.image_processor]: Zone=CLEAR
[image_processor-24] [INFO] [1776477861.721959924] [robot_3.image_processor]: Zone=CLEAR
[image_processor-21] [INFO] [1776477861.739289813] [robot_0.image_processor]: Zone=CLEAR
[image_processor-25] [INFO] [1776477861.833281705] [robot_4.image_processor]: Zone=CLEAR
[image_processor-23] [INFO] [1776477864.205625891] [robot_2.image_processor]: Zone=CLEAR
[image_processor-22] [INFO] [1776477864.214038754] [robot_1.image_processor]: Zone=CLEAR
[image_processor-24] [INFO] [1776477864.222458892] [robot_3.image_processor]: Zone=CLEAR
[image_processor-25] [INFO] [1776477864.230290291] [robot_4.image_processor]: Zone=CLEAR
[image_processor-21] [INFO] [1776477864.341427262] [robot_0.image_processor]: Zone=CLEAR
[image_processor-23] [INFO] [1776477866.706932351] [robot_2.image_processor]: Zone=CLEAR
[image_processor-22] [INFO] [1776477866.714352436] [robot_1.image_processor]: Zone=CLEAR
[image_processor-24] [INFO] [1776477866.723973424] [robot_3.image_processor]: Zone=CLEAR
[image_processor-25] [INFO] [1776477866.732288634] [robot_4.image_processor]: Zone=CLEAR
[image_processor-21] [INFO] [1776477866.741662418] [robot_0.image_processor]: Zone=CLEAR
[image_processor-23] [INFO] [1776477869.209277279] [robot_2.image_processor]: Zone=CLEAR
[image_processor-22] [INFO] [1776477869.216304154] [robot_1.image_processor]: Zone=CLEAR
[image_processor-24] [INFO] [1776477869.225634447] [robot_3.image_processor]: Zone=CLEAR
[image_processor-25] [INFO] [1776477869.234583554] [robot_4.image_processor]: Zone=CLEAR
[image_processor-21] [INFO] [1776477869.243690700] [robot_0.image_processor]: Zone=CLEAR
[image_processor-23] [INFO] [1776477871.706283439] [robot_2.image_processor]: Zone=CLEAR
[image_processor-22] [INFO] [1776477871.715279366] [robot_1.image_processor]: Zone=CLEAR
[image_processor-24] [INFO] [1776477871.723548233] [robot_3.image_processor]: Zone=CLEAR
[image_processor-25] [INFO] [1776477871.732542339] [robot_4.image_processor]: Zone=CLEAR
[image_processor-21] [INFO] [1776477871.741580557] [robot_0.image_processor]: Zone=CLEAR
[image_processor-23] [INFO] [1776477874.207150642] [robot_2.image_processor]: Zone=CLEAR
[image_processor-22] [INFO] [1776477874.215704353] [robot_1.image_processor]: Zone=CLEAR
[image_processor-24] [INFO] [1776477874.225886336] [robot_3.image_processor]: Zone=CLEAR
[image_processor-25] [INFO] [1776477874.234749310] [robot_4.image_processor]: Zone=CLEAR
[image_processor-21] [INFO] [1776477874.243702680] [robot_0.image_processor]: Zone=CLEAR
[image_processor-23] [INFO] [1776477876.707255282] [robot_2.image_processor]: Zone=CLEAR
[image_processor-22] [INFO] [1776477876.715985130] [robot_1.image_processor]: Zone=CLEAR
[image_processor-24] [INFO] [1776477876.724836806] [robot_3.image_processor]: Zone=CLEAR
[image_processor-25] [INFO] [1776477876.733402453] [robot_4.image_processor]: Zone=CLEAR
[image_processor-21] [INFO] [1776477876.740965015] [robot_0.image_processor]: Zone=CLEAR
[image_processor-22] [INFO] [1776477879.213498067] [robot_1.image_processor]: Zone=CLEAR
[image_processor-24] [INFO] [1776477879.221842553] [robot_3.image_processor]: Zone=CLEAR
[image_processor-25] [INFO] [1776477879.233953452] [robot_4.image_processor]: Zone=CLEAR
[image_processor-23] [INFO] [1776477879.306320404] [robot_2.image_processor]: Zone=CLEAR
[image_processor-21] [INFO] [1776477879.343237205] [robot_0.image_processor]: Zone=CLEAR
[image_processor-23] [INFO] [1776477881.706093568] [robot_2.image_processor]: Zone=CLEAR
[image_processor-22] [INFO] [1776477881.715021930] [robot_1.image_processor]: Zone=CLEAR
[image_processor-21] [INFO] [1776477881.741193685] [robot_0.image_processor]: Zone=CLEAR
[image_processor-24] [INFO] [1776477881.826551175] [robot_3.image_processor]: Zone=CLEAR
[image_processor-25] [INFO] [1776477881.834631580] [robot_4.image_processor]: Zone=CLEAR
[image_processor-23] [INFO] [1776477884.206030353] [robot_2.image_processor]: Zone=CLEAR
[image_processor-22] [INFO] [1776477884.214300988] [robot_1.image_processor]: Zone=CLEAR
[image_processor-24] [INFO] [1776477884.222543481] [robot_3.image_processor]: Zone=CLEAR
[image_processor-25] [INFO] [1776477884.230731089] [robot_4.image_processor]: Zone=CLEAR
[image_processor-21] [INFO] [1776477884.240885106] [robot_0.image_processor]: Zone=CLEAR
[image_processor-23] [INFO] [1776477886.710690038] [robot_2.image_processor]: Zone=CLEAR
[image_processor-22] [INFO] [1776477886.719565647] [robot_1.image_processor]: Zone=CLEAR
[image_processor-24] [INFO] [1776477886.727490294] [robot_3.image_processor]: Zone=CLEAR
[image_processor-25] [INFO] [1776477886.736262542] [robot_4.image_processor]: Zone=CLEAR
[image_processor-21] [INFO] [1776477886.744724983] [robot_0.image_processor]: Zone=CLEAR
[image_processor-23] [INFO] [1776477889.207967245] [robot_2.image_processor]: Zone=CLEAR
[image_processor-22] [INFO] [1776477889.216006710] [robot_1.image_processor]: Zone=CLEAR
[image_processor-24] [INFO] [1776477889.224711559] [robot_3.image_processor]: Zone=CLEAR
[image_processor-25] [INFO] [1776477889.232945513] [robot_4.image_processor]: Zone=CLEAR
[image_processor-21] [INFO] [1776477889.242376616] [robot_0.image_processor]: Zone=CLEAR
[image_processor-23] [INFO] [1776477891.706785838] [robot_2.image_processor]: Zone=CLEAR
[image_processor-22] [INFO] [1776477891.714536426] [robot_1.image_processor]: Zone=CLEAR
[image_processor-24] [INFO] [1776477891.726989372] [robot_3.image_processor]: Zone=CLEAR
[image_processor-25] [INFO] [1776477891.737382769] [robot_4.image_processor]: Zone=CLEAR
[image_processor-21] [INFO] [1776477891.847129435] [robot_0.image_processor]: Zone=CLEAR
[INFO] [image_processor-25]: sending signal 'SIGINT' to process[image_processor-25]
[ERROR] [ign gazebo-1]: process has died [pid 505761, exit code -15, cmd 'ruby /usr/bin/ign gazebo /home/ecem/ros2_ws/install/swarm_basics/share/swarm_basics/worlds/random_world.sdf -s -r --force-version 6'].
[ERROR] [parameter_bridge-4]: process has died [pid 505768, exit code -15, cmd '/opt/ros/humble/lib/ros_ign_bridge/parameter_bridge /robot_0/cmd_vel@geometry_msgs/msg/Twist]ignition.msgs.Twist /robot_0/odom@nav_msgs/msg/Odometry[ignition.msgs.Odometry /robot_0/depth_camera/depth_image@sensor_msgs/msg/Image[ignition.msgs.Image /world/random_world/model/robot_0/link/robot_0/base_footprint/sensor/contact_sensor/contact@ros_gz_interfaces/msg/Contacts[ignition.msgs.Contacts /robot_1/cmd_vel@geometry_msgs/msg/Twist]ignition.msgs.Twist /robot_1/odom@nav_msgs/msg/Odometry[ignition.msgs.Odometry /robot_1/depth_camera/depth_image@sensor_msgs/msg/Image[ignition.msgs.Image /world/random_world/model/robot_1/link/robot_1/base_footprint/sensor/contact_sensor/contact@ros_gz_interfaces/msg/Contacts[ignition.msgs.Contacts /robot_2/cmd_vel@geometry_msgs/msg/Twist]ignition.msgs.Twist /robot_2/odom@nav_msgs/msg/Odometry[ignition.msgs.Odometry /robot_2/depth_camera/depth_image@sensor_msgs/msg/Image[ignition.msgs.Image /world/random_world/model/robot_2/link/robot_2/base_footprint/sensor/contact_sensor/contact@ros_gz_interfaces/msg/Contacts[ignition.msgs.Contacts /robot_3/cmd_vel@geometry_msgs/msg/Twist]ignition.msgs.Twist /robot_3/odom@nav_msgs/msg/Odometry[ignition.msgs.Odometry /robot_3/depth_camera/depth_image@sensor_msgs/msg/Image[ignition.msgs.Image /world/random_world/model/robot_3/link/robot_3/base_footprint/sensor/contact_sensor/contact@ros_gz_interfaces/msg/Contacts[ignition.msgs.Contacts /robot_4/cmd_vel@geometry_msgs/msg/Twist]ignition.msgs.Twist /robot_4/odom@nav_msgs/msg/Odometry[ignition.msgs.Odometry /robot_4/depth_camera/depth_image@sensor_msgs/msg/Image[ignition.msgs.Image /world/random_world/model/robot_4/link/robot_4/base_footprint/sensor/contact_sensor/contact@ros_gz_interfaces/msg/Contacts[ignition.msgs.Contacts /world/random_world/dynamic_pose/info@tf2_msgs/msg/TFMessage[ignition.msgs.Pose_V --ros-args -r __node:=all_robots_bridge --params-file /tmp/launch_params_moosy0lg'].
[INFO] [parameter_bridge-20]: process has finished cleanly [pid 505843]
[INFO] [image_processor-24]: sending signal 'SIGINT' to process[image_processor-24]
[INFO] [bash-26]: process started with pid [506332]
[INFO] [image_processor-23]: sending signal 'SIGINT' to process[image_processor-23]
[INFO] [image_processor-22]: sending signal 'SIGINT' to process[image_processor-22]
[INFO] [image_processor-21]: sending signal 'SIGINT' to process[image_processor-21]
[INFO] [robot_supervisor-19]: sending signal 'SIGINT' to process[robot_supervisor-19]
[INFO] [robot_state_publisher-17]: sending signal 'SIGINT' to process[robot_state_publisher-17]
[INFO] [robot_supervisor-16]: sending signal 'SIGINT' to process[robot_supervisor-16]
[INFO] [robot_state_publisher-14]: sending signal 'SIGINT' to process[robot_state_publisher-14]
[INFO] [robot_supervisor-13]: sending signal 'SIGINT' to process[robot_supervisor-13]
[INFO] [robot_state_publisher-11]: sending signal 'SIGINT' to process[robot_state_publisher-11]
[INFO] [robot_supervisor-10]: sending signal 'SIGINT' to process[robot_supervisor-10]
[INFO] [robot_state_publisher-8]: sending signal 'SIGINT' to process[robot_state_publisher-8]
[ERROR] [bash-26]: process has died [pid 506332, exit code -15, cmd 'bash -lc pkill -f parameter_bridge || true'].
[INFO] [robot_supervisor-7]: sending signal 'SIGINT' to process[robot_supervisor-7]
[INFO] [robot_state_publisher-5]: sending signal 'SIGINT' to process[robot_state_publisher-5]
[INFO] [bump_counter-3]: sending signal 'SIGINT' to process[bump_counter-3]
[INFO] [coverage_counter-2]: sending signal 'SIGINT' to process[coverage_counter-2]
[parameter_bridge-4] [INFO] [1776477893.876337185] [rclcpp]: signal_handler(SIGINT/SIGTERM)
[parameter_bridge-20] [INFO] [1776477893.876337734] [rclcpp]: signal_handler(SIGINT/SIGTERM)
[INFO] [launch]: process[ign gazebo-1] was required: shutting down launched system
[image_processor-25] [INFO] [1776477894.551724880] [rclcpp]: signal_handler(SIGINT/SIGTERM)
[image_processor-24] [INFO] [1776477894.555202925] [rclcpp]: signal_handler(SIGINT/SIGTERM)
[image_processor-23] [INFO] [1776477894.558758057] [rclcpp]: signal_handler(SIGINT/SIGTERM)
[image_processor-22] [INFO] [1776477894.561223224] [rclcpp]: signal_handler(SIGINT/SIGTERM)
[image_processor-21] [INFO] [1776477894.563348266] [rclcpp]: signal_handler(SIGINT/SIGTERM)
[robot_supervisor-19] Traceback (most recent call last):
[robot_supervisor-19]   File "/home/ecem/ros2_ws/install/swarm_basics/lib/swarm_basics/robot_supervisor", line 33, in <module>
[robot_supervisor-19]     sys.exit(load_entry_point('swarm-basics==0.0.0', 'console_scripts', 'robot_supervisor')())
[robot_supervisor-19]   File "/home/ecem/ros2_ws/install/swarm_basics/lib/python3.10/site-packages/swarm_basics/robot_supervisor.py", line 867, in main
[robot_supervisor-19]     rclpy.spin(node)
[robot_supervisor-19]   File "/opt/ros/humble/local/lib/python3.10/dist-packages/rclpy/__init__.py", line 229, in spin
[robot_supervisor-19]     executor.spin_once()
[robot_supervisor-19]   File "/opt/ros/humble/local/lib/python3.10/dist-packages/rclpy/executors.py", line 773, in spin_once
[robot_supervisor-19]     self._spin_once_impl(timeout_sec)
[robot_supervisor-19]   File "/opt/ros/humble/local/lib/python3.10/dist-packages/rclpy/executors.py", line 762, in _spin_once_impl
[robot_supervisor-19]     handler, entity, node = self.wait_for_ready_callbacks(timeout_sec=timeout_sec)
[robot_supervisor-19]   File "/opt/ros/humble/local/lib/python3.10/dist-packages/rclpy/executors.py", line 745, in wait_for_ready_callbacks
[robot_supervisor-19]     return next(self._cb_iter)
[robot_supervisor-19]   File "/opt/ros/humble/local/lib/python3.10/dist-packages/rclpy/executors.py", line 642, in _wait_for_ready_callbacks
[robot_supervisor-19]     wait_set.wait(timeout_nsec)
[robot_supervisor-19] KeyboardInterrupt
[robot_state_publisher-17] [INFO] [1776477894.570063326] [rclcpp]: signal_handler(SIGINT/SIGTERM)
[robot_supervisor-16] Traceback (most recent call last):
[robot_supervisor-16]   File "/home/ecem/ros2_ws/install/swarm_basics/lib/swarm_basics/robot_supervisor", line 33, in <module>
[robot_supervisor-16]     sys.exit(load_entry_point('swarm-basics==0.0.0', 'console_scripts', 'robot_supervisor')())
[robot_supervisor-16]   File "/home/ecem/ros2_ws/install/swarm_basics/lib/python3.10/site-packages/swarm_basics/robot_supervisor.py", line 867, in main
[robot_supervisor-16]     rclpy.spin(node)
[robot_supervisor-16]   File "/opt/ros/humble/local/lib/python3.10/dist-packages/rclpy/__init__.py", line 229, in spin
[robot_supervisor-16]     executor.spin_once()
[robot_supervisor-16]   File "/opt/ros/humble/local/lib/python3.10/dist-packages/rclpy/executors.py", line 773, in spin_once
[robot_supervisor-16]     self._spin_once_impl(timeout_sec)
[robot_supervisor-16]   File "/opt/ros/humble/local/lib/python3.10/dist-packages/rclpy/executors.py", line 762, in _spin_once_impl
[robot_supervisor-16]     handler, entity, node = self.wait_for_ready_callbacks(timeout_sec=timeout_sec)
[robot_supervisor-16]   File "/opt/ros/humble/local/lib/python3.10/dist-packages/rclpy/executors.py", line 745, in wait_for_ready_callbacks
[robot_supervisor-16]     return next(self._cb_iter)
[robot_supervisor-16]   File "/opt/ros/humble/local/lib/python3.10/dist-packages/rclpy/executors.py", line 642, in _wait_for_ready_callbacks
[robot_supervisor-16]     wait_set.wait(timeout_nsec)
[robot_supervisor-16] KeyboardInterrupt
[robot_state_publisher-14] [INFO] [1776477894.575310548] [rclcpp]: signal_handler(SIGINT/SIGTERM)
[robot_supervisor-13] Traceback (most recent call last):
[robot_supervisor-13]   File "/home/ecem/ros2_ws/install/swarm_basics/lib/swarm_basics/robot_supervisor", line 33, in <module>
[robot_supervisor-13]     sys.exit(load_entry_point('swarm-basics==0.0.0', 'console_scripts', 'robot_supervisor')())
[robot_supervisor-13]   File "/home/ecem/ros2_ws/install/swarm_basics/lib/python3.10/site-packages/swarm_basics/robot_supervisor.py", line 867, in main
[robot_supervisor-13]     rclpy.spin(node)
[robot_supervisor-13]   File "/opt/ros/humble/local/lib/python3.10/dist-packages/rclpy/__init__.py", line 229, in spin
[robot_supervisor-13]     executor.spin_once()
[robot_supervisor-13]   File "/opt/ros/humble/local/lib/python3.10/dist-packages/rclpy/executors.py", line 773, in spin_once
[robot_supervisor-13]     self._spin_once_impl(timeout_sec)
[robot_supervisor-13]   File "/opt/ros/humble/local/lib/python3.10/dist-packages/rclpy/executors.py", line 762, in _spin_once_impl
[robot_supervisor-13]     handler, entity, node = self.wait_for_ready_callbacks(timeout_sec=timeout_sec)
[robot_supervisor-13]   File "/opt/ros/humble/local/lib/python3.10/dist-packages/rclpy/executors.py", line 745, in wait_for_ready_callbacks
[robot_supervisor-13]     return next(self._cb_iter)
[robot_supervisor-13]   File "/opt/ros/humble/local/lib/python3.10/dist-packages/rclpy/executors.py", line 642, in _wait_for_ready_callbacks
[robot_supervisor-13]     wait_set.wait(timeout_nsec)
[robot_supervisor-13] KeyboardInterrupt
[robot_state_publisher-11] [INFO] [1776477894.579849190] [rclcpp]: signal_handler(SIGINT/SIGTERM)
[robot_supervisor-10] Traceback (most recent call last):
[robot_supervisor-10]   File "/home/ecem/ros2_ws/install/swarm_basics/lib/swarm_basics/robot_supervisor", line 33, in <module>
[robot_supervisor-10]     sys.exit(load_entry_point('swarm-basics==0.0.0', 'console_scripts', 'robot_supervisor')())
[robot_supervisor-10]   File "/home/ecem/ros2_ws/install/swarm_basics/lib/python3.10/site-packages/swarm_basics/robot_supervisor.py", line 867, in main
[robot_supervisor-10]     rclpy.spin(node)
[robot_supervisor-10]   File "/opt/ros/humble/local/lib/python3.10/dist-packages/rclpy/__init__.py", line 229, in spin
[robot_supervisor-10]     executor.spin_once()
[robot_supervisor-10]   File "/opt/ros/humble/local/lib/python3.10/dist-packages/rclpy/executors.py", line 773, in spin_once
[robot_supervisor-10]     self._spin_once_impl(timeout_sec)
[robot_supervisor-10]   File "/opt/ros/humble/local/lib/python3.10/dist-packages/rclpy/executors.py", line 762, in _spin_once_impl
[robot_supervisor-10]     handler, entity, node = self.wait_for_ready_callbacks(timeout_sec=timeout_sec)
[robot_supervisor-10]   File "/opt/ros/humble/local/lib/python3.10/dist-packages/rclpy/executors.py", line 745, in wait_for_ready_callbacks
[robot_supervisor-10]     return next(self._cb_iter)
[robot_supervisor-10]   File "/opt/ros/humble/local/lib/python3.10/dist-packages/rclpy/executors.py", line 642, in _wait_for_ready_callbacks
[robot_supervisor-10]     wait_set.wait(timeout_nsec)
[robot_supervisor-10] KeyboardInterrupt
[robot_state_publisher-8] [INFO] [1776477894.586517487] [rclcpp]: signal_handler(SIGINT/SIGTERM)
[robot_supervisor-7] Traceback (most recent call last):
[robot_supervisor-7]   File "/home/ecem/ros2_ws/install/swarm_basics/lib/swarm_basics/robot_supervisor", line 33, in <module>
[robot_supervisor-7]     sys.exit(load_entry_point('swarm-basics==0.0.0', 'console_scripts', 'robot_supervisor')())
[robot_supervisor-7]   File "/home/ecem/ros2_ws/install/swarm_basics/lib/python3.10/site-packages/swarm_basics/robot_supervisor.py", line 867, in main
[robot_supervisor-7]     rclpy.spin(node)
[robot_supervisor-7]   File "/opt/ros/humble/local/lib/python3.10/dist-packages/rclpy/__init__.py", line 229, in spin
[robot_supervisor-7]     executor.spin_once()
[robot_supervisor-7]   File "/opt/ros/humble/local/lib/python3.10/dist-packages/rclpy/executors.py", line 773, in spin_once
[robot_supervisor-7]     self._spin_once_impl(timeout_sec)
[robot_supervisor-7]   File "/opt/ros/humble/local/lib/python3.10/dist-packages/rclpy/executors.py", line 762, in _spin_once_impl
[robot_supervisor-7]     handler, entity, node = self.wait_for_ready_callbacks(timeout_sec=timeout_sec)
[robot_supervisor-7]   File "/opt/ros/humble/local/lib/python3.10/dist-packages/rclpy/executors.py", line 745, in wait_for_ready_callbacks
[robot_supervisor-7]     return next(self._cb_iter)
[robot_supervisor-7]   File "/opt/ros/humble/local/lib/python3.10/dist-packages/rclpy/executors.py", line 642, in _wait_for_ready_callbacks
[robot_supervisor-7]     wait_set.wait(timeout_nsec)
[robot_supervisor-7] KeyboardInterrupt
[robot_state_publisher-5] [INFO] [1776477894.594225411] [rclcpp]: signal_handler(SIGINT/SIGTERM)
[ERROR] [launch]: Caught exception in launch (see debug for traceback): ExecuteLocal action 'bash-27': executed more than once: <launch.actions.execute_process.ExecuteProcess object at 0x709a5b590850>
[INFO] [image_processor-25]: process has finished cleanly [pid 506166]
[INFO] [image_processor-23]: process has finished cleanly [pid 506162]
[INFO] [image_processor-24]: process has finished cleanly [pid 506164]
[INFO] [image_processor-22]: process has finished cleanly [pid 506160]
[INFO] [image_processor-21]: process has finished cleanly [pid 506158]
[INFO] [robot_state_publisher-17]: process has finished cleanly [pid 505797]
[INFO] [robot_state_publisher-14]: process has finished cleanly [pid 505791]
[INFO] [robot_state_publisher-11]: process has finished cleanly [pid 505784]
[INFO] [robot_state_publisher-8]: process has finished cleanly [pid 505778]
[INFO] [robot_state_publisher-5]: process has finished cleanly [pid 505770]
[coverage_counter-2] Traceback (most recent call last):
[coverage_counter-2]   File "/home/ecem/ros2_ws/install/swarm_basics/lib/python3.10/site-packages/swarm_basics/coverage_counter.py", line 418, in main
[coverage_counter-2]     rclpy.spin(node)
[coverage_counter-2]   File "/opt/ros/humble/local/lib/python3.10/dist-packages/rclpy/__init__.py", line 229, in spin
[coverage_counter-2]     executor.spin_once()
[coverage_counter-2]   File "/opt/ros/humble/local/lib/python3.10/dist-packages/rclpy/executors.py", line 773, in spin_once
[coverage_counter-2]     self._spin_once_impl(timeout_sec)
[coverage_counter-2]   File "/opt/ros/humble/local/lib/python3.10/dist-packages/rclpy/executors.py", line 768, in _spin_once_impl
[coverage_counter-2]     handler()
[coverage_counter-2]   File "/opt/ros/humble/local/lib/python3.10/dist-packages/rclpy/task.py", line 254, in __call__
[coverage_counter-2]     self._handler.send(None)
[coverage_counter-2]   File "/opt/ros/humble/local/lib/python3.10/dist-packages/rclpy/executors.py", line 463, in handler
[coverage_counter-2]     await call_coroutine(entity, arg)
[coverage_counter-2]   File "/opt/ros/humble/local/lib/python3.10/dist-packages/rclpy/executors.py", line 371, in _execute_timer
[coverage_counter-2]     await await_or_execute(tmr.callback)
[coverage_counter-2]   File "/opt/ros/humble/local/lib/python3.10/dist-packages/rclpy/executors.py", line 107, in await_or_execute
[coverage_counter-2]     return callback(*args)
[coverage_counter-2]   File "/home/ecem/ros2_ws/install/swarm_basics/lib/python3.10/site-packages/swarm_basics/coverage_counter.py", line 152, in _on_timeout_timer
[coverage_counter-2]     self.shutdown_and_save()
[coverage_counter-2]   File "/home/ecem/ros2_ws/install/swarm_basics/lib/python3.10/site-packages/swarm_basics/coverage_counter.py", line 174, in shutdown_and_save
[coverage_counter-2]     rclpy.shutdown()
[coverage_counter-2]   File "/opt/ros/humble/local/lib/python3.10/dist-packages/rclpy/__init__.py", line 130, in shutdown
[coverage_counter-2]     _shutdown(context=context)
[coverage_counter-2]   File "/opt/ros/humble/local/lib/python3.10/dist-packages/rclpy/utilities.py", line 58, in shutdown
[coverage_counter-2]     return context.shutdown()
[coverage_counter-2]   File "/opt/ros/humble/local/lib/python3.10/dist-packages/rclpy/context.py", line 103, in shutdown
[coverage_counter-2]     self._call_on_shutdown_callbacks()
[coverage_counter-2]   File "/opt/ros/humble/local/lib/python3.10/dist-packages/rclpy/context.py", line 92, in _call_on_shutdown_callbacks
[coverage_counter-2]     callback = weak_method()
[coverage_counter-2]   File "/opt/ros/humble/local/lib/python3.10/dist-packages/rclpy/__init__.py", line 111, in reset_executor
[coverage_counter-2]     __executor.shutdown()
[coverage_counter-2]   File "/opt/ros/humble/local/lib/python3.10/dist-packages/rclpy/executors.py", line 227, in shutdown
[coverage_counter-2]     if not self._work_tracker.wait(timeout_sec):
[coverage_counter-2]   File "/opt/ros/humble/local/lib/python3.10/dist-packages/rclpy/executors.py", line 94, in wait
[coverage_counter-2]     if not self._work_condition.wait_for(
[coverage_counter-2]   File "/usr/lib/python3.10/threading.py", line 355, in wait_for
[coverage_counter-2]     self.wait(waittime)
[coverage_counter-2]   File "/usr/lib/python3.10/threading.py", line 320, in wait
[coverage_counter-2]     waiter.acquire()
[coverage_counter-2] KeyboardInterrupt
[coverage_counter-2] 
[coverage_counter-2] During handling of the above exception, another exception occurred:
[coverage_counter-2] 
[coverage_counter-2] Traceback (most recent call last):
[coverage_counter-2]   File "/home/ecem/ros2_ws/install/swarm_basics/lib/swarm_basics/coverage_counter", line 33, in <module>
[coverage_counter-2]     sys.exit(load_entry_point('swarm-basics==0.0.0', 'console_scripts', 'coverage_counter')())
[coverage_counter-2]   File "/home/ecem/ros2_ws/install/swarm_basics/lib/python3.10/site-packages/swarm_basics/coverage_counter.py", line 421, in main
[coverage_counter-2]     node.shutdown_and_save()
[coverage_counter-2]   File "/home/ecem/ros2_ws/install/swarm_basics/lib/python3.10/site-packages/swarm_basics/coverage_counter.py", line 174, in shutdown_and_save
[coverage_counter-2]     rclpy.shutdown()
[coverage_counter-2]   File "/opt/ros/humble/local/lib/python3.10/dist-packages/rclpy/__init__.py", line 130, in shutdown
[coverage_counter-2]     _shutdown(context=context)
[coverage_counter-2]   File "/opt/ros/humble/local/lib/python3.10/dist-packages/rclpy/utilities.py", line 58, in shutdown
[coverage_counter-2]     return context.shutdown()
[coverage_counter-2]   File "/opt/ros/humble/local/lib/python3.10/dist-packages/rclpy/context.py", line 100, in shutdown
[coverage_counter-2]     raise RuntimeError('Context must be initialized before it can be shutdown')
[coverage_counter-2] RuntimeError: Context must be initialized before it can be shutdown
[bump_counter-3] Traceback (most recent call last):
[bump_counter-3]   File "/home/ecem/ros2_ws/install/swarm_basics/lib/swarm_basics/bump_counter", line 33, in <module>
[bump_counter-3]     sys.exit(load_entry_point('swarm-basics==0.0.0', 'console_scripts', 'bump_counter')())
[bump_counter-3]   File "/home/ecem/ros2_ws/install/swarm_basics/lib/python3.10/site-packages/swarm_basics/bump_counter.py", line 384, in main
[bump_counter-3]     rclpy.shutdown()
[bump_counter-3]   File "/opt/ros/humble/local/lib/python3.10/dist-packages/rclpy/__init__.py", line 130, in shutdown
[bump_counter-3]     _shutdown(context=context)
[bump_counter-3]   File "/opt/ros/humble/local/lib/python3.10/dist-packages/rclpy/utilities.py", line 58, in shutdown
[bump_counter-3]     return context.shutdown()
[bump_counter-3]   File "/opt/ros/humble/local/lib/python3.10/dist-packages/rclpy/context.py", line 102, in shutdown
[bump_counter-3]     self.__context.shutdown()
[bump_counter-3] rclpy._rclpy_pybind11.RCLError: failed to shutdown: rcl_shutdown already called on the given context, at ./src/rcl/init.c:241
[ERROR] [coverage_counter-2]: process has died [pid 505763, exit code 1, cmd '/home/ecem/ros2_ws/install/swarm_basics/lib/swarm_basics/coverage_counter --ros-args -r __node:=coverage_counter --params-file /tmp/launch_params_5w91x1we --params-file /tmp/launch_params_397ux695 --params-file /tmp/launch_params_ljju99_o --params-file /tmp/launch_params_lyu1p38u --params-file /tmp/launch_params_382qioi8 --params-file /tmp/launch_params_m15urwcj'].
[ERROR] [bump_counter-3]: process has died [pid 505766, exit code 1, cmd '/home/ecem/ros2_ws/install/swarm_basics/lib/swarm_basics/bump_counter --ros-args -r __node:=bump_counter --params-file /tmp/launch_params_i5hbgbp3 --params-file /tmp/launch_params_aj7u5udc --params-file /tmp/launch_params_lwf4vk_o'].
[ERROR] [robot_supervisor-19]: process has died [pid 505836, exit code -2, cmd '/home/ecem/ros2_ws/install/swarm_basics/lib/swarm_basics/robot_supervisor --ros-args -r __node:=robot_supervisor -r __ns:=/robot_4 --params-file /tmp/launch_params_hsmwmc1k --params-file /tmp/launch_params_unb8ab2e --params-file /tmp/launch_params_zy9vvjk1 --params-file /tmp/launch_params_zmz19m1a'].
[ERROR] [robot_supervisor-16]: process has died [pid 505795, exit code -2, cmd '/home/ecem/ros2_ws/install/swarm_basics/lib/swarm_basics/robot_supervisor --ros-args -r __node:=robot_supervisor -r __ns:=/robot_3 --params-file /tmp/launch_params_amxii6jo --params-file /tmp/launch_params_rtoletf1 --params-file /tmp/launch_params_w5jz9114 --params-file /tmp/launch_params_2cvaazu_'].
[ERROR] [robot_supervisor-13]: process has died [pid 505788, exit code -2, cmd '/home/ecem/ros2_ws/install/swarm_basics/lib/swarm_basics/robot_supervisor --ros-args -r __node:=robot_supervisor -r __ns:=/robot_2 --params-file /tmp/launch_params_49rswbcm --params-file /tmp/launch_params_64qkg6ob --params-file /tmp/launch_params_7y3o2a4i --params-file /tmp/launch_params_sn7akhkh'].
[ERROR] [robot_supervisor-10]: process has died [pid 505782, exit code -2, cmd '/home/ecem/ros2_ws/install/swarm_basics/lib/swarm_basics/robot_supervisor --ros-args -r __node:=robot_supervisor -r __ns:=/robot_1 --params-file /tmp/launch_params_18e23dbq --params-file /tmp/launch_params_npaif1dw --params-file /tmp/launch_params_6b_7yo92 --params-file /tmp/launch_params_cayz2sbv'].
[ERROR] [robot_supervisor-7]: process has died [pid 505775, exit code -2, cmd '/home/ecem/ros2_ws/install/swarm_basics/lib/swarm_basics/robot_supervisor --ros-args -r __node:=robot_supervisor -r __ns:=/robot_0 --params-file /tmp/launch_params_rtf7_81n --params-file /tmp/launch_params_m7q28mof --params-file /tmp/launch_params_840t69eb --params-file /tmp/launch_params_t502o6el'].
